2026-02-15 07:50:00 [INFO] 🚀 START: Smart VLESS Selector (Target: 10, Strict Mode)
2026-02-15 07:50:00 [INFO] 🌐 Загрузка источников...
2026-02-15 07:50:02 [INFO] 🔍 Уникальных конфигов собрано: 383
2026-02-15 07:50:02 [INFO] ⚡ ЭТАП 1: Быстрый замер Пинга (Workers: 25)...
2026-02-15 07:50:04 [INFO]    [PING OK] DE | 366ms
2026-02-15 07:50:04 [INFO]    [PING OK] DE | 244ms
2026-02-15 07:50:04 [INFO]    [PING OK] FI | 569ms
2026-02-15 07:50:05 [INFO]    [PING OK] NL | 217ms
2026-02-15 07:50:05 [INFO]    [PING OK] DE | 154ms
2026-02-15 07:50:05 [INFO]    [PING OK] DE | 1501ms
2026-02-15 07:50:05 [INFO]    [PING OK] DE | 199ms
2026-02-15 07:50:06 [INFO]    [PING OK] ES | 946ms
2026-02-15 07:50:06 [INFO]    [PING OK] LT | 110ms
2026-02-15 07:50:06 [INFO]    [PING OK] EE | 151ms
2026-02-15 07:50:06 [INFO]    [PING OK] DE | 144ms
2026-02-15 07:50:07 [INFO]    [PING OK] KZ | 1018ms
2026-02-15 07:50:08 [INFO]    [PING OK] NL | 396ms
2026-02-15 07:50:09 [INFO]    [PING OK] US | 983ms
2026-02-15 07:50:10 [INFO]    [PING OK] CH | 164ms
2026-02-15 07:50:11 [INFO]    [PING OK] DE | 490ms
2026-02-15 07:50:11 [INFO]    [PING OK] PL | 92ms
2026-02-15 07:50:12 [INFO]    [PING OK] NL | 2542ms
2026-02-15 07:50:13 [INFO]    [PING OK] US | 460ms
2026-02-15 07:50:13 [INFO]    [PING OK] NL | 218ms
2026-02-15 07:50:13 [INFO]    [PING OK] DE | 239ms
2026-02-15 07:50:14 [INFO]    [PING OK] DE | 210ms
2026-02-15 07:50:14 [INFO]    [PING OK] NL | 303ms
2026-02-15 07:50:16 [INFO]    [PING OK] RU | 149ms
2026-02-15 07:50:16 [INFO]    [PING OK] RU | 226ms
2026-02-15 07:50:16 [INFO]    [PING OK] RU | 125ms
2026-02-15 07:50:16 [INFO]    [PING OK] RU | 222ms
2026-02-15 07:50:16 [INFO]    [PING OK] HU | 874ms
2026-02-15 07:50:17 [INFO]    [PING OK] NL | 261ms
2026-02-15 07:50:17 [INFO]    [PING OK] RU | 271ms
2026-02-15 07:50:18 [INFO]    [PING OK] HU | 309ms
2026-02-15 07:50:18 [INFO]    [PING OK] RU | 319ms
2026-02-15 07:50:18 [INFO]    [PING OK] RU | 116ms
2026-02-15 07:50:18 [INFO]    [PING OK] RU | 211ms
2026-02-15 07:50:18 [INFO]    [PING OK] RU | 3339ms
2026-02-15 07:50:19 [INFO]    [PING OK] RU | 1330ms
2026-02-15 07:50:19 [INFO]    [PING OK] RU | 1561ms
2026-02-15 07:50:19 [INFO]    [PING OK] RU | 314ms
2026-02-15 07:50:19 [INFO]    [PING OK] RU | 287ms
2026-02-15 07:50:20 [INFO]    [PING OK] RU | 400ms
2026-02-15 07:50:20 [INFO]    [PING OK] RU | 845ms
2026-02-15 07:50:21 [INFO]    [PING OK] RU | 1703ms
2026-02-15 07:50:21 [INFO]    [PING OK] RU | 295ms
2026-02-15 07:50:21 [INFO]    [PING OK] FI | 3427ms
2026-02-15 07:50:21 [INFO]    [PING OK] RU | 102ms
2026-02-15 07:50:22 [INFO]    [PING OK] RU | 266ms
2026-02-15 07:50:22 [INFO]    [PING OK] FI | 198ms
2026-02-15 07:50:22 [INFO]    [PING OK] RU | 316ms
2026-02-15 07:50:22 [INFO]    [PING OK] RU | 177ms
2026-02-15 07:50:22 [INFO]    [PING OK] RU | 96ms
2026-02-15 07:50:22 [INFO]    [PING OK] RU | 64ms
2026-02-15 07:50:22 [INFO]    [PING OK] RU | 223ms
2026-02-15 07:50:22 [INFO]    [PING OK] RU | 219ms
2026-02-15 07:50:22 [INFO]    [PING OK] RU | 200ms
2026-02-15 07:50:23 [INFO]    [PING OK] RU | 398ms
2026-02-15 07:50:23 [INFO]    [PING OK] RU | 195ms
2026-02-15 07:50:23 [INFO]    [PING OK] RU | 306ms
2026-02-15 07:50:23 [INFO]    [PING OK] GB | 4817ms
2026-02-15 07:50:23 [INFO]    [PING OK] PL | 192ms
2026-02-15 07:50:23 [INFO]    [PING OK] RU | 268ms
2026-02-15 07:50:24 [INFO]    [PING OK] RU | 2093ms
2026-02-15 07:50:24 [INFO]    [PING OK] RU | 1158ms
2026-02-15 07:50:24 [INFO]    [PING OK] RU | 340ms
2026-02-15 07:50:24 [INFO]    [PING OK] RU | 2378ms
2026-02-15 07:50:24 [INFO]    [PING OK] RU | 139ms
2026-02-15 07:50:24 [INFO]    [PING OK] PL | 207ms
2026-02-15 07:50:25 [INFO]    [PING OK] RU | 265ms
2026-02-15 07:50:25 [INFO]    [PING OK] RU | 1953ms
2026-02-15 07:50:25 [INFO]    [PING OK] RU | 330ms
2026-02-15 07:50:25 [INFO]    [PING OK] RU | 967ms
2026-02-15 07:50:25 [INFO]    [PING OK] RU | 213ms
2026-02-15 07:50:25 [INFO]    [PING OK] RU | 294ms
2026-02-15 07:50:25 [INFO]    [PING OK] RU | 604ms
2026-02-15 07:50:25 [INFO]    [PING OK] RU | 249ms
2026-02-15 07:50:25 [INFO]    [PING OK] RU | 592ms
2026-02-15 07:50:26 [INFO]    [PING OK] RU | 1438ms
2026-02-15 07:50:26 [INFO]    [PING OK] RU | 224ms
2026-02-15 07:50:26 [INFO]    [PING OK] RU | 221ms
2026-02-15 07:50:26 [INFO]    [PING OK] RU | 1389ms
2026-02-15 07:50:26 [INFO]    [PING OK] RU | 252ms
2026-02-15 07:50:26 [INFO]    [PING OK] RU | 313ms
2026-02-15 07:50:27 [INFO]    [PING OK] RU | 1110ms
2026-02-15 07:50:27 [INFO]    [PING OK] RU | 270ms
2026-02-15 07:50:27 [INFO]    [PING OK] RU | 454ms
2026-02-15 07:50:27 [INFO]    [PING OK] RU | 266ms
2026-02-15 07:50:27 [INFO]    [PING OK] RU | 340ms
2026-02-15 07:50:27 [INFO]    [PING OK] RU | 312ms
2026-02-15 07:50:27 [INFO]    [PING OK] RU | 598ms
2026-02-15 07:50:27 [INFO]    [PING OK] MD | 146ms
2026-02-15 07:50:27 [INFO]    [PING OK] DE | 158ms
2026-02-15 07:50:27 [INFO]    [PING OK] RU | 1276ms
2026-02-15 07:50:28 [INFO]    [PING OK] NL | 178ms
2026-02-15 07:50:28 [INFO]    [PING OK] RU | 3460ms
2026-02-15 07:50:28 [INFO]    [PING OK] RU | 2416ms
2026-02-15 07:50:28 [INFO]    [PING OK] RU | 1596ms
2026-02-15 07:50:28 [INFO]    [PING OK] DE | 1027ms
2026-02-15 07:50:29 [INFO]    [PING OK] HU | 2452ms
2026-02-15 07:50:30 [INFO]    [PING OK] SG | 566ms
2026-02-15 07:50:31 [INFO]    [PING OK] CY | 772ms
2026-02-15 07:50:31 [INFO]    [PING OK] RU | 3376ms
2026-02-15 07:50:31 [INFO]    [PING OK] IQ | 253ms
2026-02-15 07:50:31 [INFO]    [PING OK] LV | 372ms
2026-02-15 07:50:31 [INFO]    [PING OK] RU | 516ms
2026-02-15 07:50:31 [INFO]    [PING OK] DE | 1228ms
2026-02-15 07:50:31 [INFO]    [PING OK] NL | 293ms
2026-02-15 07:50:32 [INFO]    [PING OK] NL | 151ms
2026-02-15 07:50:32 [INFO]    [PING OK] FI | 173ms
2026-02-15 07:50:34 [INFO]    [PING OK] KR | 4280ms
2026-02-15 07:50:34 [INFO]    [PING OK] TR | 475ms
2026-02-15 07:50:34 [INFO]    [PING OK] JP | 409ms
2026-02-15 07:50:35 [INFO]    [PING OK] SC | 1206ms
2026-02-15 07:50:38 [INFO] 🏎️ ЭТАП 2: Глубокий замер скорости для ТОП-10 серверов...
2026-02-15 07:50:43 [INFO]    🏆 PL | Пинг: 92ms | Скорость: 8.5 Mbps ⚡⚡
2026-02-15 07:50:43 [INFO]    🏆 LT | Пинг: 110ms | Скорость: 8.75 Mbps ⚡⚡
2026-02-15 07:50:43 [INFO]    🏆 DE | Пинг: 144ms | Скорость: 8.93 Mbps ⚡⚡
2026-02-15 07:50:43 [INFO]    🏆 MD | Пинг: 146ms | Скорость: 8.81 Mbps ⚡⚡
2026-02-15 07:50:43 [INFO]    🏆 EE | Пинг: 151ms | Скорость: 8.69 Mbps ⚡⚡
2026-02-15 07:50:43 [INFO]    🏆 NL | Пинг: 151ms | Скорость: 6.08 Mbps ⚡⚡
2026-02-15 07:50:43 [INFO]    🏆 DE | Пинг: 154ms | Скорость: 8.96 Mbps ⚡⚡
2026-02-15 07:50:43 [INFO]    🏆 DE | Пинг: 158ms | Скорость: 4.7 Mbps ⚡⚡
2026-02-15 07:50:43 [INFO]    🏆 CH | Пинг: 164ms | Скорость: 9.04 Mbps ⚡⚡
2026-02-15 07:50:43 [INFO]    🏆 RU | Пинг: 64ms | Скорость: 8.78 Mbps ⚡⚡
2026-02-15 07:50:43 [INFO] 🇷🇺 Добавлен RU сервер: 51.250.42.70
2026-02-15 07:50:43 [INFO] 📊 Итого в подписке сохранено: 10 серверов
2026-02-15 07:50:43 [INFO] 💾 Файл успешно сохранен: FL1PVPN
