2026-02-22 22:40:06 [INFO] 🚀 START: Smart Selector (Target: 10, ONLY FOREIGN)
2026-02-22 22:40:06 [INFO] 🌐 Загрузка источников (VLESS + VMess)...
2026-02-22 22:40:09 [INFO] 🔍 Уникальных конфигов собрано: 234
2026-02-22 22:40:09 [INFO] ⚡ ЭТАП 1: Замер Пинга и Геолокации. Workers: 40...
2026-02-22 22:40:15 [INFO]    [PING OK] PL | VLESS | 4673ms
2026-02-22 22:40:15 [INFO]    [PING OK] PL | VLESS | 4370ms
2026-02-22 22:40:15 [INFO]    [PING OK] TR | VLESS | 3868ms
2026-02-22 22:40:16 [INFO]    [PING OK] DE | VLESS | 5539ms
2026-02-22 22:40:17 [INFO]    [PING OK] CZ | VLESS | 5799ms
2026-02-22 22:40:18 [INFO]    [PING OK] NL | VLESS | 7079ms
2026-02-22 22:40:19 [INFO]    [PING OK] DE | VLESS | 5918ms
2026-02-22 22:40:19 [INFO]    [PING OK] US | VLESS | 4303ms
2026-02-22 22:40:20 [INFO]    [PING OK] ES | VLESS | 3867ms
2026-02-22 22:40:20 [INFO]    [PING OK] DE | VLESS | 3958ms
2026-02-22 22:40:20 [INFO]    [PING OK] PL | VLESS | 4118ms
2026-02-22 22:40:20 [INFO]    [PING OK] PL | VLESS | 4318ms
2026-02-22 22:40:20 [INFO]    [PING OK] HU | VLESS | 4356ms
2026-02-22 22:40:20 [INFO]    [PING OK] ES | VLESS | 4629ms
2026-02-22 22:40:20 [INFO]    [PING OK] HU | VLESS | 4100ms
2026-02-22 22:40:20 [INFO]    [PING OK] ES | VLESS | 4098ms
2026-02-22 22:40:20 [INFO]    [PING OK] ES | VLESS | 4260ms
2026-02-22 22:40:21 [INFO]    [PING OK] CA | VLESS | 4437ms
2026-02-22 22:40:21 [INFO]    [PING OK] TR | VLESS | 4794ms
2026-02-22 22:40:21 [INFO]    [PING OK] TR | VLESS | 4658ms
2026-02-22 22:40:21 [INFO]    [PING OK] HU | VLESS | 4730ms
2026-02-22 22:40:21 [INFO]    [PING OK] ES | VLESS | 4786ms
2026-02-22 22:40:21 [INFO]    [PING OK] PL | VLESS | 4574ms
2026-02-22 22:40:21 [INFO]    [PING OK] HU | VLESS | 4607ms
2026-02-22 22:40:21 [INFO]    [PING OK] DE | VLESS | 4593ms
2026-02-22 22:40:21 [INFO]    [PING OK] ES | VLESS | 4542ms
2026-02-22 22:40:23 [INFO]    [PING OK] TR | VLESS | 4481ms
2026-02-22 22:40:24 [INFO]    [PING OK] ES | VLESS | 4144ms
2026-02-22 22:40:24 [INFO]    [PING OK] PL | VLESS | 4526ms
2026-02-22 22:40:24 [INFO]    [PING OK] HU | VLESS | 4458ms
2026-02-22 22:40:25 [INFO]    [PING OK] ES | VLESS | 4442ms
2026-02-22 22:40:25 [INFO]    [PING OK] PL | VLESS | 4237ms
2026-02-22 22:40:26 [INFO]    [PING OK] CA | VLESS | 5166ms
2026-02-22 22:40:26 [INFO]    [PING OK] CA | VLESS | 4939ms
2026-02-22 22:40:27 [INFO]    [PING OK] CA | VLESS | 4720ms
2026-02-22 22:40:27 [INFO]    [PING OK] CA | VLESS | 4854ms
2026-02-22 22:40:27 [INFO]    [PING OK] CA | VLESS | 4765ms
2026-02-22 22:40:27 [INFO]    [PING OK] SE | VLESS | 4814ms
2026-02-22 22:40:29 [INFO]    [PING OK] CA | VLESS | 5198ms
2026-02-22 22:40:29 [INFO]    [PING OK] US | VLESS | 5095ms
2026-02-22 22:40:29 [INFO]    [PING OK] CA | VLESS | 5368ms
2026-02-22 22:40:30 [INFO]    [PING OK] CA | VLESS | 5697ms
2026-02-22 22:40:31 [INFO]    [PING OK] US | VLESS | 5489ms
2026-02-22 22:40:31 [INFO]    [PING OK] DE | VLESS | 6808ms
2026-02-22 22:40:32 [INFO]    [PING OK] CA | VLESS | 5938ms
2026-02-22 22:40:32 [INFO]    [PING OK] NL | VLESS | 5718ms
2026-02-22 22:40:32 [INFO]    [PING OK] CA | VLESS | 6069ms
2026-02-22 22:40:33 [INFO]    [PING OK] CA | VLESS | 6786ms
2026-02-22 22:40:34 [INFO]    [PING OK] CA | VLESS | 4752ms
2026-02-22 22:40:34 [INFO]    [PING OK] NL | VLESS | 2591ms
2026-02-22 22:40:34 [INFO]    [PING OK] DE | VLESS | 1609ms
2026-02-22 22:40:34 [INFO]    [PING OK] CA | VLESS | 4159ms
2026-02-22 22:40:34 [INFO]    [PING OK] CA | VLESS | 3938ms
2026-02-22 22:40:34 [INFO]    [PING OK] CA | VLESS | 3762ms
2026-02-22 22:40:34 [INFO]    [PING OK] CA | VLESS | 1898ms
2026-02-22 22:40:35 [INFO]    [PING OK] CA | VLESS | 3498ms
2026-02-22 22:40:35 [INFO]    [PING OK] CA | VLESS | 2738ms
2026-02-22 22:40:35 [INFO]    [PING OK] CA | VLESS | 2537ms
2026-02-22 22:40:39 [INFO] 🏎️ ЭТАП 2: Глубокий замер скорости для 40 иностранных кандидатов...
2026-02-22 22:40:43 [INFO]    🏆 NL | VLESS | Пинг: 2591ms | Скорость: 6.14 Mbps ⚡⚡
2026-02-22 22:40:43 [INFO]    🏆 DE | VLESS | Пинг: 1609ms | Скорость: 6.04 Mbps ⚡⚡
2026-02-22 22:40:43 [INFO]    🏆 PL | VLESS | Пинг: 4118ms | Скорость: 6.31 Mbps ⚡⚡
2026-02-22 22:40:43 [INFO]    🏆 HU | VLESS | Пинг: 4100ms | Скорость: 6.27 Mbps ⚡⚡
2026-02-22 22:40:43 [INFO]    🏆 ES | VLESS | Пинг: 4098ms | Скорость: 6.12 Mbps ⚡⚡
2026-02-22 22:40:43 [INFO]    🏆 ES | VLESS | Пинг: 4144ms | Скорость: 6.12 Mbps ⚡⚡
2026-02-22 22:40:43 [INFO]    🏆 TR | VLESS | Пинг: 3868ms | Скорость: 5.74 Mbps ⚡⚡
2026-02-22 22:40:43 [INFO]    🏆 ES | VLESS | Пинг: 3867ms | Скорость: 5.71 Mbps ⚡⚡
2026-02-22 22:40:46 [INFO]    🏆 CA | VLESS | Пинг: 2738ms | Скорость: 0.74 Mbps 
2026-02-22 22:40:46 [INFO]    🏆 HU | VLESS | Пинг: 4356ms | Скорость: 9.77 Mbps ⚡⚡
2026-02-22 22:40:46 [INFO]    🏆 ES | VLESS | Пинг: 4260ms | Скорость: 9.12 Mbps ⚡⚡
2026-02-22 22:40:46 [INFO]    🏆 PL | VLESS | Пинг: 4370ms | Скорость: 9.61 Mbps ⚡⚡
2026-02-22 22:40:46 [INFO]    🏆 HU | VLESS | Пинг: 4458ms | Скорость: 9.83 Mbps ⚡⚡
2026-02-22 22:40:46 [INFO]    🏆 DE | VLESS | Пинг: 3958ms | Скорость: 1.17 Mbps 
2026-02-22 22:40:46 [INFO]    🏆 ES | VLESS | Пинг: 4442ms | Скорость: 9.44 Mbps ⚡⚡
2026-02-22 22:40:46 [INFO]    🏆 PL | VLESS | Пинг: 4526ms | Скорость: 11.53 Mbps ⚡⚡
2026-02-22 22:40:46 [INFO]    🏆 TR | VLESS | Пинг: 4481ms | Скорость: 10.75 Mbps ⚡⚡
2026-02-22 22:40:47 [INFO]    🏆 US | VLESS | Пинг: 4303ms | Скорость: 6.12 Mbps ⚡⚡
2026-02-22 22:40:48 [INFO]    🏆 ES | VLESS | Пинг: 4542ms | Скорость: 13.37 Mbps ⚡⚡
2026-02-22 22:40:48 [INFO]    🏆 PL | VLESS | Пинг: 4574ms | Скорость: 11.93 Mbps ⚡⚡
2026-02-22 22:40:48 [INFO]    🏆 DE | VLESS | Пинг: 4593ms | Скорость: 12.07 Mbps ⚡⚡
2026-02-22 22:40:48 [INFO]    🏆 HU | VLESS | Пинг: 4607ms | Скорость: 10.43 Mbps ⚡⚡
2026-02-22 22:40:49 [INFO]    🏆 HU | VLESS | Пинг: 4730ms | Скорость: 9.51 Mbps ⚡⚡
2026-02-22 22:40:49 [INFO]    🏆 ES | VLESS | Пинг: 4786ms | Скорость: 11.67 Mbps ⚡⚡
2026-02-22 22:40:49 [INFO]    🏆 PL | VLESS | Пинг: 4237ms | Скорость: 2.51 Mbps ⚡
2026-02-22 22:40:49 [INFO]    🏆 PL | VLESS | Пинг: 4673ms | Скорость: 8.1 Mbps ⚡⚡
2026-02-22 22:40:49 [INFO]    🏆 ES | VLESS | Пинг: 4629ms | Скорость: 7.76 Mbps ⚡⚡
2026-02-22 22:40:50 [INFO]    🏆 TR | VLESS | Пинг: 4794ms | Скорость: 8.87 Mbps ⚡⚡
2026-02-22 22:40:50 [INFO]    🏆 TR | VLESS | Пинг: 4658ms | Скорость: 6.33 Mbps ⚡⚡
2026-02-22 22:40:53 [INFO]    🏆 CA | VLESS | Пинг: 4765ms | Скорость: 0.78 Mbps 
2026-02-22 22:40:53 [INFO] 📊 Итого в подписке сохранено иностранных серверов: 10
2026-02-22 22:40:53 [INFO] 💾 Файл успешно сохранен: FL1PVPN
