2026-02-18 20:10:06 [INFO] 🚀 START: Smart VLESS Selector (Target: 10, Strict Mode)
2026-02-18 20:10:06 [INFO] 🌐 Загрузка источников...
2026-02-18 20:10:09 [INFO] 🔍 Уникальных конфигов собрано: 699
2026-02-18 20:10:09 [INFO] ⚡ ЭТАП 1: Быстрый замер Пинга (Workers: 25)...
2026-02-18 20:10:11 [INFO]    [PING OK] TR | 275ms
2026-02-18 20:10:11 [INFO]    [PING OK] DE | 280ms
2026-02-18 20:10:11 [INFO]    [PING OK] DE | 201ms
2026-02-18 20:10:11 [INFO]    [PING OK] RU | 755ms
2026-02-18 20:10:11 [INFO]    [PING OK] RU | 155ms
2026-02-18 20:10:12 [INFO]    [PING OK] RU | 143ms
2026-02-18 20:10:13 [INFO]    [PING OK] DE | 147ms
2026-02-18 20:10:13 [INFO]    [PING OK] RU | 300ms
2026-02-18 20:10:13 [INFO]    [PING OK] IT | 671ms
2026-02-18 20:10:13 [INFO]    [PING OK] RU | 560ms
2026-02-18 20:10:14 [INFO]    [PING OK] RU | 3196ms
2026-02-18 20:10:14 [INFO]    [PING OK] TR | 114ms
2026-02-18 20:10:15 [INFO]    [PING OK] IT | 4959ms
2026-02-18 20:10:18 [INFO]    [PING OK] RU | 368ms
2026-02-18 20:10:18 [INFO]    [PING OK] TR | 277ms
2026-02-18 20:10:18 [INFO]    [PING OK] DE | 2584ms
2026-02-18 20:10:21 [INFO]    [PING OK] RU | 1450ms
2026-02-18 20:10:22 [INFO]    [PING OK] RU | 229ms
2026-02-18 20:10:22 [INFO]    [PING OK] IT | 561ms
2026-02-18 20:10:22 [INFO]    [PING OK] RU | 514ms
2026-02-18 20:10:22 [INFO]    [PING OK] RU | 330ms
2026-02-18 20:10:23 [INFO]    [PING OK] RU | 532ms
2026-02-18 20:10:23 [INFO]    [PING OK] RU | 677ms
2026-02-18 20:10:23 [INFO]    [PING OK] RU | 391ms
2026-02-18 20:10:23 [INFO]    [PING OK] RU | 302ms
2026-02-18 20:10:23 [INFO]    [PING OK] RU | 311ms
2026-02-18 20:10:24 [INFO]    [PING OK] RU | 231ms
2026-02-18 20:10:24 [INFO]    [PING OK] RU | 322ms
2026-02-18 20:10:24 [INFO]    [PING OK] RU | 318ms
2026-02-18 20:10:24 [INFO]    [PING OK] RU | 287ms
2026-02-18 20:10:24 [INFO]    [PING OK] RU | 281ms
2026-02-18 20:10:24 [INFO]    [PING OK] RU | 510ms
2026-02-18 20:10:24 [INFO]    [PING OK] RU | 818ms
2026-02-18 20:10:25 [INFO]    [PING OK] RU | 683ms
2026-02-18 20:10:25 [INFO]    [PING OK] RU | 303ms
2026-02-18 20:10:25 [INFO]    [PING OK] RU | 368ms
2026-02-18 20:10:25 [INFO]    [PING OK] RU | 706ms
2026-02-18 20:10:25 [INFO]    [PING OK] RU | 212ms
2026-02-18 20:10:25 [INFO]    [PING OK] RU | 539ms
2026-02-18 20:10:25 [INFO]    [PING OK] RU | 351ms
2026-02-18 20:10:25 [INFO]    [PING OK] RU | 740ms
2026-02-18 20:10:25 [INFO]    [PING OK] RU | 378ms
2026-02-18 20:10:26 [INFO]    [PING OK] RU | 350ms
2026-02-18 20:10:26 [INFO]    [PING OK] RU | 2867ms
2026-02-18 20:10:26 [INFO]    [PING OK] RU | 280ms
2026-02-18 20:10:26 [INFO]    [PING OK] RU | 347ms
2026-02-18 20:10:26 [INFO]    [PING OK] RU | 338ms
2026-02-18 20:10:26 [INFO]    [PING OK] RU | 866ms
2026-02-18 20:10:26 [INFO]    [PING OK] RU | 392ms
2026-02-18 20:10:26 [INFO]    [PING OK] RU | 329ms
2026-02-18 20:10:26 [INFO]    [PING OK] RU | 766ms
2026-02-18 20:10:26 [INFO]    [PING OK] RU | 476ms
2026-02-18 20:10:27 [INFO]    [PING OK] RU | 415ms
2026-02-18 20:10:27 [INFO]    [PING OK] RU | 588ms
2026-02-18 20:10:27 [INFO]    [PING OK] RU | 1283ms
2026-02-18 20:10:27 [INFO]    [PING OK] RU | 2525ms
2026-02-18 20:10:27 [INFO]    [PING OK] RU | 1712ms
2026-02-18 20:10:28 [INFO]    [PING OK] RU | 689ms
2026-02-18 20:10:28 [INFO]    [PING OK] RU | 830ms
2026-02-18 20:10:28 [INFO]    [PING OK] RU | 599ms
2026-02-18 20:10:28 [INFO]    [PING OK] RU | 1665ms
2026-02-18 20:10:28 [INFO]    [PING OK] RU | 1208ms
2026-02-18 20:10:28 [INFO]    [PING OK] RU | 807ms
2026-02-18 20:10:28 [INFO]    [PING OK] RU | 530ms
2026-02-18 20:10:28 [INFO]    [PING OK] RU | 3497ms
2026-02-18 20:10:28 [INFO]    [PING OK] RU | 145ms
2026-02-18 20:10:28 [INFO]    [PING OK] RU | 161ms
2026-02-18 20:10:29 [INFO]    [PING OK] RU | 742ms
2026-02-18 20:10:29 [INFO]    [PING OK] AU | 132ms
2026-02-18 20:10:29 [INFO]    [PING OK] RU | 2630ms
2026-02-18 20:10:29 [INFO]    [PING OK] US | 3261ms
2026-02-18 20:10:30 [INFO]    [PING OK] DE | 193ms
2026-02-18 20:10:30 [INFO]    [PING OK] MD | 183ms
2026-02-18 20:10:31 [INFO]    [PING OK] MD | 197ms
2026-02-18 20:10:32 [INFO]    [PING OK] RU | 3772ms
2026-02-18 20:10:32 [INFO]    [PING OK] PL | 112ms
2026-02-18 20:10:33 [INFO]    [PING OK] DE | 215ms
2026-02-18 20:10:33 [INFO]    [PING OK] LV | 371ms
2026-02-18 20:10:35 [INFO]    [PING OK] IQ | 245ms
2026-02-18 20:10:36 [INFO]    [PING OK] SE | 149ms
2026-02-18 20:10:37 [INFO]    [PING OK] UZ | 416ms
2026-02-18 20:10:37 [INFO]    [PING OK] HU | 349ms
2026-02-18 20:10:37 [INFO]    [PING OK] IT | 587ms
2026-02-18 20:10:40 [INFO]    [PING OK] AT | 219ms
2026-02-18 20:10:42 [INFO]    [PING OK] CY | 412ms
2026-02-18 20:10:42 [INFO]    [PING OK] MD | 154ms
2026-02-18 20:10:42 [INFO]    [PING OK] NL | 3625ms
2026-02-18 20:10:44 [INFO]    [PING OK] FR | 814ms
2026-02-18 20:10:44 [INFO]    [PING OK] ES | 207ms
2026-02-18 20:10:44 [INFO]    [PING OK] US | 625ms
2026-02-18 20:10:45 [INFO]    [PING OK] FI | 977ms
2026-02-18 20:11:17 [INFO] 🏎️ ЭТАП 2: Глубокий замер скорости для ТОП-10 серверов...
2026-02-18 20:11:24 [INFO]    🏆 PL | Пинг: 112ms | Скорость: 0.0 Mbps 
2026-02-18 20:11:24 [INFO]    🏆 TR | Пинг: 114ms | Скорость: 8.75 Mbps ⚡⚡
2026-02-18 20:11:24 [INFO]    🏆 AU | Пинг: 132ms | Скорость: 0.0 Mbps 
2026-02-18 20:11:24 [INFO]    🏆 DE | Пинг: 147ms | Скорость: 8.53 Mbps ⚡⚡
2026-02-18 20:11:24 [INFO]    🏆 SE | Пинг: 149ms | Скорость: 8.42 Mbps ⚡⚡
2026-02-18 20:11:24 [INFO]    🏆 MD | Пинг: 154ms | Скорость: 8.75 Mbps ⚡⚡
2026-02-18 20:11:24 [INFO]    🏆 MD | Пинг: 183ms | Скорость: 8.76 Mbps ⚡⚡
2026-02-18 20:11:24 [INFO]    🏆 DE | Пинг: 193ms | Скорость: 4.45 Mbps ⚡⚡
2026-02-18 20:11:24 [INFO]    🏆 MD | Пинг: 197ms | Скорость: 8.66 Mbps ⚡⚡
2026-02-18 20:11:24 [INFO]    🏆 RU | Пинг: 143ms | Скорость: 8.88 Mbps ⚡⚡
2026-02-18 20:11:24 [INFO] 🇷🇺 Добавлен RU сервер: 176.123.160.4
2026-02-18 20:11:24 [INFO] 📊 Итого в подписке сохранено: 10 серверов
2026-02-18 20:11:24 [INFO] 💾 Файл успешно сохранен: FL1PVPN
