2026-02-23 21:30:07 [INFO] 🚀 START: Smart Selector (Target: 10, ONLY FOREIGN)
2026-02-23 21:30:07 [INFO] 🌐 Загрузка источников (VLESS + VMess)...
2026-02-23 21:30:08 [INFO] 🔍 Уникальных конфигов собрано: 228
2026-02-23 21:30:08 [INFO] ⚡ ЭТАП 1: Замер Пинга и Геолокации. Workers: 40...
2026-02-23 21:30:14 [INFO]    [PING OK] HU | VLESS | 4717ms
2026-02-23 21:30:14 [INFO]    [PING OK] DE | VLESS | 4645ms
2026-02-23 21:30:14 [INFO]    [PING OK] TR | VLESS | 5053ms
2026-02-23 21:30:14 [INFO]    [PING OK] ES | VLESS | 4903ms
2026-02-23 21:30:15 [INFO]    [PING OK] US | VLESS | 5573ms
2026-02-23 21:30:15 [INFO]    [PING OK] PL | VLESS | 4496ms
2026-02-23 21:30:16 [INFO]    [PING OK] IT | VLESS | 5043ms
2026-02-23 21:30:16 [INFO]    [PING OK] FI | VLESS | 4768ms
2026-02-23 21:30:16 [INFO]    [PING OK] HU | VLESS | 4970ms
2026-02-23 21:30:16 [INFO]    [PING OK] PL | VLESS | 4762ms
2026-02-23 21:30:16 [INFO]    [PING OK] PL | VLESS | 4882ms
2026-02-23 21:30:17 [INFO]    [PING OK] DE | VLESS | 5518ms
2026-02-23 21:30:17 [INFO]    [PING OK] IT | VLESS | 4791ms
2026-02-23 21:30:17 [INFO]    [PING OK] TR | VLESS | 5091ms
2026-02-23 21:30:17 [INFO]    [PING OK] DE | VLESS | 7401ms
2026-02-23 21:30:17 [INFO]    [PING OK] PL | VLESS | 5283ms
2026-02-23 21:30:17 [INFO]    [PING OK] ES | VLESS | 5767ms
2026-02-23 21:30:18 [INFO]    [PING OK] PL | VLESS | 4655ms
2026-02-23 21:30:18 [INFO]    [PING OK] ES | VLESS | 4727ms
2026-02-23 21:30:19 [INFO]    [PING OK] EE | VLESS | 9152ms
2026-02-23 21:30:19 [INFO]    [PING OK] HU | VLESS | 4667ms
2026-02-23 21:30:20 [INFO]    [PING OK] EE | VLESS | 4907ms
2026-02-23 21:30:20 [INFO]    [PING OK] HU | VLESS | 5103ms
2026-02-23 21:30:21 [INFO]    [PING OK] HU | VLESS | 4659ms
2026-02-23 21:30:22 [INFO]    [PING OK] TR | VLESS | 5164ms
2026-02-23 21:30:22 [INFO]    [PING OK] ES | VLESS | 5210ms
2026-02-23 21:30:27 [INFO]    [PING OK] SE | VLESS | 6319ms
2026-02-23 21:30:27 [INFO]    [PING OK] SE | VLESS | 5930ms
2026-02-23 21:30:27 [INFO]    [PING OK] NL | VLESS | 6213ms
2026-02-23 21:30:27 [INFO]    [PING OK] DE | VLESS | 5953ms
2026-02-23 21:30:28 [INFO]    [PING OK] SE | VLESS | 6031ms
2026-02-23 21:30:29 [INFO]    [PING OK] SE | VLESS | 6211ms
2026-02-23 21:30:29 [INFO]    [PING OK] CA | VLESS | 6395ms
2026-02-23 21:30:29 [INFO]    [PING OK] DE | VLESS | 6090ms
2026-02-23 21:30:29 [INFO]    [PING OK] US | VLESS | 5832ms
2026-02-23 21:30:30 [INFO]    [PING OK] SE | VLESS | 5455ms
2026-02-23 21:30:30 [INFO]    [PING OK] CA | VLESS | 5455ms
2026-02-23 21:30:30 [INFO]    [PING OK] JP | VLESS | 5778ms
2026-02-23 21:30:30 [INFO]    [PING OK] DE | VLESS | 4962ms
2026-02-23 21:30:31 [INFO]    [PING OK] SE | VLESS | 4141ms
2026-02-23 21:30:31 [INFO]    [PING OK] DE | VLESS | 4519ms
2026-02-23 21:30:31 [INFO]    [PING OK] CZ | VLESS | 3412ms
2026-02-23 21:30:31 [INFO]    [PING OK] SE | VLESS | 2926ms
2026-02-23 21:30:31 [INFO]    [PING OK] DE | VLESS | 2460ms
2026-02-23 21:30:31 [INFO]    [PING OK] NL | VLESS | 1673ms
2026-02-23 21:30:33 [INFO]    [PING OK] HK | VLESS | 5269ms
2026-02-23 21:30:33 [INFO]    [PING OK] CA | VLESS | 4779ms
2026-02-23 21:30:33 [INFO]    [PING OK] CA | VLESS | 6729ms
2026-02-23 21:30:36 [INFO] 🏎️ ЭТАП 2: Глубокий замер скорости для 40 иностранных кандидатов...
2026-02-23 21:30:40 [INFO]    🏆 DE | VLESS | Пинг: 4645ms | Скорость: 6.15 Mbps ⚡⚡
2026-02-23 21:30:40 [INFO]    🏆 SE | VLESS | Пинг: 2926ms | Скорость: 5.87 Mbps ⚡⚡
2026-02-23 21:30:40 [INFO]    🏆 FI | VLESS | Пинг: 4768ms | Скорость: 6.27 Mbps ⚡⚡
2026-02-23 21:30:40 [INFO]    🏆 PL | VLESS | Пинг: 4496ms | Скорость: 5.89 Mbps ⚡⚡
2026-02-23 21:30:40 [INFO]    🏆 PL | VLESS | Пинг: 4762ms | Скорость: 5.97 Mbps ⚡⚡
2026-02-23 21:30:40 [INFO]    🏆 HU | VLESS | Пинг: 4667ms | Скорость: 5.83 Mbps ⚡⚡
2026-02-23 21:30:40 [INFO]    🏆 PL | VLESS | Пинг: 4655ms | Скорость: 5.77 Mbps ⚡⚡
2026-02-23 21:30:40 [INFO]    🏆 ES | VLESS | Пинг: 4727ms | Скорость: 5.87 Mbps ⚡⚡
2026-02-23 21:30:40 [INFO]    🏆 HU | VLESS | Пинг: 4659ms | Скорость: 5.78 Mbps ⚡⚡
2026-02-23 21:30:40 [INFO]    🏆 CZ | VLESS | Пинг: 3412ms | Скорость: 5.57 Mbps ⚡⚡
2026-02-23 21:30:43 [INFO]    🏆 HU | VLESS | Пинг: 4717ms | Скорость: 3.28 Mbps ⚡⚡
2026-02-23 21:30:43 [INFO]    🏆 IT | VLESS | Пинг: 4791ms | Скорость: 7.69 Mbps ⚡⚡
2026-02-23 21:30:44 [INFO]    🏆 PL | VLESS | Пинг: 4882ms | Скорость: 7.39 Mbps ⚡⚡
2026-02-23 21:30:44 [INFO]    🏆 HU | VLESS | Пинг: 4970ms | Скорость: 7.37 Mbps ⚡⚡
2026-02-23 21:30:44 [INFO]    🏆 EE | VLESS | Пинг: 4907ms | Скорость: 6.98 Mbps ⚡⚡
2026-02-23 21:30:44 [INFO]    🏆 IT | VLESS | Пинг: 5043ms | Скорость: 7.0 Mbps ⚡⚡
2026-02-23 21:30:44 [INFO]    🏆 TR | VLESS | Пинг: 5091ms | Скорость: 6.98 Mbps ⚡⚡
2026-02-23 21:30:44 [INFO]    🏆 DE | VLESS | Пинг: 4962ms | Скорость: 6.87 Mbps ⚡⚡
2026-02-23 21:30:44 [INFO]    🏆 TR | VLESS | Пинг: 5053ms | Скорость: 6.92 Mbps ⚡⚡
2026-02-23 21:30:44 [INFO]    🏆 TR | VLESS | Пинг: 5164ms | Скорость: 7.44 Mbps ⚡⚡
2026-02-23 21:30:44 [INFO]    🏆 ES | VLESS | Пинг: 4903ms | Скорость: 5.86 Mbps ⚡⚡
2026-02-23 21:30:46 [INFO]    🏆 PL | VLESS | Пинг: 5283ms | Скорость: 7.87 Mbps ⚡⚡
2026-02-23 21:30:46 [INFO]    🏆 SE | VLESS | Пинг: 5455ms | Скорость: 9.67 Mbps ⚡⚡
2026-02-23 21:30:47 [INFO]    🏆 DE | VLESS | Пинг: 5518ms | Скорость: 8.35 Mbps ⚡⚡
2026-02-23 21:30:47 [INFO]    🏆 CA | VLESS | Пинг: 5455ms | Скорость: 8.24 Mbps ⚡⚡
2026-02-23 21:30:47 [INFO]    🏆 ES | VLESS | Пинг: 5767ms | Скорость: 8.48 Mbps ⚡⚡
2026-02-23 21:30:47 [INFO]    🏆 HU | VLESS | Пинг: 5103ms | Скорость: 2.68 Mbps ⚡
2026-02-23 21:30:47 [INFO]    🏆 ES | VLESS | Пинг: 5210ms | Скорость: 2.69 Mbps ⚡
2026-02-23 21:30:48 [INFO]    🏆 US | VLESS | Пинг: 5832ms | Скорость: 6.34 Mbps ⚡⚡
2026-02-23 21:30:51 [INFO] 📊 Итого в подписке сохранено иностранных серверов: 10
2026-02-23 21:30:51 [INFO] 💾 Файл успешно сохранен: FL1PVPN
