2026-02-21 15:50:07 [INFO] 🚀 START: Smart Selector (Target: 10, ONLY FOREIGN)
2026-02-21 15:50:07 [INFO] 🌐 Загрузка источников (VLESS + VMess)...
2026-02-21 15:50:09 [INFO] 🔍 Уникальных конфигов собрано: 212
2026-02-21 15:50:09 [INFO] ⚡ ЭТАП 1: Замер Пинга и Геолокации. Workers: 40...
2026-02-21 15:50:14 [INFO]    [PING OK] TR | VLESS | 4202ms
2026-02-21 15:50:14 [INFO]    [PING OK] CZ | VLESS | 4285ms
2026-02-21 15:50:14 [INFO]    [PING OK] DE | VLESS | 4691ms
2026-02-21 15:50:14 [INFO]    [PING OK] DE | VLESS | 4967ms
2026-02-21 15:50:15 [INFO]    [PING OK] NL | VLESS | 4913ms
2026-02-21 15:50:15 [INFO]    [PING OK] TR | VLESS | 3687ms
2026-02-21 15:50:15 [INFO]    [PING OK] IT | VLESS | 4345ms
2026-02-21 15:50:15 [INFO]    [PING OK] PL | VLESS | 3672ms
2026-02-21 15:50:15 [INFO]    [PING OK] DE | VLESS | 4942ms
2026-02-21 15:50:15 [INFO]    [PING OK] IT | VLESS | 3748ms
2026-02-21 15:50:15 [INFO]    [PING OK] DE | VLESS | 5579ms
2026-02-21 15:50:16 [INFO]    [PING OK] DE | VLESS | 6710ms
2026-02-21 15:50:17 [INFO]    [PING OK] DE | VLESS | 6810ms
2026-02-21 15:50:17 [INFO]    [PING OK] HU | VLESS | 3825ms
2026-02-21 15:50:18 [INFO]    [PING OK] DE | VLESS | 3888ms
2026-02-21 15:50:18 [INFO]    [PING OK] DE | VLESS | 3922ms
2026-02-21 15:50:18 [INFO]    [PING OK] IT | VLESS | 3715ms
2026-02-21 15:50:19 [INFO]    [PING OK] HU | VLESS | 3788ms
2026-02-21 15:50:19 [INFO]    [PING OK] ES | VLESS | 3819ms
2026-02-21 15:50:19 [INFO]    [PING OK] TR | VLESS | 3616ms
2026-02-21 15:50:19 [INFO]    [PING OK] PL | VLESS | 3923ms
2026-02-21 15:50:19 [INFO]    [PING OK] HU | VLESS | 3551ms
2026-02-21 15:50:19 [INFO]    [PING OK] HU | VLESS | 3457ms
2026-02-21 15:50:19 [INFO]    [PING OK] PL | VLESS | 3325ms
2026-02-21 15:50:20 [INFO]    [PING OK] DE | VLESS | 3907ms
2026-02-21 15:50:20 [INFO]    [PING OK] IT | VLESS | 3961ms
2026-02-21 15:50:20 [INFO]    [PING OK] HU | VLESS | 3294ms
2026-02-21 15:50:20 [INFO]    [PING OK] DE | VLESS | 3540ms
2026-02-21 15:50:20 [INFO]    [PING OK] IT | VLESS | 4707ms
2026-02-21 15:50:21 [INFO]    [PING OK] ES | VLESS | 3579ms
2026-02-21 15:50:21 [INFO]    [PING OK] TR | VLESS | 6091ms
2026-02-21 15:50:22 [INFO]    [PING OK] ES | VLESS | 6049ms
2026-02-21 15:50:22 [INFO]    [PING OK] DE | VLESS | 7053ms
2026-02-21 15:50:22 [INFO]    [PING OK] DE | VLESS | 7423ms
2026-02-21 15:50:23 [INFO]    [PING OK] PL | VLESS | 6103ms
2026-02-21 15:50:23 [INFO]    [PING OK] ES | VLESS | 3153ms
2026-02-21 15:50:23 [INFO]    [PING OK] PL | VLESS | 3266ms
2026-02-21 15:50:23 [INFO]    [PING OK] CA | VLESS | 5412ms
2026-02-21 15:50:23 [INFO]    [PING OK] HU | VLESS | 3531ms
2026-02-21 15:50:23 [INFO]    [PING OK] PL | VLESS | 3393ms
2026-02-21 15:50:23 [INFO]    [PING OK] ES | VLESS | 3418ms
2026-02-21 15:50:24 [INFO]    [PING OK] PL | VLESS | 3725ms
2026-02-21 15:50:24 [INFO]    [PING OK] CA | VLESS | 3721ms
2026-02-21 15:50:24 [INFO]    [PING OK] IT | VLESS | 3394ms
2026-02-21 15:50:24 [INFO]    [PING OK] TR | VLESS | 4914ms
2026-02-21 15:50:24 [INFO]    [PING OK] TR | VLESS | 3974ms
2026-02-21 15:50:25 [INFO]    [PING OK] IT | VLESS | 4028ms
2026-02-21 15:50:25 [INFO]    [PING OK] TR | VLESS | 5934ms
2026-02-21 15:50:25 [INFO]    [PING OK] DE | VLESS | 4804ms
2026-02-21 15:50:28 [INFO]    [PING OK] TR | VLESS | 5016ms
2026-02-21 15:50:28 [INFO]    [PING OK] ES | VLESS | 5281ms
2026-02-21 15:50:28 [INFO]    [PING OK] PL | VLESS | 6606ms
2026-02-21 15:50:29 [INFO]    [PING OK] DE | VLESS | 5572ms
2026-02-21 15:50:29 [INFO]    [PING OK] PL | VLESS | 5454ms
2026-02-21 15:50:29 [INFO]    [PING OK] PL | VLESS | 4777ms
2026-02-21 15:50:29 [INFO]    [PING OK] CA | VLESS | 5811ms
2026-02-21 15:50:30 [INFO]    [PING OK] PL | VLESS | 5739ms
2026-02-21 15:50:30 [INFO]    [PING OK] PL | VLESS | 5045ms
2026-02-21 15:50:30 [INFO]    [PING OK] ES | VLESS | 4882ms
2026-02-21 15:50:30 [INFO]    [PING OK] HU | VLESS | 4774ms
2026-02-21 15:50:31 [INFO]    [PING OK] CA | VLESS | 4507ms
2026-02-21 15:50:31 [INFO]    [PING OK] HU | VLESS | 3680ms
2026-02-21 15:50:32 [INFO]    [PING OK] PL | VLESS | 1474ms
2026-02-21 15:50:32 [INFO]    [PING OK] NL | VLESS | 1901ms
2026-02-21 15:50:36 [INFO]    [PING OK] DE | VLESS | 5615ms
2026-02-21 15:50:36 [INFO] 🏎️ ЭТАП 2: Глубокий замер скорости для 40 иностранных кандидатов...
2026-02-21 15:50:39 [INFO]    🏆 NL | VLESS | Пинг: 1901ms | Скорость: 7.34 Mbps ⚡⚡
2026-02-21 15:50:39 [INFO]    🏆 PL | VLESS | Пинг: 1474ms | Скорость: 7.29 Mbps ⚡⚡
2026-02-21 15:50:39 [INFO]    🏆 PL | VLESS | Пинг: 3266ms | Скорость: 7.15 Mbps ⚡⚡
2026-02-21 15:50:39 [INFO]    🏆 PL | VLESS | Пинг: 3325ms | Скорость: 6.85 Mbps ⚡⚡
2026-02-21 15:50:40 [INFO]    🏆 ES | VLESS | Пинг: 3418ms | Скорость: 6.7 Mbps ⚡⚡
2026-02-21 15:50:40 [INFO]    🏆 HU | VLESS | Пинг: 3457ms | Скорость: 6.8 Mbps ⚡⚡
2026-02-21 15:50:40 [INFO]    🏆 HU | VLESS | Пинг: 3531ms | Скорость: 6.8 Mbps ⚡⚡
2026-02-21 15:50:40 [INFO]    🏆 HU | VLESS | Пинг: 3551ms | Скорость: 6.79 Mbps ⚡⚡
2026-02-21 15:50:40 [INFO]    🏆 IT | VLESS | Пинг: 3394ms | Скорость: 5.32 Mbps ⚡⚡
2026-02-21 15:50:41 [INFO]    🏆 TR | VLESS | Пинг: 3616ms | Скорость: 4.22 Mbps ⚡⚡
2026-02-21 15:50:42 [INFO]    🏆 IT | VLESS | Пинг: 3748ms | Скорость: 12.39 Mbps ⚡⚡
2026-02-21 15:50:42 [INFO]    🏆 HU | VLESS | Пинг: 3788ms | Скорость: 11.26 Mbps ⚡⚡
2026-02-21 15:50:42 [INFO]    🏆 ES | VLESS | Пинг: 3153ms | Скорость: 0.69 Mbps 
2026-02-21 15:50:43 [INFO]    🏆 HU | VLESS | Пинг: 3294ms | Скорость: 1.86 Mbps ⚡
2026-02-21 15:50:43 [INFO]    🏆 ES | VLESS | Пинг: 3579ms | Скорость: 1.58 Mbps ⚡
2026-02-21 15:50:43 [INFO]    🏆 ES | VLESS | Пинг: 3819ms | Скорость: 10.26 Mbps ⚡⚡
2026-02-21 15:50:43 [INFO]    🏆 PL | VLESS | Пинг: 3393ms | Скорость: 1.1 Mbps 
2026-02-21 15:50:45 [INFO]    🏆 TR | VLESS | Пинг: 4202ms | Скорость: 12.38 Mbps ⚡⚡
2026-02-21 15:50:45 [INFO]    🏆 HU | VLESS | Пинг: 3825ms | Скорость: 4.61 Mbps ⚡⚡
2026-02-21 15:50:46 [INFO]    🏆 TR | VLESS | Пинг: 3687ms | Скорость: 3.6 Mbps ⚡⚡
2026-02-21 15:50:46 [INFO]    🏆 TR | VLESS | Пинг: 3974ms | Скорость: 9.61 Mbps ⚡⚡
2026-02-21 15:50:46 [INFO]    🏆 HU | VLESS | Пинг: 3680ms | Скорость: 0.88 Mbps 
2026-02-21 15:50:47 [INFO]    🏆 PL | VLESS | Пинг: 4777ms | Скорость: 19.43 Mbps ⚡⚡
2026-02-21 15:50:48 [INFO]    🏆 DE | VLESS | Пинг: 3907ms | Скорость: 3.46 Mbps ⚡⚡
2026-02-21 15:50:49 [INFO]    🏆 IT | VLESS | Пинг: 3961ms | Скорость: 2.44 Mbps ⚡
2026-02-21 15:50:49 [INFO]    🏆 PL | VLESS | Пинг: 3923ms | Скорость: 1.51 Mbps ⚡
2026-02-21 15:50:50 [INFO]    🏆 IT | VLESS | Пинг: 4028ms | Скорость: 1.17 Mbps 
2026-02-21 15:50:50 [INFO]    🏆 CZ | VLESS | Пинг: 4285ms | Скорость: 3.14 Mbps ⚡⚡
2026-02-21 15:50:51 [INFO]    🏆 HU | VLESS | Пинг: 4774ms | Скорость: 3.95 Mbps ⚡⚡
2026-02-21 15:50:57 [INFO] 📊 Итого в подписке сохранено иностранных серверов: 10
2026-02-21 15:50:57 [INFO] 💾 Файл успешно сохранен: FL1PVPN
