2026-02-23 11:40:05 [INFO] 🚀 START: Smart Selector (Target: 10, ONLY FOREIGN)
2026-02-23 11:40:05 [INFO] 🌐 Загрузка источников (VLESS + VMess)...
2026-02-23 11:40:07 [INFO] 🔍 Уникальных конфигов собрано: 221
2026-02-23 11:40:07 [INFO] ⚡ ЭТАП 1: Замер Пинга и Геолокации. Workers: 40...
2026-02-23 11:40:13 [INFO]    [PING OK] CZ | VLESS | 4576ms
2026-02-23 11:40:13 [INFO]    [PING OK] DE | VLESS | 4032ms
2026-02-23 11:40:14 [INFO]    [PING OK] DE | VLESS | 5297ms
2026-02-23 11:40:15 [INFO]    [PING OK] IT | VLESS | 3483ms
2026-02-23 11:40:15 [INFO]    [PING OK] ES | VLESS | 3277ms
2026-02-23 11:40:15 [INFO]    [PING OK] DE | VLESS | 6883ms
2026-02-23 11:40:17 [INFO]    [PING OK] HU | VLESS | 3405ms
2026-02-23 11:40:17 [INFO]    [PING OK] HU | VLESS | 3527ms
2026-02-23 11:40:17 [INFO]    [PING OK] HU | VLESS | 3703ms
2026-02-23 11:40:17 [INFO]    [PING OK] PL | VLESS | 3418ms
2026-02-23 11:40:17 [INFO]    [PING OK] TR | VLESS | 3672ms
2026-02-23 11:40:17 [INFO]    [PING OK] PL | VLESS | 3615ms
2026-02-23 11:40:17 [INFO]    [PING OK] DE | VLESS | 3837ms
2026-02-23 11:40:18 [INFO]    [PING OK] NL | VLESS | 3320ms
2026-02-23 11:40:18 [INFO]    [PING OK] TR | VLESS | 3326ms
2026-02-23 11:40:18 [INFO]    [PING OK] HU | VLESS | 3417ms
2026-02-23 11:40:18 [INFO]    [PING OK] ES | VLESS | 3604ms
2026-02-23 11:40:18 [INFO]    [PING OK] DE | VLESS | 8048ms
2026-02-23 11:40:18 [INFO]    [PING OK] IT | VLESS | 3553ms
2026-02-23 11:40:18 [INFO]    [PING OK] DE | VLESS | 5367ms
2026-02-23 11:40:19 [INFO]    [PING OK] ES | VLESS | 4028ms
2026-02-23 11:40:19 [INFO]    [PING OK] FI | VLESS | 5387ms
2026-02-23 11:40:19 [INFO]    [PING OK] PL | VLESS | 3247ms
2026-02-23 11:40:19 [INFO]    [PING OK] IT | VLESS | 3148ms
2026-02-23 11:40:19 [INFO]    [PING OK] EE | VLESS | 5450ms
2026-02-23 11:40:20 [INFO]    [PING OK] ES | VLESS | 3425ms
2026-02-23 11:40:20 [INFO]    [PING OK] TR | VLESS | 3590ms
2026-02-23 11:40:21 [INFO]    [PING OK] TR | VLESS | 4003ms
2026-02-23 11:40:21 [INFO]    [PING OK] HU | VLESS | 4198ms
2026-02-23 11:40:22 [INFO]    [PING OK] ES | VLESS | 4460ms
2026-02-23 11:40:23 [INFO]    [PING OK] PL | VLESS | 4884ms
2026-02-23 11:40:23 [INFO]    [PING OK] HU | VLESS | 4549ms
2026-02-23 11:40:23 [INFO]    [PING OK] ES | VLESS | 5292ms
2026-02-23 11:40:23 [INFO]    [PING OK] PL | VLESS | 4929ms
2026-02-23 11:40:23 [INFO]    [PING OK] ES | VLESS | 4870ms
2026-02-23 11:40:23 [INFO]    [PING OK] ES | VLESS | 4763ms
2026-02-23 11:40:23 [INFO]    [PING OK] NL | VLESS | 9073ms
2026-02-23 11:40:24 [INFO]    [PING OK] EE | VLESS | 4618ms
2026-02-23 11:40:24 [INFO]    [PING OK] PL | VLESS | 4784ms
2026-02-23 11:40:24 [INFO]    [PING OK] DE | VLESS | 4607ms
2026-02-23 11:40:24 [INFO]    [PING OK] SE | VLESS | 4773ms
2026-02-23 11:40:24 [INFO]    [PING OK] SE | VLESS | 4294ms
2026-02-23 11:40:24 [INFO]    [PING OK] SE | VLESS | 4489ms
2026-02-23 11:40:25 [INFO]    [PING OK] SE | VLESS | 4896ms
2026-02-23 11:40:25 [INFO]    [PING OK] SE | VLESS | 4642ms
2026-02-23 11:40:26 [INFO]    [PING OK] DE | VLESS | 4687ms
2026-02-23 11:40:27 [INFO]    [PING OK] SE | VLESS | 4876ms
2026-02-23 11:40:27 [INFO]    [PING OK] US | VLESS | 7279ms
2026-02-23 11:40:28 [INFO]    [PING OK] SE | VLESS | 5128ms
2026-02-23 11:40:28 [INFO]    [PING OK] DE | VLESS | 4861ms
2026-02-23 11:40:29 [INFO]    [PING OK] DE | VLESS | 4911ms
2026-02-23 11:40:29 [INFO]    [PING OK] TR | VLESS | 4501ms
2026-02-23 11:40:30 [INFO]    [PING OK] DE | VLESS | 4500ms
2026-02-23 11:40:30 [INFO]    [PING OK] SE | VLESS | 4253ms
2026-02-23 11:40:30 [INFO]    [PING OK] CA | VLESS | 5953ms
2026-02-23 11:40:30 [INFO]    [PING OK] SE | VLESS | 2902ms
2026-02-23 11:40:30 [INFO]    [PING OK] CA | VLESS | 6267ms
2026-02-23 11:40:30 [INFO]    [PING OK] SE | VLESS | 2521ms
2026-02-23 11:40:30 [INFO]    [PING OK] DE | VLESS | 2050ms
2026-02-23 11:40:31 [INFO]    [PING OK] US | VLESS | 1306ms
2026-02-23 11:40:31 [INFO]    [PING OK] DE | VLESS | 2788ms
2026-02-23 11:40:31 [INFO]    [PING OK] DE | VLESS | 3080ms
2026-02-23 11:40:32 [INFO]    [PING OK] DE | VLESS | 3685ms
2026-02-23 11:40:35 [INFO] 🏎️ ЭТАП 2: Глубокий замер скорости для 40 иностранных кандидатов...
2026-02-23 11:40:39 [INFO]    🏆 HU | VLESS | Пинг: 3405ms | Скорость: 6.82 Mbps ⚡⚡
2026-02-23 11:40:39 [INFO]    🏆 PL | VLESS | Пинг: 3418ms | Скорость: 6.87 Mbps ⚡⚡
2026-02-23 11:40:39 [INFO]    🏆 PL | VLESS | Пинг: 3247ms | Скорость: 6.24 Mbps ⚡⚡
2026-02-23 11:40:39 [INFO]    🏆 TR | VLESS | Пинг: 3326ms | Скорость: 6.17 Mbps ⚡⚡
2026-02-23 11:40:40 [INFO]    🏆 US | VLESS | Пинг: 1306ms | Скорость: 5.32 Mbps ⚡⚡
2026-02-23 11:40:41 [INFO]    🏆 HU | VLESS | Пинг: 3527ms | Скорость: 13.1 Mbps ⚡⚡
2026-02-23 11:40:42 [INFO]    🏆 PL | VLESS | Пинг: 3615ms | Скорость: 13.51 Mbps ⚡⚡
2026-02-23 11:40:42 [INFO]    🏆 TR | VLESS | Пинг: 3590ms | Скорость: 10.24 Mbps ⚡⚡
2026-02-23 11:40:42 [INFO]    🏆 HU | VLESS | Пинг: 3703ms | Скорость: 13.9 Mbps ⚡⚡
2026-02-23 11:40:42 [INFO]    🏆 HU | VLESS | Пинг: 3417ms | Скорость: 2.97 Mbps ⚡
2026-02-23 11:40:43 [INFO]    🏆 IT | VLESS | Пинг: 3148ms | Скорость: 1.64 Mbps ⚡
2026-02-23 11:40:44 [INFO]    🏆 ES | VLESS | Пинг: 4028ms | Скорость: 12.15 Mbps ⚡⚡
2026-02-23 11:40:45 [INFO]    🏆 HU | VLESS | Пинг: 4198ms | Скорость: 7.8 Mbps ⚡⚡
2026-02-23 11:40:46 [INFO]    🏆 ES | VLESS | Пинг: 4460ms | Скорость: 7.79 Mbps ⚡⚡
2026-02-23 11:40:46 [INFO]    🏆 HU | VLESS | Пинг: 4549ms | Скорость: 17.53 Mbps ⚡⚡
2026-02-23 11:40:46 [INFO]    🏆 TR | VLESS | Пинг: 4501ms | Скорость: 11.2 Mbps ⚡⚡
2026-02-23 11:40:46 [INFO]    🏆 DE | VLESS | Пинг: 4032ms | Скорость: 5.81 Mbps ⚡⚡
2026-02-23 11:40:46 [INFO]    🏆 ES | VLESS | Пинг: 3604ms | Скорость: 1.11 Mbps 
2026-02-23 11:40:46 [INFO]    🏆 IT | VLESS | Пинг: 3553ms | Скорость: 1.2 Mbps 
2026-02-23 11:40:47 [INFO]    🏆 DE | VLESS | Пинг: 4607ms | Скорость: 19.15 Mbps ⚡⚡
2026-02-23 11:40:47 [INFO]    🏆 SE | VLESS | Пинг: 4642ms | Скорость: 27.56 Mbps ⚡⚡
2026-02-23 11:40:50 [INFO]    🏆 EE | VLESS | Пинг: 4618ms | Скорость: 4.68 Mbps ⚡⚡
2026-02-23 11:40:51 [INFO] 📊 Итого в подписке сохранено иностранных серверов: 10
2026-02-23 11:40:51 [INFO] 💾 Файл успешно сохранен: FL1PVPN
