2026-02-26 19:40:05 [INFO] 🚀 START: Smart Selector (Target: 10, ONLY FOREIGN)
2026-02-26 19:40:05 [INFO] 🌐 Загрузка источников (VLESS + VMess)...
2026-02-26 19:40:07 [INFO] 🔍 Уникальных конфигов собрано: 221
2026-02-26 19:40:07 [INFO] ⚡ ЭТАП 1: Замер Пинга и Геолокации. Workers: 40...
2026-02-26 19:40:12 [INFO]    [PING OK] DE | VLESS | 4542ms
2026-02-26 19:40:12 [INFO]    [PING OK] FI | VLESS | 4675ms
2026-02-26 19:40:12 [INFO]    [PING OK] NL | VLESS | 4728ms
2026-02-26 19:40:12 [INFO]    [PING OK] NL | VLESS | 4778ms
2026-02-26 19:40:12 [INFO]    [PING OK] LV | VLESS | 4511ms
2026-02-26 19:40:12 [INFO]    [PING OK] US | VLESS | 4775ms
2026-02-26 19:40:12 [INFO]    [PING OK] CA | VLESS | 4737ms
2026-02-26 19:40:13 [INFO]    [PING OK] FI | VLESS | 5495ms
2026-02-26 19:40:13 [INFO]    [PING OK] ES | VLESS | 4451ms
2026-02-26 19:40:13 [INFO]    [PING OK] FR | VLESS | 5411ms
2026-02-26 19:40:13 [INFO]    [PING OK] FI | VLESS | 4347ms
2026-02-26 19:40:13 [INFO]    [PING OK] US | VLESS | 5346ms
2026-02-26 19:40:14 [INFO]    [PING OK] HK | VLESS | 4569ms
2026-02-26 19:40:14 [INFO]    [PING OK] NL | VLESS | 5901ms
2026-02-26 19:40:14 [INFO]    [PING OK] NL | VLESS | 3987ms
2026-02-26 19:40:17 [INFO]    [PING OK] DE | VLESS | 4217ms
2026-02-26 19:40:17 [INFO]    [PING OK] IT | VLESS | 4081ms
2026-02-26 19:40:17 [INFO]    [PING OK] SE | VLESS | 4124ms
2026-02-26 19:40:17 [INFO]    [PING OK] FI | VLESS | 4331ms
2026-02-26 19:40:17 [INFO]    [PING OK] NL | VLESS | 4038ms
2026-02-26 19:40:18 [INFO]    [PING OK] LV | VLESS | 3781ms
2026-02-26 19:40:18 [INFO]    [PING OK] DE | VLESS | 7784ms
2026-02-26 19:40:18 [INFO]    [PING OK] FI | VLESS | 3971ms
2026-02-26 19:40:18 [INFO]    [PING OK] IT | VLESS | 3600ms
2026-02-26 19:40:18 [INFO]    [PING OK] DE | VLESS | 3470ms
2026-02-26 19:40:18 [INFO]    [PING OK] TR | VLESS | 3541ms
2026-02-26 19:40:18 [INFO]    [PING OK] US | VLESS | 4099ms
2026-02-26 19:40:18 [INFO]    [PING OK] US | VLESS | 3674ms
2026-02-26 19:40:18 [INFO]    [PING OK] DE | VLESS | 4191ms
2026-02-26 19:40:19 [INFO]    [PING OK] CH | VLESS | 6343ms
2026-02-26 19:40:19 [INFO]    [PING OK] DE | VLESS | 3487ms
2026-02-26 19:40:19 [INFO]    [PING OK] DE | VLESS | 5374ms
2026-02-26 19:40:19 [INFO]    [PING OK] US | VLESS | 4950ms
2026-02-26 19:40:20 [INFO]    [PING OK] DE | VLESS | 4277ms
2026-02-26 19:40:20 [INFO]    [PING OK] DE | VLESS | 3581ms
2026-02-26 19:40:20 [INFO]    [PING OK] HK | VLESS | 3798ms
2026-02-26 19:40:22 [INFO]    [PING OK] DE | VLESS | 3498ms
2026-02-26 19:40:22 [INFO]    [PING OK] FI | VLESS | 3906ms
2026-02-26 19:40:22 [INFO]    [PING OK] DE | VLESS | 3958ms
2026-02-26 19:40:22 [INFO]    [PING OK] TR | VLESS | 4183ms
2026-02-26 19:40:22 [INFO]    [PING OK] US | VLESS | 4598ms
2026-02-26 19:40:22 [INFO]    [PING OK] FI | VLESS | 3836ms
2026-02-26 19:40:23 [INFO]    [PING OK] PL | VLESS | 4021ms
2026-02-26 19:40:23 [INFO]    [PING OK] ES | VLESS | 3921ms
2026-02-26 19:40:23 [INFO]    [PING OK] CA | VLESS | 4282ms
2026-02-26 19:40:23 [INFO]    [PING OK] DE | VLESS | 4130ms
2026-02-26 19:40:23 [INFO]    [PING OK] TR | VLESS | 4163ms
2026-02-26 19:40:23 [INFO]    [PING OK] PL | VLESS | 4021ms
2026-02-26 19:40:23 [INFO]    [PING OK] DE | VLESS | 3698ms
2026-02-26 19:40:23 [INFO]    [PING OK] DE | VLESS | 3738ms
2026-02-26 19:40:23 [INFO]    [PING OK] DE | VLESS | 4131ms
2026-02-26 19:40:23 [INFO]    [PING OK] IT | VLESS | 4333ms
2026-02-26 19:40:23 [INFO]    [PING OK] DE | VLESS | 3697ms
2026-02-26 19:40:24 [INFO]    [PING OK] NL | VLESS | 4791ms
2026-02-26 19:40:24 [INFO]    [PING OK] NL | VLESS | 5014ms
2026-02-26 19:40:24 [INFO]    [PING OK] DE | VLESS | 3537ms
2026-02-26 19:40:24 [INFO]    [PING OK] ES | VLESS | 6800ms
2026-02-26 19:40:25 [INFO]    [PING OK] HU | VLESS | 3925ms
2026-02-26 19:40:25 [INFO]    [PING OK] LT | VLESS | 4313ms
2026-02-26 19:40:27 [INFO]    [PING OK] FR | VLESS | 6476ms
2026-02-26 19:40:28 [INFO]    [PING OK] PL | VLESS | 4101ms
2026-02-26 19:40:28 [INFO]    [PING OK] LV | VLESS | 4419ms
2026-02-26 19:40:28 [INFO]    [PING OK] DE | VLESS | 5032ms
2026-02-26 19:40:28 [INFO]    [PING OK] SG | VLESS | 3835ms
2026-02-26 19:40:30 [INFO]    [PING OK] DE | VLESS | 1307ms
2026-02-26 19:40:30 [INFO]    [PING OK] TW | VLESS | 5176ms
2026-02-26 19:40:31 [INFO]    [PING OK] DE | VLESS | 5659ms
2026-02-26 19:40:31 [INFO]    [PING OK] TR | VLESS | 2543ms
2026-02-26 19:40:31 [INFO]    [PING OK] TR | VLESS | 4274ms
2026-02-26 19:40:32 [INFO]    [PING OK] ES | VLESS | 5625ms
2026-02-26 19:40:34 [INFO]    [PING OK] DE | VLESS | 5903ms
2026-02-26 19:40:35 [INFO] 🏎️ ЭТАП 2: Глубокий замер скорости для 40 иностранных кандидатов...
2026-02-26 19:40:38 [INFO]    🏆 DE | VLESS | Пинг: 3498ms | Скорость: 7.52 Mbps ⚡⚡
2026-02-26 19:40:38 [INFO]    🏆 DE | VLESS | Пинг: 3470ms | Скорость: 7.33 Mbps ⚡⚡
2026-02-26 19:40:38 [INFO]    🏆 DE | VLESS | Пинг: 1307ms | Скорость: 7.22 Mbps ⚡⚡
2026-02-26 19:40:38 [INFO]    🏆 DE | VLESS | Пинг: 3698ms | Скорость: 7.47 Mbps ⚡⚡
2026-02-26 19:40:38 [INFO]    🏆 TR | VLESS | Пинг: 3541ms | Скорость: 6.68 Mbps ⚡⚡
2026-02-26 19:40:39 [INFO]    🏆 DE | VLESS | Пинг: 3537ms | Скорость: 5.73 Mbps ⚡⚡
2026-02-26 19:40:39 [INFO]    🏆 DE | VLESS | Пинг: 3487ms | Скорость: 5.63 Mbps ⚡⚡
2026-02-26 19:40:40 [INFO]    🏆 DE | VLESS | Пинг: 3697ms | Скорость: 4.89 Mbps ⚡⚡
2026-02-26 19:40:41 [INFO]    🏆 LV | VLESS | Пинг: 3781ms | Скорость: 4.07 Mbps ⚡⚡
2026-02-26 19:40:41 [INFO]    🏆 SG | VLESS | Пинг: 3835ms | Скорость: 8.59 Mbps ⚡⚡
2026-02-26 19:40:41 [INFO]    🏆 TR | VLESS | Пинг: 2543ms | Скорость: 2.89 Mbps ⚡
2026-02-26 19:40:42 [INFO]    🏆 US | VLESS | Пинг: 3674ms | Скорость: 0.82 Mbps 
2026-02-26 19:40:42 [INFO]    🏆 DE | VLESS | Пинг: 3738ms | Скорость: 2.96 Mbps ⚡
2026-02-26 19:40:43 [INFO]    🏆 PL | VLESS | Пинг: 4021ms | Скорость: 15.8 Mbps ⚡⚡
2026-02-26 19:40:43 [INFO]    🏆 IT | VLESS | Пинг: 3600ms | Скорость: 0.77 Mbps 
2026-02-26 19:40:43 [INFO]    🏆 NL | VLESS | Пинг: 4038ms | Скорость: 15.61 Mbps ⚡⚡
2026-02-26 19:40:44 [INFO]    🏆 DE | VLESS | Пинг: 4130ms | Скорость: 13.3 Mbps ⚡⚡
2026-02-26 19:40:44 [INFO]    🏆 SE | VLESS | Пинг: 4124ms | Скорость: 12.87 Mbps ⚡⚡
2026-02-26 19:40:45 [INFO]    🏆 ES | VLESS | Пинг: 3921ms | Скорость: 3.28 Mbps ⚡⚡
2026-02-26 19:40:45 [INFO]    🏆 FI | VLESS | Пинг: 3836ms | Скорость: 2.53 Mbps ⚡
2026-02-26 19:40:46 [INFO]    🏆 TR | VLESS | Пинг: 4163ms | Скорость: 10.27 Mbps ⚡⚡
2026-02-26 19:40:46 [INFO]    🏆 DE | VLESS | Пинг: 4191ms | Скорость: 16.94 Mbps ⚡⚡
2026-02-26 19:40:46 [INFO]    🏆 DE | VLESS | Пинг: 4217ms | Скорость: 14.66 Mbps ⚡⚡
2026-02-26 19:40:47 [INFO]    🏆 PL | VLESS | Пинг: 4021ms | Скорость: 1.48 Mbps 
2026-02-26 19:40:48 [INFO]    🏆 IT | VLESS | Пинг: 4081ms | Скорость: 1.09 Mbps 
2026-02-26 19:40:48 [INFO]    🏆 DE | VLESS | Пинг: 4277ms | Скорость: 7.95 Mbps ⚡⚡
2026-02-26 19:40:49 [INFO]    🏆 PL | VLESS | Пинг: 4101ms | Скорость: 3.48 Mbps ⚡⚡
2026-02-26 19:40:50 [INFO]    🏆 TR | VLESS | Пинг: 4274ms | Скорость: 4.33 Mbps ⚡⚡
2026-02-26 19:40:52 [INFO]    🏆 CA | VLESS | Пинг: 4282ms | Скорость: 1.46 Mbps 
2026-02-26 19:40:52 [INFO] 📊 Итого в подписке сохранено иностранных серверов: 10
2026-02-26 19:40:52 [INFO] 💾 Файл успешно сохранен: FL1PVPN
