2026-02-17 05:20:05 [INFO] 🚀 START: Smart VLESS Selector (Target: 10, Strict Mode)
2026-02-17 05:20:05 [INFO] 🌐 Загрузка источников...
2026-02-17 05:20:08 [INFO] 🔍 Уникальных конфигов собрано: 639
2026-02-17 05:20:08 [INFO] ⚡ ЭТАП 1: Быстрый замер Пинга (Workers: 25)...
2026-02-17 05:20:11 [INFO]    [PING OK] NL | 1281ms
2026-02-17 05:20:13 [INFO]    [PING OK] DE | 167ms
2026-02-17 05:20:13 [INFO]    [PING OK] DE | 2690ms
2026-02-17 05:20:14 [INFO]    [PING OK] RU | 179ms
2026-02-17 05:20:14 [INFO]    [PING OK] DE | 176ms
2026-02-17 05:20:16 [INFO]    [PING OK] DE | 138ms
2026-02-17 05:20:18 [INFO]    [PING OK] FR | 185ms
2026-02-17 05:20:18 [INFO]    [PING OK] DE | 150ms
2026-02-17 05:20:20 [INFO]    [PING OK] DE | 4655ms
2026-02-17 05:20:22 [INFO]    [PING OK] RU | 254ms
2026-02-17 05:20:22 [INFO]    [PING OK] PL | 158ms
2026-02-17 05:20:22 [INFO]    [PING OK] RU | 1540ms
2026-02-17 05:20:23 [INFO]    [PING OK] FI | 220ms
2026-02-17 05:20:23 [INFO]    [PING OK] RU | 1326ms
2026-02-17 05:20:23 [INFO]    [PING OK] RU | 257ms
2026-02-17 05:20:23 [INFO]    [PING OK] RU | 229ms
2026-02-17 05:20:23 [INFO]    [PING OK] RU | 143ms
2026-02-17 05:20:23 [INFO]    [PING OK] FI | 140ms
2026-02-17 05:20:23 [INFO]    [PING OK] RU | 632ms
2026-02-17 05:20:23 [INFO]    [PING OK] RU | 195ms
2026-02-17 05:20:24 [INFO]    [PING OK] NL | 1303ms
2026-02-17 05:20:24 [INFO]    [PING OK] RU | 1800ms
2026-02-17 05:20:24 [INFO]    [PING OK] RU | 1405ms
2026-02-17 05:20:24 [INFO]    [PING OK] RU | 545ms
2026-02-17 05:20:24 [INFO]    [PING OK] RU | 285ms
2026-02-17 05:20:24 [INFO]    [PING OK] RU | 211ms
2026-02-17 05:20:24 [INFO]    [PING OK] DE | 557ms
2026-02-17 05:20:24 [INFO]    [PING OK] RU | 4072ms
2026-02-17 05:20:25 [INFO]    [PING OK] PL | 148ms
2026-02-17 05:20:25 [INFO]    [PING OK] RU | 343ms
2026-02-17 05:20:25 [INFO]    [PING OK] RU | 96ms
2026-02-17 05:20:25 [INFO]    [PING OK] RU | 893ms
2026-02-17 05:20:25 [INFO]    [PING OK] RU | 66ms
2026-02-17 05:20:25 [INFO]    [PING OK] HU | 2533ms
2026-02-17 05:20:25 [INFO]    [PING OK] RU | 309ms
2026-02-17 05:20:25 [INFO]    [PING OK] RU | 2341ms
2026-02-17 05:20:25 [INFO]    [PING OK] RU | 222ms
2026-02-17 05:20:25 [INFO]    [PING OK] RU | 440ms
2026-02-17 05:20:25 [INFO]    [PING OK] RU | 260ms
2026-02-17 05:20:26 [INFO]    [PING OK] RU | 102ms
2026-02-17 05:20:26 [INFO]    [PING OK] RU | 201ms
2026-02-17 05:20:26 [INFO]    [PING OK] RU | 262ms
2026-02-17 05:20:26 [INFO]    [PING OK] RU | 677ms
2026-02-17 05:20:26 [INFO]    [PING OK] RU | 299ms
2026-02-17 05:20:27 [INFO]    [PING OK] FI | 140ms
2026-02-17 05:20:27 [INFO]    [PING OK] DE | 152ms
2026-02-17 05:20:27 [INFO]    [PING OK] RU | 127ms
2026-02-17 05:20:27 [INFO]    [PING OK] RU | 50ms
2026-02-17 05:20:27 [INFO]    [PING OK] RU | 229ms
2026-02-17 05:20:27 [INFO]    [PING OK] RU | 1887ms
2026-02-17 05:20:28 [INFO]    [PING OK] RU | 81ms
2026-02-17 05:20:28 [INFO]    [PING OK] NL | 176ms
2026-02-17 05:20:28 [INFO]    [PING OK] RU | 1132ms
2026-02-17 05:20:28 [INFO]    [PING OK] RU | 211ms
2026-02-17 05:20:28 [INFO]    [PING OK] RU | 249ms
2026-02-17 05:20:28 [INFO]    [PING OK] RU | 189ms
2026-02-17 05:20:29 [INFO]    [PING OK] FI | 162ms
2026-02-17 05:20:29 [INFO]    [PING OK] RU | 353ms
2026-02-17 05:20:29 [INFO]    [PING OK] RU | 342ms
2026-02-17 05:20:29 [INFO]    [PING OK] RU | 286ms
2026-02-17 05:20:29 [INFO]    [PING OK] RU | 2656ms
2026-02-17 05:20:29 [INFO]    [PING OK] US | 180ms
2026-02-17 05:20:30 [INFO]    [PING OK] RU | 243ms
2026-02-17 05:20:30 [INFO]    [PING OK] HU | 2418ms
2026-02-17 05:20:30 [INFO]    [PING OK] RU | 4719ms
2026-02-17 05:20:30 [INFO]    [PING OK] RU | 317ms
2026-02-17 05:20:30 [INFO]    [PING OK] RU | 3766ms
2026-02-17 05:20:30 [INFO]    [PING OK] RU | 200ms
2026-02-17 05:20:30 [INFO]    [PING OK] RU | 3420ms
2026-02-17 05:20:30 [INFO]    [PING OK] RU | 211ms
2026-02-17 05:20:30 [INFO]    [PING OK] RU | 270ms
2026-02-17 05:20:31 [INFO]    [PING OK] RU | 231ms
2026-02-17 05:20:31 [INFO]    [PING OK] RU | 211ms
2026-02-17 05:20:31 [INFO]    [PING OK] RU | 659ms
2026-02-17 05:20:31 [INFO]    [PING OK] RU | 539ms
2026-02-17 05:20:31 [INFO]    [PING OK] NL | 195ms
2026-02-17 05:20:31 [INFO]    [PING OK] RU | 4104ms
2026-02-17 05:20:31 [INFO]    [PING OK] RU | 967ms
2026-02-17 05:20:31 [INFO]    [PING OK] RU | 936ms
2026-02-17 05:20:31 [INFO]    [PING OK] RU | 102ms
2026-02-17 05:20:31 [INFO]    [PING OK] DE | 160ms
2026-02-17 05:20:31 [INFO]    [PING OK] RU | 216ms
2026-02-17 05:20:31 [INFO]    [PING OK] RU | 186ms
2026-02-17 05:20:31 [INFO]    [PING OK] RU | 267ms
2026-02-17 05:20:32 [INFO]    [PING OK] RU | 226ms
2026-02-17 05:20:32 [INFO]    [PING OK] RU | 897ms
2026-02-17 05:20:32 [INFO]    [PING OK] RU | 518ms
2026-02-17 05:20:32 [INFO]    [PING OK] RU | 210ms
2026-02-17 05:20:32 [INFO]    [PING OK] RU | 286ms
2026-02-17 05:20:33 [INFO]    [PING OK] NL | 229ms
2026-02-17 05:20:33 [INFO]    [PING OK] TR | 258ms
2026-02-17 05:20:34 [INFO]    [PING OK] US | 1150ms
2026-02-17 05:20:36 [INFO]    [PING OK] FR | 213ms
2026-02-17 05:20:38 [INFO]    [PING OK] EE | 249ms
2026-02-17 05:20:39 [INFO]    [PING OK] CY | 173ms
2026-02-17 05:20:45 [INFO]    [PING OK] LT | 135ms
2026-02-17 05:20:50 [INFO]    [PING OK] DE | 180ms
2026-02-17 05:20:52 [INFO]    [PING OK] FI | 391ms
2026-02-17 05:21:02 [INFO]    [PING OK] NL | 183ms
2026-02-17 05:21:02 [INFO]    [PING OK] NL | 511ms
2026-02-17 05:21:03 [INFO]    [PING OK] US | 709ms
2026-02-17 05:21:04 [INFO]    [PING OK] FR | 194ms
2026-02-17 05:21:08 [INFO]    [PING OK] PL | 604ms
2026-02-17 05:21:09 [INFO]    [PING OK] AT | 215ms
2026-02-17 05:21:17 [INFO]    [PING OK] LT | 169ms
2026-02-17 05:21:18 [INFO]    [PING OK] GR | 94ms
2026-02-17 05:21:19 [INFO]    [PING OK] NL | 146ms
2026-02-17 05:21:20 [INFO]    [PING OK] DE | 145ms
2026-02-17 05:21:21 [INFO]    [PING OK] DE | 165ms
2026-02-17 05:21:21 [INFO]    [PING OK] DE | 493ms
2026-02-17 05:21:25 [INFO]    [PING OK] DE | 153ms
2026-02-17 05:21:26 [INFO]    [PING OK] US | 521ms
2026-02-17 05:21:27 [INFO]    [PING OK] US | 647ms
2026-02-17 05:21:28 [INFO]    [PING OK] FR | 630ms
2026-02-17 05:21:28 [INFO]    [PING OK] US | 567ms
2026-02-17 05:21:29 [INFO]    [PING OK] PL | 517ms
2026-02-17 05:21:31 [INFO]    [PING OK] LT | 141ms
2026-02-17 05:21:33 [INFO]    [PING OK] NL | 225ms
2026-02-17 05:21:33 [INFO]    [PING OK] MD | 143ms
2026-02-17 05:21:33 [INFO]    [PING OK] LV | 166ms
2026-02-17 05:21:38 [INFO] 🏎️ ЭТАП 2: Глубокий замер скорости для ТОП-10 серверов...
2026-02-17 05:21:43 [INFO]    🏆 GR | Пинг: 94ms | Скорость: 6.89 Mbps ⚡⚡
2026-02-17 05:21:43 [INFO]    🏆 LT | Пинг: 135ms | Скорость: 7.04 Mbps ⚡⚡
2026-02-17 05:21:43 [INFO]    🏆 DE | Пинг: 138ms | Скорость: 6.92 Mbps ⚡⚡
2026-02-17 05:21:43 [INFO]    🏆 FI | Пинг: 140ms | Скорость: 6.96 Mbps ⚡⚡
2026-02-17 05:21:43 [INFO]    🏆 FI | Пинг: 140ms | Скорость: 7.11 Mbps ⚡⚡
2026-02-17 05:21:43 [INFO]    🏆 LT | Пинг: 141ms | Скорость: 7.12 Mbps ⚡⚡
2026-02-17 05:21:43 [INFO]    🏆 MD | Пинг: 143ms | Скорость: 7.16 Mbps ⚡⚡
2026-02-17 05:21:43 [INFO]    🏆 DE | Пинг: 145ms | Скорость: 7.24 Mbps ⚡⚡
2026-02-17 05:21:43 [INFO]    🏆 NL | Пинг: 146ms | Скорость: 7.33 Mbps ⚡⚡
2026-02-17 05:21:43 [INFO]    🏆 RU | Пинг: 50ms | Скорость: 4.75 Mbps ⚡⚡
2026-02-17 05:21:43 [INFO] 🇷🇺 Добавлен RU сервер: 87.242.103.184
2026-02-17 05:21:43 [INFO] 📊 Итого в подписке сохранено: 10 серверов
2026-02-17 05:21:43 [INFO] 💾 Файл успешно сохранен: FL1PVPN
