2026-02-17 14:50:05 [INFO] 🚀 START: Smart VLESS Selector (Target: 10, Strict Mode)
2026-02-17 14:50:05 [INFO] 🌐 Загрузка источников...
2026-02-17 14:50:08 [INFO] 🔍 Уникальных конфигов собрано: 538
2026-02-17 14:50:08 [INFO] ⚡ ЭТАП 1: Быстрый замер Пинга (Workers: 25)...
2026-02-17 14:50:13 [INFO]    [PING OK] US | 1012ms
2026-02-17 14:50:15 [INFO]    [PING OK] DE | 193ms
2026-02-17 14:50:16 [INFO]    [PING OK] NL | 178ms
2026-02-17 14:50:17 [INFO]    [PING OK] DE | 224ms
2026-02-17 14:50:18 [INFO]    [PING OK] DE | 224ms
2026-02-17 14:50:19 [INFO]    [PING OK] DE | 147ms
2026-02-17 14:50:19 [INFO]    [PING OK] DE | 427ms
2026-02-17 14:50:23 [INFO]    [PING OK] NL | 152ms
2026-02-17 14:50:24 [INFO]    [PING OK] RU | 110ms
2026-02-17 14:50:24 [INFO]    [PING OK] RU | 302ms
2026-02-17 14:50:25 [INFO]    [PING OK] RU | 218ms
2026-02-17 14:50:25 [INFO]    [PING OK] RU | 254ms
2026-02-17 14:50:26 [INFO]    [PING OK] RU | 144ms
2026-02-17 14:50:26 [INFO]    [PING OK] RU | 351ms
2026-02-17 14:50:26 [INFO]    [PING OK] RU | 322ms
2026-02-17 14:50:26 [INFO]    [PING OK] RU | 335ms
2026-02-17 14:50:26 [INFO]    [PING OK] RU | 224ms
2026-02-17 14:50:27 [INFO]    [PING OK] RU | 207ms
2026-02-17 14:50:27 [INFO]    [PING OK] RU | 1363ms
2026-02-17 14:50:27 [INFO]    [PING OK] RU | 276ms
2026-02-17 14:50:27 [INFO]    [PING OK] RU | 361ms
2026-02-17 14:50:27 [INFO]    [PING OK] RU | 285ms
2026-02-17 14:50:27 [INFO]    [PING OK] RU | 232ms
2026-02-17 14:50:27 [INFO]    [PING OK] RU | 320ms
2026-02-17 14:50:27 [INFO]    [PING OK] RU | 202ms
2026-02-17 14:50:27 [INFO]    [PING OK] RU | 177ms
2026-02-17 14:50:27 [INFO]    [PING OK] RU | 352ms
2026-02-17 14:50:27 [INFO]    [PING OK] RU | 358ms
2026-02-17 14:50:27 [INFO]    [PING OK] RU | 434ms
2026-02-17 14:50:28 [INFO]    [PING OK] RU | 187ms
2026-02-17 14:50:28 [INFO]    [PING OK] RU | 202ms
2026-02-17 14:50:28 [INFO]    [PING OK] RU | 183ms
2026-02-17 14:50:28 [INFO]    [PING OK] RU | 303ms
2026-02-17 14:50:28 [INFO]    [PING OK] RU | 322ms
2026-02-17 14:50:28 [INFO]    [PING OK] RU | 381ms
2026-02-17 14:50:28 [INFO]    [PING OK] RU | 271ms
2026-02-17 14:50:29 [INFO]    [PING OK] RU | 824ms
2026-02-17 14:50:29 [INFO]    [PING OK] RU | 4511ms
2026-02-17 14:50:29 [INFO]    [PING OK] RU | 414ms
2026-02-17 14:50:29 [INFO]    [PING OK] RU | 185ms
2026-02-17 14:50:29 [INFO]    [PING OK] RU | 1778ms
2026-02-17 14:50:29 [INFO]    [PING OK] RU | 284ms
2026-02-17 14:50:29 [INFO]    [PING OK] RU | 1560ms
2026-02-17 14:50:29 [INFO]    [PING OK] RU | 363ms
2026-02-17 14:50:30 [INFO]    [PING OK] RU | 379ms
2026-02-17 14:50:30 [INFO]    [PING OK] RU | 239ms
2026-02-17 14:50:30 [INFO]    [PING OK] RU | 313ms
2026-02-17 14:50:30 [INFO]    [PING OK] RU | 1315ms
2026-02-17 14:50:30 [INFO]    [PING OK] RU | 1307ms
2026-02-17 14:50:30 [INFO]    [PING OK] RU | 273ms
2026-02-17 14:50:30 [INFO]    [PING OK] RU | 262ms
2026-02-17 14:50:30 [INFO]    [PING OK] RU | 298ms
2026-02-17 14:50:30 [INFO]    [PING OK] RU | 321ms
2026-02-17 14:50:31 [INFO]    [PING OK] RU | 2917ms
2026-02-17 14:50:31 [INFO]    [PING OK] RU | 257ms
2026-02-17 14:50:31 [INFO]    [PING OK] RU | 308ms
2026-02-17 14:50:31 [INFO]    [PING OK] RU | 1674ms
2026-02-17 14:50:31 [INFO]    [PING OK] RU | 894ms
2026-02-17 14:50:31 [INFO]    [PING OK] RU | 240ms
2026-02-17 14:50:31 [INFO]    [PING OK] RU | 2229ms
2026-02-17 14:50:31 [INFO]    [PING OK] RU | 213ms
2026-02-17 14:50:31 [INFO]    [PING OK] RU | 115ms
2026-02-17 14:50:32 [INFO]    [PING OK] RU | 323ms
2026-02-17 14:50:32 [INFO]    [PING OK] RU | 280ms
2026-02-17 14:50:32 [INFO]    [PING OK] RU | 2698ms
2026-02-17 14:50:32 [INFO]    [PING OK] RU | 301ms
2026-02-17 14:50:32 [INFO]    [PING OK] RU | 512ms
2026-02-17 14:50:32 [INFO]    [PING OK] RU | 4621ms
2026-02-17 14:50:33 [INFO]    [PING OK] RU | 359ms
2026-02-17 14:50:33 [INFO]    [PING OK] RU | 1661ms
2026-02-17 14:50:33 [INFO]    [PING OK] RU | 685ms
2026-02-17 14:50:33 [INFO]    [PING OK] RU | 168ms
2026-02-17 14:50:33 [INFO]    [PING OK] RU | 888ms
2026-02-17 14:50:34 [INFO]    [PING OK] RU | 1298ms
2026-02-17 14:50:35 [INFO]    [PING OK] RU | 4896ms
2026-02-17 14:50:36 [INFO]    [PING OK] RU | 3443ms
2026-02-17 14:50:36 [INFO]    [PING OK] RU | 4221ms
2026-02-17 14:50:45 [INFO]    [PING OK] FI | 289ms
2026-02-17 14:50:52 [INFO]    [PING OK] RU | 236ms
2026-02-17 14:50:53 [INFO]    [PING OK] LT | 170ms
2026-02-17 14:50:54 [INFO]    [PING OK] CY | 971ms
2026-02-17 14:50:56 [INFO]    [PING OK] PL | 142ms
2026-02-17 14:50:56 [INFO]    [PING OK] AE | 136ms
2026-02-17 14:50:57 [INFO]    [PING OK] LT | 145ms
2026-02-17 14:50:59 [INFO]    [PING OK] EE | 438ms
2026-02-17 14:51:02 [INFO]    [PING OK] ES | 1042ms
2026-02-17 14:51:04 [INFO]    [PING OK] US | 478ms
2026-02-17 14:51:06 [INFO]    [PING OK] NL | 693ms
2026-02-17 14:51:08 [INFO]    [PING OK] PL | 463ms
2026-02-17 14:51:09 [INFO]    [PING OK] PL | 680ms
2026-02-17 14:51:18 [INFO]    [PING OK] LT | 813ms
2026-02-17 14:51:26 [INFO]    [PING OK] DE | 176ms
2026-02-17 14:51:28 [INFO]    [PING OK] TR | 287ms
2026-02-17 14:51:29 [INFO]    [PING OK] RU | 160ms
2026-02-17 14:51:29 [INFO]    [PING OK] LT | 3040ms
2026-02-17 14:51:32 [INFO]    [PING OK] DE | 164ms
2026-02-17 14:51:32 [INFO]    [PING OK] AT | 213ms
2026-02-17 14:51:35 [INFO]    [PING OK] MD | 155ms
2026-02-17 14:51:36 [INFO]    [PING OK] LV | 468ms
2026-02-17 14:51:47 [INFO] 🏎️ ЭТАП 2: Глубокий замер скорости для ТОП-10 серверов...
2026-02-17 14:51:52 [INFO]    🏆 AE | Пинг: 136ms | Скорость: 6.16 Mbps ⚡⚡
2026-02-17 14:51:52 [INFO]    🏆 PL | Пинг: 142ms | Скорость: 6.2 Mbps ⚡⚡
2026-02-17 14:51:52 [INFO]    🏆 LT | Пинг: 145ms | Скорость: 6.36 Mbps ⚡⚡
2026-02-17 14:51:52 [INFO]    🏆 DE | Пинг: 147ms | Скорость: 6.65 Mbps ⚡⚡
2026-02-17 14:51:52 [INFO]    🏆 NL | Пинг: 152ms | Скорость: 6.37 Mbps ⚡⚡
2026-02-17 14:51:52 [INFO]    🏆 MD | Пинг: 155ms | Скорость: 6.22 Mbps ⚡⚡
2026-02-17 14:51:52 [INFO]    🏆 DE | Пинг: 164ms | Скорость: 5.19 Mbps ⚡⚡
2026-02-17 14:51:52 [INFO]    🏆 LT | Пинг: 170ms | Скорость: 5.41 Mbps ⚡⚡
2026-02-17 14:51:52 [INFO]    🏆 DE | Пинг: 176ms | Скорость: 6.26 Mbps ⚡⚡
2026-02-17 14:51:52 [INFO]    🏆 RU | Пинг: 110ms | Скорость: 6.29 Mbps ⚡⚡
2026-02-17 14:51:52 [INFO] 🇷🇺 Добавлен RU сервер: 95.163.211.158
2026-02-17 14:51:52 [INFO] 📊 Итого в подписке сохранено: 10 серверов
2026-02-17 14:51:52 [INFO] 💾 Файл успешно сохранен: FL1PVPN
