2026-02-25 06:30:09 [INFO] 🚀 START: Smart Selector (Target: 10, ONLY FOREIGN)
2026-02-25 06:30:09 [INFO] 🌐 Загрузка источников (VLESS + VMess)...
2026-02-25 06:30:11 [INFO] 🔍 Уникальных конфигов собрано: 174
2026-02-25 06:30:11 [INFO] ⚡ ЭТАП 1: Замер Пинга и Геолокации. Workers: 40...
2026-02-25 06:30:17 [INFO]    [PING OK] NL | VLESS | 5544ms
2026-02-25 06:30:17 [INFO]    [PING OK] DE | VLESS | 5644ms
2026-02-25 06:30:17 [INFO]    [PING OK] DE | VLESS | 5694ms
2026-02-25 06:30:17 [INFO]    [PING OK] DE | VLESS | 5700ms
2026-02-25 06:30:17 [INFO]    [PING OK] DE | VLESS | 5529ms
2026-02-25 06:30:17 [INFO]    [PING OK] FI | VLESS | 5838ms
2026-02-25 06:30:17 [INFO]    [PING OK] DE | VLESS | 6017ms
2026-02-25 06:30:18 [INFO]    [PING OK] US | VLESS | 5760ms
2026-02-25 06:30:18 [INFO]    [PING OK] FI | VLESS | 5405ms
2026-02-25 06:30:18 [INFO]    [PING OK] NL | VLESS | 5657ms
2026-02-25 06:30:18 [INFO]    [PING OK] US | VLESS | 5923ms
2026-02-25 06:30:18 [INFO]    [PING OK] DE | VLESS | 5966ms
2026-02-25 06:30:18 [INFO]    [PING OK] NL | VLESS | 6571ms
2026-02-25 06:30:18 [INFO]    [PING OK] FI | VLESS | 5548ms
2026-02-25 06:30:18 [INFO]    [PING OK] FI | VLESS | 5126ms
2026-02-25 06:30:18 [INFO]    [PING OK] NL | VLESS | 5200ms
2026-02-25 06:30:18 [INFO]    [PING OK] NL | VLESS | 5148ms
2026-02-25 06:30:18 [INFO]    [PING OK] US | VLESS | 4780ms
2026-02-25 06:30:18 [INFO]    [PING OK] DE | VLESS | 4515ms
2026-02-25 06:30:18 [INFO]    [PING OK] US | VLESS | 5771ms
2026-02-25 06:30:19 [INFO]    [PING OK] FI | VLESS | 4705ms
2026-02-25 06:30:20 [INFO]    [PING OK] DE | VLESS | 8565ms
2026-02-25 06:30:22 [INFO]    [PING OK] NL | VLESS | 3667ms
2026-02-25 06:30:22 [INFO]    [PING OK] NL | VLESS | 3569ms
2026-02-25 06:30:22 [INFO]    [PING OK] NL | VLESS | 3757ms
2026-02-25 06:30:22 [INFO]    [PING OK] NL | VLESS | 3736ms
2026-02-25 06:30:22 [INFO]    [PING OK] FI | VLESS | 3545ms
2026-02-25 06:30:22 [INFO]    [PING OK] FI | VLESS | 3871ms
2026-02-25 06:30:22 [INFO]    [PING OK] FI | VLESS | 3955ms
2026-02-25 06:30:22 [INFO]    [PING OK] FI | VLESS | 3903ms
2026-02-25 06:30:22 [INFO]    [PING OK] NL | VLESS | 3812ms
2026-02-25 06:30:23 [INFO]    [PING OK] US | VLESS | 3872ms
2026-02-25 06:30:23 [INFO]    [PING OK] NL | VLESS | 3869ms
2026-02-25 06:30:23 [INFO]    [PING OK] FI | VLESS | 4134ms
2026-02-25 06:30:23 [INFO]    [PING OK] US | VLESS | 4135ms
2026-02-25 06:30:23 [INFO]    [PING OK] US | VLESS | 4814ms
2026-02-25 06:30:24 [INFO]    [PING OK] CA | VLESS | 4727ms
2026-02-25 06:30:24 [INFO]    [PING OK] US | VLESS | 6362ms
2026-02-25 06:30:25 [INFO]    [PING OK] TW | VLESS | 5238ms
2026-02-25 06:30:25 [INFO]    [PING OK] DE | VLESS | 4741ms
2026-02-25 06:30:25 [INFO]    [PING OK] CY | VLESS | 5239ms
2026-02-25 06:30:26 [INFO]    [PING OK] DE | VLESS | 6643ms
2026-02-25 06:30:26 [INFO]    [PING OK] CA | VLESS | 5432ms
2026-02-25 06:30:27 [INFO]    [PING OK] TR | VLESS | 6136ms
2026-02-25 06:30:28 [INFO]    [PING OK] LV | VLESS | 8104ms
2026-02-25 06:30:28 [INFO]    [PING OK] CA | VLESS | 5853ms
2026-02-25 06:30:28 [INFO]    [PING OK] DE | VLESS | 5416ms
2026-02-25 06:30:28 [INFO]    [PING OK] NL | VLESS | 5840ms
2026-02-25 06:30:29 [INFO]    [PING OK] CA | VLESS | 5768ms
2026-02-25 06:30:29 [INFO]    [PING OK] US | VLESS | 5153ms
2026-02-25 06:30:29 [INFO]    [PING OK] SG | VLESS | 5402ms
2026-02-25 06:30:29 [INFO]    [PING OK] CA | VLESS | 5436ms
2026-02-25 06:30:29 [INFO]    [PING OK] CA | VLESS | 5404ms
2026-02-25 06:30:29 [INFO]    [PING OK] CA | VLESS | 5857ms
2026-02-25 06:30:29 [INFO]    [PING OK] LV | VLESS | 6373ms
2026-02-25 06:30:30 [INFO]    [PING OK] CA | VLESS | 10369ms
2026-02-25 06:30:30 [INFO]    [PING OK] GB | VLESS | 4678ms
2026-02-25 06:30:30 [INFO]    [PING OK] GB | VLESS | 4721ms
2026-02-25 06:30:30 [INFO]    [PING OK] US | VLESS | 4631ms
2026-02-25 06:30:30 [INFO]    [PING OK] NL | VLESS | 4407ms
2026-02-25 06:30:30 [INFO]    [PING OK] NL | VLESS | 4303ms
2026-02-25 06:30:31 [INFO]    [PING OK] PL | VLESS | 3839ms
2026-02-25 06:30:31 [INFO]    [PING OK] CA | VLESS | 4997ms
2026-02-25 06:30:31 [INFO]    [PING OK] FR | VLESS | 3506ms
2026-02-25 06:30:31 [INFO]    [PING OK] US | VLESS | 3400ms
2026-02-25 06:30:31 [INFO]    [PING OK] TR | VLESS | 3430ms
2026-02-25 06:30:31 [INFO]    [PING OK] NL | VLESS | 2220ms
2026-02-25 06:30:31 [INFO]    [PING OK] LT | VLESS | 879ms
2026-02-25 06:30:31 [INFO]    [PING OK] DE | VLESS | 1212ms
2026-02-25 06:30:31 [INFO]    [PING OK] US | VLESS | 2037ms
2026-02-25 06:30:32 [INFO]    [PING OK] CA | VLESS | 3106ms
2026-02-25 06:30:32 [INFO]    [PING OK] SG | VLESS | 2950ms
2026-02-25 06:30:33 [INFO]    [PING OK] US | VLESS | 8827ms
2026-02-25 06:30:36 [INFO] 🏎️ ЭТАП 2: Глубокий замер скорости для 40 иностранных кандидатов...
2026-02-25 06:30:40 [INFO]    🏆 LT | VLESS | Пинг: 879ms | Скорость: 6.08 Mbps ⚡⚡
2026-02-25 06:30:40 [INFO]    🏆 FI | VLESS | Пинг: 3545ms | Скорость: 6.38 Mbps ⚡⚡
2026-02-25 06:30:40 [INFO]    🏆 DE | VLESS | Пинг: 1212ms | Скорость: 6.04 Mbps ⚡⚡
2026-02-25 06:30:40 [INFO]    🏆 NL | VLESS | Пинг: 3757ms | Скорость: 6.27 Mbps ⚡⚡
2026-02-25 06:30:40 [INFO]    🏆 NL | VLESS | Пинг: 3569ms | Скорость: 5.94 Mbps ⚡⚡
2026-02-25 06:30:40 [INFO]    🏆 NL | VLESS | Пинг: 2220ms | Скорость: 5.69 Mbps ⚡⚡
2026-02-25 06:30:41 [INFO]    🏆 NL | VLESS | Пинг: 3736ms | Скорость: 5.79 Mbps ⚡⚡
2026-02-25 06:30:41 [INFO]    🏆 FR | VLESS | Пинг: 3506ms | Скорость: 5.61 Mbps ⚡⚡
2026-02-25 06:30:41 [INFO]    🏆 US | VLESS | Пинг: 3400ms | Скорость: 5.59 Mbps ⚡⚡
2026-02-25 06:30:41 [INFO]    🏆 US | VLESS | Пинг: 2037ms | Скорость: 5.28 Mbps ⚡⚡
2026-02-25 06:30:41 [INFO]    🏆 TR | VLESS | Пинг: 3430ms | Скорость: 5.21 Mbps ⚡⚡
2026-02-25 06:30:43 [INFO]    🏆 CA | VLESS | Пинг: 3106ms | Скорость: 0.67 Mbps 
2026-02-25 06:30:43 [INFO]    🏆 NL | VLESS | Пинг: 3869ms | Скорость: 8.99 Mbps ⚡⚡
2026-02-25 06:30:44 [INFO]    🏆 PL | VLESS | Пинг: 3839ms | Скорость: 7.55 Mbps ⚡⚡
2026-02-25 06:30:44 [INFO]    🏆 NL | VLESS | Пинг: 4407ms | Скорость: 7.61 Mbps ⚡⚡
2026-02-25 06:30:44 [INFO]    🏆 FI | VLESS | Пинг: 3955ms | Скорость: 7.16 Mbps ⚡⚡
2026-02-25 06:30:44 [INFO]    🏆 US | VLESS | Пинг: 3872ms | Скорость: 6.73 Mbps ⚡⚡
2026-02-25 06:30:44 [INFO]    🏆 DE | VLESS | Пинг: 4515ms | Скорость: 7.46 Mbps ⚡⚡
2026-02-25 06:30:44 [INFO]    🏆 FI | VLESS | Пинг: 3903ms | Скорость: 6.4 Mbps ⚡⚡
2026-02-25 06:30:44 [INFO]    🏆 US | VLESS | Пинг: 4135ms | Скорость: 6.62 Mbps ⚡⚡
2026-02-25 06:30:45 [INFO]    🏆 US | VLESS | Пинг: 4631ms | Скорость: 6.31 Mbps ⚡⚡
2026-02-25 06:30:45 [INFO]    🏆 NL | VLESS | Пинг: 4303ms | Скорость: 6.06 Mbps ⚡⚡
2026-02-25 06:30:45 [INFO]    🏆 GB | VLESS | Пинг: 4678ms | Скорость: 6.46 Mbps ⚡⚡
2026-02-25 06:30:46 [INFO]    🏆 DE | VLESS | Пинг: 4741ms | Скорость: 12.17 Mbps ⚡⚡
2026-02-25 06:30:46 [INFO]    🏆 FI | VLESS | Пинг: 4705ms | Скорость: 8.94 Mbps ⚡⚡
2026-02-25 06:30:47 [INFO]    🏆 FI | VLESS | Пинг: 5126ms | Скорость: 11.11 Mbps ⚡⚡
2026-02-25 06:30:47 [INFO]    🏆 GB | VLESS | Пинг: 4721ms | Скорость: 7.1 Mbps ⚡⚡
2026-02-25 06:30:47 [INFO]    🏆 US | VLESS | Пинг: 4814ms | Скорость: 10.0 Mbps ⚡⚡
2026-02-25 06:30:47 [INFO]    🏆 NL | VLESS | Пинг: 5200ms | Скорость: 11.41 Mbps ⚡⚡
2026-02-25 06:30:47 [INFO]    🏆 NL | VLESS | Пинг: 5148ms | Скорость: 8.08 Mbps ⚡⚡
2026-02-25 06:30:49 [INFO]    🏆 US | VLESS | Пинг: 5153ms | Скорость: 4.85 Mbps ⚡⚡
2026-02-25 06:30:51 [INFO]    🏆 TW | VLESS | Пинг: 5238ms | Скорость: 2.29 Mbps ⚡
2026-02-25 06:30:51 [INFO] 📊 Итого в подписке сохранено иностранных серверов: 10
2026-02-25 06:30:51 [INFO] 💾 Файл успешно сохранен: FL1PVPN
