2026-02-18 22:20:06 [INFO] 🚀 START: Smart VLESS Selector (Target: 10, Strict Mode)
2026-02-18 22:20:06 [INFO] 🌐 Загрузка источников...
2026-02-18 22:20:09 [INFO] 🔍 Уникальных конфигов собрано: 699
2026-02-18 22:20:09 [INFO] ⚡ ЭТАП 1: Быстрый замер Пинга (Workers: 25)...
2026-02-18 22:20:10 [INFO]    [PING OK] TR | 112ms
2026-02-18 22:20:10 [INFO]    [PING OK] DE | 435ms
2026-02-18 22:20:10 [INFO]    [PING OK] RU | 524ms
2026-02-18 22:20:10 [INFO]    [PING OK] FR | 511ms
2026-02-18 22:20:11 [INFO]    [PING OK] RU | 158ms
2026-02-18 22:20:11 [INFO]    [PING OK] JP | 921ms
2026-02-18 22:20:12 [INFO]    [PING OK] DE | 153ms
2026-02-18 22:20:14 [INFO]    [PING OK] RU | 3689ms
2026-02-18 22:20:16 [INFO]    [PING OK] DE | 599ms
2026-02-18 22:20:17 [INFO]    [PING OK] LV | 185ms
2026-02-18 22:20:17 [INFO]    [PING OK] IT | 564ms
2026-02-18 22:20:18 [INFO]    [PING OK] RU | 268ms
2026-02-18 22:20:18 [INFO]    [PING OK] RU | 206ms
2026-02-18 22:20:19 [INFO]    [PING OK] RU | 504ms
2026-02-18 22:20:19 [INFO]    [PING OK] DE | 1037ms
2026-02-18 22:20:21 [INFO]    [PING OK] KR | 4202ms
2026-02-18 22:20:22 [INFO]    [PING OK] RU | 265ms
2026-02-18 22:20:22 [INFO]    [PING OK] TR | 126ms
2026-02-18 22:20:23 [INFO]    [PING OK] US | 2616ms
2026-02-18 22:20:24 [INFO]    [PING OK] RU | 332ms
2026-02-18 22:20:24 [INFO]    [PING OK] RU | 263ms
2026-02-18 22:20:24 [INFO]    [PING OK] RU | 350ms
2026-02-18 22:20:25 [INFO]    [PING OK] RU | 196ms
2026-02-18 22:20:25 [INFO]    [PING OK] RU | 67ms
2026-02-18 22:20:25 [INFO]    [PING OK] RU | 246ms
2026-02-18 22:20:26 [INFO]    [PING OK] RU | 359ms
2026-02-18 22:20:26 [INFO]    [PING OK] RU | 305ms
2026-02-18 22:20:26 [INFO]    [PING OK] RU | 366ms
2026-02-18 22:20:26 [INFO]    [PING OK] RU | 192ms
2026-02-18 22:20:26 [INFO]    [PING OK] RU | 207ms
2026-02-18 22:20:26 [INFO]    [PING OK] RU | 252ms
2026-02-18 22:20:26 [INFO]    [PING OK] RU | 203ms
2026-02-18 22:20:27 [INFO]    [PING OK] RU | 197ms
2026-02-18 22:20:27 [INFO]    [PING OK] RU | 219ms
2026-02-18 22:20:27 [INFO]    [PING OK] RU | 220ms
2026-02-18 22:20:27 [INFO]    [PING OK] RU | 229ms
2026-02-18 22:20:27 [INFO]    [PING OK] RU | 88ms
2026-02-18 22:20:27 [INFO]    [PING OK] RU | 77ms
2026-02-18 22:20:27 [INFO]    [PING OK] RU | 188ms
2026-02-18 22:20:27 [INFO]    [PING OK] RU | 203ms
2026-02-18 22:20:27 [INFO]    [PING OK] RU | 203ms
2026-02-18 22:20:27 [INFO]    [PING OK] RU | 199ms
2026-02-18 22:20:27 [INFO]    [PING OK] RU | 98ms
2026-02-18 22:20:27 [INFO]    [PING OK] RU | 201ms
2026-02-18 22:20:28 [INFO]    [PING OK] RU | 205ms
2026-02-18 22:20:28 [INFO]    [PING OK] RU | 198ms
2026-02-18 22:20:28 [INFO]    [PING OK] RU | 371ms
2026-02-18 22:20:28 [INFO]    [PING OK] RU | 309ms
2026-02-18 22:20:28 [INFO]    [PING OK] RU | 205ms
2026-02-18 22:20:28 [INFO]    [PING OK] RU | 214ms
2026-02-18 22:20:28 [INFO]    [PING OK] RU | 704ms
2026-02-18 22:20:28 [INFO]    [PING OK] RU | 2211ms
2026-02-18 22:20:28 [INFO]    [PING OK] RU | 155ms
2026-02-18 22:20:29 [INFO]    [PING OK] RU | 305ms
2026-02-18 22:20:29 [INFO]    [PING OK] RU | 233ms
2026-02-18 22:20:29 [INFO]    [PING OK] RU | 384ms
2026-02-18 22:20:29 [INFO]    [PING OK] RU | 357ms
2026-02-18 22:20:29 [INFO]    [PING OK] RU | 269ms
2026-02-18 22:20:29 [INFO]    [PING OK] RU | 323ms
2026-02-18 22:20:29 [INFO]    [PING OK] RU | 201ms
2026-02-18 22:20:29 [INFO]    [PING OK] RU | 290ms
2026-02-18 22:20:29 [INFO]    [PING OK] RU | 217ms
2026-02-18 22:20:29 [INFO]    [PING OK] RU | 514ms
2026-02-18 22:20:29 [INFO]    [PING OK] RU | 152ms
2026-02-18 22:20:29 [INFO]    [PING OK] RU | 247ms
2026-02-18 22:20:29 [INFO]    [PING OK] HU | 335ms
2026-02-18 22:20:29 [INFO]    [PING OK] RU | 203ms
2026-02-18 22:20:29 [INFO]    [PING OK] RU | 207ms
2026-02-18 22:20:30 [INFO]    [PING OK] RU | 233ms
2026-02-18 22:20:30 [INFO]    [PING OK] RU | 222ms
2026-02-18 22:20:30 [INFO]    [PING OK] RU | 238ms
2026-02-18 22:20:30 [INFO]    [PING OK] RU | 371ms
2026-02-18 22:20:30 [INFO]    [PING OK] RU | 342ms
2026-02-18 22:20:30 [INFO]    [PING OK] RU | 288ms
2026-02-18 22:20:30 [INFO]    [PING OK] RU | 127ms
2026-02-18 22:20:30 [INFO]    [PING OK] RU | 218ms
2026-02-18 22:20:30 [INFO]    [PING OK] RU | 311ms
2026-02-18 22:20:30 [INFO]    [PING OK] RU | 101ms
2026-02-18 22:20:31 [INFO]    [PING OK] RU | 1153ms
2026-02-18 22:20:31 [INFO]    [PING OK] ES | 214ms
2026-02-18 22:20:31 [INFO]    [PING OK] JP | 1106ms
2026-02-18 22:20:32 [INFO]    [PING OK] NL | 195ms
2026-02-18 22:20:32 [INFO]    [PING OK] MD | 166ms
2026-02-18 22:20:32 [INFO]    [PING OK] RU | 2541ms
2026-02-18 22:20:38 [INFO]    [PING OK] HU | 325ms
2026-02-18 22:20:39 [INFO]    [PING OK] CY | 398ms
2026-02-18 22:20:39 [INFO]    [PING OK] IN | 764ms
2026-02-18 22:20:39 [INFO]    [PING OK] MD | 159ms
2026-02-18 22:20:40 [INFO]    [PING OK] IQ | 186ms
2026-02-18 22:20:40 [INFO]    [PING OK] DE | 211ms
2026-02-18 22:20:41 [INFO]    [PING OK] PL | 116ms
2026-02-18 22:20:41 [INFO]    [PING OK] NL | 528ms
2026-02-18 22:20:41 [INFO]    [PING OK] LV | 324ms
2026-02-18 22:20:41 [INFO]    [PING OK] DE | 166ms
2026-02-18 22:20:41 [INFO]    [PING OK] US | 678ms
2026-02-18 22:20:42 [INFO]    [PING OK] AT | 238ms
2026-02-18 22:20:42 [INFO]    [PING OK] FI | 115ms
2026-02-18 22:20:42 [INFO]    [PING OK] UZ | 270ms
2026-02-18 22:20:42 [INFO]    [PING OK] RU | 51ms
2026-02-18 22:20:43 [INFO]    [PING OK] IT | 555ms
2026-02-18 22:20:44 [INFO]    [PING OK] US | 963ms
2026-02-18 22:20:44 [INFO]    [PING OK] FR | 829ms
2026-02-18 22:21:13 [INFO] 🏎️ ЭТАП 2: Глубокий замер скорости для ТОП-10 серверов...
2026-02-18 22:21:19 [INFO]    🏆 TR | Пинг: 112ms | Скорость: 10.4 Mbps ⚡⚡
2026-02-18 22:21:19 [INFO]    🏆 FI | Пинг: 115ms | Скорость: 7.58 Mbps ⚡⚡
2026-02-18 22:21:19 [INFO]    🏆 PL | Пинг: 116ms | Скорость: 8.47 Mbps ⚡⚡
2026-02-18 22:21:19 [INFO]    🏆 TR | Пинг: 126ms | Скорость: 7.56 Mbps ⚡⚡
2026-02-18 22:21:19 [INFO]    🏆 DE | Пинг: 153ms | Скорость: 8.21 Mbps ⚡⚡
2026-02-18 22:21:19 [INFO]    🏆 MD | Пинг: 159ms | Скорость: 3.38 Mbps ⚡⚡
2026-02-18 22:21:19 [INFO]    🏆 MD | Пинг: 166ms | Скорость: 7.25 Mbps ⚡⚡
2026-02-18 22:21:19 [INFO]    🏆 DE | Пинг: 166ms | Скорость: 5.51 Mbps ⚡⚡
2026-02-18 22:21:19 [INFO]    🏆 LV | Пинг: 185ms | Скорость: 3.71 Mbps ⚡⚡
2026-02-18 22:21:19 [INFO]    🏆 RU | Пинг: 51ms | Скорость: 7.07 Mbps ⚡⚡
2026-02-18 22:21:19 [INFO] 🇷🇺 Добавлен RU сервер: 87.242.103.184
2026-02-18 22:21:19 [INFO] 📊 Итого в подписке сохранено: 10 серверов
2026-02-18 22:21:19 [INFO] 💾 Файл успешно сохранен: FL1PVPN
