2026-02-19 14:30:05 [INFO] 🚀 START: Smart VPN Selector (Target: 10, Strict Mode)
2026-02-19 14:30:05 [INFO] 🌐 Загрузка источников...
2026-02-19 14:30:13 [INFO] 🔍 Уникальных конфигов собрано: 1214
2026-02-19 14:30:13 [INFO] ⚡ ЭТАП 1: Быстрый замер Пинга (Workers: 25)...
2026-02-19 14:30:14 [INFO]    [PING OK] DE | 160ms
2026-02-19 14:30:15 [INFO]    [PING OK] RU | 793ms
2026-02-19 14:30:17 [INFO]    [PING OK] RU | 2554ms
2026-02-19 14:30:17 [INFO]    [PING OK] NO | 1969ms
2026-02-19 14:30:18 [INFO]    [PING OK] RU | 385ms
2026-02-19 14:30:20 [INFO]    [PING OK] RU | 706ms
2026-02-19 14:30:20 [INFO]    [PING OK] RU | 233ms
2026-02-19 14:30:21 [INFO]    [PING OK] DE | 253ms
2026-02-19 14:30:21 [INFO]    [PING OK] DE | 143ms
2026-02-19 14:30:23 [INFO]    [PING OK] DE | 2848ms
2026-02-19 14:30:25 [INFO]    [PING OK] TR | 175ms
2026-02-19 14:30:26 [INFO]    [PING OK] TR | 140ms
2026-02-19 14:30:28 [INFO]    [PING OK] DE | 172ms
2026-02-19 14:30:28 [INFO]    [PING OK] RU | 254ms
2026-02-19 14:30:29 [INFO]    [PING OK] RU | 297ms
2026-02-19 14:30:30 [INFO]    [PING OK] RU | 293ms
2026-02-19 14:30:30 [INFO]    [PING OK] RU | 297ms
2026-02-19 14:30:30 [INFO]    [PING OK] RU | 217ms
2026-02-19 14:30:30 [INFO]    [PING OK] RU | 682ms
2026-02-19 14:30:30 [INFO]    [PING OK] RU | 1705ms
2026-02-19 14:30:31 [INFO]    [PING OK] RU | 338ms
2026-02-19 14:30:31 [INFO]    [PING OK] RU | 306ms
2026-02-19 14:30:31 [INFO]    [PING OK] RU | 352ms
2026-02-19 14:30:31 [INFO]    [PING OK] RU | 2943ms
2026-02-19 14:30:31 [INFO]    [PING OK] RU | 360ms
2026-02-19 14:30:31 [INFO]    [PING OK] RU | 312ms
2026-02-19 14:30:31 [INFO]    [PING OK] RU | 876ms
2026-02-19 14:30:31 [INFO]    [PING OK] RU | 1601ms
2026-02-19 14:30:31 [INFO]    [PING OK] RU | 1992ms
2026-02-19 14:30:31 [INFO]    [PING OK] RU | 203ms
2026-02-19 14:30:31 [INFO]    [PING OK] RU | 450ms
2026-02-19 14:30:32 [INFO]    [PING OK] RU | 278ms
2026-02-19 14:30:32 [INFO]    [PING OK] RU | 314ms
2026-02-19 14:30:32 [INFO]    [PING OK] RU | 187ms
2026-02-19 14:30:32 [INFO]    [PING OK] RU | 384ms
2026-02-19 14:30:32 [INFO]    [PING OK] RU | 238ms
2026-02-19 14:30:32 [INFO]    [PING OK] RU | 329ms
2026-02-19 14:30:32 [INFO]    [PING OK] RU | 265ms
2026-02-19 14:30:32 [INFO]    [PING OK] HU | 343ms
2026-02-19 14:30:32 [INFO]    [PING OK] RU | 415ms
2026-02-19 14:30:32 [INFO]    [PING OK] RU | 383ms
2026-02-19 14:30:32 [INFO]    [PING OK] RU | 329ms
2026-02-19 14:30:33 [INFO]    [PING OK] RU | 291ms
2026-02-19 14:30:33 [INFO]    [PING OK] RU | 328ms
2026-02-19 14:30:33 [INFO]    [PING OK] RU | 220ms
2026-02-19 14:30:33 [INFO]    [PING OK] RU | 232ms
2026-02-19 14:30:33 [INFO]    [PING OK] RU | 359ms
2026-02-19 14:30:33 [INFO]    [PING OK] RU | 369ms
2026-02-19 14:30:33 [INFO]    [PING OK] RU | 215ms
2026-02-19 14:30:33 [INFO]    [PING OK] RU | 310ms
2026-02-19 14:30:33 [INFO]    [PING OK] RU | 365ms
2026-02-19 14:30:33 [INFO]    [PING OK] RU | 316ms
2026-02-19 14:30:33 [INFO]    [PING OK] RU | 308ms
2026-02-19 14:30:34 [INFO]    [PING OK] RU | 147ms
2026-02-19 14:30:34 [INFO]    [PING OK] RU | 363ms
2026-02-19 14:30:35 [INFO]    [PING OK] AT | 234ms
2026-02-19 14:30:35 [INFO]    [PING OK] RU | 902ms
2026-02-19 14:30:35 [INFO]    [PING OK] RU | 1020ms
2026-02-19 14:30:35 [INFO]    [PING OK] FR | 141ms
2026-02-19 14:30:35 [INFO]    [PING OK] DE | 123ms
2026-02-19 14:30:35 [INFO]    [PING OK] RU | 2208ms
2026-02-19 14:30:36 [INFO]    [PING OK] RU | 313ms
2026-02-19 14:30:36 [INFO]    [PING OK] RU | 1974ms
2026-02-19 14:30:36 [INFO]    [PING OK] US | 487ms
2026-02-19 14:30:37 [INFO]    [PING OK] US | 1351ms
2026-02-19 14:30:37 [INFO]    [PING OK] JP | 821ms
2026-02-19 14:30:37 [INFO]    [PING OK] RU | 3388ms
2026-02-19 14:30:37 [INFO]    [PING OK] RU | 3011ms
2026-02-19 14:30:37 [INFO]    [PING OK] GR | 190ms
2026-02-19 14:30:38 [INFO]    [PING OK] US | 415ms
2026-02-19 14:30:38 [INFO]    [PING OK] GB | 155ms
2026-02-19 14:30:38 [INFO]    [PING OK] TR | 314ms
2026-02-19 14:30:38 [INFO]    [PING OK] MD | 140ms
2026-02-19 14:30:39 [INFO]    [PING OK] HK | 1260ms
2026-02-19 14:30:39 [INFO]    [PING OK] UZ | 280ms
2026-02-19 14:30:40 [INFO]    [PING OK] IL | 259ms
2026-02-19 14:30:40 [INFO]    [PING OK] NL | 370ms
2026-02-19 14:30:41 [INFO]    [PING OK] RU | 92ms
2026-02-19 14:30:41 [INFO]    [PING OK] ES | 3056ms
2026-02-19 14:30:41 [INFO]    [PING OK] US | 393ms
2026-02-19 14:30:42 [INFO]    [PING OK] CA | 331ms
2026-02-19 14:30:42 [INFO]    [PING OK] FI | 177ms
2026-02-19 14:30:42 [INFO]    [PING OK] TR | 184ms
2026-02-19 14:30:43 [INFO]    [PING OK] BG | 127ms
2026-02-19 14:30:43 [INFO]    [PING OK] US | 414ms
2026-02-19 14:30:43 [INFO]    [PING OK] US | 396ms
2026-02-19 14:30:43 [INFO]    [PING OK] GB | 205ms
2026-02-19 14:30:43 [INFO]    [PING OK] NL | 186ms
2026-02-19 14:30:43 [INFO]    [PING OK] US | 516ms
2026-02-19 14:30:43 [INFO]    [PING OK] TR | 435ms
2026-02-19 14:30:43 [INFO]    [PING OK] HK | 1499ms
2026-02-19 14:30:43 [INFO]    [PING OK] GB | 164ms
2026-02-19 14:30:44 [INFO]    [PING OK] GB | 631ms
2026-02-19 14:30:44 [INFO]    [PING OK] US | 387ms
2026-02-19 14:30:44 [INFO]    [PING OK] GB | 640ms
2026-02-19 14:30:45 [INFO]    [PING OK] SG | 496ms
2026-02-19 14:30:45 [INFO]    [PING OK] US | 377ms
2026-02-19 14:30:45 [INFO]    [PING OK] FR | 129ms
2026-02-19 14:30:46 [INFO]    [PING OK] FR | 314ms
2026-02-19 14:30:46 [INFO]    [PING OK] US | 391ms
2026-02-19 14:30:46 [INFO]    [PING OK] SG | 759ms
2026-02-19 14:30:46 [INFO]    [PING OK] US | 388ms
2026-02-19 14:30:46 [INFO]    [PING OK] MX | 330ms
2026-02-19 14:30:46 [INFO]    [PING OK] KH | 599ms
2026-02-19 14:30:47 [INFO]    [PING OK] US | 624ms
2026-02-19 14:30:48 [INFO]    [PING OK] GB | 170ms
2026-02-19 14:30:48 [INFO]    [PING OK] AE | 1411ms
2026-02-19 14:30:48 [INFO]    [PING OK] HU | 1358ms
2026-02-19 14:30:48 [INFO]    [PING OK] GB | 715ms
2026-02-19 14:30:50 [INFO]    [PING OK] US | 1572ms
2026-02-19 14:30:55 [INFO]    [PING OK] DE | 121ms
2026-02-19 14:30:59 [INFO]    [PING OK] DE | 121ms
2026-02-19 14:30:59 [INFO]    [PING OK] GB | 230ms
2026-02-19 14:31:03 [INFO]    [PING OK] JP | 2911ms
2026-02-19 14:31:06 [INFO]    [PING OK] SG | 524ms
2026-02-19 14:31:06 [INFO]    [PING OK] SG | 1083ms
2026-02-19 14:31:06 [INFO]    [PING OK] JP | 3685ms
2026-02-19 14:31:10 [INFO]    [PING OK] GB | 182ms
2026-02-19 14:31:10 [INFO]    [PING OK] DE | 132ms
2026-02-19 14:31:10 [INFO]    [PING OK] DE | 115ms
2026-02-19 14:31:12 [INFO]    [PING OK] BR | 584ms
2026-02-19 14:31:16 [INFO]    [PING OK] US | 245ms
2026-02-19 14:31:18 [INFO]    [PING OK] DE | 265ms
2026-02-19 14:31:19 [INFO]    [PING OK] FR | 133ms
2026-02-19 14:31:24 [INFO]    [PING OK] GB | 174ms
2026-02-19 14:31:25 [INFO]    [PING OK] GB | 4379ms
2026-02-19 14:31:25 [INFO]    [PING OK] FR | 138ms
2026-02-19 14:31:25 [INFO]    [PING OK] DE | 120ms
2026-02-19 14:31:27 [INFO]    [PING OK] DE | 216ms
2026-02-19 14:31:27 [INFO]    [PING OK] RU | 101ms
2026-02-19 14:31:28 [INFO]    [PING OK] GB | 139ms
2026-02-19 14:31:29 [INFO]    [PING OK] GB | 309ms
2026-02-19 14:31:30 [INFO]    [PING OK] GB | 2552ms
2026-02-19 14:31:30 [INFO]    [PING OK] DE | 1006ms
2026-02-19 14:31:30 [INFO]    [PING OK] GB | 380ms
2026-02-19 14:31:30 [INFO]    [PING OK] GB | 2701ms
2026-02-19 14:31:30 [INFO]    [PING OK] RU | 1979ms
2026-02-19 14:31:30 [INFO]    [PING OK] RU | 3185ms
2026-02-19 14:31:31 [INFO]    [PING OK] GB | 132ms
2026-02-19 14:31:31 [INFO]    [PING OK] GB | 131ms
2026-02-19 14:31:31 [INFO]    [PING OK] SG | 720ms
2026-02-19 14:31:31 [INFO]    [PING OK] GB | 133ms
2026-02-19 14:31:31 [INFO]    [PING OK] GB | 154ms
2026-02-19 14:31:31 [INFO]    [PING OK] SE | 2503ms
2026-02-19 14:31:32 [INFO]    [PING OK] RU | 170ms
2026-02-19 14:31:33 [INFO]    [PING OK] NO | 1466ms
2026-02-19 14:31:33 [INFO]    [PING OK] RU | 2823ms
2026-02-19 14:31:35 [INFO]    [PING OK] DE | 520ms
2026-02-19 14:31:35 [INFO]    [PING OK] GB | 138ms
2026-02-19 14:31:35 [INFO]    [PING OK] TR | 127ms
2026-02-19 14:31:36 [INFO]    [PING OK] FI | 264ms
2026-02-19 14:31:37 [INFO]    [PING OK] DE | 3219ms
2026-02-19 14:31:39 [INFO]    [PING OK] RU | 707ms
2026-02-19 14:31:39 [INFO]    [PING OK] GB | 154ms
2026-02-19 14:31:40 [INFO]    [PING OK] DE | 3820ms
2026-02-19 14:31:41 [INFO]    [PING OK] DE | 664ms
2026-02-19 14:31:42 [INFO]    [PING OK] GB | 3891ms
2026-02-19 14:31:43 [INFO]    [PING OK] GB | 327ms
2026-02-19 14:31:44 [INFO]    [PING OK] US | 622ms
2026-02-19 14:31:47 [INFO]    [PING OK] RU | 680ms
2026-02-19 14:31:48 [INFO]    [PING OK] RU | 2735ms
2026-02-19 14:31:49 [INFO]    [PING OK] FR | 3641ms
2026-02-19 14:31:49 [INFO]    [PING OK] RU | 1283ms
2026-02-19 14:31:51 [INFO]    [PING OK] RU | 4292ms
2026-02-19 14:31:53 [INFO]    [PING OK] NL | 832ms
2026-02-19 14:31:53 [INFO]    [PING OK] DE | 750ms
2026-02-19 14:32:04 [INFO] 🏎️ ЭТАП 2: Глубокий замер скорости для ТОП-10 серверов...
2026-02-19 14:32:10 [INFO]    🏆 DE | Пинг: 115ms | Скорость: 8.35 Mbps ⚡⚡
2026-02-19 14:32:10 [INFO]    🏆 DE | Пинг: 120ms | Скорость: 2.34 Mbps ⚡
2026-02-19 14:32:10 [INFO]    🏆 DE | Пинг: 121ms | Скорость: 8.57 Mbps ⚡⚡
2026-02-19 14:32:10 [INFO]    🏆 DE | Пинг: 121ms | Скорость: 8.45 Mbps ⚡⚡
2026-02-19 14:32:10 [INFO]    🏆 DE | Пинг: 123ms | Скорость: 8.42 Mbps ⚡⚡
2026-02-19 14:32:10 [INFO]    🏆 BG | Пинг: 127ms | Скорость: 6.9 Mbps ⚡⚡
2026-02-19 14:32:10 [INFO]    🏆 TR | Пинг: 127ms | Скорость: 8.71 Mbps ⚡⚡
2026-02-19 14:32:10 [INFO]    🏆 FR | Пинг: 129ms | Скорость: 8.77 Mbps ⚡⚡
2026-02-19 14:32:10 [INFO]    🏆 GB | Пинг: 131ms | Скорость: 8.96 Mbps ⚡⚡
2026-02-19 14:32:10 [INFO]    🏆 RU | Пинг: 92ms | Скорость: 9.11 Mbps ⚡⚡
2026-02-19 14:32:10 [INFO] 🇷🇺 Добавлен RU сервер: 212.192.14.234
2026-02-19 14:32:10 [INFO] 📊 Итого в подписке сохранено: 10 серверов
2026-02-19 14:32:10 [INFO] 💾 Файл успешно сохранен: FL1PVPN
