2026-02-26 03:50:06 [INFO] 🚀 START: Smart Selector (Target: 10, ONLY FOREIGN)
2026-02-26 03:50:06 [INFO] 🌐 Загрузка источников (VLESS + VMess)...
2026-02-26 03:50:08 [INFO] 🔍 Уникальных конфигов собрано: 239
2026-02-26 03:50:08 [INFO] ⚡ ЭТАП 1: Замер Пинга и Геолокации. Workers: 40...
2026-02-26 03:50:13 [INFO]    [PING OK] DE | VLESS | 4632ms
2026-02-26 03:50:13 [INFO]    [PING OK] DE | VLESS | 4217ms
2026-02-26 03:50:13 [INFO]    [PING OK] DE | VLESS | 4610ms
2026-02-26 03:50:13 [INFO]    [PING OK] NL | VLESS | 4571ms
2026-02-26 03:50:13 [INFO]    [PING OK] DE | VLESS | 4540ms
2026-02-26 03:50:13 [INFO]    [PING OK] NL | VLESS | 4804ms
2026-02-26 03:50:13 [INFO]    [PING OK] NL | VLESS | 4640ms
2026-02-26 03:50:13 [INFO]    [PING OK] US | VLESS | 4829ms
2026-02-26 03:50:13 [INFO]    [PING OK] NL | VLESS | 4760ms
2026-02-26 03:50:14 [INFO]    [PING OK] NL | VLESS | 4918ms
2026-02-26 03:50:14 [INFO]    [PING OK] NL | VLESS | 3915ms
2026-02-26 03:50:14 [INFO]    [PING OK] DE | VLESS | 5033ms
2026-02-26 03:50:14 [INFO]    [PING OK] DE | VLESS | 3988ms
2026-02-26 03:50:14 [INFO]    [PING OK] FI | VLESS | 4043ms
2026-02-26 03:50:14 [INFO]    [PING OK] DE | VLESS | 4014ms
2026-02-26 03:50:14 [INFO]    [PING OK] NL | VLESS | 4252ms
2026-02-26 03:50:14 [INFO]    [PING OK] DE | VLESS | 3970ms
2026-02-26 03:50:14 [INFO]    [PING OK] DE | VLESS | 3775ms
2026-02-26 03:50:14 [INFO]    [PING OK] FI | VLESS | 3789ms
2026-02-26 03:50:14 [INFO]    [PING OK] NL | VLESS | 4101ms
2026-02-26 03:50:14 [INFO]    [PING OK] NL | VLESS | 3581ms
2026-02-26 03:50:14 [INFO]    [PING OK] US | VLESS | 4155ms
2026-02-26 03:50:15 [INFO]    [PING OK] FI | VLESS | 3709ms
2026-02-26 03:50:15 [INFO]    [PING OK] NL | VLESS | 3727ms
2026-02-26 03:50:17 [INFO]    [PING OK] DE | VLESS | 3835ms
2026-02-26 03:50:18 [INFO]    [PING OK] ES | VLESS | 3774ms
2026-02-26 03:50:18 [INFO]    [PING OK] PL | VLESS | 3553ms
2026-02-26 03:50:18 [INFO]    [PING OK] EE | VLESS | 3507ms
2026-02-26 03:50:18 [INFO]    [PING OK] US | VLESS | 3757ms
2026-02-26 03:50:18 [INFO]    [PING OK] PL | VLESS | 3461ms
2026-02-26 03:50:18 [INFO]    [PING OK] PL | VLESS | 3880ms
2026-02-26 03:50:18 [INFO]    [PING OK] FI | VLESS | 3531ms
2026-02-26 03:50:18 [INFO]    [PING OK] NL | VLESS | 3631ms
2026-02-26 03:50:18 [INFO]    [PING OK] NL | VLESS | 3630ms
2026-02-26 03:50:18 [INFO]    [PING OK] NL | VLESS | 3756ms
2026-02-26 03:50:18 [INFO]    [PING OK] NL | VLESS | 4161ms
2026-02-26 03:50:18 [INFO]    [PING OK] DE | VLESS | 3809ms
2026-02-26 03:50:19 [INFO]    [PING OK] FI | VLESS | 3684ms
2026-02-26 03:50:19 [INFO]    [PING OK] PL | VLESS | 3745ms
2026-02-26 03:50:19 [INFO]    [PING OK] FI | VLESS | 3745ms
2026-02-26 03:50:19 [INFO]    [PING OK] PL | VLESS | 3406ms
2026-02-26 03:50:19 [INFO]    [PING OK] PL | VLESS | 3557ms
2026-02-26 03:50:19 [INFO]    [PING OK] NL | VLESS | 3387ms
2026-02-26 03:50:20 [INFO]    [PING OK] NL | VLESS | 3302ms
2026-02-26 03:50:20 [INFO]    [PING OK] NL | VLESS | 3522ms
2026-02-26 03:50:23 [INFO]    [PING OK] NL | VLESS | 4241ms
2026-02-26 03:50:23 [INFO]    [PING OK] DE | VLESS | 4552ms
2026-02-26 03:50:23 [INFO]    [PING OK] NL | VLESS | 5078ms
2026-02-26 03:50:23 [INFO]    [PING OK] LT | VLESS | 4721ms
2026-02-26 03:50:23 [INFO]    [PING OK] NL | VLESS | 4287ms
2026-02-26 03:50:24 [INFO]    [PING OK] NL | VLESS | 4288ms
2026-02-26 03:50:24 [INFO]    [PING OK] US | VLESS | 4630ms
2026-02-26 03:50:24 [INFO]    [PING OK] NL | VLESS | 4561ms
2026-02-26 03:50:24 [INFO]    [PING OK] NL | VLESS | 4903ms
2026-02-26 03:50:24 [INFO]    [PING OK] PL | VLESS | 4773ms
2026-02-26 03:50:24 [INFO]    [PING OK] PL | VLESS | 4805ms
2026-02-26 03:50:24 [INFO]    [PING OK] NL | VLESS | 4682ms
2026-02-26 03:50:24 [INFO]    [PING OK] ES | VLESS | 4566ms
2026-02-26 03:50:24 [INFO]    [PING OK] NL | VLESS | 4250ms
2026-02-26 03:50:24 [INFO]    [PING OK] NL | VLESS | 4802ms
2026-02-26 03:50:24 [INFO]    [PING OK] NL | VLESS | 4634ms
2026-02-26 03:50:24 [INFO]    [PING OK] PL | VLESS | 4524ms
2026-02-26 03:50:24 [INFO]    [PING OK] PL | VLESS | 4673ms
2026-02-26 03:50:24 [INFO]    [PING OK] NL | VLESS | 4696ms
2026-02-26 03:50:25 [INFO]    [PING OK] DE | VLESS | 4533ms
2026-02-26 03:50:25 [INFO]    [PING OK] PL | VLESS | 4141ms
2026-02-26 03:50:25 [INFO]    [PING OK] DE | VLESS | 4924ms
2026-02-26 03:50:25 [INFO]    [PING OK] NL | VLESS | 4225ms
2026-02-26 03:50:25 [INFO]    [PING OK] FI | VLESS | 4475ms
2026-02-26 03:50:25 [INFO]    [PING OK] US | VLESS | 4715ms
2026-02-26 03:50:26 [INFO]    [PING OK] PL | VLESS | 4446ms
2026-02-26 03:50:26 [INFO]    [PING OK] FI | VLESS | 4478ms
2026-02-26 03:50:26 [INFO]    [PING OK] PL | VLESS | 4357ms
2026-02-26 03:50:26 [INFO]    [PING OK] FI | VLESS | 4627ms
2026-02-26 03:50:26 [INFO]    [PING OK] DE | VLESS | 4880ms
2026-02-26 03:50:30 [INFO]    [PING OK] PL | VLESS | 5361ms
2026-02-26 03:50:30 [INFO]    [PING OK] FI | VLESS | 5476ms
2026-02-26 03:50:30 [INFO]    [PING OK] PL | VLESS | 6000ms
2026-02-26 03:50:30 [INFO]    [PING OK] SE | VLESS | 5695ms
2026-02-26 03:50:31 [INFO]    [PING OK] LV | VLESS | 5003ms
2026-02-26 03:50:31 [INFO]    [PING OK] NL | VLESS | 5092ms
2026-02-26 03:50:32 [INFO]    [PING OK] DE | VLESS | 4035ms
2026-02-26 03:50:33 [INFO]    [PING OK] NL | VLESS | 2965ms
2026-02-26 03:50:33 [INFO]    [PING OK] DE | VLESS | 2518ms
2026-02-26 03:50:33 [INFO]    [PING OK] LV | VLESS | 2639ms
2026-02-26 03:50:34 [INFO]    [PING OK] US | VLESS | 2525ms
2026-02-26 03:50:34 [INFO]    [PING OK] GB | VLESS | 2640ms
2026-02-26 03:50:34 [INFO]    [PING OK] FR | VLESS | 2805ms
2026-02-26 03:50:38 [INFO] 🏎️ ЭТАП 2: Глубокий замер скорости для 40 иностранных кандидатов...
2026-02-26 03:50:43 [INFO]    🏆 NL | VLESS | Пинг: 2965ms | Скорость: 5.24 Mbps ⚡⚡
2026-02-26 03:50:43 [INFO]    🏆 NL | VLESS | Пинг: 3302ms | Скорость: 5.19 Mbps ⚡⚡
2026-02-26 03:50:43 [INFO]    🏆 DE | VLESS | Пинг: 2518ms | Скорость: 5.03 Mbps ⚡⚡
2026-02-26 03:50:43 [INFO]    🏆 FR | VLESS | Пинг: 2805ms | Скорость: 5.13 Mbps ⚡⚡
2026-02-26 03:50:43 [INFO]    🏆 PL | VLESS | Пинг: 3406ms | Скорость: 5.2 Mbps ⚡⚡
2026-02-26 03:50:43 [INFO]    🏆 GB | VLESS | Пинг: 2640ms | Скорость: 5.04 Mbps ⚡⚡
2026-02-26 03:50:43 [INFO]    🏆 LV | VLESS | Пинг: 2639ms | Скорость: 4.99 Mbps ⚡⚡
2026-02-26 03:50:43 [INFO]    🏆 US | VLESS | Пинг: 2525ms | Скорость: 4.98 Mbps ⚡⚡
2026-02-26 03:50:43 [INFO]    🏆 PL | VLESS | Пинг: 3461ms | Скорость: 5.09 Mbps ⚡⚡
2026-02-26 03:50:43 [INFO]    🏆 PL | VLESS | Пинг: 3553ms | Скорость: 5.22 Mbps ⚡⚡
2026-02-26 03:50:43 [INFO]    🏆 PL | VLESS | Пинг: 3557ms | Скорость: 5.19 Mbps ⚡⚡
2026-02-26 03:50:43 [INFO]    🏆 NL | VLESS | Пинг: 3387ms | Скорость: 4.97 Mbps ⚡⚡
2026-02-26 03:50:43 [INFO]    🏆 FI | VLESS | Пинг: 3531ms | Скорость: 5.1 Mbps ⚡⚡
2026-02-26 03:50:43 [INFO]    🏆 EE | VLESS | Пинг: 3507ms | Скорость: 5.0 Mbps ⚡⚡
2026-02-26 03:50:43 [INFO]    🏆 NL | VLESS | Пинг: 3522ms | Скорость: 4.93 Mbps ⚡⚡
2026-02-26 03:50:47 [INFO]    🏆 FI | VLESS | Пинг: 3684ms | Скорость: 5.86 Mbps ⚡⚡
2026-02-26 03:50:48 [INFO]    🏆 DE | VLESS | Пинг: 3809ms | Скорость: 5.68 Mbps ⚡⚡
2026-02-26 03:50:48 [INFO]    🏆 NL | VLESS | Пинг: 3581ms | Скорость: 5.43 Mbps ⚡⚡
2026-02-26 03:50:48 [INFO]    🏆 NL | VLESS | Пинг: 3631ms | Скорость: 5.36 Mbps ⚡⚡
2026-02-26 03:50:48 [INFO]    🏆 FI | VLESS | Пинг: 3709ms | Скорость: 5.36 Mbps ⚡⚡
2026-02-26 03:50:48 [INFO]    🏆 FI | VLESS | Пинг: 3745ms | Скорость: 5.45 Mbps ⚡⚡
2026-02-26 03:50:48 [INFO]    🏆 US | VLESS | Пинг: 3757ms | Скорость: 5.43 Mbps ⚡⚡
2026-02-26 03:50:48 [INFO]    🏆 NL | VLESS | Пинг: 3756ms | Скорость: 5.6 Mbps ⚡⚡
2026-02-26 03:50:48 [INFO]    🏆 PL | VLESS | Пинг: 3745ms | Скорость: 5.29 Mbps ⚡⚡
2026-02-26 03:50:48 [INFO]    🏆 NL | VLESS | Пинг: 3630ms | Скорость: 5.38 Mbps ⚡⚡
2026-02-26 03:50:48 [INFO]    🏆 DE | VLESS | Пинг: 3775ms | Скорость: 5.34 Mbps ⚡⚡
2026-02-26 03:50:48 [INFO]    🏆 DE | VLESS | Пинг: 3835ms | Скорость: 5.55 Mbps ⚡⚡
2026-02-26 03:50:48 [INFO]    🏆 NL | VLESS | Пинг: 3727ms | Скорость: 5.18 Mbps ⚡⚡
2026-02-26 03:50:48 [INFO]    🏆 ES | VLESS | Пинг: 3774ms | Скорость: 5.15 Mbps ⚡⚡
2026-02-26 03:50:48 [INFO]    🏆 FI | VLESS | Пинг: 3789ms | Скорость: 5.23 Mbps ⚡⚡
2026-02-26 03:50:51 [INFO]    🏆 DE | VLESS | Пинг: 3970ms | Скорость: 8.38 Mbps ⚡⚡
2026-02-26 03:50:51 [INFO]    🏆 NL | VLESS | Пинг: 3915ms | Скорость: 8.36 Mbps ⚡⚡
2026-02-26 03:50:51 [INFO]    🏆 PL | VLESS | Пинг: 4141ms | Скорость: 8.36 Mbps ⚡⚡
2026-02-26 03:50:51 [INFO]    🏆 DE | VLESS | Пинг: 4035ms | Скорость: 8.09 Mbps ⚡⚡
2026-02-26 03:50:51 [INFO]    🏆 DE | VLESS | Пинг: 4014ms | Скорость: 8.02 Mbps ⚡⚡
2026-02-26 03:50:51 [INFO]    🏆 FI | VLESS | Пинг: 4043ms | Скорость: 8.12 Mbps ⚡⚡
2026-02-26 03:50:51 [INFO]    🏆 NL | VLESS | Пинг: 4101ms | Скорость: 8.02 Mbps ⚡⚡
2026-02-26 03:50:52 [INFO]    🏆 US | VLESS | Пинг: 4155ms | Скорость: 6.47 Mbps ⚡⚡
2026-02-26 03:50:52 [INFO]    🏆 DE | VLESS | Пинг: 3988ms | Скорость: 6.18 Mbps ⚡⚡
2026-02-26 03:50:54 [INFO]    🏆 PL | VLESS | Пинг: 3880ms | Скорость: 3.11 Mbps ⚡⚡
2026-02-26 03:50:54 [INFO] 📊 Итого в подписке сохранено иностранных серверов: 10
2026-02-26 03:50:54 [INFO] 💾 Файл успешно сохранен: FL1PVPN
