2026-02-22 08:00:06 [INFO] 🚀 START: Smart Selector (Target: 10, ONLY FOREIGN)
2026-02-22 08:00:06 [INFO] 🌐 Загрузка источников (VLESS + VMess)...
2026-02-22 08:00:09 [INFO] 🔍 Уникальных конфигов собрано: 265
2026-02-22 08:00:09 [INFO] ⚡ ЭТАП 1: Замер Пинга и Геолокации. Workers: 40...
2026-02-22 08:00:15 [INFO]    [PING OK] DE | VLESS | 4045ms
2026-02-22 08:00:15 [INFO]    [PING OK] CZ | VLESS | 4597ms
2026-02-22 08:00:15 [INFO]    [PING OK] HU | VLESS | 2827ms
2026-02-22 08:00:15 [INFO]    [PING OK] IT | VLESS | 2593ms
2026-02-22 08:00:16 [INFO]    [PING OK] DE | VLESS | 4418ms
2026-02-22 08:00:17 [INFO]    [PING OK] DE | VLESS | 5302ms
2026-02-22 08:00:17 [INFO]    [PING OK] DE | VLESS | 6512ms
2026-02-22 08:00:18 [INFO]    [PING OK] DE | VLESS | 5892ms
2026-02-22 08:00:18 [INFO]    [PING OK] PL | VLESS | 2748ms
2026-02-22 08:00:18 [INFO]    [PING OK] ES | VLESS | 2815ms
2026-02-22 08:00:18 [INFO]    [PING OK] ES | VLESS | 2921ms
2026-02-22 08:00:18 [INFO]    [PING OK] TR | VLESS | 2791ms
2026-02-22 08:00:18 [INFO]    [PING OK] NL | VLESS | 2705ms
2026-02-22 08:00:18 [INFO]    [PING OK] US | VLESS | 3115ms
2026-02-22 08:00:18 [INFO]    [PING OK] DE | VLESS | 8340ms
2026-02-22 08:00:19 [INFO]    [PING OK] IT | VLESS | 2594ms
2026-02-22 08:00:19 [INFO]    [PING OK] TR | VLESS | 2619ms
2026-02-22 08:00:19 [INFO]    [PING OK] ES | VLESS | 2524ms
2026-02-22 08:00:19 [INFO]    [PING OK] DE | VLESS | 7304ms
2026-02-22 08:00:19 [INFO]    [PING OK] PL | VLESS | 2486ms
2026-02-22 08:00:19 [INFO]    [PING OK] ES | VLESS | 2555ms
2026-02-22 08:00:19 [INFO]    [PING OK] DE | VLESS | 2990ms
2026-02-22 08:00:19 [INFO]    [PING OK] ES | VLESS | 2869ms
2026-02-22 08:00:20 [INFO]    [PING OK] IT | VLESS | 2954ms
2026-02-22 08:00:21 [INFO]    [PING OK] ES | VLESS | 3528ms
2026-02-22 08:00:22 [INFO]    [PING OK] PL | VLESS | 3471ms
2026-02-22 08:00:22 [INFO]    [PING OK] NL | VLESS | 3516ms
2026-02-22 08:00:22 [INFO]    [PING OK] PL | VLESS | 4010ms
2026-02-22 08:00:23 [INFO]    [PING OK] HU | VLESS | 3606ms
2026-02-22 08:00:23 [INFO]    [PING OK] ES | VLESS | 3905ms
2026-02-22 08:00:23 [INFO]    [PING OK] HU | VLESS | 3664ms
2026-02-22 08:00:23 [INFO]    [PING OK] TR | VLESS | 4042ms
2026-02-22 08:00:23 [INFO]    [PING OK] HU | VLESS | 3436ms
2026-02-22 08:00:23 [INFO]    [PING OK] PL | VLESS | 4321ms
2026-02-22 08:00:23 [INFO]    [PING OK] PL | VLESS | 3716ms
2026-02-22 08:00:23 [INFO]    [PING OK] PL | VLESS | 3992ms
2026-02-22 08:00:23 [INFO]    [PING OK] DE | VLESS | 3604ms
2026-02-22 08:00:24 [INFO]    [PING OK] TR | VLESS | 3813ms
2026-02-22 08:00:24 [INFO]    [PING OK] IT | VLESS | 4079ms
2026-02-22 08:00:24 [INFO]    [PING OK] HU | VLESS | 3556ms
2026-02-22 08:00:24 [INFO]    [PING OK] HU | VLESS | 3596ms
2026-02-22 08:00:24 [INFO]    [PING OK] HU | VLESS | 3800ms
2026-02-22 08:00:24 [INFO]    [PING OK] TR | VLESS | 5018ms
2026-02-22 08:00:24 [INFO]    [PING OK] NL | VLESS | 3635ms
2026-02-22 08:00:25 [INFO]    [PING OK] DE | VLESS | 4010ms
2026-02-22 08:00:25 [INFO]    [PING OK] PL | VLESS | 4268ms
2026-02-22 08:00:25 [INFO]    [PING OK] PL | VLESS | 4283ms
2026-02-22 08:00:26 [INFO]    [PING OK] CA | VLESS | 8483ms
2026-02-22 08:00:27 [INFO]    [PING OK] PL | VLESS | 5315ms
2026-02-22 08:00:28 [INFO]    [PING OK] NL | VLESS | 4817ms
2026-02-22 08:00:30 [INFO]    [PING OK] TR | VLESS | 5830ms
2026-02-22 08:00:30 [INFO]    [PING OK] CA | VLESS | 5838ms
2026-02-22 08:00:30 [INFO]    [PING OK] CA | VLESS | 5970ms
2026-02-22 08:00:30 [INFO]    [PING OK] CA | VLESS | 5999ms
2026-02-22 08:00:30 [INFO]    [PING OK] PL | VLESS | 6333ms
2026-02-22 08:00:30 [INFO]    [PING OK] DE | VLESS | 6059ms
2026-02-22 08:00:30 [INFO]    [PING OK] CA | VLESS | 6101ms
2026-02-22 08:00:33 [INFO]    [PING OK] FR | VLESS | 8768ms
2026-02-22 08:00:34 [INFO]    [PING OK] CA | VLESS | 9550ms
2026-02-22 08:00:35 [INFO]    [PING OK] CA | VLESS | 8638ms
2026-02-22 08:00:35 [INFO]    [PING OK] CA | VLESS | 4350ms
2026-02-22 08:00:35 [INFO]    [PING OK] DE | VLESS | 4340ms
2026-02-22 08:00:35 [INFO]    [PING OK] CA | VLESS | 4208ms
2026-02-22 08:00:35 [INFO]    [PING OK] CA | VLESS | 4110ms
2026-02-22 08:00:36 [INFO]    [PING OK] CA | VLESS | 4396ms
2026-02-22 08:00:36 [INFO]    [PING OK] CA | VLESS | 7825ms
2026-02-22 08:00:36 [INFO]    [PING OK] CA | VLESS | 4111ms
2026-02-22 08:00:36 [INFO]    [PING OK] CA | VLESS | 4697ms
2026-02-22 08:00:37 [INFO]    [PING OK] LV | VLESS | 4080ms
2026-02-22 08:00:37 [INFO]    [PING OK] DE | VLESS | 3835ms
2026-02-22 08:00:38 [INFO]    [PING OK] DE | VLESS | 3621ms
2026-02-22 08:00:38 [INFO]    [PING OK] NL | VLESS | 3317ms
2026-02-22 08:00:39 [INFO]    [PING OK] DE | VLESS | 2208ms
2026-02-22 08:00:39 [INFO]    [PING OK] US | VLESS | 713ms
2026-02-22 08:00:44 [INFO] 🏎️ ЭТАП 2: Глубокий замер скорости для 40 иностранных кандидатов...
2026-02-22 08:00:48 [INFO]    🏆 PL | VLESS | Пинг: 2748ms | Скорость: 6.34 Mbps ⚡⚡
2026-02-22 08:00:48 [INFO]    🏆 NL | VLESS | Пинг: 2705ms | Скорость: 6.34 Mbps ⚡⚡
2026-02-22 08:00:48 [INFO]    🏆 PL | VLESS | Пинг: 2486ms | Скорость: 6.19 Mbps ⚡⚡
2026-02-22 08:00:48 [INFO]    🏆 HU | VLESS | Пинг: 2827ms | Скорость: 6.26 Mbps ⚡⚡
2026-02-22 08:00:48 [INFO]    🏆 ES | VLESS | Пинг: 2524ms | Скорость: 5.99 Mbps ⚡⚡
2026-02-22 08:00:48 [INFO]    🏆 ES | VLESS | Пинг: 2921ms | Скорость: 6.22 Mbps ⚡⚡
2026-02-22 08:00:48 [INFO]    🏆 ES | VLESS | Пинг: 2815ms | Скорость: 6.11 Mbps ⚡⚡
2026-02-22 08:00:48 [INFO]    🏆 TR | VLESS | Пинг: 2791ms | Скорость: 6.14 Mbps ⚡⚡
2026-02-22 08:00:48 [INFO]    🏆 TR | VLESS | Пинг: 2619ms | Скорость: 5.91 Mbps ⚡⚡
2026-02-22 08:00:48 [INFO]    🏆 US | VLESS | Пинг: 713ms | Скорость: 5.57 Mbps ⚡⚡
2026-02-22 08:00:50 [INFO]    🏆 DE | VLESS | Пинг: 2208ms | Скорость: 3.78 Mbps ⚡⚡
2026-02-22 08:00:50 [INFO]    🏆 IT | VLESS | Пинг: 2593ms | Скорость: 0.68 Mbps 
2026-02-22 08:00:51 [INFO]    🏆 ES | VLESS | Пинг: 2555ms | Скорость: 1.02 Mbps 
2026-02-22 08:00:51 [INFO]    🏆 ES | VLESS | Пинг: 2869ms | Скорость: 2.4 Mbps ⚡
2026-02-22 08:00:51 [INFO]    🏆 NL | VLESS | Пинг: 3317ms | Скорость: 7.29 Mbps ⚡⚡
2026-02-22 08:00:51 [INFO]    🏆 NL | VLESS | Пинг: 3516ms | Скорость: 7.22 Mbps ⚡⚡
2026-02-22 08:00:51 [INFO]    🏆 HU | VLESS | Пинг: 3556ms | Скорость: 7.25 Mbps ⚡⚡
2026-02-22 08:00:51 [INFO]    🏆 HU | VLESS | Пинг: 3436ms | Скорость: 7.05 Mbps ⚡⚡
2026-02-22 08:00:52 [INFO]    🏆 HU | VLESS | Пинг: 3596ms | Скорость: 7.0 Mbps ⚡⚡
2026-02-22 08:00:53 [INFO]    🏆 DE | VLESS | Пинг: 3604ms | Скорость: 8.72 Mbps ⚡⚡
2026-02-22 08:00:53 [INFO]    🏆 PL | VLESS | Пинг: 3471ms | Скорость: 4.7 Mbps ⚡⚡
2026-02-22 08:00:53 [INFO]    🏆 NL | VLESS | Пинг: 3635ms | Скорость: 11.24 Mbps ⚡⚡
2026-02-22 08:00:54 [INFO]    🏆 ES | VLESS | Пинг: 3528ms | Скорость: 3.8 Mbps ⚡⚡
2026-02-22 08:00:54 [INFO]    🏆 ES | VLESS | Пинг: 3905ms | Скорость: 10.11 Mbps ⚡⚡
2026-02-22 08:00:54 [INFO]    🏆 TR | VLESS | Пинг: 3813ms | Скорость: 8.77 Mbps ⚡⚡
2026-02-22 08:00:54 [INFO]    🏆 US | VLESS | Пинг: 3115ms | Скорость: 2.95 Mbps ⚡
2026-02-22 08:00:54 [INFO]    🏆 IT | VLESS | Пинг: 2954ms | Скорость: 2.18 Mbps ⚡
2026-02-22 08:00:54 [INFO]    🏆 DE | VLESS | Пинг: 2990ms | Скорость: 1.53 Mbps ⚡
2026-02-22 08:00:55 [INFO]    🏆 PL | VLESS | Пинг: 4010ms | Скорость: 11.81 Mbps ⚡⚡
2026-02-22 08:00:56 [INFO]    🏆 HU | VLESS | Пинг: 3606ms | Скорость: 3.84 Mbps ⚡⚡
2026-02-22 08:00:57 [INFO]    🏆 PL | VLESS | Пинг: 3716ms | Скорость: 4.17 Mbps ⚡⚡
2026-02-22 08:00:58 [INFO]    🏆 HU | VLESS | Пинг: 3664ms | Скорость: 0.86 Mbps 
2026-02-22 08:00:58 [INFO]    🏆 HU | VLESS | Пинг: 3800ms | Скорость: 3.2 Mbps ⚡⚡
2026-02-22 08:00:59 [INFO]    🏆 PL | VLESS | Пинг: 3992ms | Скорость: 2.96 Mbps ⚡
2026-02-22 08:01:01 [INFO] 📊 Итого в подписке сохранено иностранных серверов: 10
2026-02-22 08:01:01 [INFO] 💾 Файл успешно сохранен: FL1PVPN
