2026-02-27 03:30:05 [INFO] 🚀 START: Smart Selector (Target: 10, ONLY FOREIGN)
2026-02-27 03:30:05 [INFO] 🌐 Загрузка источников (VLESS + VMess)...
2026-02-27 03:30:07 [INFO] 🔍 Уникальных конфигов собрано: 156
2026-02-27 03:30:07 [INFO] ⚡ ЭТАП 1: Замер Пинга и Геолокации. Workers: 40...
2026-02-27 03:30:12 [INFO]    [PING OK] PL | VLESS | 4607ms
2026-02-27 03:30:12 [INFO]    [PING OK] FI | VLESS | 4722ms
2026-02-27 03:30:12 [INFO]    [PING OK] FI | VLESS | 4378ms
2026-02-27 03:30:12 [INFO]    [PING OK] FI | VLESS | 4726ms
2026-02-27 03:30:12 [INFO]    [PING OK] FI | VLESS | 4520ms
2026-02-27 03:30:12 [INFO]    [PING OK] FI | VLESS | 4724ms
2026-02-27 03:30:12 [INFO]    [PING OK] NL | VLESS | 4741ms
2026-02-27 03:30:13 [INFO]    [PING OK] DE | VLESS | 4798ms
2026-02-27 03:30:13 [INFO]    [PING OK] FI | VLESS | 4432ms
2026-02-27 03:30:13 [INFO]    [PING OK] FR | VLESS | 4673ms
2026-02-27 03:30:13 [INFO]    [PING OK] CA | VLESS | 4836ms
2026-02-27 03:30:13 [INFO]    [PING OK] FI | VLESS | 4570ms
2026-02-27 03:30:13 [INFO]    [PING OK] FI | VLESS | 4749ms
2026-02-27 03:30:13 [INFO]    [PING OK] NL | VLESS | 4686ms
2026-02-27 03:30:13 [INFO]    [PING OK] FI | VLESS | 4724ms
2026-02-27 03:30:13 [INFO]    [PING OK] DE | VLESS | 4093ms
2026-02-27 03:30:13 [INFO]    [PING OK] DE | VLESS | 4317ms
2026-02-27 03:30:13 [INFO]    [PING OK] FI | VLESS | 4028ms
2026-02-27 03:30:14 [INFO]    [PING OK] FI | VLESS | 4488ms
2026-02-27 03:30:14 [INFO]    [PING OK] DE | VLESS | 4311ms
2026-02-27 03:30:14 [INFO]    [PING OK] DE | VLESS | 3948ms
2026-02-27 03:30:15 [INFO]    [PING OK] FR | VLESS | 5066ms
2026-02-27 03:30:15 [INFO]    [PING OK] TR | VLESS | 6196ms
2026-02-27 03:30:15 [INFO]    [PING OK] ES | VLESS | 4789ms
2026-02-27 03:30:15 [INFO]    [PING OK] DE | VLESS | 4831ms
2026-02-27 03:30:17 [INFO]    [PING OK] US | VLESS | 4607ms
2026-02-27 03:30:17 [INFO]    [PING OK] FI | VLESS | 4388ms
2026-02-27 03:30:17 [INFO]    [PING OK] SE | VLESS | 4276ms
2026-02-27 03:30:18 [INFO]    [PING OK] DE | VLESS | 4105ms
2026-02-27 03:30:18 [INFO]    [PING OK] FI | VLESS | 4472ms
2026-02-27 03:30:18 [INFO]    [PING OK] DE | VLESS | 4262ms
2026-02-27 03:30:18 [INFO]    [PING OK] FI | VLESS | 3973ms
2026-02-27 03:30:18 [INFO]    [PING OK] TR | VLESS | 4515ms
2026-02-27 03:30:18 [INFO]    [PING OK] US | VLESS | 4389ms
2026-02-27 03:30:18 [INFO]    [PING OK] DE | VLESS | 3946ms
2026-02-27 03:30:18 [INFO]    [PING OK] ES | VLESS | 4059ms
2026-02-27 03:30:18 [INFO]    [PING OK] FR | VLESS | 4230ms
2026-02-27 03:30:18 [INFO]    [PING OK] ES | VLESS | 3905ms
2026-02-27 03:30:19 [INFO]    [PING OK] CH | VLESS | 3748ms
2026-02-27 03:30:19 [INFO]    [PING OK] US | VLESS | 3840ms
2026-02-27 03:30:19 [INFO]    [PING OK] DE | VLESS | 3804ms
2026-02-27 03:30:19 [INFO]    [PING OK] CA | VLESS | 3622ms
2026-02-27 03:30:19 [INFO]    [PING OK] NL | VLESS | 3395ms
2026-02-27 03:30:19 [INFO]    [PING OK] DE | VLESS | 3280ms
2026-02-27 03:30:19 [INFO]    [PING OK] IT | VLESS | 3089ms
2026-02-27 03:30:20 [INFO]    [PING OK] HK | VLESS | 3622ms
2026-02-27 03:30:20 [INFO]    [PING OK] CH | VLESS | 3454ms
2026-02-27 03:30:21 [INFO]    [PING OK] FR | VLESS | 3405ms
2026-02-27 03:30:21 [INFO]    [PING OK] NL | VLESS | 7645ms
2026-02-27 03:30:21 [INFO]    [PING OK] DE | VLESS | 4235ms
2026-02-27 03:30:21 [INFO]    [PING OK] DE | VLESS | 3710ms
2026-02-27 03:30:21 [INFO]    [PING OK] ES | VLESS | 3565ms
2026-02-27 03:30:22 [INFO]    [PING OK] DE | VLESS | 3502ms
2026-02-27 03:30:22 [INFO]    [PING OK] US | VLESS | 3654ms
2026-02-27 03:30:22 [INFO]    [PING OK] FI | VLESS | 3638ms
2026-02-27 03:30:22 [INFO]    [PING OK] LV | VLESS | 3400ms
2026-02-27 03:30:22 [INFO]    [PING OK] ES | VLESS | 3788ms
2026-02-27 03:30:22 [INFO]    [PING OK] NL | VLESS | 3577ms
2026-02-27 03:30:23 [INFO]    [PING OK] FI | VLESS | 3528ms
2026-02-27 03:30:23 [INFO]    [PING OK] IT | VLESS | 3925ms
2026-02-27 03:30:23 [INFO]    [PING OK] DE | VLESS | 3703ms
2026-02-27 03:30:23 [INFO]    [PING OK] DE | VLESS | 3521ms
2026-02-27 03:30:23 [INFO]    [PING OK] HK | VLESS | 3912ms
2026-02-27 03:30:23 [INFO]    [PING OK] TR | VLESS | 3893ms
2026-02-27 03:30:23 [INFO]    [PING OK] NL | VLESS | 3270ms
2026-02-27 03:30:23 [INFO]    [PING OK] LV | VLESS | 3276ms
2026-02-27 03:30:23 [INFO]    [PING OK] DE | VLESS | 3154ms
2026-02-27 03:30:23 [INFO]    [PING OK] US | VLESS | 3430ms
2026-02-27 03:30:23 [INFO]    [PING OK] DE | VLESS | 2712ms
2026-02-27 03:30:23 [INFO]    [PING OK] DE | VLESS | 3220ms
2026-02-27 03:30:23 [INFO]    [PING OK] DE | VLESS | 2823ms
2026-02-27 03:30:24 [INFO]    [PING OK] DE | VLESS | 2311ms
2026-02-27 03:30:24 [INFO]    [PING OK] DE | VLESS | 1082ms
2026-02-27 03:30:24 [INFO]    [PING OK] SG | VLESS | 1916ms
2026-02-27 03:30:24 [INFO]    [PING OK] SG | VLESS | 1627ms
2026-02-27 03:30:24 [INFO]    [PING OK] SG | VLESS | 3422ms
2026-02-27 03:30:25 [INFO]    [PING OK] NL | VLESS | 4989ms
2026-02-27 03:30:29 [INFO] 🏎️ ЭТАП 2: Глубокий замер скорости для 40 иностранных кандидатов...
2026-02-27 03:30:33 [INFO]    🏆 DE | VLESS | Пинг: 2823ms | Скорость: 5.69 Mbps ⚡⚡
2026-02-27 03:30:33 [INFO]    🏆 NL | VLESS | Пинг: 3395ms | Скорость: 5.88 Mbps ⚡⚡
2026-02-27 03:30:33 [INFO]    🏆 DE | VLESS | Пинг: 3154ms | Скорость: 5.61 Mbps ⚡⚡
2026-02-27 03:30:33 [INFO]    🏆 SG | VLESS | Пинг: 1916ms | Скорость: 5.43 Mbps ⚡⚡
2026-02-27 03:30:33 [INFO]    🏆 DE | VLESS | Пинг: 3220ms | Скорость: 5.57 Mbps ⚡⚡
2026-02-27 03:30:33 [INFO]    🏆 DE | VLESS | Пинг: 2311ms | Скорость: 5.49 Mbps ⚡⚡
2026-02-27 03:30:33 [INFO]    🏆 LV | VLESS | Пинг: 3400ms | Скорость: 5.79 Mbps ⚡⚡
2026-02-27 03:30:33 [INFO]    🏆 DE | VLESS | Пинг: 3280ms | Скорость: 5.68 Mbps ⚡⚡
2026-02-27 03:30:33 [INFO]    🏆 DE | VLESS | Пинг: 2712ms | Скорость: 5.42 Mbps ⚡⚡
2026-02-27 03:30:33 [INFO]    🏆 LV | VLESS | Пинг: 3276ms | Скорость: 5.58 Mbps ⚡⚡
2026-02-27 03:30:33 [INFO]    🏆 IT | VLESS | Пинг: 3089ms | Скорость: 5.35 Mbps ⚡⚡
2026-02-27 03:30:33 [INFO]    🏆 FR | VLESS | Пинг: 3405ms | Скорость: 5.62 Mbps ⚡⚡
2026-02-27 03:30:33 [INFO]    🏆 SG | VLESS | Пинг: 1627ms | Скорость: 5.18 Mbps ⚡⚡
2026-02-27 03:30:33 [INFO]    🏆 DE | VLESS | Пинг: 1082ms | Скорость: 5.12 Mbps ⚡⚡
2026-02-27 03:30:33 [INFO]    🏆 NL | VLESS | Пинг: 3270ms | Скорость: 5.2 Mbps ⚡⚡
2026-02-27 03:30:37 [INFO]    🏆 DE | VLESS | Пинг: 3521ms | Скорость: 5.72 Mbps ⚡⚡
2026-02-27 03:30:37 [INFO]    🏆 DE | VLESS | Пинг: 3710ms | Скорость: 5.98 Mbps ⚡⚡
2026-02-27 03:30:37 [INFO]    🏆 CH | VLESS | Пинг: 3454ms | Скорость: 5.58 Mbps ⚡⚡
2026-02-27 03:30:37 [INFO]    🏆 FI | VLESS | Пинг: 3638ms | Скорость: 5.75 Mbps ⚡⚡
2026-02-27 03:30:37 [INFO]    🏆 DE | VLESS | Пинг: 3502ms | Скорость: 5.62 Mbps ⚡⚡
2026-02-27 03:30:37 [INFO]    🏆 NL | VLESS | Пинг: 3577ms | Скорость: 5.69 Mbps ⚡⚡
2026-02-27 03:30:37 [INFO]    🏆 US | VLESS | Пинг: 3654ms | Скорость: 5.74 Mbps ⚡⚡
2026-02-27 03:30:37 [INFO]    🏆 DE | VLESS | Пинг: 3703ms | Скорость: 5.81 Mbps ⚡⚡
2026-02-27 03:30:37 [INFO]    🏆 CH | VLESS | Пинг: 3748ms | Скорость: 5.96 Mbps ⚡⚡
2026-02-27 03:30:38 [INFO]    🏆 FI | VLESS | Пинг: 3528ms | Скорость: 5.44 Mbps ⚡⚡
2026-02-27 03:30:38 [INFO]    🏆 US | VLESS | Пинг: 3430ms | Скорость: 4.29 Mbps ⚡⚡
2026-02-27 03:30:40 [INFO]    🏆 SG | VLESS | Пинг: 3422ms | Скорость: 1.82 Mbps ⚡
2026-02-27 03:30:40 [INFO]    🏆 CA | VLESS | Пинг: 3622ms | Скорость: 0.97 Mbps 
2026-02-27 03:30:40 [INFO]    🏆 DE | VLESS | Пинг: 3946ms | Скорость: 9.07 Mbps ⚡⚡
2026-02-27 03:30:40 [INFO]    🏆 DE | VLESS | Пинг: 3804ms | Скорость: 8.76 Mbps ⚡⚡
2026-02-27 03:30:40 [INFO]    🏆 DE | VLESS | Пинг: 3948ms | Скорость: 8.79 Mbps ⚡⚡
2026-02-27 03:30:41 [INFO]    🏆 ES | VLESS | Пинг: 3788ms | Скорость: 8.43 Mbps ⚡⚡
2026-02-27 03:30:41 [INFO]    🏆 IT | VLESS | Пинг: 3925ms | Скорость: 8.61 Mbps ⚡⚡
2026-02-27 03:30:41 [INFO]    🏆 ES | VLESS | Пинг: 3905ms | Скорость: 8.49 Mbps ⚡⚡
2026-02-27 03:30:41 [INFO]    🏆 US | VLESS | Пинг: 3840ms | Скорость: 8.24 Mbps ⚡⚡
2026-02-27 03:30:41 [INFO]    🏆 HK | VLESS | Пинг: 3912ms | Скорость: 6.0 Mbps ⚡⚡
2026-02-27 03:30:44 [INFO]    🏆 FI | VLESS | Пинг: 3973ms | Скорость: 2.09 Mbps ⚡
2026-02-27 03:30:46 [INFO] 📊 Итого в подписке сохранено иностранных серверов: 10
2026-02-27 03:30:46 [INFO] 💾 Файл успешно сохранен: FL1PVPN
