2026-02-26 02:40:06 [INFO] 🚀 START: Smart Selector (Target: 10, ONLY FOREIGN)
2026-02-26 02:40:06 [INFO] 🌐 Загрузка источников (VLESS + VMess)...
2026-02-26 02:40:07 [INFO] 🔍 Уникальных конфигов собрано: 138
2026-02-26 02:40:07 [INFO] ⚡ ЭТАП 1: Замер Пинга и Геолокации. Workers: 40...
2026-02-26 02:40:13 [INFO]    [PING OK] FI | VLESS | 4350ms
2026-02-26 02:40:13 [INFO]    [PING OK] NL | VLESS | 4429ms
2026-02-26 02:40:13 [INFO]    [PING OK] DE | VLESS | 4581ms
2026-02-26 02:40:13 [INFO]    [PING OK] NL | VLESS | 4400ms
2026-02-26 02:40:13 [INFO]    [PING OK] DE | VLESS | 4690ms
2026-02-26 02:40:13 [INFO]    [PING OK] DE | VLESS | 4778ms
2026-02-26 02:40:13 [INFO]    [PING OK] NL | VLESS | 4536ms
2026-02-26 02:40:13 [INFO]    [PING OK] NL | VLESS | 4682ms
2026-02-26 02:40:13 [INFO]    [PING OK] DE | VLESS | 4954ms
2026-02-26 02:40:13 [INFO]    [PING OK] NL | VLESS | 4526ms
2026-02-26 02:40:13 [INFO]    [PING OK] NL | VLESS | 4749ms
2026-02-26 02:40:13 [INFO]    [PING OK] DE | VLESS | 4764ms
2026-02-26 02:40:14 [INFO]    [PING OK] NL | VLESS | 4616ms
2026-02-26 02:40:14 [INFO]    [PING OK] DE | VLESS | 4421ms
2026-02-26 02:40:14 [INFO]    [PING OK] DE | VLESS | 4306ms
2026-02-26 02:40:14 [INFO]    [PING OK] FI | VLESS | 3756ms
2026-02-26 02:40:14 [INFO]    [PING OK] NL | VLESS | 3859ms
2026-02-26 02:40:15 [INFO]    [PING OK] NL | VLESS | 4223ms
2026-02-26 02:40:15 [INFO]    [PING OK] DE | VLESS | 4486ms
2026-02-26 02:40:15 [INFO]    [PING OK] US | VLESS | 4841ms
2026-02-26 02:40:16 [INFO]    [PING OK] NL | VLESS | 4823ms
2026-02-26 02:40:16 [INFO]    [PING OK] NL | VLESS | 5263ms
2026-02-26 02:40:19 [INFO]    [PING OK] NL | VLESS | 4525ms
2026-02-26 02:40:19 [INFO]    [PING OK] LV | VLESS | 3985ms
2026-02-26 02:40:19 [INFO]    [PING OK] US | VLESS | 4682ms
2026-02-26 02:40:19 [INFO]    [PING OK] US | VLESS | 4847ms
2026-02-26 02:40:19 [INFO]    [PING OK] DE | VLESS | 3599ms
2026-02-26 02:40:19 [INFO]    [PING OK] GB | VLESS | 3282ms
2026-02-26 02:40:19 [INFO]    [PING OK] TW | VLESS | 5339ms
2026-02-26 02:40:22 [INFO]    [PING OK] NL | VLESS | 5842ms
2026-02-26 02:40:24 [INFO] 🏎️ ЭТАП 2: Глубокий замер скорости для 30 иностранных кандидатов...
2026-02-26 02:40:29 [INFO]    🏆 NL | VLESS | Пинг: 4525ms | Скорость: 4.9 Mbps ⚡⚡
2026-02-26 02:40:30 [INFO]    🏆 DE | VLESS | Пинг: 3599ms | Скорость: 4.6 Mbps ⚡⚡
2026-02-26 02:40:30 [INFO]    🏆 NL | VLESS | Пинг: 3859ms | Скорость: 4.66 Mbps ⚡⚡
2026-02-26 02:40:30 [INFO]    🏆 NL | VLESS | Пинг: 4526ms | Скорость: 4.87 Mbps ⚡⚡
2026-02-26 02:40:30 [INFO]    🏆 NL | VLESS | Пинг: 4429ms | Скорость: 4.75 Mbps ⚡⚡
2026-02-26 02:40:30 [INFO]    🏆 GB | VLESS | Пинг: 3282ms | Скорость: 4.6 Mbps ⚡⚡
2026-02-26 02:40:30 [INFO]    🏆 DE | VLESS | Пинг: 4306ms | Скорость: 4.62 Mbps ⚡⚡
2026-02-26 02:40:30 [INFO]    🏆 NL | VLESS | Пинг: 4223ms | Скорость: 4.62 Mbps ⚡⚡
2026-02-26 02:40:30 [INFO]    🏆 DE | VLESS | Пинг: 4421ms | Скорость: 4.66 Mbps ⚡⚡
2026-02-26 02:40:30 [INFO]    🏆 NL | VLESS | Пинг: 4400ms | Скорость: 4.66 Mbps ⚡⚡
2026-02-26 02:40:30 [INFO]    🏆 NL | VLESS | Пинг: 4536ms | Скорость: 4.68 Mbps ⚡⚡
2026-02-26 02:40:30 [INFO]    🏆 FI | VLESS | Пинг: 3756ms | Скорость: 4.45 Mbps ⚡⚡
2026-02-26 02:40:30 [INFO]    🏆 LV | VLESS | Пинг: 3985ms | Скорость: 4.42 Mbps ⚡⚡
2026-02-26 02:40:30 [INFO]    🏆 FI | VLESS | Пинг: 4350ms | Скорость: 4.42 Mbps ⚡⚡
2026-02-26 02:40:30 [INFO]    🏆 DE | VLESS | Пинг: 4486ms | Скорость: 4.49 Mbps ⚡⚡
2026-02-26 02:40:34 [INFO]    🏆 DE | VLESS | Пинг: 4581ms | Скорость: 5.68 Mbps ⚡⚡
2026-02-26 02:40:34 [INFO]    🏆 NL | VLESS | Пинг: 4616ms | Скорость: 5.66 Mbps ⚡⚡
2026-02-26 02:40:34 [INFO]    🏆 NL | VLESS | Пинг: 4749ms | Скорость: 5.64 Mbps ⚡⚡
2026-02-26 02:40:34 [INFO]    🏆 NL | VLESS | Пинг: 4682ms | Скорость: 5.47 Mbps ⚡⚡
2026-02-26 02:40:34 [INFO]    🏆 NL | VLESS | Пинг: 4823ms | Скорость: 5.65 Mbps ⚡⚡
2026-02-26 02:40:34 [INFO]    🏆 DE | VLESS | Пинг: 4764ms | Скорость: 5.55 Mbps ⚡⚡
2026-02-26 02:40:34 [INFO]    🏆 NL | VLESS | Пинг: 5263ms | Скорость: 5.62 Mbps ⚡⚡
2026-02-26 02:40:34 [INFO]    🏆 DE | VLESS | Пинг: 4778ms | Скорость: 5.56 Mbps ⚡⚡
2026-02-26 02:40:34 [INFO]    🏆 NL | VLESS | Пинг: 5842ms | Скорость: 5.66 Mbps ⚡⚡
2026-02-26 02:40:34 [INFO]    🏆 US | VLESS | Пинг: 4847ms | Скорость: 5.47 Mbps ⚡⚡
2026-02-26 02:40:34 [INFO]    🏆 US | VLESS | Пинг: 4682ms | Скорость: 5.32 Mbps ⚡⚡
2026-02-26 02:40:34 [INFO]    🏆 US | VLESS | Пинг: 4841ms | Скорость: 5.04 Mbps ⚡⚡
2026-02-26 02:40:36 [INFO]    🏆 TW | VLESS | Пинг: 5339ms | Скорость: 3.75 Mbps ⚡⚡
2026-02-26 02:40:36 [INFO]    🏆 DE | VLESS | Пинг: 4690ms | Скорость: 2.89 Mbps ⚡
2026-02-26 02:40:36 [INFO] 📊 Итого в подписке сохранено иностранных серверов: 10
2026-02-26 02:40:36 [INFO] 💾 Файл успешно сохранен: FL1PVPN
