2026-02-23 22:50:05 [INFO] 🚀 START: Smart Selector (Target: 10, ONLY FOREIGN)
2026-02-23 22:50:05 [INFO] 🌐 Загрузка источников (VLESS + VMess)...
2026-02-23 22:50:08 [INFO] 🔍 Уникальных конфигов собрано: 162
2026-02-23 22:50:08 [INFO] ⚡ ЭТАП 1: Замер Пинга и Геолокации. Workers: 40...
2026-02-23 22:50:14 [INFO]    [PING OK] DE | VLESS | 4927ms
2026-02-23 22:50:14 [INFO]    [PING OK] FI | VLESS | 5055ms
2026-02-23 22:50:14 [INFO]    [PING OK] ES | VLESS | 5155ms
2026-02-23 22:50:14 [INFO]    [PING OK] HU | VLESS | 5148ms
2026-02-23 22:50:14 [INFO]    [PING OK] EE | VLESS | 4936ms
2026-02-23 22:50:14 [INFO]    [PING OK] HU | VLESS | 5121ms
2026-02-23 22:50:14 [INFO]    [PING OK] HU | VLESS | 4681ms
2026-02-23 22:50:14 [INFO]    [PING OK] TR | VLESS | 5226ms
2026-02-23 22:50:14 [INFO]    [PING OK] HU | VLESS | 4849ms
2026-02-23 22:50:14 [INFO]    [PING OK] ES | VLESS | 4761ms
2026-02-23 22:50:14 [INFO]    [PING OK] PL | VLESS | 5089ms
2026-02-23 22:50:14 [INFO]    [PING OK] ES | VLESS | 4902ms
2026-02-23 22:50:14 [INFO]    [PING OK] ES | VLESS | 5502ms
2026-02-23 22:50:14 [INFO]    [PING OK] HU | VLESS | 4767ms
2026-02-23 22:50:15 [INFO]    [PING OK] IT | VLESS | 5196ms
2026-02-23 22:50:15 [INFO]    [PING OK] HU | VLESS | 4344ms
2026-02-23 22:50:15 [INFO]    [PING OK] PL | VLESS | 4671ms
2026-02-23 22:50:15 [INFO]    [PING OK] ES | VLESS | 4815ms
2026-02-23 22:50:15 [INFO]    [PING OK] TR | VLESS | 4605ms
2026-02-23 22:50:15 [INFO]    [PING OK] TR | VLESS | 4189ms
2026-02-23 22:50:16 [INFO]    [PING OK] PL | VLESS | 4647ms
2026-02-23 22:50:16 [INFO]    [PING OK] EE | VLESS | 4559ms
2026-02-23 22:50:17 [INFO]    [PING OK] PL | VLESS | 4993ms
2026-02-23 22:50:17 [INFO]    [PING OK] IT | VLESS | 4832ms
2026-02-23 22:50:17 [INFO]    [PING OK] ES | VLESS | 4940ms
2026-02-23 22:50:18 [INFO]    [PING OK] DE | VLESS | 5264ms
2026-02-23 22:50:18 [INFO]    [PING OK] DE | VLESS | 5391ms
2026-02-23 22:50:20 [INFO]    [PING OK] TR | VLESS | 5277ms
2026-02-23 22:50:20 [INFO]    [PING OK] NL | VLESS | 5344ms
2026-02-23 22:50:20 [INFO]    [PING OK] SE | VLESS | 5525ms
2026-02-23 22:50:20 [INFO]    [PING OK] SE | VLESS | 5159ms
2026-02-23 22:50:20 [INFO]    [PING OK] CZ | VLESS | 5089ms
2026-02-23 22:50:20 [INFO]    [PING OK] US | VLESS | 5541ms
2026-02-23 22:50:20 [INFO]    [PING OK] DE | VLESS | 5258ms
2026-02-23 22:50:20 [INFO]    [PING OK] DE | VLESS | 5253ms
2026-02-23 22:50:21 [INFO]    [PING OK] SE | VLESS | 5309ms
2026-02-23 22:50:21 [INFO]    [PING OK] SE | VLESS | 5170ms
2026-02-23 22:50:21 [INFO]    [PING OK] SE | VLESS | 5327ms
2026-02-23 22:50:21 [INFO]    [PING OK] CA | VLESS | 5881ms
2026-02-23 22:50:21 [INFO]    [PING OK] US | VLESS | 5717ms
2026-02-23 22:50:21 [INFO]    [PING OK] CA | VLESS | 5589ms
2026-02-23 22:50:21 [INFO]    [PING OK] SG | VLESS | 4969ms
2026-02-23 22:50:21 [INFO]    [PING OK] SE | VLESS | 5954ms
2026-02-23 22:50:22 [INFO]    [PING OK] SE | VLESS | 5244ms
2026-02-23 22:50:22 [INFO]    [PING OK] DE | VLESS | 4893ms
2026-02-23 22:50:23 [INFO]    [PING OK] SE | VLESS | 4022ms
2026-02-23 22:50:23 [INFO]    [PING OK] SE | VLESS | 4010ms
2026-02-23 22:50:23 [INFO]    [PING OK] SE | VLESS | 3719ms
2026-02-23 22:50:23 [INFO]    [PING OK] SE | VLESS | 4069ms
2026-02-23 22:50:24 [INFO]    [PING OK] NL | VLESS | 3511ms
2026-02-23 22:50:24 [INFO]    [PING OK] SE | VLESS | 2989ms
2026-02-23 22:50:24 [INFO]    [PING OK] DE | VLESS | 3195ms
2026-02-23 22:50:24 [INFO]    [PING OK] DE | VLESS | 2658ms
2026-02-23 22:50:24 [INFO]    [PING OK] SE | VLESS | 3399ms
2026-02-23 22:50:24 [INFO]    [PING OK] DE | VLESS | 2719ms
2026-02-23 22:50:24 [INFO]    [PING OK] DE | VLESS | 1602ms
2026-02-23 22:50:24 [INFO]    [PING OK] DE | VLESS | 3075ms
2026-02-23 22:50:24 [INFO]    [PING OK] SE | VLESS | 2693ms
2026-02-23 22:50:25 [INFO]    [PING OK] CA | VLESS | 2243ms
2026-02-23 22:50:25 [INFO]    [PING OK] DE | VLESS | 4623ms
2026-02-23 22:50:27 [INFO]    [PING OK] SE | VLESS | 6124ms
2026-02-23 22:50:28 [INFO] 🏎️ ЭТАП 2: Глубокий замер скорости для 40 иностранных кандидатов...
2026-02-23 22:50:33 [INFO]    🏆 DE | VLESS | Пинг: 1602ms | Скорость: 5.23 Mbps ⚡⚡
2026-02-23 22:50:33 [INFO]    🏆 SE | VLESS | Пинг: 4022ms | Скорость: 5.61 Mbps ⚡⚡
2026-02-23 22:50:33 [INFO]    🏆 SE | VLESS | Пинг: 4010ms | Скорость: 5.49 Mbps ⚡⚡
2026-02-23 22:50:33 [INFO]    🏆 SE | VLESS | Пинг: 4069ms | Скорость: 5.54 Mbps ⚡⚡
2026-02-23 22:50:33 [INFO]    🏆 SE | VLESS | Пинг: 2989ms | Скорость: 5.05 Mbps ⚡⚡
2026-02-23 22:50:33 [INFO]    🏆 TR | VLESS | Пинг: 4189ms | Скорость: 5.17 Mbps ⚡⚡
2026-02-23 22:50:33 [INFO]    🏆 SE | VLESS | Пинг: 3719ms | Скорость: 4.93 Mbps ⚡⚡
2026-02-23 22:50:33 [INFO]    🏆 DE | VLESS | Пинг: 3195ms | Скорость: 4.85 Mbps ⚡⚡
2026-02-23 22:50:34 [INFO]    🏆 DE | VLESS | Пинг: 2719ms | Скорость: 4.6 Mbps ⚡⚡
2026-02-23 22:50:34 [INFO]    🏆 SE | VLESS | Пинг: 3399ms | Скорость: 4.64 Mbps ⚡⚡
2026-02-23 22:50:34 [INFO]    🏆 DE | VLESS | Пинг: 2658ms | Скорость: 4.44 Mbps ⚡⚡
2026-02-23 22:50:35 [INFO]    🏆 CA | VLESS | Пинг: 2243ms | Скорость: 3.07 Mbps ⚡⚡
2026-02-23 22:50:38 [INFO]    🏆 EE | VLESS | Пинг: 4559ms | Скорость: 5.33 Mbps ⚡⚡
2026-02-23 22:50:38 [INFO]    🏆 PL | VLESS | Пинг: 4647ms | Скорость: 5.41 Mbps ⚡⚡
2026-02-23 22:50:38 [INFO]    🏆 TR | VLESS | Пинг: 4605ms | Скорость: 5.17 Mbps ⚡⚡
2026-02-23 22:50:38 [INFO]    🏆 DE | VLESS | Пинг: 4623ms | Скорость: 5.08 Mbps ⚡⚡
2026-02-23 22:50:38 [INFO]    🏆 ES | VLESS | Пинг: 4902ms | Скорость: 5.89 Mbps ⚡⚡
2026-02-23 22:50:38 [INFO]    🏆 HU | VLESS | Пинг: 4681ms | Скорость: 5.3 Mbps ⚡⚡
2026-02-23 22:50:38 [INFO]    🏆 HU | VLESS | Пинг: 4767ms | Скорость: 5.41 Mbps ⚡⚡
2026-02-23 22:50:38 [INFO]    🏆 ES | VLESS | Пинг: 4761ms | Скорость: 5.4 Mbps ⚡⚡
2026-02-23 22:50:38 [INFO]    🏆 PL | VLESS | Пинг: 4671ms | Скорость: 5.34 Mbps ⚡⚡
2026-02-23 22:50:38 [INFO]    🏆 IT | VLESS | Пинг: 4832ms | Скорость: 5.4 Mbps ⚡⚡
2026-02-23 22:50:38 [INFO]    🏆 ES | VLESS | Пинг: 4815ms | Скорость: 5.44 Mbps ⚡⚡
2026-02-23 22:50:38 [INFO]    🏆 HU | VLESS | Пинг: 4849ms | Скорость: 5.56 Mbps ⚡⚡
2026-02-23 22:50:38 [INFO]    🏆 DE | VLESS | Пинг: 4893ms | Скорость: 5.44 Mbps ⚡⚡
2026-02-23 22:50:39 [INFO]    🏆 DE | VLESS | Пинг: 4927ms | Скорость: 6.12 Mbps ⚡⚡
2026-02-23 22:50:40 [INFO]    🏆 HU | VLESS | Пинг: 4344ms | Скорость: 1.7 Mbps ⚡
2026-02-23 22:50:40 [INFO]    🏆 ES | VLESS | Пинг: 4940ms | Скорость: 9.71 Mbps ⚡⚡
2026-02-23 22:50:41 [INFO]    🏆 PL | VLESS | Пинг: 5089ms | Скорость: 9.85 Mbps ⚡⚡
2026-02-23 22:50:41 [INFO]    🏆 CZ | VLESS | Пинг: 5089ms | Скорость: 9.64 Mbps ⚡⚡
2026-02-23 22:50:41 [INFO]    🏆 ES | VLESS | Пинг: 5155ms | Скорость: 9.92 Mbps ⚡⚡
2026-02-23 22:50:41 [INFO]    🏆 HU | VLESS | Пинг: 5148ms | Скорость: 8.88 Mbps ⚡⚡
2026-02-23 22:50:41 [INFO]    🏆 PL | VLESS | Пинг: 4993ms | Скорость: 8.48 Mbps ⚡⚡
2026-02-23 22:50:42 [INFO]    🏆 HU | VLESS | Пинг: 5121ms | Скорость: 6.66 Mbps ⚡⚡
2026-02-23 22:50:42 [INFO]    🏆 FI | VLESS | Пинг: 5055ms | Скорость: 6.36 Mbps ⚡⚡
2026-02-23 22:50:42 [INFO] 📊 Итого в подписке сохранено иностранных серверов: 10
2026-02-23 22:50:42 [INFO] 💾 Файл успешно сохранен: FL1PVPN
