2026-02-19 04:20:06 [INFO] 🚀 START: Smart VLESS Selector (Target: 10, Strict Mode)
2026-02-19 04:20:06 [INFO] 🌐 Загрузка источников...
2026-02-19 04:20:09 [INFO] 🔍 Уникальных конфигов собрано: 647
2026-02-19 04:20:09 [INFO] ⚡ ЭТАП 1: Быстрый замер Пинга (Workers: 25)...
2026-02-19 04:20:10 [INFO]    [PING OK] RU | 188ms
2026-02-19 04:20:10 [INFO]    [PING OK] RU | 191ms
2026-02-19 04:20:10 [INFO]    [PING OK] RU | 250ms
2026-02-19 04:20:11 [INFO]    [PING OK] CA | 624ms
2026-02-19 04:20:11 [INFO]    [PING OK] IT | 549ms
2026-02-19 04:20:12 [INFO]    [PING OK] DE | 1159ms
2026-02-19 04:20:12 [INFO]    [PING OK] DE | 151ms
2026-02-19 04:20:13 [INFO]    [PING OK] TR | 327ms
2026-02-19 04:20:14 [INFO]    [PING OK] FR | 537ms
2026-02-19 04:20:17 [INFO]    [PING OK] DE | 790ms
2026-02-19 04:20:21 [INFO]    [PING OK] FR | 852ms
2026-02-19 04:20:21 [INFO]    [PING OK] AT | 784ms
2026-02-19 04:20:22 [INFO]    [PING OK] US | 1089ms
2026-02-19 04:20:23 [INFO]    [PING OK] DE | 731ms
2026-02-19 04:20:23 [INFO]    [PING OK] DE | 492ms
2026-02-19 04:20:24 [INFO]    [PING OK] RU | 79ms
2026-02-19 04:20:24 [INFO]    [PING OK] RU | 251ms
2026-02-19 04:20:25 [INFO]    [PING OK] RU | 288ms
2026-02-19 04:20:25 [INFO]    [PING OK] RU | 197ms
2026-02-19 04:20:25 [INFO]    [PING OK] RU | 731ms
2026-02-19 04:20:25 [INFO]    [PING OK] RU | 279ms
2026-02-19 04:20:26 [INFO]    [PING OK] RU | 1333ms
2026-02-19 04:20:26 [INFO]    [PING OK] RU | 236ms
2026-02-19 04:20:26 [INFO]    [PING OK] RU | 722ms
2026-02-19 04:20:26 [INFO]    [PING OK] RU | 2305ms
2026-02-19 04:20:27 [INFO]    [PING OK] RU | 195ms
2026-02-19 04:20:27 [INFO]    [PING OK] RU | 312ms
2026-02-19 04:20:27 [INFO]    [PING OK] RU | 244ms
2026-02-19 04:20:27 [INFO]    [PING OK] RU | 294ms
2026-02-19 04:20:27 [INFO]    [PING OK] RU | 261ms
2026-02-19 04:20:27 [INFO]    [PING OK] RU | 247ms
2026-02-19 04:20:28 [INFO]    [PING OK] RU | 331ms
2026-02-19 04:20:28 [INFO]    [PING OK] RU | 3315ms
2026-02-19 04:20:28 [INFO]    [PING OK] RU | 198ms
2026-02-19 04:20:28 [INFO]    [PING OK] RU | 274ms
2026-02-19 04:20:28 [INFO]    [PING OK] RU | 217ms
2026-02-19 04:20:28 [INFO]    [PING OK] RU | 229ms
2026-02-19 04:20:28 [INFO]    [PING OK] RU | 303ms
2026-02-19 04:20:29 [INFO]    [PING OK] RU | 2658ms
2026-02-19 04:20:29 [INFO]    [PING OK] RU | 876ms
2026-02-19 04:20:29 [INFO]    [PING OK] RU | 310ms
2026-02-19 04:20:29 [INFO]    [PING OK] RU | 765ms
2026-02-19 04:20:29 [INFO]    [PING OK] RU | 651ms
2026-02-19 04:20:29 [INFO]    [PING OK] RU | 196ms
2026-02-19 04:20:29 [INFO]    [PING OK] RU | 328ms
2026-02-19 04:20:29 [INFO]    [PING OK] RU | 206ms
2026-02-19 04:20:29 [INFO]    [PING OK] RU | 208ms
2026-02-19 04:20:30 [INFO]    [PING OK] RU | 459ms
2026-02-19 04:20:30 [INFO]    [PING OK] RU | 813ms
2026-02-19 04:20:30 [INFO]    [PING OK] RU | 208ms
2026-02-19 04:20:30 [INFO]    [PING OK] RU | 235ms
2026-02-19 04:20:30 [INFO]    [PING OK] RU | 299ms
2026-02-19 04:20:30 [INFO]    [PING OK] RU | 583ms
2026-02-19 04:20:30 [INFO]    [PING OK] RU | 200ms
2026-02-19 04:20:31 [INFO]    [PING OK] RU | 535ms
2026-02-19 04:20:31 [INFO]    [PING OK] RU | 237ms
2026-02-19 04:20:31 [INFO]    [PING OK] RU | 214ms
2026-02-19 04:20:31 [INFO]    [PING OK] RU | 558ms
2026-02-19 04:20:31 [INFO]    [PING OK] RU | 613ms
2026-02-19 04:20:31 [INFO]    [PING OK] RU | 299ms
2026-02-19 04:20:31 [INFO]    [PING OK] RU | 1436ms
2026-02-19 04:20:31 [INFO]    [PING OK] RU | 322ms
2026-02-19 04:20:31 [INFO]    [PING OK] RU | 440ms
2026-02-19 04:20:31 [INFO]    [PING OK] RU | 313ms
2026-02-19 04:20:31 [INFO]    [PING OK] DE | 407ms
2026-02-19 04:20:32 [INFO]    [PING OK] DE | 478ms
2026-02-19 04:20:32 [INFO]    [PING OK] RU | 212ms
2026-02-19 04:20:32 [INFO]    [PING OK] RU | 3104ms
2026-02-19 04:20:32 [INFO]    [PING OK] RU | 260ms
2026-02-19 04:20:32 [INFO]    [PING OK] RU | 59ms
2026-02-19 04:20:32 [INFO]    [PING OK] RU | 213ms
2026-02-19 04:20:32 [INFO]    [PING OK] HU | 322ms
2026-02-19 04:20:33 [INFO]    [PING OK] MD | 149ms
2026-02-19 04:20:34 [INFO]    [PING OK] FI | 160ms
2026-02-19 04:20:34 [INFO]    [PING OK] PL | 136ms
2026-02-19 04:20:34 [INFO]    [PING OK] NL | 175ms
2026-02-19 04:20:34 [INFO]    [PING OK] RU | 2114ms
2026-02-19 04:20:35 [INFO]    [PING OK] LV | 185ms
2026-02-19 04:20:35 [INFO]    [PING OK] FI | 99ms
2026-02-19 04:20:35 [INFO]    [PING OK] RU | 3097ms
2026-02-19 04:20:35 [INFO]    [PING OK] RU | 4844ms
2026-02-19 04:20:35 [INFO]    [PING OK] RU | 3337ms
2026-02-19 04:20:35 [INFO]    [PING OK] US | 673ms
2026-02-19 04:20:36 [INFO]    [PING OK] NL | 223ms
2026-02-19 04:20:36 [INFO]    [PING OK] NL | 402ms
2026-02-19 04:20:36 [INFO]    [PING OK] IT | 555ms
2026-02-19 04:20:36 [INFO]    [PING OK] DE | 253ms
2026-02-19 04:20:37 [INFO]    [PING OK] FR | 830ms
2026-02-19 04:20:37 [INFO]    [PING OK] AT | 229ms
2026-02-19 04:20:37 [INFO]    [PING OK] HU | 327ms
2026-02-19 04:20:37 [INFO]    [PING OK] CY | 179ms
2026-02-19 04:20:38 [INFO]    [PING OK] TR | 446ms
2026-02-19 04:20:38 [INFO]    [PING OK] PL | 139ms
2026-02-19 04:20:38 [INFO]    [PING OK] FI | 142ms
2026-02-19 04:20:38 [INFO]    [PING OK] FI | 118ms
2026-02-19 04:20:39 [INFO]    [PING OK] JP | 1213ms
2026-02-19 04:20:39 [INFO]    [PING OK] LV | 467ms
2026-02-19 04:20:39 [INFO]    [PING OK] TR | 512ms
2026-02-19 04:20:40 [INFO]    [PING OK] UZ | 339ms
2026-02-19 04:21:07 [INFO] 🏎️ ЭТАП 2: Глубокий замер скорости для ТОП-10 серверов...
2026-02-19 04:21:11 [INFO]    🏆 FI | Пинг: 99ms | Скорость: 10.94 Mbps ⚡⚡
2026-02-19 04:21:11 [INFO]    🏆 FI | Пинг: 118ms | Скорость: 10.93 Mbps ⚡⚡
2026-02-19 04:21:11 [INFO]    🏆 PL | Пинг: 136ms | Скорость: 0.0 Mbps 
2026-02-19 04:21:11 [INFO]    🏆 PL | Пинг: 139ms | Скорость: 11.28 Mbps ⚡⚡
2026-02-19 04:21:11 [INFO]    🏆 FI | Пинг: 142ms | Скорость: 10.88 Mbps ⚡⚡
2026-02-19 04:21:11 [INFO]    🏆 MD | Пинг: 149ms | Скорость: 10.96 Mbps ⚡⚡
2026-02-19 04:21:11 [INFO]    🏆 DE | Пинг: 151ms | Скорость: 11.16 Mbps ⚡⚡
2026-02-19 04:21:11 [INFO]    🏆 FI | Пинг: 160ms | Скорость: 0.0 Mbps 
2026-02-19 04:21:11 [INFO]    🏆 NL | Пинг: 175ms | Скорость: 9.67 Mbps ⚡⚡
2026-02-19 04:21:11 [INFO]    🏆 RU | Пинг: 59ms | Скорость: 11.45 Mbps ⚡⚡
2026-02-19 04:21:11 [INFO] 🇷🇺 Добавлен RU сервер: 185.39.206.226
2026-02-19 04:21:11 [INFO] 📊 Итого в подписке сохранено: 10 серверов
2026-02-19 04:21:11 [INFO] 💾 Файл успешно сохранен: FL1PVPN
