2026-02-17 15:00:05 [INFO] 🚀 START: Smart VLESS Selector (Target: 10, Strict Mode)
2026-02-17 15:00:05 [INFO] 🌐 Загрузка источников...
2026-02-17 15:00:08 [INFO] 🔍 Уникальных конфигов собрано: 538
2026-02-17 15:00:08 [INFO] ⚡ ЭТАП 1: Быстрый замер Пинга (Workers: 25)...
2026-02-17 15:00:10 [INFO]    [PING OK] DE | 411ms
2026-02-17 15:00:10 [INFO]    [PING OK] NL | 425ms
2026-02-17 15:00:15 [INFO]    [PING OK] DE | 148ms
2026-02-17 15:00:15 [INFO]    [PING OK] DE | 177ms
2026-02-17 15:00:19 [INFO]    [PING OK] DE | 2366ms
2026-02-17 15:00:24 [INFO]    [PING OK] US | 3435ms
2026-02-17 15:00:24 [INFO]    [PING OK] RU | 311ms
2026-02-17 15:00:24 [INFO]    [PING OK] RU | 139ms
2026-02-17 15:00:24 [INFO]    [PING OK] RU | 306ms
2026-02-17 15:00:25 [INFO]    [PING OK] RU | 287ms
2026-02-17 15:00:25 [INFO]    [PING OK] RU | 285ms
2026-02-17 15:00:25 [INFO]    [PING OK] RU | 302ms
2026-02-17 15:00:25 [INFO]    [PING OK] RU | 1797ms
2026-02-17 15:00:25 [INFO]    [PING OK] RU | 309ms
2026-02-17 15:00:26 [INFO]    [PING OK] RU | 595ms
2026-02-17 15:00:26 [INFO]    [PING OK] RU | 303ms
2026-02-17 15:00:26 [INFO]    [PING OK] RU | 287ms
2026-02-17 15:00:26 [INFO]    [PING OK] RU | 80ms
2026-02-17 15:00:26 [INFO]    [PING OK] RU | 281ms
2026-02-17 15:00:27 [INFO]    [PING OK] RU | 453ms
2026-02-17 15:00:27 [INFO]    [PING OK] RU | 318ms
2026-02-17 15:00:27 [INFO]    [PING OK] RU | 419ms
2026-02-17 15:00:27 [INFO]    [PING OK] RU | 273ms
2026-02-17 15:00:27 [INFO]    [PING OK] RU | 306ms
2026-02-17 15:00:27 [INFO]    [PING OK] RU | 284ms
2026-02-17 15:00:28 [INFO]    [PING OK] RU | 207ms
2026-02-17 15:00:28 [INFO]    [PING OK] RU | 917ms
2026-02-17 15:00:28 [INFO]    [PING OK] RU | 278ms
2026-02-17 15:00:28 [INFO]    [PING OK] RU | 314ms
2026-02-17 15:00:28 [INFO]    [PING OK] RU | 865ms
2026-02-17 15:00:28 [INFO]    [PING OK] RU | 1265ms
2026-02-17 15:00:28 [INFO]    [PING OK] RU | 2897ms
2026-02-17 15:00:28 [INFO]    [PING OK] RU | 213ms
2026-02-17 15:00:29 [INFO]    [PING OK] RU | 412ms
2026-02-17 15:00:29 [INFO]    [PING OK] RU | 119ms
2026-02-17 15:00:29 [INFO]    [PING OK] RU | 326ms
2026-02-17 15:00:29 [INFO]    [PING OK] RU | 614ms
2026-02-17 15:00:29 [INFO]    [PING OK] RU | 369ms
2026-02-17 15:00:29 [INFO]    [PING OK] RU | 314ms
2026-02-17 15:00:29 [INFO]    [PING OK] RU | 3823ms
2026-02-17 15:00:29 [INFO]    [PING OK] RU | 1759ms
2026-02-17 15:00:29 [INFO]    [PING OK] RU | 194ms
2026-02-17 15:00:30 [INFO]    [PING OK] RU | 278ms
2026-02-17 15:00:30 [INFO]    [PING OK] RU | 206ms
2026-02-17 15:00:30 [INFO]    [PING OK] RU | 1186ms
2026-02-17 15:00:30 [INFO]    [PING OK] RU | 391ms
2026-02-17 15:00:30 [INFO]    [PING OK] RU | 252ms
2026-02-17 15:00:30 [INFO]    [PING OK] RU | 317ms
2026-02-17 15:00:30 [INFO]    [PING OK] RU | 1525ms
2026-02-17 15:00:30 [INFO]    [PING OK] RU | 519ms
2026-02-17 15:00:30 [INFO]    [PING OK] RU | 126ms
2026-02-17 15:00:30 [INFO]    [PING OK] RU | 1947ms
2026-02-17 15:00:31 [INFO]    [PING OK] RU | 256ms
2026-02-17 15:00:31 [INFO]    [PING OK] RU | 262ms
2026-02-17 15:00:31 [INFO]    [PING OK] RU | 1740ms
2026-02-17 15:00:31 [INFO]    [PING OK] RU | 350ms
2026-02-17 15:00:31 [INFO]    [PING OK] RU | 2132ms
2026-02-17 15:00:32 [INFO]    [PING OK] RU | 899ms
2026-02-17 15:00:32 [INFO]    [PING OK] RU | 1176ms
2026-02-17 15:00:32 [INFO]    [PING OK] RU | 364ms
2026-02-17 15:00:32 [INFO]    [PING OK] RU | 831ms
2026-02-17 15:00:32 [INFO]    [PING OK] RU | 314ms
2026-02-17 15:00:33 [INFO]    [PING OK] RU | 1749ms
2026-02-17 15:00:35 [INFO]    [PING OK] RU | 2319ms
2026-02-17 15:00:36 [INFO]    [PING OK] ES | 646ms
2026-02-17 15:00:36 [INFO]    [PING OK] TR | 268ms
2026-02-17 15:00:37 [INFO]    [PING OK] AT | 302ms
2026-02-17 15:00:38 [INFO]    [PING OK] PL | 398ms
2026-02-17 15:00:44 [INFO]    [PING OK] EE | 1391ms
2026-02-17 15:00:44 [INFO]    [PING OK] LT | 159ms
2026-02-17 15:00:49 [INFO]    [PING OK] NL | 1698ms
2026-02-17 15:00:51 [INFO]    [PING OK] AE | 1267ms
2026-02-17 15:00:52 [INFO]    [PING OK] PL | 117ms
2026-02-17 15:00:58 [INFO]    [PING OK] DE | 188ms
2026-02-17 15:01:00 [INFO]    [PING OK] RU | 179ms
2026-02-17 15:01:00 [INFO]    [PING OK] RU | 168ms
2026-02-17 15:01:01 [INFO]    [PING OK] LT | 170ms
2026-02-17 15:01:04 [INFO]    [PING OK] US | 448ms
2026-02-17 15:01:06 [INFO]    [PING OK] CY | 256ms
2026-02-17 15:01:07 [INFO]    [PING OK] RU | 177ms
2026-02-17 15:01:08 [INFO]    [PING OK] PL | 720ms
2026-02-17 15:01:09 [INFO]    [PING OK] DE | 208ms
2026-02-17 15:01:18 [INFO]    [PING OK] LT | 4369ms
2026-02-17 15:01:18 [INFO]    [PING OK] US | 507ms
2026-02-17 15:01:19 [INFO]    [PING OK] LT | 160ms
2026-02-17 15:01:24 [INFO]    [PING OK] FI | 231ms
2026-02-17 15:01:32 [INFO]    [PING OK] MD | 131ms
2026-02-17 15:01:39 [INFO] 🏎️ ЭТАП 2: Глубокий замер скорости для ТОП-10 серверов...
2026-02-17 15:01:46 [INFO]    🏆 PL | Пинг: 117ms | Скорость: 8.57 Mbps ⚡⚡
2026-02-17 15:01:46 [INFO]    🏆 MD | Пинг: 131ms | Скорость: 1.14 Mbps 
2026-02-17 15:01:46 [INFO]    🏆 DE | Пинг: 148ms | Скорость: 8.39 Mbps ⚡⚡
2026-02-17 15:01:46 [INFO]    🏆 LT | Пинг: 159ms | Скорость: 8.57 Mbps ⚡⚡
2026-02-17 15:01:46 [INFO]    🏆 LT | Пинг: 160ms | Скорость: 8.66 Mbps ⚡⚡
2026-02-17 15:01:46 [INFO]    🏆 LT | Пинг: 170ms | Скорость: 8.55 Mbps ⚡⚡
2026-02-17 15:01:46 [INFO]    🏆 DE | Пинг: 177ms | Скорость: 8.7 Mbps ⚡⚡
2026-02-17 15:01:46 [INFO]    🏆 DE | Пинг: 188ms | Скорость: 9.02 Mbps ⚡⚡
2026-02-17 15:01:46 [INFO]    🏆 DE | Пинг: 208ms | Скорость: 0.0 Mbps 
2026-02-17 15:01:46 [INFO]    🏆 RU | Пинг: 80ms | Скорость: 8.93 Mbps ⚡⚡
2026-02-17 15:01:46 [INFO] 🇷🇺 Добавлен RU сервер: 87.242.103.184
2026-02-17 15:01:46 [INFO] 📊 Итого в подписке сохранено: 10 серверов
2026-02-17 15:01:46 [INFO] 💾 Файл успешно сохранен: FL1PVPN
