2026-02-19 18:10:05 [INFO] 🚀 START: Smart VPN Selector (Target: 10, Strict Mode)
2026-02-19 18:10:05 [INFO] 🌐 Загрузка источников...
2026-02-19 18:10:14 [INFO] 🔍 Уникальных конфигов собрано: 1203
2026-02-19 18:10:14 [INFO] ⚡ ЭТАП 1: Быстрый замер Пинга (Workers: 25)...
2026-02-19 18:10:15 [INFO]    [PING OK] RU | 282ms
2026-02-19 18:10:15 [INFO]    [PING OK] RU | 642ms
2026-02-19 18:10:17 [INFO]    [PING OK] RU | 315ms
2026-02-19 18:10:19 [INFO]    [PING OK] TR | 270ms
2026-02-19 18:10:20 [INFO]    [PING OK] US | 4601ms
2026-02-19 18:10:20 [INFO]    [PING OK] US | 2814ms
2026-02-19 18:10:21 [INFO]    [PING OK] DE | 190ms
2026-02-19 18:10:21 [INFO]    [PING OK] RU | 821ms
2026-02-19 18:10:22 [INFO]    [PING OK] RU | 146ms
2026-02-19 18:10:22 [INFO]    [PING OK] RU | 1356ms
2026-02-19 18:10:22 [INFO]    [PING OK] DE | 165ms
2026-02-19 18:10:22 [INFO]    [PING OK] RU | 1149ms
2026-02-19 18:10:22 [INFO]    [PING OK] FR | 683ms
2026-02-19 18:10:23 [INFO]    [PING OK] DE | 513ms
2026-02-19 18:10:23 [INFO]    [PING OK] RU | 433ms
2026-02-19 18:10:24 [INFO]    [PING OK] TR | 137ms
2026-02-19 18:10:27 [INFO]    [PING OK] CA | 708ms
2026-02-19 18:10:28 [INFO]    [PING OK] RU | 150ms
2026-02-19 18:10:28 [INFO]    [PING OK] LT | 288ms
2026-02-19 18:10:29 [INFO]    [PING OK] TR | 175ms
2026-02-19 18:10:29 [INFO]    [PING OK] RU | 381ms
2026-02-19 18:10:29 [INFO]    [PING OK] RU | 267ms
2026-02-19 18:10:30 [INFO]    [PING OK] RU | 475ms
2026-02-19 18:10:30 [INFO]    [PING OK] RU | 393ms
2026-02-19 18:10:30 [INFO]    [PING OK] RU | 1037ms
2026-02-19 18:10:30 [INFO]    [PING OK] RU | 362ms
2026-02-19 18:10:31 [INFO]    [PING OK] RU | 1200ms
2026-02-19 18:10:31 [INFO]    [PING OK] RU | 332ms
2026-02-19 18:10:31 [INFO]    [PING OK] RU | 277ms
2026-02-19 18:10:31 [INFO]    [PING OK] RU | 391ms
2026-02-19 18:10:31 [INFO]    [PING OK] RU | 1288ms
2026-02-19 18:10:31 [INFO]    [PING OK] RU | 951ms
2026-02-19 18:10:31 [INFO]    [PING OK] RU | 573ms
2026-02-19 18:10:31 [INFO]    [PING OK] RU | 1335ms
2026-02-19 18:10:32 [INFO]    [PING OK] NL | 4912ms
2026-02-19 18:10:32 [INFO]    [PING OK] RU | 1135ms
2026-02-19 18:10:32 [INFO]    [PING OK] RU | 282ms
2026-02-19 18:10:32 [INFO]    [PING OK] RU | 907ms
2026-02-19 18:10:32 [INFO]    [PING OK] RU | 473ms
2026-02-19 18:10:33 [INFO]    [PING OK] RU | 631ms
2026-02-19 18:10:33 [INFO]    [PING OK] RU | 249ms
2026-02-19 18:10:33 [INFO]    [PING OK] RU | 1038ms
2026-02-19 18:10:33 [INFO]    [PING OK] RU | 669ms
2026-02-19 18:10:33 [INFO]    [PING OK] RU | 320ms
2026-02-19 18:10:33 [INFO]    [PING OK] RU | 984ms
2026-02-19 18:10:33 [INFO]    [PING OK] RU | 385ms
2026-02-19 18:10:33 [INFO]    [PING OK] RU | 1211ms
2026-02-19 18:10:34 [INFO]    [PING OK] RU | 1935ms
2026-02-19 18:10:34 [INFO]    [PING OK] RU | 269ms
2026-02-19 18:10:34 [INFO]    [PING OK] RU | 1284ms
2026-02-19 18:10:34 [INFO]    [PING OK] RU | 277ms
2026-02-19 18:10:34 [INFO]    [PING OK] RU | 533ms
2026-02-19 18:10:34 [INFO]    [PING OK] RU | 185ms
2026-02-19 18:10:34 [INFO]    [PING OK] RU | 689ms
2026-02-19 18:10:34 [INFO]    [PING OK] RU | 355ms
2026-02-19 18:10:34 [INFO]    [PING OK] RU | 302ms
2026-02-19 18:10:35 [INFO]    [PING OK] RU | 102ms
2026-02-19 18:10:35 [INFO]    [PING OK] RU | 618ms
2026-02-19 18:10:35 [INFO]    [PING OK] RU | 1971ms
2026-02-19 18:10:35 [INFO]    [PING OK] RU | 693ms
2026-02-19 18:10:35 [INFO]    [PING OK] US | 489ms
2026-02-19 18:10:36 [INFO]    [PING OK] DE | 132ms
2026-02-19 18:10:36 [INFO]    [PING OK] GB | 537ms
2026-02-19 18:10:36 [INFO]    [PING OK] RU | 957ms
2026-02-19 18:10:36 [INFO]    [PING OK] RU | 1233ms
2026-02-19 18:10:36 [INFO]    [PING OK] RU | 1236ms
2026-02-19 18:10:36 [INFO]    [PING OK] US | 637ms
2026-02-19 18:10:37 [INFO]    [PING OK] RU | 1848ms
2026-02-19 18:10:37 [INFO]    [PING OK] JP | 1206ms
2026-02-19 18:10:37 [INFO]    [PING OK] TR | 257ms
2026-02-19 18:10:37 [INFO]    [PING OK] GB | 162ms
2026-02-19 18:10:38 [INFO]    [PING OK] RU | 3179ms
2026-02-19 18:10:38 [INFO]    [PING OK] IL | 265ms
2026-02-19 18:10:38 [INFO]    [PING OK] US | 441ms
2026-02-19 18:10:38 [INFO]    [PING OK] US | 478ms
2026-02-19 18:10:39 [INFO]    [PING OK] LV | 3632ms
2026-02-19 18:10:39 [INFO]    [PING OK] GR | 176ms
2026-02-19 18:10:39 [INFO]    [PING OK] NL | 229ms
2026-02-19 18:10:39 [INFO]    [PING OK] GB | 129ms
2026-02-19 18:10:39 [INFO]    [PING OK] FR | 132ms
2026-02-19 18:10:39 [INFO]    [PING OK] AE | 1538ms
2026-02-19 18:10:40 [INFO]    [PING OK] US | 452ms
2026-02-19 18:10:40 [INFO]    [PING OK] DE | 121ms
2026-02-19 18:10:40 [INFO]    [PING OK] LV | 460ms
2026-02-19 18:10:40 [INFO]    [PING OK] TR | 1029ms
2026-02-19 18:10:41 [INFO]    [PING OK] US | 425ms
2026-02-19 18:10:41 [INFO]    [PING OK] UZ | 376ms
2026-02-19 18:10:41 [INFO]    [PING OK] US | 383ms
2026-02-19 18:10:42 [INFO]    [PING OK] NL | 443ms
2026-02-19 18:10:42 [INFO]    [PING OK] GB | 139ms
2026-02-19 18:10:42 [INFO]    [PING OK] DE | 203ms
2026-02-19 18:10:43 [INFO]    [PING OK] IQ | 393ms
2026-02-19 18:10:43 [INFO]    [PING OK] GB | 525ms
2026-02-19 18:10:43 [INFO]    [PING OK] MD | 4132ms
2026-02-19 18:10:44 [INFO]    [PING OK] PL | 131ms
2026-02-19 18:10:44 [INFO]    [PING OK] SG | 520ms
2026-02-19 18:10:44 [INFO]    [PING OK] US | 616ms
2026-02-19 18:10:45 [INFO]    [PING OK] SG | 738ms
2026-02-19 18:10:45 [INFO]    [PING OK] IT | 551ms
2026-02-19 18:10:45 [INFO]    [PING OK] GB | 158ms
2026-02-19 18:10:45 [INFO]    [PING OK] GB | 168ms
2026-02-19 18:10:46 [INFO]    [PING OK] NL | 264ms
2026-02-19 18:10:46 [INFO]    [PING OK] HK | 1043ms
2026-02-19 18:10:46 [INFO]    [PING OK] GB | 151ms
2026-02-19 18:10:46 [INFO]    [PING OK] DE | 271ms
2026-02-19 18:10:46 [INFO]    [PING OK] CA | 309ms
2026-02-19 18:10:47 [INFO]    [PING OK] AU | 578ms
2026-02-19 18:10:47 [INFO]    [PING OK] BG | 133ms
2026-02-19 18:10:47 [INFO]    [PING OK] FI | 848ms
2026-02-19 18:10:47 [INFO]    [PING OK] NL | 3205ms
2026-02-19 18:10:47 [INFO]    [PING OK] SG | 560ms
2026-02-19 18:10:48 [INFO]    [PING OK] CY | 704ms
2026-02-19 18:10:48 [INFO]    [PING OK] US | 372ms
2026-02-19 18:10:48 [INFO]    [PING OK] HK | 1283ms
2026-02-19 18:10:48 [INFO]    [PING OK] US | 425ms
2026-02-19 18:10:49 [INFO]    [PING OK] US | 382ms
2026-02-19 18:10:49 [INFO]    [PING OK] NL | 244ms
2026-02-19 18:10:49 [INFO]    [PING OK] DE | 148ms
2026-02-19 18:10:49 [INFO]    [PING OK] FR | 157ms
2026-02-19 18:10:49 [INFO]    [PING OK] US | 364ms
2026-02-19 18:10:50 [INFO]    [PING OK] US | 438ms
2026-02-19 18:10:50 [INFO]    [PING OK] MX | 374ms
2026-02-19 18:10:50 [INFO]    [PING OK] US | 388ms
2026-02-19 18:10:50 [INFO]    [PING OK] HU | 348ms
2026-02-19 18:10:50 [INFO]    [PING OK] SG | 644ms
2026-02-19 18:11:01 [INFO]    [PING OK] FR | 169ms
2026-02-19 18:11:04 [INFO]    [PING OK] DE | 145ms
2026-02-19 18:11:07 [INFO]    [PING OK] DE | 133ms
2026-02-19 18:11:08 [INFO]    [PING OK] GB | 2636ms
2026-02-19 18:11:09 [INFO]    [PING OK] SG | 1371ms
2026-02-19 18:11:12 [INFO]    [PING OK] GB | 186ms
2026-02-19 18:11:16 [INFO]    [PING OK] FR | 139ms
2026-02-19 18:11:16 [INFO]    [PING OK] GB | 1813ms
2026-02-19 18:11:23 [INFO]    [PING OK] GB | 175ms
2026-02-19 18:11:24 [INFO]    [PING OK] US | 252ms
2026-02-19 18:11:28 [INFO]    [PING OK] GB | 179ms
2026-02-19 18:11:28 [INFO]    [PING OK] GB | 184ms
2026-02-19 18:11:28 [INFO]    [PING OK] GB | 169ms
2026-02-19 18:11:29 [INFO]    [PING OK] GB | 253ms
2026-02-19 18:11:30 [INFO]    [PING OK] GB | 342ms
2026-02-19 18:11:30 [INFO]    [PING OK] GB | 152ms
2026-02-19 18:11:32 [INFO]    [PING OK] RU | 364ms
2026-02-19 18:11:32 [INFO]    [PING OK] NO | 691ms
2026-02-19 18:11:33 [INFO]    [PING OK] RU | 2693ms
2026-02-19 18:11:33 [INFO]    [PING OK] GB | 507ms
2026-02-19 18:11:33 [INFO]    [PING OK] RU | 379ms
2026-02-19 18:11:34 [INFO]    [PING OK] GB | 147ms
2026-02-19 18:11:35 [INFO]    [PING OK] US | 572ms
2026-02-19 18:11:35 [INFO]    [PING OK] GB | 157ms
2026-02-19 18:11:36 [INFO]    [PING OK] DE | 1693ms
2026-02-19 18:11:36 [INFO]    [PING OK] RU | 3509ms
2026-02-19 18:11:36 [INFO]    [PING OK] GB | 160ms
2026-02-19 18:11:40 [INFO]    [PING OK] JP | 942ms
2026-02-19 18:11:42 [INFO]    [PING OK] FI | 1014ms
2026-02-19 18:11:42 [INFO]    [PING OK] SE | 99ms
2026-02-19 18:11:42 [INFO]    [PING OK] NL | 469ms
2026-02-19 18:11:43 [INFO]    [PING OK] RU | 599ms
2026-02-19 18:11:45 [INFO]    [PING OK] DE | 763ms
2026-02-19 18:11:45 [INFO]    [PING OK] DE | 677ms
2026-02-19 18:11:48 [INFO]    [PING OK] TW | 4345ms
2026-02-19 18:11:49 [INFO]    [PING OK] RU | 2020ms
2026-02-19 18:11:49 [INFO]    [PING OK] TR | 154ms
2026-02-19 18:11:50 [INFO]    [PING OK] RU | 2420ms
2026-02-19 18:11:50 [INFO]    [PING OK] DE | 3390ms
2026-02-19 18:11:52 [INFO]    [PING OK] RU | 3705ms
2026-02-19 18:11:53 [INFO]    [PING OK] RU | 522ms
2026-02-19 18:11:54 [INFO]    [PING OK] DE | 1616ms
2026-02-19 18:12:00 [INFO] 🏎️ ЭТАП 2: Глубокий замер скорости для ТОП-10 серверов...
2026-02-19 18:12:07 [INFO]    🏆 SE | Пинг: 99ms | Скорость: 8.43 Mbps ⚡⚡
2026-02-19 18:12:07 [INFO]    🏆 DE | Пинг: 121ms | Скорость: 7.98 Mbps ⚡⚡
2026-02-19 18:12:07 [INFO]    🏆 GB | Пинг: 129ms | Скорость: 8.84 Mbps ⚡⚡
2026-02-19 18:12:07 [INFO]    🏆 PL | Пинг: 131ms | Скорость: 9.26 Mbps ⚡⚡
2026-02-19 18:12:07 [INFO]    🏆 DE | Пинг: 132ms | Скорость: 3.13 Mbps ⚡⚡
2026-02-19 18:12:07 [INFO]    🏆 FR | Пинг: 132ms | Скорость: 9.01 Mbps ⚡⚡
2026-02-19 18:12:07 [INFO]    🏆 BG | Пинг: 133ms | Скорость: 1.42 Mbps 
2026-02-19 18:12:07 [INFO]    🏆 DE | Пинг: 133ms | Скорость: 8.99 Mbps ⚡⚡
2026-02-19 18:12:07 [INFO]    🏆 TR | Пинг: 137ms | Скорость: 8.9 Mbps ⚡⚡
2026-02-19 18:12:07 [INFO]    🏆 RU | Пинг: 102ms | Скорость: 9.41 Mbps ⚡⚡
2026-02-19 18:12:07 [INFO] 🇷🇺 Добавлен RU сервер: 217.16.27.217
2026-02-19 18:12:07 [INFO] 📊 Итого в подписке сохранено: 10 серверов
2026-02-19 18:12:07 [INFO] 💾 Файл успешно сохранен: FL1PVPN
