2026-02-27 16:40:06 [INFO] 🚀 START: Smart Selector (Target: 10, ONLY FOREIGN)
2026-02-27 16:40:06 [INFO] 🌐 Загрузка источников (VLESS + VMess)...
2026-02-27 16:40:08 [INFO] 🔍 Уникальных конфигов собрано: 459
2026-02-27 16:40:08 [INFO] ⚡ ЭТАП 1: Замер Пинга и Геолокации. Workers: 40...
2026-02-27 16:40:13 [INFO]    [PING OK] FI | VLESS | 4681ms
2026-02-27 16:40:13 [INFO]    [PING OK] FI | VLESS | 4898ms
2026-02-27 16:40:13 [INFO]    [PING OK] NL | VLESS | 4946ms
2026-02-27 16:40:13 [INFO]    [PING OK] FI | VLESS | 4899ms
2026-02-27 16:40:14 [INFO]    [PING OK] FI | VLESS | 4881ms
2026-02-27 16:40:14 [INFO]    [PING OK] NL | VLESS | 4811ms
2026-02-27 16:40:15 [INFO]    [PING OK] HU | VLESS | 3563ms
2026-02-27 16:40:15 [INFO]    [PING OK] US | VLESS | 4225ms
2026-02-27 16:40:17 [INFO]    [PING OK] LT | VLESS | 6392ms
2026-02-27 16:40:18 [INFO]    [PING OK] LT | VLESS | 3806ms
2026-02-27 16:40:18 [INFO]    [PING OK] DE | VLESS | 4125ms
2026-02-27 16:40:18 [INFO]    [PING OK] FI | VLESS | 4047ms
2026-02-27 16:40:19 [INFO]    [PING OK] DE | VLESS | 4401ms
2026-02-27 16:40:19 [INFO]    [PING OK] US | VLESS | 4097ms
2026-02-27 16:40:19 [INFO]    [PING OK] DE | VLESS | 4309ms
2026-02-27 16:40:19 [INFO]    [PING OK] PL | VLESS | 3858ms
2026-02-27 16:40:19 [INFO]    [PING OK] FI | VLESS | 5105ms
2026-02-27 16:40:20 [INFO]    [PING OK] DE | VLESS | 4720ms
2026-02-27 16:40:21 [INFO]    [PING OK] PL | VLESS | 4046ms
2026-02-27 16:40:21 [INFO]    [PING OK] PL | VLESS | 4078ms
2026-02-27 16:40:21 [INFO]    [PING OK] CH | VLESS | 4480ms
2026-02-27 16:40:24 [INFO]    [PING OK] FI | VLESS | 4862ms
2026-02-27 16:40:24 [INFO]    [PING OK] NL | VLESS | 4630ms
2026-02-27 16:40:24 [INFO]    [PING OK] NL | VLESS | 4661ms
2026-02-27 16:40:25 [INFO]    [PING OK] DE | VLESS | 4651ms
2026-02-27 16:40:25 [INFO]    [PING OK] FI | VLESS | 4714ms
2026-02-27 16:40:25 [INFO]    [PING OK] DE | VLESS | 4392ms
2026-02-27 16:40:26 [INFO]    [PING OK] FI | VLESS | 4425ms
2026-02-27 16:40:26 [INFO]    [PING OK] HU | VLESS | 4204ms
2026-02-27 16:40:26 [INFO]    [PING OK] PL | VLESS | 4297ms
2026-02-27 16:40:26 [INFO]    [PING OK] LT | VLESS | 4902ms
2026-02-27 16:40:28 [INFO]    [PING OK] FI | VLESS | 3991ms
2026-02-27 16:40:29 [INFO]    [PING OK] FI | VLESS | 4063ms
2026-02-27 16:40:29 [INFO]    [PING OK] NO | VLESS | 4203ms
2026-02-27 16:40:29 [INFO]    [PING OK] HU | VLESS | 4180ms
2026-02-27 16:40:30 [INFO]    [PING OK] KZ | VLESS | 4082ms
2026-02-27 16:40:30 [INFO]    [PING OK] SE | VLESS | 3921ms
2026-02-27 16:40:31 [INFO]    [PING OK] EE | VLESS | 3926ms
2026-02-27 16:40:33 [INFO]    [PING OK] TR | VLESS | 4047ms
2026-02-27 16:40:33 [INFO]    [PING OK] TR | VLESS | 4084ms
2026-02-27 16:40:34 [INFO]    [PING OK] NL | VLESS | 3979ms
2026-02-27 16:40:34 [INFO]    [PING OK] TR | VLESS | 4184ms
2026-02-27 16:40:34 [INFO]    [PING OK] US | VLESS | 7581ms
2026-02-27 16:40:35 [INFO]    [PING OK] FI | VLESS | 4111ms
2026-02-27 16:40:35 [INFO]    [PING OK] LV | VLESS | 9098ms
2026-02-27 16:40:36 [INFO]    [PING OK] PL | VLESS | 3594ms
2026-02-27 16:40:36 [INFO]    [PING OK] US | VLESS | 4913ms
2026-02-27 16:40:36 [INFO]    [PING OK] NL | VLESS | 4491ms
2026-02-27 16:40:37 [INFO]    [PING OK] NL | VLESS | 4477ms
2026-02-27 16:40:37 [INFO]    [PING OK] AE | VLESS | 7933ms
2026-02-27 16:40:38 [INFO]    [PING OK] PL | VLESS | 3992ms
2026-02-27 16:40:38 [INFO]    [PING OK] FR | VLESS | 4025ms
2026-02-27 16:40:38 [INFO]    [PING OK] TR | VLESS | 4036ms
2026-02-27 16:40:38 [INFO]    [PING OK] FR | VLESS | 4022ms
2026-02-27 16:40:39 [INFO]    [PING OK] PL | VLESS | 4217ms
2026-02-27 16:40:39 [INFO]    [PING OK] PL | VLESS | 4303ms
2026-02-27 16:40:40 [INFO]    [PING OK] PL | VLESS | 4409ms
2026-02-27 16:40:40 [INFO]    [PING OK] LT | VLESS | 4593ms
2026-02-27 16:40:40 [INFO]    [PING OK] PL | VLESS | 4285ms
2026-02-27 16:40:41 [INFO]    [PING OK] BE | VLESS | 4572ms
2026-02-27 16:40:41 [INFO]    [PING OK] DE | VLESS | 5242ms
2026-02-27 16:40:41 [INFO]    [PING OK] NL | VLESS | 5303ms
2026-02-27 16:40:42 [INFO]    [PING OK] NL | VLESS | 4731ms
2026-02-27 16:40:42 [INFO]    [PING OK] SE | VLESS | 3818ms
2026-02-27 16:40:43 [INFO]    [PING OK] US | VLESS | 4412ms
2026-02-27 16:40:43 [INFO]    [PING OK] FR | VLESS | 3868ms
2026-02-27 16:40:43 [INFO]    [PING OK] NL | VLESS | 3933ms
2026-02-27 16:40:43 [INFO]    [PING OK] NO | VLESS | 5083ms
2026-02-27 16:40:45 [INFO]    [PING OK] PL | VLESS | 4294ms
2026-02-27 16:40:45 [INFO]    [PING OK] FI | VLESS | 4461ms
2026-02-27 16:40:46 [INFO]    [PING OK] DE | VLESS | 4488ms
2026-02-27 16:40:47 [INFO]    [PING OK] ES | VLESS | 4634ms
2026-02-27 16:40:47 [INFO]    [PING OK] EE | VLESS | 4640ms
2026-02-27 16:40:48 [INFO]    [PING OK] DE | VLESS | 4687ms
2026-02-27 16:40:50 [INFO]    [PING OK] FI | VLESS | 4594ms
2026-02-27 16:40:50 [INFO]    [PING OK] CA | VLESS | 8264ms
2026-02-27 16:40:50 [INFO]    [PING OK] LT | VLESS | 4590ms
2026-02-27 16:40:50 [INFO]    [PING OK] FI | VLESS | 5107ms
2026-02-27 16:40:51 [INFO]    [PING OK] DE | VLESS | 4138ms
2026-02-27 16:40:52 [INFO]    [PING OK] DE | VLESS | 4501ms
2026-02-27 16:40:52 [INFO]    [PING OK] CZ | VLESS | 4091ms
2026-02-27 16:40:52 [INFO]    [PING OK] DE | VLESS | 4382ms
2026-02-27 16:40:52 [INFO]    [PING OK] PL | VLESS | 4490ms
2026-02-27 16:40:53 [INFO]    [PING OK] DE | VLESS | 4483ms
2026-02-27 16:40:54 [INFO]    [PING OK] DE | VLESS | 7446ms
2026-02-27 16:40:54 [INFO]    [PING OK] DE | VLESS | 3555ms
2026-02-27 16:40:54 [INFO]    [PING OK] NL | VLESS | 3286ms
2026-02-27 16:40:54 [INFO]    [PING OK] DE | VLESS | 3344ms
2026-02-27 16:40:54 [INFO]    [PING OK] DE | VLESS | 3368ms
2026-02-27 16:40:54 [INFO]    [PING OK] FR | VLESS | 3449ms
2026-02-27 16:40:55 [INFO]    [PING OK] SG | VLESS | 3584ms
2026-02-27 16:40:55 [INFO]    [PING OK] DE | VLESS | 3458ms
2026-02-27 16:40:55 [INFO]    [PING OK] FI | VLESS | 779ms
2026-02-27 16:40:55 [INFO]    [PING OK] DE | VLESS | 3908ms
2026-02-27 16:40:55 [INFO]    [PING OK] DE | VLESS | 2997ms
2026-02-27 16:40:55 [INFO]    [PING OK] JP | VLESS | 3825ms
2026-02-27 16:40:56 [INFO]    [PING OK] DE | VLESS | 2566ms
2026-02-27 16:40:57 [INFO]    [PING OK] US | VLESS | 6555ms
2026-02-27 16:40:57 [INFO]    [PING OK] TW | VLESS | 5551ms
2026-02-27 16:41:00 [INFO]    [PING OK] CA | VLESS | 6935ms
2026-02-27 16:41:00 [INFO] 🏎️ ЭТАП 2: Глубокий замер скорости для 40 иностранных кандидатов...
2026-02-27 16:41:03 [INFO]    🏆 DE | VLESS | Пинг: 3344ms | Скорость: 7.25 Mbps ⚡⚡
2026-02-27 16:41:04 [INFO]    🏆 DE | VLESS | Пинг: 3555ms | Скорость: 6.28 Mbps ⚡⚡
2026-02-27 16:41:04 [INFO]    🏆 LT | VLESS | Пинг: 3806ms | Скорость: 6.95 Mbps ⚡⚡
2026-02-27 16:41:04 [INFO]    🏆 PL | VLESS | Пинг: 3594ms | Скорость: 6.9 Mbps ⚡⚡
2026-02-27 16:41:04 [INFO]    🏆 FI | VLESS | Пинг: 779ms | Скорость: 5.73 Mbps ⚡⚡
2026-02-27 16:41:04 [INFO]    🏆 HU | VLESS | Пинг: 3563ms | Скорость: 5.89 Mbps ⚡⚡
2026-02-27 16:41:05 [INFO]    🏆 DE | VLESS | Пинг: 3368ms | Скорость: 4.37 Mbps ⚡⚡
2026-02-27 16:41:05 [INFO]    🏆 DE | VLESS | Пинг: 2566ms | Скорость: 4.05 Mbps ⚡⚡
2026-02-27 16:41:06 [INFO]    🏆 JP | VLESS | Пинг: 3825ms | Скорость: 4.15 Mbps ⚡⚡
2026-02-27 16:41:06 [INFO]    🏆 NL | VLESS | Пинг: 3286ms | Скорость: 3.57 Mbps ⚡⚡
2026-02-27 16:41:07 [INFO]    🏆 DE | VLESS | Пинг: 2997ms | Скорость: 0.76 Mbps 
2026-02-27 16:41:07 [INFO]    🏆 DE | VLESS | Пинг: 3458ms | Скорость: 2.91 Mbps ⚡
2026-02-27 16:41:07 [INFO]    🏆 PL | VLESS | Пинг: 3858ms | Скорость: 6.81 Mbps ⚡⚡
2026-02-27 16:41:07 [INFO]    🏆 EE | VLESS | Пинг: 3926ms | Скорость: 7.44 Mbps ⚡⚡
2026-02-27 16:41:08 [INFO]    🏆 NL | VLESS | Пинг: 3933ms | Скорость: 6.92 Mbps ⚡⚡
2026-02-27 16:41:08 [INFO]    🏆 PL | VLESS | Пинг: 3992ms | Скорость: 11.23 Mbps ⚡⚡
2026-02-27 16:41:08 [INFO]    🏆 FI | VLESS | Пинг: 3991ms | Скорость: 9.62 Mbps ⚡⚡
2026-02-27 16:41:08 [INFO]    🏆 NL | VLESS | Пинг: 3979ms | Скорость: 6.53 Mbps ⚡⚡
2026-02-27 16:41:08 [INFO]    🏆 SE | VLESS | Пинг: 3921ms | Скорость: 5.33 Mbps ⚡⚡
2026-02-27 16:41:09 [INFO]    🏆 FR | VLESS | Пинг: 4025ms | Скорость: 9.58 Mbps ⚡⚡
2026-02-27 16:41:09 [INFO]    🏆 FR | VLESS | Пинг: 3868ms | Скорость: 4.56 Mbps ⚡⚡
2026-02-27 16:41:10 [INFO]    🏆 FI | VLESS | Пинг: 4063ms | Скорость: 9.02 Mbps ⚡⚡
2026-02-27 16:41:10 [INFO]    🏆 PL | VLESS | Пинг: 4078ms | Скорость: 9.35 Mbps ⚡⚡
2026-02-27 16:41:11 [INFO]    🏆 TR | VLESS | Пинг: 4047ms | Скорость: 7.0 Mbps ⚡⚡
2026-02-27 16:41:11 [INFO]    🏆 FR | VLESS | Пинг: 4022ms | Скорость: 4.62 Mbps ⚡⚡
2026-02-27 16:41:11 [INFO]    🏆 TR | VLESS | Пинг: 4084ms | Скорость: 9.25 Mbps ⚡⚡
2026-02-27 16:41:11 [INFO]    🏆 CZ | VLESS | Пинг: 4091ms | Скорость: 8.81 Mbps ⚡⚡
2026-02-27 16:41:11 [INFO]    🏆 FI | VLESS | Пинг: 4111ms | Скорость: 10.5 Mbps ⚡⚡
2026-02-27 16:41:11 [INFO]    🏆 TR | VLESS | Пинг: 4036ms | Скорость: 5.34 Mbps ⚡⚡
2026-02-27 16:41:11 [INFO]    🏆 US | VLESS | Пинг: 4097ms | Скорость: 8.62 Mbps ⚡⚡
2026-02-27 16:41:13 [INFO]    🏆 HU | VLESS | Пинг: 4180ms | Скорость: 9.46 Mbps ⚡⚡
2026-02-27 16:41:13 [INFO]    🏆 PL | VLESS | Пинг: 4046ms | Скорость: 2.72 Mbps ⚡
2026-02-27 16:41:13 [INFO] 📊 Итого в подписке сохранено иностранных серверов: 10
2026-02-27 16:41:13 [INFO] 💾 Файл успешно сохранен: FL1PVPN
