2026-02-18 11:20:05 [INFO] 🚀 START: Smart VLESS Selector (Target: 10, Strict Mode)
2026-02-18 11:20:05 [INFO] 🌐 Загрузка источников...
2026-02-18 11:20:07 [INFO] 🔍 Уникальных конфигов собрано: 319
2026-02-18 11:20:07 [INFO] ⚡ ЭТАП 1: Быстрый замер Пинга (Workers: 25)...
2026-02-18 11:20:08 [INFO]    [PING OK] DE | 180ms
2026-02-18 11:20:09 [INFO]    [PING OK] RU | 354ms
2026-02-18 11:20:09 [INFO]    [PING OK] IT | 614ms
2026-02-18 11:20:09 [INFO]    [PING OK] DE | 780ms
2026-02-18 11:20:10 [INFO]    [PING OK] RU | 2148ms
2026-02-18 11:20:11 [INFO]    [PING OK] LV | 1076ms
2026-02-18 11:20:12 [INFO]    [PING OK] RU | 1399ms
2026-02-18 11:20:14 [INFO]    [PING OK] DE | 180ms
2026-02-18 11:20:15 [INFO]    [PING OK] DE | 1960ms
2026-02-18 11:20:17 [INFO]    [PING OK] DE | 4495ms
2026-02-18 11:20:18 [INFO]    [PING OK] RU | 253ms
2026-02-18 11:20:18 [INFO]    [PING OK] RU | 250ms
2026-02-18 11:20:19 [INFO]    [PING OK] RU | 303ms
2026-02-18 11:20:19 [INFO]    [PING OK] RU | 714ms
2026-02-18 11:20:19 [INFO]    [PING OK] RU | 257ms
2026-02-18 11:20:19 [INFO]    [PING OK] RU | 664ms
2026-02-18 11:20:19 [INFO]    [PING OK] RU | 335ms
2026-02-18 11:20:20 [INFO]    [PING OK] RU | 203ms
2026-02-18 11:20:20 [INFO]    [PING OK] RU | 595ms
2026-02-18 11:20:20 [INFO]    [PING OK] RU | 269ms
2026-02-18 11:20:20 [INFO]    [PING OK] RU | 881ms
2026-02-18 11:20:20 [INFO]    [PING OK] RU | 290ms
2026-02-18 11:20:20 [INFO]    [PING OK] RU | 529ms
2026-02-18 11:20:20 [INFO]    [PING OK] RU | 506ms
2026-02-18 11:20:20 [INFO]    [PING OK] RU | 198ms
2026-02-18 11:20:20 [INFO]    [PING OK] RU | 480ms
2026-02-18 11:20:21 [INFO]    [PING OK] RU | 310ms
2026-02-18 11:20:21 [INFO]    [PING OK] RU | 336ms
2026-02-18 11:20:21 [INFO]    [PING OK] RU | 291ms
2026-02-18 11:20:21 [INFO]    [PING OK] RU | 186ms
2026-02-18 11:20:21 [INFO]    [PING OK] RU | 290ms
2026-02-18 11:20:21 [INFO]    [PING OK] RU | 218ms
2026-02-18 11:20:21 [INFO]    [PING OK] RU | 247ms
2026-02-18 11:20:22 [INFO]    [PING OK] RU | 595ms
2026-02-18 11:20:22 [INFO]    [PING OK] RU | 236ms
2026-02-18 11:20:22 [INFO]    [PING OK] RU | 277ms
2026-02-18 11:20:22 [INFO]    [PING OK] RU | 301ms
2026-02-18 11:20:22 [INFO]    [PING OK] RU | 307ms
2026-02-18 11:20:22 [INFO]    [PING OK] RU | 284ms
2026-02-18 11:20:23 [INFO]    [PING OK] RU | 1610ms
2026-02-18 11:20:23 [INFO]    [PING OK] RU | 1089ms
2026-02-18 11:20:23 [INFO]    [PING OK] RU | 1713ms
2026-02-18 11:20:24 [INFO]    [PING OK] RU | 2663ms
2026-02-18 11:20:24 [INFO]    [PING OK] RU | 962ms
2026-02-18 11:20:24 [INFO]    [PING OK] RU | 680ms
2026-02-18 11:20:24 [INFO]    [PING OK] RU | 264ms
2026-02-18 11:20:24 [INFO]    [PING OK] RU | 344ms
2026-02-18 11:20:24 [INFO]    [PING OK] RU | 816ms
2026-02-18 11:20:24 [INFO]    [PING OK] RU | 543ms
2026-02-18 11:20:24 [INFO]    [PING OK] RU | 1266ms
2026-02-18 11:20:25 [INFO]    [PING OK] RU | 286ms
2026-02-18 11:20:25 [INFO]    [PING OK] RU | 874ms
2026-02-18 11:20:25 [INFO]    [PING OK] RU | 742ms
2026-02-18 11:20:25 [INFO]    [PING OK] RU | 4220ms
2026-02-18 11:20:25 [INFO]    [PING OK] RU | 1293ms
2026-02-18 11:20:25 [INFO]    [PING OK] RU | 3261ms
2026-02-18 11:20:26 [INFO]    [PING OK] RU | 1587ms
2026-02-18 11:20:26 [INFO]    [PING OK] GB | 1014ms
2026-02-18 11:20:27 [INFO]    [PING OK] RU | 984ms
2026-02-18 11:20:27 [INFO]    [PING OK] RU | 89ms
2026-02-18 11:20:27 [INFO]    [PING OK] RU | 2329ms
2026-02-18 11:20:27 [INFO]    [PING OK] RU | 2213ms
2026-02-18 11:20:27 [INFO]    [PING OK] RU | 2028ms
2026-02-18 11:20:28 [INFO]    [PING OK] RU | 3392ms
2026-02-18 11:20:28 [INFO]    [PING OK] RU | 148ms
2026-02-18 11:20:28 [INFO]    [PING OK] RU | 495ms
2026-02-18 11:20:29 [INFO]    [PING OK] FI | 171ms
2026-02-18 11:20:29 [INFO]    [PING OK] RU | 2937ms
2026-02-18 11:20:29 [INFO]    [PING OK] DE | 1114ms
2026-02-18 11:20:29 [INFO]    [PING OK] PL | 113ms
2026-02-18 11:20:30 [INFO]    [PING OK] RU | 2556ms
2026-02-18 11:20:31 [INFO]    [PING OK] RU | 4970ms
2026-02-18 11:20:31 [INFO]    [PING OK] IQ | 602ms
2026-02-18 11:20:31 [INFO]    [PING OK] NL | 229ms
2026-02-18 11:20:32 [INFO]    [PING OK] DE | 3487ms
2026-02-18 11:20:33 [INFO]    [PING OK] NL | 569ms
2026-02-18 11:20:33 [INFO]    [PING OK] FI | 183ms
2026-02-18 11:20:35 [INFO]    [PING OK] LV | 385ms
2026-02-18 11:20:35 [INFO]    [PING OK] US | 612ms
2026-02-18 11:20:35 [INFO]    [PING OK] DE | 512ms
2026-02-18 11:20:36 [INFO]    [PING OK] AT | 226ms
2026-02-18 11:20:36 [INFO]    [PING OK] RU | 227ms
2026-02-18 11:20:37 [INFO]    [PING OK] FI | 164ms
2026-02-18 11:20:37 [INFO]    [PING OK] FI | 607ms
2026-02-18 11:20:37 [INFO]    [PING OK] AE | 264ms
2026-02-18 11:20:38 [INFO]    [PING OK] MD | 135ms
2026-02-18 11:20:38 [INFO]    [PING OK] JP | 4162ms
2026-02-18 11:20:39 [INFO]    [PING OK] DE | 198ms
2026-02-18 11:20:40 [INFO]    [PING OK] UZ | 270ms
2026-02-18 11:20:41 [INFO]    [PING OK] DE | 523ms
2026-02-18 11:20:47 [INFO] 🏎️ ЭТАП 2: Глубокий замер скорости для ТОП-10 серверов...
2026-02-18 11:20:53 [INFO]    🏆 PL | Пинг: 113ms | Скорость: 7.98 Mbps ⚡⚡
2026-02-18 11:20:53 [INFO]    🏆 MD | Пинг: 135ms | Скорость: 0.0 Mbps 
2026-02-18 11:20:53 [INFO]    🏆 FI | Пинг: 164ms | Скорость: 8.34 Mbps ⚡⚡
2026-02-18 11:20:53 [INFO]    🏆 FI | Пинг: 171ms | Скорость: 8.0 Mbps ⚡⚡
2026-02-18 11:20:53 [INFO]    🏆 DE | Пинг: 180ms | Скорость: 7.09 Mbps ⚡⚡
2026-02-18 11:20:53 [INFO]    🏆 DE | Пинг: 180ms | Скорость: 8.34 Mbps ⚡⚡
2026-02-18 11:20:53 [INFO]    🏆 FI | Пинг: 183ms | Скорость: 8.2 Mbps ⚡⚡
2026-02-18 11:20:53 [INFO]    🏆 DE | Пинг: 198ms | Скорость: 8.27 Mbps ⚡⚡
2026-02-18 11:20:53 [INFO]    🏆 AT | Пинг: 226ms | Скорость: 8.39 Mbps ⚡⚡
2026-02-18 11:20:53 [INFO]    🏆 RU | Пинг: 89ms | Скорость: 8.31 Mbps ⚡⚡
2026-02-18 11:20:53 [INFO] 🇷🇺 Добавлен RU сервер: 109.120.190.78
2026-02-18 11:20:53 [INFO] 📊 Итого в подписке сохранено: 10 серверов
2026-02-18 11:20:53 [INFO] 💾 Файл успешно сохранен: FL1PVPN
