2026-02-25 23:10:05 [INFO] 🚀 START: Smart Selector (Target: 10, ONLY FOREIGN)
2026-02-25 23:10:05 [INFO] 🌐 Загрузка источников (VLESS + VMess)...
2026-02-25 23:10:06 [INFO] 🔍 Уникальных конфигов собрано: 132
2026-02-25 23:10:06 [INFO] ⚡ ЭТАП 1: Замер Пинга и Геолокации. Workers: 40...
2026-02-25 23:10:11 [INFO]    [PING OK] DE | VLESS | 4169ms
2026-02-25 23:10:11 [INFO]    [PING OK] DE | VLESS | 4102ms
2026-02-25 23:10:11 [INFO]    [PING OK] NL | VLESS | 4075ms
2026-02-25 23:10:11 [INFO]    [PING OK] NL | VLESS | 4050ms
2026-02-25 23:10:11 [INFO]    [PING OK] DE | VLESS | 3850ms
2026-02-25 23:10:12 [INFO]    [PING OK] DE | VLESS | 4389ms
2026-02-25 23:10:12 [INFO]    [PING OK] NL | VLESS | 4571ms
2026-02-25 23:10:12 [INFO]    [PING OK] DE | VLESS | 4403ms
2026-02-25 23:10:12 [INFO]    [PING OK] NL | VLESS | 3929ms
2026-02-25 23:10:12 [INFO]    [PING OK] NL | VLESS | 4511ms
2026-02-25 23:10:12 [INFO]    [PING OK] DE | VLESS | 4060ms
2026-02-25 23:10:12 [INFO]    [PING OK] DE | VLESS | 4503ms
2026-02-25 23:10:12 [INFO]    [PING OK] DE | VLESS | 4277ms
2026-02-25 23:10:12 [INFO]    [PING OK] DE | VLESS | 4008ms
2026-02-25 23:10:12 [INFO]    [PING OK] NL | VLESS | 4510ms
2026-02-25 23:10:12 [INFO]    [PING OK] FI | VLESS | 4296ms
2026-02-25 23:10:12 [INFO]    [PING OK] NL | VLESS | 4251ms
2026-02-25 23:10:12 [INFO]    [PING OK] NL | VLESS | 3741ms
2026-02-25 23:10:12 [INFO]    [PING OK] FI | VLESS | 4134ms
2026-02-25 23:10:12 [INFO]    [PING OK] NL | VLESS | 4832ms
2026-02-25 23:10:12 [INFO]    [PING OK] DE | VLESS | 3605ms
2026-02-25 23:10:13 [INFO]    [PING OK] DE | VLESS | 3514ms
2026-02-25 23:10:13 [INFO]    [PING OK] FI | VLESS | 3887ms
2026-02-25 23:10:14 [INFO]    [PING OK] DE | VLESS | 3542ms
2026-02-25 23:10:16 [INFO]    [PING OK] NL | VLESS | 4947ms
2026-02-25 23:10:16 [INFO]    [PING OK] DE | VLESS | 4826ms
2026-02-25 23:10:16 [INFO]    [PING OK] US | VLESS | 5105ms
2026-02-25 23:10:18 [INFO]    [PING OK] LV | VLESS | 5346ms
2026-02-25 23:10:18 [INFO]    [PING OK] NL | VLESS | 5438ms
2026-02-25 23:10:18 [INFO]    [PING OK] NL | VLESS | 5430ms
2026-02-25 23:10:18 [INFO]    [PING OK] US | VLESS | 5487ms
2026-02-25 23:10:19 [INFO]    [PING OK] DE | VLESS | 5779ms
2026-02-25 23:10:19 [INFO]    [PING OK] CA | VLESS | 6756ms
2026-02-25 23:10:20 [INFO]    [PING OK] LV | VLESS | 4297ms
2026-02-25 23:10:20 [INFO]    [PING OK] GB | VLESS | 3514ms
2026-02-25 23:10:21 [INFO]    [PING OK] GB | VLESS | 2166ms
2026-02-25 23:10:21 [INFO]    [PING OK] CA | VLESS | 8096ms
2026-02-25 23:10:22 [INFO]    [PING OK] TW | VLESS | 9163ms
2026-02-25 23:10:23 [INFO]    [PING OK] CA | VLESS | 7545ms
2026-02-25 23:10:25 [INFO]    [PING OK] CA | VLESS | 6016ms
2026-02-25 23:10:25 [INFO]    [PING OK] US | VLESS | 5235ms
2026-02-25 23:10:26 [INFO] 🏎️ ЭТАП 2: Глубокий замер скорости для 40 иностранных кандидатов...
2026-02-25 23:10:30 [INFO]    🏆 NL | VLESS | Пинг: 4075ms | Скорость: 5.63 Mbps ⚡⚡
2026-02-25 23:10:30 [INFO]    🏆 DE | VLESS | Пинг: 3605ms | Скорость: 5.31 Mbps ⚡⚡
2026-02-25 23:10:30 [INFO]    🏆 DE | VLESS | Пинг: 3850ms | Скорость: 5.38 Mbps ⚡⚡
2026-02-25 23:10:30 [INFO]    🏆 DE | VLESS | Пинг: 3542ms | Скорость: 5.22 Mbps ⚡⚡
2026-02-25 23:10:30 [INFO]    🏆 NL | VLESS | Пинг: 4050ms | Скорость: 5.4 Mbps ⚡⚡
2026-02-25 23:10:30 [INFO]    🏆 NL | VLESS | Пинг: 3741ms | Скорость: 5.24 Mbps ⚡⚡
2026-02-25 23:10:30 [INFO]    🏆 DE | VLESS | Пинг: 4060ms | Скорость: 5.45 Mbps ⚡⚡
2026-02-25 23:10:30 [INFO]    🏆 FI | VLESS | Пинг: 4134ms | Скорость: 5.5 Mbps ⚡⚡
2026-02-25 23:10:30 [INFO]    🏆 DE | VLESS | Пинг: 4008ms | Скорость: 5.3 Mbps ⚡⚡
2026-02-25 23:10:30 [INFO]    🏆 DE | VLESS | Пинг: 4102ms | Скорость: 5.28 Mbps ⚡⚡
2026-02-25 23:10:30 [INFO]    🏆 NL | VLESS | Пинг: 3929ms | Скорость: 5.11 Mbps ⚡⚡
2026-02-25 23:10:30 [INFO]    🏆 FI | VLESS | Пинг: 3887ms | Скорость: 4.9 Mbps ⚡⚡
2026-02-25 23:10:32 [INFO]    🏆 GB | VLESS | Пинг: 3514ms | Скорость: 3.44 Mbps ⚡⚡
2026-02-25 23:10:32 [INFO]    🏆 GB | VLESS | Пинг: 2166ms | Скорость: 3.41 Mbps ⚡⚡
2026-02-25 23:10:34 [INFO]    🏆 DE | VLESS | Пинг: 4169ms | Скорость: 6.37 Mbps ⚡⚡
2026-02-25 23:10:34 [INFO]    🏆 DE | VLESS | Пинг: 4389ms | Скорость: 5.74 Mbps ⚡⚡
2026-02-25 23:10:34 [INFO]    🏆 NL | VLESS | Пинг: 4510ms | Скорость: 5.94 Mbps ⚡⚡
2026-02-25 23:10:35 [INFO]    🏆 NL | VLESS | Пинг: 4251ms | Скорость: 5.8 Mbps ⚡⚡
2026-02-25 23:10:35 [INFO]    🏆 LV | VLESS | Пинг: 4297ms | Скорость: 5.66 Mbps ⚡⚡
2026-02-25 23:10:35 [INFO]    🏆 DE | VLESS | Пинг: 4503ms | Скорость: 5.66 Mbps ⚡⚡
2026-02-25 23:10:35 [INFO]    🏆 DE | VLESS | Пинг: 4277ms | Скорость: 5.54 Mbps ⚡⚡
2026-02-25 23:10:35 [INFO]    🏆 DE | VLESS | Пинг: 4403ms | Скорость: 5.51 Mbps ⚡⚡
2026-02-25 23:10:35 [INFO]    🏆 NL | VLESS | Пинг: 4511ms | Скорость: 5.79 Mbps ⚡⚡
2026-02-25 23:10:35 [INFO]    🏆 NL | VLESS | Пинг: 4571ms | Скорость: 5.57 Mbps ⚡⚡
2026-02-25 23:10:35 [INFO]    🏆 DE | VLESS | Пинг: 4826ms | Скорость: 5.69 Mbps ⚡⚡
2026-02-25 23:10:37 [INFO]    🏆 NL | VLESS | Пинг: 4832ms | Скорость: 5.06 Mbps ⚡⚡
2026-02-25 23:10:37 [INFO]    🏆 NL | VLESS | Пинг: 4947ms | Скорость: 4.95 Mbps ⚡⚡
2026-02-25 23:10:37 [INFO]    🏆 US | VLESS | Пинг: 5235ms | Скорость: 8.81 Mbps ⚡⚡
2026-02-25 23:10:37 [INFO]    🏆 US | VLESS | Пинг: 5105ms | Скорость: 5.21 Mbps ⚡⚡
2026-02-25 23:10:38 [INFO]    🏆 NL | VLESS | Пинг: 5438ms | Скорость: 8.04 Mbps ⚡⚡
2026-02-25 23:10:38 [INFO]    🏆 NL | VLESS | Пинг: 5430ms | Скорость: 7.71 Mbps ⚡⚡
2026-02-25 23:10:39 [INFO]    🏆 US | VLESS | Пинг: 5487ms | Скорость: 6.21 Mbps ⚡⚡
2026-02-25 23:10:39 [INFO]    🏆 LV | VLESS | Пинг: 5346ms | Скорость: 4.91 Mbps ⚡⚡
2026-02-25 23:10:39 [INFO] 📊 Итого в подписке сохранено иностранных серверов: 10
2026-02-25 23:10:39 [INFO] 💾 Файл успешно сохранен: FL1PVPN
