2026-02-22 22:20:05 [INFO] 🚀 START: Smart Selector (Target: 10, ONLY FOREIGN)
2026-02-22 22:20:05 [INFO] 🌐 Загрузка источников (VLESS + VMess)...
2026-02-22 22:20:07 [INFO] 🔍 Уникальных конфигов собрано: 247
2026-02-22 22:20:07 [INFO] ⚡ ЭТАП 1: Замер Пинга и Геолокации. Workers: 40...
2026-02-22 22:20:13 [INFO]    [PING OK] ES | VLESS | 4565ms
2026-02-22 22:20:13 [INFO]    [PING OK] DE | VLESS | 4792ms
2026-02-22 22:20:13 [INFO]    [PING OK] PL | VLESS | 4281ms
2026-02-22 22:20:13 [INFO]    [PING OK] DE | VLESS | 5182ms
2026-02-22 22:20:14 [INFO]    [PING OK] CZ | VLESS | 5292ms
2026-02-22 22:20:14 [INFO]    [PING OK] ES | VLESS | 3972ms
2026-02-22 22:20:15 [INFO]    [PING OK] DE | VLESS | 5686ms
2026-02-22 22:20:17 [INFO]    [PING OK] PL | VLESS | 3965ms
2026-02-22 22:20:17 [INFO]    [PING OK] TR | VLESS | 4308ms
2026-02-22 22:20:17 [INFO]    [PING OK] CA | VLESS | 4465ms
2026-02-22 22:20:17 [INFO]    [PING OK] HU | VLESS | 4436ms
2026-02-22 22:20:18 [INFO]    [PING OK] TR | VLESS | 4186ms
2026-02-22 22:20:18 [INFO]    [PING OK] ES | VLESS | 4425ms
2026-02-22 22:20:18 [INFO]    [PING OK] HU | VLESS | 4386ms
2026-02-22 22:20:18 [INFO]    [PING OK] US | VLESS | 4607ms
2026-02-22 22:20:18 [INFO]    [PING OK] HU | VLESS | 4334ms
2026-02-22 22:20:18 [INFO]    [PING OK] HU | VLESS | 4751ms
2026-02-22 22:20:19 [INFO]    [PING OK] ES | VLESS | 4012ms
2026-02-22 22:20:19 [INFO]    [PING OK] DE | VLESS | 3937ms
2026-02-22 22:20:20 [INFO]    [PING OK] ES | VLESS | 3974ms
2026-02-22 22:20:20 [INFO]    [PING OK] PL | VLESS | 3930ms
2026-02-22 22:20:20 [INFO]    [PING OK] TR | VLESS | 4115ms
2026-02-22 22:20:21 [INFO]    [PING OK] HU | VLESS | 4052ms
2026-02-22 22:20:22 [INFO]    [PING OK] HU | VLESS | 3792ms
2026-02-22 22:20:22 [INFO]    [PING OK] PL | VLESS | 4107ms
2026-02-22 22:20:23 [INFO]    [PING OK] PL | VLESS | 4033ms
2026-02-22 22:20:23 [INFO]    [PING OK] PL | VLESS | 4395ms
2026-02-22 22:20:23 [INFO]    [PING OK] DE | VLESS | 4331ms
2026-02-22 22:20:23 [INFO]    [PING OK] ES | VLESS | 4168ms
2026-02-22 22:20:23 [INFO]    [PING OK] PL | VLESS | 4382ms
2026-02-22 22:20:24 [INFO]    [PING OK] CA | VLESS | 4382ms
2026-02-22 22:20:24 [INFO]    [PING OK] CA | VLESS | 4385ms
2026-02-22 22:20:26 [INFO]    [PING OK] DE | VLESS | 8153ms
2026-02-22 22:20:28 [INFO]    [PING OK] CA | VLESS | 5484ms
2026-02-22 22:20:28 [INFO]    [PING OK] US | VLESS | 5145ms
2026-02-22 22:20:28 [INFO]    [PING OK] CA | VLESS | 5576ms
2026-02-22 22:20:29 [INFO]    [PING OK] CA | VLESS | 5031ms
2026-02-22 22:20:29 [INFO]    [PING OK] CA | VLESS | 5242ms
2026-02-22 22:20:29 [INFO]    [PING OK] NL | VLESS | 5039ms
2026-02-22 22:20:30 [INFO]    [PING OK] CA | VLESS | 5054ms
2026-02-22 22:20:30 [INFO]    [PING OK] CA | VLESS | 4968ms
2026-02-22 22:20:30 [INFO]    [PING OK] DE | VLESS | 3816ms
2026-02-22 22:20:31 [INFO]    [PING OK] NL | VLESS | 1908ms
2026-02-22 22:20:31 [INFO]    [PING OK] US | VLESS | 1846ms
2026-02-22 22:20:31 [INFO]    [PING OK] CA | VLESS | 3431ms
2026-02-22 22:20:32 [INFO]    [PING OK] CA | VLESS | 3513ms
2026-02-22 22:20:32 [INFO]    [PING OK] CA | VLESS | 2552ms
2026-02-22 22:20:36 [INFO] 🏎️ ЭТАП 2: Глубокий замер скорости для 40 иностранных кандидатов...
2026-02-22 22:20:40 [INFO]    🏆 DE | VLESS | Пинг: 3937ms | Скорость: 6.89 Mbps ⚡⚡
2026-02-22 22:20:40 [INFO]    🏆 DE | VLESS | Пинг: 3816ms | Скорость: 6.83 Mbps ⚡⚡
2026-02-22 22:20:40 [INFO]    🏆 PL | VLESS | Пинг: 3965ms | Скорость: 6.27 Mbps ⚡⚡
2026-02-22 22:20:40 [INFO]    🏆 HU | VLESS | Пинг: 4052ms | Скорость: 6.39 Mbps ⚡⚡
2026-02-22 22:20:40 [INFO]    🏆 ES | VLESS | Пинг: 4012ms | Скорость: 6.2 Mbps ⚡⚡
2026-02-22 22:20:40 [INFO]    🏆 ES | VLESS | Пинг: 3972ms | Скорость: 5.6 Mbps ⚡⚡
2026-02-22 22:20:40 [INFO]    🏆 US | VLESS | Пинг: 1846ms | Скорость: 5.33 Mbps ⚡⚡
2026-02-22 22:20:40 [INFO]    🏆 PL | VLESS | Пинг: 3930ms | Скорость: 5.25 Mbps ⚡⚡
2026-02-22 22:20:41 [INFO]    🏆 ES | VLESS | Пинг: 3974ms | Скорость: 4.91 Mbps ⚡⚡
2026-02-22 22:20:42 [INFO]    🏆 HU | VLESS | Пинг: 3792ms | Скорость: 3.51 Mbps ⚡⚡
2026-02-22 22:20:43 [INFO]    🏆 NL | VLESS | Пинг: 1908ms | Скорость: 2.33 Mbps ⚡
2026-02-22 22:20:43 [INFO]    🏆 PL | VLESS | Пинг: 4033ms | Скорость: 0.93 Mbps 
2026-02-22 22:20:43 [INFO]    🏆 PL | VLESS | Пинг: 4107ms | Скорость: 7.77 Mbps ⚡⚡
2026-02-22 22:20:43 [INFO]    🏆 TR | VLESS | Пинг: 4115ms | Скорость: 7.76 Mbps ⚡⚡
2026-02-22 22:20:43 [INFO]    🏆 ES | VLESS | Пинг: 4168ms | Скорость: 7.76 Mbps ⚡⚡
2026-02-22 22:20:43 [INFO]    🏆 TR | VLESS | Пинг: 4186ms | Скорость: 7.25 Mbps ⚡⚡
2026-02-22 22:20:44 [INFO]    🏆 TR | VLESS | Пинг: 4308ms | Скорость: 6.77 Mbps ⚡⚡
2026-02-22 22:20:45 [INFO]    🏆 HU | VLESS | Пинг: 4386ms | Скорость: 5.7 Mbps ⚡⚡
2026-02-22 22:20:45 [INFO]    🏆 ES | VLESS | Пинг: 4425ms | Скорость: 9.68 Mbps ⚡⚡
2026-02-22 22:20:46 [INFO]    🏆 HU | VLESS | Пинг: 4436ms | Скорость: 9.11 Mbps ⚡⚡
2026-02-22 22:20:46 [INFO]    🏆 ES | VLESS | Пинг: 4565ms | Скорость: 9.39 Mbps ⚡⚡
2026-02-22 22:20:46 [INFO]    🏆 HU | VLESS | Пинг: 4751ms | Скорость: 10.18 Mbps ⚡⚡
2026-02-22 22:20:47 [INFO]    🏆 NL | VLESS | Пинг: 5039ms | Скорость: 16.51 Mbps ⚡⚡
2026-02-22 22:20:47 [INFO]    🏆 PL | VLESS | Пинг: 4281ms | Скорость: 3.23 Mbps ⚡⚡
2026-02-22 22:20:47 [INFO]    🏆 HU | VLESS | Пинг: 4334ms | Скорость: 3.15 Mbps ⚡⚡
2026-02-22 22:20:48 [INFO]    🏆 US | VLESS | Пинг: 5145ms | Скорость: 12.08 Mbps ⚡⚡
2026-02-22 22:20:49 [INFO]    🏆 PL | VLESS | Пинг: 4395ms | Скорость: 1.97 Mbps ⚡
2026-02-22 22:20:50 [INFO]    🏆 CA | VLESS | Пинг: 4465ms | Скорость: 1.6 Mbps ⚡
2026-02-22 22:20:50 [INFO] 📊 Итого в подписке сохранено иностранных серверов: 10
2026-02-22 22:20:50 [INFO] 💾 Файл успешно сохранен: FL1PVPN
