2026-02-18 04:40:05 [INFO] 🚀 START: Smart VLESS Selector (Target: 10, Strict Mode)
2026-02-18 04:40:05 [INFO] 🌐 Загрузка источников...
2026-02-18 04:40:07 [INFO] 🔍 Уникальных конфигов собрано: 350
2026-02-18 04:40:07 [INFO] ⚡ ЭТАП 1: Быстрый замер Пинга (Workers: 25)...
2026-02-18 04:40:08 [INFO]    [PING OK] RU | 274ms
2026-02-18 04:40:08 [INFO]    [PING OK] DE | 201ms
2026-02-18 04:40:08 [INFO]    [PING OK] RU | 173ms
2026-02-18 04:40:09 [INFO]    [PING OK] IN | 719ms
2026-02-18 04:40:09 [INFO]    [PING OK] DE | 906ms
2026-02-18 04:40:09 [INFO]    [PING OK] BG | 269ms
2026-02-18 04:40:10 [INFO]    [PING OK] IT | 576ms
2026-02-18 04:40:10 [INFO]    [PING OK] RU | 1331ms
2026-02-18 04:40:11 [INFO]    [PING OK] RU | 180ms
2026-02-18 04:40:16 [INFO]    [PING OK] DE | 161ms
2026-02-18 04:40:16 [INFO]    [PING OK] LV | 166ms
2026-02-18 04:40:17 [INFO]    [PING OK] NL | 201ms
2026-02-18 04:40:18 [INFO]    [PING OK] US | 4709ms
2026-02-18 04:40:18 [INFO]    [PING OK] RU | 241ms
2026-02-18 04:40:18 [INFO]    [PING OK] RU | 224ms
2026-02-18 04:40:18 [INFO]    [PING OK] RU | 324ms
2026-02-18 04:40:19 [INFO]    [PING OK] RU | 696ms
2026-02-18 04:40:19 [INFO]    [PING OK] RU | 217ms
2026-02-18 04:40:19 [INFO]    [PING OK] RU | 314ms
2026-02-18 04:40:19 [INFO]    [PING OK] RU | 492ms
2026-02-18 04:40:19 [INFO]    [PING OK] DE | 4752ms
2026-02-18 04:40:19 [INFO]    [PING OK] RU | 235ms
2026-02-18 04:40:20 [INFO]    [PING OK] RU | 209ms
2026-02-18 04:40:20 [INFO]    [PING OK] RU | 309ms
2026-02-18 04:40:20 [INFO]    [PING OK] RU | 320ms
2026-02-18 04:40:21 [INFO]    [PING OK] RU | 193ms
2026-02-18 04:40:21 [INFO]    [PING OK] RU | 926ms
2026-02-18 04:40:21 [INFO]    [PING OK] RU | 207ms
2026-02-18 04:40:21 [INFO]    [PING OK] RU | 246ms
2026-02-18 04:40:22 [INFO]    [PING OK] RU | 1483ms
2026-02-18 04:40:22 [INFO]    [PING OK] RU | 221ms
2026-02-18 04:40:22 [INFO]    [PING OK] RU | 2178ms
2026-02-18 04:40:22 [INFO]    [PING OK] RU | 250ms
2026-02-18 04:40:22 [INFO]    [PING OK] RU | 423ms
2026-02-18 04:40:22 [INFO]    [PING OK] RU | 246ms
2026-02-18 04:40:22 [INFO]    [PING OK] RU | 48ms
2026-02-18 04:40:23 [INFO]    [PING OK] RU | 203ms
2026-02-18 04:40:23 [INFO]    [PING OK] RU | 326ms
2026-02-18 04:40:23 [INFO]    [PING OK] RU | 268ms
2026-02-18 04:40:23 [INFO]    [PING OK] RU | 208ms
2026-02-18 04:40:23 [INFO]    [PING OK] RU | 861ms
2026-02-18 04:40:23 [INFO]    [PING OK] RU | 3436ms
2026-02-18 04:40:23 [INFO]    [PING OK] RU | 239ms
2026-02-18 04:40:24 [INFO]    [PING OK] RU | 1958ms
2026-02-18 04:40:24 [INFO]    [PING OK] RU | 348ms
2026-02-18 04:40:24 [INFO]    [PING OK] RU | 330ms
2026-02-18 04:40:25 [INFO]    [PING OK] RU | 321ms
2026-02-18 04:40:25 [INFO]    [PING OK] RU | 453ms
2026-02-18 04:40:25 [INFO]    [PING OK] RU | 2705ms
2026-02-18 04:40:25 [INFO]    [PING OK] RU | 250ms
2026-02-18 04:40:25 [INFO]    [PING OK] RU | 214ms
2026-02-18 04:40:25 [INFO]    [PING OK] RU | 2064ms
2026-02-18 04:40:25 [INFO]    [PING OK] RU | 261ms
2026-02-18 04:40:25 [INFO]    [PING OK] RU | 340ms
2026-02-18 04:40:25 [INFO]    [PING OK] RU | 222ms
2026-02-18 04:40:25 [INFO]    [PING OK] RU | 186ms
2026-02-18 04:40:25 [INFO]    [PING OK] RU | 306ms
2026-02-18 04:40:26 [INFO]    [PING OK] RU | 192ms
2026-02-18 04:40:26 [INFO]    [PING OK] RU | 196ms
2026-02-18 04:40:26 [INFO]    [PING OK] RU | 151ms
2026-02-18 04:40:26 [INFO]    [PING OK] RU | 295ms
2026-02-18 04:40:26 [INFO]    [PING OK] RU | 221ms
2026-02-18 04:40:26 [INFO]    [PING OK] RU | 207ms
2026-02-18 04:40:26 [INFO]    [PING OK] DE | 1047ms
2026-02-18 04:40:26 [INFO]    [PING OK] RU | 600ms
2026-02-18 04:40:27 [INFO]    [PING OK] RU | 112ms
2026-02-18 04:40:27 [INFO]    [PING OK] RU | 740ms
2026-02-18 04:40:27 [INFO]    [PING OK] RU | 60ms
2026-02-18 04:40:27 [INFO]    [PING OK] RU | 190ms
2026-02-18 04:40:27 [INFO]    [PING OK] RU | 81ms
2026-02-18 04:40:27 [INFO]    [PING OK] RU | 85ms
2026-02-18 04:40:27 [INFO]    [PING OK] RU | 62ms
2026-02-18 04:40:27 [INFO]    [PING OK] RU | 150ms
2026-02-18 04:40:27 [INFO]    [PING OK] RU | 69ms
2026-02-18 04:40:27 [INFO]    [PING OK] RU | 98ms
2026-02-18 04:40:27 [INFO]    [PING OK] RU | 172ms
2026-02-18 04:40:27 [INFO]    [PING OK] RU | 128ms
2026-02-18 04:40:27 [INFO]    [PING OK] RU | 206ms
2026-02-18 04:40:27 [INFO]    [PING OK] RU | 109ms
2026-02-18 04:40:27 [INFO]    [PING OK] RU | 89ms
2026-02-18 04:40:28 [INFO]    [PING OK] RU | 60ms
2026-02-18 04:40:28 [INFO]    [PING OK] RU | 4253ms
2026-02-18 04:40:28 [INFO]    [PING OK] RU | 71ms
2026-02-18 04:40:28 [INFO]    [PING OK] RU | 413ms
2026-02-18 04:40:28 [INFO]    [PING OK] RU | 66ms
2026-02-18 04:40:28 [INFO]    [PING OK] RU | 133ms
2026-02-18 04:40:28 [INFO]    [PING OK] RU | 261ms
2026-02-18 04:40:28 [INFO]    [PING OK] RU | 1809ms
2026-02-18 04:40:28 [INFO]    [PING OK] RU | 491ms
2026-02-18 04:40:28 [INFO]    [PING OK] RU | 59ms
2026-02-18 04:40:28 [INFO]    [PING OK] RU | 61ms
2026-02-18 04:40:28 [INFO]    [PING OK] RU | 257ms
2026-02-18 04:40:28 [INFO]    [PING OK] PL | 125ms
2026-02-18 04:40:29 [INFO]    [PING OK] FI | 173ms
2026-02-18 04:40:29 [INFO]    [PING OK] DE | 497ms
2026-02-18 04:40:29 [INFO]    [PING OK] RU | 820ms
2026-02-18 04:40:29 [INFO]    [PING OK] FI | 132ms
2026-02-18 04:40:29 [INFO]    [PING OK] NL | 214ms
2026-02-18 04:40:30 [INFO]    [PING OK] HU | 1374ms
2026-02-18 04:40:30 [INFO]    [PING OK] RU | 142ms
2026-02-18 04:40:30 [INFO]    [PING OK] IR | 516ms
2026-02-18 04:40:30 [INFO]    [PING OK] PL | 102ms
2026-02-18 04:40:31 [INFO]    [PING OK] JP | 1114ms
2026-02-18 04:40:31 [INFO]    [PING OK] FI | 150ms
2026-02-18 04:40:31 [INFO]    [PING OK] DE | 277ms
2026-02-18 04:40:31 [INFO]    [PING OK] US | 450ms
2026-02-18 04:40:31 [INFO]    [PING OK] DE | 219ms
2026-02-18 04:40:34 [INFO]    [PING OK] FI | 232ms
2026-02-18 04:40:34 [INFO]    [PING OK] MD | 191ms
2026-02-18 04:40:34 [INFO]    [PING OK] AE | 111ms
2026-02-18 04:40:35 [INFO]    [PING OK] UZ | 272ms
2026-02-18 04:40:35 [INFO]    [PING OK] US | 657ms
2026-02-18 04:40:36 [INFO]    [PING OK] PL | 131ms
2026-02-18 04:40:37 [INFO]    [PING OK] NL | 262ms
2026-02-18 04:40:37 [INFO]    [PING OK] AT | 242ms
2026-02-18 04:40:37 [INFO]    [PING OK] LV | 440ms
2026-02-18 04:40:38 [INFO]    [PING OK] NL | 482ms
2026-02-18 04:40:38 [INFO]    [PING OK] ES | 625ms
2026-02-18 04:40:43 [INFO] 🏎️ ЭТАП 2: Глубокий замер скорости для ТОП-10 серверов...
2026-02-18 04:40:46 [INFO]    🏆 PL | Пинг: 102ms | Скорость: 7.47 Mbps ⚡⚡
2026-02-18 04:40:46 [INFO]    🏆 AE | Пинг: 111ms | Скорость: 7.46 Mbps ⚡⚡
2026-02-18 04:40:46 [INFO]    🏆 PL | Пинг: 125ms | Скорость: 7.63 Mbps ⚡⚡
2026-02-18 04:40:46 [INFO]    🏆 PL | Пинг: 131ms | Скорость: 7.55 Mbps ⚡⚡
2026-02-18 04:40:46 [INFO]    🏆 FI | Пинг: 132ms | Скорость: 7.59 Mbps ⚡⚡
2026-02-18 04:40:46 [INFO]    🏆 FI | Пинг: 150ms | Скорость: 7.46 Mbps ⚡⚡
2026-02-18 04:40:46 [INFO]    🏆 DE | Пинг: 161ms | Скорость: 7.45 Mbps ⚡⚡
2026-02-18 04:40:46 [INFO]    🏆 LV | Пинг: 166ms | Скорость: 7.66 Mbps ⚡⚡
2026-02-18 04:40:46 [INFO]    🏆 FI | Пинг: 173ms | Скорость: 7.77 Mbps ⚡⚡
2026-02-18 04:40:46 [INFO]    🏆 RU | Пинг: 48ms | Скорость: 7.6 Mbps ⚡⚡
2026-02-18 04:40:46 [INFO] 🇷🇺 Добавлен RU сервер: 87.242.103.184
2026-02-18 04:40:46 [INFO] 📊 Итого в подписке сохранено: 10 серверов
2026-02-18 04:40:46 [INFO] 💾 Файл успешно сохранен: FL1PVPN
