2026-02-27 00:20:06 [INFO] 🚀 START: Smart Selector (Target: 10, ONLY FOREIGN)
2026-02-27 00:20:06 [INFO] 🌐 Загрузка источников (VLESS + VMess)...
2026-02-27 00:20:08 [INFO] 🔍 Уникальных конфигов собрано: 204
2026-02-27 00:20:08 [INFO] ⚡ ЭТАП 1: Замер Пинга и Геолокации. Workers: 40...
2026-02-27 00:20:14 [INFO]    [PING OK] DE | VLESS | 4967ms
2026-02-27 00:20:14 [INFO]    [PING OK] FI | VLESS | 4991ms
2026-02-27 00:20:14 [INFO]    [PING OK] NL | VLESS | 4536ms
2026-02-27 00:20:14 [INFO]    [PING OK] FI | VLESS | 5126ms
2026-02-27 00:20:14 [INFO]    [PING OK] NL | VLESS | 4844ms
2026-02-27 00:20:14 [INFO]    [PING OK] NL | VLESS | 5024ms
2026-02-27 00:20:14 [INFO]    [PING OK] FI | VLESS | 4925ms
2026-02-27 00:20:14 [INFO]    [PING OK] FI | VLESS | 4963ms
2026-02-27 00:20:14 [INFO]    [PING OK] US | VLESS | 5313ms
2026-02-27 00:20:15 [INFO]    [PING OK] SE | VLESS | 4783ms
2026-02-27 00:20:15 [INFO]    [PING OK] DE | VLESS | 5303ms
2026-02-27 00:20:15 [INFO]    [PING OK] DE | VLESS | 4956ms
2026-02-27 00:20:15 [INFO]    [PING OK] DE | VLESS | 4624ms
2026-02-27 00:20:15 [INFO]    [PING OK] PL | VLESS | 5191ms
2026-02-27 00:20:15 [INFO]    [PING OK] US | VLESS | 4799ms
2026-02-27 00:20:16 [INFO]    [PING OK] PL | VLESS | 4408ms
2026-02-27 00:20:16 [INFO]    [PING OK] DE | VLESS | 4418ms
2026-02-27 00:20:16 [INFO]    [PING OK] DE | VLESS | 4371ms
2026-02-27 00:20:17 [INFO]    [PING OK] DE | VLESS | 4547ms
2026-02-27 00:20:17 [INFO]    [PING OK] FI | VLESS | 4877ms
2026-02-27 00:20:17 [INFO]    [PING OK] FI | VLESS | 4320ms
2026-02-27 00:20:17 [INFO]    [PING OK] US | VLESS | 4275ms
2026-02-27 00:20:17 [INFO]    [PING OK] FI | VLESS | 3980ms
2026-02-27 00:20:18 [INFO]    [PING OK] US | VLESS | 4630ms
2026-02-27 00:20:19 [INFO]    [PING OK] US | VLESS | 4534ms
2026-02-27 00:20:20 [INFO]    [PING OK] CH | VLESS | 4124ms
2026-02-27 00:20:20 [INFO]    [PING OK] NL | VLESS | 4650ms
2026-02-27 00:20:20 [INFO]    [PING OK] FR | VLESS | 4521ms
2026-02-27 00:20:20 [INFO]    [PING OK] DE | VLESS | 4721ms
2026-02-27 00:20:20 [INFO]    [PING OK] DE | VLESS | 4603ms
2026-02-27 00:20:20 [INFO]    [PING OK] DE | VLESS | 4447ms
2026-02-27 00:20:20 [INFO]    [PING OK] FI | VLESS | 4682ms
2026-02-27 00:20:21 [INFO]    [PING OK] DE | VLESS | 4409ms
2026-02-27 00:20:21 [INFO]    [PING OK] DE | VLESS | 5135ms
2026-02-27 00:20:21 [INFO]    [PING OK] NL | VLESS | 4439ms
2026-02-27 00:20:21 [INFO]    [PING OK] NL | VLESS | 4469ms
2026-02-27 00:20:21 [INFO]    [PING OK] CH | VLESS | 4599ms
2026-02-27 00:20:21 [INFO]    [PING OK] FI | VLESS | 4860ms
2026-02-27 00:20:21 [INFO]    [PING OK] FI | VLESS | 4805ms
2026-02-27 00:20:21 [INFO]    [PING OK] PL | VLESS | 4376ms
2026-02-27 00:20:22 [INFO]    [PING OK] DE | VLESS | 4579ms
2026-02-27 00:20:23 [INFO]    [PING OK] PL | VLESS | 4898ms
2026-02-27 00:20:24 [INFO]    [PING OK] DE | VLESS | 5042ms
2026-02-27 00:20:25 [INFO]    [PING OK] DE | VLESS | 4870ms
2026-02-27 00:20:26 [INFO]    [PING OK] CA | VLESS | 5099ms
2026-02-27 00:20:26 [INFO]    [PING OK] US | VLESS | 4426ms
2026-02-27 00:20:26 [INFO]    [PING OK] DE | VLESS | 4075ms
2026-02-27 00:20:26 [INFO]    [PING OK] CA | VLESS | 4672ms
2026-02-27 00:20:27 [INFO]    [PING OK] DE | VLESS | 1619ms
2026-02-27 00:20:27 [INFO]    [PING OK] ES | VLESS | 2411ms
2026-02-27 00:20:27 [INFO]    [PING OK] CA | VLESS | 4444ms
2026-02-27 00:20:28 [INFO]    [PING OK] CA | VLESS | 7110ms
2026-02-27 00:20:28 [INFO]    [PING OK] CA | VLESS | 8547ms
2026-02-27 00:20:28 [INFO]    [PING OK] TW | VLESS | 2899ms
2026-02-27 00:20:29 [INFO]    [PING OK] CA | VLESS | 9289ms
2026-02-27 00:20:30 [INFO]    [PING OK] CA | VLESS | 8796ms
2026-02-27 00:20:31 [INFO] 🏎️ ЭТАП 2: Глубокий замер скорости для 40 иностранных кандидатов...
2026-02-27 00:20:36 [INFO]    🏆 PL | VLESS | Пинг: 4408ms | Скорость: 6.15 Mbps ⚡⚡
2026-02-27 00:20:36 [INFO]    🏆 DE | VLESS | Пинг: 4075ms | Скорость: 5.69 Mbps ⚡⚡
2026-02-27 00:20:36 [INFO]    🏆 DE | VLESS | Пинг: 4409ms | Скорость: 5.87 Mbps ⚡⚡
2026-02-27 00:20:36 [INFO]    🏆 FI | VLESS | Пинг: 3980ms | Скорость: 5.63 Mbps ⚡⚡
2026-02-27 00:20:36 [INFO]    🏆 DE | VLESS | Пинг: 4371ms | Скорость: 5.86 Mbps ⚡⚡
2026-02-27 00:20:36 [INFO]    🏆 PL | VLESS | Пинг: 4376ms | Скорость: 5.88 Mbps ⚡⚡
2026-02-27 00:20:36 [INFO]    🏆 ES | VLESS | Пинг: 2411ms | Скорость: 5.42 Mbps ⚡⚡
2026-02-27 00:20:36 [INFO]    🏆 FI | VLESS | Пинг: 4320ms | Скорость: 5.44 Mbps ⚡⚡
2026-02-27 00:20:36 [INFO]    🏆 NL | VLESS | Пинг: 4439ms | Скорость: 5.64 Mbps ⚡⚡
2026-02-27 00:20:36 [INFO]    🏆 DE | VLESS | Пинг: 1619ms | Скорость: 5.1 Mbps ⚡⚡
2026-02-27 00:20:36 [INFO]    🏆 US | VLESS | Пинг: 4275ms | Скорость: 5.23 Mbps ⚡⚡
2026-02-27 00:20:36 [INFO]    🏆 US | VLESS | Пинг: 4426ms | Скорость: 5.37 Mbps ⚡⚡
2026-02-27 00:20:37 [INFO]    🏆 CH | VLESS | Пинг: 4124ms | Скорость: 4.12 Mbps ⚡⚡
2026-02-27 00:20:40 [INFO]    🏆 DE | VLESS | Пинг: 4447ms | Скорость: 6.66 Mbps ⚡⚡
2026-02-27 00:20:40 [INFO]    🏆 NL | VLESS | Пинг: 4469ms | Скорость: 6.41 Mbps ⚡⚡
2026-02-27 00:20:40 [INFO]    🏆 FR | VLESS | Пинг: 4521ms | Скорость: 6.64 Mbps ⚡⚡
2026-02-27 00:20:40 [INFO]    🏆 NL | VLESS | Пинг: 4536ms | Скорость: 6.58 Mbps ⚡⚡
2026-02-27 00:20:40 [INFO]    🏆 CH | VLESS | Пинг: 4599ms | Скорость: 7.07 Mbps ⚡⚡
2026-02-27 00:20:40 [INFO]    🏆 DE | VLESS | Пинг: 4547ms | Скорость: 6.55 Mbps ⚡⚡
2026-02-27 00:20:40 [INFO]    🏆 DE | VLESS | Пинг: 4603ms | Скорость: 6.87 Mbps ⚡⚡
2026-02-27 00:20:40 [INFO]    🏆 US | VLESS | Пинг: 4534ms | Скорость: 5.94 Mbps ⚡⚡
2026-02-27 00:20:40 [INFO]    🏆 US | VLESS | Пинг: 4630ms | Скорость: 6.09 Mbps ⚡⚡
2026-02-27 00:20:40 [INFO]    🏆 NL | VLESS | Пинг: 4650ms | Скорость: 8.27 Mbps ⚡⚡
2026-02-27 00:20:41 [INFO]    🏆 FI | VLESS | Пинг: 4682ms | Скорость: 9.87 Mbps ⚡⚡
2026-02-27 00:20:42 [INFO]    🏆 DE | VLESS | Пинг: 4721ms | Скорость: 13.04 Mbps ⚡⚡
2026-02-27 00:20:42 [INFO]    🏆 SE | VLESS | Пинг: 4783ms | Скорость: 11.39 Mbps ⚡⚡
2026-02-27 00:20:42 [INFO]    🏆 NL | VLESS | Пинг: 4844ms | Скорость: 10.49 Mbps ⚡⚡
2026-02-27 00:20:42 [INFO]    🏆 DE | VLESS | Пинг: 4870ms | Скорость: 10.36 Mbps ⚡⚡
2026-02-27 00:20:43 [INFO]    🏆 FI | VLESS | Пинг: 4925ms | Скорость: 12.43 Mbps ⚡⚡
2026-02-27 00:20:43 [INFO]    🏆 PL | VLESS | Пинг: 4898ms | Скорость: 11.44 Mbps ⚡⚡
2026-02-27 00:20:43 [INFO]    🏆 FI | VLESS | Пинг: 4860ms | Скорость: 9.67 Mbps ⚡⚡
2026-02-27 00:20:43 [INFO]    🏆 US | VLESS | Пинг: 4799ms | Скорость: 9.09 Mbps ⚡⚡
2026-02-27 00:20:43 [INFO]    🏆 DE | VLESS | Пинг: 4579ms | Скорость: 1.44 Mbps 
2026-02-27 00:20:43 [INFO]    🏆 FI | VLESS | Пинг: 4805ms | Скорость: 6.45 Mbps ⚡⚡
2026-02-27 00:20:44 [INFO] 📊 Итого в подписке сохранено иностранных серверов: 10
2026-02-27 00:20:44 [INFO] 💾 Файл успешно сохранен: FL1PVPN
