2026-02-18 21:10:06 [INFO] 🚀 START: Smart VLESS Selector (Target: 10, Strict Mode)
2026-02-18 21:10:06 [INFO] 🌐 Загрузка источников...
2026-02-18 21:10:09 [INFO] 🔍 Уникальных конфигов собрано: 706
2026-02-18 21:10:09 [INFO] ⚡ ЭТАП 1: Быстрый замер Пинга (Workers: 25)...
2026-02-18 21:10:10 [INFO]    [PING OK] RU | 212ms
2026-02-18 21:10:10 [INFO]    [PING OK] RU | 198ms
2026-02-18 21:10:10 [INFO]    [PING OK] DE | 166ms
2026-02-18 21:10:11 [INFO]    [PING OK] RU | 758ms
2026-02-18 21:10:12 [INFO]    [PING OK] LV | 283ms
2026-02-18 21:10:13 [INFO]    [PING OK] IT | 540ms
2026-02-18 21:10:13 [INFO]    [PING OK] DE | 521ms
2026-02-18 21:10:17 [INFO]    [PING OK] NL | 584ms
2026-02-18 21:10:18 [INFO]    [PING OK] TR | 107ms
2026-02-18 21:10:19 [INFO]    [PING OK] RU | 595ms
2026-02-18 21:10:21 [INFO]    [PING OK] RU | 122ms
2026-02-18 21:10:21 [INFO]    [PING OK] DE | 2358ms
2026-02-18 21:10:24 [INFO]    [PING OK] RU | 264ms
2026-02-18 21:10:27 [INFO]    [PING OK] RU | 211ms
2026-02-18 21:10:27 [INFO]    [PING OK] RU | 250ms
2026-02-18 21:10:27 [INFO]    [PING OK] RU | 305ms
2026-02-18 21:10:27 [INFO]    [PING OK] RU | 209ms
2026-02-18 21:10:27 [INFO]    [PING OK] RU | 387ms
2026-02-18 21:10:28 [INFO]    [PING OK] RU | 248ms
2026-02-18 21:10:28 [INFO]    [PING OK] RU | 234ms
2026-02-18 21:10:28 [INFO]    [PING OK] RU | 293ms
2026-02-18 21:10:28 [INFO]    [PING OK] RU | 621ms
2026-02-18 21:10:28 [INFO]    [PING OK] RU | 298ms
2026-02-18 21:10:29 [INFO]    [PING OK] RU | 568ms
2026-02-18 21:10:29 [INFO]    [PING OK] RU | 235ms
2026-02-18 21:10:29 [INFO]    [PING OK] RU | 218ms
2026-02-18 21:10:29 [INFO]    [PING OK] RU | 212ms
2026-02-18 21:10:29 [INFO]    [PING OK] RU | 247ms
2026-02-18 21:10:29 [INFO]    [PING OK] RU | 452ms
2026-02-18 21:10:30 [INFO]    [PING OK] RU | 213ms
2026-02-18 21:10:30 [INFO]    [PING OK] RU | 385ms
2026-02-18 21:10:30 [INFO]    [PING OK] RU | 315ms
2026-02-18 21:10:30 [INFO]    [PING OK] RU | 315ms
2026-02-18 21:10:30 [INFO]    [PING OK] RU | 214ms
2026-02-18 21:10:30 [INFO]    [PING OK] RU | 306ms
2026-02-18 21:10:30 [INFO]    [PING OK] RU | 213ms
2026-02-18 21:10:31 [INFO]    [PING OK] RU | 1168ms
2026-02-18 21:10:31 [INFO]    [PING OK] RU | 60ms
2026-02-18 21:10:31 [INFO]    [PING OK] RU | 318ms
2026-02-18 21:10:31 [INFO]    [PING OK] RU | 271ms
2026-02-18 21:10:31 [INFO]    [PING OK] RU | 335ms
2026-02-18 21:10:31 [INFO]    [PING OK] RU | 246ms
2026-02-18 21:10:31 [INFO]    [PING OK] RU | 575ms
2026-02-18 21:10:31 [INFO]    [PING OK] RU | 395ms
2026-02-18 21:10:32 [INFO]    [PING OK] RU | 647ms
2026-02-18 21:10:32 [INFO]    [PING OK] RU | 491ms
2026-02-18 21:10:32 [INFO]    [PING OK] RU | 625ms
2026-02-18 21:10:32 [INFO]    [PING OK] RU | 144ms
2026-02-18 21:10:32 [INFO]    [PING OK] RU | 760ms
2026-02-18 21:10:32 [INFO]    [PING OK] RU | 150ms
2026-02-18 21:10:32 [INFO]    [PING OK] RU | 505ms
2026-02-18 21:10:32 [INFO]    [PING OK] RU | 806ms
2026-02-18 21:10:33 [INFO]    [PING OK] RU | 367ms
2026-02-18 21:10:33 [INFO]    [PING OK] RU | 3269ms
2026-02-18 21:10:33 [INFO]    [PING OK] RU | 119ms
2026-02-18 21:10:33 [INFO]    [PING OK] RU | 141ms
2026-02-18 21:10:33 [INFO]    [PING OK] DE | 605ms
2026-02-18 21:10:33 [INFO]    [PING OK] RU | 641ms
2026-02-18 21:10:33 [INFO]    [PING OK] PL | 106ms
2026-02-18 21:10:34 [INFO]    [PING OK] DE | 220ms
2026-02-18 21:10:34 [INFO]    [PING OK] PL | 129ms
2026-02-18 21:10:35 [INFO]    [PING OK] US | 4613ms
2026-02-18 21:10:36 [INFO]    [PING OK] NL | 212ms
2026-02-18 21:10:37 [INFO]    [PING OK] JP | 414ms
2026-02-18 21:10:37 [INFO]    [PING OK] IT | 573ms
2026-02-18 21:10:40 [INFO]    [PING OK] MD | 143ms
2026-02-18 21:10:40 [INFO]    [PING OK] NL | 3735ms
2026-02-18 21:10:40 [INFO]    [PING OK] UZ | 345ms
2026-02-18 21:10:42 [INFO]    [PING OK] SE | 154ms
2026-02-18 21:10:45 [INFO]    [PING OK] IN | 739ms
2026-02-18 21:10:46 [INFO]    [PING OK] US | 627ms
2026-02-18 21:10:46 [INFO]    [PING OK] IQ | 219ms
2026-02-18 21:10:48 [INFO]    [PING OK] LV | 428ms
2026-02-18 21:10:48 [INFO]    [PING OK] AU | 136ms
2026-02-18 21:10:48 [INFO]    [PING OK] FI | 120ms
2026-02-18 21:10:48 [INFO]    [PING OK] MD | 181ms
2026-02-18 21:10:49 [INFO]    [PING OK] FR | 815ms
2026-02-18 21:10:49 [INFO]    [PING OK] IT | 588ms
2026-02-18 21:10:49 [INFO]    [PING OK] AT | 251ms
2026-02-18 21:10:50 [INFO]    [PING OK] DE | 196ms
2026-02-18 21:10:50 [INFO]    [PING OK] CY | 388ms
2026-02-18 21:11:19 [INFO] 🏎️ ЭТАП 2: Глубокий замер скорости для ТОП-10 серверов...
2026-02-18 21:11:23 [INFO]    🏆 PL | Пинг: 106ms | Скорость: 0.0 Mbps 
2026-02-18 21:11:23 [INFO]    🏆 TR | Пинг: 107ms | Скорость: 9.29 Mbps ⚡⚡
2026-02-18 21:11:23 [INFO]    🏆 FI | Пинг: 120ms | Скорость: 8.21 Mbps ⚡⚡
2026-02-18 21:11:23 [INFO]    🏆 PL | Пинг: 129ms | Скорость: 9.35 Mbps ⚡⚡
2026-02-18 21:11:23 [INFO]    🏆 AU | Пинг: 136ms | Скорость: 6.8 Mbps ⚡⚡
2026-02-18 21:11:23 [INFO]    🏆 MD | Пинг: 143ms | Скорость: 9.82 Mbps ⚡⚡
2026-02-18 21:11:23 [INFO]    🏆 SE | Пинг: 154ms | Скорость: 5.48 Mbps ⚡⚡
2026-02-18 21:11:23 [INFO]    🏆 DE | Пинг: 166ms | Скорость: 9.95 Mbps ⚡⚡
2026-02-18 21:11:23 [INFO]    🏆 MD | Пинг: 181ms | Скорость: 10.17 Mbps ⚡⚡
2026-02-18 21:11:23 [INFO]    🏆 RU | Пинг: 60ms | Скорость: 0.0 Mbps 
2026-02-18 21:11:23 [INFO] 🇷🇺 Добавлен RU сервер: 109.120.181.41
2026-02-18 21:11:23 [INFO] 📊 Итого в подписке сохранено: 10 серверов
2026-02-18 21:11:23 [INFO] 💾 Файл успешно сохранен: FL1PVPN
