2026-02-15 15:44:56 [INFO] 🚀 START: Smart VLESS Selector (Target: 10, Strict Mode)
2026-02-15 15:44:56 [INFO] 🌐 Загрузка источников...
2026-02-15 15:44:58 [INFO] 🔍 Уникальных конфигов собрано: 395
2026-02-15 15:44:58 [INFO] ⚡ ЭТАП 1: Быстрый замер Пинга (Workers: 25)...
2026-02-15 15:44:59 [INFO]    [PING OK] US | 215ms
2026-02-15 15:44:59 [INFO]    [PING OK] NL | 170ms
2026-02-15 15:45:01 [INFO]    [PING OK] NL | 1228ms
2026-02-15 15:45:01 [INFO]    [PING OK] US | 269ms
2026-02-15 15:45:02 [INFO]    [PING OK] LT | 144ms
2026-02-15 15:45:02 [INFO]    [PING OK] CH | 229ms
2026-02-15 15:45:06 [INFO]    [PING OK] NL | 423ms
2026-02-15 15:45:07 [INFO]    [PING OK] KZ | 1065ms
2026-02-15 15:45:08 [INFO]    [PING OK] RU | 84ms
2026-02-15 15:45:10 [INFO]    [PING OK] DE | 185ms
2026-02-15 15:45:12 [INFO]    [PING OK] RU | 353ms
2026-02-15 15:45:12 [INFO]    [PING OK] RU | 186ms
2026-02-15 15:45:12 [INFO]    [PING OK] RU | 329ms
2026-02-15 15:45:12 [INFO]    [PING OK] RU | 267ms
2026-02-15 15:45:13 [INFO]    [PING OK] RU | 186ms
2026-02-15 15:45:13 [INFO]    [PING OK] RU | 235ms
2026-02-15 15:45:13 [INFO]    [PING OK] RU | 1261ms
2026-02-15 15:45:13 [INFO]    [PING OK] RU | 1492ms
2026-02-15 15:45:13 [INFO]    [PING OK] RU | 329ms
2026-02-15 15:45:13 [INFO]    [PING OK] RU | 410ms
2026-02-15 15:45:13 [INFO]    [PING OK] RU | 127ms
2026-02-15 15:45:13 [INFO]    [PING OK] RU | 562ms
2026-02-15 15:45:14 [INFO]    [PING OK] RU | 235ms
2026-02-15 15:45:14 [INFO]    [PING OK] RU | 255ms
2026-02-15 15:45:14 [INFO]    [PING OK] RU | 335ms
2026-02-15 15:45:14 [INFO]    [PING OK] RU | 308ms
2026-02-15 15:45:15 [INFO]    [PING OK] RU | 254ms
2026-02-15 15:45:15 [INFO]    [PING OK] RU | 99ms
2026-02-15 15:45:15 [INFO]    [PING OK] RU | 385ms
2026-02-15 15:45:15 [INFO]    [PING OK] RU | 3341ms
2026-02-15 15:45:15 [INFO]    [PING OK] RU | 278ms
2026-02-15 15:45:15 [INFO]    [PING OK] RU | 265ms
2026-02-15 15:45:15 [INFO]    [PING OK] RU | 369ms
2026-02-15 15:45:16 [INFO]    [PING OK] RU | 292ms
2026-02-15 15:45:16 [INFO]    [PING OK] RU | 1472ms
2026-02-15 15:45:16 [INFO]    [PING OK] RU | 129ms
2026-02-15 15:45:16 [INFO]    [PING OK] RU | 67ms
2026-02-15 15:45:16 [INFO]    [PING OK] RU | 342ms
2026-02-15 15:45:16 [INFO]    [PING OK] IT | 522ms
2026-02-15 15:45:16 [INFO]    [PING OK] RU | 278ms
2026-02-15 15:45:16 [INFO]    [PING OK] RU | 627ms
2026-02-15 15:45:17 [INFO]    [PING OK] RU | 344ms
2026-02-15 15:45:17 [INFO]    [PING OK] RU | 231ms
2026-02-15 15:45:17 [INFO]    [PING OK] FI | 400ms
2026-02-15 15:45:17 [INFO]    [PING OK] FI | 248ms
2026-02-15 15:45:17 [INFO]    [PING OK] NL | 657ms
2026-02-15 15:45:17 [INFO]    [PING OK] PL | 189ms
2026-02-15 15:45:18 [INFO]    [PING OK] RU | 1919ms
2026-02-15 15:45:18 [INFO]    [PING OK] RU | 262ms
2026-02-15 15:45:18 [INFO]    [PING OK] RU | 4959ms
2026-02-15 15:45:18 [INFO]    [PING OK] RU | 2325ms
2026-02-15 15:45:18 [INFO]    [PING OK] RU | 5001ms
2026-02-15 15:45:19 [INFO]    [PING OK] RU | 64ms
2026-02-15 15:45:19 [INFO]    [PING OK] RU | 420ms
2026-02-15 15:45:19 [INFO]    [PING OK] RU | 1304ms
2026-02-15 15:45:20 [INFO]    [PING OK] NL | 2468ms
2026-02-15 15:45:20 [INFO]    [PING OK] RU | 352ms
2026-02-15 15:45:20 [INFO]    [PING OK] NL | 212ms
2026-02-15 15:45:20 [INFO]    [PING OK] RU | 644ms
2026-02-15 15:45:20 [INFO]    [PING OK] JP | 792ms
2026-02-15 15:45:20 [INFO]    [PING OK] RU | 1419ms
2026-02-15 15:45:21 [INFO]    [PING OK] RU | 200ms
2026-02-15 15:45:21 [INFO]    [PING OK] FI | 691ms
2026-02-15 15:45:21 [INFO]    [PING OK] RU | 218ms
2026-02-15 15:45:21 [INFO]    [PING OK] RU | 305ms
2026-02-15 15:45:21 [INFO]    [PING OK] RU | 3793ms
2026-02-15 15:45:21 [INFO]    [PING OK] RU | 110ms
2026-02-15 15:45:21 [INFO]    [PING OK] RU | 616ms
2026-02-15 15:45:21 [INFO]    [PING OK] PL | 203ms
2026-02-15 15:45:21 [INFO]    [PING OK] RU | 142ms
2026-02-15 15:45:21 [INFO]    [PING OK] RU | 1060ms
2026-02-15 15:45:21 [INFO]    [PING OK] RU | 277ms
2026-02-15 15:45:22 [INFO]    [PING OK] RU | 164ms
2026-02-15 15:45:22 [INFO]    [PING OK] IT | 283ms
2026-02-15 15:45:22 [INFO]    [PING OK] RU | 89ms
2026-02-15 15:45:22 [INFO]    [PING OK] HU | 338ms
2026-02-15 15:45:22 [INFO]    [PING OK] RU | 158ms
2026-02-15 15:45:22 [INFO]    [PING OK] HU | 335ms
2026-02-15 15:45:22 [INFO]    [PING OK] RU | 1359ms
2026-02-15 15:45:23 [INFO]    [PING OK] RU | 306ms
2026-02-15 15:45:23 [INFO]    [PING OK] RU | 320ms
2026-02-15 15:45:23 [INFO]    [PING OK] RU | 263ms
2026-02-15 15:45:23 [INFO]    [PING OK] RU | 359ms
2026-02-15 15:45:23 [INFO]    [PING OK] DE | 1138ms
2026-02-15 15:45:23 [INFO]    [PING OK] RU | 309ms
2026-02-15 15:45:23 [INFO]    [PING OK] RU | 217ms
2026-02-15 15:45:23 [INFO]    [PING OK] RU | 808ms
2026-02-15 15:45:24 [INFO]    [PING OK] RU | 326ms
2026-02-15 15:45:24 [INFO]    [PING OK] PL | 166ms
2026-02-15 15:45:24 [INFO]    [PING OK] RU | 501ms
2026-02-15 15:45:24 [INFO]    [PING OK] RU | 200ms
2026-02-15 15:45:24 [INFO]    [PING OK] RU | 407ms
2026-02-15 15:45:24 [INFO]    [PING OK] RU | 662ms
2026-02-15 15:45:24 [INFO]    [PING OK] RU | 2435ms
2026-02-15 15:45:24 [INFO]    [PING OK] RU | 373ms
2026-02-15 15:45:24 [INFO]    [PING OK] HU | 4614ms
2026-02-15 15:45:25 [INFO]    [PING OK] RU | 291ms
2026-02-15 15:45:25 [INFO]    [PING OK] RU | 84ms
2026-02-15 15:45:25 [INFO]    [PING OK] RU | 3672ms
2026-02-15 15:45:25 [INFO]    [PING OK] RU | 803ms
2026-02-15 15:45:25 [INFO]    [PING OK] RU | 87ms
2026-02-15 15:45:25 [INFO]    [PING OK] RU | 97ms
2026-02-15 15:45:25 [INFO]    [PING OK] RU | 239ms
2026-02-15 15:45:25 [INFO]    [PING OK] RU | 1246ms
2026-02-15 15:45:25 [INFO]    [PING OK] RU | 1256ms
2026-02-15 15:45:25 [INFO]    [PING OK] RU | 3405ms
2026-02-15 15:45:25 [INFO]    [PING OK] RU | 208ms
2026-02-15 15:45:26 [INFO]    [PING OK] RU | 780ms
2026-02-15 15:45:26 [INFO]    [PING OK] RU | 344ms
2026-02-15 15:45:26 [INFO]    [PING OK] RU | 61ms
2026-02-15 15:45:26 [INFO]    [PING OK] RU | 372ms
2026-02-15 15:45:26 [INFO]    [PING OK] RU | 225ms
2026-02-15 15:45:26 [INFO]    [PING OK] RU | 1659ms
2026-02-15 15:45:26 [INFO]    [PING OK] RU | 2196ms
2026-02-15 15:45:27 [INFO]    [PING OK] RU | 2227ms
2026-02-15 15:45:27 [INFO]    [PING OK] HK | 740ms
2026-02-15 15:45:27 [INFO]    [PING OK] TR | 509ms
2026-02-15 15:45:27 [INFO]    [PING OK] RU | 3458ms
2026-02-15 15:45:27 [INFO]    [PING OK] RU | 2934ms
2026-02-15 15:45:28 [INFO]    [PING OK] FI | 182ms
2026-02-15 15:45:28 [INFO]    [PING OK] NL | 324ms
2026-02-15 15:45:29 [INFO]    [PING OK] CY | 385ms
2026-02-15 15:45:29 [INFO]    [PING OK] DE | 515ms
2026-02-15 15:45:30 [INFO]    [PING OK] NL | 526ms
2026-02-15 15:45:30 [INFO]    [PING OK] NL | 2686ms
2026-02-15 15:45:30 [INFO]    [PING OK] NL | 192ms
2026-02-15 15:45:30 [INFO]    [PING OK] LV | 344ms
2026-02-15 15:45:30 [INFO]    [PING OK] IQ | 247ms
2026-02-15 15:45:31 [INFO]    [PING OK] SC | 1087ms
2026-02-15 15:45:31 [INFO]    [PING OK] CY | 799ms
2026-02-15 15:45:31 [INFO]    [PING OK] CY | 1527ms
2026-02-15 15:45:32 [INFO]    [PING OK] LV | 173ms
2026-02-15 15:45:32 [INFO]    [PING OK] FI | 376ms
2026-02-15 15:45:32 [INFO]    [PING OK] RU | 185ms
2026-02-15 15:45:32 [INFO]    [PING OK] RU | 348ms
2026-02-15 15:45:32 [INFO]    [PING OK] DE | 149ms
2026-02-15 15:45:33 [INFO]    [PING OK] DE | 765ms
2026-02-15 15:45:33 [INFO]    [PING OK] PL | 204ms
2026-02-15 15:45:33 [INFO]    [PING OK] DE | 317ms
2026-02-15 15:45:35 [INFO]    [PING OK] DE | 228ms
2026-02-15 15:45:36 [INFO]    [PING OK] NL | 148ms
2026-02-15 15:45:36 [INFO]    [PING OK] IR | 555ms
2026-02-15 15:45:38 [INFO]    [PING OK] DE | 3812ms
2026-02-15 15:45:46 [INFO] 🏎️ ЭТАП 2: Глубокий замер скорости для ТОП-10 серверов...
2026-02-15 15:45:53 [INFO]    🏆 LT | Пинг: 144ms | Скорость: 9.03 Mbps ⚡⚡
2026-02-15 15:45:53 [INFO]    🏆 NL | Пинг: 148ms | Скорость: 8.92 Mbps ⚡⚡
2026-02-15 15:45:53 [INFO]    🏆 DE | Пинг: 149ms | Скорость: 0.0 Mbps 
2026-02-15 15:45:53 [INFO]    🏆 PL | Пинг: 166ms | Скорость: 9.14 Mbps ⚡⚡
2026-02-15 15:45:53 [INFO]    🏆 NL | Пинг: 170ms | Скорость: 8.89 Mbps ⚡⚡
2026-02-15 15:45:53 [INFO]    🏆 LV | Пинг: 173ms | Скорость: 9.07 Mbps ⚡⚡
2026-02-15 15:45:53 [INFO]    🏆 FI | Пинг: 182ms | Скорость: 9.83 Mbps ⚡⚡
2026-02-15 15:45:53 [INFO]    🏆 DE | Пинг: 185ms | Скорость: 10.47 Mbps ⚡⚡
2026-02-15 15:45:53 [INFO]    🏆 PL | Пинг: 189ms | Скорость: 9.85 Mbps ⚡⚡
2026-02-15 15:45:53 [INFO]    🏆 RU | Пинг: 61ms | Скорость: 10.53 Mbps ⚡⚡
2026-02-15 15:45:53 [INFO] 🇷🇺 Добавлен RU сервер: 109.120.188.140
2026-02-15 15:45:53 [INFO] 📊 Итого в подписке сохранено: 10 серверов
2026-02-15 15:45:53 [INFO] 💾 Файл успешно сохранен: FL1PVPN
