2026-02-24 15:30:06 [INFO] 🚀 START: Smart Selector (Target: 10, ONLY FOREIGN)
2026-02-24 15:30:06 [INFO] 🌐 Загрузка источников (VLESS + VMess)...
2026-02-24 15:30:07 [INFO] 🔍 Уникальных конфигов собрано: 218
2026-02-24 15:30:07 [INFO] ⚡ ЭТАП 1: Замер Пинга и Геолокации. Workers: 40...
2026-02-24 15:30:12 [INFO]    [PING OK] IT | VLESS | 4546ms
2026-02-24 15:30:12 [INFO]    [PING OK] EE | VLESS | 4639ms
2026-02-24 15:30:12 [INFO]    [PING OK] TR | VLESS | 4401ms
2026-02-24 15:30:13 [INFO]    [PING OK] DE | VLESS | 4767ms
2026-02-24 15:30:13 [INFO]    [PING OK] PL | VLESS | 4785ms
2026-02-24 15:30:13 [INFO]    [PING OK] ES | VLESS | 4164ms
2026-02-24 15:30:13 [INFO]    [PING OK] PL | VLESS | 4651ms
2026-02-24 15:30:13 [INFO]    [PING OK] PL | VLESS | 4891ms
2026-02-24 15:30:13 [INFO]    [PING OK] IT | VLESS | 4183ms
2026-02-24 15:30:13 [INFO]    [PING OK] DE | VLESS | 5771ms
2026-02-24 15:30:14 [INFO]    [PING OK] DE | VLESS | 4115ms
2026-02-24 15:30:14 [INFO]    [PING OK] PL | VLESS | 4005ms
2026-02-24 15:30:15 [INFO]    [PING OK] FI | VLESS | 4975ms
2026-02-24 15:30:16 [INFO]    [PING OK] HU | VLESS | 2908ms
2026-02-24 15:30:16 [INFO]    [PING OK] ES | VLESS | 3034ms
2026-02-24 15:30:16 [INFO]    [PING OK] TR | VLESS | 2990ms
2026-02-24 15:30:16 [INFO]    [PING OK] ES | VLESS | 2917ms
2026-02-24 15:30:16 [INFO]    [PING OK] PL | VLESS | 3025ms
2026-02-24 15:30:16 [INFO]    [PING OK] FI | VLESS | 3127ms
2026-02-24 15:30:16 [INFO]    [PING OK] HU | VLESS | 3058ms
2026-02-24 15:30:16 [INFO]    [PING OK] ES | VLESS | 2885ms
2026-02-24 15:30:16 [INFO]    [PING OK] TR | VLESS | 3007ms
2026-02-24 15:30:17 [INFO]    [PING OK] TR | VLESS | 2532ms
2026-02-24 15:30:18 [INFO]    [PING OK] ES | VLESS | 2477ms
2026-02-24 15:30:18 [INFO]    [PING OK] DE | VLESS | 5167ms
2026-02-24 15:30:19 [INFO]    [PING OK] LV | VLESS | 4897ms
2026-02-24 15:30:19 [INFO]    [PING OK] DE | VLESS | 8516ms
2026-02-24 15:30:20 [INFO]    [PING OK] LV | VLESS | 6723ms
2026-02-24 15:30:22 [INFO]    [PING OK] ES | VLESS | 5234ms
2026-02-24 15:30:23 [INFO]    [PING OK] ES | VLESS | 5398ms
2026-02-24 15:30:23 [INFO]    [PING OK] DE | VLESS | 5863ms
2026-02-24 15:30:23 [INFO]    [PING OK] HU | VLESS | 6212ms
2026-02-24 15:30:24 [INFO]    [PING OK] CA | VLESS | 6063ms
2026-02-24 15:30:24 [INFO]    [PING OK] CA | VLESS | 6202ms
2026-02-24 15:30:24 [INFO]    [PING OK] KZ | VLESS | 6420ms
2026-02-24 15:30:25 [INFO]    [PING OK] CA | VLESS | 7538ms
2026-02-24 15:30:26 [INFO]    [PING OK] CA | VLESS | 8120ms
2026-02-24 15:30:26 [INFO]    [PING OK] CA | VLESS | 5712ms
2026-02-24 15:30:27 [INFO]    [PING OK] US | VLESS | 5895ms
2026-02-24 15:30:27 [INFO]    [PING OK] CA | VLESS | 5497ms
2026-02-24 15:30:27 [INFO]    [PING OK] DE | VLESS | 10172ms
2026-02-24 15:30:27 [INFO]    [PING OK] LT | VLESS | 5493ms
2026-02-24 15:30:27 [INFO]    [PING OK] CA | VLESS | 5618ms
2026-02-24 15:30:27 [INFO]    [PING OK] DE | VLESS | 4766ms
2026-02-24 15:30:28 [INFO]    [PING OK] CA | VLESS | 5644ms
2026-02-24 15:30:28 [INFO]    [PING OK] CA | VLESS | 5258ms
2026-02-24 15:30:28 [INFO]    [PING OK] CA | VLESS | 6431ms
2026-02-24 15:30:28 [INFO]    [PING OK] CA | VLESS | 5416ms
2026-02-24 15:30:28 [INFO]    [PING OK] JP | VLESS | 6524ms
2026-02-24 15:30:28 [INFO]    [PING OK] NL | VLESS | 3599ms
2026-02-24 15:30:28 [INFO]    [PING OK] LT | VLESS | 3455ms
2026-02-24 15:30:29 [INFO]    [PING OK] DE | VLESS | 2330ms
2026-02-24 15:30:29 [INFO]    [PING OK] CA | VLESS | 4290ms
2026-02-24 15:30:29 [INFO]    [PING OK] CA | VLESS | 3165ms
2026-02-24 15:30:29 [INFO]    [PING OK] SG | VLESS | 2046ms
2026-02-24 15:30:31 [INFO]    [PING OK] GB | VLESS | 4062ms
2026-02-24 15:30:32 [INFO]    [PING OK] CA | VLESS | 4591ms
2026-02-24 15:30:34 [INFO] 🏎️ ЭТАП 2: Глубокий замер скорости для 40 иностранных кандидатов...
2026-02-24 15:30:38 [INFO]    🏆 HU | VLESS | Пинг: 2908ms | Скорость: 5.78 Mbps ⚡⚡
2026-02-24 15:30:38 [INFO]    🏆 DE | VLESS | Пинг: 2330ms | Скорость: 5.58 Mbps ⚡⚡
2026-02-24 15:30:38 [INFO]    🏆 HU | VLESS | Пинг: 3058ms | Скорость: 5.91 Mbps ⚡⚡
2026-02-24 15:30:38 [INFO]    🏆 SG | VLESS | Пинг: 2046ms | Скорость: 5.53 Mbps ⚡⚡
2026-02-24 15:30:38 [INFO]    🏆 ES | VLESS | Пинг: 2477ms | Скорость: 5.52 Mbps ⚡⚡
2026-02-24 15:30:38 [INFO]    🏆 ES | VLESS | Пинг: 2885ms | Скорость: 5.55 Mbps ⚡⚡
2026-02-24 15:30:38 [INFO]    🏆 TR | VLESS | Пинг: 2990ms | Скорость: 5.61 Mbps ⚡⚡
2026-02-24 15:30:38 [INFO]    🏆 TR | VLESS | Пинг: 2532ms | Скорость: 5.4 Mbps ⚡⚡
2026-02-24 15:30:38 [INFO]    🏆 ES | VLESS | Пинг: 3034ms | Скорость: 5.51 Mbps ⚡⚡
2026-02-24 15:30:38 [INFO]    🏆 LT | VLESS | Пинг: 3455ms | Скорость: 5.48 Mbps ⚡⚡
2026-02-24 15:30:38 [INFO]    🏆 PL | VLESS | Пинг: 3025ms | Скорость: 5.13 Mbps ⚡⚡
2026-02-24 15:30:41 [INFO]    🏆 TR | VLESS | Пинг: 3007ms | Скорость: 1.45 Mbps 
2026-02-24 15:30:41 [INFO]    🏆 ES | VLESS | Пинг: 2917ms | Скорость: 0.7 Mbps 
2026-02-24 15:30:41 [INFO]    🏆 FI | VLESS | Пинг: 3127ms | Скорость: 2.22 Mbps ⚡
2026-02-24 15:30:42 [INFO]    🏆 IT | VLESS | Пинг: 4183ms | Скорость: 5.92 Mbps ⚡⚡
2026-02-24 15:30:42 [INFO]    🏆 IT | VLESS | Пинг: 4546ms | Скорость: 6.17 Mbps ⚡⚡
2026-02-24 15:30:42 [INFO]    🏆 ES | VLESS | Пинг: 4164ms | Скорость: 5.81 Mbps ⚡⚡
2026-02-24 15:30:42 [INFO]    🏆 DE | VLESS | Пинг: 4115ms | Скорость: 5.74 Mbps ⚡⚡
2026-02-24 15:30:42 [INFO]    🏆 TR | VLESS | Пинг: 4401ms | Скорость: 5.9 Mbps ⚡⚡
2026-02-24 15:30:42 [INFO]    🏆 NL | VLESS | Пинг: 3599ms | Скорость: 5.53 Mbps ⚡⚡
2026-02-24 15:30:43 [INFO]    🏆 PL | VLESS | Пинг: 4005ms | Скорость: 5.0 Mbps ⚡⚡
2026-02-24 15:30:45 [INFO]    🏆 DE | VLESS | Пинг: 4766ms | Скорость: 6.05 Mbps ⚡⚡
2026-02-24 15:30:45 [INFO]    🏆 PL | VLESS | Пинг: 4785ms | Скорость: 6.49 Mbps ⚡⚡
2026-02-24 15:30:45 [INFO]    🏆 PL | VLESS | Пинг: 4651ms | Скорость: 5.84 Mbps ⚡⚡
2026-02-24 15:30:46 [INFO]    🏆 LT | VLESS | Пинг: 5493ms | Скорость: 8.1 Mbps ⚡⚡
2026-02-24 15:30:46 [INFO]    🏆 PL | VLESS | Пинг: 4891ms | Скорость: 6.58 Mbps ⚡⚡
2026-02-24 15:30:46 [INFO]    🏆 FI | VLESS | Пинг: 4975ms | Скорость: 5.93 Mbps ⚡⚡
2026-02-24 15:30:50 [INFO] 📊 Итого в подписке сохранено иностранных серверов: 10
2026-02-24 15:30:50 [INFO] 💾 Файл успешно сохранен: FL1PVPN
