2026-02-24 19:00:05 [INFO] 🚀 START: Smart Selector (Target: 10, ONLY FOREIGN)
2026-02-24 19:00:05 [INFO] 🌐 Загрузка источников (VLESS + VMess)...
2026-02-24 19:00:07 [INFO] 🔍 Уникальных конфигов собрано: 186
2026-02-24 19:00:07 [INFO] ⚡ ЭТАП 1: Замер Пинга и Геолокации. Workers: 40...
2026-02-24 19:00:12 [INFO]    [PING OK] TR | VLESS | 3999ms
2026-02-24 19:00:12 [INFO]    [PING OK] IT | VLESS | 4003ms
2026-02-24 19:00:12 [INFO]    [PING OK] EE | VLESS | 4186ms
2026-02-24 19:00:12 [INFO]    [PING OK] ES | VLESS | 4118ms
2026-02-24 19:00:12 [INFO]    [PING OK] PL | VLESS | 4581ms
2026-02-24 19:00:12 [INFO]    [PING OK] IT | VLESS | 4033ms
2026-02-24 19:00:13 [INFO]    [PING OK] ES | VLESS | 4702ms
2026-02-24 19:00:13 [INFO]    [PING OK] HU | VLESS | 4078ms
2026-02-24 19:00:13 [INFO]    [PING OK] ES | VLESS | 4063ms
2026-02-24 19:00:13 [INFO]    [PING OK] TR | VLESS | 4313ms
2026-02-24 19:00:13 [INFO]    [PING OK] HU | VLESS | 4241ms
2026-02-24 19:00:13 [INFO]    [PING OK] ES | VLESS | 4110ms
2026-02-24 19:00:13 [INFO]    [PING OK] IT | VLESS | 3823ms
2026-02-24 19:00:13 [INFO]    [PING OK] US | VLESS | 4613ms
2026-02-24 19:00:13 [INFO]    [PING OK] HU | VLESS | 4017ms
2026-02-24 19:00:13 [INFO]    [PING OK] ES | VLESS | 4125ms
2026-02-24 19:00:13 [INFO]    [PING OK] HU | VLESS | 3821ms
2026-02-24 19:00:13 [INFO]    [PING OK] DE | VLESS | 5342ms
2026-02-24 19:00:13 [INFO]    [PING OK] TR | VLESS | 4027ms
2026-02-24 19:00:13 [INFO]    [PING OK] PL | VLESS | 5307ms
2026-02-24 19:00:13 [INFO]    [PING OK] FI | VLESS | 3700ms
2026-02-24 19:00:14 [INFO]    [PING OK] TR | VLESS | 3458ms
2026-02-24 19:00:14 [INFO]    [PING OK] PL | VLESS | 3347ms
2026-02-24 19:00:16 [INFO]    [PING OK] DE | VLESS | 8320ms
2026-02-24 19:00:16 [INFO]    [PING OK] FI | VLESS | 3690ms
2026-02-24 19:00:16 [INFO]    [PING OK] PL | VLESS | 3760ms
2026-02-24 19:00:17 [INFO]    [PING OK] ES | VLESS | 3558ms
2026-02-24 19:00:17 [INFO]    [PING OK] NL | VLESS | 3543ms
2026-02-24 19:00:17 [INFO]    [PING OK] DE | VLESS | 3543ms
2026-02-24 19:00:17 [INFO]    [PING OK] DE | VLESS | 3922ms
2026-02-24 19:00:17 [INFO]    [PING OK] PL | VLESS | 3603ms
2026-02-24 19:00:18 [INFO]    [PING OK] CA | VLESS | 3940ms
2026-02-24 19:00:18 [INFO]    [PING OK] PL | VLESS | 4692ms
2026-02-24 19:00:18 [INFO]    [PING OK] CA | VLESS | 4093ms
2026-02-24 19:00:18 [INFO]    [PING OK] KZ | VLESS | 4107ms
2026-02-24 19:00:21 [INFO]    [PING OK] CA | VLESS | 4244ms
2026-02-24 19:00:22 [INFO]    [PING OK] CA | VLESS | 5400ms
2026-02-24 19:00:22 [INFO]    [PING OK] CA | VLESS | 5736ms
2026-02-24 19:00:22 [INFO]    [PING OK] CA | VLESS | 7178ms
2026-02-24 19:00:22 [INFO]    [PING OK] CA | VLESS | 8066ms
2026-02-24 19:00:22 [INFO]    [PING OK] CA | VLESS | 8346ms
2026-02-24 19:00:22 [INFO]    [PING OK] CA | VLESS | 4906ms
2026-02-24 19:00:23 [INFO]    [PING OK] DE | VLESS | 4685ms
2026-02-24 19:00:23 [INFO]    [PING OK] CA | VLESS | 5872ms
2026-02-24 19:00:23 [INFO]    [PING OK] CA | VLESS | 4918ms
2026-02-24 19:00:24 [INFO]    [PING OK] CA | VLESS | 4405ms
2026-02-24 19:00:24 [INFO]    [PING OK] CA | VLESS | 5073ms
2026-02-24 19:00:24 [INFO]    [PING OK] CA | VLESS | 4989ms
2026-02-24 19:00:24 [INFO]    [PING OK] PL | VLESS | 6357ms
2026-02-24 19:00:24 [INFO]    [PING OK] SG | VLESS | 4923ms
2026-02-24 19:00:24 [INFO]    [PING OK] CA | VLESS | 4965ms
2026-02-24 19:00:25 [INFO]    [PING OK] DE | VLESS | 7665ms
2026-02-24 19:00:25 [INFO]    [PING OK] CA | VLESS | 4973ms
2026-02-24 19:00:26 [INFO]    [PING OK] CA | VLESS | 4961ms
2026-02-24 19:00:27 [INFO]    [PING OK] DE | VLESS | 4086ms
2026-02-24 19:00:27 [INFO]    [PING OK] CA | VLESS | 4790ms
2026-02-24 19:00:27 [INFO]    [PING OK] CA | VLESS | 4549ms
2026-02-24 19:00:27 [INFO]    [PING OK] SG | VLESS | 3916ms
2026-02-24 19:00:27 [INFO]    [PING OK] EE | VLESS | 3257ms
2026-02-24 19:00:28 [INFO]    [PING OK] CA | VLESS | 3308ms
2026-02-24 19:00:28 [INFO]    [PING OK] CA | VLESS | 3458ms
2026-02-24 19:00:28 [INFO]    [PING OK] CA | VLESS | 2788ms
2026-02-24 19:00:28 [INFO]    [PING OK] CA | VLESS | 3177ms
2026-02-24 19:00:29 [INFO]    [PING OK] CA | VLESS | 4433ms
2026-02-24 19:00:29 [INFO]    [PING OK] GB | VLESS | 7824ms
2026-02-24 19:00:29 [INFO]    [PING OK] US | VLESS | 5901ms
2026-02-24 19:00:30 [INFO]    [PING OK] CA | VLESS | 3947ms
2026-02-24 19:00:31 [INFO]    [PING OK] CA | VLESS | 7560ms
2026-02-24 19:00:32 [INFO]    [PING OK] CA | VLESS | 7762ms
2026-02-24 19:00:33 [INFO]    [PING OK] US | VLESS | 7181ms
2026-02-24 19:00:33 [INFO] 🏎️ ЭТАП 2: Глубокий замер скорости для 40 иностранных кандидатов...
2026-02-24 19:00:36 [INFO]    🏆 NL | VLESS | Пинг: 3543ms | Скорость: 7.05 Mbps ⚡⚡
2026-02-24 19:00:36 [INFO]    🏆 PL | VLESS | Пинг: 3603ms | Скорость: 6.54 Mbps ⚡⚡
2026-02-24 19:00:37 [INFO]    🏆 DE | VLESS | Пинг: 3543ms | Скорость: 6.43 Mbps ⚡⚡
2026-02-24 19:00:37 [INFO]    🏆 TR | VLESS | Пинг: 3458ms | Скорость: 6.24 Mbps ⚡⚡
2026-02-24 19:00:37 [INFO]    🏆 ES | VLESS | Пинг: 3558ms | Скорость: 6.31 Mbps ⚡⚡
2026-02-24 19:00:37 [INFO]    🏆 FI | VLESS | Пинг: 3690ms | Скорость: 6.29 Mbps ⚡⚡
2026-02-24 19:00:37 [INFO]    🏆 EE | VLESS | Пинг: 3257ms | Скорость: 5.29 Mbps ⚡⚡
2026-02-24 19:00:38 [INFO]    🏆 HU | VLESS | Пинг: 3821ms | Скорость: 4.54 Mbps ⚡⚡
2026-02-24 19:00:39 [INFO]    🏆 PL | VLESS | Пинг: 3760ms | Скорость: 3.95 Mbps ⚡⚡
2026-02-24 19:00:39 [INFO]    🏆 DE | VLESS | Пинг: 3922ms | Скорость: 12.16 Mbps ⚡⚡
2026-02-24 19:00:39 [INFO]    🏆 PL | VLESS | Пинг: 3347ms | Скорость: 2.22 Mbps ⚡
2026-02-24 19:00:40 [INFO]    🏆 SG | VLESS | Пинг: 3916ms | Скорость: 7.52 Mbps ⚡⚡
2026-02-24 19:00:40 [INFO]    🏆 TR | VLESS | Пинг: 3999ms | Скорость: 7.34 Mbps ⚡⚡
2026-02-24 19:00:41 [INFO]    🏆 ES | VLESS | Пинг: 4063ms | Скорость: 10.82 Mbps ⚡⚡
2026-02-24 19:00:41 [INFO]    🏆 HU | VLESS | Пинг: 4017ms | Скорость: 5.57 Mbps ⚡⚡
2026-02-24 19:00:42 [INFO]    🏆 HU | VLESS | Пинг: 4078ms | Скорость: 8.15 Mbps ⚡⚡
2026-02-24 19:00:43 [INFO]    🏆 KZ | VLESS | Пинг: 4107ms | Скорость: 7.36 Mbps ⚡⚡
2026-02-24 19:00:43 [INFO]    🏆 ES | VLESS | Пинг: 4118ms | Скорость: 8.3 Mbps ⚡⚡
2026-02-24 19:00:43 [INFO]    🏆 HU | VLESS | Пинг: 4241ms | Скорость: 9.21 Mbps ⚡⚡
2026-02-24 19:00:43 [INFO]    🏆 EE | VLESS | Пинг: 4186ms | Скорость: 9.11 Mbps ⚡⚡
2026-02-24 19:00:43 [INFO]    🏆 DE | VLESS | Пинг: 4086ms | Скорость: 6.45 Mbps ⚡⚡
2026-02-24 19:00:44 [INFO]    🏆 IT | VLESS | Пинг: 4003ms | Скорость: 1.46 Mbps 
2026-02-24 19:00:44 [INFO]    🏆 TR | VLESS | Пинг: 4027ms | Скорость: 1.67 Mbps ⚡
2026-02-24 19:00:45 [INFO]    🏆 TR | VLESS | Пинг: 4313ms | Скорость: 8.12 Mbps ⚡⚡
2026-02-24 19:00:46 [INFO]    🏆 ES | VLESS | Пинг: 4110ms | Скорость: 1.37 Mbps 
2026-02-24 19:00:49 [INFO]    🏆 CA | VLESS | Пинг: 4405ms | Скорость: 3.55 Mbps ⚡⚡
2026-02-24 19:00:50 [INFO] 📊 Итого в подписке сохранено иностранных серверов: 10
2026-02-24 19:00:50 [INFO] 💾 Файл успешно сохранен: FL1PVPN
