2026-02-19 10:50:06 [INFO] 🚀 START: Smart VPN Selector (Target: 10, Strict Mode)
2026-02-19 10:50:06 [INFO] 🌐 Загрузка источников...
2026-02-19 10:50:10 [INFO] 🔍 Уникальных конфигов собрано: 1210
2026-02-19 10:50:10 [INFO] ⚡ ЭТАП 1: Быстрый замер Пинга (Workers: 25)...
2026-02-19 10:50:12 [INFO]    [PING OK] RU | 309ms
2026-02-19 10:50:12 [INFO]    [PING OK] CA | 882ms
2026-02-19 10:50:13 [INFO]    [PING OK] DE | 154ms
2026-02-19 10:50:16 [INFO]    [PING OK] LT | 4807ms
2026-02-19 10:50:17 [INFO]    [PING OK] DE | 188ms
2026-02-19 10:50:17 [INFO]    [PING OK] SE | 216ms
2026-02-19 10:50:18 [INFO]    [PING OK] IT | 678ms
2026-02-19 10:50:18 [INFO]    [PING OK] NL | 678ms
2026-02-19 10:50:18 [INFO]    [PING OK] RU | 140ms
2026-02-19 10:50:19 [INFO]    [PING OK] TR | 115ms
2026-02-19 10:50:19 [INFO]    [PING OK] TR | 271ms
2026-02-19 10:50:19 [INFO]    [PING OK] DE | 191ms
2026-02-19 10:50:20 [INFO]    [PING OK] LV | 3257ms
2026-02-19 10:50:20 [INFO]    [PING OK] RU | 370ms
2026-02-19 10:50:21 [INFO]    [PING OK] TR | 400ms
2026-02-19 10:50:21 [INFO]    [PING OK] RU | 4795ms
2026-02-19 10:50:22 [INFO]    [PING OK] RU | 514ms
2026-02-19 10:50:22 [INFO]    [PING OK] US | 1183ms
2026-02-19 10:50:23 [INFO]    [PING OK] RU | 350ms
2026-02-19 10:50:24 [INFO]    [PING OK] RU | 303ms
2026-02-19 10:50:24 [INFO]    [PING OK] DE | 791ms
2026-02-19 10:50:24 [INFO]    [PING OK] RU | 370ms
2026-02-19 10:50:24 [INFO]    [PING OK] RU | 258ms
2026-02-19 10:50:24 [INFO]    [PING OK] RU | 840ms
2026-02-19 10:50:25 [INFO]    [PING OK] RU | 816ms
2026-02-19 10:50:25 [INFO]    [PING OK] RU | 103ms
2026-02-19 10:50:25 [INFO]    [PING OK] RU | 487ms
2026-02-19 10:50:25 [INFO]    [PING OK] RU | 376ms
2026-02-19 10:50:25 [INFO]    [PING OK] RU | 224ms
2026-02-19 10:50:25 [INFO]    [PING OK] RU | 193ms
2026-02-19 10:50:26 [INFO]    [PING OK] RU | 289ms
2026-02-19 10:50:26 [INFO]    [PING OK] RU | 328ms
2026-02-19 10:50:26 [INFO]    [PING OK] RU | 1336ms
2026-02-19 10:50:26 [INFO]    [PING OK] RU | 323ms
2026-02-19 10:50:26 [INFO]    [PING OK] RU | 283ms
2026-02-19 10:50:26 [INFO]    [PING OK] RU | 629ms
2026-02-19 10:50:26 [INFO]    [PING OK] RU | 367ms
2026-02-19 10:50:26 [INFO]    [PING OK] RU | 569ms
2026-02-19 10:50:27 [INFO]    [PING OK] RU | 212ms
2026-02-19 10:50:27 [INFO]    [PING OK] RU | 303ms
2026-02-19 10:50:27 [INFO]    [PING OK] RU | 582ms
2026-02-19 10:50:27 [INFO]    [PING OK] RU | 307ms
2026-02-19 10:50:28 [INFO]    [PING OK] RU | 316ms
2026-02-19 10:50:28 [INFO]    [PING OK] RU | 4648ms
2026-02-19 10:50:28 [INFO]    [PING OK] RU | 935ms
2026-02-19 10:50:28 [INFO]    [PING OK] DE | 575ms
2026-02-19 10:50:28 [INFO]    [PING OK] RU | 272ms
2026-02-19 10:50:28 [INFO]    [PING OK] RU | 259ms
2026-02-19 10:50:28 [INFO]    [PING OK] RU | 279ms
2026-02-19 10:50:28 [INFO]    [PING OK] RU | 238ms
2026-02-19 10:50:28 [INFO]    [PING OK] RU | 271ms
2026-02-19 10:50:29 [INFO]    [PING OK] RU | 251ms
2026-02-19 10:50:29 [INFO]    [PING OK] RU | 287ms
2026-02-19 10:50:29 [INFO]    [PING OK] RU | 438ms
2026-02-19 10:50:29 [INFO]    [PING OK] RU | 315ms
2026-02-19 10:50:30 [INFO]    [PING OK] RU | 208ms
2026-02-19 10:50:30 [INFO]    [PING OK] RU | 3935ms
2026-02-19 10:50:30 [INFO]    [PING OK] RU | 859ms
2026-02-19 10:50:30 [INFO]    [PING OK] RU | 320ms
2026-02-19 10:50:30 [INFO]    [PING OK] RU | 1203ms
2026-02-19 10:50:31 [INFO]    [PING OK] RU | 917ms
2026-02-19 10:50:31 [INFO]    [PING OK] RU | 1784ms
2026-02-19 10:50:31 [INFO]    [PING OK] RU | 142ms
2026-02-19 10:50:31 [INFO]    [PING OK] RU | 1496ms
2026-02-19 10:50:32 [INFO]    [PING OK] DE | 1333ms
2026-02-19 10:50:32 [INFO]    [PING OK] RU | 3332ms
2026-02-19 10:50:33 [INFO]    [PING OK] HK | 1015ms
2026-02-19 10:50:33 [INFO]    [PING OK] GB | 570ms
2026-02-19 10:50:33 [INFO]    [PING OK] AE | 446ms
2026-02-19 10:50:34 [INFO]    [PING OK] RU | 4567ms
2026-02-19 10:50:34 [INFO]    [PING OK] CH | 499ms
2026-02-19 10:50:34 [INFO]    [PING OK] FR | 173ms
2026-02-19 10:50:35 [INFO]    [PING OK] RU | 4979ms
2026-02-19 10:50:35 [INFO]    [PING OK] US | 451ms
2026-02-19 10:50:35 [INFO]    [PING OK] US | 1635ms
2026-02-19 10:50:35 [INFO]    [PING OK] FR | 132ms
2026-02-19 10:50:35 [INFO]    [PING OK] US | 356ms
2026-02-19 10:50:35 [INFO]    [PING OK] BG | 237ms
2026-02-19 10:50:35 [INFO]    [PING OK] FR | 153ms
2026-02-19 10:50:35 [INFO]    [PING OK] AU | 682ms
2026-02-19 10:50:36 [INFO]    [PING OK] PL | 145ms
2026-02-19 10:50:36 [INFO]    [PING OK] US | 391ms
2026-02-19 10:50:36 [INFO]    [PING OK] MX | 400ms
2026-02-19 10:50:36 [INFO]    [PING OK] US | 408ms
2026-02-19 10:50:36 [INFO]    [PING OK] HK | 1690ms
2026-02-19 10:50:37 [INFO]    [PING OK] IT | 578ms
2026-02-19 10:50:37 [INFO]    [PING OK] ES | 1299ms
2026-02-19 10:50:37 [INFO]    [PING OK] UZ | 262ms
2026-02-19 10:50:37 [INFO]    [PING OK] RU | 46ms
2026-02-19 10:50:38 [INFO]    [PING OK] GB | 765ms
2026-02-19 10:50:39 [INFO]    [PING OK] GB | 600ms
2026-02-19 10:50:39 [INFO]    [PING OK] LV | 432ms
2026-02-19 10:50:39 [INFO]    [PING OK] US | 1094ms
2026-02-19 10:50:40 [INFO]    [PING OK] SG | 553ms
2026-02-19 10:50:40 [INFO]    [PING OK] DE | 237ms
2026-02-19 10:50:41 [INFO]    [PING OK] US | 412ms
2026-02-19 10:50:41 [INFO]    [PING OK] SG | 644ms
2026-02-19 10:50:41 [INFO]    [PING OK] US | 375ms
2026-02-19 10:50:42 [INFO]    [PING OK] US | 374ms
2026-02-19 10:50:42 [INFO]    [PING OK] GB | 155ms
2026-02-19 10:50:42 [INFO]    [PING OK] SE | 136ms
2026-02-19 10:50:42 [INFO]    [PING OK] NL | 235ms
2026-02-19 10:50:42 [INFO]    [PING OK] PL | 116ms
2026-02-19 10:50:42 [INFO]    [PING OK] FI | 147ms
2026-02-19 10:50:43 [INFO]    [PING OK] AE | 210ms
2026-02-19 10:50:43 [INFO]    [PING OK] US | 406ms
2026-02-19 10:50:44 [INFO]    [PING OK] DE | 128ms
2026-02-19 10:50:44 [INFO]    [PING OK] US | 385ms
2026-02-19 10:50:45 [INFO]    [PING OK] US | 554ms
2026-02-19 10:50:45 [INFO]    [PING OK] AT | 255ms
2026-02-19 10:50:45 [INFO]    [PING OK] GB | 181ms
2026-02-19 10:50:46 [INFO]    [PING OK] GB | 147ms
2026-02-19 10:50:46 [INFO]    [PING OK] DE | 128ms
2026-02-19 10:50:46 [INFO]    [PING OK] CZ | 4749ms
2026-02-19 10:50:46 [INFO]    [PING OK] MD | 165ms
2026-02-19 10:50:46 [INFO]    [PING OK] US | 641ms
2026-02-19 10:50:47 [INFO]    [PING OK] LT | 1944ms
2026-02-19 10:50:48 [INFO]    [PING OK] US | 479ms
2026-02-19 10:50:49 [INFO]    [PING OK] NL | 220ms
2026-02-19 10:50:49 [INFO]    [PING OK] US | 536ms
2026-02-19 10:50:49 [INFO]    [PING OK] GB | 153ms
2026-02-19 10:50:49 [INFO]    [PING OK] SG | 450ms
2026-02-19 10:50:58 [INFO]    [PING OK] FR | 137ms
2026-02-19 10:51:00 [INFO]    [PING OK] DE | 128ms
2026-02-19 10:51:00 [INFO]    [PING OK] GB | 877ms
2026-02-19 10:51:00 [INFO]    [PING OK] DE | 124ms
2026-02-19 10:51:01 [INFO]    [PING OK] US | 257ms
2026-02-19 10:51:05 [INFO]    [PING OK] DE | 139ms
2026-02-19 10:51:07 [INFO]    [PING OK] DE | 126ms
2026-02-19 10:51:09 [INFO]    [PING OK] GB | 182ms
2026-02-19 10:51:12 [INFO]    [PING OK] DE | 104ms
2026-02-19 10:51:17 [INFO]    [PING OK] DE | 129ms
2026-02-19 10:51:17 [INFO]    [PING OK] GB | 180ms
2026-02-19 10:51:18 [INFO]    [PING OK] FR | 137ms
2026-02-19 10:51:20 [INFO]    [PING OK] BR | 531ms
2026-02-19 10:51:21 [INFO]    [PING OK] DE | 127ms
2026-02-19 10:51:23 [INFO]    [PING OK] JP | 1867ms
2026-02-19 10:51:23 [INFO]    [PING OK] GB | 585ms
2026-02-19 10:51:24 [INFO]    [PING OK] SG | 479ms
2026-02-19 10:51:25 [INFO]    [PING OK] GB | 218ms
2026-02-19 10:51:25 [INFO]    [PING OK] DE | 393ms
2026-02-19 10:51:26 [INFO]    [PING OK] GB | 462ms
2026-02-19 10:51:26 [INFO]    [PING OK] GB | 137ms
2026-02-19 10:51:26 [INFO]    [PING OK] GB | 486ms
2026-02-19 10:51:27 [INFO]    [PING OK] GB | 3552ms
2026-02-19 10:51:28 [INFO]    [PING OK] GB | 143ms
2026-02-19 10:51:28 [INFO]    [PING OK] GB | 185ms
2026-02-19 10:51:29 [INFO]    [PING OK] NO | 1923ms
2026-02-19 10:51:29 [INFO]    [PING OK] GB | 169ms
2026-02-19 10:51:29 [INFO]    [PING OK] GB | 137ms
2026-02-19 10:51:29 [INFO]    [PING OK] RU | 228ms
2026-02-19 10:51:30 [INFO]    [PING OK] GB | 2546ms
2026-02-19 10:51:31 [INFO]    [PING OK] RU | 1875ms
2026-02-19 10:51:31 [INFO]    [PING OK] RU | 703ms
2026-02-19 10:51:31 [INFO]    [PING OK] GB | 1615ms
2026-02-19 10:51:34 [INFO]    [PING OK] RU | 1803ms
2026-02-19 10:51:34 [INFO]    [PING OK] FI | 277ms
2026-02-19 10:51:34 [INFO]    [PING OK] SE | 1937ms
2026-02-19 10:51:35 [INFO]    [PING OK] GB | 321ms
2026-02-19 10:51:35 [INFO]    [PING OK] DE | 194ms
2026-02-19 10:51:36 [INFO]    [PING OK] NO | 3484ms
2026-02-19 10:51:36 [INFO]    [PING OK] NL | 304ms
2026-02-19 10:51:36 [INFO]    [PING OK] GB | 142ms
2026-02-19 10:51:37 [INFO]    [PING OK] GB | 184ms
2026-02-19 10:51:39 [INFO]    [PING OK] DE | 2955ms
2026-02-19 10:51:41 [INFO]    [PING OK] RU | 4868ms
2026-02-19 10:51:41 [INFO]    [PING OK] JP | 4109ms
2026-02-19 10:51:42 [INFO]    [PING OK] SG | 693ms
2026-02-19 10:51:43 [INFO]    [PING OK] US | 554ms
2026-02-19 10:51:44 [INFO]    [PING OK] RU | 1307ms
2026-02-19 10:51:45 [INFO]    [PING OK] GB | 151ms
2026-02-19 10:51:49 [INFO]    [PING OK] ES | 3351ms
2026-02-19 10:51:55 [INFO] 🏎️ ЭТАП 2: Глубокий замер скорости для ТОП-10 серверов...
2026-02-19 10:51:58 [INFO]    🏆 DE | Пинг: 104ms | Скорость: 8.87 Mbps ⚡⚡
2026-02-19 10:51:58 [INFO]    🏆 TR | Пинг: 115ms | Скорость: 9.5 Mbps ⚡⚡
2026-02-19 10:51:58 [INFO]    🏆 PL | Пинг: 116ms | Скорость: 8.88 Mbps ⚡⚡
2026-02-19 10:51:58 [INFO]    🏆 DE | Пинг: 124ms | Скорость: 8.87 Mbps ⚡⚡
2026-02-19 10:51:58 [INFO]    🏆 DE | Пинг: 126ms | Скорость: 9.08 Mbps ⚡⚡
2026-02-19 10:51:58 [INFO]    🏆 DE | Пинг: 127ms | Скорость: 8.86 Mbps ⚡⚡
2026-02-19 10:51:58 [INFO]    🏆 DE | Пинг: 128ms | Скорость: 9.15 Mbps ⚡⚡
2026-02-19 10:51:58 [INFO]    🏆 DE | Пинг: 128ms | Скорость: 9.06 Mbps ⚡⚡
2026-02-19 10:51:58 [INFO]    🏆 DE | Пинг: 128ms | Скорость: 9.26 Mbps ⚡⚡
2026-02-19 10:51:58 [INFO]    🏆 RU | Пинг: 46ms | Скорость: 9.21 Mbps ⚡⚡
2026-02-19 10:51:58 [INFO] 🇷🇺 Добавлен RU сервер: 212.192.14.234
2026-02-19 10:51:58 [INFO] 📊 Итого в подписке сохранено: 10 серверов
2026-02-19 10:51:58 [INFO] 💾 Файл успешно сохранен: FL1PVPN
