2026-02-19 13:50:05 [INFO] 🚀 START: Smart VPN Selector (Target: 10, Strict Mode)
2026-02-19 13:50:05 [INFO] 🌐 Загрузка источников...
2026-02-19 13:50:09 [INFO] 🔍 Уникальных конфигов собрано: 1214
2026-02-19 13:50:09 [INFO] ⚡ ЭТАП 1: Быстрый замер Пинга (Workers: 25)...
2026-02-19 13:50:10 [INFO]    [PING OK] TR | 202ms
2026-02-19 13:50:11 [INFO]    [PING OK] RU | 505ms
2026-02-19 13:50:11 [INFO]    [PING OK] DE | 180ms
2026-02-19 13:50:12 [INFO]    [PING OK] RU | 1490ms
2026-02-19 13:50:12 [INFO]    [PING OK] RU | 1924ms
2026-02-19 13:50:15 [INFO]    [PING OK] RU | 244ms
2026-02-19 13:50:16 [INFO]    [PING OK] RU | 472ms
2026-02-19 13:50:17 [INFO]    [PING OK] DE | 186ms
2026-02-19 13:50:18 [INFO]    [PING OK] DE | 2263ms
2026-02-19 13:50:18 [INFO]    [PING OK] DE | 1365ms
2026-02-19 13:50:18 [INFO]    [PING OK] TR | 293ms
2026-02-19 13:50:19 [INFO]    [PING OK] DE | 217ms
2026-02-19 13:50:19 [INFO]    [PING OK] IT | 890ms
2026-02-19 13:50:19 [INFO]    [PING OK] TR | 183ms
2026-02-19 13:50:20 [INFO]    [PING OK] RU | 130ms
2026-02-19 13:50:21 [INFO]    [PING OK] CA | 1127ms
2026-02-19 13:50:22 [INFO]    [PING OK] NO | 3693ms
2026-02-19 13:50:22 [INFO]    [PING OK] DE | 160ms
2026-02-19 13:50:22 [INFO]    [PING OK] FR | 636ms
2026-02-19 13:50:23 [INFO]    [PING OK] LT | 3267ms
2026-02-19 13:50:23 [INFO]    [PING OK] RU | 196ms
2026-02-19 13:50:23 [INFO]    [PING OK] RU | 573ms
2026-02-19 13:50:24 [INFO]    [PING OK] RU | 387ms
2026-02-19 13:50:24 [INFO]    [PING OK] RU | 295ms
2026-02-19 13:50:24 [INFO]    [PING OK] RU | 388ms
2026-02-19 13:50:24 [INFO]    [PING OK] RU | 303ms
2026-02-19 13:50:24 [INFO]    [PING OK] RU | 3446ms
2026-02-19 13:50:25 [INFO]    [PING OK] RU | 312ms
2026-02-19 13:50:25 [INFO]    [PING OK] RU | 241ms
2026-02-19 13:50:25 [INFO]    [PING OK] RU | 409ms
2026-02-19 13:50:25 [INFO]    [PING OK] RU | 738ms
2026-02-19 13:50:25 [INFO]    [PING OK] HU | 312ms
2026-02-19 13:50:26 [INFO]    [PING OK] RU | 3326ms
2026-02-19 13:50:26 [INFO]    [PING OK] RU | 284ms
2026-02-19 13:50:26 [INFO]    [PING OK] RU | 649ms
2026-02-19 13:50:26 [INFO]    [PING OK] RU | 352ms
2026-02-19 13:50:26 [INFO]    [PING OK] RU | 277ms
2026-02-19 13:50:26 [INFO]    [PING OK] RU | 292ms
2026-02-19 13:50:27 [INFO]    [PING OK] RU | 325ms
2026-02-19 13:50:27 [INFO]    [PING OK] RU | 418ms
2026-02-19 13:50:27 [INFO]    [PING OK] RU | 632ms
2026-02-19 13:50:27 [INFO]    [PING OK] RU | 433ms
2026-02-19 13:50:28 [INFO]    [PING OK] RU | 234ms
2026-02-19 13:50:28 [INFO]    [PING OK] RU | 241ms
2026-02-19 13:50:28 [INFO]    [PING OK] RU | 540ms
2026-02-19 13:50:28 [INFO]    [PING OK] RU | 239ms
2026-02-19 13:50:28 [INFO]    [PING OK] RU | 993ms
2026-02-19 13:50:28 [INFO]    [PING OK] RU | 537ms
2026-02-19 13:50:29 [INFO]    [PING OK] RU | 230ms
2026-02-19 13:50:29 [INFO]    [PING OK] RU | 230ms
2026-02-19 13:50:29 [INFO]    [PING OK] RU | 327ms
2026-02-19 13:50:29 [INFO]    [PING OK] RU | 84ms
2026-02-19 13:50:29 [INFO]    [PING OK] RU | 258ms
2026-02-19 13:50:29 [INFO]    [PING OK] RU | 214ms
2026-02-19 13:50:30 [INFO]    [PING OK] RU | 554ms
2026-02-19 13:50:30 [INFO]    [PING OK] RU | 1890ms
2026-02-19 13:50:30 [INFO]    [PING OK] DE | 607ms
2026-02-19 13:50:30 [INFO]    [PING OK] GB | 2766ms
2026-02-19 13:50:30 [INFO]    [PING OK] RU | 257ms
2026-02-19 13:50:30 [INFO]    [PING OK] RU | 306ms
2026-02-19 13:50:30 [INFO]    [PING OK] RU | 839ms
2026-02-19 13:50:30 [INFO]    [PING OK] RU | 3485ms
2026-02-19 13:50:31 [INFO]    [PING OK] RU | 256ms
2026-02-19 13:50:31 [INFO]    [PING OK] RU | 926ms
2026-02-19 13:50:31 [INFO]    [PING OK] RU | 277ms
2026-02-19 13:50:31 [INFO]    [PING OK] RU | 282ms
2026-02-19 13:50:31 [INFO]    [PING OK] RU | 274ms
2026-02-19 13:50:31 [INFO]    [PING OK] RU | 249ms
2026-02-19 13:50:32 [INFO]    [PING OK] RU | 925ms
2026-02-19 13:50:32 [INFO]    [PING OK] RU | 147ms
2026-02-19 13:50:32 [INFO]    [PING OK] RU | 700ms
2026-02-19 13:50:32 [INFO]    [PING OK] RU | 2289ms
2026-02-19 13:50:32 [INFO]    [PING OK] DE | 1139ms
2026-02-19 13:50:32 [INFO]    [PING OK] RU | 3669ms
2026-02-19 13:50:32 [INFO]    [PING OK] RU | 2441ms
2026-02-19 13:50:33 [INFO]    [PING OK] GB | 175ms
2026-02-19 13:50:33 [INFO]    [PING OK] RU | 3329ms
2026-02-19 13:50:33 [INFO]    [PING OK] NL | 226ms
2026-02-19 13:50:34 [INFO]    [PING OK] US | 395ms
2026-02-19 13:50:34 [INFO]    [PING OK] AU | 938ms
2026-02-19 13:50:34 [INFO]    [PING OK] GB | 148ms
2026-02-19 13:50:34 [INFO]    [PING OK] RU | 2788ms
2026-02-19 13:50:35 [INFO]    [PING OK] SG | 464ms
2026-02-19 13:50:35 [INFO]    [PING OK] US | 990ms
2026-02-19 13:50:36 [INFO]    [PING OK] US | 388ms
2026-02-19 13:50:36 [INFO]    [PING OK] RU | 4841ms
2026-02-19 13:50:36 [INFO]    [PING OK] BG | 191ms
2026-02-19 13:50:36 [INFO]    [PING OK] RU | 4795ms
2026-02-19 13:50:36 [INFO]    [PING OK] RU | 4776ms
2026-02-19 13:50:36 [INFO]    [PING OK] HK | 1167ms
2026-02-19 13:50:36 [INFO]    [PING OK] AT | 239ms
2026-02-19 13:50:37 [INFO]    [PING OK] KH | 634ms
2026-02-19 13:50:37 [INFO]    [PING OK] HU | 313ms
2026-02-19 13:50:37 [INFO]    [PING OK] US | 270ms
2026-02-19 13:50:37 [INFO]    [PING OK] GB | 695ms
2026-02-19 13:50:37 [INFO]    [PING OK] FR | 131ms
2026-02-19 13:50:37 [INFO]    [PING OK] LV | 335ms
2026-02-19 13:50:39 [INFO]    [PING OK] FI | 2779ms
2026-02-19 13:50:39 [INFO]    [PING OK] GB | 808ms
2026-02-19 13:50:39 [INFO]    [PING OK] US | 430ms
2026-02-19 13:50:39 [INFO]    [PING OK] US | 1808ms
2026-02-19 13:50:40 [INFO]    [PING OK] DE | 141ms
2026-02-19 13:50:40 [INFO]    [PING OK] US | 462ms
2026-02-19 13:50:40 [INFO]    [PING OK] IQ | 652ms
2026-02-19 13:50:40 [INFO]    [PING OK] RU | 293ms
2026-02-19 13:50:41 [INFO]    [PING OK] MX | 329ms
2026-02-19 13:50:41 [INFO]    [PING OK] US | 374ms
2026-02-19 13:50:41 [INFO]    [PING OK] GB | 4228ms
2026-02-19 13:50:41 [INFO]    [PING OK] GB | 4146ms
2026-02-19 13:50:41 [INFO]    [PING OK] US | 437ms
2026-02-19 13:50:41 [INFO]    [PING OK] MD | 140ms
2026-02-19 13:50:41 [INFO]    [PING OK] IL | 255ms
2026-02-19 13:50:41 [INFO]    [PING OK] US | 642ms
2026-02-19 13:50:42 [INFO]    [PING OK] US | 427ms
2026-02-19 13:50:42 [INFO]    [PING OK] CA | 336ms
2026-02-19 13:50:42 [INFO]    [PING OK] UZ | 434ms
2026-02-19 13:50:42 [INFO]    [PING OK] RU | 86ms
2026-02-19 13:50:42 [INFO]    [PING OK] US | 405ms
2026-02-19 13:50:42 [INFO]    [PING OK] FR | 167ms
2026-02-19 13:50:43 [INFO]    [PING OK] US | 319ms
2026-02-19 13:50:43 [INFO]    [PING OK] GB | 153ms
2026-02-19 13:50:43 [INFO]    [PING OK] JP | 838ms
2026-02-19 13:50:44 [INFO]    [PING OK] DE | 127ms
2026-02-19 13:50:44 [INFO]    [PING OK] FR | 1186ms
2026-02-19 13:50:44 [INFO]    [PING OK] GR | 210ms
2026-02-19 13:50:44 [INFO]    [PING OK] US | 534ms
2026-02-19 13:50:45 [INFO]    [PING OK] US | 387ms
2026-02-19 13:50:45 [INFO]    [PING OK] TR | 296ms
2026-02-19 13:50:45 [INFO]    [PING OK] HK | 1712ms
2026-02-19 13:50:45 [INFO]    [PING OK] GB | 150ms
2026-02-19 13:50:45 [INFO]    [PING OK] PL | 134ms
2026-02-19 13:50:45 [INFO]    [PING OK] NL | 457ms
2026-02-19 13:50:59 [INFO]    [PING OK] DE | 132ms
2026-02-19 13:50:59 [INFO]    [PING OK] GB | 649ms
2026-02-19 13:51:00 [INFO]    [PING OK] DE | 160ms
2026-02-19 13:51:02 [INFO]    [PING OK] DE | 118ms
2026-02-19 13:51:03 [INFO]    [PING OK] GB | 418ms
2026-02-19 13:51:03 [INFO]    [PING OK] GB | 3014ms
2026-02-19 13:51:03 [INFO]    [PING OK] DE | 520ms
2026-02-19 13:51:04 [INFO]    [PING OK] DE | 133ms
2026-02-19 13:51:07 [INFO]    [PING OK] GB | 170ms
2026-02-19 13:51:08 [INFO]    [PING OK] FR | 143ms
2026-02-19 13:51:08 [INFO]    [PING OK] SG | 2375ms
2026-02-19 13:51:09 [INFO]    [PING OK] JP | 592ms
2026-02-19 13:51:14 [INFO]    [PING OK] DE | 122ms
2026-02-19 13:51:14 [INFO]    [PING OK] FR | 167ms
2026-02-19 13:51:16 [INFO]    [PING OK] DE | 108ms
2026-02-19 13:51:17 [INFO]    [PING OK] US | 272ms
2026-02-19 13:51:18 [INFO]    [PING OK] BR | 525ms
2026-02-19 13:51:19 [INFO]    [PING OK] SG | 3182ms
2026-02-19 13:51:21 [INFO]    [PING OK] SG | 480ms
2026-02-19 13:51:22 [INFO]    [PING OK] GB | 163ms
2026-02-19 13:51:24 [INFO]    [PING OK] JP | 1653ms
2026-02-19 13:51:25 [INFO]    [PING OK] GB | 179ms
2026-02-19 13:51:26 [INFO]    [PING OK] DE | 1585ms
2026-02-19 13:51:26 [INFO]    [PING OK] GB | 307ms
2026-02-19 13:51:26 [INFO]    [PING OK] SG | 674ms
2026-02-19 13:51:27 [INFO]    [PING OK] GB | 122ms
2026-02-19 13:51:28 [INFO]    [PING OK] RU | 182ms
2026-02-19 13:51:28 [INFO]    [PING OK] RU | 1069ms
2026-02-19 13:51:29 [INFO]    [PING OK] GB | 161ms
2026-02-19 13:51:30 [INFO]    [PING OK] SE | 135ms
2026-02-19 13:51:30 [INFO]    [PING OK] GB | 139ms
2026-02-19 13:51:30 [INFO]    [PING OK] TR | 2721ms
2026-02-19 13:51:31 [INFO]    [PING OK] RU | 137ms
2026-02-19 13:51:31 [INFO]    [PING OK] GB | 137ms
2026-02-19 13:51:33 [INFO]    [PING OK] GB | 144ms
2026-02-19 13:51:34 [INFO]    [PING OK] GB | 2905ms
2026-02-19 13:51:34 [INFO]    [PING OK] DE | 310ms
2026-02-19 13:51:35 [INFO]    [PING OK] RU | 1074ms
2026-02-19 13:51:37 [INFO]    [PING OK] NO | 528ms
2026-02-19 13:51:37 [INFO]    [PING OK] RU | 175ms
2026-02-19 13:51:39 [INFO]    [PING OK] GB | 452ms
2026-02-19 13:51:39 [INFO]    [PING OK] GB | 189ms
2026-02-19 13:51:40 [INFO]    [PING OK] GB | 158ms
2026-02-19 13:51:40 [INFO]    [PING OK] DE | 994ms
2026-02-19 13:51:42 [INFO]    [PING OK] RU | 151ms
2026-02-19 13:51:44 [INFO]    [PING OK] FI | 276ms
2026-02-19 13:51:45 [INFO]    [PING OK] GB | 127ms
2026-02-19 13:51:46 [INFO]    [PING OK] RU | 4525ms
2026-02-19 13:51:46 [INFO]    [PING OK] RU | 1592ms
2026-02-19 13:51:47 [INFO]    [PING OK] RU | 1011ms
2026-02-19 13:51:48 [INFO]    [PING OK] NL | 306ms
2026-02-19 13:51:53 [INFO] 🏎️ ЭТАП 2: Глубокий замер скорости для ТОП-10 серверов...
2026-02-19 13:51:56 [INFO]    🏆 DE | Пинг: 108ms | Скорость: 8.05 Mbps ⚡⚡
2026-02-19 13:51:56 [INFO]    🏆 DE | Пинг: 118ms | Скорость: 7.93 Mbps ⚡⚡
2026-02-19 13:51:56 [INFO]    🏆 DE | Пинг: 122ms | Скорость: 7.69 Mbps ⚡⚡
2026-02-19 13:51:56 [INFO]    🏆 GB | Пинг: 122ms | Скорость: 7.79 Mbps ⚡⚡
2026-02-19 13:51:56 [INFO]    🏆 DE | Пинг: 127ms | Скорость: 7.87 Mbps ⚡⚡
2026-02-19 13:51:56 [INFO]    🏆 GB | Пинг: 127ms | Скорость: 7.95 Mbps ⚡⚡
2026-02-19 13:51:56 [INFO]    🏆 FR | Пинг: 131ms | Скорость: 8.1 Mbps ⚡⚡
2026-02-19 13:51:56 [INFO]    🏆 DE | Пинг: 132ms | Скорость: 8.2 Mbps ⚡⚡
2026-02-19 13:51:56 [INFO]    🏆 DE | Пинг: 133ms | Скорость: 8.43 Mbps ⚡⚡
2026-02-19 13:51:56 [INFO]    🏆 RU | Пинг: 84ms | Скорость: 8.26 Mbps ⚡⚡
2026-02-19 13:51:56 [INFO] 🇷🇺 Добавлен RU сервер: 87.242.103.184
2026-02-19 13:51:56 [INFO] 📊 Итого в подписке сохранено: 10 серверов
2026-02-19 13:51:56 [INFO] 💾 Файл успешно сохранен: FL1PVPN
