2026-02-17 02:40:05 [INFO] 🚀 START: Smart VLESS Selector (Target: 10, Strict Mode)
2026-02-17 02:40:05 [INFO] 🌐 Загрузка источников...
2026-02-17 02:40:08 [INFO] 🔍 Уникальных конфигов собрано: 676
2026-02-17 02:40:08 [INFO] ⚡ ЭТАП 1: Быстрый замер Пинга (Workers: 25)...
2026-02-17 02:40:09 [INFO]    [PING OK] DE | 314ms
2026-02-17 02:40:09 [INFO]    [PING OK] NL | 265ms
2026-02-17 02:40:10 [INFO]    [PING OK] FR | 236ms
2026-02-17 02:40:11 [INFO]    [PING OK] DE | 1970ms
2026-02-17 02:40:11 [INFO]    [PING OK] RU | 150ms
2026-02-17 02:40:11 [INFO]    [PING OK] DE | 144ms
2026-02-17 02:40:16 [INFO]    [PING OK] DE | 472ms
2026-02-17 02:40:16 [INFO]    [PING OK] DE | 570ms
2026-02-17 02:40:17 [INFO]    [PING OK] DE | 151ms
2026-02-17 02:40:17 [INFO]    [PING OK] DE | 199ms
2026-02-17 02:40:18 [INFO]    [PING OK] DE | 154ms
2026-02-17 02:40:19 [INFO]    [PING OK] RU | 72ms
2026-02-17 02:40:19 [INFO]    [PING OK] RU | 253ms
2026-02-17 02:40:19 [INFO]    [PING OK] RU | 326ms
2026-02-17 02:40:20 [INFO]    [PING OK] RU | 238ms
2026-02-17 02:40:20 [INFO]    [PING OK] RU | 89ms
2026-02-17 02:40:20 [INFO]    [PING OK] RU | 181ms
2026-02-17 02:40:20 [INFO]    [PING OK] RU | 85ms
2026-02-17 02:40:20 [INFO]    [PING OK] RU | 145ms
2026-02-17 02:40:20 [INFO]    [PING OK] RU | 304ms
2026-02-17 02:40:20 [INFO]    [PING OK] FI | 126ms
2026-02-17 02:40:21 [INFO]    [PING OK] RU | 80ms
2026-02-17 02:40:21 [INFO]    [PING OK] RU | 300ms
2026-02-17 02:40:21 [INFO]    [PING OK] DE | 152ms
2026-02-17 02:40:21 [INFO]    [PING OK] RU | 141ms
2026-02-17 02:40:21 [INFO]    [PING OK] PL | 167ms
2026-02-17 02:40:21 [INFO]    [PING OK] RU | 164ms
2026-02-17 02:40:21 [INFO]    [PING OK] RU | 86ms
2026-02-17 02:40:22 [INFO]    [PING OK] DE | 237ms
2026-02-17 02:40:22 [INFO]    [PING OK] RU | 209ms
2026-02-17 02:40:22 [INFO]    [PING OK] RU | 94ms
2026-02-17 02:40:22 [INFO]    [PING OK] NL | 1192ms
2026-02-17 02:40:22 [INFO]    [PING OK] RU | 184ms
2026-02-17 02:40:22 [INFO]    [PING OK] DE | 161ms
2026-02-17 02:40:22 [INFO]    [PING OK] RU | 197ms
2026-02-17 02:40:22 [INFO]    [PING OK] NL | 169ms
2026-02-17 02:40:22 [INFO]    [PING OK] RU | 1310ms
2026-02-17 02:40:22 [INFO]    [PING OK] RU | 213ms
2026-02-17 02:40:22 [INFO]    [PING OK] RU | 293ms
2026-02-17 02:40:23 [INFO]    [PING OK] DE | 251ms
2026-02-17 02:40:23 [INFO]    [PING OK] PL | 193ms
2026-02-17 02:40:23 [INFO]    [PING OK] RU | 60ms
2026-02-17 02:40:23 [INFO]    [PING OK] RU | 353ms
2026-02-17 02:40:23 [INFO]    [PING OK] RU | 230ms
2026-02-17 02:40:23 [INFO]    [PING OK] US | 194ms
2026-02-17 02:40:23 [INFO]    [PING OK] RU | 82ms
2026-02-17 02:40:23 [INFO]    [PING OK] RU | 179ms
2026-02-17 02:40:23 [INFO]    [PING OK] EE | 425ms
2026-02-17 02:40:23 [INFO]    [PING OK] RU | 196ms
2026-02-17 02:40:23 [INFO]    [PING OK] RU | 351ms
2026-02-17 02:40:23 [INFO]    [PING OK] PL | 168ms
2026-02-17 02:40:23 [INFO]    [PING OK] RU | 57ms
2026-02-17 02:40:24 [INFO]    [PING OK] RU | 223ms
2026-02-17 02:40:24 [INFO]    [PING OK] RU | 223ms
2026-02-17 02:40:24 [INFO]    [PING OK] RU | 297ms
2026-02-17 02:40:24 [INFO]    [PING OK] RU | 77ms
2026-02-17 02:40:24 [INFO]    [PING OK] RU | 74ms
2026-02-17 02:40:24 [INFO]    [PING OK] RU | 95ms
2026-02-17 02:40:24 [INFO]    [PING OK] RU | 77ms
2026-02-17 02:40:24 [INFO]    [PING OK] RU | 324ms
2026-02-17 02:40:24 [INFO]    [PING OK] RU | 251ms
2026-02-17 02:40:24 [INFO]    [PING OK] RU | 190ms
2026-02-17 02:40:24 [INFO]    [PING OK] RU | 256ms
2026-02-17 02:40:25 [INFO]    [PING OK] RU | 235ms
2026-02-17 02:40:25 [INFO]    [PING OK] RU | 210ms
2026-02-17 02:40:25 [INFO]    [PING OK] RU | 262ms
2026-02-17 02:40:25 [INFO]    [PING OK] RU | 121ms
2026-02-17 02:40:25 [INFO]    [PING OK] RU | 251ms
2026-02-17 02:40:25 [INFO]    [PING OK] RU | 281ms
2026-02-17 02:40:25 [INFO]    [PING OK] RU | 148ms
2026-02-17 02:40:25 [INFO]    [PING OK] RU | 88ms
2026-02-17 02:40:25 [INFO]    [PING OK] HU | 351ms
2026-02-17 02:40:25 [INFO]    [PING OK] RU | 197ms
2026-02-17 02:40:25 [INFO]    [PING OK] RU | 276ms
2026-02-17 02:40:25 [INFO]    [PING OK] RU | 314ms
2026-02-17 02:40:25 [INFO]    [PING OK] RU | 147ms
2026-02-17 02:40:25 [INFO]    [PING OK] RU | 65ms
2026-02-17 02:40:25 [INFO]    [PING OK] RU | 74ms
2026-02-17 02:40:25 [INFO]    [PING OK] RU | 4250ms
2026-02-17 02:40:26 [INFO]    [PING OK] RU | 4002ms
2026-02-17 02:40:26 [INFO]    [PING OK] RU | 52ms
2026-02-17 02:40:26 [INFO]    [PING OK] HU | 377ms
2026-02-17 02:40:26 [INFO]    [PING OK] GB | 295ms
2026-02-17 02:40:26 [INFO]    [PING OK] RU | 723ms
2026-02-17 02:40:26 [INFO]    [PING OK] RU | 339ms
2026-02-17 02:40:26 [INFO]    [PING OK] RU | 326ms
2026-02-17 02:40:26 [INFO]    [PING OK] HU | 335ms
2026-02-17 02:40:26 [INFO]    [PING OK] RU | 428ms
2026-02-17 02:40:26 [INFO]    [PING OK] RU | 77ms
2026-02-17 02:40:26 [INFO]    [PING OK] RU | 323ms
2026-02-17 02:40:26 [INFO]    [PING OK] RU | 110ms
2026-02-17 02:40:27 [INFO]    [PING OK] RU | 103ms
2026-02-17 02:40:27 [INFO]    [PING OK] RU | 164ms
2026-02-17 02:40:27 [INFO]    [PING OK] RU | 306ms
2026-02-17 02:40:27 [INFO]    [PING OK] RU | 200ms
2026-02-17 02:40:27 [INFO]    [PING OK] RU | 210ms
2026-02-17 02:40:27 [INFO]    [PING OK] RU | 699ms
2026-02-17 02:40:27 [INFO]    [PING OK] RU | 518ms
2026-02-17 02:40:27 [INFO]    [PING OK] RU | 266ms
2026-02-17 02:40:27 [INFO]    [PING OK] RU | 260ms
2026-02-17 02:40:27 [INFO]    [PING OK] RU | 269ms
2026-02-17 02:40:27 [INFO]    [PING OK] RU | 245ms
2026-02-17 02:40:27 [INFO]    [PING OK] RU | 231ms
2026-02-17 02:40:27 [INFO]    [PING OK] RU | 244ms
2026-02-17 02:40:27 [INFO]    [PING OK] RU | 65ms
2026-02-17 02:40:27 [INFO]    [PING OK] RU | 1293ms
2026-02-17 02:40:27 [INFO]    [PING OK] RU | 268ms
2026-02-17 02:40:28 [INFO]    [PING OK] RU | 1921ms
2026-02-17 02:40:28 [INFO]    [PING OK] RU | 465ms
2026-02-17 02:40:28 [INFO]    [PING OK] RU | 3762ms
2026-02-17 02:40:28 [INFO]    [PING OK] RU | 226ms
2026-02-17 02:40:28 [INFO]    [PING OK] RU | 1229ms
2026-02-17 02:40:28 [INFO]    [PING OK] RU | 243ms
2026-02-17 02:40:28 [INFO]    [PING OK] RU | 361ms
2026-02-17 02:40:28 [INFO]    [PING OK] RU | 275ms
2026-02-17 02:40:28 [INFO]    [PING OK] RU | 317ms
2026-02-17 02:40:28 [INFO]    [PING OK] RU | 339ms
2026-02-17 02:40:28 [INFO]    [PING OK] RU | 41ms
2026-02-17 02:40:28 [INFO]    [PING OK] RU | 364ms
2026-02-17 02:40:28 [INFO]    [PING OK] RU | 363ms
2026-02-17 02:40:29 [INFO]    [PING OK] RU | 285ms
2026-02-17 02:40:29 [INFO]    [PING OK] RU | 552ms
2026-02-17 02:40:30 [INFO]    [PING OK] RU | 230ms
2026-02-17 02:40:30 [INFO]    [PING OK] RU | 2892ms
2026-02-17 02:40:31 [INFO]    [PING OK] US | 578ms
2026-02-17 02:40:31 [INFO]    [PING OK] FI | 227ms
2026-02-17 02:40:32 [INFO]    [PING OK] GB | 4740ms
2026-02-17 02:40:32 [INFO]    [PING OK] GB | 3516ms
2026-02-17 02:40:32 [INFO]    [PING OK] US | 264ms
2026-02-17 02:40:32 [INFO]    [PING OK] CY | 176ms
2026-02-17 02:40:34 [INFO]    [PING OK] RU | 176ms
2026-02-17 02:40:34 [INFO]    [PING OK] PL | 978ms
2026-02-17 02:40:34 [INFO]    [PING OK] RU | 234ms
2026-02-17 02:40:34 [INFO]    [PING OK] PL | 128ms
2026-02-17 02:40:39 [INFO]    [PING OK] US | 2413ms
2026-02-17 02:40:39 [INFO]    [PING OK] NL | 168ms
2026-02-17 02:40:43 [INFO]    [PING OK] NL | 157ms
2026-02-17 02:40:45 [INFO]    [PING OK] DE | 181ms
2026-02-17 02:40:46 [INFO]    [PING OK] AT | 205ms
2026-02-17 02:40:47 [INFO]    [PING OK] RU | 142ms
2026-02-17 02:40:49 [INFO]    [PING OK] NL | 179ms
2026-02-17 02:40:50 [INFO]    [PING OK] RU | 133ms
2026-02-17 02:40:50 [INFO]    [PING OK] DE | 154ms
2026-02-17 02:40:54 [INFO]    [PING OK] US | 541ms
2026-02-17 02:40:55 [INFO]    [PING OK] LT | 146ms
2026-02-17 02:40:55 [INFO]    [PING OK] PL | 289ms
2026-02-17 02:40:55 [INFO]    [PING OK] FR | 153ms
2026-02-17 02:40:56 [INFO]    [PING OK] DE | 163ms
2026-02-17 02:40:57 [INFO]    [PING OK] FR | 200ms
2026-02-17 02:40:57 [INFO]    [PING OK] PL | 87ms
2026-02-17 02:40:58 [INFO]    [PING OK] FR | 826ms
2026-02-17 02:40:58 [INFO]    [PING OK] DE | 195ms
2026-02-17 02:40:58 [INFO]    [PING OK] NL | 347ms
2026-02-17 02:40:59 [INFO]    [PING OK] BG | 242ms
2026-02-17 02:40:59 [INFO]    [PING OK] LT | 161ms
2026-02-17 02:41:06 [INFO]    [PING OK] GR | 108ms
2026-02-17 02:41:08 [INFO]    [PING OK] DE | 476ms
2026-02-17 02:41:09 [INFO]    [PING OK] FI | 215ms
2026-02-17 02:41:14 [INFO]    [PING OK] TR | 251ms
2026-02-17 02:41:14 [INFO]    [PING OK] FR | 1296ms
2026-02-17 02:41:16 [INFO]    [PING OK] EE | 269ms
2026-02-17 02:41:16 [INFO]    [PING OK] LT | 143ms
2026-02-17 02:41:22 [INFO]    [PING OK] SE | 194ms
2026-02-17 02:41:24 [INFO]    [PING OK] US | 472ms
2026-02-17 02:41:24 [INFO]    [PING OK] FR | 193ms
2026-02-17 02:41:26 [INFO]    [PING OK] PL | 414ms
2026-02-17 02:41:26 [INFO]    [PING OK] NL | 179ms
2026-02-17 02:41:29 [INFO]    [PING OK] RU | 165ms
2026-02-17 02:41:29 [INFO]    [PING OK] PL | 321ms
2026-02-17 02:41:30 [INFO]    [PING OK] MD | 218ms
2026-02-17 02:41:31 [INFO]    [PING OK] LV | 174ms
2026-02-17 02:41:31 [INFO]    [PING OK] LV | 358ms
2026-02-17 02:41:36 [INFO] 🏎️ ЭТАП 2: Глубокий замер скорости для ТОП-10 серверов...
2026-02-17 02:41:40 [INFO]    🏆 PL | Пинг: 87ms | Скорость: 9.19 Mbps ⚡⚡
2026-02-17 02:41:40 [INFO]    🏆 GR | Пинг: 108ms | Скорость: 9.27 Mbps ⚡⚡
2026-02-17 02:41:40 [INFO]    🏆 FI | Пинг: 126ms | Скорость: 5.86 Mbps ⚡⚡
2026-02-17 02:41:40 [INFO]    🏆 PL | Пинг: 128ms | Скорость: 9.29 Mbps ⚡⚡
2026-02-17 02:41:40 [INFO]    🏆 LT | Пинг: 143ms | Скорость: 9.35 Mbps ⚡⚡
2026-02-17 02:41:40 [INFO]    🏆 DE | Пинг: 144ms | Скорость: 9.38 Mbps ⚡⚡
2026-02-17 02:41:40 [INFO]    🏆 LT | Пинг: 146ms | Скорость: 9.75 Mbps ⚡⚡
2026-02-17 02:41:40 [INFO]    🏆 DE | Пинг: 151ms | Скорость: 9.8 Mbps ⚡⚡
2026-02-17 02:41:40 [INFO]    🏆 DE | Пинг: 152ms | Скорость: 7.93 Mbps ⚡⚡
2026-02-17 02:41:40 [INFO]    🏆 RU | Пинг: 41ms | Скорость: 10.21 Mbps ⚡⚡
2026-02-17 02:41:40 [INFO] 🇷🇺 Добавлен RU сервер: 85.192.32.30
2026-02-17 02:41:40 [INFO] 📊 Итого в подписке сохранено: 10 серверов
2026-02-17 02:41:40 [INFO] 💾 Файл успешно сохранен: FL1PVPN
