2026-02-23 10:30:05 [INFO] 🚀 START: Smart Selector (Target: 10, ONLY FOREIGN)
2026-02-23 10:30:05 [INFO] 🌐 Загрузка источников (VLESS + VMess)...
2026-02-23 10:30:21 [INFO] 🔍 Уникальных конфигов собрано: 215
2026-02-23 10:30:21 [INFO] ⚡ ЭТАП 1: Замер Пинга и Геолокации. Workers: 40...
2026-02-23 10:30:27 [INFO]    [PING OK] NL | VLESS | 4223ms
2026-02-23 10:30:27 [INFO]    [PING OK] TR | VLESS | 2885ms
2026-02-23 10:30:27 [INFO]    [PING OK] DE | VLESS | 4078ms
2026-02-23 10:30:27 [INFO]    [PING OK] ES | VLESS | 2422ms
2026-02-23 10:30:28 [INFO]    [PING OK] HU | VLESS | 2585ms
2026-02-23 10:30:28 [INFO]    [PING OK] DE | VLESS | 5868ms
2026-02-23 10:30:28 [INFO]    [PING OK] IT | VLESS | 2019ms
2026-02-23 10:30:30 [INFO]    [PING OK] PL | VLESS | 2937ms
2026-02-23 10:30:30 [INFO]    [PING OK] ES | VLESS | 2934ms
2026-02-23 10:30:30 [INFO]    [PING OK] HU | VLESS | 3043ms
2026-02-23 10:30:30 [INFO]    [PING OK] HU | VLESS | 3333ms
2026-02-23 10:30:31 [INFO]    [PING OK] TR | VLESS | 3422ms
2026-02-23 10:30:31 [INFO]    [PING OK] DE | VLESS | 3582ms
2026-02-23 10:30:31 [INFO]    [PING OK] DE | VLESS | 4235ms
2026-02-23 10:30:31 [INFO]    [PING OK] IT | VLESS | 3642ms
2026-02-23 10:30:31 [INFO]    [PING OK] HU | VLESS | 3706ms
2026-02-23 10:30:32 [INFO]    [PING OK] ES | VLESS | 3806ms
2026-02-23 10:30:33 [INFO]    [PING OK] ES | VLESS | 4502ms
2026-02-23 10:30:33 [INFO]    [PING OK] PL | VLESS | 4162ms
2026-02-23 10:30:33 [INFO]    [PING OK] EE | VLESS | 4396ms
2026-02-23 10:30:33 [INFO]    [PING OK] PL | VLESS | 4388ms
2026-02-23 10:30:34 [INFO]    [PING OK] PL | VLESS | 4836ms
2026-02-23 10:30:34 [INFO]    [PING OK] DE | VLESS | 4211ms
2026-02-23 10:30:35 [INFO]    [PING OK] HU | VLESS | 4089ms
2026-02-23 10:30:36 [INFO]    [PING OK] ES | VLESS | 4425ms
2026-02-23 10:30:36 [INFO]    [PING OK] ES | VLESS | 4537ms
2026-02-23 10:30:36 [INFO]    [PING OK] PL | VLESS | 4261ms
2026-02-23 10:30:36 [INFO]    [PING OK] TR | VLESS | 4350ms
2026-02-23 10:30:36 [INFO]    [PING OK] DE | VLESS | 4562ms
2026-02-23 10:30:36 [INFO]    [PING OK] TR | VLESS | 4450ms
2026-02-23 10:30:37 [INFO]    [PING OK] ES | VLESS | 5208ms
2026-02-23 10:30:38 [INFO]    [PING OK] CA | VLESS | 5573ms
2026-02-23 10:30:38 [INFO]    [PING OK] CA | VLESS | 5648ms
2026-02-23 10:30:40 [INFO]    [PING OK] US | VLESS | 5091ms
2026-02-23 10:30:40 [INFO]    [PING OK] SE | VLESS | 5302ms
2026-02-23 10:30:40 [INFO]    [PING OK] CA | VLESS | 5739ms
2026-02-23 10:30:40 [INFO]    [PING OK] CA | VLESS | 6083ms
2026-02-23 10:30:40 [INFO]    [PING OK] CA | VLESS | 5990ms
2026-02-23 10:30:41 [INFO]    [PING OK] SE | VLESS | 5923ms
2026-02-23 10:30:41 [INFO]    [PING OK] CA | VLESS | 6064ms
2026-02-23 10:30:42 [INFO]    [PING OK] CA | VLESS | 5951ms
2026-02-23 10:30:42 [INFO]    [PING OK] SE | VLESS | 6201ms
2026-02-23 10:30:42 [INFO]    [PING OK] SE | VLESS | 5834ms
2026-02-23 10:30:42 [INFO]    [PING OK] CA | VLESS | 5782ms
2026-02-23 10:30:42 [INFO]    [PING OK] SE | VLESS | 5037ms
2026-02-23 10:30:42 [INFO]    [PING OK] NL | VLESS | 4913ms
2026-02-23 10:30:42 [INFO]    [PING OK] DE | VLESS | 6066ms
2026-02-23 10:30:42 [INFO]    [PING OK] CA | VLESS | 5625ms
2026-02-23 10:30:43 [INFO]    [PING OK] NL | VLESS | 2277ms
2026-02-23 10:30:43 [INFO]    [PING OK] CA | VLESS | 3921ms
2026-02-23 10:30:43 [INFO]    [PING OK] CA | VLESS | 4431ms
2026-02-23 10:30:43 [INFO]    [PING OK] CA | VLESS | 4073ms
2026-02-23 10:30:43 [INFO]    [PING OK] CA | VLESS | 4143ms
2026-02-23 10:30:44 [INFO]    [PING OK] CA | VLESS | 3199ms
2026-02-23 10:30:47 [INFO]    [PING OK] SG | VLESS | 5504ms
2026-02-23 10:30:47 [INFO] 🏎️ ЭТАП 2: Глубокий замер скорости для 40 иностранных кандидатов...
2026-02-23 10:30:50 [INFO]    🏆 NL | VLESS | Пинг: 2277ms | Скорость: 9.1 Mbps ⚡⚡
2026-02-23 10:30:51 [INFO]    🏆 DE | VLESS | Пинг: 3582ms | Скорость: 7.75 Mbps ⚡⚡
2026-02-23 10:30:51 [INFO]    🏆 ES | VLESS | Пинг: 2422ms | Скорость: 6.95 Mbps ⚡⚡
2026-02-23 10:30:51 [INFO]    🏆 PL | VLESS | Пинг: 2937ms | Скорость: 7.08 Mbps ⚡⚡
2026-02-23 10:30:51 [INFO]    🏆 HU | VLESS | Пинг: 3333ms | Скорость: 7.18 Mbps ⚡⚡
2026-02-23 10:30:51 [INFO]    🏆 HU | VLESS | Пинг: 3043ms | Скорость: 6.65 Mbps ⚡⚡
2026-02-23 10:30:51 [INFO]    🏆 HU | VLESS | Пинг: 3706ms | Скорость: 6.97 Mbps ⚡⚡
2026-02-23 10:30:51 [INFO]    🏆 TR | VLESS | Пинг: 3422ms | Скорость: 6.53 Mbps ⚡⚡
2026-02-23 10:30:52 [INFO]    🏆 ES | VLESS | Пинг: 3806ms | Скорость: 6.37 Mbps ⚡⚡
2026-02-23 10:30:54 [INFO]    🏆 PL | VLESS | Пинг: 4261ms | Скорость: 17.88 Mbps ⚡⚡
2026-02-23 10:30:54 [INFO]    🏆 PL | VLESS | Пинг: 4162ms | Скорость: 11.12 Mbps ⚡⚡
2026-02-23 10:30:54 [INFO]    🏆 HU | VLESS | Пинг: 2585ms | Скорость: 0.88 Mbps 
2026-02-23 10:30:54 [INFO]    🏆 IT | VLESS | Пинг: 2019ms | Скорость: 0.98 Mbps 
2026-02-23 10:30:54 [INFO]    🏆 ES | VLESS | Пинг: 2934ms | Скорость: 2.22 Mbps ⚡
2026-02-23 10:30:55 [INFO]    🏆 IT | VLESS | Пинг: 3642ms | Скорость: 0.86 Mbps 
2026-02-23 10:30:55 [INFO]    🏆 TR | VLESS | Пинг: 4350ms | Скорость: 13.34 Mbps ⚡⚡
2026-02-23 10:30:55 [INFO]    🏆 DE | VLESS | Пинг: 4078ms | Скорость: 6.02 Mbps ⚡⚡
2026-02-23 10:30:57 [INFO]    🏆 CA | VLESS | Пинг: 4073ms | Скорость: 4.19 Mbps ⚡⚡
2026-02-23 10:30:57 [INFO]    🏆 PL | VLESS | Пинг: 4388ms | Скорость: 9.18 Mbps ⚡⚡
2026-02-23 10:30:57 [INFO]    🏆 ES | VLESS | Пинг: 4425ms | Скорость: 9.83 Mbps ⚡⚡
2026-02-23 10:30:58 [INFO]    🏆 EE | VLESS | Пинг: 4396ms | Скорость: 6.56 Mbps ⚡⚡
2026-02-23 10:30:58 [INFO]    🏆 HU | VLESS | Пинг: 4089ms | Скорость: 0.66 Mbps 
2026-02-23 10:30:58 [INFO]    🏆 TR | VLESS | Пинг: 4450ms | Скорость: 6.65 Mbps ⚡⚡
2026-02-23 10:30:58 [INFO]    🏆 ES | VLESS | Пинг: 4502ms | Скорость: 6.54 Mbps ⚡⚡
2026-02-23 10:30:58 [INFO]    🏆 ES | VLESS | Пинг: 4537ms | Скорость: 6.69 Mbps ⚡⚡
2026-02-23 10:30:58 [INFO]    🏆 DE | VLESS | Пинг: 4562ms | Скорость: 7.15 Mbps ⚡⚡
2026-02-23 10:30:58 [INFO]    🏆 PL | VLESS | Пинг: 4836ms | Скорость: 7.48 Mbps ⚡⚡
2026-02-23 10:30:58 [INFO]    🏆 NL | VLESS | Пинг: 4913ms | Скорость: 8.19 Mbps ⚡⚡
2026-02-23 10:30:59 [INFO]    🏆 CA | VLESS | Пинг: 4431ms | Скорость: 5.58 Mbps ⚡⚡
2026-02-23 10:30:59 [INFO]    🏆 SE | VLESS | Пинг: 5302ms | Скорость: 12.12 Mbps ⚡⚡
2026-02-23 10:31:00 [INFO]    🏆 US | VLESS | Пинг: 5091ms | Скорость: 8.09 Mbps ⚡⚡
2026-02-23 10:31:04 [INFO]    🏆 ES | VLESS | Пинг: 5208ms | Скорость: 1.52 Mbps ⚡
2026-02-23 10:31:04 [INFO] 📊 Итого в подписке сохранено иностранных серверов: 10
2026-02-23 10:31:04 [INFO] 💾 Файл успешно сохранен: FL1PVPN
