2026-02-26 04:20:06 [INFO] 🚀 START: Smart Selector (Target: 10, ONLY FOREIGN)
2026-02-26 04:20:06 [INFO] 🌐 Загрузка источников (VLESS + VMess)...
2026-02-26 04:20:07 [INFO] 🔍 Уникальных конфигов собрано: 615
2026-02-26 04:20:07 [INFO] ⚡ ЭТАП 1: Замер Пинга и Геолокации. Workers: 40...
2026-02-26 04:20:13 [INFO]    [PING OK] PL | VLESS | 5036ms
2026-02-26 04:20:13 [INFO]    [PING OK] NL | VLESS | 5511ms
2026-02-26 04:20:13 [INFO]    [PING OK] DE | VLESS | 5336ms
2026-02-26 04:20:14 [INFO]    [PING OK] DE | VLESS | 5330ms
2026-02-26 04:20:14 [INFO]    [PING OK] FI | VLESS | 5000ms
2026-02-26 04:20:14 [INFO]    [PING OK] ES | VLESS | 5150ms
2026-02-26 04:20:14 [INFO]    [PING OK] JP | VLESS | 5654ms
2026-02-26 04:20:14 [INFO]    [PING OK] NL | VLESS | 4863ms
2026-02-26 04:20:14 [INFO]    [PING OK] PL | VLESS | 4477ms
2026-02-26 04:20:15 [INFO]    [PING OK] PL | VLESS | 4678ms
2026-02-26 04:20:16 [INFO]    [PING OK] KZ | VLESS | 4189ms
2026-02-26 04:20:18 [INFO]    [PING OK] PL | VLESS | 3960ms
2026-02-26 04:20:18 [INFO]    [PING OK] PL | VLESS | 3963ms
2026-02-26 04:20:19 [INFO]    [PING OK] DE | VLESS | 4405ms
2026-02-26 04:20:19 [INFO]    [PING OK] NL | VLESS | 4144ms
2026-02-26 04:20:19 [INFO]    [PING OK] NL | VLESS | 4308ms
2026-02-26 04:20:19 [INFO]    [PING OK] NL | VLESS | 4228ms
2026-02-26 04:20:19 [INFO]    [PING OK] PL | VLESS | 3855ms
2026-02-26 04:20:19 [INFO]    [PING OK] ES | VLESS | 4231ms
2026-02-26 04:20:19 [INFO]    [PING OK] PL | VLESS | 4390ms
2026-02-26 04:20:19 [INFO]    [PING OK] PL | VLESS | 4057ms
2026-02-26 04:20:19 [INFO]    [PING OK] NL | VLESS | 3898ms
2026-02-26 04:20:20 [INFO]    [PING OK] FI | VLESS | 3960ms
2026-02-26 04:20:20 [INFO]    [PING OK] NL | VLESS | 5165ms
2026-02-26 04:20:20 [INFO]    [PING OK] ES | VLESS | 3942ms
2026-02-26 04:20:20 [INFO]    [PING OK] DE | VLESS | 4225ms
2026-02-26 04:20:20 [INFO]    [PING OK] NL | VLESS | 4069ms
2026-02-26 04:20:20 [INFO]    [PING OK] PL | VLESS | 3912ms
2026-02-26 04:20:21 [INFO]    [PING OK] NL | VLESS | 4274ms
2026-02-26 04:20:21 [INFO]    [PING OK] DE | VLESS | 6284ms
2026-02-26 04:20:22 [INFO]    [PING OK] FI | VLESS | 4271ms
2026-02-26 04:20:24 [INFO]    [PING OK] NL | VLESS | 4694ms
2026-02-26 04:20:24 [INFO]    [PING OK] TR | VLESS | 4734ms
2026-02-26 04:20:25 [INFO]    [PING OK] PL | VLESS | 4602ms
2026-02-26 04:20:25 [INFO]    [PING OK] PL | VLESS | 4766ms
2026-02-26 04:20:25 [INFO]    [PING OK] LT | VLESS | 5374ms
2026-02-26 04:20:26 [INFO]    [PING OK] NL | VLESS | 4076ms
2026-02-26 04:20:26 [INFO]    [PING OK] PL | VLESS | 4398ms
2026-02-26 04:20:26 [INFO]    [PING OK] PL | VLESS | 4597ms
2026-02-26 04:20:26 [INFO]    [PING OK] DE | VLESS | 5469ms
2026-02-26 04:20:26 [INFO]    [PING OK] PL | VLESS | 4141ms
2026-02-26 04:20:26 [INFO]    [PING OK] HU | VLESS | 4323ms
2026-02-26 04:20:29 [INFO]    [PING OK] DE | VLESS | 4431ms
2026-02-26 04:20:29 [INFO]    [PING OK] PL | VLESS | 4678ms
2026-02-26 04:20:29 [INFO]    [PING OK] NL | VLESS | 4661ms
2026-02-26 04:20:30 [INFO]    [PING OK] PL | VLESS | 4545ms
2026-02-26 04:20:30 [INFO]    [PING OK] TR | VLESS | 4265ms
2026-02-26 04:20:30 [INFO]    [PING OK] FI | VLESS | 4488ms
2026-02-26 04:20:30 [INFO]    [PING OK] TR | VLESS | 4312ms
2026-02-26 04:20:30 [INFO]    [PING OK] DE | VLESS | 4386ms
2026-02-26 04:20:30 [INFO]    [PING OK] NL | VLESS | 3985ms
2026-02-26 04:20:30 [INFO]    [PING OK] US | VLESS | 4494ms
2026-02-26 04:20:30 [INFO]    [PING OK] FI | VLESS | 3959ms
2026-02-26 04:20:30 [INFO]    [PING OK] US | VLESS | 3934ms
2026-02-26 04:20:31 [INFO]    [PING OK] FI | VLESS | 4019ms
2026-02-26 04:20:31 [INFO]    [PING OK] NL | VLESS | 3742ms
2026-02-26 04:20:31 [INFO]    [PING OK] DE | VLESS | 3763ms
2026-02-26 04:20:31 [INFO]    [PING OK] NL | VLESS | 3763ms
2026-02-26 04:20:32 [INFO]    [PING OK] KZ | VLESS | 6194ms
2026-02-26 04:20:32 [INFO]    [PING OK] US | VLESS | 4366ms
2026-02-26 04:20:35 [INFO]    [PING OK] DE | VLESS | 4663ms
2026-02-26 04:20:35 [INFO]    [PING OK] HU | VLESS | 4813ms
2026-02-26 04:20:35 [INFO]    [PING OK] PL | VLESS | 4702ms
2026-02-26 04:20:35 [INFO]    [PING OK] PL | VLESS | 4650ms
2026-02-26 04:20:36 [INFO]    [PING OK] NO | VLESS | 4798ms
2026-02-26 04:20:36 [INFO]    [PING OK] DE | VLESS | 4681ms
2026-02-26 04:20:36 [INFO]    [PING OK] CH | VLESS | 5292ms
2026-02-26 04:20:36 [INFO]    [PING OK] DE | VLESS | 4712ms
2026-02-26 04:20:36 [INFO]    [PING OK] JP | VLESS | 5175ms
2026-02-26 04:20:36 [INFO]    [PING OK] TR | VLESS | 4894ms
2026-02-26 04:20:36 [INFO]    [PING OK] FR | VLESS | 5354ms
2026-02-26 04:20:37 [INFO]    [PING OK] TR | VLESS | 4969ms
2026-02-26 04:20:37 [INFO]    [PING OK] ES | VLESS | 4945ms
2026-02-26 04:20:37 [INFO]    [PING OK] DE | VLESS | 6272ms
2026-02-26 04:20:37 [INFO]    [PING OK] PL | VLESS | 5193ms
2026-02-26 04:20:37 [INFO]    [PING OK] DE | VLESS | 5205ms
2026-02-26 04:20:38 [INFO]    [PING OK] NL | VLESS | 5505ms
2026-02-26 04:20:38 [INFO]    [PING OK] NL | VLESS | 5811ms
2026-02-26 04:20:38 [INFO]    [PING OK] PL | VLESS | 5477ms
2026-02-26 04:20:38 [INFO]    [PING OK] IT | VLESS | 5166ms
2026-02-26 04:20:38 [INFO]    [PING OK] PL | VLESS | 5187ms
2026-02-26 04:20:39 [INFO]    [PING OK] FI | VLESS | 5480ms
2026-02-26 04:20:39 [INFO]    [PING OK] SE | VLESS | 5072ms
2026-02-26 04:20:40 [INFO]    [PING OK] HU | VLESS | 4673ms
2026-02-26 04:20:41 [INFO]    [PING OK] JP | VLESS | 5380ms
2026-02-26 04:20:41 [INFO]    [PING OK] HU | VLESS | 4922ms
2026-02-26 04:20:41 [INFO]    [PING OK] NL | VLESS | 4501ms
2026-02-26 04:20:41 [INFO]    [PING OK] US | VLESS | 4855ms
2026-02-26 04:20:41 [INFO]    [PING OK] FI | VLESS | 4368ms
2026-02-26 04:20:41 [INFO]    [PING OK] US | VLESS | 4484ms
2026-02-26 04:20:41 [INFO]    [PING OK] ES | VLESS | 4405ms
2026-02-26 04:20:42 [INFO]    [PING OK] AE | VLESS | 4223ms
2026-02-26 04:20:42 [INFO]    [PING OK] TR | VLESS | 4032ms
2026-02-26 04:20:42 [INFO]    [PING OK] PL | VLESS | 3576ms
2026-02-26 04:20:42 [INFO]    [PING OK] NL | VLESS | 3930ms
2026-02-26 04:20:42 [INFO]    [PING OK] PL | VLESS | 3725ms
2026-02-26 04:20:42 [INFO]    [PING OK] NL | VLESS | 3928ms
2026-02-26 04:20:43 [INFO]    [PING OK] CA | VLESS | 3987ms
2026-02-26 04:20:43 [INFO]    [PING OK] DE | VLESS | 3766ms
2026-02-26 04:20:43 [INFO]    [PING OK] DE | VLESS | 3834ms
2026-02-26 04:20:44 [INFO]    [PING OK] NL | VLESS | 3895ms
2026-02-26 04:20:44 [INFO]    [PING OK] NL | VLESS | 3914ms
2026-02-26 04:20:44 [INFO]    [PING OK] DE | VLESS | 3931ms
2026-02-26 04:20:45 [INFO]    [PING OK] US | VLESS | 3987ms
2026-02-26 04:20:45 [INFO]    [PING OK] TR | VLESS | 3820ms
2026-02-26 04:20:45 [INFO]    [PING OK] FI | VLESS | 3873ms
2026-02-26 04:20:46 [INFO]    [PING OK] NG | VLESS | 4320ms
2026-02-26 04:20:46 [INFO]    [PING OK] LV | VLESS | 4068ms
2026-02-26 04:20:46 [INFO]    [PING OK] DE | VLESS | 3638ms
2026-02-26 04:20:46 [INFO]    [PING OK] JP | VLESS | 3640ms
2026-02-26 04:20:47 [INFO]    [PING OK] PL | VLESS | 3946ms
2026-02-26 04:20:47 [INFO]    [PING OK] ES | VLESS | 3976ms
2026-02-26 04:20:47 [INFO]    [PING OK] NL | VLESS | 3744ms
2026-02-26 04:20:47 [INFO]    [PING OK] NL | VLESS | 3783ms
2026-02-26 04:20:47 [INFO]    [PING OK] PL | VLESS | 3961ms
2026-02-26 04:20:47 [INFO]    [PING OK] CH | VLESS | 3575ms
2026-02-26 04:20:48 [INFO]    [PING OK] CA | VLESS | 3884ms
2026-02-26 04:20:48 [INFO]    [PING OK] FI | VLESS | 3438ms
2026-02-26 04:20:48 [INFO]    [PING OK] PL | VLESS | 3818ms
2026-02-26 04:20:48 [INFO]    [PING OK] NL | VLESS | 3135ms
2026-02-26 04:20:48 [INFO]    [PING OK] US | VLESS | 3509ms
2026-02-26 04:20:48 [INFO]    [PING OK] DE | VLESS | 3624ms
2026-02-26 04:20:49 [INFO]    [PING OK] PL | VLESS | 6705ms
2026-02-26 04:20:49 [INFO]    [PING OK] NL | VLESS | 3658ms
2026-02-26 04:20:49 [INFO]    [PING OK] NL | VLESS | 3522ms
2026-02-26 04:20:50 [INFO]    [PING OK] LT | VLESS | 3788ms
2026-02-26 04:20:50 [INFO]    [PING OK] IN | VLESS | 4068ms
2026-02-26 04:20:51 [INFO]    [PING OK] NL | VLESS | 4262ms
2026-02-26 04:20:51 [INFO]    [PING OK] LT | VLESS | 4235ms
2026-02-26 04:20:51 [INFO]    [PING OK] HU | VLESS | 3911ms
2026-02-26 04:20:51 [INFO]    [PING OK] FR | VLESS | 3958ms
2026-02-26 04:20:51 [INFO]    [PING OK] LV | VLESS | 3907ms
2026-02-26 04:20:52 [INFO]    [PING OK] NL | VLESS | 3978ms
2026-02-26 04:20:52 [INFO]    [PING OK] US | VLESS | 3844ms
2026-02-26 04:20:52 [INFO]    [PING OK] PL | VLESS | 4241ms
2026-02-26 04:20:52 [INFO]    [PING OK] NL | VLESS | 4175ms
2026-02-26 04:20:52 [INFO]    [PING OK] US | VLESS | 3837ms
2026-02-26 04:20:53 [INFO]    [PING OK] NL | VLESS | 3937ms
2026-02-26 04:20:53 [INFO]    [PING OK] JP | VLESS | 4118ms
2026-02-26 04:20:53 [INFO]    [PING OK] IT | VLESS | 3767ms
2026-02-26 04:20:55 [INFO]    [PING OK] PL | VLESS | 3960ms
2026-02-26 04:20:55 [INFO]    [PING OK] FI | VLESS | 3953ms
2026-02-26 04:20:55 [INFO]    [PING OK] NL | VLESS | 3933ms
2026-02-26 04:20:55 [INFO]    [PING OK] NL | VLESS | 3840ms
2026-02-26 04:20:55 [INFO]    [PING OK] PL | VLESS | 3783ms
2026-02-26 04:20:55 [INFO]    [PING OK] TR | VLESS | 4068ms
2026-02-26 04:20:55 [INFO]    [PING OK] IT | VLESS | 3789ms
2026-02-26 04:20:55 [INFO]    [PING OK] FI | VLESS | 3739ms
2026-02-26 04:20:55 [INFO]    [PING OK] FR | VLESS | 3713ms
2026-02-26 04:20:55 [INFO]    [PING OK] US | VLESS | 4062ms
2026-02-26 04:20:56 [INFO]    [PING OK] EE | VLESS | 9908ms
2026-02-26 04:20:56 [INFO]    [PING OK] PL | VLESS | 4611ms
2026-02-26 04:20:56 [INFO]    [PING OK] LT | VLESS | 6778ms
2026-02-26 04:20:57 [INFO]    [PING OK] PL | VLESS | 4011ms
2026-02-26 04:20:57 [INFO]    [PING OK] SE | VLESS | 3288ms
2026-02-26 04:20:57 [INFO]    [PING OK] EE | VLESS | 3762ms
2026-02-26 04:20:57 [INFO]    [PING OK] HU | VLESS | 3150ms
2026-02-26 04:20:57 [INFO]    [PING OK] FI | VLESS | 3701ms
2026-02-26 04:20:57 [INFO]    [PING OK] DE | VLESS | 3165ms
2026-02-26 04:20:57 [INFO]    [PING OK] NL | VLESS | 4000ms
2026-02-26 04:20:57 [INFO]    [PING OK] NL | VLESS | 3837ms
2026-02-26 04:20:57 [INFO]    [PING OK] NL | VLESS | 3079ms
2026-02-26 04:20:57 [INFO]    [PING OK] NL | VLESS | 4002ms
2026-02-26 04:20:57 [INFO]    [PING OK] ES | VLESS | 4579ms
2026-02-26 04:20:57 [INFO]    [PING OK] US | VLESS | 3839ms
2026-02-26 04:20:57 [INFO]    [PING OK] NL | VLESS | 3311ms
2026-02-26 04:20:57 [INFO]    [PING OK] US | VLESS | 4534ms
2026-02-26 04:20:58 [INFO]    [PING OK] ES | VLESS | 3192ms
2026-02-26 04:21:00 [INFO]    [PING OK] CH | VLESS | 4165ms
2026-02-26 04:21:01 [INFO]    [PING OK] NL | VLESS | 4360ms
2026-02-26 04:21:01 [INFO]    [PING OK] PL | VLESS | 4386ms
2026-02-26 04:21:01 [INFO]    [PING OK] HK | VLESS | 4442ms
2026-02-26 04:21:01 [INFO]    [PING OK] IT | VLESS | 5540ms
2026-02-26 04:21:01 [INFO]    [PING OK] IT | VLESS | 4359ms
2026-02-26 04:21:01 [INFO]    [PING OK] NL | VLESS | 4393ms
2026-02-26 04:21:01 [INFO]    [PING OK] PL | VLESS | 4590ms
2026-02-26 04:21:02 [INFO]    [PING OK] NL | VLESS | 4451ms
2026-02-26 04:21:02 [INFO]    [PING OK] PL | VLESS | 4215ms
2026-02-26 04:21:02 [INFO]    [PING OK] NL | VLESS | 4118ms
2026-02-26 04:21:02 [INFO]    [PING OK] HK | VLESS | 4994ms
2026-02-26 04:21:02 [INFO]    [PING OK] PL | VLESS | 4343ms
2026-02-26 04:21:02 [INFO]    [PING OK] HU | VLESS | 4249ms
2026-02-26 04:21:02 [INFO]    [PING OK] NL | VLESS | 4546ms
2026-02-26 04:21:02 [INFO]    [PING OK] JP | VLESS | 4874ms
2026-02-26 04:21:02 [INFO]    [PING OK] NL | VLESS | 4574ms
2026-02-26 04:21:02 [INFO]    [PING OK] IT | VLESS | 4552ms
2026-02-26 04:21:02 [INFO]    [PING OK] DE | VLESS | 4261ms
2026-02-26 04:21:02 [INFO]    [PING OK] DE | VLESS | 4445ms
2026-02-26 04:21:03 [INFO]    [PING OK] KZ | VLESS | 4434ms
2026-02-26 04:21:03 [INFO]    [PING OK] DE | VLESS | 4620ms
2026-02-26 04:21:03 [INFO]    [PING OK] CA | VLESS | 4445ms
2026-02-26 04:21:04 [INFO]    [PING OK] FI | VLESS | 4348ms
2026-02-26 04:21:04 [INFO]    [PING OK] DE | VLESS | 4528ms
2026-02-26 04:21:05 [INFO]    [PING OK] PL | VLESS | 9250ms
2026-02-26 04:21:05 [INFO]    [PING OK] NL | VLESS | 4254ms
2026-02-26 04:21:07 [INFO]    [PING OK] NL | VLESS | 4438ms
2026-02-26 04:21:07 [INFO]    [PING OK] DE | VLESS | 4478ms
2026-02-26 04:21:07 [INFO]    [PING OK] NL | VLESS | 4442ms
2026-02-26 04:21:07 [INFO]    [PING OK] NL | VLESS | 4063ms
2026-02-26 04:21:07 [INFO]    [PING OK] PL | VLESS | 4508ms
2026-02-26 04:21:07 [INFO]    [PING OK] EE | VLESS | 4183ms
2026-02-26 04:21:08 [INFO]    [PING OK] DE | VLESS | 4161ms
2026-02-26 04:21:08 [INFO]    [PING OK] DE | VLESS | 4195ms
2026-02-26 04:21:08 [INFO]    [PING OK] PL | VLESS | 3849ms
2026-02-26 04:21:08 [INFO]    [PING OK] NO | VLESS | 4000ms
2026-02-26 04:21:08 [INFO]    [PING OK] LV | VLESS | 3992ms
2026-02-26 04:21:08 [INFO]    [PING OK] FI | VLESS | 4018ms
2026-02-26 04:21:08 [INFO]    [PING OK] US | VLESS | 4085ms
2026-02-26 04:21:08 [INFO]    [PING OK] NL | VLESS | 4029ms
2026-02-26 04:21:08 [INFO]    [PING OK] DE | VLESS | 4005ms
2026-02-26 04:21:09 [INFO]    [PING OK] PL | VLESS | 4052ms
2026-02-26 04:21:09 [INFO]    [PING OK] GB | VLESS | 4293ms
2026-02-26 04:21:09 [INFO]    [PING OK] TR | VLESS | 4197ms
2026-02-26 04:21:10 [INFO]    [PING OK] DE | VLESS | 4068ms
2026-02-26 04:21:10 [INFO]    [PING OK] IT | VLESS | 4422ms
2026-02-26 04:21:11 [INFO]    [PING OK] FI | VLESS | 4683ms
2026-02-26 04:21:12 [INFO]    [PING OK] US | VLESS | 4516ms
2026-02-26 04:21:13 [INFO]    [PING OK] US | VLESS | 4768ms
2026-02-26 04:21:13 [INFO]    [PING OK] DE | VLESS | 4766ms
2026-02-26 04:21:13 [INFO]    [PING OK] FR | VLESS | 4843ms
2026-02-26 04:21:13 [INFO]    [PING OK] NL | VLESS | 4717ms
2026-02-26 04:21:13 [INFO]    [PING OK] SG | VLESS | 4658ms
2026-02-26 04:21:14 [INFO]    [PING OK] DE | VLESS | 4348ms
2026-02-26 04:21:14 [INFO]    [PING OK] US | VLESS | 4456ms
2026-02-26 04:21:14 [INFO]    [PING OK] GB | VLESS | 4139ms
2026-02-26 04:21:14 [INFO]    [PING OK] DE | VLESS | 2394ms
2026-02-26 04:21:14 [INFO]    [PING OK] GB | VLESS | 3312ms
2026-02-26 04:21:14 [INFO]    [PING OK] GB | VLESS | 2076ms
2026-02-26 04:21:15 [INFO]    [PING OK] TW | VLESS | 3418ms
2026-02-26 04:21:15 [INFO]    [PING OK] SG | VLESS | 6923ms
2026-02-26 04:21:19 [INFO] 🏎️ ЭТАП 2: Глубокий замер скорости для 40 иностранных кандидатов...
2026-02-26 04:21:24 [INFO]    🏆 DE | VLESS | Пинг: 2394ms | Скорость: 5.7 Mbps ⚡⚡
2026-02-26 04:21:24 [INFO]    🏆 CH | VLESS | Пинг: 3575ms | Скорость: 6.02 Mbps ⚡⚡
2026-02-26 04:21:24 [INFO]    🏆 FI | VLESS | Пинг: 3438ms | Скорость: 5.99 Mbps ⚡⚡
2026-02-26 04:21:24 [INFO]    🏆 NL | VLESS | Пинг: 3135ms | Скорость: 5.57 Mbps ⚡⚡
2026-02-26 04:21:24 [INFO]    🏆 SE | VLESS | Пинг: 3288ms | Скорость: 5.65 Mbps ⚡⚡
2026-02-26 04:21:24 [INFO]    🏆 NL | VLESS | Пинг: 3079ms | Скорость: 5.51 Mbps ⚡⚡
2026-02-26 04:21:24 [INFO]    🏆 NL | VLESS | Пинг: 3522ms | Скорость: 5.88 Mbps ⚡⚡
2026-02-26 04:21:24 [INFO]    🏆 NL | VLESS | Пинг: 3311ms | Скорость: 5.74 Mbps ⚡⚡
2026-02-26 04:21:24 [INFO]    🏆 GB | VLESS | Пинг: 3312ms | Скорость: 5.61 Mbps ⚡⚡
2026-02-26 04:21:24 [INFO]    🏆 GB | VLESS | Пинг: 2076ms | Скорость: 5.32 Mbps ⚡⚡
2026-02-26 04:21:24 [INFO]    🏆 US | VLESS | Пинг: 3509ms | Скорость: 5.25 Mbps ⚡⚡
2026-02-26 04:21:25 [INFO]    🏆 DE | VLESS | Пинг: 3165ms | Скорость: 4.05 Mbps ⚡⚡
2026-02-26 04:21:26 [INFO]    🏆 HU | VLESS | Пинг: 3150ms | Скорость: 1.99 Mbps ⚡
2026-02-26 04:21:26 [INFO]    🏆 ES | VLESS | Пинг: 3192ms | Скорость: 1.67 Mbps ⚡
2026-02-26 04:21:28 [INFO]    🏆 PL | VLESS | Пинг: 3725ms | Скорость: 6.74 Mbps ⚡⚡
2026-02-26 04:21:28 [INFO]    🏆 DE | VLESS | Пинг: 3624ms | Скорость: 6.41 Mbps ⚡⚡
2026-02-26 04:21:28 [INFO]    🏆 FR | VLESS | Пинг: 3713ms | Скорость: 6.53 Mbps ⚡⚡
2026-02-26 04:21:28 [INFO]    🏆 FI | VLESS | Пинг: 3701ms | Скорость: 6.4 Mbps ⚡⚡
2026-02-26 04:21:28 [INFO]    🏆 NL | VLESS | Пинг: 3742ms | Скорость: 6.51 Mbps ⚡⚡
2026-02-26 04:21:28 [INFO]    🏆 DE | VLESS | Пинг: 3638ms | Скорость: 6.24 Mbps ⚡⚡
2026-02-26 04:21:28 [INFO]    🏆 FI | VLESS | Пинг: 3739ms | Скорость: 6.45 Mbps ⚡⚡
2026-02-26 04:21:28 [INFO]    🏆 NL | VLESS | Пинг: 3658ms | Скорость: 5.99 Mbps ⚡⚡
2026-02-26 04:21:28 [INFO]    🏆 NL | VLESS | Пинг: 3744ms | Скорость: 6.42 Mbps ⚡⚡
2026-02-26 04:21:28 [INFO]    🏆 PL | VLESS | Пинг: 3576ms | Скорость: 5.64 Mbps ⚡⚡
2026-02-26 04:21:28 [INFO]    🏆 JP | VLESS | Пинг: 3640ms | Скорость: 5.65 Mbps ⚡⚡
2026-02-26 04:21:28 [INFO]    🏆 EE | VLESS | Пинг: 3762ms | Скорость: 8.93 Mbps ⚡⚡
2026-02-26 04:21:30 [INFO]    🏆 DE | VLESS | Пинг: 3763ms | Скорость: 7.5 Mbps ⚡⚡
2026-02-26 04:21:30 [INFO]    🏆 NL | VLESS | Пинг: 3763ms | Скорость: 7.5 Mbps ⚡⚡
2026-02-26 04:21:30 [INFO]    🏆 DE | VLESS | Пинг: 3766ms | Скорость: 7.61 Mbps ⚡⚡
2026-02-26 04:21:30 [INFO]    🏆 IT | VLESS | Пинг: 3767ms | Скорость: 11.31 Mbps ⚡⚡
2026-02-26 04:21:31 [INFO]    🏆 NL | VLESS | Пинг: 3783ms | Скорость: 7.01 Mbps ⚡⚡
2026-02-26 04:21:31 [INFO]    🏆 PL | VLESS | Пинг: 3783ms | Скорость: 7.07 Mbps ⚡⚡
2026-02-26 04:21:31 [INFO]    🏆 IT | VLESS | Пинг: 3789ms | Скорость: 6.87 Mbps ⚡⚡
2026-02-26 04:21:31 [INFO]    🏆 PL | VLESS | Пинг: 3818ms | Скорость: 6.59 Mbps ⚡⚡
2026-02-26 04:21:31 [INFO]    🏆 DE | VLESS | Пинг: 3834ms | Скорость: 6.95 Mbps ⚡⚡
2026-02-26 04:21:31 [INFO]    🏆 NL | VLESS | Пинг: 3837ms | Скорость: 7.2 Mbps ⚡⚡
2026-02-26 04:21:31 [INFO]    🏆 TR | VLESS | Пинг: 3820ms | Скорость: 6.61 Mbps ⚡⚡
2026-02-26 04:21:32 [INFO]    🏆 US | VLESS | Пинг: 3837ms | Скорость: 6.64 Mbps ⚡⚡
2026-02-26 04:21:32 [INFO]    🏆 LT | VLESS | Пинг: 3788ms | Скорость: 5.76 Mbps ⚡⚡
2026-02-26 04:21:32 [INFO] 📊 Итого в подписке сохранено иностранных серверов: 10
2026-02-26 04:21:32 [INFO] 💾 Файл успешно сохранен: FL1PVPN
