2026-02-17 13:00:06 [INFO] 🚀 START: Smart VLESS Selector (Target: 10, Strict Mode)
2026-02-17 13:00:06 [INFO] 🌐 Загрузка источников...
2026-02-17 13:00:09 [INFO] 🔍 Уникальных конфигов собрано: 541
2026-02-17 13:00:09 [INFO] ⚡ ЭТАП 1: Быстрый замер Пинга (Workers: 25)...
2026-02-17 13:00:10 [INFO]    [PING OK] NL | 155ms
2026-02-17 13:00:10 [INFO]    [PING OK] US | 818ms
2026-02-17 13:00:14 [INFO]    [PING OK] DE | 4354ms
2026-02-17 13:00:14 [INFO]    [PING OK] DE | 4159ms
2026-02-17 13:00:16 [INFO]    [PING OK] NL | 196ms
2026-02-17 13:00:17 [INFO]    [PING OK] DE | 165ms
2026-02-17 13:00:19 [INFO]    [PING OK] DE | 229ms
2026-02-17 13:00:22 [INFO]    [PING OK] DE | 193ms
2026-02-17 13:00:24 [INFO]    [PING OK] RU | 242ms
2026-02-17 13:00:25 [INFO]    [PING OK] RU | 297ms
2026-02-17 13:00:25 [INFO]    [PING OK] RU | 246ms
2026-02-17 13:00:26 [INFO]    [PING OK] DE | 2425ms
2026-02-17 13:00:26 [INFO]    [PING OK] RU | 295ms
2026-02-17 13:00:26 [INFO]    [PING OK] RU | 201ms
2026-02-17 13:00:26 [INFO]    [PING OK] RU | 161ms
2026-02-17 13:00:26 [INFO]    [PING OK] RU | 207ms
2026-02-17 13:00:27 [INFO]    [PING OK] RU | 1641ms
2026-02-17 13:00:27 [INFO]    [PING OK] RU | 149ms
2026-02-17 13:00:27 [INFO]    [PING OK] RU | 103ms
2026-02-17 13:00:27 [INFO]    [PING OK] RU | 1310ms
2026-02-17 13:00:27 [INFO]    [PING OK] RU | 265ms
2026-02-17 13:00:27 [INFO]    [PING OK] RU | 291ms
2026-02-17 13:00:27 [INFO]    [PING OK] RU | 966ms
2026-02-17 13:00:27 [INFO]    [PING OK] RU | 1227ms
2026-02-17 13:00:28 [INFO]    [PING OK] RU | 316ms
2026-02-17 13:00:28 [INFO]    [PING OK] RU | 229ms
2026-02-17 13:00:28 [INFO]    [PING OK] RU | 292ms
2026-02-17 13:00:28 [INFO]    [PING OK] RU | 636ms
2026-02-17 13:00:28 [INFO]    [PING OK] RU | 248ms
2026-02-17 13:00:28 [INFO]    [PING OK] RU | 277ms
2026-02-17 13:00:28 [INFO]    [PING OK] RU | 206ms
2026-02-17 13:00:29 [INFO]    [PING OK] RU | 365ms
2026-02-17 13:00:29 [INFO]    [PING OK] RU | 846ms
2026-02-17 13:00:29 [INFO]    [PING OK] RU | 268ms
2026-02-17 13:00:29 [INFO]    [PING OK] RU | 1877ms
2026-02-17 13:00:29 [INFO]    [PING OK] RU | 312ms
2026-02-17 13:00:29 [INFO]    [PING OK] RU | 236ms
2026-02-17 13:00:29 [INFO]    [PING OK] RU | 772ms
2026-02-17 13:00:29 [INFO]    [PING OK] RU | 1510ms
2026-02-17 13:00:29 [INFO]    [PING OK] RU | 184ms
2026-02-17 13:00:29 [INFO]    [PING OK] RU | 344ms
2026-02-17 13:00:29 [INFO]    [PING OK] RU | 316ms
2026-02-17 13:00:30 [INFO]    [PING OK] RU | 258ms
2026-02-17 13:00:30 [INFO]    [PING OK] RU | 661ms
2026-02-17 13:00:30 [INFO]    [PING OK] PL | 186ms
2026-02-17 13:00:30 [INFO]    [PING OK] RU | 244ms
2026-02-17 13:00:30 [INFO]    [PING OK] RU | 936ms
2026-02-17 13:00:31 [INFO]    [PING OK] RU | 703ms
2026-02-17 13:00:31 [INFO]    [PING OK] RU | 282ms
2026-02-17 13:00:31 [INFO]    [PING OK] RU | 332ms
2026-02-17 13:00:31 [INFO]    [PING OK] RU | 645ms
2026-02-17 13:00:31 [INFO]    [PING OK] RU | 1120ms
2026-02-17 13:00:31 [INFO]    [PING OK] RU | 280ms
2026-02-17 13:00:32 [INFO]    [PING OK] RU | 180ms
2026-02-17 13:00:32 [INFO]    [PING OK] RU | 336ms
2026-02-17 13:00:32 [INFO]    [PING OK] RU | 1697ms
2026-02-17 13:00:32 [INFO]    [PING OK] RU | 376ms
2026-02-17 13:00:32 [INFO]    [PING OK] RU | 957ms
2026-02-17 13:00:32 [INFO]    [PING OK] RU | 2179ms
2026-02-17 13:00:32 [INFO]    [PING OK] RU | 498ms
2026-02-17 13:00:32 [INFO]    [PING OK] RU | 4181ms
2026-02-17 13:00:32 [INFO]    [PING OK] RU | 260ms
2026-02-17 13:00:33 [INFO]    [PING OK] RU | 1193ms
2026-02-17 13:00:33 [INFO]    [PING OK] RU | 381ms
2026-02-17 13:00:33 [INFO]    [PING OK] RU | 313ms
2026-02-17 13:00:33 [INFO]    [PING OK] RU | 1151ms
2026-02-17 13:00:34 [INFO]    [PING OK] RU | 921ms
2026-02-17 13:00:34 [INFO]    [PING OK] RU | 2089ms
2026-02-17 13:00:34 [INFO]    [PING OK] RU | 2074ms
2026-02-17 13:00:34 [INFO]    [PING OK] RU | 1779ms
2026-02-17 13:00:35 [INFO]    [PING OK] RU | 1786ms
2026-02-17 13:00:35 [INFO]    [PING OK] RU | 2072ms
2026-02-17 13:00:35 [INFO]    [PING OK] RU | 170ms
2026-02-17 13:00:35 [INFO]    [PING OK] FI | 1203ms
2026-02-17 13:00:36 [INFO]    [PING OK] ES | 658ms
2026-02-17 13:00:39 [INFO]    [PING OK] DE | 177ms
2026-02-17 13:00:39 [INFO]    [PING OK] LT | 151ms
2026-02-17 13:00:43 [INFO]    [PING OK] PL | 1155ms
2026-02-17 13:00:44 [INFO]    [PING OK] CY | 283ms
2026-02-17 13:00:44 [INFO]    [PING OK] RU | 404ms
2026-02-17 13:00:50 [INFO]    [PING OK] PL | 109ms
2026-02-17 13:00:51 [INFO]    [PING OK] PL | 125ms
2026-02-17 13:00:51 [INFO]    [PING OK] NL | 491ms
2026-02-17 13:00:51 [INFO]    [PING OK] TR | 328ms
2026-02-17 13:00:59 [INFO]    [PING OK] US | 453ms
2026-02-17 13:01:07 [INFO]    [PING OK] AE | 182ms
2026-02-17 13:01:09 [INFO]    [PING OK] AT | 224ms
2026-02-17 13:01:22 [INFO]    [PING OK] EE | 259ms
2026-02-17 13:01:29 [INFO]    [PING OK] LT | 4966ms
2026-02-17 13:01:31 [INFO]    [PING OK] DE | 172ms
2026-02-17 13:01:36 [INFO]    [PING OK] RU | 167ms
2026-02-17 13:01:39 [INFO]    [PING OK] MD | 138ms
2026-02-17 13:01:40 [INFO]    [PING OK] LV | 323ms
2026-02-17 13:01:47 [INFO] 🏎️ ЭТАП 2: Глубокий замер скорости для ТОП-10 серверов...
2026-02-17 13:01:53 [INFO]    🏆 PL | Пинг: 109ms | Скорость: 11.08 Mbps ⚡⚡
2026-02-17 13:01:53 [INFO]    🏆 PL | Пинг: 125ms | Скорость: 8.88 Mbps ⚡⚡
2026-02-17 13:01:53 [INFO]    🏆 MD | Пинг: 138ms | Скорость: 2.37 Mbps ⚡
2026-02-17 13:01:53 [INFO]    🏆 LT | Пинг: 151ms | Скорость: 0.0 Mbps 
2026-02-17 13:01:53 [INFO]    🏆 NL | Пинг: 155ms | Скорость: 10.59 Mbps ⚡⚡
2026-02-17 13:01:53 [INFO]    🏆 DE | Пинг: 165ms | Скорость: 10.5 Mbps ⚡⚡
2026-02-17 13:01:53 [INFO]    🏆 DE | Пинг: 172ms | Скорость: 10.05 Mbps ⚡⚡
2026-02-17 13:01:53 [INFO]    🏆 DE | Пинг: 177ms | Скорость: 10.83 Mbps ⚡⚡
2026-02-17 13:01:53 [INFO]    🏆 AE | Пинг: 182ms | Скорость: 11.14 Mbps ⚡⚡
2026-02-17 13:01:53 [INFO]    🏆 RU | Пинг: 103ms | Скорость: 0.0 Mbps 
2026-02-17 13:01:53 [INFO] 🇷🇺 Добавлен RU сервер: 95.163.211.158
2026-02-17 13:01:53 [INFO] 📊 Итого в подписке сохранено: 10 серверов
2026-02-17 13:01:53 [INFO] 💾 Файл успешно сохранен: FL1PVPN
