2026-02-27 17:00:06 [INFO] 🚀 START: Smart Selector (Target: 10, ONLY FOREIGN)
2026-02-27 17:00:06 [INFO] 🌐 Загрузка источников (VLESS + VMess)...
2026-02-27 17:00:07 [INFO] 🔍 Уникальных конфигов собрано: 458
2026-02-27 17:00:07 [INFO] ⚡ ЭТАП 1: Замер Пинга и Геолокации. Workers: 40...
2026-02-27 17:00:13 [INFO]    [PING OK] ES | VLESS | 4768ms
2026-02-27 17:00:13 [INFO]    [PING OK] NL | VLESS | 4595ms
2026-02-27 17:00:14 [INFO]    [PING OK] DE | VLESS | 5466ms
2026-02-27 17:00:16 [INFO]    [PING OK] FI | VLESS | 7191ms
2026-02-27 17:00:16 [INFO]    [PING OK] FI | VLESS | 5462ms
2026-02-27 17:00:16 [INFO]    [PING OK] CH | VLESS | 6331ms
2026-02-27 17:00:16 [INFO]    [PING OK] FI | VLESS | 5650ms
2026-02-27 17:00:17 [INFO]    [PING OK] NL | VLESS | 4226ms
2026-02-27 17:00:18 [INFO]    [PING OK] PL | VLESS | 4350ms
2026-02-27 17:00:18 [INFO]    [PING OK] TR | VLESS | 4265ms
2026-02-27 17:00:18 [INFO]    [PING OK] NL | VLESS | 4659ms
2026-02-27 17:00:18 [INFO]    [PING OK] EE | VLESS | 4420ms
2026-02-27 17:00:20 [INFO]    [PING OK] NL | VLESS | 3315ms
2026-02-27 17:00:20 [INFO]    [PING OK] US | VLESS | 5660ms
2026-02-27 17:00:20 [INFO]    [PING OK] NL | VLESS | 3483ms
2026-02-27 17:00:21 [INFO]    [PING OK] DE | VLESS | 4160ms
2026-02-27 17:00:22 [INFO]    [PING OK] FI | VLESS | 3442ms
2026-02-27 17:00:22 [INFO]    [PING OK] HU | VLESS | 3479ms
2026-02-27 17:00:22 [INFO]    [PING OK] NL | VLESS | 3424ms
2026-02-27 17:00:23 [INFO]    [PING OK] DE | VLESS | 3524ms
2026-02-27 17:00:23 [INFO]    [PING OK] NL | VLESS | 3862ms
2026-02-27 17:00:24 [INFO]    [PING OK] LT | VLESS | 7191ms
2026-02-27 17:00:25 [INFO]    [PING OK] DE | VLESS | 4702ms
2026-02-27 17:00:25 [INFO]    [PING OK] LV | VLESS | 4696ms
2026-02-27 17:00:26 [INFO]    [PING OK] PL | VLESS | 4348ms
2026-02-27 17:00:27 [INFO]    [PING OK] PL | VLESS | 5152ms
2026-02-27 17:00:28 [INFO]    [PING OK] HU | VLESS | 5128ms
2026-02-27 17:00:28 [INFO]    [PING OK] US | VLESS | 7780ms
2026-02-27 17:00:28 [INFO]    [PING OK] FI | VLESS | 4747ms
2026-02-27 17:00:29 [INFO]    [PING OK] RO | VLESS | 4801ms
2026-02-27 17:00:29 [INFO]    [PING OK] PL | VLESS | 5206ms
2026-02-27 17:00:30 [INFO]    [PING OK] LT | VLESS | 7290ms
2026-02-27 17:00:31 [INFO]    [PING OK] ES | VLESS | 4961ms
2026-02-27 17:00:31 [INFO]    [PING OK] DE | VLESS | 4891ms
2026-02-27 17:00:31 [INFO]    [PING OK] US | VLESS | 5053ms
2026-02-27 17:00:31 [INFO]    [PING OK] HU | VLESS | 4782ms
2026-02-27 17:00:31 [INFO]    [PING OK] FI | VLESS | 6064ms
2026-02-27 17:00:32 [INFO]    [PING OK] FI | VLESS | 4337ms
2026-02-27 17:00:33 [INFO]    [PING OK] PL | VLESS | 4816ms
2026-02-27 17:00:33 [INFO]    [PING OK] TR | VLESS | 4529ms
2026-02-27 17:00:34 [INFO]    [PING OK] LV | VLESS | 4601ms
2026-02-27 17:00:34 [INFO]    [PING OK] NL | VLESS | 4580ms
2026-02-27 17:00:34 [INFO]    [PING OK] US | VLESS | 4427ms
2026-02-27 17:00:34 [INFO]    [PING OK] PL | VLESS | 4510ms
2026-02-27 17:00:35 [INFO]    [PING OK] AE | VLESS | 5719ms
2026-02-27 17:00:35 [INFO]    [PING OK] EE | VLESS | 4407ms
2026-02-27 17:00:36 [INFO]    [PING OK] PL | VLESS | 4728ms
2026-02-27 17:00:36 [INFO]    [PING OK] NO | VLESS | 5658ms
2026-02-27 17:00:36 [INFO]    [PING OK] FI | VLESS | 5735ms
2026-02-27 17:00:37 [INFO]    [PING OK] EE | VLESS | 5382ms
2026-02-27 17:00:38 [INFO]    [PING OK] PL | VLESS | 4437ms
2026-02-27 17:00:38 [INFO]    [PING OK] FR | VLESS | 4126ms
2026-02-27 17:00:39 [INFO]    [PING OK] DE | VLESS | 4366ms
2026-02-27 17:00:40 [INFO]    [PING OK] NL | VLESS | 5526ms
2026-02-27 17:00:40 [INFO]    [PING OK] DE | VLESS | 3927ms
2026-02-27 17:00:41 [INFO]    [PING OK] PL | VLESS | 3878ms
2026-02-27 17:00:41 [INFO]    [PING OK] PL | VLESS | 3940ms
2026-02-27 17:00:42 [INFO]    [PING OK] FR | VLESS | 4420ms
2026-02-27 17:00:44 [INFO]    [PING OK] PL | VLESS | 4219ms
2026-02-27 17:00:44 [INFO]    [PING OK] TR | VLESS | 4347ms
2026-02-27 17:00:44 [INFO]    [PING OK] DE | VLESS | 5000ms
2026-02-27 17:00:44 [INFO]    [PING OK] CA | VLESS | 7177ms
2026-02-27 17:00:45 [INFO]    [PING OK] DE | VLESS | 4785ms
2026-02-27 17:00:46 [INFO]    [PING OK] NL | VLESS | 4640ms
2026-02-27 17:00:48 [INFO]    [PING OK] FI | VLESS | 4396ms
2026-02-27 17:00:49 [INFO]    [PING OK] PL | VLESS | 4192ms
2026-02-27 17:00:49 [INFO]    [PING OK] SE | VLESS | 4839ms
2026-02-27 17:00:49 [INFO]    [PING OK] FR | VLESS | 5392ms
2026-02-27 17:00:50 [INFO]    [PING OK] DE | VLESS | 4563ms
2026-02-27 17:00:51 [INFO]    [PING OK] NG | VLESS | 4444ms
2026-02-27 17:00:52 [INFO]    [PING OK] DE | VLESS | 4552ms
2026-02-27 17:00:52 [INFO]    [PING OK] LT | VLESS | 3952ms
2026-02-27 17:00:52 [INFO]    [PING OK] NL | VLESS | 4305ms
2026-02-27 17:00:53 [INFO]    [PING OK] PL | VLESS | 4226ms
2026-02-27 17:00:53 [INFO]    [PING OK] DE | VLESS | 7416ms
2026-02-27 17:00:54 [INFO]    [PING OK] DE | VLESS | 4079ms
2026-02-27 17:00:55 [INFO]    [PING OK] LV | VLESS | 4689ms
2026-02-27 17:00:55 [INFO]    [PING OK] DE | VLESS | 4536ms
2026-02-27 17:00:55 [INFO]    [PING OK] DE | VLESS | 1639ms
2026-02-27 17:00:55 [INFO]    [PING OK] DE | VLESS | 3843ms
2026-02-27 17:00:55 [INFO]    [PING OK] US | VLESS | 4686ms
2026-02-27 17:00:55 [INFO]    [PING OK] DE | VLESS | 3818ms
2026-02-27 17:00:56 [INFO]    [PING OK] FI | VLESS | 2246ms
2026-02-27 17:00:56 [INFO]    [PING OK] DE | VLESS | 498ms
2026-02-27 17:00:58 [INFO]    [PING OK] CA | VLESS | 7588ms
2026-02-27 17:01:00 [INFO] 🏎️ ЭТАП 2: Глубокий замер скорости для 40 иностранных кандидатов...
2026-02-27 17:01:05 [INFO]    🏆 DE | VLESS | Пинг: 498ms | Скорость: 4.67 Mbps ⚡⚡
2026-02-27 17:01:05 [INFO]    🏆 NL | VLESS | Пинг: 3315ms | Скорость: 4.58 Mbps ⚡⚡
2026-02-27 17:01:05 [INFO]    🏆 NL | VLESS | Пинг: 3424ms | Скорость: 4.54 Mbps ⚡⚡
2026-02-27 17:01:05 [INFO]    🏆 FI | VLESS | Пинг: 2246ms | Скорость: 4.52 Mbps ⚡⚡
2026-02-27 17:01:05 [INFO]    🏆 HU | VLESS | Пинг: 3479ms | Скорость: 4.55 Mbps ⚡⚡
2026-02-27 17:01:05 [INFO]    🏆 FI | VLESS | Пинг: 3442ms | Скорость: 4.57 Mbps ⚡⚡
2026-02-27 17:01:05 [INFO]    🏆 DE | VLESS | Пинг: 3927ms | Скорость: 4.82 Mbps ⚡⚡
2026-02-27 17:01:05 [INFO]    🏆 NL | VLESS | Пинг: 3862ms | Скорость: 4.72 Mbps ⚡⚡
2026-02-27 17:01:05 [INFO]    🏆 DE | VLESS | Пинг: 3524ms | Скорость: 4.52 Mbps ⚡⚡
2026-02-27 17:01:05 [INFO]    🏆 PL | VLESS | Пинг: 3878ms | Скорость: 4.62 Mbps ⚡⚡
2026-02-27 17:01:05 [INFO]    🏆 PL | VLESS | Пинг: 3940ms | Скорость: 4.68 Mbps ⚡⚡
2026-02-27 17:01:05 [INFO]    🏆 DE | VLESS | Пинг: 3843ms | Скорость: 4.24 Mbps ⚡⚡
2026-02-27 17:01:05 [INFO]    🏆 DE | VLESS | Пинг: 3818ms | Скорость: 4.21 Mbps ⚡⚡
2026-02-27 17:01:05 [INFO]    🏆 NL | VLESS | Пинг: 3483ms | Скорость: 4.16 Mbps ⚡⚡
2026-02-27 17:01:07 [INFO]    🏆 DE | VLESS | Пинг: 1639ms | Скорость: 1.02 Mbps 
2026-02-27 17:01:08 [INFO]    🏆 LT | VLESS | Пинг: 3952ms | Скорость: 8.07 Mbps ⚡⚡
2026-02-27 17:01:09 [INFO]    🏆 PL | VLESS | Пинг: 4219ms | Скорость: 6.68 Mbps ⚡⚡
2026-02-27 17:01:09 [INFO]    🏆 FR | VLESS | Пинг: 4126ms | Скорость: 6.52 Mbps ⚡⚡
2026-02-27 17:01:09 [INFO]    🏆 PL | VLESS | Пинг: 4226ms | Скорость: 6.62 Mbps ⚡⚡
2026-02-27 17:01:09 [INFO]    🏆 NL | VLESS | Пинг: 4226ms | Скорость: 6.56 Mbps ⚡⚡
2026-02-27 17:01:09 [INFO]    🏆 NL | VLESS | Пинг: 4305ms | Скорость: 6.57 Mbps ⚡⚡
2026-02-27 17:01:09 [INFO]    🏆 PL | VLESS | Пинг: 4350ms | Скорость: 7.39 Mbps ⚡⚡
2026-02-27 17:01:09 [INFO]    🏆 PL | VLESS | Пинг: 4192ms | Скорость: 6.39 Mbps ⚡⚡
2026-02-27 17:01:09 [INFO]    🏆 PL | VLESS | Пинг: 4348ms | Скорость: 7.15 Mbps ⚡⚡
2026-02-27 17:01:09 [INFO]    🏆 TR | VLESS | Пинг: 4265ms | Скорость: 6.37 Mbps ⚡⚡
2026-02-27 17:01:09 [INFO]    🏆 TR | VLESS | Пинг: 4347ms | Скорость: 6.94 Mbps ⚡⚡
2026-02-27 17:01:10 [INFO]    🏆 DE | VLESS | Пинг: 4079ms | Скорость: 4.94 Mbps ⚡⚡
2026-02-27 17:01:11 [INFO]    🏆 DE | VLESS | Пинг: 4366ms | Скорость: 5.89 Mbps ⚡⚡
2026-02-27 17:01:11 [INFO]    🏆 EE | VLESS | Пинг: 4407ms | Скорость: 11.35 Mbps ⚡⚡
2026-02-27 17:01:11 [INFO]    🏆 PL | VLESS | Пинг: 4510ms | Скорость: 12.26 Mbps ⚡⚡
2026-02-27 17:01:12 [INFO]    🏆 TR | VLESS | Пинг: 4529ms | Скорость: 6.87 Mbps ⚡⚡
2026-02-27 17:01:13 [INFO]    🏆 DE | VLESS | Пинг: 4536ms | Скорость: 5.36 Mbps ⚡⚡
2026-02-27 17:01:14 [INFO]    🏆 PL | VLESS | Пинг: 4437ms | Скорость: 4.64 Mbps ⚡⚡
2026-02-27 17:01:15 [INFO]    🏆 EE | VLESS | Пинг: 4420ms | Скорость: 1.71 Mbps ⚡
2026-02-27 17:01:16 [INFO]    🏆 FR | VLESS | Пинг: 4420ms | Скорость: 2.92 Mbps ⚡
2026-02-27 17:01:16 [INFO] 📊 Итого в подписке сохранено иностранных серверов: 10
2026-02-27 17:01:16 [INFO] 💾 Файл успешно сохранен: FL1PVPN
