2026-02-16 22:40:05 [INFO] 🚀 START: Smart VLESS Selector (Target: 10, Strict Mode)
2026-02-16 22:40:05 [INFO] 🌐 Загрузка источников...
2026-02-16 22:40:07 [INFO] 🔍 Уникальных конфигов собрано: 583
2026-02-16 22:40:07 [INFO] ⚡ ЭТАП 1: Быстрый замер Пинга (Workers: 25)...
2026-02-16 22:40:09 [INFO]    [PING OK] FR | 370ms
2026-02-16 22:40:09 [INFO]    [PING OK] DE | 1336ms
2026-02-16 22:40:10 [INFO]    [PING OK] DE | 191ms
2026-02-16 22:40:10 [INFO]    [PING OK] US | 695ms
2026-02-16 22:40:10 [INFO]    [PING OK] DE | 169ms
2026-02-16 22:40:11 [INFO]    [PING OK] RU | 203ms
2026-02-16 22:40:11 [INFO]    [PING OK] DE | 168ms
2026-02-16 22:40:11 [INFO]    [PING OK] DE | 172ms
2026-02-16 22:40:13 [INFO]    [PING OK] SG | 211ms
2026-02-16 22:40:14 [INFO]    [PING OK] FR | 197ms
2026-02-16 22:40:15 [INFO]    [PING OK] RU | 200ms
2026-02-16 22:40:15 [INFO]    [PING OK] SC | 497ms
2026-02-16 22:40:16 [INFO]    [PING OK] KZ | 2090ms
2026-02-16 22:40:16 [INFO]    [PING OK] DE | 242ms
2026-02-16 22:40:17 [INFO]    [PING OK] GB | 160ms
2026-02-16 22:40:17 [INFO]    [PING OK] DE | 436ms
2026-02-16 22:40:17 [INFO]    [PING OK] NL | 160ms
2026-02-16 22:40:18 [INFO]    [PING OK] DE | 173ms
2026-02-16 22:40:19 [INFO]    [PING OK] RU | 221ms
2026-02-16 22:40:19 [INFO]    [PING OK] RU | 218ms
2026-02-16 22:40:19 [INFO]    [PING OK] RU | 215ms
2026-02-16 22:40:19 [INFO]    [PING OK] RU | 304ms
2026-02-16 22:40:20 [INFO]    [PING OK] RU | 266ms
2026-02-16 22:40:20 [INFO]    [PING OK] RU | 88ms
2026-02-16 22:40:20 [INFO]    [PING OK] US | 175ms
2026-02-16 22:40:20 [INFO]    [PING OK] RU | 116ms
2026-02-16 22:40:20 [INFO]    [PING OK] RU | 300ms
2026-02-16 22:40:20 [INFO]    [PING OK] RU | 206ms
2026-02-16 22:40:20 [INFO]    [PING OK] RU | 194ms
2026-02-16 22:40:21 [INFO]    [PING OK] RU | 231ms
2026-02-16 22:40:21 [INFO]    [PING OK] RU | 1111ms
2026-02-16 22:40:21 [INFO]    [PING OK] RU | 120ms
2026-02-16 22:40:21 [INFO]    [PING OK] RU | 234ms
2026-02-16 22:40:21 [INFO]    [PING OK] RU | 220ms
2026-02-16 22:40:22 [INFO]    [PING OK] RU | 383ms
2026-02-16 22:40:22 [INFO]    [PING OK] FI | 179ms
2026-02-16 22:40:22 [INFO]    [PING OK] RU | 283ms
2026-02-16 22:40:22 [INFO]    [PING OK] RU | 98ms
2026-02-16 22:40:22 [INFO]    [PING OK] RU | 237ms
2026-02-16 22:40:22 [INFO]    [PING OK] RU | 1599ms
2026-02-16 22:40:22 [INFO]    [PING OK] RU | 93ms
2026-02-16 22:40:22 [INFO]    [PING OK] RU | 134ms
2026-02-16 22:40:22 [INFO]    [PING OK] RU | 66ms
2026-02-16 22:40:22 [INFO]    [PING OK] RU | 199ms
2026-02-16 22:40:22 [INFO]    [PING OK] DE | 771ms
2026-02-16 22:40:22 [INFO]    [PING OK] RU | 78ms
2026-02-16 22:40:22 [INFO]    [PING OK] RU | 201ms
2026-02-16 22:40:23 [INFO]    [PING OK] RU | 190ms
2026-02-16 22:40:23 [INFO]    [PING OK] RU | 78ms
2026-02-16 22:40:23 [INFO]    [PING OK] PL | 180ms
2026-02-16 22:40:23 [INFO]    [PING OK] RU | 113ms
2026-02-16 22:40:23 [INFO]    [PING OK] RU | 82ms
2026-02-16 22:40:23 [INFO]    [PING OK] RU | 240ms
2026-02-16 22:40:23 [INFO]    [PING OK] RU | 187ms
2026-02-16 22:40:23 [INFO]    [PING OK] RU | 84ms
2026-02-16 22:40:23 [INFO]    [PING OK] RU | 128ms
2026-02-16 22:40:23 [INFO]    [PING OK] RU | 202ms
2026-02-16 22:40:23 [INFO]    [PING OK] RU | 205ms
2026-02-16 22:40:23 [INFO]    [PING OK] RU | 277ms
2026-02-16 22:40:23 [INFO]    [PING OK] RU | 367ms
2026-02-16 22:40:23 [INFO]    [PING OK] RU | 61ms
2026-02-16 22:40:24 [INFO]    [PING OK] RU | 79ms
2026-02-16 22:40:24 [INFO]    [PING OK] RU | 217ms
2026-02-16 22:40:24 [INFO]    [PING OK] RU | 202ms
2026-02-16 22:40:24 [INFO]    [PING OK] RU | 106ms
2026-02-16 22:40:24 [INFO]    [PING OK] FI | 129ms
2026-02-16 22:40:24 [INFO]    [PING OK] RU | 239ms
2026-02-16 22:40:24 [INFO]    [PING OK] RU | 225ms
2026-02-16 22:40:24 [INFO]    [PING OK] RU | 161ms
2026-02-16 22:40:24 [INFO]    [PING OK] NL | 196ms
2026-02-16 22:40:24 [INFO]    [PING OK] RU | 312ms
2026-02-16 22:40:24 [INFO]    [PING OK] RU | 395ms
2026-02-16 22:40:24 [INFO]    [PING OK] RU | 431ms
2026-02-16 22:40:24 [INFO]    [PING OK] RU | 84ms
2026-02-16 22:40:25 [INFO]    [PING OK] RU | 791ms
2026-02-16 22:40:25 [INFO]    [PING OK] PL | 181ms
2026-02-16 22:40:25 [INFO]    [PING OK] RU | 2315ms
2026-02-16 22:40:25 [INFO]    [PING OK] RU | 210ms
2026-02-16 22:40:25 [INFO]    [PING OK] DE | 153ms
2026-02-16 22:40:25 [INFO]    [PING OK] DE | 142ms
2026-02-16 22:40:25 [INFO]    [PING OK] RU | 247ms
2026-02-16 22:40:25 [INFO]    [PING OK] RU | 1768ms
2026-02-16 22:40:25 [INFO]    [PING OK] RU | 249ms
2026-02-16 22:40:25 [INFO]    [PING OK] GB | 325ms
2026-02-16 22:40:25 [INFO]    [PING OK] RU | 330ms
2026-02-16 22:40:25 [INFO]    [PING OK] RU | 360ms
2026-02-16 22:40:25 [INFO]    [PING OK] RU | 252ms
2026-02-16 22:40:25 [INFO]    [PING OK] RU | 245ms
2026-02-16 22:40:26 [INFO]    [PING OK] NL | 190ms
2026-02-16 22:40:26 [INFO]    [PING OK] RU | 153ms
2026-02-16 22:40:26 [INFO]    [PING OK] RU | 565ms
2026-02-16 22:40:26 [INFO]    [PING OK] PL | 159ms
2026-02-16 22:40:26 [INFO]    [PING OK] RU | 311ms
2026-02-16 22:40:26 [INFO]    [PING OK] RU | 434ms
2026-02-16 22:40:26 [INFO]    [PING OK] HU | 1468ms
2026-02-16 22:40:26 [INFO]    [PING OK] RU | 357ms
2026-02-16 22:40:26 [INFO]    [PING OK] RU | 2251ms
2026-02-16 22:40:26 [INFO]    [PING OK] RU | 496ms
2026-02-16 22:40:26 [INFO]    [PING OK] RU | 455ms
2026-02-16 22:40:27 [INFO]    [PING OK] RU | 531ms
2026-02-16 22:40:27 [INFO]    [PING OK] RU | 464ms
2026-02-16 22:40:27 [INFO]    [PING OK] RU | 379ms
2026-02-16 22:40:27 [INFO]    [PING OK] RU | 446ms
2026-02-16 22:40:27 [INFO]    [PING OK] RU | 522ms
2026-02-16 22:40:28 [INFO]    [PING OK] RU | 1179ms
2026-02-16 22:40:31 [INFO]    [PING OK] US | 484ms
2026-02-16 22:40:35 [INFO]    [PING OK] NL | 503ms
2026-02-16 22:40:39 [INFO]    [PING OK] DE | 191ms
2026-02-16 22:40:40 [INFO]    [PING OK] US | 456ms
2026-02-16 22:40:40 [INFO]    [PING OK] SE | 197ms
2026-02-16 22:40:41 [INFO]    [PING OK] US | 669ms
2026-02-16 22:40:41 [INFO]    [PING OK] PL | 120ms
2026-02-16 22:40:43 [INFO]    [PING OK] US | 1111ms
2026-02-16 22:40:43 [INFO]    [PING OK] GB | 374ms
2026-02-16 22:40:44 [INFO]    [PING OK] PL | 254ms
2026-02-16 22:40:46 [INFO]    [PING OK] FR | 227ms
2026-02-16 22:40:46 [INFO]    [PING OK] DE | 194ms
2026-02-16 22:40:47 [INFO]    [PING OK] KZ | 467ms
2026-02-16 22:40:48 [INFO]    [PING OK] DE | 161ms
2026-02-16 22:40:49 [INFO]    [PING OK] PL | 217ms
2026-02-16 22:40:58 [INFO]    [PING OK] PL | 126ms
2026-02-16 22:41:01 [INFO]    [PING OK] TR | 287ms
2026-02-16 22:41:03 [INFO]    [PING OK] RU | 493ms
2026-02-16 22:41:04 [INFO]    [PING OK] FI | 258ms
2026-02-16 22:41:05 [INFO]    [PING OK] AT | 236ms
2026-02-16 22:41:06 [INFO]    [PING OK] US | 931ms
2026-02-16 22:41:07 [INFO]    [PING OK] FI | 124ms
2026-02-16 22:41:08 [INFO]    [PING OK] NL | 200ms
2026-02-16 22:41:08 [INFO]    [PING OK] GR | 86ms
2026-02-16 22:41:09 [INFO]    [PING OK] FR | 173ms
2026-02-16 22:41:09 [INFO]    [PING OK] DE | 138ms
2026-02-16 22:41:10 [INFO]    [PING OK] PL | 341ms
2026-02-16 22:41:13 [INFO]    [PING OK] PL | 124ms
2026-02-16 22:41:20 [INFO]    [PING OK] NL | 190ms
2026-02-16 22:41:20 [INFO]    [PING OK] DE | 215ms
2026-02-16 22:41:22 [INFO]    [PING OK] DE | 205ms
2026-02-16 22:41:23 [INFO]    [PING OK] TR | 266ms
2026-02-16 22:41:23 [INFO]    [PING OK] DE | 452ms
2026-02-16 22:41:24 [INFO]    [PING OK] MD | 195ms
2026-02-16 22:41:24 [INFO]    [PING OK] LV | 178ms
2026-02-16 22:41:24 [INFO]    [PING OK] LV | 370ms
2026-02-16 22:41:28 [INFO] 🏎️ ЭТАП 2: Глубокий замер скорости для ТОП-10 серверов...
2026-02-16 22:41:31 [INFO]    🏆 GR | Пинг: 86ms | Скорость: 9.17 Mbps ⚡⚡
2026-02-16 22:41:31 [INFO]    🏆 PL | Пинг: 120ms | Скорость: 9.06 Mbps ⚡⚡
2026-02-16 22:41:31 [INFO]    🏆 FI | Пинг: 124ms | Скорость: 9.02 Mbps ⚡⚡
2026-02-16 22:41:31 [INFO]    🏆 PL | Пинг: 124ms | Скорость: 9.32 Mbps ⚡⚡
2026-02-16 22:41:31 [INFO]    🏆 PL | Пинг: 126ms | Скорость: 8.98 Mbps ⚡⚡
2026-02-16 22:41:31 [INFO]    🏆 FI | Пинг: 129ms | Скорость: 8.99 Mbps ⚡⚡
2026-02-16 22:41:31 [INFO]    🏆 DE | Пинг: 138ms | Скорость: 9.47 Mbps ⚡⚡
2026-02-16 22:41:31 [INFO]    🏆 DE | Пинг: 142ms | Скорость: 9.28 Mbps ⚡⚡
2026-02-16 22:41:31 [INFO]    🏆 DE | Пинг: 153ms | Скорость: 9.27 Mbps ⚡⚡
2026-02-16 22:41:31 [INFO]    🏆 RU | Пинг: 61ms | Скорость: 9.37 Mbps ⚡⚡
2026-02-16 22:41:31 [INFO] 🇷🇺 Добавлен RU сервер: 109.120.190.78
2026-02-16 22:41:31 [INFO] 📊 Итого в подписке сохранено: 10 серверов
2026-02-16 22:41:31 [INFO] 💾 Файл успешно сохранен: FL1PVPN
