2026-02-24 10:30:06 [INFO] 🚀 START: Smart Selector (Target: 10, ONLY FOREIGN)
2026-02-24 10:30:06 [INFO] 🌐 Загрузка источников (VLESS + VMess)...
2026-02-24 10:30:07 [INFO] 🔍 Уникальных конфигов собрано: 228
2026-02-24 10:30:07 [INFO] ⚡ ЭТАП 1: Замер Пинга и Геолокации. Workers: 40...
2026-02-24 10:30:12 [INFO]    [PING OK] PL | VLESS | 4299ms
2026-02-24 10:30:12 [INFO]    [PING OK] ES | VLESS | 4604ms
2026-02-24 10:30:12 [INFO]    [PING OK] ES | VLESS | 4252ms
2026-02-24 10:30:13 [INFO]    [PING OK] LV | VLESS | 4492ms
2026-02-24 10:30:13 [INFO]    [PING OK] IT | VLESS | 4486ms
2026-02-24 10:30:13 [INFO]    [PING OK] NL | VLESS | 5251ms
2026-02-24 10:30:13 [INFO]    [PING OK] HU | VLESS | 4332ms
2026-02-24 10:30:13 [INFO]    [PING OK] PL | VLESS | 5089ms
2026-02-24 10:30:13 [INFO]    [PING OK] PL | VLESS | 4410ms
2026-02-24 10:30:14 [INFO]    [PING OK] NL | VLESS | 5817ms
2026-02-24 10:30:14 [INFO]    [PING OK] ES | VLESS | 4396ms
2026-02-24 10:30:14 [INFO]    [PING OK] ES | VLESS | 4136ms
2026-02-24 10:30:14 [INFO]    [PING OK] IT | VLESS | 4256ms
2026-02-24 10:30:14 [INFO]    [PING OK] NL | VLESS | 6096ms
2026-02-24 10:30:15 [INFO]    [PING OK] NL | VLESS | 6462ms
2026-02-24 10:30:15 [INFO]    [PING OK] PL | VLESS | 4906ms
2026-02-24 10:30:15 [INFO]    [PING OK] ES | VLESS | 4679ms
2026-02-24 10:30:15 [INFO]    [PING OK] DE | VLESS | 4089ms
2026-02-24 10:30:15 [INFO]    [PING OK] NL | VLESS | 4671ms
2026-02-24 10:30:16 [INFO]    [PING OK] DE | VLESS | 5135ms
2026-02-24 10:30:16 [INFO]    [PING OK] ES | VLESS | 4343ms
2026-02-24 10:30:18 [INFO]    [PING OK] HU | VLESS | 5026ms
2026-02-24 10:30:18 [INFO]    [PING OK] DE | VLESS | 4227ms
2026-02-24 10:30:18 [INFO]    [PING OK] PL | VLESS | 3754ms
2026-02-24 10:30:18 [INFO]    [PING OK] HU | VLESS | 4168ms
2026-02-24 10:30:18 [INFO]    [PING OK] TR | VLESS | 3759ms
2026-02-24 10:30:18 [INFO]    [PING OK] FI | VLESS | 4055ms
2026-02-24 10:30:19 [INFO]    [PING OK] IT | VLESS | 3781ms
2026-02-24 10:30:19 [INFO]    [PING OK] NL | VLESS | 6399ms
2026-02-24 10:30:20 [INFO]    [PING OK] FI | VLESS | 3583ms
2026-02-24 10:30:20 [INFO]    [PING OK] DE | VLESS | 4411ms
2026-02-24 10:30:20 [INFO]    [PING OK] NL | VLESS | 5243ms
2026-02-24 10:30:20 [INFO]    [PING OK] TR | VLESS | 4032ms
2026-02-24 10:30:21 [INFO]    [PING OK] TR | VLESS | 3958ms
2026-02-24 10:30:21 [INFO]    [PING OK] NL | VLESS | 4010ms
2026-02-24 10:30:21 [INFO]    [PING OK] NL | VLESS | 6927ms
2026-02-24 10:30:21 [INFO]    [PING OK] DE | VLESS | 5438ms
2026-02-24 10:30:21 [INFO]    [PING OK] NL | VLESS | 3997ms
2026-02-24 10:30:22 [INFO]    [PING OK] LV | VLESS | 5973ms
2026-02-24 10:30:23 [INFO]    [PING OK] DE | VLESS | 4606ms
2026-02-24 10:30:23 [INFO]    [PING OK] DE | VLESS | 4052ms
2026-02-24 10:30:23 [INFO]    [PING OK] NL | VLESS | 4154ms
2026-02-24 10:30:24 [INFO]    [PING OK] KZ | VLESS | 4262ms
2026-02-24 10:30:26 [INFO]    [PING OK] NL | VLESS | 4126ms
2026-02-24 10:30:26 [INFO]    [PING OK] DE | VLESS | 6916ms
2026-02-24 10:30:26 [INFO]    [PING OK] EE | VLESS | 10464ms
2026-02-24 10:30:26 [INFO]    [PING OK] EE | VLESS | 3469ms
2026-02-24 10:30:27 [INFO]    [PING OK] NL | VLESS | 2571ms
2026-02-24 10:30:27 [INFO]    [PING OK] DE | VLESS | 2698ms
2026-02-24 10:30:27 [INFO]    [PING OK] SG | VLESS | 3628ms
2026-02-24 10:30:27 [INFO]    [PING OK] US | VLESS | 2813ms
2026-02-24 10:30:28 [INFO]    [PING OK] FI | VLESS | 2219ms
2026-02-24 10:30:28 [INFO]    [PING OK] DE | VLESS | 2603ms
2026-02-24 10:30:31 [INFO]    [PING OK] DE | VLESS | 3522ms
2026-02-24 10:30:31 [INFO]    [PING OK] TR | VLESS | 3535ms
2026-02-24 10:30:31 [INFO]    [PING OK] DE | VLESS | 3448ms
2026-02-24 10:30:31 [INFO]    [PING OK] DE | VLESS | 3405ms
2026-02-24 10:30:31 [INFO]    [PING OK] DE | VLESS | 3362ms
2026-02-24 10:30:32 [INFO]    [PING OK] LT | VLESS | 2561ms
2026-02-24 10:30:33 [INFO]    [PING OK] JP | VLESS | 1156ms
2026-02-24 10:30:43 [INFO]    [PING OK] GB | VLESS | 2969ms
2026-02-24 10:30:43 [INFO] 🏎️ ЭТАП 2: Глубокий замер скорости для 40 иностранных кандидатов...
2026-02-24 10:30:48 [INFO]    🏆 FI | VLESS | Пинг: 2219ms | Скорость: 4.9 Mbps ⚡⚡
2026-02-24 10:30:48 [INFO]    🏆 DE | VLESS | Пинг: 3448ms | Скорость: 5.03 Mbps ⚡⚡
2026-02-24 10:30:48 [INFO]    🏆 DE | VLESS | Пинг: 3405ms | Скорость: 4.98 Mbps ⚡⚡
2026-02-24 10:30:48 [INFO]    🏆 EE | VLESS | Пинг: 3469ms | Скорость: 5.07 Mbps ⚡⚡
2026-02-24 10:30:48 [INFO]    🏆 LT | VLESS | Пинг: 2561ms | Скорость: 4.86 Mbps ⚡⚡
2026-02-24 10:30:48 [INFO]    🏆 NL | VLESS | Пинг: 2571ms | Скорость: 4.84 Mbps ⚡⚡
2026-02-24 10:30:48 [INFO]    🏆 DE | VLESS | Пинг: 3522ms | Скорость: 5.09 Mbps ⚡⚡
2026-02-24 10:30:48 [INFO]    🏆 DE | VLESS | Пинг: 2698ms | Скорость: 4.74 Mbps ⚡⚡
2026-02-24 10:30:48 [INFO]    🏆 FI | VLESS | Пинг: 3583ms | Скорость: 4.99 Mbps ⚡⚡
2026-02-24 10:30:48 [INFO]    🏆 JP | VLESS | Пинг: 1156ms | Скорость: 4.37 Mbps ⚡⚡
2026-02-24 10:30:49 [INFO]    🏆 DE | VLESS | Пинг: 3362ms | Скорость: 4.42 Mbps ⚡⚡
2026-02-24 10:30:50 [INFO]    🏆 TR | VLESS | Пинг: 3535ms | Скорость: 3.59 Mbps ⚡⚡
2026-02-24 10:30:50 [INFO]    🏆 PL | VLESS | Пинг: 3754ms | Скорость: 12.16 Mbps ⚡⚡
2026-02-24 10:30:51 [INFO]    🏆 SG | VLESS | Пинг: 3628ms | Скорость: 10.84 Mbps ⚡⚡
2026-02-24 10:30:51 [INFO]    🏆 TR | VLESS | Пинг: 3759ms | Скорость: 7.72 Mbps ⚡⚡
2026-02-24 10:30:52 [INFO]    🏆 IT | VLESS | Пинг: 3781ms | Скорость: 6.9 Mbps ⚡⚡
2026-02-24 10:30:52 [INFO]    🏆 DE | VLESS | Пинг: 4052ms | Скорость: 7.08 Mbps ⚡⚡
2026-02-24 10:30:52 [INFO]    🏆 NL | VLESS | Пинг: 3997ms | Скорость: 6.89 Mbps ⚡⚡
2026-02-24 10:30:52 [INFO]    🏆 NL | VLESS | Пинг: 4010ms | Скорость: 6.96 Mbps ⚡⚡
2026-02-24 10:30:52 [INFO]    🏆 FI | VLESS | Пинг: 4055ms | Скорость: 6.89 Mbps ⚡⚡
2026-02-24 10:30:52 [INFO]    🏆 TR | VLESS | Пинг: 4032ms | Скорость: 6.86 Mbps ⚡⚡
2026-02-24 10:30:52 [INFO]    🏆 NL | VLESS | Пинг: 4126ms | Скорость: 6.99 Mbps ⚡⚡
2026-02-24 10:30:52 [INFO]    🏆 TR | VLESS | Пинг: 3958ms | Скорость: 6.54 Mbps ⚡⚡
2026-02-24 10:30:52 [INFO]    🏆 ES | VLESS | Пинг: 4136ms | Скорость: 7.2 Mbps ⚡⚡
2026-02-24 10:30:52 [INFO]    🏆 DE | VLESS | Пинг: 4089ms | Скорость: 6.33 Mbps ⚡⚡
2026-02-24 10:30:53 [INFO]    🏆 DE | VLESS | Пинг: 4227ms | Скорость: 8.4 Mbps ⚡⚡
2026-02-24 10:30:53 [INFO]    🏆 HU | VLESS | Пинг: 4168ms | Скорость: 6.99 Mbps ⚡⚡
2026-02-24 10:30:54 [INFO]    🏆 ES | VLESS | Пинг: 4252ms | Скорость: 6.65 Mbps ⚡⚡
2026-02-24 10:30:55 [INFO]    🏆 PL | VLESS | Пинг: 4299ms | Скорость: 9.84 Mbps ⚡⚡
2026-02-24 10:30:55 [INFO]    🏆 HU | VLESS | Пинг: 4332ms | Скорость: 9.94 Mbps ⚡⚡
2026-02-24 10:30:55 [INFO]    🏆 PL | VLESS | Пинг: 4410ms | Скорость: 9.9 Mbps ⚡⚡
2026-02-24 10:30:55 [INFO]    🏆 ES | VLESS | Пинг: 4343ms | Скорость: 9.64 Mbps ⚡⚡
2026-02-24 10:30:55 [INFO]    🏆 ES | VLESS | Пинг: 4396ms | Скорость: 9.74 Mbps ⚡⚡
2026-02-24 10:30:55 [INFO]    🏆 IT | VLESS | Пинг: 4256ms | Скорость: 7.8 Mbps ⚡⚡
2026-02-24 10:30:56 [INFO]    🏆 KZ | VLESS | Пинг: 4262ms | Скорость: 5.47 Mbps ⚡⚡
2026-02-24 10:30:59 [INFO] 📊 Итого в подписке сохранено иностранных серверов: 10
2026-02-24 10:30:59 [INFO] 💾 Файл успешно сохранен: FL1PVPN
