2026-02-17 22:30:06 [INFO] 🚀 START: Smart VLESS Selector (Target: 10, Strict Mode)
2026-02-17 22:30:06 [INFO] 🌐 Загрузка источников...
2026-02-17 22:30:08 [INFO] 🔍 Уникальных конфигов собрано: 351
2026-02-17 22:30:08 [INFO] ⚡ ЭТАП 1: Быстрый замер Пинга (Workers: 25)...
2026-02-17 22:30:09 [INFO]    [PING OK] RU | 226ms
2026-02-17 22:30:09 [INFO]    [PING OK] FI | 141ms
2026-02-17 22:30:09 [INFO]    [PING OK] DE | 193ms
2026-02-17 22:30:09 [INFO]    [PING OK] DE | 223ms
2026-02-17 22:30:09 [INFO]    [PING OK] DE | 313ms
2026-02-17 22:30:10 [INFO]    [PING OK] RU | 160ms
2026-02-17 22:30:10 [INFO]    [PING OK] LV | 220ms
2026-02-17 22:30:10 [INFO]    [PING OK] PL | 165ms
2026-02-17 22:30:10 [INFO]    [PING OK] DE | 139ms
2026-02-17 22:30:11 [INFO]    [PING OK] LT | 165ms
2026-02-17 22:30:11 [INFO]    [PING OK] DE | 1031ms
2026-02-17 22:30:11 [INFO]    [PING OK] LV | 193ms
2026-02-17 22:30:11 [INFO]    [PING OK] BG | 263ms
2026-02-17 22:30:11 [INFO]    [PING OK] US | 498ms
2026-02-17 22:30:11 [INFO]    [PING OK] FI | 2549ms
2026-02-17 22:30:11 [INFO]    [PING OK] NL | 178ms
2026-02-17 22:30:12 [INFO]    [PING OK] DE | 167ms
2026-02-17 22:30:12 [INFO]    [PING OK] FI | 251ms
2026-02-17 22:30:12 [INFO]    [PING OK] LT | 223ms
2026-02-17 22:30:12 [INFO]    [PING OK] NL | 174ms
2026-02-17 22:30:12 [INFO]    [PING OK] RU | 212ms
2026-02-17 22:30:13 [INFO]    [PING OK] LT | 163ms
2026-02-17 22:30:13 [INFO]    [PING OK] RU | 94ms
2026-02-17 22:30:13 [INFO]    [PING OK] RU | 212ms
2026-02-17 22:30:14 [INFO]    [PING OK] RU | 502ms
2026-02-17 22:30:14 [INFO]    [PING OK] RU | 592ms
2026-02-17 22:30:14 [INFO]    [PING OK] RU | 82ms
2026-02-17 22:30:14 [INFO]    [PING OK] RU | 237ms
2026-02-17 22:30:14 [INFO]    [PING OK] RU | 123ms
2026-02-17 22:30:14 [INFO]    [PING OK] RU | 269ms
2026-02-17 22:30:14 [INFO]    [PING OK] RU | 195ms
2026-02-17 22:30:14 [INFO]    [PING OK] RU | 248ms
2026-02-17 22:30:14 [INFO]    [PING OK] RU | 111ms
2026-02-17 22:30:14 [INFO]    [PING OK] RU | 381ms
2026-02-17 22:30:14 [INFO]    [PING OK] RU | 247ms
2026-02-17 22:30:14 [INFO]    [PING OK] RU | 202ms
2026-02-17 22:30:14 [INFO]    [PING OK] RU | 249ms
2026-02-17 22:30:15 [INFO]    [PING OK] RU | 233ms
2026-02-17 22:30:15 [INFO]    [PING OK] RU | 332ms
2026-02-17 22:30:15 [INFO]    [PING OK] RU | 263ms
2026-02-17 22:30:15 [INFO]    [PING OK] RU | 231ms
2026-02-17 22:30:15 [INFO]    [PING OK] RU | 93ms
2026-02-17 22:30:15 [INFO]    [PING OK] RU | 182ms
2026-02-17 22:30:15 [INFO]    [PING OK] RU | 392ms
2026-02-17 22:30:15 [INFO]    [PING OK] RU | 1520ms
2026-02-17 22:30:15 [INFO]    [PING OK] RU | 457ms
2026-02-17 22:30:15 [INFO]    [PING OK] RU | 240ms
2026-02-17 22:30:15 [INFO]    [PING OK] RU | 213ms
2026-02-17 22:30:15 [INFO]    [PING OK] RU | 307ms
2026-02-17 22:30:15 [INFO]    [PING OK] RU | 258ms
2026-02-17 22:30:16 [INFO]    [PING OK] RU | 165ms
2026-02-17 22:30:16 [INFO]    [PING OK] RU | 323ms
2026-02-17 22:30:16 [INFO]    [PING OK] RU | 519ms
2026-02-17 22:30:16 [INFO]    [PING OK] RU | 221ms
2026-02-17 22:30:16 [INFO]    [PING OK] RU | 613ms
2026-02-17 22:30:16 [INFO]    [PING OK] RU | 253ms
2026-02-17 22:30:16 [INFO]    [PING OK] RU | 195ms
2026-02-17 22:30:16 [INFO]    [PING OK] RU | 254ms
2026-02-17 22:30:16 [INFO]    [PING OK] RU | 301ms
2026-02-17 22:30:16 [INFO]    [PING OK] RU | 1052ms
2026-02-17 22:30:16 [INFO]    [PING OK] RU | 323ms
2026-02-17 22:30:16 [INFO]    [PING OK] RU | 470ms
2026-02-17 22:30:16 [INFO]    [PING OK] RU | 88ms
2026-02-17 22:30:16 [INFO]    [PING OK] RU | 138ms
2026-02-17 22:30:16 [INFO]    [PING OK] RU | 323ms
2026-02-17 22:30:16 [INFO]    [PING OK] RU | 312ms
2026-02-17 22:30:17 [INFO]    [PING OK] RU | 226ms
2026-02-17 22:30:17 [INFO]    [PING OK] RU | 211ms
2026-02-17 22:30:17 [INFO]    [PING OK] RU | 309ms
2026-02-17 22:30:17 [INFO]    [PING OK] RU | 876ms
2026-02-17 22:30:17 [INFO]    [PING OK] RU | 584ms
2026-02-17 22:30:17 [INFO]    [PING OK] RU | 674ms
2026-02-17 22:30:17 [INFO]    [PING OK] RU | 124ms
2026-02-17 22:30:17 [INFO]    [PING OK] RU | 286ms
2026-02-17 22:30:17 [INFO]    [PING OK] RU | 335ms
2026-02-17 22:30:17 [INFO]    [PING OK] RU | 248ms
2026-02-17 22:30:17 [INFO]    [PING OK] RU | 190ms
2026-02-17 22:30:17 [INFO]    [PING OK] RU | 445ms
2026-02-17 22:30:17 [INFO]    [PING OK] RU | 267ms
2026-02-17 22:30:17 [INFO]    [PING OK] RU | 147ms
2026-02-17 22:30:18 [INFO]    [PING OK] RU | 229ms
2026-02-17 22:30:18 [INFO]    [PING OK] RU | 280ms
2026-02-17 22:30:18 [INFO]    [PING OK] RU | 307ms
2026-02-17 22:30:18 [INFO]    [PING OK] RU | 315ms
2026-02-17 22:30:18 [INFO]    [PING OK] RU | 321ms
2026-02-17 22:30:18 [INFO]    [PING OK] RU | 303ms
2026-02-17 22:30:18 [INFO]    [PING OK] RU | 158ms
2026-02-17 22:30:18 [INFO]    [PING OK] RU | 109ms
2026-02-17 22:30:18 [INFO]    [PING OK] RU | 68ms
2026-02-17 22:30:18 [INFO]    [PING OK] DE | 566ms
2026-02-17 22:30:18 [INFO]    [PING OK] RU | 414ms
2026-02-17 22:30:18 [INFO]    [PING OK] RU | 243ms
2026-02-17 22:30:18 [INFO]    [PING OK] RU | 1363ms
2026-02-17 22:30:18 [INFO]    [PING OK] RU | 933ms
2026-02-17 22:30:19 [INFO]    [PING OK] RU | 153ms
2026-02-17 22:30:19 [INFO]    [PING OK] RU | 289ms
2026-02-17 22:30:19 [INFO]    [PING OK] RU | 564ms
2026-02-17 22:30:19 [INFO]    [PING OK] RU | 53ms
2026-02-17 22:30:19 [INFO]    [PING OK] RU | 289ms
2026-02-17 22:30:19 [INFO]    [PING OK] RU | 310ms
2026-02-17 22:30:19 [INFO]    [PING OK] RU | 253ms
2026-02-17 22:30:19 [INFO]    [PING OK] RU | 274ms
2026-02-17 22:30:19 [INFO]    [PING OK] RU | 273ms
2026-02-17 22:30:19 [INFO]    [PING OK] RU | 279ms
2026-02-17 22:30:20 [INFO]    [PING OK] RU | 3513ms
2026-02-17 22:30:20 [INFO]    [PING OK] RU | 409ms
2026-02-17 22:30:20 [INFO]    [PING OK] RU | 319ms
2026-02-17 22:30:20 [INFO]    [PING OK] US | 989ms
2026-02-17 22:30:20 [INFO]    [PING OK] RU | 713ms
2026-02-17 22:30:20 [INFO]    [PING OK] RU | 279ms
2026-02-17 22:30:20 [INFO]    [PING OK] RU | 164ms
2026-02-17 22:30:20 [INFO]    [PING OK] RU | 388ms
2026-02-17 22:30:20 [INFO]    [PING OK] RU | 230ms
2026-02-17 22:30:20 [INFO]    [PING OK] RU | 696ms
2026-02-17 22:30:20 [INFO]    [PING OK] RU | 3214ms
2026-02-17 22:30:20 [INFO]    [PING OK] RU | 2711ms
2026-02-17 22:30:20 [INFO]    [PING OK] RU | 526ms
2026-02-17 22:30:21 [INFO]    [PING OK] RU | 3548ms
2026-02-17 22:30:21 [INFO]    [PING OK] RU | 194ms
2026-02-17 22:30:21 [INFO]    [PING OK] RU | 150ms
2026-02-17 22:30:21 [INFO]    [PING OK] RU | 196ms
2026-02-17 22:30:21 [INFO]    [PING OK] RU | 70ms
2026-02-17 22:30:21 [INFO]    [PING OK] RU | 916ms
2026-02-17 22:30:21 [INFO]    [PING OK] RU | 57ms
2026-02-17 22:30:21 [INFO]    [PING OK] FI | 256ms
2026-02-17 22:30:21 [INFO]    [PING OK] RU | 694ms
2026-02-17 22:30:22 [INFO]    [PING OK] RU | 499ms
2026-02-17 22:30:22 [INFO]    [PING OK] FR | 617ms
2026-02-17 22:30:22 [INFO]    [PING OK] PL | 108ms
2026-02-17 22:30:23 [INFO]    [PING OK] RU | 4172ms
2026-02-17 22:30:23 [INFO]    [PING OK] RU | 2296ms
2026-02-17 22:30:24 [INFO]    [PING OK] GB | 174ms
2026-02-17 22:30:24 [INFO]    [PING OK] RU | 3140ms
2026-02-17 22:30:25 [INFO]    [PING OK] DE | 196ms
2026-02-17 22:30:26 [INFO]    [PING OK] HU | 343ms
2026-02-17 22:30:26 [INFO]    [PING OK] UZ | 280ms
2026-02-17 22:30:26 [INFO]    [PING OK] US | 470ms
2026-02-17 22:30:28 [INFO]    [PING OK] PL | 105ms
2026-02-17 22:30:29 [INFO]    [PING OK] JP | 410ms
2026-02-17 22:30:30 [INFO]    [PING OK] RU | 137ms
2026-02-17 22:30:32 [INFO]    [PING OK] NL | 231ms
2026-02-17 22:30:33 [INFO]    [PING OK] NL | 208ms
2026-02-17 22:30:33 [INFO]    [PING OK] AT | 250ms
2026-02-17 22:30:34 [INFO]    [PING OK] DE | 211ms
2026-02-17 22:30:34 [INFO]    [PING OK] PL | 167ms
2026-02-17 22:30:35 [INFO]    [PING OK] FI | 123ms
2026-02-17 22:30:35 [INFO]    [PING OK] DE | 486ms
2026-02-17 22:30:35 [INFO]    [PING OK] RU | 285ms
2026-02-17 22:30:35 [INFO]    [PING OK] AE | 233ms
2026-02-17 22:30:35 [INFO]    [PING OK] FR | 208ms
2026-02-17 22:30:44 [INFO] 🏎️ ЭТАП 2: Глубокий замер скорости для ТОП-10 серверов...
2026-02-17 22:30:51 [INFO]    🏆 PL | Пинг: 105ms | Скорость: 8.71 Mbps ⚡⚡
2026-02-17 22:30:51 [INFO]    🏆 PL | Пинг: 108ms | Скорость: 0.0 Mbps 
2026-02-17 22:30:51 [INFO]    🏆 FI | Пинг: 123ms | Скорость: 8.64 Mbps ⚡⚡
2026-02-17 22:30:51 [INFO]    🏆 DE | Пинг: 139ms | Скорость: 8.91 Mbps ⚡⚡
2026-02-17 22:30:51 [INFO]    🏆 FI | Пинг: 141ms | Скорость: 2.1 Mbps ⚡
2026-02-17 22:30:51 [INFO]    🏆 LT | Пинг: 163ms | Скорость: 7.05 Mbps ⚡⚡
2026-02-17 22:30:51 [INFO]    🏆 PL | Пинг: 165ms | Скорость: 9.07 Mbps ⚡⚡
2026-02-17 22:30:51 [INFO]    🏆 LT | Пинг: 165ms | Скорость: 8.71 Mbps ⚡⚡
2026-02-17 22:30:51 [INFO]    🏆 DE | Пинг: 167ms | Скорость: 8.67 Mbps ⚡⚡
2026-02-17 22:30:51 [INFO]    🏆 RU | Пинг: 53ms | Скорость: 8.82 Mbps ⚡⚡
2026-02-17 22:30:51 [INFO] 🇷🇺 Добавлен RU сервер: 85.192.32.30
2026-02-17 22:30:51 [INFO] 📊 Итого в подписке сохранено: 10 серверов
2026-02-17 22:30:51 [INFO] 💾 Файл успешно сохранен: FL1PVPN
