2026-02-25 12:40:06 [INFO] 🚀 START: Smart Selector (Target: 10, ONLY FOREIGN)
2026-02-25 12:40:06 [INFO] 🌐 Загрузка источников (VLESS + VMess)...
2026-02-25 12:40:06 [INFO] 🔍 Уникальных конфигов собрано: 199
2026-02-25 12:40:06 [INFO] ⚡ ЭТАП 1: Замер Пинга и Геолокации. Workers: 40...
2026-02-25 12:40:12 [INFO]    [PING OK] DE | VLESS | 4125ms
2026-02-25 12:40:12 [INFO]    [PING OK] FI | VLESS | 4335ms
2026-02-25 12:40:12 [INFO]    [PING OK] FI | VLESS | 4266ms
2026-02-25 12:40:12 [INFO]    [PING OK] FI | VLESS | 4405ms
2026-02-25 12:40:12 [INFO]    [PING OK] NL | VLESS | 4499ms
2026-02-25 12:40:12 [INFO]    [PING OK] DE | VLESS | 4644ms
2026-02-25 12:40:12 [INFO]    [PING OK] US | VLESS | 4112ms
2026-02-25 12:40:12 [INFO]    [PING OK] FI | VLESS | 4713ms
2026-02-25 12:40:12 [INFO]    [PING OK] DE | VLESS | 3801ms
2026-02-25 12:40:13 [INFO]    [PING OK] US | VLESS | 4268ms
2026-02-25 12:40:13 [INFO]    [PING OK] DE | VLESS | 5282ms
2026-02-25 12:40:13 [INFO]    [PING OK] DE | VLESS | 5251ms
2026-02-25 12:40:13 [INFO]    [PING OK] DE | VLESS | 4708ms
2026-02-25 12:40:13 [INFO]    [PING OK] DE | VLESS | 5032ms
2026-02-25 12:40:13 [INFO]    [PING OK] NL | VLESS | 3697ms
2026-02-25 12:40:13 [INFO]    [PING OK] FI | VLESS | 3642ms
2026-02-25 12:40:14 [INFO]    [PING OK] FI | VLESS | 4944ms
2026-02-25 12:40:14 [INFO]    [PING OK] FI | VLESS | 5585ms
2026-02-25 12:40:14 [INFO]    [PING OK] US | VLESS | 3563ms
2026-02-25 12:40:14 [INFO]    [PING OK] US | VLESS | 3772ms
2026-02-25 12:40:14 [INFO]    [PING OK] NL | VLESS | 5479ms
2026-02-25 12:40:15 [INFO]    [PING OK] DE | VLESS | 6441ms
2026-02-25 12:40:17 [INFO]    [PING OK] FI | VLESS | 4073ms
2026-02-25 12:40:18 [INFO]    [PING OK] FI | VLESS | 4625ms
2026-02-25 12:40:18 [INFO]    [PING OK] NL | VLESS | 4700ms
2026-02-25 12:40:18 [INFO]    [PING OK] DE | VLESS | 4586ms
2026-02-25 12:40:18 [INFO]    [PING OK] FI | VLESS | 4495ms
2026-02-25 12:40:18 [INFO]    [PING OK] FI | VLESS | 4661ms
2026-02-25 12:40:18 [INFO]    [PING OK] FI | VLESS | 4709ms
2026-02-25 12:40:18 [INFO]    [PING OK] NL | VLESS | 4727ms
2026-02-25 12:40:19 [INFO]    [PING OK] NL | VLESS | 5387ms
2026-02-25 12:40:21 [INFO]    [PING OK] US | VLESS | 4902ms
2026-02-25 12:40:21 [INFO]    [PING OK] DE | VLESS | 5220ms
2026-02-25 12:40:22 [INFO]    [PING OK] US | VLESS | 6101ms
2026-02-25 12:40:22 [INFO]    [PING OK] NL | VLESS | 7197ms
2026-02-25 12:40:22 [INFO]    [PING OK] US | VLESS | 5636ms
2026-02-25 12:40:22 [INFO]    [PING OK] CA | VLESS | 6641ms
2026-02-25 12:40:22 [INFO]    [PING OK] DE | VLESS | 5041ms
2026-02-25 12:40:23 [INFO]    [PING OK] US | VLESS | 5057ms
2026-02-25 12:40:23 [INFO]    [PING OK] US | VLESS | 5395ms
2026-02-25 12:40:24 [INFO]    [PING OK] GB | VLESS | 4848ms
2026-02-25 12:40:24 [INFO]    [PING OK] US | VLESS | 4960ms
2026-02-25 12:40:24 [INFO]    [PING OK] NL | VLESS | 5065ms
2026-02-25 12:40:25 [INFO]    [PING OK] US | VLESS | 5207ms
2026-02-25 12:40:26 [INFO]    [PING OK] US | VLESS | 7779ms
2026-02-25 12:40:26 [INFO]    [PING OK] NL | VLESS | 4254ms
2026-02-25 12:40:27 [INFO]    [PING OK] NL | VLESS | 7231ms
2026-02-25 12:40:27 [INFO]    [PING OK] DE | VLESS | 4118ms
2026-02-25 12:40:27 [INFO]    [PING OK] US | VLESS | 3708ms
2026-02-25 12:40:27 [INFO]    [PING OK] US | VLESS | 3745ms
2026-02-25 12:40:27 [INFO]    [PING OK] US | VLESS | 3729ms
2026-02-25 12:40:28 [INFO]    [PING OK] US | VLESS | 2400ms
2026-02-25 12:40:28 [INFO]    [PING OK] US | VLESS | 1557ms
2026-02-25 12:40:28 [INFO]    [PING OK] US | VLESS | 2901ms
2026-02-25 12:40:28 [INFO]    [PING OK] US | VLESS | 4682ms
2026-02-25 12:40:29 [INFO]    [PING OK] US | VLESS | 2976ms
2026-02-25 12:40:32 [INFO] 🏎️ ЭТАП 2: Глубокий замер скорости для 40 иностранных кандидатов...
2026-02-25 12:40:37 [INFO]    🏆 DE | VLESS | Пинг: 3801ms | Скорость: 5.83 Mbps ⚡⚡
2026-02-25 12:40:37 [INFO]    🏆 NL | VLESS | Пинг: 3697ms | Скорость: 5.53 Mbps ⚡⚡
2026-02-25 12:40:37 [INFO]    🏆 US | VLESS | Пинг: 3563ms | Скорость: 5.34 Mbps ⚡⚡
2026-02-25 12:40:37 [INFO]    🏆 FI | VLESS | Пинг: 4073ms | Скорость: 5.43 Mbps ⚡⚡
2026-02-25 12:40:37 [INFO]    🏆 DE | VLESS | Пинг: 4118ms | Скорость: 5.5 Mbps ⚡⚡
2026-02-25 12:40:37 [INFO]    🏆 US | VLESS | Пинг: 4112ms | Скорость: 5.43 Mbps ⚡⚡
2026-02-25 12:40:37 [INFO]    🏆 FI | VLESS | Пинг: 3642ms | Скорость: 5.13 Mbps ⚡⚡
2026-02-25 12:40:37 [INFO]    🏆 US | VLESS | Пинг: 3772ms | Скорость: 5.3 Mbps ⚡⚡
2026-02-25 12:40:39 [INFO]    🏆 US | VLESS | Пинг: 3708ms | Скорость: 3.56 Mbps ⚡⚡
2026-02-25 12:40:39 [INFO]    🏆 US | VLESS | Пинг: 1557ms | Скорость: 0.76 Mbps 
2026-02-25 12:40:39 [INFO]    🏆 US | VLESS | Пинг: 2901ms | Скорость: 2.67 Mbps ⚡
2026-02-25 12:40:40 [INFO]    🏆 US | VLESS | Пинг: 2400ms | Скорость: 2.42 Mbps ⚡
2026-02-25 12:40:40 [INFO]    🏆 NL | VLESS | Пинг: 4254ms | Скорость: 7.81 Mbps ⚡⚡
2026-02-25 12:40:41 [INFO]    🏆 DE | VLESS | Пинг: 4644ms | Скорость: 6.77 Mbps ⚡⚡
2026-02-25 12:40:41 [INFO]    🏆 US | VLESS | Пинг: 4268ms | Скорость: 5.99 Mbps ⚡⚡
2026-02-25 12:40:41 [INFO]    🏆 FI | VLESS | Пинг: 4266ms | Скорость: 6.05 Mbps ⚡⚡
2026-02-25 12:40:41 [INFO]    🏆 FI | VLESS | Пинг: 4625ms | Скорость: 6.34 Mbps ⚡⚡
2026-02-25 12:40:41 [INFO]    🏆 FI | VLESS | Пинг: 4335ms | Скорость: 5.94 Mbps ⚡⚡
2026-02-25 12:40:41 [INFO]    🏆 FI | VLESS | Пинг: 4495ms | Скорость: 6.07 Mbps ⚡⚡
2026-02-25 12:40:42 [INFO]    🏆 FI | VLESS | Пинг: 4405ms | Скорость: 4.56 Mbps ⚡⚡
2026-02-25 12:40:43 [INFO]    🏆 NL | VLESS | Пинг: 4700ms | Скорость: 5.61 Mbps ⚡⚡
2026-02-25 12:40:43 [INFO]    🏆 US | VLESS | Пинг: 4682ms | Скорость: 5.45 Mbps ⚡⚡
2026-02-25 12:40:43 [INFO]    🏆 FI | VLESS | Пинг: 4661ms | Скорость: 5.1 Mbps ⚡⚡
2026-02-25 12:40:45 [INFO]    🏆 FI | VLESS | Пинг: 4944ms | Скорость: 5.94 Mbps ⚡⚡
2026-02-25 12:40:45 [INFO]    🏆 DE | VLESS | Пинг: 5041ms | Скорость: 5.97 Mbps ⚡⚡
2026-02-25 12:40:45 [INFO]    🏆 DE | VLESS | Пинг: 5032ms | Скорость: 5.89 Mbps ⚡⚡
2026-02-25 12:40:45 [INFO]    🏆 DE | VLESS | Пинг: 4708ms | Скорость: 4.49 Mbps ⚡⚡
2026-02-25 12:40:45 [INFO]    🏆 GB | VLESS | Пинг: 4848ms | Скорость: 5.56 Mbps ⚡⚡
2026-02-25 12:40:45 [INFO]    🏆 US | VLESS | Пинг: 4960ms | Скорость: 5.65 Mbps ⚡⚡
2026-02-25 12:40:45 [INFO]    🏆 US | VLESS | Пинг: 5057ms | Скорость: 5.66 Mbps ⚡⚡
2026-02-25 12:40:45 [INFO]    🏆 US | VLESS | Пинг: 4902ms | Скорость: 5.57 Mbps ⚡⚡
2026-02-25 12:40:47 [INFO]    🏆 FI | VLESS | Пинг: 4713ms | Скорость: 3.56 Mbps ⚡⚡
2026-02-25 12:40:47 [INFO] 📊 Итого в подписке сохранено иностранных серверов: 10
2026-02-25 12:40:47 [INFO] 💾 Файл успешно сохранен: FL1PVPN
