2026-02-25 23:50:06 [INFO] 🚀 START: Smart Selector (Target: 10, ONLY FOREIGN)
2026-02-25 23:50:06 [INFO] 🌐 Загрузка источников (VLESS + VMess)...
2026-02-25 23:50:07 [INFO] 🔍 Уникальных конфигов собрано: 136
2026-02-25 23:50:07 [INFO] ⚡ ЭТАП 1: Замер Пинга и Геолокации. Workers: 40...
2026-02-25 23:50:12 [INFO]    [PING OK] DE | VLESS | 4286ms
2026-02-25 23:50:12 [INFO]    [PING OK] NL | VLESS | 4331ms
2026-02-25 23:50:12 [INFO]    [PING OK] US | VLESS | 4466ms
2026-02-25 23:50:12 [INFO]    [PING OK] NL | VLESS | 4144ms
2026-02-25 23:50:12 [INFO]    [PING OK] NL | VLESS | 4318ms
2026-02-25 23:50:13 [INFO]    [PING OK] DE | VLESS | 4080ms
2026-02-25 23:50:13 [INFO]    [PING OK] DE | VLESS | 3987ms
2026-02-25 23:50:13 [INFO]    [PING OK] DE | VLESS | 4640ms
2026-02-25 23:50:13 [INFO]    [PING OK] DE | VLESS | 4348ms
2026-02-25 23:50:13 [INFO]    [PING OK] NL | VLESS | 4332ms
2026-02-25 23:50:13 [INFO]    [PING OK] NL | VLESS | 4119ms
2026-02-25 23:50:13 [INFO]    [PING OK] DE | VLESS | 3713ms
2026-02-25 23:50:13 [INFO]    [PING OK] FI | VLESS | 4807ms
2026-02-25 23:50:13 [INFO]    [PING OK] DE | VLESS | 4568ms
2026-02-25 23:50:13 [INFO]    [PING OK] DE | VLESS | 3769ms
2026-02-25 23:50:13 [INFO]    [PING OK] DE | VLESS | 4856ms
2026-02-25 23:50:13 [INFO]    [PING OK] DE | VLESS | 4299ms
2026-02-25 23:50:13 [INFO]    [PING OK] DE | VLESS | 3937ms
2026-02-25 23:50:13 [INFO]    [PING OK] NL | VLESS | 4251ms
2026-02-25 23:50:13 [INFO]    [PING OK] DE | VLESS | 3644ms
2026-02-25 23:50:13 [INFO]    [PING OK] NL | VLESS | 4636ms
2026-02-25 23:50:14 [INFO]    [PING OK] FI | VLESS | 3194ms
2026-02-25 23:50:16 [INFO]    [PING OK] DE | VLESS | 4721ms
2026-02-25 23:50:16 [INFO]    [PING OK] DE | VLESS | 4433ms
2026-02-25 23:50:18 [INFO]    [PING OK] DE | VLESS | 5124ms
2026-02-25 23:50:19 [INFO]    [PING OK] NL | VLESS | 5143ms
2026-02-25 23:50:19 [INFO]    [PING OK] NL | VLESS | 5327ms
2026-02-25 23:50:19 [INFO]    [PING OK] DE | VLESS | 5041ms
2026-02-25 23:50:19 [INFO]    [PING OK] NL | VLESS | 5013ms
2026-02-25 23:50:19 [INFO]    [PING OK] NL | VLESS | 5080ms
2026-02-25 23:50:19 [INFO]    [PING OK] GB | VLESS | 5103ms
2026-02-25 23:50:19 [INFO]    [PING OK] CA | VLESS | 5227ms
2026-02-25 23:50:19 [INFO]    [PING OK] NL | VLESS | 3576ms
2026-02-25 23:50:19 [INFO]    [PING OK] CA | VLESS | 5993ms
2026-02-25 23:50:19 [INFO]    [PING OK] LV | VLESS | 3663ms
2026-02-25 23:50:19 [INFO]    [PING OK] DE | VLESS | 3671ms
2026-02-25 23:50:19 [INFO]    [PING OK] US | VLESS | 4040ms
2026-02-25 23:50:20 [INFO]    [PING OK] FR | VLESS | 1437ms
2026-02-25 23:50:22 [INFO]    [PING OK] CA | VLESS | 7559ms
2026-02-25 23:50:24 [INFO]    [PING OK] CA | VLESS | 7800ms
2026-02-25 23:50:24 [INFO] 🏎️ ЭТАП 2: Глубокий замер скорости для 40 иностранных кандидатов...
2026-02-25 23:50:28 [INFO]    🏆 FI | VLESS | Пинг: 3194ms | Скорость: 6.44 Mbps ⚡⚡
2026-02-25 23:50:29 [INFO]    🏆 FR | VLESS | Пинг: 1437ms | Скорость: 5.62 Mbps ⚡⚡
2026-02-25 23:50:29 [INFO]    🏆 NL | VLESS | Пинг: 3576ms | Скорость: 5.52 Mbps ⚡⚡
2026-02-25 23:50:29 [INFO]    🏆 DE | VLESS | Пинг: 3671ms | Скорость: 5.55 Mbps ⚡⚡
2026-02-25 23:50:29 [INFO]    🏆 NL | VLESS | Пинг: 4251ms | Скорость: 5.81 Mbps ⚡⚡
2026-02-25 23:50:29 [INFO]    🏆 LV | VLESS | Пинг: 3663ms | Скорость: 5.39 Mbps ⚡⚡
2026-02-25 23:50:29 [INFO]    🏆 DE | VLESS | Пинг: 3644ms | Скорость: 5.35 Mbps ⚡⚡
2026-02-25 23:50:29 [INFO]    🏆 DE | VLESS | Пинг: 3769ms | Скорость: 5.5 Mbps ⚡⚡
2026-02-25 23:50:29 [INFO]    🏆 NL | VLESS | Пинг: 4144ms | Скорость: 5.69 Mbps ⚡⚡
2026-02-25 23:50:29 [INFO]    🏆 NL | VLESS | Пинг: 4119ms | Скорость: 5.71 Mbps ⚡⚡
2026-02-25 23:50:29 [INFO]    🏆 DE | VLESS | Пинг: 3713ms | Скорость: 5.4 Mbps ⚡⚡
2026-02-25 23:50:29 [INFO]    🏆 DE | VLESS | Пинг: 4080ms | Скорость: 5.54 Mbps ⚡⚡
2026-02-25 23:50:29 [INFO]    🏆 DE | VLESS | Пинг: 3937ms | Скорость: 5.42 Mbps ⚡⚡
2026-02-25 23:50:29 [INFO]    🏆 DE | VLESS | Пинг: 3987ms | Скорость: 5.46 Mbps ⚡⚡
2026-02-25 23:50:29 [INFO]    🏆 US | VLESS | Пинг: 4040ms | Скорость: 5.15 Mbps ⚡⚡
2026-02-25 23:50:31 [INFO]    🏆 DE | VLESS | Пинг: 4286ms | Скорость: 10.52 Mbps ⚡⚡
2026-02-25 23:50:32 [INFO]    🏆 DE | VLESS | Пинг: 4299ms | Скорость: 8.35 Mbps ⚡⚡
2026-02-25 23:50:33 [INFO]    🏆 NL | VLESS | Пинг: 4318ms | Скорость: 6.8 Mbps ⚡⚡
2026-02-25 23:50:33 [INFO]    🏆 NL | VLESS | Пинг: 4331ms | Скорость: 5.7 Mbps ⚡⚡
2026-02-25 23:50:33 [INFO]    🏆 DE | VLESS | Пинг: 4856ms | Скорость: 5.82 Mbps ⚡⚡
2026-02-25 23:50:33 [INFO]    🏆 DE | VLESS | Пинг: 4348ms | Скорость: 5.69 Mbps ⚡⚡
2026-02-25 23:50:33 [INFO]    🏆 NL | VLESS | Пинг: 4332ms | Скорость: 5.64 Mbps ⚡⚡
2026-02-25 23:50:33 [INFO]    🏆 US | VLESS | Пинг: 4466ms | Скорость: 5.69 Mbps ⚡⚡
2026-02-25 23:50:33 [INFO]    🏆 NL | VLESS | Пинг: 5013ms | Скорость: 6.01 Mbps ⚡⚡
2026-02-25 23:50:33 [INFO]    🏆 DE | VLESS | Пинг: 4568ms | Скорость: 5.65 Mbps ⚡⚡
2026-02-25 23:50:33 [INFO]    🏆 NL | VLESS | Пинг: 4636ms | Скорость: 5.72 Mbps ⚡⚡
2026-02-25 23:50:33 [INFO]    🏆 DE | VLESS | Пинг: 4640ms | Скорость: 5.7 Mbps ⚡⚡
2026-02-25 23:50:33 [INFO]    🏆 DE | VLESS | Пинг: 4721ms | Скорость: 5.78 Mbps ⚡⚡
2026-02-25 23:50:33 [INFO]    🏆 FI | VLESS | Пинг: 4807ms | Скорость: 5.54 Mbps ⚡⚡
2026-02-25 23:50:35 [INFO]    🏆 DE | VLESS | Пинг: 5041ms | Скорость: 6.09 Mbps ⚡⚡
2026-02-25 23:50:35 [INFO]    🏆 NL | VLESS | Пинг: 5080ms | Скорость: 8.13 Mbps ⚡⚡
2026-02-25 23:50:35 [INFO]    🏆 GB | VLESS | Пинг: 5103ms | Скорость: 9.55 Mbps ⚡⚡
2026-02-25 23:50:36 [INFO]    🏆 NL | VLESS | Пинг: 5327ms | Скорость: 8.94 Mbps ⚡⚡
2026-02-25 23:50:36 [INFO]    🏆 DE | VLESS | Пинг: 5124ms | Скорость: 8.77 Mbps ⚡⚡
2026-02-25 23:50:36 [INFO]    🏆 NL | VLESS | Пинг: 5143ms | Скорость: 9.07 Mbps ⚡⚡
2026-02-25 23:50:38 [INFO]    🏆 CA | VLESS | Пинг: 5993ms | Скорость: 5.35 Mbps ⚡⚡
2026-02-25 23:50:38 [INFO] 📊 Итого в подписке сохранено иностранных серверов: 10
2026-02-25 23:50:38 [INFO] 💾 Файл успешно сохранен: FL1PVPN
