2026-02-24 01:10:05 [INFO] 🚀 START: Smart Selector (Target: 10, ONLY FOREIGN)
2026-02-24 01:10:05 [INFO] 🌐 Загрузка источников (VLESS + VMess)...
2026-02-24 01:10:08 [INFO] 🔍 Уникальных конфигов собрано: 165
2026-02-24 01:10:08 [INFO] ⚡ ЭТАП 1: Замер Пинга и Геолокации. Workers: 40...
2026-02-24 01:10:13 [INFO]    [PING OK] HU | VLESS | 4323ms
2026-02-24 01:10:13 [INFO]    [PING OK] PL | VLESS | 4525ms
2026-02-24 01:10:13 [INFO]    [PING OK] HU | VLESS | 4385ms
2026-02-24 01:10:13 [INFO]    [PING OK] TR | VLESS | 4567ms
2026-02-24 01:10:14 [INFO]    [PING OK] PL | VLESS | 4307ms
2026-02-24 01:10:14 [INFO]    [PING OK] ES | VLESS | 4565ms
2026-02-24 01:10:14 [INFO]    [PING OK] DE | VLESS | 4672ms
2026-02-24 01:10:14 [INFO]    [PING OK] ES | VLESS | 4670ms
2026-02-24 01:10:14 [INFO]    [PING OK] DE | VLESS | 4590ms
2026-02-24 01:10:15 [INFO]    [PING OK] ES | VLESS | 4308ms
2026-02-24 01:10:15 [INFO]    [PING OK] IT | VLESS | 4127ms
2026-02-24 01:10:15 [INFO]    [PING OK] HU | VLESS | 4437ms
2026-02-24 01:10:15 [INFO]    [PING OK] ES | VLESS | 4416ms
2026-02-24 01:10:15 [INFO]    [PING OK] PL | VLESS | 4745ms
2026-02-24 01:10:15 [INFO]    [PING OK] PL | VLESS | 4900ms
2026-02-24 01:10:17 [INFO]    [PING OK] ES | VLESS | 5133ms
2026-02-24 01:10:19 [INFO]    [PING OK] PL | VLESS | 5573ms
2026-02-24 01:10:19 [INFO]    [PING OK] SE | VLESS | 5729ms
2026-02-24 01:10:19 [INFO]    [PING OK] DE | VLESS | 5868ms
2026-02-24 01:10:20 [INFO]    [PING OK] DE | VLESS | 5856ms
2026-02-24 01:10:20 [INFO]    [PING OK] DE | VLESS | 5867ms
2026-02-24 01:10:21 [INFO]    [PING OK] CA | VLESS | 6255ms
2026-02-24 01:10:21 [INFO]    [PING OK] DE | VLESS | 6363ms
2026-02-24 01:10:21 [INFO]    [PING OK] DE | VLESS | 6060ms
2026-02-24 01:10:21 [INFO]    [PING OK] US | VLESS | 6729ms
2026-02-24 01:10:21 [INFO]    [PING OK] NL | VLESS | 6359ms
2026-02-24 01:10:21 [INFO]    [PING OK] DE | VLESS | 6715ms
2026-02-24 01:10:21 [INFO]    [PING OK] DE | VLESS | 6163ms
2026-02-24 01:10:22 [INFO]    [PING OK] CA | VLESS | 7302ms
2026-02-24 01:10:22 [INFO]    [PING OK] DE | VLESS | 6061ms
2026-02-24 01:10:22 [INFO]    [PING OK] SE | VLESS | 5556ms
2026-02-24 01:10:23 [INFO]    [PING OK] SE | VLESS | 4837ms
2026-02-24 01:10:24 [INFO]    [PING OK] DE | VLESS | 4652ms
2026-02-24 01:10:24 [INFO]    [PING OK] DE | VLESS | 4680ms
2026-02-24 01:10:24 [INFO]    [PING OK] US | VLESS | 4829ms
2026-02-24 01:10:24 [INFO]    [PING OK] SE | VLESS | 4602ms
2026-02-24 01:10:24 [INFO]    [PING OK] FI | VLESS | 2030ms
2026-02-24 01:10:24 [INFO]    [PING OK] DE | VLESS | 2525ms
2026-02-24 01:10:24 [INFO]    [PING OK] SG | VLESS | 4022ms
2026-02-24 01:10:24 [INFO]    [PING OK] SE | VLESS | 2472ms
2026-02-24 01:10:25 [INFO]    [PING OK] NL | VLESS | 3822ms
2026-02-24 01:10:25 [INFO]    [PING OK] US | VLESS | 4300ms
2026-02-24 01:10:25 [INFO]    [PING OK] US | VLESS | 6150ms
2026-02-24 01:10:26 [INFO]    [PING OK] CA | VLESS | 6321ms
2026-02-24 01:10:26 [INFO]    [PING OK] CA | VLESS | 6187ms
2026-02-24 01:10:28 [INFO]    [PING OK] CA | VLESS | 9139ms
2026-02-24 01:10:29 [INFO] 🏎️ ЭТАП 2: Глубокий замер скорости для 40 иностранных кандидатов...
2026-02-24 01:10:34 [INFO]    🏆 HU | VLESS | Пинг: 4323ms | Скорость: 5.73 Mbps ⚡⚡
2026-02-24 01:10:34 [INFO]    🏆 IT | VLESS | Пинг: 4127ms | Скорость: 5.51 Mbps ⚡⚡
2026-02-24 01:10:34 [INFO]    🏆 HU | VLESS | Пинг: 4385ms | Скорость: 5.56 Mbps ⚡⚡
2026-02-24 01:10:34 [INFO]    🏆 PL | VLESS | Пинг: 4307ms | Скорость: 5.4 Mbps ⚡⚡
2026-02-24 01:10:34 [INFO]    🏆 DE | VLESS | Пинг: 2525ms | Скорость: 5.43 Mbps ⚡⚡
2026-02-24 01:10:34 [INFO]    🏆 HU | VLESS | Пинг: 4437ms | Скорость: 5.68 Mbps ⚡⚡
2026-02-24 01:10:34 [INFO]    🏆 ES | VLESS | Пинг: 4416ms | Скорость: 5.57 Mbps ⚡⚡
2026-02-24 01:10:34 [INFO]    🏆 FI | VLESS | Пинг: 2030ms | Скорость: 5.31 Mbps ⚡⚡
2026-02-24 01:10:34 [INFO]    🏆 SG | VLESS | Пинг: 4022ms | Скорость: 5.36 Mbps ⚡⚡
2026-02-24 01:10:34 [INFO]    🏆 PL | VLESS | Пинг: 4525ms | Скорость: 5.64 Mbps ⚡⚡
2026-02-24 01:10:34 [INFO]    🏆 NL | VLESS | Пинг: 3822ms | Скорость: 5.09 Mbps ⚡⚡
2026-02-24 01:10:34 [INFO]    🏆 ES | VLESS | Пинг: 4565ms | Скорость: 5.3 Mbps ⚡⚡
2026-02-24 01:10:34 [INFO]    🏆 ES | VLESS | Пинг: 4308ms | Скорость: 5.11 Mbps ⚡⚡
2026-02-24 01:10:34 [INFO]    🏆 US | VLESS | Пинг: 4300ms | Скорость: 4.72 Mbps ⚡⚡
2026-02-24 01:10:38 [INFO]    🏆 DE | VLESS | Пинг: 4680ms | Скорость: 5.63 Mbps ⚡⚡
2026-02-24 01:10:38 [INFO]    🏆 TR | VLESS | Пинг: 4567ms | Скорость: 5.38 Mbps ⚡⚡
2026-02-24 01:10:38 [INFO]    🏆 PL | VLESS | Пинг: 4745ms | Скорость: 5.43 Mbps ⚡⚡
2026-02-24 01:10:38 [INFO]    🏆 ES | VLESS | Пинг: 4670ms | Скорость: 5.45 Mbps ⚡⚡
2026-02-24 01:10:38 [INFO]    🏆 PL | VLESS | Пинг: 5573ms | Скорость: 5.7 Mbps ⚡⚡
2026-02-24 01:10:38 [INFO]    🏆 PL | VLESS | Пинг: 4900ms | Скорость: 5.54 Mbps ⚡⚡
2026-02-24 01:10:38 [INFO]    🏆 ES | VLESS | Пинг: 5133ms | Скорость: 5.53 Mbps ⚡⚡
2026-02-24 01:10:38 [INFO]    🏆 SE | VLESS | Пинг: 4837ms | Скорость: 5.22 Mbps ⚡⚡
2026-02-24 01:10:39 [INFO]    🏆 DE | VLESS | Пинг: 4652ms | Скорость: 4.86 Mbps ⚡⚡
2026-02-24 01:10:39 [INFO]    🏆 DE | VLESS | Пинг: 4590ms | Скорость: 4.83 Mbps ⚡⚡
2026-02-24 01:10:39 [INFO]    🏆 SE | VLESS | Пинг: 5729ms | Скорость: 5.3 Mbps ⚡⚡
2026-02-24 01:10:39 [INFO]    🏆 US | VLESS | Пинг: 4829ms | Скорость: 4.7 Mbps ⚡⚡
2026-02-24 01:10:41 [INFO]    🏆 DE | VLESS | Пинг: 5868ms | Скорость: 9.68 Mbps ⚡⚡
2026-02-24 01:10:41 [INFO]    🏆 DE | VLESS | Пинг: 5856ms | Скорость: 9.56 Mbps ⚡⚡
2026-02-24 01:10:42 [INFO]    🏆 DE | VLESS | Пинг: 6061ms | Скорость: 7.3 Mbps ⚡⚡
2026-02-24 01:10:42 [INFO]    🏆 DE | VLESS | Пинг: 5867ms | Скорость: 6.71 Mbps ⚡⚡
2026-02-24 01:10:42 [INFO]    🏆 CA | VLESS | Пинг: 6187ms | Скорость: 6.94 Mbps ⚡⚡
2026-02-24 01:10:42 [INFO]    🏆 DE | VLESS | Пинг: 6163ms | Скорость: 6.72 Mbps ⚡⚡
2026-02-24 01:10:42 [INFO]    🏆 DE | VLESS | Пинг: 6060ms | Скорость: 6.59 Mbps ⚡⚡
2026-02-24 01:10:42 [INFO]    🏆 CA | VLESS | Пинг: 6255ms | Скорость: 6.0 Mbps ⚡⚡
2026-02-24 01:10:45 [INFO] 📊 Итого в подписке сохранено иностранных серверов: 10
2026-02-24 01:10:45 [INFO] 💾 Файл успешно сохранен: FL1PVPN
