2026-02-18 22:00:05 [INFO] 🚀 START: Smart VLESS Selector (Target: 10, Strict Mode)
2026-02-18 22:00:05 [INFO] 🌐 Загрузка источников...
2026-02-18 22:00:08 [INFO] 🔍 Уникальных конфигов собрано: 699
2026-02-18 22:00:08 [INFO] ⚡ ЭТАП 1: Быстрый замер Пинга (Workers: 25)...
2026-02-18 22:00:09 [INFO]    [PING OK] RU | 224ms
2026-02-18 22:00:09 [INFO]    [PING OK] TR | 132ms
2026-02-18 22:00:09 [INFO]    [PING OK] TR | 152ms
2026-02-18 22:00:09 [INFO]    [PING OK] DE | 184ms
2026-02-18 22:00:09 [INFO]    [PING OK] LV | 209ms
2026-02-18 22:00:09 [INFO]    [PING OK] RU | 422ms
2026-02-18 22:00:10 [INFO]    [PING OK] DE | 163ms
2026-02-18 22:00:10 [INFO]    [PING OK] RU | 151ms
2026-02-18 22:00:11 [INFO]    [PING OK] IT | 637ms
2026-02-18 22:00:13 [INFO]    [PING OK] FR | 4034ms
2026-02-18 22:00:17 [INFO]    [PING OK] RU | 62ms
2026-02-18 22:00:17 [INFO]    [PING OK] DE | 637ms
2026-02-18 22:00:19 [INFO]    [PING OK] RU | 336ms
2026-02-18 22:00:20 [INFO]    [PING OK] DE | 585ms
2026-02-18 22:00:21 [INFO]    [PING OK] RU | 491ms
2026-02-18 22:00:21 [INFO]    [PING OK] RU | 397ms
2026-02-18 22:00:23 [INFO]    [PING OK] JP | 921ms
2026-02-18 22:00:24 [INFO]    [PING OK] RU | 82ms
2026-02-18 22:00:24 [INFO]    [PING OK] RU | 290ms
2026-02-18 22:00:24 [INFO]    [PING OK] RU | 346ms
2026-02-18 22:00:25 [INFO]    [PING OK] RU | 211ms
2026-02-18 22:00:25 [INFO]    [PING OK] RU | 342ms
2026-02-18 22:00:26 [INFO]    [PING OK] RU | 213ms
2026-02-18 22:00:26 [INFO]    [PING OK] RU | 822ms
2026-02-18 22:00:26 [INFO]    [PING OK] RU | 213ms
2026-02-18 22:00:26 [INFO]    [PING OK] RU | 343ms
2026-02-18 22:00:27 [INFO]    [PING OK] RU | 341ms
2026-02-18 22:00:27 [INFO]    [PING OK] HU | 316ms
2026-02-18 22:00:27 [INFO]    [PING OK] RU | 259ms
2026-02-18 22:00:27 [INFO]    [PING OK] RU | 239ms
2026-02-18 22:00:27 [INFO]    [PING OK] RU | 221ms
2026-02-18 22:00:27 [INFO]    [PING OK] RU | 189ms
2026-02-18 22:00:27 [INFO]    [PING OK] RU | 1200ms
2026-02-18 22:00:27 [INFO]    [PING OK] RU | 217ms
2026-02-18 22:00:27 [INFO]    [PING OK] RU | 252ms
2026-02-18 22:00:28 [INFO]    [PING OK] RU | 291ms
2026-02-18 22:00:28 [INFO]    [PING OK] RU | 207ms
2026-02-18 22:00:28 [INFO]    [PING OK] RU | 238ms
2026-02-18 22:00:28 [INFO]    [PING OK] RU | 300ms
2026-02-18 22:00:28 [INFO]    [PING OK] RU | 265ms
2026-02-18 22:00:28 [INFO]    [PING OK] RU | 262ms
2026-02-18 22:00:28 [INFO]    [PING OK] RU | 281ms
2026-02-18 22:00:28 [INFO]    [PING OK] RU | 214ms
2026-02-18 22:00:29 [INFO]    [PING OK] RU | 355ms
2026-02-18 22:00:29 [INFO]    [PING OK] RU | 242ms
2026-02-18 22:00:29 [INFO]    [PING OK] RU | 228ms
2026-02-18 22:00:29 [INFO]    [PING OK] RU | 228ms
2026-02-18 22:00:29 [INFO]    [PING OK] RU | 1371ms
2026-02-18 22:00:29 [INFO]    [PING OK] RU | 393ms
2026-02-18 22:00:29 [INFO]    [PING OK] RU | 273ms
2026-02-18 22:00:29 [INFO]    [PING OK] RU | 4101ms
2026-02-18 22:00:29 [INFO]    [PING OK] RU | 216ms
2026-02-18 22:00:29 [INFO]    [PING OK] RU | 1834ms
2026-02-18 22:00:29 [INFO]    [PING OK] RU | 235ms
2026-02-18 22:00:29 [INFO]    [PING OK] RU | 220ms
2026-02-18 22:00:30 [INFO]    [PING OK] RU | 302ms
2026-02-18 22:00:30 [INFO]    [PING OK] RU | 206ms
2026-02-18 22:00:30 [INFO]    [PING OK] RU | 4428ms
2026-02-18 22:00:30 [INFO]    [PING OK] RU | 426ms
2026-02-18 22:00:30 [INFO]    [PING OK] RU | 277ms
2026-02-18 22:00:30 [INFO]    [PING OK] RU | 471ms
2026-02-18 22:00:30 [INFO]    [PING OK] RU | 201ms
2026-02-18 22:00:30 [INFO]    [PING OK] RU | 234ms
2026-02-18 22:00:30 [INFO]    [PING OK] RU | 180ms
2026-02-18 22:00:30 [INFO]    [PING OK] RU | 354ms
2026-02-18 22:00:30 [INFO]    [PING OK] RU | 206ms
2026-02-18 22:00:30 [INFO]    [PING OK] RU | 490ms
2026-02-18 22:00:30 [INFO]    [PING OK] RU | 352ms
2026-02-18 22:00:30 [INFO]    [PING OK] RU | 447ms
2026-02-18 22:00:30 [INFO]    [PING OK] RU | 325ms
2026-02-18 22:00:30 [INFO]    [PING OK] RU | 196ms
2026-02-18 22:00:31 [INFO]    [PING OK] RU | 276ms
2026-02-18 22:00:31 [INFO]    [PING OK] UZ | 284ms
2026-02-18 22:00:32 [INFO]    [PING OK] NL | 317ms
2026-02-18 22:00:32 [INFO]    [PING OK] AE | 487ms
2026-02-18 22:00:32 [INFO]    [PING OK] RU | 2468ms
2026-02-18 22:00:32 [INFO]    [PING OK] RU | 3944ms
2026-02-18 22:00:33 [INFO]    [PING OK] PL | 110ms
2026-02-18 22:00:34 [INFO]    [PING OK] RU | 4193ms
2026-02-18 22:00:34 [INFO]    [PING OK] MD | 189ms
2026-02-18 22:00:34 [INFO]    [PING OK] IQ | 223ms
2026-02-18 22:00:35 [INFO]    [PING OK] DE | 196ms
2026-02-18 22:00:35 [INFO]    [PING OK] ES | 1258ms
2026-02-18 22:00:36 [INFO]    [PING OK] NL | 194ms
2026-02-18 22:00:36 [INFO]    [PING OK] MD | 187ms
2026-02-18 22:00:37 [INFO]    [PING OK] AT | 221ms
2026-02-18 22:00:37 [INFO]    [PING OK] IT | 591ms
2026-02-18 22:00:37 [INFO]    [PING OK] PL | 104ms
2026-02-18 22:00:37 [INFO]    [PING OK] DE | 210ms
2026-02-18 22:00:37 [INFO]    [PING OK] US | 618ms
2026-02-18 22:00:38 [INFO]    [PING OK] NL | 201ms
2026-02-18 22:00:38 [INFO]    [PING OK] JP | 1094ms
2026-02-18 22:00:39 [INFO]    [PING OK] FI | 206ms
2026-02-18 22:00:40 [INFO]    [PING OK] LV | 352ms
2026-02-18 22:00:41 [INFO]    [PING OK] IN | 732ms
2026-02-18 22:00:41 [INFO]    [PING OK] CY | 375ms
2026-02-18 22:00:41 [INFO]    [PING OK] HU | 1621ms
2026-02-18 22:00:42 [INFO]    [PING OK] SE | 153ms
2026-02-18 22:01:13 [INFO] 🏎️ ЭТАП 2: Глубокий замер скорости для ТОП-10 серверов...
2026-02-18 22:01:17 [INFO]    🏆 PL | Пинг: 104ms | Скорость: 0.0 Mbps 
2026-02-18 22:01:17 [INFO]    🏆 PL | Пинг: 110ms | Скорость: 8.3 Mbps ⚡⚡
2026-02-18 22:01:17 [INFO]    🏆 TR | Пинг: 132ms | Скорость: 8.23 Mbps ⚡⚡
2026-02-18 22:01:17 [INFO]    🏆 TR | Пинг: 152ms | Скорость: 8.43 Mbps ⚡⚡
2026-02-18 22:01:17 [INFO]    🏆 SE | Пинг: 153ms | Скорость: 8.4 Mbps ⚡⚡
2026-02-18 22:01:17 [INFO]    🏆 DE | Пинг: 163ms | Скорость: 8.52 Mbps ⚡⚡
2026-02-18 22:01:17 [INFO]    🏆 DE | Пинг: 184ms | Скорость: 8.54 Mbps ⚡⚡
2026-02-18 22:01:17 [INFO]    🏆 MD | Пинг: 187ms | Скорость: 8.77 Mbps ⚡⚡
2026-02-18 22:01:17 [INFO]    🏆 MD | Пинг: 189ms | Скорость: 8.74 Mbps ⚡⚡
2026-02-18 22:01:17 [INFO]    🏆 RU | Пинг: 62ms | Скорость: 8.93 Mbps ⚡⚡
2026-02-18 22:01:17 [INFO] 🇷🇺 Добавлен RU сервер: 85.239.47.127
2026-02-18 22:01:17 [INFO] 📊 Итого в подписке сохранено: 10 серверов
2026-02-18 22:01:17 [INFO] 💾 Файл успешно сохранен: FL1PVPN
