2026-02-24 01:00:05 [INFO] 🚀 START: Smart Selector (Target: 10, ONLY FOREIGN)
2026-02-24 01:00:05 [INFO] 🌐 Загрузка источников (VLESS + VMess)...
2026-02-24 01:00:07 [INFO] 🔍 Уникальных конфигов собрано: 166
2026-02-24 01:00:07 [INFO] ⚡ ЭТАП 1: Замер Пинга и Геолокации. Workers: 40...
2026-02-24 01:00:12 [INFO]    [PING OK] EE | VLESS | 4073ms
2026-02-24 01:00:12 [INFO]    [PING OK] US | VLESS | 4269ms
2026-02-24 01:00:12 [INFO]    [PING OK] TR | VLESS | 4013ms
2026-02-24 01:00:12 [INFO]    [PING OK] IT | VLESS | 4419ms
2026-02-24 01:00:12 [INFO]    [PING OK] DE | VLESS | 4297ms
2026-02-24 01:00:12 [INFO]    [PING OK] PL | VLESS | 4149ms
2026-02-24 01:00:13 [INFO]    [PING OK] ES | VLESS | 4174ms
2026-02-24 01:00:13 [INFO]    [PING OK] ES | VLESS | 4121ms
2026-02-24 01:00:13 [INFO]    [PING OK] HU | VLESS | 4377ms
2026-02-24 01:00:13 [INFO]    [PING OK] PL | VLESS | 4361ms
2026-02-24 01:00:13 [INFO]    [PING OK] ES | VLESS | 3779ms
2026-02-24 01:00:13 [INFO]    [PING OK] TR | VLESS | 4480ms
2026-02-24 01:00:13 [INFO]    [PING OK] FI | VLESS | 3751ms
2026-02-24 01:00:13 [INFO]    [PING OK] HU | VLESS | 4089ms
2026-02-24 01:00:13 [INFO]    [PING OK] PL | VLESS | 3897ms
2026-02-24 01:00:13 [INFO]    [PING OK] ES | VLESS | 3905ms
2026-02-24 01:00:13 [INFO]    [PING OK] ES | VLESS | 4101ms
2026-02-24 01:00:13 [INFO]    [PING OK] ES | VLESS | 3692ms
2026-02-24 01:00:13 [INFO]    [PING OK] PL | VLESS | 3940ms
2026-02-24 01:00:17 [INFO]    [PING OK] ES | VLESS | 4625ms
2026-02-24 01:00:18 [INFO]    [PING OK] JP | VLESS | 5128ms
2026-02-24 01:00:18 [INFO]    [PING OK] DE | VLESS | 4782ms
2026-02-24 01:00:18 [INFO]    [PING OK] DE | VLESS | 5060ms
2026-02-24 01:00:18 [INFO]    [PING OK] DE | VLESS | 4955ms
2026-02-24 01:00:18 [INFO]    [PING OK] SE | VLESS | 4617ms
2026-02-24 01:00:18 [INFO]    [PING OK] ES | VLESS | 5159ms
2026-02-24 01:00:18 [INFO]    [PING OK] NL | VLESS | 4497ms
2026-02-24 01:00:18 [INFO]    [PING OK] SE | VLESS | 5014ms
2026-02-24 01:00:18 [INFO]    [PING OK] DE | VLESS | 4629ms
2026-02-24 01:00:18 [INFO]    [PING OK] DE | VLESS | 4618ms
2026-02-24 01:00:18 [INFO]    [PING OK] DE | VLESS | 4797ms
2026-02-24 01:00:18 [INFO]    [PING OK] GB | VLESS | 4937ms
2026-02-24 01:00:18 [INFO]    [PING OK] US | VLESS | 5009ms
2026-02-24 01:00:19 [INFO]    [PING OK] SG | VLESS | 5203ms
2026-02-24 01:00:19 [INFO]    [PING OK] CA | VLESS | 6402ms
2026-02-24 01:00:20 [INFO]    [PING OK] SE | VLESS | 4306ms
2026-02-24 01:00:20 [INFO]    [PING OK] CA | VLESS | 6869ms
2026-02-24 01:00:21 [INFO]    [PING OK] SE | VLESS | 4914ms
2026-02-24 01:00:22 [INFO]    [PING OK] DE | VLESS | 4942ms
2026-02-24 01:00:22 [INFO]    [PING OK] CA | VLESS | 5286ms
2026-02-24 01:00:22 [INFO]    [PING OK] SE | VLESS | 4814ms
2026-02-24 01:00:23 [INFO]    [PING OK] NL | VLESS | 4641ms
2026-02-24 01:00:23 [INFO]    [PING OK] DE | VLESS | 4719ms
2026-02-24 01:00:23 [INFO]    [PING OK] CA | VLESS | 4902ms
2026-02-24 01:00:23 [INFO]    [PING OK] DE | VLESS | 4918ms
2026-02-24 01:00:23 [INFO]    [PING OK] DE | VLESS | 4621ms
2026-02-24 01:00:23 [INFO]    [PING OK] DE | VLESS | 4659ms
2026-02-24 01:00:23 [INFO]    [PING OK] DE | VLESS | 4844ms
2026-02-24 01:00:23 [INFO]    [PING OK] DE | VLESS | 4784ms
2026-02-24 01:00:24 [INFO]    [PING OK] DE | VLESS | 4287ms
2026-02-24 01:00:24 [INFO]    [PING OK] DE | VLESS | 4406ms
2026-02-24 01:00:24 [INFO]    [PING OK] NL | VLESS | 4439ms
2026-02-24 01:00:24 [INFO]    [PING OK] SE | VLESS | 3896ms
2026-02-24 01:00:24 [INFO]    [PING OK] CA | VLESS | 5186ms
2026-02-24 01:00:24 [INFO]    [PING OK] US | VLESS | 4212ms
2026-02-24 01:00:24 [INFO]    [PING OK] FI | VLESS | 2749ms
2026-02-24 01:00:24 [INFO]    [PING OK] SE | VLESS | 2979ms
2026-02-24 01:00:25 [INFO]    [PING OK] DE | VLESS | 2289ms
2026-02-24 01:00:25 [INFO]    [PING OK] US | VLESS | 1743ms
2026-02-24 01:00:25 [INFO]    [PING OK] DE | VLESS | 2149ms
2026-02-24 01:00:25 [INFO]    [PING OK] DE | VLESS | 2083ms
2026-02-24 01:00:25 [INFO]    [PING OK] SG | VLESS | 2409ms
2026-02-24 01:00:25 [INFO]    [PING OK] US | VLESS | 5803ms
2026-02-24 01:00:25 [INFO]    [PING OK] DE | VLESS | 3647ms
2026-02-24 01:00:27 [INFO]    [PING OK] CA | VLESS | 3808ms
2026-02-24 01:00:29 [INFO] 🏎️ ЭТАП 2: Глубокий замер скорости для 40 иностранных кандидатов...
2026-02-24 01:00:33 [INFO]    🏆 CA | VLESS | Пинг: 3808ms | Скорость: 6.24 Mbps ⚡⚡
2026-02-24 01:00:34 [INFO]    🏆 FI | VLESS | Пинг: 3751ms | Скорость: 6.09 Mbps ⚡⚡
2026-02-24 01:00:34 [INFO]    🏆 PL | VLESS | Пинг: 3897ms | Скорость: 6.15 Mbps ⚡⚡
2026-02-24 01:00:34 [INFO]    🏆 FI | VLESS | Пинг: 2749ms | Скорость: 5.82 Mbps ⚡⚡
2026-02-24 01:00:34 [INFO]    🏆 US | VLESS | Пинг: 1743ms | Скорость: 5.59 Mbps ⚡⚡
2026-02-24 01:00:34 [INFO]    🏆 ES | VLESS | Пинг: 3692ms | Скорость: 5.73 Mbps ⚡⚡
2026-02-24 01:00:34 [INFO]    🏆 ES | VLESS | Пинг: 3779ms | Скорость: 5.85 Mbps ⚡⚡
2026-02-24 01:00:34 [INFO]    🏆 ES | VLESS | Пинг: 3905ms | Скорость: 5.86 Mbps ⚡⚡
2026-02-24 01:00:34 [INFO]    🏆 SG | VLESS | Пинг: 2409ms | Скорость: 5.48 Mbps ⚡⚡
2026-02-24 01:00:34 [INFO]    🏆 SE | VLESS | Пинг: 3896ms | Скорость: 5.68 Mbps ⚡⚡
2026-02-24 01:00:34 [INFO]    🏆 DE | VLESS | Пинг: 2083ms | Скорость: 5.22 Mbps ⚡⚡
2026-02-24 01:00:37 [INFO]    🏆 TR | VLESS | Пинг: 4013ms | Скорость: 6.77 Mbps ⚡⚡
2026-02-24 01:00:37 [INFO]    🏆 PL | VLESS | Пинг: 3940ms | Скорость: 6.59 Mbps ⚡⚡
2026-02-24 01:00:37 [INFO]    🏆 EE | VLESS | Пинг: 4073ms | Скорость: 6.67 Mbps ⚡⚡
2026-02-24 01:00:37 [INFO]    🏆 HU | VLESS | Пинг: 4089ms | Скорость: 6.67 Mbps ⚡⚡
2026-02-24 01:00:38 [INFO]    🏆 PL | VLESS | Пинг: 4149ms | Скорость: 6.32 Mbps ⚡⚡
2026-02-24 01:00:38 [INFO]    🏆 ES | VLESS | Пинг: 4121ms | Скорость: 6.29 Mbps ⚡⚡
2026-02-24 01:00:38 [INFO]    🏆 ES | VLESS | Пинг: 4101ms | Скорость: 6.13 Mbps ⚡⚡
2026-02-24 01:00:38 [INFO]    🏆 ES | VLESS | Пинг: 4174ms | Скорость: 6.24 Mbps ⚡⚡
2026-02-24 01:00:38 [INFO]    🏆 DE | VLESS | Пинг: 4287ms | Скорость: 6.31 Mbps ⚡⚡
2026-02-24 01:00:38 [INFO]    🏆 SE | VLESS | Пинг: 4306ms | Скорость: 6.34 Mbps ⚡⚡
2026-02-24 01:00:38 [INFO]    🏆 PL | VLESS | Пинг: 4361ms | Скорость: 6.17 Mbps ⚡⚡
2026-02-24 01:00:38 [INFO]    🏆 HU | VLESS | Пинг: 4377ms | Скорость: 6.14 Mbps ⚡⚡
2026-02-24 01:00:38 [INFO]    🏆 US | VLESS | Пинг: 4269ms | Скорость: 5.33 Mbps ⚡⚡
2026-02-24 01:00:40 [INFO]    🏆 IT | VLESS | Пинг: 4419ms | Скорость: 8.39 Mbps ⚡⚡
2026-02-24 01:00:41 [INFO]    🏆 NL | VLESS | Пинг: 4439ms | Скорость: 8.06 Mbps ⚡⚡
2026-02-24 01:00:41 [INFO]    🏆 DE | VLESS | Пинг: 4618ms | Скорость: 9.12 Mbps ⚡⚡
2026-02-24 01:00:41 [INFO]    🏆 TR | VLESS | Пинг: 4480ms | Скорость: 8.09 Mbps ⚡⚡
2026-02-24 01:00:41 [INFO]    🏆 NL | VLESS | Пинг: 4497ms | Скорость: 9.02 Mbps ⚡⚡
2026-02-24 01:00:41 [INFO]    🏆 DE | VLESS | Пинг: 4629ms | Скорость: 9.85 Mbps ⚡⚡
2026-02-24 01:00:41 [INFO]    🏆 ES | VLESS | Пинг: 4625ms | Скорость: 9.73 Mbps ⚡⚡
2026-02-24 01:00:41 [INFO]    🏆 DE | VLESS | Пинг: 4297ms | Скорость: 1.94 Mbps ⚡
2026-02-24 01:00:41 [INFO]    🏆 DE | VLESS | Пинг: 4406ms | Скорость: 6.88 Mbps ⚡⚡
2026-02-24 01:00:44 [INFO] 📊 Итого в подписке сохранено иностранных серверов: 10
2026-02-24 01:00:44 [INFO] 💾 Файл успешно сохранен: FL1PVPN
