2026-02-22 03:40:05 [INFO] 🚀 START: Smart Selector (Target: 10, ONLY FOREIGN)
2026-02-22 03:40:05 [INFO] 🌐 Загрузка источников (VLESS + VMess)...
2026-02-22 03:40:09 [INFO] 🔍 Уникальных конфигов собрано: 255
2026-02-22 03:40:09 [INFO] ⚡ ЭТАП 1: Замер Пинга и Геолокации. Workers: 40...
2026-02-22 03:40:15 [INFO]    [PING OK] IT | VLESS | 4456ms
2026-02-22 03:40:17 [INFO]    [PING OK] TR | VLESS | 4020ms
2026-02-22 03:40:20 [INFO]    [PING OK] IT | VLESS | 3663ms
2026-02-22 03:40:20 [INFO]    [PING OK] PL | VLESS | 4298ms
2026-02-22 03:40:20 [INFO]    [PING OK] ES | VLESS | 4301ms
2026-02-22 03:40:20 [INFO]    [PING OK] ES | VLESS | 4483ms
2026-02-22 03:40:20 [INFO]    [PING OK] PL | VLESS | 4434ms
2026-02-22 03:40:20 [INFO]    [PING OK] PL | VLESS | 4755ms
2026-02-22 03:40:20 [INFO]    [PING OK] IT | VLESS | 4613ms
2026-02-22 03:40:21 [INFO]    [PING OK] HU | VLESS | 5046ms
2026-02-22 03:40:21 [INFO]    [PING OK] DE | VLESS | 4507ms
2026-02-22 03:40:21 [INFO]    [PING OK] PL | VLESS | 4299ms
2026-02-22 03:40:21 [INFO]    [PING OK] ES | VLESS | 4470ms
2026-02-22 03:40:21 [INFO]    [PING OK] PL | VLESS | 4060ms
2026-02-22 03:40:21 [INFO]    [PING OK] ES | VLESS | 4301ms
2026-02-22 03:40:22 [INFO]    [PING OK] HU | VLESS | 4129ms
2026-02-22 03:40:22 [INFO]    [PING OK] HU | VLESS | 4000ms
2026-02-22 03:40:22 [INFO]    [PING OK] PL | VLESS | 4671ms
2026-02-22 03:40:25 [INFO]    [PING OK] EE | VLESS | 5252ms
2026-02-22 03:40:25 [INFO]    [PING OK] HU | VLESS | 5240ms
2026-02-22 03:40:26 [INFO]    [PING OK] CA | VLESS | 5895ms
2026-02-22 03:40:26 [INFO]    [PING OK] DE | VLESS | 5652ms
2026-02-22 03:40:26 [INFO]    [PING OK] PL | VLESS | 5180ms
2026-02-22 03:40:27 [INFO]    [PING OK] PL | VLESS | 5667ms
2026-02-22 03:40:27 [INFO]    [PING OK] NL | VLESS | 5341ms
2026-02-22 03:40:27 [INFO]    [PING OK] DE | VLESS | 5457ms
2026-02-22 03:40:28 [INFO]    [PING OK] FR | VLESS | 4735ms
2026-02-22 03:40:28 [INFO]    [PING OK] CA | VLESS | 4996ms
2026-02-22 03:40:29 [INFO]    [PING OK] DE | VLESS | 8439ms
2026-02-22 03:40:29 [INFO]    [PING OK] DE | VLESS | 4525ms
2026-02-22 03:40:30 [INFO]    [PING OK] US | VLESS | 4688ms
2026-02-22 03:40:30 [INFO]    [PING OK] CA | VLESS | 9235ms
2026-02-22 03:40:31 [INFO]    [PING OK] CA | VLESS | 8606ms
2026-02-22 03:40:31 [INFO]    [PING OK] CA | VLESS | 5377ms
2026-02-22 03:40:31 [INFO]    [PING OK] DE | VLESS | 3940ms
2026-02-22 03:40:31 [INFO]    [PING OK] FR | VLESS | 4680ms
2026-02-22 03:40:31 [INFO]    [PING OK] NL | VLESS | 3772ms
2026-02-22 03:40:32 [INFO]    [PING OK] DE | VLESS | 3571ms
2026-02-22 03:40:32 [INFO]    [PING OK] RS | VLESS | 3728ms
2026-02-22 03:40:32 [INFO]    [PING OK] DE | VLESS | 3848ms
2026-02-22 03:40:32 [INFO]    [PING OK] CA | VLESS | 4340ms
2026-02-22 03:40:32 [INFO]    [PING OK] CA | VLESS | 8072ms
2026-02-22 03:40:34 [INFO]    [PING OK] CA | VLESS | 6031ms
2026-02-22 03:40:34 [INFO]    [PING OK] DE | VLESS | 3405ms
2026-02-22 03:40:34 [INFO]    [PING OK] CA | VLESS | 7474ms
2026-02-22 03:40:34 [INFO]    [PING OK] DE | VLESS | 3343ms
2026-02-22 03:40:36 [INFO]    [PING OK] DE | VLESS | 3736ms
2026-02-22 03:40:36 [INFO]    [PING OK] CA | VLESS | 5882ms
2026-02-22 03:40:36 [INFO]    [PING OK] DE | VLESS | 3678ms
2026-02-22 03:40:37 [INFO]    [PING OK] US | VLESS | 3345ms
2026-02-22 03:40:37 [INFO]    [PING OK] CA | VLESS | 5024ms
2026-02-22 03:40:37 [INFO]    [PING OK] CA | VLESS | 3762ms
2026-02-22 03:40:38 [INFO]    [PING OK] CA | VLESS | 5510ms
2026-02-22 03:40:38 [INFO]    [PING OK] US | VLESS | 3026ms
2026-02-22 03:40:39 [INFO]    [PING OK] CA | VLESS | 5146ms
2026-02-22 03:40:39 [INFO]    [PING OK] CA | VLESS | 4497ms
2026-02-22 03:40:40 [INFO]    [PING OK] CA | VLESS | 7314ms
2026-02-22 03:40:41 [INFO]    [PING OK] CA | VLESS | 5878ms
2026-02-22 03:40:42 [INFO] 🏎️ ЭТАП 2: Глубокий замер скорости для 40 иностранных кандидатов...
2026-02-22 03:40:46 [INFO]    🏆 NL | VLESS | Пинг: 3772ms | Скорость: 5.75 Mbps ⚡⚡
2026-02-22 03:40:46 [INFO]    🏆 DE | VLESS | Пинг: 3848ms | Скорость: 5.76 Mbps ⚡⚡
2026-02-22 03:40:46 [INFO]    🏆 US | VLESS | Пинг: 3026ms | Скорость: 5.49 Mbps ⚡⚡
2026-02-22 03:40:46 [INFO]    🏆 DE | VLESS | Пинг: 3343ms | Скорость: 5.43 Mbps ⚡⚡
2026-02-22 03:40:46 [INFO]    🏆 DE | VLESS | Пинг: 3736ms | Скорость: 5.56 Mbps ⚡⚡
2026-02-22 03:40:46 [INFO]    🏆 HU | VLESS | Пинг: 4000ms | Скорость: 5.68 Mbps ⚡⚡
2026-02-22 03:40:46 [INFO]    🏆 TR | VLESS | Пинг: 4020ms | Скорость: 5.78 Mbps ⚡⚡
2026-02-22 03:40:46 [INFO]    🏆 IT | VLESS | Пинг: 3663ms | Скорость: 5.42 Mbps ⚡⚡
2026-02-22 03:40:46 [INFO]    🏆 DE | VLESS | Пинг: 3940ms | Скорость: 5.46 Mbps ⚡⚡
2026-02-22 03:40:46 [INFO]    🏆 RS | VLESS | Пинг: 3728ms | Скорость: 5.31 Mbps ⚡⚡
2026-02-22 03:40:46 [INFO]    🏆 DE | VLESS | Пинг: 3678ms | Скорость: 5.16 Mbps ⚡⚡
2026-02-22 03:40:47 [INFO]    🏆 DE | VLESS | Пинг: 3405ms | Скорость: 5.06 Mbps ⚡⚡
2026-02-22 03:40:47 [INFO]    🏆 US | VLESS | Пинг: 3345ms | Скорость: 4.78 Mbps ⚡⚡
2026-02-22 03:40:49 [INFO]    🏆 PL | VLESS | Пинг: 4060ms | Скорость: 10.88 Mbps ⚡⚡
2026-02-22 03:40:49 [INFO]    🏆 PL | VLESS | Пинг: 4298ms | Скорость: 10.53 Mbps ⚡⚡
2026-02-22 03:40:49 [INFO]    🏆 PL | VLESS | Пинг: 4299ms | Скорость: 9.7 Mbps ⚡⚡
2026-02-22 03:40:49 [INFO]    🏆 HU | VLESS | Пинг: 4129ms | Скорость: 8.99 Mbps ⚡⚡
2026-02-22 03:40:50 [INFO]    🏆 ES | VLESS | Пинг: 4470ms | Скорость: 8.23 Mbps ⚡⚡
2026-02-22 03:40:50 [INFO]    🏆 ES | VLESS | Пинг: 4483ms | Скорость: 8.35 Mbps ⚡⚡
2026-02-22 03:40:50 [INFO]    🏆 PL | VLESS | Пинг: 4434ms | Скорость: 8.01 Mbps ⚡⚡
2026-02-22 03:40:50 [INFO]    🏆 ES | VLESS | Пинг: 4301ms | Скорость: 8.16 Mbps ⚡⚡
2026-02-22 03:40:50 [INFO]    🏆 ES | VLESS | Пинг: 4301ms | Скорость: 7.34 Mbps ⚡⚡
2026-02-22 03:40:50 [INFO]    🏆 IT | VLESS | Пинг: 4456ms | Скорость: 6.85 Mbps ⚡⚡
2026-02-22 03:40:50 [INFO]    🏆 IT | VLESS | Пинг: 4613ms | Скорость: 6.54 Mbps ⚡⚡
2026-02-22 03:40:51 [INFO]    🏆 PL | VLESS | Пинг: 4671ms | Скорость: 12.14 Mbps ⚡⚡
2026-02-22 03:40:52 [INFO]    🏆 US | VLESS | Пинг: 4688ms | Скорость: 9.76 Mbps ⚡⚡
2026-02-22 03:40:52 [INFO]    🏆 HU | VLESS | Пинг: 5046ms | Скорость: 10.85 Mbps ⚡⚡
2026-02-22 03:40:52 [INFO]    🏆 PL | VLESS | Пинг: 4755ms | Скорость: 10.2 Mbps ⚡⚡
2026-02-22 03:40:52 [INFO]    🏆 PL | VLESS | Пинг: 5180ms | Скорость: 13.16 Mbps ⚡⚡
2026-02-22 03:40:53 [INFO]    🏆 FR | VLESS | Пинг: 4680ms | Скорость: 5.82 Mbps ⚡⚡
2026-02-22 03:40:53 [INFO]    🏆 FR | VLESS | Пинг: 4735ms | Скорость: 6.0 Mbps ⚡⚡
2026-02-22 03:40:53 [INFO] 📊 Итого в подписке сохранено иностранных серверов: 10
2026-02-22 03:40:53 [INFO] 💾 Файл успешно сохранен: FL1PVPN
