2026-02-17 00:10:05 [INFO] 🚀 START: Smart VLESS Selector (Target: 10, Strict Mode)
2026-02-17 00:10:05 [INFO] 🌐 Загрузка источников...
2026-02-17 00:10:08 [INFO] 🔍 Уникальных конфигов собрано: 604
2026-02-17 00:10:08 [INFO] ⚡ ЭТАП 1: Быстрый замер Пинга (Workers: 25)...
2026-02-17 00:10:09 [INFO]    [PING OK] DE | 210ms
2026-02-17 00:10:09 [INFO]    [PING OK] FI | 82ms
2026-02-17 00:10:10 [INFO]    [PING OK] FR | 196ms
2026-02-17 00:10:10 [INFO]    [PING OK] DE | 188ms
2026-02-17 00:10:10 [INFO]    [PING OK] DE | 1643ms
2026-02-17 00:10:11 [INFO]    [PING OK] DE | 168ms
2026-02-17 00:10:13 [INFO]    [PING OK] NL | 149ms
2026-02-17 00:10:15 [INFO]    [PING OK] GB | 159ms
2026-02-17 00:10:16 [INFO]    [PING OK] DE | 490ms
2026-02-17 00:10:17 [INFO]    [PING OK] DE | 174ms
2026-02-17 00:10:17 [INFO]    [PING OK] FR | 190ms
2026-02-17 00:10:17 [INFO]    [PING OK] US | 696ms
2026-02-17 00:10:17 [INFO]    [PING OK] RU | 140ms
2026-02-17 00:10:17 [INFO]    [PING OK] RU | 166ms
2026-02-17 00:10:17 [INFO]    [PING OK] SG | 102ms
2026-02-17 00:10:18 [INFO]    [PING OK] DE | 307ms
2026-02-17 00:10:18 [INFO]    [PING OK] DE | 148ms
2026-02-17 00:10:19 [INFO]    [PING OK] RU | 220ms
2026-02-17 00:10:19 [INFO]    [PING OK] PL | 150ms
2026-02-17 00:10:20 [INFO]    [PING OK] RU | 231ms
2026-02-17 00:10:20 [INFO]    [PING OK] RU | 280ms
2026-02-17 00:10:20 [INFO]    [PING OK] RU | 84ms
2026-02-17 00:10:20 [INFO]    [PING OK] RU | 80ms
2026-02-17 00:10:20 [INFO]    [PING OK] RU | 301ms
2026-02-17 00:10:20 [INFO]    [PING OK] RU | 226ms
2026-02-17 00:10:20 [INFO]    [PING OK] RU | 248ms
2026-02-17 00:10:20 [INFO]    [PING OK] RU | 53ms
2026-02-17 00:10:20 [INFO]    [PING OK] RU | 160ms
2026-02-17 00:10:20 [INFO]    [PING OK] RU | 138ms
2026-02-17 00:10:21 [INFO]    [PING OK] PL | 155ms
2026-02-17 00:10:21 [INFO]    [PING OK] RU | 203ms
2026-02-17 00:10:21 [INFO]    [PING OK] RU | 208ms
2026-02-17 00:10:21 [INFO]    [PING OK] RU | 178ms
2026-02-17 00:10:21 [INFO]    [PING OK] RU | 111ms
2026-02-17 00:10:21 [INFO]    [PING OK] RU | 166ms
2026-02-17 00:10:21 [INFO]    [PING OK] RU | 264ms
2026-02-17 00:10:21 [INFO]    [PING OK] RU | 302ms
2026-02-17 00:10:21 [INFO]    [PING OK] RU | 249ms
2026-02-17 00:10:21 [INFO]    [PING OK] RU | 237ms
2026-02-17 00:10:21 [INFO]    [PING OK] US | 184ms
2026-02-17 00:10:22 [INFO]    [PING OK] RU | 198ms
2026-02-17 00:10:22 [INFO]    [PING OK] RU | 498ms
2026-02-17 00:10:22 [INFO]    [PING OK] RU | 79ms
2026-02-17 00:10:22 [INFO]    [PING OK] RU | 66ms
2026-02-17 00:10:22 [INFO]    [PING OK] RU | 186ms
2026-02-17 00:10:22 [INFO]    [PING OK] RU | 75ms
2026-02-17 00:10:22 [INFO]    [PING OK] RU | 199ms
2026-02-17 00:10:22 [INFO]    [PING OK] RU | 230ms
2026-02-17 00:10:22 [INFO]    [PING OK] RU | 89ms
2026-02-17 00:10:22 [INFO]    [PING OK] EE | 129ms
2026-02-17 00:10:22 [INFO]    [PING OK] RU | 185ms
2026-02-17 00:10:22 [INFO]    [PING OK] RU | 561ms
2026-02-17 00:10:23 [INFO]    [PING OK] RU | 249ms
2026-02-17 00:10:23 [INFO]    [PING OK] RU | 202ms
2026-02-17 00:10:23 [INFO]    [PING OK] RU | 161ms
2026-02-17 00:10:23 [INFO]    [PING OK] RU | 68ms
2026-02-17 00:10:23 [INFO]    [PING OK] RU | 114ms
2026-02-17 00:10:23 [INFO]    [PING OK] RU | 218ms
2026-02-17 00:10:23 [INFO]    [PING OK] RU | 60ms
2026-02-17 00:10:23 [INFO]    [PING OK] RU | 200ms
2026-02-17 00:10:23 [INFO]    [PING OK] RU | 304ms
2026-02-17 00:10:23 [INFO]    [PING OK] RU | 234ms
2026-02-17 00:10:23 [INFO]    [PING OK] RU | 251ms
2026-02-17 00:10:23 [INFO]    [PING OK] DE | 157ms
2026-02-17 00:10:23 [INFO]    [PING OK] RU | 79ms
2026-02-17 00:10:23 [INFO]    [PING OK] RU | 165ms
2026-02-17 00:10:24 [INFO]    [PING OK] RU | 250ms
2026-02-17 00:10:24 [INFO]    [PING OK] RU | 165ms
2026-02-17 00:10:24 [INFO]    [PING OK] RU | 85ms
2026-02-17 00:10:24 [INFO]    [PING OK] RU | 77ms
2026-02-17 00:10:24 [INFO]    [PING OK] RU | 215ms
2026-02-17 00:10:24 [INFO]    [PING OK] GB | 265ms
2026-02-17 00:10:24 [INFO]    [PING OK] RU | 926ms
2026-02-17 00:10:24 [INFO]    [PING OK] RU | 274ms
2026-02-17 00:10:24 [INFO]    [PING OK] RU | 191ms
2026-02-17 00:10:24 [INFO]    [PING OK] RU | 106ms
2026-02-17 00:10:24 [INFO]    [PING OK] RU | 217ms
2026-02-17 00:10:24 [INFO]    [PING OK] RU | 133ms
2026-02-17 00:10:24 [INFO]    [PING OK] HU | 313ms
2026-02-17 00:10:24 [INFO]    [PING OK] RU | 118ms
2026-02-17 00:10:25 [INFO]    [PING OK] DE | 166ms
2026-02-17 00:10:25 [INFO]    [PING OK] PL | 171ms
2026-02-17 00:10:25 [INFO]    [PING OK] RU | 339ms
2026-02-17 00:10:25 [INFO]    [PING OK] HU | 317ms
2026-02-17 00:10:25 [INFO]    [PING OK] RU | 194ms
2026-02-17 00:10:25 [INFO]    [PING OK] NL | 161ms
2026-02-17 00:10:25 [INFO]    [PING OK] RU | 104ms
2026-02-17 00:10:25 [INFO]    [PING OK] RU | 99ms
2026-02-17 00:10:25 [INFO]    [PING OK] RU | 79ms
2026-02-17 00:10:25 [INFO]    [PING OK] RU | 82ms
2026-02-17 00:10:25 [INFO]    [PING OK] RU | 175ms
2026-02-17 00:10:25 [INFO]    [PING OK] RU | 328ms
2026-02-17 00:10:25 [INFO]    [PING OK] RU | 354ms
2026-02-17 00:10:25 [INFO]    [PING OK] HU | 324ms
2026-02-17 00:10:25 [INFO]    [PING OK] RU | 75ms
2026-02-17 00:10:26 [INFO]    [PING OK] RU | 204ms
2026-02-17 00:10:26 [INFO]    [PING OK] RU | 203ms
2026-02-17 00:10:26 [INFO]    [PING OK] RU | 123ms
2026-02-17 00:10:26 [INFO]    [PING OK] RU | 132ms
2026-02-17 00:10:26 [INFO]    [PING OK] RU | 204ms
2026-02-17 00:10:26 [INFO]    [PING OK] GB | 257ms
2026-02-17 00:10:26 [INFO]    [PING OK] RU | 233ms
2026-02-17 00:10:26 [INFO]    [PING OK] RU | 49ms
2026-02-17 00:10:26 [INFO]    [PING OK] RU | 288ms
2026-02-17 00:10:26 [INFO]    [PING OK] RU | 198ms
2026-02-17 00:10:26 [INFO]    [PING OK] RU | 229ms
2026-02-17 00:10:26 [INFO]    [PING OK] RU | 78ms
2026-02-17 00:10:26 [INFO]    [PING OK] RU | 235ms
2026-02-17 00:10:26 [INFO]    [PING OK] RU | 328ms
2026-02-17 00:10:26 [INFO]    [PING OK] RU | 199ms
2026-02-17 00:10:26 [INFO]    [PING OK] RU | 1798ms
2026-02-17 00:10:26 [INFO]    [PING OK] RU | 59ms
2026-02-17 00:10:26 [INFO]    [PING OK] RU | 207ms
2026-02-17 00:10:26 [INFO]    [PING OK] RU | 1286ms
2026-02-17 00:10:27 [INFO]    [PING OK] GB | 290ms
2026-02-17 00:10:27 [INFO]    [PING OK] RU | 261ms
2026-02-17 00:10:27 [INFO]    [PING OK] RU | 280ms
2026-02-17 00:10:27 [INFO]    [PING OK] RU | 272ms
2026-02-17 00:10:27 [INFO]    [PING OK] RU | 329ms
2026-02-17 00:10:27 [INFO]    [PING OK] NL | 226ms
2026-02-17 00:10:27 [INFO]    [PING OK] RU | 410ms
2026-02-17 00:10:27 [INFO]    [PING OK] RU | 255ms
2026-02-17 00:10:27 [INFO]    [PING OK] RU | 233ms
2026-02-17 00:10:27 [INFO]    [PING OK] RU | 141ms
2026-02-17 00:10:27 [INFO]    [PING OK] RU | 180ms
2026-02-17 00:10:27 [INFO]    [PING OK] RU | 1212ms
2026-02-17 00:10:27 [INFO]    [PING OK] RU | 219ms
2026-02-17 00:10:27 [INFO]    [PING OK] RU | 575ms
2026-02-17 00:10:27 [INFO]    [PING OK] RU | 575ms
2026-02-17 00:10:28 [INFO]    [PING OK] RU | 4178ms
2026-02-17 00:10:28 [INFO]    [PING OK] RU | 239ms
2026-02-17 00:10:28 [INFO]    [PING OK] RU | 356ms
2026-02-17 00:10:28 [INFO]    [PING OK] NL | 1124ms
2026-02-17 00:10:28 [INFO]    [PING OK] RU | 2069ms
2026-02-17 00:10:28 [INFO]    [PING OK] RU | 485ms
2026-02-17 00:10:30 [INFO]    [PING OK] FR | 217ms
2026-02-17 00:10:34 [INFO]    [PING OK] PL | 129ms
2026-02-17 00:10:36 [INFO]    [PING OK] US | 464ms
2026-02-17 00:10:42 [INFO]    [PING OK] DE | 151ms
2026-02-17 00:10:44 [INFO]    [PING OK] US | 524ms
2026-02-17 00:10:45 [INFO]    [PING OK] PL | 106ms
2026-02-17 00:10:45 [INFO]    [PING OK] RU | 255ms
2026-02-17 00:10:47 [INFO]    [PING OK] FI | 225ms
2026-02-17 00:10:48 [INFO]    [PING OK] US | 903ms
2026-02-17 00:10:48 [INFO]    [PING OK] SE | 195ms
2026-02-17 00:10:49 [INFO]    [PING OK] US | 936ms
2026-02-17 00:10:50 [INFO]    [PING OK] FR | 167ms
2026-02-17 00:10:53 [INFO]    [PING OK] TR | 317ms
2026-02-17 00:10:54 [INFO]    [PING OK] US | 599ms
2026-02-17 00:10:55 [INFO]    [PING OK] AT | 204ms
2026-02-17 00:10:57 [INFO]    [PING OK] PL | 481ms
2026-02-17 00:10:59 [INFO]    [PING OK] PL | 134ms
2026-02-17 00:11:00 [INFO]    [PING OK] NL | 177ms
2026-02-17 00:11:04 [INFO]    [PING OK] PL | 482ms
2026-02-17 00:11:05 [INFO]    [PING OK] GR | 102ms
2026-02-17 00:11:05 [INFO]    [PING OK] DE | 192ms
2026-02-17 00:11:08 [INFO]    [PING OK] DE | 150ms
2026-02-17 00:11:12 [INFO]    [PING OK] TR | 249ms
2026-02-17 00:11:12 [INFO]    [PING OK] DE | 149ms
2026-02-17 00:11:15 [INFO]    [PING OK] PL | 304ms
2026-02-17 00:11:15 [INFO]    [PING OK] NL | 287ms
2026-02-17 00:11:16 [INFO]    [PING OK] DE | 156ms
2026-02-17 00:11:16 [INFO]    [PING OK] FI | 227ms
2026-02-17 00:11:17 [INFO]    [PING OK] DE | 480ms
2026-02-17 00:11:19 [INFO]    [PING OK] LV | 167ms
2026-02-17 00:11:19 [INFO]    [PING OK] MD | 134ms
2026-02-17 00:11:19 [INFO]    [PING OK] LV | 365ms
2026-02-17 00:11:23 [INFO] 🏎️ ЭТАП 2: Глубокий замер скорости для ТОП-10 серверов...
2026-02-17 00:11:27 [INFO]    🏆 FI | Пинг: 82ms | Скорость: 0.0 Mbps 
2026-02-17 00:11:27 [INFO]    🏆 SG | Пинг: 102ms | Скорость: 8.5 Mbps ⚡⚡
2026-02-17 00:11:27 [INFO]    🏆 GR | Пинг: 102ms | Скорость: 8.49 Mbps ⚡⚡
2026-02-17 00:11:27 [INFO]    🏆 PL | Пинг: 106ms | Скорость: 8.57 Mbps ⚡⚡
2026-02-17 00:11:27 [INFO]    🏆 EE | Пинг: 129ms | Скорость: 8.47 Mbps ⚡⚡
2026-02-17 00:11:27 [INFO]    🏆 PL | Пинг: 129ms | Скорость: 9.03 Mbps ⚡⚡
2026-02-17 00:11:27 [INFO]    🏆 PL | Пинг: 134ms | Скорость: 8.95 Mbps ⚡⚡
2026-02-17 00:11:27 [INFO]    🏆 MD | Пинг: 134ms | Скорость: 9.3 Mbps ⚡⚡
2026-02-17 00:11:27 [INFO]    🏆 DE | Пинг: 148ms | Скорость: 9.21 Mbps ⚡⚡
2026-02-17 00:11:27 [INFO]    🏆 RU | Пинг: 49ms | Скорость: 9.53 Mbps ⚡⚡
2026-02-17 00:11:27 [INFO] 🇷🇺 Добавлен RU сервер: 85.192.32.30
2026-02-17 00:11:27 [INFO] 📊 Итого в подписке сохранено: 10 серверов
2026-02-17 00:11:27 [INFO] 💾 Файл успешно сохранен: FL1PVPN
