2026-02-26 16:00:05 [INFO] 🚀 START: Smart Selector (Target: 10, ONLY FOREIGN)
2026-02-26 16:00:05 [INFO] 🌐 Загрузка источников (VLESS + VMess)...
2026-02-26 16:00:07 [INFO] 🔍 Уникальных конфигов собрано: 305
2026-02-26 16:00:07 [INFO] ⚡ ЭТАП 1: Замер Пинга и Геолокации. Workers: 40...
2026-02-26 16:00:13 [INFO]    [PING OK] FI | VLESS | 5184ms
2026-02-26 16:00:13 [INFO]    [PING OK] FI | VLESS | 4802ms
2026-02-26 16:00:13 [INFO]    [PING OK] DE | VLESS | 5594ms
2026-02-26 16:00:13 [INFO]    [PING OK] NL | VLESS | 5593ms
2026-02-26 16:00:13 [INFO]    [PING OK] EE | VLESS | 5260ms
2026-02-26 16:00:14 [INFO]    [PING OK] NL | VLESS | 5565ms
2026-02-26 16:00:14 [INFO]    [PING OK] HK | VLESS | 5590ms
2026-02-26 16:00:14 [INFO]    [PING OK] NL | VLESS | 6483ms
2026-02-26 16:00:14 [INFO]    [PING OK] NL | VLESS | 5231ms
2026-02-26 16:00:16 [INFO]    [PING OK] TR | VLESS | 4585ms
2026-02-26 16:00:16 [INFO]    [PING OK] US | VLESS | 6884ms
2026-02-26 16:00:16 [INFO]    [PING OK] US | VLESS | 4852ms
2026-02-26 16:00:17 [INFO]    [PING OK] LT | VLESS | 4898ms
2026-02-26 16:00:19 [INFO]    [PING OK] LV | VLESS | 4226ms
2026-02-26 16:00:19 [INFO]    [PING OK] FI | VLESS | 4167ms
2026-02-26 16:00:19 [INFO]    [PING OK] DE | VLESS | 8283ms
2026-02-26 16:00:19 [INFO]    [PING OK] NL | VLESS | 3854ms
2026-02-26 16:00:19 [INFO]    [PING OK] NL | VLESS | 4311ms
2026-02-26 16:00:20 [INFO]    [PING OK] PL | VLESS | 4903ms
2026-02-26 16:00:21 [INFO]    [PING OK] FR | VLESS | 4234ms
2026-02-26 16:00:23 [INFO]    [PING OK] DE | VLESS | 4554ms
2026-02-26 16:00:23 [INFO]    [PING OK] DE | VLESS | 4566ms
2026-02-26 16:00:23 [INFO]    [PING OK] DE | VLESS | 4524ms
2026-02-26 16:00:23 [INFO]    [PING OK] FI | VLESS | 4359ms
2026-02-26 16:00:24 [INFO]    [PING OK] FR | VLESS | 4446ms
2026-02-26 16:00:24 [INFO]    [PING OK] DE | VLESS | 4674ms
2026-02-26 16:00:24 [INFO]    [PING OK] DE | VLESS | 4495ms
2026-02-26 16:00:24 [INFO]    [PING OK] DE | VLESS | 4672ms
2026-02-26 16:00:24 [INFO]    [PING OK] DE | VLESS | 4897ms
2026-02-26 16:00:25 [INFO]    [PING OK] DE | VLESS | 4241ms
2026-02-26 16:00:26 [INFO]    [PING OK] ES | VLESS | 4209ms
2026-02-26 16:00:26 [INFO]    [PING OK] NL | VLESS | 4684ms
2026-02-26 16:00:26 [INFO]    [PING OK] ES | VLESS | 4867ms
2026-02-26 16:00:27 [INFO]    [PING OK] FR | VLESS | 4431ms
2026-02-26 16:00:28 [INFO]    [PING OK] DE | VLESS | 4904ms
2026-02-26 16:00:29 [INFO]    [PING OK] US | VLESS | 4639ms
2026-02-26 16:00:29 [INFO]    [PING OK] TR | VLESS | 4206ms
2026-02-26 16:00:30 [INFO]    [PING OK] LV | VLESS | 4224ms
2026-02-26 16:00:30 [INFO]    [PING OK] DE | VLESS | 4302ms
2026-02-26 16:00:30 [INFO]    [PING OK] DE | VLESS | 7343ms
2026-02-26 16:00:30 [INFO]    [PING OK] CA | VLESS | 4119ms
2026-02-26 16:00:30 [INFO]    [PING OK] CH | VLESS | 4184ms
2026-02-26 16:00:30 [INFO]    [PING OK] US | VLESS | 4698ms
2026-02-26 16:00:30 [INFO]    [PING OK] DE | VLESS | 5468ms
2026-02-26 16:00:30 [INFO]    [PING OK] FR | VLESS | 4798ms
2026-02-26 16:00:31 [INFO]    [PING OK] PL | VLESS | 4087ms
2026-02-26 16:00:32 [INFO]    [PING OK] CA | VLESS | 4282ms
2026-02-26 16:00:32 [INFO]    [PING OK] NL | VLESS | 4439ms
2026-02-26 16:00:33 [INFO]    [PING OK] NL | VLESS | 4756ms
2026-02-26 16:00:33 [INFO]    [PING OK] DE | VLESS | 5019ms
2026-02-26 16:00:34 [INFO]    [PING OK] ES | VLESS | 5051ms
2026-02-26 16:00:34 [INFO]    [PING OK] NL | VLESS | 5238ms
2026-02-26 16:00:34 [INFO]    [PING OK] US | VLESS | 4526ms
2026-02-26 16:00:34 [INFO]    [PING OK] NL | VLESS | 4793ms
2026-02-26 16:00:34 [INFO]    [PING OK] TR | VLESS | 4950ms
2026-02-26 16:00:34 [INFO]    [PING OK] US | VLESS | 5309ms
2026-02-26 16:00:35 [INFO]    [PING OK] ES | VLESS | 5160ms
2026-02-26 16:00:35 [INFO]    [PING OK] FI | VLESS | 4747ms
2026-02-26 16:00:35 [INFO]    [PING OK] HK | VLESS | 4855ms
2026-02-26 16:00:36 [INFO]    [PING OK] ES | VLESS | 4826ms
2026-02-26 16:00:36 [INFO]    [PING OK] ES | VLESS | 5024ms
2026-02-26 16:00:36 [INFO]    [PING OK] TR | VLESS | 5067ms
2026-02-26 16:00:36 [INFO]    [PING OK] DE | VLESS | 4857ms
2026-02-26 16:00:36 [INFO]    [PING OK] DE | VLESS | 4697ms
2026-02-26 16:00:37 [INFO]    [PING OK] US | VLESS | 5045ms
2026-02-26 16:00:37 [INFO]    [PING OK] DE | VLESS | 6800ms
2026-02-26 16:00:38 [INFO]    [PING OK] PL | VLESS | 4369ms
2026-02-26 16:00:38 [INFO]    [PING OK] CA | VLESS | 4934ms
2026-02-26 16:00:38 [INFO]    [PING OK] CA | VLESS | 4985ms
2026-02-26 16:00:39 [INFO]    [PING OK] CA | VLESS | 5171ms
2026-02-26 16:00:39 [INFO]    [PING OK] DE | VLESS | 4142ms
2026-02-26 16:00:40 [INFO]    [PING OK] US | VLESS | 2294ms
2026-02-26 16:00:40 [INFO]    [PING OK] FR | VLESS | 2482ms
2026-02-26 16:00:40 [INFO]    [PING OK] GB | VLESS | 2707ms
2026-02-26 16:00:41 [INFO]    [PING OK] CA | VLESS | 4917ms
2026-02-26 16:00:41 [INFO]    [PING OK] CA | VLESS | 3067ms
2026-02-26 16:00:43 [INFO]    [PING OK] LV | VLESS | 5844ms
2026-02-26 16:00:45 [INFO] 🏎️ ЭТАП 2: Глубокий замер скорости для 40 иностранных кандидатов...
2026-02-26 16:00:48 [INFO]    🏆 LV | VLESS | Пинг: 4226ms | Скорость: 7.9 Mbps ⚡⚡
2026-02-26 16:00:48 [INFO]    🏆 LV | VLESS | Пинг: 4224ms | Скорость: 7.58 Mbps ⚡⚡
2026-02-26 16:00:48 [INFO]    🏆 FI | VLESS | Пинг: 4167ms | Скорость: 7.34 Mbps ⚡⚡
2026-02-26 16:00:49 [INFO]    🏆 TR | VLESS | Пинг: 4206ms | Скорость: 7.14 Mbps ⚡⚡
2026-02-26 16:00:49 [INFO]    🏆 CH | VLESS | Пинг: 4184ms | Скорость: 6.83 Mbps ⚡⚡
2026-02-26 16:00:49 [INFO]    🏆 NL | VLESS | Пинг: 3854ms | Скорость: 6.11 Mbps ⚡⚡
2026-02-26 16:00:50 [INFO]    🏆 US | VLESS | Пинг: 2294ms | Скорость: 4.83 Mbps ⚡⚡
2026-02-26 16:00:50 [INFO]    🏆 CA | VLESS | Пинг: 4119ms | Скорость: 4.35 Mbps ⚡⚡
2026-02-26 16:00:50 [INFO]    🏆 DE | VLESS | Пинг: 4142ms | Скорость: 4.42 Mbps ⚡⚡
2026-02-26 16:00:51 [INFO]    🏆 PL | VLESS | Пинг: 4369ms | Скорость: 12.65 Mbps ⚡⚡
2026-02-26 16:00:51 [INFO]    🏆 DE | VLESS | Пинг: 4241ms | Скорость: 9.46 Mbps ⚡⚡
2026-02-26 16:00:52 [INFO]    🏆 PL | VLESS | Пинг: 4087ms | Скорость: 1.92 Mbps ⚡
2026-02-26 16:00:52 [INFO]    🏆 NL | VLESS | Пинг: 4311ms | Скорость: 7.36 Mbps ⚡⚡
2026-02-26 16:00:52 [INFO]    🏆 FR | VLESS | Пинг: 4446ms | Скорость: 13.84 Mbps ⚡⚡
2026-02-26 16:00:52 [INFO]    🏆 CA | VLESS | Пинг: 4282ms | Скорость: 6.15 Mbps ⚡⚡
2026-02-26 16:00:53 [INFO]    🏆 DE | VLESS | Пинг: 4495ms | Скорость: 10.22 Mbps ⚡⚡
2026-02-26 16:00:54 [INFO]    🏆 NL | VLESS | Пинг: 4439ms | Скорость: 5.43 Mbps ⚡⚡
2026-02-26 16:00:55 [INFO]    🏆 DE | VLESS | Пинг: 4566ms | Скорость: 9.13 Mbps ⚡⚡
2026-02-26 16:00:55 [INFO]    🏆 DE | VLESS | Пинг: 4672ms | Скорость: 8.69 Mbps ⚡⚡
2026-02-26 16:00:55 [INFO]    🏆 TR | VLESS | Пинг: 4585ms | Скорость: 7.65 Mbps ⚡⚡
2026-02-26 16:00:55 [INFO]    🏆 DE | VLESS | Пинг: 4674ms | Скорость: 8.59 Mbps ⚡⚡
2026-02-26 16:00:56 [INFO]    🏆 FI | VLESS | Пинг: 4747ms | Скорость: 8.86 Mbps ⚡⚡
2026-02-26 16:00:56 [INFO]    🏆 DE | VLESS | Пинг: 4554ms | Скорость: 5.54 Mbps ⚡⚡
2026-02-26 16:00:56 [INFO]    🏆 NL | VLESS | Пинг: 4756ms | Скорость: 9.74 Mbps ⚡⚡
2026-02-26 16:00:56 [INFO]    🏆 US | VLESS | Пинг: 4526ms | Скорость: 4.69 Mbps ⚡⚡
2026-02-26 16:00:58 [INFO]    🏆 FR | VLESS | Пинг: 4798ms | Скорость: 8.98 Mbps ⚡⚡
2026-02-26 16:00:58 [INFO]    🏆 NL | VLESS | Пинг: 4684ms | Скорость: 4.45 Mbps ⚡⚡
2026-02-26 16:00:59 [INFO]    🏆 NL | VLESS | Пинг: 4793ms | Скорость: 5.34 Mbps ⚡⚡
2026-02-26 16:00:59 [INFO] 📊 Итого в подписке сохранено иностранных серверов: 10
2026-02-26 16:00:59 [INFO] 💾 Файл успешно сохранен: FL1PVPN
