2026-02-26 09:10:06 [INFO] 🚀 START: Smart Selector (Target: 10, ONLY FOREIGN)
2026-02-26 09:10:06 [INFO] 🌐 Загрузка источников (VLESS + VMess)...
2026-02-26 09:10:08 [INFO] 🔍 Уникальных конфигов собрано: 415
2026-02-26 09:10:08 [INFO] ⚡ ЭТАП 1: Замер Пинга и Геолокации. Workers: 40...
2026-02-26 09:10:15 [INFO]    [PING OK] LT | VLESS | 6412ms
2026-02-26 09:10:15 [INFO]    [PING OK] DE | VLESS | 6300ms
2026-02-26 09:10:15 [INFO]    [PING OK] NL | VLESS | 6009ms
2026-02-26 09:10:15 [INFO]    [PING OK] LT | VLESS | 6340ms
2026-02-26 09:10:15 [INFO]    [PING OK] NL | VLESS | 6646ms
2026-02-26 09:10:15 [INFO]    [PING OK] NL | VLESS | 6422ms
2026-02-26 09:10:16 [INFO]    [PING OK] FI | VLESS | 6377ms
2026-02-26 09:10:16 [INFO]    [PING OK] DE | VLESS | 7028ms
2026-02-26 09:10:16 [INFO]    [PING OK] FI | VLESS | 5963ms
2026-02-26 09:10:16 [INFO]    [PING OK] DE | VLESS | 6864ms
2026-02-26 09:10:18 [INFO]    [PING OK] DE | VLESS | 6639ms
2026-02-26 09:10:18 [INFO]    [PING OK] NL | VLESS | 6132ms
2026-02-26 09:10:18 [INFO]    [PING OK] IT | VLESS | 7041ms
2026-02-26 09:10:18 [INFO]    [PING OK] IT | VLESS | 6119ms
2026-02-26 09:10:19 [INFO]    [PING OK] NL | VLESS | 5947ms
2026-02-26 09:10:19 [INFO]    [PING OK] DE | VLESS | 6564ms
2026-02-26 09:10:20 [INFO]    [PING OK] US | VLESS | 6230ms
2026-02-26 09:10:20 [INFO]    [PING OK] IT | VLESS | 6565ms
2026-02-26 09:10:22 [INFO]    [PING OK] PL | VLESS | 6277ms
2026-02-26 09:10:22 [INFO]    [PING OK] DE | VLESS | 6657ms
2026-02-26 09:10:22 [INFO]    [PING OK] FI | VLESS | 6341ms
2026-02-26 09:10:23 [INFO]    [PING OK] PL | VLESS | 6332ms
2026-02-26 09:10:23 [INFO]    [PING OK] ES | VLESS | 6603ms
2026-02-26 09:10:23 [INFO]    [PING OK] CA | VLESS | 6568ms
2026-02-26 09:10:24 [INFO]    [PING OK] PL | VLESS | 6007ms
2026-02-26 09:10:24 [INFO]    [PING OK] TR | VLESS | 6332ms
2026-02-26 09:10:25 [INFO]    [PING OK] DE | VLESS | 6790ms
2026-02-26 09:10:25 [INFO]    [PING OK] NG | VLESS | 6213ms
2026-02-26 09:10:26 [INFO]    [PING OK] NL | VLESS | 7220ms
2026-02-26 09:10:26 [INFO]    [PING OK] ES | VLESS | 6305ms
2026-02-26 09:10:27 [INFO]    [PING OK] TR | VLESS | 5882ms
2026-02-26 09:10:27 [INFO]    [PING OK] TR | VLESS | 5984ms
2026-02-26 09:10:27 [INFO]    [PING OK] HK | VLESS | 6370ms
2026-02-26 09:10:27 [INFO]    [PING OK] TR | VLESS | 5590ms
2026-02-26 09:10:27 [INFO]    [PING OK] NL | VLESS | 10950ms
2026-02-26 09:10:28 [INFO]    [PING OK] FI | VLESS | 5243ms
2026-02-26 09:10:30 [INFO]    [PING OK] DE | VLESS | 6433ms
2026-02-26 09:10:31 [INFO]    [PING OK] DE | VLESS | 6058ms
2026-02-26 09:10:31 [INFO]    [PING OK] PL | VLESS | 5508ms
2026-02-26 09:10:31 [INFO]    [PING OK] DE | VLESS | 5960ms
2026-02-26 09:10:31 [INFO]    [PING OK] TR | VLESS | 5127ms
2026-02-26 09:10:32 [INFO]    [PING OK] PL | VLESS | 5474ms
2026-02-26 09:10:33 [INFO]    [PING OK] CH | VLESS | 6901ms
2026-02-26 09:10:33 [INFO]    [PING OK] LV | VLESS | 5607ms
2026-02-26 09:10:34 [INFO]    [PING OK] US | VLESS | 6963ms
2026-02-26 09:10:34 [INFO]    [PING OK] EE | VLESS | 5835ms
2026-02-26 09:10:34 [INFO]    [PING OK] DE | VLESS | 6049ms
2026-02-26 09:10:34 [INFO]    [PING OK] PL | VLESS | 6103ms
2026-02-26 09:10:35 [INFO]    [PING OK] CA | VLESS | 7999ms
2026-02-26 09:10:36 [INFO]    [PING OK] FR | VLESS | 5635ms
2026-02-26 09:10:37 [INFO]    [PING OK] ES | VLESS | 5774ms
2026-02-26 09:10:37 [INFO]    [PING OK] DE | VLESS | 6079ms
2026-02-26 09:10:38 [INFO]    [PING OK] ES | VLESS | 5942ms
2026-02-26 09:10:38 [INFO]    [PING OK] HU | VLESS | 5997ms
2026-02-26 09:10:38 [INFO]    [PING OK] TR | VLESS | 5965ms
2026-02-26 09:10:39 [INFO]    [PING OK] EE | VLESS | 5986ms
2026-02-26 09:10:39 [INFO]    [PING OK] PL | VLESS | 8915ms
2026-02-26 09:10:39 [INFO]    [PING OK] FR | VLESS | 6009ms
2026-02-26 09:10:39 [INFO]    [PING OK] PL | VLESS | 6263ms
2026-02-26 09:10:39 [INFO]    [PING OK] NL | VLESS | 6679ms
2026-02-26 09:10:40 [INFO]    [PING OK] DE | VLESS | 5468ms
2026-02-26 09:10:41 [INFO]    [PING OK] HU | VLESS | 5232ms
2026-02-26 09:10:42 [INFO]    [PING OK] PL | VLESS | 5389ms
2026-02-26 09:10:43 [INFO]    [PING OK] DE | VLESS | 6356ms
2026-02-26 09:10:43 [INFO]    [PING OK] US | VLESS | 5755ms
2026-02-26 09:10:44 [INFO]    [PING OK] NL | VLESS | 5598ms
2026-02-26 09:10:44 [INFO]    [PING OK] NL | VLESS | 7280ms
2026-02-26 09:10:44 [INFO]    [PING OK] HU | VLESS | 5796ms
2026-02-26 09:10:44 [INFO]    [PING OK] DE | VLESS | 5507ms
2026-02-26 09:10:44 [INFO]    [PING OK] DE | VLESS | 5459ms
2026-02-26 09:10:44 [INFO]    [PING OK] LV | VLESS | 5684ms
2026-02-26 09:10:45 [INFO]    [PING OK] TR | VLESS | 5206ms
2026-02-26 09:10:45 [INFO]    [PING OK] PL | VLESS | 5602ms
2026-02-26 09:10:45 [INFO]    [PING OK] SE | VLESS | 5410ms
2026-02-26 09:10:45 [INFO]    [PING OK] LV | VLESS | 5337ms
2026-02-26 09:10:46 [INFO]    [PING OK] US | VLESS | 5970ms
2026-02-26 09:10:46 [INFO]    [PING OK] NL | VLESS | 6004ms
2026-02-26 09:10:47 [INFO]    [PING OK] DE | VLESS | 6406ms
2026-02-26 09:10:47 [INFO]    [PING OK] DE | VLESS | 6140ms
2026-02-26 09:10:47 [INFO]    [PING OK] US | VLESS | 5951ms
2026-02-26 09:10:48 [INFO]    [PING OK] CA | VLESS | 6136ms
2026-02-26 09:10:48 [INFO]    [PING OK] DE | VLESS | 8954ms
2026-02-26 09:10:49 [INFO]    [PING OK] CA | VLESS | 7383ms
2026-02-26 09:10:50 [INFO]    [PING OK] CA | VLESS | 5328ms
2026-02-26 09:10:50 [INFO]    [PING OK] FR | VLESS | 5457ms
2026-02-26 09:10:50 [INFO]    [PING OK] DE | VLESS | 3847ms
2026-02-26 09:10:50 [INFO]    [PING OK] CA | VLESS | 4064ms
2026-02-26 09:10:50 [INFO]    [PING OK] CA | VLESS | 3173ms
2026-02-26 09:10:50 [INFO]    [PING OK] CA | VLESS | 3492ms
2026-02-26 09:10:50 [INFO]    [PING OK] GB | VLESS | 2063ms
2026-02-26 09:10:51 [INFO]    [PING OK] CA | VLESS | 3888ms
2026-02-26 09:10:52 [INFO]    [PING OK] CA | VLESS | 4046ms
2026-02-26 09:10:53 [INFO]    [PING OK] US | VLESS | 527ms
2026-02-26 09:10:54 [INFO]    [PING OK] SG | VLESS | 6774ms
2026-02-26 09:10:55 [INFO] 🏎️ ЭТАП 2: Глубокий замер скорости для 40 иностранных кандидатов...
2026-02-26 09:11:01 [INFO]    🏆 DE | VLESS | Пинг: 3847ms | Скорость: 3.51 Mbps ⚡⚡
2026-02-26 09:11:02 [INFO]    🏆 FI | VLESS | Пинг: 5243ms | Скорость: 3.48 Mbps ⚡⚡
2026-02-26 09:11:02 [INFO]    🏆 TR | VLESS | Пинг: 5127ms | Скорость: 3.43 Mbps ⚡⚡
2026-02-26 09:11:02 [INFO]    🏆 HU | VLESS | Пинг: 5232ms | Скорость: 3.45 Mbps ⚡⚡
2026-02-26 09:11:02 [INFO]    🏆 LV | VLESS | Пинг: 5337ms | Скорость: 3.48 Mbps ⚡⚡
2026-02-26 09:11:02 [INFO]    🏆 PL | VLESS | Пинг: 5389ms | Скорость: 3.43 Mbps ⚡⚡
2026-02-26 09:11:02 [INFO]    🏆 US | VLESS | Пинг: 527ms | Скорость: 2.92 Mbps ⚡
2026-02-26 09:11:02 [INFO]    🏆 CA | VLESS | Пинг: 3173ms | Скорость: 2.51 Mbps ⚡
2026-02-26 09:11:02 [INFO]    🏆 CA | VLESS | Пинг: 5328ms | Скорость: 3.4 Mbps ⚡⚡
2026-02-26 09:11:02 [INFO]    🏆 CA | VLESS | Пинг: 4064ms | Скорость: 3.02 Mbps ⚡⚡
2026-02-26 09:11:02 [INFO]    🏆 TR | VLESS | Пинг: 5206ms | Скорость: 3.29 Mbps ⚡⚡
2026-02-26 09:11:07 [INFO]    🏆 SE | VLESS | Пинг: 5410ms | Скорость: 4.5 Mbps ⚡⚡
2026-02-26 09:11:07 [INFO]    🏆 DE | VLESS | Пинг: 5468ms | Скорость: 4.6 Mbps ⚡⚡
2026-02-26 09:11:07 [INFO]    🏆 DE | VLESS | Пинг: 5459ms | Скорость: 4.25 Mbps ⚡⚡
2026-02-26 09:11:07 [INFO]    🏆 PL | VLESS | Пинг: 5508ms | Скорость: 4.6 Mbps ⚡⚡
2026-02-26 09:11:07 [INFO]    🏆 LV | VLESS | Пинг: 5684ms | Скорость: 4.85 Mbps ⚡⚡
2026-02-26 09:11:07 [INFO]    🏆 TR | VLESS | Пинг: 5590ms | Скорость: 4.73 Mbps ⚡⚡
2026-02-26 09:11:07 [INFO]    🏆 LV | VLESS | Пинг: 5607ms | Скорость: 4.75 Mbps ⚡⚡
2026-02-26 09:11:07 [INFO]    🏆 US | VLESS | Пинг: 5755ms | Скорость: 4.64 Mbps ⚡⚡
2026-02-26 09:11:07 [INFO]    🏆 ES | VLESS | Пинг: 5774ms | Скорость: 4.9 Mbps ⚡⚡
2026-02-26 09:11:07 [INFO]    🏆 PL | VLESS | Пинг: 5474ms | Скорость: 4.22 Mbps ⚡⚡
2026-02-26 09:11:07 [INFO]    🏆 DE | VLESS | Пинг: 5507ms | Скорость: 4.25 Mbps ⚡⚡
2026-02-26 09:11:07 [INFO]    🏆 FR | VLESS | Пинг: 5635ms | Скорость: 4.42 Mbps ⚡⚡
2026-02-26 09:11:07 [INFO]    🏆 HU | VLESS | Пинг: 5796ms | Скорость: 5.28 Mbps ⚡⚡
2026-02-26 09:11:08 [INFO]    🏆 FR | VLESS | Пинг: 5457ms | Скорость: 2.12 Mbps ⚡
2026-02-26 09:11:09 [INFO]    🏆 FI | VLESS | Пинг: 5963ms | Скорость: 12.25 Mbps ⚡⚡
2026-02-26 09:11:09 [INFO]    🏆 DE | VLESS | Пинг: 5960ms | Скорость: 11.47 Mbps ⚡⚡
2026-02-26 09:11:10 [INFO]    🏆 TR | VLESS | Пинг: 5882ms | Скорость: 8.97 Mbps ⚡⚡
2026-02-26 09:11:10 [INFO]    🏆 EE | VLESS | Пинг: 5835ms | Скорость: 7.86 Mbps ⚡⚡
2026-02-26 09:11:10 [INFO]    🏆 US | VLESS | Пинг: 5951ms | Скорость: 7.57 Mbps ⚡⚡
2026-02-26 09:11:10 [INFO]    🏆 NL | VLESS | Пинг: 5947ms | Скорость: 7.01 Mbps ⚡⚡
2026-02-26 09:11:11 [INFO]    🏆 ES | VLESS | Пинг: 5942ms | Скорость: 6.0 Mbps ⚡⚡
2026-02-26 09:11:14 [INFO]    🏆 TR | VLESS | Пинг: 5965ms | Скорость: 1.94 Mbps ⚡
2026-02-26 09:11:14 [INFO]    🏆 US | VLESS | Пинг: 5970ms | Скорость: 1.8 Mbps ⚡
2026-02-26 09:11:14 [INFO] 📊 Итого в подписке сохранено иностранных серверов: 10
2026-02-26 09:11:14 [INFO] 💾 Файл успешно сохранен: FL1PVPN
