2026-02-24 15:50:06 [INFO] 🚀 START: Smart Selector (Target: 10, ONLY FOREIGN)
2026-02-24 15:50:06 [INFO] 🌐 Загрузка источников (VLESS + VMess)...
2026-02-24 15:50:07 [INFO] 🔍 Уникальных конфигов собрано: 217
2026-02-24 15:50:07 [INFO] ⚡ ЭТАП 1: Замер Пинга и Геолокации. Workers: 40...
2026-02-24 15:50:12 [INFO]    [PING OK] DE | VLESS | 4458ms
2026-02-24 15:50:12 [INFO]    [PING OK] ES | VLESS | 4533ms
2026-02-24 15:50:12 [INFO]    [PING OK] HU | VLESS | 4592ms
2026-02-24 15:50:12 [INFO]    [PING OK] ES | VLESS | 4364ms
2026-02-24 15:50:12 [INFO]    [PING OK] TR | VLESS | 4548ms
2026-02-24 15:50:13 [INFO]    [PING OK] ES | VLESS | 4252ms
2026-02-24 15:50:13 [INFO]    [PING OK] LV | VLESS | 4522ms
2026-02-24 15:50:13 [INFO]    [PING OK] HU | VLESS | 3857ms
2026-02-24 15:50:13 [INFO]    [PING OK] FI | VLESS | 4838ms
2026-02-24 15:50:13 [INFO]    [PING OK] HU | VLESS | 4878ms
2026-02-24 15:50:13 [INFO]    [PING OK] IT | VLESS | 4045ms
2026-02-24 15:50:13 [INFO]    [PING OK] PL | VLESS | 4632ms
2026-02-24 15:50:13 [INFO]    [PING OK] PL | VLESS | 4123ms
2026-02-24 15:50:14 [INFO]    [PING OK] ES | VLESS | 4805ms
2026-02-24 15:50:14 [INFO]    [PING OK] PL | VLESS | 4368ms
2026-02-24 15:50:14 [INFO]    [PING OK] ES | VLESS | 4352ms
2026-02-24 15:50:15 [INFO]    [PING OK] TR | VLESS | 3960ms
2026-02-24 15:50:15 [INFO]    [PING OK] CA | VLESS | 6765ms
2026-02-24 15:50:16 [INFO]    [PING OK] ES | VLESS | 4491ms
2026-02-24 15:50:16 [INFO]    [PING OK] LV | VLESS | 7842ms
2026-02-24 15:50:17 [INFO]    [PING OK] TR | VLESS | 4632ms
2026-02-24 15:50:18 [INFO]    [PING OK] ES | VLESS | 4618ms
2026-02-24 15:50:18 [INFO]    [PING OK] US | VLESS | 4486ms
2026-02-24 15:50:18 [INFO]    [PING OK] HU | VLESS | 4475ms
2026-02-24 15:50:19 [INFO]    [PING OK] DE | VLESS | 4994ms
2026-02-24 15:50:19 [INFO]    [PING OK] IT | VLESS | 4608ms
2026-02-24 15:50:19 [INFO]    [PING OK] HU | VLESS | 4304ms
2026-02-24 15:50:20 [INFO]    [PING OK] CA | VLESS | 4599ms
2026-02-24 15:50:20 [INFO]    [PING OK] NL | VLESS | 4715ms
2026-02-24 15:50:21 [INFO]    [PING OK] FI | VLESS | 4966ms
2026-02-24 15:50:21 [INFO]    [PING OK] DE | VLESS | 4680ms
2026-02-24 15:50:21 [INFO]    [PING OK] CA | VLESS | 7831ms
2026-02-24 15:50:21 [INFO]    [PING OK] DE | VLESS | 7147ms
2026-02-24 15:50:22 [INFO]    [PING OK] EE | VLESS | 7084ms
2026-02-24 15:50:22 [INFO]    [PING OK] JP | VLESS | 5034ms
2026-02-24 15:50:22 [INFO]    [PING OK] LT | VLESS | 5251ms
2026-02-24 15:50:22 [INFO]    [PING OK] EE | VLESS | 4838ms
2026-02-24 15:50:23 [INFO]    [PING OK] CA | VLESS | 7166ms
2026-02-24 15:50:23 [INFO]    [PING OK] DE | VLESS | 7843ms
2026-02-24 15:50:23 [INFO]    [PING OK] DE | VLESS | 5014ms
2026-02-24 15:50:23 [INFO]    [PING OK] US | VLESS | 5156ms
2026-02-24 15:50:23 [INFO]    [PING OK] DE | VLESS | 4745ms
2026-02-24 15:50:24 [INFO]    [PING OK] CA | VLESS | 5475ms
2026-02-24 15:50:25 [INFO]    [PING OK] SG | VLESS | 5528ms
2026-02-24 15:50:25 [INFO]    [PING OK] CA | VLESS | 5530ms
2026-02-24 15:50:25 [INFO]    [PING OK] CA | VLESS | 5161ms
2026-02-24 15:50:25 [INFO]    [PING OK] NL | VLESS | 5446ms
2026-02-24 15:50:25 [INFO]    [PING OK] CA | VLESS | 5777ms
2026-02-24 15:50:25 [INFO]    [PING OK] DE | VLESS | 5473ms
2026-02-24 15:50:26 [INFO]    [PING OK] CA | VLESS | 5930ms
2026-02-24 15:50:26 [INFO]    [PING OK] CA | VLESS | 8290ms
2026-02-24 15:50:26 [INFO]    [PING OK] DE | VLESS | 4843ms
2026-02-24 15:50:27 [INFO]    [PING OK] CA | VLESS | 5300ms
2026-02-24 15:50:27 [INFO]    [PING OK] CA | VLESS | 7415ms
2026-02-24 15:50:27 [INFO]    [PING OK] CA | VLESS | 8575ms
2026-02-24 15:50:27 [INFO]    [PING OK] NL | VLESS | 2327ms
2026-02-24 15:50:27 [INFO]    [PING OK] CA | VLESS | 4572ms
2026-02-24 15:50:28 [INFO]    [PING OK] CA | VLESS | 3352ms
2026-02-24 15:50:28 [INFO]    [PING OK] CA | VLESS | 2919ms
2026-02-24 15:50:29 [INFO]    [PING OK] CA | VLESS | 7612ms
2026-02-24 15:50:30 [INFO]    [PING OK] CA | VLESS | 4477ms
2026-02-24 15:50:31 [INFO]    [PING OK] CA | VLESS | 9493ms
2026-02-24 15:50:32 [INFO] 🏎️ ЭТАП 2: Глубокий замер скорости для 40 иностранных кандидатов...
2026-02-24 15:50:36 [INFO]    🏆 ES | VLESS | Пинг: 4352ms | Скорость: 6.47 Mbps ⚡⚡
2026-02-24 15:50:36 [INFO]    🏆 DE | VLESS | Пинг: 4458ms | Скорость: 6.57 Mbps ⚡⚡
2026-02-24 15:50:36 [INFO]    🏆 ES | VLESS | Пинг: 4252ms | Скорость: 6.29 Mbps ⚡⚡
2026-02-24 15:50:36 [INFO]    🏆 HU | VLESS | Пинг: 3857ms | Скорость: 6.14 Mbps ⚡⚡
2026-02-24 15:50:36 [INFO]    🏆 NL | VLESS | Пинг: 2327ms | Скорость: 5.93 Mbps ⚡⚡
2026-02-24 15:50:37 [INFO]    🏆 HU | VLESS | Пинг: 4475ms | Скорость: 4.85 Mbps ⚡⚡
2026-02-24 15:50:38 [INFO]    🏆 PL | VLESS | Пинг: 4123ms | Скорость: 4.12 Mbps ⚡⚡
2026-02-24 15:50:38 [INFO]    🏆 PL | VLESS | Пинг: 4368ms | Скорость: 3.85 Mbps ⚡⚡
2026-02-24 15:50:39 [INFO]    🏆 ES | VLESS | Пинг: 4491ms | Скорость: 11.6 Mbps ⚡⚡
2026-02-24 15:50:39 [INFO]    🏆 ES | VLESS | Пинг: 4533ms | Скорость: 11.43 Mbps ⚡⚡
2026-02-24 15:50:39 [INFO]    🏆 HU | VLESS | Пинг: 4304ms | Скорость: 1.01 Mbps 
2026-02-24 15:50:39 [INFO]    🏆 ES | VLESS | Пинг: 4364ms | Скорость: 2.55 Mbps ⚡
2026-02-24 15:50:39 [INFO]    🏆 TR | VLESS | Пинг: 4548ms | Скорость: 9.02 Mbps ⚡⚡
2026-02-24 15:50:40 [INFO]    🏆 HU | VLESS | Пинг: 4592ms | Скорость: 12.38 Mbps ⚡⚡
2026-02-24 15:50:42 [INFO]    🏆 EE | VLESS | Пинг: 4838ms | Скорость: 11.11 Mbps ⚡⚡
2026-02-24 15:50:42 [INFO]    🏆 NL | VLESS | Пинг: 4715ms | Скорость: 9.94 Mbps ⚡⚡
2026-02-24 15:50:42 [INFO]    🏆 FI | VLESS | Пинг: 4838ms | Скорость: 10.82 Mbps ⚡⚡
2026-02-24 15:50:42 [INFO]    🏆 PL | VLESS | Пинг: 4632ms | Скорость: 8.88 Mbps ⚡⚡
2026-02-24 15:50:43 [INFO]    🏆 DE | VLESS | Пинг: 4843ms | Скорость: 9.99 Mbps ⚡⚡
2026-02-24 15:50:43 [INFO]    🏆 HU | VLESS | Пинг: 4878ms | Скорость: 7.75 Mbps ⚡⚡
2026-02-24 15:50:43 [INFO]    🏆 FI | VLESS | Пинг: 4966ms | Скорость: 8.68 Mbps ⚡⚡
2026-02-24 15:50:43 [INFO]    🏆 ES | VLESS | Пинг: 4805ms | Скорость: 5.99 Mbps ⚡⚡
2026-02-24 15:50:44 [INFO]    🏆 TR | VLESS | Пинг: 4632ms | Скорость: 5.16 Mbps ⚡⚡
2026-02-24 15:50:45 [INFO]    🏆 DE | VLESS | Пинг: 4680ms | Скорость: 4.13 Mbps ⚡⚡
2026-02-24 15:50:46 [INFO]    🏆 IT | VLESS | Пинг: 4608ms | Скорость: 1.56 Mbps ⚡
2026-02-24 15:50:46 [INFO]    🏆 ES | VLESS | Пинг: 4618ms | Скорость: 2.46 Mbps ⚡
2026-02-24 15:50:46 [INFO]    🏆 US | VLESS | Пинг: 5156ms | Скорость: 5.75 Mbps ⚡⚡
2026-02-24 15:50:47 [INFO]    🏆 JP | VLESS | Пинг: 5034ms | Скорость: 5.05 Mbps ⚡⚡
2026-02-24 15:50:49 [INFO] 📊 Итого в подписке сохранено иностранных серверов: 10
2026-02-24 15:50:49 [INFO] 💾 Файл успешно сохранен: FL1PVPN
