2026-02-16 11:24:27 [INFO] 🚀 START: Smart VLESS Selector (Target: 10, Strict Mode)
2026-02-16 11:24:27 [INFO] 🌐 Загрузка источников...
2026-02-16 11:24:29 [INFO] 🔍 Уникальных конфигов собрано: 428
2026-02-16 11:24:29 [INFO] ⚡ ЭТАП 1: Быстрый замер Пинга (Workers: 25)...
2026-02-16 11:24:31 [INFO]    [PING OK] CH | 300ms
2026-02-16 11:24:31 [INFO]    [PING OK] FR | 367ms
2026-02-16 11:24:32 [INFO]    [PING OK] CY | 237ms
2026-02-16 11:24:32 [INFO]    [PING OK] GR | 142ms
2026-02-16 11:24:35 [INFO]    [PING OK] KZ | 511ms
2026-02-16 11:24:35 [INFO]    [PING OK] DE | 151ms
2026-02-16 11:24:36 [INFO]    [PING OK] NL | 181ms
2026-02-16 11:24:36 [INFO]    [PING OK] DE | 174ms
2026-02-16 11:24:37 [INFO]    [PING OK] DE | 505ms
2026-02-16 11:24:37 [INFO]    [PING OK] DE | 180ms
2026-02-16 11:24:37 [INFO]    [PING OK] NL | 155ms
2026-02-16 11:24:37 [INFO]    [PING OK] TR | 284ms
2026-02-16 11:24:39 [INFO]    [PING OK] FR | 223ms
2026-02-16 11:24:39 [INFO]    [PING OK] DE | 143ms
2026-02-16 11:24:42 [INFO]    [PING OK] GB | 205ms
2026-02-16 11:24:42 [INFO]    [PING OK] DE | 176ms
2026-02-16 11:24:42 [INFO]    [PING OK] DE | 206ms
2026-02-16 11:24:42 [INFO]    [PING OK] RU | 129ms
2026-02-16 11:24:43 [INFO]    [PING OK] RU | 239ms
2026-02-16 11:24:43 [INFO]    [PING OK] DE | 163ms
2026-02-16 11:24:43 [INFO]    [PING OK] PL | 152ms
2026-02-16 11:24:44 [INFO]    [PING OK] RU | 332ms
2026-02-16 11:24:44 [INFO]    [PING OK] RU | 1701ms
2026-02-16 11:24:44 [INFO]    [PING OK] RU | 268ms
2026-02-16 11:24:44 [INFO]    [PING OK] RU | 236ms
2026-02-16 11:24:44 [INFO]    [PING OK] RU | 225ms
2026-02-16 11:24:44 [INFO]    [PING OK] RU | 250ms
2026-02-16 11:24:45 [INFO]    [PING OK] RU | 413ms
2026-02-16 11:24:45 [INFO]    [PING OK] RU | 184ms
2026-02-16 11:24:45 [INFO]    [PING OK] NL | 194ms
2026-02-16 11:24:45 [INFO]    [PING OK] RU | 112ms
2026-02-16 11:24:45 [INFO]    [PING OK] RU | 722ms
2026-02-16 11:24:45 [INFO]    [PING OK] NL | 1439ms
2026-02-16 11:24:47 [INFO]    [PING OK] RU | 113ms
2026-02-16 11:24:47 [INFO]    [PING OK] RU | 321ms
2026-02-16 11:24:48 [INFO]    [PING OK] RU | 923ms
2026-02-16 11:24:48 [INFO]    [PING OK] RU | 199ms
2026-02-16 11:24:49 [INFO]    [PING OK] RU | 2222ms
2026-02-16 11:24:49 [INFO]    [PING OK] RU | 988ms
2026-02-16 11:24:49 [INFO]    [PING OK] RU | 212ms
2026-02-16 11:24:50 [INFO]    [PING OK] RU | 296ms
2026-02-16 11:24:50 [INFO]    [PING OK] RU | 109ms
2026-02-16 11:24:50 [INFO]    [PING OK] RU | 153ms
2026-02-16 11:24:50 [INFO]    [PING OK] RU | 154ms
2026-02-16 11:24:50 [INFO]    [PING OK] RU | 4767ms
2026-02-16 11:24:50 [INFO]    [PING OK] RU | 4145ms
2026-02-16 11:24:50 [INFO]    [PING OK] RU | 4838ms
2026-02-16 11:24:50 [INFO]    [PING OK] RU | 85ms
2026-02-16 11:24:51 [INFO]    [PING OK] RU | 302ms
2026-02-16 11:24:51 [INFO]    [PING OK] RU | 335ms
2026-02-16 11:24:51 [INFO]    [PING OK] PL | 168ms
2026-02-16 11:24:51 [INFO]    [PING OK] RU | 4960ms
2026-02-16 11:24:52 [INFO]    [PING OK] RU | 639ms
2026-02-16 11:24:52 [INFO]    [PING OK] RU | 200ms
2026-02-16 11:24:52 [INFO]    [PING OK] RU | 754ms
2026-02-16 11:24:52 [INFO]    [PING OK] RU | 197ms
2026-02-16 11:24:52 [INFO]    [PING OK] RU | 312ms
2026-02-16 11:24:52 [INFO]    [PING OK] RU | 1623ms
2026-02-16 11:24:53 [INFO]    [PING OK] RU | 486ms
2026-02-16 11:24:53 [INFO]    [PING OK] RU | 121ms
2026-02-16 11:24:53 [INFO]    [PING OK] RU | 592ms
2026-02-16 11:24:53 [INFO]    [PING OK] RU | 227ms
2026-02-16 11:24:54 [INFO]    [PING OK] RU | 348ms
2026-02-16 11:24:54 [INFO]    [PING OK] RU | 290ms
2026-02-16 11:24:54 [INFO]    [PING OK] RU | 229ms
2026-02-16 11:24:54 [INFO]    [PING OK] RU | 294ms
2026-02-16 11:24:55 [INFO]    [PING OK] RU | 3065ms
2026-02-16 11:24:55 [INFO]    [PING OK] RU | 227ms
2026-02-16 11:24:56 [INFO]    [PING OK] RU | 118ms
2026-02-16 11:24:56 [INFO]    [PING OK] RU | 4422ms
2026-02-16 11:24:56 [INFO]    [PING OK] RU | 262ms
2026-02-16 11:24:56 [INFO]    [PING OK] RU | 316ms
2026-02-16 11:24:57 [INFO]    [PING OK] RU | 362ms
2026-02-16 11:24:57 [INFO]    [PING OK] RU | 2537ms
2026-02-16 11:24:57 [INFO]    [PING OK] RU | 263ms
2026-02-16 11:24:57 [INFO]    [PING OK] RU | 436ms
2026-02-16 11:24:57 [INFO]    [PING OK] RU | 198ms
2026-02-16 11:24:57 [INFO]    [PING OK] RU | 1460ms
2026-02-16 11:24:58 [INFO]    [PING OK] RU | 2539ms
2026-02-16 11:24:58 [INFO]    [PING OK] PL | 4704ms
2026-02-16 11:24:58 [INFO]    [PING OK] RU | 321ms
2026-02-16 11:24:58 [INFO]    [PING OK] RU | 326ms
2026-02-16 11:24:58 [INFO]    [PING OK] RU | 1980ms
2026-02-16 11:24:58 [INFO]    [PING OK] RU | 729ms
2026-02-16 11:24:58 [INFO]    [PING OK] RU | 208ms
2026-02-16 11:24:58 [INFO]    [PING OK] RU | 237ms
2026-02-16 11:24:58 [INFO]    [PING OK] RU | 319ms
2026-02-16 11:24:59 [INFO]    [PING OK] RU | 355ms
2026-02-16 11:24:59 [INFO]    [PING OK] RU | 209ms
2026-02-16 11:24:59 [INFO]    [PING OK] RU | 849ms
2026-02-16 11:25:00 [INFO]    [PING OK] RU | 1463ms
2026-02-16 11:25:00 [INFO]    [PING OK] NL | 231ms
2026-02-16 11:25:00 [INFO]    [PING OK] MD | 218ms
2026-02-16 11:25:01 [INFO]    [PING OK] NL | 529ms
2026-02-16 11:25:01 [INFO]    [PING OK] DE | 254ms
2026-02-16 11:25:01 [INFO]    [PING OK] DE | 1209ms
2026-02-16 11:25:02 [INFO]    [PING OK] US | 455ms
2026-02-16 11:25:02 [INFO]    [PING OK] NL | 1319ms
2026-02-16 11:25:02 [INFO]    [PING OK] GB | 195ms
2026-02-16 11:25:03 [INFO]    [PING OK] TR | 493ms
2026-02-16 11:25:03 [INFO]    [PING OK] RU | 2143ms
2026-02-16 11:25:03 [INFO]    [PING OK] DE | 481ms
2026-02-16 11:25:03 [INFO]    [PING OK] DE | 236ms
2026-02-16 11:25:03 [INFO]    [PING OK] RU | 4299ms
2026-02-16 11:25:04 [INFO]    [PING OK] RU | 426ms
2026-02-16 11:25:04 [INFO]    [PING OK] TR | 445ms
2026-02-16 11:25:05 [INFO]    [PING OK] DE | 1457ms
2026-02-16 11:25:06 [INFO]    [PING OK] CY | 523ms
2026-02-16 11:25:06 [INFO]    [PING OK] RU | 867ms
2026-02-16 11:25:06 [INFO]    [PING OK] FI | 676ms
2026-02-16 11:25:06 [INFO]    [PING OK] PL | 144ms
2026-02-16 11:25:07 [INFO]    [PING OK] DE | 552ms
2026-02-16 11:25:08 [INFO]    [PING OK] SG | 340ms
2026-02-16 11:25:08 [INFO]    [PING OK] DE | 1184ms
2026-02-16 11:25:09 [INFO]    [PING OK] DE | 138ms
2026-02-16 11:25:09 [INFO]    [PING OK] CY | 414ms
2026-02-16 11:25:10 [INFO]    [PING OK] LV | 324ms
2026-02-16 11:25:11 [INFO]    [PING OK] NL | 300ms
2026-02-16 11:25:11 [INFO]    [PING OK] RU | 521ms
2026-02-16 11:25:11 [INFO]    [PING OK] JP | 432ms
2026-02-16 11:25:11 [INFO]    [PING OK] NL | 213ms
2026-02-16 11:25:11 [INFO]    [PING OK] ES | 678ms
2026-02-16 11:25:17 [INFO] 🏎️ ЭТАП 2: Глубокий замер скорости для ТОП-10 серверов...
2026-02-16 11:25:24 [INFO]    🏆 DE | Пинг: 138ms | Скорость: 1.04 Mbps 
2026-02-16 11:25:24 [INFO]    🏆 GR | Пинг: 142ms | Скорость: 8.08 Mbps ⚡⚡
2026-02-16 11:25:24 [INFO]    🏆 DE | Пинг: 143ms | Скорость: 7.98 Mbps ⚡⚡
2026-02-16 11:25:24 [INFO]    🏆 PL | Пинг: 144ms | Скорость: 8.29 Mbps ⚡⚡
2026-02-16 11:25:24 [INFO]    🏆 DE | Пинг: 151ms | Скорость: 8.31 Mbps ⚡⚡
2026-02-16 11:25:24 [INFO]    🏆 PL | Пинг: 152ms | Скорость: 8.2 Mbps ⚡⚡
2026-02-16 11:25:24 [INFO]    🏆 NL | Пинг: 155ms | Скорость: 8.2 Mbps ⚡⚡
2026-02-16 11:25:24 [INFO]    🏆 DE | Пинг: 163ms | Скорость: 8.56 Mbps ⚡⚡
2026-02-16 11:25:24 [INFO]    🏆 PL | Пинг: 168ms | Скорость: 8.38 Mbps ⚡⚡
2026-02-16 11:25:24 [INFO]    🏆 RU | Пинг: 85ms | Скорость: 0.0 Mbps 
2026-02-16 11:25:24 [INFO] 🇷🇺 Добавлен RU сервер: 95.163.211.158
2026-02-16 11:25:24 [INFO] 📊 Итого в подписке сохранено: 10 серверов
2026-02-16 11:25:24 [INFO] 💾 Файл успешно сохранен: FL1PVPN
