2026-02-21 23:10:05 [INFO] 🚀 START: Smart Selector (Target: 10, ONLY FOREIGN)
2026-02-21 23:10:05 [INFO] 🌐 Загрузка источников (VLESS + VMess)...
2026-02-21 23:10:08 [INFO] 🔍 Уникальных конфигов собрано: 255
2026-02-21 23:10:08 [INFO] ⚡ ЭТАП 1: Замер Пинга и Геолокации. Workers: 40...
2026-02-21 23:10:15 [INFO]    [PING OK] TR | VLESS | 4361ms
2026-02-21 23:10:15 [INFO]    [PING OK] DE | VLESS | 4331ms
2026-02-21 23:10:15 [INFO]    [PING OK] IT | VLESS | 4177ms
2026-02-21 23:10:15 [INFO]    [PING OK] DE | VLESS | 5709ms
2026-02-21 23:10:16 [INFO]    [PING OK] CZ | VLESS | 4824ms
2026-02-21 23:10:17 [INFO]    [PING OK] DE | VLESS | 4253ms
2026-02-21 23:10:19 [INFO]    [PING OK] ES | VLESS | 4009ms
2026-02-21 23:10:19 [INFO]    [PING OK] PL | VLESS | 4348ms
2026-02-21 23:10:19 [INFO]    [PING OK] ES | VLESS | 4397ms
2026-02-21 23:10:19 [INFO]    [PING OK] IT | VLESS | 4276ms
2026-02-21 23:10:19 [INFO]    [PING OK] ES | VLESS | 4372ms
2026-02-21 23:10:19 [INFO]    [PING OK] TR | VLESS | 4452ms
2026-02-21 23:10:19 [INFO]    [PING OK] TR | VLESS | 4392ms
2026-02-21 23:10:20 [INFO]    [PING OK] PL | VLESS | 4465ms
2026-02-21 23:10:20 [INFO]    [PING OK] HU | VLESS | 4248ms
2026-02-21 23:10:20 [INFO]    [PING OK] ES | VLESS | 4382ms
2026-02-21 23:10:20 [INFO]    [PING OK] ES | VLESS | 4353ms
2026-02-21 23:10:20 [INFO]    [PING OK] HU | VLESS | 4417ms
2026-02-21 23:10:20 [INFO]    [PING OK] HU | VLESS | 4879ms
2026-02-21 23:10:20 [INFO]    [PING OK] ES | VLESS | 4527ms
2026-02-21 23:10:20 [INFO]    [PING OK] HU | VLESS | 4903ms
2026-02-21 23:10:20 [INFO]    [PING OK] IT | VLESS | 4896ms
2026-02-21 23:10:20 [INFO]    [PING OK] NL | VLESS | 4626ms
2026-02-21 23:10:21 [INFO]    [PING OK] IT | VLESS | 4508ms
2026-02-21 23:10:21 [INFO]    [PING OK] TR | VLESS | 4660ms
2026-02-21 23:10:21 [INFO]    [PING OK] ES | VLESS | 4239ms
2026-02-21 23:10:21 [INFO]    [PING OK] PL | VLESS | 4498ms
2026-02-21 23:10:21 [INFO]    [PING OK] HU | VLESS | 4365ms
2026-02-21 23:10:21 [INFO]    [PING OK] ES | VLESS | 4609ms
2026-02-21 23:10:21 [INFO]    [PING OK] PL | VLESS | 4328ms
2026-02-21 23:10:22 [INFO]    [PING OK] ES | VLESS | 4759ms
2026-02-21 23:10:22 [INFO]    [PING OK] EE | VLESS | 4707ms
2026-02-21 23:10:22 [INFO]    [PING OK] TR | VLESS | 4499ms
2026-02-21 23:10:22 [INFO]    [PING OK] HU | VLESS | 4849ms
2026-02-21 23:10:22 [INFO]    [PING OK] DE | VLESS | 4741ms
2026-02-21 23:10:23 [INFO]    [PING OK] PL | VLESS | 4843ms
2026-02-21 23:10:23 [INFO]    [PING OK] PL | VLESS | 4950ms
2026-02-21 23:10:24 [INFO]    [PING OK] TR | VLESS | 5027ms
2026-02-21 23:10:25 [INFO]    [PING OK] TR | VLESS | 5190ms
2026-02-21 23:10:25 [INFO]    [PING OK] PL | VLESS | 5120ms
2026-02-21 23:10:26 [INFO]    [PING OK] HU | VLESS | 5365ms
2026-02-21 23:10:26 [INFO]    [PING OK] DE | VLESS | 5298ms
2026-02-21 23:10:26 [INFO]    [PING OK] IT | VLESS | 5639ms
2026-02-21 23:10:26 [INFO]    [PING OK] PL | VLESS | 5472ms
2026-02-21 23:10:26 [INFO]    [PING OK] DE | VLESS | 5328ms
2026-02-21 23:10:26 [INFO]    [PING OK] DE | VLESS | 5699ms
2026-02-21 23:10:26 [INFO]    [PING OK] EE | VLESS | 5249ms
2026-02-21 23:10:27 [INFO]    [PING OK] TR | VLESS | 5862ms
2026-02-21 23:10:27 [INFO]    [PING OK] CA | VLESS | 5797ms
2026-02-21 23:10:27 [INFO]    [PING OK] CA | VLESS | 5738ms
2026-02-21 23:10:27 [INFO]    [PING OK] PL | VLESS | 5793ms
2026-02-21 23:10:27 [INFO]    [PING OK] CA | VLESS | 5254ms
2026-02-21 23:10:28 [INFO]    [PING OK] CA | VLESS | 5237ms
2026-02-21 23:10:28 [INFO]    [PING OK] CA | VLESS | 5242ms
2026-02-21 23:10:28 [INFO]    [PING OK] CA | VLESS | 5211ms
2026-02-21 23:10:28 [INFO]    [PING OK] CA | VLESS | 5727ms
2026-02-21 23:10:29 [INFO]    [PING OK] CA | VLESS | 5757ms
2026-02-21 23:10:30 [INFO]    [PING OK] CA | VLESS | 5473ms
2026-02-21 23:10:31 [INFO]    [PING OK] GB | VLESS | 5582ms
2026-02-21 23:10:31 [INFO]    [PING OK] CA | VLESS | 6059ms
2026-02-21 23:10:31 [INFO]    [PING OK] CA | VLESS | 6038ms
2026-02-21 23:10:32 [INFO]    [PING OK] KZ | VLESS | 5788ms
2026-02-21 23:10:32 [INFO]    [PING OK] LV | VLESS | 5410ms
2026-02-21 23:10:33 [INFO]    [PING OK] CA | VLESS | 5407ms
2026-02-21 23:10:33 [INFO]    [PING OK] CA | VLESS | 5696ms
2026-02-21 23:10:33 [INFO]    [PING OK] CA | VLESS | 5105ms
2026-02-21 23:10:33 [INFO]    [PING OK] CA | VLESS | 5985ms
2026-02-21 23:10:33 [INFO]    [PING OK] IN | VLESS | 5507ms
2026-02-21 23:10:33 [INFO]    [PING OK] CA | VLESS | 5472ms
2026-02-21 23:10:34 [INFO]    [PING OK] CA | VLESS | 5181ms
2026-02-21 23:10:34 [INFO]    [PING OK] CA | VLESS | 3254ms
2026-02-21 23:10:34 [INFO]    [PING OK] CA | VLESS | 2094ms
2026-02-21 23:10:34 [INFO]    [PING OK] CA | VLESS | 3602ms
2026-02-21 23:10:34 [INFO]    [PING OK] CA | VLESS | 2737ms
2026-02-21 23:10:34 [INFO]    [PING OK] CA | VLESS | 2834ms
2026-02-21 23:10:34 [INFO]    [PING OK] CA | VLESS | 2916ms
2026-02-21 23:10:35 [INFO]    [PING OK] CA | VLESS | 2860ms
2026-02-21 23:10:36 [INFO] 🏎️ ЭТАП 2: Глубокий замер скорости для 40 иностранных кандидатов...
2026-02-21 23:10:41 [INFO]    🏆 HU | VLESS | Пинг: 4248ms | Скорость: 5.43 Mbps ⚡⚡
2026-02-21 23:10:41 [INFO]    🏆 DE | VLESS | Пинг: 4331ms | Скорость: 5.29 Mbps ⚡⚡
2026-02-21 23:10:41 [INFO]    🏆 IT | VLESS | Пинг: 4276ms | Скорость: 5.22 Mbps ⚡⚡
2026-02-21 23:10:41 [INFO]    🏆 ES | VLESS | Пинг: 4009ms | Скорость: 5.04 Mbps ⚡⚡
2026-02-21 23:10:41 [INFO]    🏆 IT | VLESS | Пинг: 4177ms | Скорость: 5.0 Mbps ⚡⚡
2026-02-21 23:10:41 [INFO]    🏆 PL | VLESS | Пинг: 4328ms | Скорость: 5.02 Mbps ⚡⚡
2026-02-21 23:10:41 [INFO]    🏆 DE | VLESS | Пинг: 4253ms | Скорость: 4.58 Mbps ⚡⚡
2026-02-21 23:10:42 [INFO]    🏆 CA | VLESS | Пинг: 3602ms | Скорость: 4.38 Mbps ⚡⚡
2026-02-21 23:10:42 [INFO]    🏆 CA | VLESS | Пинг: 2737ms | Скорость: 4.25 Mbps ⚡⚡
2026-02-21 23:10:42 [INFO]    🏆 CA | VLESS | Пинг: 3254ms | Скорость: 4.27 Mbps ⚡⚡
2026-02-21 23:10:42 [INFO]    🏆 CA | VLESS | Пинг: 2834ms | Скорость: 4.23 Mbps ⚡⚡
2026-02-21 23:10:42 [INFO]    🏆 CA | VLESS | Пинг: 2916ms | Скорость: 4.19 Mbps ⚡⚡
2026-02-21 23:10:42 [INFO]    🏆 CA | VLESS | Пинг: 2860ms | Скорость: 4.13 Mbps ⚡⚡
2026-02-21 23:10:43 [INFO]    🏆 ES | VLESS | Пинг: 4239ms | Скорость: 3.29 Mbps ⚡⚡
2026-02-21 23:10:43 [INFO]    🏆 PL | VLESS | Пинг: 4348ms | Скорость: 6.01 Mbps ⚡⚡
2026-02-21 23:10:44 [INFO]    🏆 ES | VLESS | Пинг: 4353ms | Скорость: 9.52 Mbps ⚡⚡
2026-02-21 23:10:44 [INFO]    🏆 ES | VLESS | Пинг: 4372ms | Скорость: 9.9 Mbps ⚡⚡
2026-02-21 23:10:44 [INFO]    🏆 ES | VLESS | Пинг: 4382ms | Скорость: 9.89 Mbps ⚡⚡
2026-02-21 23:10:44 [INFO]    🏆 HU | VLESS | Пинг: 4365ms | Скорость: 9.81 Mbps ⚡⚡
2026-02-21 23:10:44 [INFO]    🏆 TR | VLESS | Пинг: 4361ms | Скорость: 9.51 Mbps ⚡⚡
2026-02-21 23:10:45 [INFO]    🏆 HU | VLESS | Пинг: 4417ms | Скорость: 8.69 Mbps ⚡⚡
2026-02-21 23:10:45 [INFO]    🏆 PL | VLESS | Пинг: 4465ms | Скорость: 8.23 Mbps ⚡⚡
2026-02-21 23:10:45 [INFO]    🏆 ES | VLESS | Пинг: 4397ms | Скорость: 7.32 Mbps ⚡⚡
2026-02-21 23:10:45 [INFO]    🏆 PL | VLESS | Пинг: 4498ms | Скорость: 7.26 Mbps ⚡⚡
2026-02-21 23:10:45 [INFO]    🏆 TR | VLESS | Пинг: 4452ms | Скорость: 6.81 Mbps ⚡⚡
2026-02-21 23:10:45 [INFO]    🏆 ES | VLESS | Пинг: 4527ms | Скорость: 12.25 Mbps ⚡⚡
2026-02-21 23:10:46 [INFO]    🏆 TR | VLESS | Пинг: 4499ms | Скорость: 5.55 Mbps ⚡⚡
2026-02-21 23:10:46 [INFO]    🏆 TR | VLESS | Пинг: 4392ms | Скорость: 4.69 Mbps ⚡⚡
2026-02-21 23:10:46 [INFO]    🏆 NL | VLESS | Пинг: 4626ms | Скорость: 10.8 Mbps ⚡⚡
2026-02-21 23:10:46 [INFO]    🏆 ES | VLESS | Пинг: 4609ms | Скорость: 9.36 Mbps ⚡⚡
2026-02-21 23:10:47 [INFO]    🏆 IT | VLESS | Пинг: 4508ms | Скорость: 4.89 Mbps ⚡⚡
2026-02-21 23:10:47 [INFO]    🏆 TR | VLESS | Пинг: 4660ms | Скорость: 9.39 Mbps ⚡⚡
2026-02-21 23:10:47 [INFO]    🏆 ES | VLESS | Пинг: 4759ms | Скорость: 9.45 Mbps ⚡⚡
2026-02-21 23:10:47 [INFO]    🏆 CZ | VLESS | Пинг: 4824ms | Скорость: 11.78 Mbps ⚡⚡
2026-02-21 23:10:47 [INFO]    🏆 HU | VLESS | Пинг: 4849ms | Скорость: 13.35 Mbps ⚡⚡
2026-02-21 23:10:47 [INFO]    🏆 HU | VLESS | Пинг: 4879ms | Скорость: 14.51 Mbps ⚡⚡
2026-02-21 23:10:47 [INFO]    🏆 EE | VLESS | Пинг: 4707ms | Скорость: 7.38 Mbps ⚡⚡
2026-02-21 23:10:49 [INFO]    🏆 PL | VLESS | Пинг: 4843ms | Скорость: 5.83 Mbps ⚡⚡
2026-02-21 23:10:51 [INFO]    🏆 DE | VLESS | Пинг: 4741ms | Скорость: 3.12 Mbps ⚡⚡
2026-02-21 23:10:51 [INFO] 📊 Итого в подписке сохранено иностранных серверов: 10
2026-02-21 23:10:51 [INFO] 💾 Файл успешно сохранен: FL1PVPN
