2026-02-24 04:30:05 [INFO] 🚀 START: Smart Selector (Target: 10, ONLY FOREIGN)
2026-02-24 04:30:05 [INFO] 🌐 Загрузка источников (VLESS + VMess)...
2026-02-24 04:30:08 [INFO] 🔍 Уникальных конфигов собрано: 264
2026-02-24 04:30:08 [INFO] ⚡ ЭТАП 1: Замер Пинга и Геолокации. Workers: 40...
2026-02-24 04:30:14 [INFO]    [PING OK] PL | VLESS | 4803ms
2026-02-24 04:30:14 [INFO]    [PING OK] TR | VLESS | 4967ms
2026-02-24 04:30:14 [INFO]    [PING OK] ES | VLESS | 4749ms
2026-02-24 04:30:14 [INFO]    [PING OK] HU | VLESS | 4770ms
2026-02-24 04:30:14 [INFO]    [PING OK] FI | VLESS | 4504ms
2026-02-24 04:30:14 [INFO]    [PING OK] IT | VLESS | 4603ms
2026-02-24 04:30:15 [INFO]    [PING OK] DE | VLESS | 4504ms
2026-02-24 04:30:15 [INFO]    [PING OK] TR | VLESS | 4688ms
2026-02-24 04:30:15 [INFO]    [PING OK] ES | VLESS | 5085ms
2026-02-24 04:30:15 [INFO]    [PING OK] NL | VLESS | 5487ms
2026-02-24 04:30:15 [INFO]    [PING OK] IN | VLESS | 5108ms
2026-02-24 04:30:15 [INFO]    [PING OK] DE | VLESS | 5535ms
2026-02-24 04:30:15 [INFO]    [PING OK] HU | VLESS | 4586ms
2026-02-24 04:30:16 [INFO]    [PING OK] JP | VLESS | 6804ms
2026-02-24 04:30:16 [INFO]    [PING OK] PL | VLESS | 4229ms
2026-02-24 04:30:17 [INFO]    [PING OK] EE | VLESS | 4869ms
2026-02-24 04:30:17 [INFO]    [PING OK] LV | VLESS | 4614ms
2026-02-24 04:30:19 [INFO]    [PING OK] HU | VLESS | 4565ms
2026-02-24 04:30:19 [INFO]    [PING OK] DE | VLESS | 4048ms
2026-02-24 04:30:19 [INFO]    [PING OK] DE | VLESS | 4089ms
2026-02-24 04:30:20 [INFO]    [PING OK] IT | VLESS | 3837ms
2026-02-24 04:30:20 [INFO]    [PING OK] TR | VLESS | 4091ms
2026-02-24 04:30:20 [INFO]    [PING OK] IT | VLESS | 4149ms
2026-02-24 04:30:20 [INFO]    [PING OK] ES | VLESS | 4255ms
2026-02-24 04:30:20 [INFO]    [PING OK] IN | VLESS | 4395ms
2026-02-24 04:30:21 [INFO]    [PING OK] PL | VLESS | 4042ms
2026-02-24 04:30:22 [INFO]    [PING OK] HU | VLESS | 3904ms
2026-02-24 04:30:23 [INFO]    [PING OK] ES | VLESS | 4704ms
2026-02-24 04:30:24 [INFO]    [PING OK] NL | VLESS | 5879ms
2026-02-24 04:30:24 [INFO]    [PING OK] DE | VLESS | 4741ms
2026-02-24 04:30:25 [INFO]    [PING OK] ES | VLESS | 4800ms
2026-02-24 04:30:25 [INFO]    [PING OK] ES | VLESS | 4520ms
2026-02-24 04:30:25 [INFO]    [PING OK] PL | VLESS | 4529ms
2026-02-24 04:30:26 [INFO]    [PING OK] LV | VLESS | 4665ms
2026-02-24 04:30:26 [INFO]    [PING OK] NL | VLESS | 5823ms
2026-02-24 04:30:26 [INFO]    [PING OK] PL | VLESS | 4562ms
2026-02-24 04:30:27 [INFO]    [PING OK] ES | VLESS | 4958ms
2026-02-24 04:30:27 [INFO]    [PING OK] CA | VLESS | 4972ms
2026-02-24 04:30:28 [INFO]    [PING OK] NL | VLESS | 5226ms
2026-02-24 04:30:28 [INFO]    [PING OK] DE | VLESS | 8271ms
2026-02-24 04:30:29 [INFO]    [PING OK] TR | VLESS | 5454ms
2026-02-24 04:30:29 [INFO]    [PING OK] HU | VLESS | 5277ms
2026-02-24 04:30:30 [INFO]    [PING OK] CA | VLESS | 5268ms
2026-02-24 04:30:30 [INFO]    [PING OK] CA | VLESS | 5350ms
2026-02-24 04:30:30 [INFO]    [PING OK] CA | VLESS | 5457ms
2026-02-24 04:30:31 [INFO]    [PING OK] SE | VLESS | 5255ms
2026-02-24 04:30:31 [INFO]    [PING OK] CA | VLESS | 5543ms
2026-02-24 04:30:31 [INFO]    [PING OK] CA | VLESS | 5520ms
2026-02-24 04:30:32 [INFO]    [PING OK] DE | VLESS | 5776ms
2026-02-24 04:30:32 [INFO]    [PING OK] SE | VLESS | 5834ms
2026-02-24 04:30:33 [INFO]    [PING OK] DE | VLESS | 5892ms
2026-02-24 04:30:33 [INFO]    [PING OK] CA | VLESS | 5965ms
2026-02-24 04:30:34 [INFO]    [PING OK] SE | VLESS | 6353ms
2026-02-24 04:30:34 [INFO]    [PING OK] CA | VLESS | 6237ms
2026-02-24 04:30:34 [INFO]    [PING OK] CA | VLESS | 6485ms
2026-02-24 04:30:34 [INFO]    [PING OK] CA | VLESS | 6179ms
2026-02-24 04:30:34 [INFO]    [PING OK] SE | VLESS | 5608ms
2026-02-24 04:30:34 [INFO]    [PING OK] US | VLESS | 5449ms
2026-02-24 04:30:35 [INFO]    [PING OK] DE | VLESS | 4951ms
2026-02-24 04:30:35 [INFO]    [PING OK] SE | VLESS | 4756ms
2026-02-24 04:30:35 [INFO]    [PING OK] DE | VLESS | 4875ms
2026-02-24 04:30:35 [INFO]    [PING OK] SE | VLESS | 4707ms
2026-02-24 04:30:35 [INFO]    [PING OK] SE | VLESS | 4396ms
2026-02-24 04:30:35 [INFO]    [PING OK] DE | VLESS | 4303ms
2026-02-24 04:30:36 [INFO]    [PING OK] NL | VLESS | 4318ms
2026-02-24 04:30:36 [INFO]    [PING OK] DE | VLESS | 4296ms
2026-02-24 04:30:36 [INFO]    [PING OK] DE | VLESS | 3696ms
2026-02-24 04:30:36 [INFO]    [PING OK] DE | VLESS | 4308ms
2026-02-24 04:30:36 [INFO]    [PING OK] US | VLESS | 2488ms
2026-02-24 04:30:36 [INFO]    [PING OK] TR | VLESS | 1705ms
2026-02-24 04:30:36 [INFO]    [PING OK] SE | VLESS | 2028ms
2026-02-24 04:30:36 [INFO]    [PING OK] SG | VLESS | 3083ms
2026-02-24 04:30:37 [INFO]    [PING OK] CA | VLESS | 3137ms
2026-02-24 04:30:37 [INFO]    [PING OK] CA | VLESS | 3515ms
2026-02-24 04:30:37 [INFO]    [PING OK] SE | VLESS | 2834ms
2026-02-24 04:30:37 [INFO]    [PING OK] CA | VLESS | 5508ms
2026-02-24 04:30:38 [INFO]    [PING OK] US | VLESS | 3953ms
2026-02-24 04:30:40 [INFO] 🏎️ ЭТАП 2: Глубокий замер скорости для 40 иностранных кандидатов...
2026-02-24 04:30:44 [INFO]    🏆 SE | VLESS | Пинг: 2028ms | Скорость: 5.8 Mbps ⚡⚡
2026-02-24 04:30:45 [INFO]    🏆 DE | VLESS | Пинг: 3696ms | Скорость: 5.79 Mbps ⚡⚡
2026-02-24 04:30:45 [INFO]    🏆 DE | VLESS | Пинг: 4089ms | Скорость: 5.93 Mbps ⚡⚡
2026-02-24 04:30:45 [INFO]    🏆 PL | VLESS | Пинг: 4042ms | Скорость: 5.82 Mbps ⚡⚡
2026-02-24 04:30:45 [INFO]    🏆 HU | VLESS | Пинг: 3904ms | Скорость: 5.74 Mbps ⚡⚡
2026-02-24 04:30:45 [INFO]    🏆 TR | VLESS | Пинг: 1705ms | Скорость: 5.51 Mbps ⚡⚡
2026-02-24 04:30:45 [INFO]    🏆 IT | VLESS | Пинг: 3837ms | Скорость: 5.59 Mbps ⚡⚡
2026-02-24 04:30:45 [INFO]    🏆 US | VLESS | Пинг: 2488ms | Скорость: 5.31 Mbps ⚡⚡
2026-02-24 04:30:45 [INFO]    🏆 SG | VLESS | Пинг: 3083ms | Скорость: 5.22 Mbps ⚡⚡
2026-02-24 04:30:45 [INFO]    🏆 TR | VLESS | Пинг: 4091ms | Скорость: 5.09 Mbps ⚡⚡
2026-02-24 04:30:47 [INFO]    🏆 IT | VLESS | Пинг: 4149ms | Скорость: 7.64 Mbps ⚡⚡
2026-02-24 04:30:47 [INFO]    🏆 CA | VLESS | Пинг: 3515ms | Скорость: 3.51 Mbps ⚡⚡
2026-02-24 04:30:47 [INFO]    🏆 US | VLESS | Пинг: 3953ms | Скорость: 1.79 Mbps ⚡
2026-02-24 04:30:48 [INFO]    🏆 PL | VLESS | Пинг: 4229ms | Скорость: 6.2 Mbps ⚡⚡
2026-02-24 04:30:49 [INFO]    🏆 ES | VLESS | Пинг: 4255ms | Скорость: 6.3 Mbps ⚡⚡
2026-02-24 04:30:49 [INFO]    🏆 DE | VLESS | Пинг: 4308ms | Скорость: 6.41 Mbps ⚡⚡
2026-02-24 04:30:49 [INFO]    🏆 DE | VLESS | Пинг: 4303ms | Скорость: 6.36 Mbps ⚡⚡
2026-02-24 04:30:49 [INFO]    🏆 DE | VLESS | Пинг: 4296ms | Скорость: 6.31 Mbps ⚡⚡
2026-02-24 04:30:49 [INFO]    🏆 FI | VLESS | Пинг: 4504ms | Скорость: 6.77 Mbps ⚡⚡
2026-02-24 04:30:49 [INFO]    🏆 NL | VLESS | Пинг: 4318ms | Скорость: 6.24 Mbps ⚡⚡
2026-02-24 04:30:49 [INFO]    🏆 PL | VLESS | Пинг: 4529ms | Скорость: 7.03 Mbps ⚡⚡
2026-02-24 04:30:49 [INFO]    🏆 ES | VLESS | Пинг: 4520ms | Скорость: 6.89 Mbps ⚡⚡
2026-02-24 04:30:49 [INFO]    🏆 DE | VLESS | Пинг: 4504ms | Скорость: 6.61 Mbps ⚡⚡
2026-02-24 04:30:49 [INFO]    🏆 SE | VLESS | Пинг: 4396ms | Скорость: 5.53 Mbps ⚡⚡
2026-02-24 04:30:49 [INFO]    🏆 IN | VLESS | Пинг: 4395ms | Скорость: 5.21 Mbps ⚡⚡
2026-02-24 04:30:51 [INFO]    🏆 PL | VLESS | Пинг: 4562ms | Скорость: 6.24 Mbps ⚡⚡
2026-02-24 04:30:51 [INFO]    🏆 HU | VLESS | Пинг: 4565ms | Скорость: 6.39 Mbps ⚡⚡
2026-02-24 04:30:51 [INFO]    🏆 HU | VLESS | Пинг: 4586ms | Скорость: 6.66 Mbps ⚡⚡
2026-02-24 04:30:52 [INFO]    🏆 SE | VLESS | Пинг: 4707ms | Скорость: 8.2 Mbps ⚡⚡
2026-02-24 04:30:52 [INFO]    🏆 IT | VLESS | Пинг: 4603ms | Скорость: 7.02 Mbps ⚡⚡
2026-02-24 04:30:52 [INFO]    🏆 LV | VLESS | Пинг: 4665ms | Скорость: 7.05 Mbps ⚡⚡
2026-02-24 04:30:52 [INFO]    🏆 DE | VLESS | Пинг: 4741ms | Скорость: 7.13 Mbps ⚡⚡
2026-02-24 04:30:52 [INFO]    🏆 LV | VLESS | Пинг: 4614ms | Скорость: 6.99 Mbps ⚡⚡
2026-02-24 04:30:52 [INFO]    🏆 ES | VLESS | Пинг: 4749ms | Скорость: 7.51 Mbps ⚡⚡
2026-02-24 04:30:52 [INFO]    🏆 TR | VLESS | Пинг: 4688ms | Скорость: 6.92 Mbps ⚡⚡
2026-02-24 04:30:52 [INFO]    🏆 ES | VLESS | Пинг: 4704ms | Скорость: 6.95 Mbps ⚡⚡
2026-02-24 04:30:53 [INFO] 📊 Итого в подписке сохранено иностранных серверов: 10
2026-02-24 04:30:53 [INFO] 💾 Файл успешно сохранен: FL1PVPN
