2026-02-17 14:20:06 [INFO] 🚀 START: Smart VLESS Selector (Target: 10, Strict Mode)
2026-02-17 14:20:06 [INFO] 🌐 Загрузка источников...
2026-02-17 14:20:08 [INFO] 🔍 Уникальных конфигов собрано: 538
2026-02-17 14:20:08 [INFO] ⚡ ЭТАП 1: Быстрый замер Пинга (Workers: 25)...
2026-02-17 14:20:09 [INFO]    [PING OK] NL | 235ms
2026-02-17 14:20:15 [INFO]    [PING OK] DE | 158ms
2026-02-17 14:20:16 [INFO]    [PING OK] DE | 192ms
2026-02-17 14:20:19 [INFO]    [PING OK] DE | 183ms
2026-02-17 14:20:25 [INFO]    [PING OK] RU | 227ms
2026-02-17 14:20:25 [INFO]    [PING OK] RU | 102ms
2026-02-17 14:20:26 [INFO]    [PING OK] RU | 295ms
2026-02-17 14:20:26 [INFO]    [PING OK] RU | 521ms
2026-02-17 14:20:26 [INFO]    [PING OK] RU | 275ms
2026-02-17 14:20:26 [INFO]    [PING OK] RU | 324ms
2026-02-17 14:20:26 [INFO]    [PING OK] RU | 1333ms
2026-02-17 14:20:27 [INFO]    [PING OK] RU | 749ms
2026-02-17 14:20:27 [INFO]    [PING OK] RU | 279ms
2026-02-17 14:20:27 [INFO]    [PING OK] RU | 65ms
2026-02-17 14:20:27 [INFO]    [PING OK] RU | 459ms
2026-02-17 14:20:27 [INFO]    [PING OK] RU | 230ms
2026-02-17 14:20:27 [INFO]    [PING OK] RU | 132ms
2026-02-17 14:20:27 [INFO]    [PING OK] RU | 386ms
2026-02-17 14:20:27 [INFO]    [PING OK] RU | 392ms
2026-02-17 14:20:27 [INFO]    [PING OK] RU | 203ms
2026-02-17 14:20:28 [INFO]    [PING OK] RU | 729ms
2026-02-17 14:20:28 [INFO]    [PING OK] RU | 218ms
2026-02-17 14:20:28 [INFO]    [PING OK] RU | 372ms
2026-02-17 14:20:28 [INFO]    [PING OK] RU | 688ms
2026-02-17 14:20:28 [INFO]    [PING OK] RU | 231ms
2026-02-17 14:20:28 [INFO]    [PING OK] RU | 137ms
2026-02-17 14:20:28 [INFO]    [PING OK] RU | 175ms
2026-02-17 14:20:28 [INFO]    [PING OK] RU | 227ms
2026-02-17 14:20:29 [INFO]    [PING OK] RU | 221ms
2026-02-17 14:20:29 [INFO]    [PING OK] RU | 859ms
2026-02-17 14:20:29 [INFO]    [PING OK] RU | 282ms
2026-02-17 14:20:29 [INFO]    [PING OK] RU | 380ms
2026-02-17 14:20:29 [INFO]    [PING OK] RU | 305ms
2026-02-17 14:20:29 [INFO]    [PING OK] RU | 366ms
2026-02-17 14:20:29 [INFO]    [PING OK] RU | 1276ms
2026-02-17 14:20:30 [INFO]    [PING OK] RU | 1351ms
2026-02-17 14:20:30 [INFO]    [PING OK] RU | 276ms
2026-02-17 14:20:30 [INFO]    [PING OK] RU | 209ms
2026-02-17 14:20:30 [INFO]    [PING OK] RU | 1931ms
2026-02-17 14:20:30 [INFO]    [PING OK] RU | 298ms
2026-02-17 14:20:30 [INFO]    [PING OK] RU | 227ms
2026-02-17 14:20:30 [INFO]    [PING OK] RU | 291ms
2026-02-17 14:20:30 [INFO]    [PING OK] RU | 1618ms
2026-02-17 14:20:30 [INFO]    [PING OK] RU | 448ms
2026-02-17 14:20:30 [INFO]    [PING OK] RU | 520ms
2026-02-17 14:20:30 [INFO]    [PING OK] RU | 2051ms
2026-02-17 14:20:31 [INFO]    [PING OK] RU | 343ms
2026-02-17 14:20:31 [INFO]    [PING OK] RU | 257ms
2026-02-17 14:20:31 [INFO]    [PING OK] RU | 222ms
2026-02-17 14:20:31 [INFO]    [PING OK] RU | 348ms
2026-02-17 14:20:31 [INFO]    [PING OK] RU | 307ms
2026-02-17 14:20:31 [INFO]    [PING OK] RU | 1327ms
2026-02-17 14:20:31 [INFO]    [PING OK] RU | 1781ms
2026-02-17 14:20:31 [INFO]    [PING OK] RU | 215ms
2026-02-17 14:20:31 [INFO]    [PING OK] RU | 896ms
2026-02-17 14:20:32 [INFO]    [PING OK] RU | 317ms
2026-02-17 14:20:32 [INFO]    [PING OK] RU | 1543ms
2026-02-17 14:20:32 [INFO]    [PING OK] RU | 376ms
2026-02-17 14:20:32 [INFO]    [PING OK] RU | 361ms
2026-02-17 14:20:32 [INFO]    [PING OK] RU | 1289ms
2026-02-17 14:20:32 [INFO]    [PING OK] RU | 325ms
2026-02-17 14:20:33 [INFO]    [PING OK] RU | 264ms
2026-02-17 14:20:33 [INFO]    [PING OK] RU | 851ms
2026-02-17 14:20:33 [INFO]    [PING OK] RU | 835ms
2026-02-17 14:20:33 [INFO]    [PING OK] RU | 2180ms
2026-02-17 14:20:33 [INFO]    [PING OK] EE | 226ms
2026-02-17 14:20:34 [INFO]    [PING OK] RU | 1653ms
2026-02-17 14:20:35 [INFO]    [PING OK] AE | 238ms
2026-02-17 14:20:36 [INFO]    [PING OK] RU | 4296ms
2026-02-17 14:20:40 [INFO]    [PING OK] PL | 152ms
2026-02-17 14:20:45 [INFO]    [PING OK] NL | 689ms
2026-02-17 14:20:46 [INFO]    [PING OK] US | 462ms
2026-02-17 14:20:50 [INFO]    [PING OK] PL | 482ms
2026-02-17 14:20:55 [INFO]    [PING OK] RU | 142ms
2026-02-17 14:20:57 [INFO]    [PING OK] PL | 466ms
2026-02-17 14:20:58 [INFO]    [PING OK] DE | 175ms
2026-02-17 14:21:02 [INFO]    [PING OK] RU | 190ms
2026-02-17 14:21:02 [INFO]    [PING OK] PL | 87ms
2026-02-17 14:21:07 [INFO]    [PING OK] RU | 3837ms
2026-02-17 14:21:08 [INFO]    [PING OK] LT | 160ms
2026-02-17 14:21:11 [INFO]    [PING OK] ES | 651ms
2026-02-17 14:21:12 [INFO]    [PING OK] TR | 269ms
2026-02-17 14:21:12 [INFO]    [PING OK] FI | 524ms
2026-02-17 14:21:18 [INFO]    [PING OK] LT | 240ms
2026-02-17 14:21:20 [INFO]    [PING OK] DE | 171ms
2026-02-17 14:21:33 [INFO]    [PING OK] LT | 2043ms
2026-02-17 14:21:33 [INFO]    [PING OK] CY | 1051ms
2026-02-17 14:21:35 [INFO]    [PING OK] MD | 207ms
2026-02-17 14:21:36 [INFO]    [PING OK] LV | 394ms
2026-02-17 14:21:36 [INFO]    [PING OK] LV | 1128ms
2026-02-17 14:21:40 [INFO] 🏎️ ЭТАП 2: Глубокий замер скорости для ТОП-10 серверов...
2026-02-17 14:21:44 [INFO]    🏆 PL | Пинг: 87ms | Скорость: 7.39 Mbps ⚡⚡
2026-02-17 14:21:44 [INFO]    🏆 PL | Пинг: 152ms | Скорость: 0.0 Mbps 
2026-02-17 14:21:44 [INFO]    🏆 DE | Пинг: 158ms | Скорость: 8.22 Mbps ⚡⚡
2026-02-17 14:21:44 [INFO]    🏆 LT | Пинг: 160ms | Скорость: 9.28 Mbps ⚡⚡
2026-02-17 14:21:44 [INFO]    🏆 DE | Пинг: 171ms | Скорость: 8.45 Mbps ⚡⚡
2026-02-17 14:21:44 [INFO]    🏆 DE | Пинг: 175ms | Скорость: 8.34 Mbps ⚡⚡
2026-02-17 14:21:44 [INFO]    🏆 DE | Пинг: 183ms | Скорость: 8.29 Mbps ⚡⚡
2026-02-17 14:21:44 [INFO]    🏆 DE | Пинг: 192ms | Скорость: 0.0 Mbps 
2026-02-17 14:21:44 [INFO]    🏆 MD | Пинг: 207ms | Скорость: 8.7 Mbps ⚡⚡
2026-02-17 14:21:44 [INFO]    🏆 RU | Пинг: 65ms | Скорость: 8.6 Mbps ⚡⚡
2026-02-17 14:21:44 [INFO] 🇷🇺 Добавлен RU сервер: 87.242.103.184
2026-02-17 14:21:44 [INFO] 📊 Итого в подписке сохранено: 10 серверов
2026-02-17 14:21:44 [INFO] 💾 Файл успешно сохранен: FL1PVPN
