2026-02-19 21:40:05 [INFO] 🚀 START: Smart VPN Selector (Target: 10, Strict Mode)
2026-02-19 21:40:05 [INFO] 🌐 Загрузка источников...
2026-02-19 21:40:09 [INFO] 🔍 Уникальных конфигов собрано: 1266
2026-02-19 21:40:09 [INFO] ⚡ ЭТАП 1: Быстрый замер Пинга (Workers: 25)...
2026-02-19 21:40:10 [INFO]    [PING OK] RU | 162ms
2026-02-19 21:40:10 [INFO]    [PING OK] NO | 323ms
2026-02-19 21:40:10 [INFO]    [PING OK] DE | 196ms
2026-02-19 21:40:10 [INFO]    [PING OK] DE | 166ms
2026-02-19 21:40:11 [INFO]    [PING OK] DE | 131ms
2026-02-19 21:40:12 [INFO]    [PING OK] DE | 893ms
2026-02-19 21:40:12 [INFO]    [PING OK] DE | 514ms
2026-02-19 21:40:12 [INFO]    [PING OK] RU | 356ms
2026-02-19 21:40:12 [INFO]    [PING OK] HK | 1981ms
2026-02-19 21:40:12 [INFO]    [PING OK] US | 2690ms
2026-02-19 21:40:13 [INFO]    [PING OK] RU | 170ms
2026-02-19 21:40:13 [INFO]    [PING OK] DE | 3664ms
2026-02-19 21:40:15 [INFO]    [PING OK] FR | 692ms
2026-02-19 21:40:16 [INFO]    [PING OK] LV | 193ms
2026-02-19 21:40:19 [INFO]    [PING OK] DE | 174ms
2026-02-19 21:40:23 [INFO]    [PING OK] HU | 540ms
2026-02-19 21:40:23 [INFO]    [PING OK] RU | 278ms
2026-02-19 21:40:24 [INFO]    [PING OK] RU | 192ms
2026-02-19 21:40:24 [INFO]    [PING OK] RU | 102ms
2026-02-19 21:40:24 [INFO]    [PING OK] RU | 246ms
2026-02-19 21:40:24 [INFO]    [PING OK] RU | 201ms
2026-02-19 21:40:24 [INFO]    [PING OK] RU | 116ms
2026-02-19 21:40:24 [INFO]    [PING OK] HU | 290ms
2026-02-19 21:40:24 [INFO]    [PING OK] RU | 289ms
2026-02-19 21:40:25 [INFO]    [PING OK] RU | 114ms
2026-02-19 21:40:25 [INFO]    [PING OK] RU | 275ms
2026-02-19 21:40:25 [INFO]    [PING OK] RU | 129ms
2026-02-19 21:40:25 [INFO]    [PING OK] RU | 296ms
2026-02-19 21:40:25 [INFO]    [PING OK] RU | 102ms
2026-02-19 21:40:25 [INFO]    [PING OK] RU | 151ms
2026-02-19 21:40:25 [INFO]    [PING OK] RU | 214ms
2026-02-19 21:40:25 [INFO]    [PING OK] RU | 194ms
2026-02-19 21:40:25 [INFO]    [PING OK] RU | 222ms
2026-02-19 21:40:25 [INFO]    [PING OK] RU | 96ms
2026-02-19 21:40:25 [INFO]    [PING OK] RU | 232ms
2026-02-19 21:40:26 [INFO]    [PING OK] NL | 236ms
2026-02-19 21:40:26 [INFO]    [PING OK] RU | 218ms
2026-02-19 21:40:26 [INFO]    [PING OK] RU | 229ms
2026-02-19 21:40:26 [INFO]    [PING OK] RU | 121ms
2026-02-19 21:40:26 [INFO]    [PING OK] RU | 224ms
2026-02-19 21:40:26 [INFO]    [PING OK] RU | 143ms
2026-02-19 21:40:26 [INFO]    [PING OK] RU | 362ms
2026-02-19 21:40:26 [INFO]    [PING OK] RU | 309ms
2026-02-19 21:40:26 [INFO]    [PING OK] RU | 260ms
2026-02-19 21:40:26 [INFO]    [PING OK] RU | 1075ms
2026-02-19 21:40:26 [INFO]    [PING OK] RU | 252ms
2026-02-19 21:40:26 [INFO]    [PING OK] RU | 1995ms
2026-02-19 21:40:26 [INFO]    [PING OK] RU | 231ms
2026-02-19 21:40:26 [INFO]    [PING OK] RU | 125ms
2026-02-19 21:40:26 [INFO]    [PING OK] RU | 546ms
2026-02-19 21:40:26 [INFO]    [PING OK] RU | 128ms
2026-02-19 21:40:27 [INFO]    [PING OK] RU | 198ms
2026-02-19 21:40:27 [INFO]    [PING OK] RU | 140ms
2026-02-19 21:40:27 [INFO]    [PING OK] RU | 143ms
2026-02-19 21:40:27 [INFO]    [PING OK] RU | 117ms
2026-02-19 21:40:27 [INFO]    [PING OK] RU | 192ms
2026-02-19 21:40:27 [INFO]    [PING OK] RU | 97ms
2026-02-19 21:40:27 [INFO]    [PING OK] RU | 266ms
2026-02-19 21:40:27 [INFO]    [PING OK] RU | 230ms
2026-02-19 21:40:27 [INFO]    [PING OK] RU | 116ms
2026-02-19 21:40:27 [INFO]    [PING OK] RU | 232ms
2026-02-19 21:40:27 [INFO]    [PING OK] RU | 243ms
2026-02-19 21:40:27 [INFO]    [PING OK] RU | 236ms
2026-02-19 21:40:28 [INFO]    [PING OK] RU | 179ms
2026-02-19 21:40:28 [INFO]    [PING OK] RU | 234ms
2026-02-19 21:40:28 [INFO]    [PING OK] RU | 170ms
2026-02-19 21:40:28 [INFO]    [PING OK] RU | 147ms
2026-02-19 21:40:28 [INFO]    [PING OK] RU | 248ms
2026-02-19 21:40:28 [INFO]    [PING OK] RU | 306ms
2026-02-19 21:40:28 [INFO]    [PING OK] RU | 111ms
2026-02-19 21:40:28 [INFO]    [PING OK] RU | 514ms
2026-02-19 21:40:28 [INFO]    [PING OK] RU | 68ms
2026-02-19 21:40:28 [INFO]    [PING OK] RU | 1013ms
2026-02-19 21:40:28 [INFO]    [PING OK] RU | 275ms
2026-02-19 21:40:28 [INFO]    [PING OK] RU | 118ms
2026-02-19 21:40:28 [INFO]    [PING OK] RU | 204ms
2026-02-19 21:40:28 [INFO]    [PING OK] RU | 236ms
2026-02-19 21:40:28 [INFO]    [PING OK] RU | 204ms
2026-02-19 21:40:29 [INFO]    [PING OK] RU | 144ms
2026-02-19 21:40:29 [INFO]    [PING OK] RU | 222ms
2026-02-19 21:40:29 [INFO]    [PING OK] RU | 211ms
2026-02-19 21:40:29 [INFO]    [PING OK] RU | 71ms
2026-02-19 21:40:29 [INFO]    [PING OK] RU | 157ms
2026-02-19 21:40:29 [INFO]    [PING OK] RU | 280ms
2026-02-19 21:40:29 [INFO]    [PING OK] RU | 117ms
2026-02-19 21:40:29 [INFO]    [PING OK] RU | 185ms
2026-02-19 21:40:29 [INFO]    [PING OK] RU | 659ms
2026-02-19 21:40:29 [INFO]    [PING OK] RU | 118ms
2026-02-19 21:40:29 [INFO]    [PING OK] RU | 1457ms
2026-02-19 21:40:29 [INFO]    [PING OK] GB | 169ms
2026-02-19 21:40:29 [INFO]    [PING OK] RU | 116ms
2026-02-19 21:40:29 [INFO]    [PING OK] RU | 415ms
2026-02-19 21:40:29 [INFO]    [PING OK] RU | 105ms
2026-02-19 21:40:29 [INFO]    [PING OK] HU | 663ms
2026-02-19 21:40:30 [INFO]    [PING OK] RU | 829ms
2026-02-19 21:40:30 [INFO]    [PING OK] RU | 124ms
2026-02-19 21:40:30 [INFO]    [PING OK] RU | 219ms
2026-02-19 21:40:30 [INFO]    [PING OK] RU | 304ms
2026-02-19 21:40:30 [INFO]    [PING OK] RU | 395ms
2026-02-19 21:40:30 [INFO]    [PING OK] RU | 361ms
2026-02-19 21:40:30 [INFO]    [PING OK] RU | 256ms
2026-02-19 21:40:30 [INFO]    [PING OK] RU | 239ms
2026-02-19 21:40:30 [INFO]    [PING OK] RU | 292ms
2026-02-19 21:40:30 [INFO]    [PING OK] RU | 333ms
2026-02-19 21:40:31 [INFO]    [PING OK] RU | 364ms
2026-02-19 21:40:31 [INFO]    [PING OK] RU | 311ms
2026-02-19 21:40:31 [INFO]    [PING OK] RU | 70ms
2026-02-19 21:40:31 [INFO]    [PING OK] RU | 240ms
2026-02-19 21:40:31 [INFO]    [PING OK] RU | 503ms
2026-02-19 21:40:31 [INFO]    [PING OK] RU | 1265ms
2026-02-19 21:40:31 [INFO]    [PING OK] FR | 216ms
2026-02-19 21:40:31 [INFO]    [PING OK] TR | 247ms
2026-02-19 21:40:32 [INFO]    [PING OK] RU | 4804ms
2026-02-19 21:40:32 [INFO]    [PING OK] RU | 1537ms
2026-02-19 21:40:32 [INFO]    [PING OK] US | 626ms
2026-02-19 21:40:32 [INFO]    [PING OK] SE | 106ms
2026-02-19 21:40:32 [INFO]    [PING OK] RU | 48ms
2026-02-19 21:40:32 [INFO]    [PING OK] US | 391ms
2026-02-19 21:40:33 [INFO]    [PING OK] GB | 147ms
2026-02-19 21:40:33 [INFO]    [PING OK] NL | 198ms
2026-02-19 21:40:33 [INFO]    [PING OK] TR | 1707ms
2026-02-19 21:40:33 [INFO]    [PING OK] US | 391ms
2026-02-19 21:40:33 [INFO]    [PING OK] US | 389ms
2026-02-19 21:40:33 [INFO]    [PING OK] DE | 102ms
2026-02-19 21:40:33 [INFO]    [PING OK] RU | 2956ms
2026-02-19 21:40:33 [INFO]    [PING OK] IR | 166ms
2026-02-19 21:40:34 [INFO]    [PING OK] LU | 255ms
2026-02-19 21:40:34 [INFO]    [PING OK] DE | 174ms
2026-02-19 21:40:34 [INFO]    [PING OK] RU | 4296ms
2026-02-19 21:40:34 [INFO]    [PING OK] HK | 1249ms
2026-02-19 21:40:34 [INFO]    [PING OK] RU | 3516ms
2026-02-19 21:40:34 [INFO]    [PING OK] US | 377ms
2026-02-19 21:40:35 [INFO]    [PING OK] IT | 546ms
2026-02-19 21:40:35 [INFO]    [PING OK] UZ | 273ms
2026-02-19 21:40:35 [INFO]    [PING OK] IQ | 649ms
2026-02-19 21:40:36 [INFO]    [PING OK] CY | 400ms
2026-02-19 21:40:36 [INFO]    [PING OK] MX | 427ms
2026-02-19 21:40:36 [INFO]    [PING OK] TR | 4421ms
2026-02-19 21:40:36 [INFO]    [PING OK] US | 463ms
2026-02-19 21:40:37 [INFO]    [PING OK] SG | 557ms
2026-02-19 21:40:37 [INFO]    [PING OK] US | 374ms
2026-02-19 21:40:37 [INFO]    [PING OK] US | 389ms
2026-02-19 21:40:37 [INFO]    [PING OK] DE | 222ms
2026-02-19 21:40:37 [INFO]    [PING OK] KH | 2324ms
2026-02-19 21:40:37 [INFO]    [PING OK] US | 394ms
2026-02-19 21:40:37 [INFO]    [PING OK] IL | 1280ms
2026-02-19 21:40:37 [INFO]    [PING OK] NL | 389ms
2026-02-19 21:40:38 [INFO]    [PING OK] FR | 143ms
2026-02-19 21:40:38 [INFO]    [PING OK] SG | 417ms
2026-02-19 21:40:38 [INFO]    [PING OK] NL | 247ms
2026-02-19 21:40:38 [INFO]    [PING OK] GR | 174ms
2026-02-19 21:40:38 [INFO]    [PING OK] AU | 582ms
2026-02-19 21:40:38 [INFO]    [PING OK] SG | 558ms
2026-02-19 21:40:39 [INFO]    [PING OK] FI | 130ms
2026-02-19 21:40:39 [INFO]    [PING OK] MD | 686ms
2026-02-19 21:40:39 [INFO]    [PING OK] DE | 4691ms
2026-02-19 21:40:39 [INFO]    [PING OK] HK | 1305ms
2026-02-19 21:40:39 [INFO]    [PING OK] CY | 187ms
2026-02-19 21:40:39 [INFO]    [PING OK] PL | 107ms
2026-02-19 21:40:39 [INFO]    [PING OK] MD | 146ms
2026-02-19 21:40:40 [INFO]    [PING OK] GB | 182ms
2026-02-19 21:40:40 [INFO]    [PING OK] GB | 848ms
2026-02-19 21:40:40 [INFO]    [PING OK] CA | 339ms
2026-02-19 21:40:40 [INFO]    [PING OK] US | 393ms
2026-02-19 21:40:40 [INFO]    [PING OK] GB | 560ms
2026-02-19 21:40:40 [INFO]    [PING OK] PL | 239ms
2026-02-19 21:40:41 [INFO]    [PING OK] AT | 218ms
2026-02-19 21:40:41 [INFO]    [PING OK] GB | 1635ms
2026-02-19 21:40:41 [INFO]    [PING OK] GB | 139ms
2026-02-19 21:40:41 [INFO]    [PING OK] US | 248ms
2026-02-19 21:40:41 [INFO]    [PING OK] DE | 191ms
2026-02-19 21:40:41 [INFO]    [PING OK] US | 556ms
2026-02-19 21:40:41 [INFO]    [PING OK] PL | 124ms
2026-02-19 21:40:41 [INFO]    [PING OK] DE | 118ms
2026-02-19 21:40:42 [INFO]    [PING OK] US | 643ms
2026-02-19 21:40:42 [INFO]    [PING OK] US | 439ms
2026-02-19 21:40:42 [INFO]    [PING OK] JP | 1967ms
2026-02-19 21:40:42 [INFO]    [PING OK] US | 469ms
2026-02-19 21:40:43 [INFO]    [PING OK] DE | 258ms
2026-02-19 21:40:43 [INFO]    [PING OK] BG | 133ms
2026-02-19 21:40:43 [INFO]    [PING OK] GB | 527ms
2026-02-19 21:40:43 [INFO]    [PING OK] LV | 443ms
2026-02-19 21:40:43 [INFO]    [PING OK] US | 409ms
2026-02-19 21:40:51 [INFO]    [PING OK] FR | 123ms
2026-02-19 21:40:53 [INFO]    [PING OK] GB | 215ms
2026-02-19 21:40:54 [INFO]    [PING OK] GB | 2101ms
2026-02-19 21:40:55 [INFO]    [PING OK] DE | 436ms
2026-02-19 21:40:59 [INFO]    [PING OK] US | 261ms
2026-02-19 21:41:00 [INFO]    [PING OK] SG | 892ms
2026-02-19 21:41:04 [INFO]    [PING OK] SG | 635ms
2026-02-19 21:41:06 [INFO]    [PING OK] FR | 121ms
2026-02-19 21:41:09 [INFO]    [PING OK] JP | 648ms
2026-02-19 21:41:11 [INFO]    [PING OK] AU | 939ms
2026-02-19 21:41:12 [INFO]    [PING OK] GB | 180ms
2026-02-19 21:41:16 [INFO]    [PING OK] DE | 116ms
2026-02-19 21:41:20 [INFO]    [PING OK] SG | 689ms
2026-02-19 21:41:20 [INFO]    [PING OK] GB | 171ms
2026-02-19 21:41:22 [INFO]    [PING OK] GB | 1214ms
2026-02-19 21:41:23 [INFO]    [PING OK] GB | 156ms
2026-02-19 21:41:23 [INFO]    [PING OK] RU | 311ms
2026-02-19 21:41:23 [INFO]    [PING OK] GB | 145ms
2026-02-19 21:41:24 [INFO]    [PING OK] RU | 915ms
2026-02-19 21:41:24 [INFO]    [PING OK] TW | 1497ms
2026-02-19 21:41:24 [INFO]    [PING OK] GB | 2606ms
2026-02-19 21:41:24 [INFO]    [PING OK] GB | 787ms
2026-02-19 21:41:24 [INFO]    [PING OK] ES | 125ms
2026-02-19 21:41:26 [INFO]    [PING OK] DE | 494ms
2026-02-19 21:41:26 [INFO]    [PING OK] RU | 4221ms
2026-02-19 21:41:26 [INFO]    [PING OK] TR | 295ms
2026-02-19 21:41:27 [INFO]    [PING OK] RU | 1579ms
2026-02-19 21:41:27 [INFO]    [PING OK] GB | 138ms
2026-02-19 21:41:27 [INFO]    [PING OK] SE | 179ms
2026-02-19 21:41:27 [INFO]    [PING OK] GB | 137ms
2026-02-19 21:41:28 [INFO]    [PING OK] NL | 4202ms
2026-02-19 21:41:28 [INFO]    [PING OK] RU | 31ms
2026-02-19 21:41:28 [INFO]    [PING OK] RU | 146ms
2026-02-19 21:41:29 [INFO]    [PING OK] GB | 145ms
2026-02-19 21:41:29 [INFO]    [PING OK] HK | 790ms
2026-02-19 21:41:30 [INFO]    [PING OK] GB | 160ms
2026-02-19 21:41:31 [INFO]    [PING OK] NL | 609ms
2026-02-19 21:41:32 [INFO]    [PING OK] RU | 752ms
2026-02-19 21:41:33 [INFO]    [PING OK] GB | 153ms
2026-02-19 21:41:35 [INFO]    [PING OK] DE | 329ms
2026-02-19 21:41:36 [INFO]    [PING OK] RU | 470ms
2026-02-19 21:41:36 [INFO]    [PING OK] RU | 1495ms
2026-02-19 21:41:36 [INFO]    [PING OK] GB | 160ms
2026-02-19 21:41:37 [INFO]    [PING OK] FI | 181ms
2026-02-19 21:41:37 [INFO]    [PING OK] SC | 3769ms
2026-02-19 21:41:38 [INFO]    [PING OK] RU | 3605ms
2026-02-19 21:41:39 [INFO]    [PING OK] US | 562ms
2026-02-19 21:41:39 [INFO]    [PING OK] DE | 2097ms
2026-02-19 21:41:40 [INFO]    [PING OK] DE | 734ms
2026-02-19 21:41:43 [INFO]    [PING OK] RU | 3983ms
2026-02-19 21:41:44 [INFO]    [PING OK] RU | 295ms
2026-02-19 21:41:44 [INFO]    [PING OK] RU | 3084ms
2026-02-19 21:41:45 [INFO]    [PING OK] DE | 1737ms
2026-02-19 21:41:45 [INFO]    [PING OK] RU | 433ms
2026-02-19 21:41:45 [INFO]    [PING OK] GB | 153ms
2026-02-19 21:41:46 [INFO]    [PING OK] RU | 851ms
2026-02-19 21:41:47 [INFO]    [PING OK] RU | 1504ms
2026-02-19 21:41:47 [INFO]    [PING OK] RU | 4786ms
2026-02-19 21:41:51 [INFO] 🏎️ ЭТАП 2: Глубокий замер скорости для ТОП-10 серверов...
2026-02-19 21:41:55 [INFO]    🏆 DE | Пинг: 102ms | Скорость: 8.25 Mbps ⚡⚡
2026-02-19 21:41:55 [INFO]    🏆 SE | Пинг: 106ms | Скорость: 8.45 Mbps ⚡⚡
2026-02-19 21:41:55 [INFO]    🏆 PL | Пинг: 107ms | Скорость: 8.25 Mbps ⚡⚡
2026-02-19 21:41:55 [INFO]    🏆 DE | Пинг: 116ms | Скорость: 7.95 Mbps ⚡⚡
2026-02-19 21:41:55 [INFO]    🏆 DE | Пинг: 118ms | Скорость: 8.22 Mbps ⚡⚡
2026-02-19 21:41:55 [INFO]    🏆 FR | Пинг: 121ms | Скорость: 5.86 Mbps ⚡⚡
2026-02-19 21:41:55 [INFO]    🏆 FR | Пинг: 123ms | Скорость: 8.41 Mbps ⚡⚡
2026-02-19 21:41:55 [INFO]    🏆 PL | Пинг: 124ms | Скорость: 8.65 Mbps ⚡⚡
2026-02-19 21:41:55 [INFO]    🏆 ES | Пинг: 125ms | Скорость: 8.86 Mbps ⚡⚡
2026-02-19 21:41:55 [INFO]    🏆 RU | Пинг: 31ms | Скорость: 8.82 Mbps ⚡⚡
2026-02-19 21:41:55 [INFO] 🇷🇺 Добавлен RU сервер: 82.202.169.120
2026-02-19 21:41:55 [INFO] 📊 Итого в подписке сохранено: 10 серверов
2026-02-19 21:41:55 [INFO] 💾 Файл успешно сохранен: FL1PVPN
