2026-02-26 18:10:05 [INFO] 🚀 START: Smart Selector (Target: 10, ONLY FOREIGN)
2026-02-26 18:10:05 [INFO] 🌐 Загрузка источников (VLESS + VMess)...
2026-02-26 18:10:07 [INFO] 🔍 Уникальных конфигов собрано: 225
2026-02-26 18:10:07 [INFO] ⚡ ЭТАП 1: Замер Пинга и Геолокации. Workers: 40...
2026-02-26 18:10:12 [INFO]    [PING OK] DE | VLESS | 4703ms
2026-02-26 18:10:12 [INFO]    [PING OK] FI | VLESS | 4231ms
2026-02-26 18:10:13 [INFO]    [PING OK] US | VLESS | 4421ms
2026-02-26 18:10:13 [INFO]    [PING OK] LT | VLESS | 4076ms
2026-02-26 18:10:13 [INFO]    [PING OK] PL | VLESS | 4877ms
2026-02-26 18:10:13 [INFO]    [PING OK] DE | VLESS | 3905ms
2026-02-26 18:10:13 [INFO]    [PING OK] HU | VLESS | 5097ms
2026-02-26 18:10:14 [INFO]    [PING OK] FR | VLESS | 3964ms
2026-02-26 18:10:14 [INFO]    [PING OK] NL | VLESS | 3676ms
2026-02-26 18:10:14 [INFO]    [PING OK] DE | VLESS | 4019ms
2026-02-26 18:10:14 [INFO]    [PING OK] LT | VLESS | 3410ms
2026-02-26 18:10:14 [INFO]    [PING OK] DE | VLESS | 3808ms
2026-02-26 18:10:14 [INFO]    [PING OK] TR | VLESS | 3463ms
2026-02-26 18:10:15 [INFO]    [PING OK] CA | VLESS | 4122ms
2026-02-26 18:10:16 [INFO]    [PING OK] ES | VLESS | 8034ms
2026-02-26 18:10:16 [INFO]    [PING OK] FR | VLESS | 3325ms
2026-02-26 18:10:17 [INFO]    [PING OK] DE | VLESS | 3445ms
2026-02-26 18:10:17 [INFO]    [PING OK] SE | VLESS | 3526ms
2026-02-26 18:10:17 [INFO]    [PING OK] ES | VLESS | 3658ms
2026-02-26 18:10:17 [INFO]    [PING OK] LV | VLESS | 3593ms
2026-02-26 18:10:17 [INFO]    [PING OK] US | VLESS | 3748ms
2026-02-26 18:10:17 [INFO]    [PING OK] DE | VLESS | 3951ms
2026-02-26 18:10:17 [INFO]    [PING OK] CH | VLESS | 3651ms
2026-02-26 18:10:18 [INFO]    [PING OK] LV | VLESS | 3330ms
2026-02-26 18:10:18 [INFO]    [PING OK] NL | VLESS | 3356ms
2026-02-26 18:10:18 [INFO]    [PING OK] ES | VLESS | 3358ms
2026-02-26 18:10:20 [INFO]    [PING OK] DE | VLESS | 3952ms
2026-02-26 18:10:20 [INFO]    [PING OK] CA | VLESS | 5533ms
2026-02-26 18:10:21 [INFO]    [PING OK] DE | VLESS | 3563ms
2026-02-26 18:10:21 [INFO]    [PING OK] FR | VLESS | 3388ms
2026-02-26 18:10:21 [INFO]    [PING OK] DE | VLESS | 3507ms
2026-02-26 18:10:21 [INFO]    [PING OK] CA | VLESS | 3733ms
2026-02-26 18:10:21 [INFO]    [PING OK] US | VLESS | 6500ms
2026-02-26 18:10:21 [INFO]    [PING OK] IT | VLESS | 3632ms
2026-02-26 18:10:21 [INFO]    [PING OK] CH | VLESS | 3555ms
2026-02-26 18:10:21 [INFO]    [PING OK] TR | VLESS | 3576ms
2026-02-26 18:10:21 [INFO]    [PING OK] DE | VLESS | 3223ms
2026-02-26 18:10:21 [INFO]    [PING OK] DE | VLESS | 3853ms
2026-02-26 18:10:21 [INFO]    [PING OK] IT | VLESS | 3787ms
2026-02-26 18:10:22 [INFO]    [PING OK] DE | VLESS | 3595ms
2026-02-26 18:10:22 [INFO]    [PING OK] NL | VLESS | 3496ms
2026-02-26 18:10:22 [INFO]    [PING OK] HK | VLESS | 3858ms
2026-02-26 18:10:23 [INFO]    [PING OK] US | VLESS | 4856ms
2026-02-26 18:10:24 [INFO]    [PING OK] NL | VLESS | 4276ms
2026-02-26 18:10:24 [INFO]    [PING OK] FI | VLESS | 4262ms
2026-02-26 18:10:24 [INFO]    [PING OK] FI | VLESS | 4040ms
2026-02-26 18:10:24 [INFO]    [PING OK] HK | VLESS | 4230ms
2026-02-26 18:10:24 [INFO]    [PING OK] NL | VLESS | 4425ms
2026-02-26 18:10:24 [INFO]    [PING OK] FI | VLESS | 4265ms
2026-02-26 18:10:26 [INFO]    [PING OK] CA | VLESS | 5425ms
2026-02-26 18:10:26 [INFO]    [PING OK] DE | VLESS | 4179ms
2026-02-26 18:10:27 [INFO]    [PING OK] DE | VLESS | 7286ms
2026-02-26 18:10:27 [INFO]    [PING OK] NL | VLESS | 4662ms
2026-02-26 18:10:27 [INFO]    [PING OK] US | VLESS | 4918ms
2026-02-26 18:10:27 [INFO]    [PING OK] US | VLESS | 4678ms
2026-02-26 18:10:27 [INFO]    [PING OK] NL | VLESS | 4845ms
2026-02-26 18:10:27 [INFO]    [PING OK] FI | VLESS | 4774ms
2026-02-26 18:10:27 [INFO]    [PING OK] PL | VLESS | 5024ms
2026-02-26 18:10:28 [INFO]    [PING OK] NL | VLESS | 5121ms
2026-02-26 18:10:29 [INFO]    [PING OK] TR | VLESS | 5094ms
2026-02-26 18:10:29 [INFO]    [PING OK] NL | VLESS | 5060ms
2026-02-26 18:10:29 [INFO]    [PING OK] US | VLESS | 5202ms
2026-02-26 18:10:29 [INFO]    [PING OK] NL | VLESS | 5749ms
2026-02-26 18:10:30 [INFO]    [PING OK] LV | VLESS | 4861ms
2026-02-26 18:10:31 [INFO]    [PING OK] DE | VLESS | 4479ms
2026-02-26 18:10:31 [INFO]    [PING OK] CA | VLESS | 6359ms
2026-02-26 18:10:31 [INFO]    [PING OK] CA | VLESS | 3680ms
2026-02-26 18:10:32 [INFO]    [PING OK] PL | VLESS | 2567ms
2026-02-26 18:10:32 [INFO]    [PING OK] CA | VLESS | 3799ms
2026-02-26 18:10:32 [INFO]    [PING OK] SG | VLESS | 2486ms
2026-02-26 18:10:32 [INFO]    [PING OK] DE | VLESS | 3182ms
2026-02-26 18:10:32 [INFO]    [PING OK] SG | VLESS | 1996ms
2026-02-26 18:10:32 [INFO]    [PING OK] TR | VLESS | 2260ms
2026-02-26 18:10:32 [INFO]    [PING OK] US | VLESS | 5741ms
2026-02-26 18:10:32 [INFO]    [PING OK] CA | VLESS | 4364ms
2026-02-26 18:10:32 [INFO]    [PING OK] US | VLESS | 6545ms
2026-02-26 18:10:32 [INFO]    [PING OK] US | VLESS | 3352ms
2026-02-26 18:10:36 [INFO]    [PING OK] PL | VLESS | 7521ms
2026-02-26 18:10:37 [INFO] 🏎️ ЭТАП 2: Глубокий замер скорости для 40 иностранных кандидатов...
2026-02-26 18:10:41 [INFO]    🏆 FR | VLESS | Пинг: 3325ms | Скорость: 6.11 Mbps ⚡⚡
2026-02-26 18:10:41 [INFO]    🏆 DE | VLESS | Пинг: 3445ms | Скорость: 6.27 Mbps ⚡⚡
2026-02-26 18:10:41 [INFO]    🏆 SG | VLESS | Пинг: 2486ms | Скорость: 5.26 Mbps ⚡⚡
2026-02-26 18:10:41 [INFO]    🏆 SG | VLESS | Пинг: 1996ms | Скорость: 5.22 Mbps ⚡⚡
2026-02-26 18:10:41 [INFO]    🏆 US | VLESS | Пинг: 3352ms | Скорость: 5.29 Mbps ⚡⚡
2026-02-26 18:10:42 [INFO]    🏆 PL | VLESS | Пинг: 2567ms | Скорость: 4.69 Mbps ⚡⚡
2026-02-26 18:10:43 [INFO]    🏆 TR | VLESS | Пинг: 2260ms | Скорость: 3.68 Mbps ⚡⚡
2026-02-26 18:10:43 [INFO]    🏆 DE | VLESS | Пинг: 3507ms | Скорость: 14.04 Mbps ⚡⚡
2026-02-26 18:10:43 [INFO]    🏆 SE | VLESS | Пинг: 3526ms | Скорость: 13.22 Mbps ⚡⚡
2026-02-26 18:10:43 [INFO]    🏆 NL | VLESS | Пинг: 3356ms | Скорость: 3.39 Mbps ⚡⚡
2026-02-26 18:10:43 [INFO]    🏆 DE | VLESS | Пинг: 3182ms | Скорость: 1.32 Mbps 
2026-02-26 18:10:44 [INFO]    🏆 LT | VLESS | Пинг: 3410ms | Скорость: 0.67 Mbps 
2026-02-26 18:10:44 [INFO]    🏆 TR | VLESS | Пинг: 3463ms | Скорость: 1.63 Mbps ⚡
2026-02-26 18:10:45 [INFO]    🏆 DE | VLESS | Пинг: 3595ms | Скорость: 12.02 Mbps ⚡⚡
2026-02-26 18:10:46 [INFO]    🏆 CH | VLESS | Пинг: 3555ms | Скорость: 5.29 Mbps ⚡⚡
2026-02-26 18:10:46 [INFO]    🏆 DE | VLESS | Пинг: 3563ms | Скорость: 5.11 Mbps ⚡⚡
2026-02-26 18:10:46 [INFO]    🏆 NL | VLESS | Пинг: 3676ms | Скорость: 11.18 Mbps ⚡⚡
2026-02-26 18:10:47 [INFO]    🏆 NL | VLESS | Пинг: 3496ms | Скорость: 2.92 Mbps ⚡
2026-02-26 18:10:48 [INFO]    🏆 DE | VLESS | Пинг: 3905ms | Скорость: 15.74 Mbps ⚡⚡
2026-02-26 18:10:49 [INFO]    🏆 LV | VLESS | Пинг: 3593ms | Скорость: 2.64 Mbps ⚡
2026-02-26 18:10:50 [INFO]    🏆 FR | VLESS | Пинг: 3964ms | Скорость: 12.18 Mbps ⚡⚡
2026-02-26 18:10:50 [INFO]    🏆 ES | VLESS | Пинг: 3658ms | Скорость: 3.45 Mbps ⚡⚡
2026-02-26 18:10:50 [INFO]    🏆 IT | VLESS | Пинг: 3632ms | Скорость: 1.78 Mbps ⚡
2026-02-26 18:10:50 [INFO]    🏆 US | VLESS | Пинг: 3748ms | Скорость: 1.34 Mbps 
2026-02-26 18:10:50 [INFO]    🏆 CA | VLESS | Пинг: 3733ms | Скорость: 0.69 Mbps 
2026-02-26 18:10:55 [INFO]    🏆 DE | VLESS | Пинг: 4019ms | Скорость: 2.11 Mbps ⚡
2026-02-26 18:10:55 [INFO] 📊 Итого в подписке сохранено иностранных серверов: 10
2026-02-26 18:10:55 [INFO] 💾 Файл успешно сохранен: FL1PVPN
