2026-02-24 18:00:06 [INFO] 🚀 START: Smart Selector (Target: 10, ONLY FOREIGN)
2026-02-24 18:00:06 [INFO] 🌐 Загрузка источников (VLESS + VMess)...
2026-02-24 18:00:07 [INFO] 🔍 Уникальных конфигов собрано: 184
2026-02-24 18:00:07 [INFO] ⚡ ЭТАП 1: Замер Пинга и Геолокации. Workers: 40...
2026-02-24 18:00:13 [INFO]    [PING OK] HU | VLESS | 5647ms
2026-02-24 18:00:13 [INFO]    [PING OK] TR | VLESS | 5492ms
2026-02-24 18:00:13 [INFO]    [PING OK] ES | VLESS | 5345ms
2026-02-24 18:00:13 [INFO]    [PING OK] ES | VLESS | 5545ms
2026-02-24 18:00:13 [INFO]    [PING OK] IT | VLESS | 5721ms
2026-02-24 18:00:13 [INFO]    [PING OK] PL | VLESS | 5646ms
2026-02-24 18:00:14 [INFO]    [PING OK] HU | VLESS | 5725ms
2026-02-24 18:00:14 [INFO]    [PING OK] PL | VLESS | 5781ms
2026-02-24 18:00:14 [INFO]    [PING OK] PL | VLESS | 5908ms
2026-02-24 18:00:14 [INFO]    [PING OK] PL | VLESS | 5662ms
2026-02-24 18:00:14 [INFO]    [PING OK] DE | VLESS | 5742ms
2026-02-24 18:00:14 [INFO]    [PING OK] PL | VLESS | 5932ms
2026-02-24 18:00:14 [INFO]    [PING OK] ES | VLESS | 6055ms
2026-02-24 18:00:14 [INFO]    [PING OK] ES | VLESS | 5388ms
2026-02-24 18:00:14 [INFO]    [PING OK] US | VLESS | 5573ms
2026-02-24 18:00:14 [INFO]    [PING OK] TR | VLESS | 5625ms
2026-02-24 18:00:14 [INFO]    [PING OK] DE | VLESS | 5582ms
2026-02-24 18:00:15 [INFO]    [PING OK] FI | VLESS | 5328ms
2026-02-24 18:00:15 [INFO]    [PING OK] IT | VLESS | 5147ms
2026-02-24 18:00:15 [INFO]    [PING OK] PL | VLESS | 4969ms
2026-02-24 18:00:15 [INFO]    [PING OK] HU | VLESS | 4863ms
2026-02-24 18:00:15 [INFO]    [PING OK] FR | VLESS | 4520ms
2026-02-24 18:00:15 [INFO]    [PING OK] ES | VLESS | 5158ms
2026-02-24 18:00:16 [INFO]    [PING OK] US | VLESS | 6461ms
2026-02-24 18:00:16 [INFO]    [PING OK] FI | VLESS | 4798ms
2026-02-24 18:00:17 [INFO]    [PING OK] CA | VLESS | 4869ms
2026-02-24 18:00:17 [INFO]    [PING OK] EE | VLESS | 5536ms
2026-02-24 18:00:19 [INFO]    [PING OK] DE | VLESS | 4900ms
2026-02-24 18:00:20 [INFO]    [PING OK] CA | VLESS | 5500ms
2026-02-24 18:00:20 [INFO]    [PING OK] CA | VLESS | 5502ms
2026-02-24 18:00:20 [INFO]    [PING OK] CA | VLESS | 5609ms
2026-02-24 18:00:20 [INFO]    [PING OK] CA | VLESS | 5838ms
2026-02-24 18:00:21 [INFO]    [PING OK] CA | VLESS | 5442ms
2026-02-24 18:00:21 [INFO]    [PING OK] GB | VLESS | 5892ms
2026-02-24 18:00:21 [INFO]    [PING OK] CA | VLESS | 6063ms
2026-02-24 18:00:21 [INFO]    [PING OK] CA | VLESS | 6112ms
2026-02-24 18:00:21 [INFO]    [PING OK] CA | VLESS | 6753ms
2026-02-24 18:00:23 [INFO]    [PING OK] CA | VLESS | 4586ms
2026-02-24 18:00:23 [INFO]    [PING OK] US | VLESS | 4705ms
2026-02-24 18:00:24 [INFO]    [PING OK] NL | VLESS | 2191ms
2026-02-24 18:00:24 [INFO]    [PING OK] DE | VLESS | 2168ms
2026-02-24 18:00:24 [INFO]    [PING OK] TR | VLESS | 2657ms
2026-02-24 18:00:24 [INFO]    [PING OK] CA | VLESS | 2932ms
2026-02-24 18:00:24 [INFO]    [PING OK] US | VLESS | 2924ms
2026-02-24 18:00:24 [INFO]    [PING OK] CA | VLESS | 5595ms
2026-02-24 18:00:24 [INFO]    [PING OK] CA | VLESS | 3907ms
2026-02-24 18:00:24 [INFO]    [PING OK] CA | VLESS | 2341ms
2026-02-24 18:00:24 [INFO]    [PING OK] CA | VLESS | 3294ms
2026-02-24 18:00:24 [INFO]    [PING OK] CA | VLESS | 2948ms
2026-02-24 18:00:26 [INFO]    [PING OK] DE | VLESS | 4327ms
2026-02-24 18:00:29 [INFO] 🏎️ ЭТАП 2: Глубокий замер скорости для 40 иностранных кандидатов...
2026-02-24 18:00:33 [INFO]    🏆 FR | VLESS | Пинг: 4520ms | Скорость: 6.49 Mbps ⚡⚡
2026-02-24 18:00:33 [INFO]    🏆 FI | VLESS | Пинг: 4798ms | Скорость: 6.57 Mbps ⚡⚡
2026-02-24 18:00:33 [INFO]    🏆 NL | VLESS | Пинг: 2191ms | Скорость: 6.11 Mbps ⚡⚡
2026-02-24 18:00:33 [INFO]    🏆 HU | VLESS | Пинг: 4863ms | Скорость: 6.59 Mbps ⚡⚡
2026-02-24 18:00:34 [INFO]    🏆 TR | VLESS | Пинг: 2657ms | Скорость: 4.7 Mbps ⚡⚡
2026-02-24 18:00:34 [INFO]    🏆 US | VLESS | Пинг: 2924ms | Скорость: 4.38 Mbps ⚡⚡
2026-02-24 18:00:35 [INFO]    🏆 CA | VLESS | Пинг: 3294ms | Скорость: 3.61 Mbps ⚡⚡
2026-02-24 18:00:35 [INFO]    🏆 DE | VLESS | Пинг: 4900ms | Скорость: 10.98 Mbps ⚡⚡
2026-02-24 18:00:35 [INFO]    🏆 DE | VLESS | Пинг: 2168ms | Скорость: 1.28 Mbps 
2026-02-24 18:00:36 [INFO]    🏆 US | VLESS | Пинг: 4705ms | Скорость: 1.87 Mbps ⚡
2026-02-24 18:00:36 [INFO]    🏆 ES | VLESS | Пинг: 5345ms | Скорость: 13.58 Mbps ⚡⚡
2026-02-24 18:00:37 [INFO]    🏆 ES | VLESS | Пинг: 5158ms | Скорость: 7.68 Mbps ⚡⚡
2026-02-24 18:00:37 [INFO]    🏆 PL | VLESS | Пинг: 4969ms | Скорость: 5.72 Mbps ⚡⚡
2026-02-24 18:00:38 [INFO]    🏆 ES | VLESS | Пинг: 5388ms | Скорость: 10.63 Mbps ⚡⚡
2026-02-24 18:00:38 [INFO]    🏆 US | VLESS | Пинг: 5573ms | Скорость: 13.0 Mbps ⚡⚡
2026-02-24 18:00:39 [INFO]    🏆 TR | VLESS | Пинг: 5492ms | Скорость: 7.72 Mbps ⚡⚡
2026-02-24 18:00:40 [INFO]    🏆 DE | VLESS | Пинг: 5582ms | Скорость: 6.93 Mbps ⚡⚡
2026-02-24 18:00:40 [INFO]    🏆 HU | VLESS | Пинг: 5647ms | Скорость: 12.09 Mbps ⚡⚡
2026-02-24 18:00:40 [INFO]    🏆 CA | VLESS | Пинг: 5442ms | Скорость: 4.68 Mbps ⚡⚡
2026-02-24 18:00:41 [INFO]    🏆 ES | VLESS | Пинг: 5545ms | Скорость: 4.72 Mbps ⚡⚡
2026-02-24 18:00:41 [INFO]    🏆 PL | VLESS | Пинг: 5646ms | Скорость: 5.17 Mbps ⚡⚡
2026-02-24 18:00:41 [INFO]    🏆 TR | VLESS | Пинг: 5625ms | Скорость: 4.98 Mbps ⚡⚡
2026-02-24 18:00:46 [INFO]    🏆 HU | VLESS | Пинг: 5725ms | Скорость: 2.29 Mbps ⚡
2026-02-24 18:00:46 [INFO] 📊 Итого в подписке сохранено иностранных серверов: 10
2026-02-24 18:00:46 [INFO] 💾 Файл успешно сохранен: FL1PVPN
