2026-02-17 21:30:06 [INFO] 🚀 START: Smart VLESS Selector (Target: 10, Strict Mode)
2026-02-17 21:30:06 [INFO] 🌐 Загрузка источников...
2026-02-17 21:30:08 [INFO] 🔍 Уникальных конфигов собрано: 318
2026-02-17 21:30:08 [INFO] ⚡ ЭТАП 1: Быстрый замер Пинга (Workers: 25)...
2026-02-17 21:30:09 [INFO]    [PING OK] NL | 239ms
2026-02-17 21:30:09 [INFO]    [PING OK] DE | 241ms
2026-02-17 21:30:10 [INFO]    [PING OK] RU | 179ms
2026-02-17 21:30:10 [INFO]    [PING OK] DE | 143ms
2026-02-17 21:30:10 [INFO]    [PING OK] NL | 268ms
2026-02-17 21:30:10 [INFO]    [PING OK] DE | 281ms
2026-02-17 21:30:11 [INFO]    [PING OK] DE | 1431ms
2026-02-17 21:30:11 [INFO]    [PING OK] LV | 226ms
2026-02-17 21:30:12 [INFO]    [PING OK] LV | 170ms
2026-02-17 21:30:12 [INFO]    [PING OK] FI | 179ms
2026-02-17 21:30:12 [INFO]    [PING OK] LT | 161ms
2026-02-17 21:30:13 [INFO]    [PING OK] DE | 152ms
2026-02-17 21:30:13 [INFO]    [PING OK] LT | 147ms
2026-02-17 21:30:13 [INFO]    [PING OK] LT | 157ms
2026-02-17 21:30:13 [INFO]    [PING OK] PL | 142ms
2026-02-17 21:30:13 [INFO]    [PING OK] DE | 140ms
2026-02-17 21:30:14 [INFO]    [PING OK] FI | 179ms
2026-02-17 21:30:14 [INFO]    [PING OK] FI | 159ms
2026-02-17 21:30:14 [INFO]    [PING OK] RU | 215ms
2026-02-17 21:30:14 [INFO]    [PING OK] US | 1501ms
2026-02-17 21:30:14 [INFO]    [PING OK] RU | 264ms
2026-02-17 21:30:15 [INFO]    [PING OK] RU | 329ms
2026-02-17 21:30:15 [INFO]    [PING OK] RU | 170ms
2026-02-17 21:30:15 [INFO]    [PING OK] RU | 283ms
2026-02-17 21:30:15 [INFO]    [PING OK] RU | 350ms
2026-02-17 21:30:15 [INFO]    [PING OK] RU | 213ms
2026-02-17 21:30:15 [INFO]    [PING OK] RU | 357ms
2026-02-17 21:30:15 [INFO]    [PING OK] RU | 246ms
2026-02-17 21:30:15 [INFO]    [PING OK] RU | 350ms
2026-02-17 21:30:15 [INFO]    [PING OK] RU | 343ms
2026-02-17 21:30:15 [INFO]    [PING OK] RU | 260ms
2026-02-17 21:30:15 [INFO]    [PING OK] RU | 376ms
2026-02-17 21:30:15 [INFO]    [PING OK] RU | 321ms
2026-02-17 21:30:15 [INFO]    [PING OK] RU | 284ms
2026-02-17 21:30:15 [INFO]    [PING OK] RU | 238ms
2026-02-17 21:30:16 [INFO]    [PING OK] RU | 240ms
2026-02-17 21:30:16 [INFO]    [PING OK] RU | 304ms
2026-02-17 21:30:16 [INFO]    [PING OK] RU | 232ms
2026-02-17 21:30:16 [INFO]    [PING OK] RU | 184ms
2026-02-17 21:30:16 [INFO]    [PING OK] RU | 276ms
2026-02-17 21:30:16 [INFO]    [PING OK] RU | 246ms
2026-02-17 21:30:16 [INFO]    [PING OK] RU | 180ms
2026-02-17 21:30:16 [INFO]    [PING OK] RU | 282ms
2026-02-17 21:30:16 [INFO]    [PING OK] RU | 404ms
2026-02-17 21:30:16 [INFO]    [PING OK] RU | 486ms
2026-02-17 21:30:16 [INFO]    [PING OK] RU | 302ms
2026-02-17 21:30:16 [INFO]    [PING OK] RU | 218ms
2026-02-17 21:30:16 [INFO]    [PING OK] RU | 213ms
2026-02-17 21:30:16 [INFO]    [PING OK] HU | 382ms
2026-02-17 21:30:16 [INFO]    [PING OK] RU | 275ms
2026-02-17 21:30:17 [INFO]    [PING OK] RU | 1105ms
2026-02-17 21:30:17 [INFO]    [PING OK] RU | 274ms
2026-02-17 21:30:17 [INFO]    [PING OK] RU | 330ms
2026-02-17 21:30:17 [INFO]    [PING OK] RU | 343ms
2026-02-17 21:30:17 [INFO]    [PING OK] RU | 240ms
2026-02-17 21:30:17 [INFO]    [PING OK] RU | 262ms
2026-02-17 21:30:17 [INFO]    [PING OK] RU | 471ms
2026-02-17 21:30:17 [INFO]    [PING OK] RU | 323ms
2026-02-17 21:30:17 [INFO]    [PING OK] RU | 253ms
2026-02-17 21:30:17 [INFO]    [PING OK] RU | 275ms
2026-02-17 21:30:17 [INFO]    [PING OK] FI | 160ms
2026-02-17 21:30:17 [INFO]    [PING OK] RU | 170ms
2026-02-17 21:30:17 [INFO]    [PING OK] RU | 324ms
2026-02-17 21:30:17 [INFO]    [PING OK] RU | 1207ms
2026-02-17 21:30:17 [INFO]    [PING OK] RU | 246ms
2026-02-17 21:30:18 [INFO]    [PING OK] RU | 264ms
2026-02-17 21:30:18 [INFO]    [PING OK] RU | 471ms
2026-02-17 21:30:18 [INFO]    [PING OK] RU | 220ms
2026-02-17 21:30:18 [INFO]    [PING OK] RU | 86ms
2026-02-17 21:30:18 [INFO]    [PING OK] RU | 69ms
2026-02-17 21:30:18 [INFO]    [PING OK] RU | 267ms
2026-02-17 21:30:18 [INFO]    [PING OK] RU | 436ms
2026-02-17 21:30:18 [INFO]    [PING OK] RU | 269ms
2026-02-17 21:30:18 [INFO]    [PING OK] RU | 179ms
2026-02-17 21:30:18 [INFO]    [PING OK] RU | 449ms
2026-02-17 21:30:18 [INFO]    [PING OK] RU | 2244ms
2026-02-17 21:30:18 [INFO]    [PING OK] RU | 176ms
2026-02-17 21:30:19 [INFO]    [PING OK] RU | 210ms
2026-02-17 21:30:19 [INFO]    [PING OK] RU | 103ms
2026-02-17 21:30:19 [INFO]    [PING OK] RU | 627ms
2026-02-17 21:30:19 [INFO]    [PING OK] RU | 786ms
2026-02-17 21:30:19 [INFO]    [PING OK] RU | 578ms
2026-02-17 21:30:19 [INFO]    [PING OK] RU | 1540ms
2026-02-17 21:30:19 [INFO]    [PING OK] RU | 723ms
2026-02-17 21:30:20 [INFO]    [PING OK] RU | 2634ms
2026-02-17 21:30:20 [INFO]    [PING OK] AT | 220ms
2026-02-17 21:30:20 [INFO]    [PING OK] FI | 203ms
2026-02-17 21:30:20 [INFO]    [PING OK] RU | 1148ms
2026-02-17 21:30:20 [INFO]    [PING OK] IQ | 182ms
2026-02-17 21:30:20 [INFO]    [PING OK] RU | 1241ms
2026-02-17 21:30:22 [INFO]    [PING OK] UZ | 320ms
2026-02-17 21:30:24 [INFO]    [PING OK] PL | 172ms
2026-02-17 21:30:25 [INFO]    [PING OK] AE | 133ms
2026-02-17 21:30:25 [INFO]    [PING OK] NL | 211ms
2026-02-17 21:30:26 [INFO]    [PING OK] PL | 253ms
2026-02-17 21:30:27 [INFO]    [PING OK] DE | 144ms
2026-02-17 21:30:27 [INFO]    [PING OK] FR | 199ms
2026-02-17 21:30:28 [INFO]    [PING OK] NL | 220ms
2026-02-17 21:30:28 [INFO]    [PING OK] FR | 446ms
2026-02-17 21:30:29 [INFO]    [PING OK] JP | 1078ms
2026-02-17 21:30:29 [INFO]    [PING OK] FI | 253ms
2026-02-17 21:30:31 [INFO]    [PING OK] US | 458ms
2026-02-17 21:30:32 [INFO]    [PING OK] DE | 490ms
2026-02-17 21:30:32 [INFO]    [PING OK] DE | 225ms
2026-02-17 21:30:33 [INFO]    [PING OK] RU | 440ms
2026-02-17 21:30:33 [INFO]    [PING OK] GB | 168ms
2026-02-17 21:30:34 [INFO]    [PING OK] LV | 438ms
2026-02-17 21:30:35 [INFO]    [PING OK] FI | 4595ms
2026-02-17 21:30:39 [INFO] 🏎️ ЭТАП 2: Глубокий замер скорости для ТОП-10 серверов...
2026-02-17 21:30:46 [INFO]    🏆 AE | Пинг: 133ms | Скорость: 7.8 Mbps ⚡⚡
2026-02-17 21:30:46 [INFO]    🏆 DE | Пинг: 140ms | Скорость: 8.03 Mbps ⚡⚡
2026-02-17 21:30:46 [INFO]    🏆 PL | Пинг: 142ms | Скорость: 7.86 Mbps ⚡⚡
2026-02-17 21:30:46 [INFO]    🏆 DE | Пинг: 143ms | Скорость: 7.91 Mbps ⚡⚡
2026-02-17 21:30:46 [INFO]    🏆 DE | Пинг: 144ms | Скорость: 0.0 Mbps 
2026-02-17 21:30:46 [INFO]    🏆 LT | Пинг: 147ms | Скорость: 8.01 Mbps ⚡⚡
2026-02-17 21:30:46 [INFO]    🏆 DE | Пинг: 152ms | Скорость: 8.11 Mbps ⚡⚡
2026-02-17 21:30:46 [INFO]    🏆 LT | Пинг: 157ms | Скорость: 8.33 Mbps ⚡⚡
2026-02-17 21:30:46 [INFO]    🏆 FI | Пинг: 159ms | Скорость: 1.8 Mbps ⚡
2026-02-17 21:30:46 [INFO]    🏆 RU | Пинг: 69ms | Скорость: 8.25 Mbps ⚡⚡
2026-02-17 21:30:46 [INFO] 🇷🇺 Добавлен RU сервер: 51.250.12.100
2026-02-17 21:30:46 [INFO] 📊 Итого в подписке сохранено: 10 серверов
2026-02-17 21:30:46 [INFO] 💾 Файл успешно сохранен: FL1PVPN
