2026-02-17 11:00:06 [INFO] 🚀 START: Smart VLESS Selector (Target: 10, Strict Mode)
2026-02-17 11:00:06 [INFO] 🌐 Загрузка источников...
2026-02-17 11:00:08 [INFO] 🔍 Уникальных конфигов собрано: 571
2026-02-17 11:00:08 [INFO] ⚡ ЭТАП 1: Быстрый замер Пинга (Workers: 25)...
2026-02-17 11:00:09 [INFO]    [PING OK] DE | 221ms
2026-02-17 11:00:14 [INFO]    [PING OK] US | 2758ms
2026-02-17 11:00:16 [INFO]    [PING OK] NL | 147ms
2026-02-17 11:00:16 [INFO]    [PING OK] DE | 2974ms
2026-02-17 11:00:17 [INFO]    [PING OK] US | 688ms
2026-02-17 11:00:20 [INFO]    [PING OK] DE | 198ms
2026-02-17 11:00:23 [INFO]    [PING OK] FR | 226ms
2026-02-17 11:00:23 [INFO]    [PING OK] DE | 156ms
2026-02-17 11:00:24 [INFO]    [PING OK] RU | 102ms
2026-02-17 11:00:24 [INFO]    [PING OK] RU | 245ms
2026-02-17 11:00:24 [INFO]    [PING OK] RU | 306ms
2026-02-17 11:00:25 [INFO]    [PING OK] RU | 320ms
2026-02-17 11:00:25 [INFO]    [PING OK] RU | 158ms
2026-02-17 11:00:26 [INFO]    [PING OK] RU | 306ms
2026-02-17 11:00:26 [INFO]    [PING OK] RU | 1499ms
2026-02-17 11:00:26 [INFO]    [PING OK] RU | 306ms
2026-02-17 11:00:27 [INFO]    [PING OK] RU | 1307ms
2026-02-17 11:00:27 [INFO]    [PING OK] RU | 312ms
2026-02-17 11:00:27 [INFO]    [PING OK] RU | 1653ms
2026-02-17 11:00:27 [INFO]    [PING OK] RU | 922ms
2026-02-17 11:00:27 [INFO]    [PING OK] RU | 345ms
2026-02-17 11:00:27 [INFO]    [PING OK] RU | 213ms
2026-02-17 11:00:27 [INFO]    [PING OK] RU | 451ms
2026-02-17 11:00:27 [INFO]    [PING OK] RU | 282ms
2026-02-17 11:00:27 [INFO]    [PING OK] RU | 3323ms
2026-02-17 11:00:27 [INFO]    [PING OK] RU | 366ms
2026-02-17 11:00:28 [INFO]    [PING OK] RU | 911ms
2026-02-17 11:00:28 [INFO]    [PING OK] PL | 264ms
2026-02-17 11:00:28 [INFO]    [PING OK] RU | 318ms
2026-02-17 11:00:28 [INFO]    [PING OK] RU | 230ms
2026-02-17 11:00:28 [INFO]    [PING OK] RU | 286ms
2026-02-17 11:00:28 [INFO]    [PING OK] RU | 286ms
2026-02-17 11:00:28 [INFO]    [PING OK] RU | 3515ms
2026-02-17 11:00:28 [INFO]    [PING OK] RU | 573ms
2026-02-17 11:00:28 [INFO]    [PING OK] RU | 3426ms
2026-02-17 11:00:29 [INFO]    [PING OK] RU | 141ms
2026-02-17 11:00:29 [INFO]    [PING OK] RU | 274ms
2026-02-17 11:00:29 [INFO]    [PING OK] RU | 314ms
2026-02-17 11:00:29 [INFO]    [PING OK] RU | 333ms
2026-02-17 11:00:29 [INFO]    [PING OK] RU | 199ms
2026-02-17 11:00:29 [INFO]    [PING OK] RU | 1266ms
2026-02-17 11:00:29 [INFO]    [PING OK] RU | 2499ms
2026-02-17 11:00:29 [INFO]    [PING OK] RU | 156ms
2026-02-17 11:00:29 [INFO]    [PING OK] RU | 159ms
2026-02-17 11:00:29 [INFO]    [PING OK] RU | 326ms
2026-02-17 11:00:29 [INFO]    [PING OK] RU | 1942ms
2026-02-17 11:00:29 [INFO]    [PING OK] RU | 277ms
2026-02-17 11:00:30 [INFO]    [PING OK] RU | 213ms
2026-02-17 11:00:30 [INFO]    [PING OK] RU | 313ms
2026-02-17 11:00:30 [INFO]    [PING OK] RU | 213ms
2026-02-17 11:00:30 [INFO]    [PING OK] RU | 203ms
2026-02-17 11:00:30 [INFO]    [PING OK] RU | 291ms
2026-02-17 11:00:30 [INFO]    [PING OK] RU | 267ms
2026-02-17 11:00:30 [INFO]    [PING OK] RU | 393ms
2026-02-17 11:00:30 [INFO]    [PING OK] RU | 310ms
2026-02-17 11:00:30 [INFO]    [PING OK] RU | 4448ms
2026-02-17 11:00:30 [INFO]    [PING OK] RU | 371ms
2026-02-17 11:00:30 [INFO]    [PING OK] RU | 727ms
2026-02-17 11:00:31 [INFO]    [PING OK] RU | 1376ms
2026-02-17 11:00:31 [INFO]    [PING OK] RU | 963ms
2026-02-17 11:00:31 [INFO]    [PING OK] RU | 266ms
2026-02-17 11:00:31 [INFO]    [PING OK] RU | 301ms
2026-02-17 11:00:31 [INFO]    [PING OK] RU | 228ms
2026-02-17 11:00:31 [INFO]    [PING OK] RU | 275ms
2026-02-17 11:00:31 [INFO]    [PING OK] NL | 216ms
2026-02-17 11:00:31 [INFO]    [PING OK] RU | 160ms
2026-02-17 11:00:31 [INFO]    [PING OK] RU | 243ms
2026-02-17 11:00:32 [INFO]    [PING OK] RU | 262ms
2026-02-17 11:00:32 [INFO]    [PING OK] RU | 198ms
2026-02-17 11:00:32 [INFO]    [PING OK] RU | 169ms
2026-02-17 11:00:32 [INFO]    [PING OK] RU | 1199ms
2026-02-17 11:00:32 [INFO]    [PING OK] RU | 175ms
2026-02-17 11:00:32 [INFO]    [PING OK] RU | 947ms
2026-02-17 11:00:32 [INFO]    [PING OK] RU | 226ms
2026-02-17 11:00:32 [INFO]    [PING OK] RU | 4457ms
2026-02-17 11:00:32 [INFO]    [PING OK] RU | 358ms
2026-02-17 11:00:33 [INFO]    [PING OK] RU | 840ms
2026-02-17 11:00:33 [INFO]    [PING OK] LT | 182ms
2026-02-17 11:00:33 [INFO]    [PING OK] RU | 3033ms
2026-02-17 11:00:33 [INFO]    [PING OK] RU | 1057ms
2026-02-17 11:00:33 [INFO]    [PING OK] DE | 180ms
2026-02-17 11:00:34 [INFO]    [PING OK] RU | 1957ms
2026-02-17 11:00:34 [INFO]    [PING OK] RU | 4252ms
2026-02-17 11:00:37 [INFO]    [PING OK] RU | 4466ms
2026-02-17 11:00:42 [INFO]    [PING OK] NL | 485ms
2026-02-17 11:00:47 [INFO]    [PING OK] FI | 198ms
2026-02-17 11:00:50 [INFO]    [PING OK] PL | 151ms
2026-02-17 11:00:54 [INFO]    [PING OK] US | 462ms
2026-02-17 11:00:57 [INFO]    [PING OK] RU | 113ms
2026-02-17 11:00:58 [INFO]    [PING OK] TR | 291ms
2026-02-17 11:00:59 [INFO]    [PING OK] RU | 203ms
2026-02-17 11:01:00 [INFO]    [PING OK] RU | 128ms
2026-02-17 11:01:00 [INFO]    [PING OK] CY | 200ms
2026-02-17 11:01:04 [INFO]    [PING OK] US | 1106ms
2026-02-17 11:01:06 [INFO]    [PING OK] NL | 284ms
2026-02-17 11:01:15 [INFO]    [PING OK] US | 1526ms
2026-02-17 11:01:19 [INFO]    [PING OK] US | 1200ms
2026-02-17 11:01:21 [INFO]    [PING OK] FI | 1877ms
2026-02-17 11:01:24 [INFO]    [PING OK] PL | 150ms
2026-02-17 11:01:24 [INFO]    [PING OK] DE | 1027ms
2026-02-17 11:01:25 [INFO]    [PING OK] LT | 165ms
2026-02-17 11:01:26 [INFO]    [PING OK] DE | 542ms
2026-02-17 11:01:26 [INFO]    [PING OK] LT | 4659ms
2026-02-17 11:01:27 [INFO]    [PING OK] NL | 339ms
2026-02-17 11:01:28 [INFO]    [PING OK] LT | 153ms
2026-02-17 11:01:29 [INFO]    [PING OK] NL | 1389ms
2026-02-17 11:01:33 [INFO]    [PING OK] EE | 276ms
2026-02-17 11:01:38 [INFO]    [PING OK] AT | 244ms
2026-02-17 11:01:39 [INFO]    [PING OK] AE | 148ms
2026-02-17 11:01:40 [INFO]    [PING OK] NL | 555ms
2026-02-17 11:01:41 [INFO]    [PING OK] MD | 174ms
2026-02-17 11:01:43 [INFO]    [PING OK] LV | 1369ms
2026-02-17 11:01:47 [INFO] 🏎️ ЭТАП 2: Глубокий замер скорости для ТОП-10 серверов...
2026-02-17 11:01:54 [INFO]    🏆 NL | Пинг: 147ms | Скорость: 8.64 Mbps ⚡⚡
2026-02-17 11:01:54 [INFO]    🏆 AE | Пинг: 148ms | Скорость: 8.67 Mbps ⚡⚡
2026-02-17 11:01:54 [INFO]    🏆 PL | Пинг: 150ms | Скорость: 0.0 Mbps 
2026-02-17 11:01:54 [INFO]    🏆 PL | Пинг: 151ms | Скорость: 8.69 Mbps ⚡⚡
2026-02-17 11:01:54 [INFO]    🏆 LT | Пинг: 153ms | Скорость: 8.63 Mbps ⚡⚡
2026-02-17 11:01:54 [INFO]    🏆 DE | Пинг: 156ms | Скорость: 8.65 Mbps ⚡⚡
2026-02-17 11:01:54 [INFO]    🏆 LT | Пинг: 165ms | Скорость: 8.69 Mbps ⚡⚡
2026-02-17 11:01:54 [INFO]    🏆 MD | Пинг: 174ms | Скорость: 1.11 Mbps 
2026-02-17 11:01:54 [INFO]    🏆 DE | Пинг: 180ms | Скорость: 7.62 Mbps ⚡⚡
2026-02-17 11:01:54 [INFO]    🏆 RU | Пинг: 102ms | Скорость: 0.0 Mbps 
2026-02-17 11:01:54 [INFO] 🇷🇺 Добавлен RU сервер: 51.250.12.100
2026-02-17 11:01:54 [INFO] 📊 Итого в подписке сохранено: 10 серверов
2026-02-17 11:01:54 [INFO] 💾 Файл успешно сохранен: FL1PVPN
