2026-02-17 23:30:06 [INFO] 🚀 START: Smart VLESS Selector (Target: 10, Strict Mode)
2026-02-17 23:30:06 [INFO] 🌐 Загрузка источников...
2026-02-17 23:30:08 [INFO] 🔍 Уникальных конфигов собрано: 350
2026-02-17 23:30:08 [INFO] ⚡ ЭТАП 1: Быстрый замер Пинга (Workers: 25)...
2026-02-17 23:30:09 [INFO]    [PING OK] PL | 128ms
2026-02-17 23:30:09 [INFO]    [PING OK] FI | 178ms
2026-02-17 23:30:09 [INFO]    [PING OK] LT | 163ms
2026-02-17 23:30:10 [INFO]    [PING OK] LT | 154ms
2026-02-17 23:30:10 [INFO]    [PING OK] RU | 197ms
2026-02-17 23:30:10 [INFO]    [PING OK] DE | 1035ms
2026-02-17 23:30:10 [INFO]    [PING OK] BG | 253ms
2026-02-17 23:30:10 [INFO]    [PING OK] LV | 159ms
2026-02-17 23:30:11 [INFO]    [PING OK] RU | 120ms
2026-02-17 23:30:11 [INFO]    [PING OK] RU | 146ms
2026-02-17 23:30:11 [INFO]    [PING OK] LV | 285ms
2026-02-17 23:30:11 [INFO]    [PING OK] DE | 135ms
2026-02-17 23:30:11 [INFO]    [PING OK] US | 468ms
2026-02-17 23:30:11 [INFO]    [PING OK] NL | 157ms
2026-02-17 23:30:11 [INFO]    [PING OK] FI | 233ms
2026-02-17 23:30:12 [INFO]    [PING OK] RU | 265ms
2026-02-17 23:30:12 [INFO]    [PING OK] FI | 159ms
2026-02-17 23:30:13 [INFO]    [PING OK] LT | 158ms
2026-02-17 23:30:13 [INFO]    [PING OK] DE | 181ms
2026-02-17 23:30:13 [INFO]    [PING OK] DE | 187ms
2026-02-17 23:30:13 [INFO]    [PING OK] DE | 235ms
2026-02-17 23:30:13 [INFO]    [PING OK] DE | 1473ms
2026-02-17 23:30:14 [INFO]    [PING OK] RU | 277ms
2026-02-17 23:30:14 [INFO]    [PING OK] RU | 50ms
2026-02-17 23:30:14 [INFO]    [PING OK] RU | 242ms
2026-02-17 23:30:14 [INFO]    [PING OK] RU | 277ms
2026-02-17 23:30:14 [INFO]    [PING OK] RU | 128ms
2026-02-17 23:30:14 [INFO]    [PING OK] RU | 270ms
2026-02-17 23:30:14 [INFO]    [PING OK] RU | 288ms
2026-02-17 23:30:14 [INFO]    [PING OK] RU | 395ms
2026-02-17 23:30:14 [INFO]    [PING OK] RU | 247ms
2026-02-17 23:30:14 [INFO]    [PING OK] RU | 321ms
2026-02-17 23:30:14 [INFO]    [PING OK] RU | 191ms
2026-02-17 23:30:15 [INFO]    [PING OK] RU | 307ms
2026-02-17 23:30:15 [INFO]    [PING OK] RU | 221ms
2026-02-17 23:30:15 [INFO]    [PING OK] RU | 249ms
2026-02-17 23:30:15 [INFO]    [PING OK] RU | 215ms
2026-02-17 23:30:15 [INFO]    [PING OK] RU | 482ms
2026-02-17 23:30:15 [INFO]    [PING OK] RU | 246ms
2026-02-17 23:30:15 [INFO]    [PING OK] RU | 904ms
2026-02-17 23:30:15 [INFO]    [PING OK] RU | 227ms
2026-02-17 23:30:16 [INFO]    [PING OK] RU | 218ms
2026-02-17 23:30:16 [INFO]    [PING OK] RU | 1891ms
2026-02-17 23:30:16 [INFO]    [PING OK] RU | 201ms
2026-02-17 23:30:16 [INFO]    [PING OK] RU | 206ms
2026-02-17 23:30:16 [INFO]    [PING OK] DE | 882ms
2026-02-17 23:30:16 [INFO]    [PING OK] RU | 172ms
2026-02-17 23:30:16 [INFO]    [PING OK] RU | 180ms
2026-02-17 23:30:16 [INFO]    [PING OK] RU | 245ms
2026-02-17 23:30:16 [INFO]    [PING OK] RU | 254ms
2026-02-17 23:30:16 [INFO]    [PING OK] RU | 233ms
2026-02-17 23:30:16 [INFO]    [PING OK] RU | 98ms
2026-02-17 23:30:16 [INFO]    [PING OK] RU | 138ms
2026-02-17 23:30:16 [INFO]    [PING OK] RU | 549ms
2026-02-17 23:30:16 [INFO]    [PING OK] US | 233ms
2026-02-17 23:30:17 [INFO]    [PING OK] RU | 264ms
2026-02-17 23:30:17 [INFO]    [PING OK] RU | 301ms
2026-02-17 23:30:17 [INFO]    [PING OK] RU | 536ms
2026-02-17 23:30:17 [INFO]    [PING OK] RU | 296ms
2026-02-17 23:30:17 [INFO]    [PING OK] RU | 231ms
2026-02-17 23:30:17 [INFO]    [PING OK] RU | 524ms
2026-02-17 23:30:17 [INFO]    [PING OK] RU | 209ms
2026-02-17 23:30:17 [INFO]    [PING OK] RU | 239ms
2026-02-17 23:30:17 [INFO]    [PING OK] RU | 98ms
2026-02-17 23:30:17 [INFO]    [PING OK] RU | 469ms
2026-02-17 23:30:17 [INFO]    [PING OK] RU | 125ms
2026-02-17 23:30:17 [INFO]    [PING OK] RU | 255ms
2026-02-17 23:30:17 [INFO]    [PING OK] RU | 280ms
2026-02-17 23:30:17 [INFO]    [PING OK] RU | 158ms
2026-02-17 23:30:18 [INFO]    [PING OK] RU | 98ms
2026-02-17 23:30:18 [INFO]    [PING OK] RU | 107ms
2026-02-17 23:30:18 [INFO]    [PING OK] RU | 278ms
2026-02-17 23:30:18 [INFO]    [PING OK] RU | 203ms
2026-02-17 23:30:18 [INFO]    [PING OK] RU | 469ms
2026-02-17 23:30:18 [INFO]    [PING OK] RU | 299ms
2026-02-17 23:30:18 [INFO]    [PING OK] RU | 106ms
2026-02-17 23:30:18 [INFO]    [PING OK] RU | 117ms
2026-02-17 23:30:18 [INFO]    [PING OK] RU | 363ms
2026-02-17 23:30:18 [INFO]    [PING OK] RU | 304ms
2026-02-17 23:30:18 [INFO]    [PING OK] RU | 301ms
2026-02-17 23:30:19 [INFO]    [PING OK] RU | 209ms
2026-02-17 23:30:19 [INFO]    [PING OK] RU | 233ms
2026-02-17 23:30:19 [INFO]    [PING OK] RU | 858ms
2026-02-17 23:30:19 [INFO]    [PING OK] RU | 4649ms
2026-02-17 23:30:19 [INFO]    [PING OK] RU | 247ms
2026-02-17 23:30:19 [INFO]    [PING OK] RU | 313ms
2026-02-17 23:30:19 [INFO]    [PING OK] RU | 297ms
2026-02-17 23:30:19 [INFO]    [PING OK] RU | 4478ms
2026-02-17 23:30:19 [INFO]    [PING OK] RU | 130ms
2026-02-17 23:30:19 [INFO]    [PING OK] RU | 227ms
2026-02-17 23:30:19 [INFO]    [PING OK] RU | 347ms
2026-02-17 23:30:19 [INFO]    [PING OK] RU | 1299ms
2026-02-17 23:30:19 [INFO]    [PING OK] RU | 190ms
2026-02-17 23:30:19 [INFO]    [PING OK] RU | 246ms
2026-02-17 23:30:20 [INFO]    [PING OK] RU | 297ms
2026-02-17 23:30:20 [INFO]    [PING OK] RU | 346ms
2026-02-17 23:30:20 [INFO]    [PING OK] RU | 197ms
2026-02-17 23:30:20 [INFO]    [PING OK] RU | 285ms
2026-02-17 23:30:20 [INFO]    [PING OK] RU | 59ms
2026-02-17 23:30:20 [INFO]    [PING OK] RU | 216ms
2026-02-17 23:30:20 [INFO]    [PING OK] RU | 249ms
2026-02-17 23:30:20 [INFO]    [PING OK] RU | 239ms
2026-02-17 23:30:20 [INFO]    [PING OK] RU | 84ms
2026-02-17 23:30:20 [INFO]    [PING OK] RU | 240ms
2026-02-17 23:30:20 [INFO]    [PING OK] RU | 82ms
2026-02-17 23:30:20 [INFO]    [PING OK] RU | 243ms
2026-02-17 23:30:20 [INFO]    [PING OK] RU | 302ms
2026-02-17 23:30:20 [INFO]    [PING OK] RU | 309ms
2026-02-17 23:30:20 [INFO]    [PING OK] RU | 4320ms
2026-02-17 23:30:21 [INFO]    [PING OK] RU | 66ms
2026-02-17 23:30:21 [INFO]    [PING OK] RU | 142ms
2026-02-17 23:30:21 [INFO]    [PING OK] RU | 374ms
2026-02-17 23:30:21 [INFO]    [PING OK] DE | 145ms
2026-02-17 23:30:21 [INFO]    [PING OK] RU | 444ms
2026-02-17 23:30:21 [INFO]    [PING OK] FR | 211ms
2026-02-17 23:30:21 [INFO]    [PING OK] NL | 191ms
2026-02-17 23:30:21 [INFO]    [PING OK] FI | 243ms
2026-02-17 23:30:21 [INFO]    [PING OK] RU | 2412ms
2026-02-17 23:30:21 [INFO]    [PING OK] FI | 379ms
2026-02-17 23:30:22 [INFO]    [PING OK] HU | 3086ms
2026-02-17 23:30:23 [INFO]    [PING OK] UZ | 286ms
2026-02-17 23:30:23 [INFO]    [PING OK] RU | 4150ms
2026-02-17 23:30:23 [INFO]    [PING OK] FR | 436ms
2026-02-17 23:30:23 [INFO]    [PING OK] DE | 208ms
2026-02-17 23:30:24 [INFO]    [PING OK] RU | 321ms
2026-02-17 23:30:26 [INFO]    [PING OK] JP | 415ms
2026-02-17 23:30:27 [INFO]    [PING OK] DE | 195ms
2026-02-17 23:30:27 [INFO]    [PING OK] FI | 162ms
2026-02-17 23:30:27 [INFO]    [PING OK] AE | 154ms
2026-02-17 23:30:29 [INFO]    [PING OK] AT | 212ms
2026-02-17 23:30:29 [INFO]    [PING OK] RU | 310ms
2026-02-17 23:30:30 [INFO]    [PING OK] HU | 342ms
2026-02-17 23:30:30 [INFO]    [PING OK] US | 455ms
2026-02-17 23:30:31 [INFO]    [PING OK] GB | 160ms
2026-02-17 23:30:31 [INFO]    [PING OK] PL | 183ms
2026-02-17 23:30:34 [INFO]    [PING OK] RU | 178ms
2026-02-17 23:30:35 [INFO]    [PING OK] DE | 512ms
2026-02-17 23:30:45 [INFO] 🏎️ ЭТАП 2: Глубокий замер скорости для ТОП-10 серверов...
2026-02-17 23:30:49 [INFO]    🏆 PL | Пинг: 128ms | Скорость: 7.85 Mbps ⚡⚡
2026-02-17 23:30:49 [INFO]    🏆 DE | Пинг: 135ms | Скорость: 7.99 Mbps ⚡⚡
2026-02-17 23:30:49 [INFO]    🏆 DE | Пинг: 145ms | Скорость: 0.0 Mbps 
2026-02-17 23:30:49 [INFO]    🏆 LT | Пинг: 154ms | Скорость: 8.11 Mbps ⚡⚡
2026-02-17 23:30:49 [INFO]    🏆 AE | Пинг: 154ms | Скорость: 8.08 Mbps ⚡⚡
2026-02-17 23:30:49 [INFO]    🏆 NL | Пинг: 157ms | Скорость: 8.28 Mbps ⚡⚡
2026-02-17 23:30:49 [INFO]    🏆 LT | Пинг: 158ms | Скорость: 8.19 Mbps ⚡⚡
2026-02-17 23:30:49 [INFO]    🏆 LV | Пинг: 159ms | Скорость: 8.74 Mbps ⚡⚡
2026-02-17 23:30:49 [INFO]    🏆 FI | Пинг: 159ms | Скорость: 8.64 Mbps ⚡⚡
2026-02-17 23:30:49 [INFO]    🏆 RU | Пинг: 50ms | Скорость: 8.81 Mbps ⚡⚡
2026-02-17 23:30:49 [INFO] 🇷🇺 Добавлен RU сервер: 95.163.210.173
2026-02-17 23:30:49 [INFO] 📊 Итого в подписке сохранено: 10 серверов
2026-02-17 23:30:49 [INFO] 💾 Файл успешно сохранен: FL1PVPN
