2026-02-26 20:10:06 [INFO] 🚀 START: Smart Selector (Target: 10, ONLY FOREIGN)
2026-02-26 20:10:06 [INFO] 🌐 Загрузка источников (VLESS + VMess)...
2026-02-26 20:10:07 [INFO] 🔍 Уникальных конфигов собрано: 222
2026-02-26 20:10:07 [INFO] ⚡ ЭТАП 1: Замер Пинга и Геолокации. Workers: 40...
2026-02-26 20:10:13 [INFO]    [PING OK] FI | VLESS | 4860ms
2026-02-26 20:10:13 [INFO]    [PING OK] US | VLESS | 4876ms
2026-02-26 20:10:13 [INFO]    [PING OK] FI | VLESS | 4668ms
2026-02-26 20:10:13 [INFO]    [PING OK] CA | VLESS | 4796ms
2026-02-26 20:10:13 [INFO]    [PING OK] TR | VLESS | 4816ms
2026-02-26 20:10:13 [INFO]    [PING OK] NL | VLESS | 5281ms
2026-02-26 20:10:13 [INFO]    [PING OK] FI | VLESS | 4546ms
2026-02-26 20:10:14 [INFO]    [PING OK] IT | VLESS | 4059ms
2026-02-26 20:10:14 [INFO]    [PING OK] DE | VLESS | 4447ms
2026-02-26 20:10:14 [INFO]    [PING OK] DE | VLESS | 4539ms
2026-02-26 20:10:14 [INFO]    [PING OK] LV | VLESS | 4786ms
2026-02-26 20:10:14 [INFO]    [PING OK] US | VLESS | 6532ms
2026-02-26 20:10:15 [INFO]    [PING OK] NL | VLESS | 4795ms
2026-02-26 20:10:15 [INFO]    [PING OK] IT | VLESS | 4830ms
2026-02-26 20:10:15 [INFO]    [PING OK] DE | VLESS | 4918ms
2026-02-26 20:10:15 [INFO]    [PING OK] DE | VLESS | 4896ms
2026-02-26 20:10:15 [INFO]    [PING OK] NL | VLESS | 5623ms
2026-02-26 20:10:15 [INFO]    [PING OK] CA | VLESS | 5227ms
2026-02-26 20:10:16 [INFO]    [PING OK] CH | VLESS | 5565ms
2026-02-26 20:10:16 [INFO]    [PING OK] IT | VLESS | 4422ms
2026-02-26 20:10:18 [INFO]    [PING OK] ES | VLESS | 4589ms
2026-02-26 20:10:18 [INFO]    [PING OK] NL | VLESS | 4051ms
2026-02-26 20:10:18 [INFO]    [PING OK] FI | VLESS | 4619ms
2026-02-26 20:10:18 [INFO]    [PING OK] DE | VLESS | 4395ms
2026-02-26 20:10:18 [INFO]    [PING OK] TR | VLESS | 4629ms
2026-02-26 20:10:18 [INFO]    [PING OK] US | VLESS | 4890ms
2026-02-26 20:10:18 [INFO]    [PING OK] FI | VLESS | 4930ms
2026-02-26 20:10:19 [INFO]    [PING OK] NL | VLESS | 4818ms
2026-02-26 20:10:19 [INFO]    [PING OK] HU | VLESS | 5310ms
2026-02-26 20:10:19 [INFO]    [PING OK] NL | VLESS | 4216ms
2026-02-26 20:10:20 [INFO]    [PING OK] US | VLESS | 6223ms
2026-02-26 20:10:20 [INFO]    [PING OK] FR | VLESS | 4136ms
2026-02-26 20:10:20 [INFO]    [PING OK] US | VLESS | 4911ms
2026-02-26 20:10:20 [INFO]    [PING OK] DE | VLESS | 4509ms
2026-02-26 20:10:21 [INFO]    [PING OK] LT | VLESS | 6873ms
2026-02-26 20:10:21 [INFO]    [PING OK] DE | VLESS | 4238ms
2026-02-26 20:10:21 [INFO]    [PING OK] FI | VLESS | 4082ms
2026-02-26 20:10:22 [INFO]    [PING OK] CH | VLESS | 7374ms
2026-02-26 20:10:22 [INFO]    [PING OK] TR | VLESS | 4025ms
2026-02-26 20:10:22 [INFO]    [PING OK] DE | VLESS | 3981ms
2026-02-26 20:10:22 [INFO]    [PING OK] DE | VLESS | 4123ms
2026-02-26 20:10:23 [INFO]    [PING OK] DE | VLESS | 3753ms
2026-02-26 20:10:23 [INFO]    [PING OK] DE | VLESS | 3907ms
2026-02-26 20:10:23 [INFO]    [PING OK] DE | VLESS | 3980ms
2026-02-26 20:10:23 [INFO]    [PING OK] HK | VLESS | 4121ms
2026-02-26 20:10:23 [INFO]    [PING OK] ES | VLESS | 4393ms
2026-02-26 20:10:24 [INFO]    [PING OK] ES | VLESS | 3818ms
2026-02-26 20:10:24 [INFO]    [PING OK] NL | VLESS | 4506ms
2026-02-26 20:10:24 [INFO]    [PING OK] DE | VLESS | 4314ms
2026-02-26 20:10:24 [INFO]    [PING OK] US | VLESS | 5141ms
2026-02-26 20:10:25 [INFO]    [PING OK] FR | VLESS | 4325ms
2026-02-26 20:10:25 [INFO]    [PING OK] PL | VLESS | 4513ms
2026-02-26 20:10:25 [INFO]    [PING OK] DE | VLESS | 4309ms
2026-02-26 20:10:25 [INFO]    [PING OK] US | VLESS | 4609ms
2026-02-26 20:10:25 [INFO]    [PING OK] DE | VLESS | 4092ms
2026-02-26 20:10:26 [INFO]    [PING OK] FR | VLESS | 4162ms
2026-02-26 20:10:27 [INFO]    [PING OK] PL | VLESS | 4657ms
2026-02-26 20:10:27 [INFO]    [PING OK] DE | VLESS | 5853ms
2026-02-26 20:10:28 [INFO]    [PING OK] HU | VLESS | 6864ms
2026-02-26 20:10:28 [INFO]    [PING OK] US | VLESS | 4811ms
2026-02-26 20:10:28 [INFO]    [PING OK] DE | VLESS | 4466ms
2026-02-26 20:10:28 [INFO]    [PING OK] DE | VLESS | 6638ms
2026-02-26 20:10:29 [INFO]    [PING OK] LT | VLESS | 6358ms
2026-02-26 20:10:29 [INFO]    [PING OK] DE | VLESS | 5909ms
2026-02-26 20:10:29 [INFO]    [PING OK] LV | VLESS | 4872ms
2026-02-26 20:10:29 [INFO]    [PING OK] US | VLESS | 5857ms
2026-02-26 20:10:30 [INFO]    [PING OK] TR | VLESS | 4414ms
2026-02-26 20:10:31 [INFO]    [PING OK] NL | VLESS | 4803ms
2026-02-26 20:10:32 [INFO]    [PING OK] TR | VLESS | 4253ms
2026-02-26 20:10:32 [INFO]    [PING OK] PL | VLESS | 4056ms
2026-02-26 20:10:32 [INFO]    [PING OK] SG | VLESS | 4175ms
2026-02-26 20:10:33 [INFO]    [PING OK] DE | VLESS | 3650ms
2026-02-26 20:10:33 [INFO]    [PING OK] DE | VLESS | 3797ms
2026-02-26 20:10:33 [INFO]    [PING OK] DE | VLESS | 3225ms
2026-02-26 20:10:34 [INFO]    [PING OK] DE | VLESS | 1746ms
2026-02-26 20:10:34 [INFO]    [PING OK] SG | VLESS | 2572ms
2026-02-26 20:10:34 [INFO]    [PING OK] US | VLESS | 9703ms
2026-02-26 20:10:35 [INFO]    [PING OK] PL | VLESS | 7958ms
2026-02-26 20:10:38 [INFO] 🏎️ ЭТАП 2: Глубокий замер скорости для 40 иностранных кандидатов...
2026-02-26 20:10:42 [INFO]    🏆 DE | VLESS | Пинг: 3650ms | Скорость: 6.33 Mbps ⚡⚡
2026-02-26 20:10:42 [INFO]    🏆 DE | VLESS | Пинг: 3907ms | Скорость: 6.51 Mbps ⚡⚡
2026-02-26 20:10:42 [INFO]    🏆 PL | VLESS | Пинг: 4056ms | Скорость: 6.71 Mbps ⚡⚡
2026-02-26 20:10:42 [INFO]    🏆 NL | VLESS | Пинг: 4051ms | Скорость: 6.44 Mbps ⚡⚡
2026-02-26 20:10:42 [INFO]    🏆 DE | VLESS | Пинг: 3981ms | Скорость: 6.45 Mbps ⚡⚡
2026-02-26 20:10:42 [INFO]    🏆 DE | VLESS | Пинг: 3753ms | Скорость: 6.1 Mbps ⚡⚡
2026-02-26 20:10:42 [INFO]    🏆 DE | VLESS | Пинг: 1746ms | Скорость: 6.01 Mbps ⚡⚡
2026-02-26 20:10:42 [INFO]    🏆 SG | VLESS | Пинг: 2572ms | Скорость: 5.92 Mbps ⚡⚡
2026-02-26 20:10:43 [INFO]    🏆 DE | VLESS | Пинг: 3980ms | Скорость: 5.17 Mbps ⚡⚡
2026-02-26 20:10:44 [INFO]    🏆 TR | VLESS | Пинг: 4025ms | Скорость: 3.75 Mbps ⚡⚡
2026-02-26 20:10:45 [INFO]    🏆 DE | VLESS | Пинг: 3225ms | Скорость: 2.71 Mbps ⚡
2026-02-26 20:10:45 [INFO]    🏆 DE | VLESS | Пинг: 3797ms | Скорость: 2.01 Mbps ⚡
2026-02-26 20:10:45 [INFO]    🏆 ES | VLESS | Пинг: 3818ms | Скорость: 0.73 Mbps 
2026-02-26 20:10:45 [INFO]    🏆 FI | VLESS | Пинг: 4082ms | Скорость: 1.56 Mbps ⚡
2026-02-26 20:10:46 [INFO]    🏆 FR | VLESS | Пинг: 4162ms | Скорость: 7.25 Mbps ⚡⚡
2026-02-26 20:10:46 [INFO]    🏆 DE | VLESS | Пинг: 4123ms | Скорость: 6.94 Mbps ⚡⚡
2026-02-26 20:10:46 [INFO]    🏆 DE | VLESS | Пинг: 4092ms | Скорость: 6.94 Mbps ⚡⚡
2026-02-26 20:10:46 [INFO]    🏆 DE | VLESS | Пинг: 4238ms | Скорость: 6.2 Mbps ⚡⚡
2026-02-26 20:10:46 [INFO]    🏆 SG | VLESS | Пинг: 4175ms | Скорость: 6.04 Mbps ⚡⚡
2026-02-26 20:10:46 [INFO]    🏆 FR | VLESS | Пинг: 4136ms | Скорость: 5.65 Mbps ⚡⚡
2026-02-26 20:10:48 [INFO]    🏆 DE | VLESS | Пинг: 4309ms | Скорость: 7.71 Mbps ⚡⚡
2026-02-26 20:10:48 [INFO]    🏆 TR | VLESS | Пинг: 4253ms | Скорость: 4.8 Mbps ⚡⚡
2026-02-26 20:10:48 [INFO]    🏆 DE | VLESS | Пинг: 4395ms | Скорость: 8.3 Mbps ⚡⚡
2026-02-26 20:10:49 [INFO]    🏆 NL | VLESS | Пинг: 4216ms | Скорость: 2.96 Mbps ⚡
2026-02-26 20:10:49 [INFO]    🏆 DE | VLESS | Пинг: 4509ms | Скорость: 9.54 Mbps ⚡⚡
2026-02-26 20:10:49 [INFO]    🏆 NL | VLESS | Пинг: 4506ms | Скорость: 8.68 Mbps ⚡⚡
2026-02-26 20:10:50 [INFO]    🏆 ES | VLESS | Пинг: 4393ms | Скорость: 5.12 Mbps ⚡⚡
2026-02-26 20:10:50 [INFO]    🏆 DE | VLESS | Пинг: 4539ms | Скорость: 14.48 Mbps ⚡⚡
2026-02-26 20:10:52 [INFO]    🏆 DE | VLESS | Пинг: 4466ms | Скорость: 4.01 Mbps ⚡⚡
2026-02-26 20:10:52 [INFO]    🏆 FI | VLESS | Пинг: 4546ms | Скорость: 6.45 Mbps ⚡⚡
2026-02-26 20:10:52 [INFO]    🏆 TR | VLESS | Пинг: 4414ms | Скорость: 1.75 Mbps ⚡
2026-02-26 20:10:53 [INFO]    🏆 DE | VLESS | Пинг: 4447ms | Скорость: 2.74 Mbps ⚡
2026-02-26 20:10:53 [INFO]    🏆 PL | VLESS | Пинг: 4513ms | Скорость: 0.82 Mbps 
2026-02-26 20:10:54 [INFO]    🏆 US | VLESS | Пинг: 4609ms | Скорость: 5.17 Mbps ⚡⚡
2026-02-26 20:10:55 [INFO]    🏆 ES | VLESS | Пинг: 4589ms | Скорость: 1.51 Mbps ⚡
2026-02-26 20:10:55 [INFO] 📊 Итого в подписке сохранено иностранных серверов: 10
2026-02-26 20:10:55 [INFO] 💾 Файл успешно сохранен: FL1PVPN
