2026-02-23 07:10:05 [INFO] 🚀 START: Smart Selector (Target: 10, ONLY FOREIGN)
2026-02-23 07:10:05 [INFO] 🌐 Загрузка источников (VLESS + VMess)...
2026-02-23 07:10:08 [INFO] 🔍 Уникальных конфигов собрано: 228
2026-02-23 07:10:08 [INFO] ⚡ ЭТАП 1: Замер Пинга и Геолокации. Workers: 40...
2026-02-23 07:10:15 [INFO]    [PING OK] TR | VLESS | 3630ms
2026-02-23 07:10:15 [INFO]    [PING OK] DE | VLESS | 3722ms
2026-02-23 07:10:15 [INFO]    [PING OK] HU | VLESS | 3471ms
2026-02-23 07:10:15 [INFO]    [PING OK] DE | VLESS | 3125ms
2026-02-23 07:10:15 [INFO]    [PING OK] ES | VLESS | 3187ms
2026-02-23 07:10:15 [INFO]    [PING OK] DE | VLESS | 3034ms
2026-02-23 07:10:15 [INFO]    [PING OK] ES | VLESS | 3115ms
2026-02-23 07:10:15 [INFO]    [PING OK] TR | VLESS | 3217ms
2026-02-23 07:10:15 [INFO]    [PING OK] DE | VLESS | 6569ms
2026-02-23 07:10:16 [INFO]    [PING OK] PL | VLESS | 2752ms
2026-02-23 07:10:16 [INFO]    [PING OK] DE | VLESS | 6309ms
2026-02-23 07:10:17 [INFO]    [PING OK] PL | VLESS | 3031ms
2026-02-23 07:10:18 [INFO]    [PING OK] PL | VLESS | 3354ms
2026-02-23 07:10:18 [INFO]    [PING OK] PL | VLESS | 3448ms
2026-02-23 07:10:18 [INFO]    [PING OK] US | VLESS | 3401ms
2026-02-23 07:10:18 [INFO]    [PING OK] ES | VLESS | 3314ms
2026-02-23 07:10:18 [INFO]    [PING OK] HU | VLESS | 3421ms
2026-02-23 07:10:18 [INFO]    [PING OK] IT | VLESS | 3456ms
2026-02-23 07:10:18 [INFO]    [PING OK] FR | VLESS | 3190ms
2026-02-23 07:10:18 [INFO]    [PING OK] PL | VLESS | 3360ms
2026-02-23 07:10:19 [INFO]    [PING OK] ES | VLESS | 3124ms
2026-02-23 07:10:19 [INFO]    [PING OK] PL | VLESS | 3398ms
2026-02-23 07:10:19 [INFO]    [PING OK] FI | VLESS | 3349ms
2026-02-23 07:10:19 [INFO]    [PING OK] PL | VLESS | 3435ms
2026-02-23 07:10:19 [INFO]    [PING OK] DE | VLESS | 3215ms
2026-02-23 07:10:19 [INFO]    [PING OK] HU | VLESS | 3207ms
2026-02-23 07:10:20 [INFO]    [PING OK] IT | VLESS | 3600ms
2026-02-23 07:10:20 [INFO]    [PING OK] CA | VLESS | 4693ms
2026-02-23 07:10:20 [INFO]    [PING OK] HU | VLESS | 3946ms
2026-02-23 07:10:20 [INFO]    [PING OK] ES | VLESS | 3301ms
2026-02-23 07:10:20 [INFO]    [PING OK] HU | VLESS | 3532ms
2026-02-23 07:10:20 [INFO]    [PING OK] PL | VLESS | 3976ms
2026-02-23 07:10:21 [INFO]    [PING OK] ES | VLESS | 3547ms
2026-02-23 07:10:22 [INFO]    [PING OK] NL | VLESS | 4017ms
2026-02-23 07:10:23 [INFO]    [PING OK] PL | VLESS | 6633ms
2026-02-23 07:10:23 [INFO]    [PING OK] ES | VLESS | 4605ms
2026-02-23 07:10:24 [INFO]    [PING OK] CA | VLESS | 4646ms
2026-02-23 07:10:24 [INFO]    [PING OK] CA | VLESS | 4552ms
2026-02-23 07:10:24 [INFO]    [PING OK] DE | VLESS | 7919ms
2026-02-23 07:10:24 [INFO]    [PING OK] CA | VLESS | 4545ms
2026-02-23 07:10:24 [INFO]    [PING OK] DE | VLESS | 4481ms
2026-02-23 07:10:25 [INFO]    [PING OK] DE | VLESS | 8457ms
2026-02-23 07:10:27 [INFO]    [PING OK] CA | VLESS | 6259ms
2026-02-23 07:10:27 [INFO]    [PING OK] DE | VLESS | 4452ms
2026-02-23 07:10:28 [INFO]    [PING OK] CA | VLESS | 9212ms
2026-02-23 07:10:28 [INFO]    [PING OK] CA | VLESS | 5135ms
2026-02-23 07:10:28 [INFO]    [PING OK] CA | VLESS | 5082ms
2026-02-23 07:10:28 [INFO]    [PING OK] CA | VLESS | 5184ms
2026-02-23 07:10:29 [INFO]    [PING OK] CA | VLESS | 6198ms
2026-02-23 07:10:30 [INFO]    [PING OK] CA | VLESS | 6384ms
2026-02-23 07:10:30 [INFO]    [PING OK] BY | VLESS | 5281ms
2026-02-23 07:10:30 [INFO]    [PING OK] CA | VLESS | 8595ms
2026-02-23 07:10:30 [INFO]    [PING OK] DE | VLESS | 4008ms
2026-02-23 07:10:31 [INFO]    [PING OK] DE | VLESS | 3765ms
2026-02-23 07:10:31 [INFO]    [PING OK] CA | VLESS | 3731ms
2026-02-23 07:10:31 [INFO]    [PING OK] CA | VLESS | 3814ms
2026-02-23 07:10:31 [INFO]    [PING OK] DE | VLESS | 7481ms
2026-02-23 07:10:32 [INFO]    [PING OK] CA | VLESS | 7765ms
2026-02-23 07:10:32 [INFO]    [PING OK] CA | VLESS | 7553ms
2026-02-23 07:10:34 [INFO]    [PING OK] CA | VLESS | 6138ms
2026-02-23 07:10:34 [INFO]    [PING OK] CA | VLESS | 7196ms
2026-02-23 07:10:35 [INFO]    [PING OK] CA | VLESS | 7217ms
2026-02-23 07:10:35 [INFO]    [PING OK] CA | VLESS | 6230ms
2026-02-23 07:10:36 [INFO] 🏎️ ЭТАП 2: Глубокий замер скорости для 40 иностранных кандидатов...
2026-02-23 07:10:40 [INFO]    🏆 ES | VLESS | Пинг: 3115ms | Скорость: 6.4 Mbps ⚡⚡
2026-02-23 07:10:40 [INFO]    🏆 PL | VLESS | Пинг: 3354ms | Скорость: 6.72 Mbps ⚡⚡
2026-02-23 07:10:40 [INFO]    🏆 PL | VLESS | Пинг: 3031ms | Скорость: 6.22 Mbps ⚡⚡
2026-02-23 07:10:40 [INFO]    🏆 DE | VLESS | Пинг: 3125ms | Скорость: 6.38 Mbps ⚡⚡
2026-02-23 07:10:40 [INFO]    🏆 DE | VLESS | Пинг: 3034ms | Скорость: 6.15 Mbps ⚡⚡
2026-02-23 07:10:40 [INFO]    🏆 FI | VLESS | Пинг: 3349ms | Скорость: 6.66 Mbps ⚡⚡
2026-02-23 07:10:40 [INFO]    🏆 PL | VLESS | Пинг: 2752ms | Скорость: 6.03 Mbps ⚡⚡
2026-02-23 07:10:40 [INFO]    🏆 ES | VLESS | Пинг: 3187ms | Скорость: 6.27 Mbps ⚡⚡
2026-02-23 07:10:40 [INFO]    🏆 TR | VLESS | Пинг: 3217ms | Скорость: 6.22 Mbps ⚡⚡
2026-02-23 07:10:40 [INFO]    🏆 HU | VLESS | Пинг: 3207ms | Скорость: 6.15 Mbps ⚡⚡
2026-02-23 07:10:40 [INFO]    🏆 ES | VLESS | Пинг: 3314ms | Скорость: 6.24 Mbps ⚡⚡
2026-02-23 07:10:40 [INFO]    🏆 ES | VLESS | Пинг: 3124ms | Скорость: 5.41 Mbps ⚡⚡
2026-02-23 07:10:42 [INFO]    🏆 PL | VLESS | Пинг: 3360ms | Скорость: 12.42 Mbps ⚡⚡
2026-02-23 07:10:43 [INFO]    🏆 DE | VLESS | Пинг: 3215ms | Скорость: 1.65 Mbps ⚡
2026-02-23 07:10:43 [INFO]    🏆 ES | VLESS | Пинг: 3301ms | Скорость: 1.87 Mbps ⚡
2026-02-23 07:10:43 [INFO]    🏆 PL | VLESS | Пинг: 3435ms | Скорость: 7.36 Mbps ⚡⚡
2026-02-23 07:10:43 [INFO]    🏆 IT | VLESS | Пинг: 3600ms | Скорость: 7.64 Mbps ⚡⚡
2026-02-23 07:10:43 [INFO]    🏆 IT | VLESS | Пинг: 3456ms | Скорость: 7.38 Mbps ⚡⚡
2026-02-23 07:10:43 [INFO]    🏆 HU | VLESS | Пинг: 3532ms | Скорость: 7.41 Mbps ⚡⚡
2026-02-23 07:10:43 [INFO]    🏆 PL | VLESS | Пинг: 3448ms | Скорость: 7.02 Mbps ⚡⚡
2026-02-23 07:10:43 [INFO]    🏆 ES | VLESS | Пинг: 3547ms | Скорость: 7.47 Mbps ⚡⚡
2026-02-23 07:10:43 [INFO]    🏆 HU | VLESS | Пинг: 3471ms | Скорость: 7.0 Mbps ⚡⚡
2026-02-23 07:10:43 [INFO]    🏆 TR | VLESS | Пинг: 3630ms | Скорость: 8.05 Mbps ⚡⚡
2026-02-23 07:10:46 [INFO]    🏆 DE | VLESS | Пинг: 3765ms | Скорость: 9.12 Mbps ⚡⚡
2026-02-23 07:10:46 [INFO]    🏆 DE | VLESS | Пинг: 4008ms | Скорость: 8.86 Mbps ⚡⚡
2026-02-23 07:10:46 [INFO]    🏆 HU | VLESS | Пинг: 3946ms | Скорость: 8.62 Mbps ⚡⚡
2026-02-23 07:10:46 [INFO]    🏆 DE | VLESS | Пинг: 4481ms | Скорость: 9.09 Mbps ⚡⚡
2026-02-23 07:10:46 [INFO]    🏆 PL | VLESS | Пинг: 3398ms | Скорость: 2.26 Mbps ⚡
2026-02-23 07:10:46 [INFO]    🏆 HU | VLESS | Пинг: 3421ms | Скорость: 2.37 Mbps ⚡
2026-02-23 07:10:47 [INFO]    🏆 ES | VLESS | Пинг: 4605ms | Скорость: 9.29 Mbps ⚡⚡
2026-02-23 07:10:47 [INFO]    🏆 CA | VLESS | Пинг: 3731ms | Скорость: 4.98 Mbps ⚡⚡
2026-02-23 07:10:48 [INFO]    🏆 DE | VLESS | Пинг: 3722ms | Скорость: 3.93 Mbps ⚡⚡
2026-02-23 07:10:48 [INFO]    🏆 CA | VLESS | Пинг: 4552ms | Скорость: 5.46 Mbps ⚡⚡
2026-02-23 07:10:48 [INFO]    🏆 CA | VLESS | Пинг: 3814ms | Скорость: 4.11 Mbps ⚡⚡
2026-02-23 07:10:51 [INFO] 📊 Итого в подписке сохранено иностранных серверов: 10
2026-02-23 07:10:51 [INFO] 💾 Файл успешно сохранен: FL1PVPN
