2026-02-26 04:00:05 [INFO] 🚀 START: Smart Selector (Target: 10, ONLY FOREIGN)
2026-02-26 04:00:05 [INFO] 🌐 Загрузка источников (VLESS + VMess)...
2026-02-26 04:00:09 [INFO] 🔍 Уникальных конфигов собрано: 241
2026-02-26 04:00:09 [INFO] ⚡ ЭТАП 1: Замер Пинга и Геолокации. Workers: 40...
2026-02-26 04:00:15 [INFO]    [PING OK] DE | VLESS | 4516ms
2026-02-26 04:00:15 [INFO]    [PING OK] DE | VLESS | 4725ms
2026-02-26 04:00:15 [INFO]    [PING OK] US | VLESS | 4877ms
2026-02-26 04:00:15 [INFO]    [PING OK] DE | VLESS | 5085ms
2026-02-26 04:00:15 [INFO]    [PING OK] DE | VLESS | 4749ms
2026-02-26 04:00:15 [INFO]    [PING OK] NL | VLESS | 4594ms
2026-02-26 04:00:15 [INFO]    [PING OK] NL | VLESS | 4928ms
2026-02-26 04:00:15 [INFO]    [PING OK] DE | VLESS | 5139ms
2026-02-26 04:00:15 [INFO]    [PING OK] DE | VLESS | 5152ms
2026-02-26 04:00:15 [INFO]    [PING OK] DE | VLESS | 5156ms
2026-02-26 04:00:15 [INFO]    [PING OK] DE | VLESS | 4720ms
2026-02-26 04:00:15 [INFO]    [PING OK] US | VLESS | 4909ms
2026-02-26 04:00:16 [INFO]    [PING OK] NL | VLESS | 4444ms
2026-02-26 04:00:16 [INFO]    [PING OK] NL | VLESS | 4152ms
2026-02-26 04:00:16 [INFO]    [PING OK] FI | VLESS | 4103ms
2026-02-26 04:00:16 [INFO]    [PING OK] FI | VLESS | 4195ms
2026-02-26 04:00:16 [INFO]    [PING OK] NL | VLESS | 4406ms
2026-02-26 04:00:16 [INFO]    [PING OK] NL | VLESS | 3893ms
2026-02-26 04:00:17 [INFO]    [PING OK] DE | VLESS | 3979ms
2026-02-26 04:00:17 [INFO]    [PING OK] NL | VLESS | 3795ms
2026-02-26 04:00:17 [INFO]    [PING OK] NL | VLESS | 4045ms
2026-02-26 04:00:18 [INFO]    [PING OK] NL | VLESS | 4033ms
2026-02-26 04:00:18 [INFO]    [PING OK] ES | VLESS | 4212ms
2026-02-26 04:00:21 [INFO]    [PING OK] PL | VLESS | 4800ms
2026-02-26 04:00:21 [INFO]    [PING OK] SE | VLESS | 4742ms
2026-02-26 04:00:21 [INFO]    [PING OK] PL | VLESS | 4583ms
2026-02-26 04:00:21 [INFO]    [PING OK] NL | VLESS | 4987ms
2026-02-26 04:00:21 [INFO]    [PING OK] PL | VLESS | 4658ms
2026-02-26 04:00:21 [INFO]    [PING OK] DE | VLESS | 5142ms
2026-02-26 04:00:21 [INFO]    [PING OK] NL | VLESS | 4976ms
2026-02-26 04:00:21 [INFO]    [PING OK] DE | VLESS | 4966ms
2026-02-26 04:00:21 [INFO]    [PING OK] FI | VLESS | 5412ms
2026-02-26 04:00:21 [INFO]    [PING OK] NL | VLESS | 4964ms
2026-02-26 04:00:21 [INFO]    [PING OK] FI | VLESS | 5236ms
2026-02-26 04:00:22 [INFO]    [PING OK] DE | VLESS | 4880ms
2026-02-26 04:00:22 [INFO]    [PING OK] PL | VLESS | 4927ms
2026-02-26 04:00:22 [INFO]    [PING OK] EE | VLESS | 4995ms
2026-02-26 04:00:22 [INFO]    [PING OK] US | VLESS | 4750ms
2026-02-26 04:00:22 [INFO]    [PING OK] PL | VLESS | 4727ms
2026-02-26 04:00:22 [INFO]    [PING OK] NL | VLESS | 4830ms
2026-02-26 04:00:23 [INFO]    [PING OK] US | VLESS | 5193ms
2026-02-26 04:00:23 [INFO]    [PING OK] NL | VLESS | 5696ms
2026-02-26 04:00:24 [INFO]    [PING OK] PL | VLESS | 4813ms
2026-02-26 04:00:25 [INFO]    [PING OK] DE | VLESS | 4310ms
2026-02-26 04:00:25 [INFO]    [PING OK] ES | VLESS | 4334ms
2026-02-26 04:00:26 [INFO]    [PING OK] PL | VLESS | 4450ms
2026-02-26 04:00:26 [INFO]    [PING OK] NL | VLESS | 4216ms
2026-02-26 04:00:26 [INFO]    [PING OK] PL | VLESS | 4407ms
2026-02-26 04:00:26 [INFO]    [PING OK] NL | VLESS | 4047ms
2026-02-26 04:00:26 [INFO]    [PING OK] PL | VLESS | 4304ms
2026-02-26 04:00:26 [INFO]    [PING OK] DE | VLESS | 9458ms
2026-02-26 04:00:26 [INFO]    [PING OK] NL | VLESS | 4579ms
2026-02-26 04:00:27 [INFO]    [PING OK] LT | VLESS | 4616ms
2026-02-26 04:00:27 [INFO]    [PING OK] PL | VLESS | 4773ms
2026-02-26 04:00:27 [INFO]    [PING OK] NL | VLESS | 4366ms
2026-02-26 04:00:27 [INFO]    [PING OK] NL | VLESS | 4299ms
2026-02-26 04:00:27 [INFO]    [PING OK] PL | VLESS | 4681ms
2026-02-26 04:00:27 [INFO]    [PING OK] DE | VLESS | 3985ms
2026-02-26 04:00:27 [INFO]    [PING OK] NL | VLESS | 4047ms
2026-02-26 04:00:27 [INFO]    [PING OK] NL | VLESS | 4217ms
2026-02-26 04:00:27 [INFO]    [PING OK] NL | VLESS | 4218ms
2026-02-26 04:00:28 [INFO]    [PING OK] NL | VLESS | 4000ms
2026-02-26 04:00:28 [INFO]    [PING OK] NL | VLESS | 3758ms
2026-02-26 04:00:28 [INFO]    [PING OK] DE | VLESS | 4067ms
2026-02-26 04:00:28 [INFO]    [PING OK] NL | VLESS | 3743ms
2026-02-26 04:00:29 [INFO]    [PING OK] NL | VLESS | 3770ms
2026-02-26 04:00:29 [INFO]    [PING OK] PL | VLESS | 3868ms
2026-02-26 04:00:31 [INFO]    [PING OK] NL | VLESS | 4612ms
2026-02-26 04:00:31 [INFO]    [PING OK] PL | VLESS | 4781ms
2026-02-26 04:00:32 [INFO]    [PING OK] DE | VLESS | 4670ms
2026-02-26 04:00:32 [INFO]    [PING OK] NL | VLESS | 8750ms
2026-02-26 04:00:32 [INFO]    [PING OK] NL | VLESS | 4892ms
2026-02-26 04:00:32 [INFO]    [PING OK] FR | VLESS | 4821ms
2026-02-26 04:00:32 [INFO]    [PING OK] CA | VLESS | 5131ms
2026-02-26 04:00:34 [INFO]    [PING OK] LV | VLESS | 4765ms
2026-02-26 04:00:35 [INFO]    [PING OK] SG | VLESS | 4820ms
2026-02-26 04:00:35 [INFO]    [PING OK] SG | VLESS | 7231ms
2026-02-26 04:00:36 [INFO]    [PING OK] DE | VLESS | 4219ms
2026-02-26 04:00:36 [INFO]    [PING OK] DE | VLESS | 3875ms
2026-02-26 04:00:36 [INFO]    [PING OK] LV | VLESS | 2979ms
2026-02-26 04:00:36 [INFO]    [PING OK] NL | VLESS | 2796ms
2026-02-26 04:00:36 [INFO]    [PING OK] DE | VLESS | 2677ms
2026-02-26 04:00:37 [INFO]    [PING OK] TW | VLESS | 3707ms
2026-02-26 04:00:41 [INFO] 🏎️ ЭТАП 2: Глубокий замер скорости для 40 иностранных кандидатов...
2026-02-26 04:00:45 [INFO]    🏆 LV | VLESS | Пинг: 2979ms | Скорость: 6.28 Mbps ⚡⚡
2026-02-26 04:00:45 [INFO]    🏆 NL | VLESS | Пинг: 3758ms | Скорость: 6.34 Mbps ⚡⚡
2026-02-26 04:00:45 [INFO]    🏆 NL | VLESS | Пинг: 3770ms | Скорость: 6.32 Mbps ⚡⚡
2026-02-26 04:00:45 [INFO]    🏆 NL | VLESS | Пинг: 2796ms | Скорость: 6.1 Mbps ⚡⚡
2026-02-26 04:00:45 [INFO]    🏆 DE | VLESS | Пинг: 3875ms | Скорость: 6.38 Mbps ⚡⚡
2026-02-26 04:00:45 [INFO]    🏆 PL | VLESS | Пинг: 3868ms | Скорость: 6.34 Mbps ⚡⚡
2026-02-26 04:00:45 [INFO]    🏆 NL | VLESS | Пинг: 3743ms | Скорость: 6.22 Mbps ⚡⚡
2026-02-26 04:00:45 [INFO]    🏆 DE | VLESS | Пинг: 3985ms | Скорость: 6.47 Mbps ⚡⚡
2026-02-26 04:00:45 [INFO]    🏆 NL | VLESS | Пинг: 3795ms | Скорость: 6.27 Mbps ⚡⚡
2026-02-26 04:00:45 [INFO]    🏆 DE | VLESS | Пинг: 3979ms | Скорость: 6.4 Mbps ⚡⚡
2026-02-26 04:00:45 [INFO]    🏆 DE | VLESS | Пинг: 2677ms | Скорость: 6.06 Mbps ⚡⚡
2026-02-26 04:00:45 [INFO]    🏆 NL | VLESS | Пинг: 4033ms | Скорость: 6.41 Mbps ⚡⚡
2026-02-26 04:00:45 [INFO]    🏆 NL | VLESS | Пинг: 3893ms | Скорость: 6.23 Mbps ⚡⚡
2026-02-26 04:00:45 [INFO]    🏆 NL | VLESS | Пинг: 4000ms | Скорость: 6.28 Mbps ⚡⚡
2026-02-26 04:00:49 [INFO]    🏆 NL | VLESS | Пинг: 4047ms | Скорость: 6.97 Mbps ⚡⚡
2026-02-26 04:00:49 [INFO]    🏆 NL | VLESS | Пинг: 4045ms | Скорость: 6.82 Mbps ⚡⚡
2026-02-26 04:00:49 [INFO]    🏆 NL | VLESS | Пинг: 4047ms | Скорость: 6.8 Mbps ⚡⚡
2026-02-26 04:00:49 [INFO]    🏆 DE | VLESS | Пинг: 4067ms | Скорость: 6.77 Mbps ⚡⚡
2026-02-26 04:00:49 [INFO]    🏆 NL | VLESS | Пинг: 4217ms | Скорость: 6.7 Mbps ⚡⚡
2026-02-26 04:00:49 [INFO]    🏆 FI | VLESS | Пинг: 4103ms | Скорость: 6.59 Mbps ⚡⚡
2026-02-26 04:00:49 [INFO]    🏆 DE | VLESS | Пинг: 4219ms | Скорость: 6.64 Mbps ⚡⚡
2026-02-26 04:00:49 [INFO]    🏆 PL | VLESS | Пинг: 4304ms | Скорость: 6.71 Mbps ⚡⚡
2026-02-26 04:00:49 [INFO]    🏆 NL | VLESS | Пинг: 4299ms | Скорость: 6.64 Mbps ⚡⚡
2026-02-26 04:00:49 [INFO]    🏆 NL | VLESS | Пинг: 4216ms | Скорость: 6.51 Mbps ⚡⚡
2026-02-26 04:00:49 [INFO]    🏆 NL | VLESS | Пинг: 4152ms | Скорость: 6.3 Mbps ⚡⚡
2026-02-26 04:00:49 [INFO]    🏆 DE | VLESS | Пинг: 4310ms | Скорость: 6.85 Mbps ⚡⚡
2026-02-26 04:00:49 [INFO]    🏆 ES | VLESS | Пинг: 4212ms | Скорость: 6.29 Mbps ⚡⚡
2026-02-26 04:00:49 [INFO]    🏆 NL | VLESS | Пинг: 4218ms | Скорость: 6.32 Mbps ⚡⚡
2026-02-26 04:00:51 [INFO]    🏆 ES | VLESS | Пинг: 4334ms | Скорость: 9.75 Mbps ⚡⚡
2026-02-26 04:00:51 [INFO]    🏆 NL | VLESS | Пинг: 4406ms | Скорость: 9.53 Mbps ⚡⚡
2026-02-26 04:00:51 [INFO]    🏆 NL | VLESS | Пинг: 4366ms | Скорость: 9.44 Mbps ⚡⚡
2026-02-26 04:00:52 [INFO]    🏆 NL | VLESS | Пинг: 4444ms | Скорость: 9.4 Mbps ⚡⚡
2026-02-26 04:00:52 [INFO]    🏆 PL | VLESS | Пинг: 4450ms | Скорость: 9.42 Mbps ⚡⚡
2026-02-26 04:00:52 [INFO]    🏆 DE | VLESS | Пинг: 4516ms | Скорость: 9.75 Mbps ⚡⚡
2026-02-26 04:00:52 [INFO]    🏆 PL | VLESS | Пинг: 4583ms | Скорость: 9.72 Mbps ⚡⚡
2026-02-26 04:00:52 [INFO]    🏆 NL | VLESS | Пинг: 4579ms | Скорость: 9.88 Mbps ⚡⚡
2026-02-26 04:00:52 [INFO]    🏆 NL | VLESS | Пинг: 4594ms | Скорость: 9.69 Mbps ⚡⚡
2026-02-26 04:00:52 [INFO] 📊 Итого в подписке сохранено иностранных серверов: 10
2026-02-26 04:00:52 [INFO] 💾 Файл успешно сохранен: FL1PVPN
