2026-02-27 11:50:06 [INFO] 🚀 START: Smart Selector (Target: 10, ONLY FOREIGN)
2026-02-27 11:50:06 [INFO] 🌐 Загрузка источников (VLESS + VMess)...
2026-02-27 11:50:07 [INFO] 🔍 Уникальных конфигов собрано: 231
2026-02-27 11:50:07 [INFO] ⚡ ЭТАП 1: Замер Пинга и Геолокации. Workers: 40...
2026-02-27 11:50:13 [INFO]    [PING OK] PL | VLESS | 5301ms
2026-02-27 11:50:13 [INFO]    [PING OK] FI | VLESS | 5176ms
2026-02-27 11:50:13 [INFO]    [PING OK] NL | VLESS | 5271ms
2026-02-27 11:50:13 [INFO]    [PING OK] FI | VLESS | 5353ms
2026-02-27 11:50:13 [INFO]    [PING OK] FI | VLESS | 5200ms
2026-02-27 11:50:13 [INFO]    [PING OK] DE | VLESS | 5366ms
2026-02-27 11:50:14 [INFO]    [PING OK] DE | VLESS | 5240ms
2026-02-27 11:50:14 [INFO]    [PING OK] DE | VLESS | 5343ms
2026-02-27 11:50:14 [INFO]    [PING OK] DE | VLESS | 5216ms
2026-02-27 11:50:14 [INFO]    [PING OK] DE | VLESS | 5096ms
2026-02-27 11:50:14 [INFO]    [PING OK] TR | VLESS | 5474ms
2026-02-27 11:50:14 [INFO]    [PING OK] CA | VLESS | 5381ms
2026-02-27 11:50:14 [INFO]    [PING OK] CH | VLESS | 5090ms
2026-02-27 11:50:14 [INFO]    [PING OK] FI | VLESS | 4984ms
2026-02-27 11:50:14 [INFO]    [PING OK] FI | VLESS | 4575ms
2026-02-27 11:50:14 [INFO]    [PING OK] PL | VLESS | 5431ms
2026-02-27 11:50:14 [INFO]    [PING OK] HK | VLESS | 5587ms
2026-02-27 11:50:14 [INFO]    [PING OK] NL | VLESS | 5748ms
2026-02-27 11:50:14 [INFO]    [PING OK] LV | VLESS | 4140ms
2026-02-27 11:50:14 [INFO]    [PING OK] DE | VLESS | 4024ms
2026-02-27 11:50:14 [INFO]    [PING OK] AE | VLESS | 4633ms
2026-02-27 11:50:14 [INFO]    [PING OK] PL | VLESS | 4274ms
2026-02-27 11:50:14 [INFO]    [PING OK] FR | VLESS | 5958ms
2026-02-27 11:50:15 [INFO]    [PING OK] HU | VLESS | 4900ms
2026-02-27 11:50:16 [INFO]    [PING OK] ES | VLESS | 4379ms
2026-02-27 11:50:17 [INFO]    [PING OK] EE | VLESS | 4831ms
2026-02-27 11:50:18 [INFO]    [PING OK] FI | VLESS | 3971ms
2026-02-27 11:50:18 [INFO]    [PING OK] NL | VLESS | 3971ms
2026-02-27 11:50:18 [INFO]    [PING OK] DE | VLESS | 4029ms
2026-02-27 11:50:19 [INFO]    [PING OK] PL | VLESS | 3960ms
2026-02-27 11:50:19 [INFO]    [PING OK] TR | VLESS | 3764ms
2026-02-27 11:50:19 [INFO]    [PING OK] TR | VLESS | 4338ms
2026-02-27 11:50:19 [INFO]    [PING OK] FI | VLESS | 3877ms
2026-02-27 11:50:19 [INFO]    [PING OK] TR | VLESS | 3940ms
2026-02-27 11:50:19 [INFO]    [PING OK] PL | VLESS | 3893ms
2026-02-27 11:50:19 [INFO]    [PING OK] HU | VLESS | 4713ms
2026-02-27 11:50:20 [INFO]    [PING OK] FI | VLESS | 3951ms
2026-02-27 11:50:20 [INFO]    [PING OK] DE | VLESS | 3832ms
2026-02-27 11:50:20 [INFO]    [PING OK] US | VLESS | 3812ms
2026-02-27 11:50:20 [INFO]    [PING OK] ES | VLESS | 5851ms
2026-02-27 11:50:21 [INFO]    [PING OK] KZ | VLESS | 5173ms
2026-02-27 11:50:21 [INFO]    [PING OK] IT | VLESS | 4324ms
2026-02-27 11:50:21 [INFO]    [PING OK] HU | VLESS | 6650ms
2026-02-27 11:50:23 [INFO]    [PING OK] PL | VLESS | 3419ms
2026-02-27 11:50:23 [INFO]    [PING OK] DE | VLESS | 3212ms
2026-02-27 11:50:23 [INFO]    [PING OK] DE | VLESS | 3213ms
2026-02-27 11:50:23 [INFO]    [PING OK] DE | VLESS | 3433ms
2026-02-27 11:50:23 [INFO]    [PING OK] IT | VLESS | 3666ms
2026-02-27 11:50:23 [INFO]    [PING OK] FI | VLESS | 3220ms
2026-02-27 11:50:23 [INFO]    [PING OK] PL | VLESS | 3035ms
2026-02-27 11:50:23 [INFO]    [PING OK] US | VLESS | 3916ms
2026-02-27 11:50:23 [INFO]    [PING OK] ES | VLESS | 2963ms
2026-02-27 11:50:24 [INFO]    [PING OK] NL | VLESS | 3036ms
2026-02-27 11:50:24 [INFO]    [PING OK] ES | VLESS | 4475ms
2026-02-27 11:50:24 [INFO]    [PING OK] US | VLESS | 4442ms
2026-02-27 11:50:24 [INFO]    [PING OK] PL | VLESS | 2812ms
2026-02-27 11:50:24 [INFO]    [PING OK] DE | VLESS | 2845ms
2026-02-27 11:50:24 [INFO]    [PING OK] TR | VLESS | 2862ms
2026-02-27 11:50:25 [INFO]    [PING OK] CA | VLESS | 2866ms
2026-02-27 11:50:25 [INFO]    [PING OK] US | VLESS | 5232ms
2026-02-27 11:50:25 [INFO]    [PING OK] PL | VLESS | 3046ms
2026-02-27 11:50:25 [INFO]    [PING OK] NL | VLESS | 4269ms
2026-02-27 11:50:27 [INFO]    [PING OK] DE | VLESS | 3153ms
2026-02-27 11:50:27 [INFO]    [PING OK] TR | VLESS | 3206ms
2026-02-27 11:50:27 [INFO]    [PING OK] FR | VLESS | 3025ms
2026-02-27 11:50:27 [INFO]    [PING OK] PL | VLESS | 3075ms
2026-02-27 11:50:27 [INFO]    [PING OK] FI | VLESS | 3248ms
2026-02-27 11:50:28 [INFO]    [PING OK] US | VLESS | 3190ms
2026-02-27 11:50:28 [INFO]    [PING OK] PL | VLESS | 2988ms
2026-02-27 11:50:28 [INFO]    [PING OK] DE | VLESS | 3162ms
2026-02-27 11:50:28 [INFO]    [PING OK] HU | VLESS | 2923ms
2026-02-27 11:50:28 [INFO]    [PING OK] HU | VLESS | 3017ms
2026-02-27 11:50:28 [INFO]    [PING OK] US | VLESS | 3189ms
2026-02-27 11:50:29 [INFO]    [PING OK] DE | VLESS | 2892ms
2026-02-27 11:50:29 [INFO]    [PING OK] DE | VLESS | 4258ms
2026-02-27 11:50:29 [INFO]    [PING OK] FR | VLESS | 3661ms
2026-02-27 11:50:29 [INFO]    [PING OK] SE | VLESS | 2789ms
2026-02-27 11:50:29 [INFO]    [PING OK] DE | VLESS | 2878ms
2026-02-27 11:50:30 [INFO]    [PING OK] FI | VLESS | 3077ms
2026-02-27 11:50:31 [INFO]    [PING OK] NL | VLESS | 2303ms
2026-02-27 11:50:31 [INFO]    [PING OK] DE | VLESS | 3245ms
2026-02-27 11:50:31 [INFO]    [PING OK] DE | VLESS | 1211ms
2026-02-27 11:50:31 [INFO]    [PING OK] CA | VLESS | 2833ms
2026-02-27 11:50:31 [INFO]    [PING OK] DE | VLESS | 2744ms
2026-02-27 11:50:32 [INFO]    [PING OK] NG | VLESS | 6511ms
2026-02-27 11:50:33 [INFO]    [PING OK] DE | VLESS | 2502ms
2026-02-27 11:50:33 [INFO]    [PING OK] SG | VLESS | 691ms
2026-02-27 11:50:33 [INFO]    [PING OK] SG | VLESS | 3120ms
2026-02-27 11:50:33 [INFO]    [PING OK] CA | VLESS | 3618ms
2026-02-27 11:50:36 [INFO]    [PING OK] CA | VLESS | 6532ms
2026-02-27 11:50:36 [INFO]    [PING OK] DE | VLESS | 6600ms
2026-02-27 11:50:37 [INFO] 🏎️ ЭТАП 2: Глубокий замер скорости для 40 иностранных кандидатов...
2026-02-27 11:50:41 [INFO]    🏆 DE | VLESS | Пинг: 1211ms | Скорость: 5.85 Mbps ⚡⚡
2026-02-27 11:50:41 [INFO]    🏆 SE | VLESS | Пинг: 2789ms | Скорость: 5.93 Mbps ⚡⚡
2026-02-27 11:50:41 [INFO]    🏆 HU | VLESS | Пинг: 2923ms | Скорость: 5.95 Mbps ⚡⚡
2026-02-27 11:50:41 [INFO]    🏆 DE | VLESS | Пинг: 2892ms | Скорость: 6.01 Mbps ⚡⚡
2026-02-27 11:50:41 [INFO]    🏆 DE | VLESS | Пинг: 2845ms | Скорость: 5.73 Mbps ⚡⚡
2026-02-27 11:50:41 [INFO]    🏆 PL | VLESS | Пинг: 2812ms | Скорость: 5.7 Mbps ⚡⚡
2026-02-27 11:50:41 [INFO]    🏆 NL | VLESS | Пинг: 2303ms | Скорость: 5.47 Mbps ⚡⚡
2026-02-27 11:50:41 [INFO]    🏆 DE | VLESS | Пинг: 2878ms | Скорость: 5.38 Mbps ⚡⚡
2026-02-27 11:50:41 [INFO]    🏆 SG | VLESS | Пинг: 691ms | Скорость: 5.02 Mbps ⚡⚡
2026-02-27 11:50:43 [INFO]    🏆 DE | VLESS | Пинг: 2502ms | Скорость: 3.79 Mbps ⚡⚡
2026-02-27 11:50:43 [INFO]    🏆 CA | VLESS | Пинг: 2833ms | Скорость: 3.69 Mbps ⚡⚡
2026-02-27 11:50:43 [INFO]    🏆 ES | VLESS | Пинг: 2963ms | Скорость: 3.58 Mbps ⚡⚡
2026-02-27 11:50:44 [INFO]    🏆 DE | VLESS | Пинг: 2744ms | Скорость: 0.92 Mbps 
2026-02-27 11:50:44 [INFO]    🏆 CA | VLESS | Пинг: 2866ms | Скорость: 1.67 Mbps ⚡
2026-02-27 11:50:44 [INFO]    🏆 TR | VLESS | Пинг: 2862ms | Скорость: 2.16 Mbps ⚡
2026-02-27 11:50:45 [INFO]    🏆 PL | VLESS | Пинг: 2988ms | Скорость: 6.51 Mbps ⚡⚡
2026-02-27 11:50:45 [INFO]    🏆 PL | VLESS | Пинг: 3075ms | Скорость: 6.46 Mbps ⚡⚡
2026-02-27 11:50:45 [INFO]    🏆 FR | VLESS | Пинг: 3025ms | Скорость: 6.2 Mbps ⚡⚡
2026-02-27 11:50:45 [INFO]    🏆 PL | VLESS | Пинг: 3046ms | Скорость: 6.29 Mbps ⚡⚡
2026-02-27 11:50:45 [INFO]    🏆 HU | VLESS | Пинг: 3017ms | Скорость: 5.94 Mbps ⚡⚡
2026-02-27 11:50:45 [INFO]    🏆 PL | VLESS | Пинг: 3035ms | Скорость: 6.16 Mbps ⚡⚡
2026-02-27 11:50:45 [INFO]    🏆 NL | VLESS | Пинг: 3036ms | Скорость: 6.11 Mbps ⚡⚡
2026-02-27 11:50:45 [INFO]    🏆 SG | VLESS | Пинг: 3120ms | Скорость: 6.54 Mbps ⚡⚡
2026-02-27 11:50:46 [INFO]    🏆 DE | VLESS | Пинг: 3153ms | Скорость: 7.04 Mbps ⚡⚡
2026-02-27 11:50:47 [INFO]    🏆 DE | VLESS | Пинг: 3162ms | Скорость: 6.01 Mbps ⚡⚡
2026-02-27 11:50:47 [INFO]    🏆 DE | VLESS | Пинг: 3213ms | Скорость: 12.43 Mbps ⚡⚡
2026-02-27 11:50:47 [INFO]    🏆 TR | VLESS | Пинг: 3206ms | Скорость: 7.47 Mbps ⚡⚡
2026-02-27 11:50:47 [INFO]    🏆 DE | VLESS | Пинг: 3212ms | Скорость: 7.16 Mbps ⚡⚡
2026-02-27 11:50:48 [INFO]    🏆 US | VLESS | Пинг: 3190ms | Скорость: 5.88 Mbps ⚡⚡
2026-02-27 11:50:48 [INFO]    🏆 DE | VLESS | Пинг: 3433ms | Скорость: 9.22 Mbps ⚡⚡
2026-02-27 11:50:48 [INFO]    🏆 FI | VLESS | Пинг: 3248ms | Скорость: 8.19 Mbps ⚡⚡
2026-02-27 11:50:48 [INFO]    🏆 FI | VLESS | Пинг: 3077ms | Скорость: 0.9 Mbps 
2026-02-27 11:50:49 [INFO]    🏆 FR | VLESS | Пинг: 3661ms | Скорость: 6.58 Mbps ⚡⚡
2026-02-27 11:50:49 [INFO]    🏆 TR | VLESS | Пинг: 3764ms | Скорость: 14.64 Mbps ⚡⚡
2026-02-27 11:50:50 [INFO]    🏆 DE | VLESS | Пинг: 3245ms | Скорость: 4.98 Mbps ⚡⚡
2026-02-27 11:50:52 [INFO]    🏆 PL | VLESS | Пинг: 3419ms | Скорость: 1.52 Mbps ⚡
2026-02-27 11:50:53 [INFO] 📊 Итого в подписке сохранено иностранных серверов: 10
2026-02-27 11:50:53 [INFO] 💾 Файл успешно сохранен: FL1PVPN
