2026-02-26 19:30:06 [INFO] 🚀 START: Smart Selector (Target: 10, ONLY FOREIGN)
2026-02-26 19:30:06 [INFO] 🌐 Загрузка источников (VLESS + VMess)...
2026-02-26 19:30:12 [INFO] 🔍 Уникальных конфигов собрано: 221
2026-02-26 19:30:12 [INFO] ⚡ ЭТАП 1: Замер Пинга и Геолокации. Workers: 40...
2026-02-26 19:30:18 [INFO]    [PING OK] DE | VLESS | 5039ms
2026-02-26 19:30:18 [INFO]    [PING OK] FI | VLESS | 5083ms
2026-02-26 19:30:18 [INFO]    [PING OK] DE | VLESS | 5101ms
2026-02-26 19:30:18 [INFO]    [PING OK] DE | VLESS | 5233ms
2026-02-26 19:30:18 [INFO]    [PING OK] FR | VLESS | 4993ms
2026-02-26 19:30:18 [INFO]    [PING OK] DE | VLESS | 5094ms
2026-02-26 19:30:18 [INFO]    [PING OK] FR | VLESS | 5200ms
2026-02-26 19:30:18 [INFO]    [PING OK] NL | VLESS | 5009ms
2026-02-26 19:30:18 [INFO]    [PING OK] FI | VLESS | 4908ms
2026-02-26 19:30:19 [INFO]    [PING OK] DE | VLESS | 5158ms
2026-02-26 19:30:19 [INFO]    [PING OK] NL | VLESS | 5258ms
2026-02-26 19:30:19 [INFO]    [PING OK] DE | VLESS | 4344ms
2026-02-26 19:30:19 [INFO]    [PING OK] FR | VLESS | 4276ms
2026-02-26 19:30:19 [INFO]    [PING OK] FI | VLESS | 4154ms
2026-02-26 19:30:20 [INFO]    [PING OK] US | VLESS | 5625ms
2026-02-26 19:30:20 [INFO]    [PING OK] US | VLESS | 6790ms
2026-02-26 19:30:20 [INFO]    [PING OK] DE | VLESS | 5065ms
2026-02-26 19:30:21 [INFO]    [PING OK] NL | VLESS | 3286ms
2026-02-26 19:30:22 [INFO]    [PING OK] PL | VLESS | 3056ms
2026-02-26 19:30:22 [INFO]    [PING OK] DE | VLESS | 3187ms
2026-02-26 19:30:22 [INFO]    [PING OK] NL | VLESS | 3423ms
2026-02-26 19:30:22 [INFO]    [PING OK] DE | VLESS | 2924ms
2026-02-26 19:30:23 [INFO]    [PING OK] NL | VLESS | 3182ms
2026-02-26 19:30:23 [INFO]    [PING OK] IT | VLESS | 2888ms
2026-02-26 19:30:23 [INFO]    [PING OK] FI | VLESS | 3054ms
2026-02-26 19:30:23 [INFO]    [PING OK] NL | VLESS | 3638ms
2026-02-26 19:30:23 [INFO]    [PING OK] US | VLESS | 3015ms
2026-02-26 19:30:23 [INFO]    [PING OK] SE | VLESS | 2463ms
2026-02-26 19:30:23 [INFO]    [PING OK] ES | VLESS | 2562ms
2026-02-26 19:30:23 [INFO]    [PING OK] US | VLESS | 4289ms
2026-02-26 19:30:23 [INFO]    [PING OK] HK | VLESS | 2377ms
2026-02-26 19:30:24 [INFO]    [PING OK] DE | VLESS | 1527ms
2026-02-26 19:30:24 [INFO]    [PING OK] CH | VLESS | 3034ms
2026-02-26 19:30:24 [INFO]    [PING OK] DE | VLESS | 3142ms
2026-02-26 19:30:24 [INFO]    [PING OK] DE | VLESS | 1410ms
2026-02-26 19:30:26 [INFO]    [PING OK] DE | VLESS | 2181ms
2026-02-26 19:30:26 [INFO]    [PING OK] LV | VLESS | 2352ms
2026-02-26 19:30:26 [INFO]    [PING OK] PL | VLESS | 2417ms
2026-02-26 19:30:27 [INFO]    [PING OK] LV | VLESS | 2754ms
2026-02-26 19:30:27 [INFO]    [PING OK] CA | VLESS | 2953ms
2026-02-26 19:30:27 [INFO]    [PING OK] HK | VLESS | 3341ms
2026-02-26 19:30:27 [INFO]    [PING OK] DE | VLESS | 3080ms
2026-02-26 19:30:27 [INFO]    [PING OK] NL | VLESS | 3090ms
2026-02-26 19:30:28 [INFO]    [PING OK] TR | VLESS | 2887ms
2026-02-26 19:30:28 [INFO]    [PING OK] ES | VLESS | 3471ms
2026-02-26 19:30:29 [INFO]    [PING OK] NL | VLESS | 3387ms
2026-02-26 19:30:29 [INFO]    [PING OK] TR | VLESS | 3086ms
2026-02-26 19:30:29 [INFO]    [PING OK] LT | VLESS | 3310ms
2026-02-26 19:30:29 [INFO]    [PING OK] DE | VLESS | 3081ms
2026-02-26 19:30:29 [INFO]    [PING OK] ES | VLESS | 3573ms
2026-02-26 19:30:30 [INFO]    [PING OK] NL | VLESS | 3459ms
2026-02-26 19:30:30 [INFO]    [PING OK] DE | VLESS | 3658ms
2026-02-26 19:30:31 [INFO]    [PING OK] IT | VLESS | 3661ms
2026-02-26 19:30:32 [INFO]    [PING OK] ES | VLESS | 4141ms
2026-02-26 19:30:33 [INFO]    [PING OK] TR | VLESS | 4180ms
2026-02-26 19:30:33 [INFO]    [PING OK] SG | VLESS | 4225ms
2026-02-26 19:30:34 [INFO]    [PING OK] DE | VLESS | 3879ms
2026-02-26 19:30:34 [INFO]    [PING OK] LV | VLESS | 4050ms
2026-02-26 19:30:35 [INFO]    [PING OK] DE | VLESS | 3651ms
2026-02-26 19:30:35 [INFO]    [PING OK] DE | VLESS | 5609ms
2026-02-26 19:30:35 [INFO]    [PING OK] SG | VLESS | 3646ms
2026-02-26 19:30:35 [INFO]    [PING OK] DE | VLESS | 2639ms
2026-02-26 19:30:35 [INFO]    [PING OK] DE | VLESS | 3006ms
2026-02-26 19:30:36 [INFO]    [PING OK] US | VLESS | 4137ms
2026-02-26 19:30:36 [INFO]    [PING OK] TR | VLESS | 3137ms
2026-02-26 19:30:36 [INFO]    [PING OK] DE | VLESS | 2045ms
2026-02-26 19:30:36 [INFO]    [PING OK] ES | VLESS | 5872ms
2026-02-26 19:30:40 [INFO]    [PING OK] TW | VLESS | 7268ms
2026-02-26 19:30:40 [INFO] 🏎️ ЭТАП 2: Глубокий замер скорости для 40 иностранных кандидатов...
2026-02-26 19:30:43 [INFO]    🏆 SE | VLESS | Пинг: 2463ms | Скорость: 9.26 Mbps ⚡⚡
2026-02-26 19:30:44 [INFO]    🏆 DE | VLESS | Пинг: 1410ms | Скорость: 7.8 Mbps ⚡⚡
2026-02-26 19:30:44 [INFO]    🏆 DE | VLESS | Пинг: 2181ms | Скорость: 7.83 Mbps ⚡⚡
2026-02-26 19:30:44 [INFO]    🏆 DE | VLESS | Пинг: 2639ms | Скорость: 7.7 Mbps ⚡⚡
2026-02-26 19:30:44 [INFO]    🏆 PL | VLESS | Пинг: 2417ms | Скорость: 7.17 Mbps ⚡⚡
2026-02-26 19:30:44 [INFO]    🏆 DE | VLESS | Пинг: 2924ms | Скорость: 6.57 Mbps ⚡⚡
2026-02-26 19:30:45 [INFO]    🏆 CA | VLESS | Пинг: 2953ms | Скорость: 6.04 Mbps ⚡⚡
2026-02-26 19:30:45 [INFO]    🏆 LV | VLESS | Пинг: 2352ms | Скорость: 4.7 Mbps ⚡⚡
2026-02-26 19:30:46 [INFO]    🏆 PL | VLESS | Пинг: 3056ms | Скорость: 12.44 Mbps ⚡⚡
2026-02-26 19:30:47 [INFO]    🏆 DE | VLESS | Пинг: 3081ms | Скорость: 16.72 Mbps ⚡⚡
2026-02-26 19:30:47 [INFO]    🏆 DE | VLESS | Пинг: 1527ms | Скорость: 3.06 Mbps ⚡⚡
2026-02-26 19:30:47 [INFO]    🏆 HK | VLESS | Пинг: 2377ms | Скорость: 1.83 Mbps ⚡
2026-02-26 19:30:47 [INFO]    🏆 DE | VLESS | Пинг: 2045ms | Скорость: 1.01 Mbps 
2026-02-26 19:30:47 [INFO]    🏆 FI | VLESS | Пинг: 3054ms | Скорость: 7.58 Mbps ⚡⚡
2026-02-26 19:30:47 [INFO]    🏆 ES | VLESS | Пинг: 2562ms | Скорость: 0.85 Mbps 
2026-02-26 19:30:47 [INFO]    🏆 TR | VLESS | Пинг: 2887ms | Скорость: 3.35 Mbps ⚡⚡
2026-02-26 19:30:47 [INFO]    🏆 LV | VLESS | Пинг: 2754ms | Скорость: 1.38 Mbps 
2026-02-26 19:30:48 [INFO]    🏆 DE | VLESS | Пинг: 3006ms | Скорость: 5.69 Mbps ⚡⚡
2026-02-26 19:30:48 [INFO]    🏆 DE | VLESS | Пинг: 3080ms | Скорость: 7.67 Mbps ⚡⚡
2026-02-26 19:30:49 [INFO]    🏆 DE | VLESS | Пинг: 3187ms | Скорость: 14.25 Mbps ⚡⚡
2026-02-26 19:30:49 [INFO]    🏆 NL | VLESS | Пинг: 3286ms | Скорость: 14.53 Mbps ⚡⚡
2026-02-26 19:30:50 [INFO]    🏆 NL | VLESS | Пинг: 3090ms | Скорость: 7.36 Mbps ⚡⚡
2026-02-26 19:30:50 [INFO]    🏆 NL | VLESS | Пинг: 3387ms | Скорость: 10.54 Mbps ⚡⚡
2026-02-26 19:30:50 [INFO]    🏆 NL | VLESS | Пинг: 3182ms | Скорость: 8.24 Mbps ⚡⚡
2026-02-26 19:30:50 [INFO]    🏆 US | VLESS | Пинг: 3015ms | Скорость: 1.22 Mbps 
2026-02-26 19:30:52 [INFO]    🏆 TR | VLESS | Пинг: 3137ms | Скорость: 4.42 Mbps ⚡⚡
2026-02-26 19:30:52 [INFO]    🏆 SG | VLESS | Пинг: 3646ms | Скорость: 10.46 Mbps ⚡⚡
2026-02-26 19:30:52 [INFO]    🏆 DE | VLESS | Пинг: 3658ms | Скорость: 12.56 Mbps ⚡⚡
2026-02-26 19:30:53 [INFO]    🏆 ES | VLESS | Пинг: 3573ms | Скорость: 5.0 Mbps ⚡⚡
2026-02-26 19:30:53 [INFO]    🏆 DE | VLESS | Пинг: 3651ms | Скорость: 8.08 Mbps ⚡⚡
2026-02-26 19:30:54 [INFO]    🏆 NL | VLESS | Пинг: 3423ms | Скорость: 1.9 Mbps ⚡
2026-02-26 19:30:54 [INFO]    🏆 LT | VLESS | Пинг: 3310ms | Скорость: 1.03 Mbps 
2026-02-26 19:30:54 [INFO]    🏆 NL | VLESS | Пинг: 3459ms | Скорость: 1.18 Mbps 
2026-02-26 19:30:55 [INFO]    🏆 ES | VLESS | Пинг: 3471ms | Скорость: 2.85 Mbps ⚡
2026-02-26 19:30:55 [INFO] 📊 Итого в подписке сохранено иностранных серверов: 10
2026-02-26 19:30:55 [INFO] 💾 Файл успешно сохранен: FL1PVPN
