2026-02-21 22:40:05 [INFO] 🚀 START: Smart Selector (Target: 10, ONLY FOREIGN)
2026-02-21 22:40:05 [INFO] 🌐 Загрузка источников (VLESS + VMess)...
2026-02-21 22:40:06 [INFO] 🔍 Уникальных конфигов собрано: 249
2026-02-21 22:40:06 [INFO] ⚡ ЭТАП 1: Замер Пинга и Геолокации. Workers: 40...
2026-02-21 22:40:12 [INFO]    [PING OK] PL | VLESS | 4524ms
2026-02-21 22:40:13 [INFO]    [PING OK] ES | VLESS | 3877ms
2026-02-21 22:40:13 [INFO]    [PING OK] PL | VLESS | 3889ms
2026-02-21 22:40:13 [INFO]    [PING OK] HU | VLESS | 3831ms
2026-02-21 22:40:14 [INFO]    [PING OK] ES | VLESS | 4279ms
2026-02-21 22:40:14 [INFO]    [PING OK] PL | VLESS | 3924ms
2026-02-21 22:40:14 [INFO]    [PING OK] IT | VLESS | 4141ms
2026-02-21 22:40:14 [INFO]    [PING OK] ES | VLESS | 4396ms
2026-02-21 22:40:17 [INFO]    [PING OK] IT | VLESS | 4995ms
2026-02-21 22:40:17 [INFO]    [PING OK] TR | VLESS | 4146ms
2026-02-21 22:40:17 [INFO]    [PING OK] ES | VLESS | 4310ms
2026-02-21 22:40:17 [INFO]    [PING OK] ES | VLESS | 4336ms
2026-02-21 22:40:17 [INFO]    [PING OK] TR | VLESS | 4255ms
2026-02-21 22:40:17 [INFO]    [PING OK] TR | VLESS | 4189ms
2026-02-21 22:40:17 [INFO]    [PING OK] IT | VLESS | 4641ms
2026-02-21 22:40:17 [INFO]    [PING OK] PL | VLESS | 4356ms
2026-02-21 22:40:18 [INFO]    [PING OK] DE | VLESS | 4419ms
2026-02-21 22:40:18 [INFO]    [PING OK] PL | VLESS | 4449ms
2026-02-21 22:40:18 [INFO]    [PING OK] IT | VLESS | 4725ms
2026-02-21 22:40:18 [INFO]    [PING OK] HU | VLESS | 4418ms
2026-02-21 22:40:18 [INFO]    [PING OK] IT | VLESS | 4518ms
2026-02-21 22:40:18 [INFO]    [PING OK] HU | VLESS | 4552ms
2026-02-21 22:40:18 [INFO]    [PING OK] TR | VLESS | 4519ms
2026-02-21 22:40:18 [INFO]    [PING OK] TR | VLESS | 4589ms
2026-02-21 22:40:19 [INFO]    [PING OK] HU | VLESS | 4053ms
2026-02-21 22:40:19 [INFO]    [PING OK] TR | VLESS | 4117ms
2026-02-21 22:40:19 [INFO]    [PING OK] HU | VLESS | 4172ms
2026-02-21 22:40:19 [INFO]    [PING OK] ES | VLESS | 3995ms
2026-02-21 22:40:19 [INFO]    [PING OK] NL | VLESS | 3976ms
2026-02-21 22:40:19 [INFO]    [PING OK] ES | VLESS | 4637ms
2026-02-21 22:40:19 [INFO]    [PING OK] US | VLESS | 4453ms
2026-02-21 22:40:19 [INFO]    [PING OK] ES | VLESS | 4231ms
2026-02-21 22:40:20 [INFO]    [PING OK] ES | VLESS | 4240ms
2026-02-21 22:40:20 [INFO]    [PING OK] DE | VLESS | 4193ms
2026-02-21 22:40:20 [INFO]    [PING OK] PL | VLESS | 4611ms
2026-02-21 22:40:20 [INFO]    [PING OK] TR | VLESS | 4075ms
2026-02-21 22:40:20 [INFO]    [PING OK] TR | VLESS | 4444ms
2026-02-21 22:40:23 [INFO]    [PING OK] TR | VLESS | 5731ms
2026-02-21 22:40:23 [INFO]    [PING OK] HU | VLESS | 5631ms
2026-02-21 22:40:24 [INFO]    [PING OK] IT | VLESS | 5898ms
2026-02-21 22:40:24 [INFO]    [PING OK] EE | VLESS | 6096ms
2026-02-21 22:40:25 [INFO]    [PING OK] ES | VLESS | 5917ms
2026-02-21 22:40:25 [INFO]    [PING OK] DE | VLESS | 6242ms
2026-02-21 22:40:25 [INFO]    [PING OK] PL | VLESS | 6120ms
2026-02-21 22:40:25 [INFO]    [PING OK] DE | VLESS | 5926ms
2026-02-21 22:40:25 [INFO]    [PING OK] PL | VLESS | 5849ms
2026-02-21 22:40:25 [INFO]    [PING OK] PL | VLESS | 6140ms
2026-02-21 22:40:25 [INFO]    [PING OK] PL | VLESS | 6042ms
2026-02-21 22:40:25 [INFO]    [PING OK] DE | VLESS | 6053ms
2026-02-21 22:40:25 [INFO]    [PING OK] DE | VLESS | 6032ms
2026-02-21 22:40:25 [INFO]    [PING OK] CA | VLESS | 6219ms
2026-02-21 22:40:25 [INFO]    [PING OK] PL | VLESS | 6662ms
2026-02-21 22:40:25 [INFO]    [PING OK] CA | VLESS | 6029ms
2026-02-21 22:40:26 [INFO]    [PING OK] CA | VLESS | 6763ms
2026-02-21 22:40:26 [INFO]    [PING OK] CA | VLESS | 6479ms
2026-02-21 22:40:27 [INFO]    [PING OK] CA | VLESS | 6557ms
2026-02-21 22:40:27 [INFO]    [PING OK] CA | VLESS | 6418ms
2026-02-21 22:40:27 [INFO]    [PING OK] CA | VLESS | 6721ms
2026-02-21 22:40:28 [INFO]    [PING OK] CA | VLESS | 6982ms
2026-02-21 22:40:28 [INFO]    [PING OK] CA | VLESS | 6315ms
2026-02-21 22:40:28 [INFO]    [PING OK] CA | VLESS | 7243ms
2026-02-21 22:40:29 [INFO]    [PING OK] CA | VLESS | 5908ms
2026-02-21 22:40:30 [INFO]    [PING OK] CA | VLESS | 6131ms
2026-02-21 22:40:30 [INFO]    [PING OK] CA | VLESS | 6367ms
2026-02-21 22:40:30 [INFO]    [PING OK] CA | VLESS | 6211ms
2026-02-21 22:40:31 [INFO]    [PING OK] CA | VLESS | 6851ms
2026-02-21 22:40:31 [INFO]    [PING OK] CA | VLESS | 6015ms
2026-02-21 22:40:31 [INFO]    [PING OK] CA | VLESS | 6219ms
2026-02-21 22:40:31 [INFO]    [PING OK] CA | VLESS | 6421ms
2026-02-21 22:40:32 [INFO]    [PING OK] CA | VLESS | 5836ms
2026-02-21 22:40:32 [INFO]    [PING OK] DE | VLESS | 4962ms
2026-02-21 22:40:32 [INFO]    [PING OK] CA | VLESS | 5213ms
2026-02-21 22:40:32 [INFO]    [PING OK] CA | VLESS | 6081ms
2026-02-21 22:40:32 [INFO]    [PING OK] CA | VLESS | 5029ms
2026-02-21 22:40:32 [INFO]    [PING OK] NL | VLESS | 1606ms
2026-02-21 22:40:32 [INFO]    [PING OK] CA | VLESS | 5131ms
2026-02-21 22:40:33 [INFO]    [PING OK] CA | VLESS | 5050ms
2026-02-21 22:40:33 [INFO]    [PING OK] CA | VLESS | 4158ms
2026-02-21 22:40:33 [INFO]    [PING OK] CA | VLESS | 4328ms
2026-02-21 22:40:33 [INFO]    [PING OK] CA | VLESS | 4861ms
2026-02-21 22:40:33 [INFO]    [PING OK] CA | VLESS | 3437ms
2026-02-21 22:40:33 [INFO]    [PING OK] CA | VLESS | 2710ms
2026-02-21 22:40:34 [INFO] 🏎️ ЭТАП 2: Глубокий замер скорости для 40 иностранных кандидатов...
2026-02-21 22:40:38 [INFO]    🏆 NL | VLESS | Пинг: 1606ms | Скорость: 7.15 Mbps ⚡⚡
2026-02-21 22:40:38 [INFO]    🏆 NL | VLESS | Пинг: 3976ms | Скорость: 7.23 Mbps ⚡⚡
2026-02-21 22:40:38 [INFO]    🏆 PL | VLESS | Пинг: 3889ms | Скорость: 6.93 Mbps ⚡⚡
2026-02-21 22:40:38 [INFO]    🏆 HU | VLESS | Пинг: 3831ms | Скорость: 6.74 Mbps ⚡⚡
2026-02-21 22:40:38 [INFO]    🏆 HU | VLESS | Пинг: 4053ms | Скорость: 6.07 Mbps ⚡⚡
2026-02-21 22:40:39 [INFO]    🏆 TR | VLESS | Пинг: 4075ms | Скорость: 5.92 Mbps ⚡⚡
2026-02-21 22:40:39 [INFO]    🏆 TR | VLESS | Пинг: 4146ms | Скорость: 5.91 Mbps ⚡⚡
2026-02-21 22:40:39 [INFO]    🏆 ES | VLESS | Пинг: 3995ms | Скорость: 5.71 Mbps ⚡⚡
2026-02-21 22:40:39 [INFO]    🏆 ES | VLESS | Пинг: 3877ms | Скорость: 5.22 Mbps ⚡⚡
2026-02-21 22:40:39 [INFO]    🏆 CA | VLESS | Пинг: 2710ms | Скорость: 4.84 Mbps ⚡⚡
2026-02-21 22:40:40 [INFO]    🏆 CA | VLESS | Пинг: 4158ms | Скорость: 4.64 Mbps ⚡⚡
2026-02-21 22:40:41 [INFO]    🏆 PL | VLESS | Пинг: 3924ms | Скорость: 0.74 Mbps 
2026-02-21 22:40:41 [INFO]    🏆 TR | VLESS | Пинг: 4117ms | Скорость: 3.24 Mbps ⚡⚡
2026-02-21 22:40:41 [INFO]    🏆 TR | VLESS | Пинг: 4189ms | Скорость: 7.54 Mbps ⚡⚡
2026-02-21 22:40:41 [INFO]    🏆 ES | VLESS | Пинг: 4231ms | Скорость: 7.34 Mbps ⚡⚡
2026-02-21 22:40:42 [INFO]    🏆 ES | VLESS | Пинг: 4279ms | Скорость: 8.13 Mbps ⚡⚡
2026-02-21 22:40:42 [INFO]    🏆 HU | VLESS | Пинг: 4172ms | Скорость: 6.08 Mbps ⚡⚡
2026-02-21 22:40:42 [INFO]    🏆 PL | VLESS | Пинг: 4356ms | Скорость: 9.26 Mbps ⚡⚡
2026-02-21 22:40:42 [INFO]    🏆 TR | VLESS | Пинг: 4255ms | Скорость: 7.21 Mbps ⚡⚡
2026-02-21 22:40:42 [INFO]    🏆 ES | VLESS | Пинг: 4336ms | Скорость: 8.1 Mbps ⚡⚡
2026-02-21 22:40:42 [INFO]    🏆 ES | VLESS | Пинг: 4396ms | Скорость: 10.25 Mbps ⚡⚡
2026-02-21 22:40:43 [INFO]    🏆 CA | VLESS | Пинг: 4328ms | Скорость: 6.83 Mbps ⚡⚡
2026-02-21 22:40:44 [INFO]    🏆 HU | VLESS | Пинг: 4418ms | Скорость: 11.05 Mbps ⚡⚡
2026-02-21 22:40:44 [INFO]    🏆 PL | VLESS | Пинг: 4449ms | Скорость: 10.91 Mbps ⚡⚡
2026-02-21 22:40:44 [INFO]    🏆 ES | VLESS | Пинг: 4240ms | Скорость: 4.07 Mbps ⚡⚡
2026-02-21 22:40:44 [INFO]    🏆 PL | VLESS | Пинг: 4524ms | Скорость: 14.19 Mbps ⚡⚡
2026-02-21 22:40:44 [INFO]    🏆 US | VLESS | Пинг: 4453ms | Скорость: 10.03 Mbps ⚡⚡
2026-02-21 22:40:44 [INFO]    🏆 HU | VLESS | Пинг: 4552ms | Скорость: 14.24 Mbps ⚡⚡
2026-02-21 22:40:44 [INFO]    🏆 TR | VLESS | Пинг: 4444ms | Скорость: 8.46 Mbps ⚡⚡
2026-02-21 22:40:45 [INFO]    🏆 ES | VLESS | Пинг: 4310ms | Скорость: 3.48 Mbps ⚡⚡
2026-02-21 22:40:45 [INFO]    🏆 IT | VLESS | Пинг: 4641ms | Скорость: 20.64 Mbps ⚡⚡
2026-02-21 22:40:46 [INFO]    🏆 TR | VLESS | Пинг: 4589ms | Скорость: 7.41 Mbps ⚡⚡
2026-02-21 22:40:46 [INFO]    🏆 ES | VLESS | Пинг: 4637ms | Скорость: 7.03 Mbps ⚡⚡
2026-02-21 22:40:48 [INFO]    🏆 DE | VLESS | Пинг: 4419ms | Скорость: 1.41 Mbps 
2026-02-21 22:40:49 [INFO]    🏆 IT | VLESS | Пинг: 4518ms | Скорость: 1.29 Mbps 
2026-02-21 22:40:49 [INFO]    🏆 TR | VLESS | Пинг: 4519ms | Скорость: 1.31 Mbps 
2026-02-21 22:40:49 [INFO]    🏆 PL | VLESS | Пинг: 4611ms | Скорость: 2.52 Mbps ⚡
2026-02-21 22:40:49 [INFO] 📊 Итого в подписке сохранено иностранных серверов: 10
2026-02-21 22:40:49 [INFO] 💾 Файл успешно сохранен: FL1PVPN
