2026-02-24 09:30:05 [INFO] 🚀 START: Smart Selector (Target: 10, ONLY FOREIGN)
2026-02-24 09:30:05 [INFO] 🌐 Загрузка источников (VLESS + VMess)...
2026-02-24 09:30:06 [INFO] 🔍 Уникальных конфигов собрано: 223
2026-02-24 09:30:06 [INFO] ⚡ ЭТАП 1: Замер Пинга и Геолокации. Workers: 40...
2026-02-24 09:30:12 [INFO]    [PING OK] ES | VLESS | 4553ms
2026-02-24 09:30:12 [INFO]    [PING OK] IT | VLESS | 4792ms
2026-02-24 09:30:12 [INFO]    [PING OK] HU | VLESS | 4589ms
2026-02-24 09:30:12 [INFO]    [PING OK] TR | VLESS | 4901ms
2026-02-24 09:30:12 [INFO]    [PING OK] HU | VLESS | 4322ms
2026-02-24 09:30:12 [INFO]    [PING OK] PL | VLESS | 5105ms
2026-02-24 09:30:13 [INFO]    [PING OK] NL | VLESS | 4876ms
2026-02-24 09:30:13 [INFO]    [PING OK] LV | VLESS | 5007ms
2026-02-24 09:30:13 [INFO]    [PING OK] EE | VLESS | 4236ms
2026-02-24 09:30:13 [INFO]    [PING OK] PL | VLESS | 4065ms
2026-02-24 09:30:13 [INFO]    [PING OK] PL | VLESS | 4110ms
2026-02-24 09:30:15 [INFO]    [PING OK] DE | VLESS | 7288ms
2026-02-24 09:30:16 [INFO]    [PING OK] HU | VLESS | 4262ms
2026-02-24 09:30:16 [INFO]    [PING OK] FI | VLESS | 5045ms
2026-02-24 09:30:17 [INFO]    [PING OK] LV | VLESS | 4118ms
2026-02-24 09:30:17 [INFO]    [PING OK] PL | VLESS | 4293ms
2026-02-24 09:30:17 [INFO]    [PING OK] PL | VLESS | 4253ms
2026-02-24 09:30:17 [INFO]    [PING OK] TR | VLESS | 4286ms
2026-02-24 09:30:17 [INFO]    [PING OK] NL | VLESS | 4768ms
2026-02-24 09:30:17 [INFO]    [PING OK] DE | VLESS | 4352ms
2026-02-24 09:30:18 [INFO]    [PING OK] ES | VLESS | 4021ms
2026-02-24 09:30:18 [INFO]    [PING OK] NL | VLESS | 4287ms
2026-02-24 09:30:18 [INFO]    [PING OK] PL | VLESS | 3724ms
2026-02-24 09:30:18 [INFO]    [PING OK] ES | VLESS | 4986ms
2026-02-24 09:30:19 [INFO]    [PING OK] ES | VLESS | 3932ms
2026-02-24 09:30:19 [INFO]    [PING OK] DE | VLESS | 3932ms
2026-02-24 09:30:19 [INFO]    [PING OK] FI | VLESS | 3805ms
2026-02-24 09:30:19 [INFO]    [PING OK] TR | VLESS | 4155ms
2026-02-24 09:30:19 [INFO]    [PING OK] NL | VLESS | 6198ms
2026-02-24 09:30:20 [INFO]    [PING OK] DE | VLESS | 5787ms
2026-02-24 09:30:23 [INFO]    [PING OK] DE | VLESS | 4967ms
2026-02-24 09:30:24 [INFO]    [PING OK] US | VLESS | 5268ms
2026-02-24 09:30:25 [INFO]    [PING OK] DE | VLESS | 6936ms
2026-02-24 09:30:25 [INFO]    [PING OK] NL | VLESS | 4291ms
2026-02-24 09:30:26 [INFO]    [PING OK] FI | VLESS | 3878ms
2026-02-24 09:30:26 [INFO]    [PING OK] US | VLESS | 3404ms
2026-02-24 09:30:27 [INFO]    [PING OK] DE | VLESS | 2195ms
2026-02-24 09:30:28 [INFO]    [PING OK] DE | VLESS | 1974ms
2026-02-24 09:30:28 [INFO]    [PING OK] DE | VLESS | 6473ms
2026-02-24 09:30:29 [INFO]    [PING OK] SG | VLESS | 3029ms
2026-02-24 09:30:29 [INFO]    [PING OK] DE | VLESS | 6188ms
2026-02-24 09:30:31 [INFO]    [PING OK] TR | VLESS | 3049ms
2026-02-24 09:30:31 [INFO]    [PING OK] NL | VLESS | 2361ms
2026-02-24 09:30:32 [INFO]    [PING OK] DE | VLESS | 2232ms
2026-02-24 09:30:36 [INFO]    [PING OK] US | VLESS | 8667ms
2026-02-24 09:30:36 [INFO] 🏎️ ЭТАП 2: Глубокий замер скорости для 40 иностранных кандидатов...
2026-02-24 09:30:41 [INFO]    🏆 NL | VLESS | Пинг: 2361ms | Скорость: 5.94 Mbps ⚡⚡
2026-02-24 09:30:41 [INFO]    🏆 DE | VLESS | Пинг: 1974ms | Скорость: 5.7 Mbps ⚡⚡
2026-02-24 09:30:41 [INFO]    🏆 FI | VLESS | Пинг: 3878ms | Скорость: 6.02 Mbps ⚡⚡
2026-02-24 09:30:41 [INFO]    🏆 PL | VLESS | Пинг: 4065ms | Скорость: 6.04 Mbps ⚡⚡
2026-02-24 09:30:41 [INFO]    🏆 PL | VLESS | Пинг: 3724ms | Скорость: 5.85 Mbps ⚡⚡
2026-02-24 09:30:41 [INFO]    🏆 SG | VLESS | Пинг: 3029ms | Скорость: 5.73 Mbps ⚡⚡
2026-02-24 09:30:41 [INFO]    🏆 PL | VLESS | Пинг: 4110ms | Скорость: 6.09 Mbps ⚡⚡
2026-02-24 09:30:41 [INFO]    🏆 US | VLESS | Пинг: 3404ms | Скорость: 5.39 Mbps ⚡⚡
2026-02-24 09:30:41 [INFO]    🏆 DE | VLESS | Пинг: 2232ms | Скорость: 5.23 Mbps ⚡⚡
2026-02-24 09:30:41 [INFO]    🏆 ES | VLESS | Пинг: 3932ms | Скорость: 5.01 Mbps ⚡⚡
2026-02-24 09:30:42 [INFO]    🏆 ES | VLESS | Пинг: 4021ms | Скорость: 4.29 Mbps ⚡⚡
2026-02-24 09:30:42 [INFO]    🏆 FI | VLESS | Пинг: 3805ms | Скорость: 3.84 Mbps ⚡⚡
2026-02-24 09:30:43 [INFO]    🏆 TR | VLESS | Пинг: 3049ms | Скорость: 1.96 Mbps ⚡
2026-02-24 09:30:43 [INFO]    🏆 NL | VLESS | Пинг: 4291ms | Скорость: 10.24 Mbps ⚡⚡
2026-02-24 09:30:43 [INFO]    🏆 LV | VLESS | Пинг: 4118ms | Скорость: 9.66 Mbps ⚡⚡
2026-02-24 09:30:44 [INFO]    🏆 HU | VLESS | Пинг: 4322ms | Скорость: 9.91 Mbps ⚡⚡
2026-02-24 09:30:44 [INFO]    🏆 TR | VLESS | Пинг: 4155ms | Скорость: 8.41 Mbps ⚡⚡
2026-02-24 09:30:44 [INFO]    🏆 PL | VLESS | Пинг: 4293ms | Скорость: 8.93 Mbps ⚡⚡
2026-02-24 09:30:44 [INFO]    🏆 TR | VLESS | Пинг: 4286ms | Скорость: 8.21 Mbps ⚡⚡
2026-02-24 09:30:44 [INFO]    🏆 ES | VLESS | Пинг: 4553ms | Скорость: 10.45 Mbps ⚡⚡
2026-02-24 09:30:45 [INFO]    🏆 HU | VLESS | Пинг: 4589ms | Скорость: 8.64 Mbps ⚡⚡
2026-02-24 09:30:45 [INFO]    🏆 IT | VLESS | Пинг: 4792ms | Скорость: 13.57 Mbps ⚡⚡
2026-02-24 09:30:46 [INFO]    🏆 DE | VLESS | Пинг: 4967ms | Скорость: 11.21 Mbps ⚡⚡
2026-02-24 09:30:46 [INFO]    🏆 FI | VLESS | Пинг: 5045ms | Скорость: 12.11 Mbps ⚡⚡
2026-02-24 09:30:47 [INFO]    🏆 NL | VLESS | Пинг: 4876ms | Скорость: 5.96 Mbps ⚡⚡
2026-02-24 09:30:48 [INFO]    🏆 TR | VLESS | Пинг: 4901ms | Скорость: 5.86 Mbps ⚡⚡
2026-02-24 09:30:48 [INFO]    🏆 HU | VLESS | Пинг: 4262ms | Скорость: 0.99 Mbps 
2026-02-24 09:30:48 [INFO]    🏆 DE | VLESS | Пинг: 6188ms | Скорость: 7.9 Mbps ⚡⚡
2026-02-24 09:30:48 [INFO]    🏆 US | VLESS | Пинг: 5268ms | Скорость: 7.3 Mbps ⚡⚡
2026-02-24 09:30:48 [INFO]    🏆 LV | VLESS | Пинг: 5007ms | Скорость: 5.94 Mbps ⚡⚡
2026-02-24 09:30:48 [INFO]    🏆 PL | VLESS | Пинг: 5105ms | Скорость: 5.9 Mbps ⚡⚡
2026-02-24 09:30:48 [INFO] 📊 Итого в подписке сохранено иностранных серверов: 10
2026-02-24 09:30:48 [INFO] 💾 Файл успешно сохранен: FL1PVPN
