2026-02-27 01:10:06 [INFO] 🚀 START: Smart Selector (Target: 10, ONLY FOREIGN)
2026-02-27 01:10:06 [INFO] 🌐 Загрузка источников (VLESS + VMess)...
2026-02-27 01:10:08 [INFO] 🔍 Уникальных конфигов собрано: 190
2026-02-27 01:10:08 [INFO] ⚡ ЭТАП 1: Замер Пинга и Геолокации. Workers: 40...
2026-02-27 01:10:13 [INFO]    [PING OK] FI | VLESS | 4004ms
2026-02-27 01:10:13 [INFO]    [PING OK] PL | VLESS | 4133ms
2026-02-27 01:10:13 [INFO]    [PING OK] DE | VLESS | 3842ms
2026-02-27 01:10:13 [INFO]    [PING OK] FI | VLESS | 3939ms
2026-02-27 01:10:13 [INFO]    [PING OK] FI | VLESS | 4212ms
2026-02-27 01:10:13 [INFO]    [PING OK] DE | VLESS | 3837ms
2026-02-27 01:10:13 [INFO]    [PING OK] DE | VLESS | 3845ms
2026-02-27 01:10:13 [INFO]    [PING OK] FI | VLESS | 4022ms
2026-02-27 01:10:13 [INFO]    [PING OK] US | VLESS | 4087ms
2026-02-27 01:10:13 [INFO]    [PING OK] CA | VLESS | 4239ms
2026-02-27 01:10:13 [INFO]    [PING OK] DE | VLESS | 3840ms
2026-02-27 01:10:13 [INFO]    [PING OK] DE | VLESS | 4137ms
2026-02-27 01:10:13 [INFO]    [PING OK] HU | VLESS | 4619ms
2026-02-27 01:10:13 [INFO]    [PING OK] NL | VLESS | 4333ms
2026-02-27 01:10:13 [INFO]    [PING OK] FR | VLESS | 4436ms
2026-02-27 01:10:14 [INFO]    [PING OK] FI | VLESS | 4356ms
2026-02-27 01:10:14 [INFO]    [PING OK] NL | VLESS | 4687ms
2026-02-27 01:10:14 [INFO]    [PING OK] FI | VLESS | 4367ms
2026-02-27 01:10:14 [INFO]    [PING OK] TR | VLESS | 4213ms
2026-02-27 01:10:14 [INFO]    [PING OK] ES | VLESS | 4121ms
2026-02-27 01:10:14 [INFO]    [PING OK] DE | VLESS | 4312ms
2026-02-27 01:10:15 [INFO]    [PING OK] FI | VLESS | 3728ms
2026-02-27 01:10:15 [INFO]    [PING OK] DE | VLESS | 3963ms
2026-02-27 01:10:15 [INFO]    [PING OK] US | VLESS | 5722ms
2026-02-27 01:10:17 [INFO]    [PING OK] CH | VLESS | 4464ms
2026-02-27 01:10:18 [INFO]    [PING OK] PL | VLESS | 4375ms
2026-02-27 01:10:18 [INFO]    [PING OK] DE | VLESS | 4512ms
2026-02-27 01:10:18 [INFO]    [PING OK] PL | VLESS | 4414ms
2026-02-27 01:10:18 [INFO]    [PING OK] FI | VLESS | 4386ms
2026-02-27 01:10:18 [INFO]    [PING OK] FI | VLESS | 4360ms
2026-02-27 01:10:18 [INFO]    [PING OK] US | VLESS | 4509ms
2026-02-27 01:10:18 [INFO]    [PING OK] DE | VLESS | 4417ms
2026-02-27 01:10:18 [INFO]    [PING OK] ES | VLESS | 4307ms
2026-02-27 01:10:19 [INFO]    [PING OK] ES | VLESS | 4439ms
2026-02-27 01:10:19 [INFO]    [PING OK] PL | VLESS | 4712ms
2026-02-27 01:10:19 [INFO]    [PING OK] HK | VLESS | 4731ms
2026-02-27 01:10:19 [INFO]    [PING OK] PL | VLESS | 4704ms
2026-02-27 01:10:19 [INFO]    [PING OK] PL | VLESS | 4660ms
2026-02-27 01:10:19 [INFO]    [PING OK] FI | VLESS | 4671ms
2026-02-27 01:10:19 [INFO]    [PING OK] NL | VLESS | 4741ms
2026-02-27 01:10:19 [INFO]    [PING OK] EE | VLESS | 3845ms
2026-02-27 01:10:19 [INFO]    [PING OK] DE | VLESS | 4456ms
2026-02-27 01:10:19 [INFO]    [PING OK] PL | VLESS | 4160ms
2026-02-27 01:10:19 [INFO]    [PING OK] CA | VLESS | 4866ms
2026-02-27 01:10:19 [INFO]    [PING OK] IT | VLESS | 4133ms
2026-02-27 01:10:20 [INFO]    [PING OK] US | VLESS | 4161ms
2026-02-27 01:10:20 [INFO]    [PING OK] PL | VLESS | 4329ms
2026-02-27 01:10:20 [INFO]    [PING OK] DE | VLESS | 4026ms
2026-02-27 01:10:20 [INFO]    [PING OK] LV | VLESS | 4101ms
2026-02-27 01:10:20 [INFO]    [PING OK] DE | VLESS | 6166ms
2026-02-27 01:10:21 [INFO]    [PING OK] ES | VLESS | 4213ms
2026-02-27 01:10:21 [INFO]    [PING OK] PL | VLESS | 3884ms
2026-02-27 01:10:21 [INFO]    [PING OK] ES | VLESS | 4008ms
2026-02-27 01:10:22 [INFO]    [PING OK] FI | VLESS | 6395ms
2026-02-27 01:10:22 [INFO]    [PING OK] FI | VLESS | 7122ms
2026-02-27 01:10:22 [INFO]    [PING OK] PL | VLESS | 3977ms
2026-02-27 01:10:23 [INFO]    [PING OK] PL | VLESS | 3776ms
2026-02-27 01:10:23 [INFO]    [PING OK] DE | VLESS | 3805ms
2026-02-27 01:10:23 [INFO]    [PING OK] DE | VLESS | 3756ms
2026-02-27 01:10:23 [INFO]    [PING OK] DE | VLESS | 3801ms
2026-02-27 01:10:23 [INFO]    [PING OK] NL | VLESS | 3842ms
2026-02-27 01:10:23 [INFO]    [PING OK] DE | VLESS | 3861ms
2026-02-27 01:10:23 [INFO]    [PING OK] FI | VLESS | 4005ms
2026-02-27 01:10:24 [INFO]    [PING OK] US | VLESS | 4063ms
2026-02-27 01:10:24 [INFO]    [PING OK] SE | VLESS | 3849ms
2026-02-27 01:10:24 [INFO]    [PING OK] NL | VLESS | 3939ms
2026-02-27 01:10:24 [INFO]    [PING OK] DE | VLESS | 3923ms
2026-02-27 01:10:24 [INFO]    [PING OK] PL | VLESS | 4145ms
2026-02-27 01:10:24 [INFO]    [PING OK] CA | VLESS | 4180ms
2026-02-27 01:10:24 [INFO]    [PING OK] DE | VLESS | 3619ms
2026-02-27 01:10:25 [INFO]    [PING OK] LT | VLESS | 4156ms
2026-02-27 01:10:25 [INFO]    [PING OK] PL | VLESS | 4341ms
2026-02-27 01:10:25 [INFO]    [PING OK] NL | VLESS | 4248ms
2026-02-27 01:10:25 [INFO]    [PING OK] FR | VLESS | 4390ms
2026-02-27 01:10:25 [INFO]    [PING OK] TR | VLESS | 4724ms
2026-02-27 01:10:26 [INFO]    [PING OK] FI | VLESS | 4151ms
2026-02-27 01:10:26 [INFO]    [PING OK] NL | VLESS | 4549ms
2026-02-27 01:10:26 [INFO]    [PING OK] FI | VLESS | 4647ms
2026-02-27 01:10:26 [INFO]    [PING OK] CH | VLESS | 4371ms
2026-02-27 01:10:26 [INFO]    [PING OK] LV | VLESS | 4232ms
2026-02-27 01:10:26 [INFO]    [PING OK] TR | VLESS | 4654ms
2026-02-27 01:10:26 [INFO]    [PING OK] US | VLESS | 5811ms
2026-02-27 01:10:26 [INFO]    [PING OK] DE | VLESS | 4607ms
2026-02-27 01:10:28 [INFO]    [PING OK] FI | VLESS | 4843ms
2026-02-27 01:10:28 [INFO]    [PING OK] US | VLESS | 4955ms
2026-02-27 01:10:28 [INFO]    [PING OK] FR | VLESS | 4583ms
2026-02-27 01:10:28 [INFO]    [PING OK] FI | VLESS | 4557ms
2026-02-27 01:10:29 [INFO]    [PING OK] FI | VLESS | 4582ms
2026-02-27 01:10:29 [INFO]    [PING OK] IT | VLESS | 4325ms
2026-02-27 01:10:29 [INFO]    [PING OK] DE | VLESS | 4658ms
2026-02-27 01:10:29 [INFO]    [PING OK] ES | VLESS | 4641ms
2026-02-27 01:10:29 [INFO]    [PING OK] TR | VLESS | 4291ms
2026-02-27 01:10:29 [INFO]    [PING OK] DE | VLESS | 4328ms
2026-02-27 01:10:29 [INFO]    [PING OK] PL | VLESS | 3749ms
2026-02-27 01:10:29 [INFO]    [PING OK] LV | VLESS | 3590ms
2026-02-27 01:10:29 [INFO]    [PING OK] EE | VLESS | 3971ms
2026-02-27 01:10:29 [INFO]    [PING OK] US | VLESS | 5044ms
2026-02-27 01:10:29 [INFO]    [PING OK] DE | VLESS | 2971ms
2026-02-27 01:10:29 [INFO]    [PING OK] DE | VLESS | 2685ms
2026-02-27 01:10:29 [INFO]    [PING OK] DE | VLESS | 3081ms
2026-02-27 01:10:30 [INFO]    [PING OK] DE | VLESS | 2793ms
2026-02-27 01:10:30 [INFO]    [PING OK] DE | VLESS | 2532ms
2026-02-27 01:10:30 [INFO]    [PING OK] SG | VLESS | 3336ms
2026-02-27 01:10:30 [INFO]    [PING OK] DE | VLESS | 2513ms
2026-02-27 01:10:30 [INFO]    [PING OK] NL | VLESS | 3024ms
2026-02-27 01:10:30 [INFO]    [PING OK] US | VLESS | 2596ms
2026-02-27 01:10:30 [INFO]    [PING OK] DE | VLESS | 2890ms
2026-02-27 01:10:30 [INFO]    [PING OK] SG | VLESS | 2846ms
2026-02-27 01:10:32 [INFO]    [PING OK] SG | VLESS | 4985ms
2026-02-27 01:10:34 [INFO]    [PING OK] TW | VLESS | 7250ms
2026-02-27 01:10:34 [INFO] 🏎️ ЭТАП 2: Глубокий замер скорости для 40 иностранных кандидатов...
2026-02-27 01:10:39 [INFO]    🏆 PL | VLESS | Пинг: 3749ms | Скорость: 5.65 Mbps ⚡⚡
2026-02-27 01:10:39 [INFO]    🏆 DE | VLESS | Пинг: 2513ms | Скорость: 5.31 Mbps ⚡⚡
2026-02-27 01:10:39 [INFO]    🏆 FI | VLESS | Пинг: 3728ms | Скорость: 5.71 Mbps ⚡⚡
2026-02-27 01:10:39 [INFO]    🏆 DE | VLESS | Пинг: 2685ms | Скорость: 5.37 Mbps ⚡⚡
2026-02-27 01:10:39 [INFO]    🏆 DE | VLESS | Пинг: 2971ms | Скорость: 5.44 Mbps ⚡⚡
2026-02-27 01:10:39 [INFO]    🏆 LV | VLESS | Пинг: 3590ms | Скорость: 5.54 Mbps ⚡⚡
2026-02-27 01:10:39 [INFO]    🏆 DE | VLESS | Пинг: 3619ms | Скорость: 5.59 Mbps ⚡⚡
2026-02-27 01:10:39 [INFO]    🏆 US | VLESS | Пинг: 2596ms | Скорость: 5.27 Mbps ⚡⚡
2026-02-27 01:10:39 [INFO]    🏆 DE | VLESS | Пинг: 3081ms | Скорость: 5.17 Mbps ⚡⚡
2026-02-27 01:10:39 [INFO]    🏆 DE | VLESS | Пинг: 2532ms | Скорость: 4.84 Mbps ⚡⚡
2026-02-27 01:10:39 [INFO]    🏆 SG | VLESS | Пинг: 3336ms | Скорость: 4.87 Mbps ⚡⚡
2026-02-27 01:10:40 [INFO]    🏆 SG | VLESS | Пинг: 2846ms | Скорость: 4.67 Mbps ⚡⚡
2026-02-27 01:10:43 [INFO]    🏆 EE | VLESS | Пинг: 3845ms | Скорость: 6.87 Mbps ⚡⚡
2026-02-27 01:10:43 [INFO]    🏆 PL | VLESS | Пинг: 3776ms | Скорость: 6.38 Mbps ⚡⚡
2026-02-27 01:10:43 [INFO]    🏆 DE | VLESS | Пинг: 3805ms | Скорость: 6.51 Mbps ⚡⚡
2026-02-27 01:10:43 [INFO]    🏆 DE | VLESS | Пинг: 3756ms | Скорость: 6.3 Mbps ⚡⚡
2026-02-27 01:10:43 [INFO]    🏆 DE | VLESS | Пинг: 3837ms | Скорость: 6.33 Mbps ⚡⚡
2026-02-27 01:10:43 [INFO]    🏆 DE | VLESS | Пинг: 3845ms | Скорость: 6.5 Mbps ⚡⚡
2026-02-27 01:10:43 [INFO]    🏆 DE | VLESS | Пинг: 3842ms | Скорость: 6.46 Mbps ⚡⚡
2026-02-27 01:10:43 [INFO]    🏆 SE | VLESS | Пинг: 3849ms | Скорость: 6.75 Mbps ⚡⚡
2026-02-27 01:10:43 [INFO]    🏆 DE | VLESS | Пинг: 3801ms | Скорость: 6.2 Mbps ⚡⚡
2026-02-27 01:10:43 [INFO]    🏆 DE | VLESS | Пинг: 3840ms | Скорость: 6.17 Mbps ⚡⚡
2026-02-27 01:10:43 [INFO]    🏆 DE | VLESS | Пинг: 3923ms | Скорость: 7.05 Mbps ⚡⚡
2026-02-27 01:10:43 [INFO]    🏆 DE | VLESS | Пинг: 3861ms | Скорость: 6.38 Mbps ⚡⚡
2026-02-27 01:10:43 [INFO]    🏆 PL | VLESS | Пинг: 3884ms | Скорость: 6.48 Mbps ⚡⚡
2026-02-27 01:10:44 [INFO]    🏆 FI | VLESS | Пинг: 3939ms | Скорость: 10.65 Mbps ⚡⚡
2026-02-27 01:10:46 [INFO]    🏆 FI | VLESS | Пинг: 4005ms | Скорость: 8.84 Mbps ⚡⚡
2026-02-27 01:10:46 [INFO]    🏆 NL | VLESS | Пинг: 3842ms | Скорость: 1.19 Mbps 
2026-02-27 01:10:46 [INFO]    🏆 EE | VLESS | Пинг: 3971ms | Скорость: 8.53 Mbps ⚡⚡
2026-02-27 01:10:46 [INFO]    🏆 DE | VLESS | Пинг: 4026ms | Скорость: 8.79 Mbps ⚡⚡
2026-02-27 01:10:46 [INFO]    🏆 FI | VLESS | Пинг: 4022ms | Скорость: 8.72 Mbps ⚡⚡
2026-02-27 01:10:46 [INFO]    🏆 NL | VLESS | Пинг: 3939ms | Скорость: 8.11 Mbps ⚡⚡
2026-02-27 01:10:46 [INFO]    🏆 ES | VLESS | Пинг: 4008ms | Скорость: 8.39 Mbps ⚡⚡
2026-02-27 01:10:46 [INFO]    🏆 FI | VLESS | Пинг: 4004ms | Скорость: 8.32 Mbps ⚡⚡
2026-02-27 01:10:47 [INFO]    🏆 US | VLESS | Пинг: 4063ms | Скорость: 7.27 Mbps ⚡⚡
2026-02-27 01:10:51 [INFO] 📊 Итого в подписке сохранено иностранных серверов: 10
2026-02-27 01:10:51 [INFO] 💾 Файл успешно сохранен: FL1PVPN
