2026-02-15 14:24:19 [INFO] 🚀 START: Smart VLESS Selector (Target: 10, Strict Mode)
2026-02-15 14:24:19 [INFO] 🌐 Загрузка источников...
2026-02-15 14:24:21 [INFO] 🔍 Уникальных конфигов собрано: 395
2026-02-15 14:24:21 [INFO] ⚡ ЭТАП 1: Быстрый замер Пинга (Workers: 25)...
2026-02-15 14:24:22 [INFO]    [PING OK] NL | 271ms
2026-02-15 14:24:22 [INFO]    [PING OK] DE | 235ms
2026-02-15 14:24:24 [INFO]    [PING OK] LT | 126ms
2026-02-15 14:24:26 [INFO]    [PING OK] KZ | 914ms
2026-02-15 14:24:26 [INFO]    [PING OK] SG | 874ms
2026-02-15 14:24:28 [INFO]    [PING OK] RU | 143ms
2026-02-15 14:24:28 [INFO]    [PING OK] US | 184ms
2026-02-15 14:24:32 [INFO]    [PING OK] US | 238ms
2026-02-15 14:24:33 [INFO]    [PING OK] NL | 181ms
2026-02-15 14:24:34 [INFO]    [PING OK] CH | 190ms
2026-02-15 14:24:34 [INFO]    [PING OK] NL | 239ms
2026-02-15 14:24:35 [INFO]    [PING OK] RU | 131ms
2026-02-15 14:24:35 [INFO]    [PING OK] RU | 228ms
2026-02-15 14:24:35 [INFO]    [PING OK] RU | 391ms
2026-02-15 14:24:35 [INFO]    [PING OK] PL | 1271ms
2026-02-15 14:24:36 [INFO]    [PING OK] DE | 877ms
2026-02-15 14:24:36 [INFO]    [PING OK] RU | 1549ms
2026-02-15 14:24:36 [INFO]    [PING OK] FI | 240ms
2026-02-15 14:24:36 [INFO]    [PING OK] RU | 320ms
2026-02-15 14:24:37 [INFO]    [PING OK] RU | 286ms
2026-02-15 14:24:37 [INFO]    [PING OK] RU | 1762ms
2026-02-15 14:24:37 [INFO]    [PING OK] RU | 905ms
2026-02-15 14:24:37 [INFO]    [PING OK] RU | 373ms
2026-02-15 14:24:37 [INFO]    [PING OK] RU | 114ms
2026-02-15 14:24:37 [INFO]    [PING OK] RU | 259ms
2026-02-15 14:24:37 [INFO]    [PING OK] RU | 272ms
2026-02-15 14:24:37 [INFO]    [PING OK] RU | 305ms
2026-02-15 14:24:37 [INFO]    [PING OK] RU | 105ms
2026-02-15 14:24:37 [INFO]    [PING OK] RU | 381ms
2026-02-15 14:24:38 [INFO]    [PING OK] HU | 312ms
2026-02-15 14:24:38 [INFO]    [PING OK] RU | 2270ms
2026-02-15 14:24:38 [INFO]    [PING OK] RU | 823ms
2026-02-15 14:24:38 [INFO]    [PING OK] RU | 1242ms
2026-02-15 14:24:38 [INFO]    [PING OK] RU | 219ms
2026-02-15 14:24:39 [INFO]    [PING OK] RU | 132ms
2026-02-15 14:24:39 [INFO]    [PING OK] RU | 893ms
2026-02-15 14:24:39 [INFO]    [PING OK] RU | 2796ms
2026-02-15 14:24:39 [INFO]    [PING OK] FI | 200ms
2026-02-15 14:24:39 [INFO]    [PING OK] RU | 207ms
2026-02-15 14:24:39 [INFO]    [PING OK] RU | 673ms
2026-02-15 14:24:39 [INFO]    [PING OK] RU | 70ms
2026-02-15 14:24:40 [INFO]    [PING OK] RU | 359ms
2026-02-15 14:24:40 [INFO]    [PING OK] IT | 202ms
2026-02-15 14:24:40 [INFO]    [PING OK] RU | 123ms
2026-02-15 14:24:40 [INFO]    [PING OK] NL | 190ms
2026-02-15 14:24:40 [INFO]    [PING OK] RU | 738ms
2026-02-15 14:24:41 [INFO]    [PING OK] RU | 382ms
2026-02-15 14:24:41 [INFO]    [PING OK] RU | 3014ms
2026-02-15 14:24:41 [INFO]    [PING OK] NL | 288ms
2026-02-15 14:24:41 [INFO]    [PING OK] RU | 1106ms
2026-02-15 14:24:41 [INFO]    [PING OK] RU | 288ms
2026-02-15 14:24:41 [INFO]    [PING OK] RU | 364ms
2026-02-15 14:24:41 [INFO]    [PING OK] RU | 271ms
2026-02-15 14:24:41 [INFO]    [PING OK] RU | 2679ms
2026-02-15 14:24:41 [INFO]    [PING OK] RU | 75ms
2026-02-15 14:24:41 [INFO]    [PING OK] IT | 212ms
2026-02-15 14:24:41 [INFO]    [PING OK] RU | 3290ms
2026-02-15 14:24:41 [INFO]    [PING OK] FI | 1546ms
2026-02-15 14:24:42 [INFO]    [PING OK] RU | 37ms
2026-02-15 14:24:42 [INFO]    [PING OK] RU | 251ms
2026-02-15 14:24:42 [INFO]    [PING OK] RU | 2706ms
2026-02-15 14:24:42 [INFO]    [PING OK] RU | 79ms
2026-02-15 14:24:42 [INFO]    [PING OK] RU | 643ms
2026-02-15 14:24:42 [INFO]    [PING OK] PL | 3011ms
2026-02-15 14:24:42 [INFO]    [PING OK] RU | 152ms
2026-02-15 14:24:43 [INFO]    [PING OK] RU | 323ms
2026-02-15 14:24:43 [INFO]    [PING OK] RU | 301ms
2026-02-15 14:24:43 [INFO]    [PING OK] RU | 1456ms
2026-02-15 14:24:43 [INFO]    [PING OK] RU | 3243ms
2026-02-15 14:24:43 [INFO]    [PING OK] RU | 284ms
2026-02-15 14:24:43 [INFO]    [PING OK] HU | 320ms
2026-02-15 14:24:43 [INFO]    [PING OK] NL | 352ms
2026-02-15 14:24:44 [INFO]    [PING OK] RU | 255ms
2026-02-15 14:24:44 [INFO]    [PING OK] RU | 109ms
2026-02-15 14:24:44 [INFO]    [PING OK] NL | 1353ms
2026-02-15 14:24:44 [INFO]    [PING OK] RU | 367ms
2026-02-15 14:24:44 [INFO]    [PING OK] IT | 203ms
2026-02-15 14:24:44 [INFO]    [PING OK] RU | 266ms
2026-02-15 14:24:44 [INFO]    [PING OK] RU | 302ms
2026-02-15 14:24:44 [INFO]    [PING OK] RU | 231ms
2026-02-15 14:24:44 [INFO]    [PING OK] RU | 3447ms
2026-02-15 14:24:44 [INFO]    [PING OK] RU | 4358ms
2026-02-15 14:24:45 [INFO]    [PING OK] PL | 203ms
2026-02-15 14:24:46 [INFO]    [PING OK] RU | 282ms
2026-02-15 14:24:46 [INFO]    [PING OK] RU | 280ms
2026-02-15 14:24:46 [INFO]    [PING OK] RU | 3941ms
2026-02-15 14:24:46 [INFO]    [PING OK] RU | 303ms
2026-02-15 14:24:46 [INFO]    [PING OK] RU | 896ms
2026-02-15 14:24:46 [INFO]    [PING OK] RU | 322ms
2026-02-15 14:24:46 [INFO]    [PING OK] RU | 379ms
2026-02-15 14:24:47 [INFO]    [PING OK] RU | 1849ms
2026-02-15 14:24:47 [INFO]    [PING OK] RU | 225ms
2026-02-15 14:24:47 [INFO]    [PING OK] RU | 869ms
2026-02-15 14:24:47 [INFO]    [PING OK] RU | 2647ms
2026-02-15 14:24:48 [INFO]    [PING OK] RU | 321ms
2026-02-15 14:24:48 [INFO]    [PING OK] RU | 931ms
2026-02-15 14:24:48 [INFO]    [PING OK] RU | 220ms
2026-02-15 14:24:48 [INFO]    [PING OK] RU | 1238ms
2026-02-15 14:24:48 [INFO]    [PING OK] RU | 638ms
2026-02-15 14:24:48 [INFO]    [PING OK] RU | 256ms
2026-02-15 14:24:48 [INFO]    [PING OK] RU | 497ms
2026-02-15 14:24:49 [INFO]    [PING OK] RU | 61ms
2026-02-15 14:24:49 [INFO]    [PING OK] RU | 89ms
2026-02-15 14:24:49 [INFO]    [PING OK] RU | 2831ms
2026-02-15 14:24:49 [INFO]    [PING OK] RU | 302ms
2026-02-15 14:24:49 [INFO]    [PING OK] RU | 427ms
2026-02-15 14:24:49 [INFO]    [PING OK] RU | 394ms
2026-02-15 14:24:49 [INFO]    [PING OK] RU | 370ms
2026-02-15 14:24:49 [INFO]    [PING OK] RU | 479ms
2026-02-15 14:24:49 [INFO]    [PING OK] RU | 1243ms
2026-02-15 14:24:50 [INFO]    [PING OK] RU | 305ms
2026-02-15 14:24:50 [INFO]    [PING OK] RU | 394ms
2026-02-15 14:24:50 [INFO]    [PING OK] RU | 245ms
2026-02-15 14:24:50 [INFO]    [PING OK] LV | 182ms
2026-02-15 14:24:50 [INFO]    [PING OK] RU | 1240ms
2026-02-15 14:24:51 [INFO]    [PING OK] DE | 495ms
2026-02-15 14:24:51 [INFO]    [PING OK] GB | 448ms
2026-02-15 14:24:51 [INFO]    [PING OK] TR | 838ms
2026-02-15 14:24:52 [INFO]    [PING OK] NL | 208ms
2026-02-15 14:24:52 [INFO]    [PING OK] PL | 121ms
2026-02-15 14:24:52 [INFO]    [PING OK] HK | 773ms
2026-02-15 14:24:53 [INFO]    [PING OK] NL | 222ms
2026-02-15 14:24:54 [INFO]    [PING OK] TR | 437ms
2026-02-15 14:24:54 [INFO]    [PING OK] NL | 2643ms
2026-02-15 14:24:54 [INFO]    [PING OK] NL | 264ms
2026-02-15 14:24:55 [INFO]    [PING OK] FI | 2211ms
2026-02-15 14:24:55 [INFO]    [PING OK] RU | 2697ms
2026-02-15 14:24:55 [INFO]    [PING OK] DE | 705ms
2026-02-15 14:24:55 [INFO]    [PING OK] DE | 1172ms
2026-02-15 14:24:55 [INFO]    [PING OK] LV | 440ms
2026-02-15 14:24:56 [INFO]    [PING OK] DE | 149ms
2026-02-15 14:24:56 [INFO]    [PING OK] CY | 399ms
2026-02-15 14:24:56 [INFO]    [PING OK] RU | 461ms
2026-02-15 14:24:57 [INFO]    [PING OK] NL | 208ms
2026-02-15 14:24:57 [INFO]    [PING OK] CY | 1813ms
2026-02-15 14:24:57 [INFO]    [PING OK] NL | 1349ms
2026-02-15 14:24:57 [INFO]    [PING OK] NL | 180ms
2026-02-15 14:24:58 [INFO]    [PING OK] SC | 1014ms
2026-02-15 14:24:58 [INFO]    [PING OK] FI | 183ms
2026-02-15 14:24:58 [INFO]    [PING OK] DE | 238ms
2026-02-15 14:24:59 [INFO]    [PING OK] IQ | 231ms
2026-02-15 14:24:59 [INFO]    [PING OK] NL | 1790ms
2026-02-15 14:24:59 [INFO]    [PING OK] DE | 197ms
2026-02-15 14:25:03 [INFO]    [PING OK] GB | 4483ms
2026-02-15 14:25:04 [INFO] 🏎️ ЭТАП 2: Глубокий замер скорости для ТОП-10 серверов...
2026-02-15 14:25:09 [INFO]    🏆 PL | Пинг: 121ms | Скорость: 7.92 Mbps ⚡⚡
2026-02-15 14:25:09 [INFO]    🏆 LT | Пинг: 126ms | Скорость: 8.3 Mbps ⚡⚡
2026-02-15 14:25:09 [INFO]    🏆 DE | Пинг: 149ms | Скорость: 4.75 Mbps ⚡⚡
2026-02-15 14:25:09 [INFO]    🏆 NL | Пинг: 180ms | Скорость: 8.08 Mbps ⚡⚡
2026-02-15 14:25:09 [INFO]    🏆 NL | Пинг: 181ms | Скорость: 8.37 Mbps ⚡⚡
2026-02-15 14:25:09 [INFO]    🏆 LV | Пинг: 182ms | Скорость: 8.53 Mbps ⚡⚡
2026-02-15 14:25:09 [INFO]    🏆 FI | Пинг: 183ms | Скорость: 8.26 Mbps ⚡⚡
2026-02-15 14:25:09 [INFO]    🏆 US | Пинг: 184ms | Скорость: 8.75 Mbps ⚡⚡
2026-02-15 14:25:09 [INFO]    🏆 CH | Пинг: 190ms | Скорость: 8.44 Mbps ⚡⚡
2026-02-15 14:25:09 [INFO]    🏆 RU | Пинг: 37ms | Скорость: 8.58 Mbps ⚡⚡
2026-02-15 14:25:09 [INFO] 🇷🇺 Добавлен RU сервер: 87.242.103.184
2026-02-15 14:25:09 [INFO] 📊 Итого в подписке сохранено: 10 серверов
2026-02-15 14:25:09 [INFO] 💾 Файл успешно сохранен: FL1PVPN
