2026-02-23 23:30:06 [INFO] 🚀 START: Smart Selector (Target: 10, ONLY FOREIGN)
2026-02-23 23:30:06 [INFO] 🌐 Загрузка источников (VLESS + VMess)...
2026-02-23 23:30:07 [INFO] 🔍 Уникальных конфигов собрано: 164
2026-02-23 23:30:07 [INFO] ⚡ ЭТАП 1: Замер Пинга и Геолокации. Workers: 40...
2026-02-23 23:30:13 [INFO]    [PING OK] ES | VLESS | 4559ms
2026-02-23 23:30:13 [INFO]    [PING OK] SE | VLESS | 4736ms
2026-02-23 23:30:13 [INFO]    [PING OK] HU | VLESS | 4954ms
2026-02-23 23:30:13 [INFO]    [PING OK] HU | VLESS | 5005ms
2026-02-23 23:30:13 [INFO]    [PING OK] ES | VLESS | 4967ms
2026-02-23 23:30:13 [INFO]    [PING OK] TR | VLESS | 5208ms
2026-02-23 23:30:13 [INFO]    [PING OK] ES | VLESS | 5009ms
2026-02-23 23:30:13 [INFO]    [PING OK] HU | VLESS | 4561ms
2026-02-23 23:30:13 [INFO]    [PING OK] DE | VLESS | 5289ms
2026-02-23 23:30:14 [INFO]    [PING OK] PL | VLESS | 4839ms
2026-02-23 23:30:14 [INFO]    [PING OK] TR | VLESS | 4742ms
2026-02-23 23:30:14 [INFO]    [PING OK] PL | VLESS | 4700ms
2026-02-23 23:30:14 [INFO]    [PING OK] ES | VLESS | 5120ms
2026-02-23 23:30:15 [INFO]    [PING OK] HU | VLESS | 5397ms
2026-02-23 23:30:15 [INFO]    [PING OK] EE | VLESS | 4369ms
2026-02-23 23:30:15 [INFO]    [PING OK] PL | VLESS | 4994ms
2026-02-23 23:30:15 [INFO]    [PING OK] PL | VLESS | 4919ms
2026-02-23 23:30:15 [INFO]    [PING OK] IT | VLESS | 4532ms
2026-02-23 23:30:15 [INFO]    [PING OK] DE | VLESS | 5145ms
2026-02-23 23:30:15 [INFO]    [PING OK] HU | VLESS | 5104ms
2026-02-23 23:30:15 [INFO]    [PING OK] DE | VLESS | 5960ms
2026-02-23 23:30:16 [INFO]    [PING OK] PL | VLESS | 4958ms
2026-02-23 23:30:18 [INFO]    [PING OK] EE | VLESS | 8217ms
2026-02-23 23:30:19 [INFO]    [PING OK] ES | VLESS | 5380ms
2026-02-23 23:30:19 [INFO]    [PING OK] ES | VLESS | 5255ms
2026-02-23 23:30:19 [INFO]    [PING OK] HU | VLESS | 5467ms
2026-02-23 23:30:20 [INFO]    [PING OK] IT | VLESS | 5416ms
2026-02-23 23:30:20 [INFO]    [PING OK] DE | VLESS | 5391ms
2026-02-23 23:30:20 [INFO]    [PING OK] IT | VLESS | 6177ms
2026-02-23 23:30:20 [INFO]    [PING OK] PL | VLESS | 6189ms
2026-02-23 23:30:20 [INFO]    [PING OK] FI | VLESS | 6232ms
2026-02-23 23:30:20 [INFO]    [PING OK] CZ | VLESS | 5745ms
2026-02-23 23:30:21 [INFO]    [PING OK] DE | VLESS | 5709ms
2026-02-23 23:30:21 [INFO]    [PING OK] SE | VLESS | 5988ms
2026-02-23 23:30:21 [INFO]    [PING OK] SE | VLESS | 5567ms
2026-02-23 23:30:21 [INFO]    [PING OK] CA | VLESS | 5710ms
2026-02-23 23:30:21 [INFO]    [PING OK] SE | VLESS | 5948ms
2026-02-23 23:30:23 [INFO]    [PING OK] SE | VLESS | 3989ms
2026-02-23 23:30:23 [INFO]    [PING OK] FI | VLESS | 4204ms
2026-02-23 23:30:23 [INFO]    [PING OK] SE | VLESS | 3751ms
2026-02-23 23:30:23 [INFO]    [PING OK] SE | VLESS | 3396ms
2026-02-23 23:30:23 [INFO]    [PING OK] SG | VLESS | 4198ms
2026-02-23 23:30:23 [INFO]    [PING OK] DE | VLESS | 3508ms
2026-02-23 23:30:23 [INFO]    [PING OK] DE | VLESS | 2947ms
2026-02-23 23:30:23 [INFO]    [PING OK] SE | VLESS | 3045ms
2026-02-23 23:30:23 [INFO]    [PING OK] DE | VLESS | 1723ms
2026-02-23 23:30:23 [INFO]    [PING OK] DE | VLESS | 795ms
2026-02-23 23:30:23 [INFO]    [PING OK] SE | VLESS | 3178ms
2026-02-23 23:30:24 [INFO]    [PING OK] US | VLESS | 3324ms
2026-02-23 23:30:24 [INFO]    [PING OK] DE | VLESS | 8911ms
2026-02-23 23:30:25 [INFO]    [PING OK] CA | VLESS | 10644ms
2026-02-23 23:30:25 [INFO]    [PING OK] CA | VLESS | 5561ms
2026-02-23 23:30:28 [INFO] 🏎️ ЭТАП 2: Глубокий замер скорости для 40 иностранных кандидатов...
2026-02-23 23:30:33 [INFO]    🏆 DE | VLESS | Пинг: 795ms | Скорость: 5.24 Mbps ⚡⚡
2026-02-23 23:30:33 [INFO]    🏆 SE | VLESS | Пинг: 3396ms | Скорость: 5.22 Mbps ⚡⚡
2026-02-23 23:30:33 [INFO]    🏆 IT | VLESS | Пинг: 4532ms | Скорость: 5.37 Mbps ⚡⚡
2026-02-23 23:30:33 [INFO]    🏆 DE | VLESS | Пинг: 2947ms | Скорость: 5.1 Mbps ⚡⚡
2026-02-23 23:30:33 [INFO]    🏆 FI | VLESS | Пинг: 4204ms | Скорость: 5.25 Mbps ⚡⚡
2026-02-23 23:30:33 [INFO]    🏆 ES | VLESS | Пинг: 4559ms | Скорость: 5.29 Mbps ⚡⚡
2026-02-23 23:30:33 [INFO]    🏆 EE | VLESS | Пинг: 4369ms | Скорость: 5.18 Mbps ⚡⚡
2026-02-23 23:30:33 [INFO]    🏆 DE | VLESS | Пинг: 3508ms | Скорость: 4.92 Mbps ⚡⚡
2026-02-23 23:30:33 [INFO]    🏆 SE | VLESS | Пинг: 3178ms | Скорость: 4.79 Mbps ⚡⚡
2026-02-23 23:30:33 [INFO]    🏆 US | VLESS | Пинг: 3324ms | Скорость: 4.59 Mbps ⚡⚡
2026-02-23 23:30:34 [INFO]    🏆 SG | VLESS | Пинг: 4198ms | Скорость: 3.7 Mbps ⚡⚡
2026-02-23 23:30:35 [INFO]    🏆 HU | VLESS | Пинг: 4561ms | Скорость: 11.67 Mbps ⚡⚡
2026-02-23 23:30:37 [INFO]    🏆 PL | VLESS | Пинг: 4839ms | Скорость: 6.41 Mbps ⚡⚡
2026-02-23 23:30:37 [INFO]    🏆 PL | VLESS | Пинг: 4958ms | Скорость: 6.5 Mbps ⚡⚡
2026-02-23 23:30:37 [INFO]    🏆 PL | VLESS | Пинг: 4700ms | Скорость: 6.22 Mbps ⚡⚡
2026-02-23 23:30:37 [INFO]    🏆 PL | VLESS | Пинг: 4919ms | Скорость: 6.26 Mbps ⚡⚡
2026-02-23 23:30:37 [INFO]    🏆 TR | VLESS | Пинг: 4742ms | Скорость: 6.08 Mbps ⚡⚡
2026-02-23 23:30:37 [INFO]    🏆 PL | VLESS | Пинг: 4994ms | Скорость: 6.39 Mbps ⚡⚡
2026-02-23 23:30:37 [INFO]    🏆 HU | VLESS | Пинг: 4954ms | Скорость: 6.12 Mbps ⚡⚡
2026-02-23 23:30:37 [INFO]    🏆 HU | VLESS | Пинг: 5104ms | Скорость: 6.51 Mbps ⚡⚡
2026-02-23 23:30:37 [INFO]    🏆 HU | VLESS | Пинг: 5005ms | Скорость: 6.39 Mbps ⚡⚡
2026-02-23 23:30:37 [INFO]    🏆 ES | VLESS | Пинг: 4967ms | Скорость: 6.18 Mbps ⚡⚡
2026-02-23 23:30:37 [INFO]    🏆 ES | VLESS | Пинг: 5120ms | Скорость: 6.41 Mbps ⚡⚡
2026-02-23 23:30:37 [INFO]    🏆 SE | VLESS | Пинг: 4736ms | Скорость: 5.47 Mbps ⚡⚡
2026-02-23 23:30:37 [INFO]    🏆 ES | VLESS | Пинг: 5009ms | Скорость: 5.82 Mbps ⚡⚡
2026-02-23 23:30:39 [INFO]    🏆 TR | VLESS | Пинг: 5208ms | Скорость: 7.15 Mbps ⚡⚡
2026-02-23 23:30:39 [INFO]    🏆 DE | VLESS | Пинг: 5391ms | Скорость: 10.17 Mbps ⚡⚡
2026-02-23 23:30:40 [INFO]    🏆 IT | VLESS | Пинг: 5416ms | Скорость: 10.72 Mbps ⚡⚡
2026-02-23 23:30:40 [INFO]    🏆 ES | VLESS | Пинг: 5255ms | Скорость: 9.57 Mbps ⚡⚡
2026-02-23 23:30:40 [INFO]    🏆 HU | VLESS | Пинг: 5397ms | Скорость: 9.87 Mbps ⚡⚡
2026-02-23 23:30:40 [INFO]    🏆 ES | VLESS | Пинг: 5380ms | Скорость: 9.63 Mbps ⚡⚡
2026-02-23 23:30:41 [INFO]    🏆 HU | VLESS | Пинг: 5467ms | Скорость: 5.72 Mbps ⚡⚡
2026-02-23 23:30:41 [INFO]    🏆 DE | VLESS | Пинг: 5145ms | Скорость: 0.67 Mbps 
2026-02-23 23:30:47 [INFO] 📊 Итого в подписке сохранено иностранных серверов: 10
2026-02-23 23:30:47 [INFO] 💾 Файл успешно сохранен: FL1PVPN
