2026-02-16 23:40:05 [INFO] 🚀 START: Smart VLESS Selector (Target: 10, Strict Mode)
2026-02-16 23:40:05 [INFO] 🌐 Загрузка источников...
2026-02-16 23:40:07 [INFO] 🔍 Уникальных конфигов собрано: 604
2026-02-16 23:40:07 [INFO] ⚡ ЭТАП 1: Быстрый замер Пинга (Workers: 25)...
2026-02-16 23:40:08 [INFO]    [PING OK] RU | 248ms
2026-02-16 23:40:08 [INFO]    [PING OK] DE | 240ms
2026-02-16 23:40:10 [INFO]    [PING OK] DE | 226ms
2026-02-16 23:40:10 [INFO]    [PING OK] DE | 340ms
2026-02-16 23:40:10 [INFO]    [PING OK] DE | 1155ms
2026-02-16 23:40:11 [INFO]    [PING OK] DE | 247ms
2026-02-16 23:40:12 [INFO]    [PING OK] NL | 177ms
2026-02-16 23:40:13 [INFO]    [PING OK] FR | 188ms
2026-02-16 23:40:14 [INFO]    [PING OK] KZ | 278ms
2026-02-16 23:40:14 [INFO]    [PING OK] FI | 134ms
2026-02-16 23:40:14 [INFO]    [PING OK] DE | 197ms
2026-02-16 23:40:15 [INFO]    [PING OK] GB | 159ms
2026-02-16 23:40:16 [INFO]    [PING OK] DE | 235ms
2026-02-16 23:40:16 [INFO]    [PING OK] FR | 205ms
2026-02-16 23:40:16 [INFO]    [PING OK] SC | 671ms
2026-02-16 23:40:17 [INFO]    [PING OK] US | 707ms
2026-02-16 23:40:17 [INFO]    [PING OK] DE | 176ms
2026-02-16 23:40:17 [INFO]    [PING OK] SG | 120ms
2026-02-16 23:40:18 [INFO]    [PING OK] RU | 149ms
2026-02-16 23:40:18 [INFO]    [PING OK] PL | 154ms
2026-02-16 23:40:18 [INFO]    [PING OK] RU | 123ms
2026-02-16 23:40:19 [INFO]    [PING OK] RU | 258ms
2026-02-16 23:40:19 [INFO]    [PING OK] RU | 142ms
2026-02-16 23:40:19 [INFO]    [PING OK] RU | 225ms
2026-02-16 23:40:19 [INFO]    [PING OK] RU | 170ms
2026-02-16 23:40:19 [INFO]    [PING OK] RU | 1044ms
2026-02-16 23:40:19 [INFO]    [PING OK] RU | 186ms
2026-02-16 23:40:20 [INFO]    [PING OK] PL | 172ms
2026-02-16 23:40:20 [INFO]    [PING OK] GB | 267ms
2026-02-16 23:40:20 [INFO]    [PING OK] RU | 199ms
2026-02-16 23:40:20 [INFO]    [PING OK] RU | 310ms
2026-02-16 23:40:20 [INFO]    [PING OK] RU | 96ms
2026-02-16 23:40:20 [INFO]    [PING OK] RU | 303ms
2026-02-16 23:40:20 [INFO]    [PING OK] RU | 277ms
2026-02-16 23:40:20 [INFO]    [PING OK] RU | 81ms
2026-02-16 23:40:21 [INFO]    [PING OK] RU | 198ms
2026-02-16 23:40:21 [INFO]    [PING OK] RU | 232ms
2026-02-16 23:40:21 [INFO]    [PING OK] RU | 301ms
2026-02-16 23:40:21 [INFO]    [PING OK] RU | 223ms
2026-02-16 23:40:21 [INFO]    [PING OK] DE | 154ms
2026-02-16 23:40:21 [INFO]    [PING OK] RU | 263ms
2026-02-16 23:40:21 [INFO]    [PING OK] RU | 247ms
2026-02-16 23:40:21 [INFO]    [PING OK] RU | 138ms
2026-02-16 23:40:21 [INFO]    [PING OK] RU | 249ms
2026-02-16 23:40:21 [INFO]    [PING OK] RU | 81ms
2026-02-16 23:40:21 [INFO]    [PING OK] RU | 122ms
2026-02-16 23:40:21 [INFO]    [PING OK] RU | 212ms
2026-02-16 23:40:22 [INFO]    [PING OK] RU | 326ms
2026-02-16 23:40:22 [INFO]    [PING OK] RU | 97ms
2026-02-16 23:40:22 [INFO]    [PING OK] RU | 124ms
2026-02-16 23:40:22 [INFO]    [PING OK] RU | 133ms
2026-02-16 23:40:22 [INFO]    [PING OK] RU | 273ms
2026-02-16 23:40:22 [INFO]    [PING OK] RU | 176ms
2026-02-16 23:40:22 [INFO]    [PING OK] RU | 184ms
2026-02-16 23:40:22 [INFO]    [PING OK] RU | 93ms
2026-02-16 23:40:22 [INFO]    [PING OK] RU | 81ms
2026-02-16 23:40:22 [INFO]    [PING OK] RU | 97ms
2026-02-16 23:40:22 [INFO]    [PING OK] RU | 404ms
2026-02-16 23:40:22 [INFO]    [PING OK] RU | 141ms
2026-02-16 23:40:22 [INFO]    [PING OK] RU | 202ms
2026-02-16 23:40:23 [INFO]    [PING OK] RU | 60ms
2026-02-16 23:40:23 [INFO]    [PING OK] RU | 99ms
2026-02-16 23:40:23 [INFO]    [PING OK] PL | 179ms
2026-02-16 23:40:23 [INFO]    [PING OK] RU | 73ms
2026-02-16 23:40:23 [INFO]    [PING OK] RU | 143ms
2026-02-16 23:40:23 [INFO]    [PING OK] US | 167ms
2026-02-16 23:40:23 [INFO]    [PING OK] RU | 334ms
2026-02-16 23:40:23 [INFO]    [PING OK] RU | 183ms
2026-02-16 23:40:23 [INFO]    [PING OK] RU | 80ms
2026-02-16 23:40:23 [INFO]    [PING OK] RU | 253ms
2026-02-16 23:40:23 [INFO]    [PING OK] RU | 107ms
2026-02-16 23:40:24 [INFO]    [PING OK] DE | 148ms
2026-02-16 23:40:24 [INFO]    [PING OK] RU | 227ms
2026-02-16 23:40:24 [INFO]    [PING OK] RU | 271ms
2026-02-16 23:40:24 [INFO]    [PING OK] RU | 117ms
2026-02-16 23:40:24 [INFO]    [PING OK] RU | 3011ms
2026-02-16 23:40:24 [INFO]    [PING OK] RU | 244ms
2026-02-16 23:40:24 [INFO]    [PING OK] RU | 252ms
2026-02-16 23:40:24 [INFO]    [PING OK] RU | 211ms
2026-02-16 23:40:24 [INFO]    [PING OK] RU | 510ms
2026-02-16 23:40:24 [INFO]    [PING OK] RU | 283ms
2026-02-16 23:40:25 [INFO]    [PING OK] RU | 202ms
2026-02-16 23:40:25 [INFO]    [PING OK] RU | 294ms
2026-02-16 23:40:25 [INFO]    [PING OK] RU | 1854ms
2026-02-16 23:40:25 [INFO]    [PING OK] RU | 140ms
2026-02-16 23:40:25 [INFO]    [PING OK] NL | 162ms
2026-02-16 23:40:25 [INFO]    [PING OK] RU | 1312ms
2026-02-16 23:40:25 [INFO]    [PING OK] RU | 82ms
2026-02-16 23:40:25 [INFO]    [PING OK] RU | 195ms
2026-02-16 23:40:25 [INFO]    [PING OK] RU | 218ms
2026-02-16 23:40:25 [INFO]    [PING OK] RU | 43ms
2026-02-16 23:40:25 [INFO]    [PING OK] RU | 3852ms
2026-02-16 23:40:25 [INFO]    [PING OK] RU | 41ms
2026-02-16 23:40:25 [INFO]    [PING OK] RU | 78ms
2026-02-16 23:40:25 [INFO]    [PING OK] RU | 245ms
2026-02-16 23:40:25 [INFO]    [PING OK] RU | 127ms
2026-02-16 23:40:26 [INFO]    [PING OK] RU | 72ms
2026-02-16 23:40:26 [INFO]    [PING OK] RU | 158ms
2026-02-16 23:40:26 [INFO]    [PING OK] RU | 201ms
2026-02-16 23:40:26 [INFO]    [PING OK] RU | 183ms
2026-02-16 23:40:26 [INFO]    [PING OK] RU | 231ms
2026-02-16 23:40:26 [INFO]    [PING OK] RU | 57ms
2026-02-16 23:40:26 [INFO]    [PING OK] GB | 290ms
2026-02-16 23:40:26 [INFO]    [PING OK] RU | 211ms
2026-02-16 23:40:26 [INFO]    [PING OK] RU | 454ms
2026-02-16 23:40:26 [INFO]    [PING OK] RU | 283ms
2026-02-16 23:40:27 [INFO]    [PING OK] RU | 236ms
2026-02-16 23:40:27 [INFO]    [PING OK] RU | 200ms
2026-02-16 23:40:27 [INFO]    [PING OK] NL | 217ms
2026-02-16 23:40:27 [INFO]    [PING OK] RU | 339ms
2026-02-16 23:40:27 [INFO]    [PING OK] RU | 307ms
2026-02-16 23:40:27 [INFO]    [PING OK] RU | 57ms
2026-02-16 23:40:27 [INFO]    [PING OK] RU | 209ms
2026-02-16 23:40:27 [INFO]    [PING OK] RU | 312ms
2026-02-16 23:40:27 [INFO]    [PING OK] RU | 215ms
2026-02-16 23:40:27 [INFO]    [PING OK] RU | 140ms
2026-02-16 23:40:27 [INFO]    [PING OK] RU | 53ms
2026-02-16 23:40:27 [INFO]    [PING OK] RU | 329ms
2026-02-16 23:40:27 [INFO]    [PING OK] RU | 220ms
2026-02-16 23:40:27 [INFO]    [PING OK] RU | 207ms
2026-02-16 23:40:27 [INFO]    [PING OK] RU | 137ms
2026-02-16 23:40:27 [INFO]    [PING OK] RU | 397ms
2026-02-16 23:40:27 [INFO]    [PING OK] RU | 198ms
2026-02-16 23:40:28 [INFO]    [PING OK] RU | 211ms
2026-02-16 23:40:28 [INFO]    [PING OK] RU | 272ms
2026-02-16 23:40:28 [INFO]    [PING OK] RU | 228ms
2026-02-16 23:40:28 [INFO]    [PING OK] GB | 256ms
2026-02-16 23:40:28 [INFO]    [PING OK] RU | 1227ms
2026-02-16 23:40:28 [INFO]    [PING OK] GR | 71ms
2026-02-16 23:40:28 [INFO]    [PING OK] DE | 148ms
2026-02-16 23:40:28 [INFO]    [PING OK] NL | 1184ms
2026-02-16 23:40:29 [INFO]    [PING OK] RU | 249ms
2026-02-16 23:40:29 [INFO]    [PING OK] DE | 149ms
2026-02-16 23:40:29 [INFO]    [PING OK] RU | 4006ms
2026-02-16 23:40:30 [INFO]    [PING OK] US | 1253ms
2026-02-16 23:40:30 [INFO]    [PING OK] FR | 168ms
2026-02-16 23:40:31 [INFO]    [PING OK] TR | 282ms
2026-02-16 23:40:32 [INFO]    [PING OK] NL | 190ms
2026-02-16 23:40:35 [INFO]    [PING OK] US | 624ms
2026-02-16 23:40:35 [INFO]    [PING OK] SE | 195ms
2026-02-16 23:40:37 [INFO]    [PING OK] DE | 206ms
2026-02-16 23:40:42 [INFO]    [PING OK] DE | 305ms
2026-02-16 23:40:42 [INFO]    [PING OK] GB | 347ms
2026-02-16 23:40:43 [INFO]    [PING OK] PL | 226ms
2026-02-16 23:40:48 [INFO]    [PING OK] FI | 160ms
2026-02-16 23:40:49 [INFO]    [PING OK] DE | 163ms
2026-02-16 23:40:51 [INFO]    [PING OK] PL | 126ms
2026-02-16 23:40:51 [INFO]    [PING OK] US | 934ms
2026-02-16 23:40:53 [INFO]    [PING OK] AT | 194ms
2026-02-16 23:40:54 [INFO]    [PING OK] DE | 176ms
2026-02-16 23:40:54 [INFO]    [PING OK] DE | 413ms
2026-02-16 23:40:56 [INFO]    [PING OK] NL | 274ms
2026-02-16 23:40:57 [INFO]    [PING OK] TR | 309ms
2026-02-16 23:41:00 [INFO]    [PING OK] US | 526ms
2026-02-16 23:41:03 [INFO]    [PING OK] PL | 138ms
2026-02-16 23:41:04 [INFO]    [PING OK] NL | 408ms
2026-02-16 23:41:05 [INFO]    [PING OK] FI | 241ms
2026-02-16 23:41:06 [INFO]    [PING OK] US | 555ms
2026-02-16 23:41:13 [INFO]    [PING OK] PL | 340ms
2026-02-16 23:41:13 [INFO]    [PING OK] US | 444ms
2026-02-16 23:41:13 [INFO]    [PING OK] FR | 189ms
2026-02-16 23:41:14 [INFO]    [PING OK] PL | 104ms
2026-02-16 23:41:16 [INFO]    [PING OK] PL | 349ms
2026-02-16 23:41:17 [INFO]    [PING OK] LV | 169ms
2026-02-16 23:41:17 [INFO]    [PING OK] LV | 347ms
2026-02-16 23:41:17 [INFO]    [PING OK] MD | 157ms
2026-02-16 23:41:22 [INFO] 🏎️ ЭТАП 2: Глубокий замер скорости для ТОП-10 серверов...
2026-02-16 23:41:25 [INFO]    🏆 GR | Пинг: 71ms | Скорость: 8.48 Mbps ⚡⚡
2026-02-16 23:41:25 [INFO]    🏆 PL | Пинг: 104ms | Скорость: 8.55 Mbps ⚡⚡
2026-02-16 23:41:25 [INFO]    🏆 SG | Пинг: 120ms | Скорость: 8.58 Mbps ⚡⚡
2026-02-16 23:41:25 [INFO]    🏆 PL | Пинг: 126ms | Скорость: 8.73 Mbps ⚡⚡
2026-02-16 23:41:25 [INFO]    🏆 FI | Пинг: 134ms | Скорость: 8.65 Mbps ⚡⚡
2026-02-16 23:41:25 [INFO]    🏆 PL | Пинг: 138ms | Скорость: 8.66 Mbps ⚡⚡
2026-02-16 23:41:25 [INFO]    🏆 DE | Пинг: 148ms | Скорость: 8.82 Mbps ⚡⚡
2026-02-16 23:41:25 [INFO]    🏆 DE | Пинг: 148ms | Скорость: 8.9 Mbps ⚡⚡
2026-02-16 23:41:25 [INFO]    🏆 DE | Пинг: 149ms | Скорость: 8.91 Mbps ⚡⚡
2026-02-16 23:41:25 [INFO]    🏆 RU | Пинг: 41ms | Скорость: 8.96 Mbps ⚡⚡
2026-02-16 23:41:25 [INFO] 🇷🇺 Добавлен RU сервер: 87.242.103.184
2026-02-16 23:41:25 [INFO] 📊 Итого в подписке сохранено: 10 серверов
2026-02-16 23:41:25 [INFO] 💾 Файл успешно сохранен: FL1PVPN
