2026-02-26 09:50:05 [INFO] 🚀 START: Smart Selector (Target: 10, ONLY FOREIGN)
2026-02-26 09:50:05 [INFO] 🌐 Загрузка источников (VLESS + VMess)...
2026-02-26 09:50:07 [INFO] 🔍 Уникальных конфигов собрано: 415
2026-02-26 09:50:07 [INFO] ⚡ ЭТАП 1: Замер Пинга и Геолокации. Workers: 40...
2026-02-26 09:50:12 [INFO]    [PING OK] FR | VLESS | 4732ms
2026-02-26 09:50:12 [INFO]    [PING OK] NL | VLESS | 4746ms
2026-02-26 09:50:12 [INFO]    [PING OK] DE | VLESS | 4608ms
2026-02-26 09:50:13 [INFO]    [PING OK] DE | VLESS | 4956ms
2026-02-26 09:50:13 [INFO]    [PING OK] NL | VLESS | 4913ms
2026-02-26 09:50:13 [INFO]    [PING OK] TR | VLESS | 4912ms
2026-02-26 09:50:13 [INFO]    [PING OK] US | VLESS | 4921ms
2026-02-26 09:50:13 [INFO]    [PING OK] PL | VLESS | 4397ms
2026-02-26 09:50:13 [INFO]    [PING OK] TR | VLESS | 4151ms
2026-02-26 09:50:13 [INFO]    [PING OK] NL | VLESS | 5251ms
2026-02-26 09:50:13 [INFO]    [PING OK] NG | VLESS | 5513ms
2026-02-26 09:50:13 [INFO]    [PING OK] PL | VLESS | 5044ms
2026-02-26 09:50:13 [INFO]    [PING OK] NL | VLESS | 4078ms
2026-02-26 09:50:14 [INFO]    [PING OK] DE | VLESS | 3651ms
2026-02-26 09:50:14 [INFO]    [PING OK] NO | VLESS | 4090ms
2026-02-26 09:50:14 [INFO]    [PING OK] NL | VLESS | 3489ms
2026-02-26 09:50:14 [INFO]    [PING OK] PL | VLESS | 3614ms
2026-02-26 09:50:14 [INFO]    [PING OK] LT | VLESS | 4060ms
2026-02-26 09:50:14 [INFO]    [PING OK] US | VLESS | 6457ms
2026-02-26 09:50:15 [INFO]    [PING OK] CA | VLESS | 4681ms
2026-02-26 09:50:15 [INFO]    [PING OK] ES | VLESS | 4020ms
2026-02-26 09:50:16 [INFO]    [PING OK] PL | VLESS | 2943ms
2026-02-26 09:50:16 [INFO]    [PING OK] DE | VLESS | 2966ms
2026-02-26 09:50:16 [INFO]    [PING OK] PL | VLESS | 3122ms
2026-02-26 09:50:17 [INFO]    [PING OK] DE | VLESS | 3218ms
2026-02-26 09:50:17 [INFO]    [PING OK] DE | VLESS | 6623ms
2026-02-26 09:50:18 [INFO]    [PING OK] IT | VLESS | 3394ms
2026-02-26 09:50:18 [INFO]    [PING OK] CA | VLESS | 3882ms
2026-02-26 09:50:18 [INFO]    [PING OK] DE | VLESS | 3523ms
2026-02-26 09:50:18 [INFO]    [PING OK] US | VLESS | 3875ms
2026-02-26 09:50:18 [INFO]    [PING OK] FI | VLESS | 3463ms
2026-02-26 09:50:18 [INFO]    [PING OK] FI | VLESS | 4029ms
2026-02-26 09:50:19 [INFO]    [PING OK] DE | VLESS | 4156ms
2026-02-26 09:50:20 [INFO]    [PING OK] PL | VLESS | 3931ms
2026-02-26 09:50:20 [INFO]    [PING OK] LV | VLESS | 4011ms
2026-02-26 09:50:21 [INFO]    [PING OK] NL | VLESS | 4310ms
2026-02-26 09:50:21 [INFO]    [PING OK] DE | VLESS | 5217ms
2026-02-26 09:50:22 [INFO]    [PING OK] ES | VLESS | 4652ms
2026-02-26 09:50:22 [INFO]    [PING OK] PL | VLESS | 7910ms
2026-02-26 09:50:22 [INFO]    [PING OK] DE | VLESS | 4755ms
2026-02-26 09:50:23 [INFO]    [PING OK] FI | VLESS | 4220ms
2026-02-26 09:50:23 [INFO]    [PING OK] NL | VLESS | 4994ms
2026-02-26 09:50:23 [INFO]    [PING OK] DE | VLESS | 5023ms
2026-02-26 09:50:23 [INFO]    [PING OK] NL | VLESS | 4573ms
2026-02-26 09:50:23 [INFO]    [PING OK] LT | VLESS | 4442ms
2026-02-26 09:50:23 [INFO]    [PING OK] NL | VLESS | 4057ms
2026-02-26 09:50:23 [INFO]    [PING OK] DE | VLESS | 4039ms
2026-02-26 09:50:23 [INFO]    [PING OK] PL | VLESS | 4291ms
2026-02-26 09:50:23 [INFO]    [PING OK] NL | VLESS | 4240ms
2026-02-26 09:50:23 [INFO]    [PING OK] DE | VLESS | 4108ms
2026-02-26 09:50:23 [INFO]    [PING OK] NL | VLESS | 4015ms
2026-02-26 09:50:23 [INFO]    [PING OK] US | VLESS | 4004ms
2026-02-26 09:50:23 [INFO]    [PING OK] PL | VLESS | 3915ms
2026-02-26 09:50:24 [INFO]    [PING OK] FI | VLESS | 4846ms
2026-02-26 09:50:24 [INFO]    [PING OK] NL | VLESS | 4874ms
2026-02-26 09:50:24 [INFO]    [PING OK] ES | VLESS | 4067ms
2026-02-26 09:50:25 [INFO]    [PING OK] ES | VLESS | 4518ms
2026-02-26 09:50:25 [INFO]    [PING OK] HK | VLESS | 4049ms
2026-02-26 09:50:25 [INFO]    [PING OK] US | VLESS | 3674ms
2026-02-26 09:50:26 [INFO]    [PING OK] US | VLESS | 4796ms
2026-02-26 09:50:26 [INFO]    [PING OK] DE | VLESS | 7755ms
2026-02-26 09:50:27 [INFO]    [PING OK] TR | VLESS | 4266ms
2026-02-26 09:50:27 [INFO]    [PING OK] DE | VLESS | 4679ms
2026-02-26 09:50:27 [INFO]    [PING OK] DE | VLESS | 4279ms
2026-02-26 09:50:27 [INFO]    [PING OK] NO | VLESS | 4020ms
2026-02-26 09:50:28 [INFO]    [PING OK] DE | VLESS | 6785ms
2026-02-26 09:50:28 [INFO]    [PING OK] FR | VLESS | 4127ms
2026-02-26 09:50:28 [INFO]    [PING OK] NL | VLESS | 4048ms
2026-02-26 09:50:28 [INFO]    [PING OK] PL | VLESS | 3898ms
2026-02-26 09:50:28 [INFO]    [PING OK] PL | VLESS | 4077ms
2026-02-26 09:50:28 [INFO]    [PING OK] TR | VLESS | 4600ms
2026-02-26 09:50:29 [INFO]    [PING OK] FI | VLESS | 3765ms
2026-02-26 09:50:29 [INFO]    [PING OK] CH | VLESS | 3635ms
2026-02-26 09:50:30 [INFO]    [PING OK] FR | VLESS | 3357ms
2026-02-26 09:50:30 [INFO]    [PING OK] NL | VLESS | 3324ms
2026-02-26 09:50:30 [INFO]    [PING OK] FI | VLESS | 3541ms
2026-02-26 09:50:31 [INFO]    [PING OK] NL | VLESS | 3141ms
2026-02-26 09:50:31 [INFO]    [PING OK] US | VLESS | 3240ms
2026-02-26 09:50:31 [INFO]    [PING OK] SE | VLESS | 8665ms
2026-02-26 09:50:32 [INFO]    [PING OK] DE | VLESS | 3388ms
2026-02-26 09:50:32 [INFO]    [PING OK] IT | VLESS | 3421ms
2026-02-26 09:50:32 [INFO]    [PING OK] CA | VLESS | 3322ms
2026-02-26 09:50:33 [INFO]    [PING OK] NL | VLESS | 3752ms
2026-02-26 09:50:33 [INFO]    [PING OK] AE | VLESS | 3918ms
2026-02-26 09:50:33 [INFO]    [PING OK] DE | VLESS | 3587ms
2026-02-26 09:50:33 [INFO]    [PING OK] NL | VLESS | 4049ms
2026-02-26 09:50:34 [INFO]    [PING OK] DE | VLESS | 4713ms
2026-02-26 09:50:34 [INFO]    [PING OK] FI | VLESS | 3746ms
2026-02-26 09:50:34 [INFO]    [PING OK] FR | VLESS | 3596ms
2026-02-26 09:50:34 [INFO]    [PING OK] FI | VLESS | 3744ms
2026-02-26 09:50:35 [INFO]    [PING OK] DE | VLESS | 3209ms
2026-02-26 09:50:35 [INFO]    [PING OK] DE | VLESS | 3401ms
2026-02-26 09:50:35 [INFO]    [PING OK] NL | VLESS | 3670ms
2026-02-26 09:50:36 [INFO]    [PING OK] DE | VLESS | 3135ms
2026-02-26 09:50:36 [INFO]    [PING OK] US | VLESS | 3262ms
2026-02-26 09:50:37 [INFO]    [PING OK] TR | VLESS | 3233ms
2026-02-26 09:50:37 [INFO]    [PING OK] FI | VLESS | 2887ms
2026-02-26 09:50:37 [INFO]    [PING OK] CH | VLESS | 2764ms
2026-02-26 09:50:37 [INFO]    [PING OK] NL | VLESS | 2943ms
2026-02-26 09:50:37 [INFO]    [PING OK] PL | VLESS | 2795ms
2026-02-26 09:50:39 [INFO]    [PING OK] NL | VLESS | 3917ms
2026-02-26 09:50:39 [INFO]    [PING OK] DE | VLESS | 3696ms
2026-02-26 09:50:41 [INFO]    [PING OK] EE | VLESS | 4322ms
2026-02-26 09:50:41 [INFO]    [PING OK] HK | VLESS | 5191ms
2026-02-26 09:50:41 [INFO]    [PING OK] DE | VLESS | 5956ms
2026-02-26 09:50:41 [INFO]    [PING OK] PL | VLESS | 7087ms
2026-02-26 09:50:42 [INFO]    [PING OK] CA | VLESS | 4605ms
2026-02-26 09:50:42 [INFO]    [PING OK] SE | VLESS | 4074ms
2026-02-26 09:50:42 [INFO]    [PING OK] LV | VLESS | 4011ms
2026-02-26 09:50:42 [INFO]    [PING OK] DE | VLESS | 4174ms
2026-02-26 09:50:42 [INFO]    [PING OK] FI | VLESS | 4591ms
2026-02-26 09:50:42 [INFO]    [PING OK] EE | VLESS | 4190ms
2026-02-26 09:50:43 [INFO]    [PING OK] PL | VLESS | 4131ms
2026-02-26 09:50:43 [INFO]    [PING OK] SE | VLESS | 4211ms
2026-02-26 09:50:43 [INFO]    [PING OK] FI | VLESS | 7066ms
2026-02-26 09:50:44 [INFO]    [PING OK] FI | VLESS | 6475ms
2026-02-26 09:50:44 [INFO]    [PING OK] US | VLESS | 3969ms
2026-02-26 09:50:44 [INFO]    [PING OK] NL | VLESS | 4247ms
2026-02-26 09:50:45 [INFO]    [PING OK] CA | VLESS | 4186ms
2026-02-26 09:50:45 [INFO]    [PING OK] CA | VLESS | 5452ms
2026-02-26 09:50:45 [INFO]    [PING OK] NL | VLESS | 8542ms
2026-02-26 09:50:46 [INFO]    [PING OK] DE | VLESS | 4093ms
2026-02-26 09:50:47 [INFO]    [PING OK] CA | VLESS | 4396ms
2026-02-26 09:50:47 [INFO]    [PING OK] CA | VLESS | 6034ms
2026-02-26 09:50:48 [INFO]    [PING OK] CA | VLESS | 5262ms
2026-02-26 09:50:48 [INFO]    [PING OK] CA | VLESS | 3708ms
2026-02-26 09:50:48 [INFO]    [PING OK] LV | VLESS | 1834ms
2026-02-26 09:50:48 [INFO]    [PING OK] DE | VLESS | 2236ms
2026-02-26 09:50:48 [INFO]    [PING OK] GB | VLESS | 1806ms
2026-02-26 09:50:48 [INFO]    [PING OK] GB | VLESS | 1813ms
2026-02-26 09:50:48 [INFO]    [PING OK] CA | VLESS | 5443ms
2026-02-26 09:50:48 [INFO]    [PING OK] CA | VLESS | 2425ms
2026-02-26 09:50:50 [INFO]    [PING OK] CA | VLESS | 7374ms
2026-02-26 09:50:53 [INFO] 🏎️ ЭТАП 2: Глубокий замер скорости для 40 иностранных кандидатов...
2026-02-26 09:50:57 [INFO]    🏆 GB | VLESS | Пинг: 1813ms | Скорость: 6.06 Mbps ⚡⚡
2026-02-26 09:50:57 [INFO]    🏆 DE | VLESS | Пинг: 3135ms | Скорость: 6.37 Mbps ⚡⚡
2026-02-26 09:50:57 [INFO]    🏆 PL | VLESS | Пинг: 3122ms | Скорость: 6.28 Mbps ⚡⚡
2026-02-26 09:50:57 [INFO]    🏆 PL | VLESS | Пинг: 2943ms | Скорость: 6.14 Mbps ⚡⚡
2026-02-26 09:50:57 [INFO]    🏆 PL | VLESS | Пинг: 2795ms | Скорость: 6.0 Mbps ⚡⚡
2026-02-26 09:50:57 [INFO]    🏆 DE | VLESS | Пинг: 2966ms | Скорость: 6.1 Mbps ⚡⚡
2026-02-26 09:50:57 [INFO]    🏆 GB | VLESS | Пинг: 1806ms | Скорость: 5.7 Mbps ⚡⚡
2026-02-26 09:50:57 [INFO]    🏆 NL | VLESS | Пинг: 2943ms | Скорость: 5.13 Mbps ⚡⚡
2026-02-26 09:50:58 [INFO]    🏆 CH | VLESS | Пинг: 2764ms | Скорость: 4.46 Mbps ⚡⚡
2026-02-26 09:50:59 [INFO]    🏆 LV | VLESS | Пинг: 1834ms | Скорость: 3.58 Mbps ⚡⚡
2026-02-26 09:50:59 [INFO]    🏆 DE | VLESS | Пинг: 2236ms | Скорость: 2.96 Mbps ⚡
2026-02-26 09:51:00 [INFO]    🏆 NL | VLESS | Пинг: 3141ms | Скорость: 3.3 Mbps ⚡⚡
2026-02-26 09:51:01 [INFO]    🏆 US | VLESS | Пинг: 3240ms | Скорость: 6.63 Mbps ⚡⚡
2026-02-26 09:51:01 [INFO]    🏆 FR | VLESS | Пинг: 3357ms | Скорость: 6.71 Mbps ⚡⚡
2026-02-26 09:51:01 [INFO]    🏆 DE | VLESS | Пинг: 3401ms | Скорость: 7.44 Mbps ⚡⚡
2026-02-26 09:51:01 [INFO]    🏆 NL | VLESS | Пинг: 3324ms | Скорость: 6.47 Mbps ⚡⚡
2026-02-26 09:51:01 [INFO]    🏆 DE | VLESS | Пинг: 3388ms | Скорость: 7.06 Mbps ⚡⚡
2026-02-26 09:51:01 [INFO]    🏆 IT | VLESS | Пинг: 3394ms | Скорость: 6.35 Mbps ⚡⚡
2026-02-26 09:51:02 [INFO]    🏆 DE | VLESS | Пинг: 3523ms | Скорость: 9.8 Mbps ⚡⚡
2026-02-26 09:51:03 [INFO]    🏆 IT | VLESS | Пинг: 3421ms | Скорость: 4.1 Mbps ⚡⚡
2026-02-26 09:51:03 [INFO]    🏆 DE | VLESS | Пинг: 3587ms | Скорость: 10.83 Mbps ⚡⚡
2026-02-26 09:51:03 [INFO]    🏆 FI | VLESS | Пинг: 3541ms | Скорость: 7.21 Mbps ⚡⚡
2026-02-26 09:51:03 [INFO]    🏆 NL | VLESS | Пинг: 3489ms | Скорость: 5.54 Mbps ⚡⚡
2026-02-26 09:51:04 [INFO]    🏆 US | VLESS | Пинг: 3262ms | Скорость: 0.67 Mbps 
2026-02-26 09:51:04 [INFO]    🏆 DE | VLESS | Пинг: 3651ms | Скорость: 9.37 Mbps ⚡⚡
2026-02-26 09:51:04 [INFO]    🏆 NL | VLESS | Пинг: 3670ms | Скорость: 10.62 Mbps ⚡⚡
2026-02-26 09:51:04 [INFO]    🏆 CA | VLESS | Пинг: 3322ms | Скорость: 3.18 Mbps ⚡⚡
2026-02-26 09:51:05 [INFO]    🏆 DE | VLESS | Пинг: 3696ms | Скорость: 12.57 Mbps ⚡⚡
2026-02-26 09:51:05 [INFO]    🏆 FI | VLESS | Пинг: 3744ms | Скорость: 17.21 Mbps ⚡⚡
2026-02-26 09:51:05 [INFO]    🏆 FR | VLESS | Пинг: 3596ms | Скорость: 5.44 Mbps ⚡⚡
2026-02-26 09:51:06 [INFO]    🏆 PL | VLESS | Пинг: 3614ms | Скорость: 4.5 Mbps ⚡⚡
2026-02-26 09:51:07 [INFO]    🏆 CH | VLESS | Пинг: 3635ms | Скорость: 3.67 Mbps ⚡⚡
2026-02-26 09:51:08 [INFO]    🏆 US | VLESS | Пинг: 3674ms | Скорость: 1.15 Mbps 
2026-02-26 09:51:08 [INFO] 📊 Итого в подписке сохранено иностранных серверов: 10
2026-02-26 09:51:08 [INFO] 💾 Файл успешно сохранен: FL1PVPN
