2026-02-26 17:40:05 [INFO] 🚀 START: Smart Selector (Target: 10, ONLY FOREIGN)
2026-02-26 17:40:05 [INFO] 🌐 Загрузка источников (VLESS + VMess)...
2026-02-26 17:40:07 [INFO] 🔍 Уникальных конфигов собрано: 225
2026-02-26 17:40:07 [INFO] ⚡ ЭТАП 1: Замер Пинга и Геолокации. Workers: 40...
2026-02-26 17:40:13 [INFO]    [PING OK] NL | VLESS | 4809ms
2026-02-26 17:40:13 [INFO]    [PING OK] DE | VLESS | 4943ms
2026-02-26 17:40:13 [INFO]    [PING OK] FI | VLESS | 4935ms
2026-02-26 17:40:13 [INFO]    [PING OK] FI | VLESS | 4759ms
2026-02-26 17:40:13 [INFO]    [PING OK] FI | VLESS | 4912ms
2026-02-26 17:40:13 [INFO]    [PING OK] TR | VLESS | 4687ms
2026-02-26 17:40:13 [INFO]    [PING OK] LV | VLESS | 4650ms
2026-02-26 17:40:13 [INFO]    [PING OK] DE | VLESS | 5015ms
2026-02-26 17:40:13 [INFO]    [PING OK] FR | VLESS | 4988ms
2026-02-26 17:40:13 [INFO]    [PING OK] NL | VLESS | 5075ms
2026-02-26 17:40:13 [INFO]    [PING OK] IT | VLESS | 4753ms
2026-02-26 17:40:13 [INFO]    [PING OK] NL | VLESS | 5336ms
2026-02-26 17:40:13 [INFO]    [PING OK] FI | VLESS | 5434ms
2026-02-26 17:40:14 [INFO]    [PING OK] DE | VLESS | 4808ms
2026-02-26 17:40:14 [INFO]    [PING OK] IT | VLESS | 4578ms
2026-02-26 17:40:14 [INFO]    [PING OK] NL | VLESS | 4261ms
2026-02-26 17:40:14 [INFO]    [PING OK] LV | VLESS | 5277ms
2026-02-26 17:40:15 [INFO]    [PING OK] LT | VLESS | 4546ms
2026-02-26 17:40:15 [INFO]    [PING OK] DE | VLESS | 4601ms
2026-02-26 17:40:15 [INFO]    [PING OK] PL | VLESS | 3840ms
2026-02-26 17:40:15 [INFO]    [PING OK] FI | VLESS | 4046ms
2026-02-26 17:40:16 [INFO]    [PING OK] PL | VLESS | 4048ms
2026-02-26 17:40:16 [INFO]    [PING OK] DE | VLESS | 3845ms
2026-02-26 17:40:16 [INFO]    [PING OK] CA | VLESS | 6050ms
2026-02-26 17:40:17 [INFO]    [PING OK] DE | VLESS | 3541ms
2026-02-26 17:40:17 [INFO]    [PING OK] ES | VLESS | 4273ms
2026-02-26 17:40:18 [INFO]    [PING OK] US | VLESS | 4028ms
2026-02-26 17:40:18 [INFO]    [PING OK] DE | VLESS | 3715ms
2026-02-26 17:40:18 [INFO]    [PING OK] SE | VLESS | 3544ms
2026-02-26 17:40:18 [INFO]    [PING OK] DE | VLESS | 3982ms
2026-02-26 17:40:18 [INFO]    [PING OK] HK | VLESS | 4277ms
2026-02-26 17:40:18 [INFO]    [PING OK] US | VLESS | 3122ms
2026-02-26 17:40:18 [INFO]    [PING OK] DE | VLESS | 3044ms
2026-02-26 17:40:18 [INFO]    [PING OK] CH | VLESS | 3560ms
2026-02-26 17:40:19 [INFO]    [PING OK] ES | VLESS | 3864ms
2026-02-26 17:40:19 [INFO]    [PING OK] PL | VLESS | 3525ms
2026-02-26 17:40:19 [INFO]    [PING OK] HK | VLESS | 3500ms
2026-02-26 17:40:20 [INFO]    [PING OK] US | VLESS | 2788ms
2026-02-26 17:40:20 [INFO]    [PING OK] DE | VLESS | 5617ms
2026-02-26 17:40:20 [INFO]    [PING OK] LT | VLESS | 2620ms
2026-02-26 17:40:21 [INFO]    [PING OK] US | VLESS | 2789ms
2026-02-26 17:40:21 [INFO]    [PING OK] DE | VLESS | 2785ms
2026-02-26 17:40:21 [INFO]    [PING OK] IT | VLESS | 2776ms
2026-02-26 17:40:21 [INFO]    [PING OK] HU | VLESS | 7384ms
2026-02-26 17:40:21 [INFO]    [PING OK] DE | VLESS | 3282ms
2026-02-26 17:40:22 [INFO]    [PING OK] ES | VLESS | 2864ms
2026-02-26 17:40:22 [INFO]    [PING OK] ES | VLESS | 2779ms
2026-02-26 17:40:22 [INFO]    [PING OK] PL | VLESS | 2861ms
2026-02-26 17:40:22 [INFO]    [PING OK] DE | VLESS | 6677ms
2026-02-26 17:40:22 [INFO]    [PING OK] FI | VLESS | 2987ms
2026-02-26 17:40:23 [INFO]    [PING OK] DE | VLESS | 3167ms
2026-02-26 17:40:23 [INFO]    [PING OK] FR | VLESS | 3017ms
2026-02-26 17:40:23 [INFO]    [PING OK] DE | VLESS | 3864ms
2026-02-26 17:40:23 [INFO]    [PING OK] ES | VLESS | 3388ms
2026-02-26 17:40:23 [INFO]    [PING OK] DE | VLESS | 3152ms
2026-02-26 17:40:23 [INFO]    [PING OK] TR | VLESS | 3217ms
2026-02-26 17:40:23 [INFO]    [PING OK] US | VLESS | 4051ms
2026-02-26 17:40:24 [INFO]    [PING OK] NL | VLESS | 3589ms
2026-02-26 17:40:25 [INFO]    [PING OK] DE | VLESS | 5525ms
2026-02-26 17:40:26 [INFO]    [PING OK] US | VLESS | 3905ms
2026-02-26 17:40:26 [INFO]    [PING OK] PL | VLESS | 4038ms
2026-02-26 17:40:27 [INFO]    [PING OK] CA | VLESS | 4512ms
2026-02-26 17:40:27 [INFO]    [PING OK] NL | VLESS | 4868ms
2026-02-26 17:40:27 [INFO]    [PING OK] NL | VLESS | 5368ms
2026-02-26 17:40:27 [INFO]    [PING OK] US | VLESS | 4286ms
2026-02-26 17:40:27 [INFO]    [PING OK] SG | VLESS | 4533ms
2026-02-26 17:40:27 [INFO]    [PING OK] DE | VLESS | 7063ms
2026-02-26 17:40:28 [INFO]    [PING OK] CA | VLESS | 4431ms
2026-02-26 17:40:28 [INFO]    [PING OK] US | VLESS | 3825ms
2026-02-26 17:40:28 [INFO]    [PING OK] CA | VLESS | 4535ms
2026-02-26 17:40:28 [INFO]    [PING OK] CA | VLESS | 4254ms
2026-02-26 17:40:28 [INFO]    [PING OK] CA | VLESS | 4164ms
2026-02-26 17:40:28 [INFO]    [PING OK] CA | VLESS | 4868ms
2026-02-26 17:40:29 [INFO]    [PING OK] CA | VLESS | 5071ms
2026-02-26 17:40:29 [INFO]    [PING OK] FR | VLESS | 6781ms
2026-02-26 17:40:29 [INFO]    [PING OK] JP | VLESS | 3237ms
2026-02-26 17:40:29 [INFO]    [PING OK] US | VLESS | 5688ms
2026-02-26 17:40:30 [INFO]    [PING OK] CA | VLESS | 2349ms
2026-02-26 17:40:30 [INFO]    [PING OK] SG | VLESS | 2194ms
2026-02-26 17:40:30 [INFO]    [PING OK] CA | VLESS | 4062ms
2026-02-26 17:40:30 [INFO]    [PING OK] CA | VLESS | 2626ms
2026-02-26 17:40:30 [INFO]    [PING OK] CA | VLESS | 1990ms
2026-02-26 17:40:31 [INFO]    [PING OK] TR | VLESS | 2345ms
2026-02-26 17:40:32 [INFO]    [PING OK] NL | VLESS | 5485ms
2026-02-26 17:40:32 [INFO]    [PING OK] LV | VLESS | 5979ms
2026-02-26 17:40:35 [INFO] 🏎️ ЭТАП 2: Глубокий замер скорости для 40 иностранных кандидатов...
2026-02-26 17:40:38 [INFO]    🏆 DE | VLESS | Пинг: 2785ms | Скорость: 8.86 Mbps ⚡⚡
2026-02-26 17:40:38 [INFO]    🏆 US | VLESS | Пинг: 2788ms | Скорость: 6.96 Mbps ⚡⚡
2026-02-26 17:40:39 [INFO]    🏆 SG | VLESS | Пинг: 2194ms | Скорость: 5.97 Mbps ⚡⚡
2026-02-26 17:40:39 [INFO]    🏆 DE | VLESS | Пинг: 3044ms | Скорость: 18.65 Mbps ⚡⚡
2026-02-26 17:40:41 [INFO]    🏆 DE | VLESS | Пинг: 3152ms | Скорость: 15.84 Mbps ⚡⚡
2026-02-26 17:40:41 [INFO]    🏆 US | VLESS | Пинг: 3122ms | Скорость: 9.88 Mbps ⚡⚡
2026-02-26 17:40:41 [INFO]    🏆 DE | VLESS | Пинг: 3167ms | Скорость: 14.32 Mbps ⚡⚡
2026-02-26 17:40:41 [INFO]    🏆 TR | VLESS | Пинг: 2345ms | Скорость: 2.28 Mbps ⚡
2026-02-26 17:40:41 [INFO]    🏆 IT | VLESS | Пинг: 2776ms | Скорость: 2.0 Mbps ⚡
2026-02-26 17:40:41 [INFO]    🏆 LT | VLESS | Пинг: 2620ms | Скорость: 0.83 Mbps 
2026-02-26 17:40:42 [INFO]    🏆 US | VLESS | Пинг: 2789ms | Скорость: 1.78 Mbps ⚡
2026-02-26 17:40:42 [INFO]    🏆 ES | VLESS | Пинг: 2779ms | Скорость: 1.0 Mbps 
2026-02-26 17:40:42 [INFO]    🏆 FI | VLESS | Пинг: 2987ms | Скорость: 1.53 Mbps ⚡
2026-02-26 17:40:42 [INFO]    🏆 TR | VLESS | Пинг: 3217ms | Скорость: 9.74 Mbps ⚡⚡
2026-02-26 17:40:44 [INFO]    🏆 DE | VLESS | Пинг: 3541ms | Скорость: 8.72 Mbps ⚡⚡
2026-02-26 17:40:45 [INFO]    🏆 PL | VLESS | Пинг: 3525ms | Скорость: 7.61 Mbps ⚡⚡
2026-02-26 17:40:45 [INFO]    🏆 DE | VLESS | Пинг: 3715ms | Скорость: 7.46 Mbps ⚡⚡
2026-02-26 17:40:45 [INFO]    🏆 DE | VLESS | Пинг: 3845ms | Скорость: 7.45 Mbps ⚡⚡
2026-02-26 17:40:45 [INFO]    🏆 CH | VLESS | Пинг: 3560ms | Скорость: 6.8 Mbps ⚡⚡
2026-02-26 17:40:45 [INFO]    🏆 NL | VLESS | Пинг: 3589ms | Скорость: 6.53 Mbps ⚡⚡
2026-02-26 17:40:45 [INFO]    🏆 DE | VLESS | Пинг: 3864ms | Скорость: 7.27 Mbps ⚡⚡
2026-02-26 17:40:45 [INFO]    🏆 US | VLESS | Пинг: 3825ms | Скорость: 6.35 Mbps ⚡⚡
2026-02-26 17:40:45 [INFO]    🏆 US | VLESS | Пинг: 3905ms | Скорость: 8.99 Mbps ⚡⚡
2026-02-26 17:40:46 [INFO]    🏆 PL | VLESS | Пинг: 4038ms | Скорость: 35.21 Mbps ⚡⚡
2026-02-26 17:40:46 [INFO]    🏆 DE | VLESS | Пинг: 3982ms | Скорость: 16.05 Mbps ⚡⚡
2026-02-26 17:40:46 [INFO]    🏆 FI | VLESS | Пинг: 4046ms | Скорость: 27.96 Mbps ⚡⚡
2026-02-26 17:40:48 [INFO]    🏆 ES | VLESS | Пинг: 3388ms | Скорость: 2.29 Mbps ⚡
2026-02-26 17:40:48 [INFO]    🏆 PL | VLESS | Пинг: 3840ms | Скорость: 2.55 Mbps ⚡
2026-02-26 17:40:50 [INFO] 📊 Итого в подписке сохранено иностранных серверов: 10
2026-02-26 17:40:50 [INFO] 💾 Файл успешно сохранен: FL1PVPN
