2026-02-24 06:00:05 [INFO] 🚀 START: Smart Selector (Target: 10, ONLY FOREIGN)
2026-02-24 06:00:05 [INFO] 🌐 Загрузка источников (VLESS + VMess)...
2026-02-24 06:00:06 [INFO] 🔍 Уникальных конфигов собрано: 215
2026-02-24 06:00:06 [INFO] ⚡ ЭТАП 1: Замер Пинга и Геолокации. Workers: 40...
2026-02-24 06:00:13 [INFO]    [PING OK] TR | VLESS | 5689ms
2026-02-24 06:00:13 [INFO]    [PING OK] HU | VLESS | 5727ms
2026-02-24 06:00:13 [INFO]    [PING OK] IT | VLESS | 5534ms
2026-02-24 06:00:13 [INFO]    [PING OK] IT | VLESS | 5430ms
2026-02-24 06:00:13 [INFO]    [PING OK] PL | VLESS | 5544ms
2026-02-24 06:00:13 [INFO]    [PING OK] FI | VLESS | 5472ms
2026-02-24 06:00:13 [INFO]    [PING OK] PL | VLESS | 5598ms
2026-02-24 06:00:13 [INFO]    [PING OK] ES | VLESS | 6050ms
2026-02-24 06:00:13 [INFO]    [PING OK] DE | VLESS | 6637ms
2026-02-24 06:00:14 [INFO]    [PING OK] NL | VLESS | 4694ms
2026-02-24 06:00:14 [INFO]    [PING OK] HU | VLESS | 4614ms
2026-02-24 06:00:14 [INFO]    [PING OK] TR | VLESS | 4441ms
2026-02-24 06:00:14 [INFO]    [PING OK] US | VLESS | 7508ms
2026-02-24 06:00:14 [INFO]    [PING OK] ES | VLESS | 4669ms
2026-02-24 06:00:15 [INFO]    [PING OK] PL | VLESS | 4180ms
2026-02-24 06:00:15 [INFO]    [PING OK] CA | VLESS | 5861ms
2026-02-24 06:00:15 [INFO]    [PING OK] HU | VLESS | 3948ms
2026-02-24 06:00:15 [INFO]    [PING OK] IT | VLESS | 4169ms
2026-02-24 06:00:15 [INFO]    [PING OK] HU | VLESS | 3844ms
2026-02-24 06:00:17 [INFO]    [PING OK] LV | VLESS | 3513ms
2026-02-24 06:00:17 [INFO]    [PING OK] TR | VLESS | 3837ms
2026-02-24 06:00:17 [INFO]    [PING OK] ES | VLESS | 3809ms
2026-02-24 06:00:17 [INFO]    [PING OK] ES | VLESS | 3808ms
2026-02-24 06:00:18 [INFO]    [PING OK] DE | VLESS | 3768ms
2026-02-24 06:00:18 [INFO]    [PING OK] ES | VLESS | 3975ms
2026-02-24 06:00:18 [INFO]    [PING OK] PL | VLESS | 3716ms
2026-02-24 06:00:18 [INFO]    [PING OK] US | VLESS | 3706ms
2026-02-24 06:00:19 [INFO]    [PING OK] DE | VLESS | 4352ms
2026-02-24 06:00:19 [INFO]    [PING OK] DE | VLESS | 4552ms
2026-02-24 06:00:19 [INFO]    [PING OK] CA | VLESS | 4273ms
2026-02-24 06:00:19 [INFO]    [PING OK] SE | VLESS | 3717ms
2026-02-24 06:00:20 [INFO]    [PING OK] DE | VLESS | 8510ms
2026-02-24 06:00:20 [INFO]    [PING OK] DE | VLESS | 4102ms
2026-02-24 06:00:21 [INFO]    [PING OK] CA | VLESS | 4588ms
2026-02-24 06:00:21 [INFO]    [PING OK] NL | VLESS | 7836ms
2026-02-24 06:00:21 [INFO]    [PING OK] NL | VLESS | 7072ms
2026-02-24 06:00:21 [INFO]    [PING OK] NL | VLESS | 7533ms
2026-02-24 06:00:23 [INFO]    [PING OK] DE | VLESS | 4815ms
2026-02-24 06:00:23 [INFO]    [PING OK] NL | VLESS | 4924ms
2026-02-24 06:00:24 [INFO]    [PING OK] CA | VLESS | 5215ms
2026-02-24 06:00:24 [INFO]    [PING OK] CA | VLESS | 7815ms
2026-02-24 06:00:24 [INFO]    [PING OK] CA | VLESS | 5343ms
2026-02-24 06:00:24 [INFO]    [PING OK] TR | VLESS | 5438ms
2026-02-24 06:00:24 [INFO]    [PING OK] TR | VLESS | 5228ms
2026-02-24 06:00:24 [INFO]    [PING OK] SE | VLESS | 5459ms
2026-02-24 06:00:24 [INFO]    [PING OK] CA | VLESS | 6003ms
2026-02-24 06:00:24 [INFO]    [PING OK] CA | VLESS | 8040ms
2026-02-24 06:00:25 [INFO]    [PING OK] SE | VLESS | 5531ms
2026-02-24 06:00:25 [INFO]    [PING OK] CA | VLESS | 5800ms
2026-02-24 06:00:25 [INFO]    [PING OK] CA | VLESS | 7139ms
2026-02-24 06:00:25 [INFO]    [PING OK] US | VLESS | 5836ms
2026-02-24 06:00:26 [INFO]    [PING OK] CA | VLESS | 5938ms
2026-02-24 06:00:26 [INFO]    [PING OK] CA | VLESS | 6438ms
2026-02-24 06:00:26 [INFO]    [PING OK] DE | VLESS | 5674ms
2026-02-24 06:00:28 [INFO]    [PING OK] SE | VLESS | 5494ms
2026-02-24 06:00:28 [INFO]    [PING OK] SE | VLESS | 5492ms
2026-02-24 06:00:28 [INFO]    [PING OK] CA | VLESS | 5896ms
2026-02-24 06:00:28 [INFO]    [PING OK] EE | VLESS | 5441ms
2026-02-24 06:00:28 [INFO]    [PING OK] CA | VLESS | 5941ms
2026-02-24 06:00:28 [INFO]    [PING OK] SE | VLESS | 4309ms
2026-02-24 06:00:28 [INFO]    [PING OK] DE | VLESS | 4128ms
2026-02-24 06:00:28 [INFO]    [PING OK] CA | VLESS | 5513ms
2026-02-24 06:00:28 [INFO]    [PING OK] DE | VLESS | 3432ms
2026-02-24 06:00:28 [INFO]    [PING OK] DE | VLESS | 2855ms
2026-02-24 06:00:28 [INFO]    [PING OK] CA | VLESS | 5631ms
2026-02-24 06:00:28 [INFO]    [PING OK] SE | VLESS | 2925ms
2026-02-24 06:00:29 [INFO]    [PING OK] SG | VLESS | 3809ms
2026-02-24 06:00:29 [INFO]    [PING OK] CA | VLESS | 3950ms
2026-02-24 06:00:29 [INFO]    [PING OK] SE | VLESS | 3236ms
2026-02-24 06:00:29 [INFO]    [PING OK] CA | VLESS | 4537ms
2026-02-24 06:00:29 [INFO]    [PING OK] DE | VLESS | 2795ms
2026-02-24 06:00:29 [INFO]    [PING OK] CA | VLESS | 5115ms
2026-02-24 06:00:30 [INFO]    [PING OK] CA | VLESS | 5042ms
2026-02-24 06:00:33 [INFO]    [PING OK] DE | VLESS | 5808ms
2026-02-24 06:00:33 [INFO] 🏎️ ЭТАП 2: Глубокий замер скорости для 40 иностранных кандидатов...
2026-02-24 06:00:38 [INFO]    🏆 DE | VLESS | Пинг: 3768ms | Скорость: 5.26 Mbps ⚡⚡
2026-02-24 06:00:38 [INFO]    🏆 DE | VLESS | Пинг: 2855ms | Скорость: 4.92 Mbps ⚡⚡
2026-02-24 06:00:38 [INFO]    🏆 DE | VLESS | Пинг: 3432ms | Скорость: 4.96 Mbps ⚡⚡
2026-02-24 06:00:38 [INFO]    🏆 PL | VLESS | Пинг: 3716ms | Скорость: 5.02 Mbps ⚡⚡
2026-02-24 06:00:38 [INFO]    🏆 LV | VLESS | Пинг: 3513ms | Скорость: 4.92 Mbps ⚡⚡
2026-02-24 06:00:38 [INFO]    🏆 HU | VLESS | Пинг: 3844ms | Скорость: 5.1 Mbps ⚡⚡
2026-02-24 06:00:38 [INFO]    🏆 TR | VLESS | Пинг: 3837ms | Скорость: 5.07 Mbps ⚡⚡
2026-02-24 06:00:38 [INFO]    🏆 ES | VLESS | Пинг: 3809ms | Скорость: 4.93 Mbps ⚡⚡
2026-02-24 06:00:38 [INFO]    🏆 US | VLESS | Пинг: 3706ms | Скорость: 4.76 Mbps ⚡⚡
2026-02-24 06:00:38 [INFO]    🏆 SE | VLESS | Пинг: 3717ms | Скорость: 4.85 Mbps ⚡⚡
2026-02-24 06:00:38 [INFO]    🏆 SG | VLESS | Пинг: 3809ms | Скорость: 4.88 Mbps ⚡⚡
2026-02-24 06:00:38 [INFO]    🏆 ES | VLESS | Пинг: 3808ms | Скорость: 4.8 Mbps ⚡⚡
2026-02-24 06:00:40 [INFO]    🏆 SE | VLESS | Пинг: 3236ms | Скорость: 0.77 Mbps 
2026-02-24 06:00:40 [INFO]    🏆 SE | VLESS | Пинг: 2925ms | Скорость: 1.35 Mbps 
2026-02-24 06:00:41 [INFO]    🏆 HU | VLESS | Пинг: 3948ms | Скорость: 9.8 Mbps ⚡⚡
2026-02-24 06:00:41 [INFO]    🏆 CA | VLESS | Пинг: 3950ms | Скорость: 7.64 Mbps ⚡⚡
2026-02-24 06:00:42 [INFO]    🏆 PL | VLESS | Пинг: 4180ms | Скорость: 7.07 Mbps ⚡⚡
2026-02-24 06:00:42 [INFO]    🏆 DE | VLESS | Пинг: 4128ms | Скорость: 7.09 Mbps ⚡⚡
2026-02-24 06:00:42 [INFO]    🏆 ES | VLESS | Пинг: 3975ms | Скорость: 6.74 Mbps ⚡⚡
2026-02-24 06:00:42 [INFO]    🏆 IT | VLESS | Пинг: 4169ms | Скорость: 6.72 Mbps ⚡⚡
2026-02-24 06:00:42 [INFO]    🏆 DE | VLESS | Пинг: 4102ms | Скорость: 6.14 Mbps ⚡⚡
2026-02-24 06:00:42 [INFO]    🏆 TR | VLESS | Пинг: 4441ms | Скорость: 6.25 Mbps ⚡⚡
2026-02-24 06:00:42 [INFO]    🏆 SE | VLESS | Пинг: 4309ms | Скорость: 5.72 Mbps ⚡⚡
2026-02-24 06:00:43 [INFO]    🏆 HU | VLESS | Пинг: 4614ms | Скорость: 7.98 Mbps ⚡⚡
2026-02-24 06:00:44 [INFO]    🏆 ES | VLESS | Пинг: 4669ms | Скорость: 8.36 Mbps ⚡⚡
2026-02-24 06:00:44 [INFO]    🏆 NL | VLESS | Пинг: 4924ms | Скорость: 13.59 Mbps ⚡⚡
2026-02-24 06:00:44 [INFO]    🏆 NL | VLESS | Пинг: 4694ms | Скорость: 7.68 Mbps ⚡⚡
2026-02-24 06:00:44 [INFO]    🏆 IT | VLESS | Пинг: 5430ms | Скорость: 14.78 Mbps ⚡⚡
2026-02-24 06:00:45 [INFO]    🏆 TR | VLESS | Пинг: 5228ms | Скорость: 10.64 Mbps ⚡⚡
2026-02-24 06:00:48 [INFO]    🏆 CA | VLESS | Пинг: 5042ms | Скорость: 3.78 Mbps ⚡⚡
2026-02-24 06:00:49 [INFO]    🏆 CA | VLESS | Пинг: 5215ms | Скорость: 0.93 Mbps 
2026-02-24 06:00:49 [INFO] 📊 Итого в подписке сохранено иностранных серверов: 10
2026-02-24 06:00:49 [INFO] 💾 Файл успешно сохранен: FL1PVPN
