2026-02-23 05:20:05 [INFO] 🚀 START: Smart Selector (Target: 10, ONLY FOREIGN)
2026-02-23 05:20:05 [INFO] 🌐 Загрузка источников (VLESS + VMess)...
2026-02-23 05:20:07 [INFO] 🔍 Уникальных конфигов собрано: 228
2026-02-23 05:20:07 [INFO] ⚡ ЭТАП 1: Замер Пинга и Геолокации. Workers: 40...
2026-02-23 05:20:12 [INFO]    [PING OK] CZ | VLESS | 4136ms
2026-02-23 05:20:12 [INFO]    [PING OK] NL | VLESS | 4336ms
2026-02-23 05:20:13 [INFO]    [PING OK] NL | VLESS | 4431ms
2026-02-23 05:20:13 [INFO]    [PING OK] DE | VLESS | 3440ms
2026-02-23 05:20:13 [INFO]    [PING OK] DE | VLESS | 3604ms
2026-02-23 05:20:13 [INFO]    [PING OK] PL | VLESS | 3323ms
2026-02-23 05:20:14 [INFO]    [PING OK] PL | VLESS | 3097ms
2026-02-23 05:20:14 [INFO]    [PING OK] PL | VLESS | 2976ms
2026-02-23 05:20:14 [INFO]    [PING OK] DE | VLESS | 6332ms
2026-02-23 05:20:14 [INFO]    [PING OK] DE | VLESS | 4744ms
2026-02-23 05:20:16 [INFO]    [PING OK] ES | VLESS | 2898ms
2026-02-23 05:20:16 [INFO]    [PING OK] DE | VLESS | 6275ms
2026-02-23 05:20:16 [INFO]    [PING OK] ES | VLESS | 2978ms
2026-02-23 05:20:16 [INFO]    [PING OK] HU | VLESS | 2972ms
2026-02-23 05:20:16 [INFO]    [PING OK] US | VLESS | 3246ms
2026-02-23 05:20:16 [INFO]    [PING OK] FR | VLESS | 3374ms
2026-02-23 05:20:16 [INFO]    [PING OK] TR | VLESS | 3142ms
2026-02-23 05:20:16 [INFO]    [PING OK] HU | VLESS | 2985ms
2026-02-23 05:20:17 [INFO]    [PING OK] EE | VLESS | 2999ms
2026-02-23 05:20:17 [INFO]    [PING OK] HU | VLESS | 3019ms
2026-02-23 05:20:17 [INFO]    [PING OK] PL | VLESS | 3068ms
2026-02-23 05:20:17 [INFO]    [PING OK] ES | VLESS | 2956ms
2026-02-23 05:20:17 [INFO]    [PING OK] ES | VLESS | 3030ms
2026-02-23 05:20:17 [INFO]    [PING OK] TR | VLESS | 3026ms
2026-02-23 05:20:17 [INFO]    [PING OK] FI | VLESS | 3245ms
2026-02-23 05:20:17 [INFO]    [PING OK] DE | VLESS | 8436ms
2026-02-23 05:20:17 [INFO]    [PING OK] HU | VLESS | 3149ms
2026-02-23 05:20:17 [INFO]    [PING OK] PL | VLESS | 3372ms
2026-02-23 05:20:17 [INFO]    [PING OK] NL | VLESS | 3137ms
2026-02-23 05:20:17 [INFO]    [PING OK] IT | VLESS | 3352ms
2026-02-23 05:20:17 [INFO]    [PING OK] DE | VLESS | 3333ms
2026-02-23 05:20:17 [INFO]    [PING OK] PL | VLESS | 3100ms
2026-02-23 05:20:18 [INFO]    [PING OK] DE | VLESS | 4002ms
2026-02-23 05:20:18 [INFO]    [PING OK] DE | VLESS | 8974ms
2026-02-23 05:20:18 [INFO]    [PING OK] ES | VLESS | 3143ms
2026-02-23 05:20:19 [INFO]    [PING OK] ES | VLESS | 3692ms
2026-02-23 05:20:19 [INFO]    [PING OK] PL | VLESS | 4107ms
2026-02-23 05:20:19 [INFO]    [PING OK] DE | VLESS | 6260ms
2026-02-23 05:20:20 [INFO]    [PING OK] DE | VLESS | 4052ms
2026-02-23 05:20:21 [INFO]    [PING OK] DE | VLESS | 6095ms
2026-02-23 05:20:21 [INFO]    [PING OK] PL | VLESS | 4215ms
2026-02-23 05:20:22 [INFO]    [PING OK] HU | VLESS | 4372ms
2026-02-23 05:20:22 [INFO]    [PING OK] ES | VLESS | 4520ms
2026-02-23 05:20:22 [INFO]    [PING OK] ES | VLESS | 4701ms
2026-02-23 05:20:22 [INFO]    [PING OK] PL | VLESS | 4313ms
2026-02-23 05:20:22 [INFO]    [PING OK] HU | VLESS | 4603ms
2026-02-23 05:20:23 [INFO]    [PING OK] TR | VLESS | 4826ms
2026-02-23 05:20:23 [INFO]    [PING OK] EE | VLESS | 4718ms
2026-02-23 05:20:23 [INFO]    [PING OK] TR | VLESS | 4793ms
2026-02-23 05:20:23 [INFO]    [PING OK] CA | VLESS | 5123ms
2026-02-23 05:20:23 [INFO]    [PING OK] DE | VLESS | 6449ms
2026-02-23 05:20:24 [INFO]    [PING OK] CA | VLESS | 5324ms
2026-02-23 05:20:24 [INFO]    [PING OK] CA | VLESS | 5265ms
2026-02-23 05:20:24 [INFO]    [PING OK] CA | VLESS | 5031ms
2026-02-23 05:20:25 [INFO]    [PING OK] CA | VLESS | 4928ms
2026-02-23 05:20:25 [INFO]    [PING OK] CA | VLESS | 5004ms
2026-02-23 05:20:26 [INFO]    [PING OK] DE | VLESS | 5697ms
2026-02-23 05:20:26 [INFO]    [PING OK] CA | VLESS | 5200ms
2026-02-23 05:20:27 [INFO]    [PING OK] CA | VLESS | 5198ms
2026-02-23 05:20:27 [INFO]    [PING OK] CA | VLESS | 5988ms
2026-02-23 05:20:28 [INFO]    [PING OK] CA | VLESS | 5922ms
2026-02-23 05:20:28 [INFO]    [PING OK] CA | VLESS | 5953ms
2026-02-23 05:20:29 [INFO]    [PING OK] CA | VLESS | 5943ms
2026-02-23 05:20:29 [INFO]    [PING OK] CA | VLESS | 6358ms
2026-02-23 05:20:29 [INFO]    [PING OK] CA | VLESS | 5758ms
2026-02-23 05:20:29 [INFO]    [PING OK] CA | VLESS | 5397ms
2026-02-23 05:20:29 [INFO]    [PING OK] CA | VLESS | 5450ms
2026-02-23 05:20:29 [INFO]    [PING OK] CA | VLESS | 5174ms
2026-02-23 05:20:30 [INFO]    [PING OK] CA | VLESS | 6750ms
2026-02-23 05:20:30 [INFO]    [PING OK] CA | VLESS | 6630ms
2026-02-23 05:20:30 [INFO]    [PING OK] CA | VLESS | 4940ms
2026-02-23 05:20:30 [INFO]    [PING OK] CA | VLESS | 4473ms
2026-02-23 05:20:30 [INFO]    [PING OK] CA | VLESS | 4731ms
2026-02-23 05:20:31 [INFO]    [PING OK] CA | VLESS | 4955ms
2026-02-23 05:20:31 [INFO]    [PING OK] CA | VLESS | 2594ms
2026-02-23 05:20:31 [INFO]    [PING OK] CA | VLESS | 2602ms
2026-02-23 05:20:32 [INFO]    [PING OK] CA | VLESS | 8745ms
2026-02-23 05:20:32 [INFO]    [PING OK] CA | VLESS | 3985ms
2026-02-23 05:20:33 [INFO]    [PING OK] GB | VLESS | 3517ms
2026-02-23 05:20:33 [INFO]    [PING OK] US | VLESS | 6156ms
2026-02-23 05:20:33 [INFO]    [PING OK] CA | VLESS | 9486ms
2026-02-23 05:20:33 [INFO]    [PING OK] CA | VLESS | 6342ms
2026-02-23 05:20:34 [INFO]    [PING OK] US | VLESS | 5899ms
2026-02-23 05:20:35 [INFO] 🏎️ ЭТАП 2: Глубокий замер скорости для 40 иностранных кандидатов...
2026-02-23 05:20:39 [INFO]    🏆 PL | VLESS | Пинг: 3068ms | Скорость: 6.9 Mbps ⚡⚡
2026-02-23 05:20:39 [INFO]    🏆 ES | VLESS | Пинг: 2978ms | Скорость: 6.53 Mbps ⚡⚡
2026-02-23 05:20:39 [INFO]    🏆 ES | VLESS | Пинг: 2898ms | Скорость: 6.31 Mbps ⚡⚡
2026-02-23 05:20:39 [INFO]    🏆 HU | VLESS | Пинг: 2985ms | Скорость: 6.49 Mbps ⚡⚡
2026-02-23 05:20:39 [INFO]    🏆 ES | VLESS | Пинг: 3030ms | Скорость: 6.78 Mbps ⚡⚡
2026-02-23 05:20:39 [INFO]    🏆 HU | VLESS | Пинг: 2972ms | Скорость: 6.43 Mbps ⚡⚡
2026-02-23 05:20:39 [INFO]    🏆 HU | VLESS | Пинг: 3019ms | Скорость: 6.51 Mbps ⚡⚡
2026-02-23 05:20:39 [INFO]    🏆 PL | VLESS | Пинг: 3100ms | Скорость: 6.69 Mbps ⚡⚡
2026-02-23 05:20:39 [INFO]    🏆 TR | VLESS | Пинг: 3026ms | Скорость: 6.56 Mbps ⚡⚡
2026-02-23 05:20:39 [INFO]    🏆 EE | VLESS | Пинг: 2999ms | Скорость: 6.24 Mbps ⚡⚡
2026-02-23 05:20:41 [INFO]    🏆 CA | VLESS | Пинг: 2594ms | Скорость: 4.04 Mbps ⚡⚡
2026-02-23 05:20:42 [INFO]    🏆 ES | VLESS | Пинг: 2956ms | Скорость: 3.41 Mbps ⚡⚡
2026-02-23 05:20:42 [INFO]    🏆 PL | VLESS | Пинг: 2976ms | Скорость: 1.61 Mbps ⚡
2026-02-23 05:20:42 [INFO]    🏆 PL | VLESS | Пинг: 3097ms | Скорость: 0.77 Mbps 
2026-02-23 05:20:42 [INFO]    🏆 TR | VLESS | Пинг: 3142ms | Скорость: 7.4 Mbps ⚡⚡
2026-02-23 05:20:43 [INFO]    🏆 DE | VLESS | Пинг: 3333ms | Скорость: 7.39 Mbps ⚡⚡
2026-02-23 05:20:43 [INFO]    🏆 IT | VLESS | Пинг: 3352ms | Скорость: 7.3 Mbps ⚡⚡
2026-02-23 05:20:43 [INFO]    🏆 HU | VLESS | Пинг: 3149ms | Скорость: 7.15 Mbps ⚡⚡
2026-02-23 05:20:43 [INFO]    🏆 FR | VLESS | Пинг: 3374ms | Скорость: 7.95 Mbps ⚡⚡
2026-02-23 05:20:43 [INFO]    🏆 ES | VLESS | Пинг: 3143ms | Скорость: 7.09 Mbps ⚡⚡
2026-02-23 05:20:43 [INFO]    🏆 FI | VLESS | Пинг: 3245ms | Скорость: 7.09 Mbps ⚡⚡
2026-02-23 05:20:43 [INFO]    🏆 PL | VLESS | Пинг: 3372ms | Скорость: 7.39 Mbps ⚡⚡
2026-02-23 05:20:43 [INFO]    🏆 PL | VLESS | Пинг: 3323ms | Скорость: 7.21 Mbps ⚡⚡
2026-02-23 05:20:43 [INFO]    🏆 NL | VLESS | Пинг: 3137ms | Скорость: 6.81 Mbps ⚡⚡
2026-02-23 05:20:44 [INFO]    🏆 DE | VLESS | Пинг: 3440ms | Скорость: 7.62 Mbps ⚡⚡
2026-02-23 05:20:44 [INFO]    🏆 ES | VLESS | Пинг: 3692ms | Скорость: 12.93 Mbps ⚡⚡
2026-02-23 05:20:46 [INFO]    🏆 PL | VLESS | Пинг: 4215ms | Скорость: 9.41 Mbps ⚡⚡
2026-02-23 05:20:46 [INFO]    🏆 DE | VLESS | Пинг: 4052ms | Скорость: 9.18 Mbps ⚡⚡
2026-02-23 05:20:46 [INFO]    🏆 HU | VLESS | Пинг: 4372ms | Скорость: 9.47 Mbps ⚡⚡
2026-02-23 05:20:46 [INFO]    🏆 PL | VLESS | Пинг: 4313ms | Скорость: 9.36 Mbps ⚡⚡
2026-02-23 05:20:46 [INFO]    🏆 NL | VLESS | Пинг: 4336ms | Скорость: 9.15 Mbps ⚡⚡
2026-02-23 05:20:46 [INFO]    🏆 CZ | VLESS | Пинг: 4136ms | Скорость: 9.04 Mbps ⚡⚡
2026-02-23 05:20:46 [INFO]    🏆 NL | VLESS | Пинг: 4431ms | Скорость: 9.22 Mbps ⚡⚡
2026-02-23 05:20:46 [INFO]    🏆 CA | VLESS | Пинг: 3985ms | Скорость: 6.76 Mbps ⚡⚡
2026-02-23 05:20:49 [INFO]    🏆 PL | VLESS | Пинг: 4107ms | Скорость: 1.45 Mbps 
2026-02-23 05:20:49 [INFO] 📊 Итого в подписке сохранено иностранных серверов: 10
2026-02-23 05:20:49 [INFO] 💾 Файл успешно сохранен: FL1PVPN
