2026-02-16 22:50:06 [INFO] 🚀 START: Smart VLESS Selector (Target: 10, Strict Mode)
2026-02-16 22:50:06 [INFO] 🌐 Загрузка источников...
2026-02-16 22:50:09 [INFO] 🔍 Уникальных конфигов собрано: 583
2026-02-16 22:50:09 [INFO] ⚡ ЭТАП 1: Быстрый замер Пинга (Workers: 25)...
2026-02-16 22:50:10 [INFO]    [PING OK] GB | 195ms
2026-02-16 22:50:11 [INFO]    [PING OK] NL | 323ms
2026-02-16 22:50:11 [INFO]    [PING OK] DE | 294ms
2026-02-16 22:50:12 [INFO]    [PING OK] DE | 1784ms
2026-02-16 22:50:17 [INFO]    [PING OK] KZ | 455ms
2026-02-16 22:50:17 [INFO]    [PING OK] FI | 88ms
2026-02-16 22:50:17 [INFO]    [PING OK] DE | 158ms
2026-02-16 22:50:18 [INFO]    [PING OK] DE | 199ms
2026-02-16 22:50:18 [INFO]    [PING OK] DE | 207ms
2026-02-16 22:50:18 [INFO]    [PING OK] DE | 167ms
2026-02-16 22:50:18 [INFO]    [PING OK] DE | 168ms
2026-02-16 22:50:19 [INFO]    [PING OK] RU | 238ms
2026-02-16 22:50:20 [INFO]    [PING OK] US | 771ms
2026-02-16 22:50:20 [INFO]    [PING OK] FR | 214ms
2026-02-16 22:50:21 [INFO]    [PING OK] RU | 257ms
2026-02-16 22:50:21 [INFO]    [PING OK] PL | 152ms
2026-02-16 22:50:21 [INFO]    [PING OK] US | 188ms
2026-02-16 22:50:21 [INFO]    [PING OK] RU | 251ms
2026-02-16 22:50:22 [INFO]    [PING OK] RU | 225ms
2026-02-16 22:50:22 [INFO]    [PING OK] RU | 211ms
2026-02-16 22:50:22 [INFO]    [PING OK] RU | 212ms
2026-02-16 22:50:22 [INFO]    [PING OK] RU | 535ms
2026-02-16 22:50:22 [INFO]    [PING OK] GB | 382ms
2026-02-16 22:50:22 [INFO]    [PING OK] RU | 234ms
2026-02-16 22:50:22 [INFO]    [PING OK] FI | 286ms
2026-02-16 22:50:22 [INFO]    [PING OK] RU | 145ms
2026-02-16 22:50:23 [INFO]    [PING OK] RU | 63ms
2026-02-16 22:50:23 [INFO]    [PING OK] RU | 65ms
2026-02-16 22:50:23 [INFO]    [PING OK] RU | 265ms
2026-02-16 22:50:23 [INFO]    [PING OK] RU | 80ms
2026-02-16 22:50:23 [INFO]    [PING OK] RU | 242ms
2026-02-16 22:50:23 [INFO]    [PING OK] RU | 200ms
2026-02-16 22:50:23 [INFO]    [PING OK] RU | 489ms
2026-02-16 22:50:23 [INFO]    [PING OK] NL | 154ms
2026-02-16 22:50:23 [INFO]    [PING OK] RU | 266ms
2026-02-16 22:50:23 [INFO]    [PING OK] RU | 78ms
2026-02-16 22:50:23 [INFO]    [PING OK] RU | 210ms
2026-02-16 22:50:24 [INFO]    [PING OK] RU | 624ms
2026-02-16 22:50:24 [INFO]    [PING OK] RU | 442ms
2026-02-16 22:50:24 [INFO]    [PING OK] RU | 92ms
2026-02-16 22:50:24 [INFO]    [PING OK] RU | 311ms
2026-02-16 22:50:24 [INFO]    [PING OK] RU | 70ms
2026-02-16 22:50:24 [INFO]    [PING OK] RU | 273ms
2026-02-16 22:50:24 [INFO]    [PING OK] RU | 209ms
2026-02-16 22:50:24 [INFO]    [PING OK] RU | 231ms
2026-02-16 22:50:24 [INFO]    [PING OK] RU | 105ms
2026-02-16 22:50:24 [INFO]    [PING OK] RU | 300ms
2026-02-16 22:50:24 [INFO]    [PING OK] RU | 101ms
2026-02-16 22:50:24 [INFO]    [PING OK] RU | 62ms
2026-02-16 22:50:24 [INFO]    [PING OK] RU | 193ms
2026-02-16 22:50:25 [INFO]    [PING OK] RU | 141ms
2026-02-16 22:50:25 [INFO]    [PING OK] RU | 58ms
2026-02-16 22:50:25 [INFO]    [PING OK] RU | 77ms
2026-02-16 22:50:25 [INFO]    [PING OK] RU | 332ms
2026-02-16 22:50:25 [INFO]    [PING OK] FI | 222ms
2026-02-16 22:50:25 [INFO]    [PING OK] RU | 233ms
2026-02-16 22:50:25 [INFO]    [PING OK] RU | 1241ms
2026-02-16 22:50:25 [INFO]    [PING OK] RU | 242ms
2026-02-16 22:50:25 [INFO]    [PING OK] RU | 313ms
2026-02-16 22:50:25 [INFO]    [PING OK] RU | 843ms
2026-02-16 22:50:25 [INFO]    [PING OK] RU | 242ms
2026-02-16 22:50:25 [INFO]    [PING OK] RU | 384ms
2026-02-16 22:50:25 [INFO]    [PING OK] RU | 96ms
2026-02-16 22:50:25 [INFO]    [PING OK] RU | 98ms
2026-02-16 22:50:25 [INFO]    [PING OK] RU | 243ms
2026-02-16 22:50:26 [INFO]    [PING OK] RU | 92ms
2026-02-16 22:50:26 [INFO]    [PING OK] RU | 54ms
2026-02-16 22:50:26 [INFO]    [PING OK] RU | 296ms
2026-02-16 22:50:26 [INFO]    [PING OK] RU | 347ms
2026-02-16 22:50:26 [INFO]    [PING OK] RU | 319ms
2026-02-16 22:50:26 [INFO]    [PING OK] DE | 146ms
2026-02-16 22:50:26 [INFO]    [PING OK] RU | 231ms
2026-02-16 22:50:26 [INFO]    [PING OK] RU | 275ms
2026-02-16 22:50:26 [INFO]    [PING OK] RU | 229ms
2026-02-16 22:50:26 [INFO]    [PING OK] RU | 288ms
2026-02-16 22:50:26 [INFO]    [PING OK] RU | 58ms
2026-02-16 22:50:26 [INFO]    [PING OK] RU | 347ms
2026-02-16 22:50:26 [INFO]    [PING OK] PL | 148ms
2026-02-16 22:50:27 [INFO]    [PING OK] RU | 79ms
2026-02-16 22:50:27 [INFO]    [PING OK] RU | 85ms
2026-02-16 22:50:27 [INFO]    [PING OK] RU | 207ms
2026-02-16 22:50:27 [INFO]    [PING OK] RU | 211ms
2026-02-16 22:50:27 [INFO]    [PING OK] DE | 157ms
2026-02-16 22:50:27 [INFO]    [PING OK] RU | 271ms
2026-02-16 22:50:27 [INFO]    [PING OK] RU | 208ms
2026-02-16 22:50:27 [INFO]    [PING OK] RU | 536ms
2026-02-16 22:50:27 [INFO]    [PING OK] RU | 192ms
2026-02-16 22:50:27 [INFO]    [PING OK] RU | 324ms
2026-02-16 22:50:28 [INFO]    [PING OK] NL | 193ms
2026-02-16 22:50:28 [INFO]    [PING OK] RU | 195ms
2026-02-16 22:50:28 [INFO]    [PING OK] RU | 47ms
2026-02-16 22:50:28 [INFO]    [PING OK] HU | 1411ms
2026-02-16 22:50:28 [INFO]    [PING OK] RU | 448ms
2026-02-16 22:50:28 [INFO]    [PING OK] RU | 421ms
2026-02-16 22:50:28 [INFO]    [PING OK] RU | 106ms
2026-02-16 22:50:28 [INFO]    [PING OK] RU | 488ms
2026-02-16 22:50:28 [INFO]    [PING OK] PL | 151ms
2026-02-16 22:50:29 [INFO]    [PING OK] RU | 1451ms
2026-02-16 22:50:29 [INFO]    [PING OK] RU | 1479ms
2026-02-16 22:50:30 [INFO]    [PING OK] RU | 2607ms
2026-02-16 22:50:30 [INFO]    [PING OK] DE | 3513ms
2026-02-16 22:50:34 [INFO]    [PING OK] NL | 412ms
2026-02-16 22:50:36 [INFO]    [PING OK] US | 1148ms
2026-02-16 22:50:37 [INFO]    [PING OK] PL | 417ms
2026-02-16 22:50:38 [INFO]    [PING OK] US | 571ms
2026-02-16 22:50:40 [INFO]    [PING OK] DE | 167ms
2026-02-16 22:50:40 [INFO]    [PING OK] US | 484ms
2026-02-16 22:50:40 [INFO]    [PING OK] US | 553ms
2026-02-16 22:50:40 [INFO]    [PING OK] PL | 112ms
2026-02-16 22:50:41 [INFO]    [PING OK] FR | 201ms
2026-02-16 22:50:43 [INFO]    [PING OK] DE | 424ms
2026-02-16 22:50:44 [INFO]    [PING OK] FI | 230ms
2026-02-16 22:50:46 [INFO]    [PING OK] TR | 277ms
2026-02-16 22:50:48 [INFO]    [PING OK] NL | 304ms
2026-02-16 22:50:49 [INFO]    [PING OK] AT | 204ms
2026-02-16 22:50:50 [INFO]    [PING OK] GB | 445ms
2026-02-16 22:50:51 [INFO]    [PING OK] PL | 888ms
2026-02-16 22:50:54 [INFO]    [PING OK] DE | 139ms
2026-02-16 22:50:57 [INFO]    [PING OK] PL | 150ms
2026-02-16 22:50:59 [INFO]    [PING OK] US | 1222ms
2026-02-16 22:51:00 [INFO]    [PING OK] DE | 194ms
2026-02-16 22:51:01 [INFO]    [PING OK] DE | 151ms
2026-02-16 22:51:02 [INFO]    [PING OK] FR | 167ms
2026-02-16 22:51:02 [INFO]    [PING OK] DE | 201ms
2026-02-16 22:51:03 [INFO]    [PING OK] US | 925ms
2026-02-16 22:51:03 [INFO]    [PING OK] FI | 139ms
2026-02-16 22:51:04 [INFO]    [PING OK] RU | 250ms
2026-02-16 22:51:07 [INFO]    [PING OK] GR | 188ms
2026-02-16 22:51:14 [INFO]    [PING OK] DE | 187ms
2026-02-16 22:51:15 [INFO]    [PING OK] TR | 258ms
2026-02-16 22:51:16 [INFO]    [PING OK] PL | 290ms
2026-02-16 22:51:18 [INFO]    [PING OK] NL | 195ms
2026-02-16 22:51:20 [INFO]    [PING OK] SE | 185ms
2026-02-16 22:51:22 [INFO]    [PING OK] MD | 167ms
2026-02-16 22:51:23 [INFO]    [PING OK] LV | 160ms
2026-02-16 22:51:23 [INFO]    [PING OK] LV | 363ms
2026-02-16 22:51:28 [INFO] 🏎️ ЭТАП 2: Глубокий замер скорости для ТОП-10 серверов...
2026-02-16 22:51:32 [INFO]    🏆 FI | Пинг: 88ms | Скорость: 10.71 Mbps ⚡⚡
2026-02-16 22:51:32 [INFO]    🏆 PL | Пинг: 112ms | Скорость: 10.06 Mbps ⚡⚡
2026-02-16 22:51:32 [INFO]    🏆 DE | Пинг: 139ms | Скорость: 9.4 Mbps ⚡⚡
2026-02-16 22:51:32 [INFO]    🏆 FI | Пинг: 139ms | Скорость: 9.44 Mbps ⚡⚡
2026-02-16 22:51:32 [INFO]    🏆 DE | Пинг: 146ms | Скорость: 9.85 Mbps ⚡⚡
2026-02-16 22:51:32 [INFO]    🏆 PL | Пинг: 148ms | Скорость: 9.59 Mbps ⚡⚡
2026-02-16 22:51:32 [INFO]    🏆 PL | Пинг: 150ms | Скорость: 9.8 Mbps ⚡⚡
2026-02-16 22:51:32 [INFO]    🏆 PL | Пинг: 151ms | Скорость: 9.94 Mbps ⚡⚡
2026-02-16 22:51:32 [INFO]    🏆 DE | Пинг: 151ms | Скорость: 9.91 Mbps ⚡⚡
2026-02-16 22:51:32 [INFO]    🏆 RU | Пинг: 47ms | Скорость: 0.0 Mbps 
2026-02-16 22:51:32 [INFO] 🇷🇺 Добавлен RU сервер: 95.163.210.225
2026-02-16 22:51:32 [INFO] 📊 Итого в подписке сохранено: 10 серверов
2026-02-16 22:51:32 [INFO] 💾 Файл успешно сохранен: FL1PVPN
