2026-02-23 12:50:05 [INFO] 🚀 START: Smart Selector (Target: 10, ONLY FOREIGN)
2026-02-23 12:50:05 [INFO] 🌐 Загрузка источников (VLESS + VMess)...
2026-02-23 12:50:08 [INFO] 🔍 Уникальных конфигов собрано: 221
2026-02-23 12:50:08 [INFO] ⚡ ЭТАП 1: Замер Пинга и Геолокации. Workers: 40...
2026-02-23 12:50:14 [INFO]    [PING OK] ES | VLESS | 4414ms
2026-02-23 12:50:14 [INFO]    [PING OK] CZ | VLESS | 4636ms
2026-02-23 12:50:14 [INFO]    [PING OK] HU | VLESS | 3100ms
2026-02-23 12:50:15 [INFO]    [PING OK] PL | VLESS | 2863ms
2026-02-23 12:50:15 [INFO]    [PING OK] DE | VLESS | 5911ms
2026-02-23 12:50:18 [INFO]    [PING OK] IT | VLESS | 3688ms
2026-02-23 12:50:18 [INFO]    [PING OK] HU | VLESS | 3480ms
2026-02-23 12:50:18 [INFO]    [PING OK] TR | VLESS | 3730ms
2026-02-23 12:50:18 [INFO]    [PING OK] ES | VLESS | 3674ms
2026-02-23 12:50:18 [INFO]    [PING OK] TR | VLESS | 3852ms
2026-02-23 12:50:19 [INFO]    [PING OK] FI | VLESS | 3858ms
2026-02-23 12:50:19 [INFO]    [PING OK] IT | VLESS | 3871ms
2026-02-23 12:50:19 [INFO]    [PING OK] US | VLESS | 4164ms
2026-02-23 12:50:19 [INFO]    [PING OK] PL | VLESS | 3558ms
2026-02-23 12:50:19 [INFO]    [PING OK] ES | VLESS | 3664ms
2026-02-23 12:50:19 [INFO]    [PING OK] JP | VLESS | 4043ms
2026-02-23 12:50:19 [INFO]    [PING OK] HU | VLESS | 3612ms
2026-02-23 12:50:19 [INFO]    [PING OK] ES | VLESS | 3729ms
2026-02-23 12:50:19 [INFO]    [PING OK] IT | VLESS | 3302ms
2026-02-23 12:50:19 [INFO]    [PING OK] PL | VLESS | 3445ms
2026-02-23 12:50:20 [INFO]    [PING OK] HU | VLESS | 3583ms
2026-02-23 12:50:20 [INFO]    [PING OK] PL | VLESS | 3280ms
2026-02-23 12:50:20 [INFO]    [PING OK] ES | VLESS | 3549ms
2026-02-23 12:50:20 [INFO]    [PING OK] HU | VLESS | 5720ms
2026-02-23 12:50:22 [INFO]    [PING OK] HU | VLESS | 4078ms
2026-02-23 12:50:22 [INFO]    [PING OK] DE | VLESS | 7301ms
2026-02-23 12:50:23 [INFO]    [PING OK] ES | VLESS | 4431ms
2026-02-23 12:50:23 [INFO]    [PING OK] TR | VLESS | 4305ms
2026-02-23 12:50:23 [INFO]    [PING OK] PL | VLESS | 4346ms
2026-02-23 12:50:24 [INFO]    [PING OK] DE | VLESS | 4275ms
2026-02-23 12:50:24 [INFO]    [PING OK] ES | VLESS | 4436ms
2026-02-23 12:50:24 [INFO]    [PING OK] ES | VLESS | 4636ms
2026-02-23 12:50:24 [INFO]    [PING OK] EE | VLESS | 4578ms
2026-02-23 12:50:24 [INFO]    [PING OK] PL | VLESS | 4631ms
2026-02-23 12:50:24 [INFO]    [PING OK] SE | VLESS | 4503ms
2026-02-23 12:50:24 [INFO]    [PING OK] TR | VLESS | 4579ms
2026-02-23 12:50:24 [INFO]    [PING OK] SE | VLESS | 4335ms
2026-02-23 12:50:25 [INFO]    [PING OK] SE | VLESS | 4560ms
2026-02-23 12:50:25 [INFO]    [PING OK] CA | VLESS | 5061ms
2026-02-23 12:50:26 [INFO]    [PING OK] DE | VLESS | 5942ms
2026-02-23 12:50:27 [INFO]    [PING OK] SE | VLESS | 5205ms
2026-02-23 12:50:28 [INFO]    [PING OK] SE | VLESS | 5244ms
2026-02-23 12:50:28 [INFO]    [PING OK] SE | VLESS | 5412ms
2026-02-23 12:50:28 [INFO]    [PING OK] SE | VLESS | 5521ms
2026-02-23 12:50:28 [INFO]    [PING OK] DE | VLESS | 5134ms
2026-02-23 12:50:28 [INFO]    [PING OK] SE | VLESS | 5260ms
2026-02-23 12:50:30 [INFO]    [PING OK] SE | VLESS | 4468ms
2026-02-23 12:50:30 [INFO]    [PING OK] DE | VLESS | 4197ms
2026-02-23 12:50:30 [INFO]    [PING OK] DE | VLESS | 2510ms
2026-02-23 12:50:30 [INFO]    [PING OK] US | VLESS | 2375ms
2026-02-23 12:50:30 [INFO]    [PING OK] SE | VLESS | 2110ms
2026-02-23 12:50:31 [INFO]    [PING OK] SE | VLESS | 2784ms
2026-02-23 12:50:32 [INFO]    [PING OK] CA | VLESS | 8096ms
2026-02-23 12:50:35 [INFO]    [PING OK] DE | VLESS | 7392ms
2026-02-23 12:50:35 [INFO] 🏎️ ЭТАП 2: Глубокий замер скорости для 40 иностранных кандидатов...
2026-02-23 12:50:39 [INFO]    🏆 HU | VLESS | Пинг: 3100ms | Скорость: 5.94 Mbps ⚡⚡
2026-02-23 12:50:39 [INFO]    🏆 PL | VLESS | Пинг: 3280ms | Скорость: 5.99 Mbps ⚡⚡
2026-02-23 12:50:39 [INFO]    🏆 IT | VLESS | Пинг: 3302ms | Скорость: 5.87 Mbps ⚡⚡
2026-02-23 12:50:39 [INFO]    🏆 HU | VLESS | Пинг: 3480ms | Скорость: 5.92 Mbps ⚡⚡
2026-02-23 12:50:39 [INFO]    🏆 PL | VLESS | Пинг: 3558ms | Скорость: 6.04 Mbps ⚡⚡
2026-02-23 12:50:39 [INFO]    🏆 PL | VLESS | Пинг: 3445ms | Скорость: 5.83 Mbps ⚡⚡
2026-02-23 12:50:39 [INFO]    🏆 SE | VLESS | Пинг: 2784ms | Скорость: 5.69 Mbps ⚡⚡
2026-02-23 12:50:39 [INFO]    🏆 HU | VLESS | Пинг: 3612ms | Скорость: 6.01 Mbps ⚡⚡
2026-02-23 12:50:39 [INFO]    🏆 PL | VLESS | Пинг: 2863ms | Скорость: 5.78 Mbps ⚡⚡
2026-02-23 12:50:40 [INFO]    🏆 DE | VLESS | Пинг: 2510ms | Скорость: 5.24 Mbps ⚡⚡
2026-02-23 12:50:41 [INFO]    🏆 ES | VLESS | Пинг: 3674ms | Скорость: 9.17 Mbps ⚡⚡
2026-02-23 12:50:42 [INFO]    🏆 ES | VLESS | Пинг: 3549ms | Скорость: 1.61 Mbps ⚡
2026-02-23 12:50:42 [INFO]    🏆 ES | VLESS | Пинг: 3664ms | Скорость: 1.45 Mbps 
2026-02-23 12:50:42 [INFO]    🏆 ES | VLESS | Пинг: 3729ms | Скорость: 8.53 Mbps ⚡⚡
2026-02-23 12:50:42 [INFO]    🏆 IT | VLESS | Пинг: 3871ms | Скорость: 8.94 Mbps ⚡⚡
2026-02-23 12:50:42 [INFO]    🏆 IT | VLESS | Пинг: 3688ms | Скорость: 8.36 Mbps ⚡⚡
2026-02-23 12:50:43 [INFO]    🏆 HU | VLESS | Пинг: 4078ms | Скорость: 7.82 Mbps ⚡⚡
2026-02-23 12:50:43 [INFO]    🏆 TR | VLESS | Пинг: 3852ms | Скорость: 7.42 Mbps ⚡⚡
2026-02-23 12:50:43 [INFO]    🏆 TR | VLESS | Пинг: 3730ms | Скорость: 7.27 Mbps ⚡⚡
2026-02-23 12:50:43 [INFO]    🏆 DE | VLESS | Пинг: 4197ms | Скорость: 7.07 Mbps ⚡⚡
2026-02-23 12:50:44 [INFO]    🏆 FI | VLESS | Пинг: 3858ms | Скорость: 4.63 Mbps ⚡⚡
2026-02-23 12:50:45 [INFO]    🏆 DE | VLESS | Пинг: 4275ms | Скорость: 6.85 Mbps ⚡⚡
2026-02-23 12:50:45 [INFO]    🏆 SE | VLESS | Пинг: 4335ms | Скорость: 8.71 Mbps ⚡⚡
2026-02-23 12:50:46 [INFO]    🏆 TR | VLESS | Пинг: 4305ms | Скорость: 5.91 Mbps ⚡⚡
2026-02-23 12:50:46 [INFO]    🏆 SE | VLESS | Пинг: 4468ms | Скорость: 6.6 Mbps ⚡⚡
2026-02-23 12:50:46 [INFO]    🏆 SE | VLESS | Пинг: 4560ms | Скорость: 7.28 Mbps ⚡⚡
2026-02-23 12:50:46 [INFO]    🏆 PL | VLESS | Пинг: 4346ms | Скорость: 5.83 Mbps ⚡⚡
2026-02-23 12:50:46 [INFO]    🏆 ES | VLESS | Пинг: 4414ms | Скорость: 5.71 Mbps ⚡⚡
2026-02-23 12:50:46 [INFO]    🏆 ES | VLESS | Пинг: 4436ms | Скорость: 6.09 Mbps ⚡⚡
2026-02-23 12:50:46 [INFO]    🏆 ES | VLESS | Пинг: 4431ms | Скорость: 6.01 Mbps ⚡⚡
2026-02-23 12:50:46 [INFO]    🏆 TR | VLESS | Пинг: 4579ms | Скорость: 7.6 Mbps ⚡⚡
2026-02-23 12:50:47 [INFO]    🏆 PL | VLESS | Пинг: 4631ms | Скорость: 6.82 Mbps ⚡⚡
2026-02-23 12:50:49 [INFO]    🏆 SE | VLESS | Пинг: 4503ms | Скорость: 3.72 Mbps ⚡⚡
2026-02-23 12:50:50 [INFO]    🏆 CZ | VLESS | Пинг: 4636ms | Скорость: 4.15 Mbps ⚡⚡
2026-02-23 12:50:50 [INFO] 📊 Итого в подписке сохранено иностранных серверов: 10
2026-02-23 12:50:50 [INFO] 💾 Файл успешно сохранен: FL1PVPN
