2026-02-27 04:00:06 [INFO] 🚀 START: Smart Selector (Target: 10, ONLY FOREIGN)
2026-02-27 04:00:06 [INFO] 🌐 Загрузка источников (VLESS + VMess)...
2026-02-27 04:00:07 [INFO] 🔍 Уникальных конфигов собрано: 156
2026-02-27 04:00:07 [INFO] ⚡ ЭТАП 1: Замер Пинга и Геолокации. Workers: 40...
2026-02-27 04:00:13 [INFO]    [PING OK] FI | VLESS | 5016ms
2026-02-27 04:00:13 [INFO]    [PING OK] DE | VLESS | 5112ms
2026-02-27 04:00:13 [INFO]    [PING OK] FI | VLESS | 5064ms
2026-02-27 04:00:13 [INFO]    [PING OK] NL | VLESS | 5150ms
2026-02-27 04:00:13 [INFO]    [PING OK] NL | VLESS | 5099ms
2026-02-27 04:00:13 [INFO]    [PING OK] DE | VLESS | 4769ms
2026-02-27 04:00:13 [INFO]    [PING OK] FI | VLESS | 5121ms
2026-02-27 04:00:13 [INFO]    [PING OK] NL | VLESS | 5219ms
2026-02-27 04:00:13 [INFO]    [PING OK] FI | VLESS | 4941ms
2026-02-27 04:00:13 [INFO]    [PING OK] IT | VLESS | 5135ms
2026-02-27 04:00:14 [INFO]    [PING OK] DE | VLESS | 5182ms
2026-02-27 04:00:14 [INFO]    [PING OK] DE | VLESS | 5167ms
2026-02-27 04:00:14 [INFO]    [PING OK] FI | VLESS | 5295ms
2026-02-27 04:00:14 [INFO]    [PING OK] FI | VLESS | 5779ms
2026-02-27 04:00:14 [INFO]    [PING OK] IT | VLESS | 5324ms
2026-02-27 04:00:14 [INFO]    [PING OK] NL | VLESS | 5818ms
2026-02-27 04:00:14 [INFO]    [PING OK] ES | VLESS | 4883ms
2026-02-27 04:00:14 [INFO]    [PING OK] NL | VLESS | 4415ms
2026-02-27 04:00:14 [INFO]    [PING OK] NL | VLESS | 4762ms
2026-02-27 04:00:14 [INFO]    [PING OK] ES | VLESS | 3920ms
2026-02-27 04:00:14 [INFO]    [PING OK] DE | VLESS | 3853ms
2026-02-27 04:00:15 [INFO]    [PING OK] TR | VLESS | 4794ms
2026-02-27 04:00:15 [INFO]    [PING OK] US | VLESS | 4588ms
2026-02-27 04:00:15 [INFO]    [PING OK] TR | VLESS | 3841ms
2026-02-27 04:00:15 [INFO]    [PING OK] FI | VLESS | 4254ms
2026-02-27 04:00:15 [INFO]    [PING OK] DE | VLESS | 4150ms
2026-02-27 04:00:16 [INFO]    [PING OK] HK | VLESS | 4201ms
2026-02-27 04:00:19 [INFO]    [PING OK] DE | VLESS | 4380ms
2026-02-27 04:00:19 [INFO]    [PING OK] FI | VLESS | 4258ms
2026-02-27 04:00:19 [INFO]    [PING OK] ES | VLESS | 4566ms
2026-02-27 04:00:19 [INFO]    [PING OK] PL | VLESS | 4322ms
2026-02-27 04:00:19 [INFO]    [PING OK] PL | VLESS | 4294ms
2026-02-27 04:00:19 [INFO]    [PING OK] ES | VLESS | 4318ms
2026-02-27 04:00:19 [INFO]    [PING OK] IT | VLESS | 4534ms
2026-02-27 04:00:19 [INFO]    [PING OK] FI | VLESS | 4796ms
2026-02-27 04:00:19 [INFO]    [PING OK] DE | VLESS | 4465ms
2026-02-27 04:00:19 [INFO]    [PING OK] US | VLESS | 4653ms
2026-02-27 04:00:19 [INFO]    [PING OK] ES | VLESS | 4401ms
2026-02-27 04:00:19 [INFO]    [PING OK] US | VLESS | 4610ms
2026-02-27 04:00:19 [INFO]    [PING OK] ES | VLESS | 4836ms
2026-02-27 04:00:19 [INFO]    [PING OK] PL | VLESS | 4148ms
2026-02-27 04:00:19 [INFO]    [PING OK] NL | VLESS | 4686ms
2026-02-27 04:00:20 [INFO]    [PING OK] LV | VLESS | 3752ms
2026-02-27 04:00:20 [INFO]    [PING OK] LV | VLESS | 3938ms
2026-02-27 04:00:20 [INFO]    [PING OK] CH | VLESS | 4060ms
2026-02-27 04:00:20 [INFO]    [PING OK] SE | VLESS | 4006ms
2026-02-27 04:00:20 [INFO]    [PING OK] HK | VLESS | 4524ms
2026-02-27 04:00:20 [INFO]    [PING OK] PL | VLESS | 3688ms
2026-02-27 04:00:20 [INFO]    [PING OK] HU | VLESS | 4536ms
2026-02-27 04:00:21 [INFO]    [PING OK] DE | VLESS | 3636ms
2026-02-27 04:00:21 [INFO]    [PING OK] DE | VLESS | 3419ms
2026-02-27 04:00:21 [INFO]    [PING OK] NL | VLESS | 6797ms
2026-02-27 04:00:22 [INFO]    [PING OK] NL | VLESS | 3842ms
2026-02-27 04:00:23 [INFO]    [PING OK] DE | VLESS | 3444ms
2026-02-27 04:00:23 [INFO]    [PING OK] FR | VLESS | 3264ms
2026-02-27 04:00:23 [INFO]    [PING OK] DE | VLESS | 2916ms
2026-02-27 04:00:23 [INFO]    [PING OK] LV | VLESS | 2867ms
2026-02-27 04:00:23 [INFO]    [PING OK] DE | VLESS | 3403ms
2026-02-27 04:00:23 [INFO]    [PING OK] NL | VLESS | 2283ms
2026-02-27 04:00:23 [INFO]    [PING OK] US | VLESS | 2881ms
2026-02-27 04:00:23 [INFO]    [PING OK] DE | VLESS | 2232ms
2026-02-27 04:00:23 [INFO]    [PING OK] DE | VLESS | 2553ms
2026-02-27 04:00:23 [INFO]    [PING OK] SG | VLESS | 2937ms
2026-02-27 04:00:23 [INFO]    [PING OK] DE | VLESS | 2183ms
2026-02-27 04:00:23 [INFO]    [PING OK] DE | VLESS | 824ms
2026-02-27 04:00:24 [INFO]    [PING OK] DE | VLESS | 7031ms
2026-02-27 04:00:24 [INFO]    [PING OK] SG | VLESS | 2190ms
2026-02-27 04:00:24 [INFO]    [PING OK] SG | VLESS | 2639ms
2026-02-27 04:00:24 [INFO]    [PING OK] TW | VLESS | 2882ms
2026-02-27 04:00:24 [INFO]    [PING OK] NL | VLESS | 3605ms
2026-02-27 04:00:25 [INFO]    [PING OK] US | VLESS | 2582ms
2026-02-27 04:00:28 [INFO] 🏎️ ЭТАП 2: Глубокий замер скорости для 40 иностранных кандидатов...
2026-02-27 04:00:33 [INFO]    🏆 DE | VLESS | Пинг: 2183ms | Скорость: 5.5 Mbps ⚡⚡
2026-02-27 04:00:33 [INFO]    🏆 DE | VLESS | Пинг: 2916ms | Скорость: 5.77 Mbps ⚡⚡
2026-02-27 04:00:33 [INFO]    🏆 SG | VLESS | Пинг: 2190ms | Скорость: 5.42 Mbps ⚡⚡
2026-02-27 04:00:33 [INFO]    🏆 DE | VLESS | Пинг: 824ms | Скорость: 5.38 Mbps ⚡⚡
2026-02-27 04:00:33 [INFO]    🏆 DE | VLESS | Пинг: 2553ms | Скорость: 5.61 Mbps ⚡⚡
2026-02-27 04:00:33 [INFO]    🏆 US | VLESS | Пинг: 2881ms | Скорость: 5.59 Mbps ⚡⚡
2026-02-27 04:00:33 [INFO]    🏆 DE | VLESS | Пинг: 2232ms | Скорость: 5.46 Mbps ⚡⚡
2026-02-27 04:00:33 [INFO]    🏆 LV | VLESS | Пинг: 2867ms | Скорость: 5.62 Mbps ⚡⚡
2026-02-27 04:00:33 [INFO]    🏆 DE | VLESS | Пинг: 3403ms | Скорость: 5.75 Mbps ⚡⚡
2026-02-27 04:00:33 [INFO]    🏆 SG | VLESS | Пинг: 2937ms | Скорость: 5.59 Mbps ⚡⚡
2026-02-27 04:00:33 [INFO]    🏆 NL | VLESS | Пинг: 2283ms | Скорость: 5.27 Mbps ⚡⚡
2026-02-27 04:00:34 [INFO]    🏆 TW | VLESS | Пинг: 2882ms | Скорость: 3.81 Mbps ⚡⚡
2026-02-27 04:00:36 [INFO]    🏆 DE | VLESS | Пинг: 3444ms | Скорость: 7.58 Mbps ⚡⚡
2026-02-27 04:00:36 [INFO]    🏆 DE | VLESS | Пинг: 3853ms | Скорость: 7.62 Mbps ⚡⚡
2026-02-27 04:00:36 [INFO]    🏆 PL | VLESS | Пинг: 3688ms | Скорость: 7.44 Mbps ⚡⚡
2026-02-27 04:00:36 [INFO]    🏆 NL | VLESS | Пинг: 3842ms | Скорость: 7.65 Mbps ⚡⚡
2026-02-27 04:00:36 [INFO]    🏆 DE | VLESS | Пинг: 3636ms | Скорость: 7.61 Mbps ⚡⚡
2026-02-27 04:00:36 [INFO]    🏆 TR | VLESS | Пинг: 3841ms | Скорость: 7.42 Mbps ⚡⚡
2026-02-27 04:00:36 [INFO]    🏆 ES | VLESS | Пинг: 3920ms | Скорость: 7.62 Mbps ⚡⚡
2026-02-27 04:00:36 [INFO]    🏆 LV | VLESS | Пинг: 3752ms | Скорость: 7.03 Mbps ⚡⚡
2026-02-27 04:00:36 [INFO]    🏆 LV | VLESS | Пинг: 3938ms | Скорость: 7.29 Mbps ⚡⚡
2026-02-27 04:00:38 [INFO]    🏆 SE | VLESS | Пинг: 4006ms | Скорость: 8.25 Mbps ⚡⚡
2026-02-27 04:00:38 [INFO]    🏆 CH | VLESS | Пинг: 4060ms | Скорость: 12.3 Mbps ⚡⚡
2026-02-27 04:00:39 [INFO]    🏆 PL | VLESS | Пинг: 4148ms | Скорость: 7.53 Mbps ⚡⚡
2026-02-27 04:00:39 [INFO]    🏆 FI | VLESS | Пинг: 4258ms | Скорость: 7.52 Mbps ⚡⚡
2026-02-27 04:00:39 [INFO]    🏆 FI | VLESS | Пинг: 4254ms | Скорость: 7.49 Mbps ⚡⚡
2026-02-27 04:00:39 [INFO]    🏆 DE | VLESS | Пинг: 4150ms | Скорость: 7.53 Mbps ⚡⚡
2026-02-27 04:00:39 [INFO]    🏆 PL | VLESS | Пинг: 4294ms | Скорость: 7.54 Mbps ⚡⚡
2026-02-27 04:00:39 [INFO]    🏆 DE | VLESS | Пинг: 4380ms | Скорость: 8.1 Mbps ⚡⚡
2026-02-27 04:00:40 [INFO]    🏆 ES | VLESS | Пинг: 4318ms | Скорость: 7.49 Mbps ⚡⚡
2026-02-27 04:00:40 [INFO]    🏆 ES | VLESS | Пинг: 4401ms | Скорость: 9.24 Mbps ⚡⚡
2026-02-27 04:00:40 [INFO]    🏆 NL | VLESS | Пинг: 4415ms | Скорость: 10.36 Mbps ⚡⚡
2026-02-27 04:00:40 [INFO]    🏆 DE | VLESS | Пинг: 4465ms | Скорость: 8.51 Mbps ⚡⚡
2026-02-27 04:00:45 [INFO] 📊 Итого в подписке сохранено иностранных серверов: 10
2026-02-27 04:00:45 [INFO] 💾 Файл успешно сохранен: FL1PVPN
