2026-02-17 16:30:06 [INFO] 🚀 START: Smart VLESS Selector (Target: 10, Strict Mode)
2026-02-17 16:30:06 [INFO] 🌐 Загрузка источников...
2026-02-17 16:30:08 [INFO] 🔍 Уникальных конфигов собрано: 497
2026-02-17 16:30:08 [INFO] ⚡ ЭТАП 1: Быстрый замер Пинга (Workers: 25)...
2026-02-17 16:30:09 [INFO]    [PING OK] DE | 169ms
2026-02-17 16:30:10 [INFO]    [PING OK] US | 1085ms
2026-02-17 16:30:10 [INFO]    [PING OK] DE | 917ms
2026-02-17 16:30:11 [INFO]    [PING OK] LV | 1620ms
2026-02-17 16:30:12 [INFO]    [PING OK] IN | 2542ms
2026-02-17 16:30:14 [INFO]    [PING OK] NL | 4356ms
2026-02-17 16:30:15 [INFO]    [PING OK] DE | 1531ms
2026-02-17 16:30:17 [INFO]    [PING OK] RU | 213ms
2026-02-17 16:30:18 [INFO]    [PING OK] RU | 335ms
2026-02-17 16:30:18 [INFO]    [PING OK] RU | 329ms
2026-02-17 16:30:18 [INFO]    [PING OK] RU | 159ms
2026-02-17 16:30:18 [INFO]    [PING OK] RU | 140ms
2026-02-17 16:30:18 [INFO]    [PING OK] RU | 518ms
2026-02-17 16:30:18 [INFO]    [PING OK] RU | 253ms
2026-02-17 16:30:18 [INFO]    [PING OK] RU | 318ms
2026-02-17 16:30:18 [INFO]    [PING OK] RU | 1068ms
2026-02-17 16:30:19 [INFO]    [PING OK] RU | 311ms
2026-02-17 16:30:19 [INFO]    [PING OK] RU | 326ms
2026-02-17 16:30:19 [INFO]    [PING OK] RU | 582ms
2026-02-17 16:30:19 [INFO]    [PING OK] RU | 553ms
2026-02-17 16:30:19 [INFO]    [PING OK] RU | 319ms
2026-02-17 16:30:20 [INFO]    [PING OK] RU | 292ms
2026-02-17 16:30:20 [INFO]    [PING OK] RU | 272ms
2026-02-17 16:30:20 [INFO]    [PING OK] RU | 914ms
2026-02-17 16:30:20 [INFO]    [PING OK] RU | 880ms
2026-02-17 16:30:20 [INFO]    [PING OK] RU | 304ms
2026-02-17 16:30:20 [INFO]    [PING OK] RU | 364ms
2026-02-17 16:30:20 [INFO]    [PING OK] RU | 523ms
2026-02-17 16:30:20 [INFO]    [PING OK] RU | 213ms
2026-02-17 16:30:21 [INFO]    [PING OK] RU | 907ms
2026-02-17 16:30:21 [INFO]    [PING OK] RU | 329ms
2026-02-17 16:30:21 [INFO]    [PING OK] RU | 979ms
2026-02-17 16:30:21 [INFO]    [PING OK] RU | 3298ms
2026-02-17 16:30:21 [INFO]    [PING OK] RU | 851ms
2026-02-17 16:30:21 [INFO]    [PING OK] RU | 308ms
2026-02-17 16:30:21 [INFO]    [PING OK] RU | 2017ms
2026-02-17 16:30:21 [INFO]    [PING OK] RU | 1109ms
2026-02-17 16:30:21 [INFO]    [PING OK] RU | 369ms
2026-02-17 16:30:21 [INFO]    [PING OK] RU | 301ms
2026-02-17 16:30:21 [INFO]    [PING OK] RU | 286ms
2026-02-17 16:30:21 [INFO]    [PING OK] RU | 518ms
2026-02-17 16:30:22 [INFO]    [PING OK] RU | 1728ms
2026-02-17 16:30:22 [INFO]    [PING OK] RU | 109ms
2026-02-17 16:30:22 [INFO]    [PING OK] RU | 848ms
2026-02-17 16:30:22 [INFO]    [PING OK] RU | 317ms
2026-02-17 16:30:22 [INFO]    [PING OK] RU | 371ms
2026-02-17 16:30:22 [INFO]    [PING OK] RU | 1513ms
2026-02-17 16:30:22 [INFO]    [PING OK] RU | 1189ms
2026-02-17 16:30:22 [INFO]    [PING OK] RU | 252ms
2026-02-17 16:30:22 [INFO]    [PING OK] RU | 261ms
2026-02-17 16:30:23 [INFO]    [PING OK] RU | 1037ms
2026-02-17 16:30:23 [INFO]    [PING OK] RU | 292ms
2026-02-17 16:30:23 [INFO]    [PING OK] RU | 328ms
2026-02-17 16:30:23 [INFO]    [PING OK] RU | 3071ms
2026-02-17 16:30:23 [INFO]    [PING OK] RU | 1210ms
2026-02-17 16:30:23 [INFO]    [PING OK] RU | 473ms
2026-02-17 16:30:24 [INFO]    [PING OK] RU | 895ms
2026-02-17 16:30:24 [INFO]    [PING OK] RU | 1632ms
2026-02-17 16:30:24 [INFO]    [PING OK] RU | 1766ms
2026-02-17 16:30:25 [INFO]    [PING OK] RU | 4109ms
2026-02-17 16:30:26 [INFO]    [PING OK] RU | 2558ms
2026-02-17 16:30:27 [INFO]    [PING OK] RU | 4179ms
2026-02-17 16:30:31 [INFO]    [PING OK] NL | 234ms
2026-02-17 16:30:35 [INFO]    [PING OK] RU | 180ms
2026-02-17 16:30:40 [INFO]    [PING OK] RU | 335ms
2026-02-17 16:30:41 [INFO]    [PING OK] AE | 234ms
2026-02-17 16:30:42 [INFO]    [PING OK] US | 443ms
2026-02-17 16:30:46 [INFO]    [PING OK] FI | 241ms
2026-02-17 16:30:48 [INFO]    [PING OK] AT | 539ms
2026-02-17 16:30:52 [INFO]    [PING OK] LT | 665ms
2026-02-17 16:30:53 [INFO]    [PING OK] PL | 1041ms
2026-02-17 16:30:59 [INFO]    [PING OK] PL | 113ms
2026-02-17 16:31:01 [INFO]    [PING OK] CY | 626ms
2026-02-17 16:31:02 [INFO]    [PING OK] RU | 183ms
2026-02-17 16:31:11 [INFO]    [PING OK] IR | 517ms
2026-02-17 16:31:14 [INFO]    [PING OK] PL | 92ms
2026-02-17 16:31:14 [INFO]    [PING OK] US | 608ms
2026-02-17 16:31:16 [INFO]    [PING OK] RU | 167ms
2026-02-17 16:31:16 [INFO]    [PING OK] DE | 176ms
2026-02-17 16:31:17 [INFO]    [PING OK] ES | 399ms
2026-02-17 16:31:19 [INFO]    [PING OK] NL | 169ms
2026-02-17 16:31:21 [INFO]    [PING OK] DE | 170ms
2026-02-17 16:31:23 [INFO]    [PING OK] PL | 430ms
2026-02-17 16:31:25 [INFO]    [PING OK] MD | 194ms
2026-02-17 16:31:34 [INFO] 🏎️ ЭТАП 2: Глубокий замер скорости для ТОП-10 серверов...
2026-02-17 16:31:41 [INFO]    🏆 PL | Пинг: 92ms | Скорость: 9.07 Mbps ⚡⚡
2026-02-17 16:31:41 [INFO]    🏆 PL | Пинг: 113ms | Скорость: 9.33 Mbps ⚡⚡
2026-02-17 16:31:41 [INFO]    🏆 DE | Пинг: 169ms | Скорость: 9.13 Mbps ⚡⚡
2026-02-17 16:31:41 [INFO]    🏆 NL | Пинг: 169ms | Скорость: 9.41 Mbps ⚡⚡
2026-02-17 16:31:41 [INFO]    🏆 DE | Пинг: 170ms | Скорость: 9.26 Mbps ⚡⚡
2026-02-17 16:31:41 [INFO]    🏆 DE | Пинг: 176ms | Скорость: 9.31 Mbps ⚡⚡
2026-02-17 16:31:41 [INFO]    🏆 MD | Пинг: 194ms | Скорость: 2.52 Mbps ⚡
2026-02-17 16:31:41 [INFO]    🏆 NL | Пинг: 234ms | Скорость: 0.0 Mbps 
2026-02-17 16:31:41 [INFO]    🏆 AE | Пинг: 234ms | Скорость: 10.1 Mbps ⚡⚡
2026-02-17 16:31:41 [INFO]    🏆 RU | Пинг: 109ms | Скорость: 0.0 Mbps 
2026-02-17 16:31:41 [INFO] 🇷🇺 Добавлен RU сервер: 87.242.103.184
2026-02-17 16:31:41 [INFO] 📊 Итого в подписке сохранено: 10 серверов
2026-02-17 16:31:41 [INFO] 💾 Файл успешно сохранен: FL1PVPN
