2026-02-25 23:30:05 [INFO] 🚀 START: Smart Selector (Target: 10, ONLY FOREIGN)
2026-02-25 23:30:05 [INFO] 🌐 Загрузка источников (VLESS + VMess)...
2026-02-25 23:30:06 [INFO] 🔍 Уникальных конфигов собрано: 132
2026-02-25 23:30:06 [INFO] ⚡ ЭТАП 1: Замер Пинга и Геолокации. Workers: 40...
2026-02-25 23:30:11 [INFO]    [PING OK] NL | VLESS | 3648ms
2026-02-25 23:30:11 [INFO]    [PING OK] DE | VLESS | 4019ms
2026-02-25 23:30:11 [INFO]    [PING OK] NL | VLESS | 4021ms
2026-02-25 23:30:11 [INFO]    [PING OK] US | VLESS | 3900ms
2026-02-25 23:30:11 [INFO]    [PING OK] NL | VLESS | 4205ms
2026-02-25 23:30:12 [INFO]    [PING OK] NL | VLESS | 4226ms
2026-02-25 23:30:12 [INFO]    [PING OK] DE | VLESS | 4190ms
2026-02-25 23:30:12 [INFO]    [PING OK] NL | VLESS | 4545ms
2026-02-25 23:30:12 [INFO]    [PING OK] NL | VLESS | 4058ms
2026-02-25 23:30:12 [INFO]    [PING OK] NL | VLESS | 3797ms
2026-02-25 23:30:12 [INFO]    [PING OK] DE | VLESS | 3994ms
2026-02-25 23:30:12 [INFO]    [PING OK] DE | VLESS | 4224ms
2026-02-25 23:30:12 [INFO]    [PING OK] DE | VLESS | 4210ms
2026-02-25 23:30:12 [INFO]    [PING OK] DE | VLESS | 4289ms
2026-02-25 23:30:12 [INFO]    [PING OK] NL | VLESS | 4255ms
2026-02-25 23:30:12 [INFO]    [PING OK] NL | VLESS | 4312ms
2026-02-25 23:30:12 [INFO]    [PING OK] DE | VLESS | 4383ms
2026-02-25 23:30:12 [INFO]    [PING OK] NL | VLESS | 4477ms
2026-02-25 23:30:12 [INFO]    [PING OK] FI | VLESS | 4594ms
2026-02-25 23:30:13 [INFO]    [PING OK] DE | VLESS | 4136ms
2026-02-25 23:30:13 [INFO]    [PING OK] NL | VLESS | 4327ms
2026-02-25 23:30:13 [INFO]    [PING OK] NL | VLESS | 4182ms
2026-02-25 23:30:14 [INFO]    [PING OK] DE | VLESS | 4305ms
2026-02-25 23:30:14 [INFO]    [PING OK] DE | VLESS | 4462ms
2026-02-25 23:30:14 [INFO]    [PING OK] US | VLESS | 4341ms
2026-02-25 23:30:16 [INFO]    [PING OK] FI | VLESS | 5299ms
2026-02-25 23:30:18 [INFO]    [PING OK] DE | VLESS | 4469ms
2026-02-25 23:30:18 [INFO]    [PING OK] CA | VLESS | 5859ms
2026-02-25 23:30:18 [INFO]    [PING OK] SG | VLESS | 5395ms
2026-02-25 23:30:18 [INFO]    [PING OK] US | VLESS | 4689ms
2026-02-25 23:30:18 [INFO]    [PING OK] DE | VLESS | 4291ms
2026-02-25 23:30:18 [INFO]    [PING OK] FR | VLESS | 2529ms
2026-02-25 23:30:18 [INFO]    [PING OK] GB | VLESS | 3410ms
2026-02-25 23:30:18 [INFO]    [PING OK] GB | VLESS | 2215ms
2026-02-25 23:30:18 [INFO]    [PING OK] US | VLESS | 3209ms
2026-02-25 23:30:18 [INFO]    [PING OK] US | VLESS | 2247ms
2026-02-25 23:30:19 [INFO]    [PING OK] CA | VLESS | 6453ms
2026-02-25 23:30:19 [INFO]    [PING OK] NL | VLESS | 4208ms
2026-02-25 23:30:21 [INFO]    [PING OK] SG | VLESS | 7070ms
2026-02-25 23:30:23 [INFO] 🏎️ ЭТАП 2: Глубокий замер скорости для 39 иностранных кандидатов...
2026-02-25 23:30:28 [INFO]    🏆 DE | VLESS | Пинг: 3994ms | Скорость: 5.02 Mbps ⚡⚡
2026-02-25 23:30:28 [INFO]    🏆 NL | VLESS | Пинг: 3797ms | Скорость: 4.89 Mbps ⚡⚡
2026-02-25 23:30:28 [INFO]    🏆 DE | VLESS | Пинг: 4190ms | Скорость: 5.06 Mbps ⚡⚡
2026-02-25 23:30:28 [INFO]    🏆 NL | VLESS | Пинг: 4058ms | Скорость: 5.02 Mbps ⚡⚡
2026-02-25 23:30:28 [INFO]    🏆 FR | VLESS | Пинг: 2529ms | Скорость: 4.81 Mbps ⚡⚡
2026-02-25 23:30:28 [INFO]    🏆 NL | VLESS | Пинг: 4182ms | Скорость: 5.07 Mbps ⚡⚡
2026-02-25 23:30:28 [INFO]    🏆 NL | VLESS | Пинг: 3648ms | Скорость: 4.88 Mbps ⚡⚡
2026-02-25 23:30:28 [INFO]    🏆 DE | VLESS | Пинг: 4019ms | Скорость: 4.96 Mbps ⚡⚡
2026-02-25 23:30:28 [INFO]    🏆 GB | VLESS | Пинг: 3410ms | Скорость: 4.74 Mbps ⚡⚡
2026-02-25 23:30:28 [INFO]    🏆 GB | VLESS | Пинг: 2215ms | Скорость: 4.68 Mbps ⚡⚡
2026-02-25 23:30:28 [INFO]    🏆 NL | VLESS | Пинг: 4021ms | Скорость: 4.84 Mbps ⚡⚡
2026-02-25 23:30:28 [INFO]    🏆 DE | VLESS | Пинг: 4136ms | Скорость: 4.88 Mbps ⚡⚡
2026-02-25 23:30:28 [INFO]    🏆 US | VLESS | Пинг: 2247ms | Скорость: 4.66 Mbps ⚡⚡
2026-02-25 23:30:28 [INFO]    🏆 US | VLESS | Пинг: 3209ms | Скорость: 4.55 Mbps ⚡⚡
2026-02-25 23:30:30 [INFO]    🏆 NL | VLESS | Пинг: 4205ms | Скорость: 11.67 Mbps ⚡⚡
2026-02-25 23:30:32 [INFO]    🏆 DE | VLESS | Пинг: 4224ms | Скорость: 5.75 Mbps ⚡⚡
2026-02-25 23:30:32 [INFO]    🏆 DE | VLESS | Пинг: 4291ms | Скорость: 5.77 Mbps ⚡⚡
2026-02-25 23:30:32 [INFO]    🏆 NL | VLESS | Пинг: 4312ms | Скорость: 5.87 Mbps ⚡⚡
2026-02-25 23:30:32 [INFO]    🏆 NL | VLESS | Пинг: 4226ms | Скорость: 5.79 Mbps ⚡⚡
2026-02-25 23:30:32 [INFO]    🏆 DE | VLESS | Пинг: 4305ms | Скорость: 5.8 Mbps ⚡⚡
2026-02-25 23:30:32 [INFO]    🏆 NL | VLESS | Пинг: 4327ms | Скорость: 5.89 Mbps ⚡⚡
2026-02-25 23:30:32 [INFO]    🏆 NL | VLESS | Пинг: 4208ms | Скорость: 5.71 Mbps ⚡⚡
2026-02-25 23:30:32 [INFO]    🏆 DE | VLESS | Пинг: 4469ms | Скорость: 6.08 Mbps ⚡⚡
2026-02-25 23:30:32 [INFO]    🏆 DE | VLESS | Пинг: 4210ms | Скорость: 5.59 Mbps ⚡⚡
2026-02-25 23:30:32 [INFO]    🏆 NL | VLESS | Пинг: 4255ms | Скорость: 5.69 Mbps ⚡⚡
2026-02-25 23:30:32 [INFO]    🏆 DE | VLESS | Пинг: 4462ms | Скорость: 5.71 Mbps ⚡⚡
2026-02-25 23:30:32 [INFO]    🏆 DE | VLESS | Пинг: 4289ms | Скорость: 5.44 Mbps ⚡⚡
2026-02-25 23:30:33 [INFO]    🏆 US | VLESS | Пинг: 4341ms | Скорость: 5.34 Mbps ⚡⚡
2026-02-25 23:30:34 [INFO]    🏆 NL | VLESS | Пинг: 4477ms | Скорость: 6.64 Mbps ⚡⚡
2026-02-25 23:30:34 [INFO]    🏆 NL | VLESS | Пинг: 4545ms | Скорость: 8.14 Mbps ⚡⚡
2026-02-25 23:30:36 [INFO]    🏆 US | VLESS | Пинг: 4689ms | Скорость: 7.83 Mbps ⚡⚡
2026-02-25 23:30:37 [INFO]    🏆 SG | VLESS | Пинг: 5395ms | Скорость: 5.5 Mbps ⚡⚡
2026-02-25 23:30:39 [INFO]    🏆 FI | VLESS | Пинг: 4594ms | Скорость: 1.48 Mbps 
2026-02-25 23:30:39 [INFO] 📊 Итого в подписке сохранено иностранных серверов: 10
2026-02-25 23:30:39 [INFO] 💾 Файл успешно сохранен: FL1PVPN
