2026-02-24 17:40:06 [INFO] 🚀 START: Smart Selector (Target: 10, ONLY FOREIGN)
2026-02-24 17:40:06 [INFO] 🌐 Загрузка источников (VLESS + VMess)...
2026-02-24 17:40:07 [INFO] 🔍 Уникальных конфигов собрано: 220
2026-02-24 17:40:07 [INFO] ⚡ ЭТАП 1: Замер Пинга и Геолокации. Workers: 40...
2026-02-24 17:40:12 [INFO]    [PING OK] FI | VLESS | 4146ms
2026-02-24 17:40:12 [INFO]    [PING OK] FI | VLESS | 3991ms
2026-02-24 17:40:12 [INFO]    [PING OK] IT | VLESS | 4215ms
2026-02-24 17:40:12 [INFO]    [PING OK] TR | VLESS | 3879ms
2026-02-24 17:40:12 [INFO]    [PING OK] ES | VLESS | 4023ms
2026-02-24 17:40:12 [INFO]    [PING OK] ES | VLESS | 4294ms
2026-02-24 17:40:12 [INFO]    [PING OK] HU | VLESS | 3656ms
2026-02-24 17:40:12 [INFO]    [PING OK] ES | VLESS | 3592ms
2026-02-24 17:40:12 [INFO]    [PING OK] ES | VLESS | 4028ms
2026-02-24 17:40:12 [INFO]    [PING OK] PL | VLESS | 4177ms
2026-02-24 17:40:13 [INFO]    [PING OK] HU | VLESS | 3526ms
2026-02-24 17:40:15 [INFO]    [PING OK] ES | VLESS | 3483ms
2026-02-24 17:40:15 [INFO]    [PING OK] ES | VLESS | 3133ms
2026-02-24 17:40:15 [INFO]    [PING OK] IT | VLESS | 3322ms
2026-02-24 17:40:16 [INFO]    [PING OK] ES | VLESS | 3185ms
2026-02-24 17:40:16 [INFO]    [PING OK] PL | VLESS | 2789ms
2026-02-24 17:40:16 [INFO]    [PING OK] DE | VLESS | 7107ms
2026-02-24 17:40:16 [INFO]    [PING OK] PL | VLESS | 2929ms
2026-02-24 17:40:16 [INFO]    [PING OK] HU | VLESS | 2696ms
2026-02-24 17:40:16 [INFO]    [PING OK] IT | VLESS | 2604ms
2026-02-24 17:40:16 [INFO]    [PING OK] HU | VLESS | 2700ms
2026-02-24 17:40:16 [INFO]    [PING OK] TR | VLESS | 2520ms
2026-02-24 17:40:16 [INFO]    [PING OK] ES | VLESS | 2245ms
2026-02-24 17:40:16 [INFO]    [PING OK] DE | VLESS | 2101ms
2026-02-24 17:40:16 [INFO]    [PING OK] HU | VLESS | 2490ms
2026-02-24 17:40:16 [INFO]    [PING OK] CA | VLESS | 3602ms
2026-02-24 17:40:16 [INFO]    [PING OK] HU | VLESS | 2097ms
2026-02-24 17:40:16 [INFO]    [PING OK] FI | VLESS | 2478ms
2026-02-24 17:40:17 [INFO]    [PING OK] PL | VLESS | 2929ms
2026-02-24 17:40:17 [INFO]    [PING OK] PL | VLESS | 4364ms
2026-02-24 17:40:19 [INFO]    [PING OK] DE | VLESS | 11150ms
2026-02-24 17:40:21 [INFO]    [PING OK] PL | VLESS | 4449ms
2026-02-24 17:40:21 [INFO]    [PING OK] TR | VLESS | 4546ms
2026-02-24 17:40:21 [INFO]    [PING OK] DE | VLESS | 4755ms
2026-02-24 17:40:21 [INFO]    [PING OK] DE | VLESS | 4739ms
2026-02-24 17:40:22 [INFO]    [PING OK] CA | VLESS | 4948ms
2026-02-24 17:40:22 [INFO]    [PING OK] FI | VLESS | 4646ms
2026-02-24 17:40:22 [INFO]    [PING OK] CA | VLESS | 5004ms
2026-02-24 17:40:22 [INFO]    [PING OK] CA | VLESS | 4891ms
2026-02-24 17:40:22 [INFO]    [PING OK] DE | VLESS | 5121ms
2026-02-24 17:40:22 [INFO]    [PING OK] US | VLESS | 4939ms
2026-02-24 17:40:23 [INFO]    [PING OK] CA | VLESS | 4752ms
2026-02-24 17:40:24 [INFO]    [PING OK] CA | VLESS | 5150ms
2026-02-24 17:40:24 [INFO]    [PING OK] NL | VLESS | 4753ms
2026-02-24 17:40:24 [INFO]    [PING OK] CA | VLESS | 4934ms
2026-02-24 17:40:25 [INFO]    [PING OK] NL | VLESS | 4400ms
2026-02-24 17:40:26 [INFO]    [PING OK] CA | VLESS | 5290ms
2026-02-24 17:40:26 [INFO]    [PING OK] US | VLESS | 9035ms
2026-02-24 17:40:26 [INFO]    [PING OK] CA | VLESS | 5165ms
2026-02-24 17:40:26 [INFO]    [PING OK] DE | VLESS | 4250ms
2026-02-24 17:40:27 [INFO]    [PING OK] CA | VLESS | 4785ms
2026-02-24 17:40:27 [INFO]    [PING OK] CA | VLESS | 4579ms
2026-02-24 17:40:27 [INFO]    [PING OK] CA | VLESS | 3553ms
2026-02-24 17:40:27 [INFO]    [PING OK] TR | VLESS | 3227ms
2026-02-24 17:40:28 [INFO]    [PING OK] DE | VLESS | 2947ms
2026-02-24 17:40:28 [INFO]    [PING OK] NL | VLESS | 2937ms
2026-02-24 17:40:28 [INFO]    [PING OK] US | VLESS | 3011ms
2026-02-24 17:40:28 [INFO]    [PING OK] CA | VLESS | 3500ms
2026-02-24 17:40:28 [INFO]    [PING OK] CA | VLESS | 3066ms
2026-02-24 17:40:29 [INFO]    [PING OK] GB | VLESS | 6320ms
2026-02-24 17:40:29 [INFO]    [PING OK] CA | VLESS | 2795ms
2026-02-24 17:40:29 [INFO]    [PING OK] CA | VLESS | 7488ms
2026-02-24 17:40:29 [INFO]    [PING OK] JP | VLESS | 1518ms
2026-02-24 17:40:30 [INFO]    [PING OK] CA | VLESS | 2771ms
2026-02-24 17:40:30 [INFO]    [PING OK] CA | VLESS | 3803ms
2026-02-24 17:40:30 [INFO]    [PING OK] DE | VLESS | 5478ms
2026-02-24 17:40:30 [INFO]    [PING OK] CA | VLESS | 7903ms
2026-02-24 17:40:31 [INFO]    [PING OK] CA | VLESS | 5939ms
2026-02-24 17:40:33 [INFO]    [PING OK] DE | VLESS | 7051ms
2026-02-24 17:40:33 [INFO] 🏎️ ЭТАП 2: Глубокий замер скорости для 40 иностранных кандидатов...
2026-02-24 17:40:37 [INFO]    🏆 HU | VLESS | Пинг: 2097ms | Скорость: 8.26 Mbps ⚡⚡
2026-02-24 17:40:37 [INFO]    🏆 HU | VLESS | Пинг: 2696ms | Скорость: 8.46 Mbps ⚡⚡
2026-02-24 17:40:37 [INFO]    🏆 ES | VLESS | Пинг: 2245ms | Скорость: 8.02 Mbps ⚡⚡
2026-02-24 17:40:38 [INFO]    🏆 NL | VLESS | Пинг: 2937ms | Скорость: 14.5 Mbps ⚡⚡
2026-02-24 17:40:39 [INFO]    🏆 JP | VLESS | Пинг: 1518ms | Скорость: 3.96 Mbps ⚡⚡
2026-02-24 17:40:39 [INFO]    🏆 PL | VLESS | Пинг: 2929ms | Скорость: 4.12 Mbps ⚡⚡
2026-02-24 17:40:39 [INFO]    🏆 HU | VLESS | Пинг: 2700ms | Скорость: 3.97 Mbps ⚡⚡
2026-02-24 17:40:40 [INFO]    🏆 ES | VLESS | Пинг: 3133ms | Скорость: 15.11 Mbps ⚡⚡
2026-02-24 17:40:40 [INFO]    🏆 IT | VLESS | Пинг: 2604ms | Скорость: 1.08 Mbps 
2026-02-24 17:40:41 [INFO]    🏆 PL | VLESS | Пинг: 2789ms | Скорость: 2.36 Mbps ⚡
2026-02-24 17:40:41 [INFO]    🏆 TR | VLESS | Пинг: 2520ms | Скорость: 0.84 Mbps 
2026-02-24 17:40:41 [INFO]    🏆 PL | VLESS | Пинг: 2929ms | Скорость: 1.38 Mbps 
2026-02-24 17:40:41 [INFO]    🏆 HU | VLESS | Пинг: 2490ms | Скорость: 1.31 Mbps 
2026-02-24 17:40:41 [INFO]    🏆 TR | VLESS | Пинг: 3227ms | Скорость: 9.67 Mbps ⚡⚡
2026-02-24 17:40:43 [INFO]    🏆 FI | VLESS | Пинг: 3991ms | Скорость: 13.89 Mbps ⚡⚡
2026-02-24 17:40:43 [INFO]    🏆 TR | VLESS | Пинг: 3879ms | Скорость: 9.78 Mbps ⚡⚡
2026-02-24 17:40:44 [INFO]    🏆 FI | VLESS | Пинг: 4146ms | Скорость: 19.32 Mbps ⚡⚡
2026-02-24 17:40:46 [INFO]    🏆 DE | VLESS | Пинг: 4250ms | Скорость: 17.56 Mbps ⚡⚡
2026-02-24 17:40:46 [INFO]    🏆 HU | VLESS | Пинг: 3526ms | Скорость: 3.52 Mbps ⚡⚡
2026-02-24 17:40:46 [INFO]    🏆 ES | VLESS | Пинг: 4028ms | Скорость: 4.99 Mbps ⚡⚡
2026-02-24 17:40:46 [INFO]    🏆 ES | VLESS | Пинг: 3483ms | Скорость: 0.78 Mbps 
2026-02-24 17:40:47 [INFO]    🏆 HU | VLESS | Пинг: 3656ms | Скорость: 2.14 Mbps ⚡
2026-02-24 17:40:47 [INFO]    🏆 ES | VLESS | Пинг: 4023ms | Скорость: 2.5 Mbps ⚡
2026-02-24 17:40:48 [INFO]    🏆 PL | VLESS | Пинг: 4177ms | Скорость: 5.53 Mbps ⚡⚡
2026-02-24 17:40:50 [INFO]    🏆 IT | VLESS | Пинг: 4215ms | Скорость: 1.42 Mbps 
2026-02-24 17:40:51 [INFO]    🏆 ES | VLESS | Пинг: 4294ms | Скорость: 0.83 Mbps 
2026-02-24 17:40:51 [INFO] 📊 Итого в подписке сохранено иностранных серверов: 10
2026-02-24 17:40:51 [INFO] 💾 Файл успешно сохранен: FL1PVPN
