2026-02-19 16:00:06 [INFO] 🚀 START: Smart VPN Selector (Target: 10, Strict Mode)
2026-02-19 16:00:06 [INFO] 🌐 Загрузка источников...
2026-02-19 16:00:10 [INFO] 🔍 Уникальных конфигов собрано: 1204
2026-02-19 16:00:10 [INFO] ⚡ ЭТАП 1: Быстрый замер Пинга (Workers: 25)...
2026-02-19 16:00:11 [INFO]    [PING OK] RU | 424ms
2026-02-19 16:00:12 [INFO]    [PING OK] RU | 272ms
2026-02-19 16:00:13 [INFO]    [PING OK] RU | 1859ms
2026-02-19 16:00:13 [INFO]    [PING OK] DE | 576ms
2026-02-19 16:00:14 [INFO]    [PING OK] DE | 200ms
2026-02-19 16:00:16 [INFO]    [PING OK] RU | 158ms
2026-02-19 16:00:16 [INFO]    [PING OK] RU | 122ms
2026-02-19 16:00:19 [INFO]    [PING OK] RU | 2472ms
2026-02-19 16:00:22 [INFO]    [PING OK] TR | 136ms
2026-02-19 16:00:23 [INFO]    [PING OK] DE | 182ms
2026-02-19 16:00:24 [INFO]    [PING OK] RU | 240ms
2026-02-19 16:00:24 [INFO]    [PING OK] RU | 702ms
2026-02-19 16:00:24 [INFO]    [PING OK] RU | 255ms
2026-02-19 16:00:24 [INFO]    [PING OK] RU | 776ms
2026-02-19 16:00:25 [INFO]    [PING OK] DE | 4495ms
2026-02-19 16:00:25 [INFO]    [PING OK] RU | 220ms
2026-02-19 16:00:25 [INFO]    [PING OK] RU | 312ms
2026-02-19 16:00:25 [INFO]    [PING OK] RU | 233ms
2026-02-19 16:00:25 [INFO]    [PING OK] RU | 109ms
2026-02-19 16:00:26 [INFO]    [PING OK] RU | 577ms
2026-02-19 16:00:26 [INFO]    [PING OK] RU | 382ms
2026-02-19 16:00:26 [INFO]    [PING OK] RU | 1389ms
2026-02-19 16:00:26 [INFO]    [PING OK] RU | 579ms
2026-02-19 16:00:26 [INFO]    [PING OK] RU | 664ms
2026-02-19 16:00:26 [INFO]    [PING OK] RU | 458ms
2026-02-19 16:00:26 [INFO]    [PING OK] RU | 681ms
2026-02-19 16:00:27 [INFO]    [PING OK] RU | 268ms
2026-02-19 16:00:27 [INFO]    [PING OK] RU | 317ms
2026-02-19 16:00:27 [INFO]    [PING OK] RU | 936ms
2026-02-19 16:00:27 [INFO]    [PING OK] RU | 779ms
2026-02-19 16:00:27 [INFO]    [PING OK] RU | 291ms
2026-02-19 16:00:27 [INFO]    [PING OK] RU | 512ms
2026-02-19 16:00:27 [INFO]    [PING OK] RU | 282ms
2026-02-19 16:00:28 [INFO]    [PING OK] RU | 3412ms
2026-02-19 16:00:28 [INFO]    [PING OK] RU | 4864ms
2026-02-19 16:00:28 [INFO]    [PING OK] RU | 4489ms
2026-02-19 16:00:28 [INFO]    [PING OK] RU | 266ms
2026-02-19 16:00:28 [INFO]    [PING OK] RU | 1095ms
2026-02-19 16:00:29 [INFO]    [PING OK] RU | 289ms
2026-02-19 16:00:29 [INFO]    [PING OK] RU | 789ms
2026-02-19 16:00:29 [INFO]    [PING OK] RU | 295ms
2026-02-19 16:00:29 [INFO]    [PING OK] RU | 826ms
2026-02-19 16:00:29 [INFO]    [PING OK] RU | 268ms
2026-02-19 16:00:29 [INFO]    [PING OK] RU | 235ms
2026-02-19 16:00:29 [INFO]    [PING OK] RU | 312ms
2026-02-19 16:00:29 [INFO]    [PING OK] RU | 1273ms
2026-02-19 16:00:30 [INFO]    [PING OK] RU | 852ms
2026-02-19 16:00:30 [INFO]    [PING OK] RU | 366ms
2026-02-19 16:00:30 [INFO]    [PING OK] RU | 796ms
2026-02-19 16:00:30 [INFO]    [PING OK] RU | 955ms
2026-02-19 16:00:31 [INFO]    [PING OK] RU | 1496ms
2026-02-19 16:00:31 [INFO]    [PING OK] RU | 396ms
2026-02-19 16:00:31 [INFO]    [PING OK] RU | 863ms
2026-02-19 16:00:31 [INFO]    [PING OK] FR | 257ms
2026-02-19 16:00:31 [INFO]    [PING OK] RU | 916ms
2026-02-19 16:00:31 [INFO]    [PING OK] RU | 2711ms
2026-02-19 16:00:31 [INFO]    [PING OK] RU | 964ms
2026-02-19 16:00:32 [INFO]    [PING OK] RU | 852ms
2026-02-19 16:00:32 [INFO]    [PING OK] GB | 550ms
2026-02-19 16:00:32 [INFO]    [PING OK] US | 412ms
2026-02-19 16:00:32 [INFO]    [PING OK] RU | 116ms
2026-02-19 16:00:33 [INFO]    [PING OK] GB | 175ms
2026-02-19 16:00:33 [INFO]    [PING OK] GB | 148ms
2026-02-19 16:00:33 [INFO]    [PING OK] US | 395ms
2026-02-19 16:00:33 [INFO]    [PING OK] FR | 158ms
2026-02-19 16:00:33 [INFO]    [PING OK] IL | 259ms
2026-02-19 16:00:33 [INFO]    [PING OK] TR | 457ms
2026-02-19 16:00:34 [INFO]    [PING OK] KH | 1275ms
2026-02-19 16:00:34 [INFO]    [PING OK] MD | 144ms
2026-02-19 16:00:34 [INFO]    [PING OK] RU | 4049ms
2026-02-19 16:00:34 [INFO]    [PING OK] UZ | 405ms
2026-02-19 16:00:35 [INFO]    [PING OK] GB | 160ms
2026-02-19 16:00:35 [INFO]    [PING OK] MX | 338ms
2026-02-19 16:00:35 [INFO]    [PING OK] PL | 138ms
2026-02-19 16:00:36 [INFO]    [PING OK] IQ | 574ms
2026-02-19 16:00:36 [INFO]    [PING OK] GR | 187ms
2026-02-19 16:00:36 [INFO]    [PING OK] US | 1158ms
2026-02-19 16:00:37 [INFO]    [PING OK] LV | 446ms
2026-02-19 16:00:37 [INFO]    [PING OK] US | 674ms
2026-02-19 16:00:37 [INFO]    [PING OK] GB | 651ms
2026-02-19 16:00:37 [INFO]    [PING OK] AU | 583ms
2026-02-19 16:00:38 [INFO]    [PING OK] HK | 1193ms
2026-02-19 16:00:38 [INFO]    [PING OK] US | 633ms
2026-02-19 16:00:39 [INFO]    [PING OK] DE | 215ms
2026-02-19 16:00:39 [INFO]    [PING OK] TR | 176ms
2026-02-19 16:00:39 [INFO]    [PING OK] FR | 135ms
2026-02-19 16:00:40 [INFO]    [PING OK] SG | 1538ms
2026-02-19 16:00:40 [INFO]    [PING OK] TR | 340ms
2026-02-19 16:00:41 [INFO]    [PING OK] BG | 143ms
2026-02-19 16:00:41 [INFO]    [PING OK] GB | 664ms
2026-02-19 16:00:42 [INFO]    [PING OK] SG | 1065ms
2026-02-19 16:00:42 [INFO]    [PING OK] NL | 208ms
2026-02-19 16:00:42 [INFO]    [PING OK] SG | 411ms
2026-02-19 16:00:43 [INFO]    [PING OK] US | 506ms
2026-02-19 16:00:43 [INFO]    [PING OK] FI | 4083ms
2026-02-19 16:00:43 [INFO]    [PING OK] HK | 804ms
2026-02-19 16:00:44 [INFO]    [PING OK] JP | 2042ms
2026-02-19 16:00:44 [INFO]    [PING OK] DE | 2378ms
2026-02-19 16:00:44 [INFO]    [PING OK] US | 392ms
2026-02-19 16:00:45 [INFO]    [PING OK] US | 374ms
2026-02-19 16:00:45 [INFO]    [PING OK] US | 508ms
2026-02-19 16:00:45 [INFO]    [PING OK] DE | 132ms
2026-02-19 16:00:45 [INFO]    [PING OK] US | 1451ms
2026-02-19 16:00:46 [INFO]    [PING OK] US | 385ms
2026-02-19 16:00:46 [INFO]    [PING OK] US | 426ms
2026-02-19 16:00:46 [INFO]    [PING OK] HU | 328ms
2026-02-19 16:00:46 [INFO]    [PING OK] GB | 3775ms
2026-02-19 16:00:46 [INFO]    [PING OK] US | 598ms
2026-02-19 16:00:54 [INFO]    [PING OK] DE | 130ms
2026-02-19 16:00:57 [INFO]    [PING OK] GB | 188ms
2026-02-19 16:01:02 [INFO]    [PING OK] GB | 183ms
2026-02-19 16:01:02 [INFO]    [PING OK] FR | 139ms
2026-02-19 16:01:06 [INFO]    [PING OK] GB | 3032ms
2026-02-19 16:01:10 [INFO]    [PING OK] DE | 459ms
2026-02-19 16:01:15 [INFO]    [PING OK] FR | 143ms
2026-02-19 16:01:16 [INFO]    [PING OK] GB | 2052ms
2026-02-19 16:01:17 [INFO]    [PING OK] SG | 1480ms
2026-02-19 16:01:20 [INFO]    [PING OK] US | 243ms
2026-02-19 16:01:22 [INFO]    [PING OK] DE | 2879ms
2026-02-19 16:01:24 [INFO]    [PING OK] GB | 404ms
2026-02-19 16:01:25 [INFO]    [PING OK] GB | 587ms
2026-02-19 16:01:25 [INFO]    [PING OK] SG | 3141ms
2026-02-19 16:01:25 [INFO]    [PING OK] GB | 146ms
2026-02-19 16:01:26 [INFO]    [PING OK] GB | 134ms
2026-02-19 16:01:27 [INFO]    [PING OK] NL | 809ms
2026-02-19 16:01:27 [INFO]    [PING OK] GB | 148ms
2026-02-19 16:01:28 [INFO]    [PING OK] GB | 135ms
2026-02-19 16:01:28 [INFO]    [PING OK] GB | 180ms
2026-02-19 16:01:29 [INFO]    [PING OK] GB | 141ms
2026-02-19 16:01:29 [INFO]    [PING OK] RU | 471ms
2026-02-19 16:01:31 [INFO]    [PING OK] RU | 522ms
2026-02-19 16:01:31 [INFO]    [PING OK] DE | 1834ms
2026-02-19 16:01:31 [INFO]    [PING OK] GB | 1139ms
2026-02-19 16:01:32 [INFO]    [PING OK] GB | 154ms
2026-02-19 16:01:33 [INFO]    [PING OK] RU | 329ms
2026-02-19 16:01:34 [INFO]    [PING OK] GB | 196ms
2026-02-19 16:01:35 [INFO]    [PING OK] DE | 1132ms
2026-02-19 16:01:38 [INFO]    [PING OK] RU | 379ms
2026-02-19 16:01:38 [INFO]    [PING OK] DE | 861ms
2026-02-19 16:01:38 [INFO]    [PING OK] RU | 592ms
2026-02-19 16:01:38 [INFO]    [PING OK] RU | 2242ms
2026-02-19 16:01:40 [INFO]    [PING OK] RU | 348ms
2026-02-19 16:01:41 [INFO]    [PING OK] DE | 498ms
2026-02-19 16:01:44 [INFO]    [PING OK] RU | 240ms
2026-02-19 16:01:45 [INFO]    [PING OK] RU | 136ms
2026-02-19 16:01:45 [INFO]    [PING OK] RU | 1708ms
2026-02-19 16:01:45 [INFO]    [PING OK] US | 1793ms
2026-02-19 16:01:46 [INFO]    [PING OK] FI | 177ms
2026-02-19 16:01:48 [INFO]    [PING OK] SG | 649ms
2026-02-19 16:01:50 [INFO]    [PING OK] RU | 4964ms
2026-02-19 16:01:51 [INFO]    [PING OK] RU | 4851ms
2026-02-19 16:01:55 [INFO] 🏎️ ЭТАП 2: Глубокий замер скорости для ТОП-10 серверов...
2026-02-19 16:02:02 [INFO]    🏆 DE | Пинг: 130ms | Скорость: 7.39 Mbps ⚡⚡
2026-02-19 16:02:02 [INFO]    🏆 DE | Пинг: 132ms | Скорость: 8.72 Mbps ⚡⚡
2026-02-19 16:02:02 [INFO]    🏆 GB | Пинг: 134ms | Скорость: 8.77 Mbps ⚡⚡
2026-02-19 16:02:02 [INFO]    🏆 FR | Пинг: 135ms | Скорость: 9.05 Mbps ⚡⚡
2026-02-19 16:02:02 [INFO]    🏆 GB | Пинг: 135ms | Скорость: 8.73 Mbps ⚡⚡
2026-02-19 16:02:02 [INFO]    🏆 TR | Пинг: 136ms | Скорость: 5.84 Mbps ⚡⚡
2026-02-19 16:02:02 [INFO]    🏆 PL | Пинг: 138ms | Скорость: 0.0 Mbps 
2026-02-19 16:02:02 [INFO]    🏆 FR | Пинг: 139ms | Скорость: 1.06 Mbps 
2026-02-19 16:02:02 [INFO]    🏆 GB | Пинг: 141ms | Скорость: 9.49 Mbps ⚡⚡
2026-02-19 16:02:02 [INFO]    🏆 RU | Пинг: 109ms | Скорость: 10.12 Mbps ⚡⚡
2026-02-19 16:02:02 [INFO] 🇷🇺 Добавлен RU сервер: 87.242.103.184
2026-02-19 16:02:02 [INFO] 📊 Итого в подписке сохранено: 10 серверов
2026-02-19 16:02:02 [INFO] 💾 Файл успешно сохранен: FL1PVPN
