2026-02-25 03:50:05 [INFO] 🚀 START: Smart Selector (Target: 10, ONLY FOREIGN)
2026-02-25 03:50:05 [INFO] 🌐 Загрузка источников (VLESS + VMess)...
2026-02-25 03:50:06 [INFO] 🔍 Уникальных конфигов собрано: 181
2026-02-25 03:50:06 [INFO] ⚡ ЭТАП 1: Замер Пинга и Геолокации. Workers: 40...
2026-02-25 03:50:11 [INFO]    [PING OK] FI | VLESS | 3938ms
2026-02-25 03:50:11 [INFO]    [PING OK] NL | VLESS | 3884ms
2026-02-25 03:50:11 [INFO]    [PING OK] NL | VLESS | 4013ms
2026-02-25 03:50:11 [INFO]    [PING OK] NL | VLESS | 4083ms
2026-02-25 03:50:11 [INFO]    [PING OK] DE | VLESS | 4121ms
2026-02-25 03:50:11 [INFO]    [PING OK] FI | VLESS | 3906ms
2026-02-25 03:50:11 [INFO]    [PING OK] US | VLESS | 3754ms
2026-02-25 03:50:11 [INFO]    [PING OK] US | VLESS | 3809ms
2026-02-25 03:50:12 [INFO]    [PING OK] NL | VLESS | 4193ms
2026-02-25 03:50:12 [INFO]    [PING OK] NL | VLESS | 4406ms
2026-02-25 03:50:12 [INFO]    [PING OK] DE | VLESS | 4043ms
2026-02-25 03:50:12 [INFO]    [PING OK] DE | VLESS | 3537ms
2026-02-25 03:50:12 [INFO]    [PING OK] DE | VLESS | 3992ms
2026-02-25 03:50:12 [INFO]    [PING OK] DE | VLESS | 3321ms
2026-02-25 03:50:12 [INFO]    [PING OK] DE | VLESS | 3333ms
2026-02-25 03:50:12 [INFO]    [PING OK] FI | VLESS | 3193ms
2026-02-25 03:50:13 [INFO]    [PING OK] FI | VLESS | 3978ms
2026-02-25 03:50:14 [INFO]    [PING OK] US | VLESS | 3499ms
2026-02-25 03:50:14 [INFO]    [PING OK] FI | VLESS | 6929ms
2026-02-25 03:50:16 [INFO]    [PING OK] FI | VLESS | 4142ms
2026-02-25 03:50:16 [INFO]    [PING OK] FI | VLESS | 4351ms
2026-02-25 03:50:17 [INFO]    [PING OK] FI | VLESS | 3819ms
2026-02-25 03:50:17 [INFO]    [PING OK] DE | VLESS | 4324ms
2026-02-25 03:50:17 [INFO]    [PING OK] NL | VLESS | 4216ms
2026-02-25 03:50:17 [INFO]    [PING OK] DE | VLESS | 4546ms
2026-02-25 03:50:17 [INFO]    [PING OK] NL | VLESS | 4222ms
2026-02-25 03:50:17 [INFO]    [PING OK] NL | VLESS | 4191ms
2026-02-25 03:50:17 [INFO]    [PING OK] DE | VLESS | 4204ms
2026-02-25 03:50:17 [INFO]    [PING OK] FI | VLESS | 4574ms
2026-02-25 03:50:17 [INFO]    [PING OK] KZ | VLESS | 4594ms
2026-02-25 03:50:17 [INFO]    [PING OK] NL | VLESS | 4246ms
2026-02-25 03:50:17 [INFO]    [PING OK] DE | VLESS | 4187ms
2026-02-25 03:50:17 [INFO]    [PING OK] DE | VLESS | 4021ms
2026-02-25 03:50:18 [INFO]    [PING OK] DE | VLESS | 4224ms
2026-02-25 03:50:18 [INFO]    [PING OK] DE | VLESS | 4022ms
2026-02-25 03:50:18 [INFO]    [PING OK] NL | VLESS | 3983ms
2026-02-25 03:50:18 [INFO]    [PING OK] TR | VLESS | 4093ms
2026-02-25 03:50:18 [INFO]    [PING OK] CA | VLESS | 4049ms
2026-02-25 03:50:20 [INFO]    [PING OK] DE | VLESS | 4310ms
2026-02-25 03:50:21 [INFO]    [PING OK] CA | VLESS | 4584ms
2026-02-25 03:50:22 [INFO]    [PING OK] US | VLESS | 5094ms
2026-02-25 03:50:22 [INFO]    [PING OK] GB | VLESS | 4930ms
2026-02-25 03:50:22 [INFO]    [PING OK] CA | VLESS | 4946ms
2026-02-25 03:50:22 [INFO]    [PING OK] CA | VLESS | 5215ms
2026-02-25 03:50:23 [INFO]    [PING OK] NL | VLESS | 4609ms
2026-02-25 03:50:23 [INFO]    [PING OK] NL | VLESS | 4595ms
2026-02-25 03:50:23 [INFO]    [PING OK] SE | VLESS | 4833ms
2026-02-25 03:50:23 [INFO]    [PING OK] NL | VLESS | 4605ms
2026-02-25 03:50:23 [INFO]    [PING OK] SG | VLESS | 4891ms
2026-02-25 03:50:23 [INFO]    [PING OK] CA | VLESS | 5112ms
2026-02-25 03:50:23 [INFO]    [PING OK] US | VLESS | 4608ms
2026-02-25 03:50:23 [INFO]    [PING OK] DE | VLESS | 3896ms
2026-02-25 03:50:23 [INFO]    [PING OK] US | VLESS | 4459ms
2026-02-25 03:50:23 [INFO]    [PING OK] US | VLESS | 4222ms
2026-02-25 03:50:23 [INFO]    [PING OK] NL | VLESS | 3804ms
2026-02-25 03:50:23 [INFO]    [PING OK] CA | VLESS | 4631ms
2026-02-25 03:50:24 [INFO]    [PING OK] CA | VLESS | 4879ms
2026-02-25 03:50:24 [INFO]    [PING OK] DE | VLESS | 5874ms
2026-02-25 03:50:24 [INFO]    [PING OK] CA | VLESS | 4300ms
2026-02-25 03:50:24 [INFO]    [PING OK] CA | VLESS | 3587ms
2026-02-25 03:50:24 [INFO]    [PING OK] DE | VLESS | 1458ms
2026-02-25 03:50:24 [INFO]    [PING OK] RS | VLESS | 1614ms
2026-02-25 03:50:24 [INFO]    [PING OK] DE | VLESS | 1131ms
2026-02-25 03:50:24 [INFO]    [PING OK] NL | VLESS | 1076ms
2026-02-25 03:50:24 [INFO]    [PING OK] TR | VLESS | 993ms
2026-02-25 03:50:24 [INFO]    [PING OK] US | VLESS | 1260ms
2026-02-25 03:50:24 [INFO]    [PING OK] CA | VLESS | 2286ms
2026-02-25 03:50:25 [INFO]    [PING OK] CA | VLESS | 1690ms
2026-02-25 03:50:26 [INFO]    [PING OK] CA | VLESS | 6369ms
2026-02-25 03:50:27 [INFO] 🏎️ ЭТАП 2: Глубокий замер скорости для 40 иностранных кандидатов...
2026-02-25 03:50:31 [INFO]    🏆 DE | VLESS | Пинг: 3333ms | Скорость: 5.68 Mbps ⚡⚡
2026-02-25 03:50:31 [INFO]    🏆 FI | VLESS | Пинг: 3193ms | Скорость: 5.59 Mbps ⚡⚡
2026-02-25 03:50:31 [INFO]    🏆 NL | VLESS | Пинг: 1076ms | Скорость: 5.37 Mbps ⚡⚡
2026-02-25 03:50:31 [INFO]    🏆 DE | VLESS | Пинг: 3537ms | Скорость: 5.67 Mbps ⚡⚡
2026-02-25 03:50:31 [INFO]    🏆 DE | VLESS | Пинг: 3321ms | Скорость: 5.51 Mbps ⚡⚡
2026-02-25 03:50:31 [INFO]    🏆 RS | VLESS | Пинг: 1614ms | Скорость: 5.34 Mbps ⚡⚡
2026-02-25 03:50:31 [INFO]    🏆 DE | VLESS | Пинг: 1131ms | Скорость: 5.26 Mbps ⚡⚡
2026-02-25 03:50:31 [INFO]    🏆 US | VLESS | Пинг: 3499ms | Скорость: 5.45 Mbps ⚡⚡
2026-02-25 03:50:31 [INFO]    🏆 US | VLESS | Пинг: 3754ms | Скорость: 5.52 Mbps ⚡⚡
2026-02-25 03:50:31 [INFO]    🏆 DE | VLESS | Пинг: 1458ms | Скорость: 5.19 Mbps ⚡⚡
2026-02-25 03:50:31 [INFO]    🏆 US | VLESS | Пинг: 1260ms | Скорость: 5.09 Mbps ⚡⚡
2026-02-25 03:50:31 [INFO]    🏆 CA | VLESS | Пинг: 1690ms | Скорость: 5.11 Mbps ⚡⚡
2026-02-25 03:50:32 [INFO]    🏆 TR | VLESS | Пинг: 993ms | Скорость: 4.44 Mbps ⚡⚡
2026-02-25 03:50:33 [INFO]    🏆 CA | VLESS | Пинг: 3587ms | Скорость: 3.44 Mbps ⚡⚡
2026-02-25 03:50:34 [INFO]    🏆 NL | VLESS | Пинг: 3804ms | Скорость: 8.33 Mbps ⚡⚡
2026-02-25 03:50:35 [INFO]    🏆 DE | VLESS | Пинг: 3896ms | Скорость: 6.87 Mbps ⚡⚡
2026-02-25 03:50:35 [INFO]    🏆 FI | VLESS | Пинг: 3819ms | Скорость: 6.86 Mbps ⚡⚡
2026-02-25 03:50:35 [INFO]    🏆 US | VLESS | Пинг: 3809ms | Скорость: 6.62 Mbps ⚡⚡
2026-02-25 03:50:35 [INFO]    🏆 NL | VLESS | Пинг: 3884ms | Скорость: 6.73 Mbps ⚡⚡
2026-02-25 03:50:35 [INFO]    🏆 DE | VLESS | Пинг: 3992ms | Скорость: 6.83 Mbps ⚡⚡
2026-02-25 03:50:35 [INFO]    🏆 NL | VLESS | Пинг: 3983ms | Скорость: 6.84 Mbps ⚡⚡
2026-02-25 03:50:35 [INFO]    🏆 FI | VLESS | Пинг: 3906ms | Скорость: 6.8 Mbps ⚡⚡
2026-02-25 03:50:35 [INFO]    🏆 NL | VLESS | Пинг: 4013ms | Скорость: 6.84 Mbps ⚡⚡
2026-02-25 03:50:35 [INFO]    🏆 DE | VLESS | Пинг: 4021ms | Скорость: 6.92 Mbps ⚡⚡
2026-02-25 03:50:35 [INFO]    🏆 FI | VLESS | Пинг: 3938ms | Скорость: 6.36 Mbps ⚡⚡
2026-02-25 03:50:35 [INFO]    🏆 DE | VLESS | Пинг: 4043ms | Скорость: 7.21 Mbps ⚡⚡
2026-02-25 03:50:37 [INFO]    🏆 NL | VLESS | Пинг: 4083ms | Скорость: 10.52 Mbps ⚡⚡
2026-02-25 03:50:38 [INFO]    🏆 CA | VLESS | Пинг: 4049ms | Скорость: 5.42 Mbps ⚡⚡
2026-02-25 03:50:38 [INFO]    🏆 FI | VLESS | Пинг: 4142ms | Скорость: 8.44 Mbps ⚡⚡
2026-02-25 03:50:38 [INFO]    🏆 DE | VLESS | Пинг: 4121ms | Скорость: 8.19 Mbps ⚡⚡
2026-02-25 03:50:38 [INFO]    🏆 DE | VLESS | Пинг: 4204ms | Скорость: 8.55 Mbps ⚡⚡
2026-02-25 03:50:38 [INFO]    🏆 NL | VLESS | Пинг: 4191ms | Скорость: 8.51 Mbps ⚡⚡
2026-02-25 03:50:38 [INFO]    🏆 DE | VLESS | Пинг: 4187ms | Скорость: 8.23 Mbps ⚡⚡
2026-02-25 03:50:38 [INFO]    🏆 NL | VLESS | Пинг: 4216ms | Скорость: 8.54 Mbps ⚡⚡
2026-02-25 03:50:38 [INFO]    🏆 NL | VLESS | Пинг: 4193ms | Скорость: 8.23 Mbps ⚡⚡
2026-02-25 03:50:38 [INFO]    🏆 DE | VLESS | Пинг: 4022ms | Скорость: 0.77 Mbps 
2026-02-25 03:50:38 [INFO]    🏆 NL | VLESS | Пинг: 4222ms | Скорость: 8.21 Mbps ⚡⚡
2026-02-25 03:50:39 [INFO] 📊 Итого в подписке сохранено иностранных серверов: 10
2026-02-25 03:50:39 [INFO] 💾 Файл успешно сохранен: FL1PVPN
