2026-02-19 17:50:07 [INFO] 🚀 START: Smart VPN Selector (Target: 10, Strict Mode)
2026-02-19 17:50:07 [INFO] 🌐 Загрузка источников...
2026-02-19 17:50:11 [INFO] 🔍 Уникальных конфигов собрано: 1199
2026-02-19 17:50:11 [INFO] ⚡ ЭТАП 1: Быстрый замер Пинга (Workers: 25)...
2026-02-19 17:50:12 [INFO]    [PING OK] DE | 178ms
2026-02-19 17:50:15 [INFO]    [PING OK] NO | 3455ms
2026-02-19 17:50:16 [INFO]    [PING OK] RU | 1223ms
2026-02-19 17:50:17 [INFO]    [PING OK] TR | 140ms
2026-02-19 17:50:18 [INFO]    [PING OK] DE | 175ms
2026-02-19 17:50:18 [INFO]    [PING OK] RU | 249ms
2026-02-19 17:50:20 [INFO]    [PING OK] RU | 826ms
2026-02-19 17:50:20 [INFO]    [PING OK] TR | 3190ms
2026-02-19 17:50:21 [INFO]    [PING OK] DE | 189ms
2026-02-19 17:50:22 [INFO]    [PING OK] RU | 236ms
2026-02-19 17:50:25 [INFO]    [PING OK] RU | 580ms
2026-02-19 17:50:25 [INFO]    [PING OK] RU | 970ms
2026-02-19 17:50:26 [INFO]    [PING OK] RU | 273ms
2026-02-19 17:50:26 [INFO]    [PING OK] RU | 309ms
2026-02-19 17:50:26 [INFO]    [PING OK] RU | 311ms
2026-02-19 17:50:26 [INFO]    [PING OK] RU | 344ms
2026-02-19 17:50:26 [INFO]    [PING OK] RU | 490ms
2026-02-19 17:50:27 [INFO]    [PING OK] RU | 241ms
2026-02-19 17:50:27 [INFO]    [PING OK] RU | 307ms
2026-02-19 17:50:27 [INFO]    [PING OK] RU | 501ms
2026-02-19 17:50:27 [INFO]    [PING OK] RU | 427ms
2026-02-19 17:50:27 [INFO]    [PING OK] RU | 410ms
2026-02-19 17:50:28 [INFO]    [PING OK] RU | 293ms
2026-02-19 17:50:28 [INFO]    [PING OK] RU | 1280ms
2026-02-19 17:50:28 [INFO]    [PING OK] RU | 302ms
2026-02-19 17:50:28 [INFO]    [PING OK] RU | 212ms
2026-02-19 17:50:28 [INFO]    [PING OK] RU | 1617ms
2026-02-19 17:50:28 [INFO]    [PING OK] RU | 332ms
2026-02-19 17:50:28 [INFO]    [PING OK] RU | 313ms
2026-02-19 17:50:28 [INFO]    [PING OK] RU | 229ms
2026-02-19 17:50:28 [INFO]    [PING OK] RU | 290ms
2026-02-19 17:50:29 [INFO]    [PING OK] RU | 202ms
2026-02-19 17:50:29 [INFO]    [PING OK] RU | 96ms
2026-02-19 17:50:29 [INFO]    [PING OK] RU | 335ms
2026-02-19 17:50:29 [INFO]    [PING OK] RU | 348ms
2026-02-19 17:50:29 [INFO]    [PING OK] RU | 340ms
2026-02-19 17:50:29 [INFO]    [PING OK] RU | 315ms
2026-02-19 17:50:30 [INFO]    [PING OK] RU | 343ms
2026-02-19 17:50:30 [INFO]    [PING OK] RU | 298ms
2026-02-19 17:50:30 [INFO]    [PING OK] RU | 1036ms
2026-02-19 17:50:30 [INFO]    [PING OK] RU | 3723ms
2026-02-19 17:50:31 [INFO]    [PING OK] RU | 1055ms
2026-02-19 17:50:31 [INFO]    [PING OK] RU | 1903ms
2026-02-19 17:50:31 [INFO]    [PING OK] RU | 877ms
2026-02-19 17:50:31 [INFO]    [PING OK] RU | 2836ms
2026-02-19 17:50:32 [INFO]    [PING OK] RU | 1211ms
2026-02-19 17:50:32 [INFO]    [PING OK] AE | 361ms
2026-02-19 17:50:32 [INFO]    [PING OK] SG | 533ms
2026-02-19 17:50:32 [INFO]    [PING OK] RU | 962ms
2026-02-19 17:50:32 [INFO]    [PING OK] RU | 3821ms
2026-02-19 17:50:32 [INFO]    [PING OK] RU | 4299ms
2026-02-19 17:50:32 [INFO]    [PING OK] SG | 601ms
2026-02-19 17:50:33 [INFO]    [PING OK] RU | 2339ms
2026-02-19 17:50:33 [INFO]    [PING OK] RU | 2240ms
2026-02-19 17:50:33 [INFO]    [PING OK] BG | 134ms
2026-02-19 17:50:33 [INFO]    [PING OK] RU | 2679ms
2026-02-19 17:50:33 [INFO]    [PING OK] US | 538ms
2026-02-19 17:50:34 [INFO]    [PING OK] AE | 175ms
2026-02-19 17:50:34 [INFO]    [PING OK] IQ | 673ms
2026-02-19 17:50:34 [INFO]    [PING OK] CY | 1163ms
2026-02-19 17:50:34 [INFO]    [PING OK] US | 750ms
2026-02-19 17:50:35 [INFO]    [PING OK] US | 455ms
2026-02-19 17:50:35 [INFO]    [PING OK] PL | 162ms
2026-02-19 17:50:35 [INFO]    [PING OK] HK | 1262ms
2026-02-19 17:50:35 [INFO]    [PING OK] US | 418ms
2026-02-19 17:50:36 [INFO]    [PING OK] GB | 402ms
2026-02-19 17:50:36 [INFO]    [PING OK] MD | 143ms
2026-02-19 17:50:36 [INFO]    [PING OK] DE | 130ms
2026-02-19 17:50:36 [INFO]    [PING OK] CA | 607ms
2026-02-19 17:50:36 [INFO]    [PING OK] MX | 349ms
2026-02-19 17:50:36 [INFO]    [PING OK] DE | 282ms
2026-02-19 17:50:37 [INFO]    [PING OK] GB | 168ms
2026-02-19 17:50:37 [INFO]    [PING OK] GB | 141ms
2026-02-19 17:50:37 [INFO]    [PING OK] US | 4199ms
2026-02-19 17:50:37 [INFO]    [PING OK] US | 361ms
2026-02-19 17:50:37 [INFO]    [PING OK] MD | 3240ms
2026-02-19 17:50:37 [INFO]    [PING OK] US | 444ms
2026-02-19 17:50:37 [INFO]    [PING OK] US | 638ms
2026-02-19 17:50:39 [INFO]    [PING OK] SE | 142ms
2026-02-19 17:50:39 [INFO]    [PING OK] UZ | 503ms
2026-02-19 17:50:39 [INFO]    [PING OK] FI | 577ms
2026-02-19 17:50:39 [INFO]    [PING OK] GR | 193ms
2026-02-19 17:50:39 [INFO]    [PING OK] GB | 152ms
2026-02-19 17:50:40 [INFO]    [PING OK] IL | 248ms
2026-02-19 17:50:40 [INFO]    [PING OK] US | 380ms
2026-02-19 17:50:40 [INFO]    [PING OK] JP | 1930ms
2026-02-19 17:50:40 [INFO]    [PING OK] SG | 553ms
2026-02-19 17:50:40 [INFO]    [PING OK] US | 472ms
2026-02-19 17:50:41 [INFO]    [PING OK] NL | 256ms
2026-02-19 17:50:41 [INFO]    [PING OK] FR | 141ms
2026-02-19 17:50:41 [INFO]    [PING OK] TR | 501ms
2026-02-19 17:50:41 [INFO]    [PING OK] DE | 1194ms
2026-02-19 17:50:41 [INFO]    [PING OK] AU | 583ms
2026-02-19 17:50:41 [INFO]    [PING OK] DE | 197ms
2026-02-19 17:50:41 [INFO]    [PING OK] US | 645ms
2026-02-19 17:50:42 [INFO]    [PING OK] RU | 100ms
2026-02-19 17:50:42 [INFO]    [PING OK] US | 1499ms
2026-02-19 17:50:42 [INFO]    [PING OK] US | 382ms
2026-02-19 17:50:42 [INFO]    [PING OK] LV | 351ms
2026-02-19 17:50:43 [INFO]    [PING OK] US | 1019ms
2026-02-19 17:50:43 [INFO]    [PING OK] US | 374ms
2026-02-19 17:50:43 [INFO]    [PING OK] AT | 220ms
2026-02-19 17:50:43 [INFO]    [PING OK] GB | 4645ms
2026-02-19 17:50:43 [INFO]    [PING OK] HK | 1131ms
2026-02-19 17:50:43 [INFO]    [PING OK] GB | 788ms
2026-02-19 17:50:44 [INFO]    [PING OK] HU | 354ms
2026-02-19 17:50:44 [INFO]    [PING OK] IT | 546ms
2026-02-19 17:50:44 [INFO]    [PING OK] FR | 1323ms
2026-02-19 17:50:44 [INFO]    [PING OK] SG | 635ms
2026-02-19 17:50:45 [INFO]    [PING OK] GB | 142ms
2026-02-19 17:50:45 [INFO]    [PING OK] GB | 544ms
2026-02-19 17:50:57 [INFO]    [PING OK] SG | 3417ms
2026-02-19 17:50:58 [INFO]    [PING OK] GB | 507ms
2026-02-19 17:50:59 [INFO]    [PING OK] DE | 116ms
2026-02-19 17:51:01 [INFO]    [PING OK] US | 241ms
2026-02-19 17:51:02 [INFO]    [PING OK] GB | 166ms
2026-02-19 17:51:04 [INFO]    [PING OK] FR | 137ms
2026-02-19 17:51:14 [INFO]    [PING OK] GB | 1914ms
2026-02-19 17:51:16 [INFO]    [PING OK] FR | 141ms
2026-02-19 17:51:19 [INFO]    [PING OK] DE | 255ms
2026-02-19 17:51:20 [INFO]    [PING OK] GB | 187ms
2026-02-19 17:51:21 [INFO]    [PING OK] SG | 1457ms
2026-02-19 17:51:23 [INFO]    [PING OK] GB | 172ms
2026-02-19 17:51:23 [INFO]    [PING OK] GB | 152ms
2026-02-19 17:51:23 [INFO]    [PING OK] GB | 324ms
2026-02-19 17:51:24 [INFO]    [PING OK] RU | 489ms
2026-02-19 17:51:24 [INFO]    [PING OK] NO | 690ms
2026-02-19 17:51:24 [INFO]    [PING OK] GB | 385ms
2026-02-19 17:51:25 [INFO]    [PING OK] GB | 233ms
2026-02-19 17:51:26 [INFO]    [PING OK] GB | 140ms
2026-02-19 17:51:26 [INFO]    [PING OK] RU | 138ms
2026-02-19 17:51:27 [INFO]    [PING OK] SE | 107ms
2026-02-19 17:51:27 [INFO]    [PING OK] DE | 2358ms
2026-02-19 17:51:29 [INFO]    [PING OK] DE | 1022ms
2026-02-19 17:51:29 [INFO]    [PING OK] GB | 180ms
2026-02-19 17:51:29 [INFO]    [PING OK] GB | 445ms
2026-02-19 17:51:30 [INFO]    [PING OK] RU | 4048ms
2026-02-19 17:51:31 [INFO]    [PING OK] FI | 174ms
2026-02-19 17:51:31 [INFO]    [PING OK] RU | 521ms
2026-02-19 17:51:32 [INFO]    [PING OK] GB | 149ms
2026-02-19 17:51:32 [INFO]    [PING OK] RU | 1580ms
2026-02-19 17:51:33 [INFO]    [PING OK] GB | 176ms
2026-02-19 17:51:34 [INFO]    [PING OK] RU | 2360ms
2026-02-19 17:51:35 [INFO]    [PING OK] SE | 448ms
2026-02-19 17:51:36 [INFO]    [PING OK] GB | 131ms
2026-02-19 17:51:37 [INFO]    [PING OK] RU | 157ms
2026-02-19 17:51:37 [INFO]    [PING OK] RU | 4374ms
2026-02-19 17:51:38 [INFO]    [PING OK] RU | 549ms
2026-02-19 17:51:40 [INFO]    [PING OK] DE | 1117ms
2026-02-19 17:51:41 [INFO]    [PING OK] DE | 2915ms
2026-02-19 17:51:41 [INFO]    [PING OK] TR | 295ms
2026-02-19 17:51:42 [INFO]    [PING OK] DE | 1510ms
2026-02-19 17:51:42 [INFO]    [PING OK] RU | 3837ms
2026-02-19 17:51:43 [INFO]    [PING OK] TW | 3189ms
2026-02-19 17:51:43 [INFO]    [PING OK] RU | 139ms
2026-02-19 17:51:44 [INFO]    [PING OK] RU | 278ms
2026-02-19 17:51:45 [INFO]    [PING OK] NL | 371ms
2026-02-19 17:51:46 [INFO]    [PING OK] DE | 356ms
2026-02-19 17:51:46 [INFO]    [PING OK] RU | 4508ms
2026-02-19 17:51:48 [INFO]    [PING OK] RU | 425ms
2026-02-19 17:51:48 [INFO]    [PING OK] NL | 454ms
2026-02-19 17:51:49 [INFO]    [PING OK] US | 565ms
2026-02-19 17:51:58 [INFO] 🏎️ ЭТАП 2: Глубокий замер скорости для ТОП-10 серверов...
2026-02-19 17:52:05 [INFO]    🏆 SE | Пинг: 107ms | Скорость: 13.07 Mbps ⚡⚡
2026-02-19 17:52:05 [INFO]    🏆 DE | Пинг: 116ms | Скорость: 9.87 Mbps ⚡⚡
2026-02-19 17:52:05 [INFO]    🏆 DE | Пинг: 130ms | Скорость: 2.89 Mbps ⚡
2026-02-19 17:52:05 [INFO]    🏆 GB | Пинг: 131ms | Скорость: 7.76 Mbps ⚡⚡
2026-02-19 17:52:05 [INFO]    🏆 BG | Пинг: 134ms | Скорость: 3.37 Mbps ⚡⚡
2026-02-19 17:52:05 [INFO]    🏆 FR | Пинг: 137ms | Скорость: 1.33 Mbps 
2026-02-19 17:52:05 [INFO]    🏆 TR | Пинг: 140ms | Скорость: 5.24 Mbps ⚡⚡
2026-02-19 17:52:05 [INFO]    🏆 GB | Пинг: 140ms | Скорость: 2.26 Mbps ⚡
2026-02-19 17:52:05 [INFO]    🏆 GB | Пинг: 141ms | Скорость: 11.61 Mbps ⚡⚡
2026-02-19 17:52:05 [INFO]    🏆 RU | Пинг: 96ms | Скорость: 0.0 Mbps 
2026-02-19 17:52:05 [INFO] 🇷🇺 Добавлен RU сервер: 87.242.103.184
2026-02-19 17:52:05 [INFO] 📊 Итого в подписке сохранено: 10 серверов
2026-02-19 17:52:05 [INFO] 💾 Файл успешно сохранен: FL1PVPN
