2026-02-15 11:50:50 [INFO] 🚀 START: Smart VLESS Selector (Target: 10, Strict Mode)
2026-02-15 11:50:50 [INFO] 🌐 Загрузка источников...
2026-02-15 11:50:52 [INFO] 🔍 Уникальных конфигов собрано: 414
2026-02-15 11:50:52 [INFO] ⚡ ЭТАП 1: Быстрый замер Пинга (Workers: 25)...
2026-02-15 11:50:54 [INFO]    [PING OK] NL | 488ms
2026-02-15 11:50:54 [INFO]    [PING OK] PL | 426ms
2026-02-15 11:50:55 [INFO]    [PING OK] DE | 740ms
2026-02-15 11:50:57 [INFO]    [PING OK] PL | 193ms
2026-02-15 11:50:59 [INFO]    [PING OK] NL | 219ms
2026-02-15 11:50:59 [INFO]    [PING OK] EE | 2211ms
2026-02-15 11:50:59 [INFO]    [PING OK] CH | 229ms
2026-02-15 11:51:01 [INFO]    [PING OK] US | 546ms
2026-02-15 11:51:01 [INFO]    [PING OK] SG | 947ms
2026-02-15 11:51:02 [INFO]    [PING OK] RU | 111ms
2026-02-15 11:51:02 [INFO]    [PING OK] BE | 2969ms
2026-02-15 11:51:02 [INFO]    [PING OK] AE | 2804ms
2026-02-15 11:51:03 [INFO]    [PING OK] DE | 141ms
2026-02-15 11:51:04 [INFO]    [PING OK] ZA | 350ms
2026-02-15 11:51:05 [INFO]    [PING OK] NL | 365ms
2026-02-15 11:51:06 [INFO]    [PING OK] RU | 107ms
2026-02-15 11:51:07 [INFO]    [PING OK] RU | 557ms
2026-02-15 11:51:07 [INFO]    [PING OK] RU | 184ms
2026-02-15 11:51:07 [INFO]    [PING OK] RU | 519ms
2026-02-15 11:51:07 [INFO]    [PING OK] RU | 236ms
2026-02-15 11:51:08 [INFO]    [PING OK] RU | 401ms
2026-02-15 11:51:08 [INFO]    [PING OK] PL | 143ms
2026-02-15 11:51:08 [INFO]    [PING OK] RU | 756ms
2026-02-15 11:51:08 [INFO]    [PING OK] FI | 282ms
2026-02-15 11:51:08 [INFO]    [PING OK] RU | 291ms
2026-02-15 11:51:09 [INFO]    [PING OK] RU | 353ms
2026-02-15 11:51:09 [INFO]    [PING OK] RU | 1803ms
2026-02-15 11:51:09 [INFO]    [PING OK] RU | 474ms
2026-02-15 11:51:09 [INFO]    [PING OK] RU | 307ms
2026-02-15 11:51:09 [INFO]    [PING OK] RU | 554ms
2026-02-15 11:51:10 [INFO]    [PING OK] RU | 294ms
2026-02-15 11:51:10 [INFO]    [PING OK] RU | 3375ms
2026-02-15 11:51:10 [INFO]    [PING OK] RU | 316ms
2026-02-15 11:51:10 [INFO]    [PING OK] US | 223ms
2026-02-15 11:51:10 [INFO]    [PING OK] RU | 270ms
2026-02-15 11:51:11 [INFO]    [PING OK] RU | 437ms
2026-02-15 11:51:11 [INFO]    [PING OK] PL | 156ms
2026-02-15 11:51:11 [INFO]    [PING OK] HU | 346ms
2026-02-15 11:51:11 [INFO]    [PING OK] RU | 238ms
2026-02-15 11:51:11 [INFO]    [PING OK] RU | 268ms
2026-02-15 11:51:11 [INFO]    [PING OK] RU | 238ms
2026-02-15 11:51:11 [INFO]    [PING OK] RU | 357ms
2026-02-15 11:51:12 [INFO]    [PING OK] RU | 67ms
2026-02-15 11:51:12 [INFO]    [PING OK] NL | 220ms
2026-02-15 11:51:12 [INFO]    [PING OK] PL | 151ms
2026-02-15 11:51:12 [INFO]    [PING OK] US | 209ms
2026-02-15 11:51:12 [INFO]    [PING OK] RU | 413ms
2026-02-15 11:51:12 [INFO]    [PING OK] RU | 204ms
2026-02-15 11:51:13 [INFO]    [PING OK] RU | 288ms
2026-02-15 11:51:13 [INFO]    [PING OK] PL | 161ms
2026-02-15 11:51:13 [INFO]    [PING OK] HU | 323ms
2026-02-15 11:51:13 [INFO]    [PING OK] RU | 837ms
2026-02-15 11:51:14 [INFO]    [PING OK] RU | 620ms
2026-02-15 11:51:14 [INFO]    [PING OK] RU | 317ms
2026-02-15 11:51:14 [INFO]    [PING OK] RU | 593ms
2026-02-15 11:51:14 [INFO]    [PING OK] RU | 1491ms
2026-02-15 11:51:14 [INFO]    [PING OK] RU | 419ms
2026-02-15 11:51:14 [INFO]    [PING OK] RU | 1125ms
2026-02-15 11:51:15 [INFO]    [PING OK] RU | 101ms
2026-02-15 11:51:15 [INFO]    [PING OK] RU | 523ms
2026-02-15 11:51:15 [INFO]    [PING OK] RU | 242ms
2026-02-15 11:51:15 [INFO]    [PING OK] RU | 1429ms
2026-02-15 11:51:15 [INFO]    [PING OK] RU | 411ms
2026-02-15 11:51:15 [INFO]    [PING OK] RU | 342ms
2026-02-15 11:51:15 [INFO]    [PING OK] RU | 162ms
2026-02-15 11:51:15 [INFO]    [PING OK] RU | 288ms
2026-02-15 11:51:15 [INFO]    [PING OK] RU | 3040ms
2026-02-15 11:51:16 [INFO]    [PING OK] DE | 343ms
2026-02-15 11:51:16 [INFO]    [PING OK] RU | 3748ms
2026-02-15 11:51:16 [INFO]    [PING OK] NL | 229ms
2026-02-15 11:51:16 [INFO]    [PING OK] RU | 315ms
2026-02-15 11:51:16 [INFO]    [PING OK] RU | 325ms
2026-02-15 11:51:16 [INFO]    [PING OK] RU | 239ms
2026-02-15 11:51:16 [INFO]    [PING OK] GB | 1465ms
2026-02-15 11:51:17 [INFO]    [PING OK] RU | 382ms
2026-02-15 11:51:17 [INFO]    [PING OK] RU | 826ms
2026-02-15 11:51:17 [INFO]    [PING OK] RU | 203ms
2026-02-15 11:51:18 [INFO]    [PING OK] RU | 1429ms
2026-02-15 11:51:18 [INFO]    [PING OK] RU | 1271ms
2026-02-15 11:51:18 [INFO]    [PING OK] RU | 198ms
2026-02-15 11:51:18 [INFO]    [PING OK] RU | 256ms
2026-02-15 11:51:18 [INFO]    [PING OK] RU | 408ms
2026-02-15 11:51:18 [INFO]    [PING OK] RU | 242ms
2026-02-15 11:51:18 [INFO]    [PING OK] RU | 201ms
2026-02-15 11:51:18 [INFO]    [PING OK] RU | 438ms
2026-02-15 11:51:18 [INFO]    [PING OK] RU | 56ms
2026-02-15 11:51:19 [INFO]    [PING OK] RU | 3242ms
2026-02-15 11:51:19 [INFO]    [PING OK] RU | 96ms
2026-02-15 11:51:19 [INFO]    [PING OK] RU | 3571ms
2026-02-15 11:51:19 [INFO]    [PING OK] CA | 434ms
2026-02-15 11:51:19 [INFO]    [PING OK] RU | 69ms
2026-02-15 11:51:19 [INFO]    [PING OK] RU | 3503ms
2026-02-15 11:51:20 [INFO]    [PING OK] RU | 1297ms
2026-02-15 11:51:20 [INFO]    [PING OK] RU | 276ms
2026-02-15 11:51:20 [INFO]    [PING OK] RU | 1238ms
2026-02-15 11:51:20 [INFO]    [PING OK] RU | 285ms
2026-02-15 11:51:20 [INFO]    [PING OK] RU | 2369ms
2026-02-15 11:51:21 [INFO]    [PING OK] RU | 690ms
2026-02-15 11:51:21 [INFO]    [PING OK] RU | 1245ms
2026-02-15 11:51:21 [INFO]    [PING OK] RU | 317ms
2026-02-15 11:51:21 [INFO]    [PING OK] RU | 454ms
2026-02-15 11:51:21 [INFO]    [PING OK] RU | 375ms
2026-02-15 11:51:22 [INFO]    [PING OK] NL | 235ms
2026-02-15 11:51:22 [INFO]    [PING OK] RU | 2059ms
2026-02-15 11:51:22 [INFO]    [PING OK] DE | 494ms
2026-02-15 11:51:23 [INFO]    [PING OK] NL | 194ms
2026-02-15 11:51:23 [INFO]    [PING OK] TR | 439ms
2026-02-15 11:51:24 [INFO]    [PING OK] NL | 348ms
2026-02-15 11:51:24 [INFO]    [PING OK] FI | 142ms
2026-02-15 11:51:25 [INFO]    [PING OK] NL | 133ms
2026-02-15 11:51:25 [INFO]    [PING OK] NL | 212ms
2026-02-15 11:51:25 [INFO]    [PING OK] JP | 3547ms
2026-02-15 11:51:26 [INFO]    [PING OK] NL | 242ms
2026-02-15 11:51:26 [INFO]    [PING OK] DE | 345ms
2026-02-15 11:51:26 [INFO]    [PING OK] ES | 796ms
2026-02-15 11:51:26 [INFO]    [PING OK] SC | 1130ms
2026-02-15 11:51:26 [INFO]    [PING OK] NL | 231ms
2026-02-15 11:51:26 [INFO]    [PING OK] NL | 396ms
2026-02-15 11:51:27 [INFO]    [PING OK] FI | 153ms
2026-02-15 11:51:28 [INFO]    [PING OK] MD | 147ms
2026-02-15 11:51:28 [INFO]    [PING OK] TR | 486ms
2026-02-15 11:51:28 [INFO]    [PING OK] CY | 782ms
2026-02-15 11:51:28 [INFO]    [PING OK] US | 529ms
2026-02-15 11:51:29 [INFO]    [PING OK] DE | 132ms
2026-02-15 11:51:29 [INFO]    [PING OK] IQ | 1609ms
2026-02-15 11:51:30 [INFO]    [PING OK] HU | 3164ms
2026-02-15 11:51:34 [INFO] 🏎️ ЭТАП 2: Глубокий замер скорости для ТОП-10 серверов...
2026-02-15 11:51:41 [INFO]    🏆 DE | Пинг: 132ms | Скорость: 0.0 Mbps 
2026-02-15 11:51:41 [INFO]    🏆 NL | Пинг: 133ms | Скорость: 9.1 Mbps ⚡⚡
2026-02-15 11:51:41 [INFO]    🏆 DE | Пинг: 141ms | Скорость: 8.96 Mbps ⚡⚡
2026-02-15 11:51:41 [INFO]    🏆 FI | Пинг: 142ms | Скорость: 9.1 Mbps ⚡⚡
2026-02-15 11:51:41 [INFO]    🏆 PL | Пинг: 143ms | Скорость: 9.33 Mbps ⚡⚡
2026-02-15 11:51:41 [INFO]    🏆 MD | Пинг: 147ms | Скорость: 0.93 Mbps 
2026-02-15 11:51:41 [INFO]    🏆 PL | Пинг: 151ms | Скорость: 9.27 Mbps ⚡⚡
2026-02-15 11:51:41 [INFO]    🏆 FI | Пинг: 153ms | Скорость: 3.15 Mbps ⚡⚡
2026-02-15 11:51:41 [INFO]    🏆 PL | Пинг: 156ms | Скорость: 9.71 Mbps ⚡⚡
2026-02-15 11:51:41 [INFO]    🏆 RU | Пинг: 56ms | Скорость: 9.73 Mbps ⚡⚡
2026-02-15 11:51:41 [INFO] 🇷🇺 Добавлен RU сервер: 51.250.42.70
2026-02-15 11:51:41 [INFO] 📊 Итого в подписке сохранено: 10 серверов
2026-02-15 11:51:41 [INFO] 💾 Файл успешно сохранен: FL1PVPN
