2026-02-17 14:10:06 [INFO] 🚀 START: Smart VLESS Selector (Target: 10, Strict Mode)
2026-02-17 14:10:06 [INFO] 🌐 Загрузка источников...
2026-02-17 14:10:19 [INFO] 🔍 Уникальных конфигов собрано: 538
2026-02-17 14:10:19 [INFO] ⚡ ЭТАП 1: Быстрый замер Пинга (Workers: 25)...
2026-02-17 14:10:26 [INFO]    [PING OK] DE | 153ms
2026-02-17 14:10:30 [INFO]    [PING OK] NL | 207ms
2026-02-17 14:10:31 [INFO]    [PING OK] NL | 223ms
2026-02-17 14:10:34 [INFO]    [PING OK] DE | 882ms
2026-02-17 14:10:34 [INFO]    [PING OK] RU | 219ms
2026-02-17 14:10:34 [INFO]    [PING OK] RU | 263ms
2026-02-17 14:10:35 [INFO]    [PING OK] RU | 295ms
2026-02-17 14:10:35 [INFO]    [PING OK] RU | 198ms
2026-02-17 14:10:35 [INFO]    [PING OK] RU | 148ms
2026-02-17 14:10:35 [INFO]    [PING OK] RU | 455ms
2026-02-17 14:10:35 [INFO]    [PING OK] RU | 239ms
2026-02-17 14:10:36 [INFO]    [PING OK] RU | 293ms
2026-02-17 14:10:36 [INFO]    [PING OK] RU | 459ms
2026-02-17 14:10:36 [INFO]    [PING OK] RU | 336ms
2026-02-17 14:10:36 [INFO]    [PING OK] RU | 404ms
2026-02-17 14:10:37 [INFO]    [PING OK] RU | 276ms
2026-02-17 14:10:37 [INFO]    [PING OK] RU | 331ms
2026-02-17 14:10:37 [INFO]    [PING OK] RU | 237ms
2026-02-17 14:10:37 [INFO]    [PING OK] RU | 315ms
2026-02-17 14:10:37 [INFO]    [PING OK] RU | 249ms
2026-02-17 14:10:37 [INFO]    [PING OK] RU | 243ms
2026-02-17 14:10:38 [INFO]    [PING OK] RU | 96ms
2026-02-17 14:10:38 [INFO]    [PING OK] RU | 313ms
2026-02-17 14:10:38 [INFO]    [PING OK] RU | 137ms
2026-02-17 14:10:38 [INFO]    [PING OK] RU | 197ms
2026-02-17 14:10:38 [INFO]    [PING OK] RU | 336ms
2026-02-17 14:10:38 [INFO]    [PING OK] DE | 4724ms
2026-02-17 14:10:38 [INFO]    [PING OK] RU | 1741ms
2026-02-17 14:10:38 [INFO]    [PING OK] RU | 106ms
2026-02-17 14:10:38 [INFO]    [PING OK] RU | 276ms
2026-02-17 14:10:38 [INFO]    [PING OK] RU | 564ms
2026-02-17 14:10:38 [INFO]    [PING OK] RU | 189ms
2026-02-17 14:10:38 [INFO]    [PING OK] RU | 286ms
2026-02-17 14:10:38 [INFO]    [PING OK] RU | 196ms
2026-02-17 14:10:39 [INFO]    [PING OK] RU | 293ms
2026-02-17 14:10:39 [INFO]    [PING OK] RU | 247ms
2026-02-17 14:10:39 [INFO]    [PING OK] RU | 272ms
2026-02-17 14:10:39 [INFO]    [PING OK] RU | 127ms
2026-02-17 14:10:39 [INFO]    [PING OK] RU | 215ms
2026-02-17 14:10:39 [INFO]    [PING OK] RU | 279ms
2026-02-17 14:10:39 [INFO]    [PING OK] RU | 210ms
2026-02-17 14:10:40 [INFO]    [PING OK] RU | 280ms
2026-02-17 14:10:40 [INFO]    [PING OK] RU | 1766ms
2026-02-17 14:10:40 [INFO]    [PING OK] RU | 311ms
2026-02-17 14:10:40 [INFO]    [PING OK] RU | 254ms
2026-02-17 14:10:40 [INFO]    [PING OK] RU | 214ms
2026-02-17 14:10:40 [INFO]    [PING OK] RU | 949ms
2026-02-17 14:10:40 [INFO]    [PING OK] RU | 153ms
2026-02-17 14:10:40 [INFO]    [PING OK] RU | 3732ms
2026-02-17 14:10:40 [INFO]    [PING OK] RU | 288ms
2026-02-17 14:10:41 [INFO]    [PING OK] RU | 193ms
2026-02-17 14:10:41 [INFO]    [PING OK] RU | 5005ms
2026-02-17 14:10:41 [INFO]    [PING OK] RU | 532ms
2026-02-17 14:10:41 [INFO]    [PING OK] RU | 296ms
2026-02-17 14:10:41 [INFO]    [PING OK] RU | 210ms
2026-02-17 14:10:41 [INFO]    [PING OK] RU | 478ms
2026-02-17 14:10:42 [INFO]    [PING OK] RU | 316ms
2026-02-17 14:10:42 [INFO]    [PING OK] RU | 284ms
2026-02-17 14:10:42 [INFO]    [PING OK] HU | 356ms
2026-02-17 14:10:43 [INFO]    [PING OK] RU | 867ms
2026-02-17 14:10:43 [INFO]    [PING OK] RU | 840ms
2026-02-17 14:10:43 [INFO]    [PING OK] RU | 4911ms
2026-02-17 14:10:44 [INFO]    [PING OK] RU | 1628ms
2026-02-17 14:10:44 [INFO]    [PING OK] RU | 1678ms
2026-02-17 14:10:44 [INFO]    [PING OK] PL | 638ms
2026-02-17 14:10:44 [INFO]    [PING OK] RU | 4271ms
2026-02-17 14:10:45 [INFO]    [PING OK] RU | 3934ms
2026-02-17 14:10:47 [INFO]    [PING OK] TR | 289ms
2026-02-17 14:10:50 [INFO]    [PING OK] DE | 170ms
2026-02-17 14:10:51 [INFO]    [PING OK] NL | 498ms
2026-02-17 14:10:57 [INFO]    [PING OK] LT | 166ms
2026-02-17 14:11:10 [INFO]    [PING OK] CY | 211ms
2026-02-17 14:11:14 [INFO]    [PING OK] PL | 156ms
2026-02-17 14:11:15 [INFO]    [PING OK] ES | 628ms
2026-02-17 14:11:17 [INFO]    [PING OK] RU | 1191ms
2026-02-17 14:11:22 [INFO]    [PING OK] LT | 155ms
2026-02-17 14:11:25 [INFO]    [PING OK] RU | 168ms
2026-02-17 14:11:26 [INFO]    [PING OK] FI | 158ms
2026-02-17 14:11:27 [INFO]    [PING OK] AE | 292ms
2026-02-17 14:11:30 [INFO]    [PING OK] DE | 189ms
2026-02-17 14:11:32 [INFO]    [PING OK] RU | 142ms
2026-02-17 14:11:33 [INFO]    [PING OK] US | 474ms
2026-02-17 14:11:38 [INFO]    [PING OK] AT | 247ms
2026-02-17 14:11:40 [INFO]    [PING OK] EE | 253ms
2026-02-17 14:11:41 [INFO]    [PING OK] LT | 149ms
2026-02-17 14:11:42 [INFO]    [PING OK] PL | 756ms
2026-02-17 14:11:42 [INFO]    [PING OK] LT | 649ms
2026-02-17 14:11:43 [INFO]    [PING OK] MD | 139ms
2026-02-17 14:11:48 [INFO]    [PING OK] LV | 4851ms
2026-02-17 14:11:49 [INFO] 🏎️ ЭТАП 2: Глубокий замер скорости для ТОП-10 серверов...
2026-02-17 14:11:56 [INFO]    🏆 MD | Пинг: 139ms | Скорость: 1.31 Mbps 
2026-02-17 14:11:56 [INFO]    🏆 LT | Пинг: 149ms | Скорость: 7.98 Mbps ⚡⚡
2026-02-17 14:11:56 [INFO]    🏆 DE | Пинг: 153ms | Скорость: 7.78 Mbps ⚡⚡
2026-02-17 14:11:56 [INFO]    🏆 LT | Пинг: 155ms | Скорость: 7.86 Mbps ⚡⚡
2026-02-17 14:11:56 [INFO]    🏆 PL | Пинг: 156ms | Скорость: 7.93 Mbps ⚡⚡
2026-02-17 14:11:56 [INFO]    🏆 FI | Пинг: 158ms | Скорость: 7.91 Mbps ⚡⚡
2026-02-17 14:11:56 [INFO]    🏆 LT | Пинг: 166ms | Скорость: 8.01 Mbps ⚡⚡
2026-02-17 14:11:56 [INFO]    🏆 DE | Пинг: 170ms | Скорость: 8.25 Mbps ⚡⚡
2026-02-17 14:11:56 [INFO]    🏆 DE | Пинг: 189ms | Скорость: 8.13 Mbps ⚡⚡
2026-02-17 14:11:56 [INFO]    🏆 RU | Пинг: 96ms | Скорость: 8.01 Mbps ⚡⚡
2026-02-17 14:11:56 [INFO] 🇷🇺 Добавлен RU сервер: 95.163.211.158
2026-02-17 14:11:56 [INFO] 📊 Итого в подписке сохранено: 10 серверов
2026-02-17 14:11:56 [INFO] 💾 Файл успешно сохранен: FL1PVPN
