2026-02-24 12:00:06 [INFO] 🚀 START: Smart Selector (Target: 10, ONLY FOREIGN)
2026-02-24 12:00:06 [INFO] 🌐 Загрузка источников (VLESS + VMess)...
2026-02-24 12:00:07 [INFO] 🔍 Уникальных конфигов собрано: 233
2026-02-24 12:00:07 [INFO] ⚡ ЭТАП 1: Замер Пинга и Геолокации. Workers: 40...
2026-02-24 12:00:13 [INFO]    [PING OK] HU | VLESS | 4702ms
2026-02-24 12:00:14 [INFO]    [PING OK] PL | VLESS | 5083ms
2026-02-24 12:00:14 [INFO]    [PING OK] PL | VLESS | 5562ms
2026-02-24 12:00:14 [INFO]    [PING OK] HU | VLESS | 5547ms
2026-02-24 12:00:14 [INFO]    [PING OK] IT | VLESS | 5279ms
2026-02-24 12:00:14 [INFO]    [PING OK] IT | VLESS | 5168ms
2026-02-24 12:00:14 [INFO]    [PING OK] ES | VLESS | 4714ms
2026-02-24 12:00:14 [INFO]    [PING OK] HU | VLESS | 4738ms
2026-02-24 12:00:14 [INFO]    [PING OK] TR | VLESS | 4522ms
2026-02-24 12:00:14 [INFO]    [PING OK] PL | VLESS | 4669ms
2026-02-24 12:00:15 [INFO]    [PING OK] ES | VLESS | 4860ms
2026-02-24 12:00:15 [INFO]    [PING OK] US | VLESS | 6518ms
2026-02-24 12:00:16 [INFO]    [PING OK] IT | VLESS | 4862ms
2026-02-24 12:00:16 [INFO]    [PING OK] ES | VLESS | 4551ms
2026-02-24 12:00:17 [INFO]    [PING OK] ES | VLESS | 8419ms
2026-02-24 12:00:19 [INFO]    [PING OK] PL | VLESS | 5189ms
2026-02-24 12:00:20 [INFO]    [PING OK] TR | VLESS | 4460ms
2026-02-24 12:00:20 [INFO]    [PING OK] ES | VLESS | 4167ms
2026-02-24 12:00:20 [INFO]    [PING OK] PL | VLESS | 4131ms
2026-02-24 12:00:22 [INFO]    [PING OK] DE | VLESS | 4613ms
2026-02-24 12:00:22 [INFO]    [PING OK] LV | VLESS | 7908ms
2026-02-24 12:00:22 [INFO]    [PING OK] FI | VLESS | 4479ms
2026-02-24 12:00:23 [INFO]    [PING OK] LV | VLESS | 7813ms
2026-02-24 12:00:25 [INFO]    [PING OK] NL | VLESS | 4624ms
2026-02-24 12:00:25 [INFO]    [PING OK] NL | VLESS | 4643ms
2026-02-24 12:00:25 [INFO]    [PING OK] DE | VLESS | 4869ms
2026-02-24 12:00:25 [INFO]    [PING OK] SG | VLESS | 5137ms
2026-02-24 12:00:25 [INFO]    [PING OK] NL | VLESS | 5314ms
2026-02-24 12:00:26 [INFO]    [PING OK] TR | VLESS | 4893ms
2026-02-24 12:00:28 [INFO]    [PING OK] DE | VLESS | 4632ms
2026-02-24 12:00:28 [INFO]    [PING OK] US | VLESS | 6548ms
2026-02-24 12:00:29 [INFO]    [PING OK] DE | VLESS | 3929ms
2026-02-24 12:00:29 [INFO]    [PING OK] SG | VLESS | 4112ms
2026-02-24 12:00:29 [INFO]    [PING OK] DE | VLESS | 3120ms
2026-02-24 12:00:30 [INFO]    [PING OK] FI | VLESS | 3028ms
2026-02-24 12:00:30 [INFO]    [PING OK] LT | VLESS | 2449ms
2026-02-24 12:00:31 [INFO]    [PING OK] DE | VLESS | 11765ms
2026-02-24 12:00:31 [INFO]    [PING OK] US | VLESS | 9550ms
2026-02-24 12:00:32 [INFO]    [PING OK] JP | VLESS | 2421ms
2026-02-24 12:00:33 [INFO]    [PING OK] DE | VLESS | 2227ms
2026-02-24 12:00:33 [INFO]    [PING OK] DE | VLESS | 2168ms
2026-02-24 12:00:33 [INFO]    [PING OK] DE | VLESS | 1548ms
2026-02-24 12:00:34 [INFO]    [PING OK] FI | VLESS | 1870ms
2026-02-24 12:00:38 [INFO] 🏎️ ЭТАП 2: Глубокий замер скорости для 40 иностранных кандидатов...
2026-02-24 12:00:42 [INFO]    🏆 LT | VLESS | Пинг: 2449ms | Скорость: 5.98 Mbps ⚡⚡
2026-02-24 12:00:42 [INFO]    🏆 DE | VLESS | Пинг: 2227ms | Скорость: 5.8 Mbps ⚡⚡
2026-02-24 12:00:42 [INFO]    🏆 DE | VLESS | Пинг: 3120ms | Скорость: 6.06 Mbps ⚡⚡
2026-02-24 12:00:42 [INFO]    🏆 FI | VLESS | Пинг: 3028ms | Скорость: 5.98 Mbps ⚡⚡
2026-02-24 12:00:42 [INFO]    🏆 DE | VLESS | Пинг: 3929ms | Скорость: 5.96 Mbps ⚡⚡
2026-02-24 12:00:42 [INFO]    🏆 SG | VLESS | Пинг: 4112ms | Скорость: 5.77 Mbps ⚡⚡
2026-02-24 12:00:43 [INFO]    🏆 DE | VLESS | Пинг: 2168ms | Скорость: 5.05 Mbps ⚡⚡
2026-02-24 12:00:43 [INFO]    🏆 PL | VLESS | Пинг: 4131ms | Скорость: 4.69 Mbps ⚡⚡
2026-02-24 12:00:44 [INFO]    🏆 ES | VLESS | Пинг: 4551ms | Скорость: 7.08 Mbps ⚡⚡
2026-02-24 12:00:45 [INFO]    🏆 FI | VLESS | Пинг: 4479ms | Скорость: 1.47 Mbps 
2026-02-24 12:00:45 [INFO]    🏆 ES | VLESS | Пинг: 4167ms | Скорость: 2.89 Mbps ⚡
2026-02-24 12:00:46 [INFO]    🏆 DE | VLESS | Пинг: 4632ms | Скорость: 6.97 Mbps ⚡⚡
2026-02-24 12:00:46 [INFO]    🏆 NL | VLESS | Пинг: 4643ms | Скорость: 6.74 Mbps ⚡⚡
2026-02-24 12:00:46 [INFO]    🏆 NL | VLESS | Пинг: 4624ms | Скорость: 6.77 Mbps ⚡⚡
2026-02-24 12:00:46 [INFO]    🏆 HU | VLESS | Пинг: 4702ms | Скорость: 7.16 Mbps ⚡⚡
2026-02-24 12:00:46 [INFO]    🏆 ES | VLESS | Пинг: 4714ms | Скорость: 6.87 Mbps ⚡⚡
2026-02-24 12:00:46 [INFO]    🏆 DE | VLESS | Пинг: 4869ms | Скорость: 8.37 Mbps ⚡⚡
2026-02-24 12:00:46 [INFO]    🏆 ES | VLESS | Пинг: 4860ms | Скорость: 6.23 Mbps ⚡⚡
2026-02-24 12:00:47 [INFO]    🏆 PL | VLESS | Пинг: 4669ms | Скорость: 5.16 Mbps ⚡⚡
2026-02-24 12:00:48 [INFO]    🏆 PL | VLESS | Пинг: 5083ms | Скорость: 10.81 Mbps ⚡⚡
2026-02-24 12:00:48 [INFO]    🏆 SG | VLESS | Пинг: 5137ms | Скорость: 10.35 Mbps ⚡⚡
2026-02-24 12:00:48 [INFO]    🏆 PL | VLESS | Пинг: 5189ms | Скорость: 15.85 Mbps ⚡⚡
2026-02-24 12:00:48 [INFO]    🏆 PL | VLESS | Пинг: 5562ms | Скорость: 14.52 Mbps ⚡⚡
2026-02-24 12:00:49 [INFO]    🏆 HU | VLESS | Пинг: 5547ms | Скорость: 11.1 Mbps ⚡⚡
2026-02-24 12:00:49 [INFO]    🏆 DE | VLESS | Пинг: 4613ms | Скорость: 3.37 Mbps ⚡⚡
2026-02-24 12:00:49 [INFO]    🏆 IT | VLESS | Пинг: 4862ms | Скорость: 3.51 Mbps ⚡⚡
2026-02-24 12:00:49 [INFO]    🏆 IT | VLESS | Пинг: 5168ms | Скорость: 6.32 Mbps ⚡⚡
2026-02-24 12:00:49 [INFO]    🏆 HU | VLESS | Пинг: 4738ms | Скорость: 2.25 Mbps ⚡
2026-02-24 12:00:51 [INFO]    🏆 TR | VLESS | Пинг: 4893ms | Скорость: 1.27 Mbps 
2026-02-24 12:00:52 [INFO]    🏆 IT | VLESS | Пинг: 5279ms | Скорость: 3.49 Mbps ⚡⚡
2026-02-24 12:00:57 [INFO] 📊 Итого в подписке сохранено иностранных серверов: 10
2026-02-24 12:00:57 [INFO] 💾 Файл успешно сохранен: FL1PVPN
