2026-02-16 20:30:05 [INFO] 🚀 START: Smart VLESS Selector (Target: 10, Strict Mode)
2026-02-16 20:30:05 [INFO] 🌐 Загрузка источников...
2026-02-16 20:30:08 [INFO] 🔍 Уникальных конфигов собрано: 515
2026-02-16 20:30:08 [INFO] ⚡ ЭТАП 1: Быстрый замер Пинга (Workers: 25)...
2026-02-16 20:30:09 [INFO]    [PING OK] FI | 163ms
2026-02-16 20:30:10 [INFO]    [PING OK] DE | 181ms
2026-02-16 20:30:11 [INFO]    [PING OK] SC | 1515ms
2026-02-16 20:30:11 [INFO]    [PING OK] DE | 196ms
2026-02-16 20:30:12 [INFO]    [PING OK] DE | 149ms
2026-02-16 20:30:14 [INFO]    [PING OK] DE | 179ms
2026-02-16 20:30:14 [INFO]    [PING OK] DE | 204ms
2026-02-16 20:30:16 [INFO]    [PING OK] RU | 81ms
2026-02-16 20:30:16 [INFO]    [PING OK] RU | 184ms
2026-02-16 20:30:16 [INFO]    [PING OK] RU | 333ms
2026-02-16 20:30:16 [INFO]    [PING OK] RU | 314ms
2026-02-16 20:30:16 [INFO]    [PING OK] RU | 246ms
2026-02-16 20:30:16 [INFO]    [PING OK] RU | 162ms
2026-02-16 20:30:16 [INFO]    [PING OK] RU | 131ms
2026-02-16 20:30:17 [INFO]    [PING OK] RU | 186ms
2026-02-16 20:30:17 [INFO]    [PING OK] EE | 147ms
2026-02-16 20:30:17 [INFO]    [PING OK] RU | 231ms
2026-02-16 20:30:17 [INFO]    [PING OK] RU | 285ms
2026-02-16 20:30:17 [INFO]    [PING OK] DE | 159ms
2026-02-16 20:30:17 [INFO]    [PING OK] RU | 118ms
2026-02-16 20:30:17 [INFO]    [PING OK] RU | 1512ms
2026-02-16 20:30:18 [INFO]    [PING OK] RU | 240ms
2026-02-16 20:30:18 [INFO]    [PING OK] RU | 363ms
2026-02-16 20:30:18 [INFO]    [PING OK] DE | 532ms
2026-02-16 20:30:18 [INFO]    [PING OK] RU | 120ms
2026-02-16 20:30:18 [INFO]    [PING OK] FI | 146ms
2026-02-16 20:30:18 [INFO]    [PING OK] DE | 160ms
2026-02-16 20:30:18 [INFO]    [PING OK] RU | 401ms
2026-02-16 20:30:18 [INFO]    [PING OK] RU | 356ms
2026-02-16 20:30:19 [INFO]    [PING OK] RU | 326ms
2026-02-16 20:30:19 [INFO]    [PING OK] FI | 240ms
2026-02-16 20:30:19 [INFO]    [PING OK] RU | 233ms
2026-02-16 20:30:19 [INFO]    [PING OK] RU | 233ms
2026-02-16 20:30:19 [INFO]    [PING OK] RU | 330ms
2026-02-16 20:30:19 [INFO]    [PING OK] RU | 353ms
2026-02-16 20:30:19 [INFO]    [PING OK] RU | 321ms
2026-02-16 20:30:19 [INFO]    [PING OK] RU | 213ms
2026-02-16 20:30:20 [INFO]    [PING OK] RU | 677ms
2026-02-16 20:30:20 [INFO]    [PING OK] RU | 240ms
2026-02-16 20:30:20 [INFO]    [PING OK] RU | 333ms
2026-02-16 20:30:20 [INFO]    [PING OK] RU | 80ms
2026-02-16 20:30:20 [INFO]    [PING OK] RU | 119ms
2026-02-16 20:30:20 [INFO]    [PING OK] RU | 296ms
2026-02-16 20:30:20 [INFO]    [PING OK] RU | 325ms
2026-02-16 20:30:21 [INFO]    [PING OK] RU | 225ms
2026-02-16 20:30:21 [INFO]    [PING OK] RU | 106ms
2026-02-16 20:30:21 [INFO]    [PING OK] RU | 278ms
2026-02-16 20:30:21 [INFO]    [PING OK] RU | 336ms
2026-02-16 20:30:21 [INFO]    [PING OK] RU | 196ms
2026-02-16 20:30:21 [INFO]    [PING OK] PL | 180ms
2026-02-16 20:30:21 [INFO]    [PING OK] US | 179ms
2026-02-16 20:30:21 [INFO]    [PING OK] RU | 1267ms
2026-02-16 20:30:21 [INFO]    [PING OK] RU | 1061ms
2026-02-16 20:30:21 [INFO]    [PING OK] RU | 90ms
2026-02-16 20:30:21 [INFO]    [PING OK] RU | 1071ms
2026-02-16 20:30:22 [INFO]    [PING OK] RU | 1082ms
2026-02-16 20:30:22 [INFO]    [PING OK] RU | 169ms
2026-02-16 20:30:22 [INFO]    [PING OK] RU | 209ms
2026-02-16 20:30:22 [INFO]    [PING OK] RU | 311ms
2026-02-16 20:30:22 [INFO]    [PING OK] RU | 202ms
2026-02-16 20:30:22 [INFO]    [PING OK] RU | 2645ms
2026-02-16 20:30:22 [INFO]    [PING OK] RU | 341ms
2026-02-16 20:30:22 [INFO]    [PING OK] RU | 327ms
2026-02-16 20:30:22 [INFO]    [PING OK] RU | 262ms
2026-02-16 20:30:22 [INFO]    [PING OK] NL | 176ms
2026-02-16 20:30:22 [INFO]    [PING OK] RU | 143ms
2026-02-16 20:30:23 [INFO]    [PING OK] RU | 248ms
2026-02-16 20:30:23 [INFO]    [PING OK] RU | 3612ms
2026-02-16 20:30:23 [INFO]    [PING OK] RU | 4371ms
2026-02-16 20:30:23 [INFO]    [PING OK] RU | 861ms
2026-02-16 20:30:23 [INFO]    [PING OK] PL | 184ms
2026-02-16 20:30:23 [INFO]    [PING OK] RU | 388ms
2026-02-16 20:30:23 [INFO]    [PING OK] RU | 69ms
2026-02-16 20:30:23 [INFO]    [PING OK] RU | 271ms
2026-02-16 20:30:24 [INFO]    [PING OK] RU | 302ms
2026-02-16 20:30:24 [INFO]    [PING OK] RU | 322ms
2026-02-16 20:30:24 [INFO]    [PING OK] RU | 356ms
2026-02-16 20:30:24 [INFO]    [PING OK] RU | 744ms
2026-02-16 20:30:24 [INFO]    [PING OK] RU | 2220ms
2026-02-16 20:30:24 [INFO]    [PING OK] RU | 215ms
2026-02-16 20:30:24 [INFO]    [PING OK] RU | 370ms
2026-02-16 20:30:24 [INFO]    [PING OK] PL | 182ms
2026-02-16 20:30:25 [INFO]    [PING OK] RU | 122ms
2026-02-16 20:30:25 [INFO]    [PING OK] RU | 1427ms
2026-02-16 20:30:26 [INFO]    [PING OK] RU | 4317ms
2026-02-16 20:30:26 [INFO]    [PING OK] NL | 190ms
2026-02-16 20:30:27 [INFO]    [PING OK] RU | 4130ms
2026-02-16 20:30:27 [INFO]    [PING OK] RU | 1619ms
2026-02-16 20:30:27 [INFO]    [PING OK] DE | 174ms
2026-02-16 20:30:27 [INFO]    [PING OK] RU | 4070ms
2026-02-16 20:30:28 [INFO]    [PING OK] RU | 2784ms
2026-02-16 20:30:28 [INFO]    [PING OK] RU | 3306ms
2026-02-16 20:30:30 [INFO]    [PING OK] US | 1067ms
2026-02-16 20:30:31 [INFO]    [PING OK] DE | 174ms
2026-02-16 20:30:32 [INFO]    [PING OK] SE | 213ms
2026-02-16 20:30:35 [INFO]    [PING OK] US | 541ms
2026-02-16 20:30:36 [INFO]    [PING OK] US | 1054ms
2026-02-16 20:30:38 [INFO]    [PING OK] RU | 81ms
2026-02-16 20:30:39 [INFO]    [PING OK] PL | 461ms
2026-02-16 20:30:39 [INFO]    [PING OK] DE | 200ms
2026-02-16 20:30:43 [INFO]    [PING OK] FR | 1336ms
2026-02-16 20:30:44 [INFO]    [PING OK] US | 725ms
2026-02-16 20:30:44 [INFO]    [PING OK] NL | 377ms
2026-02-16 20:30:48 [INFO]    [PING OK] DE | 128ms
2026-02-16 20:30:49 [INFO]    [PING OK] TR | 267ms
2026-02-16 20:30:51 [INFO]    [PING OK] DE | 183ms
2026-02-16 20:30:52 [INFO]    [PING OK] PL | 142ms
2026-02-16 20:30:52 [INFO]    [PING OK] US | 565ms
2026-02-16 20:30:52 [INFO]    [PING OK] FR | 217ms
2026-02-16 20:31:04 [INFO]    [PING OK] DE | 422ms
2026-02-16 20:31:11 [INFO]    [PING OK] DE | 151ms
2026-02-16 20:31:13 [INFO]    [PING OK] NL | 185ms
2026-02-16 20:31:13 [INFO]    [PING OK] GB | 354ms
2026-02-16 20:31:15 [INFO]    [PING OK] MD | 246ms
2026-02-16 20:31:15 [INFO]    [PING OK] LV | 330ms
2026-02-16 20:31:15 [INFO]    [PING OK] LV | 382ms
2026-02-16 20:31:20 [INFO] 🏎️ ЭТАП 2: Глубокий замер скорости для ТОП-10 серверов...
2026-02-16 20:31:27 [INFO]    🏆 DE | Пинг: 128ms | Скорость: 7.56 Mbps ⚡⚡
2026-02-16 20:31:27 [INFO]    🏆 PL | Пинг: 142ms | Скорость: 7.73 Mbps ⚡⚡
2026-02-16 20:31:27 [INFO]    🏆 FI | Пинг: 146ms | Скорость: 7.63 Mbps ⚡⚡
2026-02-16 20:31:27 [INFO]    🏆 EE | Пинг: 147ms | Скорость: 7.58 Mbps ⚡⚡
2026-02-16 20:31:27 [INFO]    🏆 DE | Пинг: 149ms | Скорость: 7.67 Mbps ⚡⚡
2026-02-16 20:31:27 [INFO]    🏆 DE | Пинг: 151ms | Скорость: 7.79 Mbps ⚡⚡
2026-02-16 20:31:27 [INFO]    🏆 DE | Пинг: 159ms | Скорость: 7.97 Mbps ⚡⚡
2026-02-16 20:31:27 [INFO]    🏆 DE | Пинг: 160ms | Скорость: 8.06 Mbps ⚡⚡
2026-02-16 20:31:27 [INFO]    🏆 FI | Пинг: 163ms | Скорость: 3.79 Mbps ⚡⚡
2026-02-16 20:31:27 [INFO]    🏆 RU | Пинг: 69ms | Скорость: 7.72 Mbps ⚡⚡
2026-02-16 20:31:27 [INFO] 🇷🇺 Добавлен RU сервер: 95.163.211.158
2026-02-16 20:31:27 [INFO] 📊 Итого в подписке сохранено: 10 серверов
2026-02-16 20:31:27 [INFO] 💾 Файл успешно сохранен: FL1PVPN
