2026-02-18 01:30:05 [INFO] 🚀 START: Smart VLESS Selector (Target: 10, Strict Mode)
2026-02-18 01:30:05 [INFO] 🌐 Загрузка источников...
2026-02-18 01:30:08 [INFO] 🔍 Уникальных конфигов собрано: 323
2026-02-18 01:30:08 [INFO] ⚡ ЭТАП 1: Быстрый замер Пинга (Workers: 25)...
2026-02-18 01:30:09 [INFO]    [PING OK] LT | 221ms
2026-02-18 01:30:10 [INFO]    [PING OK] BG | 347ms
2026-02-18 01:30:10 [INFO]    [PING OK] FI | 246ms
2026-02-18 01:30:11 [INFO]    [PING OK] LV | 212ms
2026-02-18 01:30:11 [INFO]    [PING OK] DE | 157ms
2026-02-18 01:30:11 [INFO]    [PING OK] DE | 1506ms
2026-02-18 01:30:12 [INFO]    [PING OK] FI | 336ms
2026-02-18 01:30:12 [INFO]    [PING OK] LV | 155ms
2026-02-18 01:30:12 [INFO]    [PING OK] RU | 422ms
2026-02-18 01:30:12 [INFO]    [PING OK] NL | 244ms
2026-02-18 01:30:12 [INFO]    [PING OK] IR | 536ms
2026-02-18 01:30:13 [INFO]    [PING OK] LT | 166ms
2026-02-18 01:30:13 [INFO]    [PING OK] PL | 170ms
2026-02-18 01:30:13 [INFO]    [PING OK] LT | 162ms
2026-02-18 01:30:13 [INFO]    [PING OK] RU | 240ms
2026-02-18 01:30:13 [INFO]    [PING OK] DE | 169ms
2026-02-18 01:30:13 [INFO]    [PING OK] DE | 1195ms
2026-02-18 01:30:13 [INFO]    [PING OK] RU | 101ms
2026-02-18 01:30:14 [INFO]    [PING OK] RU | 181ms
2026-02-18 01:30:14 [INFO]    [PING OK] RU | 388ms
2026-02-18 01:30:14 [INFO]    [PING OK] RU | 171ms
2026-02-18 01:30:14 [INFO]    [PING OK] RU | 238ms
2026-02-18 01:30:14 [INFO]    [PING OK] RU | 293ms
2026-02-18 01:30:14 [INFO]    [PING OK] RU | 328ms
2026-02-18 01:30:14 [INFO]    [PING OK] RU | 61ms
2026-02-18 01:30:14 [INFO]    [PING OK] DE | 169ms
2026-02-18 01:30:15 [INFO]    [PING OK] RU | 338ms
2026-02-18 01:30:15 [INFO]    [PING OK] RU | 218ms
2026-02-18 01:30:15 [INFO]    [PING OK] RU | 313ms
2026-02-18 01:30:15 [INFO]    [PING OK] RU | 311ms
2026-02-18 01:30:15 [INFO]    [PING OK] RU | 219ms
2026-02-18 01:30:15 [INFO]    [PING OK] RU | 202ms
2026-02-18 01:30:15 [INFO]    [PING OK] RU | 222ms
2026-02-18 01:30:15 [INFO]    [PING OK] RU | 72ms
2026-02-18 01:30:15 [INFO]    [PING OK] RU | 292ms
2026-02-18 01:30:15 [INFO]    [PING OK] RU | 152ms
2026-02-18 01:30:15 [INFO]    [PING OK] RU | 241ms
2026-02-18 01:30:15 [INFO]    [PING OK] RU | 204ms
2026-02-18 01:30:15 [INFO]    [PING OK] RU | 218ms
2026-02-18 01:30:15 [INFO]    [PING OK] RU | 185ms
2026-02-18 01:30:15 [INFO]    [PING OK] RU | 145ms
2026-02-18 01:30:15 [INFO]    [PING OK] RU | 241ms
2026-02-18 01:30:15 [INFO]    [PING OK] RU | 320ms
2026-02-18 01:30:15 [INFO]    [PING OK] RU | 369ms
2026-02-18 01:30:15 [INFO]    [PING OK] RU | 273ms
2026-02-18 01:30:16 [INFO]    [PING OK] RU | 266ms
2026-02-18 01:30:16 [INFO]    [PING OK] RU | 90ms
2026-02-18 01:30:16 [INFO]    [PING OK] RU | 195ms
2026-02-18 01:30:16 [INFO]    [PING OK] RU | 199ms
2026-02-18 01:30:16 [INFO]    [PING OK] RU | 351ms
2026-02-18 01:30:16 [INFO]    [PING OK] RU | 154ms
2026-02-18 01:30:16 [INFO]    [PING OK] RU | 243ms
2026-02-18 01:30:16 [INFO]    [PING OK] RU | 106ms
2026-02-18 01:30:16 [INFO]    [PING OK] RU | 233ms
2026-02-18 01:30:16 [INFO]    [PING OK] RU | 85ms
2026-02-18 01:30:16 [INFO]    [PING OK] RU | 206ms
2026-02-18 01:30:16 [INFO]    [PING OK] RU | 341ms
2026-02-18 01:30:16 [INFO]    [PING OK] RU | 272ms
2026-02-18 01:30:16 [INFO]    [PING OK] RU | 327ms
2026-02-18 01:30:16 [INFO]    [PING OK] RU | 318ms
2026-02-18 01:30:17 [INFO]    [PING OK] RU | 55ms
2026-02-18 01:30:17 [INFO]    [PING OK] RU | 135ms
2026-02-18 01:30:17 [INFO]    [PING OK] RU | 88ms
2026-02-18 01:30:17 [INFO]    [PING OK] RU | 263ms
2026-02-18 01:30:17 [INFO]    [PING OK] RU | 198ms
2026-02-18 01:30:17 [INFO]    [PING OK] RU | 150ms
2026-02-18 01:30:17 [INFO]    [PING OK] RU | 224ms
2026-02-18 01:30:17 [INFO]    [PING OK] RU | 183ms
2026-02-18 01:30:17 [INFO]    [PING OK] RU | 241ms
2026-02-18 01:30:17 [INFO]    [PING OK] RU | 338ms
2026-02-18 01:30:17 [INFO]    [PING OK] RU | 85ms
2026-02-18 01:30:17 [INFO]    [PING OK] RU | 335ms
2026-02-18 01:30:17 [INFO]    [PING OK] RU | 599ms
2026-02-18 01:30:17 [INFO]    [PING OK] RU | 309ms
2026-02-18 01:30:17 [INFO]    [PING OK] RU | 220ms
2026-02-18 01:30:18 [INFO]    [PING OK] RU | 166ms
2026-02-18 01:30:18 [INFO]    [PING OK] RU | 283ms
2026-02-18 01:30:18 [INFO]    [PING OK] RU | 63ms
2026-02-18 01:30:18 [INFO]    [PING OK] RU | 140ms
2026-02-18 01:30:18 [INFO]    [PING OK] RU | 156ms
2026-02-18 01:30:18 [INFO]    [PING OK] RU | 134ms
2026-02-18 01:30:18 [INFO]    [PING OK] RU | 240ms
2026-02-18 01:30:18 [INFO]    [PING OK] RU | 319ms
2026-02-18 01:30:18 [INFO]    [PING OK] DE | 291ms
2026-02-18 01:30:18 [INFO]    [PING OK] RU | 301ms
2026-02-18 01:30:18 [INFO]    [PING OK] RU | 225ms
2026-02-18 01:30:18 [INFO]    [PING OK] RU | 264ms
2026-02-18 01:30:18 [INFO]    [PING OK] RU | 256ms
2026-02-18 01:30:18 [INFO]    [PING OK] RU | 280ms
2026-02-18 01:30:18 [INFO]    [PING OK] FI | 125ms
2026-02-18 01:30:18 [INFO]    [PING OK] RU | 311ms
2026-02-18 01:30:18 [INFO]    [PING OK] DE | 356ms
2026-02-18 01:30:18 [INFO]    [PING OK] RU | 52ms
2026-02-18 01:30:19 [INFO]    [PING OK] RU | 193ms
2026-02-18 01:30:19 [INFO]    [PING OK] RU | 318ms
2026-02-18 01:30:19 [INFO]    [PING OK] RU | 328ms
2026-02-18 01:30:19 [INFO]    [PING OK] RU | 120ms
2026-02-18 01:30:19 [INFO]    [PING OK] RU | 225ms
2026-02-18 01:30:19 [INFO]    [PING OK] RU | 153ms
2026-02-18 01:30:19 [INFO]    [PING OK] RU | 969ms
2026-02-18 01:30:19 [INFO]    [PING OK] RU | 207ms
2026-02-18 01:30:19 [INFO]    [PING OK] RU | 195ms
2026-02-18 01:30:19 [INFO]    [PING OK] HU | 2452ms
2026-02-18 01:30:19 [INFO]    [PING OK] RU | 434ms
2026-02-18 01:30:19 [INFO]    [PING OK] RU | 171ms
2026-02-18 01:30:19 [INFO]    [PING OK] RU | 258ms
2026-02-18 01:30:19 [INFO]    [PING OK] RU | 464ms
2026-02-18 01:30:20 [INFO]    [PING OK] TR | 428ms
2026-02-18 01:30:20 [INFO]    [PING OK] DE | 141ms
2026-02-18 01:30:20 [INFO]    [PING OK] FI | 143ms
2026-02-18 01:30:20 [INFO]    [PING OK] FI | 128ms
2026-02-18 01:30:20 [INFO]    [PING OK] AE | 161ms
2026-02-18 01:30:20 [INFO]    [PING OK] RU | 4277ms
2026-02-18 01:30:20 [INFO]    [PING OK] US | 678ms
2026-02-18 01:30:21 [INFO]    [PING OK] NL | 200ms
2026-02-18 01:30:21 [INFO]    [PING OK] DE | 190ms
2026-02-18 01:30:21 [INFO]    [PING OK] LV | 308ms
2026-02-18 01:30:22 [INFO]    [PING OK] UZ | 309ms
2026-02-18 01:30:22 [INFO]    [PING OK] RU | 150ms
2026-02-18 01:30:22 [INFO]    [PING OK] FR | 448ms
2026-02-18 01:30:23 [INFO]    [PING OK] PL | 143ms
2026-02-18 01:30:23 [INFO]    [PING OK] DE | 228ms
2026-02-18 01:30:23 [INFO]    [PING OK] DE | 145ms
2026-02-18 01:30:23 [INFO]    [PING OK] JP | 430ms
2026-02-18 01:30:23 [INFO]    [PING OK] RU | 1369ms
2026-02-18 01:30:24 [INFO]    [PING OK] US | 445ms
2026-02-18 01:30:24 [INFO]    [PING OK] MD | 128ms
2026-02-18 01:30:24 [INFO]    [PING OK] FI | 748ms
2026-02-18 01:30:24 [INFO]    [PING OK] TR | 429ms
2026-02-18 01:30:25 [INFO]    [PING OK] PL | 114ms
2026-02-18 01:30:25 [INFO]    [PING OK] DE | 506ms
2026-02-18 01:30:26 [INFO]    [PING OK] PL | 109ms
2026-02-18 01:30:27 [INFO]    [PING OK] AT | 227ms
2026-02-18 01:30:28 [INFO]    [PING OK] AU | 179ms
2026-02-18 01:30:28 [INFO]    [PING OK] DE | 187ms
2026-02-18 01:30:29 [INFO]    [PING OK] FI | 206ms
2026-02-18 01:30:29 [INFO]    [PING OK] ES | 491ms
2026-02-18 01:30:34 [INFO] 🏎️ ЭТАП 2: Глубокий замер скорости для ТОП-10 серверов...
2026-02-18 01:30:37 [INFO]    🏆 PL | Пинг: 109ms | Скорость: 7.9 Mbps ⚡⚡
2026-02-18 01:30:37 [INFO]    🏆 PL | Пинг: 114ms | Скорость: 7.76 Mbps ⚡⚡
2026-02-18 01:30:37 [INFO]    🏆 FI | Пинг: 125ms | Скорость: 7.76 Mbps ⚡⚡
2026-02-18 01:30:37 [INFO]    🏆 FI | Пинг: 128ms | Скорость: 8.05 Mbps ⚡⚡
2026-02-18 01:30:37 [INFO]    🏆 MD | Пинг: 128ms | Скорость: 7.93 Mbps ⚡⚡
2026-02-18 01:30:37 [INFO]    🏆 DE | Пинг: 141ms | Скорость: 8.05 Mbps ⚡⚡
2026-02-18 01:30:37 [INFO]    🏆 FI | Пинг: 143ms | Скорость: 8.08 Mbps ⚡⚡
2026-02-18 01:30:37 [INFO]    🏆 PL | Пинг: 143ms | Скорость: 8.12 Mbps ⚡⚡
2026-02-18 01:30:37 [INFO]    🏆 DE | Пинг: 145ms | Скорость: 8.27 Mbps ⚡⚡
2026-02-18 01:30:37 [INFO]    🏆 RU | Пинг: 52ms | Скорость: 8.12 Mbps ⚡⚡
2026-02-18 01:30:37 [INFO] 🇷🇺 Добавлен RU сервер: 51.250.12.100
2026-02-18 01:30:37 [INFO] 📊 Итого в подписке сохранено: 10 серверов
2026-02-18 01:30:37 [INFO] 💾 Файл успешно сохранен: FL1PVPN
