2026-02-18 10:50:06 [INFO] 🚀 START: Smart VLESS Selector (Target: 10, Strict Mode)
2026-02-18 10:50:06 [INFO] 🌐 Загрузка источников...
2026-02-18 10:50:08 [INFO] 🔍 Уникальных конфигов собрано: 298
2026-02-18 10:50:08 [INFO] ⚡ ЭТАП 1: Быстрый замер Пинга (Workers: 25)...
2026-02-18 10:50:09 [INFO]    [PING OK] DE | 155ms
2026-02-18 10:50:09 [INFO]    [PING OK] RU | 314ms
2026-02-18 10:50:10 [INFO]    [PING OK] US | 497ms
2026-02-18 10:50:11 [INFO]    [PING OK] DE | 149ms
2026-02-18 10:50:13 [INFO]    [PING OK] LT | 765ms
2026-02-18 10:50:13 [INFO]    [PING OK] HK | 3986ms
2026-02-18 10:50:16 [INFO]    [PING OK] US | 3428ms
2026-02-18 10:50:16 [INFO]    [PING OK] FR | 583ms
2026-02-18 10:50:18 [INFO]    [PING OK] RU | 2308ms
2026-02-18 10:50:19 [INFO]    [PING OK] RU | 325ms
2026-02-18 10:50:19 [INFO]    [PING OK] DE | 185ms
2026-02-18 10:50:19 [INFO]    [PING OK] ES | 822ms
2026-02-18 10:50:21 [INFO]    [PING OK] DE | 172ms
2026-02-18 10:50:22 [INFO]    [PING OK] RU | 199ms
2026-02-18 10:50:22 [INFO]    [PING OK] DE | 4645ms
2026-02-18 10:50:23 [INFO]    [PING OK] IT | 577ms
2026-02-18 10:50:23 [INFO]    [PING OK] RU | 259ms
2026-02-18 10:50:23 [INFO]    [PING OK] RU | 230ms
2026-02-18 10:50:23 [INFO]    [PING OK] RU | 975ms
2026-02-18 10:50:24 [INFO]    [PING OK] RU | 310ms
2026-02-18 10:50:24 [INFO]    [PING OK] RU | 352ms
2026-02-18 10:50:24 [INFO]    [PING OK] RU | 1024ms
2026-02-18 10:50:25 [INFO]    [PING OK] RU | 278ms
2026-02-18 10:50:25 [INFO]    [PING OK] RU | 340ms
2026-02-18 10:50:25 [INFO]    [PING OK] RU | 257ms
2026-02-18 10:50:25 [INFO]    [PING OK] RU | 959ms
2026-02-18 10:50:25 [INFO]    [PING OK] RU | 196ms
2026-02-18 10:50:25 [INFO]    [PING OK] RU | 116ms
2026-02-18 10:50:26 [INFO]    [PING OK] RU | 1740ms
2026-02-18 10:50:26 [INFO]    [PING OK] RU | 1268ms
2026-02-18 10:50:26 [INFO]    [PING OK] RU | 324ms
2026-02-18 10:50:26 [INFO]    [PING OK] RU | 931ms
2026-02-18 10:50:26 [INFO]    [PING OK] RU | 350ms
2026-02-18 10:50:26 [INFO]    [PING OK] RU | 636ms
2026-02-18 10:50:26 [INFO]    [PING OK] RU | 1596ms
2026-02-18 10:50:26 [INFO]    [PING OK] RU | 307ms
2026-02-18 10:50:26 [INFO]    [PING OK] RU | 253ms
2026-02-18 10:50:26 [INFO]    [PING OK] RU | 265ms
2026-02-18 10:50:26 [INFO]    [PING OK] RU | 823ms
2026-02-18 10:50:26 [INFO]    [PING OK] RU | 226ms
2026-02-18 10:50:26 [INFO]    [PING OK] RU | 372ms
2026-02-18 10:50:26 [INFO]    [PING OK] RU | 466ms
2026-02-18 10:50:27 [INFO]    [PING OK] RU | 250ms
2026-02-18 10:50:27 [INFO]    [PING OK] RU | 242ms
2026-02-18 10:50:27 [INFO]    [PING OK] RU | 276ms
2026-02-18 10:50:27 [INFO]    [PING OK] RU | 909ms
2026-02-18 10:50:27 [INFO]    [PING OK] RU | 227ms
2026-02-18 10:50:27 [INFO]    [PING OK] RU | 334ms
2026-02-18 10:50:27 [INFO]    [PING OK] RU | 262ms
2026-02-18 10:50:27 [INFO]    [PING OK] RU | 328ms
2026-02-18 10:50:27 [INFO]    [PING OK] RU | 355ms
2026-02-18 10:50:27 [INFO]    [PING OK] RU | 317ms
2026-02-18 10:50:27 [INFO]    [PING OK] RU | 374ms
2026-02-18 10:50:27 [INFO]    [PING OK] RU | 487ms
2026-02-18 10:50:27 [INFO]    [PING OK] RU | 888ms
2026-02-18 10:50:28 [INFO]    [PING OK] RU | 312ms
2026-02-18 10:50:28 [INFO]    [PING OK] RU | 924ms
2026-02-18 10:50:28 [INFO]    [PING OK] RU | 1344ms
2026-02-18 10:50:28 [INFO]    [PING OK] RU | 338ms
2026-02-18 10:50:28 [INFO]    [PING OK] RU | 324ms
2026-02-18 10:50:28 [INFO]    [PING OK] RU | 1676ms
2026-02-18 10:50:29 [INFO]    [PING OK] RU | 161ms
2026-02-18 10:50:29 [INFO]    [PING OK] RU | 94ms
2026-02-18 10:50:29 [INFO]    [PING OK] RU | 951ms
2026-02-18 10:50:29 [INFO]    [PING OK] RU | 1029ms
2026-02-18 10:50:29 [INFO]    [PING OK] DE | 203ms
2026-02-18 10:50:29 [INFO]    [PING OK] RU | 1702ms
2026-02-18 10:50:29 [INFO]    [PING OK] DE | 229ms
2026-02-18 10:50:29 [INFO]    [PING OK] RU | 992ms
2026-02-18 10:50:30 [INFO]    [PING OK] RU | 2104ms
2026-02-18 10:50:31 [INFO]    [PING OK] FI | 237ms
2026-02-18 10:50:31 [INFO]    [PING OK] FI | 464ms
2026-02-18 10:50:32 [INFO]    [PING OK] RU | 3666ms
2026-02-18 10:50:32 [INFO]    [PING OK] US | 1892ms
2026-02-18 10:50:32 [INFO]    [PING OK] AE | 220ms
2026-02-18 10:50:33 [INFO]    [PING OK] NL | 220ms
2026-02-18 10:50:33 [INFO]    [PING OK] DE | 168ms
2026-02-18 10:50:35 [INFO]    [PING OK] FI | 178ms
2026-02-18 10:50:35 [INFO]    [PING OK] LV | 462ms
2026-02-18 10:50:36 [INFO]    [PING OK] NL | 2237ms
2026-02-18 10:50:36 [INFO]    [PING OK] RU | 176ms
2026-02-18 10:50:37 [INFO]    [PING OK] DE | 500ms
2026-02-18 10:50:39 [INFO]    [PING OK] UZ | 294ms
2026-02-18 10:50:39 [INFO]    [PING OK] NL | 4227ms
2026-02-18 10:50:40 [INFO]    [PING OK] JP | 1165ms
2026-02-18 10:50:40 [INFO]    [PING OK] US | 661ms
2026-02-18 10:50:40 [INFO]    [PING OK] MD | 169ms
2026-02-18 10:50:40 [INFO]    [PING OK] FI | 217ms
2026-02-18 10:50:41 [INFO]    [PING OK] TR | 473ms
2026-02-18 10:50:41 [INFO]    [PING OK] AT | 229ms
2026-02-18 10:50:41 [INFO]    [PING OK] NL | 217ms
2026-02-18 10:50:42 [INFO]    [PING OK] HU | 327ms
2026-02-18 10:50:47 [INFO] 🏎️ ЭТАП 2: Глубокий замер скорости для ТОП-10 серверов...
2026-02-18 10:50:53 [INFO]    🏆 DE | Пинг: 149ms | Скорость: 8.13 Mbps ⚡⚡
2026-02-18 10:50:53 [INFO]    🏆 DE | Пинг: 155ms | Скорость: 8.24 Mbps ⚡⚡
2026-02-18 10:50:53 [INFO]    🏆 DE | Пинг: 168ms | Скорость: 0.0 Mbps 
2026-02-18 10:50:53 [INFO]    🏆 MD | Пинг: 169ms | Скорость: 1.19 Mbps 
2026-02-18 10:50:53 [INFO]    🏆 DE | Пинг: 172ms | Скорость: 8.21 Mbps ⚡⚡
2026-02-18 10:50:53 [INFO]    🏆 FI | Пинг: 178ms | Скорость: 8.55 Mbps ⚡⚡
2026-02-18 10:50:53 [INFO]    🏆 DE | Пинг: 185ms | Скорость: 7.41 Mbps ⚡⚡
2026-02-18 10:50:53 [INFO]    🏆 DE | Пинг: 203ms | Скорость: 8.61 Mbps ⚡⚡
2026-02-18 10:50:53 [INFO]    🏆 FI | Пинг: 217ms | Скорость: 8.51 Mbps ⚡⚡
2026-02-18 10:50:53 [INFO]    🏆 RU | Пинг: 94ms | Скорость: 8.57 Mbps ⚡⚡
2026-02-18 10:50:53 [INFO] 🇷🇺 Добавлен RU сервер: 217.16.27.217
2026-02-18 10:50:53 [INFO] 📊 Итого в подписке сохранено: 10 серверов
2026-02-18 10:50:53 [INFO] 💾 Файл успешно сохранен: FL1PVPN
