2026-02-23 20:50:06 [INFO] 🚀 START: Smart Selector (Target: 10, ONLY FOREIGN)
2026-02-23 20:50:06 [INFO] 🌐 Загрузка источников (VLESS + VMess)...
2026-02-23 20:50:08 [INFO] 🔍 Уникальных конфигов собрано: 230
2026-02-23 20:50:08 [INFO] ⚡ ЭТАП 1: Замер Пинга и Геолокации. Workers: 40...
2026-02-23 20:50:13 [INFO]    [PING OK] HU | VLESS | 4109ms
2026-02-23 20:50:13 [INFO]    [PING OK] HU | VLESS | 4268ms
2026-02-23 20:50:13 [INFO]    [PING OK] HU | VLESS | 4292ms
2026-02-23 20:50:13 [INFO]    [PING OK] ES | VLESS | 4323ms
2026-02-23 20:50:13 [INFO]    [PING OK] DE | VLESS | 4609ms
2026-02-23 20:50:13 [INFO]    [PING OK] ES | VLESS | 4579ms
2026-02-23 20:50:14 [INFO]    [PING OK] TR | VLESS | 4583ms
2026-02-23 20:50:14 [INFO]    [PING OK] ES | VLESS | 4391ms
2026-02-23 20:50:14 [INFO]    [PING OK] HU | VLESS | 4215ms
2026-02-23 20:50:14 [INFO]    [PING OK] PL | VLESS | 4563ms
2026-02-23 20:50:14 [INFO]    [PING OK] ES | VLESS | 4396ms
2026-02-23 20:50:14 [INFO]    [PING OK] US | VLESS | 4827ms
2026-02-23 20:50:14 [INFO]    [PING OK] PL | VLESS | 4251ms
2026-02-23 20:50:14 [INFO]    [PING OK] IT | VLESS | 3768ms
2026-02-23 20:50:14 [INFO]    [PING OK] IT | VLESS | 3995ms
2026-02-23 20:50:14 [INFO]    [PING OK] ES | VLESS | 3689ms
2026-02-23 20:50:14 [INFO]    [PING OK] PL | VLESS | 3981ms
2026-02-23 20:50:15 [INFO]    [PING OK] ES | VLESS | 3945ms
2026-02-23 20:50:15 [INFO]    [PING OK] PL | VLESS | 3774ms
2026-02-23 20:50:16 [INFO]    [PING OK] HU | VLESS | 4343ms
2026-02-23 20:50:18 [INFO]    [PING OK] DE | VLESS | 9107ms
2026-02-23 20:50:19 [INFO]    [PING OK] HU | VLESS | 4374ms
2026-02-23 20:50:19 [INFO]    [PING OK] DE | VLESS | 4560ms
2026-02-23 20:50:19 [INFO]    [PING OK] TR | VLESS | 4863ms
2026-02-23 20:50:19 [INFO]    [PING OK] PL | VLESS | 4857ms
2026-02-23 20:50:19 [INFO]    [PING OK] PL | VLESS | 4373ms
2026-02-23 20:50:19 [INFO]    [PING OK] EE | VLESS | 7161ms
2026-02-23 20:50:20 [INFO]    [PING OK] TR | VLESS | 3974ms
2026-02-23 20:50:21 [INFO]    [PING OK] FI | VLESS | 5406ms
2026-02-23 20:50:23 [INFO]    [PING OK] NL | VLESS | 4530ms
2026-02-23 20:50:24 [INFO]    [PING OK] EE | VLESS | 4710ms
2026-02-23 20:50:25 [INFO]    [PING OK] SE | VLESS | 4689ms
2026-02-23 20:50:25 [INFO]    [PING OK] DE | VLESS | 5035ms
2026-02-23 20:50:25 [INFO]    [PING OK] DE | VLESS | 5014ms
2026-02-23 20:50:26 [INFO]    [PING OK] SE | VLESS | 4971ms
2026-02-23 20:50:26 [INFO]    [PING OK] DE | VLESS | 4913ms
2026-02-23 20:50:26 [INFO]    [PING OK] DE | VLESS | 5399ms
2026-02-23 20:50:26 [INFO]    [PING OK] SE | VLESS | 5292ms
2026-02-23 20:50:26 [INFO]    [PING OK] SE | VLESS | 5030ms
2026-02-23 20:50:27 [INFO]    [PING OK] SE | VLESS | 5331ms
2026-02-23 20:50:28 [INFO]    [PING OK] HK | VLESS | 5632ms
2026-02-23 20:50:28 [INFO]    [PING OK] SE | VLESS | 5082ms
2026-02-23 20:50:29 [INFO]    [PING OK] US | VLESS | 5605ms
2026-02-23 20:50:29 [INFO]    [PING OK] DE | VLESS | 5264ms
2026-02-23 20:50:29 [INFO]    [PING OK] SE | VLESS | 4980ms
2026-02-23 20:50:29 [INFO]    [PING OK] SE | VLESS | 5242ms
2026-02-23 20:50:30 [INFO]    [PING OK] SE | VLESS | 5452ms
2026-02-23 20:50:30 [INFO]    [PING OK] SE | VLESS | 5392ms
2026-02-23 20:50:30 [INFO]    [PING OK] SE | VLESS | 4641ms
2026-02-23 20:50:30 [INFO]    [PING OK] CA | VLESS | 6807ms
2026-02-23 20:50:30 [INFO]    [PING OK] SE | VLESS | 3631ms
2026-02-23 20:50:30 [INFO]    [PING OK] SE | VLESS | 3598ms
2026-02-23 20:50:30 [INFO]    [PING OK] SE | VLESS | 3720ms
2026-02-23 20:50:30 [INFO]    [PING OK] SE | VLESS | 2986ms
2026-02-23 20:50:31 [INFO]    [PING OK] US | VLESS | 5905ms
2026-02-23 20:50:31 [INFO]    [PING OK] SE | VLESS | 2389ms
2026-02-23 20:50:31 [INFO]    [PING OK] CA | VLESS | 7262ms
2026-02-23 20:50:32 [INFO]    [PING OK] CA | VLESS | 3284ms
2026-02-23 20:50:33 [INFO]    [PING OK] CA | VLESS | 5400ms
2026-02-23 20:50:33 [INFO]    [PING OK] CA | VLESS | 7005ms
2026-02-23 20:50:35 [INFO] 🏎️ ЭТАП 2: Глубокий замер скорости для 40 иностранных кандидатов...
2026-02-23 20:50:39 [INFO]    🏆 SE | VLESS | Пинг: 3598ms | Скорость: 6.65 Mbps ⚡⚡
2026-02-23 20:50:39 [INFO]    🏆 SE | VLESS | Пинг: 2389ms | Скорость: 6.51 Mbps ⚡⚡
2026-02-23 20:50:39 [INFO]    🏆 HU | VLESS | Пинг: 4109ms | Скорость: 6.62 Mbps ⚡⚡
2026-02-23 20:50:39 [INFO]    🏆 ES | VLESS | Пинг: 3689ms | Скорость: 6.26 Mbps ⚡⚡
2026-02-23 20:50:39 [INFO]    🏆 PL | VLESS | Пинг: 3981ms | Скорость: 6.23 Mbps ⚡⚡
2026-02-23 20:50:39 [INFO]    🏆 TR | VLESS | Пинг: 3974ms | Скорость: 6.16 Mbps ⚡⚡
2026-02-23 20:50:39 [INFO]    🏆 ES | VLESS | Пинг: 3945ms | Скорость: 6.04 Mbps ⚡⚡
2026-02-23 20:50:40 [INFO]    🏆 CA | VLESS | Пинг: 3284ms | Скорость: 5.5 Mbps ⚡⚡
2026-02-23 20:50:40 [INFO]    🏆 SE | VLESS | Пинг: 3631ms | Скорость: 5.44 Mbps ⚡⚡
2026-02-23 20:50:41 [INFO]    🏆 PL | VLESS | Пинг: 3774ms | Скорость: 4.35 Mbps ⚡⚡
2026-02-23 20:50:41 [INFO]    🏆 HU | VLESS | Пинг: 4268ms | Скорость: 12.57 Mbps ⚡⚡
2026-02-23 20:50:41 [INFO]    🏆 PL | VLESS | Пинг: 4251ms | Скорость: 11.95 Mbps ⚡⚡
2026-02-23 20:50:42 [INFO]    🏆 HU | VLESS | Пинг: 4215ms | Скорость: 3.52 Mbps ⚡⚡
2026-02-23 20:50:42 [INFO]    🏆 IT | VLESS | Пинг: 3768ms | Скорость: 1.09 Mbps 
2026-02-23 20:50:42 [INFO]    🏆 IT | VLESS | Пинг: 3995ms | Скорость: 1.07 Mbps 
2026-02-23 20:50:43 [INFO]    🏆 HU | VLESS | Пинг: 4343ms | Скорость: 7.05 Mbps ⚡⚡
2026-02-23 20:50:44 [INFO]    🏆 HU | VLESS | Пинг: 4374ms | Скорость: 5.95 Mbps ⚡⚡
2026-02-23 20:50:44 [INFO]    🏆 HU | VLESS | Пинг: 4292ms | Скорость: 5.38 Mbps ⚡⚡
2026-02-23 20:50:44 [INFO]    🏆 PL | VLESS | Пинг: 4563ms | Скорость: 6.71 Mbps ⚡⚡
2026-02-23 20:50:45 [INFO]    🏆 TR | VLESS | Пинг: 4583ms | Скорость: 6.91 Mbps ⚡⚡
2026-02-23 20:50:46 [INFO]    🏆 ES | VLESS | Пинг: 4323ms | Скорость: 1.53 Mbps ⚡
2026-02-23 20:50:46 [INFO]    🏆 NL | VLESS | Пинг: 4530ms | Скорость: 3.56 Mbps ⚡⚡
2026-02-23 20:50:46 [INFO]    🏆 PL | VLESS | Пинг: 4373ms | Скорость: 3.26 Mbps ⚡⚡
2026-02-23 20:50:46 [INFO]    🏆 PL | VLESS | Пинг: 4857ms | Скорость: 8.98 Mbps ⚡⚡
2026-02-23 20:50:46 [INFO]    🏆 ES | VLESS | Пинг: 4396ms | Скорость: 0.89 Mbps 
2026-02-23 20:50:47 [INFO]    🏆 EE | VLESS | Пинг: 4710ms | Скорость: 6.89 Mbps ⚡⚡
2026-02-23 20:50:47 [INFO]    🏆 DE | VLESS | Пинг: 4609ms | Скорость: 4.63 Mbps ⚡⚡
2026-02-23 20:50:49 [INFO]    🏆 DE | VLESS | Пинг: 5014ms | Скорость: 7.84 Mbps ⚡⚡
2026-02-23 20:50:49 [INFO]    🏆 TR | VLESS | Пинг: 4863ms | Скорость: 4.61 Mbps ⚡⚡
2026-02-23 20:50:51 [INFO]    🏆 DE | VLESS | Пинг: 4913ms | Скорость: 2.78 Mbps ⚡
2026-02-23 20:50:51 [INFO] 📊 Итого в подписке сохранено иностранных серверов: 10
2026-02-23 20:50:51 [INFO] 💾 Файл успешно сохранен: FL1PVPN
