2026-02-24 08:30:06 [INFO] 🚀 START: Smart Selector (Target: 10, ONLY FOREIGN)
2026-02-24 08:30:06 [INFO] 🌐 Загрузка источников (VLESS + VMess)...
2026-02-24 08:30:12 [INFO] 🔍 Уникальных конфигов собрано: 221
2026-02-24 08:30:12 [INFO] ⚡ ЭТАП 1: Замер Пинга и Геолокации. Workers: 40...
2026-02-24 08:30:19 [INFO]    [PING OK] HU | VLESS | 5540ms
2026-02-24 08:30:19 [INFO]    [PING OK] PL | VLESS | 5527ms
2026-02-24 08:30:19 [INFO]    [PING OK] ES | VLESS | 5566ms
2026-02-24 08:30:19 [INFO]    [PING OK] IT | VLESS | 5476ms
2026-02-24 08:30:19 [INFO]    [PING OK] PL | VLESS | 4869ms
2026-02-24 08:30:19 [INFO]    [PING OK] ES | VLESS | 4927ms
2026-02-24 08:30:21 [INFO]    [PING OK] PL | VLESS | 4708ms
2026-02-24 08:30:21 [INFO]    [PING OK] DE | VLESS | 7501ms
2026-02-24 08:30:21 [INFO]    [PING OK] HU | VLESS | 4651ms
2026-02-24 08:30:21 [INFO]    [PING OK] IT | VLESS | 5141ms
2026-02-24 08:30:21 [INFO]    [PING OK] NL | VLESS | 4768ms
2026-02-24 08:30:22 [INFO]    [PING OK] HU | VLESS | 5021ms
2026-02-24 08:30:22 [INFO]    [PING OK] ES | VLESS | 4532ms
2026-02-24 08:30:22 [INFO]    [PING OK] IT | VLESS | 4638ms
2026-02-24 08:30:22 [INFO]    [PING OK] DE | VLESS | 5630ms
2026-02-24 08:30:22 [INFO]    [PING OK] PL | VLESS | 4253ms
2026-02-24 08:30:22 [INFO]    [PING OK] FI | VLESS | 3970ms
2026-02-24 08:30:23 [INFO]    [PING OK] PL | VLESS | 4110ms
2026-02-24 08:30:23 [INFO]    [PING OK] DE | VLESS | 4203ms
2026-02-24 08:30:24 [INFO]    [PING OK] ES | VLESS | 3958ms
2026-02-24 08:30:24 [INFO]    [PING OK] TR | VLESS | 3915ms
2026-02-24 08:30:24 [INFO]    [PING OK] DE | VLESS | 7153ms
2026-02-24 08:30:24 [INFO]    [PING OK] TR | VLESS | 3964ms
2026-02-24 08:30:25 [INFO]    [PING OK] DE | VLESS | 6763ms
2026-02-24 08:30:25 [INFO]    [PING OK] ES | VLESS | 3855ms
2026-02-24 08:30:26 [INFO]    [PING OK] HU | VLESS | 4299ms
2026-02-24 08:30:26 [INFO]    [PING OK] TR | VLESS | 4297ms
2026-02-24 08:30:26 [INFO]    [PING OK] FI | VLESS | 4038ms
2026-02-24 08:30:26 [INFO]    [PING OK] NL | VLESS | 9739ms
2026-02-24 08:30:26 [INFO]    [PING OK] ES | VLESS | 4067ms
2026-02-24 08:30:27 [INFO]    [PING OK] DE | VLESS | 4347ms
2026-02-24 08:30:27 [INFO]    [PING OK] DE | VLESS | 4580ms
2026-02-24 08:30:29 [INFO]    [PING OK] DE | VLESS | 4527ms
2026-02-24 08:30:29 [INFO]    [PING OK] DE | VLESS | 4470ms
2026-02-24 08:30:32 [INFO]    [PING OK] US | VLESS | 2833ms
2026-02-24 08:30:32 [INFO]    [PING OK] DE | VLESS | 1927ms
2026-02-24 08:30:32 [INFO]    [PING OK] DE | VLESS | 6764ms
2026-02-24 08:30:35 [INFO]    [PING OK] NO | VLESS | 6383ms
2026-02-24 08:30:35 [INFO]    [PING OK] TR | VLESS | 1798ms
2026-02-24 08:30:35 [INFO]    [PING OK] SG | VLESS | 2173ms
2026-02-24 08:30:36 [INFO]    [PING OK] NL | VLESS | 1174ms
2026-02-24 08:30:36 [INFO]    [PING OK] DE | VLESS | 1216ms
2026-02-24 08:30:37 [INFO]    [PING OK] US | VLESS | 1046ms
2026-02-24 08:30:39 [INFO]    [PING OK] US | VLESS | 3454ms
2026-02-24 08:30:42 [INFO] 🏎️ ЭТАП 2: Глубокий замер скорости для 40 иностранных кандидатов...
2026-02-24 08:30:46 [INFO]    🏆 DE | VLESS | Пинг: 1927ms | Скорость: 5.99 Mbps ⚡⚡
2026-02-24 08:30:46 [INFO]    🏆 DE | VLESS | Пинг: 1216ms | Скорость: 5.97 Mbps ⚡⚡
2026-02-24 08:30:46 [INFO]    🏆 NL | VLESS | Пинг: 1174ms | Скорость: 5.85 Mbps ⚡⚡
2026-02-24 08:30:46 [INFO]    🏆 ES | VLESS | Пинг: 4067ms | Скорость: 6.07 Mbps ⚡⚡
2026-02-24 08:30:46 [INFO]    🏆 TR | VLESS | Пинг: 1798ms | Скорость: 5.71 Mbps ⚡⚡
2026-02-24 08:30:46 [INFO]    🏆 ES | VLESS | Пинг: 3958ms | Скорость: 5.86 Mbps ⚡⚡
2026-02-24 08:30:46 [INFO]    🏆 ES | VLESS | Пинг: 3855ms | Скорость: 5.84 Mbps ⚡⚡
2026-02-24 08:30:46 [INFO]    🏆 TR | VLESS | Пинг: 3915ms | Скорость: 5.83 Mbps ⚡⚡
2026-02-24 08:30:46 [INFO]    🏆 US | VLESS | Пинг: 2833ms | Скорость: 5.7 Mbps ⚡⚡
2026-02-24 08:30:46 [INFO]    🏆 US | VLESS | Пинг: 1046ms | Скорость: 5.32 Mbps ⚡⚡
2026-02-24 08:30:46 [INFO]    🏆 SG | VLESS | Пинг: 2173ms | Скорость: 5.3 Mbps ⚡⚡
2026-02-24 08:30:48 [INFO]    🏆 FI | VLESS | Пинг: 4038ms | Скорость: 4.0 Mbps ⚡⚡
2026-02-24 08:30:48 [INFO]    🏆 US | VLESS | Пинг: 3454ms | Скорость: 2.54 Mbps ⚡
2026-02-24 08:30:49 [INFO]    🏆 TR | VLESS | Пинг: 3964ms | Скорость: 2.23 Mbps ⚡
2026-02-24 08:30:50 [INFO]    🏆 DE | VLESS | Пинг: 4203ms | Скорость: 6.28 Mbps ⚡⚡
2026-02-24 08:30:50 [INFO]    🏆 PL | VLESS | Пинг: 4110ms | Скорость: 6.14 Mbps ⚡⚡
2026-02-24 08:30:50 [INFO]    🏆 PL | VLESS | Пинг: 4253ms | Скорость: 6.15 Mbps ⚡⚡
2026-02-24 08:30:50 [INFO]    🏆 HU | VLESS | Пинг: 4299ms | Скорость: 6.36 Mbps ⚡⚡
2026-02-24 08:30:50 [INFO]    🏆 IT | VLESS | Пинг: 4638ms | Скорость: 6.66 Mbps ⚡⚡
2026-02-24 08:30:50 [INFO]    🏆 DE | VLESS | Пинг: 4527ms | Скорость: 6.27 Mbps ⚡⚡
2026-02-24 08:30:50 [INFO]    🏆 DE | VLESS | Пинг: 4470ms | Скорость: 5.88 Mbps ⚡⚡
2026-02-24 08:30:50 [INFO]    🏆 PL | VLESS | Пинг: 4708ms | Скорость: 10.48 Mbps ⚡⚡
2026-02-24 08:30:50 [INFO]    🏆 TR | VLESS | Пинг: 4297ms | Скорость: 5.51 Mbps ⚡⚡
2026-02-24 08:30:50 [INFO]    🏆 ES | VLESS | Пинг: 4532ms | Скорость: 5.64 Mbps ⚡⚡
2026-02-24 08:30:51 [INFO]    🏆 PL | VLESS | Пинг: 4869ms | Скорость: 9.65 Mbps ⚡⚡
2026-02-24 08:30:52 [INFO]    🏆 IT | VLESS | Пинг: 5141ms | Скорость: 10.7 Mbps ⚡⚡
2026-02-24 08:30:52 [INFO]    🏆 HU | VLESS | Пинг: 5021ms | Скорость: 10.6 Mbps ⚡⚡
2026-02-24 08:30:52 [INFO]    🏆 IT | VLESS | Пинг: 5476ms | Скорость: 10.61 Mbps ⚡⚡
2026-02-24 08:30:53 [INFO]    🏆 HU | VLESS | Пинг: 5540ms | Скорость: 10.96 Mbps ⚡⚡
2026-02-24 08:30:53 [INFO]    🏆 PL | VLESS | Пинг: 5527ms | Скорость: 10.86 Mbps ⚡⚡
2026-02-24 08:30:53 [INFO]    🏆 HU | VLESS | Пинг: 4651ms | Скорость: 1.13 Mbps 
2026-02-24 08:30:57 [INFO]    🏆 ES | VLESS | Пинг: 4927ms | Скорость: 2.17 Mbps ⚡
2026-02-24 08:30:57 [INFO]    🏆 NO | VLESS | Пинг: 6383ms | Скорость: 2.19 Mbps ⚡
2026-02-24 08:30:57 [INFO] 📊 Итого в подписке сохранено иностранных серверов: 10
2026-02-24 08:30:57 [INFO] 💾 Файл успешно сохранен: FL1PVPN
