2026-02-19 01:00:05 [INFO] 🚀 START: Smart VLESS Selector (Target: 10, Strict Mode)
2026-02-19 01:00:05 [INFO] 🌐 Загрузка источников...
2026-02-19 01:00:08 [INFO] 🔍 Уникальных конфигов собрано: 723
2026-02-19 01:00:08 [INFO] ⚡ ЭТАП 1: Быстрый замер Пинга (Workers: 25)...
2026-02-19 01:00:09 [INFO]    [PING OK] RU | 176ms
2026-02-19 01:00:09 [INFO]    [PING OK] TR | 103ms
2026-02-19 01:00:10 [INFO]    [PING OK] RU | 188ms
2026-02-19 01:00:11 [INFO]    [PING OK] DE | 612ms
2026-02-19 01:00:11 [INFO]    [PING OK] DE | 577ms
2026-02-19 01:00:11 [INFO]    [PING OK] US | 530ms
2026-02-19 01:00:12 [INFO]    [PING OK] RU | 129ms
2026-02-19 01:00:13 [INFO]    [PING OK] TR | 1427ms
2026-02-19 01:00:13 [INFO]    [PING OK] DE | 143ms
2026-02-19 01:00:15 [INFO]    [PING OK] DE | 132ms
2026-02-19 01:00:15 [INFO]    [PING OK] DE | 410ms
2026-02-19 01:00:16 [INFO]    [PING OK] IT | 553ms
2026-02-19 01:00:17 [INFO]    [PING OK] RU | 225ms
2026-02-19 01:00:18 [INFO]    [PING OK] AT | 781ms
2026-02-19 01:00:18 [INFO]    [PING OK] RU | 213ms
2026-02-19 01:00:19 [INFO]    [PING OK] US | 829ms
2026-02-19 01:00:20 [INFO]    [PING OK] CZ | 4511ms
2026-02-19 01:00:20 [INFO]    [PING OK] DE | 255ms
2026-02-19 01:00:21 [INFO]    [PING OK] RU | 52ms
2026-02-19 01:00:22 [INFO]    [PING OK] DE | 780ms
2026-02-19 01:00:22 [INFO]    [PING OK] RU | 370ms
2026-02-19 01:00:22 [INFO]    [PING OK] RU | 145ms
2026-02-19 01:00:23 [INFO]    [PING OK] RU | 204ms
2026-02-19 01:00:23 [INFO]    [PING OK] RU | 354ms
2026-02-19 01:00:23 [INFO]    [PING OK] RU | 205ms
2026-02-19 01:00:23 [INFO]    [PING OK] RU | 64ms
2026-02-19 01:00:24 [INFO]    [PING OK] RU | 257ms
2026-02-19 01:00:24 [INFO]    [PING OK] RU | 736ms
2026-02-19 01:00:24 [INFO]    [PING OK] RU | 186ms
2026-02-19 01:00:24 [INFO]    [PING OK] RU | 185ms
2026-02-19 01:00:24 [INFO]    [PING OK] RU | 253ms
2026-02-19 01:00:24 [INFO]    [PING OK] RU | 261ms
2026-02-19 01:00:25 [INFO]    [PING OK] RU | 242ms
2026-02-19 01:00:25 [INFO]    [PING OK] RU | 171ms
2026-02-19 01:00:25 [INFO]    [PING OK] RU | 182ms
2026-02-19 01:00:25 [INFO]    [PING OK] RU | 231ms
2026-02-19 01:00:25 [INFO]    [PING OK] RU | 578ms
2026-02-19 01:00:25 [INFO]    [PING OK] RU | 1190ms
2026-02-19 01:00:25 [INFO]    [PING OK] RU | 345ms
2026-02-19 01:00:26 [INFO]    [PING OK] RU | 184ms
2026-02-19 01:00:26 [INFO]    [PING OK] RU | 271ms
2026-02-19 01:00:26 [INFO]    [PING OK] RU | 204ms
2026-02-19 01:00:26 [INFO]    [PING OK] RU | 185ms
2026-02-19 01:00:26 [INFO]    [PING OK] RU | 3633ms
2026-02-19 01:00:26 [INFO]    [PING OK] RU | 356ms
2026-02-19 01:00:26 [INFO]    [PING OK] RU | 642ms
2026-02-19 01:00:27 [INFO]    [PING OK] RU | 228ms
2026-02-19 01:00:27 [INFO]    [PING OK] RU | 191ms
2026-02-19 01:00:27 [INFO]    [PING OK] RU | 195ms
2026-02-19 01:00:27 [INFO]    [PING OK] RU | 235ms
2026-02-19 01:00:27 [INFO]    [PING OK] RU | 146ms
2026-02-19 01:00:27 [INFO]    [PING OK] RU | 275ms
2026-02-19 01:00:27 [INFO]    [PING OK] RU | 218ms
2026-02-19 01:00:28 [INFO]    [PING OK] RU | 228ms
2026-02-19 01:00:28 [INFO]    [PING OK] RU | 1070ms
2026-02-19 01:00:28 [INFO]    [PING OK] RU | 1518ms
2026-02-19 01:00:28 [INFO]    [PING OK] RU | 541ms
2026-02-19 01:00:28 [INFO]    [PING OK] RU | 128ms
2026-02-19 01:00:28 [INFO]    [PING OK] RU | 226ms
2026-02-19 01:00:28 [INFO]    [PING OK] RU | 185ms
2026-02-19 01:00:28 [INFO]    [PING OK] DE | 533ms
2026-02-19 01:00:28 [INFO]    [PING OK] RU | 63ms
2026-02-19 01:00:28 [INFO]    [PING OK] RU | 204ms
2026-02-19 01:00:28 [INFO]    [PING OK] RU | 222ms
2026-02-19 01:00:28 [INFO]    [PING OK] RU | 209ms
2026-02-19 01:00:28 [INFO]    [PING OK] RU | 327ms
2026-02-19 01:00:29 [INFO]    [PING OK] RU | 86ms
2026-02-19 01:00:29 [INFO]    [PING OK] RU | 213ms
2026-02-19 01:00:29 [INFO]    [PING OK] RU | 207ms
2026-02-19 01:00:29 [INFO]    [PING OK] RU | 168ms
2026-02-19 01:00:29 [INFO]    [PING OK] RU | 299ms
2026-02-19 01:00:29 [INFO]    [PING OK] RU | 187ms
2026-02-19 01:00:29 [INFO]    [PING OK] RU | 317ms
2026-02-19 01:00:29 [INFO]    [PING OK] RU | 174ms
2026-02-19 01:00:29 [INFO]    [PING OK] RU | 174ms
2026-02-19 01:00:29 [INFO]    [PING OK] RU | 165ms
2026-02-19 01:00:29 [INFO]    [PING OK] RU | 319ms
2026-02-19 01:00:29 [INFO]    [PING OK] RU | 317ms
2026-02-19 01:00:29 [INFO]    [PING OK] RU | 345ms
2026-02-19 01:00:29 [INFO]    [PING OK] RU | 313ms
2026-02-19 01:00:30 [INFO]    [PING OK] RU | 1486ms
2026-02-19 01:00:30 [INFO]    [PING OK] FI | 120ms
2026-02-19 01:00:31 [INFO]    [PING OK] UZ | 300ms
2026-02-19 01:00:31 [INFO]    [PING OK] MD | 403ms
2026-02-19 01:00:31 [INFO]    [PING OK] LV | 305ms
2026-02-19 01:00:32 [INFO]    [PING OK] FR | 821ms
2026-02-19 01:00:34 [INFO]    [PING OK] DE | 169ms
2026-02-19 01:00:36 [INFO]    [PING OK] HU | 307ms
2026-02-19 01:00:36 [INFO]    [PING OK] US | 679ms
2026-02-19 01:00:37 [INFO]    [PING OK] JP | 1192ms
2026-02-19 01:00:38 [INFO]    [PING OK] AT | 214ms
2026-02-19 01:00:38 [INFO]    [PING OK] NL | 209ms
2026-02-19 01:00:40 [INFO]    [PING OK] LV | 170ms
2026-02-19 01:00:40 [INFO]    [PING OK] NL | 391ms
2026-02-19 01:00:41 [INFO]    [PING OK] US | 1002ms
2026-02-19 01:00:41 [INFO]    [PING OK] US | 371ms
2026-02-19 01:00:42 [INFO]    [PING OK] IT | 548ms
2026-02-19 01:00:42 [INFO]    [PING OK] IN | 1500ms
2026-02-19 01:01:15 [INFO] 🏎️ ЭТАП 2: Глубокий замер скорости для ТОП-10 серверов...
2026-02-19 01:01:19 [INFO]    🏆 TR | Пинг: 103ms | Скорость: 7.44 Mbps ⚡⚡
2026-02-19 01:01:19 [INFO]    🏆 FI | Пинг: 120ms | Скорость: 9.66 Mbps ⚡⚡
2026-02-19 01:01:19 [INFO]    🏆 DE | Пинг: 132ms | Скорость: 9.69 Mbps ⚡⚡
2026-02-19 01:01:19 [INFO]    🏆 DE | Пинг: 143ms | Скорость: 9.52 Mbps ⚡⚡
2026-02-19 01:01:19 [INFO]    🏆 DE | Пинг: 169ms | Скорость: 9.67 Mbps ⚡⚡
2026-02-19 01:01:19 [INFO]    🏆 LV | Пинг: 170ms | Скорость: 9.65 Mbps ⚡⚡
2026-02-19 01:01:19 [INFO]    🏆 NL | Пинг: 209ms | Скорость: 0.0 Mbps 
2026-02-19 01:01:19 [INFO]    🏆 AT | Пинг: 214ms | Скорость: 0.0 Mbps 
2026-02-19 01:01:19 [INFO]    🏆 DE | Пинг: 255ms | Скорость: 8.43 Mbps ⚡⚡
2026-02-19 01:01:19 [INFO]    🏆 RU | Пинг: 52ms | Скорость: 10.3 Mbps ⚡⚡
2026-02-19 01:01:19 [INFO] 🇷🇺 Добавлен RU сервер: 82.202.169.120
2026-02-19 01:01:19 [INFO] 📊 Итого в подписке сохранено: 10 серверов
2026-02-19 01:01:19 [INFO] 💾 Файл успешно сохранен: FL1PVPN
