2026-02-24 16:50:08 [INFO] 🚀 START: Smart Selector (Target: 10, ONLY FOREIGN)
2026-02-24 16:50:08 [INFO] 🌐 Загрузка источников (VLESS + VMess)...
2026-02-24 16:50:09 [INFO] 🔍 Уникальных конфигов собрано: 220
2026-02-24 16:50:09 [INFO] ⚡ ЭТАП 1: Замер Пинга и Геолокации. Workers: 40...
2026-02-24 16:50:14 [INFO]    [PING OK] FI | VLESS | 4302ms
2026-02-24 16:50:15 [INFO]    [PING OK] ES | VLESS | 4382ms
2026-02-24 16:50:15 [INFO]    [PING OK] IT | VLESS | 4125ms
2026-02-24 16:50:15 [INFO]    [PING OK] HU | VLESS | 4364ms
2026-02-24 16:50:15 [INFO]    [PING OK] HU | VLESS | 4219ms
2026-02-24 16:50:15 [INFO]    [PING OK] ES | VLESS | 4506ms
2026-02-24 16:50:15 [INFO]    [PING OK] ES | VLESS | 4507ms
2026-02-24 16:50:15 [INFO]    [PING OK] FI | VLESS | 4319ms
2026-02-24 16:50:15 [INFO]    [PING OK] PL | VLESS | 4929ms
2026-02-24 16:50:15 [INFO]    [PING OK] DE | VLESS | 5344ms
2026-02-24 16:50:15 [INFO]    [PING OK] PL | VLESS | 3899ms
2026-02-24 16:50:16 [INFO]    [PING OK] PL | VLESS | 4281ms
2026-02-24 16:50:16 [INFO]    [PING OK] DE | VLESS | 4001ms
2026-02-24 16:50:16 [INFO]    [PING OK] PL | VLESS | 4893ms
2026-02-24 16:50:17 [INFO]    [PING OK] ES | VLESS | 4834ms
2026-02-24 16:50:17 [INFO]    [PING OK] IT | VLESS | 2184ms
2026-02-24 16:50:17 [INFO]    [PING OK] DE | VLESS | 5574ms
2026-02-24 16:50:18 [INFO]    [PING OK] LV | VLESS | 7358ms
2026-02-24 16:50:18 [INFO]    [PING OK] TR | VLESS | 2293ms
2026-02-24 16:50:18 [INFO]    [PING OK] TR | VLESS | 2199ms
2026-02-24 16:50:18 [INFO]    [PING OK] ES | VLESS | 2083ms
2026-02-24 16:50:18 [INFO]    [PING OK] HU | VLESS | 2144ms
2026-02-24 16:50:18 [INFO]    [PING OK] PL | VLESS | 2293ms
2026-02-24 16:50:18 [INFO]    [PING OK] HU | VLESS | 2376ms
2026-02-24 16:50:19 [INFO]    [PING OK] ES | VLESS | 2406ms
2026-02-24 16:50:19 [INFO]    [PING OK] IT | VLESS | 2434ms
2026-02-24 16:50:20 [INFO]    [PING OK] PL | VLESS | 3117ms
2026-02-24 16:50:21 [INFO]    [PING OK] US | VLESS | 3443ms
2026-02-24 16:50:22 [INFO]    [PING OK] TR | VLESS | 3804ms
2026-02-24 16:50:22 [INFO]    [PING OK] HU | VLESS | 3722ms
2026-02-24 16:50:22 [INFO]    [PING OK] CA | VLESS | 4680ms
2026-02-24 16:50:22 [INFO]    [PING OK] ES | VLESS | 4165ms
2026-02-24 16:50:23 [INFO]    [PING OK] DE | VLESS | 4617ms
2026-02-24 16:50:23 [INFO]    [PING OK] DE | VLESS | 5270ms
2026-02-24 16:50:24 [INFO]    [PING OK] CA | VLESS | 5016ms
2026-02-24 16:50:24 [INFO]    [PING OK] CA | VLESS | 5160ms
2026-02-24 16:50:24 [INFO]    [PING OK] NL | VLESS | 5202ms
2026-02-24 16:50:24 [INFO]    [PING OK] DE | VLESS | 5203ms
2026-02-24 16:50:24 [INFO]    [PING OK] CA | VLESS | 5587ms
2026-02-24 16:50:25 [INFO]    [PING OK] CA | VLESS | 5621ms
2026-02-24 16:50:25 [INFO]    [PING OK] CA | VLESS | 5673ms
2026-02-24 16:50:25 [INFO]    [PING OK] CA | VLESS | 5752ms
2026-02-24 16:50:26 [INFO]    [PING OK] CA | VLESS | 5245ms
2026-02-24 16:50:26 [INFO]    [PING OK] CA | VLESS | 5763ms
2026-02-24 16:50:26 [INFO]    [PING OK] FI | VLESS | 5557ms
2026-02-24 16:50:27 [INFO]    [PING OK] CA | VLESS | 5808ms
2026-02-24 16:50:27 [INFO]    [PING OK] DE | VLESS | 5228ms
2026-02-24 16:50:27 [INFO]    [PING OK] KZ | VLESS | 5409ms
2026-02-24 16:50:28 [INFO]    [PING OK] CA | VLESS | 6899ms
2026-02-24 16:50:28 [INFO]    [PING OK] TR | VLESS | 5002ms
2026-02-24 16:50:28 [INFO]    [PING OK] LT | VLESS | 5294ms
2026-02-24 16:50:29 [INFO]    [PING OK] CA | VLESS | 5319ms
2026-02-24 16:50:29 [INFO]    [PING OK] EE | VLESS | 5198ms
2026-02-24 16:50:29 [INFO]    [PING OK] DE | VLESS | 4667ms
2026-02-24 16:50:30 [INFO]    [PING OK] CA | VLESS | 5327ms
2026-02-24 16:50:30 [INFO]    [PING OK] CA | VLESS | 5974ms
2026-02-24 16:50:30 [INFO]    [PING OK] DE | VLESS | 4829ms
2026-02-24 16:50:30 [INFO]    [PING OK] CA | VLESS | 6291ms
2026-02-24 16:50:30 [INFO]    [PING OK] CA | VLESS | 5620ms
2026-02-24 16:50:30 [INFO]    [PING OK] CA | VLESS | 8517ms
2026-02-24 16:50:30 [INFO]    [PING OK] DE | VLESS | 3531ms
2026-02-24 16:50:30 [INFO]    [PING OK] US | VLESS | 9473ms
2026-02-24 16:50:30 [INFO]    [PING OK] LT | VLESS | 5401ms
2026-02-24 16:50:30 [INFO]    [PING OK] NL | VLESS | 1906ms
2026-02-24 16:50:31 [INFO]    [PING OK] CA | VLESS | 2704ms
2026-02-24 16:50:33 [INFO]    [PING OK] JP | VLESS | 4960ms
2026-02-24 16:50:35 [INFO] 🏎️ ЭТАП 2: Глубокий замер скорости для 40 иностранных кандидатов...
2026-02-24 16:50:39 [INFO]    🏆 ES | VLESS | Пинг: 2083ms | Скорость: 6.91 Mbps ⚡⚡
2026-02-24 16:50:39 [INFO]    🏆 TR | VLESS | Пинг: 2199ms | Скорость: 6.35 Mbps ⚡⚡
2026-02-24 16:50:39 [INFO]    🏆 ES | VLESS | Пинг: 2406ms | Скорость: 6.38 Mbps ⚡⚡
2026-02-24 16:50:39 [INFO]    🏆 TR | VLESS | Пинг: 2293ms | Скорость: 6.22 Mbps ⚡⚡
2026-02-24 16:50:39 [INFO]    🏆 NL | VLESS | Пинг: 1906ms | Скорость: 6.03 Mbps ⚡⚡
2026-02-24 16:50:40 [INFO]    🏆 HU | VLESS | Пинг: 2376ms | Скорость: 5.91 Mbps ⚡⚡
2026-02-24 16:50:40 [INFO]    🏆 US | VLESS | Пинг: 3443ms | Скорость: 5.98 Mbps ⚡⚡
2026-02-24 16:50:40 [INFO]    🏆 PL | VLESS | Пинг: 3117ms | Скорость: 5.3 Mbps ⚡⚡
2026-02-24 16:50:41 [INFO]    🏆 PL | VLESS | Пинг: 2293ms | Скорость: 4.34 Mbps ⚡⚡
2026-02-24 16:50:41 [INFO]    🏆 HU | VLESS | Пинг: 2144ms | Скорость: 3.93 Mbps ⚡⚡
2026-02-24 16:50:41 [INFO]    🏆 TR | VLESS | Пинг: 3804ms | Скорость: 13.72 Mbps ⚡⚡
2026-02-24 16:50:42 [INFO]    🏆 IT | VLESS | Пинг: 2184ms | Скорость: 1.17 Mbps 
2026-02-24 16:50:42 [INFO]    🏆 IT | VLESS | Пинг: 2434ms | Скорость: 1.01 Mbps 
2026-02-24 16:50:42 [INFO]    🏆 HU | VLESS | Пинг: 3722ms | Скорость: 2.3 Mbps ⚡
2026-02-24 16:50:43 [INFO]    🏆 DE | VLESS | Пинг: 4001ms | Скорость: 8.15 Mbps ⚡⚡
2026-02-24 16:50:43 [INFO]    🏆 ES | VLESS | Пинг: 4165ms | Скорость: 7.85 Mbps ⚡⚡
2026-02-24 16:50:43 [INFO]    🏆 HU | VLESS | Пинг: 4219ms | Скорость: 8.64 Mbps ⚡⚡
2026-02-24 16:50:43 [INFO]    🏆 FI | VLESS | Пинг: 4302ms | Скорость: 8.49 Mbps ⚡⚡
2026-02-24 16:50:45 [INFO]    🏆 ES | VLESS | Пинг: 4506ms | Скорость: 11.3 Mbps ⚡⚡
2026-02-24 16:50:45 [INFO]    🏆 DE | VLESS | Пинг: 4829ms | Скорость: 13.42 Mbps ⚡⚡
2026-02-24 16:50:45 [INFO]    🏆 FI | VLESS | Пинг: 4319ms | Скорость: 5.61 Mbps ⚡⚡
2026-02-24 16:50:46 [INFO]    🏆 PL | VLESS | Пинг: 3899ms | Скорость: 0.68 Mbps 
2026-02-24 16:50:47 [INFO]    🏆 PL | VLESS | Пинг: 4893ms | Скорость: 7.61 Mbps ⚡⚡
2026-02-24 16:50:48 [INFO]    🏆 HU | VLESS | Пинг: 4364ms | Скорость: 1.8 Mbps ⚡
2026-02-24 16:50:48 [INFO]    🏆 DE | VLESS | Пинг: 4617ms | Скорость: 3.77 Mbps ⚡⚡
2026-02-24 16:50:49 [INFO]    🏆 EE | VLESS | Пинг: 5198ms | Скорость: 10.05 Mbps ⚡⚡
2026-02-24 16:50:49 [INFO]    🏆 ES | VLESS | Пинг: 4382ms | Скорость: 1.1 Mbps 
2026-02-24 16:50:51 [INFO]    🏆 PL | VLESS | Пинг: 4929ms | Скорость: 1.86 Mbps ⚡
2026-02-24 16:50:52 [INFO]    🏆 TR | VLESS | Пинг: 5002ms | Скорость: 2.87 Mbps ⚡
2026-02-24 16:50:52 [INFO]    🏆 CA | VLESS | Пинг: 5160ms | Скорость: 0.99 Mbps 
2026-02-24 16:50:52 [INFO] 📊 Итого в подписке сохранено иностранных серверов: 10
2026-02-24 16:50:52 [INFO] 💾 Файл успешно сохранен: FL1PVPN
