2026-02-19 12:40:06 [INFO] 🚀 START: Smart VPN Selector (Target: 10, Strict Mode)
2026-02-19 12:40:06 [INFO] 🌐 Загрузка источников...
2026-02-19 12:40:11 [INFO] 🔍 Уникальных конфигов собрано: 1202
2026-02-19 12:40:11 [INFO] ⚡ ЭТАП 1: Быстрый замер Пинга (Workers: 25)...
2026-02-19 12:40:13 [INFO]    [PING OK] RU | 547ms
2026-02-19 12:40:14 [INFO]    [PING OK] TR | 808ms
2026-02-19 12:40:14 [INFO]    [PING OK] DE | 2175ms
2026-02-19 12:40:15 [INFO]    [PING OK] DE | 159ms
2026-02-19 12:40:15 [INFO]    [PING OK] DE | 572ms
2026-02-19 12:40:18 [INFO]    [PING OK] IT | 556ms
2026-02-19 12:40:18 [INFO]    [PING OK] RU | 3962ms
2026-02-19 12:40:19 [INFO]    [PING OK] RU | 242ms
2026-02-19 12:40:20 [INFO]    [PING OK] RU | 151ms
2026-02-19 12:40:20 [INFO]    [PING OK] DE | 253ms
2026-02-19 12:40:21 [INFO]    [PING OK] DE | 149ms
2026-02-19 12:40:21 [INFO]    [PING OK] TR | 281ms
2026-02-19 12:40:21 [INFO]    [PING OK] RU | 280ms
2026-02-19 12:40:22 [INFO]    [PING OK] RU | 908ms
2026-02-19 12:40:23 [INFO]    [PING OK] RU | 3852ms
2026-02-19 12:40:25 [INFO]    [PING OK] NO | 3472ms
2026-02-19 12:40:25 [INFO]    [PING OK] RU | 1132ms
2026-02-19 12:40:25 [INFO]    [PING OK] RU | 799ms
2026-02-19 12:40:25 [INFO]    [PING OK] RU | 342ms
2026-02-19 12:40:25 [INFO]    [PING OK] RU | 320ms
2026-02-19 12:40:26 [INFO]    [PING OK] RU | 114ms
2026-02-19 12:40:26 [INFO]    [PING OK] RU | 276ms
2026-02-19 12:40:26 [INFO]    [PING OK] RU | 977ms
2026-02-19 12:40:26 [INFO]    [PING OK] RU | 1541ms
2026-02-19 12:40:26 [INFO]    [PING OK] RU | 248ms
2026-02-19 12:40:26 [INFO]    [PING OK] RU | 547ms
2026-02-19 12:40:27 [INFO]    [PING OK] RU | 442ms
2026-02-19 12:40:27 [INFO]    [PING OK] RU | 424ms
2026-02-19 12:40:27 [INFO]    [PING OK] LT | 4663ms
2026-02-19 12:40:27 [INFO]    [PING OK] GB | 2881ms
2026-02-19 12:40:27 [INFO]    [PING OK] RU | 330ms
2026-02-19 12:40:28 [INFO]    [PING OK] RU | 2194ms
2026-02-19 12:40:28 [INFO]    [PING OK] RU | 350ms
2026-02-19 12:40:28 [INFO]    [PING OK] RU | 257ms
2026-02-19 12:40:28 [INFO]    [PING OK] RU | 1277ms
2026-02-19 12:40:29 [INFO]    [PING OK] RU | 287ms
2026-02-19 12:40:29 [INFO]    [PING OK] RU | 331ms
2026-02-19 12:40:29 [INFO]    [PING OK] RU | 619ms
2026-02-19 12:40:29 [INFO]    [PING OK] RU | 201ms
2026-02-19 12:40:29 [INFO]    [PING OK] RU | 263ms
2026-02-19 12:40:29 [INFO]    [PING OK] RU | 943ms
2026-02-19 12:40:29 [INFO]    [PING OK] RU | 230ms
2026-02-19 12:40:30 [INFO]    [PING OK] RU | 223ms
2026-02-19 12:40:30 [INFO]    [PING OK] RU | 249ms
2026-02-19 12:40:30 [INFO]    [PING OK] RU | 276ms
2026-02-19 12:40:30 [INFO]    [PING OK] RU | 355ms
2026-02-19 12:40:31 [INFO]    [PING OK] RU | 276ms
2026-02-19 12:40:31 [INFO]    [PING OK] RU | 310ms
2026-02-19 12:40:31 [INFO]    [PING OK] RU | 428ms
2026-02-19 12:40:31 [INFO]    [PING OK] DE | 2527ms
2026-02-19 12:40:32 [INFO]    [PING OK] RU | 944ms
2026-02-19 12:40:32 [INFO]    [PING OK] RU | 310ms
2026-02-19 12:40:32 [INFO]    [PING OK] RU | 382ms
2026-02-19 12:40:32 [INFO]    [PING OK] RU | 524ms
2026-02-19 12:40:32 [INFO]    [PING OK] RU | 306ms
2026-02-19 12:40:33 [INFO]    [PING OK] RU | 293ms
2026-02-19 12:40:33 [INFO]    [PING OK] RU | 331ms
2026-02-19 12:40:33 [INFO]    [PING OK] RU | 200ms
2026-02-19 12:40:34 [INFO]    [PING OK] RU | 99ms
2026-02-19 12:40:35 [INFO]    [PING OK] US | 419ms
2026-02-19 12:40:35 [INFO]    [PING OK] RU | 1991ms
2026-02-19 12:40:35 [INFO]    [PING OK] RU | 1901ms
2026-02-19 12:40:35 [INFO]    [PING OK] RU | 2221ms
2026-02-19 12:40:35 [INFO]    [PING OK] RU | 1880ms
2026-02-19 12:40:35 [INFO]    [PING OK] MX | 337ms
2026-02-19 12:40:36 [INFO]    [PING OK] AU | 589ms
2026-02-19 12:40:36 [INFO]    [PING OK] NL | 462ms
2026-02-19 12:40:36 [INFO]    [PING OK] RU | 287ms
2026-02-19 12:40:37 [INFO]    [PING OK] GB | 667ms
2026-02-19 12:40:37 [INFO]    [PING OK] US | 649ms
2026-02-19 12:40:37 [INFO]    [PING OK] DE | 328ms
2026-02-19 12:40:37 [INFO]    [PING OK] FR | 540ms
2026-02-19 12:40:38 [INFO]    [PING OK] DE | 4392ms
2026-02-19 12:40:38 [INFO]    [PING OK] GB | 349ms
2026-02-19 12:40:38 [INFO]    [PING OK] CA | 1695ms
2026-02-19 12:40:38 [INFO]    [PING OK] HK | 1044ms
2026-02-19 12:40:38 [INFO]    [PING OK] UZ | 338ms
2026-02-19 12:40:39 [INFO]    [PING OK] US | 396ms
2026-02-19 12:40:39 [INFO]    [PING OK] BG | 1130ms
2026-02-19 12:40:39 [INFO]    [PING OK] IL | 419ms
2026-02-19 12:40:39 [INFO]    [PING OK] MD | 238ms
2026-02-19 12:40:39 [INFO]    [PING OK] NL | 194ms
2026-02-19 12:40:39 [INFO]    [PING OK] US | 392ms
2026-02-19 12:40:40 [INFO]    [PING OK] US | 1020ms
2026-02-19 12:40:40 [INFO]    [PING OK] LV | 418ms
2026-02-19 12:40:40 [INFO]    [PING OK] GB | 133ms
2026-02-19 12:40:40 [INFO]    [PING OK] US | 1292ms
2026-02-19 12:40:40 [INFO]    [PING OK] US | 414ms
2026-02-19 12:40:40 [INFO]    [PING OK] US | 469ms
2026-02-19 12:40:40 [INFO]    [PING OK] JP | 1216ms
2026-02-19 12:40:40 [INFO]    [PING OK] SG | 423ms
2026-02-19 12:40:40 [INFO]    [PING OK] RU | 69ms
2026-02-19 12:40:40 [INFO]    [PING OK] GB | 546ms
2026-02-19 12:40:41 [INFO]    [PING OK] GR | 177ms
2026-02-19 12:40:41 [INFO]    [PING OK] PL | 129ms
2026-02-19 12:40:41 [INFO]    [PING OK] DE | 121ms
2026-02-19 12:40:41 [INFO]    [PING OK] SG | 447ms
2026-02-19 12:40:41 [INFO]    [PING OK] SE | 166ms
2026-02-19 12:40:42 [INFO]    [PING OK] US | 367ms
2026-02-19 12:40:42 [INFO]    [PING OK] IQ | 465ms
2026-02-19 12:40:42 [INFO]    [PING OK] TR | 1037ms
2026-02-19 12:40:42 [INFO]    [PING OK] HK | 1302ms
2026-02-19 12:40:42 [INFO]    [PING OK] US | 444ms
2026-02-19 12:40:42 [INFO]    [PING OK] GB | 156ms
2026-02-19 12:40:43 [INFO]    [PING OK] GB | 555ms
2026-02-19 12:40:43 [INFO]    [PING OK] US | 926ms
2026-02-19 12:40:44 [INFO]    [PING OK] FI | 1874ms
2026-02-19 12:40:44 [INFO]    [PING OK] KH | 608ms
2026-02-19 12:40:45 [INFO]    [PING OK] US | 456ms
2026-02-19 12:40:45 [INFO]    [PING OK] US | 3505ms
2026-02-19 12:40:45 [INFO]    [PING OK] TR | 468ms
2026-02-19 12:40:45 [INFO]    [PING OK] PL | 112ms
2026-02-19 12:40:46 [INFO]    [PING OK] US | 374ms
2026-02-19 12:40:46 [INFO]    [PING OK] TR | 233ms
2026-02-19 12:40:46 [INFO]    [PING OK] AT | 242ms
2026-02-19 12:40:46 [INFO]    [PING OK] GB | 1208ms
2026-02-19 12:40:46 [INFO]    [PING OK] GB | 189ms
2026-02-19 12:40:46 [INFO]    [PING OK] FR | 120ms
2026-02-19 12:40:46 [INFO]    [PING OK] US | 382ms
2026-02-19 12:40:47 [INFO]    [PING OK] NL | 224ms
2026-02-19 12:40:47 [INFO]    [PING OK] FR | 123ms
2026-02-19 12:40:47 [INFO]    [PING OK] SG | 647ms
2026-02-19 12:40:47 [INFO]    [PING OK] CA | 315ms
2026-02-19 12:40:57 [INFO]    [PING OK] GB | 1745ms
2026-02-19 12:40:58 [INFO]    [PING OK] GB | 186ms
2026-02-19 12:41:03 [INFO]    [PING OK] JP | 3292ms
2026-02-19 12:41:06 [INFO]    [PING OK] DE | 380ms
2026-02-19 12:41:06 [INFO]    [PING OK] BR | 563ms
2026-02-19 12:41:15 [INFO]    [PING OK] JP | 1041ms
2026-02-19 12:41:17 [INFO]    [PING OK] AU | 896ms
2026-02-19 12:41:17 [INFO]    [PING OK] DE | 124ms
2026-02-19 12:41:17 [INFO]    [PING OK] SG | 1477ms
2026-02-19 12:41:18 [INFO]    [PING OK] GB | 191ms
2026-02-19 12:41:18 [INFO]    [PING OK] FR | 127ms
2026-02-19 12:41:19 [INFO]    [PING OK] US | 240ms
2026-02-19 12:41:20 [INFO]    [PING OK] GB | 270ms
2026-02-19 12:41:20 [INFO]    [PING OK] DE | 115ms
2026-02-19 12:41:20 [INFO]    [PING OK] FR | 132ms
2026-02-19 12:41:24 [INFO]    [PING OK] JP | 1397ms
2026-02-19 12:41:25 [INFO]    [PING OK] SG | 4826ms
2026-02-19 12:41:25 [INFO]    [PING OK] DE | 324ms
2026-02-19 12:41:27 [INFO]    [PING OK] RU | 2227ms
2026-02-19 12:41:28 [INFO]    [PING OK] GB | 166ms
2026-02-19 12:41:29 [INFO]    [PING OK] RU | 375ms
2026-02-19 12:41:29 [INFO]    [PING OK] GB | 164ms
2026-02-19 12:41:29 [INFO]    [PING OK] GB | 3885ms
2026-02-19 12:41:30 [INFO]    [PING OK] NO | 787ms
2026-02-19 12:41:30 [INFO]    [PING OK] GB | 140ms
2026-02-19 12:41:32 [INFO]    [PING OK] GB | 149ms
2026-02-19 12:41:32 [INFO]    [PING OK] US | 578ms
2026-02-19 12:41:32 [INFO]    [PING OK] GB | 199ms
2026-02-19 12:41:34 [INFO]    [PING OK] GB | 4923ms
2026-02-19 12:41:35 [INFO]    [PING OK] SG | 936ms
2026-02-19 12:41:36 [INFO]    [PING OK] RU | 2165ms
2026-02-19 12:41:36 [INFO]    [PING OK] GB | 133ms
2026-02-19 12:41:36 [INFO]    [PING OK] MD | 2662ms
2026-02-19 12:41:37 [INFO]    [PING OK] GB | 191ms
2026-02-19 12:41:40 [INFO]    [PING OK] NL | 207ms
2026-02-19 12:41:40 [INFO]    [PING OK] FI | 175ms
2026-02-19 12:41:42 [INFO]    [PING OK] GB | 147ms
2026-02-19 12:41:42 [INFO]    [PING OK] DE | 512ms
2026-02-19 12:41:47 [INFO]    [PING OK] RU | 378ms
2026-02-19 12:41:47 [INFO]    [PING OK] TW | 3825ms
2026-02-19 12:41:48 [INFO]    [PING OK] DE | 1972ms
2026-02-19 12:41:50 [INFO]    [PING OK] NL | 615ms
2026-02-19 12:41:52 [INFO]    [PING OK] NL | 407ms
2026-02-19 12:41:57 [INFO] 🏎️ ЭТАП 2: Глубокий замер скорости для ТОП-10 серверов...
2026-02-19 12:42:01 [INFO]    🏆 PL | Пинг: 112ms | Скорость: 7.13 Mbps ⚡⚡
2026-02-19 12:42:01 [INFO]    🏆 DE | Пинг: 115ms | Скорость: 7.2 Mbps ⚡⚡
2026-02-19 12:42:01 [INFO]    🏆 FR | Пинг: 120ms | Скорость: 7.19 Mbps ⚡⚡
2026-02-19 12:42:01 [INFO]    🏆 DE | Пинг: 121ms | Скорость: 7.41 Mbps ⚡⚡
2026-02-19 12:42:01 [INFO]    🏆 FR | Пинг: 123ms | Скорость: 7.24 Mbps ⚡⚡
2026-02-19 12:42:01 [INFO]    🏆 DE | Пинг: 124ms | Скорость: 7.22 Mbps ⚡⚡
2026-02-19 12:42:01 [INFO]    🏆 FR | Пинг: 127ms | Скорость: 7.31 Mbps ⚡⚡
2026-02-19 12:42:01 [INFO]    🏆 PL | Пинг: 129ms | Скорость: 0.0 Mbps 
2026-02-19 12:42:01 [INFO]    🏆 FR | Пинг: 132ms | Скорость: 7.02 Mbps ⚡⚡
2026-02-19 12:42:01 [INFO]    🏆 RU | Пинг: 69ms | Скорость: 7.41 Mbps ⚡⚡
2026-02-19 12:42:01 [INFO] 🇷🇺 Добавлен RU сервер: 212.192.14.234
2026-02-19 12:42:01 [INFO] 📊 Итого в подписке сохранено: 10 серверов
2026-02-19 12:42:01 [INFO] 💾 Файл успешно сохранен: FL1PVPN
