2026-02-18 09:10:06 [INFO] 🚀 START: Smart VLESS Selector (Target: 10, Strict Mode)
2026-02-18 09:10:06 [INFO] 🌐 Загрузка источников...
2026-02-18 09:10:08 [INFO] 🔍 Уникальных конфигов собрано: 294
2026-02-18 09:10:08 [INFO] ⚡ ЭТАП 1: Быстрый замер Пинга (Workers: 25)...
2026-02-18 09:10:09 [INFO]    [PING OK] DE | 146ms
2026-02-18 09:10:09 [INFO]    [PING OK] CY | 347ms
2026-02-18 09:10:10 [INFO]    [PING OK] IT | 627ms
2026-02-18 09:10:10 [INFO]    [PING OK] IT | 646ms
2026-02-18 09:10:11 [INFO]    [PING OK] IT | 604ms
2026-02-18 09:10:12 [INFO]    [PING OK] DE | 140ms
2026-02-18 09:10:14 [INFO]    [PING OK] LV | 217ms
2026-02-18 09:10:15 [INFO]    [PING OK] RU | 150ms
2026-02-18 09:10:16 [INFO]    [PING OK] DE | 444ms
2026-02-18 09:10:17 [INFO]    [PING OK] RU | 142ms
2026-02-18 09:10:17 [INFO]    [PING OK] LT | 1667ms
2026-02-18 09:10:18 [INFO]    [PING OK] DE | 177ms
2026-02-18 09:10:20 [INFO]    [PING OK] IT | 570ms
2026-02-18 09:10:21 [INFO]    [PING OK] US | 2182ms
2026-02-18 09:10:22 [INFO]    [PING OK] RU | 257ms
2026-02-18 09:10:22 [INFO]    [PING OK] RU | 239ms
2026-02-18 09:10:22 [INFO]    [PING OK] RU | 379ms
2026-02-18 09:10:22 [INFO]    [PING OK] RU | 215ms
2026-02-18 09:10:22 [INFO]    [PING OK] RU | 321ms
2026-02-18 09:10:22 [INFO]    [PING OK] RU | 237ms
2026-02-18 09:10:22 [INFO]    [PING OK] RU | 243ms
2026-02-18 09:10:22 [INFO]    [PING OK] RU | 113ms
2026-02-18 09:10:23 [INFO]    [PING OK] RU | 193ms
2026-02-18 09:10:23 [INFO]    [PING OK] RU | 433ms
2026-02-18 09:10:23 [INFO]    [PING OK] RU | 216ms
2026-02-18 09:10:23 [INFO]    [PING OK] RU | 195ms
2026-02-18 09:10:23 [INFO]    [PING OK] RU | 208ms
2026-02-18 09:10:23 [INFO]    [PING OK] RU | 100ms
2026-02-18 09:10:23 [INFO]    [PING OK] RU | 373ms
2026-02-18 09:10:23 [INFO]    [PING OK] RU | 348ms
2026-02-18 09:10:23 [INFO]    [PING OK] RU | 306ms
2026-02-18 09:10:23 [INFO]    [PING OK] RU | 301ms
2026-02-18 09:10:23 [INFO]    [PING OK] RU | 843ms
2026-02-18 09:10:23 [INFO]    [PING OK] RU | 83ms
2026-02-18 09:10:24 [INFO]    [PING OK] RU | 684ms
2026-02-18 09:10:24 [INFO]    [PING OK] RU | 239ms
2026-02-18 09:10:24 [INFO]    [PING OK] RU | 305ms
2026-02-18 09:10:24 [INFO]    [PING OK] RU | 205ms
2026-02-18 09:10:24 [INFO]    [PING OK] RU | 1322ms
2026-02-18 09:10:25 [INFO]    [PING OK] RU | 270ms
2026-02-18 09:10:25 [INFO]    [PING OK] RU | 233ms
2026-02-18 09:10:25 [INFO]    [PING OK] RU | 770ms
2026-02-18 09:10:25 [INFO]    [PING OK] RU | 255ms
2026-02-18 09:10:25 [INFO]    [PING OK] RU | 202ms
2026-02-18 09:10:25 [INFO]    [PING OK] RU | 900ms
2026-02-18 09:10:25 [INFO]    [PING OK] RU | 1129ms
2026-02-18 09:10:25 [INFO]    [PING OK] RU | 1088ms
2026-02-18 09:10:25 [INFO]    [PING OK] RU | 264ms
2026-02-18 09:10:25 [INFO]    [PING OK] RU | 346ms
2026-02-18 09:10:25 [INFO]    [PING OK] RU | 771ms
2026-02-18 09:10:25 [INFO]    [PING OK] RU | 217ms
2026-02-18 09:10:26 [INFO]    [PING OK] RU | 184ms
2026-02-18 09:10:26 [INFO]    [PING OK] RU | 1356ms
2026-02-18 09:10:26 [INFO]    [PING OK] RU | 143ms
2026-02-18 09:10:26 [INFO]    [PING OK] RU | 1121ms
2026-02-18 09:10:26 [INFO]    [PING OK] RU | 1992ms
2026-02-18 09:10:26 [INFO]    [PING OK] RU | 401ms
2026-02-18 09:10:26 [INFO]    [PING OK] RU | 364ms
2026-02-18 09:10:26 [INFO]    [PING OK] RU | 320ms
2026-02-18 09:10:26 [INFO]    [PING OK] RU | 278ms
2026-02-18 09:10:26 [INFO]    [PING OK] RU | 2157ms
2026-02-18 09:10:27 [INFO]    [PING OK] RU | 309ms
2026-02-18 09:10:27 [INFO]    [PING OK] RU | 322ms
2026-02-18 09:10:27 [INFO]    [PING OK] RU | 296ms
2026-02-18 09:10:27 [INFO]    [PING OK] RU | 233ms
2026-02-18 09:10:27 [INFO]    [PING OK] RU | 596ms
2026-02-18 09:10:27 [INFO]    [PING OK] RU | 1464ms
2026-02-18 09:10:27 [INFO]    [PING OK] RU | 85ms
2026-02-18 09:10:27 [INFO]    [PING OK] RU | 186ms
2026-02-18 09:10:28 [INFO]    [PING OK] DE | 201ms
2026-02-18 09:10:28 [INFO]    [PING OK] US | 637ms
2026-02-18 09:10:28 [INFO]    [PING OK] RU | 947ms
2026-02-18 09:10:29 [INFO]    [PING OK] RU | 2186ms
2026-02-18 09:10:29 [INFO]    [PING OK] RU | 2318ms
2026-02-18 09:10:29 [INFO]    [PING OK] DE | 513ms
2026-02-18 09:10:30 [INFO]    [PING OK] DE | 193ms
2026-02-18 09:10:31 [INFO]    [PING OK] RU | 4489ms
2026-02-18 09:10:32 [INFO]    [PING OK] DE | 128ms
2026-02-18 09:10:32 [INFO]    [PING OK] AT | 1324ms
2026-02-18 09:10:32 [INFO]    [PING OK] DE | 231ms
2026-02-18 09:10:33 [INFO]    [PING OK] IQ | 330ms
2026-02-18 09:10:33 [INFO]    [PING OK] FI | 174ms
2026-02-18 09:10:35 [INFO]    [PING OK] RU | 145ms
2026-02-18 09:10:37 [INFO]    [PING OK] FI | 164ms
2026-02-18 09:10:37 [INFO]    [PING OK] NL | 238ms
2026-02-18 09:10:38 [INFO]    [PING OK] UZ | 309ms
2026-02-18 09:10:38 [INFO]    [PING OK] DE | 172ms
2026-02-18 09:10:38 [INFO]    [PING OK] HU | 1329ms
2026-02-18 09:10:39 [INFO]    [PING OK] LV | 411ms
2026-02-18 09:10:39 [INFO]    [PING OK] MD | 144ms
2026-02-18 09:10:39 [INFO]    [PING OK] FI | 371ms
2026-02-18 09:10:39 [INFO]    [PING OK] FI | 133ms
2026-02-18 09:10:40 [INFO]    [PING OK] AE | 185ms
2026-02-18 09:10:43 [INFO]    [PING OK] JP | 3605ms
2026-02-18 09:10:45 [INFO] 🏎️ ЭТАП 2: Глубокий замер скорости для ТОП-10 серверов...
2026-02-18 09:10:51 [INFO]    🏆 DE | Пинг: 128ms | Скорость: 0.0 Mbps 
2026-02-18 09:10:51 [INFO]    🏆 FI | Пинг: 133ms | Скорость: 10.69 Mbps ⚡⚡
2026-02-18 09:10:51 [INFO]    🏆 DE | Пинг: 140ms | Скорость: 10.67 Mbps ⚡⚡
2026-02-18 09:10:51 [INFO]    🏆 MD | Пинг: 144ms | Скорость: 1.58 Mbps ⚡
2026-02-18 09:10:51 [INFO]    🏆 DE | Пинг: 146ms | Скорость: 10.32 Mbps ⚡⚡
2026-02-18 09:10:51 [INFO]    🏆 FI | Пинг: 164ms | Скорость: 10.46 Mbps ⚡⚡
2026-02-18 09:10:51 [INFO]    🏆 DE | Пинг: 172ms | Скорость: 0.0 Mbps 
2026-02-18 09:10:51 [INFO]    🏆 FI | Пинг: 174ms | Скорость: 3.95 Mbps ⚡⚡
2026-02-18 09:10:51 [INFO]    🏆 DE | Пинг: 177ms | Скорость: 10.82 Mbps ⚡⚡
2026-02-18 09:10:51 [INFO]    🏆 RU | Пинг: 83ms | Скорость: 0.0 Mbps 
2026-02-18 09:10:51 [INFO] 🇷🇺 Добавлен RU сервер: 87.242.103.184
2026-02-18 09:10:51 [INFO] 📊 Итого в подписке сохранено: 10 серверов
2026-02-18 09:10:51 [INFO] 💾 Файл успешно сохранен: FL1PVPN
