2026-02-17 01:30:05 [INFO] 🚀 START: Smart VLESS Selector (Target: 10, Strict Mode)
2026-02-17 01:30:05 [INFO] 🌐 Загрузка источников...
2026-02-17 01:30:07 [INFO] 🔍 Уникальных конфигов собрано: 667
2026-02-17 01:30:07 [INFO] ⚡ ЭТАП 1: Быстрый замер Пинга (Workers: 25)...
2026-02-17 01:30:09 [INFO]    [PING OK] DE | 284ms
2026-02-17 01:30:09 [INFO]    [PING OK] GB | 208ms
2026-02-17 01:30:09 [INFO]    [PING OK] DE | 198ms
2026-02-17 01:30:09 [INFO]    [PING OK] DE | 235ms
2026-02-17 01:30:09 [INFO]    [PING OK] FR | 218ms
2026-02-17 01:30:09 [INFO]    [PING OK] RU | 143ms
2026-02-17 01:30:09 [INFO]    [PING OK] DE | 176ms
2026-02-17 01:30:09 [INFO]    [PING OK] FR | 187ms
2026-02-17 01:30:10 [INFO]    [PING OK] SC | 1489ms
2026-02-17 01:30:11 [INFO]    [PING OK] DE | 528ms
2026-02-17 01:30:13 [INFO]    [PING OK] FI | 110ms
2026-02-17 01:30:13 [INFO]    [PING OK] DE | 258ms
2026-02-17 01:30:14 [INFO]    [PING OK] RU | 168ms
2026-02-17 01:30:15 [INFO]    [PING OK] DE | 221ms
2026-02-17 01:30:16 [INFO]    [PING OK] NL | 164ms
2026-02-17 01:30:16 [INFO]    [PING OK] DE | 223ms
2026-02-17 01:30:17 [INFO]    [PING OK] SG | 129ms
2026-02-17 01:30:18 [INFO]    [PING OK] US | 699ms
2026-02-17 01:30:18 [INFO]    [PING OK] RU | 152ms
2026-02-17 01:30:19 [INFO]    [PING OK] RU | 331ms
2026-02-17 01:30:19 [INFO]    [PING OK] RU | 219ms
2026-02-17 01:30:19 [INFO]    [PING OK] RU | 131ms
2026-02-17 01:30:19 [INFO]    [PING OK] RU | 53ms
2026-02-17 01:30:19 [INFO]    [PING OK] RU | 98ms
2026-02-17 01:30:20 [INFO]    [PING OK] RU | 95ms
2026-02-17 01:30:20 [INFO]    [PING OK] RU | 85ms
2026-02-17 01:30:20 [INFO]    [PING OK] RU | 268ms
2026-02-17 01:30:20 [INFO]    [PING OK] RU | 226ms
2026-02-17 01:30:20 [INFO]    [PING OK] RU | 207ms
2026-02-17 01:30:20 [INFO]    [PING OK] RU | 166ms
2026-02-17 01:30:20 [INFO]    [PING OK] RU | 72ms
2026-02-17 01:30:20 [INFO]    [PING OK] RU | 779ms
2026-02-17 01:30:20 [INFO]    [PING OK] RU | 174ms
2026-02-17 01:30:21 [INFO]    [PING OK] RU | 79ms
2026-02-17 01:30:21 [INFO]    [PING OK] RU | 198ms
2026-02-17 01:30:21 [INFO]    [PING OK] RU | 235ms
2026-02-17 01:30:21 [INFO]    [PING OK] GB | 264ms
2026-02-17 01:30:21 [INFO]    [PING OK] RU | 167ms
2026-02-17 01:30:21 [INFO]    [PING OK] DE | 164ms
2026-02-17 01:30:21 [INFO]    [PING OK] RU | 135ms
2026-02-17 01:30:21 [INFO]    [PING OK] RU | 60ms
2026-02-17 01:30:21 [INFO]    [PING OK] DE | 146ms
2026-02-17 01:30:21 [INFO]    [PING OK] RU | 56ms
2026-02-17 01:30:21 [INFO]    [PING OK] RU | 201ms
2026-02-17 01:30:21 [INFO]    [PING OK] RU | 278ms
2026-02-17 01:30:21 [INFO]    [PING OK] HU | 328ms
2026-02-17 01:30:21 [INFO]    [PING OK] RU | 89ms
2026-02-17 01:30:22 [INFO]    [PING OK] RU | 139ms
2026-02-17 01:30:22 [INFO]    [PING OK] RU | 264ms
2026-02-17 01:30:22 [INFO]    [PING OK] RU | 296ms
2026-02-17 01:30:22 [INFO]    [PING OK] RU | 313ms
2026-02-17 01:30:22 [INFO]    [PING OK] RU | 269ms
2026-02-17 01:30:22 [INFO]    [PING OK] PL | 168ms
2026-02-17 01:30:22 [INFO]    [PING OK] RU | 182ms
2026-02-17 01:30:22 [INFO]    [PING OK] RU | 79ms
2026-02-17 01:30:22 [INFO]    [PING OK] RU | 242ms
2026-02-17 01:30:22 [INFO]    [PING OK] RU | 227ms
2026-02-17 01:30:22 [INFO]    [PING OK] RU | 151ms
2026-02-17 01:30:22 [INFO]    [PING OK] RU | 560ms
2026-02-17 01:30:22 [INFO]    [PING OK] NL | 175ms
2026-02-17 01:30:22 [INFO]    [PING OK] RU | 154ms
2026-02-17 01:30:23 [INFO]    [PING OK] RU | 245ms
2026-02-17 01:30:23 [INFO]    [PING OK] PL | 159ms
2026-02-17 01:30:23 [INFO]    [PING OK] RU | 65ms
2026-02-17 01:30:23 [INFO]    [PING OK] RU | 190ms
2026-02-17 01:30:23 [INFO]    [PING OK] RU | 141ms
2026-02-17 01:30:23 [INFO]    [PING OK] RU | 60ms
2026-02-17 01:30:23 [INFO]    [PING OK] RU | 275ms
2026-02-17 01:30:23 [INFO]    [PING OK] RU | 143ms
2026-02-17 01:30:23 [INFO]    [PING OK] RU | 299ms
2026-02-17 01:30:23 [INFO]    [PING OK] RU | 100ms
2026-02-17 01:30:23 [INFO]    [PING OK] RU | 362ms
2026-02-17 01:30:23 [INFO]    [PING OK] RU | 1057ms
2026-02-17 01:30:23 [INFO]    [PING OK] RU | 169ms
2026-02-17 01:30:23 [INFO]    [PING OK] RU | 66ms
2026-02-17 01:30:23 [INFO]    [PING OK] PL | 189ms
2026-02-17 01:30:23 [INFO]    [PING OK] RU | 73ms
2026-02-17 01:30:23 [INFO]    [PING OK] EE | 434ms
2026-02-17 01:30:24 [INFO]    [PING OK] RU | 98ms
2026-02-17 01:30:24 [INFO]    [PING OK] RU | 262ms
2026-02-17 01:30:24 [INFO]    [PING OK] HU | 337ms
2026-02-17 01:30:24 [INFO]    [PING OK] RU | 201ms
2026-02-17 01:30:24 [INFO]    [PING OK] RU | 278ms
2026-02-17 01:30:24 [INFO]    [PING OK] RU | 533ms
2026-02-17 01:30:24 [INFO]    [PING OK] RU | 111ms
2026-02-17 01:30:24 [INFO]    [PING OK] RU | 1368ms
2026-02-17 01:30:24 [INFO]    [PING OK] RU | 197ms
2026-02-17 01:30:24 [INFO]    [PING OK] RU | 260ms
2026-02-17 01:30:24 [INFO]    [PING OK] RU | 97ms
2026-02-17 01:30:24 [INFO]    [PING OK] RU | 4364ms
2026-02-17 01:30:24 [INFO]    [PING OK] RU | 137ms
2026-02-17 01:30:24 [INFO]    [PING OK] RU | 279ms
2026-02-17 01:30:24 [INFO]    [PING OK] RU | 259ms
2026-02-17 01:30:24 [INFO]    [PING OK] RU | 232ms
2026-02-17 01:30:24 [INFO]    [PING OK] RU | 68ms
2026-02-17 01:30:24 [INFO]    [PING OK] US | 162ms
2026-02-17 01:30:24 [INFO]    [PING OK] RU | 186ms
2026-02-17 01:30:24 [INFO]    [PING OK] RU | 237ms
2026-02-17 01:30:25 [INFO]    [PING OK] RU | 204ms
2026-02-17 01:30:25 [INFO]    [PING OK] RU | 310ms
2026-02-17 01:30:25 [INFO]    [PING OK] RU | 119ms
2026-02-17 01:30:25 [INFO]    [PING OK] RU | 54ms
2026-02-17 01:30:25 [INFO]    [PING OK] RU | 89ms
2026-02-17 01:30:25 [INFO]    [PING OK] RU | 149ms
2026-02-17 01:30:25 [INFO]    [PING OK] NL | 201ms
2026-02-17 01:30:25 [INFO]    [PING OK] RU | 211ms
2026-02-17 01:30:25 [INFO]    [PING OK] RU | 280ms
2026-02-17 01:30:25 [INFO]    [PING OK] RU | 211ms
2026-02-17 01:30:25 [INFO]    [PING OK] RU | 221ms
2026-02-17 01:30:25 [INFO]    [PING OK] RU | 186ms
2026-02-17 01:30:25 [INFO]    [PING OK] RU | 227ms
2026-02-17 01:30:25 [INFO]    [PING OK] RU | 215ms
2026-02-17 01:30:25 [INFO]    [PING OK] RU | 76ms
2026-02-17 01:30:25 [INFO]    [PING OK] RU | 307ms
2026-02-17 01:30:25 [INFO]    [PING OK] RU | 144ms
2026-02-17 01:30:25 [INFO]    [PING OK] RU | 271ms
2026-02-17 01:30:26 [INFO]    [PING OK] GB | 254ms
2026-02-17 01:30:26 [INFO]    [PING OK] RU | 203ms
2026-02-17 01:30:26 [INFO]    [PING OK] RU | 243ms
2026-02-17 01:30:26 [INFO]    [PING OK] RU | 165ms
2026-02-17 01:30:26 [INFO]    [PING OK] RU | 198ms
2026-02-17 01:30:26 [INFO]    [PING OK] RU | 202ms
2026-02-17 01:30:26 [INFO]    [PING OK] RU | 220ms
2026-02-17 01:30:26 [INFO]    [PING OK] GB | 282ms
2026-02-17 01:30:26 [INFO]    [PING OK] RU | 212ms
2026-02-17 01:30:26 [INFO]    [PING OK] RU | 325ms
2026-02-17 01:30:26 [INFO]    [PING OK] RU | 212ms
2026-02-17 01:30:26 [INFO]    [PING OK] NL | 1159ms
2026-02-17 01:30:26 [INFO]    [PING OK] RU | 317ms
2026-02-17 01:30:26 [INFO]    [PING OK] RU | 219ms
2026-02-17 01:30:26 [INFO]    [PING OK] RU | 1438ms
2026-02-17 01:30:26 [INFO]    [PING OK] RU | 249ms
2026-02-17 01:30:26 [INFO]    [PING OK] RU | 189ms
2026-02-17 01:30:27 [INFO]    [PING OK] NL | 406ms
2026-02-17 01:30:28 [INFO]    [PING OK] PL | 1334ms
2026-02-17 01:30:28 [INFO]    [PING OK] FI | 137ms
2026-02-17 01:30:32 [INFO]    [PING OK] DE | 139ms
2026-02-17 01:30:33 [INFO]    [PING OK] DE | 181ms
2026-02-17 01:30:34 [INFO]    [PING OK] DE | 151ms
2026-02-17 01:30:34 [INFO]    [PING OK] US | 922ms
2026-02-17 01:30:34 [INFO]    [PING OK] PL | 126ms
2026-02-17 01:30:35 [INFO]    [PING OK] AT | 194ms
2026-02-17 01:30:38 [INFO]    [PING OK] FI | 258ms
2026-02-17 01:30:41 [INFO]    [PING OK] RU | 263ms
2026-02-17 01:30:42 [INFO]    [PING OK] PL | 641ms
2026-02-17 01:30:43 [INFO]    [PING OK] US | 223ms
2026-02-17 01:30:43 [INFO]    [PING OK] GR | 98ms
2026-02-17 01:30:45 [INFO]    [PING OK] US | 469ms
2026-02-17 01:30:47 [INFO]    [PING OK] US | 558ms
2026-02-17 01:30:49 [INFO]    [PING OK] US | 489ms
2026-02-17 01:30:49 [INFO]    [PING OK] RU | 158ms
2026-02-17 01:30:53 [INFO]    [PING OK] DE | 180ms
2026-02-17 01:30:54 [INFO]    [PING OK] FR | 167ms
2026-02-17 01:30:54 [INFO]    [PING OK] BG | 249ms
2026-02-17 01:30:56 [INFO]    [PING OK] NL | 181ms
2026-02-17 01:31:01 [INFO]    [PING OK] NL | 186ms
2026-02-17 01:31:01 [INFO]    [PING OK] US | 2056ms
2026-02-17 01:31:02 [INFO]    [PING OK] RU | 120ms
2026-02-17 01:31:02 [INFO]    [PING OK] PL | 111ms
2026-02-17 01:31:03 [INFO]    [PING OK] LT | 132ms
2026-02-17 01:31:03 [INFO]    [PING OK] PL | 1120ms
2026-02-17 01:31:04 [INFO]    [PING OK] FR | 200ms
2026-02-17 01:31:05 [INFO]    [PING OK] CY | 186ms
2026-02-17 01:31:05 [INFO]    [PING OK] FR | 541ms
2026-02-17 01:31:06 [INFO]    [PING OK] PL | 301ms
2026-02-17 01:31:09 [INFO]    [PING OK] LT | 147ms
2026-02-17 01:31:09 [INFO]    [PING OK] NL | 170ms
2026-02-17 01:31:10 [INFO]    [PING OK] LT | 141ms
2026-02-17 01:31:11 [INFO]    [PING OK] US | 919ms
2026-02-17 01:31:13 [INFO]    [PING OK] DE | 150ms
2026-02-17 01:31:15 [INFO]    [PING OK] FR | 637ms
2026-02-17 01:31:15 [INFO]    [PING OK] TR | 258ms
2026-02-17 01:31:17 [INFO]    [PING OK] DE | 202ms
2026-02-17 01:31:18 [INFO]    [PING OK] EE | 268ms
2026-02-17 01:31:22 [INFO]    [PING OK] SE | 244ms
2026-02-17 01:31:23 [INFO]    [PING OK] DE | 491ms
2026-02-17 01:31:25 [INFO]    [PING OK] MD | 193ms
2026-02-17 01:31:25 [INFO]    [PING OK] LV | 296ms
2026-02-17 01:31:27 [INFO]    [PING OK] LV | 1205ms
2026-02-17 01:31:29 [INFO] 🏎️ ЭТАП 2: Глубокий замер скорости для ТОП-10 серверов...
2026-02-17 01:31:32 [INFO]    🏆 GR | Пинг: 98ms | Скорость: 8.22 Mbps ⚡⚡
2026-02-17 01:31:32 [INFO]    🏆 FI | Пинг: 110ms | Скорость: 9.25 Mbps ⚡⚡
2026-02-17 01:31:32 [INFO]    🏆 PL | Пинг: 111ms | Скорость: 8.16 Mbps ⚡⚡
2026-02-17 01:31:32 [INFO]    🏆 PL | Пинг: 126ms | Скорость: 8.27 Mbps ⚡⚡
2026-02-17 01:31:32 [INFO]    🏆 SG | Пинг: 129ms | Скорость: 8.2 Mbps ⚡⚡
2026-02-17 01:31:32 [INFO]    🏆 LT | Пинг: 132ms | Скорость: 8.6 Mbps ⚡⚡
2026-02-17 01:31:32 [INFO]    🏆 FI | Пинг: 137ms | Скорость: 8.57 Mbps ⚡⚡
2026-02-17 01:31:32 [INFO]    🏆 DE | Пинг: 139ms | Скорость: 8.69 Mbps ⚡⚡
2026-02-17 01:31:32 [INFO]    🏆 LT | Пинг: 141ms | Скорость: 8.57 Mbps ⚡⚡
2026-02-17 01:31:32 [INFO]    🏆 RU | Пинг: 53ms | Скорость: 8.6 Mbps ⚡⚡
2026-02-17 01:31:32 [INFO] 🇷🇺 Добавлен RU сервер: 51.250.12.100
2026-02-17 01:31:32 [INFO] 📊 Итого в подписке сохранено: 10 серверов
2026-02-17 01:31:32 [INFO] 💾 Файл успешно сохранен: FL1PVPN
