2026-02-22 17:20:05 [INFO] 🚀 START: Smart Selector (Target: 10, ONLY FOREIGN)
2026-02-22 17:20:05 [INFO] 🌐 Загрузка источников (VLESS + VMess)...
2026-02-22 17:20:08 [INFO] 🔍 Уникальных конфигов собрано: 244
2026-02-22 17:20:08 [INFO] ⚡ ЭТАП 1: Замер Пинга и Геолокации. Workers: 40...
2026-02-22 17:20:14 [INFO]    [PING OK] ES | VLESS | 4277ms
2026-02-22 17:20:14 [INFO]    [PING OK] DE | VLESS | 5532ms
2026-02-22 17:20:15 [INFO]    [PING OK] CZ | VLESS | 5792ms
2026-02-22 17:20:15 [INFO]    [PING OK] DE | VLESS | 5187ms
2026-02-22 17:20:15 [INFO]    [PING OK] NL | VLESS | 5564ms
2026-02-22 17:20:16 [INFO]    [PING OK] NL | VLESS | 5949ms
2026-02-22 17:20:16 [INFO]    [PING OK] DE | VLESS | 1991ms
2026-02-22 17:20:16 [INFO]    [PING OK] DE | VLESS | 5891ms
2026-02-22 17:20:16 [INFO]    [PING OK] DE | VLESS | 6979ms
2026-02-22 17:20:17 [INFO]    [PING OK] IT | VLESS | 2338ms
2026-02-22 17:20:17 [INFO]    [PING OK] US | VLESS | 2434ms
2026-02-22 17:20:17 [INFO]    [PING OK] CA | VLESS | 8067ms
2026-02-22 17:20:17 [INFO]    [PING OK] HU | VLESS | 2987ms
2026-02-22 17:20:18 [INFO]    [PING OK] NL | VLESS | 3426ms
2026-02-22 17:20:18 [INFO]    [PING OK] PL | VLESS | 3336ms
2026-02-22 17:20:19 [INFO]    [PING OK] IT | VLESS | 3299ms
2026-02-22 17:20:19 [INFO]    [PING OK] ES | VLESS | 3226ms
2026-02-22 17:20:19 [INFO]    [PING OK] DE | VLESS | 8654ms
2026-02-22 17:20:19 [INFO]    [PING OK] ES | VLESS | 3377ms
2026-02-22 17:20:19 [INFO]    [PING OK] HU | VLESS | 3747ms
2026-02-22 17:20:19 [INFO]    [PING OK] HU | VLESS | 3467ms
2026-02-22 17:20:20 [INFO]    [PING OK] IT | VLESS | 3191ms
2026-02-22 17:20:20 [INFO]    [PING OK] DE | VLESS | 4231ms
2026-02-22 17:20:20 [INFO]    [PING OK] DE | VLESS | 5161ms
2026-02-22 17:20:20 [INFO]    [PING OK] PL | VLESS | 3262ms
2026-02-22 17:20:20 [INFO]    [PING OK] PL | VLESS | 3167ms
2026-02-22 17:20:20 [INFO]    [PING OK] ES | VLESS | 3250ms
2026-02-22 17:20:20 [INFO]    [PING OK] TR | VLESS | 3001ms
2026-02-22 17:20:20 [INFO]    [PING OK] ES | VLESS | 2739ms
2026-02-22 17:20:20 [INFO]    [PING OK] ES | VLESS | 2996ms
2026-02-22 17:20:21 [INFO]    [PING OK] NL | VLESS | 2941ms
2026-02-22 17:20:21 [INFO]    [PING OK] HU | VLESS | 2662ms
2026-02-22 17:20:21 [INFO]    [PING OK] HU | VLESS | 2804ms
2026-02-22 17:20:21 [INFO]    [PING OK] HU | VLESS | 5217ms
2026-02-22 17:20:21 [INFO]    [PING OK] DE | VLESS | 7148ms
2026-02-22 17:20:22 [INFO]    [PING OK] TR | VLESS | 3076ms
2026-02-22 17:20:22 [INFO]    [PING OK] PL | VLESS | 3072ms
2026-02-22 17:20:22 [INFO]    [PING OK] HU | VLESS | 3191ms
2026-02-22 17:20:23 [INFO]    [PING OK] TR | VLESS | 3740ms
2026-02-22 17:20:23 [INFO]    [PING OK] PL | VLESS | 3732ms
2026-02-22 17:20:25 [INFO]    [PING OK] HU | VLESS | 4697ms
2026-02-22 17:20:25 [INFO]    [PING OK] PL | VLESS | 4696ms
2026-02-22 17:20:25 [INFO]    [PING OK] NL | VLESS | 4903ms
2026-02-22 17:20:25 [INFO]    [PING OK] PL | VLESS | 5120ms
2026-02-22 17:20:26 [INFO]    [PING OK] NL | VLESS | 5062ms
2026-02-22 17:20:26 [INFO]    [PING OK] PL | VLESS | 5126ms
2026-02-22 17:20:26 [INFO]    [PING OK] DE | VLESS | 6080ms
2026-02-22 17:20:28 [INFO]    [PING OK] US | VLESS | 6007ms
2026-02-22 17:20:28 [INFO]    [PING OK] DE | VLESS | 6021ms
2026-02-22 17:20:29 [INFO]    [PING OK] CA | VLESS | 7151ms
2026-02-22 17:20:30 [INFO]    [PING OK] DE | VLESS | 7614ms
2026-02-22 17:20:30 [INFO]    [PING OK] SE | VLESS | 4528ms
2026-02-22 17:20:30 [INFO]    [PING OK] CA | VLESS | 9352ms
2026-02-22 17:20:31 [INFO]    [PING OK] NL | VLESS | 3007ms
2026-02-22 17:20:32 [INFO]    [PING OK] DE | VLESS | 3162ms
2026-02-22 17:20:33 [INFO]    [PING OK] CA | VLESS | 7096ms
2026-02-22 17:20:33 [INFO]    [PING OK] DE | VLESS | 3793ms
2026-02-22 17:20:33 [INFO]    [PING OK] CA | VLESS | 3099ms
2026-02-22 17:20:33 [INFO]    [PING OK] CA | VLESS | 7540ms
2026-02-22 17:20:35 [INFO]    [PING OK] NL | VLESS | 2949ms
2026-02-22 17:20:37 [INFO]    [PING OK] DE | VLESS | 392ms
2026-02-22 17:20:37 [INFO]    [PING OK] CA | VLESS | 5092ms
2026-02-22 17:20:39 [INFO]    [PING OK] JP | VLESS | 4683ms
2026-02-22 17:20:39 [INFO]    [PING OK] NL | VLESS | 3653ms
2026-02-22 17:20:40 [INFO] 🏎️ ЭТАП 2: Глубокий замер скорости для 40 иностранных кандидатов...
2026-02-22 17:20:44 [INFO]    🏆 DE | VLESS | Пинг: 1991ms | Скорость: 6.78 Mbps ⚡⚡
2026-02-22 17:20:44 [INFO]    🏆 NL | VLESS | Пинг: 2941ms | Скорость: 7.07 Mbps ⚡⚡
2026-02-22 17:20:44 [INFO]    🏆 DE | VLESS | Пинг: 392ms | Скорость: 6.48 Mbps ⚡⚡
2026-02-22 17:20:44 [INFO]    🏆 HU | VLESS | Пинг: 2662ms | Скорость: 6.71 Mbps ⚡⚡
2026-02-22 17:20:44 [INFO]    🏆 HU | VLESS | Пинг: 2804ms | Скорость: 6.63 Mbps ⚡⚡
2026-02-22 17:20:44 [INFO]    🏆 ES | VLESS | Пинг: 2739ms | Скорость: 6.77 Mbps ⚡⚡
2026-02-22 17:20:44 [INFO]    🏆 NL | VLESS | Пинг: 3007ms | Скорость: 6.91 Mbps ⚡⚡
2026-02-22 17:20:44 [INFO]    🏆 ES | VLESS | Пинг: 2996ms | Скорость: 6.84 Mbps ⚡⚡
2026-02-22 17:20:44 [INFO]    🏆 TR | VLESS | Пинг: 3076ms | Скорость: 6.85 Mbps ⚡⚡
2026-02-22 17:20:45 [INFO]    🏆 TR | VLESS | Пинг: 3001ms | Скорость: 6.66 Mbps ⚡⚡
2026-02-22 17:20:45 [INFO]    🏆 PL | VLESS | Пинг: 3072ms | Скорость: 5.94 Mbps ⚡⚡
2026-02-22 17:20:47 [INFO]    🏆 IT | VLESS | Пинг: 3191ms | Скорость: 9.53 Mbps ⚡⚡
2026-02-22 17:20:47 [INFO]    🏆 PL | VLESS | Пинг: 3167ms | Скорость: 9.49 Mbps ⚡⚡
2026-02-22 17:20:47 [INFO]    🏆 NL | VLESS | Пинг: 3426ms | Скорость: 12.8 Mbps ⚡⚡
2026-02-22 17:20:47 [INFO]    🏆 IT | VLESS | Пинг: 2338ms | Скорость: 0.89 Mbps 
2026-02-22 17:20:47 [INFO]    🏆 ES | VLESS | Пинг: 3226ms | Скорость: 8.78 Mbps ⚡⚡
2026-02-22 17:20:47 [INFO]    🏆 ES | VLESS | Пинг: 3250ms | Скорость: 8.68 Mbps ⚡⚡
2026-02-22 17:20:48 [INFO]    🏆 HU | VLESS | Пинг: 2987ms | Скорость: 3.09 Mbps ⚡⚡
2026-02-22 17:20:49 [INFO]    🏆 PL | VLESS | Пинг: 3336ms | Скорость: 5.38 Mbps ⚡⚡
2026-02-22 17:20:50 [INFO]    🏆 PL | VLESS | Пинг: 3732ms | Скорость: 11.82 Mbps ⚡⚡
2026-02-22 17:20:50 [INFO]    🏆 DE | VLESS | Пинг: 3793ms | Скорость: 11.58 Mbps ⚡⚡
2026-02-22 17:20:50 [INFO]    🏆 TR | VLESS | Пинг: 3740ms | Скорость: 9.76 Mbps ⚡⚡
2026-02-22 17:20:50 [INFO]    🏆 ES | VLESS | Пинг: 4277ms | Скорость: 10.36 Mbps ⚡⚡
2026-02-22 17:20:51 [INFO]    🏆 PL | VLESS | Пинг: 4696ms | Скорость: 17.65 Mbps ⚡⚡
2026-02-22 17:20:51 [INFO]    🏆 DE | VLESS | Пинг: 3162ms | Скорость: 0.82 Mbps 
2026-02-22 17:20:51 [INFO]    🏆 HU | VLESS | Пинг: 3191ms | Скорость: 2.68 Mbps ⚡
2026-02-22 17:20:51 [INFO]    🏆 IT | VLESS | Пинг: 3299ms | Скорость: 1.11 Mbps 
2026-02-22 17:20:52 [INFO]    🏆 ES | VLESS | Пинг: 3377ms | Скорость: 2.97 Mbps ⚡
2026-02-22 17:20:52 [INFO]    🏆 HU | VLESS | Пинг: 4697ms | Скорость: 14.11 Mbps ⚡⚡
2026-02-22 17:20:52 [INFO]    🏆 NL | VLESS | Пинг: 4903ms | Скорость: 17.51 Mbps ⚡⚡
2026-02-22 17:20:54 [INFO]    🏆 HU | VLESS | Пинг: 3467ms | Скорость: 0.74 Mbps 
2026-02-22 17:20:54 [INFO]    🏆 HU | VLESS | Пинг: 3747ms | Скорость: 1.07 Mbps 
2026-02-22 17:20:54 [INFO] 📊 Итого в подписке сохранено иностранных серверов: 10
2026-02-22 17:20:54 [INFO] 💾 Файл успешно сохранен: FL1PVPN
