2026-02-16 18:00:05 [INFO] 🚀 START: Smart VLESS Selector (Target: 10, Strict Mode)
2026-02-16 18:00:05 [INFO] 🌐 Загрузка источников...
2026-02-16 18:00:07 [INFO] 🔍 Уникальных конфигов собрано: 375
2026-02-16 18:00:07 [INFO] ⚡ ЭТАП 1: Быстрый замер Пинга (Workers: 25)...
2026-02-16 18:00:08 [INFO]    [PING OK] DE | 148ms
2026-02-16 18:00:08 [INFO]    [PING OK] RU | 290ms
2026-02-16 18:00:09 [INFO]    [PING OK] SC | 1390ms
2026-02-16 18:00:11 [INFO]    [PING OK] RU | 160ms
2026-02-16 18:00:12 [INFO]    [PING OK] DE | 230ms
2026-02-16 18:00:14 [INFO]    [PING OK] DE | 219ms
2026-02-16 18:00:14 [INFO]    [PING OK] NL | 168ms
2026-02-16 18:00:14 [INFO]    [PING OK] DE | 299ms
2026-02-16 18:00:15 [INFO]    [PING OK] DE | 180ms
2026-02-16 18:00:17 [INFO]    [PING OK] US | 915ms
2026-02-16 18:00:17 [INFO]    [PING OK] FI | 188ms
2026-02-16 18:00:18 [INFO]    [PING OK] DE | 502ms
2026-02-16 18:00:19 [INFO]    [PING OK] DE | 165ms
2026-02-16 18:00:20 [INFO]    [PING OK] RU | 296ms
2026-02-16 18:00:21 [INFO]    [PING OK] RU | 1246ms
2026-02-16 18:00:21 [INFO]    [PING OK] DE | 179ms
2026-02-16 18:00:21 [INFO]    [PING OK] PL | 166ms
2026-02-16 18:00:21 [INFO]    [PING OK] RU | 332ms
2026-02-16 18:00:22 [INFO]    [PING OK] RU | 219ms
2026-02-16 18:00:22 [INFO]    [PING OK] RU | 506ms
2026-02-16 18:00:22 [INFO]    [PING OK] RU | 712ms
2026-02-16 18:00:22 [INFO]    [PING OK] PL | 2116ms
2026-02-16 18:00:22 [INFO]    [PING OK] RU | 248ms
2026-02-16 18:00:22 [INFO]    [PING OK] RU | 341ms
2026-02-16 18:00:23 [INFO]    [PING OK] RU | 1790ms
2026-02-16 18:00:23 [INFO]    [PING OK] RU | 262ms
2026-02-16 18:00:23 [INFO]    [PING OK] RU | 2013ms
2026-02-16 18:00:23 [INFO]    [PING OK] RU | 237ms
2026-02-16 18:00:23 [INFO]    [PING OK] RU | 312ms
2026-02-16 18:00:23 [INFO]    [PING OK] NL | 188ms
2026-02-16 18:00:23 [INFO]    [PING OK] RU | 291ms
2026-02-16 18:00:23 [INFO]    [PING OK] RU | 1265ms
2026-02-16 18:00:23 [INFO]    [PING OK] RU | 389ms
2026-02-16 18:00:23 [INFO]    [PING OK] RU | 253ms
2026-02-16 18:00:24 [INFO]    [PING OK] RU | 272ms
2026-02-16 18:00:24 [INFO]    [PING OK] RU | 100ms
2026-02-16 18:00:24 [INFO]    [PING OK] RU | 312ms
2026-02-16 18:00:24 [INFO]    [PING OK] RU | 204ms
2026-02-16 18:00:24 [INFO]    [PING OK] RU | 126ms
2026-02-16 18:00:24 [INFO]    [PING OK] EE | 110ms
2026-02-16 18:00:24 [INFO]    [PING OK] RU | 1878ms
2026-02-16 18:00:24 [INFO]    [PING OK] RU | 221ms
2026-02-16 18:00:25 [INFO]    [PING OK] RU | 1065ms
2026-02-16 18:00:25 [INFO]    [PING OK] RU | 326ms
2026-02-16 18:00:26 [INFO]    [PING OK] RU | 383ms
2026-02-16 18:00:26 [INFO]    [PING OK] RU | 303ms
2026-02-16 18:00:26 [INFO]    [PING OK] RU | 258ms
2026-02-16 18:00:27 [INFO]    [PING OK] RU | 2050ms
2026-02-16 18:00:27 [INFO]    [PING OK] RU | 381ms
2026-02-16 18:00:27 [INFO]    [PING OK] RU | 148ms
2026-02-16 18:00:27 [INFO]    [PING OK] RU | 71ms
2026-02-16 18:00:27 [INFO]    [PING OK] RU | 303ms
2026-02-16 18:00:28 [INFO]    [PING OK] RU | 3491ms
2026-02-16 18:00:28 [INFO]    [PING OK] RU | 245ms
2026-02-16 18:00:28 [INFO]    [PING OK] DE | 178ms
2026-02-16 18:00:28 [INFO]    [PING OK] RU | 713ms
2026-02-16 18:00:28 [INFO]    [PING OK] PL | 3246ms
2026-02-16 18:00:29 [INFO]    [PING OK] RU | 303ms
2026-02-16 18:00:29 [INFO]    [PING OK] RU | 207ms
2026-02-16 18:00:29 [INFO]    [PING OK] RU | 2760ms
2026-02-16 18:00:29 [INFO]    [PING OK] RU | 871ms
2026-02-16 18:00:30 [INFO]    [PING OK] RU | 322ms
2026-02-16 18:00:30 [INFO]    [PING OK] RU | 4629ms
2026-02-16 18:00:30 [INFO]    [PING OK] RU | 243ms
2026-02-16 18:00:30 [INFO]    [PING OK] RU | 367ms
2026-02-16 18:00:30 [INFO]    [PING OK] RU | 230ms
2026-02-16 18:00:30 [INFO]    [PING OK] RU | 376ms
2026-02-16 18:00:30 [INFO]    [PING OK] RU | 2294ms
2026-02-16 18:00:31 [INFO]    [PING OK] RU | 201ms
2026-02-16 18:00:31 [INFO]    [PING OK] RU | 510ms
2026-02-16 18:00:31 [INFO]    [PING OK] RU | 677ms
2026-02-16 18:00:31 [INFO]    [PING OK] RU | 221ms
2026-02-16 18:00:31 [INFO]    [PING OK] RU | 263ms
2026-02-16 18:00:31 [INFO]    [PING OK] NL | 214ms
2026-02-16 18:00:32 [INFO]    [PING OK] RU | 361ms
2026-02-16 18:00:32 [INFO]    [PING OK] RU | 110ms
2026-02-16 18:00:32 [INFO]    [PING OK] RU | 228ms
2026-02-16 18:00:32 [INFO]    [PING OK] RU | 305ms
2026-02-16 18:00:32 [INFO]    [PING OK] RU | 2296ms
2026-02-16 18:00:32 [INFO]    [PING OK] RU | 292ms
2026-02-16 18:00:33 [INFO]    [PING OK] RU | 1340ms
2026-02-16 18:00:33 [INFO]    [PING OK] MD | 194ms
2026-02-16 18:00:33 [INFO]    [PING OK] RU | 882ms
2026-02-16 18:00:34 [INFO]    [PING OK] DE | 296ms
2026-02-16 18:00:34 [INFO]    [PING OK] FI | 1227ms
2026-02-16 18:00:34 [INFO]    [PING OK] US | 606ms
2026-02-16 18:00:36 [INFO]    [PING OK] DE | 166ms
2026-02-16 18:00:36 [INFO]    [PING OK] LV | 413ms
2026-02-16 18:00:36 [INFO]    [PING OK] DE | 1860ms
2026-02-16 18:00:36 [INFO]    [PING OK] FI | 187ms
2026-02-16 18:00:37 [INFO]    [PING OK] KR | 4010ms
2026-02-16 18:00:38 [INFO]    [PING OK] DE | 490ms
2026-02-16 18:00:38 [INFO]    [PING OK] LV | 194ms
2026-02-16 18:00:39 [INFO]    [PING OK] TR | 2711ms
2026-02-16 18:00:39 [INFO]    [PING OK] JP | 453ms
2026-02-16 18:00:39 [INFO]    [PING OK] FI | 196ms
2026-02-16 18:00:39 [INFO]    [PING OK] GB | 329ms
2026-02-16 18:00:40 [INFO]    [PING OK] DE | 177ms
2026-02-16 18:00:40 [INFO]    [PING OK] ES | 797ms
2026-02-16 18:00:40 [INFO]    [PING OK] TR | 1204ms
2026-02-16 18:00:41 [INFO]    [PING OK] RU | 406ms
2026-02-16 18:00:41 [INFO]    [PING OK] IT | 250ms
2026-02-16 18:00:42 [INFO]    [PING OK] AE | 957ms
2026-02-16 18:00:44 [INFO]    [PING OK] RU | 3117ms
2026-02-16 18:00:46 [INFO] 🏎️ ЭТАП 2: Глубокий замер скорости для ТОП-10 серверов...
2026-02-16 18:00:53 [INFO]    🏆 EE | Пинг: 110ms | Скорость: 0.0 Mbps 
2026-02-16 18:00:53 [INFO]    🏆 DE | Пинг: 148ms | Скорость: 9.01 Mbps ⚡⚡
2026-02-16 18:00:53 [INFO]    🏆 DE | Пинг: 165ms | Скорость: 8.96 Mbps ⚡⚡
2026-02-16 18:00:53 [INFO]    🏆 PL | Пинг: 166ms | Скорость: 8.98 Mbps ⚡⚡
2026-02-16 18:00:53 [INFO]    🏆 DE | Пинг: 166ms | Скорость: 0.0 Mbps 
2026-02-16 18:00:53 [INFO]    🏆 NL | Пинг: 168ms | Скорость: 9.23 Mbps ⚡⚡
2026-02-16 18:00:53 [INFO]    🏆 DE | Пинг: 177ms | Скорость: 9.32 Mbps ⚡⚡
2026-02-16 18:00:53 [INFO]    🏆 DE | Пинг: 178ms | Скорость: 9.36 Mbps ⚡⚡
2026-02-16 18:00:53 [INFO]    🏆 DE | Пинг: 179ms | Скорость: 7.16 Mbps ⚡⚡
2026-02-16 18:00:53 [INFO]    🏆 RU | Пинг: 71ms | Скорость: 9.38 Mbps ⚡⚡
2026-02-16 18:00:53 [INFO] 🇷🇺 Добавлен RU сервер: 87.242.103.184
2026-02-16 18:00:53 [INFO] 📊 Итого в подписке сохранено: 10 серверов
2026-02-16 18:00:53 [INFO] 💾 Файл успешно сохранен: FL1PVPN
