2026-02-19 23:10:05 [INFO] 🚀 START: Smart VPN Selector (Target: 10, Strict Mode)
2026-02-19 23:10:05 [INFO] 🌐 Загрузка источников...
2026-02-19 23:10:09 [INFO] 🔍 Уникальных конфигов собрано: 1267
2026-02-19 23:10:09 [INFO] ⚡ ЭТАП 1: Быстрый замер Пинга (Workers: 25)...
2026-02-19 23:10:10 [INFO]    [PING OK] DE | 192ms
2026-02-19 23:10:11 [INFO]    [PING OK] RU | 428ms
2026-02-19 23:10:12 [INFO]    [PING OK] DE | 1524ms
2026-02-19 23:10:12 [INFO]    [PING OK] DE | 128ms
2026-02-19 23:10:12 [INFO]    [PING OK] FR | 998ms
2026-02-19 23:10:12 [INFO]    [PING OK] LV | 173ms
2026-02-19 23:10:14 [INFO]    [PING OK] DE | 448ms
2026-02-19 23:10:14 [INFO]    [PING OK] RU | 186ms
2026-02-19 23:10:14 [INFO]    [PING OK] NO | 214ms
2026-02-19 23:10:15 [INFO]    [PING OK] RU | 139ms
2026-02-19 23:10:17 [INFO]    [PING OK] DE | 163ms
2026-02-19 23:10:17 [INFO]    [PING OK] RU | 160ms
2026-02-19 23:10:17 [INFO]    [PING OK] RU | 130ms
2026-02-19 23:10:17 [INFO]    [PING OK] DE | 177ms
2026-02-19 23:10:17 [INFO]    [PING OK] DE | 785ms
2026-02-19 23:10:17 [INFO]    [PING OK] RU | 104ms
2026-02-19 23:10:17 [INFO]    [PING OK] RU | 247ms
2026-02-19 23:10:17 [INFO]    [PING OK] RU | 158ms
2026-02-19 23:10:17 [INFO]    [PING OK] RU | 140ms
2026-02-19 23:10:17 [INFO]    [PING OK] RU | 101ms
2026-02-19 23:10:18 [INFO]    [PING OK] RU | 109ms
2026-02-19 23:10:18 [INFO]    [PING OK] RU | 329ms
2026-02-19 23:10:18 [INFO]    [PING OK] RU | 127ms
2026-02-19 23:10:18 [INFO]    [PING OK] RU | 226ms
2026-02-19 23:10:18 [INFO]    [PING OK] RU | 197ms
2026-02-19 23:10:18 [INFO]    [PING OK] RU | 122ms
2026-02-19 23:10:18 [INFO]    [PING OK] RU | 244ms
2026-02-19 23:10:18 [INFO]    [PING OK] RU | 149ms
2026-02-19 23:10:18 [INFO]    [PING OK] RU | 111ms
2026-02-19 23:10:18 [INFO]    [PING OK] RU | 199ms
2026-02-19 23:10:18 [INFO]    [PING OK] RU | 58ms
2026-02-19 23:10:18 [INFO]    [PING OK] HU | 269ms
2026-02-19 23:10:18 [INFO]    [PING OK] RU | 112ms
2026-02-19 23:10:18 [INFO]    [PING OK] HU | 976ms
2026-02-19 23:10:18 [INFO]    [PING OK] RU | 213ms
2026-02-19 23:10:19 [INFO]    [PING OK] RU | 232ms
2026-02-19 23:10:19 [INFO]    [PING OK] RU | 244ms
2026-02-19 23:10:19 [INFO]    [PING OK] RU | 220ms
2026-02-19 23:10:19 [INFO]    [PING OK] RU | 230ms
2026-02-19 23:10:19 [INFO]    [PING OK] RU | 337ms
2026-02-19 23:10:19 [INFO]    [PING OK] RU | 159ms
2026-02-19 23:10:19 [INFO]    [PING OK] RU | 198ms
2026-02-19 23:10:19 [INFO]    [PING OK] RU | 147ms
2026-02-19 23:10:19 [INFO]    [PING OK] RU | 233ms
2026-02-19 23:10:19 [INFO]    [PING OK] RU | 246ms
2026-02-19 23:10:19 [INFO]    [PING OK] RU | 246ms
2026-02-19 23:10:19 [INFO]    [PING OK] RU | 239ms
2026-02-19 23:10:19 [INFO]    [PING OK] RU | 385ms
2026-02-19 23:10:19 [INFO]    [PING OK] RU | 239ms
2026-02-19 23:10:19 [INFO]    [PING OK] RU | 237ms
2026-02-19 23:10:19 [INFO]    [PING OK] RU | 116ms
2026-02-19 23:10:19 [INFO]    [PING OK] RU | 128ms
2026-02-19 23:10:19 [INFO]    [PING OK] RU | 110ms
2026-02-19 23:10:19 [INFO]    [PING OK] RU | 129ms
2026-02-19 23:10:19 [INFO]    [PING OK] RU | 212ms
2026-02-19 23:10:19 [INFO]    [PING OK] RU | 101ms
2026-02-19 23:10:19 [INFO]    [PING OK] RU | 205ms
2026-02-19 23:10:20 [INFO]    [PING OK] RU | 209ms
2026-02-19 23:10:20 [INFO]    [PING OK] RU | 101ms
2026-02-19 23:10:20 [INFO]    [PING OK] RU | 272ms
2026-02-19 23:10:20 [INFO]    [PING OK] RU | 269ms
2026-02-19 23:10:20 [INFO]    [PING OK] RU | 234ms
2026-02-19 23:10:20 [INFO]    [PING OK] RU | 219ms
2026-02-19 23:10:20 [INFO]    [PING OK] RU | 122ms
2026-02-19 23:10:20 [INFO]    [PING OK] RU | 207ms
2026-02-19 23:10:20 [INFO]    [PING OK] RU | 128ms
2026-02-19 23:10:20 [INFO]    [PING OK] RU | 132ms
2026-02-19 23:10:20 [INFO]    [PING OK] RU | 224ms
2026-02-19 23:10:20 [INFO]    [PING OK] RU | 225ms
2026-02-19 23:10:20 [INFO]    [PING OK] RU | 182ms
2026-02-19 23:10:20 [INFO]    [PING OK] RU | 98ms
2026-02-19 23:10:20 [INFO]    [PING OK] RU | 229ms
2026-02-19 23:10:20 [INFO]    [PING OK] RU | 310ms
2026-02-19 23:10:20 [INFO]    [PING OK] RU | 125ms
2026-02-19 23:10:20 [INFO]    [PING OK] RU | 108ms
2026-02-19 23:10:21 [INFO]    [PING OK] RU | 158ms
2026-02-19 23:10:21 [INFO]    [PING OK] GB | 186ms
2026-02-19 23:10:21 [INFO]    [PING OK] RU | 408ms
2026-02-19 23:10:21 [INFO]    [PING OK] RU | 272ms
2026-02-19 23:10:21 [INFO]    [PING OK] RU | 139ms
2026-02-19 23:10:21 [INFO]    [PING OK] RU | 220ms
2026-02-19 23:10:21 [INFO]    [PING OK] RU | 249ms
2026-02-19 23:10:21 [INFO]    [PING OK] RU | 194ms
2026-02-19 23:10:21 [INFO]    [PING OK] RU | 105ms
2026-02-19 23:10:21 [INFO]    [PING OK] RU | 225ms
2026-02-19 23:10:21 [INFO]    [PING OK] RU | 142ms
2026-02-19 23:10:21 [INFO]    [PING OK] RU | 121ms
2026-02-19 23:10:21 [INFO]    [PING OK] RU | 269ms
2026-02-19 23:10:21 [INFO]    [PING OK] NL | 229ms
2026-02-19 23:10:22 [INFO]    [PING OK] RU | 194ms
2026-02-19 23:10:22 [INFO]    [PING OK] RU | 101ms
2026-02-19 23:10:22 [INFO]    [PING OK] RU | 109ms
2026-02-19 23:10:22 [INFO]    [PING OK] RU | 221ms
2026-02-19 23:10:22 [INFO]    [PING OK] RU | 226ms
2026-02-19 23:10:22 [INFO]    [PING OK] RU | 163ms
2026-02-19 23:10:22 [INFO]    [PING OK] RU | 763ms
2026-02-19 23:10:22 [INFO]    [PING OK] RU | 213ms
2026-02-19 23:10:22 [INFO]    [PING OK] RU | 209ms
2026-02-19 23:10:22 [INFO]    [PING OK] HU | 301ms
2026-02-19 23:10:22 [INFO]    [PING OK] RU | 289ms
2026-02-19 23:10:22 [INFO]    [PING OK] RU | 455ms
2026-02-19 23:10:22 [INFO]    [PING OK] RU | 307ms
2026-02-19 23:10:22 [INFO]    [PING OK] RU | 324ms
2026-02-19 23:10:22 [INFO]    [PING OK] RU | 217ms
2026-02-19 23:10:22 [INFO]    [PING OK] RU | 227ms
2026-02-19 23:10:22 [INFO]    [PING OK] RU | 772ms
2026-02-19 23:10:22 [INFO]    [PING OK] RU | 249ms
2026-02-19 23:10:22 [INFO]    [PING OK] RU | 237ms
2026-02-19 23:10:23 [INFO]    [PING OK] RU | 477ms
2026-02-19 23:10:23 [INFO]    [PING OK] RU | 532ms
2026-02-19 23:10:23 [INFO]    [PING OK] RU | 3238ms
2026-02-19 23:10:23 [INFO]    [PING OK] RU | 411ms
2026-02-19 23:10:23 [INFO]    [PING OK] RU | 346ms
2026-02-19 23:10:23 [INFO]    [PING OK] RU | 245ms
2026-02-19 23:10:23 [INFO]    [PING OK] RU | 184ms
2026-02-19 23:10:23 [INFO]    [PING OK] RU | 344ms
2026-02-19 23:10:23 [INFO]    [PING OK] PL | 121ms
2026-02-19 23:10:23 [INFO]    [PING OK] MD | 177ms
2026-02-19 23:10:23 [INFO]    [PING OK] DE | 111ms
2026-02-19 23:10:23 [INFO]    [PING OK] US | 350ms
2026-02-19 23:10:24 [INFO]    [PING OK] US | 409ms
2026-02-19 23:10:24 [INFO]    [PING OK] IQ | 588ms
2026-02-19 23:10:24 [INFO]    [PING OK] RU | 4086ms
2026-02-19 23:10:24 [INFO]    [PING OK] GR | 164ms
2026-02-19 23:10:24 [INFO]    [PING OK] US | 454ms
2026-02-19 23:10:24 [INFO]    [PING OK] DE | 441ms
2026-02-19 23:10:24 [INFO]    [PING OK] AT | 230ms
2026-02-19 23:10:24 [INFO]    [PING OK] US | 379ms
2026-02-19 23:10:25 [INFO]    [PING OK] US | 393ms
2026-02-19 23:10:25 [INFO]    [PING OK] US | 487ms
2026-02-19 23:10:25 [INFO]    [PING OK] US | 377ms
2026-02-19 23:10:25 [INFO]    [PING OK] GB | 625ms
2026-02-19 23:10:25 [INFO]    [PING OK] US | 556ms
2026-02-19 23:10:25 [INFO]    [PING OK] US | 1045ms
2026-02-19 23:10:25 [INFO]    [PING OK] PL | 575ms
2026-02-19 23:10:26 [INFO]    [PING OK] US | 247ms
2026-02-19 23:10:26 [INFO]    [PING OK] US | 509ms
2026-02-19 23:10:26 [INFO]    [PING OK] US | 381ms
2026-02-19 23:10:26 [INFO]    [PING OK] DE | 1257ms
2026-02-19 23:10:26 [INFO]    [PING OK] US | 405ms
2026-02-19 23:10:26 [INFO]    [PING OK] CA | 406ms
2026-02-19 23:10:26 [INFO]    [PING OK] NL | 207ms
2026-02-19 23:10:26 [INFO]    [PING OK] TR | 232ms
2026-02-19 23:10:27 [INFO]    [PING OK] SG | 441ms
2026-02-19 23:10:27 [INFO]    [PING OK] HK | 1083ms
2026-02-19 23:10:27 [INFO]    [PING OK] SE | 109ms
2026-02-19 23:10:27 [INFO]    [PING OK] DE | 128ms
2026-02-19 23:10:28 [INFO]    [PING OK] KH | 597ms
2026-02-19 23:10:28 [INFO]    [PING OK] FR | 138ms
2026-02-19 23:10:28 [INFO]    [PING OK] US | 635ms
2026-02-19 23:10:28 [INFO]    [PING OK] AU | 589ms
2026-02-19 23:10:28 [INFO]    [PING OK] IL | 242ms
2026-02-19 23:10:29 [INFO]    [PING OK] DE | 216ms
2026-02-19 23:10:29 [INFO]    [PING OK] SG | 534ms
2026-02-19 23:10:29 [INFO]    [PING OK] GB | 138ms
2026-02-19 23:10:29 [INFO]    [PING OK] DE | 394ms
2026-02-19 23:10:29 [INFO]    [PING OK] GB | 168ms
2026-02-19 23:10:29 [INFO]    [PING OK] NL | 228ms
2026-02-19 23:10:29 [INFO]    [PING OK] CY | 172ms
2026-02-19 23:10:29 [INFO]    [PING OK] HK | 1153ms
2026-02-19 23:10:30 [INFO]    [PING OK] JP | 802ms
2026-02-19 23:10:30 [INFO]    [PING OK] GB | 857ms
2026-02-19 23:10:31 [INFO]    [PING OK] GB | 143ms
2026-02-19 23:10:31 [INFO]    [PING OK] FI | 128ms
2026-02-19 23:10:31 [INFO]    [PING OK] US | 375ms
2026-02-19 23:10:31 [INFO]    [PING OK] US | 287ms
2026-02-19 23:10:31 [INFO]    [PING OK] SG | 506ms
2026-02-19 23:10:31 [INFO]    [PING OK] DE | 253ms
2026-02-19 23:10:32 [INFO]    [PING OK] CY | 399ms
2026-02-19 23:10:32 [INFO]    [PING OK] DE | 264ms
2026-02-19 23:10:32 [INFO]    [PING OK] GB | 147ms
2026-02-19 23:10:33 [INFO]    [PING OK] RU | 45ms
2026-02-19 23:10:33 [INFO]    [PING OK] IT | 540ms
2026-02-19 23:10:33 [INFO]    [PING OK] MD | 139ms
2026-02-19 23:10:33 [INFO]    [PING OK] PL | 1157ms
2026-02-19 23:10:33 [INFO]    [PING OK] US | 631ms
2026-02-19 23:10:33 [INFO]    [PING OK] GB | 1299ms
2026-02-19 23:10:33 [INFO]    [PING OK] FR | 154ms
2026-02-19 23:10:33 [INFO]    [PING OK] NL | 209ms
2026-02-19 23:10:34 [INFO]    [PING OK] UZ | 248ms
2026-02-19 23:10:34 [INFO]    [PING OK] BG | 112ms
2026-02-19 23:10:34 [INFO]    [PING OK] GB | 528ms
2026-02-19 23:10:34 [INFO]    [PING OK] MX | 356ms
2026-02-19 23:10:37 [INFO]    [PING OK] IR | 4242ms
2026-02-19 23:10:39 [INFO]    [PING OK] GB | 158ms
2026-02-19 23:10:44 [INFO]    [PING OK] SG | 569ms
2026-02-19 23:10:46 [INFO]    [PING OK] GB | 178ms
2026-02-19 23:10:54 [INFO]    [PING OK] DE | 119ms
2026-02-19 23:10:54 [INFO]    [PING OK] GB | 168ms
2026-02-19 23:10:55 [INFO]    [PING OK] JP | 602ms
2026-02-19 23:10:56 [INFO]    [PING OK] GB | 163ms
2026-02-19 23:10:57 [INFO]    [PING OK] FR | 116ms
2026-02-19 23:10:59 [INFO]    [PING OK] US | 238ms
2026-02-19 23:10:59 [INFO]    [PING OK] DE | 379ms
2026-02-19 23:10:59 [INFO]    [PING OK] FR | 143ms
2026-02-19 23:11:06 [INFO]    [PING OK] GB | 141ms
2026-02-19 23:11:06 [INFO]    [PING OK] TR | 272ms
2026-02-19 23:11:06 [INFO]    [PING OK] GB | 160ms
2026-02-19 23:11:07 [INFO]    [PING OK] RU | 450ms
2026-02-19 23:11:07 [INFO]    [PING OK] GB | 170ms
2026-02-19 23:11:07 [INFO]    [PING OK] RU | 232ms
2026-02-19 23:11:08 [INFO]    [PING OK] NO | 869ms
2026-02-19 23:11:08 [INFO]    [PING OK] GB | 158ms
2026-02-19 23:11:08 [INFO]    [PING OK] GB | 2625ms
2026-02-19 23:11:09 [INFO]    [PING OK] GB | 190ms
2026-02-19 23:11:09 [INFO]    [PING OK] GB | 123ms
2026-02-19 23:11:09 [INFO]    [PING OK] GB | 166ms
2026-02-19 23:11:09 [INFO]    [PING OK] GB | 134ms
2026-02-19 23:11:09 [INFO]    [PING OK] RU | 139ms
2026-02-19 23:11:09 [INFO]    [PING OK] DE | 209ms
2026-02-19 23:11:09 [INFO]    [PING OK] GB | 2272ms
2026-02-19 23:11:10 [INFO]    [PING OK] GB | 160ms
2026-02-19 23:11:10 [INFO]    [PING OK] RU | 80ms
2026-02-19 23:11:11 [INFO]    [PING OK] GB | 173ms
2026-02-19 23:11:12 [INFO]    [PING OK] RU | 472ms
2026-02-19 23:11:12 [INFO]    [PING OK] TW | 2783ms
2026-02-19 23:11:12 [INFO]    [PING OK] GB | 146ms
2026-02-19 23:11:12 [INFO]    [PING OK] RU | 1796ms
2026-02-19 23:11:12 [INFO]    [PING OK] DE | 433ms
2026-02-19 23:11:13 [INFO]    [PING OK] RU | 344ms
2026-02-19 23:11:14 [INFO]    [PING OK] RU | 1474ms
2026-02-19 23:11:14 [INFO]    [PING OK] RU | 154ms
2026-02-19 23:11:14 [INFO]    [PING OK] GB | 208ms
2026-02-19 23:11:15 [INFO]    [PING OK] RU | 989ms
2026-02-19 23:11:15 [INFO]    [PING OK] DE | 213ms
2026-02-19 23:11:15 [INFO]    [PING OK] SG | 609ms
2026-02-19 23:11:15 [INFO]    [PING OK] RU | 136ms
2026-02-19 23:11:16 [INFO]    [PING OK] RU | 170ms
2026-02-19 23:11:16 [INFO]    [PING OK] SC | 982ms
2026-02-19 23:11:16 [INFO]    [PING OK] RU | 1978ms
2026-02-19 23:11:17 [INFO]    [PING OK] DE | 184ms
2026-02-19 23:11:17 [INFO]    [PING OK] RU | 276ms
2026-02-19 23:11:17 [INFO]    [PING OK] RU | 577ms
2026-02-19 23:11:17 [INFO]    [PING OK] JP | 914ms
2026-02-19 23:11:17 [INFO]    [PING OK] TW | 1886ms
2026-02-19 23:11:17 [INFO]    [PING OK] DE | 500ms
2026-02-19 23:11:18 [INFO]    [PING OK] SE | 144ms
2026-02-19 23:11:18 [INFO]    [PING OK] RU | 817ms
2026-02-19 23:11:18 [INFO]    [PING OK] RU | 205ms
2026-02-19 23:11:19 [INFO]    [PING OK] GB | 158ms
2026-02-19 23:11:19 [INFO]    [PING OK] DE | 1310ms
2026-02-19 23:11:20 [INFO]    [PING OK] US | 553ms
2026-02-19 23:11:20 [INFO]    [PING OK] RU | 248ms
2026-02-19 23:11:21 [INFO]    [PING OK] DE | 330ms
2026-02-19 23:11:21 [INFO]    [PING OK] HK | 716ms
2026-02-19 23:11:22 [INFO]    [PING OK] RU | 838ms
2026-02-19 23:11:22 [INFO]    [PING OK] RU | 2686ms
2026-02-19 23:11:22 [INFO]    [PING OK] FI | 173ms
2026-02-19 23:11:22 [INFO]    [PING OK] NL | 275ms
2026-02-19 23:11:22 [INFO]    [PING OK] RU | 50ms
2026-02-19 23:11:23 [INFO]    [PING OK] ES | 605ms
2026-02-19 23:11:24 [INFO]    [PING OK] RU | 240ms
2026-02-19 23:11:24 [INFO]    [PING OK] DE | 289ms
2026-02-19 23:11:28 [INFO] 🏎️ ЭТАП 2: Глубокий замер скорости для ТОП-10 серверов...
2026-02-19 23:11:34 [INFO]    🏆 SE | Пинг: 109ms | Скорость: 8.12 Mbps ⚡⚡
2026-02-19 23:11:34 [INFO]    🏆 DE | Пинг: 111ms | Скорость: 1.6 Mbps ⚡
2026-02-19 23:11:34 [INFO]    🏆 BG | Пинг: 112ms | Скорость: 7.96 Mbps ⚡⚡
2026-02-19 23:11:34 [INFO]    🏆 FR | Пинг: 116ms | Скорость: 7.96 Mbps ⚡⚡
2026-02-19 23:11:34 [INFO]    🏆 DE | Пинг: 119ms | Скорость: 7.89 Mbps ⚡⚡
2026-02-19 23:11:34 [INFO]    🏆 PL | Пинг: 121ms | Скорость: 8.03 Mbps ⚡⚡
2026-02-19 23:11:34 [INFO]    🏆 GB | Пинг: 123ms | Скорость: 8.08 Mbps ⚡⚡
2026-02-19 23:11:34 [INFO]    🏆 DE | Пинг: 128ms | Скорость: 8.15 Mbps ⚡⚡
2026-02-19 23:11:34 [INFO]    🏆 DE | Пинг: 128ms | Скорость: 8.1 Mbps ⚡⚡
2026-02-19 23:11:34 [INFO]    🏆 RU | Пинг: 45ms | Скорость: 8.35 Mbps ⚡⚡
2026-02-19 23:11:34 [INFO] 🇷🇺 Добавлен RU сервер: 212.192.14.234
2026-02-19 23:11:34 [INFO] 📊 Итого в подписке сохранено: 10 серверов
2026-02-19 23:11:34 [INFO] 💾 Файл успешно сохранен: FL1PVPN
