2026-02-18 22:50:06 [INFO] 🚀 START: Smart VLESS Selector (Target: 10, Strict Mode)
2026-02-18 22:50:06 [INFO] 🌐 Загрузка источников...
2026-02-18 22:50:09 [INFO] 🔍 Уникальных конфигов собрано: 699
2026-02-18 22:50:09 [INFO] ⚡ ЭТАП 1: Быстрый замер Пинга (Workers: 25)...
2026-02-18 22:50:10 [INFO]    [PING OK] DE | 163ms
2026-02-18 22:50:10 [INFO]    [PING OK] DE | 131ms
2026-02-18 22:50:11 [INFO]    [PING OK] RU | 73ms
2026-02-18 22:50:11 [INFO]    [PING OK] DE | 852ms
2026-02-18 22:50:14 [INFO]    [PING OK] FR | 525ms
2026-02-18 22:50:15 [INFO]    [PING OK] US | 493ms
2026-02-18 22:50:16 [INFO]    [PING OK] RU | 282ms
2026-02-18 22:50:18 [INFO]    [PING OK] IT | 581ms
2026-02-18 22:50:19 [INFO]    [PING OK] RU | 437ms
2026-02-18 22:50:19 [INFO]    [PING OK] LV | 196ms
2026-02-18 22:50:20 [INFO]    [PING OK] RU | 321ms
2026-02-18 22:50:20 [INFO]    [PING OK] RU | 134ms
2026-02-18 22:50:21 [INFO]    [PING OK] KR | 4938ms
2026-02-18 22:50:22 [INFO]    [PING OK] TR | 109ms
2026-02-18 22:50:22 [INFO]    [PING OK] RU | 464ms
2026-02-18 22:50:23 [INFO]    [PING OK] TR | 1125ms
2026-02-18 22:50:23 [INFO]    [PING OK] DE | 427ms
2026-02-18 22:50:23 [INFO]    [PING OK] RU | 135ms
2026-02-18 22:50:23 [INFO]    [PING OK] RU | 58ms
2026-02-18 22:50:23 [INFO]    [PING OK] RU | 196ms
2026-02-18 22:50:24 [INFO]    [PING OK] RU | 282ms
2026-02-18 22:50:24 [INFO]    [PING OK] RU | 181ms
2026-02-18 22:50:24 [INFO]    [PING OK] RU | 139ms
2026-02-18 22:50:24 [INFO]    [PING OK] RU | 68ms
2026-02-18 22:50:25 [INFO]    [PING OK] RU | 271ms
2026-02-18 22:50:25 [INFO]    [PING OK] RU | 296ms
2026-02-18 22:50:25 [INFO]    [PING OK] RU | 418ms
2026-02-18 22:50:25 [INFO]    [PING OK] RU | 191ms
2026-02-18 22:50:25 [INFO]    [PING OK] RU | 188ms
2026-02-18 22:50:25 [INFO]    [PING OK] RU | 223ms
2026-02-18 22:50:25 [INFO]    [PING OK] RU | 191ms
2026-02-18 22:50:26 [INFO]    [PING OK] RU | 218ms
2026-02-18 22:50:26 [INFO]    [PING OK] RU | 280ms
2026-02-18 22:50:26 [INFO]    [PING OK] RU | 308ms
2026-02-18 22:50:26 [INFO]    [PING OK] HU | 302ms
2026-02-18 22:50:26 [INFO]    [PING OK] RU | 234ms
2026-02-18 22:50:26 [INFO]    [PING OK] RU | 190ms
2026-02-18 22:50:26 [INFO]    [PING OK] RU | 340ms
2026-02-18 22:50:26 [INFO]    [PING OK] RU | 1084ms
2026-02-18 22:50:26 [INFO]    [PING OK] RU | 228ms
2026-02-18 22:50:26 [INFO]    [PING OK] RU | 194ms
2026-02-18 22:50:26 [INFO]    [PING OK] RU | 198ms
2026-02-18 22:50:27 [INFO]    [PING OK] RU | 207ms
2026-02-18 22:50:27 [INFO]    [PING OK] RU | 216ms
2026-02-18 22:50:27 [INFO]    [PING OK] RU | 262ms
2026-02-18 22:50:27 [INFO]    [PING OK] RU | 315ms
2026-02-18 22:50:27 [INFO]    [PING OK] RU | 252ms
2026-02-18 22:50:27 [INFO]    [PING OK] RU | 256ms
2026-02-18 22:50:27 [INFO]    [PING OK] RU | 351ms
2026-02-18 22:50:27 [INFO]    [PING OK] RU | 820ms
2026-02-18 22:50:27 [INFO]    [PING OK] RU | 256ms
2026-02-18 22:50:27 [INFO]    [PING OK] RU | 218ms
2026-02-18 22:50:27 [INFO]    [PING OK] RU | 257ms
2026-02-18 22:50:27 [INFO]    [PING OK] RU | 383ms
2026-02-18 22:50:27 [INFO]    [PING OK] RU | 204ms
2026-02-18 22:50:27 [INFO]    [PING OK] RU | 310ms
2026-02-18 22:50:27 [INFO]    [PING OK] RU | 148ms
2026-02-18 22:50:28 [INFO]    [PING OK] RU | 197ms
2026-02-18 22:50:28 [INFO]    [PING OK] RU | 295ms
2026-02-18 22:50:28 [INFO]    [PING OK] RU | 246ms
2026-02-18 22:50:28 [INFO]    [PING OK] RU | 202ms
2026-02-18 22:50:28 [INFO]    [PING OK] RU | 184ms
2026-02-18 22:50:28 [INFO]    [PING OK] RU | 207ms
2026-02-18 22:50:28 [INFO]    [PING OK] RU | 408ms
2026-02-18 22:50:28 [INFO]    [PING OK] RU | 233ms
2026-02-18 22:50:28 [INFO]    [PING OK] RU | 258ms
2026-02-18 22:50:28 [INFO]    [PING OK] RU | 431ms
2026-02-18 22:50:28 [INFO]    [PING OK] RU | 437ms
2026-02-18 22:50:29 [INFO]    [PING OK] RU | 1189ms
2026-02-18 22:50:29 [INFO]    [PING OK] RU | 474ms
2026-02-18 22:50:29 [INFO]    [PING OK] RU | 115ms
2026-02-18 22:50:29 [INFO]    [PING OK] RU | 218ms
2026-02-18 22:50:29 [INFO]    [PING OK] RU | 130ms
2026-02-18 22:50:29 [INFO]    [PING OK] RU | 166ms
2026-02-18 22:50:29 [INFO]    [PING OK] RU | 257ms
2026-02-18 22:50:29 [INFO]    [PING OK] RU | 253ms
2026-02-18 22:50:29 [INFO]    [PING OK] RU | 2858ms
2026-02-18 22:50:30 [INFO]    [PING OK] RU | 1840ms
2026-02-18 22:50:30 [INFO]    [PING OK] FI | 122ms
2026-02-18 22:50:30 [INFO]    [PING OK] PL | 105ms
2026-02-18 22:50:31 [INFO]    [PING OK] RU | 3823ms
2026-02-18 22:50:31 [INFO]    [PING OK] RU | 3156ms
2026-02-18 22:50:31 [INFO]    [PING OK] RU | 2714ms
2026-02-18 22:50:33 [INFO]    [PING OK] LV | 449ms
2026-02-18 22:50:33 [INFO]    [PING OK] NL | 221ms
2026-02-18 22:50:36 [INFO]    [PING OK] US | 628ms
2026-02-18 22:50:36 [INFO]    [PING OK] RU | 87ms
2026-02-18 22:50:37 [INFO]    [PING OK] FR | 813ms
2026-02-18 22:50:38 [INFO]    [PING OK] NL | 179ms
2026-02-18 22:50:38 [INFO]    [PING OK] UZ | 281ms
2026-02-18 22:50:38 [INFO]    [PING OK] AT | 236ms
2026-02-18 22:50:39 [INFO]    [PING OK] JP | 1130ms
2026-02-18 22:50:39 [INFO]    [PING OK] MD | 142ms
2026-02-18 22:50:39 [INFO]    [PING OK] DE | 157ms
2026-02-18 22:50:40 [INFO]    [PING OK] IR | 614ms
2026-02-18 22:50:42 [INFO]    [PING OK] CY | 405ms
2026-02-18 22:50:42 [INFO]    [PING OK] HU | 312ms
2026-02-18 22:50:42 [INFO]    [PING OK] IQ | 182ms
2026-02-18 22:50:42 [INFO]    [PING OK] DE | 223ms
2026-02-18 22:50:42 [INFO]    [PING OK] US | 990ms
2026-02-18 22:50:43 [INFO]    [PING OK] IT | 550ms
2026-02-18 22:51:12 [INFO] 🏎️ ЭТАП 2: Глубокий замер скорости для ТОП-10 серверов...
2026-02-18 22:51:19 [INFO]    🏆 PL | Пинг: 105ms | Скорость: 0.0 Mbps 
2026-02-18 22:51:19 [INFO]    🏆 TR | Пинг: 109ms | Скорость: 9.94 Mbps ⚡⚡
2026-02-18 22:51:19 [INFO]    🏆 FI | Пинг: 122ms | Скорость: 10.72 Mbps ⚡⚡
2026-02-18 22:51:19 [INFO]    🏆 DE | Пинг: 131ms | Скорость: 9.27 Mbps ⚡⚡
2026-02-18 22:51:19 [INFO]    🏆 MD | Пинг: 142ms | Скорость: 4.43 Mbps ⚡⚡
2026-02-18 22:51:19 [INFO]    🏆 DE | Пинг: 157ms | Скорость: 7.71 Mbps ⚡⚡
2026-02-18 22:51:19 [INFO]    🏆 DE | Пинг: 163ms | Скорость: 8.05 Mbps ⚡⚡
2026-02-18 22:51:19 [INFO]    🏆 NL | Пинг: 179ms | Скорость: 4.8 Mbps ⚡⚡
2026-02-18 22:51:19 [INFO]    🏆 IQ | Пинг: 182ms | Скорость: 3.57 Mbps ⚡⚡
2026-02-18 22:51:19 [INFO]    🏆 RU | Пинг: 58ms | Скорость: 8.01 Mbps ⚡⚡
2026-02-18 22:51:19 [INFO] 🇷🇺 Добавлен RU сервер: 95.163.210.173
2026-02-18 22:51:19 [INFO] 📊 Итого в подписке сохранено: 10 серверов
2026-02-18 22:51:19 [INFO] 💾 Файл успешно сохранен: FL1PVPN
