2026-02-16 14:15:03 [INFO] 🚀 START: Smart VLESS Selector (Target: 10, Strict Mode)
2026-02-16 14:15:03 [INFO] 🌐 Загрузка источников...
2026-02-16 14:15:05 [INFO] 🔍 Уникальных конфигов собрано: 414
2026-02-16 14:15:05 [INFO] ⚡ ЭТАП 1: Быстрый замер Пинга (Workers: 25)...
2026-02-16 14:15:06 [INFO]    [PING OK] DE | 440ms
2026-02-16 14:15:06 [INFO]    [PING OK] CH | 334ms
2026-02-16 14:15:06 [INFO]    [PING OK] DE | 287ms
2026-02-16 14:15:08 [INFO]    [PING OK] NL | 316ms
2026-02-16 14:15:09 [INFO]    [PING OK] CY | 237ms
2026-02-16 14:15:10 [INFO]    [PING OK] DE | 199ms
2026-02-16 14:15:14 [INFO]    [PING OK] DE | 687ms
2026-02-16 14:15:15 [INFO]    [PING OK] DE | 174ms
2026-02-16 14:15:16 [INFO]    [PING OK] TR | 286ms
2026-02-16 14:15:17 [INFO]    [PING OK] DE | 175ms
2026-02-16 14:15:17 [INFO]    [PING OK] FR | 208ms
2026-02-16 14:15:18 [INFO]    [PING OK] DE | 145ms
2026-02-16 14:15:18 [INFO]    [PING OK] FR | 243ms
2026-02-16 14:15:18 [INFO]    [PING OK] NL | 201ms
2026-02-16 14:15:19 [INFO]    [PING OK] KZ | 821ms
2026-02-16 14:15:20 [INFO]    [PING OK] RU | 309ms
2026-02-16 14:15:21 [INFO]    [PING OK] RU | 119ms
2026-02-16 14:15:21 [INFO]    [PING OK] RU | 287ms
2026-02-16 14:15:21 [INFO]    [PING OK] RU | 227ms
2026-02-16 14:15:22 [INFO]    [PING OK] RU | 61ms
2026-02-16 14:15:22 [INFO]    [PING OK] RU | 361ms
2026-02-16 14:15:22 [INFO]    [PING OK] RU | 1517ms
2026-02-16 14:15:22 [INFO]    [PING OK] PL | 184ms
2026-02-16 14:15:23 [INFO]    [PING OK] RU | 154ms
2026-02-16 14:15:23 [INFO]    [PING OK] RU | 883ms
2026-02-16 14:15:23 [INFO]    [PING OK] RU | 198ms
2026-02-16 14:15:23 [INFO]    [PING OK] RU | 2763ms
2026-02-16 14:15:24 [INFO]    [PING OK] PL | 176ms
2026-02-16 14:15:24 [INFO]    [PING OK] RU | 224ms
2026-02-16 14:15:24 [INFO]    [PING OK] RU | 485ms
2026-02-16 14:15:24 [INFO]    [PING OK] RU | 229ms
2026-02-16 14:15:24 [INFO]    [PING OK] RU | 1353ms
2026-02-16 14:15:24 [INFO]    [PING OK] RU | 199ms
2026-02-16 14:15:24 [INFO]    [PING OK] RU | 188ms
2026-02-16 14:15:24 [INFO]    [PING OK] RU | 124ms
2026-02-16 14:15:24 [INFO]    [PING OK] RU | 185ms
2026-02-16 14:15:25 [INFO]    [PING OK] RU | 278ms
2026-02-16 14:15:25 [INFO]    [PING OK] RU | 327ms
2026-02-16 14:15:25 [INFO]    [PING OK] RU | 169ms
2026-02-16 14:15:25 [INFO]    [PING OK] RU | 81ms
2026-02-16 14:15:26 [INFO]    [PING OK] RU | 195ms
2026-02-16 14:15:26 [INFO]    [PING OK] RU | 536ms
2026-02-16 14:15:26 [INFO]    [PING OK] DE | 867ms
2026-02-16 14:15:26 [INFO]    [PING OK] RU | 334ms
2026-02-16 14:15:26 [INFO]    [PING OK] RU | 2733ms
2026-02-16 14:15:27 [INFO]    [PING OK] RU | 207ms
2026-02-16 14:15:27 [INFO]    [PING OK] RU | 259ms
2026-02-16 14:15:28 [INFO]    [PING OK] RU | 806ms
2026-02-16 14:15:28 [INFO]    [PING OK] RU | 235ms
2026-02-16 14:15:28 [INFO]    [PING OK] DE | 182ms
2026-02-16 14:15:28 [INFO]    [PING OK] RU | 3163ms
2026-02-16 14:15:28 [INFO]    [PING OK] RU | 1095ms
2026-02-16 14:15:28 [INFO]    [PING OK] PL | 237ms
2026-02-16 14:15:28 [INFO]    [PING OK] RU | 85ms
2026-02-16 14:15:29 [INFO]    [PING OK] RU | 260ms
2026-02-16 14:15:29 [INFO]    [PING OK] RU | 326ms
2026-02-16 14:15:29 [INFO]    [PING OK] RU | 958ms
2026-02-16 14:15:30 [INFO]    [PING OK] RU | 4125ms
2026-02-16 14:15:30 [INFO]    [PING OK] RU | 191ms
2026-02-16 14:15:30 [INFO]    [PING OK] RU | 278ms
2026-02-16 14:15:30 [INFO]    [PING OK] RU | 1832ms
2026-02-16 14:15:31 [INFO]    [PING OK] RU | 1323ms
2026-02-16 14:15:31 [INFO]    [PING OK] RU | 195ms
2026-02-16 14:15:31 [INFO]    [PING OK] RU | 216ms
2026-02-16 14:15:31 [INFO]    [PING OK] RU | 361ms
2026-02-16 14:15:31 [INFO]    [PING OK] RU | 1406ms
2026-02-16 14:15:31 [INFO]    [PING OK] US | 186ms
2026-02-16 14:15:31 [INFO]    [PING OK] RU | 1168ms
2026-02-16 14:15:31 [INFO]    [PING OK] RU | 229ms
2026-02-16 14:15:32 [INFO]    [PING OK] RU | 99ms
2026-02-16 14:15:32 [INFO]    [PING OK] RU | 3078ms
2026-02-16 14:15:32 [INFO]    [PING OK] RU | 221ms
2026-02-16 14:15:32 [INFO]    [PING OK] RU | 220ms
2026-02-16 14:15:32 [INFO]    [PING OK] RU | 457ms
2026-02-16 14:15:32 [INFO]    [PING OK] RU | 201ms
2026-02-16 14:15:33 [INFO]    [PING OK] RU | 258ms
2026-02-16 14:15:33 [INFO]    [PING OK] RU | 193ms
2026-02-16 14:15:33 [INFO]    [PING OK] RU | 376ms
2026-02-16 14:15:33 [INFO]    [PING OK] RU | 372ms
2026-02-16 14:15:34 [INFO]    [PING OK] RU | 271ms
2026-02-16 14:15:34 [INFO]    [PING OK] RU | 200ms
2026-02-16 14:15:34 [INFO]    [PING OK] RU | 1911ms
2026-02-16 14:15:34 [INFO]    [PING OK] RU | 785ms
2026-02-16 14:15:35 [INFO]    [PING OK] RU | 2962ms
2026-02-16 14:15:35 [INFO]    [PING OK] RU | 4782ms
2026-02-16 14:15:35 [INFO]    [PING OK] RU | 242ms
2026-02-16 14:15:35 [INFO]    [PING OK] RU | 1821ms
2026-02-16 14:15:36 [INFO]    [PING OK] NL | 1937ms
2026-02-16 14:15:36 [INFO]    [PING OK] RU | 1663ms
2026-02-16 14:15:36 [INFO]    [PING OK] DE | 177ms
2026-02-16 14:15:37 [INFO]    [PING OK] RU | 4241ms
2026-02-16 14:15:37 [INFO]    [PING OK] RU | 2712ms
2026-02-16 14:15:37 [INFO]    [PING OK] TR | 465ms
2026-02-16 14:15:38 [INFO]    [PING OK] RU | 381ms
2026-02-16 14:15:39 [INFO]    [PING OK] NL | 1039ms
2026-02-16 14:15:39 [INFO]    [PING OK] RU | 1169ms
2026-02-16 14:15:39 [INFO]    [PING OK] NL | 178ms
2026-02-16 14:15:40 [INFO]    [PING OK] RU | 4540ms
2026-02-16 14:15:40 [INFO]    [PING OK] DE | 528ms
2026-02-16 14:15:41 [INFO]    [PING OK] DE | 502ms
2026-02-16 14:15:41 [INFO]    [PING OK] RU | 3279ms
2026-02-16 14:15:41 [INFO]    [PING OK] FI | 191ms
2026-02-16 14:15:42 [INFO]    [PING OK] HK | 723ms
2026-02-16 14:15:42 [INFO]    [PING OK] DE | 256ms
2026-02-16 14:15:42 [INFO]    [PING OK] AE | 1227ms
2026-02-16 14:15:42 [INFO]    [PING OK] DE | 132ms
2026-02-16 14:15:44 [INFO]    [PING OK] IQ | 219ms
2026-02-16 14:15:44 [INFO]    [PING OK] NL | 639ms
2026-02-16 14:15:45 [INFO]    [PING OK] DE | 471ms
2026-02-16 14:15:45 [INFO]    [PING OK] KR | 3070ms
2026-02-16 14:15:46 [INFO]    [PING OK] US | 569ms
2026-02-16 14:15:46 [INFO]    [PING OK] NL | 222ms
2026-02-16 14:15:46 [INFO]    [PING OK] RU | 214ms
2026-02-16 14:15:46 [INFO]    [PING OK] LT | 2137ms
2026-02-16 14:15:50 [INFO] 🏎️ ЭТАП 2: Глубокий замер скорости для ТОП-10 серверов...
2026-02-16 14:15:57 [INFO]    🏆 DE | Пинг: 132ms | Скорость: 0.0 Mbps 
2026-02-16 14:15:57 [INFO]    🏆 DE | Пинг: 145ms | Скорость: 7.44 Mbps ⚡⚡
2026-02-16 14:15:57 [INFO]    🏆 DE | Пинг: 174ms | Скорость: 8.59 Mbps ⚡⚡
2026-02-16 14:15:57 [INFO]    🏆 DE | Пинг: 175ms | Скорость: 8.48 Mbps ⚡⚡
2026-02-16 14:15:57 [INFO]    🏆 PL | Пинг: 176ms | Скорость: 8.85 Mbps ⚡⚡
2026-02-16 14:15:57 [INFO]    🏆 DE | Пинг: 177ms | Скорость: 8.89 Mbps ⚡⚡
2026-02-16 14:15:57 [INFO]    🏆 NL | Пинг: 178ms | Скорость: 1.31 Mbps 
2026-02-16 14:15:57 [INFO]    🏆 DE | Пинг: 182ms | Скорость: 8.98 Mbps ⚡⚡
2026-02-16 14:15:57 [INFO]    🏆 PL | Пинг: 184ms | Скорость: 8.77 Mbps ⚡⚡
2026-02-16 14:15:57 [INFO]    🏆 RU | Пинг: 61ms | Скорость: 8.97 Mbps ⚡⚡
2026-02-16 14:15:57 [INFO] 🇷🇺 Добавлен RU сервер: 84.201.150.241
2026-02-16 14:15:57 [INFO] 📊 Итого в подписке сохранено: 10 серверов
2026-02-16 14:15:57 [INFO] 💾 Файл успешно сохранен: FL1PVPN
