2026-02-25 05:50:05 [INFO] 🚀 START: Smart Selector (Target: 10, ONLY FOREIGN)
2026-02-25 05:50:05 [INFO] 🌐 Загрузка источников (VLESS + VMess)...
2026-02-25 05:50:06 [INFO] 🔍 Уникальных конфигов собрано: 174
2026-02-25 05:50:06 [INFO] ⚡ ЭТАП 1: Замер Пинга и Геолокации. Workers: 40...
2026-02-25 05:50:11 [INFO]    [PING OK] NL | VLESS | 4315ms
2026-02-25 05:50:11 [INFO]    [PING OK] FI | VLESS | 4224ms
2026-02-25 05:50:11 [INFO]    [PING OK] DE | VLESS | 4162ms
2026-02-25 05:50:11 [INFO]    [PING OK] FI | VLESS | 4327ms
2026-02-25 05:50:11 [INFO]    [PING OK] FI | VLESS | 4157ms
2026-02-25 05:50:11 [INFO]    [PING OK] NL | VLESS | 4108ms
2026-02-25 05:50:11 [INFO]    [PING OK] DE | VLESS | 4272ms
2026-02-25 05:50:11 [INFO]    [PING OK] NL | VLESS | 4003ms
2026-02-25 05:50:11 [INFO]    [PING OK] DE | VLESS | 4148ms
2026-02-25 05:50:11 [INFO]    [PING OK] DE | VLESS | 4369ms
2026-02-25 05:50:12 [INFO]    [PING OK] NL | VLESS | 4631ms
2026-02-25 05:50:12 [INFO]    [PING OK] FI | VLESS | 3787ms
2026-02-25 05:50:12 [INFO]    [PING OK] FI | VLESS | 3381ms
2026-02-25 05:50:12 [INFO]    [PING OK] NL | VLESS | 3091ms
2026-02-25 05:50:12 [INFO]    [PING OK] NL | VLESS | 3588ms
2026-02-25 05:50:12 [INFO]    [PING OK] DE | VLESS | 4050ms
2026-02-25 05:50:12 [INFO]    [PING OK] DE | VLESS | 2937ms
2026-02-25 05:50:12 [INFO]    [PING OK] DE | VLESS | 4408ms
2026-02-25 05:50:13 [INFO]    [PING OK] US | VLESS | 6203ms
2026-02-25 05:50:14 [INFO]    [PING OK] NL | VLESS | 2694ms
2026-02-25 05:50:15 [INFO]    [PING OK] FI | VLESS | 2797ms
2026-02-25 05:50:15 [INFO]    [PING OK] FI | VLESS | 2815ms
2026-02-25 05:50:15 [INFO]    [PING OK] NL | VLESS | 3111ms
2026-02-25 05:50:15 [INFO]    [PING OK] FI | VLESS | 2967ms
2026-02-25 05:50:15 [INFO]    [PING OK] DE | VLESS | 3153ms
2026-02-25 05:50:15 [INFO]    [PING OK] DE | VLESS | 3379ms
2026-02-25 05:50:15 [INFO]    [PING OK] US | VLESS | 3243ms
2026-02-25 05:50:16 [INFO]    [PING OK] FI | VLESS | 2995ms
2026-02-25 05:50:16 [INFO]    [PING OK] DE | VLESS | 3377ms
2026-02-25 05:50:16 [INFO]    [PING OK] FI | VLESS | 3938ms
2026-02-25 05:50:16 [INFO]    [PING OK] NL | VLESS | 3132ms
2026-02-25 05:50:16 [INFO]    [PING OK] FI | VLESS | 7743ms
2026-02-25 05:50:16 [INFO]    [PING OK] NL | VLESS | 3209ms
2026-02-25 05:50:16 [INFO]    [PING OK] DE | VLESS | 3197ms
2026-02-25 05:50:17 [INFO]    [PING OK] DE | VLESS | 4825ms
2026-02-25 05:50:17 [INFO]    [PING OK] SG | VLESS | 3476ms
2026-02-25 05:50:17 [INFO]    [PING OK] DE | VLESS | 3297ms
2026-02-25 05:50:17 [INFO]    [PING OK] FI | VLESS | 4498ms
2026-02-25 05:50:18 [INFO]    [PING OK] DE | VLESS | 3957ms
2026-02-25 05:50:19 [INFO]    [PING OK] CA | VLESS | 4003ms
2026-02-25 05:50:21 [INFO]    [PING OK] NL | VLESS | 4299ms
2026-02-25 05:50:21 [INFO]    [PING OK] CA | VLESS | 4570ms
2026-02-25 05:50:21 [INFO]    [PING OK] US | VLESS | 4874ms
2026-02-25 05:50:22 [INFO]    [PING OK] SE | VLESS | 5000ms
2026-02-25 05:50:22 [INFO]    [PING OK] DE | VLESS | 4782ms
2026-02-25 05:50:22 [INFO]    [PING OK] NL | VLESS | 4626ms
2026-02-25 05:50:22 [INFO]    [PING OK] CA | VLESS | 5460ms
2026-02-25 05:50:22 [INFO]    [PING OK] DE | VLESS | 4898ms
2026-02-25 05:50:22 [INFO]    [PING OK] GB | VLESS | 5905ms
2026-02-25 05:50:22 [INFO]    [PING OK] CA | VLESS | 5348ms
2026-02-25 05:50:22 [INFO]    [PING OK] ES | VLESS | 5164ms
2026-02-25 05:50:23 [INFO]    [PING OK] DE | VLESS | 5249ms
2026-02-25 05:50:23 [INFO]    [PING OK] TW | VLESS | 5612ms
2026-02-25 05:50:23 [INFO]    [PING OK] US | VLESS | 5931ms
2026-02-25 05:50:23 [INFO]    [PING OK] DE | VLESS | 4229ms
2026-02-25 05:50:24 [INFO]    [PING OK] NL | VLESS | 4424ms
2026-02-25 05:50:24 [INFO]    [PING OK] DE | VLESS | 4083ms
2026-02-25 05:50:24 [INFO]    [PING OK] GB | VLESS | 4419ms
2026-02-25 05:50:24 [INFO]    [PING OK] US | VLESS | 3591ms
2026-02-25 05:50:24 [INFO]    [PING OK] NL | VLESS | 2952ms
2026-02-25 05:50:24 [INFO]    [PING OK] US | VLESS | 3568ms
2026-02-25 05:50:25 [INFO]    [PING OK] GB | VLESS | 4670ms
2026-02-25 05:50:25 [INFO]    [PING OK] LV | VLESS | 1648ms
2026-02-25 05:50:25 [INFO]    [PING OK] NL | VLESS | 1708ms
2026-02-25 05:50:25 [INFO]    [PING OK] PL | VLESS | 1726ms
2026-02-25 05:50:25 [INFO]    [PING OK] TR | VLESS | 1751ms
2026-02-25 05:50:25 [INFO]    [PING OK] TW | VLESS | 4221ms
2026-02-25 05:50:25 [INFO]    [PING OK] CA | VLESS | 7347ms
2026-02-25 05:50:25 [INFO]    [PING OK] CA | VLESS | 2911ms
2026-02-25 05:50:29 [INFO]    [PING OK] CA | VLESS | 9379ms
2026-02-25 05:50:29 [INFO] 🏎️ ЭТАП 2: Глубокий замер скорости для 40 иностранных кандидатов...
2026-02-25 05:50:34 [INFO]    🏆 LV | VLESS | Пинг: 1648ms | Скорость: 5.38 Mbps ⚡⚡
2026-02-25 05:50:34 [INFO]    🏆 PL | VLESS | Пинг: 1726ms | Скорость: 5.48 Mbps ⚡⚡
2026-02-25 05:50:34 [INFO]    🏆 FI | VLESS | Пинг: 2967ms | Скорость: 5.57 Mbps ⚡⚡
2026-02-25 05:50:34 [INFO]    🏆 FI | VLESS | Пинг: 2797ms | Скорость: 5.36 Mbps ⚡⚡
2026-02-25 05:50:34 [INFO]    🏆 NL | VLESS | Пинг: 2694ms | Скорость: 5.4 Mbps ⚡⚡
2026-02-25 05:50:34 [INFO]    🏆 NL | VLESS | Пинг: 3132ms | Скорость: 5.63 Mbps ⚡⚡
2026-02-25 05:50:34 [INFO]    🏆 FI | VLESS | Пинг: 2815ms | Скорость: 5.38 Mbps ⚡⚡
2026-02-25 05:50:34 [INFO]    🏆 TR | VLESS | Пинг: 1751ms | Скорость: 5.3 Mbps ⚡⚡
2026-02-25 05:50:34 [INFO]    🏆 DE | VLESS | Пинг: 2937ms | Скорость: 5.42 Mbps ⚡⚡
2026-02-25 05:50:34 [INFO]    🏆 NL | VLESS | Пинг: 2952ms | Скорость: 5.2 Mbps ⚡⚡
2026-02-25 05:50:34 [INFO]    🏆 NL | VLESS | Пинг: 3091ms | Скорость: 5.23 Mbps ⚡⚡
2026-02-25 05:50:34 [INFO]    🏆 NL | VLESS | Пинг: 1708ms | Скорость: 4.86 Mbps ⚡⚡
2026-02-25 05:50:34 [INFO]    🏆 NL | VLESS | Пинг: 3111ms | Скорость: 4.93 Mbps ⚡⚡
2026-02-25 05:50:36 [INFO]    🏆 FI | VLESS | Пинг: 2995ms | Скорость: 2.01 Mbps ⚡
2026-02-25 05:50:37 [INFO]    🏆 NL | VLESS | Пинг: 3209ms | Скорость: 7.03 Mbps ⚡⚡
2026-02-25 05:50:38 [INFO]    🏆 DE | VLESS | Пинг: 3197ms | Скорость: 6.68 Mbps ⚡⚡
2026-02-25 05:50:38 [INFO]    🏆 DE | VLESS | Пинг: 3297ms | Скорость: 6.26 Mbps ⚡⚡
2026-02-25 05:50:38 [INFO]    🏆 DE | VLESS | Пинг: 3377ms | Скорость: 6.18 Mbps ⚡⚡
2026-02-25 05:50:38 [INFO]    🏆 DE | VLESS | Пинг: 3379ms | Скорость: 6.09 Mbps ⚡⚡
2026-02-25 05:50:38 [INFO]    🏆 FI | VLESS | Пинг: 3381ms | Скорость: 5.93 Mbps ⚡⚡
2026-02-25 05:50:38 [INFO]    🏆 SG | VLESS | Пинг: 3476ms | Скорость: 5.84 Mbps ⚡⚡
2026-02-25 05:50:38 [INFO]    🏆 US | VLESS | Пинг: 3591ms | Скорость: 6.03 Mbps ⚡⚡
2026-02-25 05:50:38 [INFO]    🏆 NL | VLESS | Пинг: 3588ms | Скорость: 5.56 Mbps ⚡⚡
2026-02-25 05:50:39 [INFO]    🏆 FI | VLESS | Пинг: 3787ms | Скорость: 5.53 Mbps ⚡⚡
2026-02-25 05:50:40 [INFO]    🏆 DE | VLESS | Пинг: 3957ms | Скорость: 7.88 Mbps ⚡⚡
2026-02-25 05:50:40 [INFO]    🏆 NL | VLESS | Пинг: 4003ms | Скорость: 8.84 Mbps ⚡⚡
2026-02-25 05:50:40 [INFO]    🏆 NL | VLESS | Пинг: 4108ms | Скорость: 11.06 Mbps ⚡⚡
2026-02-25 05:50:41 [INFO]    🏆 DE | VLESS | Пинг: 4083ms | Скорость: 10.05 Mbps ⚡⚡
2026-02-25 05:50:41 [INFO]    🏆 DE | VLESS | Пинг: 4162ms | Скорость: 11.21 Mbps ⚡⚡
2026-02-25 05:50:41 [INFO]    🏆 FI | VLESS | Пинг: 4157ms | Скорость: 11.07 Mbps ⚡⚡
2026-02-25 05:50:41 [INFO]    🏆 FI | VLESS | Пинг: 4224ms | Скорость: 12.49 Mbps ⚡⚡
2026-02-25 05:50:41 [INFO]    🏆 DE | VLESS | Пинг: 4148ms | Скорость: 10.72 Mbps ⚡⚡
2026-02-25 05:50:41 [INFO]    🏆 US | VLESS | Пинг: 3568ms | Скорость: 1.68 Mbps ⚡
2026-02-25 05:50:45 [INFO]    🏆 TW | VLESS | Пинг: 4221ms | Скорость: 0.94 Mbps 
2026-02-25 05:50:45 [INFO] 📊 Итого в подписке сохранено иностранных серверов: 10
2026-02-25 05:50:45 [INFO] 💾 Файл успешно сохранен: FL1PVPN
