2026-02-24 05:10:05 [INFO] 🚀 START: Smart Selector (Target: 10, ONLY FOREIGN)
2026-02-24 05:10:05 [INFO] 🌐 Загрузка источников (VLESS + VMess)...
2026-02-24 05:10:07 [INFO] 🔍 Уникальных конфигов собрано: 217
2026-02-24 05:10:07 [INFO] ⚡ ЭТАП 1: Замер Пинга и Геолокации. Workers: 40...
2026-02-24 05:10:12 [INFO]    [PING OK] ES | VLESS | 4036ms
2026-02-24 05:10:12 [INFO]    [PING OK] PL | VLESS | 4011ms
2026-02-24 05:10:12 [INFO]    [PING OK] HU | VLESS | 4277ms
2026-02-24 05:10:13 [INFO]    [PING OK] PL | VLESS | 4194ms
2026-02-24 05:10:13 [INFO]    [PING OK] PL | VLESS | 4493ms
2026-02-24 05:10:13 [INFO]    [PING OK] TR | VLESS | 4482ms
2026-02-24 05:10:13 [INFO]    [PING OK] PL | VLESS | 4037ms
2026-02-24 05:10:13 [INFO]    [PING OK] ES | VLESS | 3849ms
2026-02-24 05:10:13 [INFO]    [PING OK] HU | VLESS | 4319ms
2026-02-24 05:10:13 [INFO]    [PING OK] EE | VLESS | 5108ms
2026-02-24 05:10:14 [INFO]    [PING OK] ES | VLESS | 4149ms
2026-02-24 05:10:14 [INFO]    [PING OK] TR | VLESS | 4189ms
2026-02-24 05:10:14 [INFO]    [PING OK] HU | VLESS | 4179ms
2026-02-24 05:10:14 [INFO]    [PING OK] PL | VLESS | 4376ms
2026-02-24 05:10:17 [INFO]    [PING OK] EE | VLESS | 4689ms
2026-02-24 05:10:17 [INFO]    [PING OK] DE | VLESS | 4578ms
2026-02-24 05:10:18 [INFO]    [PING OK] NL | VLESS | 5049ms
2026-02-24 05:10:18 [INFO]    [PING OK] HU | VLESS | 4373ms
2026-02-24 05:10:18 [INFO]    [PING OK] PL | VLESS | 4266ms
2026-02-24 05:10:18 [INFO]    [PING OK] IT | VLESS | 4154ms
2026-02-24 05:10:18 [INFO]    [PING OK] HU | VLESS | 5043ms
2026-02-24 05:10:19 [INFO]    [PING OK] DE | VLESS | 3960ms
2026-02-24 05:10:19 [INFO]    [PING OK] IT | VLESS | 3865ms
2026-02-24 05:10:19 [INFO]    [PING OK] ES | VLESS | 4155ms
2026-02-24 05:10:19 [INFO]    [PING OK] HU | VLESS | 3973ms
2026-02-24 05:10:19 [INFO]    [PING OK] PL | VLESS | 3554ms
2026-02-24 05:10:20 [INFO]    [PING OK] DE | VLESS | 6231ms
2026-02-24 05:10:20 [INFO]    [PING OK] FI | VLESS | 3932ms
2026-02-24 05:10:20 [INFO]    [PING OK] DE | VLESS | 6227ms
2026-02-24 05:10:20 [INFO]    [PING OK] NL | VLESS | 4708ms
2026-02-24 05:10:20 [INFO]    [PING OK] IN | VLESS | 4414ms
2026-02-24 05:10:20 [INFO]    [PING OK] DE | VLESS | 6864ms
2026-02-24 05:10:21 [INFO]    [PING OK] ES | VLESS | 4741ms
2026-02-24 05:10:22 [INFO]    [PING OK] NL | VLESS | 5362ms
2026-02-24 05:10:23 [INFO]    [PING OK] NL | VLESS | 5185ms
2026-02-24 05:10:24 [INFO]    [PING OK] SE | VLESS | 5571ms
2026-02-24 05:10:24 [INFO]    [PING OK] SE | VLESS | 5028ms
2026-02-24 05:10:24 [INFO]    [PING OK] CA | VLESS | 5167ms
2026-02-24 05:10:24 [INFO]    [PING OK] US | VLESS | 5520ms
2026-02-24 05:10:24 [INFO]    [PING OK] NL | VLESS | 5514ms
2026-02-24 05:10:24 [INFO]    [PING OK] DE | VLESS | 5656ms
2026-02-24 05:10:25 [INFO]    [PING OK] CA | VLESS | 6158ms
2026-02-24 05:10:25 [INFO]    [PING OK] CA | VLESS | 5774ms
2026-02-24 05:10:25 [INFO]    [PING OK] CA | VLESS | 5674ms
2026-02-24 05:10:25 [INFO]    [PING OK] DE | VLESS | 4927ms
2026-02-24 05:10:26 [INFO]    [PING OK] SE | VLESS | 5179ms
2026-02-24 05:10:26 [INFO]    [PING OK] DE | VLESS | 4960ms
2026-02-24 05:10:26 [INFO]    [PING OK] NO | VLESS | 5249ms
2026-02-24 05:10:27 [INFO]    [PING OK] CA | VLESS | 5584ms
2026-02-24 05:10:27 [INFO]    [PING OK] CA | VLESS | 5205ms
2026-02-24 05:10:28 [INFO]    [PING OK] CA | VLESS | 5308ms
2026-02-24 05:10:28 [INFO]    [PING OK] TR | VLESS | 4602ms
2026-02-24 05:10:28 [INFO]    [PING OK] US | VLESS | 8922ms
2026-02-24 05:10:28 [INFO]    [PING OK] DE | VLESS | 4607ms
2026-02-24 05:10:28 [INFO]    [PING OK] CA | VLESS | 4900ms
2026-02-24 05:10:28 [INFO]    [PING OK] DE | VLESS | 4339ms
2026-02-24 05:10:28 [INFO]    [PING OK] CA | VLESS | 5135ms
2026-02-24 05:10:28 [INFO]    [PING OK] US | VLESS | 6104ms
2026-02-24 05:10:29 [INFO]    [PING OK] TR | VLESS | 4094ms
2026-02-24 05:10:29 [INFO]    [PING OK] CA | VLESS | 4552ms
2026-02-24 05:10:29 [INFO]    [PING OK] CA | VLESS | 4577ms
2026-02-24 05:10:29 [INFO]    [PING OK] DE | VLESS | 3583ms
2026-02-24 05:10:29 [INFO]    [PING OK] SE | VLESS | 3700ms
2026-02-24 05:10:29 [INFO]    [PING OK] SE | VLESS | 3715ms
2026-02-24 05:10:29 [INFO]    [PING OK] DE | VLESS | 3472ms
2026-02-24 05:10:29 [INFO]    [PING OK] DE | VLESS | 5519ms
2026-02-24 05:10:29 [INFO]    [PING OK] EE | VLESS | 2469ms
2026-02-24 05:10:30 [INFO]    [PING OK] DE | VLESS | 1986ms
2026-02-24 05:10:30 [INFO]    [PING OK] US | VLESS | 2879ms
2026-02-24 05:10:30 [INFO]    [PING OK] TR | VLESS | 1957ms
2026-02-24 05:10:30 [INFO]    [PING OK] SE | VLESS | 1940ms
2026-02-24 05:10:30 [INFO]    [PING OK] CA | VLESS | 6891ms
2026-02-24 05:10:30 [INFO]    [PING OK] SE | VLESS | 2067ms
2026-02-24 05:10:31 [INFO]    [PING OK] CA | VLESS | 4369ms
2026-02-24 05:10:31 [INFO]    [PING OK] SG | VLESS | 2196ms
2026-02-24 05:10:31 [INFO]    [PING OK] CA | VLESS | 3509ms
2026-02-24 05:10:34 [INFO] 🏎️ ЭТАП 2: Глубокий замер скорости для 40 иностранных кандидатов...
2026-02-24 05:10:39 [INFO]    🏆 PL | VLESS | Пинг: 3554ms | Скорость: 4.97 Mbps ⚡⚡
2026-02-24 05:10:39 [INFO]    🏆 DE | VLESS | Пинг: 1986ms | Скорость: 4.78 Mbps ⚡⚡
2026-02-24 05:10:39 [INFO]    🏆 IT | VLESS | Пинг: 3865ms | Скорость: 5.03 Mbps ⚡⚡
2026-02-24 05:10:39 [INFO]    🏆 DE | VLESS | Пинг: 3472ms | Скорость: 4.79 Mbps ⚡⚡
2026-02-24 05:10:39 [INFO]    🏆 ES | VLESS | Пинг: 3849ms | Скорость: 4.98 Mbps ⚡⚡
2026-02-24 05:10:40 [INFO]    🏆 CA | VLESS | Пинг: 3509ms | Скорость: 4.81 Mbps ⚡⚡
2026-02-24 05:10:40 [INFO]    🏆 SE | VLESS | Пинг: 3700ms | Скорость: 4.93 Mbps ⚡⚡
2026-02-24 05:10:40 [INFO]    🏆 EE | VLESS | Пинг: 2469ms | Скорость: 4.6 Mbps ⚡⚡
2026-02-24 05:10:40 [INFO]    🏆 TR | VLESS | Пинг: 1957ms | Скорость: 4.33 Mbps ⚡⚡
2026-02-24 05:10:40 [INFO]    🏆 SE | VLESS | Пинг: 1940ms | Скорость: 4.24 Mbps ⚡⚡
2026-02-24 05:10:40 [INFO]    🏆 SE | VLESS | Пинг: 3715ms | Скорость: 4.4 Mbps ⚡⚡
2026-02-24 05:10:40 [INFO]    🏆 DE | VLESS | Пинг: 3583ms | Скорость: 4.1 Mbps ⚡⚡
2026-02-24 05:10:42 [INFO]    🏆 FI | VLESS | Пинг: 3932ms | Скорость: 5.78 Mbps ⚡⚡
2026-02-24 05:10:43 [INFO]    🏆 HU | VLESS | Пинг: 3973ms | Скорость: 7.92 Mbps ⚡⚡
2026-02-24 05:10:43 [INFO]    🏆 IT | VLESS | Пинг: 4154ms | Скорость: 7.89 Mbps ⚡⚡
2026-02-24 05:10:43 [INFO]    🏆 PL | VLESS | Пинг: 4011ms | Скорость: 7.56 Mbps ⚡⚡
2026-02-24 05:10:43 [INFO]    🏆 PL | VLESS | Пинг: 4037ms | Скорость: 7.5 Mbps ⚡⚡
2026-02-24 05:10:43 [INFO]    🏆 HU | VLESS | Пинг: 4179ms | Скорость: 7.48 Mbps ⚡⚡
2026-02-24 05:10:43 [INFO]    🏆 TR | VLESS | Пинг: 4094ms | Скорость: 6.73 Mbps ⚡⚡
2026-02-24 05:10:43 [INFO]    🏆 ES | VLESS | Пинг: 4036ms | Скорость: 6.72 Mbps ⚡⚡
2026-02-24 05:10:43 [INFO]    🏆 ES | VLESS | Пинг: 4155ms | Скорость: 6.74 Mbps ⚡⚡
2026-02-24 05:10:43 [INFO]    🏆 PL | VLESS | Пинг: 4194ms | Скорость: 7.5 Mbps ⚡⚡
2026-02-24 05:10:43 [INFO]    🏆 PL | VLESS | Пинг: 4266ms | Скорость: 7.76 Mbps ⚡⚡
2026-02-24 05:10:43 [INFO]    🏆 TR | VLESS | Пинг: 4189ms | Скорость: 7.26 Mbps ⚡⚡
2026-02-24 05:10:45 [INFO]    🏆 HU | VLESS | Пинг: 4319ms | Скорость: 8.41 Mbps ⚡⚡
2026-02-24 05:10:45 [INFO]    🏆 ES | VLESS | Пинг: 4149ms | Скорость: 4.05 Mbps ⚡⚡
2026-02-24 05:10:46 [INFO]    🏆 HU | VLESS | Пинг: 4373ms | Скорость: 10.51 Mbps ⚡⚡
2026-02-24 05:10:46 [INFO]    🏆 CA | VLESS | Пинг: 4552ms | Скорость: 10.93 Mbps ⚡⚡
2026-02-24 05:10:46 [INFO]    🏆 DE | VLESS | Пинг: 4339ms | Скорость: 8.47 Mbps ⚡⚡
2026-02-24 05:10:46 [INFO]    🏆 PL | VLESS | Пинг: 4493ms | Скорость: 10.75 Mbps ⚡⚡
2026-02-24 05:10:46 [INFO]    🏆 TR | VLESS | Пинг: 4482ms | Скорость: 9.69 Mbps ⚡⚡
2026-02-24 05:10:46 [INFO]    🏆 DE | VLESS | Пинг: 3960ms | Скорость: 3.35 Mbps ⚡⚡
2026-02-24 05:10:47 [INFO]    🏆 CA | VLESS | Пинг: 4369ms | Скорость: 6.27 Mbps ⚡⚡
2026-02-24 05:10:47 [INFO]    🏆 HU | VLESS | Пинг: 4277ms | Скорость: 3.14 Mbps ⚡⚡
2026-02-24 05:10:47 [INFO]    🏆 IN | VLESS | Пинг: 4414ms | Скорость: 5.94 Mbps ⚡⚡
2026-02-24 05:10:48 [INFO]    🏆 PL | VLESS | Пинг: 4376ms | Скорость: 5.05 Mbps ⚡⚡
2026-02-24 05:10:50 [INFO]    🏆 CA | VLESS | Пинг: 4577ms | Скорость: 1.38 Mbps 
2026-02-24 05:10:50 [INFO] 📊 Итого в подписке сохранено иностранных серверов: 10
2026-02-24 05:10:50 [INFO] 💾 Файл успешно сохранен: FL1PVPN
