2026-02-18 12:10:06 [INFO] 🚀 START: Smart VLESS Selector (Target: 10, Strict Mode)
2026-02-18 12:10:06 [INFO] 🌐 Загрузка источников...
2026-02-18 12:10:08 [INFO] 🔍 Уникальных конфигов собрано: 333
2026-02-18 12:10:08 [INFO] ⚡ ЭТАП 1: Быстрый замер Пинга (Workers: 25)...
2026-02-18 12:10:09 [INFO]    [PING OK] DE | 135ms
2026-02-18 12:10:09 [INFO]    [PING OK] RU | 445ms
2026-02-18 12:10:10 [INFO]    [PING OK] DE | 1080ms
2026-02-18 12:10:10 [INFO]    [PING OK] DE | 162ms
2026-02-18 12:10:11 [INFO]    [PING OK] LV | 1845ms
2026-02-18 12:10:11 [INFO]    [PING OK] DE | 2155ms
2026-02-18 12:10:11 [INFO]    [PING OK] RU | 1494ms
2026-02-18 12:10:11 [INFO]    [PING OK] DE | 151ms
2026-02-18 12:10:11 [INFO]    [PING OK] RU | 648ms
2026-02-18 12:10:11 [INFO]    [PING OK] IT | 598ms
2026-02-18 12:10:15 [INFO]    [PING OK] LT | 175ms
2026-02-18 12:10:16 [INFO]    [PING OK] RU | 266ms
2026-02-18 12:10:17 [INFO]    [PING OK] RU | 801ms
2026-02-18 12:10:17 [INFO]    [PING OK] RU | 213ms
2026-02-18 12:10:19 [INFO]    [PING OK] RU | 373ms
2026-02-18 12:10:19 [INFO]    [PING OK] RU | 326ms
2026-02-18 12:10:19 [INFO]    [PING OK] RU | 379ms
2026-02-18 12:10:19 [INFO]    [PING OK] RU | 528ms
2026-02-18 12:10:19 [INFO]    [PING OK] RU | 213ms
2026-02-18 12:10:19 [INFO]    [PING OK] RU | 303ms
2026-02-18 12:10:19 [INFO]    [PING OK] RU | 303ms
2026-02-18 12:10:19 [INFO]    [PING OK] RU | 312ms
2026-02-18 12:10:20 [INFO]    [PING OK] RU | 275ms
2026-02-18 12:10:20 [INFO]    [PING OK] RU | 320ms
2026-02-18 12:10:20 [INFO]    [PING OK] RU | 247ms
2026-02-18 12:10:20 [INFO]    [PING OK] RU | 460ms
2026-02-18 12:10:20 [INFO]    [PING OK] RU | 310ms
2026-02-18 12:10:20 [INFO]    [PING OK] RU | 682ms
2026-02-18 12:10:20 [INFO]    [PING OK] RU | 582ms
2026-02-18 12:10:20 [INFO]    [PING OK] RU | 213ms
2026-02-18 12:10:21 [INFO]    [PING OK] RU | 381ms
2026-02-18 12:10:21 [INFO]    [PING OK] RU | 270ms
2026-02-18 12:10:21 [INFO]    [PING OK] RU | 631ms
2026-02-18 12:10:21 [INFO]    [PING OK] RU | 1310ms
2026-02-18 12:10:21 [INFO]    [PING OK] RU | 323ms
2026-02-18 12:10:21 [INFO]    [PING OK] RU | 306ms
2026-02-18 12:10:21 [INFO]    [PING OK] RU | 326ms
2026-02-18 12:10:21 [INFO]    [PING OK] RU | 370ms
2026-02-18 12:10:21 [INFO]    [PING OK] RU | 282ms
2026-02-18 12:10:21 [INFO]    [PING OK] RU | 786ms
2026-02-18 12:10:21 [INFO]    [PING OK] RU | 701ms
2026-02-18 12:10:21 [INFO]    [PING OK] RU | 251ms
2026-02-18 12:10:22 [INFO]    [PING OK] RU | 308ms
2026-02-18 12:10:22 [INFO]    [PING OK] RU | 82ms
2026-02-18 12:10:22 [INFO]    [PING OK] RU | 802ms
2026-02-18 12:10:22 [INFO]    [PING OK] RU | 307ms
2026-02-18 12:10:22 [INFO]    [PING OK] RU | 265ms
2026-02-18 12:10:23 [INFO]    [PING OK] RU | 314ms
2026-02-18 12:10:23 [INFO]    [PING OK] NL | 393ms
2026-02-18 12:10:23 [INFO]    [PING OK] RU | 796ms
2026-02-18 12:10:24 [INFO]    [PING OK] RU | 932ms
2026-02-18 12:10:25 [INFO]    [PING OK] RU | 2440ms
2026-02-18 12:10:25 [INFO]    [PING OK] RU | 921ms
2026-02-18 12:10:25 [INFO]    [PING OK] RU | 915ms
2026-02-18 12:10:25 [INFO]    [PING OK] RU | 910ms
2026-02-18 12:10:25 [INFO]    [PING OK] RU | 877ms
2026-02-18 12:10:25 [INFO]    [PING OK] RU | 2843ms
2026-02-18 12:10:25 [INFO]    [PING OK] RU | 2963ms
2026-02-18 12:10:26 [INFO]    [PING OK] RU | 811ms
2026-02-18 12:10:26 [INFO]    [PING OK] RU | 2910ms
2026-02-18 12:10:26 [INFO]    [PING OK] DE | 1254ms
2026-02-18 12:10:27 [INFO]    [PING OK] RU | 4047ms
2026-02-18 12:10:27 [INFO]    [PING OK] RU | 845ms
2026-02-18 12:10:27 [INFO]    [PING OK] RU | 1514ms
2026-02-18 12:10:28 [INFO]    [PING OK] RU | 3483ms
2026-02-18 12:10:28 [INFO]    [PING OK] RU | 189ms
2026-02-18 12:10:29 [INFO]    [PING OK] RU | 3167ms
2026-02-18 12:10:29 [INFO]    [PING OK] AT | 236ms
2026-02-18 12:10:29 [INFO]    [PING OK] RU | 3567ms
2026-02-18 12:10:29 [INFO]    [PING OK] FI | 367ms
2026-02-18 12:10:29 [INFO]    [PING OK] RU | 2929ms
2026-02-18 12:10:30 [INFO]    [PING OK] DE | 369ms
2026-02-18 12:10:30 [INFO]    [PING OK] AL | 434ms
2026-02-18 12:10:30 [INFO]    [PING OK] RU | 4366ms
2026-02-18 12:10:31 [INFO]    [PING OK] PL | 115ms
2026-02-18 12:10:31 [INFO]    [PING OK] DE | 171ms
2026-02-18 12:10:31 [INFO]    [PING OK] FI | 391ms
2026-02-18 12:10:31 [INFO]    [PING OK] IE | 828ms
2026-02-18 12:10:32 [INFO]    [PING OK] LV | 468ms
2026-02-18 12:10:33 [INFO]    [PING OK] RU | 4539ms
2026-02-18 12:10:33 [INFO]    [PING OK] IN | 764ms
2026-02-18 12:10:34 [INFO]    [PING OK] DE | 121ms
2026-02-18 12:10:35 [INFO]    [PING OK] AU | 137ms
2026-02-18 12:10:36 [INFO]    [PING OK] DE | 507ms
2026-02-18 12:10:36 [INFO]    [PING OK] FI | 189ms
2026-02-18 12:10:37 [INFO]    [PING OK] DE | 1367ms
2026-02-18 12:10:37 [INFO]    [PING OK] NL | 818ms
2026-02-18 12:10:37 [INFO]    [PING OK] DE | 163ms
2026-02-18 12:10:38 [INFO]    [PING OK] CA | 422ms
2026-02-18 12:10:38 [INFO]    [PING OK] DE | 229ms
2026-02-18 12:10:39 [INFO]    [PING OK] FI | 152ms
2026-02-18 12:10:39 [INFO]    [PING OK] JP | 1111ms
2026-02-18 12:10:39 [INFO]    [PING OK] IQ | 400ms
2026-02-18 12:10:40 [INFO]    [PING OK] FR | 831ms
2026-02-18 12:10:40 [INFO]    [PING OK] US | 515ms
2026-02-18 12:10:40 [INFO]    [PING OK] FR | 835ms
2026-02-18 12:10:40 [INFO]    [PING OK] NL | 1187ms
2026-02-18 12:10:41 [INFO]    [PING OK] US | 634ms
2026-02-18 12:10:41 [INFO]    [PING OK] DE | 1307ms
2026-02-18 12:10:41 [INFO]    [PING OK] RU | 217ms
2026-02-18 12:10:41 [INFO]    [PING OK] UZ | 329ms
2026-02-18 12:10:41 [INFO]    [PING OK] MD | 145ms
2026-02-18 12:10:43 [INFO]    [PING OK] HU | 1314ms
2026-02-18 12:10:56 [INFO] 🏎️ ЭТАП 2: Глубокий замер скорости для ТОП-10 серверов...
2026-02-18 12:11:03 [INFO]    🏆 PL | Пинг: 115ms | Скорость: 0.0 Mbps 
2026-02-18 12:11:03 [INFO]    🏆 DE | Пинг: 121ms | Скорость: 8.36 Mbps ⚡⚡
2026-02-18 12:11:03 [INFO]    🏆 DE | Пинг: 135ms | Скорость: 8.37 Mbps ⚡⚡
2026-02-18 12:11:03 [INFO]    🏆 AU | Пинг: 137ms | Скорость: 0.0 Mbps 
2026-02-18 12:11:03 [INFO]    🏆 MD | Пинг: 145ms | Скорость: 8.47 Mbps ⚡⚡
2026-02-18 12:11:03 [INFO]    🏆 DE | Пинг: 151ms | Скорость: 8.86 Mbps ⚡⚡
2026-02-18 12:11:03 [INFO]    🏆 FI | Пинг: 152ms | Скорость: 8.82 Mbps ⚡⚡
2026-02-18 12:11:03 [INFO]    🏆 DE | Пинг: 162ms | Скорость: 0.0 Mbps 
2026-02-18 12:11:03 [INFO]    🏆 DE | Пинг: 163ms | Скорость: 8.88 Mbps ⚡⚡
2026-02-18 12:11:03 [INFO]    🏆 RU | Пинг: 82ms | Скорость: 8.83 Mbps ⚡⚡
2026-02-18 12:11:03 [INFO] 🇷🇺 Добавлен RU сервер: 87.242.103.184
2026-02-18 12:11:03 [INFO] 📊 Итого в подписке сохранено: 10 серверов
2026-02-18 12:11:03 [INFO] 💾 Файл успешно сохранен: FL1PVPN
