2026-02-18 23:20:05 [INFO] 🚀 START: Smart VLESS Selector (Target: 10, Strict Mode)
2026-02-18 23:20:05 [INFO] 🌐 Загрузка источников...
2026-02-18 23:20:08 [INFO] 🔍 Уникальных конфигов собрано: 702
2026-02-18 23:20:08 [INFO] ⚡ ЭТАП 1: Быстрый замер Пинга (Workers: 25)...
2026-02-18 23:20:09 [INFO]    [PING OK] RU | 244ms
2026-02-18 23:20:10 [INFO]    [PING OK] RU | 362ms
2026-02-18 23:20:10 [INFO]    [PING OK] RU | 322ms
2026-02-18 23:20:11 [INFO]    [PING OK] US | 525ms
2026-02-18 23:20:11 [INFO]    [PING OK] DE | 563ms
2026-02-18 23:20:11 [INFO]    [PING OK] DE | 155ms
2026-02-18 23:20:12 [INFO]    [PING OK] AT | 779ms
2026-02-18 23:20:14 [INFO]    [PING OK] TR | 103ms
2026-02-18 23:20:14 [INFO]    [PING OK] RU | 251ms
2026-02-18 23:20:14 [INFO]    [PING OK] DE | 206ms
2026-02-18 23:20:16 [INFO]    [PING OK] RU | 33ms
2026-02-18 23:20:16 [INFO]    [PING OK] RU | 131ms
2026-02-18 23:20:17 [INFO]    [PING OK] DE | 778ms
2026-02-18 23:20:17 [INFO]    [PING OK] RU | 130ms
2026-02-18 23:20:17 [INFO]    [PING OK] US | 795ms
2026-02-18 23:20:19 [INFO]    [PING OK] CZ | 4171ms
2026-02-18 23:20:19 [INFO]    [PING OK] IT | 587ms
2026-02-18 23:20:20 [INFO]    [PING OK] RU | 216ms
2026-02-18 23:20:20 [INFO]    [PING OK] TR | 107ms
2026-02-18 23:20:21 [INFO]    [PING OK] DE | 134ms
2026-02-18 23:20:21 [INFO]    [PING OK] RU | 275ms
2026-02-18 23:20:21 [INFO]    [PING OK] US | 587ms
2026-02-18 23:20:21 [INFO]    [PING OK] RU | 195ms
2026-02-18 23:20:21 [INFO]    [PING OK] RU | 169ms
2026-02-18 23:20:21 [INFO]    [PING OK] RU | 152ms
2026-02-18 23:20:22 [INFO]    [PING OK] RU | 202ms
2026-02-18 23:20:22 [INFO]    [PING OK] RU | 317ms
2026-02-18 23:20:22 [INFO]    [PING OK] RU | 208ms
2026-02-18 23:20:22 [INFO]    [PING OK] RU | 183ms
2026-02-18 23:20:22 [INFO]    [PING OK] RU | 203ms
2026-02-18 23:20:22 [INFO]    [PING OK] RU | 234ms
2026-02-18 23:20:23 [INFO]    [PING OK] RU | 293ms
2026-02-18 23:20:23 [INFO]    [PING OK] RU | 226ms
2026-02-18 23:20:23 [INFO]    [PING OK] RU | 198ms
2026-02-18 23:20:23 [INFO]    [PING OK] RU | 332ms
2026-02-18 23:20:23 [INFO]    [PING OK] RU | 332ms
2026-02-18 23:20:24 [INFO]    [PING OK] RU | 77ms
2026-02-18 23:20:24 [INFO]    [PING OK] RU | 344ms
2026-02-18 23:20:24 [INFO]    [PING OK] RU | 93ms
2026-02-18 23:20:24 [INFO]    [PING OK] RU | 212ms
2026-02-18 23:20:24 [INFO]    [PING OK] RU | 365ms
2026-02-18 23:20:24 [INFO]    [PING OK] RU | 286ms
2026-02-18 23:20:24 [INFO]    [PING OK] RU | 189ms
2026-02-18 23:20:24 [INFO]    [PING OK] RU | 228ms
2026-02-18 23:20:24 [INFO]    [PING OK] RU | 294ms
2026-02-18 23:20:24 [INFO]    [PING OK] RU | 236ms
2026-02-18 23:20:24 [INFO]    [PING OK] RU | 194ms
2026-02-18 23:20:24 [INFO]    [PING OK] RU | 258ms
2026-02-18 23:20:24 [INFO]    [PING OK] RU | 182ms
2026-02-18 23:20:25 [INFO]    [PING OK] RU | 217ms
2026-02-18 23:20:25 [INFO]    [PING OK] RU | 195ms
2026-02-18 23:20:25 [INFO]    [PING OK] RU | 197ms
2026-02-18 23:20:25 [INFO]    [PING OK] RU | 53ms
2026-02-18 23:20:25 [INFO]    [PING OK] RU | 262ms
2026-02-18 23:20:25 [INFO]    [PING OK] RU | 162ms
2026-02-18 23:20:25 [INFO]    [PING OK] RU | 174ms
2026-02-18 23:20:25 [INFO]    [PING OK] RU | 184ms
2026-02-18 23:20:25 [INFO]    [PING OK] RU | 204ms
2026-02-18 23:20:25 [INFO]    [PING OK] RU | 221ms
2026-02-18 23:20:25 [INFO]    [PING OK] RU | 292ms
2026-02-18 23:20:25 [INFO]    [PING OK] RU | 205ms
2026-02-18 23:20:25 [INFO]    [PING OK] RU | 228ms
2026-02-18 23:20:26 [INFO]    [PING OK] RU | 416ms
2026-02-18 23:20:26 [INFO]    [PING OK] RU | 258ms
2026-02-18 23:20:26 [INFO]    [PING OK] RU | 232ms
2026-02-18 23:20:26 [INFO]    [PING OK] RU | 264ms
2026-02-18 23:20:26 [INFO]    [PING OK] RU | 236ms
2026-02-18 23:20:26 [INFO]    [PING OK] RU | 262ms
2026-02-18 23:20:26 [INFO]    [PING OK] RU | 286ms
2026-02-18 23:20:26 [INFO]    [PING OK] RU | 229ms
2026-02-18 23:20:26 [INFO]    [PING OK] RU | 192ms
2026-02-18 23:20:26 [INFO]    [PING OK] RU | 184ms
2026-02-18 23:20:26 [INFO]    [PING OK] RU | 1235ms
2026-02-18 23:20:26 [INFO]    [PING OK] HU | 349ms
2026-02-18 23:20:26 [INFO]    [PING OK] RU | 217ms
2026-02-18 23:20:27 [INFO]    [PING OK] RU | 200ms
2026-02-18 23:20:27 [INFO]    [PING OK] RU | 112ms
2026-02-18 23:20:27 [INFO]    [PING OK] RU | 138ms
2026-02-18 23:20:27 [INFO]    [PING OK] RU | 320ms
2026-02-18 23:20:27 [INFO]    [PING OK] RU | 247ms
2026-02-18 23:20:27 [INFO]    [PING OK] RU | 3032ms
2026-02-18 23:20:27 [INFO]    [PING OK] RU | 329ms
2026-02-18 23:20:27 [INFO]    [PING OK] NL | 201ms
2026-02-18 23:20:27 [INFO]    [PING OK] RU | 298ms
2026-02-18 23:20:27 [INFO]    [PING OK] AT | 242ms
2026-02-18 23:20:27 [INFO]    [PING OK] NL | 370ms
2026-02-18 23:20:28 [INFO]    [PING OK] FI | 117ms
2026-02-18 23:20:28 [INFO]    [PING OK] FR | 813ms
2026-02-18 23:20:28 [INFO]    [PING OK] NL | 206ms
2026-02-18 23:20:29 [INFO]    [PING OK] PL | 104ms
2026-02-18 23:20:29 [INFO]    [PING OK] RU | 44ms
2026-02-18 23:20:30 [INFO]    [PING OK] JP | 1989ms
2026-02-18 23:20:30 [INFO]    [PING OK] RU | 3447ms
2026-02-18 23:20:30 [INFO]    [PING OK] IT | 565ms
2026-02-18 23:20:30 [INFO]    [PING OK] UZ | 289ms
2026-02-18 23:20:31 [INFO]    [PING OK] HU | 317ms
2026-02-18 23:20:33 [INFO]    [PING OK] AL | 190ms
2026-02-18 23:20:34 [INFO]    [PING OK] DE | 248ms
2026-02-18 23:20:35 [INFO]    [PING OK] TR | 422ms
2026-02-18 23:20:36 [INFO]    [PING OK] PL | 129ms
2026-02-18 23:20:37 [INFO]    [PING OK] US | 693ms
2026-02-18 23:20:37 [INFO]    [PING OK] MD | 207ms
2026-02-18 23:20:37 [INFO]    [PING OK] LV | 465ms
2026-02-18 23:20:38 [INFO]    [PING OK] MD | 342ms
2026-02-18 23:20:38 [INFO]    [PING OK] DE | 225ms
2026-02-18 23:20:38 [INFO]    [PING OK] NL | 231ms
2026-02-18 23:20:39 [INFO]    [PING OK] CY | 458ms
2026-02-18 23:21:09 [INFO] 🏎️ ЭТАП 2: Глубокий замер скорости для ТОП-10 серверов...
2026-02-18 23:21:13 [INFO]    🏆 TR | Пинг: 103ms | Скорость: 6.49 Mbps ⚡⚡
2026-02-18 23:21:13 [INFO]    🏆 PL | Пинг: 104ms | Скорость: 9.12 Mbps ⚡⚡
2026-02-18 23:21:13 [INFO]    🏆 TR | Пинг: 107ms | Скорость: 6.05 Mbps ⚡⚡
2026-02-18 23:21:13 [INFO]    🏆 FI | Пинг: 117ms | Скорость: 9.13 Mbps ⚡⚡
2026-02-18 23:21:13 [INFO]    🏆 PL | Пинг: 129ms | Скорость: 9.23 Mbps ⚡⚡
2026-02-18 23:21:13 [INFO]    🏆 DE | Пинг: 134ms | Скорость: 9.36 Mbps ⚡⚡
2026-02-18 23:21:13 [INFO]    🏆 DE | Пинг: 155ms | Скорость: 9.48 Mbps ⚡⚡
2026-02-18 23:21:13 [INFO]    🏆 AL | Пинг: 190ms | Скорость: 0.0 Mbps 
2026-02-18 23:21:13 [INFO]    🏆 NL | Пинг: 201ms | Скорость: 9.36 Mbps ⚡⚡
2026-02-18 23:21:13 [INFO]    🏆 RU | Пинг: 33ms | Скорость: 9.52 Mbps ⚡⚡
2026-02-18 23:21:13 [INFO] 🇷🇺 Добавлен RU сервер: 82.202.169.120
2026-02-18 23:21:13 [INFO] 📊 Итого в подписке сохранено: 10 серверов
2026-02-18 23:21:13 [INFO] 💾 Файл успешно сохранен: FL1PVPN
