2026-02-19 22:10:05 [INFO] 🚀 START: Smart VPN Selector (Target: 10, Strict Mode)
2026-02-19 22:10:05 [INFO] 🌐 Загрузка источников...
2026-02-19 22:10:09 [INFO] 🔍 Уникальных конфигов собрано: 1267
2026-02-19 22:10:09 [INFO] ⚡ ЭТАП 1: Быстрый замер Пинга (Workers: 25)...
2026-02-19 22:10:11 [INFO]    [PING OK] RU | 171ms
2026-02-19 22:10:11 [INFO]    [PING OK] RU | 154ms
2026-02-19 22:10:11 [INFO]    [PING OK] DE | 152ms
2026-02-19 22:10:12 [INFO]    [PING OK] DE | 183ms
2026-02-19 22:10:12 [INFO]    [PING OK] RU | 355ms
2026-02-19 22:10:13 [INFO]    [PING OK] FR | 923ms
2026-02-19 22:10:13 [INFO]    [PING OK] NO | 306ms
2026-02-19 22:10:14 [INFO]    [PING OK] DE | 4389ms
2026-02-19 22:10:15 [INFO]    [PING OK] DE | 2757ms
2026-02-19 22:10:15 [INFO]    [PING OK] RU | 328ms
2026-02-19 22:10:16 [INFO]    [PING OK] LV | 1206ms
2026-02-19 22:10:16 [INFO]    [PING OK] DE | 789ms
2026-02-19 22:10:17 [INFO]    [PING OK] US | 3441ms
2026-02-19 22:10:17 [INFO]    [PING OK] RU | 134ms
2026-02-19 22:10:17 [INFO]    [PING OK] RU | 115ms
2026-02-19 22:10:18 [INFO]    [PING OK] RU | 134ms
2026-02-19 22:10:18 [INFO]    [PING OK] RU | 242ms
2026-02-19 22:10:18 [INFO]    [PING OK] RU | 333ms
2026-02-19 22:10:18 [INFO]    [PING OK] RU | 130ms
2026-02-19 22:10:18 [INFO]    [PING OK] RU | 295ms
2026-02-19 22:10:18 [INFO]    [PING OK] RU | 314ms
2026-02-19 22:10:18 [INFO]    [PING OK] RU | 221ms
2026-02-19 22:10:18 [INFO]    [PING OK] RU | 157ms
2026-02-19 22:10:18 [INFO]    [PING OK] NL | 440ms
2026-02-19 22:10:18 [INFO]    [PING OK] RU | 289ms
2026-02-19 22:10:18 [INFO]    [PING OK] RU | 203ms
2026-02-19 22:10:19 [INFO]    [PING OK] RU | 225ms
2026-02-19 22:10:19 [INFO]    [PING OK] RU | 290ms
2026-02-19 22:10:19 [INFO]    [PING OK] RU | 253ms
2026-02-19 22:10:19 [INFO]    [PING OK] RU | 488ms
2026-02-19 22:10:19 [INFO]    [PING OK] RU | 231ms
2026-02-19 22:10:19 [INFO]    [PING OK] RU | 220ms
2026-02-19 22:10:19 [INFO]    [PING OK] HU | 445ms
2026-02-19 22:10:19 [INFO]    [PING OK] RU | 124ms
2026-02-19 22:10:19 [INFO]    [PING OK] RU | 233ms
2026-02-19 22:10:19 [INFO]    [PING OK] RU | 385ms
2026-02-19 22:10:19 [INFO]    [PING OK] HU | 314ms
2026-02-19 22:10:19 [INFO]    [PING OK] RU | 171ms
2026-02-19 22:10:19 [INFO]    [PING OK] RU | 286ms
2026-02-19 22:10:19 [INFO]    [PING OK] RU | 73ms
2026-02-19 22:10:19 [INFO]    [PING OK] RU | 319ms
2026-02-19 22:10:20 [INFO]    [PING OK] RU | 259ms
2026-02-19 22:10:20 [INFO]    [PING OK] RU | 234ms
2026-02-19 22:10:20 [INFO]    [PING OK] RU | 217ms
2026-02-19 22:10:20 [INFO]    [PING OK] RU | 323ms
2026-02-19 22:10:20 [INFO]    [PING OK] RU | 238ms
2026-02-19 22:10:20 [INFO]    [PING OK] RU | 148ms
2026-02-19 22:10:20 [INFO]    [PING OK] RU | 266ms
2026-02-19 22:10:20 [INFO]    [PING OK] RU | 97ms
2026-02-19 22:10:20 [INFO]    [PING OK] RU | 114ms
2026-02-19 22:10:20 [INFO]    [PING OK] RU | 536ms
2026-02-19 22:10:20 [INFO]    [PING OK] GB | 229ms
2026-02-19 22:10:21 [INFO]    [PING OK] RU | 414ms
2026-02-19 22:10:21 [INFO]    [PING OK] RU | 230ms
2026-02-19 22:10:21 [INFO]    [PING OK] RU | 960ms
2026-02-19 22:10:21 [INFO]    [PING OK] RU | 251ms
2026-02-19 22:10:21 [INFO]    [PING OK] RU | 180ms
2026-02-19 22:10:21 [INFO]    [PING OK] RU | 1249ms
2026-02-19 22:10:21 [INFO]    [PING OK] RU | 145ms
2026-02-19 22:10:21 [INFO]    [PING OK] RU | 134ms
2026-02-19 22:10:21 [INFO]    [PING OK] HK | 3602ms
2026-02-19 22:10:21 [INFO]    [PING OK] RU | 252ms
2026-02-19 22:10:21 [INFO]    [PING OK] RU | 127ms
2026-02-19 22:10:21 [INFO]    [PING OK] RU | 274ms
2026-02-19 22:10:21 [INFO]    [PING OK] RU | 119ms
2026-02-19 22:10:21 [INFO]    [PING OK] RU | 102ms
2026-02-19 22:10:21 [INFO]    [PING OK] RU | 527ms
2026-02-19 22:10:21 [INFO]    [PING OK] RU | 175ms
2026-02-19 22:10:21 [INFO]    [PING OK] RU | 169ms
2026-02-19 22:10:21 [INFO]    [PING OK] RU | 106ms
2026-02-19 22:10:22 [INFO]    [PING OK] RU | 206ms
2026-02-19 22:10:22 [INFO]    [PING OK] HU | 945ms
2026-02-19 22:10:22 [INFO]    [PING OK] RU | 247ms
2026-02-19 22:10:22 [INFO]    [PING OK] RU | 49ms
2026-02-19 22:10:22 [INFO]    [PING OK] RU | 244ms
2026-02-19 22:10:22 [INFO]    [PING OK] RU | 312ms
2026-02-19 22:10:22 [INFO]    [PING OK] RU | 210ms
2026-02-19 22:10:22 [INFO]    [PING OK] RU | 351ms
2026-02-19 22:10:22 [INFO]    [PING OK] RU | 101ms
2026-02-19 22:10:22 [INFO]    [PING OK] RU | 221ms
2026-02-19 22:10:22 [INFO]    [PING OK] RU | 209ms
2026-02-19 22:10:22 [INFO]    [PING OK] RU | 113ms
2026-02-19 22:10:22 [INFO]    [PING OK] RU | 422ms
2026-02-19 22:10:22 [INFO]    [PING OK] RU | 204ms
2026-02-19 22:10:22 [INFO]    [PING OK] RU | 214ms
2026-02-19 22:10:22 [INFO]    [PING OK] RU | 271ms
2026-02-19 22:10:22 [INFO]    [PING OK] RU | 108ms
2026-02-19 22:10:23 [INFO]    [PING OK] RU | 310ms
2026-02-19 22:10:23 [INFO]    [PING OK] RU | 885ms
2026-02-19 22:10:23 [INFO]    [PING OK] RU | 164ms
2026-02-19 22:10:23 [INFO]    [PING OK] RU | 175ms
2026-02-19 22:10:23 [INFO]    [PING OK] RU | 3157ms
2026-02-19 22:10:23 [INFO]    [PING OK] RU | 157ms
2026-02-19 22:10:23 [INFO]    [PING OK] HU | 271ms
2026-02-19 22:10:23 [INFO]    [PING OK] RU | 252ms
2026-02-19 22:10:23 [INFO]    [PING OK] RU | 4772ms
2026-02-19 22:10:23 [INFO]    [PING OK] RU | 236ms
2026-02-19 22:10:23 [INFO]    [PING OK] RU | 119ms
2026-02-19 22:10:23 [INFO]    [PING OK] RU | 186ms
2026-02-19 22:10:23 [INFO]    [PING OK] RU | 217ms
2026-02-19 22:10:23 [INFO]    [PING OK] RU | 271ms
2026-02-19 22:10:24 [INFO]    [PING OK] RU | 308ms
2026-02-19 22:10:24 [INFO]    [PING OK] RU | 336ms
2026-02-19 22:10:24 [INFO]    [PING OK] RU | 229ms
2026-02-19 22:10:24 [INFO]    [PING OK] RU | 307ms
2026-02-19 22:10:24 [INFO]    [PING OK] RU | 218ms
2026-02-19 22:10:24 [INFO]    [PING OK] RU | 1450ms
2026-02-19 22:10:24 [INFO]    [PING OK] RU | 170ms
2026-02-19 22:10:24 [INFO]    [PING OK] RU | 224ms
2026-02-19 22:10:24 [INFO]    [PING OK] RU | 250ms
2026-02-19 22:10:24 [INFO]    [PING OK] RU | 509ms
2026-02-19 22:10:24 [INFO]    [PING OK] RU | 295ms
2026-02-19 22:10:24 [INFO]    [PING OK] GB | 131ms
2026-02-19 22:10:25 [INFO]    [PING OK] RU | 833ms
2026-02-19 22:10:25 [INFO]    [PING OK] RU | 1178ms
2026-02-19 22:10:25 [INFO]    [PING OK] DE | 64ms
2026-02-19 22:10:25 [INFO]    [PING OK] US | 609ms
2026-02-19 22:10:25 [INFO]    [PING OK] RU | 2386ms
2026-02-19 22:10:25 [INFO]    [PING OK] MD | 175ms
2026-02-19 22:10:26 [INFO]    [PING OK] NL | 204ms
2026-02-19 22:10:26 [INFO]    [PING OK] GB | 177ms
2026-02-19 22:10:26 [INFO]    [PING OK] DE | 226ms
2026-02-19 22:10:26 [INFO]    [PING OK] DE | 221ms
2026-02-19 22:10:26 [INFO]    [PING OK] US | 1062ms
2026-02-19 22:10:26 [INFO]    [PING OK] IT | 657ms
2026-02-19 22:10:27 [INFO]    [PING OK] CA | 314ms
2026-02-19 22:10:27 [INFO]    [PING OK] US | 379ms
2026-02-19 22:10:27 [INFO]    [PING OK] FR | 120ms
2026-02-19 22:10:27 [INFO]    [PING OK] GB | 587ms
2026-02-19 22:10:27 [INFO]    [PING OK] IL | 256ms
2026-02-19 22:10:28 [INFO]    [PING OK] CA | 1906ms
2026-02-19 22:10:28 [INFO]    [PING OK] SG | 532ms
2026-02-19 22:10:28 [INFO]    [PING OK] SG | 1344ms
2026-02-19 22:10:28 [INFO]    [PING OK] GB | 577ms
2026-02-19 22:10:28 [INFO]    [PING OK] RU | 4801ms
2026-02-19 22:10:28 [INFO]    [PING OK] US | 392ms
2026-02-19 22:10:29 [INFO]    [PING OK] DE | 236ms
2026-02-19 22:10:29 [INFO]    [PING OK] US | 545ms
2026-02-19 22:10:29 [INFO]    [PING OK] DE | 190ms
2026-02-19 22:10:29 [INFO]    [PING OK] GB | 146ms
2026-02-19 22:10:29 [INFO]    [PING OK] SG | 517ms
2026-02-19 22:10:29 [INFO]    [PING OK] US | 264ms
2026-02-19 22:10:29 [INFO]    [PING OK] HK | 902ms
2026-02-19 22:10:29 [INFO]    [PING OK] AU | 586ms
2026-02-19 22:10:30 [INFO]    [PING OK] TR | 204ms
2026-02-19 22:10:30 [INFO]    [PING OK] MD | 154ms
2026-02-19 22:10:30 [INFO]    [PING OK] RU | 46ms
2026-02-19 22:10:31 [INFO]    [PING OK] US | 435ms
2026-02-19 22:10:31 [INFO]    [PING OK] US | 403ms
2026-02-19 22:10:31 [INFO]    [PING OK] US | 363ms
2026-02-19 22:10:31 [INFO]    [PING OK] LV | 381ms
2026-02-19 22:10:32 [INFO]    [PING OK] US | 381ms
2026-02-19 22:10:32 [INFO]    [PING OK] MX | 338ms
2026-02-19 22:10:32 [INFO]    [PING OK] UZ | 300ms
2026-02-19 22:10:32 [INFO]    [PING OK] US | 640ms
2026-02-19 22:10:32 [INFO]    [PING OK] IQ | 584ms
2026-02-19 22:10:32 [INFO]    [PING OK] US | 412ms
2026-02-19 22:10:32 [INFO]    [PING OK] GB | 163ms
2026-02-19 22:10:33 [INFO]    [PING OK] US | 497ms
2026-02-19 22:10:33 [INFO]    [PING OK] JP | 415ms
2026-02-19 22:10:33 [INFO]    [PING OK] AT | 225ms
2026-02-19 22:10:33 [INFO]    [PING OK] FR | 407ms
2026-02-19 22:10:33 [INFO]    [PING OK] US | 941ms
2026-02-19 22:10:34 [INFO]    [PING OK] FI | 122ms
2026-02-19 22:10:34 [INFO]    [PING OK] CY | 186ms
2026-02-19 22:10:34 [INFO]    [PING OK] GB | 149ms
2026-02-19 22:10:34 [INFO]    [PING OK] US | 347ms
2026-02-19 22:10:35 [INFO]    [PING OK] GR | 170ms
2026-02-19 22:10:35 [INFO]    [PING OK] KH | 617ms
2026-02-19 22:10:35 [INFO]    [PING OK] BG | 154ms
2026-02-19 22:10:36 [INFO]    [PING OK] HK | 1234ms
2026-02-19 22:10:36 [INFO]    [PING OK] NL | 260ms
2026-02-19 22:10:36 [INFO]    [PING OK] US | 399ms
2026-02-19 22:10:37 [INFO]    [PING OK] TR | 4237ms
2026-02-19 22:10:38 [INFO]    [PING OK] GB | 2016ms
2026-02-19 22:10:42 [INFO]    [PING OK] US | 286ms
2026-02-19 22:10:42 [INFO]    [PING OK] DE | 126ms
2026-02-19 22:10:43 [INFO]    [PING OK] SG | 566ms
2026-02-19 22:10:44 [INFO]    [PING OK] GB | 175ms
2026-02-19 22:10:46 [INFO]    [PING OK] JP | 608ms
2026-02-19 22:10:53 [INFO]    [PING OK] FR | 123ms
2026-02-19 22:10:57 [INFO]    [PING OK] SG | 780ms
2026-02-19 22:11:01 [INFO]    [PING OK] GB | 230ms
2026-02-19 22:11:02 [INFO]    [PING OK] DE | 325ms
2026-02-19 22:11:02 [INFO]    [PING OK] FR | 129ms
2026-02-19 22:11:06 [INFO]    [PING OK] SG | 4166ms
2026-02-19 22:11:06 [INFO]    [PING OK] GB | 171ms
2026-02-19 22:11:08 [INFO]    [PING OK] GB | 244ms
2026-02-19 22:11:09 [INFO]    [PING OK] RU | 189ms
2026-02-19 22:11:09 [INFO]    [PING OK] US | 575ms
2026-02-19 22:11:10 [INFO]    [PING OK] GB | 1257ms
2026-02-19 22:11:10 [INFO]    [PING OK] GB | 204ms
2026-02-19 22:11:10 [INFO]    [PING OK] GB | 135ms
2026-02-19 22:11:10 [INFO]    [PING OK] RU | 893ms
2026-02-19 22:11:10 [INFO]    [PING OK] GB | 137ms
2026-02-19 22:11:10 [INFO]    [PING OK] GB | 138ms
2026-02-19 22:11:11 [INFO]    [PING OK] GB | 131ms
2026-02-19 22:11:12 [INFO]    [PING OK] GB | 170ms
2026-02-19 22:11:12 [INFO]    [PING OK] GB | 144ms
2026-02-19 22:11:12 [INFO]    [PING OK] RU | 491ms
2026-02-19 22:11:13 [INFO]    [PING OK] SC | 1142ms
2026-02-19 22:11:13 [INFO]    [PING OK] RU | 233ms
2026-02-19 22:11:13 [INFO]    [PING OK] GB | 369ms
2026-02-19 22:11:13 [INFO]    [PING OK] TW | 1591ms
2026-02-19 22:11:14 [INFO]    [PING OK] NL | 767ms
2026-02-19 22:11:14 [INFO]    [PING OK] RU | 165ms
2026-02-19 22:11:14 [INFO]    [PING OK] RU | 2408ms
2026-02-19 22:11:14 [INFO]    [PING OK] GB | 361ms
2026-02-19 22:11:15 [INFO]    [PING OK] DE | 461ms
2026-02-19 22:11:15 [INFO]    [PING OK] GB | 146ms
2026-02-19 22:11:16 [INFO]    [PING OK] HK | 1799ms
2026-02-19 22:11:16 [INFO]    [PING OK] RU | 230ms
2026-02-19 22:11:17 [INFO]    [PING OK] GB | 192ms
2026-02-19 22:11:18 [INFO]    [PING OK] RU | 48ms
2026-02-19 22:11:18 [INFO]    [PING OK] RU | 151ms
2026-02-19 22:11:18 [INFO]    [PING OK] GB | 160ms
2026-02-19 22:11:18 [INFO]    [PING OK] DE | 534ms
2026-02-19 22:11:19 [INFO]    [PING OK] RU | 4200ms
2026-02-19 22:11:19 [INFO]    [PING OK] NL | 491ms
2026-02-19 22:11:19 [INFO]    [PING OK] RU | 107ms
2026-02-19 22:11:19 [INFO]    [PING OK] DE | 1395ms
2026-02-19 22:11:20 [INFO]    [PING OK] TR | 269ms
2026-02-19 22:11:20 [INFO]    [PING OK] SE | 95ms
2026-02-19 22:11:21 [INFO]    [PING OK] RU | 686ms
2026-02-19 22:11:22 [INFO]    [PING OK] RU | 3212ms
2026-02-19 22:11:22 [INFO]    [PING OK] TW | 2801ms
2026-02-19 22:11:22 [INFO]    [PING OK] RU | 409ms
2026-02-19 22:11:23 [INFO]    [PING OK] DE | 743ms
2026-02-19 22:11:24 [INFO]    [PING OK] RU | 1452ms
2026-02-19 22:11:24 [INFO]    [PING OK] DE | 252ms
2026-02-19 22:11:25 [INFO]    [PING OK] RU | 582ms
2026-02-19 22:11:25 [INFO]    [PING OK] DE | 343ms
2026-02-19 22:11:25 [INFO]    [PING OK] DE | 2665ms
2026-02-19 22:11:26 [INFO]    [PING OK] RU | 296ms
2026-02-19 22:11:26 [INFO]    [PING OK] RU | 127ms
2026-02-19 22:11:26 [INFO]    [PING OK] FI | 271ms
2026-02-19 22:11:27 [INFO]    [PING OK] RU | 4458ms
2026-02-19 22:11:32 [INFO] 🏎️ ЭТАП 2: Глубокий замер скорости для ТОП-10 серверов...
2026-02-19 22:11:35 [INFO]    🏆 DE | Пинг: 64ms | Скорость: 10.12 Mbps ⚡⚡
2026-02-19 22:11:35 [INFO]    🏆 SE | Пинг: 95ms | Скорость: 13.65 Mbps ⚡⚡
2026-02-19 22:11:35 [INFO]    🏆 FR | Пинг: 120ms | Скорость: 9.71 Mbps ⚡⚡
2026-02-19 22:11:35 [INFO]    🏆 FI | Пинг: 122ms | Скорость: 9.9 Mbps ⚡⚡
2026-02-19 22:11:35 [INFO]    🏆 FR | Пинг: 123ms | Скорость: 9.94 Mbps ⚡⚡
2026-02-19 22:11:35 [INFO]    🏆 DE | Пинг: 126ms | Скорость: 7.97 Mbps ⚡⚡
2026-02-19 22:11:35 [INFO]    🏆 FR | Пинг: 129ms | Скорость: 7.24 Mbps ⚡⚡
2026-02-19 22:11:35 [INFO]    🏆 GB | Пинг: 131ms | Скорость: 9.9 Mbps ⚡⚡
2026-02-19 22:11:35 [INFO]    🏆 GB | Пинг: 131ms | Скорость: 0.0 Mbps 
2026-02-19 22:11:35 [INFO]    🏆 RU | Пинг: 46ms | Скорость: 10.59 Mbps ⚡⚡
2026-02-19 22:11:35 [INFO] 🇷🇺 Добавлен RU сервер: 212.192.14.234
2026-02-19 22:11:35 [INFO] 📊 Итого в подписке сохранено: 10 серверов
2026-02-19 22:11:35 [INFO] 💾 Файл успешно сохранен: FL1PVPN
