2026-02-18 23:10:05 [INFO] 🚀 START: Smart VLESS Selector (Target: 10, Strict Mode)
2026-02-18 23:10:05 [INFO] 🌐 Загрузка источников...
2026-02-18 23:10:08 [INFO] 🔍 Уникальных конфигов собрано: 702
2026-02-18 23:10:08 [INFO] ⚡ ЭТАП 1: Быстрый замер Пинга (Workers: 25)...
2026-02-18 23:10:10 [INFO]    [PING OK] DE | 259ms
2026-02-18 23:10:10 [INFO]    [PING OK] DE | 376ms
2026-02-18 23:10:10 [INFO]    [PING OK] RU | 384ms
2026-02-18 23:10:10 [INFO]    [PING OK] DE | 671ms
2026-02-18 23:10:11 [INFO]    [PING OK] RU | 368ms
2026-02-18 23:10:11 [INFO]    [PING OK] DE | 1441ms
2026-02-18 23:10:11 [INFO]    [PING OK] CZ | 752ms
2026-02-18 23:10:12 [INFO]    [PING OK] AT | 791ms
2026-02-18 23:10:12 [INFO]    [PING OK] DE | 152ms
2026-02-18 23:10:12 [INFO]    [PING OK] DE | 721ms
2026-02-18 23:10:13 [INFO]    [PING OK] RU | 215ms
2026-02-18 23:10:14 [INFO]    [PING OK] RU | 1183ms
2026-02-18 23:10:15 [INFO]    [PING OK] RU | 262ms
2026-02-18 23:10:15 [INFO]    [PING OK] US | 773ms
2026-02-18 23:10:16 [INFO]    [PING OK] RU | 134ms
2026-02-18 23:10:17 [INFO]    [PING OK] TR | 146ms
2026-02-18 23:10:18 [INFO]    [PING OK] RU | 122ms
2026-02-18 23:10:19 [INFO]    [PING OK] TR | 99ms
2026-02-18 23:10:19 [INFO]    [PING OK] DE | 769ms
2026-02-18 23:10:19 [INFO]    [PING OK] RU | 113ms
2026-02-18 23:10:20 [INFO]    [PING OK] US | 573ms
2026-02-18 23:10:21 [INFO]    [PING OK] RU | 55ms
2026-02-18 23:10:21 [INFO]    [PING OK] RU | 390ms
2026-02-18 23:10:21 [INFO]    [PING OK] IT | 854ms
2026-02-18 23:10:22 [INFO]    [PING OK] RU | 232ms
2026-02-18 23:10:22 [INFO]    [PING OK] RU | 169ms
2026-02-18 23:10:22 [INFO]    [PING OK] RU | 186ms
2026-02-18 23:10:22 [INFO]    [PING OK] HU | 290ms
2026-02-18 23:10:22 [INFO]    [PING OK] RU | 363ms
2026-02-18 23:10:22 [INFO]    [PING OK] US | 1664ms
2026-02-18 23:10:22 [INFO]    [PING OK] RU | 302ms
2026-02-18 23:10:22 [INFO]    [PING OK] RU | 1481ms
2026-02-18 23:10:22 [INFO]    [PING OK] RU | 208ms
2026-02-18 23:10:23 [INFO]    [PING OK] RU | 1151ms
2026-02-18 23:10:23 [INFO]    [PING OK] RU | 322ms
2026-02-18 23:10:23 [INFO]    [PING OK] RU | 267ms
2026-02-18 23:10:23 [INFO]    [PING OK] RU | 231ms
2026-02-18 23:10:23 [INFO]    [PING OK] RU | 358ms
2026-02-18 23:10:23 [INFO]    [PING OK] RU | 100ms
2026-02-18 23:10:24 [INFO]    [PING OK] RU | 220ms
2026-02-18 23:10:24 [INFO]    [PING OK] RU | 289ms
2026-02-18 23:10:24 [INFO]    [PING OK] RU | 318ms
2026-02-18 23:10:24 [INFO]    [PING OK] RU | 467ms
2026-02-18 23:10:24 [INFO]    [PING OK] RU | 295ms
2026-02-18 23:10:24 [INFO]    [PING OK] RU | 250ms
2026-02-18 23:10:24 [INFO]    [PING OK] RU | 224ms
2026-02-18 23:10:25 [INFO]    [PING OK] RU | 222ms
2026-02-18 23:10:25 [INFO]    [PING OK] RU | 233ms
2026-02-18 23:10:25 [INFO]    [PING OK] RU | 190ms
2026-02-18 23:10:25 [INFO]    [PING OK] RU | 418ms
2026-02-18 23:10:25 [INFO]    [PING OK] RU | 189ms
2026-02-18 23:10:25 [INFO]    [PING OK] RU | 200ms
2026-02-18 23:10:25 [INFO]    [PING OK] RU | 222ms
2026-02-18 23:10:25 [INFO]    [PING OK] RU | 176ms
2026-02-18 23:10:25 [INFO]    [PING OK] RU | 197ms
2026-02-18 23:10:26 [INFO]    [PING OK] RU | 274ms
2026-02-18 23:10:26 [INFO]    [PING OK] RU | 203ms
2026-02-18 23:10:26 [INFO]    [PING OK] RU | 186ms
2026-02-18 23:10:26 [INFO]    [PING OK] RU | 250ms
2026-02-18 23:10:26 [INFO]    [PING OK] RU | 355ms
2026-02-18 23:10:27 [INFO]    [PING OK] RU | 164ms
2026-02-18 23:10:27 [INFO]    [PING OK] RU | 185ms
2026-02-18 23:10:27 [INFO]    [PING OK] RU | 316ms
2026-02-18 23:10:27 [INFO]    [PING OK] RU | 376ms
2026-02-18 23:10:27 [INFO]    [PING OK] RU | 208ms
2026-02-18 23:10:27 [INFO]    [PING OK] RU | 246ms
2026-02-18 23:10:27 [INFO]    [PING OK] RU | 3220ms
2026-02-18 23:10:27 [INFO]    [PING OK] RU | 3171ms
2026-02-18 23:10:27 [INFO]    [PING OK] RU | 286ms
2026-02-18 23:10:27 [INFO]    [PING OK] RU | 287ms
2026-02-18 23:10:27 [INFO]    [PING OK] RU | 138ms
2026-02-18 23:10:28 [INFO]    [PING OK] RU | 145ms
2026-02-18 23:10:28 [INFO]    [PING OK] RU | 277ms
2026-02-18 23:10:28 [INFO]    [PING OK] RU | 349ms
2026-02-18 23:10:28 [INFO]    [PING OK] RU | 249ms
2026-02-18 23:10:28 [INFO]    [PING OK] DE | 194ms
2026-02-18 23:10:29 [INFO]    [PING OK] PL | 111ms
2026-02-18 23:10:30 [INFO]    [PING OK] RU | 4163ms
2026-02-18 23:10:30 [INFO]    [PING OK] RU | 4160ms
2026-02-18 23:10:30 [INFO]    [PING OK] RU | 3343ms
2026-02-18 23:10:31 [INFO]    [PING OK] MD | 383ms
2026-02-18 23:10:32 [INFO]    [PING OK] UZ | 283ms
2026-02-18 23:10:32 [INFO]    [PING OK] CY | 439ms
2026-02-18 23:10:32 [INFO]    [PING OK] IR | 608ms
2026-02-18 23:10:33 [INFO]    [PING OK] HU | 307ms
2026-02-18 23:10:34 [INFO]    [PING OK] LV | 448ms
2026-02-18 23:10:34 [INFO]    [PING OK] ES | 188ms
2026-02-18 23:10:35 [INFO]    [PING OK] AT | 236ms
2026-02-18 23:10:36 [INFO]    [PING OK] DE | 159ms
2026-02-18 23:10:36 [INFO]    [PING OK] NL | 203ms
2026-02-18 23:10:36 [INFO]    [PING OK] US | 1000ms
2026-02-18 23:10:37 [INFO]    [PING OK] FI | 122ms
2026-02-18 23:10:37 [INFO]    [PING OK] NL | 200ms
2026-02-18 23:10:37 [INFO]    [PING OK] RU | 46ms
2026-02-18 23:10:39 [INFO]    [PING OK] JP | 424ms
2026-02-18 23:10:39 [INFO]    [PING OK] IT | 574ms
2026-02-18 23:10:40 [INFO]    [PING OK] FR | 822ms
2026-02-18 23:10:41 [INFO]    [PING OK] US | 638ms
2026-02-18 23:10:41 [INFO]    [PING OK] PL | 123ms
2026-02-18 23:10:41 [INFO]    [PING OK] IQ | 201ms
2026-02-18 23:11:11 [INFO] 🏎️ ЭТАП 2: Глубокий замер скорости для ТОП-10 серверов...
2026-02-18 23:11:15 [INFO]    🏆 TR | Пинг: 99ms | Скорость: 7.81 Mbps ⚡⚡
2026-02-18 23:11:15 [INFO]    🏆 PL | Пинг: 111ms | Скорость: 0.0 Mbps 
2026-02-18 23:11:15 [INFO]    🏆 FI | Пинг: 122ms | Скорость: 7.73 Mbps ⚡⚡
2026-02-18 23:11:15 [INFO]    🏆 PL | Пинг: 123ms | Скорость: 7.84 Mbps ⚡⚡
2026-02-18 23:11:15 [INFO]    🏆 TR | Пинг: 146ms | Скорость: 8.01 Mbps ⚡⚡
2026-02-18 23:11:15 [INFO]    🏆 DE | Пинг: 152ms | Скорость: 8.07 Mbps ⚡⚡
2026-02-18 23:11:15 [INFO]    🏆 DE | Пинг: 159ms | Скорость: 8.08 Mbps ⚡⚡
2026-02-18 23:11:15 [INFO]    🏆 ES | Пинг: 188ms | Скорость: 7.98 Mbps ⚡⚡
2026-02-18 23:11:15 [INFO]    🏆 DE | Пинг: 194ms | Скорость: 8.12 Mbps ⚡⚡
2026-02-18 23:11:15 [INFO]    🏆 RU | Пинг: 46ms | Скорость: 8.07 Mbps ⚡⚡
2026-02-18 23:11:15 [INFO] 🇷🇺 Добавлен RU сервер: 87.242.103.184
2026-02-18 23:11:15 [INFO] 📊 Итого в подписке сохранено: 10 серверов
2026-02-18 23:11:15 [INFO] 💾 Файл успешно сохранен: FL1PVPN
