2026-02-24 20:00:05 [INFO] 🚀 START: Smart Selector (Target: 10, ONLY FOREIGN)
2026-02-24 20:00:05 [INFO] 🌐 Загрузка источников (VLESS + VMess)...
2026-02-24 20:00:06 [INFO] 🔍 Уникальных конфигов собрано: 155
2026-02-24 20:00:06 [INFO] ⚡ ЭТАП 1: Замер Пинга и Геолокации. Workers: 40...
2026-02-24 20:00:11 [INFO]    [PING OK] IT | VLESS | 4032ms
2026-02-24 20:00:11 [INFO]    [PING OK] IT | VLESS | 4193ms
2026-02-24 20:00:12 [INFO]    [PING OK] ES | VLESS | 3957ms
2026-02-24 20:00:12 [INFO]    [PING OK] FI | VLESS | 4278ms
2026-02-24 20:00:12 [INFO]    [PING OK] ES | VLESS | 4036ms
2026-02-24 20:00:12 [INFO]    [PING OK] US | VLESS | 4367ms
2026-02-24 20:00:12 [INFO]    [PING OK] PL | VLESS | 4407ms
2026-02-24 20:00:12 [INFO]    [PING OK] ES | VLESS | 4107ms
2026-02-24 20:00:12 [INFO]    [PING OK] TR | VLESS | 4407ms
2026-02-24 20:00:12 [INFO]    [PING OK] TR | VLESS | 4259ms
2026-02-24 20:00:12 [INFO]    [PING OK] HU | VLESS | 3713ms
2026-02-24 20:00:12 [INFO]    [PING OK] HU | VLESS | 4194ms
2026-02-24 20:00:12 [INFO]    [PING OK] ES | VLESS | 4265ms
2026-02-24 20:00:12 [INFO]    [PING OK] ES | VLESS | 4288ms
2026-02-24 20:00:12 [INFO]    [PING OK] PL | VLESS | 4384ms
2026-02-24 20:00:12 [INFO]    [PING OK] EE | VLESS | 4776ms
2026-02-24 20:00:12 [INFO]    [PING OK] DE | VLESS | 3974ms
2026-02-24 20:00:12 [INFO]    [PING OK] HU | VLESS | 3996ms
2026-02-24 20:00:12 [INFO]    [PING OK] DE | VLESS | 3713ms
2026-02-24 20:00:12 [INFO]    [PING OK] TR | VLESS | 3840ms
2026-02-24 20:00:12 [INFO]    [PING OK] US | VLESS | 5233ms
2026-02-24 20:00:13 [INFO]    [PING OK] DE | VLESS | 4178ms
2026-02-24 20:00:13 [INFO]    [PING OK] TR | VLESS | 3908ms
2026-02-24 20:00:13 [INFO]    [PING OK] PL | VLESS | 4379ms
2026-02-24 20:00:13 [INFO]    [PING OK] HU | VLESS | 3816ms
2026-02-24 20:00:13 [INFO]    [PING OK] FI | VLESS | 4652ms
2026-02-24 20:00:14 [INFO]    [PING OK] HU | VLESS | 3760ms
2026-02-24 20:00:14 [INFO]    [PING OK] PL | VLESS | 4196ms
2026-02-24 20:00:15 [INFO]    [PING OK] US | VLESS | 6232ms
2026-02-24 20:00:16 [INFO]    [PING OK] PL | VLESS | 4560ms
2026-02-24 20:00:17 [INFO]    [PING OK] ES | VLESS | 4751ms
2026-02-24 20:00:17 [INFO]    [PING OK] HU | VLESS | 4674ms
2026-02-24 20:00:17 [INFO]    [PING OK] FI | VLESS | 4550ms
2026-02-24 20:00:17 [INFO]    [PING OK] PL | VLESS | 4797ms
2026-02-24 20:00:18 [INFO]    [PING OK] PL | VLESS | 4831ms
2026-02-24 20:00:18 [INFO]    [PING OK] DE | VLESS | 4909ms
2026-02-24 20:00:18 [INFO]    [PING OK] ES | VLESS | 4916ms
2026-02-24 20:00:18 [INFO]    [PING OK] NL | VLESS | 4773ms
2026-02-24 20:00:18 [INFO]    [PING OK] SE | VLESS | 4708ms
2026-02-24 20:00:18 [INFO]    [PING OK] US | VLESS | 5592ms
2026-02-24 20:00:18 [INFO]    [PING OK] US | VLESS | 5224ms
2026-02-24 20:00:18 [INFO]    [PING OK] NL | VLESS | 4215ms
2026-02-24 20:00:18 [INFO]    [PING OK] CA | VLESS | 4876ms
2026-02-24 20:00:19 [INFO]    [PING OK] US | VLESS | 5136ms
2026-02-24 20:00:19 [INFO]    [PING OK] NL | VLESS | 4926ms
2026-02-24 20:00:19 [INFO]    [PING OK] DE | VLESS | 4444ms
2026-02-24 20:00:19 [INFO]    [PING OK] CA | VLESS | 4313ms
2026-02-24 20:00:20 [INFO]    [PING OK] RS | VLESS | 4084ms
2026-02-24 20:00:20 [INFO]    [PING OK] NL | VLESS | 3894ms
2026-02-24 20:00:20 [INFO]    [PING OK] CA | VLESS | 4039ms
2026-02-24 20:00:20 [INFO]    [PING OK] DE | VLESS | 3017ms
2026-02-24 20:00:20 [INFO]    [PING OK] DE | VLESS | 3252ms
2026-02-24 20:00:20 [INFO]    [PING OK] DE | VLESS | 3316ms
2026-02-24 20:00:21 [INFO]    [PING OK] CA | VLESS | 3408ms
2026-02-24 20:00:21 [INFO]    [PING OK] CA | VLESS | 4859ms
2026-02-24 20:00:21 [INFO]    [PING OK] EE | VLESS | 3111ms
2026-02-24 20:00:21 [INFO]    [PING OK] NL | VLESS | 962ms
2026-02-24 20:00:21 [INFO]    [PING OK] CA | VLESS | 4666ms
2026-02-24 20:00:21 [INFO]    [PING OK] TR | VLESS | 1659ms
2026-02-24 20:00:21 [INFO]    [PING OK] TR | VLESS | 3906ms
2026-02-24 20:00:21 [INFO]    [PING OK] CA | VLESS | 3889ms
2026-02-24 20:00:26 [INFO] 🏎️ ЭТАП 2: Глубокий замер скорости для 40 иностранных кандидатов...
2026-02-24 20:00:30 [INFO]    🏆 NL | VLESS | Пинг: 962ms | Скорость: 5.32 Mbps ⚡⚡
2026-02-24 20:00:30 [INFO]    🏆 EE | VLESS | Пинг: 3111ms | Скорость: 5.24 Mbps ⚡⚡
2026-02-24 20:00:30 [INFO]    🏆 DE | VLESS | Пинг: 3252ms | Скорость: 5.25 Mbps ⚡⚡
2026-02-24 20:00:30 [INFO]    🏆 TR | VLESS | Пинг: 1659ms | Скорость: 4.88 Mbps ⚡⚡
2026-02-24 20:00:30 [INFO]    🏆 HU | VLESS | Пинг: 3713ms | Скорость: 5.04 Mbps ⚡⚡
2026-02-24 20:00:30 [INFO]    🏆 DE | VLESS | Пинг: 3713ms | Скорость: 4.98 Mbps ⚡⚡
2026-02-24 20:00:30 [INFO]    🏆 HU | VLESS | Пинг: 3816ms | Скорость: 5.05 Mbps ⚡⚡
2026-02-24 20:00:30 [INFO]    🏆 DE | VLESS | Пинг: 3017ms | Скорость: 4.86 Mbps ⚡⚡
2026-02-24 20:00:30 [INFO]    🏆 HU | VLESS | Пинг: 3760ms | Скорость: 4.99 Mbps ⚡⚡
2026-02-24 20:00:31 [INFO]    🏆 TR | VLESS | Пинг: 3840ms | Скорость: 4.96 Mbps ⚡⚡
2026-02-24 20:00:31 [INFO]    🏆 NL | VLESS | Пинг: 3894ms | Скорость: 5.0 Mbps ⚡⚡
2026-02-24 20:00:31 [INFO]    🏆 DE | VLESS | Пинг: 3316ms | Скорость: 4.68 Mbps ⚡⚡
2026-02-24 20:00:31 [INFO]    🏆 TR | VLESS | Пинг: 3906ms | Скорость: 4.11 Mbps ⚡⚡
2026-02-24 20:00:32 [INFO]    🏆 DE | VLESS | Пинг: 3974ms | Скорость: 13.89 Mbps ⚡⚡
2026-02-24 20:00:34 [INFO]    🏆 IT | VLESS | Пинг: 4032ms | Скорость: 8.66 Mbps ⚡⚡
2026-02-24 20:00:34 [INFO]    🏆 ES | VLESS | Пинг: 4107ms | Скорость: 8.18 Mbps ⚡⚡
2026-02-24 20:00:34 [INFO]    🏆 ES | VLESS | Пинг: 4036ms | Скорость: 8.05 Mbps ⚡⚡
2026-02-24 20:00:34 [INFO]    🏆 RS | VLESS | Пинг: 4084ms | Скорость: 7.93 Mbps ⚡⚡
2026-02-24 20:00:34 [INFO]    🏆 HU | VLESS | Пинг: 4194ms | Скорость: 8.38 Mbps ⚡⚡
2026-02-24 20:00:35 [INFO]    🏆 PL | VLESS | Пинг: 4196ms | Скорость: 6.83 Mbps ⚡⚡
2026-02-24 20:00:36 [INFO]    🏆 TR | VLESS | Пинг: 4259ms | Скорость: 8.62 Mbps ⚡⚡
2026-02-24 20:00:36 [INFO]    🏆 DE | VLESS | Пинг: 4178ms | Скорость: 4.63 Mbps ⚡⚡
2026-02-24 20:00:36 [INFO]    🏆 NL | VLESS | Пинг: 4215ms | Скорость: 8.0 Mbps ⚡⚡
2026-02-24 20:00:36 [INFO]    🏆 FI | VLESS | Пинг: 4278ms | Скорость: 10.1 Mbps ⚡⚡
2026-02-24 20:00:37 [INFO]    🏆 HU | VLESS | Пинг: 3996ms | Скорость: 3.57 Mbps ⚡⚡
2026-02-24 20:00:37 [INFO]    🏆 PL | VLESS | Пинг: 4379ms | Скорость: 8.8 Mbps ⚡⚡
2026-02-24 20:00:37 [INFO]    🏆 US | VLESS | Пинг: 4367ms | Скорость: 7.51 Mbps ⚡⚡
2026-02-24 20:00:37 [INFO]    🏆 PL | VLESS | Пинг: 4384ms | Скорость: 15.19 Mbps ⚡⚡
2026-02-24 20:00:38 [INFO]    🏆 IT | VLESS | Пинг: 4193ms | Скорость: 1.2 Mbps 
2026-02-24 20:00:38 [INFO]    🏆 TR | VLESS | Пинг: 4407ms | Скорость: 10.67 Mbps ⚡⚡
2026-02-24 20:00:39 [INFO]    🏆 DE | VLESS | Пинг: 4444ms | Скорость: 8.05 Mbps ⚡⚡
2026-02-24 20:00:40 [INFO]    🏆 ES | VLESS | Пинг: 4265ms | Скорость: 0.66 Mbps 
2026-02-24 20:00:42 [INFO]    🏆 PL | VLESS | Пинг: 4407ms | Скорость: 2.93 Mbps ⚡
2026-02-24 20:00:42 [INFO] 📊 Итого в подписке сохранено иностранных серверов: 10
2026-02-24 20:00:42 [INFO] 💾 Файл успешно сохранен: FL1PVPN
