2026-02-25 20:10:08 [INFO] 🚀 START: Smart Selector (Target: 10, ONLY FOREIGN)
2026-02-25 20:10:08 [INFO] 🌐 Загрузка источников (VLESS + VMess)...
2026-02-25 20:10:09 [INFO] 🔍 Уникальных конфигов собрано: 120
2026-02-25 20:10:09 [INFO] ⚡ ЭТАП 1: Замер Пинга и Геолокации. Workers: 40...
2026-02-25 20:10:15 [INFO]    [PING OK] NL | VLESS | 4623ms
2026-02-25 20:10:15 [INFO]    [PING OK] DE | VLESS | 4424ms
2026-02-25 20:10:15 [INFO]    [PING OK] NL | VLESS | 4547ms
2026-02-25 20:10:15 [INFO]    [PING OK] DE | VLESS | 4791ms
2026-02-25 20:10:15 [INFO]    [PING OK] DE | VLESS | 4345ms
2026-02-25 20:10:15 [INFO]    [PING OK] FI | VLESS | 4814ms
2026-02-25 20:10:15 [INFO]    [PING OK] NL | VLESS | 4669ms
2026-02-25 20:10:15 [INFO]    [PING OK] DE | VLESS | 4730ms
2026-02-25 20:10:16 [INFO]    [PING OK] NL | VLESS | 4265ms
2026-02-25 20:10:16 [INFO]    [PING OK] US | VLESS | 4147ms
2026-02-25 20:10:17 [INFO]    [PING OK] NL | VLESS | 3242ms
2026-02-25 20:10:17 [INFO]    [PING OK] CA | VLESS | 5208ms
2026-02-25 20:10:18 [INFO]    [PING OK] NL | VLESS | 8122ms
2026-02-25 20:10:19 [INFO]    [PING OK] GB | VLESS | 2664ms
2026-02-25 20:10:19 [INFO]    [PING OK] EE | VLESS | 2584ms
2026-02-25 20:10:19 [INFO]    [PING OK] US | VLESS | 3044ms
2026-02-25 20:10:19 [INFO]    [PING OK] LV | VLESS | 2541ms
2026-02-25 20:10:20 [INFO]    [PING OK] GB | VLESS | 3120ms
2026-02-25 20:10:20 [INFO]    [PING OK] FR | VLESS | 2971ms
2026-02-25 20:10:20 [INFO]    [PING OK] NL | VLESS | 2046ms
2026-02-25 20:10:20 [INFO]    [PING OK] NL | VLESS | 4112ms
2026-02-25 20:10:21 [INFO]    [PING OK] DE | VLESS | 1283ms
2026-02-25 20:10:22 [INFO]    [PING OK] NL | VLESS | 455ms
2026-02-25 20:10:22 [INFO]    [PING OK] DE | VLESS | 10077ms
2026-02-25 20:10:22 [INFO]    [PING OK] US | VLESS | 767ms
2026-02-25 20:10:23 [INFO]    [PING OK] GB | VLESS | 1600ms
2026-02-25 20:10:23 [INFO]    [PING OK] LV | VLESS | 6506ms
2026-02-25 20:10:25 [INFO]    [PING OK] US | VLESS | 5113ms
2026-02-25 20:10:33 [INFO] 🏎️ ЭТАП 2: Глубокий замер скорости для 28 иностранных кандидатов...
2026-02-25 20:10:37 [INFO]    🏆 NL | VLESS | Пинг: 2046ms | Скорость: 5.77 Mbps ⚡⚡
2026-02-25 20:10:37 [INFO]    🏆 DE | VLESS | Пинг: 1283ms | Скорость: 5.67 Mbps ⚡⚡
2026-02-25 20:10:37 [INFO]    🏆 NL | VLESS | Пинг: 4265ms | Скорость: 6.2 Mbps ⚡⚡
2026-02-25 20:10:37 [INFO]    🏆 EE | VLESS | Пинг: 2584ms | Скорость: 5.71 Mbps ⚡⚡
2026-02-25 20:10:37 [INFO]    🏆 GB | VLESS | Пинг: 2664ms | Скорость: 5.61 Mbps ⚡⚡
2026-02-25 20:10:37 [INFO]    🏆 LV | VLESS | Пинг: 2541ms | Скорость: 5.56 Mbps ⚡⚡
2026-02-25 20:10:38 [INFO]    🏆 GB | VLESS | Пинг: 3120ms | Скорость: 4.9 Mbps ⚡⚡
2026-02-25 20:10:38 [INFO]    🏆 GB | VLESS | Пинг: 1600ms | Скорость: 4.74 Mbps ⚡⚡
2026-02-25 20:10:38 [INFO]    🏆 NL | VLESS | Пинг: 455ms | Скорость: 4.48 Mbps ⚡⚡
2026-02-25 20:10:38 [INFO]    🏆 US | VLESS | Пинг: 767ms | Скорость: 4.24 Mbps ⚡⚡
2026-02-25 20:10:38 [INFO]    🏆 US | VLESS | Пинг: 4147ms | Скорость: 4.45 Mbps ⚡⚡
2026-02-25 20:10:40 [INFO]    🏆 NL | VLESS | Пинг: 4547ms | Скорость: 10.33 Mbps ⚡⚡
2026-02-25 20:10:40 [INFO]    🏆 NL | VLESS | Пинг: 4623ms | Скорость: 10.06 Mbps ⚡⚡
2026-02-25 20:10:43 [INFO]    🏆 NL | VLESS | Пинг: 4669ms | Скорость: 4.22 Mbps ⚡⚡
2026-02-25 20:10:45 [INFO]    🏆 DE | VLESS | Пинг: 10077ms | Скорость: 3.54 Mbps ⚡⚡
2026-02-25 20:10:45 [INFO] 📊 Итого в подписке сохранено иностранных серверов: 10
2026-02-25 20:10:45 [INFO] 💾 Файл успешно сохранен: FL1PVPN
