2026-02-24 13:30:06 [INFO] 🚀 START: Smart Selector (Target: 10, ONLY FOREIGN)
2026-02-24 13:30:06 [INFO] 🌐 Загрузка источников (VLESS + VMess)...
2026-02-24 13:30:06 [INFO] 🔍 Уникальных конфигов собрано: 217
2026-02-24 13:30:06 [INFO] ⚡ ЭТАП 1: Замер Пинга и Геолокации. Workers: 40...
2026-02-24 13:30:12 [INFO]    [PING OK] PL | VLESS | 4813ms
2026-02-24 13:30:12 [INFO]    [PING OK] ES | VLESS | 4818ms
2026-02-24 13:30:12 [INFO]    [PING OK] ES | VLESS | 4413ms
2026-02-24 13:30:12 [INFO]    [PING OK] DE | VLESS | 4109ms
2026-02-24 13:30:13 [INFO]    [PING OK] TR | VLESS | 4546ms
2026-02-24 13:30:13 [INFO]    [PING OK] IT | VLESS | 4619ms
2026-02-24 13:30:13 [INFO]    [PING OK] HU | VLESS | 5021ms
2026-02-24 13:30:13 [INFO]    [PING OK] PL | VLESS | 4007ms
2026-02-24 13:30:13 [INFO]    [PING OK] FI | VLESS | 4260ms
2026-02-24 13:30:13 [INFO]    [PING OK] HU | VLESS | 4310ms
2026-02-24 13:30:13 [INFO]    [PING OK] EE | VLESS | 5843ms
2026-02-24 13:30:14 [INFO]    [PING OK] FI | VLESS | 3874ms
2026-02-24 13:30:14 [INFO]    [PING OK] PL | VLESS | 4165ms
2026-02-24 13:30:14 [INFO]    [PING OK] ES | VLESS | 4256ms
2026-02-24 13:30:14 [INFO]    [PING OK] TR | VLESS | 4379ms
2026-02-24 13:30:16 [INFO]    [PING OK] HU | VLESS | 3833ms
2026-02-24 13:30:16 [INFO]    [PING OK] HU | VLESS | 4077ms
2026-02-24 13:30:17 [INFO]    [PING OK] DE | VLESS | 4148ms
2026-02-24 13:30:17 [INFO]    [PING OK] PL | VLESS | 3987ms
2026-02-24 13:30:17 [INFO]    [PING OK] DE | VLESS | 4240ms
2026-02-24 13:30:17 [INFO]    [PING OK] LV | VLESS | 7657ms
2026-02-24 13:30:17 [INFO]    [PING OK] PL | VLESS | 4149ms
2026-02-24 13:30:18 [INFO]    [PING OK] HU | VLESS | 4274ms
2026-02-24 13:30:18 [INFO]    [PING OK] DE | VLESS | 4206ms
2026-02-24 13:30:18 [INFO]    [PING OK] ES | VLESS | 3995ms
2026-02-24 13:30:18 [INFO]    [PING OK] TR | VLESS | 4237ms
2026-02-24 13:30:18 [INFO]    [PING OK] HU | VLESS | 4056ms
2026-02-24 13:30:18 [INFO]    [PING OK] ES | VLESS | 5457ms
2026-02-24 13:30:18 [INFO]    [PING OK] TR | VLESS | 4282ms
2026-02-24 13:30:19 [INFO]    [PING OK] FI | VLESS | 4207ms
2026-02-24 13:30:19 [INFO]    [PING OK] US | VLESS | 4914ms
2026-02-24 13:30:19 [INFO]    [PING OK] ES | VLESS | 4293ms
2026-02-24 13:30:19 [INFO]    [PING OK] ES | VLESS | 4138ms
2026-02-24 13:30:19 [INFO]    [PING OK] IT | VLESS | 4464ms
2026-02-24 13:30:20 [INFO]    [PING OK] LV | VLESS | 5546ms
2026-02-24 13:30:20 [INFO]    [PING OK] IT | VLESS | 4724ms
2026-02-24 13:30:22 [INFO]    [PING OK] DE | VLESS | 5718ms
2026-02-24 13:30:23 [INFO]    [PING OK] PL | VLESS | 5083ms
2026-02-24 13:30:24 [INFO]    [PING OK] DE | VLESS | 5079ms
2026-02-24 13:30:24 [INFO]    [PING OK] DE | VLESS | 5119ms
2026-02-24 13:30:24 [INFO]    [PING OK] DE | VLESS | 4823ms
2026-02-24 13:30:24 [INFO]    [PING OK] NL | VLESS | 5160ms
2026-02-24 13:30:25 [INFO]    [PING OK] LT | VLESS | 6431ms
2026-02-24 13:30:25 [INFO]    [PING OK] DE | VLESS | 4710ms
2026-02-24 13:30:26 [INFO]    [PING OK] DE | VLESS | 4627ms
2026-02-24 13:30:27 [INFO]    [PING OK] TR | VLESS | 4009ms
2026-02-24 13:30:27 [INFO]    [PING OK] DE | VLESS | 5002ms
2026-02-24 13:30:28 [INFO]    [PING OK] SG | VLESS | 4217ms
2026-02-24 13:30:29 [INFO]    [PING OK] DE | VLESS | 2775ms
2026-02-24 13:30:30 [INFO]    [PING OK] FI | VLESS | 1382ms
2026-02-24 13:30:30 [INFO]    [PING OK] NL | VLESS | 2193ms
2026-02-24 13:30:31 [INFO]    [PING OK] US | VLESS | 3576ms
2026-02-24 13:30:33 [INFO]    [PING OK] DE | VLESS | 2859ms
2026-02-24 13:30:35 [INFO] 🏎️ ЭТАП 2: Глубокий замер скорости для 40 иностранных кандидатов...
2026-02-24 13:30:39 [INFO]    🏆 DE | VLESS | Пинг: 2775ms | Скорость: 5.86 Mbps ⚡⚡
2026-02-24 13:30:39 [INFO]    🏆 PL | VLESS | Пинг: 3987ms | Скорость: 6.04 Mbps ⚡⚡
2026-02-24 13:30:39 [INFO]    🏆 PL | VLESS | Пинг: 4007ms | Скорость: 6.09 Mbps ⚡⚡
2026-02-24 13:30:39 [INFO]    🏆 HU | VLESS | Пинг: 4056ms | Скорость: 6.12 Mbps ⚡⚡
2026-02-24 13:30:39 [INFO]    🏆 HU | VLESS | Пинг: 3833ms | Скорость: 5.77 Mbps ⚡⚡
2026-02-24 13:30:39 [INFO]    🏆 DE | VLESS | Пинг: 4109ms | Скорость: 6.08 Mbps ⚡⚡
2026-02-24 13:30:39 [INFO]    🏆 ES | VLESS | Пинг: 3995ms | Скорость: 5.98 Mbps ⚡⚡
2026-02-24 13:30:39 [INFO]    🏆 FI | VLESS | Пинг: 1382ms | Скорость: 5.58 Mbps ⚡⚡
2026-02-24 13:30:39 [INFO]    🏆 NL | VLESS | Пинг: 2193ms | Скорость: 5.46 Mbps ⚡⚡
2026-02-24 13:30:39 [INFO]    🏆 FI | VLESS | Пинг: 3874ms | Скорость: 5.61 Mbps ⚡⚡
2026-02-24 13:30:42 [INFO]    🏆 TR | VLESS | Пинг: 4009ms | Скорость: 2.24 Mbps ⚡
2026-02-24 13:30:42 [INFO]    🏆 US | VLESS | Пинг: 3576ms | Скорость: 1.98 Mbps ⚡
2026-02-24 13:30:42 [INFO]    🏆 ES | VLESS | Пинг: 4138ms | Скорость: 1.81 Mbps ⚡
2026-02-24 13:30:42 [INFO]    🏆 HU | VLESS | Пинг: 4077ms | Скорость: 1.34 Mbps 
2026-02-24 13:30:43 [INFO]    🏆 DE | VLESS | Пинг: 4148ms | Скорость: 6.96 Mbps ⚡⚡
2026-02-24 13:30:43 [INFO]    🏆 PL | VLESS | Пинг: 4149ms | Скорость: 6.89 Mbps ⚡⚡
2026-02-24 13:30:43 [INFO]    🏆 PL | VLESS | Пинг: 4165ms | Скорость: 6.86 Mbps ⚡⚡
2026-02-24 13:30:43 [INFO]    🏆 ES | VLESS | Пинг: 4256ms | Скорость: 7.22 Mbps ⚡⚡
2026-02-24 13:30:44 [INFO]    🏆 SG | VLESS | Пинг: 4217ms | Скорость: 5.16 Mbps ⚡⚡
2026-02-24 13:30:44 [INFO]    🏆 FI | VLESS | Пинг: 4260ms | Скорость: 4.86 Mbps ⚡⚡
2026-02-24 13:30:45 [INFO]    🏆 TR | VLESS | Пинг: 4237ms | Скорость: 4.23 Mbps ⚡⚡
2026-02-24 13:30:45 [INFO]    🏆 HU | VLESS | Пинг: 4274ms | Скорость: 9.6 Mbps ⚡⚡
2026-02-24 13:30:45 [INFO]    🏆 HU | VLESS | Пинг: 4310ms | Скорость: 9.28 Mbps ⚡⚡
2026-02-24 13:30:45 [INFO]    🏆 ES | VLESS | Пинг: 4293ms | Скорость: 8.47 Mbps ⚡⚡
2026-02-24 13:30:45 [INFO]    🏆 TR | VLESS | Пинг: 4379ms | Скорость: 8.86 Mbps ⚡⚡
2026-02-24 13:30:45 [INFO]    🏆 TR | VLESS | Пинг: 4282ms | Скорость: 7.83 Mbps ⚡⚡
2026-02-24 13:30:46 [INFO]    🏆 IT | VLESS | Пинг: 4464ms | Скорость: 10.2 Mbps ⚡⚡
2026-02-24 13:30:46 [INFO]    🏆 IT | VLESS | Пинг: 4619ms | Скорость: 10.34 Mbps ⚡⚡
2026-02-24 13:30:46 [INFO]    🏆 ES | VLESS | Пинг: 4413ms | Скорость: 9.75 Mbps ⚡⚡
2026-02-24 13:30:47 [INFO]    🏆 IT | VLESS | Пинг: 4724ms | Скорость: 9.12 Mbps ⚡⚡
2026-02-24 13:30:47 [INFO]    🏆 DE | VLESS | Пинг: 4627ms | Скорость: 8.93 Mbps ⚡⚡
2026-02-24 13:30:47 [INFO]    🏆 PL | VLESS | Пинг: 4813ms | Скорость: 9.25 Mbps ⚡⚡
2026-02-24 13:30:47 [INFO]    🏆 DE | VLESS | Пинг: 4823ms | Скорость: 10.61 Mbps ⚡⚡
2026-02-24 13:30:48 [INFO]    🏆 TR | VLESS | Пинг: 4546ms | Скорость: 4.79 Mbps ⚡⚡
2026-02-24 13:30:50 [INFO]    🏆 DE | VLESS | Пинг: 4710ms | Скорость: 1.07 Mbps 
2026-02-24 13:30:51 [INFO]    🏆 ES | VLESS | Пинг: 4818ms | Скорость: 0.72 Mbps 
2026-02-24 13:30:51 [INFO] 📊 Итого в подписке сохранено иностранных серверов: 10
2026-02-24 13:30:51 [INFO] 💾 Файл успешно сохранен: FL1PVPN
