2026-02-22 08:50:05 [INFO] 🚀 START: Smart Selector (Target: 10, ONLY FOREIGN)
2026-02-22 08:50:05 [INFO] 🌐 Загрузка источников (VLESS + VMess)...
2026-02-22 08:50:08 [INFO] 🔍 Уникальных конфигов собрано: 263
2026-02-22 08:50:08 [INFO] ⚡ ЭТАП 1: Замер Пинга и Геолокации. Workers: 40...
2026-02-22 08:50:14 [INFO]    [PING OK] ES | VLESS | 4287ms
2026-02-22 08:50:14 [INFO]    [PING OK] DE | VLESS | 5518ms
2026-02-22 08:50:14 [INFO]    [PING OK] PL | VLESS | 3684ms
2026-02-22 08:50:14 [INFO]    [PING OK] DE | VLESS | 4336ms
2026-02-22 08:50:14 [INFO]    [PING OK] DE | VLESS | 4658ms
2026-02-22 08:50:15 [INFO]    [PING OK] CZ | VLESS | 5067ms
2026-02-22 08:50:15 [INFO]    [PING OK] NL | VLESS | 3724ms
2026-02-22 08:50:15 [INFO]    [PING OK] HU | VLESS | 3553ms
2026-02-22 08:50:15 [INFO]    [PING OK] IT | VLESS | 3615ms
2026-02-22 08:50:15 [INFO]    [PING OK] DE | VLESS | 5935ms
2026-02-22 08:50:16 [INFO]    [PING OK] IT | VLESS | 4153ms
2026-02-22 08:50:18 [INFO]    [PING OK] TR | VLESS | 4121ms
2026-02-22 08:50:18 [INFO]    [PING OK] HU | VLESS | 3997ms
2026-02-22 08:50:18 [INFO]    [PING OK] NL | VLESS | 4297ms
2026-02-22 08:50:19 [INFO]    [PING OK] PL | VLESS | 4496ms
2026-02-22 08:50:19 [INFO]    [PING OK] DE | VLESS | 4793ms
2026-02-22 08:50:19 [INFO]    [PING OK] PL | VLESS | 4477ms
2026-02-22 08:50:19 [INFO]    [PING OK] NL | VLESS | 4680ms
2026-02-22 08:50:20 [INFO]    [PING OK] IT | VLESS | 5060ms
2026-02-22 08:50:20 [INFO]    [PING OK] IT | VLESS | 4774ms
2026-02-22 08:50:20 [INFO]    [PING OK] ES | VLESS | 4913ms
2026-02-22 08:50:20 [INFO]    [PING OK] PL | VLESS | 4822ms
2026-02-22 08:50:20 [INFO]    [PING OK] EE | VLESS | 5265ms
2026-02-22 08:50:21 [INFO]    [PING OK] PL | VLESS | 5311ms
2026-02-22 08:50:21 [INFO]    [PING OK] TR | VLESS | 5319ms
2026-02-22 08:50:21 [INFO]    [PING OK] IT | VLESS | 5251ms
2026-02-22 08:50:21 [INFO]    [PING OK] NL | VLESS | 5024ms
2026-02-22 08:50:21 [INFO]    [PING OK] PL | VLESS | 4870ms
2026-02-22 08:50:21 [INFO]    [PING OK] ES | VLESS | 5233ms
2026-02-22 08:50:23 [INFO]    [PING OK] DE | VLESS | 7703ms
2026-02-22 08:50:23 [INFO]    [PING OK] HU | VLESS | 5617ms
2026-02-22 08:50:24 [INFO]    [PING OK] PL | VLESS | 5454ms
2026-02-22 08:50:24 [INFO]    [PING OK] ES | VLESS | 5523ms
2026-02-22 08:50:25 [INFO]    [PING OK] HU | VLESS | 5862ms
2026-02-22 08:50:25 [INFO]    [PING OK] TR | VLESS | 5794ms
2026-02-22 08:50:25 [INFO]    [PING OK] TR | VLESS | 5817ms
2026-02-22 08:50:26 [INFO]    [PING OK] US | VLESS | 5190ms
2026-02-22 08:50:26 [INFO]    [PING OK] CA | VLESS | 5624ms
2026-02-22 08:50:26 [INFO]    [PING OK] PL | VLESS | 6761ms
2026-02-22 08:50:26 [INFO]    [PING OK] CA | VLESS | 5530ms
2026-02-22 08:50:27 [INFO]    [PING OK] CA | VLESS | 5445ms
2026-02-22 08:50:27 [INFO]    [PING OK] CA | VLESS | 5359ms
2026-02-22 08:50:27 [INFO]    [PING OK] CA | VLESS | 5572ms
2026-02-22 08:50:28 [INFO]    [PING OK] TR | VLESS | 7245ms
2026-02-22 08:50:28 [INFO]    [PING OK] DE | VLESS | 5028ms
2026-02-22 08:50:29 [INFO]    [PING OK] CA | VLESS | 6071ms
2026-02-22 08:50:29 [INFO]    [PING OK] CA | VLESS | 5350ms
2026-02-22 08:50:30 [INFO]    [PING OK] FR | VLESS | 5464ms
2026-02-22 08:50:31 [INFO]    [PING OK] CA | VLESS | 5405ms
2026-02-22 08:50:31 [INFO]    [PING OK] CA | VLESS | 5450ms
2026-02-22 08:50:32 [INFO]    [PING OK] CA | VLESS | 5560ms
2026-02-22 08:50:32 [INFO]    [PING OK] NL | VLESS | 5365ms
2026-02-22 08:50:32 [INFO]    [PING OK] CA | VLESS | 5567ms
2026-02-22 08:50:32 [INFO]    [PING OK] CA | VLESS | 5760ms
2026-02-22 08:50:32 [INFO]    [PING OK] CA | VLESS | 5641ms
2026-02-22 08:50:33 [INFO]    [PING OK] DE | VLESS | 4423ms
2026-02-22 08:50:33 [INFO]    [PING OK] DE | VLESS | 1949ms
2026-02-22 08:50:33 [INFO]    [PING OK] NL | VLESS | 1820ms
2026-02-22 08:50:33 [INFO]    [PING OK] CA | VLESS | 3315ms
2026-02-22 08:50:33 [INFO]    [PING OK] CA | VLESS | 3715ms
2026-02-22 08:50:33 [INFO]    [PING OK] CA | VLESS | 6863ms
2026-02-22 08:50:33 [INFO]    [PING OK] DE | VLESS | 3460ms
2026-02-22 08:50:33 [INFO]    [PING OK] CA | VLESS | 3673ms
2026-02-22 08:50:33 [INFO]    [PING OK] CA | VLESS | 3536ms
2026-02-22 08:50:33 [INFO]    [PING OK] CA | VLESS | 3069ms
2026-02-22 08:50:34 [INFO]    [PING OK] CA | VLESS | 2546ms
2026-02-22 08:50:34 [INFO]    [PING OK] CA | VLESS | 3845ms
2026-02-22 08:50:38 [INFO] 🏎️ ЭТАП 2: Глубокий замер скорости для 40 иностранных кандидатов...
2026-02-22 08:50:41 [INFO]    🏆 DE | VLESS | Пинг: 1949ms | Скорость: 6.84 Mbps ⚡⚡
2026-02-22 08:50:41 [INFO]    🏆 HU | VLESS | Пинг: 3553ms | Скорость: 7.01 Mbps ⚡⚡
2026-02-22 08:50:41 [INFO]    🏆 NL | VLESS | Пинг: 1820ms | Скорость: 6.77 Mbps ⚡⚡
2026-02-22 08:50:41 [INFO]    🏆 PL | VLESS | Пинг: 3684ms | Скорость: 7.08 Mbps ⚡⚡
2026-02-22 08:50:41 [INFO]    🏆 NL | VLESS | Пинг: 3724ms | Скорость: 7.1 Mbps ⚡⚡
2026-02-22 08:50:41 [INFO]    🏆 HU | VLESS | Пинг: 3997ms | Скорость: 7.04 Mbps ⚡⚡
2026-02-22 08:50:42 [INFO]    🏆 IT | VLESS | Пинг: 3615ms | Скорость: 5.26 Mbps ⚡⚡
2026-02-22 08:50:44 [INFO]    🏆 NL | VLESS | Пинг: 4297ms | Скорость: 11.25 Mbps ⚡⚡
2026-02-22 08:50:44 [INFO]    🏆 ES | VLESS | Пинг: 4287ms | Скорость: 9.81 Mbps ⚡⚡
2026-02-22 08:50:44 [INFO]    🏆 CA | VLESS | Пинг: 3315ms | Скорость: 1.12 Mbps 
2026-02-22 08:50:44 [INFO]    🏆 CA | VLESS | Пинг: 2546ms | Скорость: 0.71 Mbps 
2026-02-22 08:50:44 [INFO]    🏆 CA | VLESS | Пинг: 3069ms | Скорость: 0.68 Mbps 
2026-02-22 08:50:45 [INFO]    🏆 PL | VLESS | Пинг: 4477ms | Скорость: 10.71 Mbps ⚡⚡
2026-02-22 08:50:45 [INFO]    🏆 CA | VLESS | Пинг: 3673ms | Скорость: 0.78 Mbps 
2026-02-22 08:50:45 [INFO]    🏆 DE | VLESS | Пинг: 4336ms | Скорость: 7.62 Mbps ⚡⚡
2026-02-22 08:50:45 [INFO]    🏆 NL | VLESS | Пинг: 4680ms | Скорость: 10.63 Mbps ⚡⚡
2026-02-22 08:50:45 [INFO]    🏆 PL | VLESS | Пинг: 4496ms | Скорость: 9.58 Mbps ⚡⚡
2026-02-22 08:50:45 [INFO]    🏆 DE | VLESS | Пинг: 4423ms | Скорость: 6.45 Mbps ⚡⚡
2026-02-22 08:50:45 [INFO]    🏆 DE | VLESS | Пинг: 4658ms | Скорость: 8.1 Mbps ⚡⚡
2026-02-22 08:50:47 [INFO]    🏆 IT | VLESS | Пинг: 4774ms | Скорость: 9.18 Mbps ⚡⚡
2026-02-22 08:50:47 [INFO]    🏆 PL | VLESS | Пинг: 4822ms | Скорость: 9.83 Mbps ⚡⚡
2026-02-22 08:50:47 [INFO]    🏆 NL | VLESS | Пинг: 5024ms | Скорость: 10.38 Mbps ⚡⚡
2026-02-22 08:50:47 [INFO]    🏆 PL | VLESS | Пинг: 4870ms | Скорость: 9.89 Mbps ⚡⚡
2026-02-22 08:50:47 [INFO]    🏆 ES | VLESS | Пинг: 4913ms | Скорость: 9.64 Mbps ⚡⚡
2026-02-22 08:50:48 [INFO]    🏆 TR | VLESS | Пинг: 4121ms | Скорость: 2.09 Mbps ⚡
2026-02-22 08:50:48 [INFO]    🏆 US | VLESS | Пинг: 5190ms | Скорость: 7.94 Mbps ⚡⚡
2026-02-22 08:50:48 [INFO]    🏆 DE | VLESS | Пинг: 5028ms | Скорость: 6.46 Mbps ⚡⚡
2026-02-22 08:50:49 [INFO]    🏆 TR | VLESS | Пинг: 5319ms | Скорость: 13.93 Mbps ⚡⚡
2026-02-22 08:50:49 [INFO]    🏆 ES | VLESS | Пинг: 5233ms | Скорость: 5.27 Mbps ⚡⚡
2026-02-22 08:50:51 [INFO]    🏆 CZ | VLESS | Пинг: 5067ms | Скорость: 3.36 Mbps ⚡⚡
2026-02-22 08:50:52 [INFO]    🏆 IT | VLESS | Пинг: 5251ms | Скорость: 0.91 Mbps 
2026-02-22 08:50:54 [INFO] 📊 Итого в подписке сохранено иностранных серверов: 10
2026-02-22 08:50:54 [INFO] 💾 Файл успешно сохранен: FL1PVPN
