2026-02-19 16:50:05 [INFO] 🚀 START: Smart VPN Selector (Target: 10, Strict Mode)
2026-02-19 16:50:05 [INFO] 🌐 Загрузка источников...
2026-02-19 16:50:09 [INFO] 🔍 Уникальных конфигов собрано: 1204
2026-02-19 16:50:09 [INFO] ⚡ ЭТАП 1: Быстрый замер Пинга (Workers: 25)...
2026-02-19 16:50:10 [INFO]    [PING OK] RU | 326ms
2026-02-19 16:50:12 [INFO]    [PING OK] RU | 1069ms
2026-02-19 16:50:14 [INFO]    [PING OK] DE | 2963ms
2026-02-19 16:50:15 [INFO]    [PING OK] RU | 2381ms
2026-02-19 16:50:16 [INFO]    [PING OK] RU | 170ms
2026-02-19 16:50:17 [INFO]    [PING OK] DE | 201ms
2026-02-19 16:50:18 [INFO]    [PING OK] DE | 174ms
2026-02-19 16:50:23 [INFO]    [PING OK] RU | 161ms
2026-02-19 16:50:23 [INFO]    [PING OK] RU | 755ms
2026-02-19 16:50:24 [INFO]    [PING OK] RU | 453ms
2026-02-19 16:50:24 [INFO]    [PING OK] RU | 307ms
2026-02-19 16:50:24 [INFO]    [PING OK] RU | 237ms
2026-02-19 16:50:25 [INFO]    [PING OK] RU | 223ms
2026-02-19 16:50:25 [INFO]    [PING OK] RU | 285ms
2026-02-19 16:50:25 [INFO]    [PING OK] RU | 772ms
2026-02-19 16:50:26 [INFO]    [PING OK] RU | 335ms
2026-02-19 16:50:26 [INFO]    [PING OK] RU | 1708ms
2026-02-19 16:50:26 [INFO]    [PING OK] RU | 451ms
2026-02-19 16:50:26 [INFO]    [PING OK] RU | 229ms
2026-02-19 16:50:26 [INFO]    [PING OK] RU | 2889ms
2026-02-19 16:50:26 [INFO]    [PING OK] RU | 3576ms
2026-02-19 16:50:26 [INFO]    [PING OK] RU | 269ms
2026-02-19 16:50:27 [INFO]    [PING OK] RU | 2740ms
2026-02-19 16:50:27 [INFO]    [PING OK] RU | 1455ms
2026-02-19 16:50:27 [INFO]    [PING OK] RU | 357ms
2026-02-19 16:50:27 [INFO]    [PING OK] RU | 320ms
2026-02-19 16:50:27 [INFO]    [PING OK] RU | 849ms
2026-02-19 16:50:27 [INFO]    [PING OK] RU | 298ms
2026-02-19 16:50:27 [INFO]    [PING OK] RU | 244ms
2026-02-19 16:50:27 [INFO]    [PING OK] RU | 320ms
2026-02-19 16:50:28 [INFO]    [PING OK] RU | 619ms
2026-02-19 16:50:28 [INFO]    [PING OK] RU | 186ms
2026-02-19 16:50:28 [INFO]    [PING OK] RU | 359ms
2026-02-19 16:50:28 [INFO]    [PING OK] RU | 1877ms
2026-02-19 16:50:28 [INFO]    [PING OK] RU | 316ms
2026-02-19 16:50:28 [INFO]    [PING OK] RU | 1453ms
2026-02-19 16:50:28 [INFO]    [PING OK] RU | 292ms
2026-02-19 16:50:28 [INFO]    [PING OK] RU | 237ms
2026-02-19 16:50:28 [INFO]    [PING OK] RU | 231ms
2026-02-19 16:50:28 [INFO]    [PING OK] RU | 403ms
2026-02-19 16:50:28 [INFO]    [PING OK] RU | 2142ms
2026-02-19 16:50:28 [INFO]    [PING OK] RU | 1755ms
2026-02-19 16:50:28 [INFO]    [PING OK] RU | 137ms
2026-02-19 16:50:28 [INFO]    [PING OK] RU | 4799ms
2026-02-19 16:50:29 [INFO]    [PING OK] RU | 957ms
2026-02-19 16:50:29 [INFO]    [PING OK] RU | 672ms
2026-02-19 16:50:29 [INFO]    [PING OK] GB | 152ms
2026-02-19 16:50:29 [INFO]    [PING OK] RU | 901ms
2026-02-19 16:50:29 [INFO]    [PING OK] AE | 152ms
2026-02-19 16:50:29 [INFO]    [PING OK] RU | 829ms
2026-02-19 16:50:29 [INFO]    [PING OK] RU | 908ms
2026-02-19 16:50:30 [INFO]    [PING OK] US | 418ms
2026-02-19 16:50:30 [INFO]    [PING OK] RU | 1910ms
2026-02-19 16:50:30 [INFO]    [PING OK] IT | 1697ms
2026-02-19 16:50:31 [INFO]    [PING OK] LV | 324ms
2026-02-19 16:50:31 [INFO]    [PING OK] DE | 155ms
2026-02-19 16:50:31 [INFO]    [PING OK] US | 284ms
2026-02-19 16:50:32 [INFO]    [PING OK] US | 447ms
2026-02-19 16:50:32 [INFO]    [PING OK] MD | 510ms
2026-02-19 16:50:32 [INFO]    [PING OK] GB | 1734ms
2026-02-19 16:50:32 [INFO]    [PING OK] UZ | 410ms
2026-02-19 16:50:32 [INFO]    [PING OK] RU | 3748ms
2026-02-19 16:50:32 [INFO]    [PING OK] FR | 155ms
2026-02-19 16:50:33 [INFO]    [PING OK] MD | 220ms
2026-02-19 16:50:33 [INFO]    [PING OK] JP | 403ms
2026-02-19 16:50:33 [INFO]    [PING OK] US | 389ms
2026-02-19 16:50:34 [INFO]    [PING OK] US | 387ms
2026-02-19 16:50:34 [INFO]    [PING OK] US | 269ms
2026-02-19 16:50:35 [INFO]    [PING OK] IL | 259ms
2026-02-19 16:50:35 [INFO]    [PING OK] BG | 201ms
2026-02-19 16:50:35 [INFO]    [PING OK] GB | 126ms
2026-02-19 16:50:36 [INFO]    [PING OK] US | 538ms
2026-02-19 16:50:36 [INFO]    [PING OK] GB | 145ms
2026-02-19 16:50:36 [INFO]    [PING OK] GR | 177ms
2026-02-19 16:50:36 [INFO]    [PING OK] MX | 334ms
2026-02-19 16:50:36 [INFO]    [PING OK] US | 370ms
2026-02-19 16:50:37 [INFO]    [PING OK] DE | 230ms
2026-02-19 16:50:37 [INFO]    [PING OK] PL | 136ms
2026-02-19 16:50:37 [INFO]    [PING OK] GB | 197ms
2026-02-19 16:50:37 [INFO]    [PING OK] HK | 1498ms
2026-02-19 16:50:37 [INFO]    [PING OK] CA | 2528ms
2026-02-19 16:50:37 [INFO]    [PING OK] DE | 137ms
2026-02-19 16:50:38 [INFO]    [PING OK] CA | 391ms
2026-02-19 16:50:38 [INFO]    [PING OK] CY | 826ms
2026-02-19 16:50:38 [INFO]    [PING OK] US | 457ms
2026-02-19 16:50:38 [INFO]    [PING OK] NL | 259ms
2026-02-19 16:50:39 [INFO]    [PING OK] DE | 218ms
2026-02-19 16:50:39 [INFO]    [PING OK] SG | 1597ms
2026-02-19 16:50:39 [INFO]    [PING OK] HK | 1421ms
2026-02-19 16:50:40 [INFO]    [PING OK] TR | 244ms
2026-02-19 16:50:40 [INFO]    [PING OK] RU | 1094ms
2026-02-19 16:50:40 [INFO]    [PING OK] IQ | 393ms
2026-02-19 16:50:40 [INFO]    [PING OK] US | 627ms
2026-02-19 16:50:40 [INFO]    [PING OK] US | 402ms
2026-02-19 16:50:41 [INFO]    [PING OK] US | 3137ms
2026-02-19 16:50:41 [INFO]    [PING OK] GB | 1735ms
2026-02-19 16:50:41 [INFO]    [PING OK] SG | 1046ms
2026-02-19 16:50:41 [INFO]    [PING OK] NL | 251ms
2026-02-19 16:50:41 [INFO]    [PING OK] US | 385ms
2026-02-19 16:50:41 [INFO]    [PING OK] AT | 3447ms
2026-02-19 16:50:42 [INFO]    [PING OK] GB | 147ms
2026-02-19 16:50:42 [INFO]    [PING OK] AU | 934ms
2026-02-19 16:50:42 [INFO]    [PING OK] GB | 4504ms
2026-02-19 16:50:42 [INFO]    [PING OK] FR | 140ms
2026-02-19 16:50:42 [INFO]    [PING OK] GB | 115ms
2026-02-19 16:50:42 [INFO]    [PING OK] PL | 118ms
2026-02-19 16:50:43 [INFO]    [PING OK] TR | 1238ms
2026-02-19 16:50:44 [INFO]    [PING OK] MD | 1825ms
2026-02-19 16:50:52 [INFO]    [PING OK] DE | 183ms
2026-02-19 16:50:56 [INFO]    [PING OK] GB | 185ms
2026-02-19 16:50:57 [INFO]    [PING OK] GB | 206ms
2026-02-19 16:51:03 [INFO]    [PING OK] GB | 191ms
2026-02-19 16:51:04 [INFO]    [PING OK] FR | 140ms
2026-02-19 16:51:05 [INFO]    [PING OK] DE | 190ms
2026-02-19 16:51:08 [INFO]    [PING OK] DE | 366ms
2026-02-19 16:51:10 [INFO]    [PING OK] FR | 120ms
2026-02-19 16:51:11 [INFO]    [PING OK] GB | 161ms
2026-02-19 16:51:13 [INFO]    [PING OK] DE | 140ms
2026-02-19 16:51:15 [INFO]    [PING OK] SG | 2413ms
2026-02-19 16:51:18 [INFO]    [PING OK] JP | 604ms
2026-02-19 16:51:19 [INFO]    [PING OK] US | 240ms
2026-02-19 16:51:21 [INFO]    [PING OK] RU | 626ms
2026-02-19 16:51:21 [INFO]    [PING OK] GB | 121ms
2026-02-19 16:51:21 [INFO]    [PING OK] GB | 150ms
2026-02-19 16:51:22 [INFO]    [PING OK] GB | 649ms
2026-02-19 16:51:23 [INFO]    [PING OK] GB | 145ms
2026-02-19 16:51:23 [INFO]    [PING OK] RU | 2337ms
2026-02-19 16:51:23 [INFO]    [PING OK] DE | 1154ms
2026-02-19 16:51:24 [INFO]    [PING OK] GB | 245ms
2026-02-19 16:51:24 [INFO]    [PING OK] GB | 151ms
2026-02-19 16:51:25 [INFO]    [PING OK] RU | 493ms
2026-02-19 16:51:26 [INFO]    [PING OK] DE | 1539ms
2026-02-19 16:51:26 [INFO]    [PING OK] GB | 448ms
2026-02-19 16:51:27 [INFO]    [PING OK] RU | 153ms
2026-02-19 16:51:29 [INFO]    [PING OK] US | 559ms
2026-02-19 16:51:30 [INFO]    [PING OK] DE | 1834ms
2026-02-19 16:51:30 [INFO]    [PING OK] RU | 2983ms
2026-02-19 16:51:31 [INFO]    [PING OK] GB | 2705ms
2026-02-19 16:51:33 [INFO]    [PING OK] TR | 294ms
2026-02-19 16:51:33 [INFO]    [PING OK] GB | 2374ms
2026-02-19 16:51:33 [INFO]    [PING OK] NO | 640ms
2026-02-19 16:51:35 [INFO]    [PING OK] GB | 721ms
2026-02-19 16:51:35 [INFO]    [PING OK] FI | 182ms
2026-02-19 16:51:37 [INFO]    [PING OK] RU | 369ms
2026-02-19 16:51:37 [INFO]    [PING OK] GB | 145ms
2026-02-19 16:51:37 [INFO]    [PING OK] GB | 239ms
2026-02-19 16:51:38 [INFO]    [PING OK] SE | 299ms
2026-02-19 16:51:38 [INFO]    [PING OK] RU | 3336ms
2026-02-19 16:51:39 [INFO]    [PING OK] RU | 256ms
2026-02-19 16:51:41 [INFO]    [PING OK] RU | 176ms
2026-02-19 16:51:43 [INFO]    [PING OK] RU | 537ms
2026-02-19 16:51:43 [INFO]    [PING OK] RU | 3643ms
2026-02-19 16:51:44 [INFO]    [PING OK] TW | 2791ms
2026-02-19 16:51:44 [INFO]    [PING OK] RU | 760ms
2026-02-19 16:51:44 [INFO]    [PING OK] DE | 959ms
2026-02-19 16:51:45 [INFO]    [PING OK] NL | 342ms
2026-02-19 16:51:47 [INFO]    [PING OK] RU | 3219ms
2026-02-19 16:51:48 [INFO]    [PING OK] DE | 446ms
2026-02-19 16:51:56 [INFO] 🏎️ ЭТАП 2: Глубокий замер скорости для ТОП-10 серверов...
2026-02-19 16:52:03 [INFO]    🏆 GB | Пинг: 115ms | Скорость: 8.39 Mbps ⚡⚡
2026-02-19 16:52:03 [INFO]    🏆 PL | Пинг: 118ms | Скорость: 0.0 Mbps 
2026-02-19 16:52:03 [INFO]    🏆 FR | Пинг: 120ms | Скорость: 8.28 Mbps ⚡⚡
2026-02-19 16:52:03 [INFO]    🏆 GB | Пинг: 121ms | Скорость: 8.39 Mbps ⚡⚡
2026-02-19 16:52:03 [INFO]    🏆 GB | Пинг: 126ms | Скорость: 8.52 Mbps ⚡⚡
2026-02-19 16:52:03 [INFO]    🏆 PL | Пинг: 136ms | Скорость: 8.71 Mbps ⚡⚡
2026-02-19 16:52:03 [INFO]    🏆 DE | Пинг: 137ms | Скорость: 4.7 Mbps ⚡⚡
2026-02-19 16:52:03 [INFO]    🏆 FR | Пинг: 140ms | Скорость: 8.77 Mbps ⚡⚡
2026-02-19 16:52:03 [INFO]    🏆 FR | Пинг: 140ms | Скорость: 0.68 Mbps 
2026-02-19 16:52:03 [INFO]    🏆 RU | Пинг: 137ms | Скорость: 8.77 Mbps ⚡⚡
2026-02-19 16:52:03 [INFO] 🇷🇺 Добавлен RU сервер: 185.39.206.226
2026-02-19 16:52:03 [INFO] 📊 Итого в подписке сохранено: 10 серверов
2026-02-19 16:52:03 [INFO] 💾 Файл успешно сохранен: FL1PVPN
