2026-02-16 19:30:06 [INFO] 🚀 START: Smart VLESS Selector (Target: 10, Strict Mode)
2026-02-16 19:30:06 [INFO] 🌐 Загрузка источников...
2026-02-16 19:30:08 [INFO] 🔍 Уникальных конфигов собрано: 506
2026-02-16 19:30:08 [INFO] ⚡ ЭТАП 1: Быстрый замер Пинга (Workers: 25)...
2026-02-16 19:30:09 [INFO]    [PING OK] DE | 176ms
2026-02-16 19:30:09 [INFO]    [PING OK] DE | 163ms
2026-02-16 19:30:09 [INFO]    [PING OK] DE | 331ms
2026-02-16 19:30:11 [INFO]    [PING OK] DE | 216ms
2026-02-16 19:30:12 [INFO]    [PING OK] DE | 183ms
2026-02-16 19:30:16 [INFO]    [PING OK] RU | 189ms
2026-02-16 19:30:17 [INFO]    [PING OK] RU | 300ms
2026-02-16 19:30:17 [INFO]    [PING OK] RU | 193ms
2026-02-16 19:30:17 [INFO]    [PING OK] RU | 92ms
2026-02-16 19:30:17 [INFO]    [PING OK] RU | 303ms
2026-02-16 19:30:17 [INFO]    [PING OK] RU | 138ms
2026-02-16 19:30:17 [INFO]    [PING OK] RU | 942ms
2026-02-16 19:30:18 [INFO]    [PING OK] RU | 178ms
2026-02-16 19:30:18 [INFO]    [PING OK] RU | 325ms
2026-02-16 19:30:18 [INFO]    [PING OK] RU | 246ms
2026-02-16 19:30:18 [INFO]    [PING OK] RU | 242ms
2026-02-16 19:30:18 [INFO]    [PING OK] RU | 338ms
2026-02-16 19:30:18 [INFO]    [PING OK] RU | 461ms
2026-02-16 19:30:19 [INFO]    [PING OK] RU | 1103ms
2026-02-16 19:30:19 [INFO]    [PING OK] RU | 279ms
2026-02-16 19:30:19 [INFO]    [PING OK] RU | 354ms
2026-02-16 19:30:19 [INFO]    [PING OK] RU | 355ms
2026-02-16 19:30:19 [INFO]    [PING OK] RU | 225ms
2026-02-16 19:30:19 [INFO]    [PING OK] RU | 95ms
2026-02-16 19:30:20 [INFO]    [PING OK] RU | 325ms
2026-02-16 19:30:20 [INFO]    [PING OK] RU | 334ms
2026-02-16 19:30:20 [INFO]    [PING OK] RU | 269ms
2026-02-16 19:30:20 [INFO]    [PING OK] RU | 1539ms
2026-02-16 19:30:20 [INFO]    [PING OK] RU | 1826ms
2026-02-16 19:30:20 [INFO]    [PING OK] RU | 269ms
2026-02-16 19:30:21 [INFO]    [PING OK] RU | 259ms
2026-02-16 19:30:21 [INFO]    [PING OK] RU | 342ms
2026-02-16 19:30:21 [INFO]    [PING OK] RU | 1039ms
2026-02-16 19:30:21 [INFO]    [PING OK] RU | 233ms
2026-02-16 19:30:21 [INFO]    [PING OK] RU | 1240ms
2026-02-16 19:30:21 [INFO]    [PING OK] RU | 497ms
2026-02-16 19:30:21 [INFO]    [PING OK] US | 198ms
2026-02-16 19:30:21 [INFO]    [PING OK] RU | 542ms
2026-02-16 19:30:21 [INFO]    [PING OK] RU | 72ms
2026-02-16 19:30:21 [INFO]    [PING OK] RU | 149ms
2026-02-16 19:30:22 [INFO]    [PING OK] RU | 259ms
2026-02-16 19:30:22 [INFO]    [PING OK] FI | 254ms
2026-02-16 19:30:22 [INFO]    [PING OK] PL | 187ms
2026-02-16 19:30:22 [INFO]    [PING OK] RU | 209ms
2026-02-16 19:30:22 [INFO]    [PING OK] RU | 279ms
2026-02-16 19:30:22 [INFO]    [PING OK] RU | 2291ms
2026-02-16 19:30:22 [INFO]    [PING OK] RU | 141ms
2026-02-16 19:30:22 [INFO]    [PING OK] DE | 1434ms
2026-02-16 19:30:22 [INFO]    [PING OK] RU | 2844ms
2026-02-16 19:30:23 [INFO]    [PING OK] RU | 1414ms
2026-02-16 19:30:23 [INFO]    [PING OK] RU | 217ms
2026-02-16 19:30:23 [INFO]    [PING OK] RU | 577ms
2026-02-16 19:30:23 [INFO]    [PING OK] RU | 2886ms
2026-02-16 19:30:23 [INFO]    [PING OK] RU | 316ms
2026-02-16 19:30:23 [INFO]    [PING OK] RU | 137ms
2026-02-16 19:30:23 [INFO]    [PING OK] RU | 335ms
2026-02-16 19:30:23 [INFO]    [PING OK] RU | 300ms
2026-02-16 19:30:23 [INFO]    [PING OK] RU | 1514ms
2026-02-16 19:30:24 [INFO]    [PING OK] RU | 1930ms
2026-02-16 19:30:24 [INFO]    [PING OK] RU | 4283ms
2026-02-16 19:30:24 [INFO]    [PING OK] RU | 142ms
2026-02-16 19:30:24 [INFO]    [PING OK] NL | 180ms
2026-02-16 19:30:24 [INFO]    [PING OK] PL | 165ms
2026-02-16 19:30:24 [INFO]    [PING OK] DE | 173ms
2026-02-16 19:30:24 [INFO]    [PING OK] RU | 160ms
2026-02-16 19:30:24 [INFO]    [PING OK] RU | 216ms
2026-02-16 19:30:24 [INFO]    [PING OK] RU | 318ms
2026-02-16 19:30:24 [INFO]    [PING OK] DE | 176ms
2026-02-16 19:30:24 [INFO]    [PING OK] FI | 208ms
2026-02-16 19:30:24 [INFO]    [PING OK] RU | 152ms
2026-02-16 19:30:25 [INFO]    [PING OK] RU | 1374ms
2026-02-16 19:30:25 [INFO]    [PING OK] RU | 97ms
2026-02-16 19:30:25 [INFO]    [PING OK] RU | 234ms
2026-02-16 19:30:25 [INFO]    [PING OK] RU | 356ms
2026-02-16 19:30:25 [INFO]    [PING OK] RU | 2319ms
2026-02-16 19:30:25 [INFO]    [PING OK] RU | 118ms
2026-02-16 19:30:25 [INFO]    [PING OK] NL | 215ms
2026-02-16 19:30:25 [INFO]    [PING OK] RU | 212ms
2026-02-16 19:30:26 [INFO]    [PING OK] RU | 317ms
2026-02-16 19:30:26 [INFO]    [PING OK] RU | 339ms
2026-02-16 19:30:26 [INFO]    [PING OK] PL | 182ms
2026-02-16 19:30:26 [INFO]    [PING OK] RU | 211ms
2026-02-16 19:30:27 [INFO]    [PING OK] RU | 2520ms
2026-02-16 19:30:27 [INFO]    [PING OK] RU | 906ms
2026-02-16 19:30:27 [INFO]    [PING OK] RU | 1578ms
2026-02-16 19:30:27 [INFO]    [PING OK] RU | 1299ms
2026-02-16 19:30:27 [INFO]    [PING OK] NL | 1317ms
2026-02-16 19:30:28 [INFO]    [PING OK] RU | 858ms
2026-02-16 19:30:28 [INFO]    [PING OK] RU | 4295ms
2026-02-16 19:30:28 [INFO]    [PING OK] RU | 908ms
2026-02-16 19:30:28 [INFO]    [PING OK] RU | 3225ms
2026-02-16 19:30:28 [INFO]    [PING OK] RU | 3385ms
2026-02-16 19:30:28 [INFO]    [PING OK] RU | 1293ms
2026-02-16 19:30:28 [INFO]    [PING OK] PL | 142ms
2026-02-16 19:30:30 [INFO]    [PING OK] RU | 3983ms
2026-02-16 19:30:31 [INFO]    [PING OK] RU | 4786ms
2026-02-16 19:30:33 [INFO]    [PING OK] US | 533ms
2026-02-16 19:30:34 [INFO]    [PING OK] DE | 168ms
2026-02-16 19:30:38 [INFO]    [PING OK] DE | 161ms
2026-02-16 19:30:41 [INFO]    [PING OK] DE | 195ms
2026-02-16 19:30:46 [INFO]    [PING OK] FR | 296ms
2026-02-16 19:30:53 [INFO]    [PING OK] RU | 140ms
2026-02-16 19:30:57 [INFO]    [PING OK] DE | 190ms
2026-02-16 19:30:58 [INFO]    [PING OK] US | 850ms
2026-02-16 19:30:59 [INFO]    [PING OK] US | 593ms
2026-02-16 19:30:59 [INFO]    [PING OK] US | 636ms
2026-02-16 19:31:02 [INFO]    [PING OK] PL | 543ms
2026-02-16 19:31:02 [INFO]    [PING OK] NL | 488ms
2026-02-16 19:31:05 [INFO]    [PING OK] DE | 173ms
2026-02-16 19:31:07 [INFO]    [PING OK] NL | 158ms
2026-02-16 19:31:08 [INFO]    [PING OK] NL | 214ms
2026-02-16 19:31:08 [INFO]    [PING OK] FI | 329ms
2026-02-16 19:31:09 [INFO]    [PING OK] DE | 1905ms
2026-02-16 19:31:15 [INFO]    [PING OK] SE | 232ms
2026-02-16 19:31:15 [INFO]    [PING OK] US | 1015ms
2026-02-16 19:31:16 [INFO]    [PING OK] DE | 390ms
2026-02-16 19:31:17 [INFO]    [PING OK] GB | 459ms
2026-02-16 19:31:19 [INFO]    [PING OK] FR | 1491ms
2026-02-16 19:31:24 [INFO] 🏎️ ЭТАП 2: Глубокий замер скорости для ТОП-10 серверов...
2026-02-16 19:31:29 [INFO]    🏆 PL | Пинг: 142ms | Скорость: 8.17 Mbps ⚡⚡
2026-02-16 19:31:29 [INFO]    🏆 NL | Пинг: 158ms | Скорость: 8.3 Mbps ⚡⚡
2026-02-16 19:31:29 [INFO]    🏆 DE | Пинг: 161ms | Скорость: 8.12 Mbps ⚡⚡
2026-02-16 19:31:29 [INFO]    🏆 DE | Пинг: 163ms | Скорость: 8.28 Mbps ⚡⚡
2026-02-16 19:31:29 [INFO]    🏆 PL | Пинг: 165ms | Скорость: 8.46 Mbps ⚡⚡
2026-02-16 19:31:29 [INFO]    🏆 DE | Пинг: 168ms | Скорость: 8.28 Mbps ⚡⚡
2026-02-16 19:31:29 [INFO]    🏆 DE | Пинг: 173ms | Скорость: 8.48 Mbps ⚡⚡
2026-02-16 19:31:29 [INFO]    🏆 DE | Пинг: 173ms | Скорость: 4.39 Mbps ⚡⚡
2026-02-16 19:31:29 [INFO]    🏆 DE | Пинг: 176ms | Скорость: 8.51 Mbps ⚡⚡
2026-02-16 19:31:29 [INFO]    🏆 RU | Пинг: 72ms | Скорость: 0.0 Mbps 
2026-02-16 19:31:29 [INFO] 🇷🇺 Добавлен RU сервер: 95.163.211.158
2026-02-16 19:31:29 [INFO] 📊 Итого в подписке сохранено: 10 серверов
2026-02-16 19:31:29 [INFO] 💾 Файл успешно сохранен: FL1PVPN
