2026-02-22 09:00:06 [INFO] 🚀 START: Smart Selector (Target: 10, ONLY FOREIGN)
2026-02-22 09:00:06 [INFO] 🌐 Загрузка источников (VLESS + VMess)...
2026-02-22 09:00:08 [INFO] 🔍 Уникальных конфигов собрано: 260
2026-02-22 09:00:08 [INFO] ⚡ ЭТАП 1: Замер Пинга и Геолокации. Workers: 40...
2026-02-22 09:00:15 [INFO]    [PING OK] PL | VLESS | 3581ms
2026-02-22 09:00:15 [INFO]    [PING OK] PL | VLESS | 3436ms
2026-02-22 09:00:15 [INFO]    [PING OK] HU | VLESS | 3435ms
2026-02-22 09:00:15 [INFO]    [PING OK] NL | VLESS | 3274ms
2026-02-22 09:00:15 [INFO]    [PING OK] TR | VLESS | 3537ms
2026-02-22 09:00:15 [INFO]    [PING OK] DE | VLESS | 5352ms
2026-02-22 09:00:15 [INFO]    [PING OK] EE | VLESS | 4039ms
2026-02-22 09:00:16 [INFO]    [PING OK] IT | VLESS | 3210ms
2026-02-22 09:00:16 [INFO]    [PING OK] DE | VLESS | 7200ms
2026-02-22 09:00:16 [INFO]    [PING OK] DE | VLESS | 6230ms
2026-02-22 09:00:16 [INFO]    [PING OK] DE | VLESS | 6118ms
2026-02-22 09:00:17 [INFO]    [PING OK] IT | VLESS | 2533ms
2026-02-22 09:00:17 [INFO]    [PING OK] TR | VLESS | 2837ms
2026-02-22 09:00:17 [INFO]    [PING OK] PL | VLESS | 7046ms
2026-02-22 09:00:17 [INFO]    [PING OK] HU | VLESS | 2864ms
2026-02-22 09:00:17 [INFO]    [PING OK] ES | VLESS | 2898ms
2026-02-22 09:00:18 [INFO]    [PING OK] PL | VLESS | 3310ms
2026-02-22 09:00:18 [INFO]    [PING OK] PL | VLESS | 2785ms
2026-02-22 09:00:18 [INFO]    [PING OK] IT | VLESS | 3406ms
2026-02-22 09:00:18 [INFO]    [PING OK] NL | VLESS | 2632ms
2026-02-22 09:00:18 [INFO]    [PING OK] PL | VLESS | 2618ms
2026-02-22 09:00:18 [INFO]    [PING OK] HU | VLESS | 2665ms
2026-02-22 09:00:19 [INFO]    [PING OK] HU | VLESS | 2813ms
2026-02-22 09:00:19 [INFO]    [PING OK] TR | VLESS | 4230ms
2026-02-22 09:00:19 [INFO]    [PING OK] PL | VLESS | 2778ms
2026-02-22 09:00:19 [INFO]    [PING OK] DE | VLESS | 4475ms
2026-02-22 09:00:19 [INFO]    [PING OK] DE | VLESS | 3226ms
2026-02-22 09:00:19 [INFO]    [PING OK] IT | VLESS | 3199ms
2026-02-22 09:00:19 [INFO]    [PING OK] PL | VLESS | 2636ms
2026-02-22 09:00:19 [INFO]    [PING OK] CA | VLESS | 4593ms
2026-02-22 09:00:19 [INFO]    [PING OK] ES | VLESS | 2828ms
2026-02-22 09:00:20 [INFO]    [PING OK] ES | VLESS | 3396ms
2026-02-22 09:00:20 [INFO]    [PING OK] PL | VLESS | 4684ms
2026-02-22 09:00:20 [INFO]    [PING OK] ES | VLESS | 3036ms
2026-02-22 09:00:21 [INFO]    [PING OK] US | VLESS | 5053ms
2026-02-22 09:00:21 [INFO]    [PING OK] TR | VLESS | 3834ms
2026-02-22 09:00:21 [INFO]    [PING OK] PL | VLESS | 3627ms
2026-02-22 09:00:21 [INFO]    [PING OK] NL | VLESS | 3596ms
2026-02-22 09:00:21 [INFO]    [PING OK] TR | VLESS | 3576ms
2026-02-22 09:00:22 [INFO]    [PING OK] HU | VLESS | 3841ms
2026-02-22 09:00:22 [INFO]    [PING OK] ES | VLESS | 3837ms
2026-02-22 09:00:23 [INFO]    [PING OK] HU | VLESS | 4674ms
2026-02-22 09:00:24 [INFO]    [PING OK] NL | VLESS | 4591ms
2026-02-22 09:00:24 [INFO]    [PING OK] HU | VLESS | 4499ms
2026-02-22 09:00:24 [INFO]    [PING OK] TR | VLESS | 4781ms
2026-02-22 09:00:24 [INFO]    [PING OK] HU | VLESS | 4702ms
2026-02-22 09:00:24 [INFO]    [PING OK] PL | VLESS | 5134ms
2026-02-22 09:00:25 [INFO]    [PING OK] DE | VLESS | 5100ms
2026-02-22 09:00:25 [INFO]    [PING OK] ES | VLESS | 4531ms
2026-02-22 09:00:25 [INFO]    [PING OK] ES | VLESS | 4917ms
2026-02-22 09:00:25 [INFO]    [PING OK] PL | VLESS | 4654ms
2026-02-22 09:00:25 [INFO]    [PING OK] CA | VLESS | 4958ms
2026-02-22 09:00:25 [INFO]    [PING OK] DE | VLESS | 5024ms
2026-02-22 09:00:26 [INFO]    [PING OK] LV | VLESS | 4976ms
2026-02-22 09:00:26 [INFO]    [PING OK] CA | VLESS | 5037ms
2026-02-22 09:00:27 [INFO]    [PING OK] DE | VLESS | 5117ms
2026-02-22 09:00:29 [INFO]    [PING OK] CA | VLESS | 4673ms
2026-02-22 09:00:29 [INFO]    [PING OK] CA | VLESS | 4544ms
2026-02-22 09:00:29 [INFO]    [PING OK] CA | VLESS | 4974ms
2026-02-22 09:00:30 [INFO]    [PING OK] CA | VLESS | 4760ms
2026-02-22 09:00:30 [INFO]    [PING OK] RS | VLESS | 4914ms
2026-02-22 09:00:31 [INFO]    [PING OK] CA | VLESS | 4902ms
2026-02-22 09:00:31 [INFO]    [PING OK] CA | VLESS | 4793ms
2026-02-22 09:00:31 [INFO]    [PING OK] CA | VLESS | 3996ms
2026-02-22 09:00:32 [INFO]    [PING OK] CA | VLESS | 4387ms
2026-02-22 09:00:32 [INFO]    [PING OK] DE | VLESS | 4004ms
2026-02-22 09:00:33 [INFO]    [PING OK] CA | VLESS | 4304ms
2026-02-22 09:00:33 [INFO]    [PING OK] DE | VLESS | 3884ms
2026-02-22 09:00:33 [INFO]    [PING OK] CA | VLESS | 4418ms
2026-02-22 09:00:33 [INFO]    [PING OK] FR | VLESS | 3938ms
2026-02-22 09:00:33 [INFO]    [PING OK] US | VLESS | 5566ms
2026-02-22 09:00:34 [INFO]    [PING OK] CA | VLESS | 4495ms
2026-02-22 09:00:34 [INFO]    [PING OK] CA | VLESS | 4120ms
2026-02-22 09:00:34 [INFO]    [PING OK] CA | VLESS | 4098ms
2026-02-22 09:00:35 [INFO]    [PING OK] CA | VLESS | 4254ms
2026-02-22 09:00:35 [INFO]    [PING OK] NL | VLESS | 3804ms
2026-02-22 09:00:36 [INFO]    [PING OK] FR | VLESS | 4316ms
2026-02-22 09:00:36 [INFO]    [PING OK] DE | VLESS | 1729ms
2026-02-22 09:00:36 [INFO]    [PING OK] US | VLESS | 3121ms
2026-02-22 09:00:36 [INFO]    [PING OK] US | VLESS | 2759ms
2026-02-22 09:00:36 [INFO]    [PING OK] CA | VLESS | 2915ms
2026-02-22 09:00:36 [INFO]    [PING OK] CA | VLESS | 3120ms
2026-02-22 09:00:37 [INFO]    [PING OK] CA | VLESS | 2579ms
2026-02-22 09:00:37 [INFO]    [PING OK] CA | VLESS | 2335ms
2026-02-22 09:00:39 [INFO]    [PING OK] CA | VLESS | 7120ms
2026-02-22 09:00:41 [INFO] 🏎️ ЭТАП 2: Глубокий замер скорости для 40 иностранных кандидатов...
2026-02-22 09:00:45 [INFO]    🏆 PL | VLESS | Пинг: 2636ms | Скорость: 6.69 Mbps ⚡⚡
2026-02-22 09:00:45 [INFO]    🏆 PL | VLESS | Пинг: 2778ms | Скорость: 6.85 Mbps ⚡⚡
2026-02-22 09:00:45 [INFO]    🏆 NL | VLESS | Пинг: 2632ms | Скорость: 6.66 Mbps ⚡⚡
2026-02-22 09:00:45 [INFO]    🏆 PL | VLESS | Пинг: 2618ms | Скорость: 6.43 Mbps ⚡⚡
2026-02-22 09:00:45 [INFO]    🏆 ES | VLESS | Пинг: 2828ms | Скорость: 6.68 Mbps ⚡⚡
2026-02-22 09:00:45 [INFO]    🏆 TR | VLESS | Пинг: 2837ms | Скорость: 6.68 Mbps ⚡⚡
2026-02-22 09:00:45 [INFO]    🏆 HU | VLESS | Пинг: 2813ms | Скорость: 6.5 Mbps ⚡⚡
2026-02-22 09:00:45 [INFO]    🏆 US | VLESS | Пинг: 2759ms | Скорость: 6.01 Mbps ⚡⚡
2026-02-22 09:00:46 [INFO]    🏆 PL | VLESS | Пинг: 2785ms | Скорость: 4.38 Mbps ⚡⚡
2026-02-22 09:00:46 [INFO]    🏆 HU | VLESS | Пинг: 2665ms | Скорость: 4.23 Mbps ⚡⚡
2026-02-22 09:00:48 [INFO]    🏆 CA | VLESS | Пинг: 2335ms | Скорость: 0.85 Mbps 
2026-02-22 09:00:48 [INFO]    🏆 CA | VLESS | Пинг: 2579ms | Скорость: 0.78 Mbps 
2026-02-22 09:00:48 [INFO]    🏆 ES | VLESS | Пинг: 3036ms | Скорость: 8.61 Mbps ⚡⚡
2026-02-22 09:00:48 [INFO]    🏆 HU | VLESS | Пинг: 2864ms | Скорость: 0.83 Mbps 
2026-02-22 09:00:48 [INFO]    🏆 NL | VLESS | Пинг: 3274ms | Скорость: 17.85 Mbps ⚡⚡
2026-02-22 09:00:48 [INFO]    🏆 PL | VLESS | Пинг: 3310ms | Скорость: 18.99 Mbps ⚡⚡
2026-02-22 09:00:49 [INFO]    🏆 US | VLESS | Пинг: 3121ms | Скорость: 5.45 Mbps ⚡⚡
2026-02-22 09:00:50 [INFO]    🏆 HU | VLESS | Пинг: 3435ms | Скорость: 11.68 Mbps ⚡⚡
2026-02-22 09:00:50 [INFO]    🏆 PL | VLESS | Пинг: 3436ms | Скорость: 10.71 Mbps ⚡⚡
2026-02-22 09:00:51 [INFO]    🏆 TR | VLESS | Пинг: 3576ms | Скорость: 8.76 Mbps ⚡⚡
2026-02-22 09:00:51 [INFO]    🏆 TR | VLESS | Пинг: 3537ms | Скорость: 8.36 Mbps ⚡⚡
2026-02-22 09:00:51 [INFO]    🏆 PL | VLESS | Пинг: 3581ms | Скорость: 9.73 Mbps ⚡⚡
2026-02-22 09:00:51 [INFO]    🏆 PL | VLESS | Пинг: 3627ms | Скорость: 11.02 Mbps ⚡⚡
2026-02-22 09:00:51 [INFO]    🏆 NL | VLESS | Пинг: 3804ms | Скорость: 10.61 Mbps ⚡⚡
2026-02-22 09:00:51 [INFO]    🏆 ES | VLESS | Пинг: 2898ms | Скорость: 2.99 Mbps ⚡
2026-02-22 09:00:52 [INFO]    🏆 CA | VLESS | Пинг: 2915ms | Скорость: 0.66 Mbps 
2026-02-22 09:00:52 [INFO]    🏆 HU | VLESS | Пинг: 3841ms | Скорость: 20.98 Mbps ⚡⚡
2026-02-22 09:00:53 [INFO]    🏆 ES | VLESS | Пинг: 3837ms | Скорость: 9.66 Mbps ⚡⚡
2026-02-22 09:00:54 [INFO]    🏆 IT | VLESS | Пинг: 3406ms | Скорость: 1.04 Mbps 
2026-02-22 09:00:55 [INFO]    🏆 ES | VLESS | Пинг: 3396ms | Скорость: 2.73 Mbps ⚡
2026-02-22 09:00:57 [INFO]    🏆 FR | VLESS | Пинг: 3938ms | Скорость: 3.71 Mbps ⚡⚡
2026-02-22 09:00:57 [INFO]    🏆 DE | VLESS | Пинг: 3884ms | Скорость: 3.65 Mbps ⚡⚡
2026-02-22 09:00:57 [INFO] 📊 Итого в подписке сохранено иностранных серверов: 10
2026-02-22 09:00:57 [INFO] 💾 Файл успешно сохранен: FL1PVPN
