2026-02-22 14:20:05 [INFO] 🚀 START: Smart Selector (Target: 10, ONLY FOREIGN)
2026-02-22 14:20:05 [INFO] 🌐 Загрузка источников (VLESS + VMess)...
2026-02-22 14:20:07 [INFO] 🔍 Уникальных конфигов собрано: 256
2026-02-22 14:20:07 [INFO] ⚡ ЭТАП 1: Замер Пинга и Геолокации. Workers: 40...
2026-02-22 14:20:14 [INFO]    [PING OK] DE | VLESS | 5989ms
2026-02-22 14:20:14 [INFO]    [PING OK] DE | VLESS | 6349ms
2026-02-22 14:20:14 [INFO]    [PING OK] DE | VLESS | 6524ms
2026-02-22 14:20:15 [INFO]    [PING OK] DE | VLESS | 5834ms
2026-02-22 14:20:17 [INFO]    [PING OK] DE | VLESS | 9074ms
2026-02-22 14:20:17 [INFO]    [PING OK] DE | VLESS | 7647ms
2026-02-22 14:20:17 [INFO]    [PING OK] DE | VLESS | 9810ms
2026-02-22 14:20:18 [INFO]    [PING OK] HU | VLESS | 4044ms
2026-02-22 14:20:18 [INFO]    [PING OK] HU | VLESS | 4291ms
2026-02-22 14:20:18 [INFO]    [PING OK] PL | VLESS | 4456ms
2026-02-22 14:20:18 [INFO]    [PING OK] PL | VLESS | 4115ms
2026-02-22 14:20:18 [INFO]    [PING OK] ES | VLESS | 4019ms
2026-02-22 14:20:18 [INFO]    [PING OK] IT | VLESS | 4114ms
2026-02-22 14:20:19 [INFO]    [PING OK] ES | VLESS | 4024ms
2026-02-22 14:20:19 [INFO]    [PING OK] ES | VLESS | 3750ms
2026-02-22 14:20:19 [INFO]    [PING OK] TR | VLESS | 4001ms
2026-02-22 14:20:19 [INFO]    [PING OK] HU | VLESS | 3396ms
2026-02-22 14:20:19 [INFO]    [PING OK] ES | VLESS | 3236ms
2026-02-22 14:20:20 [INFO]    [PING OK] DE | VLESS | 2967ms
2026-02-22 14:20:20 [INFO]    [PING OK] HU | VLESS | 2947ms
2026-02-22 14:20:21 [INFO]    [PING OK] DE | VLESS | 7775ms
2026-02-22 14:20:22 [INFO]    [PING OK] ES | VLESS | 3839ms
2026-02-22 14:20:22 [INFO]    [PING OK] PL | VLESS | 3766ms
2026-02-22 14:20:22 [INFO]    [PING OK] HU | VLESS | 3748ms
2026-02-22 14:20:22 [INFO]    [PING OK] PL | VLESS | 3917ms
2026-02-22 14:20:23 [INFO]    [PING OK] PL | VLESS | 3815ms
2026-02-22 14:20:23 [INFO]    [PING OK] NL | VLESS | 3878ms
2026-02-22 14:20:23 [INFO]    [PING OK] PL | VLESS | 4341ms
2026-02-22 14:20:24 [INFO]    [PING OK] NL | VLESS | 4219ms
2026-02-22 14:20:25 [INFO]    [PING OK] TR | VLESS | 4685ms
2026-02-22 14:20:25 [INFO]    [PING OK] HU | VLESS | 4630ms
2026-02-22 14:20:25 [INFO]    [PING OK] NL | VLESS | 4970ms
2026-02-22 14:20:28 [INFO]    [PING OK] NL | VLESS | 4720ms
2026-02-22 14:20:29 [INFO]    [PING OK] DE | VLESS | 3589ms
2026-02-22 14:20:30 [INFO]    [PING OK] FI | VLESS | 4247ms
2026-02-22 14:20:32 [INFO]    [PING OK] CA | VLESS | 7516ms
2026-02-22 14:20:32 [INFO]    [PING OK] DE | VLESS | 2105ms
2026-02-22 14:20:33 [INFO]    [PING OK] NL | VLESS | 1588ms
2026-02-22 14:20:34 [INFO]    [PING OK] DE | VLESS | 747ms
2026-02-22 14:20:34 [INFO]    [PING OK] BY | VLESS | 450ms
2026-02-22 14:20:38 [INFO] 🏎️ ЭТАП 2: Глубокий замер скорости для 40 иностранных кандидатов...
2026-02-22 14:20:42 [INFO]    🏆 DE | VLESS | Пинг: 747ms | Скорость: 5.92 Mbps ⚡⚡
2026-02-22 14:20:43 [INFO]    🏆 ES | VLESS | Пинг: 3839ms | Скорость: 6.15 Mbps ⚡⚡
2026-02-22 14:20:43 [INFO]    🏆 HU | VLESS | Пинг: 3396ms | Скорость: 6.0 Mbps ⚡⚡
2026-02-22 14:20:43 [INFO]    🏆 ES | VLESS | Пинг: 3236ms | Скорость: 5.89 Mbps ⚡⚡
2026-02-22 14:20:43 [INFO]    🏆 NL | VLESS | Пинг: 1588ms | Скорость: 5.8 Mbps ⚡⚡
2026-02-22 14:20:43 [INFO]    🏆 DE | VLESS | Пинг: 3589ms | Скорость: 5.98 Mbps ⚡⚡
2026-02-22 14:20:43 [INFO]    🏆 PL | VLESS | Пинг: 3815ms | Скорость: 6.14 Mbps ⚡⚡
2026-02-22 14:20:43 [INFO]    🏆 DE | VLESS | Пинг: 2967ms | Скорость: 5.83 Mbps ⚡⚡
2026-02-22 14:20:43 [INFO]    🏆 NL | VLESS | Пинг: 3878ms | Скорость: 6.12 Mbps ⚡⚡
2026-02-22 14:20:43 [INFO]    🏆 BY | VLESS | Пинг: 450ms | Скорость: 5.46 Mbps ⚡⚡
2026-02-22 14:20:43 [INFO]    🏆 HU | VLESS | Пинг: 2947ms | Скорость: 5.18 Mbps ⚡⚡
2026-02-22 14:20:43 [INFO]    🏆 HU | VLESS | Пинг: 3748ms | Скорость: 5.05 Mbps ⚡⚡
2026-02-22 14:20:45 [INFO]    🏆 PL | VLESS | Пинг: 3766ms | Скорость: 2.31 Mbps ⚡
2026-02-22 14:20:45 [INFO]    🏆 ES | VLESS | Пинг: 3750ms | Скорость: 1.42 Mbps 
2026-02-22 14:20:45 [INFO]    🏆 DE | VLESS | Пинг: 2105ms | Скорость: 1.4 Mbps 
2026-02-22 14:20:46 [INFO]    🏆 PL | VLESS | Пинг: 3917ms | Скорость: 7.86 Mbps ⚡⚡
2026-02-22 14:20:46 [INFO]    🏆 NL | VLESS | Пинг: 4219ms | Скорость: 7.52 Mbps ⚡⚡
2026-02-22 14:20:46 [INFO]    🏆 IT | VLESS | Пинг: 4114ms | Скорость: 6.99 Mbps ⚡⚡
2026-02-22 14:20:46 [INFO]    🏆 HU | VLESS | Пинг: 4044ms | Скорость: 6.98 Mbps ⚡⚡
2026-02-22 14:20:46 [INFO]    🏆 ES | VLESS | Пинг: 4024ms | Скорость: 6.79 Mbps ⚡⚡
2026-02-22 14:20:46 [INFO]    🏆 HU | VLESS | Пинг: 4291ms | Скорость: 7.14 Mbps ⚡⚡
2026-02-22 14:20:47 [INFO]    🏆 TR | VLESS | Пинг: 4001ms | Скорость: 6.28 Mbps ⚡⚡
2026-02-22 14:20:47 [INFO]    🏆 ES | VLESS | Пинг: 4019ms | Скорость: 5.97 Mbps ⚡⚡
2026-02-22 14:20:48 [INFO]    🏆 HU | VLESS | Пинг: 4630ms | Скорость: 8.35 Mbps ⚡⚡
2026-02-22 14:20:49 [INFO]    🏆 NL | VLESS | Пинг: 4720ms | Скорость: 8.87 Mbps ⚡⚡
2026-02-22 14:20:49 [INFO]    🏆 NL | VLESS | Пинг: 4970ms | Скорость: 10.23 Mbps ⚡⚡
2026-02-22 14:20:49 [INFO]    🏆 TR | VLESS | Пинг: 4685ms | Скорость: 7.66 Mbps ⚡⚡
2026-02-22 14:20:49 [INFO]    🏆 FI | VLESS | Пинг: 4247ms | Скорость: 3.03 Mbps ⚡⚡
2026-02-22 14:20:49 [INFO]    🏆 PL | VLESS | Пинг: 4115ms | Скорость: 0.77 Mbps 
2026-02-22 14:20:50 [INFO]    🏆 DE | VLESS | Пинг: 5989ms | Скорость: 6.53 Mbps ⚡⚡
2026-02-22 14:20:53 [INFO]    🏆 DE | VLESS | Пинг: 6349ms | Скорость: 0.87 Mbps 
2026-02-22 14:20:53 [INFO] 📊 Итого в подписке сохранено иностранных серверов: 10
2026-02-22 14:20:53 [INFO] 💾 Файл успешно сохранен: FL1PVPN
