2026-02-22 01:30:05 [INFO] 🚀 START: Smart Selector (Target: 10, ONLY FOREIGN)
2026-02-22 01:30:05 [INFO] 🌐 Загрузка источников (VLESS + VMess)...
2026-02-22 01:30:08 [INFO] 🔍 Уникальных конфигов собрано: 268
2026-02-22 01:30:08 [INFO] ⚡ ЭТАП 1: Замер Пинга и Геолокации. Workers: 40...
2026-02-22 01:30:13 [INFO]    [PING OK] IT | VLESS | 4103ms
2026-02-22 01:30:13 [INFO]    [PING OK] DE | VLESS | 4813ms
2026-02-22 01:30:14 [INFO]    [PING OK] PL | VLESS | 4362ms
2026-02-22 01:30:14 [INFO]    [PING OK] HU | VLESS | 4053ms
2026-02-22 01:30:15 [INFO]    [PING OK] DE | VLESS | 4866ms
2026-02-22 01:30:16 [INFO]    [PING OK] DE | VLESS | 3900ms
2026-02-22 01:30:19 [INFO]    [PING OK] PL | VLESS | 4800ms
2026-02-22 01:30:19 [INFO]    [PING OK] DE | VLESS | 4623ms
2026-02-22 01:30:19 [INFO]    [PING OK] DE | VLESS | 5080ms
2026-02-22 01:30:19 [INFO]    [PING OK] ES | VLESS | 4698ms
2026-02-22 01:30:19 [INFO]    [PING OK] TR | VLESS | 5340ms
2026-02-22 01:30:19 [INFO]    [PING OK] PL | VLESS | 5088ms
2026-02-22 01:30:20 [INFO]    [PING OK] HU | VLESS | 4839ms
2026-02-22 01:30:20 [INFO]    [PING OK] PL | VLESS | 4853ms
2026-02-22 01:30:20 [INFO]    [PING OK] ES | VLESS | 4938ms
2026-02-22 01:30:20 [INFO]    [PING OK] IT | VLESS | 4700ms
2026-02-22 01:30:21 [INFO]    [PING OK] PL | VLESS | 4297ms
2026-02-22 01:30:21 [INFO]    [PING OK] ES | VLESS | 4332ms
2026-02-22 01:30:21 [INFO]    [PING OK] PL | VLESS | 4392ms
2026-02-22 01:30:21 [INFO]    [PING OK] PL | VLESS | 4647ms
2026-02-22 01:30:23 [INFO]    [PING OK] PL | VLESS | 5267ms
2026-02-22 01:30:24 [INFO]    [PING OK] TR | VLESS | 5469ms
2026-02-22 01:30:24 [INFO]    [PING OK] EE | VLESS | 5095ms
2026-02-22 01:30:25 [INFO]    [PING OK] ES | VLESS | 5284ms
2026-02-22 01:30:25 [INFO]    [PING OK] DE | VLESS | 5296ms
2026-02-22 01:30:25 [INFO]    [PING OK] HU | VLESS | 5307ms
2026-02-22 01:30:25 [INFO]    [PING OK] HU | VLESS | 5265ms
2026-02-22 01:30:25 [INFO]    [PING OK] DE | VLESS | 5086ms
2026-02-22 01:30:25 [INFO]    [PING OK] DE | VLESS | 5095ms
2026-02-22 01:30:25 [INFO]    [PING OK] DE | VLESS | 5254ms
2026-02-22 01:30:26 [INFO]    [PING OK] CA | VLESS | 5194ms
2026-02-22 01:30:26 [INFO]    [PING OK] NL | VLESS | 5293ms
2026-02-22 01:30:26 [INFO]    [PING OK] KZ | VLESS | 4692ms
2026-02-22 01:30:27 [INFO]    [PING OK] US | VLESS | 5999ms
2026-02-22 01:30:27 [INFO]    [PING OK] CA | VLESS | 5362ms
2026-02-22 01:30:28 [INFO]    [PING OK] CA | VLESS | 5075ms
2026-02-22 01:30:29 [INFO]    [PING OK] CA | VLESS | 5150ms
2026-02-22 01:30:29 [INFO]    [PING OK] US | VLESS | 6619ms
2026-02-22 01:30:30 [INFO]    [PING OK] CA | VLESS | 5467ms
2026-02-22 01:30:30 [INFO]    [PING OK] CA | VLESS | 5496ms
2026-02-22 01:30:31 [INFO]    [PING OK] CA | VLESS | 5332ms
2026-02-22 01:30:31 [INFO]    [PING OK] LV | VLESS | 5258ms
2026-02-22 01:30:31 [INFO]    [PING OK] FI | VLESS | 5065ms
2026-02-22 01:30:31 [INFO]    [PING OK] CA | VLESS | 5866ms
2026-02-22 01:30:31 [INFO]    [PING OK] CA | VLESS | 5429ms
2026-02-22 01:30:32 [INFO]    [PING OK] CA | VLESS | 5678ms
2026-02-22 01:30:32 [INFO]    [PING OK] CA | VLESS | 5474ms
2026-02-22 01:30:32 [INFO]    [PING OK] CA | VLESS | 5576ms
2026-02-22 01:30:32 [INFO]    [PING OK] CA | VLESS | 5344ms
2026-02-22 01:30:32 [INFO]    [PING OK] CA | VLESS | 5516ms
2026-02-22 01:30:32 [INFO]    [PING OK] CA | VLESS | 5660ms
2026-02-22 01:30:32 [INFO]    [PING OK] GB | VLESS | 5292ms
2026-02-22 01:30:32 [INFO]    [PING OK] CA | VLESS | 5456ms
2026-02-22 01:30:33 [INFO]    [PING OK] CA | VLESS | 5181ms
2026-02-22 01:30:34 [INFO]    [PING OK] DE | VLESS | 4787ms
2026-02-22 01:30:34 [INFO]    [PING OK] CA | VLESS | 4939ms
2026-02-22 01:30:34 [INFO]    [PING OK] CA | VLESS | 5296ms
2026-02-22 01:30:35 [INFO]    [PING OK] CA | VLESS | 4522ms
2026-02-22 01:30:35 [INFO]    [PING OK] CA | VLESS | 3510ms
2026-02-22 01:30:35 [INFO]    [PING OK] CA | VLESS | 5037ms
2026-02-22 01:30:35 [INFO]    [PING OK] CA | VLESS | 4712ms
2026-02-22 01:30:35 [INFO]    [PING OK] CA | VLESS | 4012ms
2026-02-22 01:30:35 [INFO]    [PING OK] CA | VLESS | 2434ms
2026-02-22 01:30:35 [INFO]    [PING OK] CA | VLESS | 2422ms
2026-02-22 01:30:35 [INFO]    [PING OK] CA | VLESS | 3678ms
2026-02-22 01:30:36 [INFO]    [PING OK] CA | VLESS | 2596ms
2026-02-22 01:30:36 [INFO]    [PING OK] CA | VLESS | 3110ms
2026-02-22 01:30:36 [INFO]    [PING OK] CA | VLESS | 3033ms
2026-02-22 01:30:36 [INFO]    [PING OK] CA | VLESS | 3197ms
2026-02-22 01:30:39 [INFO] 🏎️ ЭТАП 2: Глубокий замер скорости для 40 иностранных кандидатов...
2026-02-22 01:30:43 [INFO]    🏆 ES | VLESS | Пинг: 4332ms | Скорость: 6.13 Mbps ⚡⚡
2026-02-22 01:30:43 [INFO]    🏆 PL | VLESS | Пинг: 4297ms | Скорость: 6.07 Mbps ⚡⚡
2026-02-22 01:30:43 [INFO]    🏆 PL | VLESS | Пинг: 4362ms | Скорость: 6.14 Mbps ⚡⚡
2026-02-22 01:30:43 [INFO]    🏆 HU | VLESS | Пинг: 4053ms | Скорость: 5.9 Mbps ⚡⚡
2026-02-22 01:30:43 [INFO]    🏆 IT | VLESS | Пинг: 4103ms | Скорость: 5.85 Mbps ⚡⚡
2026-02-22 01:30:44 [INFO]    🏆 DE | VLESS | Пинг: 3900ms | Скорость: 5.65 Mbps ⚡⚡
2026-02-22 01:30:45 [INFO]    🏆 PL | VLESS | Пинг: 4392ms | Скорость: 11.33 Mbps ⚡⚡
2026-02-22 01:30:46 [INFO]    🏆 CA | VLESS | Пинг: 3110ms | Скорость: 0.67 Mbps 
2026-02-22 01:30:46 [INFO]    🏆 DE | VLESS | Пинг: 4623ms | Скорость: 9.57 Mbps ⚡⚡
2026-02-22 01:30:47 [INFO]    🏆 IT | VLESS | Пинг: 4700ms | Скорость: 8.57 Mbps ⚡⚡
2026-02-22 01:30:47 [INFO]    🏆 PL | VLESS | Пинг: 4647ms | Скорость: 8.38 Mbps ⚡⚡
2026-02-22 01:30:47 [INFO]    🏆 ES | VLESS | Пинг: 4698ms | Скорость: 8.28 Mbps ⚡⚡
2026-02-22 01:30:47 [INFO]    🏆 DE | VLESS | Пинг: 4787ms | Скорость: 11.05 Mbps ⚡⚡
2026-02-22 01:30:47 [INFO]    🏆 KZ | VLESS | Пинг: 4692ms | Скорость: 7.94 Mbps ⚡⚡
2026-02-22 01:30:47 [INFO]    🏆 PL | VLESS | Пинг: 4800ms | Скорость: 10.93 Mbps ⚡⚡
2026-02-22 01:30:49 [INFO]    🏆 PL | VLESS | Пинг: 4853ms | Скорость: 11.45 Mbps ⚡⚡
2026-02-22 01:30:49 [INFO]    🏆 HU | VLESS | Пинг: 4839ms | Скорость: 10.63 Mbps ⚡⚡
2026-02-22 01:30:49 [INFO]    🏆 ES | VLESS | Пинг: 4938ms | Скорость: 11.12 Mbps ⚡⚡
2026-02-22 01:30:49 [INFO]    🏆 DE | VLESS | Пинг: 4813ms | Скорость: 6.56 Mbps ⚡⚡
2026-02-22 01:30:50 [INFO]    🏆 DE | VLESS | Пинг: 5080ms | Скорость: 8.44 Mbps ⚡⚡
2026-02-22 01:30:50 [INFO]    🏆 DE | VLESS | Пинг: 5086ms | Скорость: 8.44 Mbps ⚡⚡
2026-02-22 01:30:50 [INFO]    🏆 EE | VLESS | Пинг: 5095ms | Скорость: 8.34 Mbps ⚡⚡
2026-02-22 01:30:50 [INFO]    🏆 DE | VLESS | Пинг: 4866ms | Скорость: 6.58 Mbps ⚡⚡
2026-02-22 01:30:50 [INFO]    🏆 CA | VLESS | Пинг: 4522ms | Скорость: 0.68 Mbps 
2026-02-22 01:30:50 [INFO]    🏆 PL | VLESS | Пинг: 5088ms | Скорость: 7.42 Mbps ⚡⚡
2026-02-22 01:30:53 [INFO]    🏆 CA | VLESS | Пинг: 5075ms | Скорость: 0.73 Mbps 
2026-02-22 01:30:54 [INFO]    🏆 DE | VLESS | Пинг: 5095ms | Скорость: 0.87 Mbps 
2026-02-22 01:30:54 [INFO] 📊 Итого в подписке сохранено иностранных серверов: 10
2026-02-22 01:30:54 [INFO] 💾 Файл успешно сохранен: FL1PVPN
