2026-02-18 11:00:05 [INFO] 🚀 START: Smart VLESS Selector (Target: 10, Strict Mode)
2026-02-18 11:00:05 [INFO] 🌐 Загрузка источников...
2026-02-18 11:00:08 [INFO] 🔍 Уникальных конфигов собрано: 298
2026-02-18 11:00:08 [INFO] ⚡ ЭТАП 1: Быстрый замер Пинга (Workers: 25)...
2026-02-18 11:00:10 [INFO]    [PING OK] DE | 189ms
2026-02-18 11:00:11 [INFO]    [PING OK] DE | 149ms
2026-02-18 11:00:12 [INFO]    [PING OK] FR | 3218ms
2026-02-18 11:00:14 [INFO]    [PING OK] US | 4406ms
2026-02-18 11:00:15 [INFO]    [PING OK] RU | 822ms
2026-02-18 11:00:15 [INFO]    [PING OK] IT | 841ms
2026-02-18 11:00:16 [INFO]    [PING OK] DE | 175ms
2026-02-18 11:00:17 [INFO]    [PING OK] LT | 1445ms
2026-02-18 11:00:17 [INFO]    [PING OK] DE | 3973ms
2026-02-18 11:00:18 [INFO]    [PING OK] US | 771ms
2026-02-18 11:00:19 [INFO]    [PING OK] DE | 1773ms
2026-02-18 11:00:19 [INFO]    [PING OK] RU | 1309ms
2026-02-18 11:00:20 [INFO]    [PING OK] RU | 654ms
2026-02-18 11:00:20 [INFO]    [PING OK] RU | 706ms
2026-02-18 11:00:21 [INFO]    [PING OK] RU | 297ms
2026-02-18 11:00:21 [INFO]    [PING OK] RU | 260ms
2026-02-18 11:00:21 [INFO]    [PING OK] RU | 1293ms
2026-02-18 11:00:21 [INFO]    [PING OK] RU | 550ms
2026-02-18 11:00:22 [INFO]    [PING OK] RU | 1400ms
2026-02-18 11:00:22 [INFO]    [PING OK] RU | 259ms
2026-02-18 11:00:22 [INFO]    [PING OK] RU | 298ms
2026-02-18 11:00:22 [INFO]    [PING OK] RU | 325ms
2026-02-18 11:00:22 [INFO]    [PING OK] RU | 203ms
2026-02-18 11:00:22 [INFO]    [PING OK] RU | 125ms
2026-02-18 11:00:23 [INFO]    [PING OK] RU | 450ms
2026-02-18 11:00:23 [INFO]    [PING OK] RU | 331ms
2026-02-18 11:00:23 [INFO]    [PING OK] RU | 338ms
2026-02-18 11:00:23 [INFO]    [PING OK] RU | 214ms
2026-02-18 11:00:23 [INFO]    [PING OK] RU | 215ms
2026-02-18 11:00:24 [INFO]    [PING OK] RU | 339ms
2026-02-18 11:00:24 [INFO]    [PING OK] RU | 365ms
2026-02-18 11:00:24 [INFO]    [PING OK] RU | 1303ms
2026-02-18 11:00:24 [INFO]    [PING OK] RU | 330ms
2026-02-18 11:00:24 [INFO]    [PING OK] RU | 850ms
2026-02-18 11:00:24 [INFO]    [PING OK] RU | 1235ms
2026-02-18 11:00:25 [INFO]    [PING OK] RU | 305ms
2026-02-18 11:00:25 [INFO]    [PING OK] RU | 376ms
2026-02-18 11:00:25 [INFO]    [PING OK] RU | 414ms
2026-02-18 11:00:25 [INFO]    [PING OK] RU | 2372ms
2026-02-18 11:00:25 [INFO]    [PING OK] RU | 2500ms
2026-02-18 11:00:25 [INFO]    [PING OK] RU | 265ms
2026-02-18 11:00:26 [INFO]    [PING OK] RU | 1714ms
2026-02-18 11:00:26 [INFO]    [PING OK] RU | 699ms
2026-02-18 11:00:26 [INFO]    [PING OK] RU | 688ms
2026-02-18 11:00:26 [INFO]    [PING OK] RU | 532ms
2026-02-18 11:00:26 [INFO]    [PING OK] RU | 1527ms
2026-02-18 11:00:26 [INFO]    [PING OK] RU | 210ms
2026-02-18 11:00:27 [INFO]    [PING OK] RU | 190ms
2026-02-18 11:00:27 [INFO]    [PING OK] RU | 1289ms
2026-02-18 11:00:27 [INFO]    [PING OK] RU | 918ms
2026-02-18 11:00:27 [INFO]    [PING OK] RU | 3756ms
2026-02-18 11:00:27 [INFO]    [PING OK] DE | 204ms
2026-02-18 11:00:28 [INFO]    [PING OK] FI | 163ms
2026-02-18 11:00:28 [INFO]    [PING OK] RU | 1962ms
2026-02-18 11:00:28 [INFO]    [PING OK] RU | 2169ms
2026-02-18 11:00:29 [INFO]    [PING OK] IQ | 296ms
2026-02-18 11:00:29 [INFO]    [PING OK] RU | 3106ms
2026-02-18 11:00:32 [INFO]    [PING OK] DE | 553ms
2026-02-18 11:00:32 [INFO]    [PING OK] DE | 213ms
2026-02-18 11:00:33 [INFO]    [PING OK] AT | 242ms
2026-02-18 11:00:34 [INFO]    [PING OK] DE | 505ms
2026-02-18 11:00:34 [INFO]    [PING OK] PL | 137ms
2026-02-18 11:00:34 [INFO]    [PING OK] MD | 135ms
2026-02-18 11:00:35 [INFO]    [PING OK] NL | 2347ms
2026-02-18 11:00:35 [INFO]    [PING OK] NL | 202ms
2026-02-18 11:00:36 [INFO]    [PING OK] FI | 225ms
2026-02-18 11:00:36 [INFO]    [PING OK] US | 627ms
2026-02-18 11:00:36 [INFO]    [PING OK] DE | 2589ms
2026-02-18 11:00:37 [INFO]    [PING OK] JP | 1127ms
2026-02-18 11:00:38 [INFO]    [PING OK] LV | 454ms
2026-02-18 11:00:38 [INFO]    [PING OK] FI | 435ms
2026-02-18 11:00:38 [INFO]    [PING OK] RU | 164ms
2026-02-18 11:00:39 [INFO]    [PING OK] PL | 143ms
2026-02-18 11:00:39 [INFO]    [PING OK] AE | 126ms
2026-02-18 11:00:39 [INFO]    [PING OK] HU | 4445ms
2026-02-18 11:00:40 [INFO]    [PING OK] UZ | 322ms
2026-02-18 11:00:40 [INFO]    [PING OK] NL | 4923ms
2026-02-18 11:00:44 [INFO] 🏎️ ЭТАП 2: Глубокий замер скорости для ТОП-10 серверов...
2026-02-18 11:00:48 [INFO]    🏆 AE | Пинг: 126ms | Скорость: 8.45 Mbps ⚡⚡
2026-02-18 11:00:48 [INFO]    🏆 MD | Пинг: 135ms | Скорость: 8.53 Mbps ⚡⚡
2026-02-18 11:00:48 [INFO]    🏆 PL | Пинг: 137ms | Скорость: 0.0 Mbps 
2026-02-18 11:00:48 [INFO]    🏆 PL | Пинг: 143ms | Скорость: 8.71 Mbps ⚡⚡
2026-02-18 11:00:48 [INFO]    🏆 DE | Пинг: 149ms | Скорость: 8.73 Mbps ⚡⚡
2026-02-18 11:00:48 [INFO]    🏆 FI | Пинг: 163ms | Скорость: 8.83 Mbps ⚡⚡
2026-02-18 11:00:48 [INFO]    🏆 DE | Пинг: 175ms | Скорость: 8.86 Mbps ⚡⚡
2026-02-18 11:00:48 [INFO]    🏆 DE | Пинг: 189ms | Скорость: 9.15 Mbps ⚡⚡
2026-02-18 11:00:48 [INFO]    🏆 NL | Пинг: 202ms | Скорость: 0.0 Mbps 
2026-02-18 11:00:48 [INFO]    🏆 RU | Пинг: 125ms | Скорость: 8.97 Mbps ⚡⚡
2026-02-18 11:00:48 [INFO] 🇷🇺 Добавлен RU сервер: 87.242.103.184
2026-02-18 11:00:48 [INFO] 📊 Итого в подписке сохранено: 10 серверов
2026-02-18 11:00:48 [INFO] 💾 Файл успешно сохранен: FL1PVPN
