2026-02-15 05:05:33 [INFO] 🚀 START: Smart VLESS Selector (Target: 10, Strict Mode)
2026-02-15 05:05:33 [INFO] 🌐 Загрузка источников...
2026-02-15 05:05:34 [INFO] 🔍 Уникальных конфигов собрано: 341
2026-02-15 05:05:34 [INFO] ⚡ ЭТАП 1: Быстрый замер Пинга (Workers: 25)...
2026-02-15 05:05:36 [INFO]    [PING OK] DE | 294ms
2026-02-15 05:05:36 [INFO]    [PING OK] DE | 382ms
2026-02-15 05:05:36 [INFO]    [PING OK] NL | 361ms
2026-02-15 05:05:37 [INFO]    [PING OK] US | 1830ms
2026-02-15 05:05:37 [INFO]    [PING OK] DE | 1043ms
2026-02-15 05:05:38 [INFO]    [PING OK] EE | 147ms
2026-02-15 05:05:41 [INFO]    [PING OK] RU | 94ms
2026-02-15 05:05:42 [INFO]    [PING OK] NL | 188ms
2026-02-15 05:05:43 [INFO]    [PING OK] DE | 193ms
2026-02-15 05:05:43 [INFO]    [PING OK] EE | 161ms
2026-02-15 05:05:44 [INFO]    [PING OK] DE | 171ms
2026-02-15 05:05:44 [INFO]    [PING OK] US | 464ms
2026-02-15 05:05:45 [INFO]    [PING OK] LT | 97ms
2026-02-15 05:05:45 [INFO]    [PING OK] NL | 161ms
2026-02-15 05:05:45 [INFO]    [PING OK] KZ | 744ms
2026-02-15 05:05:46 [INFO]    [PING OK] PL | 99ms
2026-02-15 05:05:46 [INFO]    [PING OK] NL | 161ms
2026-02-15 05:05:47 [INFO]    [PING OK] DE | 457ms
2026-02-15 05:05:47 [INFO]    [PING OK] SG | 440ms
2026-02-15 05:05:47 [INFO]    [PING OK] PL | 87ms
2026-02-15 05:05:47 [INFO]    [PING OK] RU | 58ms
2026-02-15 05:05:47 [INFO]    [PING OK] RU | 95ms
2026-02-15 05:05:48 [INFO]    [PING OK] RU | 214ms
2026-02-15 05:05:48 [INFO]    [PING OK] RU | 260ms
2026-02-15 05:05:48 [INFO]    [PING OK] RU | 225ms
2026-02-15 05:05:48 [INFO]    [PING OK] RU | 201ms
2026-02-15 05:05:48 [INFO]    [PING OK] RU | 47ms
2026-02-15 05:05:48 [INFO]    [PING OK] RU | 101ms
2026-02-15 05:05:49 [INFO]    [PING OK] NL | 189ms
2026-02-15 05:05:49 [INFO]    [PING OK] RU | 205ms
2026-02-15 05:05:49 [INFO]    [PING OK] RU | 177ms
2026-02-15 05:05:49 [INFO]    [PING OK] RU | 460ms
2026-02-15 05:05:49 [INFO]    [PING OK] RU | 67ms
2026-02-15 05:05:49 [INFO]    [PING OK] RU | 213ms
2026-02-15 05:05:49 [INFO]    [PING OK] FI | 183ms
2026-02-15 05:05:49 [INFO]    [PING OK] RU | 552ms
2026-02-15 05:05:49 [INFO]    [PING OK] RU | 84ms
2026-02-15 05:05:49 [INFO]    [PING OK] RU | 198ms
2026-02-15 05:05:49 [INFO]    [PING OK] FI | 151ms
2026-02-15 05:05:49 [INFO]    [PING OK] RU | 57ms
2026-02-15 05:05:50 [INFO]    [PING OK] RU | 263ms
2026-02-15 05:05:50 [INFO]    [PING OK] GB | 278ms
2026-02-15 05:05:50 [INFO]    [PING OK] RU | 205ms
2026-02-15 05:05:50 [INFO]    [PING OK] RU | 316ms
2026-02-15 05:05:50 [INFO]    [PING OK] RU | 261ms
2026-02-15 05:05:50 [INFO]    [PING OK] RU | 121ms
2026-02-15 05:05:50 [INFO]    [PING OK] RU | 329ms
2026-02-15 05:05:50 [INFO]    [PING OK] RU | 222ms
2026-02-15 05:05:50 [INFO]    [PING OK] RU | 103ms
2026-02-15 05:05:50 [INFO]    [PING OK] RU | 60ms
2026-02-15 05:05:51 [INFO]    [PING OK] RU | 1524ms
2026-02-15 05:05:51 [INFO]    [PING OK] RU | 315ms
2026-02-15 05:05:51 [INFO]    [PING OK] HU | 331ms
2026-02-15 05:05:51 [INFO]    [PING OK] RU | 266ms
2026-02-15 05:05:51 [INFO]    [PING OK] RU | 236ms
2026-02-15 05:05:51 [INFO]    [PING OK] RU | 300ms
2026-02-15 05:05:51 [INFO]    [PING OK] RU | 345ms
2026-02-15 05:05:51 [INFO]    [PING OK] RU | 312ms
2026-02-15 05:05:52 [INFO]    [PING OK] RU | 932ms
2026-02-15 05:05:52 [INFO]    [PING OK] RU | 240ms
2026-02-15 05:05:52 [INFO]    [PING OK] RU | 214ms
2026-02-15 05:05:52 [INFO]    [PING OK] RU | 225ms
2026-02-15 05:05:52 [INFO]    [PING OK] RU | 1878ms
2026-02-15 05:05:52 [INFO]    [PING OK] RU | 186ms
2026-02-15 05:05:52 [INFO]    [PING OK] RU | 106ms
2026-02-15 05:05:52 [INFO]    [PING OK] NL | 225ms
2026-02-15 05:05:52 [INFO]    [PING OK] FI | 142ms
2026-02-15 05:05:52 [INFO]    [PING OK] RU | 315ms
2026-02-15 05:05:53 [INFO]    [PING OK] RU | 307ms
2026-02-15 05:05:53 [INFO]    [PING OK] RU | 233ms
2026-02-15 05:05:53 [INFO]    [PING OK] RU | 254ms
2026-02-15 05:05:53 [INFO]    [PING OK] RU | 209ms
2026-02-15 05:05:53 [INFO]    [PING OK] RU | 262ms
2026-02-15 05:05:53 [INFO]    [PING OK] RU | 200ms
2026-02-15 05:05:53 [INFO]    [PING OK] RU | 265ms
2026-02-15 05:05:53 [INFO]    [PING OK] RU | 335ms
2026-02-15 05:05:53 [INFO]    [PING OK] HU | 303ms
2026-02-15 05:05:53 [INFO]    [PING OK] FI | 144ms
2026-02-15 05:05:53 [INFO]    [PING OK] RU | 162ms
2026-02-15 05:05:53 [INFO]    [PING OK] FI | 118ms
2026-02-15 05:05:54 [INFO]    [PING OK] RU | 217ms
2026-02-15 05:05:54 [INFO]    [PING OK] RU | 206ms
2026-02-15 05:05:54 [INFO]    [PING OK] RU | 233ms
2026-02-15 05:05:54 [INFO]    [PING OK] RU | 611ms
2026-02-15 05:05:54 [INFO]    [PING OK] RU | 269ms
2026-02-15 05:05:54 [INFO]    [PING OK] RU | 293ms
2026-02-15 05:05:54 [INFO]    [PING OK] RU | 217ms
2026-02-15 05:05:54 [INFO]    [PING OK] RU | 223ms
2026-02-15 05:05:54 [INFO]    [PING OK] RU | 243ms
2026-02-15 05:05:54 [INFO]    [PING OK] RU | 214ms
2026-02-15 05:05:54 [INFO]    [PING OK] RU | 207ms
2026-02-15 05:05:54 [INFO]    [PING OK] RU | 3858ms
2026-02-15 05:05:54 [INFO]    [PING OK] RU | 264ms
2026-02-15 05:05:54 [INFO]    [PING OK] RU | 204ms
2026-02-15 05:05:54 [INFO]    [PING OK] GB | 285ms
2026-02-15 05:05:55 [INFO]    [PING OK] RU | 237ms
2026-02-15 05:05:55 [INFO]    [PING OK] RU | 347ms
2026-02-15 05:05:55 [INFO]    [PING OK] RU | 616ms
2026-02-15 05:05:55 [INFO]    [PING OK] DE | 1959ms
2026-02-15 05:05:55 [INFO]    [PING OK] DE | 161ms
2026-02-15 05:05:55 [INFO]    [PING OK] RU | 262ms
2026-02-15 05:05:55 [INFO]    [PING OK] FI | 180ms
2026-02-15 05:05:55 [INFO]    [PING OK] RU | 984ms
2026-02-15 05:05:55 [INFO]    [PING OK] RU | 3195ms
2026-02-15 05:05:55 [INFO]    [PING OK] MD | 215ms
2026-02-15 05:05:56 [INFO]    [PING OK] NL | 169ms
2026-02-15 05:05:56 [INFO]    [PING OK] NL | 174ms
2026-02-15 05:05:56 [INFO]    [PING OK] TR | 454ms
2026-02-15 05:05:56 [INFO]    [PING OK] NL | 179ms
2026-02-15 05:05:57 [INFO]    [PING OK] LV | 372ms
2026-02-15 05:05:57 [INFO]    [PING OK] NL | 188ms
2026-02-15 05:05:57 [INFO]    [PING OK] RU | 4171ms
2026-02-15 05:05:57 [INFO]    [PING OK] DE | 206ms
2026-02-15 05:05:57 [INFO]    [PING OK] DE | 662ms
2026-02-15 05:05:58 [INFO]    [PING OK] ES | 963ms
2026-02-15 05:05:58 [INFO]    [PING OK] DE | 505ms
2026-02-15 05:05:59 [INFO]    [PING OK] JP | 1262ms
2026-02-15 05:05:59 [INFO]    [PING OK] RU | 299ms
2026-02-15 05:05:59 [INFO]    [PING OK] NL | 207ms
2026-02-15 05:05:59 [INFO]    [PING OK] DE | 218ms
2026-02-15 05:06:00 [INFO]    [PING OK] GB | 3634ms
2026-02-15 05:06:00 [INFO]    [PING OK] IQ | 164ms
2026-02-15 05:06:00 [INFO]    [PING OK] SC | 1221ms
2026-02-15 05:06:01 [INFO]    [PING OK] CY | 775ms
2026-02-15 05:06:04 [INFO]    [PING OK] KR | 2900ms
2026-02-15 05:06:04 [INFO]    [PING OK] GB | 4452ms
2026-02-15 05:06:05 [INFO] 🏎️ ЭТАП 2: Глубокий замер скорости для ТОП-10 серверов...
2026-02-15 05:06:09 [INFO]    🏆 PL | Пинг: 87ms | Скорость: 7.39 Mbps ⚡⚡
2026-02-15 05:06:09 [INFO]    🏆 LT | Пинг: 97ms | Скорость: 7.63 Mbps ⚡⚡
2026-02-15 05:06:09 [INFO]    🏆 PL | Пинг: 99ms | Скорость: 7.83 Mbps ⚡⚡
2026-02-15 05:06:09 [INFO]    🏆 FI | Пинг: 118ms | Скорость: 7.54 Mbps ⚡⚡
2026-02-15 05:06:09 [INFO]    🏆 FI | Пинг: 142ms | Скорость: 7.65 Mbps ⚡⚡
2026-02-15 05:06:09 [INFO]    🏆 FI | Пинг: 144ms | Скорость: 7.84 Mbps ⚡⚡
2026-02-15 05:06:09 [INFO]    🏆 EE | Пинг: 147ms | Скорость: 7.89 Mbps ⚡⚡
2026-02-15 05:06:09 [INFO]    🏆 FI | Пинг: 151ms | Скорость: 7.95 Mbps ⚡⚡
2026-02-15 05:06:09 [INFO]    🏆 EE | Пинг: 161ms | Скорость: 7.95 Mbps ⚡⚡
2026-02-15 05:06:09 [INFO]    🏆 RU | Пинг: 47ms | Скорость: 7.76 Mbps ⚡⚡
2026-02-15 05:06:09 [INFO] 🇷🇺 Добавлен RU сервер: 87.242.103.184
2026-02-15 05:06:09 [INFO] 📊 Итого в подписке сохранено: 10 серверов
2026-02-15 05:06:09 [INFO] 💾 Файл успешно сохранен: FL1PVPN
