2026-02-23 06:30:05 [INFO] 🚀 START: Smart Selector (Target: 10, ONLY FOREIGN)
2026-02-23 06:30:05 [INFO] 🌐 Загрузка источников (VLESS + VMess)...
2026-02-23 06:30:07 [INFO] 🔍 Уникальных конфигов собрано: 226
2026-02-23 06:30:07 [INFO] ⚡ ЭТАП 1: Замер Пинга и Геолокации. Workers: 40...
2026-02-23 06:30:13 [INFO]    [PING OK] HU | VLESS | 4608ms
2026-02-23 06:30:13 [INFO]    [PING OK] CZ | VLESS | 4618ms
2026-02-23 06:30:13 [INFO]    [PING OK] DE | VLESS | 5256ms
2026-02-23 06:30:13 [INFO]    [PING OK] DE | VLESS | 5664ms
2026-02-23 06:30:14 [INFO]    [PING OK] DE | VLESS | 2779ms
2026-02-23 06:30:14 [INFO]    [PING OK] ES | VLESS | 3965ms
2026-02-23 06:30:14 [INFO]    [PING OK] DE | VLESS | 5825ms
2026-02-23 06:30:16 [INFO]    [PING OK] PL | VLESS | 3120ms
2026-02-23 06:30:16 [INFO]    [PING OK] ES | VLESS | 3069ms
2026-02-23 06:30:16 [INFO]    [PING OK] FR | VLESS | 3095ms
2026-02-23 06:30:16 [INFO]    [PING OK] HU | VLESS | 3184ms
2026-02-23 06:30:16 [INFO]    [PING OK] PL | VLESS | 3128ms
2026-02-23 06:30:17 [INFO]    [PING OK] HU | VLESS | 3300ms
2026-02-23 06:30:17 [INFO]    [PING OK] DE | VLESS | 8896ms
2026-02-23 06:30:17 [INFO]    [PING OK] IT | VLESS | 3151ms
2026-02-23 06:30:17 [INFO]    [PING OK] HU | VLESS | 3589ms
2026-02-23 06:30:17 [INFO]    [PING OK] HU | VLESS | 3034ms
2026-02-23 06:30:17 [INFO]    [PING OK] TR | VLESS | 3530ms
2026-02-23 06:30:17 [INFO]    [PING OK] ES | VLESS | 3489ms
2026-02-23 06:30:17 [INFO]    [PING OK] ES | VLESS | 3430ms
2026-02-23 06:30:17 [INFO]    [PING OK] TR | VLESS | 3185ms
2026-02-23 06:30:17 [INFO]    [PING OK] PL | VLESS | 3071ms
2026-02-23 06:30:17 [INFO]    [PING OK] HU | VLESS | 3399ms
2026-02-23 06:30:17 [INFO]    [PING OK] PL | VLESS | 2866ms
2026-02-23 06:30:17 [INFO]    [PING OK] DE | VLESS | 3054ms
2026-02-23 06:30:17 [INFO]    [PING OK] DE | VLESS | 2807ms
2026-02-23 06:30:17 [INFO]    [PING OK] ES | VLESS | 2838ms
2026-02-23 06:30:18 [INFO]    [PING OK] US | VLESS | 3963ms
2026-02-23 06:30:20 [INFO]    [PING OK] DE | VLESS | 6413ms
2026-02-23 06:30:20 [INFO]    [PING OK] DE | VLESS | 6333ms
2026-02-23 06:30:20 [INFO]    [PING OK] DE | VLESS | 5190ms
2026-02-23 06:30:21 [INFO]    [PING OK] TR | VLESS | 4149ms
2026-02-23 06:30:22 [INFO]    [PING OK] TR | VLESS | 4859ms
2026-02-23 06:30:22 [INFO]    [PING OK] PL | VLESS | 5025ms
2026-02-23 06:30:22 [INFO]    [PING OK] CA | VLESS | 5448ms
2026-02-23 06:30:22 [INFO]    [PING OK] PL | VLESS | 5173ms
2026-02-23 06:30:23 [INFO]    [PING OK] EE | VLESS | 5385ms
2026-02-23 06:30:23 [INFO]    [PING OK] IT | VLESS | 4962ms
2026-02-23 06:30:23 [INFO]    [PING OK] PL | VLESS | 4989ms
2026-02-23 06:30:23 [INFO]    [PING OK] PL | VLESS | 5113ms
2026-02-23 06:30:23 [INFO]    [PING OK] FI | VLESS | 5117ms
2026-02-23 06:30:23 [INFO]    [PING OK] ES | VLESS | 5247ms
2026-02-23 06:30:23 [INFO]    [PING OK] NL | VLESS | 4941ms
2026-02-23 06:30:23 [INFO]    [PING OK] DE | VLESS | 5434ms
2026-02-23 06:30:23 [INFO]    [PING OK] CA | VLESS | 5494ms
2026-02-23 06:30:23 [INFO]    [PING OK] PL | VLESS | 6026ms
2026-02-23 06:30:24 [INFO]    [PING OK] CA | VLESS | 5579ms
2026-02-23 06:30:24 [INFO]    [PING OK] DE | VLESS | 3882ms
2026-02-23 06:30:26 [INFO]    [PING OK] CA | VLESS | 7714ms
2026-02-23 06:30:26 [INFO]    [PING OK] CA | VLESS | 4655ms
2026-02-23 06:30:26 [INFO]    [PING OK] DE | VLESS | 4852ms
2026-02-23 06:30:27 [INFO]    [PING OK] CA | VLESS | 7100ms
2026-02-23 06:30:27 [INFO]    [PING OK] DE | VLESS | 4027ms
2026-02-23 06:30:28 [INFO]    [PING OK] CA | VLESS | 4204ms
2026-02-23 06:30:28 [INFO]    [PING OK] CA | VLESS | 4282ms
2026-02-23 06:30:28 [INFO]    [PING OK] CA | VLESS | 4220ms
2026-02-23 06:30:29 [INFO]    [PING OK] CA | VLESS | 4522ms
2026-02-23 06:30:30 [INFO]    [PING OK] CA | VLESS | 3903ms
2026-02-23 06:30:30 [INFO]    [PING OK] CA | VLESS | 5701ms
2026-02-23 06:30:31 [INFO]    [PING OK] CA | VLESS | 7346ms
2026-02-23 06:30:31 [INFO]    [PING OK] CA | VLESS | 5032ms
2026-02-23 06:30:31 [INFO]    [PING OK] CA | VLESS | 4392ms
2026-02-23 06:30:31 [INFO]    [PING OK] CA | VLESS | 3124ms
2026-02-23 06:30:31 [INFO]    [PING OK] CA | VLESS | 3142ms
2026-02-23 06:30:31 [INFO]    [PING OK] CA | VLESS | 2950ms
2026-02-23 06:30:32 [INFO]    [PING OK] CA | VLESS | 5399ms
2026-02-23 06:30:32 [INFO]    [PING OK] CA | VLESS | 3220ms
2026-02-23 06:30:32 [INFO]    [PING OK] CA | VLESS | 1632ms
2026-02-23 06:30:32 [INFO]    [PING OK] CA | VLESS | 1663ms
2026-02-23 06:30:33 [INFO]    [PING OK] US | VLESS | 3815ms
2026-02-23 06:30:33 [INFO]    [PING OK] CA | VLESS | 7425ms
2026-02-23 06:30:34 [INFO]    [PING OK] GB | VLESS | 4474ms
2026-02-23 06:30:35 [INFO]    [PING OK] CA | VLESS | 5993ms
2026-02-23 06:30:36 [INFO] 🏎️ ЭТАП 2: Глубокий замер скорости для 40 иностранных кандидатов...
2026-02-23 06:30:40 [INFO]    🏆 PL | VLESS | Пинг: 3120ms | Скорость: 7.2 Mbps ⚡⚡
2026-02-23 06:30:40 [INFO]    🏆 PL | VLESS | Пинг: 2866ms | Скорость: 6.59 Mbps ⚡⚡
2026-02-23 06:30:40 [INFO]    🏆 DE | VLESS | Пинг: 3054ms | Скорость: 6.94 Mbps ⚡⚡
2026-02-23 06:30:40 [INFO]    🏆 HU | VLESS | Пинг: 3034ms | Скорость: 6.48 Mbps ⚡⚡
2026-02-23 06:30:41 [INFO]    🏆 ES | VLESS | Пинг: 3069ms | Скорость: 5.66 Mbps ⚡⚡
2026-02-23 06:30:41 [INFO]    🏆 ES | VLESS | Пинг: 2838ms | Скорость: 5.17 Mbps ⚡⚡
2026-02-23 06:30:41 [INFO]    🏆 CA | VLESS | Пинг: 1663ms | Скорость: 5.01 Mbps ⚡⚡
2026-02-23 06:30:41 [INFO]    🏆 CA | VLESS | Пинг: 3124ms | Скорость: 5.22 Mbps ⚡⚡
2026-02-23 06:30:41 [INFO]    🏆 CA | VLESS | Пинг: 1632ms | Скорость: 4.5 Mbps ⚡⚡
2026-02-23 06:30:43 [INFO]    🏆 HU | VLESS | Пинг: 3300ms | Скорость: 14.4 Mbps ⚡⚡
2026-02-23 06:30:43 [INFO]    🏆 HU | VLESS | Пинг: 3399ms | Скорость: 17.12 Mbps ⚡⚡
2026-02-23 06:30:43 [INFO]    🏆 IT | VLESS | Пинг: 3151ms | Скорость: 9.47 Mbps ⚡⚡
2026-02-23 06:30:43 [INFO]    🏆 HU | VLESS | Пинг: 3184ms | Скорость: 9.43 Mbps ⚡⚡
2026-02-23 06:30:43 [INFO]    🏆 DE | VLESS | Пинг: 2779ms | Скорость: 2.18 Mbps ⚡
2026-02-23 06:30:43 [INFO]    🏆 TR | VLESS | Пинг: 3185ms | Скорость: 9.13 Mbps ⚡⚡
2026-02-23 06:30:43 [INFO]    🏆 DE | VLESS | Пинг: 2807ms | Скорость: 2.38 Mbps ⚡
2026-02-23 06:30:43 [INFO]    🏆 PL | VLESS | Пинг: 3071ms | Скорость: 1.31 Mbps 
2026-02-23 06:30:43 [INFO]    🏆 PL | VLESS | Пинг: 3128ms | Скорость: 3.31 Mbps ⚡⚡
2026-02-23 06:30:43 [INFO]    🏆 ES | VLESS | Пинг: 3489ms | Скорость: 13.61 Mbps ⚡⚡
2026-02-23 06:30:45 [INFO]    🏆 TR | VLESS | Пинг: 3530ms | Скорость: 6.65 Mbps ⚡⚡
2026-02-23 06:30:46 [INFO]    🏆 DE | VLESS | Пинг: 3882ms | Скорость: 7.18 Mbps ⚡⚡
2026-02-23 06:30:47 [INFO]    🏆 ES | VLESS | Пинг: 3430ms | Скорость: 4.09 Mbps ⚡⚡
2026-02-23 06:30:47 [INFO]    🏆 DE | VLESS | Пинг: 4027ms | Скорость: 6.92 Mbps ⚡⚡
2026-02-23 06:30:47 [INFO]    🏆 TR | VLESS | Пинг: 4149ms | Скорость: 6.69 Mbps ⚡⚡
2026-02-23 06:30:47 [INFO]    🏆 CA | VLESS | Пинг: 4220ms | Скорость: 6.13 Mbps ⚡⚡
2026-02-23 06:30:48 [INFO]    🏆 CA | VLESS | Пинг: 4204ms | Скорость: 5.51 Mbps ⚡⚡
2026-02-23 06:30:48 [INFO]    🏆 HU | VLESS | Пинг: 3589ms | Скорость: 5.02 Mbps ⚡⚡
2026-02-23 06:30:48 [INFO]    🏆 ES | VLESS | Пинг: 3965ms | Скорость: 4.98 Mbps ⚡⚡
2026-02-23 06:30:48 [INFO]    🏆 HU | VLESS | Пинг: 4608ms | Скорость: 13.98 Mbps ⚡⚡
2026-02-23 06:30:52 [INFO]    🏆 CA | VLESS | Пинг: 4522ms | Скорость: 3.53 Mbps ⚡⚡
2026-02-23 06:30:52 [INFO] 📊 Итого в подписке сохранено иностранных серверов: 10
2026-02-23 06:30:52 [INFO] 💾 Файл успешно сохранен: FL1PVPN
