2026-02-23 02:10:05 [INFO] 🚀 START: Smart Selector (Target: 10, ONLY FOREIGN)
2026-02-23 02:10:05 [INFO] 🌐 Загрузка источников (VLESS + VMess)...
2026-02-23 02:10:07 [INFO] 🔍 Уникальных конфигов собрано: 232
2026-02-23 02:10:07 [INFO] ⚡ ЭТАП 1: Замер Пинга и Геолокации. Workers: 40...
2026-02-23 02:10:14 [INFO]    [PING OK] DE | VLESS | 5979ms
2026-02-23 02:10:14 [INFO]    [PING OK] TR | VLESS | 4407ms
2026-02-23 02:10:14 [INFO]    [PING OK] IT | VLESS | 4375ms
2026-02-23 02:10:15 [INFO]    [PING OK] DE | VLESS | 3962ms
2026-02-23 02:10:18 [INFO]    [PING OK] US | VLESS | 4776ms
2026-02-23 02:10:18 [INFO]    [PING OK] HU | VLESS | 4839ms
2026-02-23 02:10:18 [INFO]    [PING OK] PL | VLESS | 4812ms
2026-02-23 02:10:18 [INFO]    [PING OK] PL | VLESS | 4618ms
2026-02-23 02:10:18 [INFO]    [PING OK] PL | VLESS | 4816ms
2026-02-23 02:10:19 [INFO]    [PING OK] ES | VLESS | 4641ms
2026-02-23 02:10:19 [INFO]    [PING OK] ES | VLESS | 4636ms
2026-02-23 02:10:19 [INFO]    [PING OK] DE | VLESS | 4538ms
2026-02-23 02:10:19 [INFO]    [PING OK] PL | VLESS | 4502ms
2026-02-23 02:10:19 [INFO]    [PING OK] CA | VLESS | 4554ms
2026-02-23 02:10:19 [INFO]    [PING OK] DE | VLESS | 5883ms
2026-02-23 02:10:20 [INFO]    [PING OK] ES | VLESS | 4634ms
2026-02-23 02:10:20 [INFO]    [PING OK] TR | VLESS | 4742ms
2026-02-23 02:10:21 [INFO]    [PING OK] HU | VLESS | 4535ms
2026-02-23 02:10:22 [INFO]    [PING OK] EE | VLESS | 4695ms
2026-02-23 02:10:23 [INFO]    [PING OK] DE | VLESS | 5269ms
2026-02-23 02:10:24 [INFO]    [PING OK] PL | VLESS | 5068ms
2026-02-23 02:10:24 [INFO]    [PING OK] PL | VLESS | 5141ms
2026-02-23 02:10:24 [INFO]    [PING OK] CA | VLESS | 5201ms
2026-02-23 02:10:24 [INFO]    [PING OK] CA | VLESS | 5107ms
2026-02-23 02:10:24 [INFO]    [PING OK] DE | VLESS | 4885ms
2026-02-23 02:10:25 [INFO]    [PING OK] CA | VLESS | 5579ms
2026-02-23 02:10:25 [INFO]    [PING OK] CA | VLESS | 4522ms
2026-02-23 02:10:25 [INFO]    [PING OK] CA | VLESS | 5602ms
2026-02-23 02:10:25 [INFO]    [PING OK] CA | VLESS | 4813ms
2026-02-23 02:10:25 [INFO]    [PING OK] CA | VLESS | 5927ms
2026-02-23 02:10:26 [INFO]    [PING OK] CA | VLESS | 5105ms
2026-02-23 02:10:26 [INFO]    [PING OK] CA | VLESS | 5168ms
2026-02-23 02:10:26 [INFO]    [PING OK] CA | VLESS | 5997ms
2026-02-23 02:10:26 [INFO]    [PING OK] CA | VLESS | 5132ms
2026-02-23 02:10:27 [INFO]    [PING OK] NL | VLESS | 7762ms
2026-02-23 02:10:28 [INFO]    [PING OK] CA | VLESS | 5798ms
2026-02-23 02:10:28 [INFO]    [PING OK] DE | VLESS | 5729ms
2026-02-23 02:10:29 [INFO]    [PING OK] CA | VLESS | 5339ms
2026-02-23 02:10:29 [INFO]    [PING OK] CA | VLESS | 5644ms
2026-02-23 02:10:29 [INFO]    [PING OK] NL | VLESS | 5169ms
2026-02-23 02:10:30 [INFO]    [PING OK] CA | VLESS | 6944ms
2026-02-23 02:10:30 [INFO]    [PING OK] CA | VLESS | 5318ms
2026-02-23 02:10:30 [INFO]    [PING OK] CA | VLESS | 5477ms
2026-02-23 02:10:30 [INFO]    [PING OK] CA | VLESS | 6449ms
2026-02-23 02:10:30 [INFO]    [PING OK] SE | VLESS | 4758ms
2026-02-23 02:10:30 [INFO]    [PING OK] CA | VLESS | 5508ms
2026-02-23 02:10:30 [INFO]    [PING OK] DE | VLESS | 4741ms
2026-02-23 02:10:30 [INFO]    [PING OK] CA | VLESS | 5013ms
2026-02-23 02:10:31 [INFO]    [PING OK] BY | VLESS | 1570ms
2026-02-23 02:10:31 [INFO]    [PING OK] CA | VLESS | 3023ms
2026-02-23 02:10:31 [INFO]    [PING OK] CA | VLESS | 3421ms
2026-02-23 02:10:31 [INFO]    [PING OK] CA | VLESS | 6205ms
2026-02-23 02:10:31 [INFO]    [PING OK] US | VLESS | 3555ms
2026-02-23 02:10:31 [INFO]    [PING OK] DE | VLESS | 3161ms
2026-02-23 02:10:31 [INFO]    [PING OK] CA | VLESS | 3590ms
2026-02-23 02:10:31 [INFO]    [PING OK] CA | VLESS | 2000ms
2026-02-23 02:10:31 [INFO]    [PING OK] CA | VLESS | 2348ms
2026-02-23 02:10:31 [INFO]    [PING OK] CA | VLESS | 2890ms
2026-02-23 02:10:31 [INFO]    [PING OK] CA | VLESS | 6814ms
2026-02-23 02:10:32 [INFO]    [PING OK] CA | VLESS | 6553ms
2026-02-23 02:10:32 [INFO]    [PING OK] CA | VLESS | 4133ms
2026-02-23 02:10:32 [INFO]    [PING OK] CA | VLESS | 8506ms
2026-02-23 02:10:34 [INFO]    [PING OK] CA | VLESS | 9265ms
2026-02-23 02:10:34 [INFO]    [PING OK] CA | VLESS | 6639ms
2026-02-23 02:10:35 [INFO] 🏎️ ЭТАП 2: Глубокий замер скорости для 40 иностранных кандидатов...
2026-02-23 02:10:39 [INFO]    🏆 BY | VLESS | Пинг: 1570ms | Скорость: 5.9 Mbps ⚡⚡
2026-02-23 02:10:39 [INFO]    🏆 DE | VLESS | Пинг: 3161ms | Скорость: 6.04 Mbps ⚡⚡
2026-02-23 02:10:39 [INFO]    🏆 IT | VLESS | Пинг: 4375ms | Скорость: 6.1 Mbps ⚡⚡
2026-02-23 02:10:39 [INFO]    🏆 PL | VLESS | Пинг: 4502ms | Скорость: 6.24 Mbps ⚡⚡
2026-02-23 02:10:39 [INFO]    🏆 TR | VLESS | Пинг: 4407ms | Скорость: 6.0 Mbps ⚡⚡
2026-02-23 02:10:40 [INFO]    🏆 CA | VLESS | Пинг: 2000ms | Скорость: 4.99 Mbps ⚡⚡
2026-02-23 02:10:40 [INFO]    🏆 US | VLESS | Пинг: 3555ms | Скорость: 4.94 Mbps ⚡⚡
2026-02-23 02:10:40 [INFO]    🏆 CA | VLESS | Пинг: 2890ms | Скорость: 4.83 Mbps ⚡⚡
2026-02-23 02:10:40 [INFO]    🏆 CA | VLESS | Пинг: 4133ms | Скорость: 4.87 Mbps ⚡⚡
2026-02-23 02:10:40 [INFO]    🏆 CA | VLESS | Пинг: 4522ms | Скорость: 4.8 Mbps ⚡⚡
2026-02-23 02:10:40 [INFO]    🏆 CA | VLESS | Пинг: 2348ms | Скорость: 4.53 Mbps ⚡⚡
2026-02-23 02:10:40 [INFO]    🏆 DE | VLESS | Пинг: 3962ms | Скорость: 4.53 Mbps ⚡⚡
2026-02-23 02:10:41 [INFO]    🏆 CA | VLESS | Пинг: 3023ms | Скорость: 3.8 Mbps ⚡⚡
2026-02-23 02:10:42 [INFO]    🏆 PL | VLESS | Пинг: 4618ms | Скорость: 9.05 Mbps ⚡⚡
2026-02-23 02:10:42 [INFO]    🏆 DE | VLESS | Пинг: 4538ms | Скорость: 8.72 Mbps ⚡⚡
2026-02-23 02:10:43 [INFO]    🏆 HU | VLESS | Пинг: 4535ms | Скорость: 7.87 Mbps ⚡⚡
2026-02-23 02:10:43 [INFO]    🏆 ES | VLESS | Пинг: 4636ms | Скорость: 8.85 Mbps ⚡⚡
2026-02-23 02:10:43 [INFO]    🏆 ES | VLESS | Пинг: 4641ms | Скорость: 8.84 Mbps ⚡⚡
2026-02-23 02:10:43 [INFO]    🏆 EE | VLESS | Пинг: 4695ms | Скорость: 8.68 Mbps ⚡⚡
2026-02-23 02:10:43 [INFO]    🏆 DE | VLESS | Пинг: 4741ms | Скорость: 8.23 Mbps ⚡⚡
2026-02-23 02:10:43 [INFO]    🏆 SE | VLESS | Пинг: 4758ms | Скорость: 8.19 Mbps ⚡⚡
2026-02-23 02:10:43 [INFO]    🏆 TR | VLESS | Пинг: 4742ms | Скорость: 7.85 Mbps ⚡⚡
2026-02-23 02:10:43 [INFO]    🏆 ES | VLESS | Пинг: 4634ms | Скорость: 6.04 Mbps ⚡⚡
2026-02-23 02:10:44 [INFO]    🏆 CA | VLESS | Пинг: 4554ms | Скорость: 5.87 Mbps ⚡⚡
2026-02-23 02:10:44 [INFO]    🏆 PL | VLESS | Пинг: 4812ms | Скорость: 6.94 Mbps ⚡⚡
2026-02-23 02:10:44 [INFO]    🏆 US | VLESS | Пинг: 4776ms | Скорость: 6.5 Mbps ⚡⚡
2026-02-23 02:10:45 [INFO]    🏆 PL | VLESS | Пинг: 4816ms | Скорость: 7.04 Mbps ⚡⚡
2026-02-23 02:10:45 [INFO]    🏆 CA | VLESS | Пинг: 4813ms | Скорость: 5.16 Mbps ⚡⚡
2026-02-23 02:10:45 [INFO]    🏆 DE | VLESS | Пинг: 4885ms | Скорость: 10.23 Mbps ⚡⚡
2026-02-23 02:10:45 [INFO]    🏆 HU | VLESS | Пинг: 4839ms | Скорость: 9.96 Mbps ⚡⚡
2026-02-23 02:10:45 [INFO]    🏆 PL | VLESS | Пинг: 5068ms | Скорость: 10.59 Mbps ⚡⚡
2026-02-23 02:10:47 [INFO]    🏆 CA | VLESS | Пинг: 5105ms | Скорость: 6.65 Mbps ⚡⚡
2026-02-23 02:10:47 [INFO]    🏆 CA | VLESS | Пинг: 5132ms | Скорость: 6.61 Mbps ⚡⚡
2026-02-23 02:10:47 [INFO]    🏆 PL | VLESS | Пинг: 5141ms | Скорость: 6.83 Mbps ⚡⚡
2026-02-23 02:10:47 [INFO]    🏆 NL | VLESS | Пинг: 5169ms | Скорость: 6.38 Mbps ⚡⚡
2026-02-23 02:10:48 [INFO]    🏆 CA | VLESS | Пинг: 5168ms | Скорость: 5.16 Mbps ⚡⚡
2026-02-23 02:10:48 [INFO] 📊 Итого в подписке сохранено иностранных серверов: 10
2026-02-23 02:10:48 [INFO] 💾 Файл успешно сохранен: FL1PVPN
