2026-02-22 06:00:06 [INFO] 🚀 START: Smart Selector (Target: 10, ONLY FOREIGN)
2026-02-22 06:00:06 [INFO] 🌐 Загрузка источников (VLESS + VMess)...
2026-02-22 06:00:09 [INFO] 🔍 Уникальных конфигов собрано: 255
2026-02-22 06:00:09 [INFO] ⚡ ЭТАП 1: Замер Пинга и Геолокации. Workers: 40...
2026-02-22 06:00:14 [INFO]    [PING OK] DE | VLESS | 4321ms
2026-02-22 06:00:14 [INFO]    [PING OK] DE | VLESS | 4563ms
2026-02-22 06:00:15 [INFO]    [PING OK] CZ | VLESS | 4687ms
2026-02-22 06:00:15 [INFO]    [PING OK] DE | VLESS | 4507ms
2026-02-22 06:00:15 [INFO]    [PING OK] DE | VLESS | 4604ms
2026-02-22 06:00:15 [INFO]    [PING OK] TR | VLESS | 3082ms
2026-02-22 06:00:16 [INFO]    [PING OK] TR | VLESS | 3419ms
2026-02-22 06:00:18 [INFO]    [PING OK] DE | VLESS | 6605ms
2026-02-22 06:00:18 [INFO]    [PING OK] TR | VLESS | 3639ms
2026-02-22 06:00:19 [INFO]    [PING OK] DE | VLESS | 8423ms
2026-02-22 06:00:19 [INFO]    [PING OK] IT | VLESS | 3537ms
2026-02-22 06:00:19 [INFO]    [PING OK] PL | VLESS | 3661ms
2026-02-22 06:00:19 [INFO]    [PING OK] ES | VLESS | 3928ms
2026-02-22 06:00:19 [INFO]    [PING OK] DE | VLESS | 3674ms
2026-02-22 06:00:19 [INFO]    [PING OK] DE | VLESS | 7548ms
2026-02-22 06:00:19 [INFO]    [PING OK] ES | VLESS | 3740ms
2026-02-22 06:00:19 [INFO]    [PING OK] IT | VLESS | 3657ms
2026-02-22 06:00:20 [INFO]    [PING OK] HU | VLESS | 3699ms
2026-02-22 06:00:20 [INFO]    [PING OK] PL | VLESS | 3536ms
2026-02-22 06:00:20 [INFO]    [PING OK] ES | VLESS | 3442ms
2026-02-22 06:00:22 [INFO]    [PING OK] IT | VLESS | 3403ms
2026-02-22 06:00:23 [INFO]    [PING OK] HU | VLESS | 3451ms
2026-02-22 06:00:23 [INFO]    [PING OK] PL | VLESS | 3852ms
2026-02-22 06:00:24 [INFO]    [PING OK] PL | VLESS | 3721ms
2026-02-22 06:00:24 [INFO]    [PING OK] NL | VLESS | 3861ms
2026-02-22 06:00:24 [INFO]    [PING OK] ES | VLESS | 3429ms
2026-02-22 06:00:24 [INFO]    [PING OK] DE | VLESS | 4235ms
2026-02-22 06:00:25 [INFO]    [PING OK] DE | VLESS | 3564ms
2026-02-22 06:00:25 [INFO]    [PING OK] TR | VLESS | 3445ms
2026-02-22 06:00:27 [INFO]    [PING OK] CA | VLESS | 4609ms
2026-02-22 06:00:28 [INFO]    [PING OK] CA | VLESS | 4450ms
2026-02-22 06:00:28 [INFO]    [PING OK] CA | VLESS | 4419ms
2026-02-22 06:00:29 [INFO]    [PING OK] CA | VLESS | 4938ms
2026-02-22 06:00:29 [INFO]    [PING OK] FR | VLESS | 4881ms
2026-02-22 06:00:29 [INFO]    [PING OK] DE | VLESS | 4603ms
2026-02-22 06:00:29 [INFO]    [PING OK] US | VLESS | 4812ms
2026-02-22 06:00:30 [INFO]    [PING OK] CA | VLESS | 5637ms
2026-02-22 06:00:32 [INFO]    [PING OK] US | VLESS | 4013ms
2026-02-22 06:00:32 [INFO]    [PING OK] CA | VLESS | 7766ms
2026-02-22 06:00:32 [INFO]    [PING OK] US | VLESS | 8069ms
2026-02-22 06:00:33 [INFO]    [PING OK] NL | VLESS | 3374ms
2026-02-22 06:00:33 [INFO]    [PING OK] CA | VLESS | 8635ms
2026-02-22 06:00:33 [INFO]    [PING OK] CA | VLESS | 8666ms
2026-02-22 06:00:33 [INFO]    [PING OK] NL | VLESS | 3229ms
2026-02-22 06:00:34 [INFO]    [PING OK] DE | VLESS | 3087ms
2026-02-22 06:00:35 [INFO]    [PING OK] DE | VLESS | 2910ms
2026-02-22 06:00:35 [INFO]    [PING OK] CA | VLESS | 3910ms
2026-02-22 06:00:36 [INFO]    [PING OK] DE | VLESS | 2827ms
2026-02-22 06:00:37 [INFO]    [PING OK] US | VLESS | 2971ms
2026-02-22 06:00:37 [INFO]    [PING OK] DE | VLESS | 2910ms
2026-02-22 06:00:38 [INFO]    [PING OK] CA | VLESS | 5449ms
2026-02-22 06:00:38 [INFO]    [PING OK] DE | VLESS | 4336ms
2026-02-22 06:00:38 [INFO]    [PING OK] CA | VLESS | 4099ms
2026-02-22 06:00:40 [INFO]    [PING OK] FR | VLESS | 2542ms
2026-02-22 06:00:40 [INFO]    [PING OK] CA | VLESS | 4822ms
2026-02-22 06:00:40 [INFO]    [PING OK] DE | VLESS | 2201ms
2026-02-22 06:00:45 [INFO] 🏎️ ЭТАП 2: Глубокий замер скорости для 40 иностранных кандидатов...
2026-02-22 06:00:49 [INFO]    🏆 DE | VLESS | Пинг: 2910ms | Скорость: 6.03 Mbps ⚡⚡
2026-02-22 06:00:49 [INFO]    🏆 NL | VLESS | Пинг: 3229ms | Скорость: 6.03 Mbps ⚡⚡
2026-02-22 06:00:49 [INFO]    🏆 DE | VLESS | Пинг: 2827ms | Скорость: 5.87 Mbps ⚡⚡
2026-02-22 06:00:49 [INFO]    🏆 DE | VLESS | Пинг: 2910ms | Скорость: 5.83 Mbps ⚡⚡
2026-02-22 06:00:49 [INFO]    🏆 NL | VLESS | Пинг: 3374ms | Скорость: 5.93 Mbps ⚡⚡
2026-02-22 06:00:49 [INFO]    🏆 TR | VLESS | Пинг: 3082ms | Скорость: 5.86 Mbps ⚡⚡
2026-02-22 06:00:49 [INFO]    🏆 ES | VLESS | Пинг: 3442ms | Скорость: 6.04 Mbps ⚡⚡
2026-02-22 06:00:49 [INFO]    🏆 ES | VLESS | Пинг: 3429ms | Скорость: 6.03 Mbps ⚡⚡
2026-02-22 06:00:49 [INFO]    🏆 TR | VLESS | Пинг: 3419ms | Скорость: 5.94 Mbps ⚡⚡
2026-02-22 06:00:49 [INFO]    🏆 DE | VLESS | Пинг: 2201ms | Скорость: 5.41 Mbps ⚡⚡
2026-02-22 06:00:49 [INFO]    🏆 US | VLESS | Пинг: 2971ms | Скорость: 5.56 Mbps ⚡⚡
2026-02-22 06:00:51 [INFO]    🏆 HU | VLESS | Пинг: 3451ms | Скорость: 7.03 Mbps ⚡⚡
2026-02-22 06:00:51 [INFO]    🏆 PL | VLESS | Пинг: 3536ms | Скорость: 11.83 Mbps ⚡⚡
2026-02-22 06:00:51 [INFO]    🏆 FR | VLESS | Пинг: 2542ms | Скорость: 3.38 Mbps ⚡⚡
2026-02-22 06:00:51 [INFO]    🏆 DE | VLESS | Пинг: 3564ms | Скорость: 10.78 Mbps ⚡⚡
2026-02-22 06:00:52 [INFO]    🏆 TR | VLESS | Пинг: 3445ms | Скорость: 0.96 Mbps 
2026-02-22 06:00:52 [INFO]    🏆 PL | VLESS | Пинг: 3661ms | Скорость: 9.05 Mbps ⚡⚡
2026-02-22 06:00:52 [INFO]    🏆 PL | VLESS | Пинг: 3721ms | Скорость: 9.01 Mbps ⚡⚡
2026-02-22 06:00:52 [INFO]    🏆 HU | VLESS | Пинг: 3699ms | Скорость: 8.76 Mbps ⚡⚡
2026-02-22 06:00:52 [INFO]    🏆 ES | VLESS | Пинг: 3740ms | Скорость: 9.19 Mbps ⚡⚡
2026-02-22 06:00:52 [INFO]    🏆 TR | VLESS | Пинг: 3639ms | Скорость: 8.31 Mbps ⚡⚡
2026-02-22 06:00:52 [INFO]    🏆 PL | VLESS | Пинг: 3852ms | Скорость: 7.96 Mbps ⚡⚡
2026-02-22 06:00:53 [INFO]    🏆 NL | VLESS | Пинг: 3861ms | Скорость: 12.09 Mbps ⚡⚡
2026-02-22 06:00:54 [INFO]    🏆 DE | VLESS | Пинг: 4336ms | Скорость: 14.4 Mbps ⚡⚡
2026-02-22 06:00:55 [INFO]    🏆 US | VLESS | Пинг: 4013ms | Скорость: 7.52 Mbps ⚡⚡
2026-02-22 06:00:55 [INFO]    🏆 CA | VLESS | Пинг: 4450ms | Скорость: 9.03 Mbps ⚡⚡
2026-02-22 06:00:55 [INFO]    🏆 CA | VLESS | Пинг: 4419ms | Скорость: 8.89 Mbps ⚡⚡
2026-02-22 06:00:55 [INFO]    🏆 DE | VLESS | Пинг: 4603ms | Скорость: 14.97 Mbps ⚡⚡
2026-02-22 06:00:56 [INFO]    🏆 ES | VLESS | Пинг: 3928ms | Скорость: 5.32 Mbps ⚡⚡
2026-02-22 06:00:59 [INFO] 📊 Итого в подписке сохранено иностранных серверов: 10
2026-02-22 06:00:59 [INFO] 💾 Файл успешно сохранен: FL1PVPN
