2026-02-18 13:50:06 [INFO] 🚀 START: Smart VLESS Selector (Target: 10, Strict Mode)
2026-02-18 13:50:06 [INFO] 🌐 Загрузка источников...
2026-02-18 13:50:10 [INFO] 🔍 Уникальных конфигов собрано: 324
2026-02-18 13:50:10 [INFO] ⚡ ЭТАП 1: Быстрый замер Пинга (Workers: 25)...
2026-02-18 13:50:12 [INFO]    [PING OK] DE | 504ms
2026-02-18 13:50:12 [INFO]    [PING OK] RU | 413ms
2026-02-18 13:50:13 [INFO]    [PING OK] RU | 234ms
2026-02-18 13:50:14 [INFO]    [PING OK] DE | 198ms
2026-02-18 13:50:15 [INFO]    [PING OK] JP | 2439ms
2026-02-18 13:50:16 [INFO]    [PING OK] RU | 1121ms
2026-02-18 13:50:17 [INFO]    [PING OK] RU | 154ms
2026-02-18 13:50:18 [INFO]    [PING OK] RU | 1544ms
2026-02-18 13:50:19 [INFO]    [PING OK] RU | 147ms
2026-02-18 13:50:19 [INFO]    [PING OK] DE | 436ms
2026-02-18 13:50:20 [INFO]    [PING OK] IT | 544ms
2026-02-18 13:50:21 [INFO]    [PING OK] RU | 200ms
2026-02-18 13:50:22 [INFO]    [PING OK] RU | 215ms
2026-02-18 13:50:22 [INFO]    [PING OK] RU | 300ms
2026-02-18 13:50:22 [INFO]    [PING OK] RU | 91ms
2026-02-18 13:50:22 [INFO]    [PING OK] RU | 378ms
2026-02-18 13:50:22 [INFO]    [PING OK] RU | 523ms
2026-02-18 13:50:23 [INFO]    [PING OK] RU | 1611ms
2026-02-18 13:50:23 [INFO]    [PING OK] RU | 255ms
2026-02-18 13:50:23 [INFO]    [PING OK] RU | 310ms
2026-02-18 13:50:23 [INFO]    [PING OK] RU | 1714ms
2026-02-18 13:50:23 [INFO]    [PING OK] RU | 228ms
2026-02-18 13:50:23 [INFO]    [PING OK] RU | 330ms
2026-02-18 13:50:23 [INFO]    [PING OK] RU | 359ms
2026-02-18 13:50:23 [INFO]    [PING OK] RU | 266ms
2026-02-18 13:50:23 [INFO]    [PING OK] RU | 325ms
2026-02-18 13:50:24 [INFO]    [PING OK] RU | 413ms
2026-02-18 13:50:24 [INFO]    [PING OK] RU | 210ms
2026-02-18 13:50:24 [INFO]    [PING OK] RU | 530ms
2026-02-18 13:50:24 [INFO]    [PING OK] RU | 327ms
2026-02-18 13:50:24 [INFO]    [PING OK] RU | 227ms
2026-02-18 13:50:24 [INFO]    [PING OK] RU | 395ms
2026-02-18 13:50:24 [INFO]    [PING OK] RU | 261ms
2026-02-18 13:50:24 [INFO]    [PING OK] RU | 242ms
2026-02-18 13:50:25 [INFO]    [PING OK] RU | 318ms
2026-02-18 13:50:25 [INFO]    [PING OK] RU | 270ms
2026-02-18 13:50:25 [INFO]    [PING OK] RU | 429ms
2026-02-18 13:50:25 [INFO]    [PING OK] RU | 386ms
2026-02-18 13:50:25 [INFO]    [PING OK] RU | 312ms
2026-02-18 13:50:25 [INFO]    [PING OK] RU | 856ms
2026-02-18 13:50:25 [INFO]    [PING OK] RU | 405ms
2026-02-18 13:50:25 [INFO]    [PING OK] RU | 613ms
2026-02-18 13:50:26 [INFO]    [PING OK] RU | 214ms
2026-02-18 13:50:26 [INFO]    [PING OK] RU | 274ms
2026-02-18 13:50:26 [INFO]    [PING OK] RU | 1020ms
2026-02-18 13:50:26 [INFO]    [PING OK] RU | 316ms
2026-02-18 13:50:26 [INFO]    [PING OK] NL | 429ms
2026-02-18 13:50:27 [INFO]    [PING OK] RU | 1581ms
2026-02-18 13:50:27 [INFO]    [PING OK] RU | 745ms
2026-02-18 13:50:27 [INFO]    [PING OK] RU | 1661ms
2026-02-18 13:50:27 [INFO]    [PING OK] RU | 1307ms
2026-02-18 13:50:27 [INFO]    [PING OK] RU | 1162ms
2026-02-18 13:50:28 [INFO]    [PING OK] RU | 1554ms
2026-02-18 13:50:28 [INFO]    [PING OK] RU | 866ms
2026-02-18 13:50:28 [INFO]    [PING OK] RU | 3968ms
2026-02-18 13:50:28 [INFO]    [PING OK] RU | 4939ms
2026-02-18 13:50:28 [INFO]    [PING OK] RU | 4333ms
2026-02-18 13:50:28 [INFO]    [PING OK] RU | 2652ms
2026-02-18 13:50:28 [INFO]    [PING OK] RU | 4946ms
2026-02-18 13:50:28 [INFO]    [PING OK] RU | 255ms
2026-02-18 13:50:28 [INFO]    [PING OK] FI | 4368ms
2026-02-18 13:50:29 [INFO]    [PING OK] RU | 941ms
2026-02-18 13:50:29 [INFO]    [PING OK] RU | 1743ms
2026-02-18 13:50:29 [INFO]    [PING OK] RU | 304ms
2026-02-18 13:50:30 [INFO]    [PING OK] RU | 640ms
2026-02-18 13:50:30 [INFO]    [PING OK] DE | 871ms
2026-02-18 13:50:30 [INFO]    [PING OK] RU | 4375ms
2026-02-18 13:50:31 [INFO]    [PING OK] RU | 138ms
2026-02-18 13:50:31 [INFO]    [PING OK] RU | 139ms
2026-02-18 13:50:31 [INFO]    [PING OK] PL | 131ms
2026-02-18 13:50:31 [INFO]    [PING OK] RU | 4124ms
2026-02-18 13:50:32 [INFO]    [PING OK] RU | 1823ms
2026-02-18 13:50:32 [INFO]    [PING OK] RU | 2652ms
2026-02-18 13:50:32 [INFO]    [PING OK] NL | 236ms
2026-02-18 13:50:32 [INFO]    [PING OK] RU | 2623ms
2026-02-18 13:50:32 [INFO]    [PING OK] RU | 4426ms
2026-02-18 13:50:33 [INFO]    [PING OK] PL | 127ms
2026-02-18 13:50:34 [INFO]    [PING OK] AT | 235ms
2026-02-18 13:50:34 [INFO]    [PING OK] US | 454ms
2026-02-18 13:50:34 [INFO]    [PING OK] RU | 4799ms
2026-02-18 13:50:34 [INFO]    [PING OK] RU | 4661ms
2026-02-18 13:50:35 [INFO]    [PING OK] DE | 116ms
2026-02-18 13:50:35 [INFO]    [PING OK] RU | 4478ms
2026-02-18 13:50:35 [INFO]    [PING OK] NL | 206ms
2026-02-18 13:50:35 [INFO]    [PING OK] DE | 495ms
2026-02-18 13:50:36 [INFO]    [PING OK] US | 498ms
2026-02-18 13:50:36 [INFO]    [PING OK] NL | 395ms
2026-02-18 13:50:36 [INFO]    [PING OK] FI | 196ms
2026-02-18 13:50:37 [INFO]    [PING OK] JP | 449ms
2026-02-18 13:50:37 [INFO]    [PING OK] RU | 152ms
2026-02-18 13:50:37 [INFO]    [PING OK] DE | 443ms
2026-02-18 13:50:38 [INFO]    [PING OK] IQ | 338ms
2026-02-18 13:50:39 [INFO]    [PING OK] NL | 463ms
2026-02-18 13:50:39 [INFO]    [PING OK] LV | 404ms
2026-02-18 13:50:40 [INFO]    [PING OK] FR | 825ms
2026-02-18 13:50:41 [INFO]    [PING OK] FI | 203ms
2026-02-18 13:50:41 [INFO]    [PING OK] MD | 148ms
2026-02-18 13:50:41 [INFO]    [PING OK] DE | 290ms
2026-02-18 13:50:42 [INFO]    [PING OK] IE | 3457ms
2026-02-18 13:50:42 [INFO]    [PING OK] UZ | 461ms
2026-02-18 13:50:42 [INFO]    [PING OK] AU | 734ms
2026-02-18 13:50:43 [INFO]    [PING OK] NL | 180ms
2026-02-18 13:50:43 [INFO]    [PING OK] FR | 800ms
2026-02-18 13:50:44 [INFO]    [PING OK] DE | 124ms
2026-02-18 13:50:44 [INFO]    [PING OK] US | 625ms
2026-02-18 13:50:44 [INFO]    [PING OK] US | 1753ms
2026-02-18 13:50:48 [INFO]    [PING OK] DE | 3370ms
2026-02-18 13:50:49 [INFO] 🏎️ ЭТАП 2: Глубокий замер скорости для ТОП-10 серверов...
2026-02-18 13:50:56 [INFO]    🏆 DE | Пинг: 116ms | Скорость: 7.99 Mbps ⚡⚡
2026-02-18 13:50:56 [INFO]    🏆 DE | Пинг: 124ms | Скорость: 7.85 Mbps ⚡⚡
2026-02-18 13:50:56 [INFO]    🏆 PL | Пинг: 127ms | Скорость: 7.84 Mbps ⚡⚡
2026-02-18 13:50:56 [INFO]    🏆 PL | Пинг: 131ms | Скорость: 7.89 Mbps ⚡⚡
2026-02-18 13:50:56 [INFO]    🏆 MD | Пинг: 148ms | Скорость: 1.55 Mbps ⚡
2026-02-18 13:50:56 [INFO]    🏆 NL | Пинг: 180ms | Скорость: 8.05 Mbps ⚡⚡
2026-02-18 13:50:56 [INFO]    🏆 FI | Пинг: 196ms | Скорость: 7.95 Mbps ⚡⚡
2026-02-18 13:50:56 [INFO]    🏆 DE | Пинг: 198ms | Скорость: 0.0 Mbps 
2026-02-18 13:50:56 [INFO]    🏆 FI | Пинг: 203ms | Скорость: 8.35 Mbps ⚡⚡
2026-02-18 13:50:56 [INFO]    🏆 RU | Пинг: 91ms | Скорость: 8.25 Mbps ⚡⚡
2026-02-18 13:50:56 [INFO] 🇷🇺 Добавлен RU сервер: 87.242.103.184
2026-02-18 13:50:56 [INFO] 📊 Итого в подписке сохранено: 10 серверов
2026-02-18 13:50:56 [INFO] 💾 Файл успешно сохранен: FL1PVPN
