2026-02-24 06:10:06 [INFO] 🚀 START: Smart Selector (Target: 10, ONLY FOREIGN)
2026-02-24 06:10:06 [INFO] 🌐 Загрузка источников (VLESS + VMess)...
2026-02-24 06:10:07 [INFO] 🔍 Уникальных конфигов собрано: 217
2026-02-24 06:10:07 [INFO] ⚡ ЭТАП 1: Замер Пинга и Геолокации. Workers: 40...
2026-02-24 06:10:13 [INFO]    [PING OK] PL | VLESS | 4698ms
2026-02-24 06:10:13 [INFO]    [PING OK] FI | VLESS | 4792ms
2026-02-24 06:10:13 [INFO]    [PING OK] IT | VLESS | 4661ms
2026-02-24 06:10:13 [INFO]    [PING OK] ES | VLESS | 4797ms
2026-02-24 06:10:13 [INFO]    [PING OK] TR | VLESS | 4569ms
2026-02-24 06:10:13 [INFO]    [PING OK] HU | VLESS | 4890ms
2026-02-24 06:10:13 [INFO]    [PING OK] TR | VLESS | 5045ms
2026-02-24 06:10:13 [INFO]    [PING OK] ES | VLESS | 4831ms
2026-02-24 06:10:13 [INFO]    [PING OK] IT | VLESS | 4508ms
2026-02-24 06:10:13 [INFO]    [PING OK] NL | VLESS | 4174ms
2026-02-24 06:10:13 [INFO]    [PING OK] SE | VLESS | 4118ms
2026-02-24 06:10:14 [INFO]    [PING OK] DE | VLESS | 4181ms
2026-02-24 06:10:14 [INFO]    [PING OK] DE | VLESS | 4552ms
2026-02-24 06:10:14 [INFO]    [PING OK] TR | VLESS | 4107ms
2026-02-24 06:10:14 [INFO]    [PING OK] ES | VLESS | 4409ms
2026-02-24 06:10:15 [INFO]    [PING OK] PL | VLESS | 4939ms
2026-02-24 06:10:18 [INFO]    [PING OK] PL | VLESS | 4446ms
2026-02-24 06:10:18 [INFO]    [PING OK] HU | VLESS | 4622ms
2026-02-24 06:10:18 [INFO]    [PING OK] HU | VLESS | 4557ms
2026-02-24 06:10:19 [INFO]    [PING OK] ES | VLESS | 5055ms
2026-02-24 06:10:19 [INFO]    [PING OK] TR | VLESS | 4616ms
2026-02-24 06:10:19 [INFO]    [PING OK] PL | VLESS | 4601ms
2026-02-24 06:10:19 [INFO]    [PING OK] PL | VLESS | 4371ms
2026-02-24 06:10:20 [INFO]    [PING OK] DE | VLESS | 4278ms
2026-02-24 06:10:20 [INFO]    [PING OK] ES | VLESS | 4224ms
2026-02-24 06:10:20 [INFO]    [PING OK] NL | VLESS | 5836ms
2026-02-24 06:10:20 [INFO]    [PING OK] NL | VLESS | 4924ms
2026-02-24 06:10:21 [INFO]    [PING OK] LV | VLESS | 5137ms
2026-02-24 06:10:21 [INFO]    [PING OK] NL | VLESS | 5119ms
2026-02-24 06:10:21 [INFO]    [PING OK] DE | VLESS | 5872ms
2026-02-24 06:10:21 [INFO]    [PING OK] ES | VLESS | 6175ms
2026-02-24 06:10:22 [INFO]    [PING OK] CA | VLESS | 5016ms
2026-02-24 06:10:23 [INFO]    [PING OK] CA | VLESS | 5580ms
2026-02-24 06:10:24 [INFO]    [PING OK] SE | VLESS | 5534ms
2026-02-24 06:10:25 [INFO]    [PING OK] CA | VLESS | 6324ms
2026-02-24 06:10:25 [INFO]    [PING OK] SE | VLESS | 6126ms
2026-02-24 06:10:26 [INFO]    [PING OK] CA | VLESS | 6337ms
2026-02-24 06:10:26 [INFO]    [PING OK] DE | VLESS | 6108ms
2026-02-24 06:10:26 [INFO]    [PING OK] CA | VLESS | 6450ms
2026-02-24 06:10:26 [INFO]    [PING OK] CA | VLESS | 6718ms
2026-02-24 06:10:26 [INFO]    [PING OK] SG | VLESS | 6486ms
2026-02-24 06:10:26 [INFO]    [PING OK] DE | VLESS | 6387ms
2026-02-24 06:10:26 [INFO]    [PING OK] DE | VLESS | 6023ms
2026-02-24 06:10:26 [INFO]    [PING OK] CA | VLESS | 6902ms
2026-02-24 06:10:26 [INFO]    [PING OK] SE | VLESS | 6408ms
2026-02-24 06:10:27 [INFO]    [PING OK] CA | VLESS | 5820ms
2026-02-24 06:10:27 [INFO]    [PING OK] TR | VLESS | 5123ms
2026-02-24 06:10:27 [INFO]    [PING OK] DE | VLESS | 4036ms
2026-02-24 06:10:28 [INFO]    [PING OK] DE | VLESS | 2591ms
2026-02-24 06:10:28 [INFO]    [PING OK] SE | VLESS | 2388ms
2026-02-24 06:10:28 [INFO]    [PING OK] NO | VLESS | 1838ms
2026-02-24 06:10:28 [INFO]    [PING OK] CA | VLESS | 7408ms
2026-02-24 06:10:28 [INFO]    [PING OK] SE | VLESS | 2795ms
2026-02-24 06:10:28 [INFO]    [PING OK] SE | VLESS | 2245ms
2026-02-24 06:10:28 [INFO]    [PING OK] CA | VLESS | 2210ms
2026-02-24 06:10:29 [INFO]    [PING OK] CA | VLESS | 3411ms
2026-02-24 06:10:30 [INFO]    [PING OK] DE | VLESS | 7719ms
2026-02-24 06:10:31 [INFO]    [PING OK] CA | VLESS | 4389ms
2026-02-24 06:10:33 [INFO] 🏎️ ЭТАП 2: Глубокий замер скорости для 40 иностранных кандидатов...
2026-02-24 06:10:38 [INFO]    🏆 DE | VLESS | Пинг: 4036ms | Скорость: 4.71 Mbps ⚡⚡
2026-02-24 06:10:38 [INFO]    🏆 DE | VLESS | Пинг: 4278ms | Скорость: 4.79 Mbps ⚡⚡
2026-02-24 06:10:38 [INFO]    🏆 DE | VLESS | Пинг: 2591ms | Скорость: 4.65 Mbps ⚡⚡
2026-02-24 06:10:38 [INFO]    🏆 SE | VLESS | Пинг: 2388ms | Скорость: 4.61 Mbps ⚡⚡
2026-02-24 06:10:38 [INFO]    🏆 SE | VLESS | Пинг: 2245ms | Скорость: 4.58 Mbps ⚡⚡
2026-02-24 06:10:38 [INFO]    🏆 DE | VLESS | Пинг: 4181ms | Скорость: 4.78 Mbps ⚡⚡
2026-02-24 06:10:38 [INFO]    🏆 PL | VLESS | Пинг: 4371ms | Скорость: 4.75 Mbps ⚡⚡
2026-02-24 06:10:38 [INFO]    🏆 TR | VLESS | Пинг: 4107ms | Скорость: 4.6 Mbps ⚡⚡
2026-02-24 06:10:38 [INFO]    🏆 ES | VLESS | Пинг: 4224ms | Скорость: 4.59 Mbps ⚡⚡
2026-02-24 06:10:38 [INFO]    🏆 NL | VLESS | Пинг: 4174ms | Скорость: 4.44 Mbps ⚡⚡
2026-02-24 06:10:39 [INFO]    🏆 NO | VLESS | Пинг: 1838ms | Скорость: 1.37 Mbps 
2026-02-24 06:10:40 [INFO]    🏆 CA | VLESS | Пинг: 4389ms | Скорость: 6.28 Mbps ⚡⚡
2026-02-24 06:10:41 [INFO]    🏆 ES | VLESS | Пинг: 4409ms | Скорость: 8.13 Mbps ⚡⚡
2026-02-24 06:10:42 [INFO]    🏆 PL | VLESS | Пинг: 4601ms | Скорость: 6.18 Mbps ⚡⚡
2026-02-24 06:10:42 [INFO]    🏆 PL | VLESS | Пинг: 4698ms | Скорость: 6.79 Mbps ⚡⚡
2026-02-24 06:10:42 [INFO]    🏆 HU | VLESS | Пинг: 4557ms | Скорость: 5.89 Mbps ⚡⚡
2026-02-24 06:10:42 [INFO]    🏆 PL | VLESS | Пинг: 4446ms | Скорость: 5.79 Mbps ⚡⚡
2026-02-24 06:10:42 [INFO]    🏆 HU | VLESS | Пинг: 4622ms | Скорость: 5.96 Mbps ⚡⚡
2026-02-24 06:10:42 [INFO]    🏆 IT | VLESS | Пинг: 4508ms | Скорость: 5.71 Mbps ⚡⚡
2026-02-24 06:10:42 [INFO]    🏆 TR | VLESS | Пинг: 4616ms | Скорость: 5.71 Mbps ⚡⚡
2026-02-24 06:10:42 [INFO]    🏆 TR | VLESS | Пинг: 4569ms | Скорость: 5.7 Mbps ⚡⚡
2026-02-24 06:10:42 [INFO]    🏆 IT | VLESS | Пинг: 4661ms | Скорость: 5.83 Mbps ⚡⚡
2026-02-24 06:10:42 [INFO]    🏆 DE | VLESS | Пинг: 4552ms | Скорость: 5.44 Mbps ⚡⚡
2026-02-24 06:10:43 [INFO]    🏆 FI | VLESS | Пинг: 4792ms | Скорость: 6.49 Mbps ⚡⚡
2026-02-24 06:10:44 [INFO]    🏆 ES | VLESS | Пинг: 4797ms | Скорость: 5.82 Mbps ⚡⚡
2026-02-24 06:10:44 [INFO]    🏆 ES | VLESS | Пинг: 4831ms | Скорость: 5.79 Mbps ⚡⚡
2026-02-24 06:10:45 [INFO]    🏆 SE | VLESS | Пинг: 5534ms | Скорость: 11.26 Mbps ⚡⚡
2026-02-24 06:10:45 [INFO]    🏆 PL | VLESS | Пинг: 4939ms | Скорость: 9.39 Mbps ⚡⚡
2026-02-24 06:10:45 [INFO]    🏆 TR | VLESS | Пинг: 5123ms | Скорость: 10.58 Mbps ⚡⚡
2026-02-24 06:10:45 [INFO]    🏆 LV | VLESS | Пинг: 5137ms | Скорость: 9.25 Mbps ⚡⚡
2026-02-24 06:10:46 [INFO]    🏆 NL | VLESS | Пинг: 5119ms | Скорость: 6.89 Mbps ⚡⚡
2026-02-24 06:10:47 [INFO]    🏆 HU | VLESS | Пинг: 4890ms | Скорость: 0.94 Mbps 
2026-02-24 06:10:47 [INFO]    🏆 ES | VLESS | Пинг: 5055ms | Скорость: 4.73 Mbps ⚡⚡
2026-02-24 06:10:47 [INFO]    🏆 TR | VLESS | Пинг: 5045ms | Скорость: 4.56 Mbps ⚡⚡
2026-02-24 06:10:47 [INFO] 📊 Итого в подписке сохранено иностранных серверов: 10
2026-02-24 06:10:47 [INFO] 💾 Файл успешно сохранен: FL1PVPN
