2026-02-17 23:20:05 [INFO] 🚀 START: Smart VLESS Selector (Target: 10, Strict Mode)
2026-02-17 23:20:05 [INFO] 🌐 Загрузка источников...
2026-02-17 23:20:07 [INFO] 🔍 Уникальных конфигов собрано: 350
2026-02-17 23:20:07 [INFO] ⚡ ЭТАП 1: Быстрый замер Пинга (Workers: 25)...
2026-02-17 23:20:08 [INFO]    [PING OK] PL | 89ms
2026-02-17 23:20:09 [INFO]    [PING OK] LV | 195ms
2026-02-17 23:20:09 [INFO]    [PING OK] DE | 173ms
2026-02-17 23:20:09 [INFO]    [PING OK] LT | 149ms
2026-02-17 23:20:09 [INFO]    [PING OK] DE | 182ms
2026-02-17 23:20:09 [INFO]    [PING OK] FI | 137ms
2026-02-17 23:20:09 [INFO]    [PING OK] LT | 141ms
2026-02-17 23:20:10 [INFO]    [PING OK] DE | 148ms
2026-02-17 23:20:10 [INFO]    [PING OK] DE | 530ms
2026-02-17 23:20:10 [INFO]    [PING OK] LV | 500ms
2026-02-17 23:20:10 [INFO]    [PING OK] NL | 152ms
2026-02-17 23:20:10 [INFO]    [PING OK] RU | 167ms
2026-02-17 23:20:11 [INFO]    [PING OK] DE | 550ms
2026-02-17 23:20:12 [INFO]    [PING OK] US | 621ms
2026-02-17 23:20:12 [INFO]    [PING OK] LT | 156ms
2026-02-17 23:20:12 [INFO]    [PING OK] FI | 1744ms
2026-02-17 23:20:12 [INFO]    [PING OK] DE | 195ms
2026-02-17 23:20:12 [INFO]    [PING OK] FI | 209ms
2026-02-17 23:20:13 [INFO]    [PING OK] DE | 213ms
2026-02-17 23:20:13 [INFO]    [PING OK] RU | 285ms
2026-02-17 23:20:13 [INFO]    [PING OK] RU | 249ms
2026-02-17 23:20:13 [INFO]    [PING OK] RU | 145ms
2026-02-17 23:20:13 [INFO]    [PING OK] RU | 89ms
2026-02-17 23:20:13 [INFO]    [PING OK] RU | 412ms
2026-02-17 23:20:13 [INFO]    [PING OK] RU | 306ms
2026-02-17 23:20:14 [INFO]    [PING OK] RU | 187ms
2026-02-17 23:20:14 [INFO]    [PING OK] RU | 244ms
2026-02-17 23:20:14 [INFO]    [PING OK] RU | 237ms
2026-02-17 23:20:14 [INFO]    [PING OK] RU | 231ms
2026-02-17 23:20:14 [INFO]    [PING OK] RU | 153ms
2026-02-17 23:20:14 [INFO]    [PING OK] RU | 132ms
2026-02-17 23:20:14 [INFO]    [PING OK] RU | 117ms
2026-02-17 23:20:14 [INFO]    [PING OK] RU | 114ms
2026-02-17 23:20:14 [INFO]    [PING OK] RU | 187ms
2026-02-17 23:20:14 [INFO]    [PING OK] RU | 278ms
2026-02-17 23:20:15 [INFO]    [PING OK] RU | 573ms
2026-02-17 23:20:15 [INFO]    [PING OK] RU | 197ms
2026-02-17 23:20:15 [INFO]    [PING OK] RU | 84ms
2026-02-17 23:20:15 [INFO]    [PING OK] RU | 572ms
2026-02-17 23:20:15 [INFO]    [PING OK] RU | 250ms
2026-02-17 23:20:15 [INFO]    [PING OK] RU | 262ms
2026-02-17 23:20:15 [INFO]    [PING OK] RU | 233ms
2026-02-17 23:20:15 [INFO]    [PING OK] RU | 233ms
2026-02-17 23:20:15 [INFO]    [PING OK] RU | 267ms
2026-02-17 23:20:15 [INFO]    [PING OK] RU | 232ms
2026-02-17 23:20:15 [INFO]    [PING OK] RU | 296ms
2026-02-17 23:20:15 [INFO]    [PING OK] RU | 308ms
2026-02-17 23:20:15 [INFO]    [PING OK] RU | 230ms
2026-02-17 23:20:15 [INFO]    [PING OK] RU | 238ms
2026-02-17 23:20:15 [INFO]    [PING OK] RU | 555ms
2026-02-17 23:20:15 [INFO]    [PING OK] RU | 191ms
2026-02-17 23:20:15 [INFO]    [PING OK] RU | 211ms
2026-02-17 23:20:16 [INFO]    [PING OK] RU | 184ms
2026-02-17 23:20:16 [INFO]    [PING OK] RU | 76ms
2026-02-17 23:20:16 [INFO]    [PING OK] RU | 86ms
2026-02-17 23:20:16 [INFO]    [PING OK] RU | 948ms
2026-02-17 23:20:16 [INFO]    [PING OK] RU | 306ms
2026-02-17 23:20:16 [INFO]    [PING OK] RU | 327ms
2026-02-17 23:20:16 [INFO]    [PING OK] RU | 226ms
2026-02-17 23:20:16 [INFO]    [PING OK] RU | 323ms
2026-02-17 23:20:16 [INFO]    [PING OK] RU | 145ms
2026-02-17 23:20:16 [INFO]    [PING OK] RU | 167ms
2026-02-17 23:20:16 [INFO]    [PING OK] RU | 300ms
2026-02-17 23:20:16 [INFO]    [PING OK] RU | 80ms
2026-02-17 23:20:16 [INFO]    [PING OK] RU | 364ms
2026-02-17 23:20:16 [INFO]    [PING OK] RU | 345ms
2026-02-17 23:20:16 [INFO]    [PING OK] RU | 332ms
2026-02-17 23:20:17 [INFO]    [PING OK] RU | 2540ms
2026-02-17 23:20:17 [INFO]    [PING OK] HU | 352ms
2026-02-17 23:20:17 [INFO]    [PING OK] US | 232ms
2026-02-17 23:20:17 [INFO]    [PING OK] RU | 376ms
2026-02-17 23:20:17 [INFO]    [PING OK] RU | 228ms
2026-02-17 23:20:17 [INFO]    [PING OK] RU | 375ms
2026-02-17 23:20:17 [INFO]    [PING OK] RU | 877ms
2026-02-17 23:20:17 [INFO]    [PING OK] RU | 249ms
2026-02-17 23:20:17 [INFO]    [PING OK] RU | 416ms
2026-02-17 23:20:17 [INFO]    [PING OK] RU | 260ms
2026-02-17 23:20:17 [INFO]    [PING OK] RU | 205ms
2026-02-17 23:20:17 [INFO]    [PING OK] RU | 433ms
2026-02-17 23:20:17 [INFO]    [PING OK] RU | 2253ms
2026-02-17 23:20:17 [INFO]    [PING OK] RU | 132ms
2026-02-17 23:20:17 [INFO]    [PING OK] RU | 257ms
2026-02-17 23:20:17 [INFO]    [PING OK] RU | 98ms
2026-02-17 23:20:18 [INFO]    [PING OK] RU | 341ms
2026-02-17 23:20:18 [INFO]    [PING OK] RU | 273ms
2026-02-17 23:20:18 [INFO]    [PING OK] RU | 267ms
2026-02-17 23:20:18 [INFO]    [PING OK] RU | 265ms
2026-02-17 23:20:18 [INFO]    [PING OK] RU | 155ms
2026-02-17 23:20:18 [INFO]    [PING OK] RU | 233ms
2026-02-17 23:20:18 [INFO]    [PING OK] RU | 272ms
2026-02-17 23:20:18 [INFO]    [PING OK] RU | 376ms
2026-02-17 23:20:18 [INFO]    [PING OK] RU | 227ms
2026-02-17 23:20:18 [INFO]    [PING OK] RU | 286ms
2026-02-17 23:20:18 [INFO]    [PING OK] RU | 335ms
2026-02-17 23:20:19 [INFO]    [PING OK] RU | 215ms
2026-02-17 23:20:19 [INFO]    [PING OK] RU | 150ms
2026-02-17 23:20:19 [INFO]    [PING OK] RU | 1152ms
2026-02-17 23:20:19 [INFO]    [PING OK] RU | 4576ms
2026-02-17 23:20:19 [INFO]    [PING OK] RU | 311ms
2026-02-17 23:20:19 [INFO]    [PING OK] RU | 407ms
2026-02-17 23:20:19 [INFO]    [PING OK] RU | 42ms
2026-02-17 23:20:19 [INFO]    [PING OK] RU | 509ms
2026-02-17 23:20:19 [INFO]    [PING OK] RU | 221ms
2026-02-17 23:20:19 [INFO]    [PING OK] RU | 485ms
2026-02-17 23:20:19 [INFO]    [PING OK] RU | 210ms
2026-02-17 23:20:19 [INFO]    [PING OK] RU | 201ms
2026-02-17 23:20:19 [INFO]    [PING OK] RU | 2875ms
2026-02-17 23:20:19 [INFO]    [PING OK] DE | 1124ms
2026-02-17 23:20:19 [INFO]    [PING OK] GB | 1009ms
2026-02-17 23:20:19 [INFO]    [PING OK] RU | 256ms
2026-02-17 23:20:20 [INFO]    [PING OK] RU | 300ms
2026-02-17 23:20:20 [INFO]    [PING OK] RU | 291ms
2026-02-17 23:20:20 [INFO]    [PING OK] RU | 226ms
2026-02-17 23:20:20 [INFO]    [PING OK] RU | 248ms
2026-02-17 23:20:20 [INFO]    [PING OK] RU | 244ms
2026-02-17 23:20:20 [INFO]    [PING OK] RU | 205ms
2026-02-17 23:20:20 [INFO]    [PING OK] RU | 336ms
2026-02-17 23:20:20 [INFO]    [PING OK] RU | 302ms
2026-02-17 23:20:20 [INFO]    [PING OK] RU | 69ms
2026-02-17 23:20:20 [INFO]    [PING OK] RU | 256ms
2026-02-17 23:20:20 [INFO]    [PING OK] RU | 78ms
2026-02-17 23:20:20 [INFO]    [PING OK] RU | 460ms
2026-02-17 23:20:20 [INFO]    [PING OK] RU | 131ms
2026-02-17 23:20:20 [INFO]    [PING OK] RU | 548ms
2026-02-17 23:20:20 [INFO]    [PING OK] FR | 184ms
2026-02-17 23:20:21 [INFO]    [PING OK] UZ | 259ms
2026-02-17 23:20:21 [INFO]    [PING OK] PL | 102ms
2026-02-17 23:20:21 [INFO]    [PING OK] DE | 517ms
2026-02-17 23:20:21 [INFO]    [PING OK] LV | 458ms
2026-02-17 23:20:22 [INFO]    [PING OK] NL | 196ms
2026-02-17 23:20:22 [INFO]    [PING OK] PL | 241ms
2026-02-17 23:20:22 [INFO]    [PING OK] RU | 4884ms
2026-02-17 23:20:22 [INFO]    [PING OK] AT | 239ms
2026-02-17 23:20:23 [INFO]    [PING OK] JP | 813ms
2026-02-17 23:20:23 [INFO]    [PING OK] DE | 201ms
2026-02-17 23:20:23 [INFO]    [PING OK] FI | 740ms
2026-02-17 23:20:24 [INFO]    [PING OK] RU | 337ms
2026-02-17 23:20:25 [INFO]    [PING OK] RU | 151ms
2026-02-17 23:20:25 [INFO]    [PING OK] GB | 163ms
2026-02-17 23:20:26 [INFO]    [PING OK] HU | 329ms
2026-02-17 23:20:27 [INFO]    [PING OK] RU | 341ms
2026-02-17 23:20:28 [INFO]    [PING OK] IQ | 175ms
2026-02-17 23:20:31 [INFO]    [PING OK] AE | 177ms
2026-02-17 23:20:32 [INFO]    [PING OK] FI | 243ms
2026-02-17 23:20:33 [INFO]    [PING OK] FR | 608ms
2026-02-17 23:20:34 [INFO]    [PING OK] US | 453ms
2026-02-17 23:20:34 [INFO]    [PING OK] DE | 211ms
2026-02-17 23:20:34 [INFO]    [PING OK] FI | 513ms
2026-02-17 23:20:39 [INFO] 🏎️ ЭТАП 2: Глубокий замер скорости для ТОП-10 серверов...
2026-02-17 23:20:45 [INFO]    🏆 PL | Пинг: 89ms | Скорость: 8.8 Mbps ⚡⚡
2026-02-17 23:20:45 [INFO]    🏆 PL | Пинг: 102ms | Скорость: 0.0 Mbps 
2026-02-17 23:20:45 [INFO]    🏆 FI | Пинг: 137ms | Скорость: 4.52 Mbps ⚡⚡
2026-02-17 23:20:45 [INFO]    🏆 LT | Пинг: 141ms | Скорость: 8.72 Mbps ⚡⚡
2026-02-17 23:20:45 [INFO]    🏆 DE | Пинг: 148ms | Скорость: 8.55 Mbps ⚡⚡
2026-02-17 23:20:45 [INFO]    🏆 LT | Пинг: 149ms | Скорость: 8.62 Mbps ⚡⚡
2026-02-17 23:20:45 [INFO]    🏆 NL | Пинг: 152ms | Скорость: 8.85 Mbps ⚡⚡
2026-02-17 23:20:45 [INFO]    🏆 LT | Пинг: 156ms | Скорость: 8.86 Mbps ⚡⚡
2026-02-17 23:20:45 [INFO]    🏆 GB | Пинг: 163ms | Скорость: 8.96 Mbps ⚡⚡
2026-02-17 23:20:45 [INFO]    🏆 RU | Пинг: 42ms | Скорость: 8.91 Mbps ⚡⚡
2026-02-17 23:20:45 [INFO] 🇷🇺 Добавлен RU сервер: 85.192.32.30
2026-02-17 23:20:45 [INFO] 📊 Итого в подписке сохранено: 10 серверов
2026-02-17 23:20:45 [INFO] 💾 Файл успешно сохранен: FL1PVPN
