2026-02-24 22:50:06 [INFO] 🚀 START: Smart Selector (Target: 10, ONLY FOREIGN)
2026-02-24 22:50:06 [INFO] 🌐 Загрузка источников (VLESS + VMess)...
2026-02-24 22:50:07 [INFO] 🔍 Уникальных конфигов собрано: 185
2026-02-24 22:50:07 [INFO] ⚡ ЭТАП 1: Замер Пинга и Геолокации. Workers: 40...
2026-02-24 22:50:12 [INFO]    [PING OK] FI | VLESS | 4266ms
2026-02-24 22:50:12 [INFO]    [PING OK] DE | VLESS | 4309ms
2026-02-24 22:50:13 [INFO]    [PING OK] HU | VLESS | 4358ms
2026-02-24 22:50:13 [INFO]    [PING OK] HU | VLESS | 4171ms
2026-02-24 22:50:13 [INFO]    [PING OK] PL | VLESS | 4083ms
2026-02-24 22:50:13 [INFO]    [PING OK] HU | VLESS | 4049ms
2026-02-24 22:50:13 [INFO]    [PING OK] DE | VLESS | 3946ms
2026-02-24 22:50:14 [INFO]    [PING OK] DE | VLESS | 4251ms
2026-02-24 22:50:14 [INFO]    [PING OK] IT | VLESS | 4282ms
2026-02-24 22:50:15 [INFO]    [PING OK] ES | VLESS | 5152ms
2026-02-24 22:50:15 [INFO]    [PING OK] DE | VLESS | 7369ms
2026-02-24 22:50:16 [INFO]    [PING OK] PL | VLESS | 4850ms
2026-02-24 22:50:16 [INFO]    [PING OK] ES | VLESS | 4533ms
2026-02-24 22:50:18 [INFO]    [PING OK] US | VLESS | 4964ms
2026-02-24 22:50:18 [INFO]    [PING OK] ES | VLESS | 4818ms
2026-02-24 22:50:18 [INFO]    [PING OK] DE | VLESS | 4579ms
2026-02-24 22:50:18 [INFO]    [PING OK] DE | VLESS | 4586ms
2026-02-24 22:50:18 [INFO]    [PING OK] HU | VLESS | 4878ms
2026-02-24 22:50:18 [INFO]    [PING OK] HU | VLESS | 4912ms
2026-02-24 22:50:19 [INFO]    [PING OK] DE | VLESS | 4831ms
2026-02-24 22:50:19 [INFO]    [PING OK] DE | VLESS | 4370ms
2026-02-24 22:50:19 [INFO]    [PING OK] NL | VLESS | 4323ms
2026-02-24 22:50:19 [INFO]    [PING OK] ES | VLESS | 4435ms
2026-02-24 22:50:19 [INFO]    [PING OK] PL | VLESS | 4207ms
2026-02-24 22:50:21 [INFO]    [PING OK] TW | VLESS | 4458ms
2026-02-24 22:50:21 [INFO]    [PING OK] FR | VLESS | 7777ms
2026-02-24 22:50:21 [INFO]    [PING OK] CA | VLESS | 4487ms
2026-02-24 22:50:21 [INFO]    [PING OK] CA | VLESS | 5387ms
2026-02-24 22:50:21 [INFO]    [PING OK] DE | VLESS | 3353ms
2026-02-24 22:50:22 [INFO]    [PING OK] NL | VLESS | 3711ms
2026-02-24 22:50:22 [INFO]    [PING OK] LV | VLESS | 3520ms
2026-02-24 22:50:22 [INFO]    [PING OK] DE | VLESS | 3061ms
2026-02-24 22:50:22 [INFO]    [PING OK] DE | VLESS | 7214ms
2026-02-24 22:50:22 [INFO]    [PING OK] US | VLESS | 3088ms
2026-02-24 22:50:22 [INFO]    [PING OK] TR | VLESS | 2936ms
2026-02-24 22:50:22 [INFO]    [PING OK] NL | VLESS | 2901ms
2026-02-24 22:50:23 [INFO]    [PING OK] US | VLESS | 2833ms
2026-02-24 22:50:24 [INFO]    [PING OK] SG | VLESS | 3801ms
2026-02-24 22:50:24 [INFO]    [PING OK] DE | VLESS | 2282ms
2026-02-24 22:50:24 [INFO]    [PING OK] DE | VLESS | 2211ms
2026-02-24 22:50:25 [INFO]    [PING OK] CA | VLESS | 8522ms
2026-02-24 22:50:25 [INFO]    [PING OK] NL | VLESS | 1078ms
2026-02-24 22:50:25 [INFO]    [PING OK] US | VLESS | 1718ms
2026-02-24 22:50:25 [INFO]    [PING OK] RS | VLESS | 1237ms
2026-02-24 22:50:25 [INFO]    [PING OK] SG | VLESS | 1387ms
2026-02-24 22:50:26 [INFO]    [PING OK] TW | VLESS | 3452ms
2026-02-24 22:50:27 [INFO]    [PING OK] TR | VLESS | 5352ms
2026-02-24 22:50:30 [INFO] 🏎️ ЭТАП 2: Глубокий замер скорости для 40 иностранных кандидатов...
2026-02-24 22:50:34 [INFO]    🏆 LV | VLESS | Пинг: 3520ms | Скорость: 5.95 Mbps ⚡⚡
2026-02-24 22:50:34 [INFO]    🏆 DE | VLESS | Пинг: 3061ms | Скорость: 5.74 Mbps ⚡⚡
2026-02-24 22:50:34 [INFO]    🏆 DE | VLESS | Пинг: 3353ms | Скорость: 5.8 Mbps ⚡⚡
2026-02-24 22:50:34 [INFO]    🏆 NL | VLESS | Пинг: 1078ms | Скорость: 5.54 Mbps ⚡⚡
2026-02-24 22:50:34 [INFO]    🏆 RS | VLESS | Пинг: 1237ms | Скорость: 5.5 Mbps ⚡⚡
2026-02-24 22:50:34 [INFO]    🏆 NL | VLESS | Пинг: 2901ms | Скорость: 5.66 Mbps ⚡⚡
2026-02-24 22:50:34 [INFO]    🏆 DE | VLESS | Пинг: 2211ms | Скорость: 5.45 Mbps ⚡⚡
2026-02-24 22:50:34 [INFO]    🏆 DE | VLESS | Пинг: 2282ms | Скорость: 5.49 Mbps ⚡⚡
2026-02-24 22:50:34 [INFO]    🏆 TR | VLESS | Пинг: 2936ms | Скорость: 5.46 Mbps ⚡⚡
2026-02-24 22:50:34 [INFO]    🏆 SG | VLESS | Пинг: 1387ms | Скорость: 5.38 Mbps ⚡⚡
2026-02-24 22:50:34 [INFO]    🏆 US | VLESS | Пинг: 2833ms | Скорость: 5.37 Mbps ⚡⚡
2026-02-24 22:50:34 [INFO]    🏆 US | VLESS | Пинг: 1718ms | Скорость: 5.19 Mbps ⚡⚡
2026-02-24 22:50:35 [INFO]    🏆 US | VLESS | Пинг: 3088ms | Скорость: 5.11 Mbps ⚡⚡
2026-02-24 22:50:36 [INFO]    🏆 TW | VLESS | Пинг: 3452ms | Скорость: 3.62 Mbps ⚡⚡
2026-02-24 22:50:39 [INFO]    🏆 HU | VLESS | Пинг: 4171ms | Скорость: 4.93 Mbps ⚡⚡
2026-02-24 22:50:39 [INFO]    🏆 IT | VLESS | Пинг: 4282ms | Скорость: 5.02 Mbps ⚡⚡
2026-02-24 22:50:39 [INFO]    🏆 DE | VLESS | Пинг: 3946ms | Скорость: 4.81 Mbps ⚡⚡
2026-02-24 22:50:39 [INFO]    🏆 DE | VLESS | Пинг: 4251ms | Скорость: 4.91 Mbps ⚡⚡
2026-02-24 22:50:39 [INFO]    🏆 HU | VLESS | Пинг: 4358ms | Скорость: 4.9 Mbps ⚡⚡
2026-02-24 22:50:39 [INFO]    🏆 HU | VLESS | Пинг: 4049ms | Скорость: 4.73 Mbps ⚡⚡
2026-02-24 22:50:39 [INFO]    🏆 SG | VLESS | Пинг: 3801ms | Скорость: 4.6 Mbps ⚡⚡
2026-02-24 22:50:39 [INFO]    🏆 PL | VLESS | Пинг: 4083ms | Скорость: 4.83 Mbps ⚡⚡
2026-02-24 22:50:39 [INFO]    🏆 DE | VLESS | Пинг: 4309ms | Скорость: 4.83 Mbps ⚡⚡
2026-02-24 22:50:39 [INFO]    🏆 ES | VLESS | Пинг: 4435ms | Скорость: 4.78 Mbps ⚡⚡
2026-02-24 22:50:40 [INFO]    🏆 DE | VLESS | Пинг: 4370ms | Скорость: 4.54 Mbps ⚡⚡
2026-02-24 22:50:40 [INFO]    🏆 FI | VLESS | Пинг: 4266ms | Скорость: 4.22 Mbps ⚡⚡
2026-02-24 22:50:40 [INFO]    🏆 NL | VLESS | Пинг: 4323ms | Скорость: 4.19 Mbps ⚡⚡
2026-02-24 22:50:40 [INFO]    🏆 PL | VLESS | Пинг: 4207ms | Скорость: 3.75 Mbps ⚡⚡
2026-02-24 22:50:41 [INFO]    🏆 DE | VLESS | Пинг: 4579ms | Скорость: 15.92 Mbps ⚡⚡
2026-02-24 22:50:42 [INFO]    🏆 ES | VLESS | Пинг: 4533ms | Скорость: 9.53 Mbps ⚡⚡
2026-02-24 22:50:42 [INFO]    🏆 PL | VLESS | Пинг: 4850ms | Скорость: 9.77 Mbps ⚡⚡
2026-02-24 22:50:42 [INFO]    🏆 HU | VLESS | Пинг: 4878ms | Скорость: 9.57 Mbps ⚡⚡
2026-02-24 22:50:42 [INFO]    🏆 HU | VLESS | Пинг: 4912ms | Скорость: 9.71 Mbps ⚡⚡
2026-02-24 22:50:42 [INFO]    🏆 ES | VLESS | Пинг: 4818ms | Скорость: 9.52 Mbps ⚡⚡
2026-02-24 22:50:42 [INFO]    🏆 DE | VLESS | Пинг: 4586ms | Скорость: 9.19 Mbps ⚡⚡
2026-02-24 22:50:42 [INFO]    🏆 US | VLESS | Пинг: 4964ms | Скорость: 10.6 Mbps ⚡⚡
2026-02-24 22:50:43 [INFO]    🏆 TW | VLESS | Пинг: 4458ms | Скорость: 3.44 Mbps ⚡⚡
2026-02-24 22:50:43 [INFO]    🏆 DE | VLESS | Пинг: 4831ms | Скорость: 6.15 Mbps ⚡⚡
2026-02-24 22:50:43 [INFO] 📊 Итого в подписке сохранено иностранных серверов: 10
2026-02-24 22:50:43 [INFO] 💾 Файл успешно сохранен: FL1PVPN
