2026-02-17 08:00:06 [INFO] 🚀 START: Smart VLESS Selector (Target: 10, Strict Mode)
2026-02-17 08:00:06 [INFO] 🌐 Загрузка источников...
2026-02-17 08:00:09 [INFO] 🔍 Уникальных конфигов собрано: 669
2026-02-17 08:00:09 [INFO] ⚡ ЭТАП 1: Быстрый замер Пинга (Workers: 25)...
2026-02-17 08:00:10 [INFO]    [PING OK] NL | 525ms
2026-02-17 08:00:10 [INFO]    [PING OK] FR | 276ms
2026-02-17 08:00:10 [INFO]    [PING OK] DE | 311ms
2026-02-17 08:00:11 [INFO]    [PING OK] DE | 405ms
2026-02-17 08:00:11 [INFO]    [PING OK] DE | 791ms
2026-02-17 08:00:13 [INFO]    [PING OK] DE | 2718ms
2026-02-17 08:00:15 [INFO]    [PING OK] RU | 217ms
2026-02-17 08:00:17 [INFO]    [PING OK] DE | 457ms
2026-02-17 08:00:17 [INFO]    [PING OK] RU | 172ms
2026-02-17 08:00:17 [INFO]    [PING OK] US | 1324ms
2026-02-17 08:00:17 [INFO]    [PING OK] FR | 199ms
2026-02-17 08:00:18 [INFO]    [PING OK] NL | 282ms
2026-02-17 08:00:18 [INFO]    [PING OK] US | 532ms
2026-02-17 08:00:21 [INFO]    [PING OK] DE | 141ms
2026-02-17 08:00:22 [INFO]    [PING OK] NL | 149ms
2026-02-17 08:00:23 [INFO]    [PING OK] NL | 176ms
2026-02-17 08:00:23 [INFO]    [PING OK] DE | 1472ms
2026-02-17 08:00:24 [INFO]    [PING OK] PL | 179ms
2026-02-17 08:00:24 [INFO]    [PING OK] RU | 290ms
2026-02-17 08:00:25 [INFO]    [PING OK] RU | 555ms
2026-02-17 08:00:25 [INFO]    [PING OK] FI | 161ms
2026-02-17 08:00:25 [INFO]    [PING OK] FI | 247ms
2026-02-17 08:00:26 [INFO]    [PING OK] DE | 164ms
2026-02-17 08:00:26 [INFO]    [PING OK] RU | 285ms
2026-02-17 08:00:26 [INFO]    [PING OK] RU | 91ms
2026-02-17 08:00:26 [INFO]    [PING OK] RU | 203ms
2026-02-17 08:00:26 [INFO]    [PING OK] PL | 181ms
2026-02-17 08:00:26 [INFO]    [PING OK] RU | 482ms
2026-02-17 08:00:27 [INFO]    [PING OK] RU | 291ms
2026-02-17 08:00:27 [INFO]    [PING OK] RU | 238ms
2026-02-17 08:00:28 [INFO]    [PING OK] RU | 1469ms
2026-02-17 08:00:28 [INFO]    [PING OK] RU | 244ms
2026-02-17 08:00:28 [INFO]    [PING OK] RU | 842ms
2026-02-17 08:00:28 [INFO]    [PING OK] RU | 947ms
2026-02-17 08:00:29 [INFO]    [PING OK] RU | 364ms
2026-02-17 08:00:29 [INFO]    [PING OK] DE | 173ms
2026-02-17 08:00:29 [INFO]    [PING OK] RU | 340ms
2026-02-17 08:00:29 [INFO]    [PING OK] RU | 209ms
2026-02-17 08:00:29 [INFO]    [PING OK] RU | 349ms
2026-02-17 08:00:29 [INFO]    [PING OK] US | 191ms
2026-02-17 08:00:29 [INFO]    [PING OK] RU | 1407ms
2026-02-17 08:00:30 [INFO]    [PING OK] RU | 200ms
2026-02-17 08:00:30 [INFO]    [PING OK] RU | 186ms
2026-02-17 08:00:30 [INFO]    [PING OK] RU | 297ms
2026-02-17 08:00:30 [INFO]    [PING OK] RU | 322ms
2026-02-17 08:00:31 [INFO]    [PING OK] RU | 299ms
2026-02-17 08:00:31 [INFO]    [PING OK] RU | 253ms
2026-02-17 08:00:31 [INFO]    [PING OK] DE | 1096ms
2026-02-17 08:00:31 [INFO]    [PING OK] RU | 343ms
2026-02-17 08:00:32 [INFO]    [PING OK] FI | 279ms
2026-02-17 08:00:32 [INFO]    [PING OK] RU | 2455ms
2026-02-17 08:00:32 [INFO]    [PING OK] RU | 493ms
2026-02-17 08:00:33 [INFO]    [PING OK] RU | 145ms
2026-02-17 08:00:33 [INFO]    [PING OK] RU | 1103ms
2026-02-17 08:00:33 [INFO]    [PING OK] RU | 279ms
2026-02-17 08:00:33 [INFO]    [PING OK] RU | 326ms
2026-02-17 08:00:33 [INFO]    [PING OK] NL | 204ms
2026-02-17 08:00:33 [INFO]    [PING OK] RU | 282ms
2026-02-17 08:00:34 [INFO]    [PING OK] RU | 927ms
2026-02-17 08:00:34 [INFO]    [PING OK] RU | 357ms
2026-02-17 08:00:34 [INFO]    [PING OK] RU | 241ms
2026-02-17 08:00:34 [INFO]    [PING OK] RU | 316ms
2026-02-17 08:00:34 [INFO]    [PING OK] RU | 206ms
2026-02-17 08:00:34 [INFO]    [PING OK] RU | 284ms
2026-02-17 08:00:34 [INFO]    [PING OK] RU | 323ms
2026-02-17 08:00:34 [INFO]    [PING OK] RU | 77ms
2026-02-17 08:00:34 [INFO]    [PING OK] RU | 227ms
2026-02-17 08:00:34 [INFO]    [PING OK] RU | 1294ms
2026-02-17 08:00:34 [INFO]    [PING OK] RU | 194ms
2026-02-17 08:00:35 [INFO]    [PING OK] RU | 88ms
2026-02-17 08:00:35 [INFO]    [PING OK] RU | 306ms
2026-02-17 08:00:35 [INFO]    [PING OK] RU | 289ms
2026-02-17 08:00:35 [INFO]    [PING OK] RU | 208ms
2026-02-17 08:00:35 [INFO]    [PING OK] PL | 161ms
2026-02-17 08:00:35 [INFO]    [PING OK] RU | 621ms
2026-02-17 08:00:35 [INFO]    [PING OK] RU | 340ms
2026-02-17 08:00:36 [INFO]    [PING OK] RU | 1217ms
2026-02-17 08:00:36 [INFO]    [PING OK] RU | 206ms
2026-02-17 08:00:36 [INFO]    [PING OK] RU | 237ms
2026-02-17 08:00:36 [INFO]    [PING OK] RU | 270ms
2026-02-17 08:00:37 [INFO]    [PING OK] RU | 318ms
2026-02-17 08:00:37 [INFO]    [PING OK] RU | 897ms
2026-02-17 08:00:37 [INFO]    [PING OK] RU | 2314ms
2026-02-17 08:00:37 [INFO]    [PING OK] RU | 3197ms
2026-02-17 08:00:37 [INFO]    [PING OK] RU | 970ms
2026-02-17 08:00:37 [INFO]    [PING OK] RU | 2379ms
2026-02-17 08:00:37 [INFO]    [PING OK] RU | 3347ms
2026-02-17 08:00:38 [INFO]    [PING OK] RU | 2903ms
2026-02-17 08:00:38 [INFO]    [PING OK] FR | 273ms
2026-02-17 08:00:40 [INFO]    [PING OK] DE | 207ms
2026-02-17 08:00:41 [INFO]    [PING OK] RU | 124ms
2026-02-17 08:00:42 [INFO]    [PING OK] RU | 169ms
2026-02-17 08:00:44 [INFO]    [PING OK] LT | 4414ms
2026-02-17 08:00:44 [INFO]    [PING OK] LT | 189ms
2026-02-17 08:00:45 [INFO]    [PING OK] DE | 172ms
2026-02-17 08:00:46 [INFO]    [PING OK] US | 1795ms
2026-02-17 08:00:47 [INFO]    [PING OK] NL | 479ms
2026-02-17 08:00:52 [INFO]    [PING OK] FR | 554ms
2026-02-17 08:00:54 [INFO]    [PING OK] US | 519ms
2026-02-17 08:00:56 [INFO]    [PING OK] DE | 838ms
2026-02-17 08:00:58 [INFO]    [PING OK] CY | 179ms
2026-02-17 08:01:03 [INFO]    [PING OK] NL | 1105ms
2026-02-17 08:01:03 [INFO]    [PING OK] US | 688ms
2026-02-17 08:01:07 [INFO]    [PING OK] LT | 146ms
2026-02-17 08:01:15 [INFO]    [PING OK] AT | 3799ms
2026-02-17 08:01:18 [INFO]    [PING OK] US | 1583ms
2026-02-17 08:01:19 [INFO]    [PING OK] PL | 578ms
2026-02-17 08:01:23 [INFO]    [PING OK] NL | 771ms
2026-02-17 08:01:23 [INFO]    [PING OK] DE | 231ms
2026-02-17 08:01:23 [INFO]    [PING OK] PL | 89ms
2026-02-17 08:01:25 [INFO]    [PING OK] NL | 534ms
2026-02-17 08:01:28 [INFO]    [PING OK] DE | 165ms
2026-02-17 08:01:28 [INFO]    [PING OK] US | 1030ms
2026-02-17 08:01:29 [INFO]    [PING OK] PL | 684ms
2026-02-17 08:01:29 [INFO]    [PING OK] PL | 638ms
2026-02-17 08:01:31 [INFO]    [PING OK] EE | 248ms
2026-02-17 08:01:35 [INFO]    [PING OK] NL | 322ms
2026-02-17 08:01:37 [INFO]    [PING OK] TR | 255ms
2026-02-17 08:01:40 [INFO]    [PING OK] RU | 115ms
2026-02-17 08:01:41 [INFO]    [PING OK] DE | 172ms
2026-02-17 08:01:41 [INFO]    [PING OK] RU | 156ms
2026-02-17 08:01:41 [INFO]    [PING OK] NL | 489ms
2026-02-17 08:01:44 [INFO]    [PING OK] LT | 2083ms
2026-02-17 08:01:46 [INFO]    [PING OK] MD | 304ms
2026-02-17 08:01:46 [INFO]    [PING OK] LV | 184ms
2026-02-17 08:01:47 [INFO]    [PING OK] LV | 377ms
2026-02-17 08:01:51 [INFO] 🏎️ ЭТАП 2: Глубокий замер скорости для ТОП-10 серверов...
2026-02-17 08:01:55 [INFO]    🏆 PL | Пинг: 89ms | Скорость: 7.28 Mbps ⚡⚡
2026-02-17 08:01:55 [INFO]    🏆 DE | Пинг: 141ms | Скорость: 7.39 Mbps ⚡⚡
2026-02-17 08:01:55 [INFO]    🏆 LT | Пинг: 146ms | Скорость: 7.38 Mbps ⚡⚡
2026-02-17 08:01:55 [INFO]    🏆 NL | Пинг: 149ms | Скорость: 7.6 Mbps ⚡⚡
2026-02-17 08:01:55 [INFO]    🏆 FI | Пинг: 161ms | Скорость: 7.46 Mbps ⚡⚡
2026-02-17 08:01:55 [INFO]    🏆 PL | Пинг: 161ms | Скорость: 7.55 Mbps ⚡⚡
2026-02-17 08:01:55 [INFO]    🏆 DE | Пинг: 164ms | Скорость: 7.61 Mbps ⚡⚡
2026-02-17 08:01:55 [INFO]    🏆 DE | Пинг: 165ms | Скорость: 7.75 Mbps ⚡⚡
2026-02-17 08:01:55 [INFO]    🏆 DE | Пинг: 172ms | Скорость: 7.84 Mbps ⚡⚡
2026-02-17 08:01:55 [INFO]    🏆 RU | Пинг: 77ms | Скорость: 0.0 Mbps 
2026-02-17 08:01:55 [INFO] 🇷🇺 Добавлен RU сервер: 95.163.211.158
2026-02-17 08:01:55 [INFO] 📊 Итого в подписке сохранено: 10 серверов
2026-02-17 08:01:55 [INFO] 💾 Файл успешно сохранен: FL1PVPN
