2026-02-18 16:35:21 [INFO] 🚀 START: Smart Selector (STRICT: ONLY VLESS+REALITY & WHITE SNI, Target: 10)
2026-02-18 16:35:21 [INFO] 🌐 Загрузка источников и жесткая фильтрация...
2026-02-18 16:35:22 [INFO] 🔍 Найдено серверов VLESS+Reality с белыми SNI: 16
2026-02-18 16:35:22 [INFO] ⚡ ЭТАП 1: Быстрый замер Пинга (Workers: 40)...
2026-02-18 16:35:23 [INFO]    [PING OK] RU | VLESS-REALITY | SNI: yandex.ru | 260ms | Src: clck.ru
2026-02-18 16:35:23 [INFO]    [PING OK] RU | VLESS-REALITY | SNI: yandex.ru | 425ms | Src: clck.ru
2026-02-18 16:35:23 [INFO]    [PING OK] RU | VLESS-REALITY | SNI: yandex.ru | 400ms | Src: clck.ru
2026-02-18 16:35:23 [INFO]    [PING OK] RU | VLESS-REALITY | SNI: yandex.ru | 350ms | Src: clck.ru
2026-02-18 16:35:23 [INFO]    [PING OK] RU | VLESS-REALITY | SNI: yandex.ru | 395ms | Src: clck.ru
2026-02-18 16:35:23 [INFO]    [PING OK] RU | VLESS-REALITY | SNI: api-maps.yandex.ru | 989ms | Src: clck.ru
2026-02-18 16:35:24 [INFO]    [PING OK] RU | VLESS-REALITY | SNI: yandex.ru | 1037ms | Src: clck.ru
2026-02-18 16:35:24 [INFO]    [PING OK] RU | VLESS-REALITY | SNI: yandex.ru | 1020ms | Src: clck.ru
2026-02-18 16:35:24 [INFO]    [PING OK] RU | VLESS-REALITY | SNI: yandex.ru | 1044ms | Src: clck.ru
2026-02-18 16:35:25 [INFO]    [PING OK] RU | VLESS-REALITY | SNI: ads.x5.ru | 2083ms | Src: clck.ru
2026-02-18 16:35:26 [INFO]    [PING OK] RU | VLESS-REALITY | SNI: api-maps.yandex.ru | 3018ms | Src: clck.ru
2026-02-18 16:35:26 [INFO]    [PING OK] RU | VLESS-REALITY | SNI: api-maps.yandex.ru | 3102ms | Src: clck.ru
2026-02-18 16:35:26 [INFO]    [PING OK] RU | VLESS-REALITY | SNI: api-maps.yandex.ru | 3605ms | Src: clck.ru
2026-02-18 16:35:28 [INFO] 🏎️ ЭТАП 2: Глубокий замер скорости для 5 кандидатов...
2026-02-18 16:35:30 [INFO]    🏆 RU | VLESS-REALITY | Пинг: 260ms | Скор: 11.54 Mbps ⚡⚡ | Src: clck.ru
2026-02-18 16:35:30 [INFO]    🏆 RU | VLESS-REALITY | Пинг: 425ms | Скор: 11.59 Mbps ⚡⚡ | Src: clck.ru
2026-02-18 16:35:31 [INFO]    🏆 RU | VLESS-REALITY | Пинг: 400ms | Скор: 8.87 Mbps ⚡⚡ | Src: clck.ru
2026-02-18 16:35:31 [INFO]    🏆 RU | VLESS-REALITY | Пинг: 395ms | Скор: 7.07 Mbps ⚡⚡ | Src: clck.ru
2026-02-18 16:35:31 [INFO]    🏆 RU | VLESS-REALITY | Пинг: 350ms | Скор: 6.66 Mbps ⚡⚡ | Src: clck.ru
2026-02-18 16:35:31 [INFO] 🇷🇺 Добавлен лучший рабочий RU сервер: 158.160.223.36 со скоростью 11.54 Mbps | Src: clck.ru
2026-02-18 16:35:31 [INFO] 📊 Итого в подписке сохранено: 1 серверов
2026-02-18 16:35:31 [INFO] 💾 Файл успешно сохранен: FL1PVPN
