2026-02-24 20:50:05 [INFO] 🚀 START: Smart Selector (Target: 10, ONLY FOREIGN)
2026-02-24 20:50:05 [INFO] 🌐 Загрузка источников (VLESS + VMess)...
2026-02-24 20:50:06 [INFO] 🔍 Уникальных конфигов собрано: 182
2026-02-24 20:50:06 [INFO] ⚡ ЭТАП 1: Замер Пинга и Геолокации. Workers: 40...
2026-02-24 20:50:11 [INFO]    [PING OK] PL | VLESS | 4428ms
2026-02-24 20:50:11 [INFO]    [PING OK] TR | VLESS | 4380ms
2026-02-24 20:50:11 [INFO]    [PING OK] PL | VLESS | 4705ms
2026-02-24 20:50:12 [INFO]    [PING OK] DE | VLESS | 4476ms
2026-02-24 20:50:12 [INFO]    [PING OK] HU | VLESS | 4729ms
2026-02-24 20:50:12 [INFO]    [PING OK] DE | VLESS | 4672ms
2026-02-24 20:50:12 [INFO]    [PING OK] PL | VLESS | 4678ms
2026-02-24 20:50:12 [INFO]    [PING OK] FI | VLESS | 4493ms
2026-02-24 20:50:12 [INFO]    [PING OK] PL | VLESS | 4213ms
2026-02-24 20:50:12 [INFO]    [PING OK] PL | VLESS | 3814ms
2026-02-24 20:50:12 [INFO]    [PING OK] PL | VLESS | 3889ms
2026-02-24 20:50:12 [INFO]    [PING OK] FR | VLESS | 3841ms
2026-02-24 20:50:12 [INFO]    [PING OK] ES | VLESS | 3839ms
2026-02-24 20:50:12 [INFO]    [PING OK] HU | VLESS | 3920ms
2026-02-24 20:50:12 [INFO]    [PING OK] DE | VLESS | 3614ms
2026-02-24 20:50:12 [INFO]    [PING OK] FI | VLESS | 4118ms
2026-02-24 20:50:13 [INFO]    [PING OK] NL | VLESS | 6235ms
2026-02-24 20:50:13 [INFO]    [PING OK] US | VLESS | 6171ms
2026-02-24 20:50:14 [INFO]    [PING OK] NL | VLESS | 7162ms
2026-02-24 20:50:14 [INFO]    [PING OK] NL | VLESS | 7387ms
2026-02-24 20:50:15 [INFO]    [PING OK] CA | VLESS | 7830ms
2026-02-24 20:50:15 [INFO]    [PING OK] IT | VLESS | 3564ms
2026-02-24 20:50:16 [INFO]    [PING OK] HU | VLESS | 3931ms
2026-02-24 20:50:16 [INFO]    [PING OK] DE | VLESS | 3717ms
2026-02-24 20:50:16 [INFO]    [PING OK] FI | VLESS | 3914ms
2026-02-24 20:50:16 [INFO]    [PING OK] DE | VLESS | 3904ms
2026-02-24 20:50:16 [INFO]    [PING OK] PL | VLESS | 3901ms
2026-02-24 20:50:17 [INFO]    [PING OK] PL | VLESS | 4267ms
2026-02-24 20:50:17 [INFO]    [PING OK] DE | VLESS | 3967ms
2026-02-24 20:50:17 [INFO]    [PING OK] PL | VLESS | 4049ms
2026-02-24 20:50:17 [INFO]    [PING OK] DE | VLESS | 3733ms
2026-02-24 20:50:17 [INFO]    [PING OK] PL | VLESS | 3895ms
2026-02-24 20:50:17 [INFO]    [PING OK] PL | VLESS | 4158ms
2026-02-24 20:50:17 [INFO]    [PING OK] PL | VLESS | 3925ms
2026-02-24 20:50:17 [INFO]    [PING OK] NL | VLESS | 3855ms
2026-02-24 20:50:17 [INFO]    [PING OK] ES | VLESS | 4410ms
2026-02-24 20:50:17 [INFO]    [PING OK] FI | VLESS | 4253ms
2026-02-24 20:50:17 [INFO]    [PING OK] ES | VLESS | 4354ms
2026-02-24 20:50:17 [INFO]    [PING OK] FI | VLESS | 3930ms
2026-02-24 20:50:17 [INFO]    [PING OK] US | VLESS | 4059ms
2026-02-24 20:50:18 [INFO]    [PING OK] DE | VLESS | 4138ms
2026-02-24 20:50:18 [INFO]    [PING OK] ES | VLESS | 4304ms
2026-02-24 20:50:18 [INFO]    [PING OK] US | VLESS | 4848ms
2026-02-24 20:50:18 [INFO]    [PING OK] DE | VLESS | 4717ms
2026-02-24 20:50:18 [INFO]    [PING OK] HU | VLESS | 4146ms
2026-02-24 20:50:18 [INFO]    [PING OK] US | VLESS | 4683ms
2026-02-24 20:50:20 [INFO]    [PING OK] DE | VLESS | 4701ms
2026-02-24 20:50:22 [INFO]    [PING OK] DE | VLESS | 5378ms
2026-02-24 20:50:23 [INFO]    [PING OK] DE | VLESS | 5378ms
2026-02-24 20:50:23 [INFO]    [PING OK] DE | VLESS | 5709ms
2026-02-24 20:50:23 [INFO]    [PING OK] TW | VLESS | 5978ms
2026-02-24 20:50:23 [INFO]    [PING OK] TW | VLESS | 5667ms
2026-02-24 20:50:23 [INFO]    [PING OK] DE | VLESS | 5188ms
2026-02-24 20:50:23 [INFO]    [PING OK] TR | VLESS | 5862ms
2026-02-24 20:50:23 [INFO]    [PING OK] NL | VLESS | 3944ms
2026-02-24 20:50:23 [INFO]    [PING OK] NL | VLESS | 3730ms
2026-02-24 20:50:23 [INFO]    [PING OK] SE | VLESS | 3300ms
2026-02-24 20:50:23 [INFO]    [PING OK] NL | VLESS | 3487ms
2026-02-24 20:50:24 [INFO]    [PING OK] SG | VLESS | 3220ms
2026-02-24 20:50:24 [INFO]    [PING OK] DE | VLESS | 2155ms
2026-02-24 20:50:24 [INFO]    [PING OK] DE | VLESS | 2227ms
2026-02-24 20:50:24 [INFO]    [PING OK] NL | VLESS | 1129ms
2026-02-24 20:50:24 [INFO]    [PING OK] TW | VLESS | 2633ms
2026-02-24 20:50:26 [INFO]    [PING OK] CA | VLESS | 8653ms
2026-02-24 20:50:28 [INFO] 🏎️ ЭТАП 2: Глубокий замер скорости для 40 иностранных кандидатов...
2026-02-24 20:50:32 [INFO]    🏆 SE | VLESS | Пинг: 3300ms | Скорость: 6.2 Mbps ⚡⚡
2026-02-24 20:50:32 [INFO]    🏆 DE | VLESS | Пинг: 3614ms | Скорость: 6.27 Mbps ⚡⚡
2026-02-24 20:50:32 [INFO]    🏆 NL | VLESS | Пинг: 1129ms | Скорость: 5.88 Mbps ⚡⚡
2026-02-24 20:50:32 [INFO]    🏆 DE | VLESS | Пинг: 2155ms | Скорость: 5.9 Mbps ⚡⚡
2026-02-24 20:50:33 [INFO]    🏆 FR | VLESS | Пинг: 3841ms | Скорость: 6.37 Mbps ⚡⚡
2026-02-24 20:50:33 [INFO]    🏆 PL | VLESS | Пинг: 3814ms | Скорость: 6.08 Mbps ⚡⚡
2026-02-24 20:50:33 [INFO]    🏆 ES | VLESS | Пинг: 3839ms | Скорость: 6.12 Mbps ⚡⚡
2026-02-24 20:50:33 [INFO]    🏆 NL | VLESS | Пинг: 3487ms | Скорость: 5.67 Mbps ⚡⚡
2026-02-24 20:50:33 [INFO]    🏆 SG | VLESS | Пинг: 3220ms | Скорость: 5.04 Mbps ⚡⚡
2026-02-24 20:50:33 [INFO]    🏆 DE | VLESS | Пинг: 2227ms | Скорость: 4.95 Mbps ⚡⚡
2026-02-24 20:50:34 [INFO]    🏆 TW | VLESS | Пинг: 2633ms | Скорость: 3.77 Mbps ⚡⚡
2026-02-24 20:50:35 [INFO]    🏆 NL | VLESS | Пинг: 3730ms | Скорость: 2.97 Mbps ⚡
2026-02-24 20:50:35 [INFO]    🏆 IT | VLESS | Пинг: 3564ms | Скорость: 1.18 Mbps 
2026-02-24 20:50:36 [INFO]    🏆 PL | VLESS | Пинг: 3889ms | Скорость: 8.43 Mbps ⚡⚡
2026-02-24 20:50:36 [INFO]    🏆 PL | VLESS | Пинг: 3895ms | Скорость: 8.55 Mbps ⚡⚡
2026-02-24 20:50:36 [INFO]    🏆 NL | VLESS | Пинг: 3855ms | Скорость: 8.27 Mbps ⚡⚡
2026-02-24 20:50:36 [INFO]    🏆 PL | VLESS | Пинг: 3901ms | Скорость: 8.2 Mbps ⚡⚡
2026-02-24 20:50:36 [INFO]    🏆 DE | VLESS | Пинг: 3904ms | Скорость: 8.02 Mbps ⚡⚡
2026-02-24 20:50:36 [INFO]    🏆 PL | VLESS | Пинг: 3925ms | Скорость: 8.27 Mbps ⚡⚡
2026-02-24 20:50:36 [INFO]    🏆 FI | VLESS | Пинг: 3930ms | Скорость: 8.32 Mbps ⚡⚡
2026-02-24 20:50:36 [INFO]    🏆 DE | VLESS | Пинг: 3967ms | Скорость: 9.1 Mbps ⚡⚡
2026-02-24 20:50:36 [INFO]    🏆 HU | VLESS | Пинг: 3931ms | Скорость: 6.63 Mbps ⚡⚡
2026-02-24 20:50:37 [INFO]    🏆 NL | VLESS | Пинг: 3944ms | Скорость: 5.99 Mbps ⚡⚡
2026-02-24 20:50:38 [INFO]    🏆 US | VLESS | Пинг: 4059ms | Скорость: 10.97 Mbps ⚡⚡
2026-02-24 20:50:38 [INFO]    🏆 PL | VLESS | Пинг: 4049ms | Скорость: 6.31 Mbps ⚡⚡
2026-02-24 20:50:38 [INFO]    🏆 PL | VLESS | Пинг: 4158ms | Скорость: 10.03 Mbps ⚡⚡
2026-02-24 20:50:38 [INFO]    🏆 DE | VLESS | Пинг: 4138ms | Скорость: 9.7 Mbps ⚡⚡
2026-02-24 20:50:39 [INFO]    🏆 ES | VLESS | Пинг: 4304ms | Скорость: 7.54 Mbps ⚡⚡
2026-02-24 20:50:40 [INFO]    🏆 PL | VLESS | Пинг: 4267ms | Скорость: 6.85 Mbps ⚡⚡
2026-02-24 20:50:40 [INFO]    🏆 ES | VLESS | Пинг: 4410ms | Скорость: 8.85 Mbps ⚡⚡
2026-02-24 20:50:40 [INFO]    🏆 HU | VLESS | Пинг: 4146ms | Скорость: 5.62 Mbps ⚡⚡
2026-02-24 20:50:40 [INFO]    🏆 ES | VLESS | Пинг: 4354ms | Скорость: 5.55 Mbps ⚡⚡
2026-02-24 20:50:41 [INFO]    🏆 PL | VLESS | Пинг: 4213ms | Скорость: 4.23 Mbps ⚡⚡
2026-02-24 20:50:42 [INFO]    🏆 FI | VLESS | Пинг: 4118ms | Скорость: 1.59 Mbps ⚡
2026-02-24 20:50:43 [INFO]    🏆 TR | VLESS | Пинг: 4380ms | Скорость: 2.17 Mbps ⚡
2026-02-24 20:50:43 [INFO] 📊 Итого в подписке сохранено иностранных серверов: 10
2026-02-24 20:50:43 [INFO] 💾 Файл успешно сохранен: FL1PVPN
