2026-02-25 02:50:06 [INFO] 🚀 START: Smart Selector (Target: 10, ONLY FOREIGN)
2026-02-25 02:50:06 [INFO] 🌐 Загрузка источников (VLESS + VMess)...
2026-02-25 02:50:07 [INFO] 🔍 Уникальных конфигов собрано: 178
2026-02-25 02:50:07 [INFO] ⚡ ЭТАП 1: Замер Пинга и Геолокации. Workers: 40...
2026-02-25 02:50:12 [INFO]    [PING OK] DE | VLESS | 4612ms
2026-02-25 02:50:12 [INFO]    [PING OK] NL | VLESS | 4558ms
2026-02-25 02:50:12 [INFO]    [PING OK] DE | VLESS | 4820ms
2026-02-25 02:50:13 [INFO]    [PING OK] NL | VLESS | 4551ms
2026-02-25 02:50:13 [INFO]    [PING OK] FI | VLESS | 4422ms
2026-02-25 02:50:13 [INFO]    [PING OK] US | VLESS | 4672ms
2026-02-25 02:50:13 [INFO]    [PING OK] FI | VLESS | 4331ms
2026-02-25 02:50:13 [INFO]    [PING OK] FI | VLESS | 3962ms
2026-02-25 02:50:13 [INFO]    [PING OK] KZ | VLESS | 3744ms
2026-02-25 02:50:13 [INFO]    [PING OK] NL | VLESS | 3925ms
2026-02-25 02:50:14 [INFO]    [PING OK] DE | VLESS | 4020ms
2026-02-25 02:50:15 [INFO]    [PING OK] FI | VLESS | 7335ms
2026-02-25 02:50:15 [INFO]    [PING OK] FI | VLESS | 7351ms
2026-02-25 02:50:17 [INFO]    [PING OK] NL | VLESS | 4021ms
2026-02-25 02:50:18 [INFO]    [PING OK] DE | VLESS | 4491ms
2026-02-25 02:50:18 [INFO]    [PING OK] DE | VLESS | 4323ms
2026-02-25 02:50:18 [INFO]    [PING OK] NL | VLESS | 4579ms
2026-02-25 02:50:18 [INFO]    [PING OK] FI | VLESS | 5007ms
2026-02-25 02:50:18 [INFO]    [PING OK] FI | VLESS | 7949ms
2026-02-25 02:50:18 [INFO]    [PING OK] DE | VLESS | 4454ms
2026-02-25 02:50:18 [INFO]    [PING OK] US | VLESS | 4729ms
2026-02-25 02:50:18 [INFO]    [PING OK] DE | VLESS | 4627ms
2026-02-25 02:50:18 [INFO]    [PING OK] DE | VLESS | 4248ms
2026-02-25 02:50:18 [INFO]    [PING OK] FI | VLESS | 4853ms
2026-02-25 02:50:18 [INFO]    [PING OK] NL | VLESS | 4283ms
2026-02-25 02:50:18 [INFO]    [PING OK] NL | VLESS | 4686ms
2026-02-25 02:50:19 [INFO]    [PING OK] NL | VLESS | 4412ms
2026-02-25 02:50:19 [INFO]    [PING OK] FI | VLESS | 5569ms
2026-02-25 02:50:19 [INFO]    [PING OK] NL | VLESS | 4466ms
2026-02-25 02:50:19 [INFO]    [PING OK] GB | VLESS | 4392ms
2026-02-25 02:50:19 [INFO]    [PING OK] DE | VLESS | 4684ms
2026-02-25 02:50:19 [INFO]    [PING OK] FR | VLESS | 4755ms
2026-02-25 02:50:20 [INFO]    [PING OK] LV | VLESS | 4349ms
2026-02-25 02:50:21 [INFO]    [PING OK] NL | VLESS | 4777ms
2026-02-25 02:50:21 [INFO]    [PING OK] DE | VLESS | 4586ms
2026-02-25 02:50:21 [INFO]    [PING OK] TR | VLESS | 5256ms
2026-02-25 02:50:22 [INFO]    [PING OK] CA | VLESS | 4785ms
2026-02-25 02:50:23 [INFO]    [PING OK] DE | VLESS | 5300ms
2026-02-25 02:50:23 [INFO]    [PING OK] NL | VLESS | 5061ms
2026-02-25 02:50:23 [INFO]    [PING OK] FI | VLESS | 4681ms
2026-02-25 02:50:23 [INFO]    [PING OK] US | VLESS | 5752ms
2026-02-25 02:50:23 [INFO]    [PING OK] TR | VLESS | 4939ms
2026-02-25 02:50:24 [INFO]    [PING OK] US | VLESS | 4873ms
2026-02-25 02:50:24 [INFO]    [PING OK] NL | VLESS | 4744ms
2026-02-25 02:50:24 [INFO]    [PING OK] NL | VLESS | 4804ms
2026-02-25 02:50:24 [INFO]    [PING OK] GB | VLESS | 4272ms
2026-02-25 02:50:24 [INFO]    [PING OK] DE | VLESS | 4075ms
2026-02-25 02:50:24 [INFO]    [PING OK] CA | VLESS | 5427ms
2026-02-25 02:50:24 [INFO]    [PING OK] SG | VLESS | 4691ms
2026-02-25 02:50:24 [INFO]    [PING OK] DE | VLESS | 3203ms
2026-02-25 02:50:24 [INFO]    [PING OK] DE | VLESS | 3247ms
2026-02-25 02:50:24 [INFO]    [PING OK] DE | VLESS | 3342ms
2026-02-25 02:50:24 [INFO]    [PING OK] CA | VLESS | 5235ms
2026-02-25 02:50:24 [INFO]    [PING OK] US | VLESS | 2724ms
2026-02-25 02:50:24 [INFO]    [PING OK] CA | VLESS | 3899ms
2026-02-25 02:50:24 [INFO]    [PING OK] NL | VLESS | 1591ms
2026-02-25 02:50:24 [INFO]    [PING OK] KZ | VLESS | 1636ms
2026-02-25 02:50:24 [INFO]    [PING OK] DE | VLESS | 1660ms
2026-02-25 02:50:25 [INFO]    [PING OK] CA | VLESS | 3502ms
2026-02-25 02:50:29 [INFO]    [PING OK] NL | VLESS | 6824ms
2026-02-25 02:50:29 [INFO] 🏎️ ЭТАП 2: Глубокий замер скорости для 40 иностранных кандидатов...
2026-02-25 02:50:34 [INFO]    🏆 NL | VLESS | Пинг: 4021ms | Скорость: 4.96 Mbps ⚡⚡
2026-02-25 02:50:34 [INFO]    🏆 NL | VLESS | Пинг: 1591ms | Скорость: 4.63 Mbps ⚡⚡
2026-02-25 02:50:34 [INFO]    🏆 NL | VLESS | Пинг: 3925ms | Скорость: 4.81 Mbps ⚡⚡
2026-02-25 02:50:34 [INFO]    🏆 DE | VLESS | Пинг: 3342ms | Скорость: 4.69 Mbps ⚡⚡
2026-02-25 02:50:34 [INFO]    🏆 KZ | VLESS | Пинг: 3744ms | Скорость: 4.72 Mbps ⚡⚡
2026-02-25 02:50:34 [INFO]    🏆 DE | VLESS | Пинг: 3203ms | Скорость: 4.64 Mbps ⚡⚡
2026-02-25 02:50:34 [INFO]    🏆 DE | VLESS | Пинг: 1660ms | Скорость: 4.5 Mbps ⚡⚡
2026-02-25 02:50:34 [INFO]    🏆 DE | VLESS | Пинг: 4020ms | Скорость: 4.7 Mbps ⚡⚡
2026-02-25 02:50:34 [INFO]    🏆 DE | VLESS | Пинг: 4075ms | Скорость: 4.72 Mbps ⚡⚡
2026-02-25 02:50:34 [INFO]    🏆 FI | VLESS | Пинг: 3962ms | Скорость: 4.6 Mbps ⚡⚡
2026-02-25 02:50:34 [INFO]    🏆 KZ | VLESS | Пинг: 1636ms | Скорость: 4.43 Mbps ⚡⚡
2026-02-25 02:50:34 [INFO]    🏆 DE | VLESS | Пинг: 3247ms | Скорость: 4.38 Mbps ⚡⚡
2026-02-25 02:50:36 [INFO]    🏆 DE | VLESS | Пинг: 4248ms | Скорость: 10.03 Mbps ⚡⚡
2026-02-25 02:50:37 [INFO]    🏆 GB | VLESS | Пинг: 4272ms | Скорость: 8.9 Mbps ⚡⚡
2026-02-25 02:50:37 [INFO]    🏆 NL | VLESS | Пинг: 4283ms | Скорость: 8.75 Mbps ⚡⚡
2026-02-25 02:50:37 [INFO]    🏆 DE | VLESS | Пинг: 4323ms | Скорость: 7.59 Mbps ⚡⚡
2026-02-25 02:50:38 [INFO]    🏆 FI | VLESS | Пинг: 4331ms | Скорость: 5.73 Mbps ⚡⚡
2026-02-25 02:50:38 [INFO]    🏆 LV | VLESS | Пинг: 4349ms | Скорость: 5.7 Mbps ⚡⚡
2026-02-25 02:50:38 [INFO]    🏆 NL | VLESS | Пинг: 4466ms | Скорость: 5.8 Mbps ⚡⚡
2026-02-25 02:50:38 [INFO]    🏆 NL | VLESS | Пинг: 4412ms | Скорость: 5.59 Mbps ⚡⚡
2026-02-25 02:50:38 [INFO]    🏆 NL | VLESS | Пинг: 4558ms | Скорость: 5.8 Mbps ⚡⚡
2026-02-25 02:50:38 [INFO]    🏆 NL | VLESS | Пинг: 4579ms | Скорость: 5.98 Mbps ⚡⚡
2026-02-25 02:50:38 [INFO]    🏆 GB | VLESS | Пинг: 4392ms | Скорость: 5.46 Mbps ⚡⚡
2026-02-25 02:50:38 [INFO]    🏆 DE | VLESS | Пинг: 4491ms | Скорость: 5.63 Mbps ⚡⚡
2026-02-25 02:50:38 [INFO]    🏆 DE | VLESS | Пинг: 4454ms | Скорость: 5.54 Mbps ⚡⚡
2026-02-25 02:50:39 [INFO]    🏆 FI | VLESS | Пинг: 4422ms | Скорость: 4.99 Mbps ⚡⚡
2026-02-25 02:50:40 [INFO]    🏆 NL | VLESS | Пинг: 4551ms | Скорость: 4.34 Mbps ⚡⚡
2026-02-25 02:50:40 [INFO]    🏆 DE | VLESS | Пинг: 4612ms | Скорость: 6.67 Mbps ⚡⚡
2026-02-25 02:50:40 [INFO]    🏆 DE | VLESS | Пинг: 4627ms | Скорость: 6.68 Mbps ⚡⚡
2026-02-25 02:50:40 [INFO]    🏆 DE | VLESS | Пинг: 4586ms | Скорость: 6.15 Mbps ⚡⚡
2026-02-25 02:50:40 [INFO]    🏆 US | VLESS | Пинг: 4672ms | Скорость: 8.51 Mbps ⚡⚡
2026-02-25 02:50:41 [INFO]    🏆 FI | VLESS | Пинг: 4681ms | Скорость: 9.61 Mbps ⚡⚡
2026-02-25 02:50:41 [INFO]    🏆 NL | VLESS | Пинг: 4686ms | Скорость: 9.62 Mbps ⚡⚡
2026-02-25 02:50:41 [INFO]    🏆 NL | VLESS | Пинг: 4744ms | Скорость: 9.84 Mbps ⚡⚡
2026-02-25 02:50:42 [INFO]    🏆 US | VLESS | Пинг: 4729ms | Скорость: 8.03 Mbps ⚡⚡
2026-02-25 02:50:42 [INFO]    🏆 SG | VLESS | Пинг: 4691ms | Скорость: 6.81 Mbps ⚡⚡
2026-02-25 02:50:43 [INFO]    🏆 DE | VLESS | Пинг: 4684ms | Скорость: 5.75 Mbps ⚡⚡
2026-02-25 02:50:43 [INFO] 📊 Итого в подписке сохранено иностранных серверов: 10
2026-02-25 02:50:43 [INFO] 💾 Файл успешно сохранен: FL1PVPN
