2026-02-18 23:00:06 [INFO] 🚀 START: Smart VLESS Selector (Target: 10, Strict Mode)
2026-02-18 23:00:06 [INFO] 🌐 Загрузка источников...
2026-02-18 23:00:09 [INFO] 🔍 Уникальных конфигов собрано: 702
2026-02-18 23:00:09 [INFO] ⚡ ЭТАП 1: Быстрый замер Пинга (Workers: 25)...
2026-02-18 23:00:10 [INFO]    [PING OK] RU | 324ms
2026-02-18 23:00:10 [INFO]    [PING OK] DE | 258ms
2026-02-18 23:00:10 [INFO]    [PING OK] RU | 255ms
2026-02-18 23:00:10 [INFO]    [PING OK] RU | 175ms
2026-02-18 23:00:11 [INFO]    [PING OK] US | 551ms
2026-02-18 23:00:11 [INFO]    [PING OK] DE | 285ms
2026-02-18 23:00:11 [INFO]    [PING OK] DE | 1127ms
2026-02-18 23:00:11 [INFO]    [PING OK] DE | 1285ms
2026-02-18 23:00:13 [INFO]    [PING OK] RU | 160ms
2026-02-18 23:00:13 [INFO]    [PING OK] CZ | 591ms
2026-02-18 23:00:14 [INFO]    [PING OK] DE | 147ms
2026-02-18 23:00:14 [INFO]    [PING OK] US | 505ms
2026-02-18 23:00:15 [INFO]    [PING OK] TR | 293ms
2026-02-18 23:00:16 [INFO]    [PING OK] AT | 791ms
2026-02-18 23:00:17 [INFO]    [PING OK] DE | 1020ms
2026-02-18 23:00:17 [INFO]    [PING OK] RU | 146ms
2026-02-18 23:00:18 [INFO]    [PING OK] TR | 111ms
2026-02-18 23:00:18 [INFO]    [PING OK] IT | 552ms
2026-02-18 23:00:19 [INFO]    [PING OK] RU | 198ms
2026-02-18 23:00:22 [INFO]    [PING OK] RU | 184ms
2026-02-18 23:00:23 [INFO]    [PING OK] RU | 98ms
2026-02-18 23:00:24 [INFO]    [PING OK] US | 868ms
2026-02-18 23:00:24 [INFO]    [PING OK] RU | 331ms
2026-02-18 23:00:25 [INFO]    [PING OK] RU | 50ms
2026-02-18 23:00:25 [INFO]    [PING OK] RU | 300ms
2026-02-18 23:00:25 [INFO]    [PING OK] RU | 223ms
2026-02-18 23:00:25 [INFO]    [PING OK] RU | 291ms
2026-02-18 23:00:25 [INFO]    [PING OK] RU | 224ms
2026-02-18 23:00:25 [INFO]    [PING OK] RU | 517ms
2026-02-18 23:00:25 [INFO]    [PING OK] RU | 338ms
2026-02-18 23:00:26 [INFO]    [PING OK] RU | 218ms
2026-02-18 23:00:26 [INFO]    [PING OK] RU | 192ms
2026-02-18 23:00:26 [INFO]    [PING OK] HU | 350ms
2026-02-18 23:00:26 [INFO]    [PING OK] RU | 327ms
2026-02-18 23:00:26 [INFO]    [PING OK] RU | 237ms
2026-02-18 23:00:26 [INFO]    [PING OK] RU | 573ms
2026-02-18 23:00:26 [INFO]    [PING OK] RU | 138ms
2026-02-18 23:00:26 [INFO]    [PING OK] RU | 235ms
2026-02-18 23:00:26 [INFO]    [PING OK] RU | 320ms
2026-02-18 23:00:27 [INFO]    [PING OK] RU | 939ms
2026-02-18 23:00:27 [INFO]    [PING OK] RU | 229ms
2026-02-18 23:00:27 [INFO]    [PING OK] RU | 235ms
2026-02-18 23:00:27 [INFO]    [PING OK] RU | 308ms
2026-02-18 23:00:27 [INFO]    [PING OK] RU | 320ms
2026-02-18 23:00:27 [INFO]    [PING OK] RU | 141ms
2026-02-18 23:00:27 [INFO]    [PING OK] RU | 285ms
2026-02-18 23:00:27 [INFO]    [PING OK] RU | 365ms
2026-02-18 23:00:28 [INFO]    [PING OK] RU | 208ms
2026-02-18 23:00:28 [INFO]    [PING OK] RU | 237ms
2026-02-18 23:00:28 [INFO]    [PING OK] RU | 338ms
2026-02-18 23:00:28 [INFO]    [PING OK] RU | 347ms
2026-02-18 23:00:28 [INFO]    [PING OK] RU | 199ms
2026-02-18 23:00:28 [INFO]    [PING OK] RU | 518ms
2026-02-18 23:00:28 [INFO]    [PING OK] RU | 189ms
2026-02-18 23:00:29 [INFO]    [PING OK] RU | 280ms
2026-02-18 23:00:29 [INFO]    [PING OK] RU | 250ms
2026-02-18 23:00:29 [INFO]    [PING OK] RU | 426ms
2026-02-18 23:00:29 [INFO]    [PING OK] RU | 319ms
2026-02-18 23:00:29 [INFO]    [PING OK] RU | 203ms
2026-02-18 23:00:29 [INFO]    [PING OK] RU | 346ms
2026-02-18 23:00:29 [INFO]    [PING OK] RU | 62ms
2026-02-18 23:00:29 [INFO]    [PING OK] RU | 268ms
2026-02-18 23:00:30 [INFO]    [PING OK] RU | 218ms
2026-02-18 23:00:30 [INFO]    [PING OK] RU | 306ms
2026-02-18 23:00:30 [INFO]    [PING OK] RU | 250ms
2026-02-18 23:00:30 [INFO]    [PING OK] RU | 210ms
2026-02-18 23:00:30 [INFO]    [PING OK] RU | 149ms
2026-02-18 23:00:30 [INFO]    [PING OK] RU | 270ms
2026-02-18 23:00:30 [INFO]    [PING OK] RU | 246ms
2026-02-18 23:00:30 [INFO]    [PING OK] RU | 3408ms
2026-02-18 23:00:30 [INFO]    [PING OK] RU | 195ms
2026-02-18 23:00:30 [INFO]    [PING OK] RU | 280ms
2026-02-18 23:00:30 [INFO]    [PING OK] RU | 302ms
2026-02-18 23:00:30 [INFO]    [PING OK] RU | 218ms
2026-02-18 23:00:30 [INFO]    [PING OK] RU | 93ms
2026-02-18 23:00:31 [INFO]    [PING OK] RU | 140ms
2026-02-18 23:00:31 [INFO]    [PING OK] CY | 369ms
2026-02-18 23:00:31 [INFO]    [PING OK] UZ | 264ms
2026-02-18 23:00:32 [INFO]    [PING OK] IQ | 193ms
2026-02-18 23:00:33 [INFO]    [PING OK] RU | 2925ms
2026-02-18 23:00:34 [INFO]    [PING OK] IT | 548ms
2026-02-18 23:00:35 [INFO]    [PING OK] FI | 114ms
2026-02-18 23:00:35 [INFO]    [PING OK] NL | 195ms
2026-02-18 23:00:35 [INFO]    [PING OK] AE | 315ms
2026-02-18 23:00:35 [INFO]    [PING OK] PL | 108ms
2026-02-18 23:00:37 [INFO]    [PING OK] US | 610ms
2026-02-18 23:00:38 [INFO]    [PING OK] NL | 231ms
2026-02-18 23:00:38 [INFO]    [PING OK] HU | 348ms
2026-02-18 23:00:39 [INFO]    [PING OK] DE | 155ms
2026-02-18 23:00:40 [INFO]    [PING OK] MD | 136ms
2026-02-18 23:00:41 [INFO]    [PING OK] NL | 363ms
2026-02-18 23:00:42 [INFO]    [PING OK] AT | 224ms
2026-02-18 23:00:42 [INFO]    [PING OK] JP | 1912ms
2026-02-18 23:00:43 [INFO]    [PING OK] RU | 68ms
2026-02-18 23:00:44 [INFO]    [PING OK] IN | 716ms
2026-02-18 23:00:44 [INFO]    [PING OK] FR | 797ms
2026-02-18 23:01:11 [INFO] 🏎️ ЭТАП 2: Глубокий замер скорости для ТОП-10 серверов...
2026-02-18 23:01:15 [INFO]    🏆 PL | Пинг: 108ms | Скорость: 0.0 Mbps 
2026-02-18 23:01:15 [INFO]    🏆 TR | Пинг: 111ms | Скорость: 0.0 Mbps 
2026-02-18 23:01:15 [INFO]    🏆 FI | Пинг: 114ms | Скорость: 8.4 Mbps ⚡⚡
2026-02-18 23:01:15 [INFO]    🏆 MD | Пинг: 136ms | Скорость: 8.64 Mbps ⚡⚡
2026-02-18 23:01:15 [INFO]    🏆 DE | Пинг: 147ms | Скорость: 8.57 Mbps ⚡⚡
2026-02-18 23:01:15 [INFO]    🏆 DE | Пинг: 155ms | Скорость: 8.72 Mbps ⚡⚡
2026-02-18 23:01:15 [INFO]    🏆 IQ | Пинг: 193ms | Скорость: 6.41 Mbps ⚡⚡
2026-02-18 23:01:15 [INFO]    🏆 NL | Пинг: 195ms | Скорость: 8.92 Mbps ⚡⚡
2026-02-18 23:01:15 [INFO]    🏆 AT | Пинг: 224ms | Скорость: 8.97 Mbps ⚡⚡
2026-02-18 23:01:15 [INFO]    🏆 RU | Пинг: 50ms | Скорость: 9.07 Mbps ⚡⚡
2026-02-18 23:01:15 [INFO] 🇷🇺 Добавлен RU сервер: 95.163.210.173
2026-02-18 23:01:15 [INFO] 📊 Итого в подписке сохранено: 10 серверов
2026-02-18 23:01:15 [INFO] 💾 Файл успешно сохранен: FL1PVPN
