2026-02-26 15:50:06 [INFO] 🚀 START: Smart Selector (Target: 10, ONLY FOREIGN)
2026-02-26 15:50:06 [INFO] 🌐 Загрузка источников (VLESS + VMess)...
2026-02-26 15:50:08 [INFO] 🔍 Уникальных конфигов собрано: 304
2026-02-26 15:50:08 [INFO] ⚡ ЭТАП 1: Замер Пинга и Геолокации. Workers: 40...
2026-02-26 15:50:13 [INFO]    [PING OK] PL | VLESS | 4429ms
2026-02-26 15:50:13 [INFO]    [PING OK] FI | VLESS | 4572ms
2026-02-26 15:50:13 [INFO]    [PING OK] FI | VLESS | 4401ms
2026-02-26 15:50:13 [INFO]    [PING OK] FR | VLESS | 4699ms
2026-02-26 15:50:14 [INFO]    [PING OK] FI | VLESS | 4736ms
2026-02-26 15:50:14 [INFO]    [PING OK] DE | VLESS | 4776ms
2026-02-26 15:50:14 [INFO]    [PING OK] ES | VLESS | 4451ms
2026-02-26 15:50:14 [INFO]    [PING OK] PL | VLESS | 4763ms
2026-02-26 15:50:14 [INFO]    [PING OK] US | VLESS | 4769ms
2026-02-26 15:50:15 [INFO]    [PING OK] PL | VLESS | 4903ms
2026-02-26 15:50:15 [INFO]    [PING OK] DE | VLESS | 6056ms
2026-02-26 15:50:15 [INFO]    [PING OK] PL | VLESS | 5016ms
2026-02-26 15:50:15 [INFO]    [PING OK] FI | VLESS | 4641ms
2026-02-26 15:50:16 [INFO]    [PING OK] DE | VLESS | 4810ms
2026-02-26 15:50:16 [INFO]    [PING OK] PL | VLESS | 4182ms
2026-02-26 15:50:17 [INFO]    [PING OK] DE | VLESS | 4157ms
2026-02-26 15:50:17 [INFO]    [PING OK] FI | VLESS | 4342ms
2026-02-26 15:50:18 [INFO]    [PING OK] PL | VLESS | 4402ms
2026-02-26 15:50:18 [INFO]    [PING OK] NL | VLESS | 4172ms
2026-02-26 15:50:18 [INFO]    [PING OK] DE | VLESS | 4362ms
2026-02-26 15:50:18 [INFO]    [PING OK] DE | VLESS | 4249ms
2026-02-26 15:50:18 [INFO]    [PING OK] DE | VLESS | 4505ms
2026-02-26 15:50:19 [INFO]    [PING OK] PL | VLESS | 4257ms
2026-02-26 15:50:19 [INFO]    [PING OK] CA | VLESS | 4216ms
2026-02-26 15:50:19 [INFO]    [PING OK] NL | VLESS | 3668ms
2026-02-26 15:50:19 [INFO]    [PING OK] DE | VLESS | 4079ms
2026-02-26 15:50:19 [INFO]    [PING OK] DE | VLESS | 3552ms
2026-02-26 15:50:20 [INFO]    [PING OK] PL | VLESS | 4038ms
2026-02-26 15:50:20 [INFO]    [PING OK] FI | VLESS | 3767ms
2026-02-26 15:50:20 [INFO]    [PING OK] NL | VLESS | 3871ms
2026-02-26 15:50:21 [INFO]    [PING OK] PL | VLESS | 4505ms
2026-02-26 15:50:21 [INFO]    [PING OK] FI | VLESS | 3945ms
2026-02-26 15:50:21 [INFO]    [PING OK] NL | VLESS | 4347ms
2026-02-26 15:50:22 [INFO]    [PING OK] FI | VLESS | 4244ms
2026-02-26 15:50:23 [INFO]    [PING OK] DE | VLESS | 4631ms
2026-02-26 15:50:23 [INFO]    [PING OK] LT | VLESS | 5061ms
2026-02-26 15:50:24 [INFO]    [PING OK] NL | VLESS | 4304ms
2026-02-26 15:50:24 [INFO]    [PING OK] PL | VLESS | 4566ms
2026-02-26 15:50:24 [INFO]    [PING OK] PL | VLESS | 4324ms
2026-02-26 15:50:24 [INFO]    [PING OK] HK | VLESS | 5095ms
2026-02-26 15:50:25 [INFO]    [PING OK] FI | VLESS | 4153ms
2026-02-26 15:50:25 [INFO]    [PING OK] DE | VLESS | 4986ms
2026-02-26 15:50:25 [INFO]    [PING OK] US | VLESS | 4478ms
2026-02-26 15:50:26 [INFO]    [PING OK] DE | VLESS | 4610ms
2026-02-26 15:50:26 [INFO]    [PING OK] DE | VLESS | 4494ms
2026-02-26 15:50:26 [INFO]    [PING OK] CH | VLESS | 6782ms
2026-02-26 15:50:27 [INFO]    [PING OK] US | VLESS | 5325ms
2026-02-26 15:50:28 [INFO]    [PING OK] DE | VLESS | 4477ms
2026-02-26 15:50:28 [INFO]    [PING OK] TR | VLESS | 4716ms
2026-02-26 15:50:29 [INFO]    [PING OK] FR | VLESS | 5025ms
2026-02-26 15:50:29 [INFO]    [PING OK] NL | VLESS | 4832ms
2026-02-26 15:50:30 [INFO]    [PING OK] HU | VLESS | 5092ms
2026-02-26 15:50:30 [INFO]    [PING OK] NL | VLESS | 5445ms
2026-02-26 15:50:30 [INFO]    [PING OK] CA | VLESS | 4939ms
2026-02-26 15:50:31 [INFO]    [PING OK] DE | VLESS | 4585ms
2026-02-26 15:50:31 [INFO]    [PING OK] HU | VLESS | 4931ms
2026-02-26 15:50:31 [INFO]    [PING OK] LT | VLESS | 4971ms
2026-02-26 15:50:32 [INFO]    [PING OK] IT | VLESS | 4148ms
2026-02-26 15:50:32 [INFO]    [PING OK] LV | VLESS | 6984ms
2026-02-26 15:50:33 [INFO]    [PING OK] FR | VLESS | 6071ms
2026-02-26 15:50:33 [INFO]    [PING OK] PL | VLESS | 5053ms
2026-02-26 15:50:34 [INFO]    [PING OK] ES | VLESS | 4708ms
2026-02-26 15:50:35 [INFO]    [PING OK] IT | VLESS | 5101ms
2026-02-26 15:50:35 [INFO]    [PING OK] DE | VLESS | 5770ms
2026-02-26 15:50:35 [INFO]    [PING OK] FR | VLESS | 4988ms
2026-02-26 15:50:35 [INFO]    [PING OK] US | VLESS | 4936ms
2026-02-26 15:50:36 [INFO]    [PING OK] DE | VLESS | 4898ms
2026-02-26 15:50:36 [INFO]    [PING OK] DE | VLESS | 5502ms
2026-02-26 15:50:37 [INFO]    [PING OK] HK | VLESS | 5511ms
2026-02-26 15:50:37 [INFO]    [PING OK] TR | VLESS | 5108ms
2026-02-26 15:50:37 [INFO]    [PING OK] US | VLESS | 5584ms
2026-02-26 15:50:37 [INFO]    [PING OK] IT | VLESS | 5161ms
2026-02-26 15:50:38 [INFO]    [PING OK] PL | VLESS | 5599ms
2026-02-26 15:50:38 [INFO]    [PING OK] ES | VLESS | 6042ms
2026-02-26 15:50:38 [INFO]    [PING OK] CA | VLESS | 5330ms
2026-02-26 15:50:39 [INFO]    [PING OK] DE | VLESS | 4590ms
2026-02-26 15:50:40 [INFO]    [PING OK] CA | VLESS | 4801ms
2026-02-26 15:50:40 [INFO]    [PING OK] DE | VLESS | 3554ms
2026-02-26 15:50:40 [INFO]    [PING OK] CA | VLESS | 4157ms
2026-02-26 15:50:41 [INFO]    [PING OK] DE | VLESS | 1613ms
2026-02-26 15:50:41 [INFO]    [PING OK] FI | VLESS | 1730ms
2026-02-26 15:50:41 [INFO]    [PING OK] US | VLESS | 3309ms
2026-02-26 15:50:41 [INFO]    [PING OK] CA | VLESS | 3111ms
2026-02-26 15:50:41 [INFO]    [PING OK] CA | VLESS | 3044ms
2026-02-26 15:50:41 [INFO]    [PING OK] CA | VLESS | 2533ms
2026-02-26 15:50:45 [INFO] 🏎️ ЭТАП 2: Глубокий замер скорости для 40 иностранных кандидатов...
2026-02-26 15:50:49 [INFO]    🏆 FI | VLESS | Пинг: 1730ms | Скорость: 7.7 Mbps ⚡⚡
2026-02-26 15:50:49 [INFO]    🏆 FI | VLESS | Пинг: 3945ms | Скорость: 8.24 Mbps ⚡⚡
2026-02-26 15:50:49 [INFO]    🏆 DE | VLESS | Пинг: 1613ms | Скорость: 6.9 Mbps ⚡⚡
2026-02-26 15:50:50 [INFO]    🏆 DE | VLESS | Пинг: 3552ms | Скорость: 5.22 Mbps ⚡⚡
2026-02-26 15:50:50 [INFO]    🏆 US | VLESS | Пинг: 3309ms | Скорость: 4.66 Mbps ⚡⚡
2026-02-26 15:50:51 [INFO]    🏆 DE | VLESS | Пинг: 3554ms | Скорость: 3.83 Mbps ⚡⚡
2026-02-26 15:50:52 [INFO]    🏆 DE | VLESS | Пинг: 4157ms | Скорость: 7.5 Mbps ⚡⚡
2026-02-26 15:50:52 [INFO]    🏆 FI | VLESS | Пинг: 3767ms | Скорость: 3.34 Mbps ⚡⚡
2026-02-26 15:50:52 [INFO]    🏆 NL | VLESS | Пинг: 3871ms | Скорость: 2.06 Mbps ⚡
2026-02-26 15:50:52 [INFO]    🏆 PL | VLESS | Пинг: 4182ms | Скорость: 12.41 Mbps ⚡⚡
2026-02-26 15:50:52 [INFO]    🏆 DE | VLESS | Пинг: 4079ms | Скорость: 1.85 Mbps ⚡
2026-02-26 15:50:53 [INFO]    🏆 NL | VLESS | Пинг: 4172ms | Скорость: 9.83 Mbps ⚡⚡
2026-02-26 15:50:53 [INFO]    🏆 FI | VLESS | Пинг: 4244ms | Скорость: 9.39 Mbps ⚡⚡
2026-02-26 15:50:53 [INFO]    🏆 PL | VLESS | Пинг: 4038ms | Скорость: 0.88 Mbps 
2026-02-26 15:50:54 [INFO]    🏆 PL | VLESS | Пинг: 4257ms | Скорость: 12.58 Mbps ⚡⚡
2026-02-26 15:50:55 [INFO]    🏆 DE | VLESS | Пинг: 4249ms | Скорость: 5.95 Mbps ⚡⚡
2026-02-26 15:50:55 [INFO]    🏆 PL | VLESS | Пинг: 4324ms | Скорость: 9.98 Mbps ⚡⚡
2026-02-26 15:50:55 [INFO]    🏆 PL | VLESS | Пинг: 4402ms | Скорость: 11.41 Mbps ⚡⚡
2026-02-26 15:50:55 [INFO]    🏆 DE | VLESS | Пинг: 4362ms | Скорость: 10.52 Mbps ⚡⚡
2026-02-26 15:50:56 [INFO]    🏆 NL | VLESS | Пинг: 4347ms | Скорость: 8.01 Mbps ⚡⚡
2026-02-26 15:50:56 [INFO]    🏆 FI | VLESS | Пинг: 4342ms | Скорость: 7.52 Mbps ⚡⚡
2026-02-26 15:50:57 [INFO]    🏆 PL | VLESS | Пинг: 4429ms | Скорость: 6.68 Mbps ⚡⚡
2026-02-26 15:50:57 [INFO]    🏆 CA | VLESS | Пинг: 4216ms | Скорость: 0.97 Mbps 
2026-02-26 15:50:57 [INFO]    🏆 US | VLESS | Пинг: 4478ms | Скорость: 8.11 Mbps ⚡⚡
2026-02-26 15:50:57 [INFO]    🏆 DE | VLESS | Пинг: 4505ms | Скорость: 14.82 Mbps ⚡⚡
2026-02-26 15:50:58 [INFO]    🏆 FI | VLESS | Пинг: 4572ms | Скорость: 14.41 Mbps ⚡⚡
2026-02-26 15:50:58 [INFO]    🏆 PL | VLESS | Пинг: 4505ms | Скорость: 9.52 Mbps ⚡⚡
2026-02-26 15:51:00 [INFO]    🏆 DE | VLESS | Пинг: 4477ms | Скорость: 3.49 Mbps ⚡⚡
2026-02-26 15:51:02 [INFO]    🏆 PL | VLESS | Пинг: 4566ms | Скорость: 2.82 Mbps ⚡
2026-02-26 15:51:02 [INFO] 📊 Итого в подписке сохранено иностранных серверов: 10
2026-02-26 15:51:02 [INFO] 💾 Файл успешно сохранен: FL1PVPN
