2026-02-19 23:00:05 [INFO] 🚀 START: Smart VPN Selector (Target: 10, Strict Mode)
2026-02-19 23:00:05 [INFO] 🌐 Загрузка источников...
2026-02-19 23:00:09 [INFO] 🔍 Уникальных конфигов собрано: 1267
2026-02-19 23:00:09 [INFO] ⚡ ЭТАП 1: Быстрый замер Пинга (Workers: 25)...
2026-02-19 23:00:10 [INFO]    [PING OK] RU | 159ms
2026-02-19 23:00:11 [INFO]    [PING OK] DE | 940ms
2026-02-19 23:00:11 [INFO]    [PING OK] DE | 947ms
2026-02-19 23:00:11 [INFO]    [PING OK] LV | 184ms
2026-02-19 23:00:11 [INFO]    [PING OK] DE | 173ms
2026-02-19 23:00:12 [INFO]    [PING OK] RU | 156ms
2026-02-19 23:00:12 [INFO]    [PING OK] DE | 144ms
2026-02-19 23:00:12 [INFO]    [PING OK] RU | 126ms
2026-02-19 23:00:12 [INFO]    [PING OK] RU | 207ms
2026-02-19 23:00:13 [INFO]    [PING OK] DE | 145ms
2026-02-19 23:00:15 [INFO]    [PING OK] DE | 806ms
2026-02-19 23:00:17 [INFO]    [PING OK] FR | 676ms
2026-02-19 23:00:17 [INFO]    [PING OK] DE | 194ms
2026-02-19 23:00:17 [INFO]    [PING OK] RU | 131ms
2026-02-19 23:00:18 [INFO]    [PING OK] RU | 101ms
2026-02-19 23:00:18 [INFO]    [PING OK] HU | 337ms
2026-02-19 23:00:18 [INFO]    [PING OK] RU | 116ms
2026-02-19 23:00:18 [INFO]    [PING OK] RU | 358ms
2026-02-19 23:00:18 [INFO]    [PING OK] RU | 227ms
2026-02-19 23:00:18 [INFO]    [PING OK] RU | 248ms
2026-02-19 23:00:18 [INFO]    [PING OK] RU | 273ms
2026-02-19 23:00:18 [INFO]    [PING OK] RU | 182ms
2026-02-19 23:00:18 [INFO]    [PING OK] RU | 99ms
2026-02-19 23:00:18 [INFO]    [PING OK] RU | 196ms
2026-02-19 23:00:18 [INFO]    [PING OK] RU | 93ms
2026-02-19 23:00:18 [INFO]    [PING OK] RU | 208ms
2026-02-19 23:00:18 [INFO]    [PING OK] RU | 307ms
2026-02-19 23:00:18 [INFO]    [PING OK] RU | 260ms
2026-02-19 23:00:18 [INFO]    [PING OK] RU | 214ms
2026-02-19 23:00:18 [INFO]    [PING OK] RU | 143ms
2026-02-19 23:00:18 [INFO]    [PING OK] RU | 65ms
2026-02-19 23:00:18 [INFO]    [PING OK] RU | 170ms
2026-02-19 23:00:18 [INFO]    [PING OK] RU | 124ms
2026-02-19 23:00:19 [INFO]    [PING OK] RU | 233ms
2026-02-19 23:00:19 [INFO]    [PING OK] RU | 220ms
2026-02-19 23:00:19 [INFO]    [PING OK] RU | 213ms
2026-02-19 23:00:19 [INFO]    [PING OK] RU | 264ms
2026-02-19 23:00:19 [INFO]    [PING OK] RU | 301ms
2026-02-19 23:00:19 [INFO]    [PING OK] RU | 232ms
2026-02-19 23:00:19 [INFO]    [PING OK] RU | 390ms
2026-02-19 23:00:19 [INFO]    [PING OK] HU | 266ms
2026-02-19 23:00:19 [INFO]    [PING OK] RU | 213ms
2026-02-19 23:00:19 [INFO]    [PING OK] RU | 189ms
2026-02-19 23:00:19 [INFO]    [PING OK] RU | 139ms
2026-02-19 23:00:19 [INFO]    [PING OK] RU | 224ms
2026-02-19 23:00:19 [INFO]    [PING OK] RU | 90ms
2026-02-19 23:00:19 [INFO]    [PING OK] RU | 218ms
2026-02-19 23:00:19 [INFO]    [PING OK] RU | 146ms
2026-02-19 23:00:20 [INFO]    [PING OK] RU | 230ms
2026-02-19 23:00:20 [INFO]    [PING OK] RU | 190ms
2026-02-19 23:00:20 [INFO]    [PING OK] RU | 241ms
2026-02-19 23:00:20 [INFO]    [PING OK] RU | 265ms
2026-02-19 23:00:20 [INFO]    [PING OK] RU | 232ms
2026-02-19 23:00:20 [INFO]    [PING OK] RU | 182ms
2026-02-19 23:00:20 [INFO]    [PING OK] RU | 108ms
2026-02-19 23:00:20 [INFO]    [PING OK] RU | 195ms
2026-02-19 23:00:20 [INFO]    [PING OK] RU | 189ms
2026-02-19 23:00:20 [INFO]    [PING OK] RU | 134ms
2026-02-19 23:00:20 [INFO]    [PING OK] RU | 223ms
2026-02-19 23:00:20 [INFO]    [PING OK] NL | 255ms
2026-02-19 23:00:20 [INFO]    [PING OK] RU | 215ms
2026-02-19 23:00:20 [INFO]    [PING OK] RU | 239ms
2026-02-19 23:00:21 [INFO]    [PING OK] RU | 126ms
2026-02-19 23:00:21 [INFO]    [PING OK] RU | 259ms
2026-02-19 23:00:21 [INFO]    [PING OK] RU | 143ms
2026-02-19 23:00:21 [INFO]    [PING OK] RU | 212ms
2026-02-19 23:00:21 [INFO]    [PING OK] RU | 138ms
2026-02-19 23:00:21 [INFO]    [PING OK] GB | 146ms
2026-02-19 23:00:21 [INFO]    [PING OK] RU | 631ms
2026-02-19 23:00:21 [INFO]    [PING OK] RU | 105ms
2026-02-19 23:00:21 [INFO]    [PING OK] RU | 2115ms
2026-02-19 23:00:21 [INFO]    [PING OK] RU | 99ms
2026-02-19 23:00:21 [INFO]    [PING OK] RU | 228ms
2026-02-19 23:00:21 [INFO]    [PING OK] HK | 4080ms
2026-02-19 23:00:21 [INFO]    [PING OK] RU | 223ms
2026-02-19 23:00:21 [INFO]    [PING OK] RU | 210ms
2026-02-19 23:00:21 [INFO]    [PING OK] RU | 326ms
2026-02-19 23:00:22 [INFO]    [PING OK] RU | 106ms
2026-02-19 23:00:22 [INFO]    [PING OK] RU | 307ms
2026-02-19 23:00:22 [INFO]    [PING OK] RU | 141ms
2026-02-19 23:00:22 [INFO]    [PING OK] RU | 212ms
2026-02-19 23:00:22 [INFO]    [PING OK] RU | 192ms
2026-02-19 23:00:22 [INFO]    [PING OK] RU | 156ms
2026-02-19 23:00:22 [INFO]    [PING OK] RU | 108ms
2026-02-19 23:00:22 [INFO]    [PING OK] HU | 690ms
2026-02-19 23:00:22 [INFO]    [PING OK] RU | 220ms
2026-02-19 23:00:22 [INFO]    [PING OK] RU | 139ms
2026-02-19 23:00:22 [INFO]    [PING OK] RU | 167ms
2026-02-19 23:00:22 [INFO]    [PING OK] RU | 726ms
2026-02-19 23:00:22 [INFO]    [PING OK] RU | 324ms
2026-02-19 23:00:22 [INFO]    [PING OK] RU | 100ms
2026-02-19 23:00:23 [INFO]    [PING OK] RU | 217ms
2026-02-19 23:00:23 [INFO]    [PING OK] RU | 197ms
2026-02-19 23:00:23 [INFO]    [PING OK] RU | 875ms
2026-02-19 23:00:23 [INFO]    [PING OK] RU | 4144ms
2026-02-19 23:00:23 [INFO]    [PING OK] RU | 1150ms
2026-02-19 23:00:23 [INFO]    [PING OK] RU | 213ms
2026-02-19 23:00:23 [INFO]    [PING OK] RU | 321ms
2026-02-19 23:00:23 [INFO]    [PING OK] RU | 325ms
2026-02-19 23:00:23 [INFO]    [PING OK] RU | 236ms
2026-02-19 23:00:23 [INFO]    [PING OK] RU | 222ms
2026-02-19 23:00:23 [INFO]    [PING OK] RU | 268ms
2026-02-19 23:00:23 [INFO]    [PING OK] RU | 301ms
2026-02-19 23:00:24 [INFO]    [PING OK] RU | 240ms
2026-02-19 23:00:24 [INFO]    [PING OK] RU | 177ms
2026-02-19 23:00:24 [INFO]    [PING OK] RU | 557ms
2026-02-19 23:00:24 [INFO]    [PING OK] RU | 4508ms
2026-02-19 23:00:24 [INFO]    [PING OK] DE | 80ms
2026-02-19 23:00:24 [INFO]    [PING OK] CY | 402ms
2026-02-19 23:00:24 [INFO]    [PING OK] IT | 547ms
2026-02-19 23:00:24 [INFO]    [PING OK] GB | 184ms
2026-02-19 23:00:24 [INFO]    [PING OK] RU | 1221ms
2026-02-19 23:00:25 [INFO]    [PING OK] US | 827ms
2026-02-19 23:00:25 [INFO]    [PING OK] GB | 535ms
2026-02-19 23:00:25 [INFO]    [PING OK] US | 455ms
2026-02-19 23:00:25 [INFO]    [PING OK] GB | 545ms
2026-02-19 23:00:25 [INFO]    [PING OK] US | 329ms
2026-02-19 23:00:25 [INFO]    [PING OK] FR | 516ms
2026-02-19 23:00:25 [INFO]    [PING OK] US | 461ms
2026-02-19 23:00:25 [INFO]    [PING OK] CY | 166ms
2026-02-19 23:00:26 [INFO]    [PING OK] AE | 523ms
2026-02-19 23:00:26 [INFO]    [PING OK] US | 618ms
2026-02-19 23:00:26 [INFO]    [PING OK] PL | 200ms
2026-02-19 23:00:26 [INFO]    [PING OK] NL | 197ms
2026-02-19 23:00:26 [INFO]    [PING OK] UZ | 335ms
2026-02-19 23:00:26 [INFO]    [PING OK] US | 247ms
2026-02-19 23:00:26 [INFO]    [PING OK] RU | 3784ms
2026-02-19 23:00:27 [INFO]    [PING OK] GR | 181ms
2026-02-19 23:00:27 [INFO]    [PING OK] MX | 351ms
2026-02-19 23:00:28 [INFO]    [PING OK] HK | 1471ms
2026-02-19 23:00:28 [INFO]    [PING OK] KH | 610ms
2026-02-19 23:00:28 [INFO]    [PING OK] SG | 440ms
2026-02-19 23:00:28 [INFO]    [PING OK] IQ | 382ms
2026-02-19 23:00:28 [INFO]    [PING OK] GB | 143ms
2026-02-19 23:00:28 [INFO]    [PING OK] BG | 123ms
2026-02-19 23:00:28 [INFO]    [PING OK] US | 405ms
2026-02-19 23:00:28 [INFO]    [PING OK] MD | 418ms
2026-02-19 23:00:28 [INFO]    [PING OK] MD | 155ms
2026-02-19 23:00:29 [INFO]    [PING OK] FI | 117ms
2026-02-19 23:00:29 [INFO]    [PING OK] IR | 4256ms
2026-02-19 23:00:29 [INFO]    [PING OK] GB | 173ms
2026-02-19 23:00:29 [INFO]    [PING OK] JP | 2781ms
2026-02-19 23:00:29 [INFO]    [PING OK] TR | 3561ms
2026-02-19 23:00:29 [INFO]    [PING OK] CA | 316ms
2026-02-19 23:00:30 [INFO]    [PING OK] US | 387ms
2026-02-19 23:00:30 [INFO]    [PING OK] RU | 33ms
2026-02-19 23:00:30 [INFO]    [PING OK] FR | 163ms
2026-02-19 23:00:30 [INFO]    [PING OK] AT | 245ms
2026-02-19 23:00:31 [INFO]    [PING OK] GB | 127ms
2026-02-19 23:00:31 [INFO]    [PING OK] LV | 438ms
2026-02-19 23:00:31 [INFO]    [PING OK] AU | 665ms
2026-02-19 23:00:31 [INFO]    [PING OK] US | 385ms
2026-02-19 23:00:31 [INFO]    [PING OK] HK | 1971ms
2026-02-19 23:00:31 [INFO]    [PING OK] GB | 150ms
2026-02-19 23:00:32 [INFO]    [PING OK] US | 365ms
2026-02-19 23:00:32 [INFO]    [PING OK] DE | 491ms
2026-02-19 23:00:32 [INFO]    [PING OK] DE | 231ms
2026-02-19 23:00:32 [INFO]    [PING OK] NL | 402ms
2026-02-19 23:00:32 [INFO]    [PING OK] US | 545ms
2026-02-19 23:00:33 [INFO]    [PING OK] SG | 501ms
2026-02-19 23:00:33 [INFO]    [PING OK] US | 548ms
2026-02-19 23:00:33 [INFO]    [PING OK] DE | 122ms
2026-02-19 23:00:33 [INFO]    [PING OK] TR | 1216ms
2026-02-19 23:00:33 [INFO]    [PING OK] TR | 202ms
2026-02-19 23:00:34 [INFO]    [PING OK] US | 464ms
2026-02-19 23:00:34 [INFO]    [PING OK] US | 614ms
2026-02-19 23:00:34 [INFO]    [PING OK] PL | 151ms
2026-02-19 23:00:34 [INFO]    [PING OK] SE | 103ms
2026-02-19 23:00:34 [INFO]    [PING OK] DE | 214ms
2026-02-19 23:00:34 [INFO]    [PING OK] SG | 700ms
2026-02-19 23:00:34 [INFO]    [PING OK] DE | 116ms
2026-02-19 23:00:35 [INFO]    [PING OK] DE | 192ms
2026-02-19 23:00:35 [INFO]    [PING OK] IL | 244ms
2026-02-19 23:00:35 [INFO]    [PING OK] US | 491ms
2026-02-19 23:00:35 [INFO]    [PING OK] US | 619ms
2026-02-19 23:00:35 [INFO]    [PING OK] US | 646ms
2026-02-19 23:00:35 [INFO]    [PING OK] PL | 423ms
2026-02-19 23:00:36 [INFO]    [PING OK] GB | 1965ms
2026-02-19 23:00:40 [INFO]    [PING OK] FR | 130ms
2026-02-19 23:00:41 [INFO]    [PING OK] GB | 187ms
2026-02-19 23:00:45 [INFO]    [PING OK] GB | 167ms
2026-02-19 23:00:48 [INFO]    [PING OK] US | 247ms
2026-02-19 23:00:48 [INFO]    [PING OK] SG | 587ms
2026-02-19 23:00:49 [INFO]    [PING OK] GB | 146ms
2026-02-19 23:00:51 [INFO]    [PING OK] SG | 444ms
2026-02-19 23:00:51 [INFO]    [PING OK] JP | 1061ms
2026-02-19 23:00:52 [INFO]    [PING OK] DE | 123ms
2026-02-19 23:00:54 [INFO]    [PING OK] AU | 952ms
2026-02-19 23:00:58 [INFO]    [PING OK] GB | 171ms
2026-02-19 23:01:01 [INFO]    [PING OK] FR | 132ms
2026-02-19 23:01:02 [INFO]    [PING OK] SG | 641ms
2026-02-19 23:01:05 [INFO]    [PING OK] DE | 146ms
2026-02-19 23:01:07 [INFO]    [PING OK] GB | 293ms
2026-02-19 23:01:08 [INFO]    [PING OK] RU | 373ms
2026-02-19 23:01:08 [INFO]    [PING OK] GB | 176ms
2026-02-19 23:01:08 [INFO]    [PING OK] GB | 156ms
2026-02-19 23:01:08 [INFO]    [PING OK] GB | 154ms
2026-02-19 23:01:09 [INFO]    [PING OK] HK | 1523ms
2026-02-19 23:01:09 [INFO]    [PING OK] RU | 151ms
2026-02-19 23:01:09 [INFO]    [PING OK] SE | 99ms
2026-02-19 23:01:10 [INFO]    [PING OK] GB | 177ms
2026-02-19 23:01:10 [INFO]    [PING OK] GB | 138ms
2026-02-19 23:01:10 [INFO]    [PING OK] RU | 3996ms
2026-02-19 23:01:11 [INFO]    [PING OK] GB | 121ms
2026-02-19 23:01:11 [INFO]    [PING OK] RU | 213ms
2026-02-19 23:01:11 [INFO]    [PING OK] GB | 290ms
2026-02-19 23:01:11 [INFO]    [PING OK] DE | 1883ms
2026-02-19 23:01:12 [INFO]    [PING OK] DE | 283ms
2026-02-19 23:01:12 [INFO]    [PING OK] FI | 196ms
2026-02-19 23:01:12 [INFO]    [PING OK] RU | 141ms
2026-02-19 23:01:13 [INFO]    [PING OK] RU | 174ms
2026-02-19 23:01:13 [INFO]    [PING OK] DE | 247ms
2026-02-19 23:01:13 [INFO]    [PING OK] GB | 139ms
2026-02-19 23:01:14 [INFO]    [PING OK] RU | 158ms
2026-02-19 23:01:14 [INFO]    [PING OK] JP | 926ms
2026-02-19 23:01:14 [INFO]    [PING OK] RU | 2252ms
2026-02-19 23:01:14 [INFO]    [PING OK] ES | 122ms
2026-02-19 23:01:14 [INFO]    [PING OK] GB | 160ms
2026-02-19 23:01:14 [INFO]    [PING OK] RU | 1508ms
2026-02-19 23:01:15 [INFO]    [PING OK] RU | 42ms
2026-02-19 23:01:15 [INFO]    [PING OK] SC | 1013ms
2026-02-19 23:01:15 [INFO]    [PING OK] RU | 392ms
2026-02-19 23:01:16 [INFO]    [PING OK] GB | 200ms
2026-02-19 23:01:16 [INFO]    [PING OK] GB | 280ms
2026-02-19 23:01:16 [INFO]    [PING OK] TR | 254ms
2026-02-19 23:01:16 [INFO]    [PING OK] RU | 1311ms
2026-02-19 23:01:16 [INFO]    [PING OK] RU | 48ms
2026-02-19 23:01:17 [INFO]    [PING OK] DE | 402ms
2026-02-19 23:01:18 [INFO]    [PING OK] DE | 745ms
2026-02-19 23:01:18 [INFO]    [PING OK] GB | 124ms
2026-02-19 23:01:19 [INFO]    [PING OK] GB | 1968ms
2026-02-19 23:01:19 [INFO]    [PING OK] RU | 2090ms
2026-02-19 23:01:19 [INFO]    [PING OK] RU | 472ms
2026-02-19 23:01:21 [INFO]    [PING OK] RU | 230ms
2026-02-19 23:01:22 [INFO]    [PING OK] DE | 215ms
2026-02-19 23:01:22 [INFO]    [PING OK] SE | 3468ms
2026-02-19 23:01:23 [INFO]    [PING OK] RU | 242ms
2026-02-19 23:01:23 [INFO]    [PING OK] US | 552ms
2026-02-19 23:01:24 [INFO]    [PING OK] RU | 4307ms
2026-02-19 23:01:24 [INFO]    [PING OK] NL | 351ms
2026-02-19 23:01:24 [INFO]    [PING OK] RU | 421ms
2026-02-19 23:01:28 [INFO] 🏎️ ЭТАП 2: Глубокий замер скорости для ТОП-10 серверов...
2026-02-19 23:01:39 [INFO]    🏆 DE | Пинг: 80ms | Скорость: 1.15 Mbps 
2026-02-19 23:01:39 [INFO]    🏆 SE | Пинг: 99ms | Скорость: 8.75 Mbps ⚡⚡
2026-02-19 23:01:39 [INFO]    🏆 SE | Пинг: 103ms | Скорость: 9.01 Mbps ⚡⚡
2026-02-19 23:01:39 [INFO]    🏆 DE | Пинг: 116ms | Скорость: 8.97 Mbps ⚡⚡
2026-02-19 23:01:39 [INFO]    🏆 FI | Пинг: 117ms | Скорость: 9.07 Mbps ⚡⚡
2026-02-19 23:01:39 [INFO]    🏆 GB | Пинг: 121ms | Скорость: 8.81 Mbps ⚡⚡
2026-02-19 23:01:39 [INFO]    🏆 DE | Пинг: 122ms | Скорость: 9.01 Mbps ⚡⚡
2026-02-19 23:01:39 [INFO]    🏆 ES | Пинг: 122ms | Скорость: 9.31 Mbps ⚡⚡
2026-02-19 23:01:39 [INFO]    🏆 BG | Пинг: 123ms | Скорость: 0.0 Mbps 
2026-02-19 23:01:39 [INFO]    🏆 RU | Пинг: 33ms | Скорость: 9.58 Mbps ⚡⚡
2026-02-19 23:01:39 [INFO] 🇷🇺 Добавлен RU сервер: 212.192.14.234
2026-02-19 23:01:39 [INFO] 📊 Итого в подписке сохранено: 10 серверов
2026-02-19 23:01:39 [INFO] 💾 Файл успешно сохранен: FL1PVPN
