2026-02-22 00:30:06 [INFO] 🚀 START: Smart Selector (Target: 10, ONLY FOREIGN)
2026-02-22 00:30:06 [INFO] 🌐 Загрузка источников (VLESS + VMess)...
2026-02-22 00:30:08 [INFO] 🔍 Уникальных конфигов собрано: 266
2026-02-22 00:30:08 [INFO] ⚡ ЭТАП 1: Замер Пинга и Геолокации. Workers: 40...
2026-02-22 00:30:15 [INFO]    [PING OK] IT | VLESS | 4448ms
2026-02-22 00:30:16 [INFO]    [PING OK] TR | VLESS | 4498ms
2026-02-22 00:30:16 [INFO]    [PING OK] CZ | VLESS | 6246ms
2026-02-22 00:30:16 [INFO]    [PING OK] DE | VLESS | 6105ms
2026-02-22 00:30:16 [INFO]    [PING OK] TR | VLESS | 4248ms
2026-02-22 00:30:17 [INFO]    [PING OK] IT | VLESS | 4403ms
2026-02-22 00:30:19 [INFO]    [PING OK] NL | VLESS | 4396ms
2026-02-22 00:30:19 [INFO]    [PING OK] HU | VLESS | 4453ms
2026-02-22 00:30:19 [INFO]    [PING OK] HU | VLESS | 4468ms
2026-02-22 00:30:19 [INFO]    [PING OK] DE | VLESS | 4491ms
2026-02-22 00:30:19 [INFO]    [PING OK] PL | VLESS | 4578ms
2026-02-22 00:30:19 [INFO]    [PING OK] ES | VLESS | 4655ms
2026-02-22 00:30:19 [INFO]    [PING OK] PL | VLESS | 4526ms
2026-02-22 00:30:20 [INFO]    [PING OK] IT | VLESS | 4601ms
2026-02-22 00:30:20 [INFO]    [PING OK] PL | VLESS | 4770ms
2026-02-22 00:30:20 [INFO]    [PING OK] TR | VLESS | 4696ms
2026-02-22 00:30:20 [INFO]    [PING OK] HU | VLESS | 4603ms
2026-02-22 00:30:20 [INFO]    [PING OK] US | VLESS | 4935ms
2026-02-22 00:30:20 [INFO]    [PING OK] DE | VLESS | 4870ms
2026-02-22 00:30:20 [INFO]    [PING OK] HU | VLESS | 4746ms
2026-02-22 00:30:20 [INFO]    [PING OK] PL | VLESS | 4989ms
2026-02-22 00:30:21 [INFO]    [PING OK] ES | VLESS | 5142ms
2026-02-22 00:30:21 [INFO]    [PING OK] ES | VLESS | 4167ms
2026-02-22 00:30:21 [INFO]    [PING OK] ES | VLESS | 4653ms
2026-02-22 00:30:21 [INFO]    [PING OK] PL | VLESS | 4305ms
2026-02-22 00:30:21 [INFO]    [PING OK] PL | VLESS | 4735ms
2026-02-22 00:30:21 [INFO]    [PING OK] ES | VLESS | 4331ms
2026-02-22 00:30:22 [INFO]    [PING OK] IT | VLESS | 4442ms
2026-02-22 00:30:22 [INFO]    [PING OK] TR | VLESS | 4439ms
2026-02-22 00:30:22 [INFO]    [PING OK] EE | VLESS | 4669ms
2026-02-22 00:30:22 [INFO]    [PING OK] ES | VLESS | 4737ms
2026-02-22 00:30:22 [INFO]    [PING OK] ES | VLESS | 5000ms
2026-02-22 00:30:23 [INFO]    [PING OK] DE | VLESS | 4632ms
2026-02-22 00:30:23 [INFO]    [PING OK] ES | VLESS | 4593ms
2026-02-22 00:30:24 [INFO]    [PING OK] TR | VLESS | 4768ms
2026-02-22 00:30:24 [INFO]    [PING OK] PL | VLESS | 4650ms
2026-02-22 00:30:25 [INFO]    [PING OK] PL | VLESS | 4703ms
2026-02-22 00:30:25 [INFO]    [PING OK] TR | VLESS | 4734ms
2026-02-22 00:30:26 [INFO]    [PING OK] TR | VLESS | 5270ms
2026-02-22 00:30:26 [INFO]    [PING OK] PL | VLESS | 5210ms
2026-02-22 00:30:26 [INFO]    [PING OK] TR | VLESS | 5154ms
2026-02-22 00:30:26 [INFO]    [PING OK] DE | VLESS | 5074ms
2026-02-22 00:30:26 [INFO]    [PING OK] IT | VLESS | 5009ms
2026-02-22 00:30:27 [INFO]    [PING OK] PL | VLESS | 5371ms
2026-02-22 00:30:27 [INFO]    [PING OK] PL | VLESS | 5677ms
2026-02-22 00:30:27 [INFO]    [PING OK] CA | VLESS | 6202ms
2026-02-22 00:30:27 [INFO]    [PING OK] NL | VLESS | 5224ms
2026-02-22 00:30:27 [INFO]    [PING OK] DE | VLESS | 5094ms
2026-02-22 00:30:28 [INFO]    [PING OK] PL | VLESS | 5662ms
2026-02-22 00:30:28 [INFO]    [PING OK] NL | VLESS | 5225ms
2026-02-22 00:30:28 [INFO]    [PING OK] CA | VLESS | 5365ms
2026-02-22 00:30:29 [INFO]    [PING OK] CA | VLESS | 5618ms
2026-02-22 00:30:29 [INFO]    [PING OK] CA | VLESS | 5627ms
2026-02-22 00:30:31 [INFO]    [PING OK] CA | VLESS | 5944ms
2026-02-22 00:30:33 [INFO]    [PING OK] CA | VLESS | 6474ms
2026-02-22 00:30:33 [INFO]    [PING OK] IN | VLESS | 6196ms
2026-02-22 00:30:34 [INFO]    [PING OK] CA | VLESS | 6383ms
2026-02-22 00:30:34 [INFO]    [PING OK] CA | VLESS | 6865ms
2026-02-22 00:30:34 [INFO]    [PING OK] DE | VLESS | 5589ms
2026-02-22 00:30:34 [INFO]    [PING OK] CA | VLESS | 5999ms
2026-02-22 00:30:34 [INFO]    [PING OK] CA | VLESS | 6137ms
2026-02-22 00:30:35 [INFO]    [PING OK] GB | VLESS | 5074ms
2026-02-22 00:30:35 [INFO]    [PING OK] CA | VLESS | 5350ms
2026-02-22 00:30:35 [INFO]    [PING OK] US | VLESS | 4795ms
2026-02-22 00:30:36 [INFO]    [PING OK] CA | VLESS | 4791ms
2026-02-22 00:30:36 [INFO]    [PING OK] DE | VLESS | 1882ms
2026-02-22 00:30:36 [INFO]    [PING OK] CA | VLESS | 3362ms
2026-02-22 00:30:36 [INFO]    [PING OK] CA | VLESS | 3789ms
2026-02-22 00:30:36 [INFO]    [PING OK] CA | VLESS | 2377ms
2026-02-22 00:30:36 [INFO]    [PING OK] CA | VLESS | 3083ms
2026-02-22 00:30:36 [INFO]    [PING OK] CA | VLESS | 3419ms
2026-02-22 00:30:37 [INFO]    [PING OK] CA | VLESS | 2951ms
2026-02-22 00:30:41 [INFO] 🏎️ ЭТАП 2: Глубокий замер скорости для 40 иностранных кандидатов...
2026-02-22 00:30:45 [INFO]    🏆 DE | VLESS | Пинг: 1882ms | Скорость: 5.83 Mbps ⚡⚡
2026-02-22 00:30:45 [INFO]    🏆 PL | VLESS | Пинг: 4305ms | Скорость: 5.66 Mbps ⚡⚡
2026-02-22 00:30:45 [INFO]    🏆 NL | VLESS | Пинг: 4396ms | Скорость: 5.9 Mbps ⚡⚡
2026-02-22 00:30:45 [INFO]    🏆 IT | VLESS | Пинг: 4403ms | Скорость: 5.64 Mbps ⚡⚡
2026-02-22 00:30:45 [INFO]    🏆 ES | VLESS | Пинг: 4331ms | Скорость: 5.5 Mbps ⚡⚡
2026-02-22 00:30:45 [INFO]    🏆 ES | VLESS | Пинг: 4167ms | Скорость: 5.31 Mbps ⚡⚡
2026-02-22 00:30:45 [INFO]    🏆 TR | VLESS | Пинг: 4248ms | Скорость: 5.19 Mbps ⚡⚡
2026-02-22 00:30:45 [INFO]    🏆 TR | VLESS | Пинг: 4439ms | Скорость: 5.47 Mbps ⚡⚡
2026-02-22 00:30:46 [INFO]    🏆 IT | VLESS | Пинг: 4442ms | Скорость: 5.06 Mbps ⚡⚡
2026-02-22 00:30:46 [INFO]    🏆 CA | VLESS | Пинг: 3083ms | Скорость: 4.68 Mbps ⚡⚡
2026-02-22 00:30:46 [INFO]    🏆 CA | VLESS | Пинг: 3789ms | Скорость: 4.56 Mbps ⚡⚡
2026-02-22 00:30:48 [INFO]    🏆 HU | VLESS | Пинг: 4453ms | Скорость: 6.45 Mbps ⚡⚡
2026-02-22 00:30:48 [INFO]    🏆 HU | VLESS | Пинг: 4468ms | Скорость: 6.82 Mbps ⚡⚡
2026-02-22 00:30:48 [INFO]    🏆 IT | VLESS | Пинг: 4448ms | Скорость: 6.1 Mbps ⚡⚡
2026-02-22 00:30:48 [INFO]    🏆 DE | VLESS | Пинг: 4491ms | Скорость: 6.92 Mbps ⚡⚡
2026-02-22 00:30:49 [INFO]    🏆 TR | VLESS | Пинг: 4498ms | Скорость: 6.76 Mbps ⚡⚡
2026-02-22 00:30:49 [INFO]    🏆 PL | VLESS | Пинг: 4526ms | Скорость: 6.65 Mbps ⚡⚡
2026-02-22 00:30:49 [INFO]    🏆 PL | VLESS | Пинг: 4578ms | Скорость: 6.51 Mbps ⚡⚡
2026-02-22 00:30:49 [INFO]    🏆 IT | VLESS | Пинг: 4601ms | Скорость: 6.09 Mbps ⚡⚡
2026-02-22 00:30:49 [INFO]    🏆 ES | VLESS | Пинг: 4593ms | Скорость: 6.01 Mbps ⚡⚡
2026-02-22 00:30:49 [INFO]    🏆 HU | VLESS | Пинг: 4603ms | Скорость: 6.02 Mbps ⚡⚡
2026-02-22 00:30:49 [INFO]    🏆 PL | VLESS | Пинг: 4650ms | Скорость: 5.99 Mbps ⚡⚡
2026-02-22 00:30:50 [INFO]    🏆 ES | VLESS | Пинг: 4655ms | Скорость: 6.22 Mbps ⚡⚡
2026-02-22 00:30:50 [INFO]    🏆 EE | VLESS | Пинг: 4669ms | Скорость: 6.43 Mbps ⚡⚡
2026-02-22 00:30:50 [INFO]    🏆 ES | VLESS | Пинг: 4653ms | Скорость: 6.01 Mbps ⚡⚡
2026-02-22 00:30:51 [INFO]    🏆 TR | VLESS | Пинг: 4734ms | Скорость: 8.17 Mbps ⚡⚡
2026-02-22 00:30:51 [INFO]    🏆 ES | VLESS | Пинг: 4737ms | Скорость: 13.0 Mbps ⚡⚡
2026-02-22 00:30:51 [INFO]    🏆 HU | VLESS | Пинг: 4746ms | Скорость: 14.39 Mbps ⚡⚡
2026-02-22 00:30:51 [INFO]    🏆 TR | VLESS | Пинг: 4696ms | Скорость: 7.01 Mbps ⚡⚡
2026-02-22 00:30:52 [INFO]    🏆 TR | VLESS | Пинг: 4768ms | Скорость: 9.52 Mbps ⚡⚡
2026-02-22 00:30:52 [INFO]    🏆 US | VLESS | Пинг: 4795ms | Скорость: 9.0 Mbps ⚡⚡
2026-02-22 00:30:54 [INFO]    🏆 PL | VLESS | Пинг: 4703ms | Скорость: 2.35 Mbps ⚡
2026-02-22 00:30:55 [INFO]    🏆 PL | VLESS | Пинг: 4735ms | Скорость: 1.68 Mbps ⚡
2026-02-22 00:30:56 [INFO]    🏆 PL | VLESS | Пинг: 4770ms | Скорость: 2.34 Mbps ⚡
2026-02-22 00:30:56 [INFO] 📊 Итого в подписке сохранено иностранных серверов: 10
2026-02-22 00:30:56 [INFO] 💾 Файл успешно сохранен: FL1PVPN
