2026-02-24 21:30:05 [INFO] 🚀 START: Smart Selector (Target: 10, ONLY FOREIGN)
2026-02-24 21:30:05 [INFO] 🌐 Загрузка источников (VLESS + VMess)...
2026-02-24 21:30:06 [INFO] 🔍 Уникальных конфигов собрано: 182
2026-02-24 21:30:06 [INFO] ⚡ ЭТАП 1: Замер Пинга и Геолокации. Workers: 40...
2026-02-24 21:30:12 [INFO]    [PING OK] DE | VLESS | 4614ms
2026-02-24 21:30:12 [INFO]    [PING OK] DE | VLESS | 4475ms
2026-02-24 21:30:12 [INFO]    [PING OK] PL | VLESS | 4611ms
2026-02-24 21:30:12 [INFO]    [PING OK] DE | VLESS | 4096ms
2026-02-24 21:30:12 [INFO]    [PING OK] DE | VLESS | 3964ms
2026-02-24 21:30:12 [INFO]    [PING OK] DE | VLESS | 3975ms
2026-02-24 21:30:13 [INFO]    [PING OK] PL | VLESS | 4076ms
2026-02-24 21:30:13 [INFO]    [PING OK] DE | VLESS | 4197ms
2026-02-24 21:30:14 [INFO]    [PING OK] ES | VLESS | 4321ms
2026-02-24 21:30:16 [INFO]    [PING OK] US | VLESS | 4638ms
2026-02-24 21:30:17 [INFO]    [PING OK] FI | VLESS | 5178ms
2026-02-24 21:30:17 [INFO]    [PING OK] ES | VLESS | 4632ms
2026-02-24 21:30:17 [INFO]    [PING OK] DE | VLESS | 4491ms
2026-02-24 21:30:17 [INFO]    [PING OK] DE | VLESS | 5090ms
2026-02-24 21:30:17 [INFO]    [PING OK] FI | VLESS | 4958ms
2026-02-24 21:30:17 [INFO]    [PING OK] IT | VLESS | 4945ms
2026-02-24 21:30:17 [INFO]    [PING OK] HU | VLESS | 4594ms
2026-02-24 21:30:18 [INFO]    [PING OK] HU | VLESS | 4778ms
2026-02-24 21:30:18 [INFO]    [PING OK] ES | VLESS | 4620ms
2026-02-24 21:30:18 [INFO]    [PING OK] US | VLESS | 4805ms
2026-02-24 21:30:18 [INFO]    [PING OK] PL | VLESS | 4569ms
2026-02-24 21:30:18 [INFO]    [PING OK] PL | VLESS | 4840ms
2026-02-24 21:30:18 [INFO]    [PING OK] PL | VLESS | 4632ms
2026-02-24 21:30:18 [INFO]    [PING OK] DE | VLESS | 4513ms
2026-02-24 21:30:18 [INFO]    [PING OK] ES | VLESS | 4362ms
2026-02-24 21:30:18 [INFO]    [PING OK] TR | VLESS | 5569ms
2026-02-24 21:30:20 [INFO]    [PING OK] DE | VLESS | 3876ms
2026-02-24 21:30:20 [INFO]    [PING OK] US | VLESS | 4000ms
2026-02-24 21:30:20 [INFO]    [PING OK] NL | VLESS | 4092ms
2026-02-24 21:30:21 [INFO]    [PING OK] CA | VLESS | 5572ms
2026-02-24 21:30:21 [INFO]    [PING OK] CA | VLESS | 6411ms
2026-02-24 21:30:21 [INFO]    [PING OK] RS | VLESS | 4232ms
2026-02-24 21:30:22 [INFO]    [PING OK] DE | VLESS | 4016ms
2026-02-24 21:30:22 [INFO]    [PING OK] LV | VLESS | 3395ms
2026-02-24 21:30:22 [INFO]    [PING OK] NL | VLESS | 3710ms
2026-02-24 21:30:23 [INFO]    [PING OK] DE | VLESS | 2990ms
2026-02-24 21:30:23 [INFO]    [PING OK] TR | VLESS | 5940ms
2026-02-24 21:30:23 [INFO]    [PING OK] SG | VLESS | 3405ms
2026-02-24 21:30:23 [INFO]    [PING OK] US | VLESS | 2832ms
2026-02-24 21:30:23 [INFO]    [PING OK] SE | VLESS | 2065ms
2026-02-24 21:30:24 [INFO]    [PING OK] LV | VLESS | 1563ms
2026-02-24 21:30:24 [INFO]    [PING OK] TR | VLESS | 1502ms
2026-02-24 21:30:24 [INFO]    [PING OK] NL | VLESS | 1764ms
2026-02-24 21:30:25 [INFO]    [PING OK] SG | VLESS | 677ms
2026-02-24 21:30:25 [INFO]    [PING OK] TW | VLESS | 2202ms
2026-02-24 21:30:27 [INFO]    [PING OK] CA | VLESS | 5255ms
2026-02-24 21:30:29 [INFO] 🏎️ ЭТАП 2: Глубокий замер скорости для 40 иностранных кандидатов...
2026-02-24 21:30:33 [INFO]    🏆 NL | VLESS | Пинг: 1764ms | Скорость: 5.11 Mbps ⚡⚡
2026-02-24 21:30:33 [INFO]    🏆 TR | VLESS | Пинг: 1502ms | Скорость: 5.05 Mbps ⚡⚡
2026-02-24 21:30:33 [INFO]    🏆 LV | VLESS | Пинг: 1563ms | Скорость: 4.99 Mbps ⚡⚡
2026-02-24 21:30:33 [INFO]    🏆 NL | VLESS | Пинг: 3710ms | Скорость: 5.18 Mbps ⚡⚡
2026-02-24 21:30:33 [INFO]    🏆 DE | VLESS | Пинг: 2990ms | Скорость: 5.19 Mbps ⚡⚡
2026-02-24 21:30:33 [INFO]    🏆 DE | VLESS | Пинг: 3876ms | Скорость: 5.25 Mbps ⚡⚡
2026-02-24 21:30:33 [INFO]    🏆 LV | VLESS | Пинг: 3395ms | Скорость: 5.15 Mbps ⚡⚡
2026-02-24 21:30:33 [INFO]    🏆 DE | VLESS | Пинг: 3975ms | Скорость: 5.17 Mbps ⚡⚡
2026-02-24 21:30:33 [INFO]    🏆 US | VLESS | Пинг: 2832ms | Скорость: 4.94 Mbps ⚡⚡
2026-02-24 21:30:33 [INFO]    🏆 SG | VLESS | Пинг: 677ms | Скорость: 4.86 Mbps ⚡⚡
2026-02-24 21:30:34 [INFO]    🏆 DE | VLESS | Пинг: 3964ms | Скорость: 4.9 Mbps ⚡⚡
2026-02-24 21:30:34 [INFO]    🏆 US | VLESS | Пинг: 4000ms | Скорость: 4.77 Mbps ⚡⚡
2026-02-24 21:30:34 [INFO]    🏆 SG | VLESS | Пинг: 3405ms | Скорость: 4.58 Mbps ⚡⚡
2026-02-24 21:30:36 [INFO]    🏆 TW | VLESS | Пинг: 2202ms | Скорость: 0.91 Mbps 
2026-02-24 21:30:37 [INFO]    🏆 DE | VLESS | Пинг: 4016ms | Скорость: 5.21 Mbps ⚡⚡
2026-02-24 21:30:37 [INFO]    🏆 NL | VLESS | Пинг: 4092ms | Скорость: 6.82 Mbps ⚡⚡
2026-02-24 21:30:37 [INFO]    🏆 DE | VLESS | Пинг: 4197ms | Скорость: 6.78 Mbps ⚡⚡
2026-02-24 21:30:37 [INFO]    🏆 ES | VLESS | Пинг: 4321ms | Скорость: 6.73 Mbps ⚡⚡
2026-02-24 21:30:37 [INFO]    🏆 DE | VLESS | Пинг: 4491ms | Скорость: 6.91 Mbps ⚡⚡
2026-02-24 21:30:37 [INFO]    🏆 ES | VLESS | Пинг: 4362ms | Скорость: 6.76 Mbps ⚡⚡
2026-02-24 21:30:37 [INFO]    🏆 RS | VLESS | Пинг: 4232ms | Скорость: 6.68 Mbps ⚡⚡
2026-02-24 21:30:37 [INFO]    🏆 DE | VLESS | Пинг: 4096ms | Скорость: 6.68 Mbps ⚡⚡
2026-02-24 21:30:38 [INFO]    🏆 PL | VLESS | Пинг: 4569ms | Скорость: 5.61 Mbps ⚡⚡
2026-02-24 21:30:38 [INFO]    🏆 PL | VLESS | Пинг: 4611ms | Скорость: 5.48 Mbps ⚡⚡
2026-02-24 21:30:39 [INFO]    🏆 DE | VLESS | Пинг: 4614ms | Скорость: 8.11 Mbps ⚡⚡
2026-02-24 21:30:39 [INFO]    🏆 DE | VLESS | Пинг: 4513ms | Скорость: 4.33 Mbps ⚡⚡
2026-02-24 21:30:39 [INFO]    🏆 ES | VLESS | Пинг: 4620ms | Скорость: 11.86 Mbps ⚡⚡
2026-02-24 21:30:40 [INFO]    🏆 HU | VLESS | Пинг: 4594ms | Скорость: 3.83 Mbps ⚡⚡
2026-02-24 21:30:40 [INFO]    🏆 PL | VLESS | Пинг: 4076ms | Скорость: 2.93 Mbps ⚡
2026-02-24 21:30:40 [INFO]    🏆 PL | VLESS | Пинг: 4632ms | Скорость: 7.57 Mbps ⚡⚡
2026-02-24 21:30:40 [INFO]    🏆 US | VLESS | Пинг: 4805ms | Скорость: 7.62 Mbps ⚡⚡
2026-02-24 21:30:40 [INFO]    🏆 US | VLESS | Пинг: 4638ms | Скорость: 7.51 Mbps ⚡⚡
2026-02-24 21:30:40 [INFO]    🏆 IT | VLESS | Пинг: 4945ms | Скорость: 7.6 Mbps ⚡⚡
2026-02-24 21:30:40 [INFO]    🏆 PL | VLESS | Пинг: 4840ms | Скорость: 7.56 Mbps ⚡⚡
2026-02-24 21:30:40 [INFO]    🏆 FI | VLESS | Пинг: 4958ms | Скорость: 8.64 Mbps ⚡⚡
2026-02-24 21:30:41 [INFO]    🏆 DE | VLESS | Пинг: 5090ms | Скорость: 11.0 Mbps ⚡⚡
2026-02-24 21:30:41 [INFO]    🏆 ES | VLESS | Пинг: 4632ms | Скорость: 6.66 Mbps ⚡⚡
2026-02-24 21:30:44 [INFO] 📊 Итого в подписке сохранено иностранных серверов: 10
2026-02-24 21:30:44 [INFO] 💾 Файл успешно сохранен: FL1PVPN
