2026-02-23 13:00:05 [INFO] 🚀 START: Smart Selector (Target: 10, ONLY FOREIGN)
2026-02-23 13:00:05 [INFO] 🌐 Загрузка источников (VLESS + VMess)...
2026-02-23 13:00:08 [INFO] 🔍 Уникальных конфигов собрано: 220
2026-02-23 13:00:08 [INFO] ⚡ ЭТАП 1: Замер Пинга и Геолокации. Workers: 40...
2026-02-23 13:00:14 [INFO]    [PING OK] HU | VLESS | 4979ms
2026-02-23 13:00:14 [INFO]    [PING OK] PL | VLESS | 3710ms
2026-02-23 13:00:14 [INFO]    [PING OK] ES | VLESS | 3746ms
2026-02-23 13:00:15 [INFO]    [PING OK] HU | VLESS | 3463ms
2026-02-23 13:00:17 [INFO]    [PING OK] ES | VLESS | 3340ms
2026-02-23 13:00:17 [INFO]    [PING OK] IT | VLESS | 3274ms
2026-02-23 13:00:17 [INFO]    [PING OK] PL | VLESS | 3309ms
2026-02-23 13:00:18 [INFO]    [PING OK] HU | VLESS | 3265ms
2026-02-23 13:00:18 [INFO]    [PING OK] PL | VLESS | 3468ms
2026-02-23 13:00:18 [INFO]    [PING OK] DE | VLESS | 7172ms
2026-02-23 13:00:18 [INFO]    [PING OK] FI | VLESS | 3313ms
2026-02-23 13:00:18 [INFO]    [PING OK] ES | VLESS | 3296ms
2026-02-23 13:00:18 [INFO]    [PING OK] ES | VLESS | 3382ms
2026-02-23 13:00:18 [INFO]    [PING OK] TR | VLESS | 3116ms
2026-02-23 13:00:18 [INFO]    [PING OK] TR | VLESS | 3397ms
2026-02-23 13:00:18 [INFO]    [PING OK] TR | VLESS | 3391ms
2026-02-23 13:00:19 [INFO]    [PING OK] DE | VLESS | 3778ms
2026-02-23 13:00:19 [INFO]    [PING OK] IT | VLESS | 3274ms
2026-02-23 13:00:19 [INFO]    [PING OK] PL | VLESS | 3297ms
2026-02-23 13:00:19 [INFO]    [PING OK] US | VLESS | 4401ms
2026-02-23 13:00:20 [INFO]    [PING OK] HU | VLESS | 3620ms
2026-02-23 13:00:20 [INFO]    [PING OK] ES | VLESS | 3400ms
2026-02-23 13:00:20 [INFO]    [PING OK] HU | VLESS | 3838ms
2026-02-23 13:00:20 [INFO]    [PING OK] ES | VLESS | 3696ms
2026-02-23 13:00:20 [INFO]    [PING OK] ES | VLESS | 4119ms
2026-02-23 13:00:20 [INFO]    [PING OK] PL | VLESS | 3548ms
2026-02-23 13:00:21 [INFO]    [PING OK] IT | VLESS | 3461ms
2026-02-23 13:00:21 [INFO]    [PING OK] ES | VLESS | 3751ms
2026-02-23 13:00:22 [INFO]    [PING OK] HU | VLESS | 4038ms
2026-02-23 13:00:22 [INFO]    [PING OK] PL | VLESS | 4092ms
2026-02-23 13:00:24 [INFO]    [PING OK] DE | VLESS | 4680ms
2026-02-23 13:00:24 [INFO]    [PING OK] EE | VLESS | 4737ms
2026-02-23 13:00:24 [INFO]    [PING OK] TR | VLESS | 4511ms
2026-02-23 13:00:25 [INFO]    [PING OK] SE | VLESS | 4643ms
2026-02-23 13:00:28 [INFO]    [PING OK] SE | VLESS | 5290ms
2026-02-23 13:00:30 [INFO]    [PING OK] DE | VLESS | 5617ms
2026-02-23 13:00:30 [INFO]    [PING OK] SE | VLESS | 4792ms
2026-02-23 13:00:30 [INFO]    [PING OK] DE | VLESS | 5160ms
2026-02-23 13:00:30 [INFO]    [PING OK] CA | VLESS | 5634ms
2026-02-23 13:00:30 [INFO]    [PING OK] DE | VLESS | 8253ms
2026-02-23 13:00:30 [INFO]    [PING OK] SE | VLESS | 5002ms
2026-02-23 13:00:31 [INFO]    [PING OK] CA | VLESS | 5939ms
2026-02-23 13:00:31 [INFO]    [PING OK] DE | VLESS | 6137ms
2026-02-23 13:00:31 [INFO]    [PING OK] SE | VLESS | 3814ms
2026-02-23 13:00:32 [INFO]    [PING OK] SE | VLESS | 2993ms
2026-02-23 13:00:32 [INFO]    [PING OK] DE | VLESS | 2561ms
2026-02-23 13:00:32 [INFO]    [PING OK] NL | VLESS | 2578ms
2026-02-23 13:00:32 [INFO]    [PING OK] SE | VLESS | 2140ms
2026-02-23 13:00:33 [INFO]    [PING OK] CA | VLESS | 3395ms
2026-02-23 13:00:33 [INFO]    [PING OK] CA | VLESS | 8414ms
2026-02-23 13:00:34 [INFO]    [PING OK] NL | VLESS | 5068ms
2026-02-23 13:00:36 [INFO]    [PING OK] US | VLESS | 6177ms
2026-02-23 13:00:37 [INFO] 🏎️ ЭТАП 2: Глубокий замер скорости для 40 иностранных кандидатов...
2026-02-23 13:00:41 [INFO]    🏆 IT | VLESS | Пинг: 3274ms | Скорость: 5.74 Mbps ⚡⚡
2026-02-23 13:00:41 [INFO]    🏆 PL | VLESS | Пинг: 3309ms | Скорость: 5.79 Mbps ⚡⚡
2026-02-23 13:00:41 [INFO]    🏆 IT | VLESS | Пинг: 3274ms | Скорость: 5.67 Mbps ⚡⚡
2026-02-23 13:00:41 [INFO]    🏆 HU | VLESS | Пинг: 3265ms | Скорость: 5.67 Mbps ⚡⚡
2026-02-23 13:00:41 [INFO]    🏆 PL | VLESS | Пинг: 3297ms | Скорость: 5.77 Mbps ⚡⚡
2026-02-23 13:00:41 [INFO]    🏆 ES | VLESS | Пинг: 3340ms | Скорость: 5.87 Mbps ⚡⚡
2026-02-23 13:00:41 [INFO]    🏆 ES | VLESS | Пинг: 3382ms | Скорость: 5.96 Mbps ⚡⚡
2026-02-23 13:00:41 [INFO]    🏆 TR | VLESS | Пинг: 3391ms | Скорость: 5.76 Mbps ⚡⚡
2026-02-23 13:00:41 [INFO]    🏆 SE | VLESS | Пинг: 2993ms | Скорость: 5.41 Mbps ⚡⚡
2026-02-23 13:00:41 [INFO]    🏆 NL | VLESS | Пинг: 2578ms | Скорость: 5.31 Mbps ⚡⚡
2026-02-23 13:00:41 [INFO]    🏆 ES | VLESS | Пинг: 3296ms | Скорость: 5.44 Mbps ⚡⚡
2026-02-23 13:00:42 [INFO]    🏆 FI | VLESS | Пинг: 3313ms | Скорость: 5.04 Mbps ⚡⚡
2026-02-23 13:00:43 [INFO]    🏆 TR | VLESS | Пинг: 3116ms | Скорость: 3.89 Mbps ⚡⚡
2026-02-23 13:00:45 [INFO]    🏆 PL | VLESS | Пинг: 3710ms | Скорость: 7.72 Mbps ⚡⚡
2026-02-23 13:00:45 [INFO]    🏆 ES | VLESS | Пинг: 3751ms | Скорость: 7.41 Mbps ⚡⚡
2026-02-23 13:00:45 [INFO]    🏆 IT | VLESS | Пинг: 3461ms | Скорость: 6.73 Mbps ⚡⚡
2026-02-23 13:00:45 [INFO]    🏆 ES | VLESS | Пинг: 3746ms | Скорость: 7.13 Mbps ⚡⚡
2026-02-23 13:00:45 [INFO]    🏆 ES | VLESS | Пинг: 3696ms | Скорость: 6.91 Mbps ⚡⚡
2026-02-23 13:00:45 [INFO]    🏆 HU | VLESS | Пинг: 3463ms | Скорость: 6.19 Mbps ⚡⚡
2026-02-23 13:00:45 [INFO]    🏆 SE | VLESS | Пинг: 3814ms | Скорость: 11.15 Mbps ⚡⚡
2026-02-23 13:00:47 [INFO]    🏆 HU | VLESS | Пинг: 3838ms | Скорость: 9.44 Mbps ⚡⚡
2026-02-23 13:00:47 [INFO]    🏆 PL | VLESS | Пинг: 3468ms | Скорость: 4.23 Mbps ⚡⚡
2026-02-23 13:00:47 [INFO]    🏆 PL | VLESS | Пинг: 4092ms | Скорость: 12.88 Mbps ⚡⚡
2026-02-23 13:00:48 [INFO]    🏆 SE | VLESS | Пинг: 4643ms | Скорость: 9.24 Mbps ⚡⚡
2026-02-23 13:00:48 [INFO]    🏆 DE | VLESS | Пинг: 4680ms | Скорость: 9.79 Mbps ⚡⚡
2026-02-23 13:00:48 [INFO]    🏆 PL | VLESS | Пинг: 3548ms | Скорость: 3.3 Mbps ⚡⚡
2026-02-23 13:00:48 [INFO]    🏆 TR | VLESS | Пинг: 4511ms | Скорость: 7.94 Mbps ⚡⚡
2026-02-23 13:00:49 [INFO]    🏆 HU | VLESS | Пинг: 3620ms | Скорость: 0.84 Mbps 
2026-02-23 13:00:49 [INFO]    🏆 HU | VLESS | Пинг: 4979ms | Скорость: 13.32 Mbps ⚡⚡
2026-02-23 13:00:51 [INFO]    🏆 HU | VLESS | Пинг: 4038ms | Скорость: 0.73 Mbps 
2026-02-23 13:00:51 [INFO]    🏆 EE | VLESS | Пинг: 4737ms | Скорость: 4.0 Mbps ⚡⚡
2026-02-23 13:00:52 [INFO]    🏆 ES | VLESS | Пинг: 4119ms | Скорость: 0.96 Mbps 
2026-02-23 13:00:52 [INFO] 📊 Итого в подписке сохранено иностранных серверов: 10
2026-02-23 13:00:52 [INFO] 💾 Файл успешно сохранен: FL1PVPN
