2026-02-24 07:50:06 [INFO] 🚀 START: Smart Selector (Target: 10, ONLY FOREIGN)
2026-02-24 07:50:06 [INFO] 🌐 Загрузка источников (VLESS + VMess)...
2026-02-24 07:50:06 [INFO] 🔍 Уникальных конфигов собрано: 220
2026-02-24 07:50:06 [INFO] ⚡ ЭТАП 1: Замер Пинга и Геолокации. Workers: 40...
2026-02-24 07:50:12 [INFO]    [PING OK] HU | VLESS | 4361ms
2026-02-24 07:50:12 [INFO]    [PING OK] TR | VLESS | 4806ms
2026-02-24 07:50:12 [INFO]    [PING OK] ES | VLESS | 4378ms
2026-02-24 07:50:12 [INFO]    [PING OK] DE | VLESS | 4369ms
2026-02-24 07:50:12 [INFO]    [PING OK] LV | VLESS | 4785ms
2026-02-24 07:50:12 [INFO]    [PING OK] HU | VLESS | 4889ms
2026-02-24 07:50:12 [INFO]    [PING OK] PL | VLESS | 4457ms
2026-02-24 07:50:13 [INFO]    [PING OK] FI | VLESS | 4936ms
2026-02-24 07:50:13 [INFO]    [PING OK] HU | VLESS | 4184ms
2026-02-24 07:50:13 [INFO]    [PING OK] NL | VLESS | 4012ms
2026-02-24 07:50:13 [INFO]    [PING OK] PL | VLESS | 3927ms
2026-02-24 07:50:13 [INFO]    [PING OK] HU | VLESS | 3983ms
2026-02-24 07:50:13 [INFO]    [PING OK] ES | VLESS | 4308ms
2026-02-24 07:50:14 [INFO]    [PING OK] IT | VLESS | 4110ms
2026-02-24 07:50:14 [INFO]    [PING OK] DE | VLESS | 4597ms
2026-02-24 07:50:14 [INFO]    [PING OK] PL | VLESS | 3666ms
2026-02-24 07:50:14 [INFO]    [PING OK] EE | VLESS | 3865ms
2026-02-24 07:50:16 [INFO]    [PING OK] HU | VLESS | 3591ms
2026-02-24 07:50:16 [INFO]    [PING OK] IT | VLESS | 3865ms
2026-02-24 07:50:16 [INFO]    [PING OK] TR | VLESS | 3841ms
2026-02-24 07:50:17 [INFO]    [PING OK] PL | VLESS | 4081ms
2026-02-24 07:50:17 [INFO]    [PING OK] IT | VLESS | 3965ms
2026-02-24 07:50:17 [INFO]    [PING OK] PL | VLESS | 4129ms
2026-02-24 07:50:17 [INFO]    [PING OK] HU | VLESS | 3748ms
2026-02-24 07:50:18 [INFO]    [PING OK] ES | VLESS | 3822ms
2026-02-24 07:50:18 [INFO]    [PING OK] DE | VLESS | 7558ms
2026-02-24 07:50:18 [INFO]    [PING OK] DE | VLESS | 3834ms
2026-02-24 07:50:19 [INFO]    [PING OK] PL | VLESS | 3515ms
2026-02-24 07:50:19 [INFO]    [PING OK] NL | VLESS | 5820ms
2026-02-24 07:50:20 [INFO]    [PING OK] ES | VLESS | 3781ms
2026-02-24 07:50:20 [INFO]    [PING OK] TR | VLESS | 3829ms
2026-02-24 07:50:21 [INFO]    [PING OK] NL | VLESS | 5994ms
2026-02-24 07:50:22 [INFO]    [PING OK] NL | VLESS | 5343ms
2026-02-24 07:50:23 [INFO]    [PING OK] TR | VLESS | 4773ms
2026-02-24 07:50:23 [INFO]    [PING OK] DE | VLESS | 4833ms
2026-02-24 07:50:23 [INFO]    [PING OK] CA | VLESS | 5129ms
2026-02-24 07:50:23 [INFO]    [PING OK] CA | VLESS | 5024ms
2026-02-24 07:50:24 [INFO]    [PING OK] DE | VLESS | 4613ms
2026-02-24 07:50:24 [INFO]    [PING OK] CA | VLESS | 4979ms
2026-02-24 07:50:24 [INFO]    [PING OK] NL | VLESS | 7240ms
2026-02-24 07:50:24 [INFO]    [PING OK] DE | VLESS | 5291ms
2026-02-24 07:50:24 [INFO]    [PING OK] LV | VLESS | 6913ms
2026-02-24 07:50:25 [INFO]    [PING OK] SG | VLESS | 5296ms
2026-02-24 07:50:26 [INFO]    [PING OK] CA | VLESS | 4796ms
2026-02-24 07:50:26 [INFO]    [PING OK] CA | VLESS | 5168ms
2026-02-24 07:50:27 [INFO]    [PING OK] DE | VLESS | 5236ms
2026-02-24 07:50:28 [INFO]    [PING OK] SE | VLESS | 4943ms
2026-02-24 07:50:28 [INFO]    [PING OK] SE | VLESS | 4866ms
2026-02-24 07:50:28 [INFO]    [PING OK] US | VLESS | 5095ms
2026-02-24 07:50:28 [INFO]    [PING OK] NO | VLESS | 5935ms
2026-02-24 07:50:28 [INFO]    [PING OK] DE | VLESS | 4766ms
2026-02-24 07:50:28 [INFO]    [PING OK] US | VLESS | 4744ms
2026-02-24 07:50:28 [INFO]    [PING OK] DE | VLESS | 4582ms
2026-02-24 07:50:28 [INFO]    [PING OK] CA | VLESS | 5236ms
2026-02-24 07:50:29 [INFO]    [PING OK] SE | VLESS | 2997ms
2026-02-24 07:50:29 [INFO]    [PING OK] TR | VLESS | 2889ms
2026-02-24 07:50:29 [INFO]    [PING OK] NL | VLESS | 2193ms
2026-02-24 07:50:29 [INFO]    [PING OK] CA | VLESS | 4385ms
2026-02-24 07:50:29 [INFO]    [PING OK] FI | VLESS | 2253ms
2026-02-24 07:50:29 [INFO]    [PING OK] DE | VLESS | 1927ms
2026-02-24 07:50:29 [INFO]    [PING OK] SE | VLESS | 3424ms
2026-02-24 07:50:29 [INFO]    [PING OK] SE | VLESS | 1760ms
2026-02-24 07:50:30 [INFO]    [PING OK] CA | VLESS | 2461ms
2026-02-24 07:50:30 [INFO]    [PING OK] SE | VLESS | 2567ms
2026-02-24 07:50:30 [INFO]    [PING OK] CA | VLESS | 3822ms
2026-02-24 07:50:31 [INFO]    [PING OK] CA | VLESS | 7660ms
2026-02-24 07:50:32 [INFO]    [PING OK] CA | VLESS | 9457ms
2026-02-24 07:50:34 [INFO]    [PING OK] TR | VLESS | 3118ms
2026-02-24 07:50:34 [INFO] 🏎️ ЭТАП 2: Глубокий замер скорости для 40 иностранных кандидатов...
2026-02-24 07:50:39 [INFO]    🏆 NL | VLESS | Пинг: 2193ms | Скорость: 5.5 Mbps ⚡⚡
2026-02-24 07:50:39 [INFO]    🏆 SE | VLESS | Пинг: 1760ms | Скорость: 5.46 Mbps ⚡⚡
2026-02-24 07:50:39 [INFO]    🏆 DE | VLESS | Пинг: 1927ms | Скорость: 5.45 Mbps ⚡⚡
2026-02-24 07:50:39 [INFO]    🏆 FI | VLESS | Пинг: 2253ms | Скорость: 5.45 Mbps ⚡⚡
2026-02-24 07:50:39 [INFO]    🏆 PL | VLESS | Пинг: 3666ms | Скорость: 5.71 Mbps ⚡⚡
2026-02-24 07:50:39 [INFO]    🏆 CA | VLESS | Пинг: 2461ms | Скорость: 5.41 Mbps ⚡⚡
2026-02-24 07:50:39 [INFO]    🏆 TR | VLESS | Пинг: 2889ms | Скорость: 5.46 Mbps ⚡⚡
2026-02-24 07:50:39 [INFO]    🏆 HU | VLESS | Пинг: 3591ms | Скорость: 5.59 Mbps ⚡⚡
2026-02-24 07:50:39 [INFO]    🏆 ES | VLESS | Пинг: 3781ms | Скорость: 5.69 Mbps ⚡⚡
2026-02-24 07:50:39 [INFO]    🏆 PL | VLESS | Пинг: 3515ms | Скорость: 5.48 Mbps ⚡⚡
2026-02-24 07:50:39 [INFO]    🏆 SE | VLESS | Пинг: 2567ms | Скорость: 5.13 Mbps ⚡⚡
2026-02-24 07:50:41 [INFO]    🏆 HU | VLESS | Пинг: 3748ms | Скорость: 0.74 Mbps 
2026-02-24 07:50:41 [INFO]    🏆 ES | VLESS | Пинг: 3822ms | Скорость: 10.74 Mbps ⚡⚡
2026-02-24 07:50:42 [INFO]    🏆 PL | VLESS | Пинг: 3927ms | Скорость: 7.12 Mbps ⚡⚡
2026-02-24 07:50:43 [INFO]    🏆 IT | VLESS | Пинг: 4110ms | Скорость: 7.11 Mbps ⚡⚡
2026-02-24 07:50:43 [INFO]    🏆 PL | VLESS | Пинг: 4129ms | Скорость: 7.2 Mbps ⚡⚡
2026-02-24 07:50:43 [INFO]    🏆 TR | VLESS | Пинг: 3829ms | Скорость: 6.39 Mbps ⚡⚡
2026-02-24 07:50:43 [INFO]    🏆 IT | VLESS | Пинг: 3965ms | Скорость: 6.6 Mbps ⚡⚡
2026-02-24 07:50:43 [INFO]    🏆 IT | VLESS | Пинг: 3865ms | Скорость: 6.57 Mbps ⚡⚡
2026-02-24 07:50:43 [INFO]    🏆 HU | VLESS | Пинг: 3983ms | Скорость: 6.61 Mbps ⚡⚡
2026-02-24 07:50:43 [INFO]    🏆 TR | VLESS | Пинг: 3841ms | Скорость: 6.39 Mbps ⚡⚡
2026-02-24 07:50:43 [INFO]    🏆 PL | VLESS | Пинг: 4081ms | Скорость: 6.83 Mbps ⚡⚡
2026-02-24 07:50:44 [INFO]    🏆 HU | VLESS | Пинг: 4184ms | Скорость: 8.01 Mbps ⚡⚡
2026-02-24 07:50:45 [INFO]    🏆 DE | VLESS | Пинг: 4369ms | Скорость: 12.36 Mbps ⚡⚡
2026-02-24 07:50:46 [INFO]    🏆 DE | VLESS | Пинг: 4582ms | Скорость: 8.27 Mbps ⚡⚡
2026-02-24 07:50:46 [INFO]    🏆 ES | VLESS | Пинг: 4378ms | Скорость: 7.97 Mbps ⚡⚡
2026-02-24 07:50:46 [INFO]    🏆 PL | VLESS | Пинг: 4457ms | Скорость: 8.12 Mbps ⚡⚡
2026-02-24 07:50:46 [INFO]    🏆 US | VLESS | Пинг: 4744ms | Скорость: 7.97 Mbps ⚡⚡
2026-02-24 07:50:49 [INFO]    🏆 HU | VLESS | Пинг: 4361ms | Скорость: 1.55 Mbps ⚡
2026-02-24 07:50:49 [INFO] 📊 Итого в подписке сохранено иностранных серверов: 10
2026-02-24 07:50:49 [INFO] 💾 Файл успешно сохранен: FL1PVPN
