2026-02-19 15:20:05 [INFO] 🚀 START: Smart VPN Selector (Target: 10, Strict Mode)
2026-02-19 15:20:05 [INFO] 🌐 Загрузка источников...
2026-02-19 15:20:09 [INFO] 🔍 Уникальных конфигов собрано: 1214
2026-02-19 15:20:09 [INFO] ⚡ ЭТАП 1: Быстрый замер Пинга (Workers: 25)...
2026-02-19 15:20:10 [INFO]    [PING OK] RU | 273ms
2026-02-19 15:20:10 [INFO]    [PING OK] TR | 277ms
2026-02-19 15:20:11 [INFO]    [PING OK] DE | 226ms
2026-02-19 15:20:11 [INFO]    [PING OK] RU | 1477ms
2026-02-19 15:20:13 [INFO]    [PING OK] RU | 2228ms
2026-02-19 15:20:14 [INFO]    [PING OK] RU | 4243ms
2026-02-19 15:20:16 [INFO]    [PING OK] DE | 135ms
2026-02-19 15:20:17 [INFO]    [PING OK] TR | 1142ms
2026-02-19 15:20:17 [INFO]    [PING OK] RU | 429ms
2026-02-19 15:20:18 [INFO]    [PING OK] TR | 187ms
2026-02-19 15:20:19 [INFO]    [PING OK] US | 1388ms
2026-02-19 15:20:19 [INFO]    [PING OK] DE | 274ms
2026-02-19 15:20:19 [INFO]    [PING OK] RU | 986ms
2026-02-19 15:20:21 [INFO]    [PING OK] DE | 307ms
2026-02-19 15:20:22 [INFO]    [PING OK] DE | 1678ms
2026-02-19 15:20:23 [INFO]    [PING OK] RU | 419ms
2026-02-19 15:20:24 [INFO]    [PING OK] RU | 406ms
2026-02-19 15:20:24 [INFO]    [PING OK] RU | 310ms
2026-02-19 15:20:24 [INFO]    [PING OK] RU | 759ms
2026-02-19 15:20:26 [INFO]    [PING OK] RU | 778ms
2026-02-19 15:20:26 [INFO]    [PING OK] RU | 640ms
2026-02-19 15:20:26 [INFO]    [PING OK] LT | 3317ms
2026-02-19 15:20:26 [INFO]    [PING OK] FR | 2627ms
2026-02-19 15:20:26 [INFO]    [PING OK] RU | 569ms
2026-02-19 15:20:27 [INFO]    [PING OK] RU | 2482ms
2026-02-19 15:20:27 [INFO]    [PING OK] RU | 296ms
2026-02-19 15:20:27 [INFO]    [PING OK] RU | 451ms
2026-02-19 15:20:27 [INFO]    [PING OK] RU | 457ms
2026-02-19 15:20:27 [INFO]    [PING OK] RU | 658ms
2026-02-19 15:20:27 [INFO]    [PING OK] RU | 200ms
2026-02-19 15:20:27 [INFO]    [PING OK] RU | 275ms
2026-02-19 15:20:28 [INFO]    [PING OK] RU | 441ms
2026-02-19 15:20:28 [INFO]    [PING OK] RU | 309ms
2026-02-19 15:20:28 [INFO]    [PING OK] RU | 580ms
2026-02-19 15:20:28 [INFO]    [PING OK] RU | 322ms
2026-02-19 15:20:29 [INFO]    [PING OK] RU | 266ms
2026-02-19 15:20:29 [INFO]    [PING OK] RU | 347ms
2026-02-19 15:20:29 [INFO]    [PING OK] RU | 345ms
2026-02-19 15:20:29 [INFO]    [PING OK] RU | 209ms
2026-02-19 15:20:29 [INFO]    [PING OK] RU | 397ms
2026-02-19 15:20:29 [INFO]    [PING OK] RU | 346ms
2026-02-19 15:20:29 [INFO]    [PING OK] RU | 1162ms
2026-02-19 15:20:29 [INFO]    [PING OK] RU | 4508ms
2026-02-19 15:20:30 [INFO]    [PING OK] RU | 236ms
2026-02-19 15:20:30 [INFO]    [PING OK] RU | 233ms
2026-02-19 15:20:30 [INFO]    [PING OK] RU | 204ms
2026-02-19 15:20:30 [INFO]    [PING OK] HU | 344ms
2026-02-19 15:20:30 [INFO]    [PING OK] RU | 290ms
2026-02-19 15:20:30 [INFO]    [PING OK] RU | 465ms
2026-02-19 15:20:30 [INFO]    [PING OK] RU | 247ms
2026-02-19 15:20:30 [INFO]    [PING OK] RU | 3097ms
2026-02-19 15:20:30 [INFO]    [PING OK] RU | 2335ms
2026-02-19 15:20:31 [INFO]    [PING OK] RU | 316ms
2026-02-19 15:20:31 [INFO]    [PING OK] RU | 873ms
2026-02-19 15:20:31 [INFO]    [PING OK] RU | 738ms
2026-02-19 15:20:31 [INFO]    [PING OK] RU | 371ms
2026-02-19 15:20:31 [INFO]    [PING OK] DE | 4479ms
2026-02-19 15:20:31 [INFO]    [PING OK] RU | 140ms
2026-02-19 15:20:32 [INFO]    [PING OK] RU | 679ms
2026-02-19 15:20:32 [INFO]    [PING OK] RU | 643ms
2026-02-19 15:20:32 [INFO]    [PING OK] RU | 2001ms
2026-02-19 15:20:32 [INFO]    [PING OK] RU | 1603ms
2026-02-19 15:20:32 [INFO]    [PING OK] RU | 666ms
2026-02-19 15:20:32 [INFO]    [PING OK] DE | 202ms
2026-02-19 15:20:32 [INFO]    [PING OK] RU | 2380ms
2026-02-19 15:20:32 [INFO]    [PING OK] RU | 959ms
2026-02-19 15:20:33 [INFO]    [PING OK] KH | 578ms
2026-02-19 15:20:33 [INFO]    [PING OK] FR | 140ms
2026-02-19 15:20:33 [INFO]    [PING OK] ES | 159ms
2026-02-19 15:20:33 [INFO]    [PING OK] RU | 4848ms
2026-02-19 15:20:33 [INFO]    [PING OK] RU | 1940ms
2026-02-19 15:20:33 [INFO]    [PING OK] US | 1050ms
2026-02-19 15:20:34 [INFO]    [PING OK] SG | 529ms
2026-02-19 15:20:34 [INFO]    [PING OK] RU | 4426ms
2026-02-19 15:20:34 [INFO]    [PING OK] RU | 66ms
2026-02-19 15:20:34 [INFO]    [PING OK] TR | 266ms
2026-02-19 15:20:34 [INFO]    [PING OK] US | 395ms
2026-02-19 15:20:34 [INFO]    [PING OK] MD | 163ms
2026-02-19 15:20:35 [INFO]    [PING OK] IL | 234ms
2026-02-19 15:20:36 [INFO]    [PING OK] SG | 573ms
2026-02-19 15:20:37 [INFO]    [PING OK] GB | 247ms
2026-02-19 15:20:37 [INFO]    [PING OK] HK | 2665ms
2026-02-19 15:20:37 [INFO]    [PING OK] CA | 3886ms
2026-02-19 15:20:38 [INFO]    [PING OK] US | 411ms
2026-02-19 15:20:38 [INFO]    [PING OK] US | 665ms
2026-02-19 15:20:38 [INFO]    [PING OK] CA | 355ms
2026-02-19 15:20:39 [INFO]    [PING OK] RU | 295ms
2026-02-19 15:20:39 [INFO]    [PING OK] GR | 178ms
2026-02-19 15:20:39 [INFO]    [PING OK] AT | 222ms
2026-02-19 15:20:39 [INFO]    [PING OK] GB | 180ms
2026-02-19 15:20:40 [INFO]    [PING OK] US | 592ms
2026-02-19 15:20:40 [INFO]    [PING OK] NL | 207ms
2026-02-19 15:20:40 [INFO]    [PING OK] GB | 1788ms
2026-02-19 15:20:40 [INFO]    [PING OK] DE | 126ms
2026-02-19 15:20:41 [INFO]    [PING OK] MX | 335ms
2026-02-19 15:20:41 [INFO]    [PING OK] LV | 375ms
2026-02-19 15:20:41 [INFO]    [PING OK] FR | 122ms
2026-02-19 15:20:41 [INFO]    [PING OK] US | 538ms
2026-02-19 15:20:41 [INFO]    [PING OK] TR | 1195ms
2026-02-19 15:20:41 [INFO]    [PING OK] FI | 147ms
2026-02-19 15:20:41 [INFO]    [PING OK] BG | 147ms
2026-02-19 15:20:42 [INFO]    [PING OK] US | 355ms
2026-02-19 15:20:42 [INFO]    [PING OK] HU | 331ms
2026-02-19 15:20:42 [INFO]    [PING OK] UZ | 267ms
2026-02-19 15:20:43 [INFO]    [PING OK] US | 643ms
2026-02-19 15:20:43 [INFO]    [PING OK] US | 391ms
2026-02-19 15:20:43 [INFO]    [PING OK] GB | 143ms
2026-02-19 15:20:44 [INFO]    [PING OK] US | 377ms
2026-02-19 15:20:44 [INFO]    [PING OK] SE | 123ms
2026-02-19 15:20:44 [INFO]    [PING OK] US | 385ms
2026-02-19 15:20:44 [INFO]    [PING OK] GB | 218ms
2026-02-19 15:20:45 [INFO]    [PING OK] FR | 184ms
2026-02-19 15:20:45 [INFO]    [PING OK] US | 430ms
2026-02-19 15:20:45 [INFO]    [PING OK] US | 391ms
2026-02-19 15:20:46 [INFO]    [PING OK] GB | 133ms
2026-02-19 15:20:46 [INFO]    [PING OK] US | 627ms
2026-02-19 15:20:55 [INFO]    [PING OK] US | 289ms
2026-02-19 15:20:55 [INFO]    [PING OK] SG | 652ms
2026-02-19 15:20:55 [INFO]    [PING OK] SG | 430ms
2026-02-19 15:20:57 [INFO]    [PING OK] BR | 558ms
2026-02-19 15:20:57 [INFO]    [PING OK] DE | 218ms
2026-02-19 15:20:58 [INFO]    [PING OK] GB | 152ms
2026-02-19 15:21:04 [INFO]    [PING OK] FR | 141ms
2026-02-19 15:21:04 [INFO]    [PING OK] GB | 163ms
2026-02-19 15:21:06 [INFO]    [PING OK] FR | 141ms
2026-02-19 15:21:06 [INFO]    [PING OK] DE | 122ms
2026-02-19 15:21:10 [INFO]    [PING OK] JP | 1074ms
2026-02-19 15:21:11 [INFO]    [PING OK] GB | 183ms
2026-02-19 15:21:13 [INFO]    [PING OK] SG | 3311ms
2026-02-19 15:21:14 [INFO]    [PING OK] DE | 2384ms
2026-02-19 15:21:17 [INFO]    [PING OK] GB | 1251ms
2026-02-19 15:21:23 [INFO]    [PING OK] GB | 175ms
2026-02-19 15:21:23 [INFO]    [PING OK] GB | 150ms
2026-02-19 15:21:24 [INFO]    [PING OK] GB | 191ms
2026-02-19 15:21:25 [INFO]    [PING OK] SE | 150ms
2026-02-19 15:21:26 [INFO]    [PING OK] GB | 262ms
2026-02-19 15:21:27 [INFO]    [PING OK] DE | 2654ms
2026-02-19 15:21:27 [INFO]    [PING OK] DE | 3146ms
2026-02-19 15:21:27 [INFO]    [PING OK] GB | 153ms
2026-02-19 15:21:28 [INFO]    [PING OK] GB | 141ms
2026-02-19 15:21:28 [INFO]    [PING OK] GB | 112ms
2026-02-19 15:21:28 [INFO]    [PING OK] DE | 4969ms
2026-02-19 15:21:28 [INFO]    [PING OK] GB | 124ms
2026-02-19 15:21:29 [INFO]    [PING OK] TR | 240ms
2026-02-19 15:21:29 [INFO]    [PING OK] DE | 507ms
2026-02-19 15:21:29 [INFO]    [PING OK] ES | 161ms
2026-02-19 15:21:29 [INFO]    [PING OK] RU | 645ms
2026-02-19 15:21:30 [INFO]    [PING OK] MD | 194ms
2026-02-19 15:21:32 [INFO]    [PING OK] JP | 921ms
2026-02-19 15:21:32 [INFO]    [PING OK] GB | 1232ms
2026-02-19 15:21:33 [INFO]    [PING OK] SG | 640ms
2026-02-19 15:21:34 [INFO]    [PING OK] GB | 560ms
2026-02-19 15:21:34 [INFO]    [PING OK] GB | 344ms
2026-02-19 15:21:34 [INFO]    [PING OK] GB | 150ms
2026-02-19 15:21:34 [INFO]    [PING OK] GB | 425ms
2026-02-19 15:21:38 [INFO]    [PING OK] RU | 1771ms
2026-02-19 15:21:38 [INFO]    [PING OK] RU | 3349ms
2026-02-19 15:21:39 [INFO]    [PING OK] US | 568ms
2026-02-19 15:21:42 [INFO]    [PING OK] DE | 1689ms
2026-02-19 15:21:43 [INFO]    [PING OK] RU | 329ms
2026-02-19 15:21:45 [INFO]    [PING OK] RU | 125ms
2026-02-19 15:21:47 [INFO]    [PING OK] NL | 308ms
2026-02-19 15:21:48 [INFO]    [PING OK] RU | 116ms
2026-02-19 15:21:52 [INFO]    [PING OK] FI | 271ms
2026-02-19 15:22:01 [INFO] 🏎️ ЭТАП 2: Глубокий замер скорости для ТОП-10 серверов...
2026-02-19 15:22:05 [INFO]    🏆 GB | Пинг: 112ms | Скорость: 7.39 Mbps ⚡⚡
2026-02-19 15:22:05 [INFO]    🏆 FR | Пинг: 122ms | Скорость: 7.47 Mbps ⚡⚡
2026-02-19 15:22:05 [INFO]    🏆 DE | Пинг: 122ms | Скорость: 7.28 Mbps ⚡⚡
2026-02-19 15:22:05 [INFO]    🏆 SE | Пинг: 123ms | Скорость: 0.0 Mbps 
2026-02-19 15:22:05 [INFO]    🏆 GB | Пинг: 124ms | Скорость: 7.54 Mbps ⚡⚡
2026-02-19 15:22:05 [INFO]    🏆 DE | Пинг: 126ms | Скорость: 7.52 Mbps ⚡⚡
2026-02-19 15:22:05 [INFO]    🏆 GB | Пинг: 133ms | Скорость: 7.5 Mbps ⚡⚡
2026-02-19 15:22:05 [INFO]    🏆 DE | Пинг: 135ms | Скорость: 7.6 Mbps ⚡⚡
2026-02-19 15:22:05 [INFO]    🏆 FR | Пинг: 140ms | Скорость: 7.73 Mbps ⚡⚡
2026-02-19 15:22:05 [INFO]    🏆 RU | Пинг: 66ms | Скорость: 7.92 Mbps ⚡⚡
2026-02-19 15:22:05 [INFO] 🇷🇺 Добавлен RU сервер: 212.192.14.234
2026-02-19 15:22:05 [INFO] 📊 Итого в подписке сохранено: 10 серверов
2026-02-19 15:22:05 [INFO] 💾 Файл успешно сохранен: FL1PVPN
