2026-02-25 01:00:05 [INFO] 🚀 START: Smart Selector (Target: 10, ONLY FOREIGN)
2026-02-25 01:00:05 [INFO] 🌐 Загрузка источников (VLESS + VMess)...
2026-02-25 01:00:05 [INFO] 🔍 Уникальных конфигов собрано: 191
2026-02-25 01:00:05 [INFO] ⚡ ЭТАП 1: Замер Пинга и Геолокации. Workers: 40...
2026-02-25 01:00:10 [INFO]    [PING OK] ES | VLESS | 3598ms
2026-02-25 01:00:10 [INFO]    [PING OK] DE | VLESS | 3953ms
2026-02-25 01:00:10 [INFO]    [PING OK] US | VLESS | 3927ms
2026-02-25 01:00:10 [INFO]    [PING OK] US | VLESS | 3813ms
2026-02-25 01:00:10 [INFO]    [PING OK] FI | VLESS | 3948ms
2026-02-25 01:00:11 [INFO]    [PING OK] US | VLESS | 3774ms
2026-02-25 01:00:11 [INFO]    [PING OK] ES | VLESS | 3304ms
2026-02-25 01:00:11 [INFO]    [PING OK] DE | VLESS | 3539ms
2026-02-25 01:00:11 [INFO]    [PING OK] DE | VLESS | 3936ms
2026-02-25 01:00:11 [INFO]    [PING OK] NL | VLESS | 3406ms
2026-02-25 01:00:11 [INFO]    [PING OK] NL | VLESS | 2771ms
2026-02-25 01:00:11 [INFO]    [PING OK] ES | VLESS | 2981ms
2026-02-25 01:00:11 [INFO]    [PING OK] DE | VLESS | 2988ms
2026-02-25 01:00:11 [INFO]    [PING OK] CA | VLESS | 4311ms
2026-02-25 01:00:13 [INFO]    [PING OK] FI | VLESS | 6387ms
2026-02-25 01:00:15 [INFO]    [PING OK] ES | VLESS | 3531ms
2026-02-25 01:00:15 [INFO]    [PING OK] NL | VLESS | 3511ms
2026-02-25 01:00:15 [INFO]    [PING OK] NL | VLESS | 3385ms
2026-02-25 01:00:15 [INFO]    [PING OK] ES | VLESS | 3519ms
2026-02-25 01:00:15 [INFO]    [PING OK] FI | VLESS | 3239ms
2026-02-25 01:00:15 [INFO]    [PING OK] DE | VLESS | 3519ms
2026-02-25 01:00:15 [INFO]    [PING OK] FI | VLESS | 3771ms
2026-02-25 01:00:15 [INFO]    [PING OK] FI | VLESS | 3430ms
2026-02-25 01:00:15 [INFO]    [PING OK] NL | VLESS | 3569ms
2026-02-25 01:00:15 [INFO]    [PING OK] FI | VLESS | 3608ms
2026-02-25 01:00:15 [INFO]    [PING OK] FI | VLESS | 3198ms
2026-02-25 01:00:15 [INFO]    [PING OK] ES | VLESS | 3570ms
2026-02-25 01:00:16 [INFO]    [PING OK] DE | VLESS | 3358ms
2026-02-25 01:00:16 [INFO]    [PING OK] DE | VLESS | 2829ms
2026-02-25 01:00:16 [INFO]    [PING OK] ES | VLESS | 3265ms
2026-02-25 01:00:16 [INFO]    [PING OK] DE | VLESS | 3164ms
2026-02-25 01:00:16 [INFO]    [PING OK] NL | VLESS | 3157ms
2026-02-25 01:00:17 [INFO]    [PING OK] DE | VLESS | 3194ms
2026-02-25 01:00:19 [INFO]    [PING OK] NL | VLESS | 3317ms
2026-02-25 01:00:19 [INFO]    [PING OK] FI | VLESS | 4009ms
2026-02-25 01:00:19 [INFO]    [PING OK] FR | VLESS | 3587ms
2026-02-25 01:00:19 [INFO]    [PING OK] FI | VLESS | 3686ms
2026-02-25 01:00:19 [INFO]    [PING OK] US | VLESS | 3977ms
2026-02-25 01:00:20 [INFO]    [PING OK] DE | VLESS | 3570ms
2026-02-25 01:00:20 [INFO]    [PING OK] NL | VLESS | 3480ms
2026-02-25 01:00:20 [INFO]    [PING OK] NL | VLESS | 3506ms
2026-02-25 01:00:20 [INFO]    [PING OK] DE | VLESS | 7834ms
2026-02-25 01:00:20 [INFO]    [PING OK] US | VLESS | 3560ms
2026-02-25 01:00:20 [INFO]    [PING OK] DE | VLESS | 3625ms
2026-02-25 01:00:21 [INFO]    [PING OK] FI | VLESS | 5481ms
2026-02-25 01:00:21 [INFO]    [PING OK] US | VLESS | 3736ms
2026-02-25 01:00:21 [INFO]    [PING OK] FI | VLESS | 3441ms
2026-02-25 01:00:21 [INFO]    [PING OK] US | VLESS | 3520ms
2026-02-25 01:00:21 [INFO]    [PING OK] EE | VLESS | 3697ms
2026-02-25 01:00:24 [INFO]    [PING OK] LV | VLESS | 3517ms
2026-02-25 01:00:24 [INFO]    [PING OK] DE | VLESS | 3438ms
2026-02-25 01:00:24 [INFO]    [PING OK] TR | VLESS | 3541ms
2026-02-25 01:00:24 [INFO]    [PING OK] CA | VLESS | 4197ms
2026-02-25 01:00:24 [INFO]    [PING OK] NL | VLESS | 2848ms
2026-02-25 01:00:24 [INFO]    [PING OK] DE | VLESS | 2880ms
2026-02-25 01:00:24 [INFO]    [PING OK] DE | VLESS | 2728ms
2026-02-25 01:00:25 [INFO]    [PING OK] DE | VLESS | 1694ms
2026-02-25 01:00:25 [INFO]    [PING OK] CA | VLESS | 4730ms
2026-02-25 01:00:25 [INFO]    [PING OK] CA | VLESS | 4626ms
2026-02-25 01:00:25 [INFO]    [PING OK] LV | VLESS | 1368ms
2026-02-25 01:00:26 [INFO]    [PING OK] US | VLESS | 1301ms
2026-02-25 01:00:26 [INFO]    [PING OK] CA | VLESS | 3751ms
2026-02-25 01:00:26 [INFO]    [PING OK] NL | VLESS | 981ms
2026-02-25 01:00:26 [INFO]    [PING OK] TW | VLESS | 2191ms
2026-02-25 01:00:27 [INFO]    [PING OK] CA | VLESS | 6369ms
2026-02-25 01:00:27 [INFO]    [PING OK] NL | VLESS | 295ms
2026-02-25 01:00:28 [INFO]    [PING OK] CA | VLESS | 5090ms
2026-02-25 01:00:28 [INFO]    [PING OK] CA | VLESS | 2999ms
2026-02-25 01:00:28 [INFO]    [PING OK] CA | VLESS | 3334ms
2026-02-25 01:00:28 [INFO]    [PING OK] CA | VLESS | 3691ms
2026-02-25 01:00:31 [INFO]    [PING OK] SG | VLESS | 725ms
2026-02-25 01:00:31 [INFO] 🏎️ ЭТАП 2: Глубокий замер скорости для 40 иностранных кандидатов...
2026-02-25 01:00:35 [INFO]    🏆 NL | VLESS | Пинг: 2848ms | Скорость: 6.33 Mbps ⚡⚡
2026-02-25 01:00:36 [INFO]    🏆 DE | VLESS | Пинг: 2728ms | Скорость: 6.19 Mbps ⚡⚡
2026-02-25 01:00:36 [INFO]    🏆 DE | VLESS | Пинг: 1694ms | Скорость: 6.05 Mbps ⚡⚡
2026-02-25 01:00:36 [INFO]    🏆 NL | VLESS | Пинг: 295ms | Скорость: 5.72 Mbps ⚡⚡
2026-02-25 01:00:36 [INFO]    🏆 NL | VLESS | Пинг: 2771ms | Скорость: 6.11 Mbps ⚡⚡
2026-02-25 01:00:36 [INFO]    🏆 NL | VLESS | Пинг: 981ms | Скорость: 5.75 Mbps ⚡⚡
2026-02-25 01:00:36 [INFO]    🏆 DE | VLESS | Пинг: 2988ms | Скорость: 6.16 Mbps ⚡⚡
2026-02-25 01:00:36 [INFO]    🏆 DE | VLESS | Пинг: 2829ms | Скорость: 5.95 Mbps ⚡⚡
2026-02-25 01:00:36 [INFO]    🏆 DE | VLESS | Пинг: 2880ms | Скорость: 5.87 Mbps ⚡⚡
2026-02-25 01:00:36 [INFO]    🏆 SG | VLESS | Пинг: 725ms | Скорость: 5.44 Mbps ⚡⚡
2026-02-25 01:00:36 [INFO]    🏆 ES | VLESS | Пинг: 2981ms | Скорость: 5.98 Mbps ⚡⚡
2026-02-25 01:00:37 [INFO]    🏆 CA | VLESS | Пинг: 2999ms | Скорость: 4.41 Mbps ⚡⚡
2026-02-25 01:00:38 [INFO]    🏆 TW | VLESS | Пинг: 2191ms | Скорость: 3.62 Mbps ⚡⚡
2026-02-25 01:00:38 [INFO]    🏆 US | VLESS | Пинг: 1301ms | Скорость: 2.88 Mbps ⚡
2026-02-25 01:00:40 [INFO]    🏆 NL | VLESS | Пинг: 3157ms | Скорость: 6.11 Mbps ⚡⚡
2026-02-25 01:00:40 [INFO]    🏆 NL | VLESS | Пинг: 3406ms | Скорость: 6.38 Mbps ⚡⚡
2026-02-25 01:00:40 [INFO]    🏆 NL | VLESS | Пинг: 3317ms | Скорость: 6.22 Mbps ⚡⚡
2026-02-25 01:00:40 [INFO]    🏆 FI | VLESS | Пинг: 3239ms | Скорость: 6.0 Mbps ⚡⚡
2026-02-25 01:00:40 [INFO]    🏆 ES | VLESS | Пинг: 3265ms | Скорость: 5.92 Mbps ⚡⚡
2026-02-25 01:00:40 [INFO]    🏆 DE | VLESS | Пинг: 3358ms | Скорость: 6.28 Mbps ⚡⚡
2026-02-25 01:00:40 [INFO]    🏆 DE | VLESS | Пинг: 3164ms | Скорость: 5.88 Mbps ⚡⚡
2026-02-25 01:00:40 [INFO]    🏆 ES | VLESS | Пинг: 3304ms | Скорость: 5.87 Mbps ⚡⚡
2026-02-25 01:00:40 [INFO]    🏆 NL | VLESS | Пинг: 3385ms | Скорость: 5.99 Mbps ⚡⚡
2026-02-25 01:00:41 [INFO]    🏆 FI | VLESS | Пинг: 3430ms | Скорость: 6.55 Mbps ⚡⚡
2026-02-25 01:00:41 [INFO]    🏆 FI | VLESS | Пинг: 3198ms | Скорость: 4.26 Mbps ⚡⚡
2026-02-25 01:00:42 [INFO]    🏆 DE | VLESS | Пинг: 3438ms | Скорость: 6.35 Mbps ⚡⚡
2026-02-25 01:00:42 [INFO]    🏆 FI | VLESS | Пинг: 3441ms | Скорость: 7.1 Mbps ⚡⚡
2026-02-25 01:00:42 [INFO]    🏆 NL | VLESS | Пинг: 3480ms | Скорость: 9.26 Mbps ⚡⚡
2026-02-25 01:00:43 [INFO]    🏆 LV | VLESS | Пинг: 3517ms | Скорость: 8.07 Mbps ⚡⚡
2026-02-25 01:00:43 [INFO]    🏆 DE | VLESS | Пинг: 3519ms | Скорость: 7.74 Mbps ⚡⚡
2026-02-25 01:00:43 [INFO]    🏆 NL | VLESS | Пинг: 3506ms | Скорость: 7.6 Mbps ⚡⚡
2026-02-25 01:00:43 [INFO]    🏆 DE | VLESS | Пинг: 3539ms | Скорость: 7.8 Mbps ⚡⚡
2026-02-25 01:00:43 [INFO]    🏆 ES | VLESS | Пинг: 3519ms | Скорость: 7.6 Mbps ⚡⚡
2026-02-25 01:00:43 [INFO]    🏆 ES | VLESS | Пинг: 3531ms | Скорость: 7.72 Mbps ⚡⚡
2026-02-25 01:00:43 [INFO]    🏆 NL | VLESS | Пинг: 3511ms | Скорость: 7.4 Mbps ⚡⚡
2026-02-25 01:00:43 [INFO]    🏆 TR | VLESS | Пинг: 3541ms | Скорость: 7.69 Mbps ⚡⚡
2026-02-25 01:00:44 [INFO]    🏆 US | VLESS | Пинг: 3520ms | Скорость: 6.65 Mbps ⚡⚡
2026-02-25 01:00:44 [INFO] 📊 Итого в подписке сохранено иностранных серверов: 10
2026-02-25 01:00:44 [INFO] 💾 Файл успешно сохранен: FL1PVPN
