2026-02-17 19:50:05 [INFO] 🚀 START: Smart VLESS Selector (Target: 10, Strict Mode)
2026-02-17 19:50:05 [INFO] 🌐 Загрузка источников...
2026-02-17 19:50:07 [INFO] 🔍 Уникальных конфигов собрано: 253
2026-02-17 19:50:07 [INFO] ⚡ ЭТАП 1: Быстрый замер Пинга (Workers: 25)...
2026-02-17 19:50:08 [INFO]    [PING OK] DE | 171ms
2026-02-17 19:50:12 [INFO]    [PING OK] AU | 140ms
2026-02-17 19:50:16 [INFO]    [PING OK] DE | 158ms
2026-02-17 19:50:17 [INFO]    [PING OK] RU | 133ms
2026-02-17 19:50:17 [INFO]    [PING OK] RU | 313ms
2026-02-17 19:50:17 [INFO]    [PING OK] RU | 323ms
2026-02-17 19:50:17 [INFO]    [PING OK] RU | 456ms
2026-02-17 19:50:17 [INFO]    [PING OK] RU | 345ms
2026-02-17 19:50:17 [INFO]    [PING OK] RU | 982ms
2026-02-17 19:50:17 [INFO]    [PING OK] RU | 355ms
2026-02-17 19:50:17 [INFO]    [PING OK] RU | 220ms
2026-02-17 19:50:18 [INFO]    [PING OK] RU | 286ms
2026-02-17 19:50:18 [INFO]    [PING OK] RU | 673ms
2026-02-17 19:50:18 [INFO]    [PING OK] RU | 209ms
2026-02-17 19:50:18 [INFO]    [PING OK] RU | 557ms
2026-02-17 19:50:18 [INFO]    [PING OK] RU | 505ms
2026-02-17 19:50:18 [INFO]    [PING OK] RU | 310ms
2026-02-17 19:50:19 [INFO]    [PING OK] RU | 599ms
2026-02-17 19:50:19 [INFO]    [PING OK] RU | 498ms
2026-02-17 19:50:19 [INFO]    [PING OK] RU | 195ms
2026-02-17 19:50:19 [INFO]    [PING OK] RU | 246ms
2026-02-17 19:50:19 [INFO]    [PING OK] RU | 306ms
2026-02-17 19:50:19 [INFO]    [PING OK] RU | 440ms
2026-02-17 19:50:19 [INFO]    [PING OK] RU | 169ms
2026-02-17 19:50:19 [INFO]    [PING OK] RU | 275ms
2026-02-17 19:50:19 [INFO]    [PING OK] RU | 405ms
2026-02-17 19:50:20 [INFO]    [PING OK] RU | 1383ms
2026-02-17 19:50:20 [INFO]    [PING OK] RU | 351ms
2026-02-17 19:50:20 [INFO]    [PING OK] RU | 297ms
2026-02-17 19:50:20 [INFO]    [PING OK] RU | 262ms
2026-02-17 19:50:20 [INFO]    [PING OK] RU | 365ms
2026-02-17 19:50:20 [INFO]    [PING OK] RU | 284ms
2026-02-17 19:50:20 [INFO]    [PING OK] RU | 4069ms
2026-02-17 19:50:20 [INFO]    [PING OK] RU | 312ms
2026-02-17 19:50:21 [INFO]    [PING OK] RU | 594ms
2026-02-17 19:50:21 [INFO]    [PING OK] RU | 303ms
2026-02-17 19:50:21 [INFO]    [PING OK] RU | 514ms
2026-02-17 19:50:21 [INFO]    [PING OK] RU | 341ms
2026-02-17 19:50:21 [INFO]    [PING OK] RU | 290ms
2026-02-17 19:50:21 [INFO]    [PING OK] RU | 761ms
2026-02-17 19:50:21 [INFO]    [PING OK] RU | 302ms
2026-02-17 19:50:21 [INFO]    [PING OK] RU | 585ms
2026-02-17 19:50:21 [INFO]    [PING OK] RU | 323ms
2026-02-17 19:50:21 [INFO]    [PING OK] RU | 1348ms
2026-02-17 19:50:22 [INFO]    [PING OK] RU | 776ms
2026-02-17 19:50:22 [INFO]    [PING OK] RU | 1155ms
2026-02-17 19:50:22 [INFO]    [PING OK] RU | 240ms
2026-02-17 19:50:22 [INFO]    [PING OK] RU | 187ms
2026-02-17 19:50:22 [INFO]    [PING OK] RU | 1117ms
2026-02-17 19:50:23 [INFO]    [PING OK] RU | 3180ms
2026-02-17 19:50:23 [INFO]    [PING OK] FI | 241ms
2026-02-17 19:50:23 [INFO]    [PING OK] RU | 1774ms
2026-02-17 19:50:23 [INFO]    [PING OK] RU | 1842ms
2026-02-17 19:50:24 [INFO]    [PING OK] RU | 2211ms
2026-02-17 19:50:25 [INFO]    [PING OK] RU | 2807ms
2026-02-17 19:50:26 [INFO]    [PING OK] RU | 4012ms
2026-02-17 19:50:27 [INFO]    [PING OK] US | 3526ms
2026-02-17 19:50:27 [INFO]    [PING OK] PL | 495ms
2026-02-17 19:50:29 [INFO]    [PING OK] PL | 315ms
2026-02-17 19:50:30 [INFO]    [PING OK] PL | 129ms
2026-02-17 19:50:33 [INFO]    [PING OK] PL | 425ms
2026-02-17 19:50:35 [INFO]    [PING OK] US | 448ms
2026-02-17 19:50:35 [INFO]    [PING OK] AT | 232ms
2026-02-17 19:50:37 [INFO]    [PING OK] MD | 245ms
2026-02-17 19:50:38 [INFO]    [PING OK] LV | 475ms
2026-02-17 19:50:41 [INFO] 🏎️ ЭТАП 2: Глубокий замер скорости для ТОП-10 серверов...
2026-02-17 19:50:48 [INFO]    🏆 PL | Пинг: 129ms | Скорость: 8.45 Mbps ⚡⚡
2026-02-17 19:50:48 [INFO]    🏆 AU | Пинг: 140ms | Скорость: 0.0 Mbps 
2026-02-17 19:50:48 [INFO]    🏆 DE | Пинг: 158ms | Скорость: 8.5 Mbps ⚡⚡
2026-02-17 19:50:48 [INFO]    🏆 DE | Пинг: 171ms | Скорость: 7.84 Mbps ⚡⚡
2026-02-17 19:50:48 [INFO]    🏆 AT | Пинг: 232ms | Скорость: 0.0 Mbps 
2026-02-17 19:50:48 [INFO]    🏆 FI | Пинг: 241ms | Скорость: 8.49 Mbps ⚡⚡
2026-02-17 19:50:48 [INFO]    🏆 MD | Пинг: 245ms | Скорость: 1.8 Mbps ⚡
2026-02-17 19:50:48 [INFO]    🏆 PL | Пинг: 315ms | Скорость: 8.86 Mbps ⚡⚡
2026-02-17 19:50:48 [INFO]    🏆 PL | Пинг: 425ms | Скорость: 8.9 Mbps ⚡⚡
2026-02-17 19:50:48 [INFO]    🏆 RU | Пинг: 133ms | Скорость: 4.72 Mbps ⚡⚡
2026-02-17 19:50:48 [INFO] 🇷🇺 Добавлен RU сервер: 84.252.130.60
2026-02-17 19:50:48 [INFO] 📊 Итого в подписке сохранено: 10 серверов
2026-02-17 19:50:48 [INFO] 💾 Файл успешно сохранен: FL1PVPN
