2026-02-21 13:00:06 [INFO] 🚀 START: Smart Selector (Target: 10, Strict Mode, Hybrid Protocol)
2026-02-21 13:00:06 [INFO] 🌐 Загрузка источников (VLESS + VMess)...
2026-02-21 13:00:15 [INFO] 🔍 Уникальных конфигов собрано: 3599
2026-02-21 13:00:15 [INFO] ⚡ ЭТАП 1: Быстрый замер Пинга (Workers: 40)...
2026-02-21 13:00:19 [INFO]    [PING OK] GB | VLESS | 1744ms
2026-02-21 13:00:19 [INFO]    [PING OK] DE | VLESS | 638ms
2026-02-21 13:00:19 [INFO]    [PING OK] SC | VLESS | 2969ms
2026-02-21 13:00:19 [INFO]    [PING OK] GB | VLESS | 2254ms
2026-02-21 13:00:19 [INFO]    [PING OK] RU | VLESS | 410ms
2026-02-21 13:00:19 [INFO]    [PING OK] LV | VLESS | 308ms
2026-02-21 13:00:22 [INFO]    [PING OK] RU | VLESS | 147ms
2026-02-21 13:00:24 [INFO]    [PING OK] US | VLESS | 1680ms
2026-02-21 13:00:25 [INFO]    [PING OK] CH | VLESS | 246ms
2026-02-21 13:00:26 [INFO]    [PING OK] FR | VLESS | 832ms
2026-02-21 13:00:27 [INFO]    [PING OK] RU | VLESS | 2420ms
2026-02-21 13:00:28 [INFO]    [PING OK] RU | VLESS | 141ms
2026-02-21 13:00:29 [INFO]    [PING OK] RU | VLESS | 525ms
2026-02-21 13:00:29 [INFO]    [PING OK] RU | VLESS | 956ms
2026-02-21 13:00:29 [INFO]    [PING OK] RU | VLESS | 455ms
2026-02-21 13:00:29 [INFO]    [PING OK] RU | VLESS | 157ms
2026-02-21 13:00:30 [INFO]    [PING OK] RU | VLESS | 1197ms
2026-02-21 13:00:30 [INFO]    [PING OK] RU | VLESS | 1846ms
2026-02-21 13:00:30 [INFO]    [PING OK] RU | VLESS | 2293ms
2026-02-21 13:00:30 [INFO]    [PING OK] RU | VLESS | 852ms
2026-02-21 13:00:30 [INFO]    [PING OK] RU | VLESS | 2542ms
2026-02-21 13:00:30 [INFO]    [PING OK] RU | VLESS | 292ms
2026-02-21 13:00:30 [INFO]    [PING OK] RU | VLESS | 915ms
2026-02-21 13:00:30 [INFO]    [PING OK] RU | VLESS | 448ms
2026-02-21 13:00:31 [INFO]    [PING OK] RU | VLESS | 1479ms
2026-02-21 13:00:31 [INFO]    [PING OK] RU | VLESS | 496ms
2026-02-21 13:00:31 [INFO]    [PING OK] RU | VLESS | 250ms
2026-02-21 13:00:31 [INFO]    [PING OK] RU | VLESS | 382ms
2026-02-21 13:00:31 [INFO]    [PING OK] RU | VLESS | 159ms
2026-02-21 13:00:31 [INFO]    [PING OK] RU | VLESS | 295ms
2026-02-21 13:00:32 [INFO]    [PING OK] RU | VLESS | 1215ms
2026-02-21 13:00:32 [INFO]    [PING OK] RU | VLESS | 387ms
2026-02-21 13:00:32 [INFO]    [PING OK] RU | VLESS | 733ms
2026-02-21 13:00:32 [INFO]    [PING OK] RU | VLESS | 3613ms
2026-02-21 13:00:32 [INFO]    [PING OK] RU | VLESS | 3748ms
2026-02-21 13:00:32 [INFO]    [PING OK] RU | VLESS | 478ms
2026-02-21 13:00:32 [INFO]    [PING OK] RU | VLESS | 2353ms
2026-02-21 13:00:33 [INFO]    [PING OK] RU | VLESS | 206ms
2026-02-21 13:00:33 [INFO]    [PING OK] RU | VLESS | 312ms
2026-02-21 13:00:33 [INFO]    [PING OK] RU | VLESS | 1534ms
2026-02-21 13:00:33 [INFO]    [PING OK] RU | VLESS | 324ms
2026-02-21 13:00:33 [INFO]    [PING OK] RU | VLESS | 809ms
2026-02-21 13:00:33 [INFO]    [PING OK] RU | VLESS | 195ms
2026-02-21 13:00:34 [INFO]    [PING OK] EE | VLESS | 1668ms
2026-02-21 13:00:34 [INFO]    [PING OK] RU | VLESS | 3173ms
2026-02-21 13:00:34 [INFO]    [PING OK] RU | VLESS | 296ms
2026-02-21 13:00:34 [INFO]    [PING OK] RU | VLESS | 826ms
2026-02-21 13:00:34 [INFO]    [PING OK] RU | VLESS | 4268ms
2026-02-21 13:00:34 [INFO]    [PING OK] RU | VLESS | 356ms
2026-02-21 13:00:34 [INFO]    [PING OK] RU | VLESS | 1036ms
2026-02-21 13:00:34 [INFO]    [PING OK] RU | VLESS | 2369ms
2026-02-21 13:00:35 [INFO]    [PING OK] RU | VLESS | 1427ms
2026-02-21 13:00:35 [INFO]    [PING OK] RU | VLESS | 85ms
2026-02-21 13:00:35 [INFO]    [PING OK] RU | VLESS | 888ms
2026-02-21 13:00:35 [INFO]    [PING OK] RU | VLESS | 189ms
2026-02-21 13:00:35 [INFO]    [PING OK] RU | VLESS | 4375ms
2026-02-21 13:00:35 [INFO]    [PING OK] RU | VLESS | 119ms
2026-02-21 13:00:35 [INFO]    [PING OK] RU | VLESS | 1017ms
2026-02-21 13:00:36 [INFO]    [PING OK] RU | VLESS | 1436ms
2026-02-21 13:00:36 [INFO]    [PING OK] RU | VLESS | 92ms
2026-02-21 13:00:37 [INFO]    [PING OK] RU | VLESS | 1158ms
2026-02-21 13:00:37 [INFO]    [PING OK] RU | VLESS | 272ms
2026-02-21 13:00:37 [INFO]    [PING OK] RU | VLESS | 688ms
2026-02-21 13:00:37 [INFO]    [PING OK] RU | VLESS | 362ms
2026-02-21 13:00:38 [INFO]    [PING OK] EE | VLESS | 2454ms
2026-02-21 13:00:38 [INFO]    [PING OK] RU | VLESS | 2211ms
2026-02-21 13:00:39 [INFO]    [PING OK] DE | VLESS | 1620ms
2026-02-21 13:00:39 [INFO]    [PING OK] RU | VLESS | 185ms
2026-02-21 13:00:39 [INFO]    [PING OK] RU | VLESS | 142ms
2026-02-21 13:00:39 [INFO]    [PING OK] RU | VLESS | 114ms
2026-02-21 13:00:39 [INFO]    [PING OK] RU | VLESS | 332ms
2026-02-21 13:00:39 [INFO]    [PING OK] RU | VLESS | 157ms
2026-02-21 13:00:39 [INFO]    [PING OK] MD | VLESS | 168ms
2026-02-21 13:00:40 [INFO]    [PING OK] TR | VLESS | 428ms
2026-02-21 13:00:40 [INFO]    [PING OK] JP | VLESS | 415ms
2026-02-21 13:00:40 [INFO]    [PING OK] CY | VLESS | 261ms
2026-02-21 13:00:40 [INFO]    [PING OK] SE | VLESS | 341ms
2026-02-21 13:00:40 [INFO]    [PING OK] CA | VMESS | 691ms
2026-02-21 13:00:41 [INFO]    [PING OK] PL | VLESS | 2100ms
2026-02-21 13:00:41 [INFO]    [PING OK] RU | VLESS | 4234ms
2026-02-21 13:00:41 [INFO]    [PING OK] GB | VLESS | 1120ms
2026-02-21 13:00:41 [INFO]    [PING OK] HK | VLESS | 1411ms
2026-02-21 13:00:41 [INFO]    [PING OK] DE | VLESS | 179ms
2026-02-21 13:00:42 [INFO]    [PING OK] FI | VLESS | 208ms
2026-02-21 13:00:42 [INFO]    [PING OK] AE | VLESS | 797ms
2026-02-21 13:00:43 [INFO]    [PING OK] DE | VLESS | 420ms
2026-02-21 13:00:43 [INFO]    [PING OK] DE | VLESS | 163ms
2026-02-21 13:00:43 [INFO]    [PING OK] DE | VLESS | 2385ms
2026-02-21 13:00:43 [INFO]    [PING OK] US | VLESS | 618ms
2026-02-21 13:00:43 [INFO]    [PING OK] UZ | VLESS | 475ms
2026-02-21 13:00:44 [INFO]    [PING OK] FI | VLESS | 199ms
2026-02-21 13:00:44 [INFO]    [PING OK] NL | VLESS | 213ms
2026-02-21 13:00:44 [INFO]    [PING OK] DE | VLESS | 218ms
2026-02-21 13:00:44 [INFO]    [PING OK] US | VLESS | 453ms
2026-02-21 13:00:45 [INFO]    [PING OK] US | VLESS | 658ms
2026-02-21 13:00:45 [INFO]    [PING OK] AT | VLESS | 229ms
2026-02-21 13:00:45 [INFO]    [PING OK] CA | VLESS | 298ms
2026-02-21 13:00:45 [INFO]    [PING OK] NL | VLESS | 242ms
2026-02-21 13:00:45 [INFO]    [PING OK] FR | VMESS | 156ms
2026-02-21 13:00:45 [INFO]    [PING OK] AU | VLESS | 675ms
2026-02-21 13:00:46 [INFO]    [PING OK] RU | VMESS | 141ms
2026-02-21 13:00:46 [INFO]    [PING OK] CY | VLESS | 387ms
2026-02-21 13:00:46 [INFO]    [PING OK] US | VLESS | 625ms
2026-02-21 13:00:46 [INFO]    [PING OK] US | VLESS | 785ms
2026-02-21 13:00:46 [INFO]    [PING OK] US | VLESS | 546ms
2026-02-21 13:00:46 [INFO]    [PING OK] TW | VMESS | 595ms
2026-02-21 13:00:46 [INFO]    [PING OK] US | VLESS | 669ms
2026-02-21 13:00:47 [INFO]    [PING OK] IT | VLESS | 736ms
2026-02-21 13:00:50 [INFO]    [PING OK] DE | VLESS | 165ms
2026-02-21 13:00:51 [INFO]    [PING OK] DE | VLESS | 161ms
2026-02-21 13:00:52 [INFO]    [PING OK] FR | VLESS | 180ms
2026-02-21 13:00:52 [INFO]    [PING OK] DE | VLESS | 150ms
2026-02-21 13:00:53 [INFO]    [PING OK] DE | VLESS | 144ms
2026-02-21 13:00:53 [INFO]    [PING OK] DE | VLESS | 121ms
2026-02-21 13:00:53 [INFO]    [PING OK] DE | VLESS | 99ms
2026-02-21 13:00:56 [INFO]    [PING OK] TR | VMESS | 2533ms
2026-02-21 13:00:57 [INFO]    [PING OK] DE | VLESS | 125ms
2026-02-21 13:00:58 [INFO]    [PING OK] IR | VLESS | 4103ms
2026-02-21 13:00:59 [INFO]    [PING OK] DE | VLESS | 106ms
2026-02-21 13:01:00 [INFO]    [PING OK] DE | VLESS | 130ms
2026-02-21 13:01:00 [INFO]    [PING OK] HK | VMESS | 3104ms
2026-02-21 13:01:01 [INFO]    [PING OK] DE | VLESS | 119ms
2026-02-21 13:01:03 [INFO]    [PING OK] DE | VLESS | 122ms
2026-02-21 13:01:03 [INFO]    [PING OK] FR | VLESS | 765ms
2026-02-21 13:01:03 [INFO]    [PING OK] DE | VLESS | 117ms
2026-02-21 13:01:03 [INFO]    [PING OK] US | VLESS | 450ms
2026-02-21 13:01:04 [INFO]    [PING OK] DE | VLESS | 110ms
2026-02-21 13:01:05 [INFO]    [PING OK] DE | VLESS | 159ms
2026-02-21 13:01:05 [INFO]    [PING OK] DE | VLESS | 109ms
2026-02-21 13:01:06 [INFO]    [PING OK] DE | VLESS | 733ms
2026-02-21 13:01:07 [INFO]    [PING OK] DE | VLESS | 141ms
2026-02-21 13:01:08 [INFO]    [PING OK] DE | VLESS | 122ms
2026-02-21 13:01:08 [INFO]    [PING OK] RU | VLESS | 334ms
2026-02-21 13:01:08 [INFO]    [PING OK] RU | VLESS | 297ms
2026-02-21 13:01:09 [INFO]    [PING OK] RU | VLESS | 89ms
2026-02-21 13:01:10 [INFO]    [PING OK] SG | VLESS | 1098ms
2026-02-21 13:01:10 [INFO]    [PING OK] FR | VLESS | 1078ms
2026-02-21 13:01:10 [INFO]    [PING OK] RU | VLESS | 217ms
2026-02-21 13:01:10 [INFO]    [PING OK] SE | VLESS | 93ms
2026-02-21 13:01:11 [INFO]    [PING OK] DE | VLESS | 210ms
2026-02-21 13:01:14 [INFO]    [PING OK] SC | VLESS | 4529ms
2026-02-21 13:01:14 [INFO]    [PING OK] NO | VLESS | 168ms
2026-02-21 13:01:17 [INFO]    [PING OK] RU | VLESS | 350ms
2026-02-21 13:01:17 [INFO]    [PING OK] US | VMESS | 367ms
2026-02-21 13:01:18 [INFO]    [PING OK] TR | VLESS | 267ms
2026-02-21 13:01:20 [INFO]    [PING OK] RU | VLESS | 536ms
2026-02-21 13:01:20 [INFO]    [PING OK] KR | VMESS | 697ms
2026-02-21 13:01:20 [INFO]    [PING OK] GB | VMESS | 1635ms
2026-02-21 13:01:20 [INFO]    [PING OK] NL | VLESS | 708ms
2026-02-21 13:01:22 [INFO]    [PING OK] DE | VLESS | 2350ms
2026-02-21 13:01:24 [INFO]    [PING OK] RU | VLESS | 143ms
2026-02-21 13:01:24 [INFO]    [PING OK] RU | VLESS | 1518ms
2026-02-21 13:01:26 [INFO]    [PING OK] FI | VLESS | 1690ms
2026-02-21 13:01:30 [INFO]    [PING OK] HU | VLESS | 599ms
2026-02-21 13:01:31 [INFO]    [PING OK] CY | VLESS | 394ms
2026-02-21 13:01:31 [INFO]    [PING OK] NL | VLESS | 205ms
2026-02-21 13:01:34 [INFO]    [PING OK] BR | VLESS | 1477ms
2026-02-21 13:01:34 [INFO]    [PING OK] GB | VLESS | 221ms
2026-02-21 13:01:35 [INFO]    [PING OK] PL | VLESS | 951ms
2026-02-21 13:01:36 [INFO]    [PING OK] IT | VLESS | 263ms
2026-02-21 13:01:37 [INFO]    [PING OK] FR | VLESS | 648ms
2026-02-21 13:01:37 [INFO]    [PING OK] NL | VLESS | 219ms
2026-02-21 13:01:37 [INFO]    [PING OK] CY | VLESS | 377ms
2026-02-21 13:01:38 [INFO]    [PING OK] FR | VLESS | 1025ms
2026-02-21 13:01:40 [INFO]    [PING OK] NL | VLESS | 898ms
2026-02-21 13:01:41 [INFO]    [PING OK] AT | VLESS | 276ms
2026-02-21 13:01:46 [INFO]    [PING OK] RU | VLESS | 205ms
2026-02-21 13:01:49 [INFO]    [PING OK] NL | VLESS | 3238ms
2026-02-21 13:01:50 [INFO]    [PING OK] NL | VLESS | 268ms
2026-02-21 13:01:51 [INFO]    [PING OK] US | VLESS | 417ms
2026-02-21 13:01:51 [INFO]    [PING OK] AT | VLESS | 229ms
2026-02-21 13:01:52 [INFO]    [PING OK] NL | VLESS | 883ms
2026-02-21 13:01:55 [INFO]    [PING OK] IS | VLESS | 1156ms
2026-02-21 13:01:58 [INFO]    [PING OK] RU | VLESS | 294ms
2026-02-21 13:01:58 [INFO]    [PING OK] AT | VLESS | 236ms
2026-02-21 13:02:02 [INFO]    [PING OK] NL | VLESS | 1450ms
2026-02-21 13:02:02 [INFO]    [PING OK] AU | VLESS | 113ms
2026-02-21 13:02:02 [INFO]    [PING OK] US | VLESS | 4257ms
2026-02-21 13:02:02 [INFO]    [PING OK] FR | VLESS | 278ms
2026-02-21 13:02:04 [INFO]    [PING OK] US | VLESS | 645ms
2026-02-21 13:02:05 [INFO]    [PING OK] DE | VLESS | 1080ms
2026-02-21 13:02:08 [INFO]    [PING OK] NL | VLESS | 4305ms
2026-02-21 13:02:10 [INFO]    [PING OK] NL | VLESS | 411ms
2026-02-21 13:02:10 [INFO]    [PING OK] FR | VLESS | 213ms
2026-02-21 13:02:10 [INFO]    [PING OK] FR | VLESS | 789ms
2026-02-21 13:02:12 [INFO]    [PING OK] US | VLESS | 628ms
2026-02-21 13:02:13 [INFO]    [PING OK] US | VLESS | 603ms
2026-02-21 13:02:16 [INFO]    [PING OK] NL | VLESS | 875ms
2026-02-21 13:02:16 [INFO]    [PING OK] BR | VLESS | 827ms
2026-02-21 13:02:17 [INFO]    [PING OK] IQ | VLESS | 186ms
2026-02-21 13:02:17 [INFO]    [PING OK] FI | VLESS | 188ms
2026-02-21 13:02:18 [INFO]    [PING OK] NL | VLESS | 4946ms
2026-02-21 13:02:19 [INFO]    [PING OK] US | VLESS | 433ms
2026-02-21 13:02:22 [INFO]    [PING OK] IS | VLESS | 782ms
2026-02-21 13:02:25 [INFO]    [PING OK] NL | VLESS | 204ms
2026-02-21 13:02:27 [INFO]    [PING OK] MD | VLESS | 680ms
2026-02-21 13:02:27 [INFO]    [PING OK] DE | VLESS | 263ms
2026-02-21 13:02:31 [INFO]    [PING OK] GB | VLESS | 195ms
2026-02-21 13:02:32 [INFO]    [PING OK] BG | VLESS | 271ms
2026-02-21 13:02:33 [INFO]    [PING OK] NL | VLESS | 191ms
2026-02-21 13:02:34 [INFO]    [PING OK] FI | VLESS | 236ms
2026-02-21 13:02:39 [INFO]    [PING OK] FR | VLESS | 1182ms
2026-02-21 13:02:39 [INFO]    [PING OK] FR | VLESS | 184ms
2026-02-21 13:02:39 [INFO]    [PING OK] FI | VLESS | 199ms
2026-02-21 13:02:41 [INFO]    [PING OK] US | VLESS | 525ms
2026-02-21 13:02:44 [INFO]    [PING OK] GB | VLESS | 128ms
2026-02-21 13:02:44 [INFO]    [PING OK] CY | VLESS | 1423ms
2026-02-21 13:02:45 [INFO]    [PING OK] NL | VLESS | 177ms
2026-02-21 13:02:46 [INFO]    [PING OK] GB | VLESS | 837ms
2026-02-21 13:02:47 [INFO]    [PING OK] LV | VLESS | 454ms
2026-02-21 13:02:48 [INFO]    [PING OK] DE | VLESS | 161ms
2026-02-21 13:02:49 [INFO]    [PING OK] DE | VLESS | 266ms
2026-02-21 13:02:50 [INFO]    [PING OK] DE | VLESS | 250ms
2026-02-21 13:02:52 [INFO]    [PING OK] FR | VLESS | 229ms
2026-02-21 13:02:57 [INFO]    [PING OK] US | VLESS | 1811ms
2026-02-21 13:02:59 [INFO]    [PING OK] US | VLESS | 440ms
2026-02-21 13:03:00 [INFO]    [PING OK] US | VLESS | 378ms
2026-02-21 13:03:08 [INFO]    [PING OK] FR | VLESS | 234ms
2026-02-21 13:03:08 [INFO]    [PING OK] CA | VLESS | 424ms
2026-02-21 13:03:09 [INFO]    [PING OK] CH | VLESS | 672ms
2026-02-21 13:03:15 [INFO]    [PING OK] TR | VLESS | 4905ms
2026-02-21 13:03:15 [INFO]    [PING OK] RU | VLESS | 534ms
2026-02-21 13:03:19 [INFO]    [PING OK] NZ | VLESS | 2670ms
2026-02-21 13:03:21 [INFO]    [PING OK] US | VLESS | 623ms
2026-02-21 13:03:26 [INFO]    [PING OK] KR | VLESS | 4900ms
2026-02-21 13:03:27 [INFO]    [PING OK] CY | VLESS | 1177ms
2026-02-21 13:03:28 [INFO]    [PING OK] US | VLESS | 1241ms
2026-02-21 13:03:29 [INFO]    [PING OK] FR | VLESS | 188ms
2026-02-21 13:03:34 [INFO]    [PING OK] DE | VLESS | 503ms
2026-02-21 13:03:35 [INFO]    [PING OK] FR | VLESS | 758ms
2026-02-21 13:03:35 [INFO]    [PING OK] FR | VLESS | 357ms
2026-02-21 13:03:53 [INFO] 🏎️ ЭТАП 2: Глубокий замер скорости для 40 кандидатов...
2026-02-21 13:03:56 [INFO]    🏆 SE | VLESS | Пинг: 93ms | Скорость: 7.46 Mbps ⚡⚡
2026-02-21 13:03:56 [INFO]    🏆 RU | VLESS | Пинг: 114ms | Скорость: 7.53 Mbps ⚡⚡
2026-02-21 13:03:57 [INFO]    🏆 RU | VLESS | Пинг: 85ms | Скорость: 7.03 Mbps ⚡⚡
2026-02-21 13:03:57 [INFO]    🏆 DE | VLESS | Пинг: 99ms | Скорость: 7.12 Mbps ⚡⚡
2026-02-21 13:03:57 [INFO]    🏆 AU | VLESS | Пинг: 113ms | Скорость: 7.48 Mbps ⚡⚡
2026-02-21 13:03:57 [INFO]    🏆 DE | VLESS | Пинг: 117ms | Скорость: 7.73 Mbps ⚡⚡
2026-02-21 13:03:57 [INFO]    🏆 DE | VLESS | Пинг: 119ms | Скорость: 7.78 Mbps ⚡⚡
2026-02-21 13:03:57 [INFO]    🏆 DE | VLESS | Пинг: 106ms | Скорость: 7.21 Mbps ⚡⚡
2026-02-21 13:03:57 [INFO]    🏆 DE | VLESS | Пинг: 110ms | Скорость: 7.27 Mbps ⚡⚡
2026-02-21 13:03:57 [INFO]    🏆 DE | VLESS | Пинг: 121ms | Скорость: 8.1 Mbps ⚡⚡
2026-02-21 13:03:57 [INFO]    🏆 RU | VLESS | Пинг: 92ms | Скорость: 6.34 Mbps ⚡⚡
2026-02-21 13:03:59 [INFO]    🏆 RU | VLESS | Пинг: 89ms | Скорость: 4.15 Mbps ⚡⚡
2026-02-21 13:03:59 [INFO]    🏆 DE | VLESS | Пинг: 122ms | Скорость: 10.77 Mbps ⚡⚡
2026-02-21 13:04:00 [INFO]    🏆 DE | VLESS | Пинг: 125ms | Скорость: 7.93 Mbps ⚡⚡
2026-02-21 13:04:00 [INFO]    🏆 DE | VLESS | Пинг: 141ms | Скорость: 7.79 Mbps ⚡⚡
2026-02-21 13:04:00 [INFO]    🏆 DE | VLESS | Пинг: 130ms | Скорость: 7.62 Mbps ⚡⚡
2026-02-21 13:04:00 [INFO]    🏆 DE | VLESS | Пинг: 161ms | Скорость: 7.75 Mbps ⚡⚡
2026-02-21 13:04:00 [INFO]    🏆 DE | VLESS | Пинг: 144ms | Скорость: 7.57 Mbps ⚡⚡
2026-02-21 13:04:00 [INFO]    🏆 DE | VLESS | Пинг: 159ms | Скорость: 7.41 Mbps ⚡⚡
2026-02-21 13:04:00 [INFO]    🏆 FR | VMESS | Пинг: 156ms | Скорость: 7.42 Mbps ⚡⚡
2026-02-21 13:04:00 [INFO]    🏆 DE | VLESS | Пинг: 161ms | Скорость: 7.98 Mbps ⚡⚡
2026-02-21 13:04:00 [INFO]    🏆 DE | VLESS | Пинг: 163ms | Скорость: 7.62 Mbps ⚡⚡
2026-02-21 13:04:00 [INFO]    🏆 MD | VLESS | Пинг: 168ms | Скорость: 8.84 Mbps ⚡⚡
2026-02-21 13:04:01 [INFO]    🏆 NO | VLESS | Пинг: 168ms | Скорость: 9.16 Mbps ⚡⚡
2026-02-21 13:04:02 [INFO]    🏆 FR | VLESS | Пинг: 180ms | Скорость: 14.06 Mbps ⚡⚡
2026-02-21 13:04:02 [INFO]    🏆 FI | VLESS | Пинг: 188ms | Скорость: 14.49 Mbps ⚡⚡
2026-02-21 13:04:02 [INFO]    🏆 NL | VLESS | Пинг: 191ms | Скорость: 13.09 Mbps ⚡⚡
2026-02-21 13:04:02 [INFO]    🏆 FI | VLESS | Пинг: 199ms | Скорость: 12.41 Mbps ⚡⚡
2026-02-21 13:04:04 [INFO]    🏆 FR | VLESS | Пинг: 184ms | Скорость: 6.89 Mbps ⚡⚡
2026-02-21 13:04:04 [INFO]    🏆 FR | VLESS | Пинг: 188ms | Скорость: 6.93 Mbps ⚡⚡
2026-02-21 13:04:04 [INFO]    🏆 GB | VLESS | Пинг: 195ms | Скорость: 6.7 Mbps ⚡⚡
2026-02-21 13:04:06 [INFO]    🏆 DE | VLESS | Пинг: 179ms | Скорость: 3.56 Mbps ⚡⚡
2026-02-21 13:04:07 [INFO]    🏆 IQ | VLESS | Пинг: 186ms | Скорость: 1.84 Mbps ⚡
2026-02-21 13:04:07 [INFO] 🇷🇺 Добавлен лучший рабочий RU сервер: 87.242.103.184 со скоростью 7.03 Mbps
2026-02-21 13:04:07 [INFO] 📊 Итого в подписке сохранено: 10 серверов
2026-02-21 13:04:07 [INFO] 💾 Файл успешно сохранен: FL1PVPN
