2026-02-25 20:30:06 [INFO] 🚀 START: Smart Selector (Target: 10, ONLY FOREIGN)
2026-02-25 20:30:06 [INFO] 🌐 Загрузка источников (VLESS + VMess)...
2026-02-25 20:30:08 [INFO] 🔍 Уникальных конфигов собрано: 120
2026-02-25 20:30:08 [INFO] ⚡ ЭТАП 1: Замер Пинга и Геолокации. Workers: 40...
2026-02-25 20:30:13 [INFO]    [PING OK] FI | VLESS | 4394ms
2026-02-25 20:30:13 [INFO]    [PING OK] DE | VLESS | 4561ms
2026-02-25 20:30:13 [INFO]    [PING OK] DE | VLESS | 4420ms
2026-02-25 20:30:13 [INFO]    [PING OK] DE | VLESS | 4200ms
2026-02-25 20:30:13 [INFO]    [PING OK] NL | VLESS | 4204ms
2026-02-25 20:30:13 [INFO]    [PING OK] DE | VLESS | 4398ms
2026-02-25 20:30:13 [INFO]    [PING OK] DE | VLESS | 4070ms
2026-02-25 20:30:14 [INFO]    [PING OK] DE | VLESS | 4072ms
2026-02-25 20:30:14 [INFO]    [PING OK] DE | VLESS | 5286ms
2026-02-25 20:30:14 [INFO]    [PING OK] DE | VLESS | 4157ms
2026-02-25 20:30:14 [INFO]    [PING OK] DE | VLESS | 3979ms
2026-02-25 20:30:14 [INFO]    [PING OK] FR | VLESS | 4330ms
2026-02-25 20:30:15 [INFO]    [PING OK] NL | VLESS | 4761ms
2026-02-25 20:30:15 [INFO]    [PING OK] DE | VLESS | 5353ms
2026-02-25 20:30:16 [INFO]    [PING OK] CA | VLESS | 4131ms
2026-02-25 20:30:17 [INFO]    [PING OK] US | VLESS | 4619ms
2026-02-25 20:30:17 [INFO]    [PING OK] NL | VLESS | 8397ms
2026-02-25 20:30:18 [INFO]    [PING OK] NL | VLESS | 8049ms
2026-02-25 20:30:18 [INFO]    [PING OK] DE | VLESS | 9360ms
2026-02-25 20:30:18 [INFO]    [PING OK] EE | VLESS | 4611ms
2026-02-25 20:30:18 [INFO]    [PING OK] CA | VLESS | 4879ms
2026-02-25 20:30:19 [INFO]    [PING OK] CA | VLESS | 4890ms
2026-02-25 20:30:19 [INFO]    [PING OK] LV | VLESS | 4586ms
2026-02-25 20:30:19 [INFO]    [PING OK] CA | VLESS | 5230ms
2026-02-25 20:30:19 [INFO]    [PING OK] DE | VLESS | 4532ms
2026-02-25 20:30:20 [INFO]    [PING OK] DE | VLESS | 4221ms
2026-02-25 20:30:20 [INFO]    [PING OK] DE | VLESS | 4425ms
2026-02-25 20:30:20 [INFO]    [PING OK] DE | VLESS | 4885ms
2026-02-25 20:30:21 [INFO]    [PING OK] US | VLESS | 3092ms
2026-02-25 20:30:21 [INFO]    [PING OK] DE | VLESS | 2008ms
2026-02-25 20:30:21 [INFO]    [PING OK] NL | VLESS | 1804ms
2026-02-25 20:30:21 [INFO]    [PING OK] LV | VLESS | 1717ms
2026-02-25 20:30:21 [INFO]    [PING OK] GB | VLESS | 7064ms
2026-02-25 20:30:21 [INFO]    [PING OK] NL | VLESS | 2174ms
2026-02-25 20:30:21 [INFO]    [PING OK] GB | VLESS | 5005ms
2026-02-25 20:30:22 [INFO]    [PING OK] GB | VLESS | 3238ms
2026-02-25 20:30:24 [INFO]    [PING OK] US | VLESS | 4714ms
2026-02-25 20:30:24 [INFO]    [PING OK] CA | VLESS | 7406ms
2026-02-25 20:30:26 [INFO] 🏎️ ЭТАП 2: Глубокий замер скорости для 38 иностранных кандидатов...
2026-02-25 20:30:29 [INFO]    🏆 DE | VLESS | Пинг: 2008ms | Скорость: 7.35 Mbps ⚡⚡
2026-02-25 20:30:29 [INFO]    🏆 LV | VLESS | Пинг: 1717ms | Скорость: 7.31 Mbps ⚡⚡
2026-02-25 20:30:30 [INFO]    🏆 NL | VLESS | Пинг: 4204ms | Скорость: 7.88 Mbps ⚡⚡
2026-02-25 20:30:30 [INFO]    🏆 FR | VLESS | Пинг: 4330ms | Скорость: 7.97 Mbps ⚡⚡
2026-02-25 20:30:30 [INFO]    🏆 DE | VLESS | Пинг: 4070ms | Скорость: 7.38 Mbps ⚡⚡
2026-02-25 20:30:30 [INFO]    🏆 DE | VLESS | Пинг: 3979ms | Скорость: 6.67 Mbps ⚡⚡
2026-02-25 20:30:30 [INFO]    🏆 US | VLESS | Пинг: 3092ms | Скорость: 6.4 Mbps ⚡⚡
2026-02-25 20:30:31 [INFO]    🏆 DE | VLESS | Пинг: 4200ms | Скорость: 4.59 Mbps ⚡⚡
2026-02-25 20:30:32 [INFO]    🏆 DE | VLESS | Пинг: 4072ms | Скорость: 4.26 Mbps ⚡⚡
2026-02-25 20:30:32 [INFO]    🏆 DE | VLESS | Пинг: 4398ms | Скорость: 9.72 Mbps ⚡⚡
2026-02-25 20:30:32 [INFO]    🏆 DE | VLESS | Пинг: 4425ms | Скорость: 9.67 Mbps ⚡⚡
2026-02-25 20:30:32 [INFO]    🏆 LV | VLESS | Пинг: 4586ms | Скорость: 10.59 Mbps ⚡⚡
2026-02-25 20:30:33 [INFO]    🏆 NL | VLESS | Пинг: 2174ms | Скорость: 1.33 Mbps 
2026-02-25 20:30:33 [INFO]    🏆 EE | VLESS | Пинг: 4611ms | Скорость: 9.2 Mbps ⚡⚡
2026-02-25 20:30:34 [INFO]    🏆 NL | VLESS | Пинг: 4761ms | Скорость: 8.33 Mbps ⚡⚡
2026-02-25 20:30:34 [INFO]    🏆 DE | VLESS | Пинг: 4532ms | Скорость: 5.75 Mbps ⚡⚡
2026-02-25 20:30:34 [INFO]    🏆 US | VLESS | Пинг: 4619ms | Скорость: 6.35 Mbps ⚡⚡
2026-02-25 20:30:35 [INFO]    🏆 DE | VLESS | Пинг: 4885ms | Скорость: 7.59 Mbps ⚡⚡
2026-02-25 20:30:37 [INFO]    🏆 NL | VLESS | Пинг: 8049ms | Скорость: 6.02 Mbps ⚡⚡
2026-02-25 20:30:40 [INFO]    🏆 NL | VLESS | Пинг: 8397ms | Скорость: 0.78 Mbps 
2026-02-25 20:30:40 [INFO] 📊 Итого в подписке сохранено иностранных серверов: 10
2026-02-25 20:30:40 [INFO] 💾 Файл успешно сохранен: FL1PVPN
