2026-02-17 21:10:05 [INFO] 🚀 START: Smart VLESS Selector (Target: 10, Strict Mode)
2026-02-17 21:10:05 [INFO] 🌐 Загрузка источников...
2026-02-17 21:10:06 [INFO] 🔍 Уникальных конфигов собрано: 190
2026-02-17 21:10:06 [INFO] ⚡ ЭТАП 1: Быстрый замер Пинга (Workers: 25)...
2026-02-17 21:10:07 [INFO]    [PING OK] RU | 156ms
2026-02-17 21:10:07 [INFO]    [PING OK] DE | 151ms
2026-02-17 21:10:07 [INFO]    [PING OK] FI | 187ms
2026-02-17 21:10:08 [INFO]    [PING OK] PL | 177ms
2026-02-17 21:10:08 [INFO]    [PING OK] NL | 223ms
2026-02-17 21:10:08 [INFO]    [PING OK] LV | 208ms
2026-02-17 21:10:08 [INFO]    [PING OK] RU | 175ms
2026-02-17 21:10:08 [INFO]    [PING OK] NL | 145ms
2026-02-17 21:10:08 [INFO]    [PING OK] FI | 181ms
2026-02-17 21:10:08 [INFO]    [PING OK] RU | 238ms
2026-02-17 21:10:08 [INFO]    [PING OK] RU | 170ms
2026-02-17 21:10:09 [INFO]    [PING OK] LT | 207ms
2026-02-17 21:10:09 [INFO]    [PING OK] DE | 175ms
2026-02-17 21:10:09 [INFO]    [PING OK] BG | 326ms
2026-02-17 21:10:09 [INFO]    [PING OK] LT | 158ms
2026-02-17 21:10:09 [INFO]    [PING OK] RU | 199ms
2026-02-17 21:10:09 [INFO]    [PING OK] ES | 1908ms
2026-02-17 21:10:10 [INFO]    [PING OK] FI | 147ms
2026-02-17 21:10:10 [INFO]    [PING OK] DE | 145ms
2026-02-17 21:10:11 [INFO]    [PING OK] US | 578ms
2026-02-17 21:10:11 [INFO]    [PING OK] LT | 160ms
2026-02-17 21:10:11 [INFO]    [PING OK] DE | 216ms
2026-02-17 21:10:11 [INFO]    [PING OK] DE | 163ms
2026-02-17 21:10:11 [INFO]    [PING OK] LV | 230ms
2026-02-17 21:10:11 [INFO]    [PING OK] US | 484ms
2026-02-17 21:10:12 [INFO]    [PING OK] RU | 119ms
2026-02-17 21:10:12 [INFO]    [PING OK] RU | 136ms
2026-02-17 21:10:12 [INFO]    [PING OK] RU | 263ms
2026-02-17 21:10:12 [INFO]    [PING OK] RU | 170ms
2026-02-17 21:10:12 [INFO]    [PING OK] RU | 321ms
2026-02-17 21:10:13 [INFO]    [PING OK] RU | 313ms
2026-02-17 21:10:13 [INFO]    [PING OK] RU | 338ms
2026-02-17 21:10:13 [INFO]    [PING OK] RU | 426ms
2026-02-17 21:10:13 [INFO]    [PING OK] RU | 1549ms
2026-02-17 21:10:13 [INFO]    [PING OK] RU | 422ms
2026-02-17 21:10:13 [INFO]    [PING OK] RU | 216ms
2026-02-17 21:10:14 [INFO]    [PING OK] RU | 193ms
2026-02-17 21:10:14 [INFO]    [PING OK] RU | 268ms
2026-02-17 21:10:14 [INFO]    [PING OK] RU | 303ms
2026-02-17 21:10:14 [INFO]    [PING OK] RU | 292ms
2026-02-17 21:10:14 [INFO]    [PING OK] RU | 431ms
2026-02-17 21:10:14 [INFO]    [PING OK] RU | 338ms
2026-02-17 21:10:14 [INFO]    [PING OK] HU | 354ms
2026-02-17 21:10:14 [INFO]    [PING OK] RU | 305ms
2026-02-17 21:10:14 [INFO]    [PING OK] RU | 261ms
2026-02-17 21:10:14 [INFO]    [PING OK] RU | 113ms
2026-02-17 21:10:14 [INFO]    [PING OK] RU | 467ms
2026-02-17 21:10:14 [INFO]    [PING OK] RU | 1596ms
2026-02-17 21:10:15 [INFO]    [PING OK] RU | 2637ms
2026-02-17 21:10:15 [INFO]    [PING OK] RU | 323ms
2026-02-17 21:10:15 [INFO]    [PING OK] RU | 1622ms
2026-02-17 21:10:15 [INFO]    [PING OK] RU | 952ms
2026-02-17 21:10:15 [INFO]    [PING OK] RU | 820ms
2026-02-17 21:10:15 [INFO]    [PING OK] RU | 660ms
2026-02-17 21:10:15 [INFO]    [PING OK] RU | 597ms
2026-02-17 21:10:15 [INFO]    [PING OK] RU | 341ms
2026-02-17 21:10:16 [INFO]    [PING OK] RU | 337ms
2026-02-17 21:10:16 [INFO]    [PING OK] RU | 302ms
2026-02-17 21:10:16 [INFO]    [PING OK] RU | 249ms
2026-02-17 21:10:16 [INFO]    [PING OK] RU | 672ms
2026-02-17 21:10:16 [INFO]    [PING OK] FI | 3835ms
2026-02-17 21:10:16 [INFO]    [PING OK] RU | 519ms
2026-02-17 21:10:16 [INFO]    [PING OK] RU | 1759ms
2026-02-17 21:10:16 [INFO]    [PING OK] RU | 1703ms
2026-02-17 21:10:16 [INFO]    [PING OK] RU | 266ms
2026-02-17 21:10:16 [INFO]    [PING OK] RU | 1900ms
2026-02-17 21:10:16 [INFO]    [PING OK] RU | 267ms
2026-02-17 21:10:16 [INFO]    [PING OK] RU | 419ms
2026-02-17 21:10:16 [INFO]    [PING OK] RU | 244ms
2026-02-17 21:10:17 [INFO]    [PING OK] RU | 247ms
2026-02-17 21:10:17 [INFO]    [PING OK] RU | 112ms
2026-02-17 21:10:17 [INFO]    [PING OK] RU | 322ms
2026-02-17 21:10:17 [INFO]    [PING OK] RU | 304ms
2026-02-17 21:10:17 [INFO]    [PING OK] RU | 399ms
2026-02-17 21:10:17 [INFO]    [PING OK] RU | 363ms
2026-02-17 21:10:17 [INFO]    [PING OK] RU | 182ms
2026-02-17 21:10:17 [INFO]    [PING OK] RU | 267ms
2026-02-17 21:10:17 [INFO]    [PING OK] RU | 148ms
2026-02-17 21:10:17 [INFO]    [PING OK] RU | 294ms
2026-02-17 21:10:17 [INFO]    [PING OK] RU | 345ms
2026-02-17 21:10:17 [INFO]    [PING OK] RU | 828ms
2026-02-17 21:10:18 [INFO]    [PING OK] RU | 313ms
2026-02-17 21:10:18 [INFO]    [PING OK] RU | 166ms
2026-02-17 21:10:18 [INFO]    [PING OK] RU | 302ms
2026-02-17 21:10:18 [INFO]    [PING OK] RU | 533ms
2026-02-17 21:10:18 [INFO]    [PING OK] RU | 521ms
2026-02-17 21:10:19 [INFO]    [PING OK] RU | 1488ms
2026-02-17 21:10:19 [INFO]    [PING OK] RU | 1531ms
2026-02-17 21:10:20 [INFO]    [PING OK] RU | 3178ms
2026-02-17 21:10:20 [INFO]    [PING OK] RU | 2296ms
2026-02-17 21:10:21 [INFO]    [PING OK] RU | 3617ms
2026-02-17 21:10:22 [INFO] 🏎️ ЭТАП 2: Глубокий замер скорости для ТОП-10 серверов...
2026-02-17 21:10:29 [INFO]    🏆 NL | Пинг: 145ms | Скорость: 7.76 Mbps ⚡⚡
2026-02-17 21:10:29 [INFO]    🏆 DE | Пинг: 145ms | Скорость: 7.93 Mbps ⚡⚡
2026-02-17 21:10:29 [INFO]    🏆 FI | Пинг: 147ms | Скорость: 1.66 Mbps ⚡
2026-02-17 21:10:29 [INFO]    🏆 DE | Пинг: 151ms | Скорость: 7.95 Mbps ⚡⚡
2026-02-17 21:10:29 [INFO]    🏆 LT | Пинг: 158ms | Скорость: 7.95 Mbps ⚡⚡
2026-02-17 21:10:29 [INFO]    🏆 LT | Пинг: 160ms | Скорость: 8.02 Mbps ⚡⚡
2026-02-17 21:10:29 [INFO]    🏆 DE | Пинг: 163ms | Скорость: 7.95 Mbps ⚡⚡
2026-02-17 21:10:29 [INFO]    🏆 DE | Пинг: 175ms | Скорость: 8.14 Mbps ⚡⚡
2026-02-17 21:10:29 [INFO]    🏆 PL | Пинг: 177ms | Скорость: 8.18 Mbps ⚡⚡
2026-02-17 21:10:29 [INFO]    🏆 RU | Пинг: 112ms | Скорость: 8.17 Mbps ⚡⚡
2026-02-17 21:10:29 [INFO] 🇷🇺 Добавлен RU сервер: 85.192.32.30
2026-02-17 21:10:29 [INFO] 📊 Итого в подписке сохранено: 10 серверов
2026-02-17 21:10:29 [INFO] 💾 Файл успешно сохранен: FL1PVPN
