2026-02-19 20:30:06 [INFO] 🚀 START: Smart VPN Selector (Target: 10, Strict Mode)
2026-02-19 20:30:06 [INFO] 🌐 Загрузка источников...
2026-02-19 20:30:09 [INFO] 🔍 Уникальных конфигов собрано: 1209
2026-02-19 20:30:09 [INFO] ⚡ ЭТАП 1: Быстрый замер Пинга (Workers: 25)...
2026-02-19 20:30:11 [INFO]    [PING OK] DE | 217ms
2026-02-19 20:30:12 [INFO]    [PING OK] FR | 1057ms
2026-02-19 20:30:17 [INFO]    [PING OK] RU | 146ms
2026-02-19 20:30:18 [INFO]    [PING OK] RU | 609ms
2026-02-19 20:30:19 [INFO]    [PING OK] RU | 1270ms
2026-02-19 20:30:19 [INFO]    [PING OK] RU | 202ms
2026-02-19 20:30:19 [INFO]    [PING OK] LV | 185ms
2026-02-19 20:30:20 [INFO]    [PING OK] DE | 671ms
2026-02-19 20:30:23 [INFO]    [PING OK] RU | 160ms
2026-02-19 20:30:24 [INFO]    [PING OK] RU | 273ms
2026-02-19 20:30:25 [INFO]    [PING OK] DE | 816ms
2026-02-19 20:30:25 [INFO]    [PING OK] DE | 165ms
2026-02-19 20:30:26 [INFO]    [PING OK] RU | 90ms
2026-02-19 20:30:26 [INFO]    [PING OK] RU | 394ms
2026-02-19 20:30:26 [INFO]    [PING OK] HK | 1307ms
2026-02-19 20:30:26 [INFO]    [PING OK] RU | 490ms
2026-02-19 20:30:26 [INFO]    [PING OK] RU | 259ms
2026-02-19 20:30:27 [INFO]    [PING OK] RU | 391ms
2026-02-19 20:30:27 [INFO]    [PING OK] RU | 514ms
2026-02-19 20:30:27 [INFO]    [PING OK] RU | 223ms
2026-02-19 20:30:27 [INFO]    [PING OK] RU | 284ms
2026-02-19 20:30:27 [INFO]    [PING OK] RU | 293ms
2026-02-19 20:30:27 [INFO]    [PING OK] RU | 238ms
2026-02-19 20:30:27 [INFO]    [PING OK] DE | 2508ms
2026-02-19 20:30:27 [INFO]    [PING OK] DE | 2929ms
2026-02-19 20:30:27 [INFO]    [PING OK] RU | 213ms
2026-02-19 20:30:28 [INFO]    [PING OK] RU | 330ms
2026-02-19 20:30:28 [INFO]    [PING OK] RU | 550ms
2026-02-19 20:30:28 [INFO]    [PING OK] RU | 782ms
2026-02-19 20:30:28 [INFO]    [PING OK] RU | 279ms
2026-02-19 20:30:28 [INFO]    [PING OK] RU | 235ms
2026-02-19 20:30:28 [INFO]    [PING OK] RU | 311ms
2026-02-19 20:30:28 [INFO]    [PING OK] RU | 346ms
2026-02-19 20:30:28 [INFO]    [PING OK] RU | 201ms
2026-02-19 20:30:28 [INFO]    [PING OK] RU | 264ms
2026-02-19 20:30:29 [INFO]    [PING OK] RU | 929ms
2026-02-19 20:30:29 [INFO]    [PING OK] RU | 261ms
2026-02-19 20:30:29 [INFO]    [PING OK] RU | 249ms
2026-02-19 20:30:29 [INFO]    [PING OK] RU | 193ms
2026-02-19 20:30:29 [INFO]    [PING OK] RU | 592ms
2026-02-19 20:30:29 [INFO]    [PING OK] RU | 1951ms
2026-02-19 20:30:29 [INFO]    [PING OK] RU | 464ms
2026-02-19 20:30:29 [INFO]    [PING OK] RU | 259ms
2026-02-19 20:30:29 [INFO]    [PING OK] RU | 362ms
2026-02-19 20:30:29 [INFO]    [PING OK] RU | 308ms
2026-02-19 20:30:30 [INFO]    [PING OK] RU | 295ms
2026-02-19 20:30:30 [INFO]    [PING OK] RU | 1352ms
2026-02-19 20:30:30 [INFO]    [PING OK] RU | 336ms
2026-02-19 20:30:30 [INFO]    [PING OK] RU | 302ms
2026-02-19 20:30:30 [INFO]    [PING OK] RU | 237ms
2026-02-19 20:30:30 [INFO]    [PING OK] RU | 299ms
2026-02-19 20:30:30 [INFO]    [PING OK] RU | 190ms
2026-02-19 20:30:30 [INFO]    [PING OK] RU | 289ms
2026-02-19 20:30:31 [INFO]    [PING OK] RU | 772ms
2026-02-19 20:30:31 [INFO]    [PING OK] RU | 358ms
2026-02-19 20:30:31 [INFO]    [PING OK] RU | 98ms
2026-02-19 20:30:31 [INFO]    [PING OK] RU | 126ms
2026-02-19 20:30:32 [INFO]    [PING OK] US | 479ms
2026-02-19 20:30:32 [INFO]    [PING OK] RU | 1597ms
2026-02-19 20:30:32 [INFO]    [PING OK] FR | 421ms
2026-02-19 20:30:32 [INFO]    [PING OK] RU | 1588ms
2026-02-19 20:30:32 [INFO]    [PING OK] RU | 676ms
2026-02-19 20:30:32 [INFO]    [PING OK] RU | 982ms
2026-02-19 20:30:32 [INFO]    [PING OK] GR | 193ms
2026-02-19 20:30:32 [INFO]    [PING OK] RU | 1018ms
2026-02-19 20:30:32 [INFO]    [PING OK] RU | 1018ms
2026-02-19 20:30:32 [INFO]    [PING OK] US | 468ms
2026-02-19 20:30:33 [INFO]    [PING OK] GB | 158ms
2026-02-19 20:30:33 [INFO]    [PING OK] RU | 1982ms
2026-02-19 20:30:33 [INFO]    [PING OK] TR | 361ms
2026-02-19 20:30:33 [INFO]    [PING OK] US | 417ms
2026-02-19 20:30:33 [INFO]    [PING OK] US | 420ms
2026-02-19 20:30:33 [INFO]    [PING OK] HK | 2315ms
2026-02-19 20:30:34 [INFO]    [PING OK] CY | 214ms
2026-02-19 20:30:34 [INFO]    [PING OK] US | 552ms
2026-02-19 20:30:34 [INFO]    [PING OK] US | 1176ms
2026-02-19 20:30:35 [INFO]    [PING OK] FI | 153ms
2026-02-19 20:30:35 [INFO]    [PING OK] US | 727ms
2026-02-19 20:30:35 [INFO]    [PING OK] US | 1251ms
2026-02-19 20:30:35 [INFO]    [PING OK] GB | 177ms
2026-02-19 20:30:36 [INFO]    [PING OK] UZ | 516ms
2026-02-19 20:30:36 [INFO]    [PING OK] DE | 287ms
2026-02-19 20:30:36 [INFO]    [PING OK] US | 507ms
2026-02-19 20:30:36 [INFO]    [PING OK] LU | 341ms
2026-02-19 20:30:36 [INFO]    [PING OK] GB | 2513ms
2026-02-19 20:30:37 [INFO]    [PING OK] GB | 601ms
2026-02-19 20:30:37 [INFO]    [PING OK] IL | 249ms
2026-02-19 20:30:37 [INFO]    [PING OK] AU | 591ms
2026-02-19 20:30:38 [INFO]    [PING OK] BG | 143ms
2026-02-19 20:30:38 [INFO]    [PING OK] DE | 128ms
2026-02-19 20:30:38 [INFO]    [PING OK] CY | 413ms
2026-02-19 20:30:38 [INFO]    [PING OK] US | 396ms
2026-02-19 20:30:39 [INFO]    [PING OK] SG | 1383ms
2026-02-19 20:30:39 [INFO]    [PING OK] AE | 776ms
2026-02-19 20:30:39 [INFO]    [PING OK] NL | 248ms
2026-02-19 20:30:40 [INFO]    [PING OK] US | 633ms
2026-02-19 20:30:40 [INFO]    [PING OK] SE | 118ms
2026-02-19 20:30:40 [INFO]    [PING OK] MD | 3794ms
2026-02-19 20:30:41 [INFO]    [PING OK] SG | 595ms
2026-02-19 20:30:41 [INFO]    [PING OK] RU | 45ms
2026-02-19 20:30:41 [INFO]    [PING OK] IT | 567ms
2026-02-19 20:30:41 [INFO]    [PING OK] US | 391ms
2026-02-19 20:30:42 [INFO]    [PING OK] US | 621ms
2026-02-19 20:30:42 [INFO]    [PING OK] PL | 142ms
2026-02-19 20:30:42 [INFO]    [PING OK] FR | 133ms
2026-02-19 20:30:42 [INFO]    [PING OK] KH | 584ms
2026-02-19 20:30:42 [INFO]    [PING OK] CA | 341ms
2026-02-19 20:30:43 [INFO]    [PING OK] PL | 154ms
2026-02-19 20:30:43 [INFO]    [PING OK] DE | 232ms
2026-02-19 20:30:43 [INFO]    [PING OK] JP | 826ms
2026-02-19 20:30:43 [INFO]    [PING OK] MX | 331ms
2026-02-19 20:30:43 [INFO]    [PING OK] DE | 1115ms
2026-02-19 20:30:44 [INFO]    [PING OK] IQ | 682ms
2026-02-19 20:30:44 [INFO]    [PING OK] HK | 1155ms
2026-02-19 20:30:44 [INFO]    [PING OK] AT | 222ms
2026-02-19 20:30:44 [INFO]    [PING OK] US | 441ms
2026-02-19 20:30:44 [INFO]    [PING OK] US | 1000ms
2026-02-19 20:30:44 [INFO]    [PING OK] US | 368ms
2026-02-19 20:30:44 [INFO]    [PING OK] GB | 1412ms
2026-02-19 20:30:44 [INFO]    [PING OK] DE | 234ms
2026-02-19 20:30:44 [INFO]    [PING OK] DE | 211ms
2026-02-19 20:30:44 [INFO]    [PING OK] GB | 165ms
2026-02-19 20:30:45 [INFO]    [PING OK] GB | 536ms
2026-02-19 20:30:46 [INFO]    [PING OK] GB | 2643ms
2026-02-19 20:30:48 [INFO]    [PING OK] DE | 4456ms
2026-02-19 20:30:56 [INFO]    [PING OK] FR | 144ms
2026-02-19 20:31:01 [INFO]    [PING OK] GB | 219ms
2026-02-19 20:31:01 [INFO]    [PING OK] SG | 4899ms
2026-02-19 20:31:03 [INFO]    [PING OK] DE | 175ms
2026-02-19 20:31:07 [INFO]    [PING OK] GB | 550ms
2026-02-19 20:31:13 [INFO]    [PING OK] FR | 162ms
2026-02-19 20:31:14 [INFO]    [PING OK] GB | 2332ms
2026-02-19 20:31:14 [INFO]    [PING OK] US | 238ms
2026-02-19 20:31:15 [INFO]    [PING OK] GB | 185ms
2026-02-19 20:31:18 [INFO]    [PING OK] SG | 626ms
2026-02-19 20:31:19 [INFO]    [PING OK] GB | 186ms
2026-02-19 20:31:21 [INFO]    [PING OK] GB | 442ms
2026-02-19 20:31:21 [INFO]    [PING OK] NO | 679ms
2026-02-19 20:31:21 [INFO]    [PING OK] ES | 125ms
2026-02-19 20:31:22 [INFO]    [PING OK] GB | 137ms
2026-02-19 20:31:23 [INFO]    [PING OK] GB | 118ms
2026-02-19 20:31:23 [INFO]    [PING OK] GB | 626ms
2026-02-19 20:31:23 [INFO]    [PING OK] RU | 1473ms
2026-02-19 20:31:24 [INFO]    [PING OK] TR | 2170ms
2026-02-19 20:31:24 [INFO]    [PING OK] RU | 439ms
2026-02-19 20:31:25 [INFO]    [PING OK] GB | 594ms
2026-02-19 20:31:26 [INFO]    [PING OK] RU | 887ms
2026-02-19 20:31:26 [INFO]    [PING OK] GB | 151ms
2026-02-19 20:31:27 [INFO]    [PING OK] GB | 221ms
2026-02-19 20:31:27 [INFO]    [PING OK] RU | 2436ms
2026-02-19 20:31:27 [INFO]    [PING OK] GB | 3897ms
2026-02-19 20:31:28 [INFO]    [PING OK] GB | 1202ms
2026-02-19 20:31:28 [INFO]    [PING OK] GB | 174ms
2026-02-19 20:31:32 [INFO]    [PING OK] SG | 1786ms
2026-02-19 20:31:32 [INFO]    [PING OK] RU | 3539ms
2026-02-19 20:31:34 [INFO]    [PING OK] RU | 4216ms
2026-02-19 20:31:34 [INFO]    [PING OK] GB | 195ms
2026-02-19 20:31:36 [INFO]    [PING OK] RU | 621ms
2026-02-19 20:31:36 [INFO]    [PING OK] DE | 1549ms
2026-02-19 20:31:37 [INFO]    [PING OK] RU | 145ms
2026-02-19 20:31:37 [INFO]    [PING OK] SE | 116ms
2026-02-19 20:31:37 [INFO]    [PING OK] JP | 920ms
2026-02-19 20:31:37 [INFO]    [PING OK] HK | 4546ms
2026-02-19 20:31:39 [INFO]    [PING OK] RU | 3105ms
2026-02-19 20:31:39 [INFO]    [PING OK] NL | 1423ms
2026-02-19 20:31:39 [INFO]    [PING OK] DE | 2225ms
2026-02-19 20:31:40 [INFO]    [PING OK] FI | 543ms
2026-02-19 20:31:41 [INFO]    [PING OK] RU | 405ms
2026-02-19 20:31:41 [INFO]    [PING OK] RU | 1117ms
2026-02-19 20:31:41 [INFO]    [PING OK] TW | 4299ms
2026-02-19 20:31:42 [INFO]    [PING OK] RU | 228ms
2026-02-19 20:31:42 [INFO]    [PING OK] DE | 254ms
2026-02-19 20:31:42 [INFO]    [PING OK] GB | 124ms
2026-02-19 20:31:43 [INFO]    [PING OK] RU | 366ms
2026-02-19 20:31:44 [INFO]    [PING OK] RU | 1037ms
2026-02-19 20:31:44 [INFO]    [PING OK] US | 564ms
2026-02-19 20:31:44 [INFO]    [PING OK] DE | 948ms
2026-02-19 20:31:46 [INFO]    [PING OK] DE | 1413ms
2026-02-19 20:31:50 [INFO]    [PING OK] RU | 4884ms
2026-02-19 20:31:56 [INFO] 🏎️ ЭТАП 2: Глубокий замер скорости для ТОП-10 серверов...
2026-02-19 20:32:00 [INFO]    🏆 SE | Пинг: 116ms | Скорость: 8.59 Mbps ⚡⚡
2026-02-19 20:32:00 [INFO]    🏆 SE | Пинг: 118ms | Скорость: 8.25 Mbps ⚡⚡
2026-02-19 20:32:00 [INFO]    🏆 GB | Пинг: 118ms | Скорость: 8.19 Mbps ⚡⚡
2026-02-19 20:32:00 [INFO]    🏆 GB | Пинг: 124ms | Скорость: 8.34 Mbps ⚡⚡
2026-02-19 20:32:00 [INFO]    🏆 ES | Пинг: 125ms | Скорость: 8.21 Mbps ⚡⚡
2026-02-19 20:32:00 [INFO]    🏆 DE | Пинг: 128ms | Скорость: 8.21 Mbps ⚡⚡
2026-02-19 20:32:00 [INFO]    🏆 FR | Пинг: 133ms | Скорость: 8.45 Mbps ⚡⚡
2026-02-19 20:32:00 [INFO]    🏆 GB | Пинг: 137ms | Скорость: 8.4 Mbps ⚡⚡
2026-02-19 20:32:00 [INFO]    🏆 PL | Пинг: 142ms | Скорость: 0.0 Mbps 
2026-02-19 20:32:00 [INFO]    🏆 RU | Пинг: 45ms | Скорость: 8.58 Mbps ⚡⚡
2026-02-19 20:32:00 [INFO] 🇷🇺 Добавлен RU сервер: 212.192.14.234
2026-02-19 20:32:00 [INFO] 📊 Итого в подписке сохранено: 10 серверов
2026-02-19 20:32:00 [INFO] 💾 Файл успешно сохранен: FL1PVPN
