2026-02-18 07:00:07 [INFO] 🚀 START: Smart VLESS Selector (Target: 10, Strict Mode)
2026-02-18 07:00:07 [INFO] 🌐 Загрузка источников...
2026-02-18 07:00:09 [INFO] 🔍 Уникальных конфигов собрано: 299
2026-02-18 07:00:09 [INFO] ⚡ ЭТАП 1: Быстрый замер Пинга (Workers: 25)...
2026-02-18 07:00:10 [INFO]    [PING OK] RU | 261ms
2026-02-18 07:00:10 [INFO]    [PING OK] RU | 292ms
2026-02-18 07:00:10 [INFO]    [PING OK] RU | 237ms
2026-02-18 07:00:12 [INFO]    [PING OK] NL | 995ms
2026-02-18 07:00:13 [INFO]    [PING OK] DE | 2855ms
2026-02-18 07:00:15 [INFO]    [PING OK] DE | 470ms
2026-02-18 07:00:15 [INFO]    [PING OK] DE | 224ms
2026-02-18 07:00:16 [INFO]    [PING OK] DE | 1115ms
2026-02-18 07:00:17 [INFO]    [PING OK] BG | 233ms
2026-02-18 07:00:17 [INFO]    [PING OK] IT | 528ms
2026-02-18 07:00:18 [INFO]    [PING OK] RU | 274ms
2026-02-18 07:00:18 [INFO]    [PING OK] RU | 150ms
2026-02-18 07:00:18 [INFO]    [PING OK] RU | 245ms
2026-02-18 07:00:19 [INFO]    [PING OK] RU | 197ms
2026-02-18 07:00:19 [INFO]    [PING OK] RU | 568ms
2026-02-18 07:00:19 [INFO]    [PING OK] RU | 1263ms
2026-02-18 07:00:19 [INFO]    [PING OK] RU | 370ms
2026-02-18 07:00:19 [INFO]    [PING OK] RU | 204ms
2026-02-18 07:00:20 [INFO]    [PING OK] RU | 2334ms
2026-02-18 07:00:20 [INFO]    [PING OK] RU | 263ms
2026-02-18 07:00:20 [INFO]    [PING OK] RU | 110ms
2026-02-18 07:00:20 [INFO]    [PING OK] RU | 546ms
2026-02-18 07:00:20 [INFO]    [PING OK] RU | 272ms
2026-02-18 07:00:21 [INFO]    [PING OK] RU | 307ms
2026-02-18 07:00:21 [INFO]    [PING OK] RU | 1881ms
2026-02-18 07:00:21 [INFO]    [PING OK] RU | 326ms
2026-02-18 07:00:21 [INFO]    [PING OK] RU | 168ms
2026-02-18 07:00:21 [INFO]    [PING OK] RU | 348ms
2026-02-18 07:00:21 [INFO]    [PING OK] RU | 207ms
2026-02-18 07:00:21 [INFO]    [PING OK] RU | 301ms
2026-02-18 07:00:22 [INFO]    [PING OK] RU | 4222ms
2026-02-18 07:00:22 [INFO]    [PING OK] FI | 143ms
2026-02-18 07:00:22 [INFO]    [PING OK] RU | 218ms
2026-02-18 07:00:22 [INFO]    [PING OK] RU | 323ms
2026-02-18 07:00:22 [INFO]    [PING OK] RU | 1858ms
2026-02-18 07:00:22 [INFO]    [PING OK] RU | 1309ms
2026-02-18 07:00:22 [INFO]    [PING OK] RU | 516ms
2026-02-18 07:00:22 [INFO]    [PING OK] RU | 2735ms
2026-02-18 07:00:22 [INFO]    [PING OK] RU | 1063ms
2026-02-18 07:00:22 [INFO]    [PING OK] RU | 194ms
2026-02-18 07:00:22 [INFO]    [PING OK] RU | 193ms
2026-02-18 07:00:23 [INFO]    [PING OK] RU | 230ms
2026-02-18 07:00:23 [INFO]    [PING OK] RU | 387ms
2026-02-18 07:00:23 [INFO]    [PING OK] RU | 332ms
2026-02-18 07:00:23 [INFO]    [PING OK] RU | 190ms
2026-02-18 07:00:23 [INFO]    [PING OK] RU | 219ms
2026-02-18 07:00:23 [INFO]    [PING OK] RU | 434ms
2026-02-18 07:00:23 [INFO]    [PING OK] RU | 285ms
2026-02-18 07:00:23 [INFO]    [PING OK] RU | 272ms
2026-02-18 07:00:23 [INFO]    [PING OK] RU | 293ms
2026-02-18 07:00:23 [INFO]    [PING OK] RU | 300ms
2026-02-18 07:00:23 [INFO]    [PING OK] RU | 252ms
2026-02-18 07:00:23 [INFO]    [PING OK] RU | 334ms
2026-02-18 07:00:24 [INFO]    [PING OK] RU | 969ms
2026-02-18 07:00:24 [INFO]    [PING OK] RU | 219ms
2026-02-18 07:00:24 [INFO]    [PING OK] RU | 160ms
2026-02-18 07:00:24 [INFO]    [PING OK] RU | 148ms
2026-02-18 07:00:24 [INFO]    [PING OK] RU | 1608ms
2026-02-18 07:00:24 [INFO]    [PING OK] RU | 913ms
2026-02-18 07:00:24 [INFO]    [PING OK] RU | 1256ms
2026-02-18 07:00:24 [INFO]    [PING OK] DE | 181ms
2026-02-18 07:00:24 [INFO]    [PING OK] RU | 1386ms
2026-02-18 07:00:25 [INFO]    [PING OK] RU | 825ms
2026-02-18 07:00:25 [INFO]    [PING OK] MD | 160ms
2026-02-18 07:00:25 [INFO]    [PING OK] RU | 1090ms
2026-02-18 07:00:25 [INFO]    [PING OK] RU | 1080ms
2026-02-18 07:00:25 [INFO]    [PING OK] RU | 1053ms
2026-02-18 07:00:26 [INFO]    [PING OK] RU | 365ms
2026-02-18 07:00:26 [INFO]    [PING OK] FI | 239ms
2026-02-18 07:00:26 [INFO]    [PING OK] DE | 565ms
2026-02-18 07:00:28 [INFO]    [PING OK] HU | 1313ms
2026-02-18 07:00:28 [INFO]    [PING OK] FI | 146ms
2026-02-18 07:00:28 [INFO]    [PING OK] DE | 4952ms
2026-02-18 07:00:29 [INFO]    [PING OK] ES | 596ms
2026-02-18 07:00:29 [INFO]    [PING OK] US | 452ms
2026-02-18 07:00:30 [INFO]    [PING OK] PL | 170ms
2026-02-18 07:00:31 [INFO]    [PING OK] US | 620ms
2026-02-18 07:00:31 [INFO]    [PING OK] PL | 132ms
2026-02-18 07:00:31 [INFO]    [PING OK] JP | 1256ms
2026-02-18 07:00:31 [INFO]    [PING OK] AT | 225ms
2026-02-18 07:00:32 [INFO]    [PING OK] NL | 211ms
2026-02-18 07:00:32 [INFO]    [PING OK] DE | 512ms
2026-02-18 07:00:32 [INFO]    [PING OK] FI | 126ms
2026-02-18 07:00:32 [INFO]    [PING OK] FR | 204ms
2026-02-18 07:00:33 [INFO]    [PING OK] FI | 403ms
2026-02-18 07:00:33 [INFO]    [PING OK] FI | 212ms
2026-02-18 07:00:33 [INFO]    [PING OK] DE | 2513ms
2026-02-18 07:00:33 [INFO]    [PING OK] AE | 195ms
2026-02-18 07:00:33 [INFO]    [PING OK] LV | 461ms
2026-02-18 07:00:34 [INFO]    [PING OK] UZ | 302ms
2026-02-18 07:00:34 [INFO]    [PING OK] FI | 162ms
2026-02-18 07:00:35 [INFO]    [PING OK] NL | 2957ms
2026-02-18 07:00:35 [INFO]    [PING OK] IR | 524ms
2026-02-18 07:00:38 [INFO] 🏎️ ЭТАП 2: Глубокий замер скорости для ТОП-10 серверов...
2026-02-18 07:00:46 [INFO]    🏆 FI | Пинг: 126ms | Скорость: 8.37 Mbps ⚡⚡
2026-02-18 07:00:46 [INFO]    🏆 PL | Пинг: 132ms | Скорость: 0.0 Mbps 
2026-02-18 07:00:46 [INFO]    🏆 FI | Пинг: 143ms | Скорость: 3.6 Mbps ⚡⚡
2026-02-18 07:00:46 [INFO]    🏆 FI | Пинг: 146ms | Скорость: 7.85 Mbps ⚡⚡
2026-02-18 07:00:46 [INFO]    🏆 MD | Пинг: 160ms | Скорость: 7.83 Mbps ⚡⚡
2026-02-18 07:00:46 [INFO]    🏆 FI | Пинг: 162ms | Скорость: 8.12 Mbps ⚡⚡
2026-02-18 07:00:46 [INFO]    🏆 PL | Пинг: 170ms | Скорость: 0.0 Mbps 
2026-02-18 07:00:46 [INFO]    🏆 DE | Пинг: 181ms | Скорость: 0.0 Mbps 
2026-02-18 07:00:46 [INFO]    🏆 AE | Пинг: 195ms | Скорость: 8.06 Mbps ⚡⚡
2026-02-18 07:00:46 [INFO]    🏆 RU | Пинг: 110ms | Скорость: 8.05 Mbps ⚡⚡
2026-02-18 07:00:46 [INFO] 🇷🇺 Добавлен RU сервер: 87.242.103.184
2026-02-18 07:00:46 [INFO] 📊 Итого в подписке сохранено: 10 серверов
2026-02-18 07:00:46 [INFO] 💾 Файл успешно сохранен: FL1PVPN
