2026-02-27 12:00:06 [INFO] 🚀 START: Smart Selector (Target: 10, ONLY FOREIGN)
2026-02-27 12:00:06 [INFO] 🌐 Загрузка источников (VLESS + VMess)...
2026-02-27 12:00:09 [INFO] 🔍 Уникальных конфигов собрано: 231
2026-02-27 12:00:09 [INFO] ⚡ ЭТАП 1: Замер Пинга и Геолокации. Workers: 40...
2026-02-27 12:00:14 [INFO]    [PING OK] ES | VLESS | 4607ms
2026-02-27 12:00:14 [INFO]    [PING OK] DE | VLESS | 4474ms
2026-02-27 12:00:14 [INFO]    [PING OK] FI | VLESS | 4311ms
2026-02-27 12:00:14 [INFO]    [PING OK] NL | VLESS | 4675ms
2026-02-27 12:00:14 [INFO]    [PING OK] DE | VLESS | 4750ms
2026-02-27 12:00:14 [INFO]    [PING OK] PL | VLESS | 3952ms
2026-02-27 12:00:15 [INFO]    [PING OK] ES | VLESS | 4546ms
2026-02-27 12:00:15 [INFO]    [PING OK] TR | VLESS | 4137ms
2026-02-27 12:00:15 [INFO]    [PING OK] PL | VLESS | 4611ms
2026-02-27 12:00:15 [INFO]    [PING OK] HU | VLESS | 4063ms
2026-02-27 12:00:15 [INFO]    [PING OK] DE | VLESS | 5199ms
2026-02-27 12:00:15 [INFO]    [PING OK] DE | VLESS | 5324ms
2026-02-27 12:00:15 [INFO]    [PING OK] LV | VLESS | 5082ms
2026-02-27 12:00:15 [INFO]    [PING OK] DE | VLESS | 5104ms
2026-02-27 12:00:15 [INFO]    [PING OK] DE | VLESS | 5003ms
2026-02-27 12:00:15 [INFO]    [PING OK] ES | VLESS | 3969ms
2026-02-27 12:00:15 [INFO]    [PING OK] ES | VLESS | 3672ms
2026-02-27 12:00:15 [INFO]    [PING OK] AE | VLESS | 4311ms
2026-02-27 12:00:15 [INFO]    [PING OK] DE | VLESS | 4869ms
2026-02-27 12:00:15 [INFO]    [PING OK] HU | VLESS | 3560ms
2026-02-27 12:00:16 [INFO]    [PING OK] DE | VLESS | 2868ms
2026-02-27 12:00:17 [INFO]    [PING OK] NL | VLESS | 6263ms
2026-02-27 12:00:17 [INFO]    [PING OK] IT | VLESS | 7623ms
2026-02-27 12:00:17 [INFO]    [PING OK] ES | VLESS | 5814ms
2026-02-27 12:00:19 [INFO]    [PING OK] FI | VLESS | 3412ms
2026-02-27 12:00:19 [INFO]    [PING OK] DE | VLESS | 3392ms
2026-02-27 12:00:19 [INFO]    [PING OK] FI | VLESS | 3421ms
2026-02-27 12:00:19 [INFO]    [PING OK] LV | VLESS | 3611ms
2026-02-27 12:00:19 [INFO]    [PING OK] FI | VLESS | 9660ms
2026-02-27 12:00:20 [INFO]    [PING OK] NL | VLESS | 3642ms
2026-02-27 12:00:20 [INFO]    [PING OK] FI | VLESS | 3443ms
2026-02-27 12:00:20 [INFO]    [PING OK] US | VLESS | 3774ms
2026-02-27 12:00:20 [INFO]    [PING OK] FI | VLESS | 3929ms
2026-02-27 12:00:20 [INFO]    [PING OK] HU | VLESS | 4086ms
2026-02-27 12:00:20 [INFO]    [PING OK] DE | VLESS | 3470ms
2026-02-27 12:00:20 [INFO]    [PING OK] US | VLESS | 3698ms
2026-02-27 12:00:21 [INFO]    [PING OK] FI | VLESS | 3525ms
2026-02-27 12:00:21 [INFO]    [PING OK] VN | VLESS | 4882ms
2026-02-27 12:00:21 [INFO]    [PING OK] NL | VLESS | 4389ms
2026-02-27 12:00:22 [INFO]    [PING OK] PL | VLESS | 3724ms
2026-02-27 12:00:23 [INFO]    [PING OK] HK | VLESS | 6762ms
2026-02-27 12:00:23 [INFO]    [PING OK] EE | VLESS | 4044ms
2026-02-27 12:00:24 [INFO]    [PING OK] DE | VLESS | 4027ms
2026-02-27 12:00:24 [INFO]    [PING OK] PL | VLESS | 4693ms
2026-02-27 12:00:24 [INFO]    [PING OK] NL | VLESS | 3894ms
2026-02-27 12:00:24 [INFO]    [PING OK] US | VLESS | 3790ms
2026-02-27 12:00:25 [INFO]    [PING OK] DE | VLESS | 3803ms
2026-02-27 12:00:25 [INFO]    [PING OK] FI | VLESS | 4405ms
2026-02-27 12:00:25 [INFO]    [PING OK] PL | VLESS | 3770ms
2026-02-27 12:00:25 [INFO]    [PING OK] DE | VLESS | 4989ms
2026-02-27 12:00:25 [INFO]    [PING OK] CA | VLESS | 3753ms
2026-02-27 12:00:25 [INFO]    [PING OK] CH | VLESS | 4702ms
2026-02-27 12:00:25 [INFO]    [PING OK] ES | VLESS | 4820ms
2026-02-27 12:00:26 [INFO]    [PING OK] NL | VLESS | 3298ms
2026-02-27 12:00:26 [INFO]    [PING OK] PL | VLESS | 3660ms
2026-02-27 12:00:27 [INFO]    [PING OK] TR | VLESS | 3294ms
2026-02-27 12:00:27 [INFO]    [PING OK] FI | VLESS | 7601ms
2026-02-27 12:00:28 [INFO]    [PING OK] SE | VLESS | 3543ms
2026-02-27 12:00:28 [INFO]    [PING OK] DE | VLESS | 3558ms
2026-02-27 12:00:29 [INFO]    [PING OK] PL | VLESS | 3519ms
2026-02-27 12:00:29 [INFO]    [PING OK] FR | VLESS | 7823ms
2026-02-27 12:00:29 [INFO]    [PING OK] DE | VLESS | 3420ms
2026-02-27 12:00:29 [INFO]    [PING OK] TR | VLESS | 3396ms
2026-02-27 12:00:29 [INFO]    [PING OK] NG | VLESS | 4039ms
2026-02-27 12:00:29 [INFO]    [PING OK] EE | VLESS | 3776ms
2026-02-27 12:00:29 [INFO]    [PING OK] FR | VLESS | 4268ms
2026-02-27 12:00:30 [INFO]    [PING OK] EE | VLESS | 3757ms
2026-02-27 12:00:30 [INFO]    [PING OK] TR | VLESS | 3437ms
2026-02-27 12:00:30 [INFO]    [PING OK] CA | VLESS | 4111ms
2026-02-27 12:00:30 [INFO]    [PING OK] LT | VLESS | 4120ms
2026-02-27 12:00:30 [INFO]    [PING OK] DE | VLESS | 4320ms
2026-02-27 12:00:31 [INFO]    [PING OK] DE | VLESS | 3513ms
2026-02-27 12:00:32 [INFO]    [PING OK] US | VLESS | 3426ms
2026-02-27 12:00:32 [INFO]    [PING OK] DE | VLESS | 5818ms
2026-02-27 12:00:32 [INFO]    [PING OK] LT | VLESS | 5932ms
2026-02-27 12:00:32 [INFO]    [PING OK] FR | VLESS | 4058ms
2026-02-27 12:00:33 [INFO]    [PING OK] PL | VLESS | 3688ms
2026-02-27 12:00:33 [INFO]    [PING OK] TR | VLESS | 3793ms
2026-02-27 12:00:33 [INFO]    [PING OK] DE | VLESS | 3918ms
2026-02-27 12:00:34 [INFO]    [PING OK] DE | VLESS | 3971ms
2026-02-27 12:00:34 [INFO]    [PING OK] DE | VLESS | 4138ms
2026-02-27 12:00:34 [INFO]    [PING OK] PL | VLESS | 4021ms
2026-02-27 12:00:35 [INFO]    [PING OK] PL | VLESS | 4077ms
2026-02-27 12:00:35 [INFO]    [PING OK] FI | VLESS | 4214ms
2026-02-27 12:00:35 [INFO]    [PING OK] PL | VLESS | 4195ms
2026-02-27 12:00:35 [INFO]    [PING OK] KZ | VLESS | 4150ms
2026-02-27 12:00:35 [INFO]    [PING OK] DE | VLESS | 3964ms
2026-02-27 12:00:36 [INFO]    [PING OK] FI | VLESS | 5295ms
2026-02-27 12:00:36 [INFO]    [PING OK] FI | VLESS | 6196ms
2026-02-27 12:00:36 [INFO]    [PING OK] LV | VLESS | 2726ms
2026-02-27 12:00:36 [INFO]    [PING OK] DE | VLESS | 1077ms
2026-02-27 12:00:37 [INFO]    [PING OK] DE | VLESS | 3379ms
2026-02-27 12:00:37 [INFO]    [PING OK] TW | VLESS | 3699ms
2026-02-27 12:00:37 [INFO]    [PING OK] SG | VLESS | 2091ms
2026-02-27 12:00:37 [INFO]    [PING OK] SG | VLESS | 2019ms
2026-02-27 12:00:37 [INFO]    [PING OK] CA | VLESS | 7539ms
2026-02-27 12:00:37 [INFO]    [PING OK] DE | VLESS | 3402ms
2026-02-27 12:00:41 [INFO] 🏎️ ЭТАП 2: Глубокий замер скорости для 40 иностранных кандидатов...
2026-02-27 12:00:46 [INFO]    🏆 DE | VLESS | Пинг: 1077ms | Скорость: 5.72 Mbps ⚡⚡
2026-02-27 12:00:46 [INFO]    🏆 DE | VLESS | Пинг: 3392ms | Скорость: 5.56 Mbps ⚡⚡
2026-02-27 12:00:46 [INFO]    🏆 FI | VLESS | Пинг: 3421ms | Скорость: 5.68 Mbps ⚡⚡
2026-02-27 12:00:46 [INFO]    🏆 DE | VLESS | Пинг: 3420ms | Скорость: 5.61 Mbps ⚡⚡
2026-02-27 12:00:46 [INFO]    🏆 TR | VLESS | Пинг: 3396ms | Скорость: 5.43 Mbps ⚡⚡
2026-02-27 12:00:46 [INFO]    🏆 FI | VLESS | Пинг: 3412ms | Скорость: 5.58 Mbps ⚡⚡
2026-02-27 12:00:46 [INFO]    🏆 US | VLESS | Пинг: 3426ms | Скорость: 5.47 Mbps ⚡⚡
2026-02-27 12:00:46 [INFO]    🏆 TR | VLESS | Пинг: 3294ms | Скорость: 5.17 Mbps ⚡⚡
2026-02-27 12:00:46 [INFO]    🏆 SG | VLESS | Пинг: 2019ms | Скорость: 5.13 Mbps ⚡⚡
2026-02-27 12:00:46 [INFO]    🏆 SG | VLESS | Пинг: 2091ms | Скорость: 5.14 Mbps ⚡⚡
2026-02-27 12:00:46 [INFO]    🏆 LV | VLESS | Пинг: 2726ms | Скорость: 5.0 Mbps ⚡⚡
2026-02-27 12:00:46 [INFO]    🏆 DE | VLESS | Пинг: 3379ms | Скорость: 4.61 Mbps ⚡⚡
2026-02-27 12:00:47 [INFO]    🏆 DE | VLESS | Пинг: 3402ms | Скорость: 4.52 Mbps ⚡⚡
2026-02-27 12:00:48 [INFO]    🏆 FI | VLESS | Пинг: 3443ms | Скорость: 10.79 Mbps ⚡⚡
2026-02-27 12:00:50 [INFO]    🏆 DE | VLESS | Пинг: 3470ms | Скорость: 6.16 Mbps ⚡⚡
2026-02-27 12:00:50 [INFO]    🏆 DE | VLESS | Пинг: 3513ms | Скорость: 6.14 Mbps ⚡⚡
2026-02-27 12:00:50 [INFO]    🏆 TR | VLESS | Пинг: 3437ms | Скорость: 5.63 Mbps ⚡⚡
2026-02-27 12:00:50 [INFO]    🏆 PL | VLESS | Пинг: 3660ms | Скорость: 6.24 Mbps ⚡⚡
2026-02-27 12:00:50 [INFO]    🏆 NL | VLESS | Пинг: 3642ms | Скорость: 6.25 Mbps ⚡⚡
2026-02-27 12:00:50 [INFO]    🏆 HU | VLESS | Пинг: 3560ms | Скорость: 6.12 Mbps ⚡⚡
2026-02-27 12:00:50 [INFO]    🏆 DE | VLESS | Пинг: 3558ms | Скорость: 5.75 Mbps ⚡⚡
2026-02-27 12:00:50 [INFO]    🏆 ES | VLESS | Пинг: 3672ms | Скорость: 6.1 Mbps ⚡⚡
2026-02-27 12:00:50 [INFO]    🏆 PL | VLESS | Пинг: 3688ms | Скорость: 6.64 Mbps ⚡⚡
2026-02-27 12:00:50 [INFO]    🏆 SE | VLESS | Пинг: 3543ms | Скорость: 5.08 Mbps ⚡⚡
2026-02-27 12:00:50 [INFO]    🏆 LV | VLESS | Пинг: 3611ms | Скорость: 5.27 Mbps ⚡⚡
2026-02-27 12:00:52 [INFO]    🏆 PL | VLESS | Пинг: 3724ms | Скорость: 19.48 Mbps ⚡⚡
2026-02-27 12:00:52 [INFO]    🏆 TR | VLESS | Пинг: 3793ms | Скорость: 13.24 Mbps ⚡⚡
2026-02-27 12:00:52 [INFO]    🏆 PL | VLESS | Пинг: 3770ms | Скорость: 12.01 Mbps ⚡⚡
2026-02-27 12:00:52 [INFO]    🏆 DE | VLESS | Пинг: 3803ms | Скорость: 12.93 Mbps ⚡⚡
2026-02-27 12:00:53 [INFO]    🏆 US | VLESS | Пинг: 3790ms | Скорость: 10.14 Mbps ⚡⚡
2026-02-27 12:00:54 [INFO]    🏆 TW | VLESS | Пинг: 3699ms | Скорость: 4.29 Mbps ⚡⚡
2026-02-27 12:00:57 [INFO]    🏆 CA | VLESS | Пинг: 3753ms | Скорость: 2.17 Mbps ⚡
2026-02-27 12:00:57 [INFO]    🏆 EE | VLESS | Пинг: 3757ms | Скорость: 1.1 Mbps 
2026-02-27 12:00:57 [INFO]    🏆 EE | VLESS | Пинг: 3776ms | Скорость: 1.64 Mbps ⚡
2026-02-27 12:00:57 [INFO]    🏆 US | VLESS | Пинг: 3774ms | Скорость: 2.96 Mbps ⚡
2026-02-27 12:00:57 [INFO] 📊 Итого в подписке сохранено иностранных серверов: 10
2026-02-27 12:00:57 [INFO] 💾 Файл успешно сохранен: FL1PVPN
