2026-02-18 20:30:06 [INFO] 🚀 START: Smart VLESS Selector (Target: 10, Strict Mode)
2026-02-18 20:30:06 [INFO] 🌐 Загрузка источников...
2026-02-18 20:30:09 [INFO] 🔍 Уникальных конфигов собрано: 699
2026-02-18 20:30:09 [INFO] ⚡ ЭТАП 1: Быстрый замер Пинга (Workers: 25)...
2026-02-18 20:30:10 [INFO]    [PING OK] RU | 413ms
2026-02-18 20:30:10 [INFO]    [PING OK] DE | 176ms
2026-02-18 20:30:11 [INFO]    [PING OK] TR | 261ms
2026-02-18 20:30:11 [INFO]    [PING OK] RU | 156ms
2026-02-18 20:30:12 [INFO]    [PING OK] IT | 1680ms
2026-02-18 20:30:12 [INFO]    [PING OK] DE | 529ms
2026-02-18 20:30:14 [INFO]    [PING OK] RU | 3086ms
2026-02-18 20:30:15 [INFO]    [PING OK] KR | 4825ms
2026-02-18 20:30:17 [INFO]    [PING OK] IT | 584ms
2026-02-18 20:30:19 [INFO]    [PING OK] RU | 386ms
2026-02-18 20:30:19 [INFO]    [PING OK] TR | 294ms
2026-02-18 20:30:19 [INFO]    [PING OK] DE | 3551ms
2026-02-18 20:30:19 [INFO]    [PING OK] RU | 3334ms
2026-02-18 20:30:20 [INFO]    [PING OK] DE | 143ms
2026-02-18 20:30:20 [INFO]    [PING OK] RU | 1721ms
2026-02-18 20:30:20 [INFO]    [PING OK] RU | 252ms
2026-02-18 20:30:21 [INFO]    [PING OK] TR | 129ms
2026-02-18 20:30:21 [INFO]    [PING OK] RU | 189ms
2026-02-18 20:30:22 [INFO]    [PING OK] RU | 2076ms
2026-02-18 20:30:22 [INFO]    [PING OK] RU | 275ms
2026-02-18 20:30:22 [INFO]    [PING OK] RU | 590ms
2026-02-18 20:30:22 [INFO]    [PING OK] RU | 297ms
2026-02-18 20:30:23 [INFO]    [PING OK] RU | 957ms
2026-02-18 20:30:23 [INFO]    [PING OK] RU | 217ms
2026-02-18 20:30:23 [INFO]    [PING OK] RU | 336ms
2026-02-18 20:30:23 [INFO]    [PING OK] RU | 245ms
2026-02-18 20:30:24 [INFO]    [PING OK] RU | 909ms
2026-02-18 20:30:24 [INFO]    [PING OK] RU | 271ms
2026-02-18 20:30:24 [INFO]    [PING OK] RU | 336ms
2026-02-18 20:30:24 [INFO]    [PING OK] RU | 1901ms
2026-02-18 20:30:25 [INFO]    [PING OK] RU | 292ms
2026-02-18 20:30:25 [INFO]    [PING OK] RU | 335ms
2026-02-18 20:30:25 [INFO]    [PING OK] RU | 327ms
2026-02-18 20:30:25 [INFO]    [PING OK] RU | 315ms
2026-02-18 20:30:25 [INFO]    [PING OK] RU | 322ms
2026-02-18 20:30:26 [INFO]    [PING OK] RU | 249ms
2026-02-18 20:30:26 [INFO]    [PING OK] RU | 1954ms
2026-02-18 20:30:26 [INFO]    [PING OK] RU | 1109ms
2026-02-18 20:30:26 [INFO]    [PING OK] RU | 1900ms
2026-02-18 20:30:26 [INFO]    [PING OK] RU | 1382ms
2026-02-18 20:30:26 [INFO]    [PING OK] RU | 311ms
2026-02-18 20:30:26 [INFO]    [PING OK] RU | 293ms
2026-02-18 20:30:26 [INFO]    [PING OK] RU | 322ms
2026-02-18 20:30:27 [INFO]    [PING OK] RU | 238ms
2026-02-18 20:30:27 [INFO]    [PING OK] RU | 314ms
2026-02-18 20:30:27 [INFO]    [PING OK] RU | 1019ms
2026-02-18 20:30:27 [INFO]    [PING OK] RU | 318ms
2026-02-18 20:30:27 [INFO]    [PING OK] RU | 311ms
2026-02-18 20:30:27 [INFO]    [PING OK] RU | 1461ms
2026-02-18 20:30:27 [INFO]    [PING OK] RU | 318ms
2026-02-18 20:30:27 [INFO]    [PING OK] RU | 307ms
2026-02-18 20:30:27 [INFO]    [PING OK] RU | 4408ms
2026-02-18 20:30:27 [INFO]    [PING OK] RU | 459ms
2026-02-18 20:30:27 [INFO]    [PING OK] RU | 842ms
2026-02-18 20:30:28 [INFO]    [PING OK] RU | 861ms
2026-02-18 20:30:28 [INFO]    [PING OK] RU | 123ms
2026-02-18 20:30:28 [INFO]    [PING OK] RU | 663ms
2026-02-18 20:30:28 [INFO]    [PING OK] RU | 165ms
2026-02-18 20:30:28 [INFO]    [PING OK] RU | 1855ms
2026-02-18 20:30:28 [INFO]    [PING OK] ES | 234ms
2026-02-18 20:30:29 [INFO]    [PING OK] RU | 1426ms
2026-02-18 20:30:29 [INFO]    [PING OK] SE | 146ms
2026-02-18 20:30:29 [INFO]    [PING OK] US | 1710ms
2026-02-18 20:30:29 [INFO]    [PING OK] UZ | 311ms
2026-02-18 20:30:29 [INFO]    [PING OK] RU | 1343ms
2026-02-18 20:30:30 [INFO]    [PING OK] CY | 383ms
2026-02-18 20:30:30 [INFO]    [PING OK] FR | 817ms
2026-02-18 20:30:30 [INFO]    [PING OK] US | 614ms
2026-02-18 20:30:32 [INFO]    [PING OK] JP | 404ms
2026-02-18 20:30:34 [INFO]    [PING OK] IT | 557ms
2026-02-18 20:30:35 [INFO]    [PING OK] PL | 123ms
2026-02-18 20:30:35 [INFO]    [PING OK] MD | 161ms
2026-02-18 20:30:36 [INFO]    [PING OK] MD | 198ms
2026-02-18 20:30:37 [INFO]    [PING OK] DE | 226ms
2026-02-18 20:30:37 [INFO]    [PING OK] DE | 201ms
2026-02-18 20:30:38 [INFO]    [PING OK] FI | 152ms
2026-02-18 20:30:38 [INFO]    [PING OK] NL | 4403ms
2026-02-18 20:30:39 [INFO]    [PING OK] IN | 730ms
2026-02-18 20:30:39 [INFO]    [PING OK] PL | 151ms
2026-02-18 20:30:40 [INFO]    [PING OK] MD | 183ms
2026-02-18 20:30:41 [INFO]    [PING OK] AU | 143ms
2026-02-18 20:30:41 [INFO]    [PING OK] AT | 233ms
2026-02-18 20:30:41 [INFO]    [PING OK] LV | 527ms
2026-02-18 20:30:42 [INFO]    [PING OK] NL | 232ms
2026-02-18 20:31:14 [INFO] 🏎️ ЭТАП 2: Глубокий замер скорости для ТОП-10 серверов...
2026-02-18 20:31:21 [INFO]    🏆 PL | Пинг: 123ms | Скорость: 8.66 Mbps ⚡⚡
2026-02-18 20:31:21 [INFO]    🏆 TR | Пинг: 129ms | Скорость: 8.57 Mbps ⚡⚡
2026-02-18 20:31:21 [INFO]    🏆 DE | Пинг: 143ms | Скорость: 0.0 Mbps 
2026-02-18 20:31:21 [INFO]    🏆 AU | Пинг: 143ms | Скорость: 0.0 Mbps 
2026-02-18 20:31:21 [INFO]    🏆 SE | Пинг: 146ms | Скорость: 8.6 Mbps ⚡⚡
2026-02-18 20:31:21 [INFO]    🏆 PL | Пинг: 151ms | Скорость: 8.66 Mbps ⚡⚡
2026-02-18 20:31:21 [INFO]    🏆 FI | Пинг: 152ms | Скорость: 9.0 Mbps ⚡⚡
2026-02-18 20:31:21 [INFO]    🏆 MD | Пинг: 161ms | Скорость: 1.28 Mbps 
2026-02-18 20:31:21 [INFO]    🏆 DE | Пинг: 176ms | Скорость: 0.0 Mbps 
2026-02-18 20:31:21 [INFO]    🏆 RU | Пинг: 123ms | Скорость: 9.09 Mbps ⚡⚡
2026-02-18 20:31:21 [INFO] 🇷🇺 Добавлен RU сервер: 217.16.27.217
2026-02-18 20:31:21 [INFO] 📊 Итого в подписке сохранено: 10 серверов
2026-02-18 20:31:21 [INFO] 💾 Файл успешно сохранен: FL1PVPN
