2026-02-26 18:20:05 [INFO] 🚀 START: Smart Selector (Target: 10, ONLY FOREIGN)
2026-02-26 18:20:05 [INFO] 🌐 Загрузка источников (VLESS + VMess)...
2026-02-26 18:20:12 [INFO] 🔍 Уникальных конфигов собрано: 225
2026-02-26 18:20:12 [INFO] ⚡ ЭТАП 1: Замер Пинга и Геолокации. Workers: 40...
2026-02-26 18:20:17 [INFO]    [PING OK] DE | VLESS | 4638ms
2026-02-26 18:20:17 [INFO]    [PING OK] FI | VLESS | 4370ms
2026-02-26 18:20:17 [INFO]    [PING OK] DE | VLESS | 4283ms
2026-02-26 18:20:17 [INFO]    [PING OK] DE | VLESS | 4570ms
2026-02-26 18:20:17 [INFO]    [PING OK] CA | VLESS | 4332ms
2026-02-26 18:20:17 [INFO]    [PING OK] CA | VLESS | 4435ms
2026-02-26 18:20:17 [INFO]    [PING OK] US | VLESS | 4385ms
2026-02-26 18:20:18 [INFO]    [PING OK] IT | VLESS | 4333ms
2026-02-26 18:20:18 [INFO]    [PING OK] FI | VLESS | 4749ms
2026-02-26 18:20:18 [INFO]    [PING OK] LT | VLESS | 4794ms
2026-02-26 18:20:18 [INFO]    [PING OK] DE | VLESS | 4340ms
2026-02-26 18:20:18 [INFO]    [PING OK] FR | VLESS | 5012ms
2026-02-26 18:20:18 [INFO]    [PING OK] ES | VLESS | 3706ms
2026-02-26 18:20:18 [INFO]    [PING OK] ES | VLESS | 3759ms
2026-02-26 18:20:19 [INFO]    [PING OK] NL | VLESS | 3488ms
2026-02-26 18:20:20 [INFO]    [PING OK] DE | VLESS | 4386ms
2026-02-26 18:20:20 [INFO]    [PING OK] FR | VLESS | 4438ms
2026-02-26 18:20:21 [INFO]    [PING OK] DE | VLESS | 2938ms
2026-02-26 18:20:21 [INFO]    [PING OK] FI | VLESS | 3324ms
2026-02-26 18:20:21 [INFO]    [PING OK] PL | VLESS | 3012ms
2026-02-26 18:20:21 [INFO]    [PING OK] FI | VLESS | 3203ms
2026-02-26 18:20:21 [INFO]    [PING OK] TR | VLESS | 2951ms
2026-02-26 18:20:21 [INFO]    [PING OK] PL | VLESS | 2882ms
2026-02-26 18:20:22 [INFO]    [PING OK] DE | VLESS | 2777ms
2026-02-26 18:20:22 [INFO]    [PING OK] US | VLESS | 2973ms
2026-02-26 18:20:22 [INFO]    [PING OK] CH | VLESS | 2774ms
2026-02-26 18:20:22 [INFO]    [PING OK] US | VLESS | 6987ms
2026-02-26 18:20:22 [INFO]    [PING OK] NL | VLESS | 2844ms
2026-02-26 18:20:22 [INFO]    [PING OK] CH | VLESS | 3300ms
2026-02-26 18:20:23 [INFO]    [PING OK] DE | VLESS | 4665ms
2026-02-26 18:20:23 [INFO]    [PING OK] DE | VLESS | 3076ms
2026-02-26 18:20:23 [INFO]    [PING OK] ES | VLESS | 4327ms
2026-02-26 18:20:23 [INFO]    [PING OK] NL | VLESS | 3029ms
2026-02-26 18:20:24 [INFO]    [PING OK] DE | VLESS | 5669ms
2026-02-26 18:20:24 [INFO]    [PING OK] HK | VLESS | 3404ms
2026-02-26 18:20:24 [INFO]    [PING OK] HU | VLESS | 4385ms
2026-02-26 18:20:24 [INFO]    [PING OK] NL | VLESS | 3572ms
2026-02-26 18:20:25 [INFO]    [PING OK] TR | VLESS | 3590ms
2026-02-26 18:20:26 [INFO]    [PING OK] SE | VLESS | 3818ms
2026-02-26 18:20:26 [INFO]    [PING OK] US | VLESS | 7143ms
2026-02-26 18:20:26 [INFO]    [PING OK] NL | VLESS | 4188ms
2026-02-26 18:20:26 [INFO]    [PING OK] NL | VLESS | 3911ms
2026-02-26 18:20:27 [INFO]    [PING OK] FI | VLESS | 4176ms
2026-02-26 18:20:27 [INFO]    [PING OK] DE | VLESS | 4004ms
2026-02-26 18:20:27 [INFO]    [PING OK] ES | VLESS | 4120ms
2026-02-26 18:20:27 [INFO]    [PING OK] DE | VLESS | 3978ms
2026-02-26 18:20:27 [INFO]    [PING OK] IT | VLESS | 3836ms
2026-02-26 18:20:27 [INFO]    [PING OK] TR | VLESS | 3945ms
2026-02-26 18:20:27 [INFO]    [PING OK] LV | VLESS | 4041ms
2026-02-26 18:20:27 [INFO]    [PING OK] HU | VLESS | 4291ms
2026-02-26 18:20:27 [INFO]    [PING OK] US | VLESS | 3478ms
2026-02-26 18:20:27 [INFO]    [PING OK] DE | VLESS | 3798ms
2026-02-26 18:20:28 [INFO]    [PING OK] FI | VLESS | 3271ms
2026-02-26 18:20:28 [INFO]    [PING OK] US | VLESS | 3786ms
2026-02-26 18:20:28 [INFO]    [PING OK] CA | VLESS | 4057ms
2026-02-26 18:20:29 [INFO]    [PING OK] DE | VLESS | 5781ms
2026-02-26 18:20:29 [INFO]    [PING OK] FR | VLESS | 3298ms
2026-02-26 18:20:29 [INFO]    [PING OK] IT | VLESS | 3279ms
2026-02-26 18:20:29 [INFO]    [PING OK] NL | VLESS | 3572ms
2026-02-26 18:20:31 [INFO]    [PING OK] DE | VLESS | 4257ms
2026-02-26 18:20:31 [INFO]    [PING OK] DE | VLESS | 3832ms
2026-02-26 18:20:32 [INFO]    [PING OK] PL | VLESS | 4151ms
2026-02-26 18:20:32 [INFO]    [PING OK] DE | VLESS | 9048ms
2026-02-26 18:20:32 [INFO]    [PING OK] LV | VLESS | 4330ms
2026-02-26 18:20:32 [INFO]    [PING OK] ES | VLESS | 4565ms
2026-02-26 18:20:32 [INFO]    [PING OK] NL | VLESS | 4353ms
2026-02-26 18:20:32 [INFO]    [PING OK] TR | VLESS | 4702ms
2026-02-26 18:20:33 [INFO]    [PING OK] US | VLESS | 4856ms
2026-02-26 18:20:33 [INFO]    [PING OK] ES | VLESS | 4944ms
2026-02-26 18:20:33 [INFO]    [PING OK] LV | VLESS | 4432ms
2026-02-26 18:20:33 [INFO]    [PING OK] ES | VLESS | 4362ms
2026-02-26 18:20:33 [INFO]    [PING OK] NL | VLESS | 5486ms
2026-02-26 18:20:33 [INFO]    [PING OK] CA | VLESS | 5598ms
2026-02-26 18:20:34 [INFO]    [PING OK] US | VLESS | 5521ms
2026-02-26 18:20:34 [INFO]    [PING OK] PL | VLESS | 4725ms
2026-02-26 18:20:35 [INFO]    [PING OK] CA | VLESS | 4944ms
2026-02-26 18:20:35 [INFO]    [PING OK] CA | VLESS | 5152ms
2026-02-26 18:20:36 [INFO]    [PING OK] DE | VLESS | 6818ms
2026-02-26 18:20:36 [INFO]    [PING OK] US | VLESS | 6161ms
2026-02-26 18:20:36 [INFO]    [PING OK] NL | VLESS | 4116ms
2026-02-26 18:20:36 [INFO]    [PING OK] CA | VLESS | 4844ms
2026-02-26 18:20:36 [INFO]    [PING OK] PL | VLESS | 3550ms
2026-02-26 18:20:37 [INFO]    [PING OK] CA | VLESS | 4142ms
2026-02-26 18:20:37 [INFO]    [PING OK] DE | VLESS | 9907ms
2026-02-26 18:20:37 [INFO]    [PING OK] US | VLESS | 3620ms
2026-02-26 18:20:38 [INFO]    [PING OK] TR | VLESS | 5455ms
2026-02-26 18:20:39 [INFO]    [PING OK] TW | VLESS | 6482ms
2026-02-26 18:20:40 [INFO]    [PING OK] CA | VLESS | 6073ms
2026-02-26 18:20:41 [INFO]    [PING OK] TR | VLESS | 7060ms
2026-02-26 18:20:41 [INFO]    [PING OK] DE | VLESS | 9363ms
2026-02-26 18:20:41 [INFO]    [PING OK] CA | VLESS | 7735ms
2026-02-26 18:20:43 [INFO] 🏎️ ЭТАП 2: Глубокий замер скорости для 40 иностранных кандидатов...
2026-02-26 18:20:46 [INFO]    🏆 DE | VLESS | Пинг: 2777ms | Скорость: 8.05 Mbps ⚡⚡
2026-02-26 18:20:46 [INFO]    🏆 PL | VLESS | Пинг: 3012ms | Скорость: 7.71 Mbps ⚡⚡
2026-02-26 18:20:46 [INFO]    🏆 DE | VLESS | Пинг: 2938ms | Скорость: 7.36 Mbps ⚡⚡
2026-02-26 18:20:46 [INFO]    🏆 DE | VLESS | Пинг: 3076ms | Скорость: 7.81 Mbps ⚡⚡
2026-02-26 18:20:47 [INFO]    🏆 CH | VLESS | Пинг: 2774ms | Скорость: 6.3 Mbps ⚡⚡
2026-02-26 18:20:47 [INFO]    🏆 US | VLESS | Пинг: 2973ms | Скорость: 6.46 Mbps ⚡⚡
2026-02-26 18:20:47 [INFO]    🏆 NL | VLESS | Пинг: 3029ms | Скорость: 6.37 Mbps ⚡⚡
2026-02-26 18:20:47 [INFO]    🏆 CH | VLESS | Пинг: 3300ms | Скорость: 5.7 Mbps ⚡⚡
2026-02-26 18:20:49 [INFO]    🏆 US | VLESS | Пинг: 3478ms | Скорость: 13.21 Mbps ⚡⚡
2026-02-26 18:20:49 [INFO]    🏆 PL | VLESS | Пинг: 3550ms | Скорость: 16.7 Mbps ⚡⚡
2026-02-26 18:20:50 [INFO]    🏆 NL | VLESS | Пинг: 2844ms | Скорость: 1.36 Mbps 
2026-02-26 18:20:50 [INFO]    🏆 NL | VLESS | Пинг: 3488ms | Скорость: 7.84 Mbps ⚡⚡
2026-02-26 18:20:50 [INFO]    🏆 PL | VLESS | Пинг: 2882ms | Скорость: 2.9 Mbps ⚡
2026-02-26 18:20:50 [INFO]    🏆 TR | VLESS | Пинг: 2951ms | Скорость: 2.97 Mbps ⚡
2026-02-26 18:20:50 [INFO]    🏆 TR | VLESS | Пинг: 3590ms | Скорость: 9.04 Mbps ⚡⚡
2026-02-26 18:20:50 [INFO]    🏆 HK | VLESS | Пинг: 3404ms | Скорость: 6.12 Mbps ⚡⚡
2026-02-26 18:20:51 [INFO]    🏆 NL | VLESS | Пинг: 3572ms | Скорость: 6.41 Mbps ⚡⚡
2026-02-26 18:20:51 [INFO]    🏆 US | VLESS | Пинг: 3620ms | Скорость: 6.06 Mbps ⚡⚡
2026-02-26 18:20:52 [INFO]    🏆 SE | VLESS | Пинг: 3818ms | Скорость: 9.63 Mbps ⚡⚡
2026-02-26 18:20:53 [INFO]    🏆 DE | VLESS | Пинг: 3798ms | Скорость: 9.2 Mbps ⚡⚡
2026-02-26 18:20:53 [INFO]    🏆 DE | VLESS | Пинг: 3832ms | Скорость: 9.13 Mbps ⚡⚡
2026-02-26 18:20:53 [INFO]    🏆 DE | VLESS | Пинг: 4004ms | Скорость: 11.44 Mbps ⚡⚡
2026-02-26 18:20:53 [INFO]    🏆 US | VLESS | Пинг: 3786ms | Скорость: 6.96 Mbps ⚡⚡
2026-02-26 18:20:54 [INFO]    🏆 NL | VLESS | Пинг: 3572ms | Скорость: 0.74 Mbps 
2026-02-26 18:20:54 [INFO]    🏆 DE | VLESS | Пинг: 3978ms | Скорость: 7.26 Mbps ⚡⚡
2026-02-26 18:20:54 [INFO]    🏆 ES | VLESS | Пинг: 3759ms | Скорость: 4.14 Mbps ⚡⚡
2026-02-26 18:20:54 [INFO]    🏆 LV | VLESS | Пинг: 4041ms | Скорость: 9.48 Mbps ⚡⚡
2026-02-26 18:20:55 [INFO]    🏆 ES | VLESS | Пинг: 3706ms | Скорость: 1.0 Mbps 
2026-02-26 18:20:57 [INFO]    🏆 NL | VLESS | Пинг: 3911ms | Скорость: 2.22 Mbps ⚡
2026-02-26 18:20:59 [INFO] 📊 Итого в подписке сохранено иностранных серверов: 10
2026-02-26 18:20:59 [INFO] 💾 Файл успешно сохранен: FL1PVPN
