2026-02-22 21:50:06 [INFO] 🚀 START: Smart Selector (Target: 10, ONLY FOREIGN)
2026-02-22 21:50:06 [INFO] 🌐 Загрузка источников (VLESS + VMess)...
2026-02-22 21:50:17 [INFO] 🔍 Уникальных конфигов собрано: 247
2026-02-22 21:50:17 [INFO] ⚡ ЭТАП 1: Замер Пинга и Геолокации. Workers: 40...
2026-02-22 21:50:23 [INFO]    [PING OK] CZ | VLESS | 4630ms
2026-02-22 21:50:23 [INFO]    [PING OK] IT | VLESS | 4126ms
2026-02-22 21:50:24 [INFO]    [PING OK] DE | VLESS | 5405ms
2026-02-22 21:50:24 [INFO]    [PING OK] DE | VLESS | 6020ms
2026-02-22 21:50:25 [INFO]    [PING OK] DE | VLESS | 4177ms
2026-02-22 21:50:25 [INFO]    [PING OK] DE | VLESS | 5571ms
2026-02-22 21:50:25 [INFO]    [PING OK] DE | VLESS | 5716ms
2026-02-22 21:50:25 [INFO]    [PING OK] ES | VLESS | 3494ms
2026-02-22 21:50:27 [INFO]    [PING OK] ES | VLESS | 3555ms
2026-02-22 21:50:27 [INFO]    [PING OK] DE | VLESS | 3909ms
2026-02-22 21:50:27 [INFO]    [PING OK] DE | VLESS | 8833ms
2026-02-22 21:50:27 [INFO]    [PING OK] TR | VLESS | 3977ms
2026-02-22 21:50:28 [INFO]    [PING OK] HU | VLESS | 3835ms
2026-02-22 21:50:28 [INFO]    [PING OK] PL | VLESS | 3796ms
2026-02-22 21:50:28 [INFO]    [PING OK] DE | VLESS | 3997ms
2026-02-22 21:50:28 [INFO]    [PING OK] PL | VLESS | 3984ms
2026-02-22 21:50:28 [INFO]    [PING OK] TR | VLESS | 4019ms
2026-02-22 21:50:28 [INFO]    [PING OK] ES | VLESS | 3902ms
2026-02-22 21:50:28 [INFO]    [PING OK] HU | VLESS | 4331ms
2026-02-22 21:50:29 [INFO]    [PING OK] HU | VLESS | 3807ms
2026-02-22 21:50:29 [INFO]    [PING OK] PL | VLESS | 4154ms
2026-02-22 21:50:29 [INFO]    [PING OK] HU | VLESS | 3894ms
2026-02-22 21:50:29 [INFO]    [PING OK] US | VLESS | 4069ms
2026-02-22 21:50:30 [INFO]    [PING OK] EE | VLESS | 4709ms
2026-02-22 21:50:30 [INFO]    [PING OK] ES | VLESS | 3875ms
2026-02-22 21:50:30 [INFO]    [PING OK] CA | VLESS | 5108ms
2026-02-22 21:50:30 [INFO]    [PING OK] TR | VLESS | 4449ms
2026-02-22 21:50:30 [INFO]    [PING OK] TR | VLESS | 3737ms
2026-02-22 21:50:31 [INFO]    [PING OK] ES | VLESS | 3680ms
2026-02-22 21:50:31 [INFO]    [PING OK] PL | VLESS | 3717ms
2026-02-22 21:50:32 [INFO]    [PING OK] HU | VLESS | 3719ms
2026-02-22 21:50:32 [INFO]    [PING OK] ES | VLESS | 3789ms
2026-02-22 21:50:32 [INFO]    [PING OK] ES | VLESS | 3890ms
2026-02-22 21:50:32 [INFO]    [PING OK] DE | VLESS | 8645ms
2026-02-22 21:50:32 [INFO]    [PING OK] PL | VLESS | 3973ms
2026-02-22 21:50:32 [INFO]    [PING OK] PL | VLESS | 3956ms
2026-02-22 21:50:32 [INFO]    [PING OK] HU | VLESS | 3699ms
2026-02-22 21:50:33 [INFO]    [PING OK] CA | VLESS | 6416ms
2026-02-22 21:50:34 [INFO]    [PING OK] CA | VLESS | 4571ms
2026-02-22 21:50:34 [INFO]    [PING OK] PL | VLESS | 4167ms
2026-02-22 21:50:35 [INFO]    [PING OK] IT | VLESS | 6371ms
2026-02-22 21:50:35 [INFO]    [PING OK] DE | VLESS | 10268ms
2026-02-22 21:50:35 [INFO]    [PING OK] DE | VLESS | 5720ms
2026-02-22 21:50:36 [INFO]    [PING OK] CA | VLESS | 5056ms
2026-02-22 21:50:36 [INFO]    [PING OK] CA | VLESS | 5510ms
2026-02-22 21:50:36 [INFO]    [PING OK] PL | VLESS | 7180ms
2026-02-22 21:50:38 [INFO]    [PING OK] DE | VLESS | 5533ms
2026-02-22 21:50:39 [INFO]    [PING OK] CA | VLESS | 6275ms
2026-02-22 21:50:39 [INFO]    [PING OK] US | VLESS | 6061ms
2026-02-22 21:50:40 [INFO]    [PING OK] CA | VLESS | 6710ms
2026-02-22 21:50:40 [INFO]    [PING OK] DE | VLESS | 6045ms
2026-02-22 21:50:41 [INFO]    [PING OK] CA | VLESS | 6231ms
2026-02-22 21:50:41 [INFO]    [PING OK] US | VLESS | 5802ms
2026-02-22 21:50:41 [INFO]    [PING OK] CA | VLESS | 6225ms
2026-02-22 21:50:43 [INFO]    [PING OK] NL | VLESS | 2588ms
2026-02-22 21:50:43 [INFO]    [PING OK] CA | VLESS | 2434ms
2026-02-22 21:50:43 [INFO]    [PING OK] NL | VLESS | 2263ms
2026-02-22 21:50:48 [INFO] 🏎️ ЭТАП 2: Глубокий замер скорости для 40 иностранных кандидатов...
2026-02-22 21:50:51 [INFO]    🏆 NL | VLESS | Пинг: 2588ms | Скорость: 6.87 Mbps ⚡⚡
2026-02-22 21:50:51 [INFO]    🏆 HU | VLESS | Пинг: 3699ms | Скорость: 7.29 Mbps ⚡⚡
2026-02-22 21:50:51 [INFO]    🏆 HU | VLESS | Пинг: 3719ms | Скорость: 6.93 Mbps ⚡⚡
2026-02-22 21:50:51 [INFO]    🏆 ES | VLESS | Пинг: 3680ms | Скорость: 6.45 Mbps ⚡⚡
2026-02-22 21:50:52 [INFO]    🏆 PL | VLESS | Пинг: 3796ms | Скорость: 6.79 Mbps ⚡⚡
2026-02-22 21:50:52 [INFO]    🏆 HU | VLESS | Пинг: 3807ms | Скорость: 6.62 Mbps ⚡⚡
2026-02-22 21:50:52 [INFO]    🏆 HU | VLESS | Пинг: 3835ms | Скорость: 6.91 Mbps ⚡⚡
2026-02-22 21:50:52 [INFO]    🏆 TR | VLESS | Пинг: 3737ms | Скорость: 6.44 Mbps ⚡⚡
2026-02-22 21:50:52 [INFO]    🏆 ES | VLESS | Пинг: 3494ms | Скорость: 5.88 Mbps ⚡⚡
2026-02-22 21:50:52 [INFO]    🏆 ES | VLESS | Пинг: 3555ms | Скорость: 5.92 Mbps ⚡⚡
2026-02-22 21:50:52 [INFO]    🏆 ES | VLESS | Пинг: 3875ms | Скорость: 6.7 Mbps ⚡⚡
2026-02-22 21:50:54 [INFO]    🏆 ES | VLESS | Пинг: 3890ms | Скорость: 11.65 Mbps ⚡⚡
2026-02-22 21:50:54 [INFO]    🏆 PL | VLESS | Пинг: 3956ms | Скорость: 11.92 Mbps ⚡⚡
2026-02-22 21:50:54 [INFO]    🏆 PL | VLESS | Пинг: 3984ms | Скорость: 11.89 Mbps ⚡⚡
2026-02-22 21:50:54 [INFO]    🏆 PL | VLESS | Пинг: 3973ms | Скорость: 11.14 Mbps ⚡⚡
2026-02-22 21:50:54 [INFO]    🏆 NL | VLESS | Пинг: 2263ms | Скорость: 1.52 Mbps ⚡
2026-02-22 21:50:54 [INFO]    🏆 DE | VLESS | Пинг: 3997ms | Скорость: 10.8 Mbps ⚡⚡
2026-02-22 21:50:54 [INFO]    🏆 CA | VLESS | Пинг: 2434ms | Скорость: 0.76 Mbps 
2026-02-22 21:50:55 [INFO]    🏆 TR | VLESS | Пинг: 4019ms | Скорость: 9.94 Mbps ⚡⚡
2026-02-22 21:50:55 [INFO]    🏆 PL | VLESS | Пинг: 3717ms | Скорость: 1.54 Mbps ⚡
2026-02-22 21:50:55 [INFO]    🏆 ES | VLESS | Пинг: 3789ms | Скорость: 1.85 Mbps ⚡
2026-02-22 21:50:55 [INFO]    🏆 ES | VLESS | Пинг: 3902ms | Скорость: 7.56 Mbps ⚡⚡
2026-02-22 21:50:55 [INFO]    🏆 TR | VLESS | Пинг: 3977ms | Скорость: 7.29 Mbps ⚡⚡
2026-02-22 21:50:56 [INFO]    🏆 HU | VLESS | Пинг: 3894ms | Скорость: 5.78 Mbps ⚡⚡
2026-02-22 21:50:56 [INFO]    🏆 IT | VLESS | Пинг: 4126ms | Скорость: 11.23 Mbps ⚡⚡
2026-02-22 21:50:57 [INFO]    🏆 PL | VLESS | Пинг: 4154ms | Скорость: 11.04 Mbps ⚡⚡
2026-02-22 21:50:57 [INFO]    🏆 PL | VLESS | Пинг: 4167ms | Скорость: 10.8 Mbps ⚡⚡
2026-02-22 21:50:58 [INFO]    🏆 TR | VLESS | Пинг: 4449ms | Скорость: 6.78 Mbps ⚡⚡
2026-02-22 21:50:58 [INFO]    🏆 DE | VLESS | Пинг: 5405ms | Скорость: 8.81 Mbps ⚡⚡
2026-02-22 21:51:00 [INFO]    🏆 DE | VLESS | Пинг: 5533ms | Скорость: 5.88 Mbps ⚡⚡
2026-02-22 21:51:01 [INFO]    🏆 HU | VLESS | Пинг: 4331ms | Скорость: 1.48 Mbps 
2026-02-22 21:51:01 [INFO]    🏆 CA | VLESS | Пинг: 5056ms | Скорость: 0.77 Mbps 
2026-02-22 21:51:02 [INFO] 📊 Итого в подписке сохранено иностранных серверов: 10
2026-02-22 21:51:02 [INFO] 💾 Файл успешно сохранен: FL1PVPN
