2026-02-16 23:10:05 [INFO] 🚀 START: Smart VLESS Selector (Target: 10, Strict Mode)
2026-02-16 23:10:05 [INFO] 🌐 Загрузка источников...
2026-02-16 23:10:08 [INFO] 🔍 Уникальных конфигов собрано: 604
2026-02-16 23:10:08 [INFO] ⚡ ЭТАП 1: Быстрый замер Пинга (Workers: 25)...
2026-02-16 23:10:09 [INFO]    [PING OK] FI | 283ms
2026-02-16 23:10:09 [INFO]    [PING OK] RU | 400ms
2026-02-16 23:10:10 [INFO]    [PING OK] DE | 174ms
2026-02-16 23:10:10 [INFO]    [PING OK] DE | 1591ms
2026-02-16 23:10:11 [INFO]    [PING OK] SC | 1938ms
2026-02-16 23:10:11 [INFO]    [PING OK] US | 904ms
2026-02-16 23:10:13 [INFO]    [PING OK] KZ | 379ms
2026-02-16 23:10:13 [INFO]    [PING OK] FR | 208ms
2026-02-16 23:10:13 [INFO]    [PING OK] DE | 171ms
2026-02-16 23:10:14 [INFO]    [PING OK] DE | 184ms
2026-02-16 23:10:16 [INFO]    [PING OK] NL | 149ms
2026-02-16 23:10:16 [INFO]    [PING OK] GB | 179ms
2026-02-16 23:10:16 [INFO]    [PING OK] DE | 290ms
2026-02-16 23:10:17 [INFO]    [PING OK] SG | 134ms
2026-02-16 23:10:17 [INFO]    [PING OK] DE | 177ms
2026-02-16 23:10:17 [INFO]    [PING OK] FR | 199ms
2026-02-16 23:10:17 [INFO]    [PING OK] DE | 165ms
2026-02-16 23:10:19 [INFO]    [PING OK] DE | 452ms
2026-02-16 23:10:19 [INFO]    [PING OK] PL | 192ms
2026-02-16 23:10:19 [INFO]    [PING OK] RU | 102ms
2026-02-16 23:10:19 [INFO]    [PING OK] RU | 98ms
2026-02-16 23:10:20 [INFO]    [PING OK] RU | 86ms
2026-02-16 23:10:20 [INFO]    [PING OK] RU | 234ms
2026-02-16 23:10:20 [INFO]    [PING OK] US | 181ms
2026-02-16 23:10:20 [INFO]    [PING OK] RU | 222ms
2026-02-16 23:10:20 [INFO]    [PING OK] RU | 75ms
2026-02-16 23:10:20 [INFO]    [PING OK] RU | 207ms
2026-02-16 23:10:21 [INFO]    [PING OK] RU | 392ms
2026-02-16 23:10:21 [INFO]    [PING OK] RU | 65ms
2026-02-16 23:10:21 [INFO]    [PING OK] RU | 265ms
2026-02-16 23:10:21 [INFO]    [PING OK] RU | 202ms
2026-02-16 23:10:21 [INFO]    [PING OK] RU | 247ms
2026-02-16 23:10:21 [INFO]    [PING OK] RU | 116ms
2026-02-16 23:10:21 [INFO]    [PING OK] RU | 342ms
2026-02-16 23:10:21 [INFO]    [PING OK] RU | 99ms
2026-02-16 23:10:21 [INFO]    [PING OK] RU | 161ms
2026-02-16 23:10:21 [INFO]    [PING OK] RU | 122ms
2026-02-16 23:10:21 [INFO]    [PING OK] RU | 241ms
2026-02-16 23:10:21 [INFO]    [PING OK] RU | 199ms
2026-02-16 23:10:21 [INFO]    [PING OK] RU | 146ms
2026-02-16 23:10:22 [INFO]    [PING OK] RU | 300ms
2026-02-16 23:10:22 [INFO]    [PING OK] GB | 270ms
2026-02-16 23:10:22 [INFO]    [PING OK] RU | 636ms
2026-02-16 23:10:22 [INFO]    [PING OK] RU | 92ms
2026-02-16 23:10:22 [INFO]    [PING OK] RU | 159ms
2026-02-16 23:10:22 [INFO]    [PING OK] RU | 1254ms
2026-02-16 23:10:22 [INFO]    [PING OK] RU | 198ms
2026-02-16 23:10:22 [INFO]    [PING OK] RU | 56ms
2026-02-16 23:10:22 [INFO]    [PING OK] RU | 209ms
2026-02-16 23:10:22 [INFO]    [PING OK] RU | 83ms
2026-02-16 23:10:22 [INFO]    [PING OK] RU | 201ms
2026-02-16 23:10:22 [INFO]    [PING OK] HU | 311ms
2026-02-16 23:10:22 [INFO]    [PING OK] RU | 119ms
2026-02-16 23:10:22 [INFO]    [PING OK] RU | 50ms
2026-02-16 23:10:22 [INFO]    [PING OK] HU | 318ms
2026-02-16 23:10:22 [INFO]    [PING OK] RU | 347ms
2026-02-16 23:10:22 [INFO]    [PING OK] RU | 993ms
2026-02-16 23:10:23 [INFO]    [PING OK] RU | 64ms
2026-02-16 23:10:23 [INFO]    [PING OK] DE | 137ms
2026-02-16 23:10:23 [INFO]    [PING OK] PL | 150ms
2026-02-16 23:10:23 [INFO]    [PING OK] RU | 140ms
2026-02-16 23:10:23 [INFO]    [PING OK] RU | 154ms
2026-02-16 23:10:23 [INFO]    [PING OK] DE | 153ms
2026-02-16 23:10:23 [INFO]    [PING OK] RU | 95ms
2026-02-16 23:10:23 [INFO]    [PING OK] RU | 205ms
2026-02-16 23:10:23 [INFO]    [PING OK] HU | 318ms
2026-02-16 23:10:23 [INFO]    [PING OK] RU | 54ms
2026-02-16 23:10:23 [INFO]    [PING OK] RU | 488ms
2026-02-16 23:10:24 [INFO]    [PING OK] RU | 208ms
2026-02-16 23:10:24 [INFO]    [PING OK] RU | 64ms
2026-02-16 23:10:24 [INFO]    [PING OK] RU | 68ms
2026-02-16 23:10:24 [INFO]    [PING OK] RU | 135ms
2026-02-16 23:10:24 [INFO]    [PING OK] EE | 400ms
2026-02-16 23:10:24 [INFO]    [PING OK] RU | 808ms
2026-02-16 23:10:24 [INFO]    [PING OK] RU | 122ms
2026-02-16 23:10:24 [INFO]    [PING OK] RU | 419ms
2026-02-16 23:10:24 [INFO]    [PING OK] RU | 283ms
2026-02-16 23:10:24 [INFO]    [PING OK] RU | 124ms
2026-02-16 23:10:24 [INFO]    [PING OK] RU | 222ms
2026-02-16 23:10:25 [INFO]    [PING OK] RU | 821ms
2026-02-16 23:10:25 [INFO]    [PING OK] RU | 90ms
2026-02-16 23:10:25 [INFO]    [PING OK] RU | 277ms
2026-02-16 23:10:25 [INFO]    [PING OK] RU | 212ms
2026-02-16 23:10:25 [INFO]    [PING OK] RU | 213ms
2026-02-16 23:10:25 [INFO]    [PING OK] RU | 209ms
2026-02-16 23:10:25 [INFO]    [PING OK] RU | 289ms
2026-02-16 23:10:25 [INFO]    [PING OK] RU | 175ms
2026-02-16 23:10:25 [INFO]    [PING OK] PL | 152ms
2026-02-16 23:10:25 [INFO]    [PING OK] RU | 247ms
2026-02-16 23:10:25 [INFO]    [PING OK] RU | 497ms
2026-02-16 23:10:25 [INFO]    [PING OK] RU | 345ms
2026-02-16 23:10:25 [INFO]    [PING OK] RU | 174ms
2026-02-16 23:10:25 [INFO]    [PING OK] NL | 189ms
2026-02-16 23:10:25 [INFO]    [PING OK] RU | 346ms
2026-02-16 23:10:26 [INFO]    [PING OK] RU | 247ms
2026-02-16 23:10:26 [INFO]    [PING OK] RU | 46ms
2026-02-16 23:10:26 [INFO]    [PING OK] RU | 199ms
2026-02-16 23:10:26 [INFO]    [PING OK] RU | 50ms
2026-02-16 23:10:26 [INFO]    [PING OK] RU | 64ms
2026-02-16 23:10:26 [INFO]    [PING OK] RU | 294ms
2026-02-16 23:10:26 [INFO]    [PING OK] RU | 88ms
2026-02-16 23:10:26 [INFO]    [PING OK] NL | 221ms
2026-02-16 23:10:26 [INFO]    [PING OK] RU | 219ms
2026-02-16 23:10:26 [INFO]    [PING OK] RU | 280ms
2026-02-16 23:10:26 [INFO]    [PING OK] RU | 202ms
2026-02-16 23:10:26 [INFO]    [PING OK] RU | 198ms
2026-02-16 23:10:27 [INFO]    [PING OK] RU | 291ms
2026-02-16 23:10:27 [INFO]    [PING OK] RU | 1001ms
2026-02-16 23:10:27 [INFO]    [PING OK] RU | 299ms
2026-02-16 23:10:27 [INFO]    [PING OK] RU | 325ms
2026-02-16 23:10:27 [INFO]    [PING OK] RU | 182ms
2026-02-16 23:10:27 [INFO]    [PING OK] RU | 183ms
2026-02-16 23:10:27 [INFO]    [PING OK] RU | 58ms
2026-02-16 23:10:27 [INFO]    [PING OK] RU | 2221ms
2026-02-16 23:10:27 [INFO]    [PING OK] RU | 329ms
2026-02-16 23:10:27 [INFO]    [PING OK] RU | 4819ms
2026-02-16 23:10:27 [INFO]    [PING OK] RU | 179ms
2026-02-16 23:10:27 [INFO]    [PING OK] RU | 386ms
2026-02-16 23:10:27 [INFO]    [PING OK] RU | 227ms
2026-02-16 23:10:27 [INFO]    [PING OK] RU | 265ms
2026-02-16 23:10:27 [INFO]    [PING OK] RU | 275ms
2026-02-16 23:10:28 [INFO]    [PING OK] RU | 1222ms
2026-02-16 23:10:28 [INFO]    [PING OK] RU | 301ms
2026-02-16 23:10:28 [INFO]    [PING OK] RU | 274ms
2026-02-16 23:10:28 [INFO]    [PING OK] RU | 228ms
2026-02-16 23:10:28 [INFO]    [PING OK] NL | 1313ms
2026-02-16 23:10:28 [INFO]    [PING OK] RU | 221ms
2026-02-16 23:10:28 [INFO]    [PING OK] RU | 204ms
2026-02-16 23:10:28 [INFO]    [PING OK] RU | 308ms
2026-02-16 23:10:28 [INFO]    [PING OK] RU | 340ms
2026-02-16 23:10:28 [INFO]    [PING OK] PL | 154ms
2026-02-16 23:10:29 [INFO]    [PING OK] DE | 481ms
2026-02-16 23:10:30 [INFO]    [PING OK] GB | 2075ms
2026-02-16 23:10:30 [INFO]    [PING OK] GB | 2336ms
2026-02-16 23:10:31 [INFO]    [PING OK] US | 622ms
2026-02-16 23:10:32 [INFO]    [PING OK] DE | 162ms
2026-02-16 23:10:34 [INFO]    [PING OK] DE | 175ms
2026-02-16 23:10:35 [INFO]    [PING OK] DE | 184ms
2026-02-16 23:10:44 [INFO]    [PING OK] PL | 336ms
2026-02-16 23:10:45 [INFO]    [PING OK] FR | 163ms
2026-02-16 23:10:47 [INFO]    [PING OK] AT | 207ms
2026-02-16 23:10:47 [INFO]    [PING OK] US | 1134ms
2026-02-16 23:10:48 [INFO]    [PING OK] DE | 172ms
2026-02-16 23:10:48 [INFO]    [PING OK] TR | 287ms
2026-02-16 23:10:50 [INFO]    [PING OK] PL | 888ms
2026-02-16 23:10:53 [INFO]    [PING OK] GR | 86ms
2026-02-16 23:10:54 [INFO]    [PING OK] FI | 228ms
2026-02-16 23:10:56 [INFO]    [PING OK] GB | 405ms
2026-02-16 23:10:57 [INFO]    [PING OK] DE | 151ms
2026-02-16 23:10:57 [INFO]    [PING OK] US | 523ms
2026-02-16 23:10:58 [INFO]    [PING OK] TR | 265ms
2026-02-16 23:10:58 [INFO]    [PING OK] US | 472ms
2026-02-16 23:10:58 [INFO]    [PING OK] NL | 223ms
2026-02-16 23:10:59 [INFO]    [PING OK] FR | 224ms
2026-02-16 23:11:00 [INFO]    [PING OK] DE | 111ms
2026-02-16 23:11:01 [INFO]    [PING OK] PL | 637ms
2026-02-16 23:11:09 [INFO]    [PING OK] US | 509ms
2026-02-16 23:11:11 [INFO]    [PING OK] RU | 256ms
2026-02-16 23:11:15 [INFO]    [PING OK] PL | 131ms
2026-02-16 23:11:15 [INFO]    [PING OK] SE | 206ms
2026-02-16 23:11:18 [INFO]    [PING OK] US | 1068ms
2026-02-16 23:11:18 [INFO]    [PING OK] FI | 233ms
2026-02-16 23:11:19 [INFO]    [PING OK] PL | 102ms
2026-02-16 23:11:20 [INFO]    [PING OK] LV | 326ms
2026-02-16 23:11:20 [INFO]    [PING OK] MD | 171ms
2026-02-16 23:11:21 [INFO]    [PING OK] LV | 176ms
2026-02-16 23:11:24 [INFO] 🏎️ ЭТАП 2: Глубокий замер скорости для ТОП-10 серверов...
2026-02-16 23:11:28 [INFO]    🏆 GR | Пинг: 86ms | Скорость: 8.04 Mbps ⚡⚡
2026-02-16 23:11:28 [INFO]    🏆 PL | Пинг: 102ms | Скорость: 8.11 Mbps ⚡⚡
2026-02-16 23:11:28 [INFO]    🏆 DE | Пинг: 111ms | Скорость: 8.06 Mbps ⚡⚡
2026-02-16 23:11:28 [INFO]    🏆 PL | Пинг: 131ms | Скорость: 8.07 Mbps ⚡⚡
2026-02-16 23:11:28 [INFO]    🏆 SG | Пинг: 134ms | Скорость: 8.16 Mbps ⚡⚡
2026-02-16 23:11:28 [INFO]    🏆 DE | Пинг: 137ms | Скорость: 8.28 Mbps ⚡⚡
2026-02-16 23:11:28 [INFO]    🏆 NL | Пинг: 149ms | Скорость: 8.27 Mbps ⚡⚡
2026-02-16 23:11:28 [INFO]    🏆 PL | Пинг: 150ms | Скорость: 8.4 Mbps ⚡⚡
2026-02-16 23:11:28 [INFO]    🏆 DE | Пинг: 151ms | Скорость: 8.29 Mbps ⚡⚡
2026-02-16 23:11:28 [INFO]    🏆 RU | Пинг: 46ms | Скорость: 0.0 Mbps 
2026-02-16 23:11:28 [INFO] 🇷🇺 Добавлен RU сервер: 95.163.211.158
2026-02-16 23:11:28 [INFO] 📊 Итого в подписке сохранено: 10 серверов
2026-02-16 23:11:28 [INFO] 💾 Файл успешно сохранен: FL1PVPN
