2026-02-17 00:40:06 [INFO] 🚀 START: Smart VLESS Selector (Target: 10, Strict Mode)
2026-02-17 00:40:06 [INFO] 🌐 Загрузка источников...
2026-02-17 00:40:09 [INFO] 🔍 Уникальных конфигов собрано: 604
2026-02-17 00:40:09 [INFO] ⚡ ЭТАП 1: Быстрый замер Пинга (Workers: 25)...
2026-02-17 00:40:10 [INFO]    [PING OK] DE | 177ms
2026-02-17 00:40:10 [INFO]    [PING OK] RU | 136ms
2026-02-17 00:40:11 [INFO]    [PING OK] FR | 231ms
2026-02-17 00:40:11 [INFO]    [PING OK] DE | 1220ms
2026-02-17 00:40:11 [INFO]    [PING OK] DE | 237ms
2026-02-17 00:40:11 [INFO]    [PING OK] FR | 235ms
2026-02-17 00:40:12 [INFO]    [PING OK] DE | 228ms
2026-02-17 00:40:13 [INFO]    [PING OK] DE | 937ms
2026-02-17 00:40:14 [INFO]    [PING OK] FI | 1738ms
2026-02-17 00:40:15 [INFO]    [PING OK] US | 705ms
2026-02-17 00:40:15 [INFO]    [PING OK] NL | 161ms
2026-02-17 00:40:16 [INFO]    [PING OK] RU | 219ms
2026-02-17 00:40:16 [INFO]    [PING OK] DE | 175ms
2026-02-17 00:40:16 [INFO]    [PING OK] GB | 207ms
2026-02-17 00:40:16 [INFO]    [PING OK] DE | 182ms
2026-02-17 00:40:19 [INFO]    [PING OK] DE | 1006ms
2026-02-17 00:40:19 [INFO]    [PING OK] SC | 1542ms
2026-02-17 00:40:19 [INFO]    [PING OK] SG | 131ms
2026-02-17 00:40:20 [INFO]    [PING OK] RU | 311ms
2026-02-17 00:40:20 [INFO]    [PING OK] RU | 243ms
2026-02-17 00:40:20 [INFO]    [PING OK] RU | 85ms
2026-02-17 00:40:20 [INFO]    [PING OK] RU | 104ms
2026-02-17 00:40:20 [INFO]    [PING OK] RU | 104ms
2026-02-17 00:40:21 [INFO]    [PING OK] RU | 259ms
2026-02-17 00:40:21 [INFO]    [PING OK] RU | 181ms
2026-02-17 00:40:21 [INFO]    [PING OK] HU | 307ms
2026-02-17 00:40:21 [INFO]    [PING OK] RU | 198ms
2026-02-17 00:40:21 [INFO]    [PING OK] NL | 166ms
2026-02-17 00:40:21 [INFO]    [PING OK] RU | 85ms
2026-02-17 00:40:21 [INFO]    [PING OK] RU | 64ms
2026-02-17 00:40:21 [INFO]    [PING OK] RU | 200ms
2026-02-17 00:40:21 [INFO]    [PING OK] RU | 222ms
2026-02-17 00:40:21 [INFO]    [PING OK] DE | 171ms
2026-02-17 00:40:21 [INFO]    [PING OK] RU | 87ms
2026-02-17 00:40:21 [INFO]    [PING OK] RU | 88ms
2026-02-17 00:40:22 [INFO]    [PING OK] RU | 188ms
2026-02-17 00:40:22 [INFO]    [PING OK] RU | 50ms
2026-02-17 00:40:22 [INFO]    [PING OK] RU | 135ms
2026-02-17 00:40:22 [INFO]    [PING OK] RU | 286ms
2026-02-17 00:40:22 [INFO]    [PING OK] RU | 118ms
2026-02-17 00:40:22 [INFO]    [PING OK] RU | 175ms
2026-02-17 00:40:22 [INFO]    [PING OK] RU | 71ms
2026-02-17 00:40:22 [INFO]    [PING OK] HU | 321ms
2026-02-17 00:40:22 [INFO]    [PING OK] RU | 70ms
2026-02-17 00:40:23 [INFO]    [PING OK] RU | 161ms
2026-02-17 00:40:23 [INFO]    [PING OK] RU | 306ms
2026-02-17 00:40:23 [INFO]    [PING OK] RU | 291ms
2026-02-17 00:40:23 [INFO]    [PING OK] RU | 78ms
2026-02-17 00:40:23 [INFO]    [PING OK] RU | 823ms
2026-02-17 00:40:23 [INFO]    [PING OK] US | 175ms
2026-02-17 00:40:23 [INFO]    [PING OK] RU | 212ms
2026-02-17 00:40:23 [INFO]    [PING OK] RU | 331ms
2026-02-17 00:40:23 [INFO]    [PING OK] RU | 234ms
2026-02-17 00:40:23 [INFO]    [PING OK] RU | 292ms
2026-02-17 00:40:23 [INFO]    [PING OK] RU | 145ms
2026-02-17 00:40:23 [INFO]    [PING OK] RU | 249ms
2026-02-17 00:40:23 [INFO]    [PING OK] RU | 313ms
2026-02-17 00:40:23 [INFO]    [PING OK] RU | 90ms
2026-02-17 00:40:24 [INFO]    [PING OK] RU | 160ms
2026-02-17 00:40:24 [INFO]    [PING OK] RU | 234ms
2026-02-17 00:40:24 [INFO]    [PING OK] PL | 161ms
2026-02-17 00:40:24 [INFO]    [PING OK] RU | 400ms
2026-02-17 00:40:24 [INFO]    [PING OK] RU | 200ms
2026-02-17 00:40:24 [INFO]    [PING OK] EE | 89ms
2026-02-17 00:40:24 [INFO]    [PING OK] RU | 51ms
2026-02-17 00:40:24 [INFO]    [PING OK] RU | 304ms
2026-02-17 00:40:24 [INFO]    [PING OK] RU | 72ms
2026-02-17 00:40:24 [INFO]    [PING OK] RU | 191ms
2026-02-17 00:40:24 [INFO]    [PING OK] RU | 188ms
2026-02-17 00:40:25 [INFO]    [PING OK] RU | 89ms
2026-02-17 00:40:25 [INFO]    [PING OK] RU | 3299ms
2026-02-17 00:40:25 [INFO]    [PING OK] RU | 334ms
2026-02-17 00:40:25 [INFO]    [PING OK] PL | 150ms
2026-02-17 00:40:25 [INFO]    [PING OK] RU | 213ms
2026-02-17 00:40:25 [INFO]    [PING OK] RU | 616ms
2026-02-17 00:40:25 [INFO]    [PING OK] RU | 102ms
2026-02-17 00:40:25 [INFO]    [PING OK] HU | 309ms
2026-02-17 00:40:25 [INFO]    [PING OK] RU | 233ms
2026-02-17 00:40:25 [INFO]    [PING OK] PL | 144ms
2026-02-17 00:40:25 [INFO]    [PING OK] RU | 160ms
2026-02-17 00:40:25 [INFO]    [PING OK] RU | 283ms
2026-02-17 00:40:25 [INFO]    [PING OK] RU | 137ms
2026-02-17 00:40:25 [INFO]    [PING OK] RU | 194ms
2026-02-17 00:40:25 [INFO]    [PING OK] RU | 141ms
2026-02-17 00:40:25 [INFO]    [PING OK] DE | 144ms
2026-02-17 00:40:26 [INFO]    [PING OK] GB | 314ms
2026-02-17 00:40:26 [INFO]    [PING OK] RU | 42ms
2026-02-17 00:40:26 [INFO]    [PING OK] RU | 249ms
2026-02-17 00:40:26 [INFO]    [PING OK] RU | 261ms
2026-02-17 00:40:26 [INFO]    [PING OK] RU | 118ms
2026-02-17 00:40:26 [INFO]    [PING OK] RU | 151ms
2026-02-17 00:40:26 [INFO]    [PING OK] RU | 235ms
2026-02-17 00:40:26 [INFO]    [PING OK] RU | 200ms
2026-02-17 00:40:26 [INFO]    [PING OK] RU | 203ms
2026-02-17 00:40:26 [INFO]    [PING OK] RU | 334ms
2026-02-17 00:40:26 [INFO]    [PING OK] RU | 140ms
2026-02-17 00:40:26 [INFO]    [PING OK] RU | 88ms
2026-02-17 00:40:27 [INFO]    [PING OK] RU | 193ms
2026-02-17 00:40:27 [INFO]    [PING OK] RU | 230ms
2026-02-17 00:40:27 [INFO]    [PING OK] RU | 135ms
2026-02-17 00:40:27 [INFO]    [PING OK] RU | 253ms
2026-02-17 00:40:27 [INFO]    [PING OK] RU | 293ms
2026-02-17 00:40:27 [INFO]    [PING OK] RU | 275ms
2026-02-17 00:40:27 [INFO]    [PING OK] GB | 267ms
2026-02-17 00:40:27 [INFO]    [PING OK] RU | 166ms
2026-02-17 00:40:27 [INFO]    [PING OK] RU | 221ms
2026-02-17 00:40:27 [INFO]    [PING OK] RU | 227ms
2026-02-17 00:40:28 [INFO]    [PING OK] RU | 243ms
2026-02-17 00:40:28 [INFO]    [PING OK] RU | 209ms
2026-02-17 00:40:28 [INFO]    [PING OK] RU | 312ms
2026-02-17 00:40:28 [INFO]    [PING OK] RU | 293ms
2026-02-17 00:40:28 [INFO]    [PING OK] RU | 204ms
2026-02-17 00:40:28 [INFO]    [PING OK] RU | 223ms
2026-02-17 00:40:28 [INFO]    [PING OK] RU | 335ms
2026-02-17 00:40:28 [INFO]    [PING OK] RU | 1358ms
2026-02-17 00:40:28 [INFO]    [PING OK] RU | 32ms
2026-02-17 00:40:28 [INFO]    [PING OK] RU | 188ms
2026-02-17 00:40:28 [INFO]    [PING OK] RU | 309ms
2026-02-17 00:40:28 [INFO]    [PING OK] RU | 3981ms
2026-02-17 00:40:28 [INFO]    [PING OK] RU | 202ms
2026-02-17 00:40:28 [INFO]    [PING OK] RU | 78ms
2026-02-17 00:40:28 [INFO]    [PING OK] RU | 207ms
2026-02-17 00:40:28 [INFO]    [PING OK] RU | 298ms
2026-02-17 00:40:28 [INFO]    [PING OK] RU | 71ms
2026-02-17 00:40:28 [INFO]    [PING OK] GB | 274ms
2026-02-17 00:40:28 [INFO]    [PING OK] RU | 140ms
2026-02-17 00:40:29 [INFO]    [PING OK] RU | 237ms
2026-02-17 00:40:29 [INFO]    [PING OK] RU | 3011ms
2026-02-17 00:40:29 [INFO]    [PING OK] RU | 223ms
2026-02-17 00:40:29 [INFO]    [PING OK] RU | 275ms
2026-02-17 00:40:29 [INFO]    [PING OK] RU | 517ms
2026-02-17 00:40:29 [INFO]    [PING OK] DE | 140ms
2026-02-17 00:40:29 [INFO]    [PING OK] NL | 183ms
2026-02-17 00:40:29 [INFO]    [PING OK] RU | 289ms
2026-02-17 00:40:29 [INFO]    [PING OK] NL | 1126ms
2026-02-17 00:40:30 [INFO]    [PING OK] RU | 1237ms
2026-02-17 00:40:30 [INFO]    [PING OK] RU | 1169ms
2026-02-17 00:40:30 [INFO]    [PING OK] TR | 248ms
2026-02-17 00:40:30 [INFO]    [PING OK] PL | 104ms
2026-02-17 00:40:32 [INFO]    [PING OK] GR | 74ms
2026-02-17 00:40:34 [INFO]    [PING OK] US | 507ms
2026-02-17 00:40:38 [INFO]    [PING OK] DE | 314ms
2026-02-17 00:40:39 [INFO]    [PING OK] AT | 195ms
2026-02-17 00:40:41 [INFO]    [PING OK] PL | 108ms
2026-02-17 00:40:42 [INFO]    [PING OK] US | 676ms
2026-02-17 00:40:42 [INFO]    [PING OK] FR | 211ms
2026-02-17 00:40:44 [INFO]    [PING OK] NL | 201ms
2026-02-17 00:40:45 [INFO]    [PING OK] PL | 617ms
2026-02-17 00:40:48 [INFO]    [PING OK] PL | 171ms
2026-02-17 00:40:48 [INFO]    [PING OK] DE | 178ms
2026-02-17 00:40:51 [INFO]    [PING OK] PL | 326ms
2026-02-17 00:40:51 [INFO]    [PING OK] US | 1024ms
2026-02-17 00:40:55 [INFO]    [PING OK] TR | 291ms
2026-02-17 00:40:55 [INFO]    [PING OK] PL | 418ms
2026-02-17 00:40:58 [INFO]    [PING OK] NL | 178ms
2026-02-17 00:40:59 [INFO]    [PING OK] DE | 167ms
2026-02-17 00:41:05 [INFO]    [PING OK] US | 661ms
2026-02-17 00:41:05 [INFO]    [PING OK] SE | 208ms
2026-02-17 00:41:07 [INFO]    [PING OK] US | 1193ms
2026-02-17 00:41:08 [INFO]    [PING OK] FI | 221ms
2026-02-17 00:41:13 [INFO]    [PING OK] RU | 254ms
2026-02-17 00:41:14 [INFO]    [PING OK] DE | 212ms
2026-02-17 00:41:17 [INFO]    [PING OK] FI | 245ms
2026-02-17 00:41:19 [INFO]    [PING OK] FR | 168ms
2026-02-17 00:41:22 [INFO]    [PING OK] LV | 179ms
2026-02-17 00:41:22 [INFO]    [PING OK] LV | 357ms
2026-02-17 00:41:30 [INFO] 🏎️ ЭТАП 2: Глубокий замер скорости для ТОП-10 серверов...
2026-02-17 00:41:33 [INFO]    🏆 GR | Пинг: 74ms | Скорость: 7.53 Mbps ⚡⚡
2026-02-17 00:41:33 [INFO]    🏆 EE | Пинг: 89ms | Скорость: 7.68 Mbps ⚡⚡
2026-02-17 00:41:33 [INFO]    🏆 PL | Пинг: 104ms | Скорость: 7.57 Mbps ⚡⚡
2026-02-17 00:41:33 [INFO]    🏆 PL | Пинг: 108ms | Скорость: 7.7 Mbps ⚡⚡
2026-02-17 00:41:33 [INFO]    🏆 SG | Пинг: 131ms | Скорость: 7.93 Mbps ⚡⚡
2026-02-17 00:41:33 [INFO]    🏆 DE | Пинг: 140ms | Скорость: 7.92 Mbps ⚡⚡
2026-02-17 00:41:33 [INFO]    🏆 PL | Пинг: 144ms | Скорость: 7.94 Mbps ⚡⚡
2026-02-17 00:41:33 [INFO]    🏆 DE | Пинг: 144ms | Скорость: 8.18 Mbps ⚡⚡
2026-02-17 00:41:33 [INFO]    🏆 PL | Пинг: 150ms | Скорость: 8.34 Mbps ⚡⚡
2026-02-17 00:41:33 [INFO]    🏆 RU | Пинг: 32ms | Скорость: 8.29 Mbps ⚡⚡
2026-02-17 00:41:33 [INFO] 🇷🇺 Добавлен RU сервер: 85.192.32.30
2026-02-17 00:41:33 [INFO] 📊 Итого в подписке сохранено: 10 серверов
2026-02-17 00:41:33 [INFO] 💾 Файл успешно сохранен: FL1PVPN
