2026-02-15 19:55:10 [INFO] 🚀 START: Smart VLESS Selector (Target: 10, Strict Mode)
2026-02-15 19:55:10 [INFO] 🌐 Загрузка источников...
2026-02-15 19:55:13 [INFO] 🔍 Уникальных конфигов собрано: 378
2026-02-15 19:55:13 [INFO] ⚡ ЭТАП 1: Быстрый замер Пинга (Workers: 25)...
2026-02-15 19:55:14 [INFO]    [PING OK] US | 568ms
2026-02-15 19:55:15 [INFO]    [PING OK] NL | 919ms
2026-02-15 19:55:16 [INFO]    [PING OK] DE | 148ms
2026-02-15 19:55:16 [INFO]    [PING OK] DE | 182ms
2026-02-15 19:55:17 [INFO]    [PING OK] NL | 277ms
2026-02-15 19:55:17 [INFO]    [PING OK] US | 731ms
2026-02-15 19:55:18 [INFO]    [PING OK] FR | 317ms
2026-02-15 19:55:24 [INFO]    [PING OK] DE | 174ms
2026-02-15 19:55:25 [INFO]    [PING OK] RU | 124ms
2026-02-15 19:55:26 [INFO]    [PING OK] RU | 95ms
2026-02-15 19:55:26 [INFO]    [PING OK] RU | 245ms
2026-02-15 19:55:27 [INFO]    [PING OK] PL | 266ms
2026-02-15 19:55:27 [INFO]    [PING OK] RU | 563ms
2026-02-15 19:55:27 [INFO]    [PING OK] RU | 232ms
2026-02-15 19:55:27 [INFO]    [PING OK] RU | 272ms
2026-02-15 19:55:28 [INFO]    [PING OK] RU | 168ms
2026-02-15 19:55:28 [INFO]    [PING OK] RU | 129ms
2026-02-15 19:55:28 [INFO]    [PING OK] RU | 134ms
2026-02-15 19:55:28 [INFO]    [PING OK] PL | 162ms
2026-02-15 19:55:28 [INFO]    [PING OK] RU | 306ms
2026-02-15 19:55:29 [INFO]    [PING OK] RU | 1102ms
2026-02-15 19:55:29 [INFO]    [PING OK] RU | 3589ms
2026-02-15 19:55:29 [INFO]    [PING OK] RU | 1347ms
2026-02-15 19:55:29 [INFO]    [PING OK] RU | 97ms
2026-02-15 19:55:29 [INFO]    [PING OK] FI | 178ms
2026-02-15 19:55:30 [INFO]    [PING OK] RU | 261ms
2026-02-15 19:55:30 [INFO]    [PING OK] RU | 2764ms
2026-02-15 19:55:30 [INFO]    [PING OK] RU | 351ms
2026-02-15 19:55:30 [INFO]    [PING OK] RU | 53ms
2026-02-15 19:55:30 [INFO]    [PING OK] RU | 294ms
2026-02-15 19:55:30 [INFO]    [PING OK] RU | 139ms
2026-02-15 19:55:30 [INFO]    [PING OK] NL | 186ms
2026-02-15 19:55:30 [INFO]    [PING OK] RU | 267ms
2026-02-15 19:55:30 [INFO]    [PING OK] RU | 317ms
2026-02-15 19:55:30 [INFO]    [PING OK] RU | 672ms
2026-02-15 19:55:31 [INFO]    [PING OK] RU | 195ms
2026-02-15 19:55:31 [INFO]    [PING OK] RU | 279ms
2026-02-15 19:55:31 [INFO]    [PING OK] RU | 228ms
2026-02-15 19:55:31 [INFO]    [PING OK] RU | 398ms
2026-02-15 19:55:31 [INFO]    [PING OK] RU | 337ms
2026-02-15 19:55:31 [INFO]    [PING OK] RU | 2327ms
2026-02-15 19:55:31 [INFO]    [PING OK] RU | 1241ms
2026-02-15 19:55:31 [INFO]    [PING OK] HU | 1323ms
2026-02-15 19:55:31 [INFO]    [PING OK] RU | 304ms
2026-02-15 19:55:32 [INFO]    [PING OK] DE | 690ms
2026-02-15 19:55:32 [INFO]    [PING OK] RU | 589ms
2026-02-15 19:55:32 [INFO]    [PING OK] RU | 57ms
2026-02-15 19:55:32 [INFO]    [PING OK] RU | 114ms
2026-02-15 19:55:32 [INFO]    [PING OK] PL | 153ms
2026-02-15 19:55:33 [INFO]    [PING OK] RU | 3635ms
2026-02-15 19:55:33 [INFO]    [PING OK] RU | 603ms
2026-02-15 19:55:33 [INFO]    [PING OK] RU | 289ms
2026-02-15 19:55:33 [INFO]    [PING OK] RU | 266ms
2026-02-15 19:55:34 [INFO]    [PING OK] RU | 317ms
2026-02-15 19:55:34 [INFO]    [PING OK] RU | 289ms
2026-02-15 19:55:35 [INFO]    [PING OK] RU | 2408ms
2026-02-15 19:55:35 [INFO]    [PING OK] RU | 324ms
2026-02-15 19:55:35 [INFO]    [PING OK] RU | 343ms
2026-02-15 19:55:35 [INFO]    [PING OK] RU | 234ms
2026-02-15 19:55:36 [INFO]    [PING OK] RU | 237ms
2026-02-15 19:55:36 [INFO]    [PING OK] RU | 685ms
2026-02-15 19:55:36 [INFO]    [PING OK] RU | 89ms
2026-02-15 19:55:36 [INFO]    [PING OK] RU | 332ms
2026-02-15 19:55:36 [INFO]    [PING OK] RU | 2423ms
2026-02-15 19:55:37 [INFO]    [PING OK] RU | 3345ms
2026-02-15 19:55:37 [INFO]    [PING OK] RU | 363ms
2026-02-15 19:55:37 [INFO]    [PING OK] RU | 348ms
2026-02-15 19:55:37 [INFO]    [PING OK] RU | 315ms
2026-02-15 19:55:37 [INFO]    [PING OK] RU | 667ms
2026-02-15 19:55:38 [INFO]    [PING OK] RU | 478ms
2026-02-15 19:55:38 [INFO]    [PING OK] RU | 271ms
2026-02-15 19:55:38 [INFO]    [PING OK] RU | 926ms
2026-02-15 19:55:39 [INFO]    [PING OK] RU | 338ms
2026-02-15 19:55:39 [INFO]    [PING OK] IQ | 357ms
2026-02-15 19:55:39 [INFO]    [PING OK] RU | 2199ms
2026-02-15 19:55:39 [INFO]    [PING OK] RU | 964ms
2026-02-15 19:55:40 [INFO]    [PING OK] LV | 466ms
2026-02-15 19:55:41 [INFO]    [PING OK] RU | 2977ms
2026-02-15 19:55:41 [INFO]    [PING OK] TR | 2409ms
2026-02-15 19:55:42 [INFO]    [PING OK] JP | 1209ms
2026-02-15 19:55:42 [INFO]    [PING OK] ES | 893ms
2026-02-15 19:55:42 [INFO]    [PING OK] RU | 4554ms
2026-02-15 19:55:42 [INFO]    [PING OK] DE | 2226ms
2026-02-15 19:55:42 [INFO]    [PING OK] NL | 198ms
2026-02-15 19:55:42 [INFO]    [PING OK] SG | 493ms
2026-02-15 19:55:43 [INFO]    [PING OK] CY | 795ms
2026-02-15 19:55:43 [INFO]    [PING OK] NL | 184ms
2026-02-15 19:55:44 [INFO]    [PING OK] NL | 2248ms
2026-02-15 19:55:44 [INFO]    [PING OK] NL | 218ms
2026-02-15 19:55:45 [INFO]    [PING OK] CY | 819ms
2026-02-15 19:55:45 [INFO]    [PING OK] CY | 386ms
2026-02-15 19:55:45 [INFO]    [PING OK] DE | 514ms
2026-02-15 19:55:45 [INFO]    [PING OK] NL | 269ms
2026-02-15 19:55:46 [INFO]    [PING OK] DE | 410ms
2026-02-15 19:55:46 [INFO]    [PING OK] CY | 798ms
2026-02-15 19:55:46 [INFO]    [PING OK] NL | 310ms
2026-02-15 19:55:47 [INFO]    [PING OK] SC | 1026ms
2026-02-15 19:55:47 [INFO]    [PING OK] DE | 398ms
2026-02-15 19:55:47 [INFO]    [PING OK] NL | 2218ms
2026-02-15 19:55:48 [INFO]    [PING OK] FI | 198ms
2026-02-15 19:55:49 [INFO]    [PING OK] GB | 2493ms
2026-02-15 19:55:51 [INFO]    [PING OK] MY | 3583ms
2026-02-15 19:55:57 [INFO] 🏎️ ЭТАП 2: Глубокий замер скорости для ТОП-10 серверов...
2026-02-15 19:56:04 [INFO]    🏆 DE | Пинг: 148ms | Скорость: 8.28 Mbps ⚡⚡
2026-02-15 19:56:04 [INFO]    🏆 PL | Пинг: 153ms | Скорость: 8.15 Mbps ⚡⚡
2026-02-15 19:56:04 [INFO]    🏆 PL | Пинг: 162ms | Скорость: 8.38 Mbps ⚡⚡
2026-02-15 19:56:04 [INFO]    🏆 DE | Пинг: 174ms | Скорость: 8.23 Mbps ⚡⚡
2026-02-15 19:56:04 [INFO]    🏆 FI | Пинг: 178ms | Скорость: 1.3 Mbps 
2026-02-15 19:56:04 [INFO]    🏆 DE | Пинг: 182ms | Скорость: 8.56 Mbps ⚡⚡
2026-02-15 19:56:04 [INFO]    🏆 NL | Пинг: 184ms | Скорость: 8.41 Mbps ⚡⚡
2026-02-15 19:56:04 [INFO]    🏆 NL | Пинг: 186ms | Скорость: 9.29 Mbps ⚡⚡
2026-02-15 19:56:04 [INFO]    🏆 NL | Пинг: 198ms | Скорость: 7.0 Mbps ⚡⚡
2026-02-15 19:56:04 [INFO]    🏆 RU | Пинг: 53ms | Скорость: 6.41 Mbps ⚡⚡
2026-02-15 19:56:04 [INFO] 🇷🇺 Добавлен RU сервер: 95.163.211.158
2026-02-15 19:56:04 [INFO] 📊 Итого в подписке сохранено: 10 серверов
2026-02-15 19:56:04 [INFO] 💾 Файл успешно сохранен: FL1PVPN
