2026-02-19 04:10:06 [INFO] 🚀 START: Smart VLESS Selector (Target: 10, Strict Mode)
2026-02-19 04:10:06 [INFO] 🌐 Загрузка источников...
2026-02-19 04:10:09 [INFO] 🔍 Уникальных конфигов собрано: 645
2026-02-19 04:10:09 [INFO] ⚡ ЭТАП 1: Быстрый замер Пинга (Workers: 25)...
2026-02-19 04:10:10 [INFO]    [PING OK] DE | 245ms
2026-02-19 04:10:11 [INFO]    [PING OK] FR | 628ms
2026-02-19 04:10:11 [INFO]    [PING OK] FR | 1101ms
2026-02-19 04:10:12 [INFO]    [PING OK] RU | 125ms
2026-02-19 04:10:12 [INFO]    [PING OK] DE | 510ms
2026-02-19 04:10:14 [INFO]    [PING OK] CA | 439ms
2026-02-19 04:10:16 [INFO]    [PING OK] US | 3407ms
2026-02-19 04:10:17 [INFO]    [PING OK] RU | 159ms
2026-02-19 04:10:17 [INFO]    [PING OK] IT | 542ms
2026-02-19 04:10:17 [INFO]    [PING OK] DE | 2052ms
2026-02-19 04:10:18 [INFO]    [PING OK] DE | 798ms
2026-02-19 04:10:18 [INFO]    [PING OK] TR | 2794ms
2026-02-19 04:10:19 [INFO]    [PING OK] TR | 105ms
2026-02-19 04:10:19 [INFO]    [PING OK] DE | 523ms
2026-02-19 04:10:19 [INFO]    [PING OK] DE | 1472ms
2026-02-19 04:10:21 [INFO]    [PING OK] AT | 796ms
2026-02-19 04:10:22 [INFO]    [PING OK] RU | 203ms
2026-02-19 04:10:22 [INFO]    [PING OK] RU | 210ms
2026-02-19 04:10:23 [INFO]    [PING OK] RU | 1010ms
2026-02-19 04:10:23 [INFO]    [PING OK] RU | 823ms
2026-02-19 04:10:24 [INFO]    [PING OK] RU | 258ms
2026-02-19 04:10:24 [INFO]    [PING OK] RU | 245ms
2026-02-19 04:10:24 [INFO]    [PING OK] RU | 807ms
2026-02-19 04:10:24 [INFO]    [PING OK] RU | 206ms
2026-02-19 04:10:24 [INFO]    [PING OK] RU | 289ms
2026-02-19 04:10:25 [INFO]    [PING OK] RU | 287ms
2026-02-19 04:10:25 [INFO]    [PING OK] RU | 331ms
2026-02-19 04:10:25 [INFO]    [PING OK] RU | 220ms
2026-02-19 04:10:26 [INFO]    [PING OK] RU | 205ms
2026-02-19 04:10:26 [INFO]    [PING OK] RU | 254ms
2026-02-19 04:10:26 [INFO]    [PING OK] RU | 221ms
2026-02-19 04:10:26 [INFO]    [PING OK] RU | 226ms
2026-02-19 04:10:26 [INFO]    [PING OK] RU | 188ms
2026-02-19 04:10:26 [INFO]    [PING OK] RU | 274ms
2026-02-19 04:10:26 [INFO]    [PING OK] RU | 206ms
2026-02-19 04:10:27 [INFO]    [PING OK] RU | 298ms
2026-02-19 04:10:27 [INFO]    [PING OK] RU | 252ms
2026-02-19 04:10:27 [INFO]    [PING OK] RU | 208ms
2026-02-19 04:10:27 [INFO]    [PING OK] RU | 275ms
2026-02-19 04:10:27 [INFO]    [PING OK] RU | 295ms
2026-02-19 04:10:27 [INFO]    [PING OK] DE | 553ms
2026-02-19 04:10:27 [INFO]    [PING OK] RU | 209ms
2026-02-19 04:10:27 [INFO]    [PING OK] RU | 253ms
2026-02-19 04:10:28 [INFO]    [PING OK] RU | 838ms
2026-02-19 04:10:28 [INFO]    [PING OK] RU | 328ms
2026-02-19 04:10:28 [INFO]    [PING OK] RU | 54ms
2026-02-19 04:10:28 [INFO]    [PING OK] RU | 307ms
2026-02-19 04:10:28 [INFO]    [PING OK] DE | 338ms
2026-02-19 04:10:28 [INFO]    [PING OK] RU | 315ms
2026-02-19 04:10:28 [INFO]    [PING OK] RU | 255ms
2026-02-19 04:10:28 [INFO]    [PING OK] RU | 233ms
2026-02-19 04:10:28 [INFO]    [PING OK] RU | 706ms
2026-02-19 04:10:28 [INFO]    [PING OK] RU | 201ms
2026-02-19 04:10:29 [INFO]    [PING OK] RU | 1077ms
2026-02-19 04:10:29 [INFO]    [PING OK] RU | 329ms
2026-02-19 04:10:29 [INFO]    [PING OK] RU | 244ms
2026-02-19 04:10:29 [INFO]    [PING OK] RU | 732ms
2026-02-19 04:10:30 [INFO]    [PING OK] RU | 105ms
2026-02-19 04:10:30 [INFO]    [PING OK] RU | 84ms
2026-02-19 04:10:30 [INFO]    [PING OK] RU | 304ms
2026-02-19 04:10:30 [INFO]    [PING OK] RU | 724ms
2026-02-19 04:10:30 [INFO]    [PING OK] RU | 797ms
2026-02-19 04:10:30 [INFO]    [PING OK] RU | 553ms
2026-02-19 04:10:31 [INFO]    [PING OK] NL | 236ms
2026-02-19 04:10:31 [INFO]    [PING OK] CY | 181ms
2026-02-19 04:10:31 [INFO]    [PING OK] US | 663ms
2026-02-19 04:10:32 [INFO]    [PING OK] JP | 419ms
2026-02-19 04:10:32 [INFO]    [PING OK] HU | 372ms
2026-02-19 04:10:32 [INFO]    [PING OK] FR | 818ms
2026-02-19 04:10:32 [INFO]    [PING OK] UZ | 290ms
2026-02-19 04:10:33 [INFO]    [PING OK] LV | 192ms
2026-02-19 04:10:33 [INFO]    [PING OK] FI | 139ms
2026-02-19 04:10:33 [INFO]    [PING OK] IT | 544ms
2026-02-19 04:10:34 [INFO]    [PING OK] US | 993ms
2026-02-19 04:10:34 [INFO]    [PING OK] AT | 236ms
2026-02-19 04:10:34 [INFO]    [PING OK] PL | 128ms
2026-02-19 04:10:34 [INFO]    [PING OK] FI | 103ms
2026-02-19 04:10:35 [INFO]    [PING OK] DE | 203ms
2026-02-19 04:10:35 [INFO]    [PING OK] MD | 149ms
2026-02-19 04:10:36 [INFO]    [PING OK] FI | 139ms
2026-02-19 04:10:36 [INFO]    [PING OK] DE | 378ms
2026-02-19 04:10:36 [INFO]    [PING OK] NL | 198ms
2026-02-19 04:10:37 [INFO]    [PING OK] DK | 213ms
2026-02-19 04:11:03 [INFO] 🏎️ ЭТАП 2: Глубокий замер скорости для ТОП-10 серверов...
2026-02-19 04:11:06 [INFO]    🏆 FI | Пинг: 103ms | Скорость: 7.94 Mbps ⚡⚡
2026-02-19 04:11:06 [INFO]    🏆 TR | Пинг: 105ms | Скорость: 7.65 Mbps ⚡⚡
2026-02-19 04:11:06 [INFO]    🏆 PL | Пинг: 128ms | Скорость: 7.97 Mbps ⚡⚡
2026-02-19 04:11:06 [INFO]    🏆 FI | Пинг: 139ms | Скорость: 7.85 Mbps ⚡⚡
2026-02-19 04:11:06 [INFO]    🏆 FI | Пинг: 139ms | Скорость: 7.86 Mbps ⚡⚡
2026-02-19 04:11:06 [INFO]    🏆 MD | Пинг: 149ms | Скорость: 8.02 Mbps ⚡⚡
2026-02-19 04:11:06 [INFO]    🏆 CY | Пинг: 181ms | Скорость: 8.28 Mbps ⚡⚡
2026-02-19 04:11:06 [INFO]    🏆 LV | Пинг: 192ms | Скорость: 8.12 Mbps ⚡⚡
2026-02-19 04:11:06 [INFO]    🏆 NL | Пинг: 198ms | Скорость: 7.94 Mbps ⚡⚡
2026-02-19 04:11:06 [INFO]    🏆 RU | Пинг: 54ms | Скорость: 8.17 Mbps ⚡⚡
2026-02-19 04:11:06 [INFO] 🇷🇺 Добавлен RU сервер: 87.242.103.184
2026-02-19 04:11:06 [INFO] 📊 Итого в подписке сохранено: 10 серверов
2026-02-19 04:11:06 [INFO] 💾 Файл успешно сохранен: FL1PVPN
