2026-02-18 23:50:05 [INFO] 🚀 START: Smart VLESS Selector (Target: 10, Strict Mode)
2026-02-18 23:50:05 [INFO] 🌐 Загрузка источников...
2026-02-18 23:50:08 [INFO] 🔍 Уникальных конфигов собрано: 708
2026-02-18 23:50:08 [INFO] ⚡ ЭТАП 1: Быстрый замер Пинга (Workers: 25)...
2026-02-18 23:50:09 [INFO]    [PING OK] DE | 188ms
2026-02-18 23:50:09 [INFO]    [PING OK] DE | 228ms
2026-02-18 23:50:09 [INFO]    [PING OK] RU | 365ms
2026-02-18 23:50:10 [INFO]    [PING OK] DE | 179ms
2026-02-18 23:50:10 [INFO]    [PING OK] CZ | 948ms
2026-02-18 23:50:11 [INFO]    [PING OK] US | 802ms
2026-02-18 23:50:11 [INFO]    [PING OK] DE | 1025ms
2026-02-18 23:50:11 [INFO]    [PING OK] RU | 175ms
2026-02-18 23:50:11 [INFO]    [PING OK] DE | 842ms
2026-02-18 23:50:13 [INFO]    [PING OK] DE | 469ms
2026-02-18 23:50:13 [INFO]    [PING OK] US | 615ms
2026-02-18 23:50:14 [INFO]    [PING OK] TR | 164ms
2026-02-18 23:50:17 [INFO]    [PING OK] US | 1642ms
2026-02-18 23:50:18 [INFO]    [PING OK] IT | 564ms
2026-02-18 23:50:19 [INFO]    [PING OK] AT | 773ms
2026-02-18 23:50:20 [INFO]    [PING OK] RU | 135ms
2026-02-18 23:50:20 [INFO]    [PING OK] RU | 133ms
2026-02-18 23:50:20 [INFO]    [PING OK] DE | 227ms
2026-02-18 23:50:20 [INFO]    [PING OK] RU | 48ms
2026-02-18 23:50:21 [INFO]    [PING OK] RU | 153ms
2026-02-18 23:50:22 [INFO]    [PING OK] RU | 223ms
2026-02-18 23:50:22 [INFO]    [PING OK] RU | 261ms
2026-02-18 23:50:23 [INFO]    [PING OK] RU | 264ms
2026-02-18 23:50:23 [INFO]    [PING OK] RU | 66ms
2026-02-18 23:50:24 [INFO]    [PING OK] RU | 209ms
2026-02-18 23:50:24 [INFO]    [PING OK] RU | 187ms
2026-02-18 23:50:25 [INFO]    [PING OK] RU | 244ms
2026-02-18 23:50:25 [INFO]    [PING OK] RU | 238ms
2026-02-18 23:50:25 [INFO]    [PING OK] RU | 130ms
2026-02-18 23:50:25 [INFO]    [PING OK] RU | 818ms
2026-02-18 23:50:25 [INFO]    [PING OK] RU | 298ms
2026-02-18 23:50:26 [INFO]    [PING OK] RU | 186ms
2026-02-18 23:50:26 [INFO]    [PING OK] RU | 191ms
2026-02-18 23:50:26 [INFO]    [PING OK] RU | 205ms
2026-02-18 23:50:26 [INFO]    [PING OK] RU | 67ms
2026-02-18 23:50:26 [INFO]    [PING OK] RU | 227ms
2026-02-18 23:50:26 [INFO]    [PING OK] RU | 128ms
2026-02-18 23:50:27 [INFO]    [PING OK] RU | 1074ms
2026-02-18 23:50:27 [INFO]    [PING OK] RU | 192ms
2026-02-18 23:50:27 [INFO]    [PING OK] RU | 205ms
2026-02-18 23:50:27 [INFO]    [PING OK] RU | 419ms
2026-02-18 23:50:27 [INFO]    [PING OK] RU | 284ms
2026-02-18 23:50:27 [INFO]    [PING OK] RU | 205ms
2026-02-18 23:50:27 [INFO]    [PING OK] RU | 303ms
2026-02-18 23:50:28 [INFO]    [PING OK] RU | 408ms
2026-02-18 23:50:28 [INFO]    [PING OK] RU | 221ms
2026-02-18 23:50:28 [INFO]    [PING OK] RU | 268ms
2026-02-18 23:50:28 [INFO]    [PING OK] RU | 215ms
2026-02-18 23:50:28 [INFO]    [PING OK] RU | 190ms
2026-02-18 23:50:28 [INFO]    [PING OK] RU | 3295ms
2026-02-18 23:50:28 [INFO]    [PING OK] RU | 175ms
2026-02-18 23:50:28 [INFO]    [PING OK] RU | 281ms
2026-02-18 23:50:28 [INFO]    [PING OK] RU | 268ms
2026-02-18 23:50:28 [INFO]    [PING OK] RU | 2252ms
2026-02-18 23:50:28 [INFO]    [PING OK] RU | 90ms
2026-02-18 23:50:28 [INFO]    [PING OK] RU | 278ms
2026-02-18 23:50:28 [INFO]    [PING OK] RU | 874ms
2026-02-18 23:50:29 [INFO]    [PING OK] US | 239ms
2026-02-18 23:50:29 [INFO]    [PING OK] RU | 218ms
2026-02-18 23:50:29 [INFO]    [PING OK] RU | 196ms
2026-02-18 23:50:29 [INFO]    [PING OK] RU | 247ms
2026-02-18 23:50:29 [INFO]    [PING OK] RU | 408ms
2026-02-18 23:50:29 [INFO]    [PING OK] RU | 229ms
2026-02-18 23:50:29 [INFO]    [PING OK] RU | 198ms
2026-02-18 23:50:29 [INFO]    [PING OK] DE | 271ms
2026-02-18 23:50:29 [INFO]    [PING OK] RU | 194ms
2026-02-18 23:50:29 [INFO]    [PING OK] RU | 1407ms
2026-02-18 23:50:29 [INFO]    [PING OK] RU | 206ms
2026-02-18 23:50:29 [INFO]    [PING OK] RU | 216ms
2026-02-18 23:50:29 [INFO]    [PING OK] RU | 55ms
2026-02-18 23:50:29 [INFO]    [PING OK] RU | 292ms
2026-02-18 23:50:29 [INFO]    [PING OK] RU | 246ms
2026-02-18 23:50:30 [INFO]    [PING OK] RU | 420ms
2026-02-18 23:50:30 [INFO]    [PING OK] RU | 317ms
2026-02-18 23:50:30 [INFO]    [PING OK] RU | 93ms
2026-02-18 23:50:30 [INFO]    [PING OK] RU | 128ms
2026-02-18 23:50:30 [INFO]    [PING OK] RU | 269ms
2026-02-18 23:50:30 [INFO]    [PING OK] RU | 214ms
2026-02-18 23:50:30 [INFO]    [PING OK] RU | 327ms
2026-02-18 23:50:30 [INFO]    [PING OK] DE | 209ms
2026-02-18 23:50:30 [INFO]    [PING OK] RU | 280ms
2026-02-18 23:50:31 [INFO]    [PING OK] RU | 2223ms
2026-02-18 23:50:31 [INFO]    [PING OK] DE | 151ms
2026-02-18 23:50:31 [INFO]    [PING OK] FR | 822ms
2026-02-18 23:50:31 [INFO]    [PING OK] NL | 191ms
2026-02-18 23:50:32 [INFO]    [PING OK] RU | 338ms
2026-02-18 23:50:33 [INFO]    [PING OK] NL | 229ms
2026-02-18 23:50:34 [INFO]    [PING OK] MD | 358ms
2026-02-18 23:50:36 [INFO]    [PING OK] PL | 123ms
2026-02-18 23:50:36 [INFO]    [PING OK] MD | 213ms
2026-02-18 23:50:37 [INFO]    [PING OK] US | 637ms
2026-02-18 23:50:38 [INFO]    [PING OK] JP | 866ms
2026-02-18 23:50:38 [INFO]    [PING OK] HU | 338ms
2026-02-18 23:50:39 [INFO]    [PING OK] NL | 202ms
2026-02-18 23:50:40 [INFO]    [PING OK] FI | 118ms
2026-02-18 23:50:41 [INFO]    [PING OK] ES | 196ms
2026-02-18 23:50:42 [INFO]    [PING OK] IN | 736ms
2026-02-18 23:50:42 [INFO]    [PING OK] IT | 554ms
2026-02-18 23:50:43 [INFO]    [PING OK] CY | 396ms
2026-02-18 23:50:43 [INFO]    [PING OK] AT | 229ms
2026-02-18 23:50:43 [INFO]    [PING OK] UZ | 298ms
2026-02-18 23:50:43 [INFO]    [PING OK] LV | 308ms
2026-02-18 23:51:12 [INFO] 🏎️ ЭТАП 2: Глубокий замер скорости для ТОП-10 серверов...
2026-02-18 23:51:18 [INFO]    🏆 FI | Пинг: 118ms | Скорость: 11.8 Mbps ⚡⚡
2026-02-18 23:51:18 [INFO]    🏆 PL | Пинг: 123ms | Скорость: 0.0 Mbps 
2026-02-18 23:51:18 [INFO]    🏆 DE | Пинг: 151ms | Скорость: 10.39 Mbps ⚡⚡
2026-02-18 23:51:18 [INFO]    🏆 TR | Пинг: 164ms | Скорость: 8.75 Mbps ⚡⚡
2026-02-18 23:51:18 [INFO]    🏆 DE | Пинг: 179ms | Скорость: 9.44 Mbps ⚡⚡
2026-02-18 23:51:18 [INFO]    🏆 DE | Пинг: 188ms | Скорость: 9.92 Mbps ⚡⚡
2026-02-18 23:51:18 [INFO]    🏆 NL | Пинг: 191ms | Скорость: 3.92 Mbps ⚡⚡
2026-02-18 23:51:18 [INFO]    🏆 ES | Пинг: 196ms | Скорость: 9.41 Mbps ⚡⚡
2026-02-18 23:51:18 [INFO]    🏆 NL | Пинг: 202ms | Скорость: 7.33 Mbps ⚡⚡
2026-02-18 23:51:18 [INFO]    🏆 RU | Пинг: 48ms | Скорость: 10.31 Mbps ⚡⚡
2026-02-18 23:51:18 [INFO] 🇷🇺 Добавлен RU сервер: 82.202.169.120
2026-02-18 23:51:18 [INFO] 📊 Итого в подписке сохранено: 10 серверов
2026-02-18 23:51:18 [INFO] 💾 Файл успешно сохранен: FL1PVPN
