2026-02-24 23:30:06 [INFO] 🚀 START: Smart Selector (Target: 10, ONLY FOREIGN)
2026-02-24 23:30:06 [INFO] 🌐 Загрузка источников (VLESS + VMess)...
2026-02-24 23:30:07 [INFO] 🔍 Уникальных конфигов собрано: 188
2026-02-24 23:30:07 [INFO] ⚡ ЭТАП 1: Замер Пинга и Геолокации. Workers: 40...
2026-02-24 23:30:13 [INFO]    [PING OK] FI | VLESS | 4858ms
2026-02-24 23:30:13 [INFO]    [PING OK] PL | VLESS | 4970ms
2026-02-24 23:30:13 [INFO]    [PING OK] ES | VLESS | 4955ms
2026-02-24 23:30:13 [INFO]    [PING OK] HU | VLESS | 4850ms
2026-02-24 23:30:14 [INFO]    [PING OK] ES | VLESS | 4671ms
2026-02-24 23:30:14 [INFO]    [PING OK] FI | VLESS | 4856ms
2026-02-24 23:30:14 [INFO]    [PING OK] TR | VLESS | 5582ms
2026-02-24 23:30:14 [INFO]    [PING OK] DE | VLESS | 4730ms
2026-02-24 23:30:14 [INFO]    [PING OK] DE | VLESS | 4771ms
2026-02-24 23:30:15 [INFO]    [PING OK] ES | VLESS | 5120ms
2026-02-24 23:30:16 [INFO]    [PING OK] HU | VLESS | 4950ms
2026-02-24 23:30:18 [INFO]    [PING OK] IT | VLESS | 4117ms
2026-02-24 23:30:18 [INFO]    [PING OK] HU | VLESS | 3946ms
2026-02-24 23:30:18 [INFO]    [PING OK] IT | VLESS | 4497ms
2026-02-24 23:30:18 [INFO]    [PING OK] PL | VLESS | 3989ms
2026-02-24 23:30:18 [INFO]    [PING OK] DE | VLESS | 4023ms
2026-02-24 23:30:18 [INFO]    [PING OK] FR | VLESS | 4259ms
2026-02-24 23:30:18 [INFO]    [PING OK] PL | VLESS | 4124ms
2026-02-24 23:30:18 [INFO]    [PING OK] DE | VLESS | 3897ms
2026-02-24 23:30:18 [INFO]    [PING OK] PL | VLESS | 3883ms
2026-02-24 23:30:19 [INFO]    [PING OK] ES | VLESS | 3812ms
2026-02-24 23:30:19 [INFO]    [PING OK] US | VLESS | 4179ms
2026-02-24 23:30:19 [INFO]    [PING OK] HU | VLESS | 4217ms
2026-02-24 23:30:19 [INFO]    [PING OK] HU | VLESS | 4039ms
2026-02-24 23:30:20 [INFO]    [PING OK] DE | VLESS | 5067ms
2026-02-24 23:30:20 [INFO]    [PING OK] TR | VLESS | 4360ms
2026-02-24 23:30:20 [INFO]    [PING OK] NL | VLESS | 4265ms
2026-02-24 23:30:20 [INFO]    [PING OK] ES | VLESS | 4635ms
2026-02-24 23:30:20 [INFO]    [PING OK] TR | VLESS | 4465ms
2026-02-24 23:30:21 [INFO]    [PING OK] NL | VLESS | 4425ms
2026-02-24 23:30:21 [INFO]    [PING OK] ES | VLESS | 4523ms
2026-02-24 23:30:24 [INFO]    [PING OK] DE | VLESS | 5416ms
2026-02-24 23:30:24 [INFO]    [PING OK] US | VLESS | 5118ms
2026-02-24 23:30:25 [INFO]    [PING OK] DE | VLESS | 5047ms
2026-02-24 23:30:25 [INFO]    [PING OK] NL | VLESS | 5516ms
2026-02-24 23:30:26 [INFO]    [PING OK] NL | VLESS | 5969ms
2026-02-24 23:30:26 [INFO]    [PING OK] DE | VLESS | 5247ms
2026-02-24 23:30:26 [INFO]    [PING OK] CA | VLESS | 6068ms
2026-02-24 23:30:26 [INFO]    [PING OK] LV | VLESS | 4605ms
2026-02-24 23:30:26 [INFO]    [PING OK] SG | VLESS | 4898ms
2026-02-24 23:30:27 [INFO]    [PING OK] SG | VLESS | 4868ms
2026-02-24 23:30:27 [INFO]    [PING OK] NL | VLESS | 4203ms
2026-02-24 23:30:28 [INFO]    [PING OK] CA | VLESS | 6296ms
2026-02-24 23:30:28 [INFO]    [PING OK] LV | VLESS | 2920ms
2026-02-24 23:30:28 [INFO]    [PING OK] US | VLESS | 6164ms
2026-02-24 23:30:28 [INFO]    [PING OK] TR | VLESS | 3048ms
2026-02-24 23:30:28 [INFO]    [PING OK] TR | VLESS | 1547ms
2026-02-24 23:30:28 [INFO]    [PING OK] CA | VLESS | 2878ms
2026-02-24 23:30:29 [INFO]    [PING OK] CA | VLESS | 7683ms
2026-02-24 23:30:29 [INFO]    [PING OK] CA | VLESS | 8298ms
2026-02-24 23:30:29 [INFO]    [PING OK] TW | VLESS | 2850ms
2026-02-24 23:30:29 [INFO]    [PING OK] CA | VLESS | 4458ms
2026-02-24 23:30:29 [INFO]    [PING OK] CA | VLESS | 8467ms
2026-02-24 23:30:33 [INFO] 🏎️ ЭТАП 2: Глубокий замер скорости для 40 иностранных кандидатов...
2026-02-24 23:30:37 [INFO]    🏆 IT | VLESS | Пинг: 4117ms | Скорость: 6.25 Mbps ⚡⚡
2026-02-24 23:30:37 [INFO]    🏆 PL | VLESS | Пинг: 4124ms | Скорость: 6.28 Mbps ⚡⚡
2026-02-24 23:30:37 [INFO]    🏆 DE | VLESS | Пинг: 4023ms | Скорость: 6.03 Mbps ⚡⚡
2026-02-24 23:30:37 [INFO]    🏆 TR | VLESS | Пинг: 1547ms | Скорость: 5.73 Mbps ⚡⚡
2026-02-24 23:30:37 [INFO]    🏆 US | VLESS | Пинг: 4179ms | Скорость: 6.18 Mbps ⚡⚡
2026-02-24 23:30:37 [INFO]    🏆 LV | VLESS | Пинг: 2920ms | Скорость: 5.82 Mbps ⚡⚡
2026-02-24 23:30:37 [INFO]    🏆 HU | VLESS | Пинг: 3946ms | Скорость: 5.9 Mbps ⚡⚡
2026-02-24 23:30:37 [INFO]    🏆 PL | VLESS | Пинг: 3989ms | Скорость: 5.92 Mbps ⚡⚡
2026-02-24 23:30:37 [INFO]    🏆 PL | VLESS | Пинг: 3883ms | Скорость: 5.8 Mbps ⚡⚡
2026-02-24 23:30:37 [INFO]    🏆 HU | VLESS | Пинг: 4039ms | Скорость: 5.9 Mbps ⚡⚡
2026-02-24 23:30:37 [INFO]    🏆 TR | VLESS | Пинг: 3048ms | Скорость: 5.55 Mbps ⚡⚡
2026-02-24 23:30:37 [INFO]    🏆 ES | VLESS | Пинг: 3812ms | Скорость: 5.49 Mbps ⚡⚡
2026-02-24 23:30:39 [INFO]    🏆 TW | VLESS | Пинг: 2850ms | Скорость: 3.78 Mbps ⚡⚡
2026-02-24 23:30:41 [INFO]    🏆 NL | VLESS | Пинг: 4203ms | Скорость: 6.38 Mbps ⚡⚡
2026-02-24 23:30:41 [INFO]    🏆 NL | VLESS | Пинг: 4425ms | Скорость: 6.44 Mbps ⚡⚡
2026-02-24 23:30:41 [INFO]    🏆 FR | VLESS | Пинг: 4259ms | Скорость: 6.14 Mbps ⚡⚡
2026-02-24 23:30:41 [INFO]    🏆 DE | VLESS | Пинг: 4730ms | Скорость: 6.73 Mbps ⚡⚡
2026-02-24 23:30:41 [INFO]    🏆 LV | VLESS | Пинг: 4605ms | Скорость: 6.57 Mbps ⚡⚡
2026-02-24 23:30:41 [INFO]    🏆 ES | VLESS | Пинг: 4523ms | Скорость: 6.25 Mbps ⚡⚡
2026-02-24 23:30:41 [INFO]    🏆 ES | VLESS | Пинг: 4635ms | Скорость: 6.5 Mbps ⚡⚡
2026-02-24 23:30:41 [INFO]    🏆 TR | VLESS | Пинг: 4465ms | Скорость: 6.08 Mbps ⚡⚡
2026-02-24 23:30:41 [INFO]    🏆 IT | VLESS | Пинг: 4497ms | Скорость: 6.21 Mbps ⚡⚡
2026-02-24 23:30:41 [INFO]    🏆 TR | VLESS | Пинг: 4360ms | Скорость: 5.84 Mbps ⚡⚡
2026-02-24 23:30:41 [INFO]    🏆 ES | VLESS | Пинг: 4671ms | Скорость: 6.13 Mbps ⚡⚡
2026-02-24 23:30:43 [INFO]    🏆 HU | VLESS | Пинг: 4217ms | Скорость: 4.19 Mbps ⚡⚡
2026-02-24 23:30:44 [INFO]    🏆 DE | VLESS | Пинг: 4771ms | Скорость: 4.18 Mbps ⚡⚡
2026-02-24 23:30:44 [INFO]    🏆 HU | VLESS | Пинг: 4850ms | Скорость: 7.52 Mbps ⚡⚡
2026-02-24 23:30:45 [INFO]    🏆 HU | VLESS | Пинг: 4950ms | Скорость: 7.84 Mbps ⚡⚡
2026-02-24 23:30:45 [INFO]    🏆 FI | VLESS | Пинг: 4858ms | Скорость: 7.43 Mbps ⚡⚡
2026-02-24 23:30:45 [INFO]    🏆 ES | VLESS | Пинг: 4955ms | Скорость: 7.78 Mbps ⚡⚡
2026-02-24 23:30:45 [INFO]    🏆 PL | VLESS | Пинг: 4970ms | Скорость: 7.76 Mbps ⚡⚡
2026-02-24 23:30:45 [INFO]    🏆 DE | VLESS | Пинг: 5047ms | Скорость: 7.65 Mbps ⚡⚡
2026-02-24 23:30:45 [INFO]    🏆 SG | VLESS | Пинг: 4898ms | Скорость: 7.15 Mbps ⚡⚡
2026-02-24 23:30:45 [INFO]    🏆 DE | VLESS | Пинг: 5067ms | Скорость: 7.53 Mbps ⚡⚡
2026-02-24 23:30:45 [INFO]    🏆 FI | VLESS | Пинг: 4856ms | Скорость: 6.79 Mbps ⚡⚡
2026-02-24 23:30:45 [INFO] 📊 Итого в подписке сохранено иностранных серверов: 10
2026-02-24 23:30:45 [INFO] 💾 Файл успешно сохранен: FL1PVPN
