2026-02-17 07:50:06 [INFO] 🚀 START: Smart VLESS Selector (Target: 10, Strict Mode)
2026-02-17 07:50:06 [INFO] 🌐 Загрузка источников...
2026-02-17 07:50:08 [INFO] 🔍 Уникальных конфигов собрано: 669
2026-02-17 07:50:08 [INFO] ⚡ ЭТАП 1: Быстрый замер Пинга (Workers: 25)...
2026-02-17 07:50:09 [INFO]    [PING OK] DE | 156ms
2026-02-17 07:50:09 [INFO]    [PING OK] NL | 166ms
2026-02-17 07:50:10 [INFO]    [PING OK] DE | 200ms
2026-02-17 07:50:10 [INFO]    [PING OK] DE | 274ms
2026-02-17 07:50:10 [INFO]    [PING OK] FR | 319ms
2026-02-17 07:50:11 [INFO]    [PING OK] US | 751ms
2026-02-17 07:50:13 [INFO]    [PING OK] FR | 209ms
2026-02-17 07:50:14 [INFO]    [PING OK] DE | 4584ms
2026-02-17 07:50:16 [INFO]    [PING OK] DE | 1773ms
2026-02-17 07:50:17 [INFO]    [PING OK] DE | 163ms
2026-02-17 07:50:18 [INFO]    [PING OK] RU | 200ms
2026-02-17 07:50:18 [INFO]    [PING OK] RU | 186ms
2026-02-17 07:50:18 [INFO]    [PING OK] US | 1016ms
2026-02-17 07:50:19 [INFO]    [PING OK] DE | 775ms
2026-02-17 07:50:19 [INFO]    [PING OK] NL | 301ms
2026-02-17 07:50:20 [INFO]    [PING OK] US | 492ms
2026-02-17 07:50:20 [INFO]    [PING OK] RU | 220ms
2026-02-17 07:50:20 [INFO]    [PING OK] RU | 50ms
2026-02-17 07:50:22 [INFO]    [PING OK] RU | 221ms
2026-02-17 07:50:22 [INFO]    [PING OK] RU | 302ms
2026-02-17 07:50:22 [INFO]    [PING OK] US | 174ms
2026-02-17 07:50:23 [INFO]    [PING OK] RU | 281ms
2026-02-17 07:50:23 [INFO]    [PING OK] RU | 324ms
2026-02-17 07:50:24 [INFO]    [PING OK] RU | 361ms
2026-02-17 07:50:24 [INFO]    [PING OK] RU | 2344ms
2026-02-17 07:50:24 [INFO]    [PING OK] RU | 260ms
2026-02-17 07:50:24 [INFO]    [PING OK] RU | 229ms
2026-02-17 07:50:24 [INFO]    [PING OK] RU | 275ms
2026-02-17 07:50:24 [INFO]    [PING OK] RU | 137ms
2026-02-17 07:50:25 [INFO]    [PING OK] RU | 131ms
2026-02-17 07:50:25 [INFO]    [PING OK] RU | 116ms
2026-02-17 07:50:25 [INFO]    [PING OK] RU | 253ms
2026-02-17 07:50:25 [INFO]    [PING OK] RU | 257ms
2026-02-17 07:50:25 [INFO]    [PING OK] RU | 292ms
2026-02-17 07:50:25 [INFO]    [PING OK] RU | 249ms
2026-02-17 07:50:25 [INFO]    [PING OK] DE | 180ms
2026-02-17 07:50:25 [INFO]    [PING OK] PL | 182ms
2026-02-17 07:50:26 [INFO]    [PING OK] RU | 244ms
2026-02-17 07:50:26 [INFO]    [PING OK] RU | 654ms
2026-02-17 07:50:26 [INFO]    [PING OK] FI | 166ms
2026-02-17 07:50:26 [INFO]    [PING OK] RU | 267ms
2026-02-17 07:50:26 [INFO]    [PING OK] FI | 253ms
2026-02-17 07:50:27 [INFO]    [PING OK] RU | 250ms
2026-02-17 07:50:27 [INFO]    [PING OK] FI | 205ms
2026-02-17 07:50:27 [INFO]    [PING OK] RU | 298ms
2026-02-17 07:50:27 [INFO]    [PING OK] RU | 4245ms
2026-02-17 07:50:27 [INFO]    [PING OK] RU | 1077ms
2026-02-17 07:50:27 [INFO]    [PING OK] RU | 281ms
2026-02-17 07:50:27 [INFO]    [PING OK] PL | 194ms
2026-02-17 07:50:28 [INFO]    [PING OK] NL | 169ms
2026-02-17 07:50:28 [INFO]    [PING OK] RU | 403ms
2026-02-17 07:50:28 [INFO]    [PING OK] RU | 273ms
2026-02-17 07:50:29 [INFO]    [PING OK] RU | 103ms
2026-02-17 07:50:29 [INFO]    [PING OK] RU | 333ms
2026-02-17 07:50:29 [INFO]    [PING OK] RU | 3801ms
2026-02-17 07:50:29 [INFO]    [PING OK] DE | 2153ms
2026-02-17 07:50:30 [INFO]    [PING OK] RU | 309ms
2026-02-17 07:50:30 [INFO]    [PING OK] RU | 325ms
2026-02-17 07:50:30 [INFO]    [PING OK] RU | 207ms
2026-02-17 07:50:30 [INFO]    [PING OK] RU | 270ms
2026-02-17 07:50:30 [INFO]    [PING OK] RU | 234ms
2026-02-17 07:50:30 [INFO]    [PING OK] RU | 296ms
2026-02-17 07:50:30 [INFO]    [PING OK] RU | 206ms
2026-02-17 07:50:30 [INFO]    [PING OK] RU | 192ms
2026-02-17 07:50:30 [INFO]    [PING OK] RU | 76ms
2026-02-17 07:50:30 [INFO]    [PING OK] RU | 1812ms
2026-02-17 07:50:31 [INFO]    [PING OK] RU | 201ms
2026-02-17 07:50:31 [INFO]    [PING OK] RU | 3780ms
2026-02-17 07:50:31 [INFO]    [PING OK] NL | 272ms
2026-02-17 07:50:31 [INFO]    [PING OK] RU | 321ms
2026-02-17 07:50:31 [INFO]    [PING OK] RU | 196ms
2026-02-17 07:50:31 [INFO]    [PING OK] RU | 1991ms
2026-02-17 07:50:31 [INFO]    [PING OK] RU | 1926ms
2026-02-17 07:50:31 [INFO]    [PING OK] RU | 269ms
2026-02-17 07:50:31 [INFO]    [PING OK] RU | 1583ms
2026-02-17 07:50:31 [INFO]    [PING OK] RU | 2626ms
2026-02-17 07:50:32 [INFO]    [PING OK] RU | 840ms
2026-02-17 07:50:32 [INFO]    [PING OK] RU | 277ms
2026-02-17 07:50:32 [INFO]    [PING OK] RU | 217ms
2026-02-17 07:50:32 [INFO]    [PING OK] RU | 4303ms
2026-02-17 07:50:32 [INFO]    [PING OK] RU | 343ms
2026-02-17 07:50:32 [INFO]    [PING OK] RU | 333ms
2026-02-17 07:50:33 [INFO]    [PING OK] RU | 249ms
2026-02-17 07:50:33 [INFO]    [PING OK] RU | 68ms
2026-02-17 07:50:33 [INFO]    [PING OK] RU | 610ms
2026-02-17 07:50:33 [INFO]    [PING OK] RU | 1790ms
2026-02-17 07:50:33 [INFO]    [PING OK] RU | 1268ms
2026-02-17 07:50:33 [INFO]    [PING OK] RU | 1739ms
2026-02-17 07:50:34 [INFO]    [PING OK] RU | 2507ms
2026-02-17 07:50:34 [INFO]    [PING OK] FR | 259ms
2026-02-17 07:50:34 [INFO]    [PING OK] RU | 1438ms
2026-02-17 07:50:34 [INFO]    [PING OK] RU | 1057ms
2026-02-17 07:50:34 [INFO]    [PING OK] RU | 3213ms
2026-02-17 07:50:34 [INFO]    [PING OK] RU | 4070ms
2026-02-17 07:50:35 [INFO]    [PING OK] RU | 3173ms
2026-02-17 07:50:35 [INFO]    [PING OK] DE | 327ms
2026-02-17 07:50:35 [INFO]    [PING OK] LT | 139ms
2026-02-17 07:50:36 [INFO]    [PING OK] RU | 4587ms
2026-02-17 07:50:37 [INFO]    [PING OK] RU | 197ms
2026-02-17 07:50:38 [INFO]    [PING OK] LT | 147ms
2026-02-17 07:50:40 [INFO]    [PING OK] LT | 149ms
2026-02-17 07:50:40 [INFO]    [PING OK] NL | 483ms
2026-02-17 07:50:41 [INFO]    [PING OK] NL | 379ms
2026-02-17 07:50:42 [INFO]    [PING OK] DE | 166ms
2026-02-17 07:50:44 [INFO]    [PING OK] NL | 1886ms
2026-02-17 07:50:47 [INFO]    [PING OK] RU | 122ms
2026-02-17 07:50:50 [INFO]    [PING OK] RU | 121ms
2026-02-17 07:50:53 [INFO]    [PING OK] RU | 145ms
2026-02-17 07:50:53 [INFO]    [PING OK] DE | 431ms
2026-02-17 07:50:55 [INFO]    [PING OK] PL | 92ms
2026-02-17 07:50:56 [INFO]    [PING OK] CY | 221ms
2026-02-17 07:50:57 [INFO]    [PING OK] NL | 228ms
2026-02-17 07:50:57 [INFO]    [PING OK] US | 559ms
2026-02-17 07:50:57 [INFO]    [PING OK] GR | 122ms
2026-02-17 07:50:57 [INFO]    [PING OK] US | 1001ms
2026-02-17 07:50:58 [INFO]    [PING OK] DE | 206ms
2026-02-17 07:51:00 [INFO]    [PING OK] DE | 159ms
2026-02-17 07:51:02 [INFO]    [PING OK] EE | 288ms
2026-02-17 07:51:03 [INFO]    [PING OK] TR | 270ms
2026-02-17 07:51:04 [INFO]    [PING OK] DE | 159ms
2026-02-17 07:51:04 [INFO]    [PING OK] AT | 206ms
2026-02-17 07:51:05 [INFO]    [PING OK] LT | 548ms
2026-02-17 07:51:10 [INFO]    [PING OK] PL | 526ms
2026-02-17 07:51:10 [INFO]    [PING OK] NL | 269ms
2026-02-17 07:51:12 [INFO]    [PING OK] RU | 166ms
2026-02-17 07:51:16 [INFO]    [PING OK] US | 549ms
2026-02-17 07:51:21 [INFO]    [PING OK] DE | 409ms
2026-02-17 07:51:24 [INFO]    [PING OK] US | 615ms
2026-02-17 07:51:29 [INFO]    [PING OK] FR | 433ms
2026-02-17 07:51:29 [INFO]    [PING OK] PL | 377ms
2026-02-17 07:51:29 [INFO]    [PING OK] US | 472ms
2026-02-17 07:51:30 [INFO]    [PING OK] MD | 202ms
2026-02-17 07:51:30 [INFO]    [PING OK] LV | 175ms
2026-02-17 07:51:35 [INFO] 🏎️ ЭТАП 2: Глубокий замер скорости для ТОП-10 серверов...
2026-02-17 07:51:38 [INFO]    🏆 PL | Пинг: 92ms | Скорость: 7.61 Mbps ⚡⚡
2026-02-17 07:51:38 [INFO]    🏆 GR | Пинг: 122ms | Скорость: 7.3 Mbps ⚡⚡
2026-02-17 07:51:38 [INFO]    🏆 LT | Пинг: 139ms | Скорость: 7.52 Mbps ⚡⚡
2026-02-17 07:51:38 [INFO]    🏆 LT | Пинг: 147ms | Скорость: 7.51 Mbps ⚡⚡
2026-02-17 07:51:38 [INFO]    🏆 LT | Пинг: 149ms | Скорость: 7.58 Mbps ⚡⚡
2026-02-17 07:51:38 [INFO]    🏆 DE | Пинг: 156ms | Скорость: 7.76 Mbps ⚡⚡
2026-02-17 07:51:38 [INFO]    🏆 DE | Пинг: 159ms | Скорость: 7.64 Mbps ⚡⚡
2026-02-17 07:51:38 [INFO]    🏆 DE | Пинг: 159ms | Скорость: 7.81 Mbps ⚡⚡
2026-02-17 07:51:38 [INFO]    🏆 DE | Пинг: 163ms | Скорость: 7.63 Mbps ⚡⚡
2026-02-17 07:51:38 [INFO]    🏆 RU | Пинг: 50ms | Скорость: 7.77 Mbps ⚡⚡
2026-02-17 07:51:38 [INFO] 🇷🇺 Добавлен RU сервер: 87.242.103.184
2026-02-17 07:51:38 [INFO] 📊 Итого в подписке сохранено: 10 серверов
2026-02-17 07:51:38 [INFO] 💾 Файл успешно сохранен: FL1PVPN
