2026-02-15 19:35:11 [INFO] 🚀 START: Smart VLESS Selector (Target: 10, Strict Mode)
2026-02-15 19:35:11 [INFO] 🌐 Загрузка источников...
2026-02-15 19:35:13 [INFO] 🔍 Уникальных конфигов собрано: 378
2026-02-15 19:35:13 [INFO] ⚡ ЭТАП 1: Быстрый замер Пинга (Workers: 25)...
2026-02-15 19:35:14 [INFO]    [PING OK] NL | 450ms
2026-02-15 19:35:14 [INFO]    [PING OK] FI | 672ms
2026-02-15 19:35:19 [INFO]    [PING OK] RU | 100ms
2026-02-15 19:35:19 [INFO]    [PING OK] NL | 197ms
2026-02-15 19:35:20 [INFO]    [PING OK] DE | 196ms
2026-02-15 19:35:20 [INFO]    [PING OK] DE | 181ms
2026-02-15 19:35:20 [INFO]    [PING OK] DE | 140ms
2026-02-15 19:35:21 [INFO]    [PING OK] US | 736ms
2026-02-15 19:35:21 [INFO]    [PING OK] US | 1166ms
2026-02-15 19:35:23 [INFO]    [PING OK] FR | 383ms
2026-02-15 19:35:25 [INFO]    [PING OK] RU | 82ms
2026-02-15 19:35:25 [INFO]    [PING OK] RU | 260ms
2026-02-15 19:35:26 [INFO]    [PING OK] RU | 333ms
2026-02-15 19:35:26 [INFO]    [PING OK] RU | 893ms
2026-02-15 19:35:26 [INFO]    [PING OK] PL | 306ms
2026-02-15 19:35:27 [INFO]    [PING OK] RU | 292ms
2026-02-15 19:35:28 [INFO]    [PING OK] RU | 67ms
2026-02-15 19:35:28 [INFO]    [PING OK] RU | 274ms
2026-02-15 19:35:29 [INFO]    [PING OK] RU | 1795ms
2026-02-15 19:35:29 [INFO]    [PING OK] RU | 814ms
2026-02-15 19:35:29 [INFO]    [PING OK] RU | 557ms
2026-02-15 19:35:29 [INFO]    [PING OK] DE | 1210ms
2026-02-15 19:35:29 [INFO]    [PING OK] RU | 382ms
2026-02-15 19:35:30 [INFO]    [PING OK] RU | 1412ms
2026-02-15 19:35:30 [INFO]    [PING OK] RU | 167ms
2026-02-15 19:35:30 [INFO]    [PING OK] RU | 684ms
2026-02-15 19:35:30 [INFO]    [PING OK] RU | 312ms
2026-02-15 19:35:30 [INFO]    [PING OK] RU | 4160ms
2026-02-15 19:35:30 [INFO]    [PING OK] PL | 328ms
2026-02-15 19:35:31 [INFO]    [PING OK] RU | 273ms
2026-02-15 19:35:31 [INFO]    [PING OK] RU | 3298ms
2026-02-15 19:35:31 [INFO]    [PING OK] FI | 520ms
2026-02-15 19:35:32 [INFO]    [PING OK] RU | 1006ms
2026-02-15 19:35:32 [INFO]    [PING OK] RU | 208ms
2026-02-15 19:35:32 [INFO]    [PING OK] RU | 81ms
2026-02-15 19:35:32 [INFO]    [PING OK] RU | 2336ms
2026-02-15 19:35:32 [INFO]    [PING OK] RU | 289ms
2026-02-15 19:35:33 [INFO]    [PING OK] RU | 168ms
2026-02-15 19:35:33 [INFO]    [PING OK] RU | 235ms
2026-02-15 19:35:34 [INFO]    [PING OK] RU | 1350ms
2026-02-15 19:35:34 [INFO]    [PING OK] RU | 2184ms
2026-02-15 19:35:34 [INFO]    [PING OK] RU | 312ms
2026-02-15 19:35:34 [INFO]    [PING OK] RU | 316ms
2026-02-15 19:35:34 [INFO]    [PING OK] NL | 195ms
2026-02-15 19:35:34 [INFO]    [PING OK] RU | 2093ms
2026-02-15 19:35:34 [INFO]    [PING OK] RU | 1380ms
2026-02-15 19:35:34 [INFO]    [PING OK] RU | 923ms
2026-02-15 19:35:35 [INFO]    [PING OK] RU | 124ms
2026-02-15 19:35:35 [INFO]    [PING OK] RU | 378ms
2026-02-15 19:35:35 [INFO]    [PING OK] RU | 664ms
2026-02-15 19:35:35 [INFO]    [PING OK] RU | 273ms
2026-02-15 19:35:35 [INFO]    [PING OK] RU | 310ms
2026-02-15 19:35:36 [INFO]    [PING OK] RU | 257ms
2026-02-15 19:35:36 [INFO]    [PING OK] RU | 1269ms
2026-02-15 19:35:36 [INFO]    [PING OK] RU | 320ms
2026-02-15 19:35:36 [INFO]    [PING OK] RU | 1689ms
2026-02-15 19:35:36 [INFO]    [PING OK] RU | 2173ms
2026-02-15 19:35:36 [INFO]    [PING OK] RU | 204ms
2026-02-15 19:35:36 [INFO]    [PING OK] RU | 395ms
2026-02-15 19:35:37 [INFO]    [PING OK] RU | 2169ms
2026-02-15 19:35:37 [INFO]    [PING OK] RU | 254ms
2026-02-15 19:35:37 [INFO]    [PING OK] RU | 114ms
2026-02-15 19:35:37 [INFO]    [PING OK] RU | 303ms
2026-02-15 19:35:37 [INFO]    [PING OK] RU | 257ms
2026-02-15 19:35:37 [INFO]    [PING OK] RU | 271ms
2026-02-15 19:35:37 [INFO]    [PING OK] RU | 431ms
2026-02-15 19:35:37 [INFO]    [PING OK] RU | 203ms
2026-02-15 19:35:38 [INFO]    [PING OK] RU | 959ms
2026-02-15 19:35:38 [INFO]    [PING OK] RU | 345ms
2026-02-15 19:35:38 [INFO]    [PING OK] RU | 1354ms
2026-02-15 19:35:38 [INFO]    [PING OK] RU | 960ms
2026-02-15 19:35:38 [INFO]    [PING OK] RU | 401ms
2026-02-15 19:35:38 [INFO]    [PING OK] RU | 283ms
2026-02-15 19:35:38 [INFO]    [PING OK] RU | 415ms
2026-02-15 19:35:38 [INFO]    [PING OK] RU | 93ms
2026-02-15 19:35:38 [INFO]    [PING OK] RU | 306ms
2026-02-15 19:35:39 [INFO]    [PING OK] RU | 218ms
2026-02-15 19:35:39 [INFO]    [PING OK] RU | 1832ms
2026-02-15 19:35:39 [INFO]    [PING OK] RU | 604ms
2026-02-15 19:35:40 [INFO]    [PING OK] RU | 1114ms
2026-02-15 19:35:40 [INFO]    [PING OK] RU | 882ms
2026-02-15 19:35:40 [INFO]    [PING OK] RU | 375ms
2026-02-15 19:35:41 [INFO]    [PING OK] NL | 297ms
2026-02-15 19:35:41 [INFO]    [PING OK] SG | 288ms
2026-02-15 19:35:42 [INFO]    [PING OK] IQ | 340ms
2026-02-15 19:35:42 [INFO]    [PING OK] CY | 786ms
2026-02-15 19:35:42 [INFO]    [PING OK] RU | 2525ms
2026-02-15 19:35:42 [INFO]    [PING OK] NL | 573ms
2026-02-15 19:35:42 [INFO]    [PING OK] GB | 407ms
2026-02-15 19:35:42 [INFO]    [PING OK] ES | 920ms
2026-02-15 19:35:43 [INFO]    [PING OK] CY | 795ms
2026-02-15 19:35:43 [INFO]    [PING OK] DE | 3628ms
2026-02-15 19:35:44 [INFO]    [PING OK] NL | 188ms
2026-02-15 19:35:44 [INFO]    [PING OK] NL | 252ms
2026-02-15 19:35:44 [INFO]    [PING OK] TR | 3966ms
2026-02-15 19:35:45 [INFO]    [PING OK] RU | 2082ms
2026-02-15 19:35:47 [INFO]    [PING OK] JP | 1174ms
2026-02-15 19:35:47 [INFO]    [PING OK] FI | 179ms
2026-02-15 19:35:48 [INFO]    [PING OK] DE | 923ms
2026-02-15 19:35:48 [INFO]    [PING OK] LV | 481ms
2026-02-15 19:35:48 [INFO]    [PING OK] DE | 498ms
2026-02-15 19:35:48 [INFO]    [PING OK] NL | 211ms
2026-02-15 19:35:48 [INFO]    [PING OK] SC | 997ms
2026-02-15 19:35:49 [INFO]    [PING OK] CY | 1125ms
2026-02-15 19:35:49 [INFO]    [PING OK] DE | 139ms
2026-02-15 19:35:49 [INFO]    [PING OK] CY | 406ms
2026-02-15 19:35:51 [INFO]    [PING OK] NL | 3137ms
2026-02-15 19:35:53 [INFO] 🏎️ ЭТАП 2: Глубокий замер скорости для ТОП-10 серверов...
2026-02-15 19:36:00 [INFO]    🏆 DE | Пинг: 139ms | Скорость: 0.0 Mbps 
2026-02-15 19:36:00 [INFO]    🏆 DE | Пинг: 140ms | Скорость: 9.54 Mbps ⚡⚡
2026-02-15 19:36:00 [INFO]    🏆 FI | Пинг: 179ms | Скорость: 1.62 Mbps ⚡
2026-02-15 19:36:00 [INFO]    🏆 DE | Пинг: 181ms | Скорость: 9.71 Mbps ⚡⚡
2026-02-15 19:36:00 [INFO]    🏆 NL | Пинг: 188ms | Скорость: 9.53 Mbps ⚡⚡
2026-02-15 19:36:00 [INFO]    🏆 NL | Пинг: 195ms | Скорость: 9.84 Mbps ⚡⚡
2026-02-15 19:36:00 [INFO]    🏆 DE | Пинг: 196ms | Скорость: 9.86 Mbps ⚡⚡
2026-02-15 19:36:00 [INFO]    🏆 NL | Пинг: 197ms | Скорость: 10.08 Mbps ⚡⚡
2026-02-15 19:36:00 [INFO]    🏆 NL | Пинг: 211ms | Скорость: 0.0 Mbps 
2026-02-15 19:36:00 [INFO]    🏆 RU | Пинг: 67ms | Скорость: 0.0 Mbps 
2026-02-15 19:36:00 [INFO] 🇷🇺 Добавлен RU сервер: 95.163.211.158
2026-02-15 19:36:00 [INFO] 📊 Итого в подписке сохранено: 10 серверов
2026-02-15 19:36:00 [INFO] 💾 Файл успешно сохранен: FL1PVPN
