2026-02-25 12:30:05 [INFO] 🚀 START: Smart Selector (Target: 10, ONLY FOREIGN)
2026-02-25 12:30:05 [INFO] 🌐 Загрузка источников (VLESS + VMess)...
2026-02-25 12:30:07 [INFO] 🔍 Уникальных конфигов собрано: 200
2026-02-25 12:30:07 [INFO] ⚡ ЭТАП 1: Замер Пинга и Геолокации. Workers: 40...
2026-02-25 12:30:13 [INFO]    [PING OK] NL | VLESS | 4600ms
2026-02-25 12:30:13 [INFO]    [PING OK] FI | VLESS | 4350ms
2026-02-25 12:30:13 [INFO]    [PING OK] DE | VLESS | 4719ms
2026-02-25 12:30:13 [INFO]    [PING OK] FI | VLESS | 4523ms
2026-02-25 12:30:13 [INFO]    [PING OK] DE | VLESS | 4567ms
2026-02-25 12:30:13 [INFO]    [PING OK] DE | VLESS | 5123ms
2026-02-25 12:30:13 [INFO]    [PING OK] DE | VLESS | 4510ms
2026-02-25 12:30:13 [INFO]    [PING OK] FI | VLESS | 4579ms
2026-02-25 12:30:13 [INFO]    [PING OK] NL | VLESS | 3875ms
2026-02-25 12:30:13 [INFO]    [PING OK] FI | VLESS | 4229ms
2026-02-25 12:30:13 [INFO]    [PING OK] NL | VLESS | 3762ms
2026-02-25 12:30:13 [INFO]    [PING OK] FI | VLESS | 4904ms
2026-02-25 12:30:13 [INFO]    [PING OK] FI | VLESS | 3991ms
2026-02-25 12:30:14 [INFO]    [PING OK] FI | VLESS | 3385ms
2026-02-25 12:30:15 [INFO]    [PING OK] FI | VLESS | 7119ms
2026-02-25 12:30:16 [INFO]    [PING OK] FI | VLESS | 2416ms
2026-02-25 12:30:16 [INFO]    [PING OK] FI | VLESS | 2609ms
2026-02-25 12:30:16 [INFO]    [PING OK] US | VLESS | 2762ms
2026-02-25 12:30:16 [INFO]    [PING OK] DE | VLESS | 6989ms
2026-02-25 12:30:17 [INFO]    [PING OK] DE | VLESS | 2515ms
2026-02-25 12:30:17 [INFO]    [PING OK] DE | VLESS | 2746ms
2026-02-25 12:30:17 [INFO]    [PING OK] FI | VLESS | 2551ms
2026-02-25 12:30:17 [INFO]    [PING OK] US | VLESS | 2869ms
2026-02-25 12:30:18 [INFO]    [PING OK] FI | VLESS | 2722ms
2026-02-25 12:30:19 [INFO]    [PING OK] NL | VLESS | 5437ms
2026-02-25 12:30:20 [INFO]    [PING OK] NL | VLESS | 5613ms
2026-02-25 12:30:20 [INFO]    [PING OK] DE | VLESS | 3621ms
2026-02-25 12:30:23 [INFO]    [PING OK] DE | VLESS | 4751ms
2026-02-25 12:30:23 [INFO]    [PING OK] DE | VLESS | 5301ms
2026-02-25 12:30:23 [INFO]    [PING OK] US | VLESS | 5134ms
2026-02-25 12:30:23 [INFO]    [PING OK] CA | VLESS | 4860ms
2026-02-25 12:30:23 [INFO]    [PING OK] US | VLESS | 5342ms
2026-02-25 12:30:24 [INFO]    [PING OK] US | VLESS | 5252ms
2026-02-25 12:30:24 [INFO]    [PING OK] DE | VLESS | 4963ms
2026-02-25 12:30:24 [INFO]    [PING OK] KZ | VLESS | 5137ms
2026-02-25 12:30:24 [INFO]    [PING OK] US | VLESS | 5030ms
2026-02-25 12:30:24 [INFO]    [PING OK] US | VLESS | 5165ms
2026-02-25 12:30:24 [INFO]    [PING OK] NL | VLESS | 4553ms
2026-02-25 12:30:24 [INFO]    [PING OK] TW | VLESS | 5921ms
2026-02-25 12:30:24 [INFO]    [PING OK] CA | VLESS | 5949ms
2026-02-25 12:30:25 [INFO]    [PING OK] DE | VLESS | 5184ms
2026-02-25 12:30:25 [INFO]    [PING OK] US | VLESS | 5184ms
2026-02-25 12:30:26 [INFO]    [PING OK] US | VLESS | 5197ms
2026-02-25 12:30:26 [INFO]    [PING OK] GB | VLESS | 5266ms
2026-02-25 12:30:27 [INFO]    [PING OK] CA | VLESS | 4836ms
2026-02-25 12:30:27 [INFO]    [PING OK] DE | VLESS | 3881ms
2026-02-25 12:30:27 [INFO]    [PING OK] US | VLESS | 6521ms
2026-02-25 12:30:27 [INFO]    [PING OK] US | VLESS | 4013ms
2026-02-25 12:30:28 [INFO]    [PING OK] US | VLESS | 3963ms
2026-02-25 12:30:28 [INFO]    [PING OK] GB | VLESS | 1770ms
2026-02-25 12:30:28 [INFO]    [PING OK] US | VLESS | 2159ms
2026-02-25 12:30:28 [INFO]    [PING OK] US | VLESS | 2197ms
2026-02-25 12:30:29 [INFO]    [PING OK] DE | VLESS | 3736ms
2026-02-25 12:30:29 [INFO]    [PING OK] CA | VLESS | 5943ms
2026-02-25 12:30:29 [INFO]    [PING OK] CA | VLESS | 5856ms
2026-02-25 12:30:31 [INFO]    [PING OK] CA | VLESS | 9297ms
2026-02-25 12:30:32 [INFO]    [PING OK] CA | VLESS | 5078ms
2026-02-25 12:30:33 [INFO] 🏎️ ЭТАП 2: Глубокий замер скорости для 40 иностранных кандидатов...
2026-02-25 12:30:37 [INFO]    🏆 DE | VLESS | Пинг: 2515ms | Скорость: 6.15 Mbps ⚡⚡
2026-02-25 12:30:37 [INFO]    🏆 FI | VLESS | Пинг: 2416ms | Скорость: 6.09 Mbps ⚡⚡
2026-02-25 12:30:37 [INFO]    🏆 FI | VLESS | Пинг: 2722ms | Скорость: 6.14 Mbps ⚡⚡
2026-02-25 12:30:37 [INFO]    🏆 FI | VLESS | Пинг: 2551ms | Скорость: 5.9 Mbps ⚡⚡
2026-02-25 12:30:37 [INFO]    🏆 US | VLESS | Пинг: 2869ms | Скорость: 5.82 Mbps ⚡⚡
2026-02-25 12:30:37 [INFO]    🏆 US | VLESS | Пинг: 2762ms | Скорость: 5.74 Mbps ⚡⚡
2026-02-25 12:30:37 [INFO]    🏆 US | VLESS | Пинг: 2159ms | Скорость: 5.44 Mbps ⚡⚡
2026-02-25 12:30:38 [INFO]    🏆 FI | VLESS | Пинг: 3385ms | Скорость: 4.88 Mbps ⚡⚡
2026-02-25 12:30:39 [INFO]    🏆 DE | VLESS | Пинг: 3736ms | Скорость: 3.99 Mbps ⚡⚡
2026-02-25 12:30:40 [INFO]    🏆 US | VLESS | Пинг: 2197ms | Скорость: 3.4 Mbps ⚡⚡
2026-02-25 12:30:40 [INFO]    🏆 FI | VLESS | Пинг: 2609ms | Скорость: 1.54 Mbps ⚡
2026-02-25 12:30:40 [INFO]    🏆 GB | VLESS | Пинг: 1770ms | Скорость: 3.0 Mbps ⚡⚡
2026-02-25 12:30:40 [INFO]    🏆 DE | VLESS | Пинг: 2746ms | Скорость: 1.84 Mbps ⚡
2026-02-25 12:30:40 [INFO]    🏆 NL | VLESS | Пинг: 3762ms | Скорость: 1.88 Mbps ⚡
2026-02-25 12:30:40 [INFO]    🏆 DE | VLESS | Пинг: 3881ms | Скорость: 7.19 Mbps ⚡⚡
2026-02-25 12:30:40 [INFO]    🏆 DE | VLESS | Пинг: 4510ms | Скорость: 8.02 Mbps ⚡⚡
2026-02-25 12:30:41 [INFO]    🏆 NL | VLESS | Пинг: 3875ms | Скорость: 5.95 Mbps ⚡⚡
2026-02-25 12:30:41 [INFO]    🏆 FI | VLESS | Пинг: 4523ms | Скорость: 7.52 Mbps ⚡⚡
2026-02-25 12:30:43 [INFO]    🏆 FI | VLESS | Пинг: 3991ms | Скорость: 4.04 Mbps ⚡⚡
2026-02-25 12:30:43 [INFO]    🏆 FI | VLESS | Пинг: 4350ms | Скорость: 4.15 Mbps ⚡⚡
2026-02-25 12:30:43 [INFO]    🏆 NL | VLESS | Пинг: 4553ms | Скорость: 6.14 Mbps ⚡⚡
2026-02-25 12:30:43 [INFO]    🏆 FI | VLESS | Пинг: 4229ms | Скорость: 3.98 Mbps ⚡⚡
2026-02-25 12:30:43 [INFO]    🏆 FI | VLESS | Пинг: 4579ms | Скорость: 6.73 Mbps ⚡⚡
2026-02-25 12:30:44 [INFO]    🏆 US | VLESS | Пинг: 3963ms | Скорость: 2.04 Mbps ⚡
2026-02-25 12:30:44 [INFO]    🏆 US | VLESS | Пинг: 4013ms | Скорость: 3.08 Mbps ⚡⚡
2026-02-25 12:30:45 [INFO]    🏆 NL | VLESS | Пинг: 4600ms | Скорость: 4.61 Mbps ⚡⚡
2026-02-25 12:30:46 [INFO]    🏆 US | VLESS | Пинг: 5030ms | Скорость: 9.07 Mbps ⚡⚡
2026-02-25 12:30:46 [INFO]    🏆 KZ | VLESS | Пинг: 5137ms | Скорость: 8.94 Mbps ⚡⚡
2026-02-25 12:30:47 [INFO]    🏆 DE | VLESS | Пинг: 4751ms | Скорость: 1.82 Mbps ⚡
2026-02-25 12:30:47 [INFO]    🏆 CA | VLESS | Пинг: 4860ms | Скорость: 3.08 Mbps ⚡⚡
2026-02-25 12:30:48 [INFO]    🏆 US | VLESS | Пинг: 5165ms | Скорость: 5.07 Mbps ⚡⚡
2026-02-25 12:30:48 [INFO]    🏆 DE | VLESS | Пинг: 4963ms | Скорость: 0.82 Mbps 
2026-02-25 12:30:51 [INFO] 📊 Итого в подписке сохранено иностранных серверов: 10
2026-02-25 12:30:51 [INFO] 💾 Файл успешно сохранен: FL1PVPN
