2026-02-27 11:40:06 [INFO] 🚀 START: Smart Selector (Target: 10, ONLY FOREIGN)
2026-02-27 11:40:06 [INFO] 🌐 Загрузка источников (VLESS + VMess)...
2026-02-27 11:40:07 [INFO] 🔍 Уникальных конфигов собрано: 232
2026-02-27 11:40:07 [INFO] ⚡ ЭТАП 1: Замер Пинга и Геолокации. Workers: 40...
2026-02-27 11:40:12 [INFO]    [PING OK] FI | VLESS | 4421ms
2026-02-27 11:40:13 [INFO]    [PING OK] PL | VLESS | 4672ms
2026-02-27 11:40:13 [INFO]    [PING OK] FI | VLESS | 4435ms
2026-02-27 11:40:13 [INFO]    [PING OK] DE | VLESS | 4062ms
2026-02-27 11:40:13 [INFO]    [PING OK] CA | VLESS | 4568ms
2026-02-27 11:40:13 [INFO]    [PING OK] ES | VLESS | 4666ms
2026-02-27 11:40:13 [INFO]    [PING OK] DE | VLESS | 4369ms
2026-02-27 11:40:13 [INFO]    [PING OK] CA | VLESS | 4566ms
2026-02-27 11:40:13 [INFO]    [PING OK] FI | VLESS | 4085ms
2026-02-27 11:40:13 [INFO]    [PING OK] DE | VLESS | 4600ms
2026-02-27 11:40:13 [INFO]    [PING OK] FI | VLESS | 5108ms
2026-02-27 11:40:13 [INFO]    [PING OK] HU | VLESS | 4191ms
2026-02-27 11:40:13 [INFO]    [PING OK] TR | VLESS | 3696ms
2026-02-27 11:40:14 [INFO]    [PING OK] FI | VLESS | 5592ms
2026-02-27 11:40:14 [INFO]    [PING OK] LT | VLESS | 5138ms
2026-02-27 11:40:14 [INFO]    [PING OK] DE | VLESS | 6056ms
2026-02-27 11:40:14 [INFO]    [PING OK] LT | VLESS | 4502ms
2026-02-27 11:40:14 [INFO]    [PING OK] FI | VLESS | 4011ms
2026-02-27 11:40:14 [INFO]    [PING OK] DE | VLESS | 3613ms
2026-02-27 11:40:15 [INFO]    [PING OK] NG | VLESS | 4588ms
2026-02-27 11:40:15 [INFO]    [PING OK] DE | VLESS | 3831ms
2026-02-27 11:40:15 [INFO]    [PING OK] NL | VLESS | 5532ms
2026-02-27 11:40:16 [INFO]    [PING OK] NL | VLESS | 7515ms
2026-02-27 11:40:16 [INFO]    [PING OK] PL | VLESS | 3734ms
2026-02-27 11:40:17 [INFO]    [PING OK] HU | VLESS | 3448ms
2026-02-27 11:40:17 [INFO]    [PING OK] TR | VLESS | 3776ms
2026-02-27 11:40:17 [INFO]    [PING OK] TR | VLESS | 3805ms
2026-02-27 11:40:17 [INFO]    [PING OK] ES | VLESS | 3464ms
2026-02-27 11:40:17 [INFO]    [PING OK] FI | VLESS | 3543ms
2026-02-27 11:40:17 [INFO]    [PING OK] FR | VLESS | 9160ms
2026-02-27 11:40:17 [INFO]    [PING OK] IT | VLESS | 3651ms
2026-02-27 11:40:18 [INFO]    [PING OK] TR | VLESS | 3331ms
2026-02-27 11:40:18 [INFO]    [PING OK] ES | VLESS | 3354ms
2026-02-27 11:40:18 [INFO]    [PING OK] EE | VLESS | 3403ms
2026-02-27 11:40:18 [INFO]    [PING OK] DE | VLESS | 3139ms
2026-02-27 11:40:18 [INFO]    [PING OK] ES | VLESS | 3249ms
2026-02-27 11:40:18 [INFO]    [PING OK] IT | VLESS | 3135ms
2026-02-27 11:40:19 [INFO]    [PING OK] PL | VLESS | 3088ms
2026-02-27 11:40:19 [INFO]    [PING OK] FI | VLESS | 4719ms
2026-02-27 11:40:19 [INFO]    [PING OK] US | VLESS | 3169ms
2026-02-27 11:40:19 [INFO]    [PING OK] PL | VLESS | 3184ms
2026-02-27 11:40:19 [INFO]    [PING OK] DE | VLESS | 3126ms
2026-02-27 11:40:19 [INFO]    [PING OK] FI | VLESS | 3455ms
2026-02-27 11:40:20 [INFO]    [PING OK] FI | VLESS | 5879ms
2026-02-27 11:40:20 [INFO]    [PING OK] PL | VLESS | 6467ms
2026-02-27 11:40:21 [INFO]    [PING OK] PL | VLESS | 3381ms
2026-02-27 11:40:21 [INFO]    [PING OK] EE | VLESS | 3156ms
2026-02-27 11:40:21 [INFO]    [PING OK] FR | VLESS | 3223ms
2026-02-27 11:40:22 [INFO]    [PING OK] FI | VLESS | 7750ms
2026-02-27 11:40:22 [INFO]    [PING OK] US | VLESS | 3614ms
2026-02-27 11:40:22 [INFO]    [PING OK] FR | VLESS | 3063ms
2026-02-27 11:40:22 [INFO]    [PING OK] FI | VLESS | 3134ms
2026-02-27 11:40:22 [INFO]    [PING OK] TR | VLESS | 2894ms
2026-02-27 11:40:22 [INFO]    [PING OK] ES | VLESS | 4057ms
2026-02-27 11:40:22 [INFO]    [PING OK] FI | VLESS | 3002ms
2026-02-27 11:40:22 [INFO]    [PING OK] TR | VLESS | 2723ms
2026-02-27 11:40:23 [INFO]    [PING OK] HU | VLESS | 2567ms
2026-02-27 11:40:23 [INFO]    [PING OK] NL | VLESS | 2375ms
2026-02-27 11:40:23 [INFO]    [PING OK] HU | VLESS | 3236ms
2026-02-27 11:40:25 [INFO]    [PING OK] PL | VLESS | 3141ms
2026-02-27 11:40:25 [INFO]    [PING OK] CH | VLESS | 3152ms
2026-02-27 11:40:25 [INFO]    [PING OK] US | VLESS | 3203ms
2026-02-27 11:40:26 [INFO]    [PING OK] FI | VLESS | 3586ms
2026-02-27 11:40:26 [INFO]    [PING OK] NL | VLESS | 3057ms
2026-02-27 11:40:26 [INFO]    [PING OK] PL | VLESS | 3192ms
2026-02-27 11:40:26 [INFO]    [PING OK] ES | VLESS | 3423ms
2026-02-27 11:40:26 [INFO]    [PING OK] DE | VLESS | 3201ms
2026-02-27 11:40:26 [INFO]    [PING OK] DE | VLESS | 3386ms
2026-02-27 11:40:26 [INFO]    [PING OK] US | VLESS | 2980ms
2026-02-27 11:40:27 [INFO]    [PING OK] DE | VLESS | 3251ms
2026-02-27 11:40:27 [INFO]    [PING OK] ES | VLESS | 2778ms
2026-02-27 11:40:27 [INFO]    [PING OK] HU | VLESS | 2730ms
2026-02-27 11:40:27 [INFO]    [PING OK] SE | VLESS | 2862ms
2026-02-27 11:40:27 [INFO]    [PING OK] HU | VLESS | 4272ms
2026-02-27 11:40:27 [INFO]    [PING OK] AE | VLESS | 3389ms
2026-02-27 11:40:27 [INFO]    [PING OK] DE | VLESS | 2663ms
2026-02-27 11:40:27 [INFO]    [PING OK] PL | VLESS | 3311ms
2026-02-27 11:40:28 [INFO]    [PING OK] VN | VLESS | 4177ms
2026-02-27 11:40:29 [INFO]    [PING OK] DE | VLESS | 2705ms
2026-02-27 11:40:29 [INFO]    [PING OK] US | VLESS | 2989ms
2026-02-27 11:40:29 [INFO]    [PING OK] DE | VLESS | 3052ms
2026-02-27 11:40:30 [INFO]    [PING OK] PL | VLESS | 3245ms
2026-02-27 11:40:31 [INFO]    [PING OK] KZ | VLESS | 5826ms
2026-02-27 11:40:31 [INFO]    [PING OK] US | VLESS | 3600ms
2026-02-27 11:40:31 [INFO]    [PING OK] DE | VLESS | 6748ms
2026-02-27 11:40:31 [INFO]    [PING OK] PL | VLESS | 3676ms
2026-02-27 11:40:31 [INFO]    [PING OK] DE | VLESS | 3679ms
2026-02-27 11:40:31 [INFO]    [PING OK] LV | VLESS | 3525ms
2026-02-27 11:40:31 [INFO]    [PING OK] DE | VLESS | 3704ms
2026-02-27 11:40:31 [INFO]    [PING OK] DE | VLESS | 3136ms
2026-02-27 11:40:31 [INFO]    [PING OK] DE | VLESS | 3893ms
2026-02-27 11:40:32 [INFO]    [PING OK] NL | VLESS | 3716ms
2026-02-27 11:40:32 [INFO]    [PING OK] DE | VLESS | 2459ms
2026-02-27 11:40:32 [INFO]    [PING OK] DE | VLESS | 3589ms
2026-02-27 11:40:32 [INFO]    [PING OK] SG | VLESS | 1882ms
2026-02-27 11:40:32 [INFO]    [PING OK] DE | VLESS | 3109ms
2026-02-27 11:40:33 [INFO]    [PING OK] CA | VLESS | 2828ms
2026-02-27 11:40:33 [INFO]    [PING OK] DE | VLESS | 3267ms
2026-02-27 11:40:34 [INFO]    [PING OK] DE | VLESS | 6396ms
2026-02-27 11:40:37 [INFO] 🏎️ ЭТАП 2: Глубокий замер скорости для 40 иностранных кандидатов...
2026-02-27 11:40:41 [INFO]    🏆 DE | VLESS | Пинг: 2663ms | Скорость: 5.74 Mbps ⚡⚡
2026-02-27 11:40:41 [INFO]    🏆 SE | VLESS | Пинг: 2862ms | Скорость: 5.97 Mbps ⚡⚡
2026-02-27 11:40:41 [INFO]    🏆 DE | VLESS | Пинг: 2705ms | Скорость: 5.54 Mbps ⚡⚡
2026-02-27 11:40:41 [INFO]    🏆 HU | VLESS | Пинг: 2567ms | Скорость: 5.47 Mbps ⚡⚡
2026-02-27 11:40:41 [INFO]    🏆 HU | VLESS | Пинг: 2730ms | Скорость: 5.47 Mbps ⚡⚡
2026-02-27 11:40:41 [INFO]    🏆 US | VLESS | Пинг: 2980ms | Скорость: 5.62 Mbps ⚡⚡
2026-02-27 11:40:41 [INFO]    🏆 NL | VLESS | Пинг: 2375ms | Скорость: 5.2 Mbps ⚡⚡
2026-02-27 11:40:41 [INFO]    🏆 ES | VLESS | Пинг: 2778ms | Скорость: 5.32 Mbps ⚡⚡
2026-02-27 11:40:41 [INFO]    🏆 TR | VLESS | Пинг: 2894ms | Скорость: 5.25 Mbps ⚡⚡
2026-02-27 11:40:41 [INFO]    🏆 TR | VLESS | Пинг: 2723ms | Скорость: 5.01 Mbps ⚡⚡
2026-02-27 11:40:41 [INFO]    🏆 SG | VLESS | Пинг: 1882ms | Скорость: 4.83 Mbps ⚡⚡
2026-02-27 11:40:42 [INFO]    🏆 FI | VLESS | Пинг: 3002ms | Скорость: 5.01 Mbps ⚡⚡
2026-02-27 11:40:44 [INFO]    🏆 DE | VLESS | Пинг: 3052ms | Скорость: 9.46 Mbps ⚡⚡
2026-02-27 11:40:44 [INFO]    🏆 PL | VLESS | Пинг: 3088ms | Скорость: 8.0 Mbps ⚡⚡
2026-02-27 11:40:44 [INFO]    🏆 FR | VLESS | Пинг: 3063ms | Скорость: 7.73 Mbps ⚡⚡
2026-02-27 11:40:44 [INFO]    🏆 DE | VLESS | Пинг: 3136ms | Скорость: 8.06 Mbps ⚡⚡
2026-02-27 11:40:44 [INFO]    🏆 DE | VLESS | Пинг: 3139ms | Скорость: 7.92 Mbps ⚡⚡
2026-02-27 11:40:45 [INFO]    🏆 DE | VLESS | Пинг: 3126ms | Скорость: 7.64 Mbps ⚡⚡
2026-02-27 11:40:45 [INFO]    🏆 PL | VLESS | Пинг: 3141ms | Скорость: 7.74 Mbps ⚡⚡
2026-02-27 11:40:45 [INFO]    🏆 EE | VLESS | Пинг: 3156ms | Скорость: 8.15 Mbps ⚡⚡
2026-02-27 11:40:45 [INFO]    🏆 FI | VLESS | Пинг: 3134ms | Скорость: 6.85 Mbps ⚡⚡
2026-02-27 11:40:46 [INFO]    🏆 PL | VLESS | Пинг: 3192ms | Скорость: 11.92 Mbps ⚡⚡
2026-02-27 11:40:46 [INFO]    🏆 PL | VLESS | Пинг: 3184ms | Скорость: 10.16 Mbps ⚡⚡
2026-02-27 11:40:47 [INFO]    🏆 PL | VLESS | Пинг: 3245ms | Скорость: 10.52 Mbps ⚡⚡
2026-02-27 11:40:47 [INFO]    🏆 DE | VLESS | Пинг: 3251ms | Скорость: 11.68 Mbps ⚡⚡
2026-02-27 11:40:48 [INFO]    🏆 DE | VLESS | Пинг: 3109ms | Скорость: 1.43 Mbps 
2026-02-27 11:40:48 [INFO]    🏆 DE | VLESS | Пинг: 3267ms | Скорость: 7.93 Mbps ⚡⚡
2026-02-27 11:40:48 [INFO]    🏆 CH | VLESS | Пинг: 3152ms | Скорость: 2.96 Mbps ⚡
2026-02-27 11:40:51 [INFO]    🏆 ES | VLESS | Пинг: 3249ms | Скорость: 1.44 Mbps 
2026-02-27 11:40:52 [INFO]    🏆 PL | VLESS | Пинг: 3311ms | Скорость: 1.81 Mbps ⚡
2026-02-27 11:40:52 [INFO] 📊 Итого в подписке сохранено иностранных серверов: 10
2026-02-27 11:40:52 [INFO] 💾 Файл успешно сохранен: FL1PVPN
