2026-02-24 05:20:05 [INFO] 🚀 START: Smart Selector (Target: 10, ONLY FOREIGN)
2026-02-24 05:20:05 [INFO] 🌐 Загрузка источников (VLESS + VMess)...
2026-02-24 05:20:06 [INFO] 🔍 Уникальных конфигов собрано: 218
2026-02-24 05:20:06 [INFO] ⚡ ЭТАП 1: Замер Пинга и Геолокации. Workers: 40...
2026-02-24 05:20:12 [INFO]    [PING OK] ES | VLESS | 4813ms
2026-02-24 05:20:12 [INFO]    [PING OK] PL | VLESS | 4655ms
2026-02-24 05:20:12 [INFO]    [PING OK] ES | VLESS | 4499ms
2026-02-24 05:20:12 [INFO]    [PING OK] TR | VLESS | 4686ms
2026-02-24 05:20:13 [INFO]    [PING OK] FI | VLESS | 4554ms
2026-02-24 05:20:13 [INFO]    [PING OK] HU | VLESS | 4821ms
2026-02-24 05:20:13 [INFO]    [PING OK] HU | VLESS | 4739ms
2026-02-24 05:20:13 [INFO]    [PING OK] LV | VLESS | 4582ms
2026-02-24 05:20:13 [INFO]    [PING OK] LV | VLESS | 4126ms
2026-02-24 05:20:13 [INFO]    [PING OK] DE | VLESS | 5285ms
2026-02-24 05:20:13 [INFO]    [PING OK] TR | VLESS | 4160ms
2026-02-24 05:20:13 [INFO]    [PING OK] ES | VLESS | 3785ms
2026-02-24 05:20:13 [INFO]    [PING OK] PL | VLESS | 3418ms
2026-02-24 05:20:13 [INFO]    [PING OK] IT | VLESS | 3303ms
2026-02-24 05:20:13 [INFO]    [PING OK] IT | VLESS | 3158ms
2026-02-24 05:20:14 [INFO]    [PING OK] HU | VLESS | 3424ms
2026-02-24 05:20:14 [INFO]    [PING OK] US | VLESS | 6148ms
2026-02-24 05:20:15 [INFO]    [PING OK] NL | VLESS | 5824ms
2026-02-24 05:20:16 [INFO]    [PING OK] DE | VLESS | 5404ms
2026-02-24 05:20:17 [INFO]    [PING OK] EE | VLESS | 3918ms
2026-02-24 05:20:17 [INFO]    [PING OK] TR | VLESS | 3905ms
2026-02-24 05:20:17 [INFO]    [PING OK] IT | VLESS | 4010ms
2026-02-24 05:20:17 [INFO]    [PING OK] ES | VLESS | 4191ms
2026-02-24 05:20:17 [INFO]    [PING OK] DE | VLESS | 3679ms
2026-02-24 05:20:17 [INFO]    [PING OK] ES | VLESS | 4092ms
2026-02-24 05:20:18 [INFO]    [PING OK] DE | VLESS | 4031ms
2026-02-24 05:20:18 [INFO]    [PING OK] FI | VLESS | 3692ms
2026-02-24 05:20:18 [INFO]    [PING OK] HU | VLESS | 3982ms
2026-02-24 05:20:18 [INFO]    [PING OK] PL | VLESS | 3738ms
2026-02-24 05:20:18 [INFO]    [PING OK] DE | VLESS | 4072ms
2026-02-24 05:20:18 [INFO]    [PING OK] PL | VLESS | 3799ms
2026-02-24 05:20:18 [INFO]    [PING OK] NL | VLESS | 4932ms
2026-02-24 05:20:19 [INFO]    [PING OK] NL | VLESS | 5356ms
2026-02-24 05:20:19 [INFO]    [PING OK] NL | VLESS | 4845ms
2026-02-24 05:20:19 [INFO]    [PING OK] NL | VLESS | 5270ms
2026-02-24 05:20:22 [INFO]    [PING OK] PL | VLESS | 4739ms
2026-02-24 05:20:23 [INFO]    [PING OK] PL | VLESS | 4742ms
2026-02-24 05:20:23 [INFO]    [PING OK] ES | VLESS | 4740ms
2026-02-24 05:20:23 [INFO]    [PING OK] HU | VLESS | 5010ms
2026-02-24 05:20:23 [INFO]    [PING OK] DE | VLESS | 5021ms
2026-02-24 05:20:23 [INFO]    [PING OK] ES | VLESS | 5080ms
2026-02-24 05:20:24 [INFO]    [PING OK] ES | VLESS | 5310ms
2026-02-24 05:20:24 [INFO]    [PING OK] SE | VLESS | 5484ms
2026-02-24 05:20:24 [INFO]    [PING OK] SE | VLESS | 5672ms
2026-02-24 05:20:25 [INFO]    [PING OK] TR | VLESS | 5533ms
2026-02-24 05:20:25 [INFO]    [PING OK] CA | VLESS | 6546ms
2026-02-24 05:20:25 [INFO]    [PING OK] DE | VLESS | 5633ms
2026-02-24 05:20:25 [INFO]    [PING OK] DE | VLESS | 5619ms
2026-02-24 05:20:27 [INFO]    [PING OK] CA | VLESS | 5937ms
2026-02-24 05:20:28 [INFO]    [PING OK] DE | VLESS | 5402ms
2026-02-24 05:20:28 [INFO]    [PING OK] SE | VLESS | 5266ms
2026-02-24 05:20:28 [INFO]    [PING OK] CA | VLESS | 5418ms
2026-02-24 05:20:29 [INFO]    [PING OK] CA | VLESS | 5347ms
2026-02-24 05:20:29 [INFO]    [PING OK] SE | VLESS | 3775ms
2026-02-24 05:20:29 [INFO]    [PING OK] TR | VLESS | 4902ms
2026-02-24 05:20:29 [INFO]    [PING OK] FI | VLESS | 3390ms
2026-02-24 05:20:29 [INFO]    [PING OK] SG | VLESS | 4063ms
2026-02-24 05:20:29 [INFO]    [PING OK] SE | VLESS | 3713ms
2026-02-24 05:20:29 [INFO]    [PING OK] CA | VLESS | 4194ms
2026-02-24 05:20:29 [INFO]    [PING OK] SE | VLESS | 1998ms
2026-02-24 05:20:29 [INFO]    [PING OK] DE | VLESS | 2203ms
2026-02-24 05:20:29 [INFO]    [PING OK] CA | VLESS | 4043ms
2026-02-24 05:20:29 [INFO]    [PING OK] SE | VLESS | 1772ms
2026-02-24 05:20:29 [INFO]    [PING OK] NO | VLESS | 1993ms
2026-02-24 05:20:29 [INFO]    [PING OK] DE | VLESS | 348ms
2026-02-24 05:20:30 [INFO]    [PING OK] NL | VLESS | 1864ms
2026-02-24 05:20:30 [INFO]    [PING OK] CA | VLESS | 3864ms
2026-02-24 05:20:30 [INFO]    [PING OK] CA | VLESS | 2663ms
2026-02-24 05:20:32 [INFO]    [PING OK] CA | VLESS | 6773ms
2026-02-24 05:20:34 [INFO] 🏎️ ЭТАП 2: Глубокий замер скорости для 40 иностранных кандидатов...
2026-02-24 05:20:39 [INFO]    🏆 IT | VLESS | Пинг: 3303ms | Скорость: 5.32 Mbps ⚡⚡
2026-02-24 05:20:39 [INFO]    🏆 DE | VLESS | Пинг: 348ms | Скорость: 5.1 Mbps ⚡⚡
2026-02-24 05:20:39 [INFO]    🏆 DE | VLESS | Пинг: 2203ms | Скорость: 5.15 Mbps ⚡⚡
2026-02-24 05:20:39 [INFO]    🏆 FI | VLESS | Пинг: 3390ms | Скорость: 5.16 Mbps ⚡⚡
2026-02-24 05:20:39 [INFO]    🏆 PL | VLESS | Пинг: 3418ms | Скорость: 5.18 Mbps ⚡⚡
2026-02-24 05:20:39 [INFO]    🏆 FI | VLESS | Пинг: 3692ms | Скорость: 5.04 Mbps ⚡⚡
2026-02-24 05:20:39 [INFO]    🏆 DE | VLESS | Пинг: 3679ms | Скорость: 4.94 Mbps ⚡⚡
2026-02-24 05:20:39 [INFO]    🏆 IT | VLESS | Пинг: 3158ms | Скорость: 4.66 Mbps ⚡⚡
2026-02-24 05:20:39 [INFO]    🏆 SE | VLESS | Пинг: 1772ms | Скорость: 4.5 Mbps ⚡⚡
2026-02-24 05:20:39 [INFO]    🏆 HU | VLESS | Пинг: 3424ms | Скорость: 4.64 Mbps ⚡⚡
2026-02-24 05:20:41 [INFO]    🏆 PL | VLESS | Пинг: 3738ms | Скорость: 6.08 Mbps ⚡⚡
2026-02-24 05:20:41 [INFO]    🏆 NO | VLESS | Пинг: 1993ms | Скорость: 1.69 Mbps ⚡
2026-02-24 05:20:44 [INFO]    🏆 HU | VLESS | Пинг: 3982ms | Скорость: 5.1 Mbps ⚡⚡
2026-02-24 05:20:44 [INFO]    🏆 DE | VLESS | Пинг: 4031ms | Скорость: 5.3 Mbps ⚡⚡
2026-02-24 05:20:44 [INFO]    🏆 CA | VLESS | Пинг: 4043ms | Скорость: 5.28 Mbps ⚡⚡
2026-02-24 05:20:44 [INFO]    🏆 IT | VLESS | Пинг: 4010ms | Скорость: 4.98 Mbps ⚡⚡
2026-02-24 05:20:44 [INFO]    🏆 PL | VLESS | Пинг: 3799ms | Скорость: 4.85 Mbps ⚡⚡
2026-02-24 05:20:44 [INFO]    🏆 ES | VLESS | Пинг: 3785ms | Скорость: 4.76 Mbps ⚡⚡
2026-02-24 05:20:44 [INFO]    🏆 DE | VLESS | Пинг: 4072ms | Скорость: 5.44 Mbps ⚡⚡
2026-02-24 05:20:44 [INFO]    🏆 TR | VLESS | Пинг: 3905ms | Скорость: 4.92 Mbps ⚡⚡
2026-02-24 05:20:44 [INFO]    🏆 ES | VLESS | Пинг: 4092ms | Скорость: 5.33 Mbps ⚡⚡
2026-02-24 05:20:44 [INFO]    🏆 EE | VLESS | Пинг: 3918ms | Скорость: 4.79 Mbps ⚡⚡
2026-02-24 05:20:44 [INFO]    🏆 CA | VLESS | Пинг: 3864ms | Скорость: 4.76 Mbps ⚡⚡
2026-02-24 05:20:44 [INFO]    🏆 SG | VLESS | Пинг: 4063ms | Скорость: 4.95 Mbps ⚡⚡
2026-02-24 05:20:45 [INFO]    🏆 LV | VLESS | Пинг: 4126ms | Скорость: 5.85 Mbps ⚡⚡
2026-02-24 05:20:46 [INFO]    🏆 ES | VLESS | Пинг: 4191ms | Скорость: 6.46 Mbps ⚡⚡
2026-02-24 05:20:46 [INFO]    🏆 TR | VLESS | Пинг: 4160ms | Скорость: 5.28 Mbps ⚡⚡
2026-02-24 05:20:47 [INFO]    🏆 FI | VLESS | Пинг: 4554ms | Скорость: 7.49 Mbps ⚡⚡
2026-02-24 05:20:47 [INFO]    🏆 LV | VLESS | Пинг: 4582ms | Скорость: 7.45 Mbps ⚡⚡
2026-02-24 05:20:47 [INFO]    🏆 PL | VLESS | Пинг: 4739ms | Скорость: 7.59 Mbps ⚡⚡
2026-02-24 05:20:47 [INFO]    🏆 PL | VLESS | Пинг: 4655ms | Скорость: 7.42 Mbps ⚡⚡
2026-02-24 05:20:47 [INFO]    🏆 HU | VLESS | Пинг: 4739ms | Скорость: 7.37 Mbps ⚡⚡
2026-02-24 05:20:47 [INFO]    🏆 TR | VLESS | Пинг: 4686ms | Скорость: 7.4 Mbps ⚡⚡
2026-02-24 05:20:47 [INFO]    🏆 CA | VLESS | Пинг: 4194ms | Скорость: 7.04 Mbps ⚡⚡
2026-02-24 05:20:47 [INFO]    🏆 ES | VLESS | Пинг: 4499ms | Скорость: 6.45 Mbps ⚡⚡
2026-02-24 05:20:48 [INFO] 📊 Итого в подписке сохранено иностранных серверов: 10
2026-02-24 05:20:48 [INFO] 💾 Файл успешно сохранен: FL1PVPN
