2026-02-18 00:20:05 [INFO] 🚀 START: Smart VLESS Selector (Target: 10, Strict Mode)
2026-02-18 00:20:05 [INFO] 🌐 Загрузка источников...
2026-02-18 00:20:08 [INFO] 🔍 Уникальных конфигов собрано: 350
2026-02-18 00:20:08 [INFO] ⚡ ЭТАП 1: Быстрый замер Пинга (Workers: 25)...
2026-02-18 00:20:09 [INFO]    [PING OK] PL | 217ms
2026-02-18 00:20:09 [INFO]    [PING OK] LV | 201ms
2026-02-18 00:20:09 [INFO]    [PING OK] LV | 266ms
2026-02-18 00:20:09 [INFO]    [PING OK] NL | 145ms
2026-02-18 00:20:09 [INFO]    [PING OK] RU | 177ms
2026-02-18 00:20:10 [INFO]    [PING OK] RU | 144ms
2026-02-18 00:20:10 [INFO]    [PING OK] RU | 265ms
2026-02-18 00:20:10 [INFO]    [PING OK] LT | 167ms
2026-02-18 00:20:10 [INFO]    [PING OK] DE | 1664ms
2026-02-18 00:20:11 [INFO]    [PING OK] DE | 1131ms
2026-02-18 00:20:11 [INFO]    [PING OK] DE | 147ms
2026-02-18 00:20:12 [INFO]    [PING OK] LT | 170ms
2026-02-18 00:20:12 [INFO]    [PING OK] LT | 219ms
2026-02-18 00:20:12 [INFO]    [PING OK] DE | 157ms
2026-02-18 00:20:13 [INFO]    [PING OK] FI | 142ms
2026-02-18 00:20:13 [INFO]    [PING OK] DE | 791ms
2026-02-18 00:20:13 [INFO]    [PING OK] RU | 132ms
2026-02-18 00:20:13 [INFO]    [PING OK] RU | 82ms
2026-02-18 00:20:13 [INFO]    [PING OK] RU | 147ms
2026-02-18 00:20:13 [INFO]    [PING OK] RU | 72ms
2026-02-18 00:20:13 [INFO]    [PING OK] RU | 173ms
2026-02-18 00:20:13 [INFO]    [PING OK] RU | 264ms
2026-02-18 00:20:13 [INFO]    [PING OK] RU | 189ms
2026-02-18 00:20:14 [INFO]    [PING OK] RU | 223ms
2026-02-18 00:20:14 [INFO]    [PING OK] RU | 318ms
2026-02-18 00:20:14 [INFO]    [PING OK] RU | 70ms
2026-02-18 00:20:14 [INFO]    [PING OK] RU | 452ms
2026-02-18 00:20:14 [INFO]    [PING OK] RU | 54ms
2026-02-18 00:20:14 [INFO]    [PING OK] RU | 228ms
2026-02-18 00:20:14 [INFO]    [PING OK] RU | 350ms
2026-02-18 00:20:14 [INFO]    [PING OK] RU | 292ms
2026-02-18 00:20:14 [INFO]    [PING OK] RU | 339ms
2026-02-18 00:20:14 [INFO]    [PING OK] RU | 350ms
2026-02-18 00:20:14 [INFO]    [PING OK] RU | 184ms
2026-02-18 00:20:14 [INFO]    [PING OK] RU | 338ms
2026-02-18 00:20:15 [INFO]    [PING OK] RU | 426ms
2026-02-18 00:20:15 [INFO]    [PING OK] RU | 219ms
2026-02-18 00:20:15 [INFO]    [PING OK] RU | 271ms
2026-02-18 00:20:15 [INFO]    [PING OK] RU | 198ms
2026-02-18 00:20:15 [INFO]    [PING OK] RU | 218ms
2026-02-18 00:20:15 [INFO]    [PING OK] RU | 313ms
2026-02-18 00:20:15 [INFO]    [PING OK] RU | 213ms
2026-02-18 00:20:15 [INFO]    [PING OK] RU | 228ms
2026-02-18 00:20:15 [INFO]    [PING OK] RU | 2203ms
2026-02-18 00:20:15 [INFO]    [PING OK] RU | 254ms
2026-02-18 00:20:15 [INFO]    [PING OK] RU | 521ms
2026-02-18 00:20:15 [INFO]    [PING OK] RU | 74ms
2026-02-18 00:20:15 [INFO]    [PING OK] RU | 482ms
2026-02-18 00:20:16 [INFO]    [PING OK] RU | 240ms
2026-02-18 00:20:16 [INFO]    [PING OK] RU | 74ms
2026-02-18 00:20:16 [INFO]    [PING OK] RU | 90ms
2026-02-18 00:20:16 [INFO]    [PING OK] DE | 266ms
2026-02-18 00:20:16 [INFO]    [PING OK] RU | 258ms
2026-02-18 00:20:16 [INFO]    [PING OK] RU | 311ms
2026-02-18 00:20:16 [INFO]    [PING OK] RU | 303ms
2026-02-18 00:20:16 [INFO]    [PING OK] RU | 178ms
2026-02-18 00:20:16 [INFO]    [PING OK] RU | 223ms
2026-02-18 00:20:16 [INFO]    [PING OK] RU | 267ms
2026-02-18 00:20:16 [INFO]    [PING OK] RU | 177ms
2026-02-18 00:20:17 [INFO]    [PING OK] RU | 109ms
2026-02-18 00:20:17 [INFO]    [PING OK] RU | 217ms
2026-02-18 00:20:17 [INFO]    [PING OK] RU | 202ms
2026-02-18 00:20:17 [INFO]    [PING OK] RU | 284ms
2026-02-18 00:20:17 [INFO]    [PING OK] RU | 1062ms
2026-02-18 00:20:17 [INFO]    [PING OK] RU | 150ms
2026-02-18 00:20:17 [INFO]    [PING OK] RU | 84ms
2026-02-18 00:20:17 [INFO]    [PING OK] RU | 238ms
2026-02-18 00:20:17 [INFO]    [PING OK] RU | 227ms
2026-02-18 00:20:17 [INFO]    [PING OK] RU | 186ms
2026-02-18 00:20:17 [INFO]    [PING OK] RU | 287ms
2026-02-18 00:20:17 [INFO]    [PING OK] US | 2114ms
2026-02-18 00:20:17 [INFO]    [PING OK] RU | 223ms
2026-02-18 00:20:17 [INFO]    [PING OK] RU | 215ms
2026-02-18 00:20:17 [INFO]    [PING OK] RU | 269ms
2026-02-18 00:20:18 [INFO]    [PING OK] RU | 222ms
2026-02-18 00:20:18 [INFO]    [PING OK] RU | 119ms
2026-02-18 00:20:18 [INFO]    [PING OK] RU | 264ms
2026-02-18 00:20:18 [INFO]    [PING OK] RU | 78ms
2026-02-18 00:20:18 [INFO]    [PING OK] RU | 174ms
2026-02-18 00:20:18 [INFO]    [PING OK] RU | 338ms
2026-02-18 00:20:18 [INFO]    [PING OK] RU | 97ms
2026-02-18 00:20:18 [INFO]    [PING OK] RU | 246ms
2026-02-18 00:20:18 [INFO]    [PING OK] RU | 91ms
2026-02-18 00:20:18 [INFO]    [PING OK] RU | 202ms
2026-02-18 00:20:18 [INFO]    [PING OK] RU | 369ms
2026-02-18 00:20:18 [INFO]    [PING OK] RU | 220ms
2026-02-18 00:20:18 [INFO]    [PING OK] RU | 3542ms
2026-02-18 00:20:18 [INFO]    [PING OK] RU | 186ms
2026-02-18 00:20:18 [INFO]    [PING OK] RU | 296ms
2026-02-18 00:20:18 [INFO]    [PING OK] RU | 362ms
2026-02-18 00:20:19 [INFO]    [PING OK] RU | 213ms
2026-02-18 00:20:19 [INFO]    [PING OK] RU | 2529ms
2026-02-18 00:20:19 [INFO]    [PING OK] RU | 112ms
2026-02-18 00:20:19 [INFO]    [PING OK] RU | 213ms
2026-02-18 00:20:19 [INFO]    [PING OK] RU | 183ms
2026-02-18 00:20:19 [INFO]    [PING OK] RU | 185ms
2026-02-18 00:20:19 [INFO]    [PING OK] RU | 192ms
2026-02-18 00:20:19 [INFO]    [PING OK] RU | 296ms
2026-02-18 00:20:19 [INFO]    [PING OK] RU | 233ms
2026-02-18 00:20:19 [INFO]    [PING OK] RU | 203ms
2026-02-18 00:20:19 [INFO]    [PING OK] RU | 38ms
2026-02-18 00:20:19 [INFO]    [PING OK] RU | 69ms
2026-02-18 00:20:19 [INFO]    [PING OK] RU | 276ms
2026-02-18 00:20:19 [INFO]    [PING OK] RU | 141ms
2026-02-18 00:20:19 [INFO]    [PING OK] RU | 144ms
2026-02-18 00:20:19 [INFO]    [PING OK] RU | 193ms
2026-02-18 00:20:19 [INFO]    [PING OK] RU | 344ms
2026-02-18 00:20:19 [INFO]    [PING OK] RU | 45ms
2026-02-18 00:20:19 [INFO]    [PING OK] RU | 135ms
2026-02-18 00:20:19 [INFO]    [PING OK] RU | 144ms
2026-02-18 00:20:19 [INFO]    [PING OK] RU | 293ms
2026-02-18 00:20:19 [INFO]    [PING OK] RU | 153ms
2026-02-18 00:20:20 [INFO]    [PING OK] RU | 165ms
2026-02-18 00:20:20 [INFO]    [PING OK] RU | 143ms
2026-02-18 00:20:20 [INFO]    [PING OK] RU | 161ms
2026-02-18 00:20:20 [INFO]    [PING OK] RU | 174ms
2026-02-18 00:20:20 [INFO]    [PING OK] RU | 151ms
2026-02-18 00:20:20 [INFO]    [PING OK] RU | 224ms
2026-02-18 00:20:20 [INFO]    [PING OK] RU | 348ms
2026-02-18 00:20:20 [INFO]    [PING OK] RU | 539ms
2026-02-18 00:20:20 [INFO]    [PING OK] RU | 291ms
2026-02-18 00:20:20 [INFO]    [PING OK] RU | 465ms
2026-02-18 00:20:20 [INFO]    [PING OK] RU | 289ms
2026-02-18 00:20:20 [INFO]    [PING OK] RU | 305ms
2026-02-18 00:20:20 [INFO]    [PING OK] MD | 149ms
2026-02-18 00:20:21 [INFO]    [PING OK] DE | 158ms
2026-02-18 00:20:21 [INFO]    [PING OK] RU | 4820ms
2026-02-18 00:20:21 [INFO]    [PING OK] FI | 115ms
2026-02-18 00:20:21 [INFO]    [PING OK] AT | 218ms
2026-02-18 00:20:21 [INFO]    [PING OK] UZ | 292ms
2026-02-18 00:20:21 [INFO]    [PING OK] RU | 164ms
2026-02-18 00:20:22 [INFO]    [PING OK] DE | 199ms
2026-02-18 00:20:22 [INFO]    [PING OK] DE | 494ms
2026-02-18 00:20:22 [INFO]    [PING OK] EE | 277ms
2026-02-18 00:20:23 [INFO]    [PING OK] DE | 170ms
2026-02-18 00:20:25 [INFO]    [PING OK] PL | 130ms
2026-02-18 00:20:26 [INFO]    [PING OK] PL | 105ms
2026-02-18 00:20:26 [INFO]    [PING OK] AE | 165ms
2026-02-18 00:20:26 [INFO]    [PING OK] FI | 414ms
2026-02-18 00:20:27 [INFO]    [PING OK] DE | 247ms
2026-02-18 00:20:27 [INFO]    [PING OK] NL | 207ms
2026-02-18 00:20:28 [INFO]    [PING OK] AU | 130ms
2026-02-18 00:20:28 [INFO]    [PING OK] ES | 593ms
2026-02-18 00:20:28 [INFO]    [PING OK] TR | 433ms
2026-02-18 00:20:29 [INFO]    [PING OK] US | 452ms
2026-02-18 00:20:29 [INFO]    [PING OK] JP | 1401ms
2026-02-18 00:20:30 [INFO]    [PING OK] FI | 156ms
2026-02-18 00:20:30 [INFO]    [PING OK] FR | 514ms
2026-02-18 00:20:30 [INFO]    [PING OK] PL | 136ms
2026-02-18 00:20:31 [INFO]    [PING OK] TR | 425ms
2026-02-18 00:20:31 [INFO]    [PING OK] LV | 372ms
2026-02-18 00:20:31 [INFO]    [PING OK] FI | 1086ms
2026-02-18 00:20:31 [INFO]    [PING OK] RU | 220ms
2026-02-18 00:20:32 [INFO]    [PING OK] US | 689ms
2026-02-18 00:20:37 [INFO] 🏎️ ЭТАП 2: Глубокий замер скорости для ТОП-10 серверов...
2026-02-18 00:20:41 [INFO]    🏆 PL | Пинг: 105ms | Скорость: 7.53 Mbps ⚡⚡
2026-02-18 00:20:41 [INFO]    🏆 FI | Пинг: 115ms | Скорость: 7.28 Mbps ⚡⚡
2026-02-18 00:20:41 [INFO]    🏆 PL | Пинг: 130ms | Скорость: 7.39 Mbps ⚡⚡
2026-02-18 00:20:41 [INFO]    🏆 AU | Пинг: 130ms | Скорость: 7.48 Mbps ⚡⚡
2026-02-18 00:20:41 [INFO]    🏆 PL | Пинг: 136ms | Скорость: 7.3 Mbps ⚡⚡
2026-02-18 00:20:41 [INFO]    🏆 FI | Пинг: 142ms | Скорость: 7.38 Mbps ⚡⚡
2026-02-18 00:20:41 [INFO]    🏆 NL | Пинг: 145ms | Скорость: 7.27 Mbps ⚡⚡
2026-02-18 00:20:41 [INFO]    🏆 DE | Пинг: 147ms | Скорость: 7.55 Mbps ⚡⚡
2026-02-18 00:20:41 [INFO]    🏆 MD | Пинг: 149ms | Скорость: 7.46 Mbps ⚡⚡
2026-02-18 00:20:41 [INFO]    🏆 RU | Пинг: 38ms | Скорость: 7.57 Mbps ⚡⚡
2026-02-18 00:20:41 [INFO] 🇷🇺 Добавлен RU сервер: 87.242.103.184
2026-02-18 00:20:41 [INFO] 📊 Итого в подписке сохранено: 10 серверов
2026-02-18 00:20:41 [INFO] 💾 Файл успешно сохранен: FL1PVPN
