2026-02-17 02:30:06 [INFO] 🚀 START: Smart VLESS Selector (Target: 10, Strict Mode)
2026-02-17 02:30:06 [INFO] 🌐 Загрузка источников...
2026-02-17 02:30:08 [INFO] 🔍 Уникальных конфигов собрано: 682
2026-02-17 02:30:08 [INFO] ⚡ ЭТАП 1: Быстрый замер Пинга (Workers: 25)...
2026-02-17 02:30:09 [INFO]    [PING OK] RU | 195ms
2026-02-17 02:30:10 [INFO]    [PING OK] DE | 201ms
2026-02-17 02:30:10 [INFO]    [PING OK] DE | 1047ms
2026-02-17 02:30:10 [INFO]    [PING OK] DE | 1172ms
2026-02-17 02:30:13 [INFO]    [PING OK] DE | 474ms
2026-02-17 02:30:16 [INFO]    [PING OK] DE | 868ms
2026-02-17 02:30:16 [INFO]    [PING OK] DE | 170ms
2026-02-17 02:30:17 [INFO]    [PING OK] DE | 169ms
2026-02-17 02:30:17 [INFO]    [PING OK] DE | 163ms
2026-02-17 02:30:19 [INFO]    [PING OK] DE | 150ms
2026-02-17 02:30:20 [INFO]    [PING OK] RU | 172ms
2026-02-17 02:30:20 [INFO]    [PING OK] FR | 202ms
2026-02-17 02:30:20 [INFO]    [PING OK] RU | 100ms
2026-02-17 02:30:20 [INFO]    [PING OK] HU | 377ms
2026-02-17 02:30:20 [INFO]    [PING OK] US | 194ms
2026-02-17 02:30:20 [INFO]    [PING OK] RU | 54ms
2026-02-17 02:30:21 [INFO]    [PING OK] PL | 168ms
2026-02-17 02:30:21 [INFO]    [PING OK] RU | 224ms
2026-02-17 02:30:21 [INFO]    [PING OK] RU | 160ms
2026-02-17 02:30:21 [INFO]    [PING OK] RU | 235ms
2026-02-17 02:30:21 [INFO]    [PING OK] RU | 65ms
2026-02-17 02:30:22 [INFO]    [PING OK] RU | 130ms
2026-02-17 02:30:22 [INFO]    [PING OK] RU | 249ms
2026-02-17 02:30:22 [INFO]    [PING OK] DE | 154ms
2026-02-17 02:30:22 [INFO]    [PING OK] RU | 221ms
2026-02-17 02:30:22 [INFO]    [PING OK] RU | 226ms
2026-02-17 02:30:22 [INFO]    [PING OK] RU | 268ms
2026-02-17 02:30:22 [INFO]    [PING OK] RU | 237ms
2026-02-17 02:30:22 [INFO]    [PING OK] RU | 165ms
2026-02-17 02:30:23 [INFO]    [PING OK] RU | 99ms
2026-02-17 02:30:23 [INFO]    [PING OK] RU | 292ms
2026-02-17 02:30:23 [INFO]    [PING OK] RU | 210ms
2026-02-17 02:30:23 [INFO]    [PING OK] RU | 80ms
2026-02-17 02:30:23 [INFO]    [PING OK] RU | 872ms
2026-02-17 02:30:23 [INFO]    [PING OK] RU | 120ms
2026-02-17 02:30:23 [INFO]    [PING OK] PL | 198ms
2026-02-17 02:30:23 [INFO]    [PING OK] RU | 245ms
2026-02-17 02:30:23 [INFO]    [PING OK] RU | 354ms
2026-02-17 02:30:23 [INFO]    [PING OK] RU | 228ms
2026-02-17 02:30:23 [INFO]    [PING OK] RU | 92ms
2026-02-17 02:30:23 [INFO]    [PING OK] RU | 333ms
2026-02-17 02:30:23 [INFO]    [PING OK] RU | 66ms
2026-02-17 02:30:24 [INFO]    [PING OK] RU | 711ms
2026-02-17 02:30:24 [INFO]    [PING OK] RU | 78ms
2026-02-17 02:30:24 [INFO]    [PING OK] RU | 188ms
2026-02-17 02:30:24 [INFO]    [PING OK] DE | 179ms
2026-02-17 02:30:24 [INFO]    [PING OK] RU | 245ms
2026-02-17 02:30:24 [INFO]    [PING OK] RU | 247ms
2026-02-17 02:30:24 [INFO]    [PING OK] GB | 270ms
2026-02-17 02:30:24 [INFO]    [PING OK] RU | 1158ms
2026-02-17 02:30:24 [INFO]    [PING OK] HU | 344ms
2026-02-17 02:30:25 [INFO]    [PING OK] RU | 763ms
2026-02-17 02:30:25 [INFO]    [PING OK] RU | 80ms
2026-02-17 02:30:25 [INFO]    [PING OK] RU | 209ms
2026-02-17 02:30:25 [INFO]    [PING OK] RU | 336ms
2026-02-17 02:30:25 [INFO]    [PING OK] RU | 93ms
2026-02-17 02:30:25 [INFO]    [PING OK] PL | 155ms
2026-02-17 02:30:25 [INFO]    [PING OK] RU | 248ms
2026-02-17 02:30:25 [INFO]    [PING OK] RU | 285ms
2026-02-17 02:30:25 [INFO]    [PING OK] RU | 220ms
2026-02-17 02:30:25 [INFO]    [PING OK] RU | 156ms
2026-02-17 02:30:25 [INFO]    [PING OK] RU | 64ms
2026-02-17 02:30:25 [INFO]    [PING OK] RU | 287ms
2026-02-17 02:30:26 [INFO]    [PING OK] RU | 288ms
2026-02-17 02:30:26 [INFO]    [PING OK] RU | 89ms
2026-02-17 02:30:26 [INFO]    [PING OK] RU | 360ms
2026-02-17 02:30:26 [INFO]    [PING OK] RU | 74ms
2026-02-17 02:30:26 [INFO]    [PING OK] RU | 165ms
2026-02-17 02:30:26 [INFO]    [PING OK] RU | 82ms
2026-02-17 02:30:26 [INFO]    [PING OK] RU | 74ms
2026-02-17 02:30:26 [INFO]    [PING OK] RU | 318ms
2026-02-17 02:30:26 [INFO]    [PING OK] RU | 1192ms
2026-02-17 02:30:26 [INFO]    [PING OK] RU | 68ms
2026-02-17 02:30:26 [INFO]    [PING OK] RU | 2406ms
2026-02-17 02:30:27 [INFO]    [PING OK] NL | 174ms
2026-02-17 02:30:27 [INFO]    [PING OK] RU | 165ms
2026-02-17 02:30:27 [INFO]    [PING OK] RU | 228ms
2026-02-17 02:30:27 [INFO]    [PING OK] RU | 886ms
2026-02-17 02:30:27 [INFO]    [PING OK] RU | 284ms
2026-02-17 02:30:27 [INFO]    [PING OK] RU | 251ms
2026-02-17 02:30:27 [INFO]    [PING OK] RU | 130ms
2026-02-17 02:30:27 [INFO]    [PING OK] EE | 434ms
2026-02-17 02:30:27 [INFO]    [PING OK] RU | 123ms
2026-02-17 02:30:27 [INFO]    [PING OK] RU | 90ms
2026-02-17 02:30:27 [INFO]    [PING OK] RU | 240ms
2026-02-17 02:30:27 [INFO]    [PING OK] RU | 247ms
2026-02-17 02:30:27 [INFO]    [PING OK] HU | 343ms
2026-02-17 02:30:27 [INFO]    [PING OK] NL | 186ms
2026-02-17 02:30:27 [INFO]    [PING OK] RU | 1169ms
2026-02-17 02:30:28 [INFO]    [PING OK] RU | 195ms
2026-02-17 02:30:28 [INFO]    [PING OK] RU | 71ms
2026-02-17 02:30:28 [INFO]    [PING OK] RU | 112ms
2026-02-17 02:30:28 [INFO]    [PING OK] RU | 315ms
2026-02-17 02:30:28 [INFO]    [PING OK] RU | 266ms
2026-02-17 02:30:28 [INFO]    [PING OK] RU | 333ms
2026-02-17 02:30:28 [INFO]    [PING OK] RU | 121ms
2026-02-17 02:30:28 [INFO]    [PING OK] RU | 256ms
2026-02-17 02:30:28 [INFO]    [PING OK] RU | 165ms
2026-02-17 02:30:28 [INFO]    [PING OK] RU | 264ms
2026-02-17 02:30:28 [INFO]    [PING OK] RU | 282ms
2026-02-17 02:30:28 [INFO]    [PING OK] RU | 427ms
2026-02-17 02:30:28 [INFO]    [PING OK] DE | 237ms
2026-02-17 02:30:29 [INFO]    [PING OK] RU | 208ms
2026-02-17 02:30:29 [INFO]    [PING OK] RU | 189ms
2026-02-17 02:30:29 [INFO]    [PING OK] RU | 249ms
2026-02-17 02:30:29 [INFO]    [PING OK] RU | 2393ms
2026-02-17 02:30:29 [INFO]    [PING OK] RU | 211ms
2026-02-17 02:30:29 [INFO]    [PING OK] RU | 194ms
2026-02-17 02:30:29 [INFO]    [PING OK] RU | 138ms
2026-02-17 02:30:29 [INFO]    [PING OK] RU | 226ms
2026-02-17 02:30:29 [INFO]    [PING OK] RU | 170ms
2026-02-17 02:30:29 [INFO]    [PING OK] RU | 291ms
2026-02-17 02:30:29 [INFO]    [PING OK] RU | 712ms
2026-02-17 02:30:29 [INFO]    [PING OK] RU | 408ms
2026-02-17 02:30:29 [INFO]    [PING OK] RU | 209ms
2026-02-17 02:30:29 [INFO]    [PING OK] RU | 163ms
2026-02-17 02:30:29 [INFO]    [PING OK] RU | 222ms
2026-02-17 02:30:29 [INFO]    [PING OK] NL | 1119ms
2026-02-17 02:30:29 [INFO]    [PING OK] RU | 560ms
2026-02-17 02:30:30 [INFO]    [PING OK] RU | 199ms
2026-02-17 02:30:30 [INFO]    [PING OK] RU | 227ms
2026-02-17 02:30:30 [INFO]    [PING OK] RU | 277ms
2026-02-17 02:30:30 [INFO]    [PING OK] RU | 476ms
2026-02-17 02:30:30 [INFO]    [PING OK] RU | 300ms
2026-02-17 02:30:30 [INFO]    [PING OK] TR | 303ms
2026-02-17 02:30:31 [INFO]    [PING OK] US | 458ms
2026-02-17 02:30:31 [INFO]    [PING OK] GB | 3580ms
2026-02-17 02:30:31 [INFO]    [PING OK] GB | 3294ms
2026-02-17 02:30:32 [INFO]    [PING OK] RU | 141ms
2026-02-17 02:30:34 [INFO]    [PING OK] DE | 186ms
2026-02-17 02:30:36 [INFO]    [PING OK] PL | 506ms
2026-02-17 02:30:36 [INFO]    [PING OK] NL | 175ms
2026-02-17 02:30:39 [INFO]    [PING OK] US | 544ms
2026-02-17 02:30:39 [INFO]    [PING OK] DE | 223ms
2026-02-17 02:30:42 [INFO]    [PING OK] DE | 183ms
2026-02-17 02:30:44 [INFO]    [PING OK] GR | 87ms
2026-02-17 02:30:46 [INFO]    [PING OK] RU | 243ms
2026-02-17 02:30:47 [INFO]    [PING OK] PL | 159ms
2026-02-17 02:30:50 [INFO]    [PING OK] PL | 207ms
2026-02-17 02:30:50 [INFO]    [PING OK] RU | 160ms
2026-02-17 02:30:50 [INFO]    [PING OK] PL | 296ms
2026-02-17 02:30:51 [INFO]    [PING OK] PL | 129ms
2026-02-17 02:30:52 [INFO]    [PING OK] FR | 156ms
2026-02-17 02:30:56 [INFO]    [PING OK] US | 228ms
2026-02-17 02:30:56 [INFO]    [PING OK] FR | 191ms
2026-02-17 02:30:57 [INFO]    [PING OK] DE | 163ms
2026-02-17 02:30:58 [INFO]    [PING OK] FR | 188ms
2026-02-17 02:30:59 [INFO]    [PING OK] DE | 157ms
2026-02-17 02:31:02 [INFO]    [PING OK] RU | 221ms
2026-02-17 02:31:03 [INFO]    [PING OK] FI | 206ms
2026-02-17 02:31:04 [INFO]    [PING OK] RU | 164ms
2026-02-17 02:31:06 [INFO]    [PING OK] FR | 873ms
2026-02-17 02:31:06 [INFO]    [PING OK] AT | 195ms
2026-02-17 02:31:06 [INFO]    [PING OK] SE | 188ms
2026-02-17 02:31:08 [INFO]    [PING OK] US | 523ms
2026-02-17 02:31:10 [INFO]    [PING OK] US | 923ms
2026-02-17 02:31:11 [INFO]    [PING OK] BG | 232ms
2026-02-17 02:31:11 [INFO]    [PING OK] NL | 154ms
2026-02-17 02:31:12 [INFO]    [PING OK] EE | 248ms
2026-02-17 02:31:13 [INFO]    [PING OK] PL | 580ms
2026-02-17 02:31:15 [INFO]    [PING OK] RU | 189ms
2026-02-17 02:31:15 [INFO]    [PING OK] NL | 183ms
2026-02-17 02:31:24 [INFO]    [PING OK] NL | 193ms
2026-02-17 02:31:27 [INFO]    [PING OK] FI | 219ms
2026-02-17 02:31:27 [INFO]    [PING OK] FR | 1293ms
2026-02-17 02:31:27 [INFO]    [PING OK] CY | 161ms
2026-02-17 02:31:28 [INFO]    [PING OK] NL | 440ms
2026-02-17 02:31:30 [INFO]    [PING OK] MD | 208ms
2026-02-17 02:31:31 [INFO]    [PING OK] LV | 179ms
2026-02-17 02:31:36 [INFO] 🏎️ ЭТАП 2: Глубокий замер скорости для ТОП-10 серверов...
2026-02-17 02:31:40 [INFO]    🏆 GR | Пинг: 87ms | Скорость: 8.24 Mbps ⚡⚡
2026-02-17 02:31:40 [INFO]    🏆 PL | Пинг: 129ms | Скорость: 8.09 Mbps ⚡⚡
2026-02-17 02:31:40 [INFO]    🏆 DE | Пинг: 150ms | Скорость: 8.21 Mbps ⚡⚡
2026-02-17 02:31:40 [INFO]    🏆 DE | Пинг: 154ms | Скорость: 8.0 Mbps ⚡⚡
2026-02-17 02:31:40 [INFO]    🏆 NL | Пинг: 154ms | Скорость: 8.19 Mbps ⚡⚡
2026-02-17 02:31:40 [INFO]    🏆 PL | Пинг: 155ms | Скорость: 8.17 Mbps ⚡⚡
2026-02-17 02:31:40 [INFO]    🏆 FR | Пинг: 156ms | Скорость: 8.42 Mbps ⚡⚡
2026-02-17 02:31:40 [INFO]    🏆 DE | Пинг: 157ms | Скорость: 8.42 Mbps ⚡⚡
2026-02-17 02:31:40 [INFO]    🏆 PL | Пинг: 159ms | Скорость: 8.58 Mbps ⚡⚡
2026-02-17 02:31:40 [INFO]    🏆 RU | Пинг: 54ms | Скорость: 8.53 Mbps ⚡⚡
2026-02-17 02:31:40 [INFO] 🇷🇺 Добавлен RU сервер: 109.120.190.78
2026-02-17 02:31:40 [INFO] 📊 Итого в подписке сохранено: 10 серверов
2026-02-17 02:31:40 [INFO] 💾 Файл успешно сохранен: FL1PVPN
