2026-02-26 10:10:06 [INFO] 🚀 START: Smart Selector (Target: 10, ONLY FOREIGN)
2026-02-26 10:10:06 [INFO] 🌐 Загрузка источников (VLESS + VMess)...
2026-02-26 10:10:07 [INFO] 🔍 Уникальных конфигов собрано: 416
2026-02-26 10:10:07 [INFO] ⚡ ЭТАП 1: Замер Пинга и Геолокации. Workers: 40...
2026-02-26 10:10:13 [INFO]    [PING OK] NL | VLESS | 4267ms
2026-02-26 10:10:13 [INFO]    [PING OK] DE | VLESS | 4401ms
2026-02-26 10:10:13 [INFO]    [PING OK] DE | VLESS | 4533ms
2026-02-26 10:10:13 [INFO]    [PING OK] NL | VLESS | 4478ms
2026-02-26 10:10:13 [INFO]    [PING OK] TR | VLESS | 4225ms
2026-02-26 10:10:13 [INFO]    [PING OK] NL | VLESS | 4650ms
2026-02-26 10:10:13 [INFO]    [PING OK] NL | VLESS | 4299ms
2026-02-26 10:10:13 [INFO]    [PING OK] DE | VLESS | 4228ms
2026-02-26 10:10:14 [INFO]    [PING OK] NL | VLESS | 5139ms
2026-02-26 10:10:14 [INFO]    [PING OK] NL | VLESS | 3681ms
2026-02-26 10:10:14 [INFO]    [PING OK] FI | VLESS | 3284ms
2026-02-26 10:10:14 [INFO]    [PING OK] DE | VLESS | 3876ms
2026-02-26 10:10:14 [INFO]    [PING OK] NL | VLESS | 3450ms
2026-02-26 10:10:14 [INFO]    [PING OK] US | VLESS | 5650ms
2026-02-26 10:10:15 [INFO]    [PING OK] NL | VLESS | 3653ms
2026-02-26 10:10:15 [INFO]    [PING OK] IT | VLESS | 3760ms
2026-02-26 10:10:15 [INFO]    [PING OK] NG | VLESS | 5850ms
2026-02-26 10:10:16 [INFO]    [PING OK] DE | VLESS | 3814ms
2026-02-26 10:10:16 [INFO]    [PING OK] DE | VLESS | 3767ms
2026-02-26 10:10:16 [INFO]    [PING OK] DE | VLESS | 7795ms
2026-02-26 10:10:18 [INFO]    [PING OK] NO | VLESS | 3730ms
2026-02-26 10:10:18 [INFO]    [PING OK] PL | VLESS | 4046ms
2026-02-26 10:10:18 [INFO]    [PING OK] PL | VLESS | 4091ms
2026-02-26 10:10:18 [INFO]    [PING OK] FI | VLESS | 3806ms
2026-02-26 10:10:18 [INFO]    [PING OK] NL | VLESS | 3461ms
2026-02-26 10:10:18 [INFO]    [PING OK] PL | VLESS | 3644ms
2026-02-26 10:10:19 [INFO]    [PING OK] NL | VLESS | 6840ms
2026-02-26 10:10:19 [INFO]    [PING OK] FI | VLESS | 3450ms
2026-02-26 10:10:19 [INFO]    [PING OK] CA | VLESS | 3641ms
2026-02-26 10:10:19 [INFO]    [PING OK] DE | VLESS | 3115ms
2026-02-26 10:10:19 [INFO]    [PING OK] LT | VLESS | 3369ms
2026-02-26 10:10:20 [INFO]    [PING OK] FR | VLESS | 3195ms
2026-02-26 10:10:21 [INFO]    [PING OK] NL | VLESS | 3443ms
2026-02-26 10:10:21 [INFO]    [PING OK] FI | VLESS | 3271ms
2026-02-26 10:10:22 [INFO]    [PING OK] FR | VLESS | 3272ms
2026-02-26 10:10:22 [INFO]    [PING OK] EE | VLESS | 3200ms
2026-02-26 10:10:22 [INFO]    [PING OK] DE | VLESS | 3093ms
2026-02-26 10:10:22 [INFO]    [PING OK] LV | VLESS | 3075ms
2026-02-26 10:10:23 [INFO]    [PING OK] DE | VLESS | 2857ms
2026-02-26 10:10:24 [INFO]    [PING OK] US | VLESS | 2642ms
2026-02-26 10:10:24 [INFO]    [PING OK] NO | VLESS | 2888ms
2026-02-26 10:10:24 [INFO]    [PING OK] DE | VLESS | 2529ms
2026-02-26 10:10:25 [INFO]    [PING OK] PL | VLESS | 2552ms
2026-02-26 10:10:25 [INFO]    [PING OK] PL | VLESS | 2594ms
2026-02-26 10:10:25 [INFO]    [PING OK] FR | VLESS | 2594ms
2026-02-26 10:10:25 [INFO]    [PING OK] NL | VLESS | 6334ms
2026-02-26 10:10:26 [INFO]    [PING OK] NL | VLESS | 4010ms
2026-02-26 10:10:26 [INFO]    [PING OK] DE | VLESS | 7563ms
2026-02-26 10:10:26 [INFO]    [PING OK] IT | VLESS | 2795ms
2026-02-26 10:10:26 [INFO]    [PING OK] FI | VLESS | 3137ms
2026-02-26 10:10:26 [INFO]    [PING OK] DE | VLESS | 6874ms
2026-02-26 10:10:27 [INFO]    [PING OK] PL | VLESS | 3172ms
2026-02-26 10:10:28 [INFO]    [PING OK] TR | VLESS | 3685ms
2026-02-26 10:10:28 [INFO]    [PING OK] AE | VLESS | 3649ms
2026-02-26 10:10:28 [INFO]    [PING OK] US | VLESS | 3827ms
2026-02-26 10:10:28 [INFO]    [PING OK] DE | VLESS | 5406ms
2026-02-26 10:10:29 [INFO]    [PING OK] NL | VLESS | 3328ms
2026-02-26 10:10:29 [INFO]    [PING OK] DE | VLESS | 3397ms
2026-02-26 10:10:29 [INFO]    [PING OK] US | VLESS | 5411ms
2026-02-26 10:10:29 [INFO]    [PING OK] SE | VLESS | 8228ms
2026-02-26 10:10:29 [INFO]    [PING OK] NL | VLESS | 3741ms
2026-02-26 10:10:30 [INFO]    [PING OK] NL | VLESS | 4739ms
2026-02-26 10:10:30 [INFO]    [PING OK] FI | VLESS | 3407ms
2026-02-26 10:10:31 [INFO]    [PING OK] NL | VLESS | 4021ms
2026-02-26 10:10:31 [INFO]    [PING OK] NL | VLESS | 4174ms
2026-02-26 10:10:31 [INFO]    [PING OK] TR | VLESS | 3723ms
2026-02-26 10:10:32 [INFO]    [PING OK] NL | VLESS | 3900ms
2026-02-26 10:10:32 [INFO]    [PING OK] FI | VLESS | 3662ms
2026-02-26 10:10:33 [INFO]    [PING OK] CA | VLESS | 4198ms
2026-02-26 10:10:33 [INFO]    [PING OK] FI | VLESS | 3830ms
2026-02-26 10:10:33 [INFO]    [PING OK] FI | VLESS | 3797ms
2026-02-26 10:10:33 [INFO]    [PING OK] FI | VLESS | 3994ms
2026-02-26 10:10:33 [INFO]    [PING OK] US | VLESS | 4017ms
2026-02-26 10:10:34 [INFO]    [PING OK] ES | VLESS | 3729ms
2026-02-26 10:10:34 [INFO]    [PING OK] KZ | VLESS | 4549ms
2026-02-26 10:10:34 [INFO]    [PING OK] FI | VLESS | 5579ms
2026-02-26 10:10:34 [INFO]    [PING OK] NL | VLESS | 3879ms
2026-02-26 10:10:34 [INFO]    [PING OK] US | VLESS | 4452ms
2026-02-26 10:10:34 [INFO]    [PING OK] HU | VLESS | 7255ms
2026-02-26 10:10:35 [INFO]    [PING OK] NL | VLESS | 6608ms
2026-02-26 10:10:35 [INFO]    [PING OK] CH | VLESS | 3772ms
2026-02-26 10:10:35 [INFO]    [PING OK] US | VLESS | 4033ms
2026-02-26 10:10:35 [INFO]    [PING OK] DE | VLESS | 3646ms
2026-02-26 10:10:35 [INFO]    [PING OK] TR | VLESS | 3804ms
2026-02-26 10:10:35 [INFO]    [PING OK] LT | VLESS | 5087ms
2026-02-26 10:10:36 [INFO]    [PING OK] DE | VLESS | 3951ms
2026-02-26 10:10:36 [INFO]    [PING OK] LV | VLESS | 3777ms
2026-02-26 10:10:37 [INFO]    [PING OK] PL | VLESS | 4432ms
2026-02-26 10:10:38 [INFO]    [PING OK] DE | VLESS | 4402ms
2026-02-26 10:10:39 [INFO]    [PING OK] FI | VLESS | 4995ms
2026-02-26 10:10:39 [INFO]    [PING OK] DE | VLESS | 4688ms
2026-02-26 10:10:39 [INFO]    [PING OK] NL | VLESS | 4696ms
2026-02-26 10:10:39 [INFO]    [PING OK] DE | VLESS | 5270ms
2026-02-26 10:10:39 [INFO]    [PING OK] CH | VLESS | 4207ms
2026-02-26 10:10:40 [INFO]    [PING OK] FI | VLESS | 4276ms
2026-02-26 10:10:40 [INFO]    [PING OK] HK | VLESS | 4648ms
2026-02-26 10:10:40 [INFO]    [PING OK] DE | VLESS | 5059ms
2026-02-26 10:10:40 [INFO]    [PING OK] PL | VLESS | 4635ms
2026-02-26 10:10:41 [INFO]    [PING OK] ES | VLESS | 4758ms
2026-02-26 10:10:41 [INFO]    [PING OK] DE | VLESS | 4165ms
2026-02-26 10:10:41 [INFO]    [PING OK] FI | VLESS | 3457ms
2026-02-26 10:10:41 [INFO]    [PING OK] DE | VLESS | 4154ms
2026-02-26 10:10:41 [INFO]    [PING OK] NL | VLESS | 3717ms
2026-02-26 10:10:41 [INFO]    [PING OK] ES | VLESS | 6138ms
2026-02-26 10:10:41 [INFO]    [PING OK] NL | VLESS | 4826ms
2026-02-26 10:10:41 [INFO]    [PING OK] US | VLESS | 7901ms
2026-02-26 10:10:42 [INFO]    [PING OK] DE | VLESS | 3490ms
2026-02-26 10:10:42 [INFO]    [PING OK] LT | VLESS | 5378ms
2026-02-26 10:10:42 [INFO]    [PING OK] SE | VLESS | 3477ms
2026-02-26 10:10:42 [INFO]    [PING OK] NL | VLESS | 3613ms
2026-02-26 10:10:42 [INFO]    [PING OK] PL | VLESS | 3596ms
2026-02-26 10:10:43 [INFO]    [PING OK] HK | VLESS | 3738ms
2026-02-26 10:10:44 [INFO]    [PING OK] NL | VLESS | 4222ms
2026-02-26 10:10:44 [INFO]    [PING OK] CA | VLESS | 3870ms
2026-02-26 10:10:44 [INFO]    [PING OK] NL | VLESS | 3796ms
2026-02-26 10:10:45 [INFO]    [PING OK] US | VLESS | 4345ms
2026-02-26 10:10:45 [INFO]    [PING OK] SE | VLESS | 4088ms
2026-02-26 10:10:45 [INFO]    [PING OK] PL | VLESS | 4098ms
2026-02-26 10:10:45 [INFO]    [PING OK] PL | VLESS | 4410ms
2026-02-26 10:10:45 [INFO]    [PING OK] NL | VLESS | 4409ms
2026-02-26 10:10:45 [INFO]    [PING OK] LV | VLESS | 4463ms
2026-02-26 10:10:46 [INFO]    [PING OK] US | VLESS | 4690ms
2026-02-26 10:10:47 [INFO]    [PING OK] CA | VLESS | 5461ms
2026-02-26 10:10:47 [INFO]    [PING OK] CA | VLESS | 5150ms
2026-02-26 10:10:47 [INFO]    [PING OK] GB | VLESS | 4972ms
2026-02-26 10:10:47 [INFO]    [PING OK] CA | VLESS | 5649ms
2026-02-26 10:10:48 [INFO]    [PING OK] DE | VLESS | 4877ms
2026-02-26 10:10:48 [INFO]    [PING OK] LV | VLESS | 4397ms
2026-02-26 10:10:48 [INFO]    [PING OK] US | VLESS | 4685ms
2026-02-26 10:10:49 [INFO]    [PING OK] PL | VLESS | 2652ms
2026-02-26 10:10:49 [INFO]    [PING OK] CA | VLESS | 3540ms
2026-02-26 10:10:49 [INFO]    [PING OK] CA | VLESS | 1986ms
2026-02-26 10:10:51 [INFO]    [PING OK] DE | VLESS | 5895ms
2026-02-26 10:10:54 [INFO] 🏎️ ЭТАП 2: Глубокий замер скорости для 40 иностранных кандидатов...
2026-02-26 10:10:58 [INFO]    🏆 LV | VLESS | Пинг: 3075ms | Скорость: 5.38 Mbps ⚡⚡
2026-02-26 10:10:58 [INFO]    🏆 DE | VLESS | Пинг: 3093ms | Скорость: 5.45 Mbps ⚡⚡
2026-02-26 10:10:58 [INFO]    🏆 FI | VLESS | Пинг: 3137ms | Скорость: 5.45 Mbps ⚡⚡
2026-02-26 10:10:58 [INFO]    🏆 PL | VLESS | Пинг: 2652ms | Скорость: 5.26 Mbps ⚡⚡
2026-02-26 10:10:58 [INFO]    🏆 DE | VLESS | Пинг: 3115ms | Скорость: 5.27 Mbps ⚡⚡
2026-02-26 10:10:58 [INFO]    🏆 US | VLESS | Пинг: 2642ms | Скорость: 5.09 Mbps ⚡⚡
2026-02-26 10:10:58 [INFO]    🏆 PL | VLESS | Пинг: 2552ms | Скорость: 5.03 Mbps ⚡⚡
2026-02-26 10:10:58 [INFO]    🏆 PL | VLESS | Пинг: 2594ms | Скорость: 4.91 Mbps ⚡⚡
2026-02-26 10:10:59 [INFO]    🏆 DE | VLESS | Пинг: 2857ms | Скорость: 4.87 Mbps ⚡⚡
2026-02-26 10:10:59 [INFO]    🏆 PL | VLESS | Пинг: 3172ms | Скорость: 5.01 Mbps ⚡⚡
2026-02-26 10:10:59 [INFO]    🏆 NO | VLESS | Пинг: 2888ms | Скорость: 4.78 Mbps ⚡⚡
2026-02-26 10:10:59 [INFO]    🏆 FR | VLESS | Пинг: 2594ms | Скорость: 4.54 Mbps ⚡⚡
2026-02-26 10:11:00 [INFO]    🏆 IT | VLESS | Пинг: 2795ms | Скорость: 3.02 Mbps ⚡⚡
2026-02-26 10:11:01 [INFO]    🏆 FI | VLESS | Пинг: 3284ms | Скорость: 9.71 Mbps ⚡⚡
2026-02-26 10:11:02 [INFO]    🏆 FR | VLESS | Пинг: 3272ms | Скорость: 7.86 Mbps ⚡⚡
2026-02-26 10:11:02 [INFO]    🏆 NL | VLESS | Пинг: 3443ms | Скорость: 7.9 Mbps ⚡⚡
2026-02-26 10:11:02 [INFO]    🏆 NL | VLESS | Пинг: 3328ms | Скорость: 7.57 Mbps ⚡⚡
2026-02-26 10:11:02 [INFO]    🏆 FI | VLESS | Пинг: 3407ms | Скорость: 7.25 Mbps ⚡⚡
2026-02-26 10:11:02 [INFO]    🏆 SE | VLESS | Пинг: 3477ms | Скорость: 8.18 Mbps ⚡⚡
2026-02-26 10:11:02 [INFO]    🏆 NL | VLESS | Пинг: 3461ms | Скорость: 7.62 Mbps ⚡⚡
2026-02-26 10:11:02 [INFO]    🏆 FI | VLESS | Пинг: 3457ms | Скорость: 7.24 Mbps ⚡⚡
2026-02-26 10:11:02 [INFO]    🏆 FI | VLESS | Пинг: 3271ms | Скорость: 5.79 Mbps ⚡⚡
2026-02-26 10:11:03 [INFO]    🏆 DE | VLESS | Пинг: 3490ms | Скорость: 10.53 Mbps ⚡⚡
2026-02-26 10:11:04 [INFO]    🏆 PL | VLESS | Пинг: 3596ms | Скорость: 15.52 Mbps ⚡⚡
2026-02-26 10:11:04 [INFO]    🏆 DE | VLESS | Пинг: 3397ms | Скорость: 4.24 Mbps ⚡⚡
2026-02-26 10:11:04 [INFO]    🏆 PL | VLESS | Пинг: 3644ms | Скорость: 14.62 Mbps ⚡⚡
2026-02-26 10:11:04 [INFO]    🏆 EE | VLESS | Пинг: 3200ms | Скорость: 2.29 Mbps ⚡
2026-02-26 10:11:05 [INFO]    🏆 NL | VLESS | Пинг: 3450ms | Скорость: 3.46 Mbps ⚡⚡
2026-02-26 10:11:05 [INFO]    🏆 AE | VLESS | Пинг: 3649ms | Скорость: 7.6 Mbps ⚡⚡
2026-02-26 10:11:06 [INFO]    🏆 NL | VLESS | Пинг: 3653ms | Скорость: 6.08 Mbps ⚡⚡
2026-02-26 10:11:08 [INFO]    🏆 CA | VLESS | Пинг: 3540ms | Скорость: 2.01 Mbps ⚡
2026-02-26 10:11:09 [INFO]    🏆 NL | VLESS | Пинг: 3613ms | Скорость: 1.9 Mbps ⚡
2026-02-26 10:11:09 [INFO] 📊 Итого в подписке сохранено иностранных серверов: 10
2026-02-26 10:11:09 [INFO] 💾 Файл успешно сохранен: FL1PVPN
