2026-02-21 14:50:56 [INFO] 🚀 START: Smart Selector (Target: 10, Strict Mode, Hybrid Protocol)
2026-02-21 14:50:56 [INFO] 🌐 Загрузка источников (VLESS + VMess)...
2026-02-21 14:51:05 [INFO] 🔍 Уникальных конфигов собрано: 358
2026-02-21 14:51:05 [INFO] ⚡ ЭТАП 1: Быстрый замер Пинга (Workers: 40)...
2026-02-21 14:51:06 [INFO]    [PING OK] RU | VLESS | 417ms
2026-02-21 14:51:06 [INFO]    [PING OK] RU | VLESS | 395ms
2026-02-21 14:51:06 [INFO]    [PING OK] RU | VLESS | 551ms
2026-02-21 14:51:06 [INFO]    [PING OK] RU | VLESS | 493ms
2026-02-21 14:51:06 [INFO]    [PING OK] RU | VLESS | 516ms
2026-02-21 14:51:06 [INFO]    [PING OK] RU | VLESS | 853ms
2026-02-21 14:51:07 [INFO]    [PING OK] RU | VLESS | 1043ms
2026-02-21 14:51:07 [INFO]    [PING OK] RU | VLESS | 501ms
2026-02-21 14:51:07 [INFO]    [PING OK] RU | VLESS | 393ms
2026-02-21 14:51:07 [INFO]    [PING OK] RU | VLESS | 467ms
2026-02-21 14:51:07 [INFO]    [PING OK] RU | VLESS | 1848ms
2026-02-21 14:51:07 [INFO]    [PING OK] RU | VLESS | 185ms
2026-02-21 14:51:07 [INFO]    [PING OK] RU | VLESS | 1773ms
2026-02-21 14:51:08 [INFO]    [PING OK] RU | VLESS | 2135ms
2026-02-21 14:51:08 [INFO]    [PING OK] RU | VLESS | 271ms
2026-02-21 14:51:08 [INFO]    [PING OK] RU | VLESS | 953ms
2026-02-21 14:51:08 [INFO]    [PING OK] RU | VLESS | 362ms
2026-02-21 14:51:08 [INFO]    [PING OK] RU | VLESS | 407ms
2026-02-21 14:51:08 [INFO]    [PING OK] RU | VLESS | 376ms
2026-02-21 14:51:08 [INFO]    [PING OK] RU | VLESS | 3007ms
2026-02-21 14:51:09 [INFO]    [PING OK] RU | VLESS | 2258ms
2026-02-21 14:51:09 [INFO]    [PING OK] RU | VLESS | 271ms
2026-02-21 14:51:09 [INFO]    [PING OK] RU | VLESS | 951ms
2026-02-21 14:51:09 [INFO]    [PING OK] RU | VLESS | 1132ms
2026-02-21 14:51:09 [INFO]    [PING OK] RU | VLESS | 818ms
2026-02-21 14:51:09 [INFO]    [PING OK] RU | VLESS | 669ms
2026-02-21 14:51:09 [INFO]    [PING OK] RU | VLESS | 3266ms
2026-02-21 14:51:09 [INFO]    [PING OK] RU | VLESS | 244ms
2026-02-21 14:51:09 [INFO]    [PING OK] RU | VLESS | 229ms
2026-02-21 14:51:09 [INFO]    [PING OK] RU | VLESS | 3254ms
2026-02-21 14:51:10 [INFO]    [PING OK] RU | VLESS | 270ms
2026-02-21 14:51:10 [INFO]    [PING OK] RU | VLESS | 3946ms
2026-02-21 14:51:10 [INFO]    [PING OK] RU | VLESS | 1001ms
2026-02-21 14:51:10 [INFO]    [PING OK] RU | VLESS | 4379ms
2026-02-21 14:51:10 [INFO]    [PING OK] RU | VLESS | 261ms
2026-02-21 14:51:10 [INFO]    [PING OK] RU | VLESS | 288ms
2026-02-21 14:51:10 [INFO]    [PING OK] RU | VLESS | 320ms
2026-02-21 14:51:10 [INFO]    [PING OK] RU | VLESS | 2997ms
2026-02-21 14:51:10 [INFO]    [PING OK] RU | VLESS | 2123ms
2026-02-21 14:51:10 [INFO]    [PING OK] RU | VLESS | 283ms
2026-02-21 14:51:10 [INFO]    [PING OK] RU | VLESS | 3765ms
2026-02-21 14:51:10 [INFO]    [PING OK] RU | VLESS | 336ms
2026-02-21 14:51:10 [INFO]    [PING OK] RU | VLESS | 181ms
2026-02-21 14:51:10 [INFO]    [PING OK] RU | VLESS | 340ms
2026-02-21 14:51:10 [INFO]    [PING OK] RU | VLESS | 4418ms
2026-02-21 14:51:10 [INFO]    [PING OK] RU | VLESS | 3545ms
2026-02-21 14:51:11 [INFO]    [PING OK] RU | VLESS | 311ms
2026-02-21 14:51:11 [INFO]    [PING OK] RU | VLESS | 1367ms
2026-02-21 14:51:11 [INFO]    [PING OK] RU | VLESS | 3943ms
2026-02-21 14:51:11 [INFO]    [PING OK] RU | VLESS | 3620ms
2026-02-21 14:51:11 [INFO]    [PING OK] RU | VLESS | 251ms
2026-02-21 14:51:11 [INFO]    [PING OK] RU | VLESS | 5034ms
2026-02-21 14:51:11 [INFO]    [PING OK] RU | VLESS | 302ms
2026-02-21 14:51:11 [INFO]    [PING OK] RU | VLESS | 247ms
2026-02-21 14:51:11 [INFO]    [PING OK] RU | VLESS | 312ms
2026-02-21 14:51:11 [INFO]    [PING OK] RU | VLESS | 1316ms
2026-02-21 14:51:12 [INFO]    [PING OK] RU | VLESS | 292ms
2026-02-21 14:51:12 [INFO]    [PING OK] RU | VLESS | 833ms
2026-02-21 14:51:12 [INFO]    [PING OK] RU | VLESS | 112ms
2026-02-21 14:51:12 [INFO]    [PING OK] RU | VLESS | 267ms
2026-02-21 14:51:12 [INFO]    [PING OK] RU | VLESS | 678ms
2026-02-21 14:51:12 [INFO]    [PING OK] RU | VLESS | 1545ms
2026-02-21 14:51:12 [INFO]    [PING OK] RU | VLESS | 679ms
2026-02-21 14:51:12 [INFO]    [PING OK] RU | VLESS | 839ms
2026-02-21 14:51:13 [INFO]    [PING OK] RU | VLESS | 133ms
2026-02-21 14:51:13 [INFO]    [PING OK] RU | VLESS | 222ms
2026-02-21 14:51:13 [INFO]    [PING OK] RU | VLESS | 233ms
2026-02-21 14:51:14 [INFO]    [PING OK] RU | VLESS | 2475ms
2026-02-21 14:51:14 [INFO]    [PING OK] RU | VLESS | 4140ms
2026-02-21 14:51:14 [INFO]    [PING OK] RU | VLESS | 1850ms
2026-02-21 14:51:14 [INFO]    [PING OK] EE | VLESS | 4447ms
2026-02-21 14:51:14 [INFO]    [PING OK] RU | VLESS | 2023ms
2026-02-21 14:51:14 [INFO]    [PING OK] RU | VLESS | 2928ms
2026-02-21 14:51:14 [INFO]    [PING OK] RU | VLESS | 2708ms
2026-02-21 14:51:15 [INFO]    [PING OK] GB | VLESS | 3046ms
2026-02-21 14:51:15 [INFO]    [PING OK] AT | VLESS | 242ms
2026-02-21 14:51:16 [INFO]    [PING OK] GB | VLESS | 309ms
2026-02-21 14:51:16 [INFO]    [PING OK] ES | VLESS | 519ms
2026-02-21 14:51:16 [INFO]    [PING OK] MD | VLESS | 496ms
2026-02-21 14:51:16 [INFO]    [PING OK] NL | VLESS | 530ms
2026-02-21 14:51:16 [INFO]    [PING OK] DE | VLESS | 493ms
2026-02-21 14:51:16 [INFO]    [PING OK] DE | VLESS | 496ms
2026-02-21 14:51:16 [INFO]    [PING OK] IS | VLESS | 1438ms
2026-02-21 14:51:16 [INFO]    [PING OK] MD | VLESS | 568ms
2026-02-21 14:51:16 [INFO]    [PING OK] SE | VLESS | 367ms
2026-02-21 14:51:16 [INFO]    [PING OK] DE | VLESS | 524ms
2026-02-21 14:51:16 [INFO]    [PING OK] RU | VLESS | 423ms
2026-02-21 14:51:17 [INFO]    [PING OK] US | VLESS | 887ms
2026-02-21 14:51:17 [INFO]    [PING OK] TR | VLESS | 570ms
2026-02-21 14:51:17 [INFO]    [PING OK] NL | VLESS | 2036ms
2026-02-21 14:51:18 [INFO]    [PING OK] US | VLESS | 1375ms
2026-02-21 14:51:18 [INFO]    [PING OK] US | VLESS | 1480ms
2026-02-21 14:51:18 [INFO]    [PING OK] RU | VLESS | 3018ms
2026-02-21 14:51:18 [INFO]    [PING OK] CA | VMESS | 457ms
2026-02-21 14:51:18 [INFO]    [PING OK] US | VMESS | 514ms
2026-02-21 14:51:18 [INFO]    [PING OK] IR | VLESS | 168ms
2026-02-21 14:51:18 [INFO]    [PING OK] CA | VMESS | 525ms
2026-02-21 14:51:19 [INFO]    [PING OK] LV | VLESS | 332ms
2026-02-21 14:51:19 [INFO]    [PING OK] CY | VLESS | 385ms
2026-02-21 14:51:20 [INFO]    [PING OK] JP | VLESS | 1105ms
2026-02-21 14:51:21 [INFO]    [PING OK] US | VLESS | 1038ms
2026-02-21 14:51:21 [INFO]    [PING OK] US | VLESS | 1051ms
2026-02-21 14:51:21 [INFO]    [PING OK] UZ | VLESS | 394ms
2026-02-21 14:51:21 [INFO]    [PING OK] US | VLESS | 610ms
2026-02-21 14:51:22 [INFO]    [PING OK] CY | VLESS | 196ms
2026-02-21 14:51:22 [INFO]    [PING OK] DE | VLESS | 156ms
2026-02-21 14:51:22 [INFO]    [PING OK] DE | VLESS | 180ms
2026-02-21 14:51:22 [INFO]    [PING OK] DE | VLESS | 216ms
2026-02-21 14:51:22 [INFO]    [PING OK] FI | VLESS | 140ms
2026-02-21 14:51:22 [INFO]    [PING OK] FI | VLESS | 238ms
2026-02-21 14:51:22 [INFO]    [PING OK] PL | VLESS | 635ms
2026-02-21 14:51:22 [INFO]    [PING OK] DE | VLESS | 607ms
2026-02-21 14:51:22 [INFO]    [PING OK] US | VLESS | 634ms
2026-02-21 14:51:22 [INFO]    [PING OK] DE | VLESS | 383ms
2026-02-21 14:51:23 [INFO]    [PING OK] US | VLESS | 454ms
2026-02-21 14:51:23 [INFO]    [PING OK] MD | VLESS | 156ms
2026-02-21 14:51:23 [INFO]    [PING OK] FI | VLESS | 331ms
2026-02-21 14:51:23 [INFO]    [PING OK] NL | VLESS | 228ms
2026-02-21 14:51:23 [INFO]    [PING OK] AT | VLESS | 236ms
2026-02-21 14:51:23 [INFO]    [PING OK] GB | VLESS | 399ms
2026-02-21 14:51:23 [INFO]    [PING OK] CH | VLESS | 224ms
2026-02-21 14:51:23 [INFO]    [PING OK] CA | VLESS | 322ms
2026-02-21 14:51:23 [INFO]    [PING OK] US | VLESS | 625ms
2026-02-21 14:51:24 [INFO]    [PING OK] HK | VLESS | 1316ms
2026-02-21 14:51:28 [INFO] 🏎️ ЭТАП 2: Глубокий замер скорости для 40 кандидатов...
2026-02-21 14:51:31 [INFO]    🏆 RU | VLESS | Пинг: 112ms | Скорость: 9.29 Mbps ⚡⚡
2026-02-21 14:51:31 [INFO]    🏆 DE | VLESS | Пинг: 156ms | Скорость: 7.71 Mbps ⚡⚡
2026-02-21 14:51:31 [INFO]    🏆 FI | VLESS | Пинг: 140ms | Скорость: 7.47 Mbps ⚡⚡
2026-02-21 14:51:31 [INFO]    🏆 MD | VLESS | Пинг: 156ms | Скорость: 7.56 Mbps ⚡⚡
2026-02-21 14:51:31 [INFO]    🏆 DE | VLESS | Пинг: 180ms | Скорость: 7.58 Mbps ⚡⚡
2026-02-21 14:51:31 [INFO]    🏆 RU | VLESS | Пинг: 181ms | Скорость: 7.17 Mbps ⚡⚡
2026-02-21 14:51:31 [INFO]    🏆 CH | VLESS | Пинг: 224ms | Скорость: 7.64 Mbps ⚡⚡
2026-02-21 14:51:31 [INFO]    🏆 CY | VLESS | Пинг: 196ms | Скорость: 7.02 Mbps ⚡⚡
2026-02-21 14:51:32 [INFO]    🏆 NL | VLESS | Пинг: 228ms | Скорость: 5.34 Mbps ⚡⚡
2026-02-21 14:51:33 [INFO]    🏆 FI | VLESS | Пинг: 238ms | Скорость: 17.08 Mbps ⚡⚡
2026-02-21 14:51:34 [INFO]    🏆 GB | VLESS | Пинг: 309ms | Скорость: 10.2 Mbps ⚡⚡
2026-02-21 14:51:34 [INFO]    🏆 SE | VLESS | Пинг: 367ms | Скорость: 9.77 Mbps ⚡⚡
2026-02-21 14:51:34 [INFO]    🏆 FI | VLESS | Пинг: 331ms | Скорость: 9.4 Mbps ⚡⚡
2026-02-21 14:51:34 [INFO]    🏆 DE | VLESS | Пинг: 383ms | Скорость: 9.56 Mbps ⚡⚡
2026-02-21 14:51:34 [INFO]    🏆 RU | VLESS | Пинг: 222ms | Скорость: 2.0 Mbps ⚡
2026-02-21 14:51:35 [INFO]    🏆 UZ | VLESS | Пинг: 394ms | Скорость: 10.36 Mbps ⚡⚡
2026-02-21 14:51:35 [INFO]    🏆 DE | VLESS | Пинг: 216ms | Скорость: 0.84 Mbps 
2026-02-21 14:51:35 [INFO]    🏆 CY | VLESS | Пинг: 385ms | Скорость: 7.27 Mbps ⚡⚡
2026-02-21 14:51:35 [INFO]    🏆 GB | VLESS | Пинг: 399ms | Скорость: 8.89 Mbps ⚡⚡
2026-02-21 14:51:35 [INFO]    🏆 CA | VLESS | Пинг: 322ms | Скорость: 6.09 Mbps ⚡⚡
2026-02-21 14:51:35 [INFO]    🏆 AT | VLESS | Пинг: 242ms | Скорость: 5.35 Mbps ⚡⚡
2026-02-21 14:51:36 [INFO]    🏆 LV | VLESS | Пинг: 332ms | Скорость: 4.74 Mbps ⚡⚡
2026-02-21 14:51:37 [INFO]    🏆 DE | VLESS | Пинг: 493ms | Скорость: 8.03 Mbps ⚡⚡
2026-02-21 14:51:37 [INFO]    🏆 MD | VLESS | Пинг: 496ms | Скорость: 8.88 Mbps ⚡⚡
2026-02-21 14:51:37 [INFO]    🏆 DE | VLESS | Пинг: 496ms | Скорость: 8.86 Mbps ⚡⚡
2026-02-21 14:51:37 [INFO]    🏆 DE | VLESS | Пинг: 524ms | Скорость: 9.21 Mbps ⚡⚡
2026-02-21 14:51:37 [INFO]    🏆 ES | VLESS | Пинг: 519ms | Скорость: 8.82 Mbps ⚡⚡
2026-02-21 14:51:37 [INFO]    🏆 NL | VLESS | Пинг: 530ms | Скорость: 9.69 Mbps ⚡⚡
2026-02-21 14:51:38 [INFO]    🏆 MD | VLESS | Пинг: 568ms | Скорость: 7.46 Mbps ⚡⚡
2026-02-21 14:51:38 [INFO]    🏆 DE | VLESS | Пинг: 607ms | Скорость: 8.09 Mbps ⚡⚡
2026-02-21 14:51:38 [INFO]    🏆 TR | VLESS | Пинг: 570ms | Скорость: 7.71 Mbps ⚡⚡
2026-02-21 14:51:39 [INFO]    🏆 US | VLESS | Пинг: 454ms | Скорость: 3.55 Mbps ⚡⚡
2026-02-21 14:51:39 [INFO]    🏆 CA | VMESS | Пинг: 525ms | Скорость: 5.22 Mbps ⚡⚡
2026-02-21 14:51:39 [INFO]    🏆 US | VLESS | Пинг: 610ms | Скорость: 6.62 Mbps ⚡⚡
2026-02-21 14:51:39 [INFO]    🏆 CA | VMESS | Пинг: 457ms | Скорость: 3.01 Mbps ⚡⚡
2026-02-21 14:51:41 [INFO]    🏆 US | VMESS | Пинг: 514ms | Скорость: 3.5 Mbps ⚡⚡
2026-02-21 14:51:41 [INFO] 🇷🇺 Добавлен лучший рабочий RU сервер: 87.242.103.184 со скоростью 9.29 Mbps
2026-02-21 14:51:41 [INFO] 📊 Итого в подписке сохранено: 10 серверов
2026-02-21 14:51:41 [INFO] 💾 Файл успешно сохранен: FL1PVPN
