2026-02-22 20:40:06 [INFO] 🚀 START: Smart Selector (Target: 10, ONLY FOREIGN)
2026-02-22 20:40:06 [INFO] 🌐 Загрузка источников (VLESS + VMess)...
2026-02-22 20:40:08 [INFO] 🔍 Уникальных конфигов собрано: 247
2026-02-22 20:40:08 [INFO] ⚡ ЭТАП 1: Замер Пинга и Геолокации. Workers: 40...
2026-02-22 20:40:14 [INFO]    [PING OK] DE | VLESS | 5079ms
2026-02-22 20:40:14 [INFO]    [PING OK] HU | VLESS | 3536ms
2026-02-22 20:40:14 [INFO]    [PING OK] PL | VLESS | 5185ms
2026-02-22 20:40:15 [INFO]    [PING OK] IT | VLESS | 2967ms
2026-02-22 20:40:15 [INFO]    [PING OK] TR | VLESS | 3479ms
2026-02-22 20:40:15 [INFO]    [PING OK] NL | VLESS | 4973ms
2026-02-22 20:40:15 [INFO]    [PING OK] DE | VLESS | 6186ms
2026-02-22 20:40:16 [INFO]    [PING OK] HU | VLESS | 2928ms
2026-02-22 20:40:16 [INFO]    [PING OK] DE | VLESS | 6656ms
2026-02-22 20:40:16 [INFO]    [PING OK] DE | VLESS | 5178ms
2026-02-22 20:40:16 [INFO]    [PING OK] DE | VLESS | 5604ms
2026-02-22 20:40:16 [INFO]    [PING OK] DE | VLESS | 7115ms
2026-02-22 20:40:16 [INFO]    [PING OK] DE | VLESS | 3199ms
2026-02-22 20:40:16 [INFO]    [PING OK] DE | VLESS | 5520ms
2026-02-22 20:40:18 [INFO]    [PING OK] ES | VLESS | 3851ms
2026-02-22 20:40:18 [INFO]    [PING OK] PL | VLESS | 3792ms
2026-02-22 20:40:19 [INFO]    [PING OK] EE | VLESS | 5521ms
2026-02-22 20:40:19 [INFO]    [PING OK] ES | VLESS | 4085ms
2026-02-22 20:40:19 [INFO]    [PING OK] PL | VLESS | 4205ms
2026-02-22 20:40:19 [INFO]    [PING OK] DE | VLESS | 4478ms
2026-02-22 20:40:19 [INFO]    [PING OK] HU | VLESS | 4345ms
2026-02-22 20:40:20 [INFO]    [PING OK] CA | VLESS | 4666ms
2026-02-22 20:40:20 [INFO]    [PING OK] NL | VLESS | 4239ms
2026-02-22 20:40:20 [INFO]    [PING OK] TR | VLESS | 4107ms
2026-02-22 20:40:20 [INFO]    [PING OK] CA | VLESS | 4444ms
2026-02-22 20:40:20 [INFO]    [PING OK] IT | VLESS | 4121ms
2026-02-22 20:40:20 [INFO]    [PING OK] PL | VLESS | 4018ms
2026-02-22 20:40:20 [INFO]    [PING OK] ES | VLESS | 4718ms
2026-02-22 20:40:20 [INFO]    [PING OK] ES | VLESS | 4773ms
2026-02-22 20:40:20 [INFO]    [PING OK] HU | VLESS | 3838ms
2026-02-22 20:40:20 [INFO]    [PING OK] PL | VLESS | 3898ms
2026-02-22 20:40:20 [INFO]    [PING OK] HU | VLESS | 3882ms
2026-02-22 20:40:20 [INFO]    [PING OK] PL | VLESS | 4470ms
2026-02-22 20:40:21 [INFO]    [PING OK] ES | VLESS | 4490ms
2026-02-22 20:40:21 [INFO]    [PING OK] HU | VLESS | 3500ms
2026-02-22 20:40:21 [INFO]    [PING OK] PL | VLESS | 3841ms
2026-02-22 20:40:21 [INFO]    [PING OK] US | VLESS | 4441ms
2026-02-22 20:40:22 [INFO]    [PING OK] TR | VLESS | 4417ms
2026-02-22 20:40:23 [INFO]    [PING OK] ES | VLESS | 4327ms
2026-02-22 20:40:23 [INFO]    [PING OK] NL | VLESS | 4697ms
2026-02-22 20:40:24 [INFO]    [PING OK] NL | VLESS | 5261ms
2026-02-22 20:40:25 [INFO]    [PING OK] NL | VLESS | 4844ms
2026-02-22 20:40:25 [INFO]    [PING OK] CA | VLESS | 4758ms
2026-02-22 20:40:26 [INFO]    [PING OK] DE | VLESS | 4459ms
2026-02-22 20:40:26 [INFO]    [PING OK] CA | VLESS | 5313ms
2026-02-22 20:40:27 [INFO]    [PING OK] DE | VLESS | 4549ms
2026-02-22 20:40:28 [INFO]    [PING OK] NL | VLESS | 6478ms
2026-02-22 20:40:28 [INFO]    [PING OK] CA | VLESS | 4420ms
2026-02-22 20:40:28 [INFO]    [PING OK] IN | VLESS | 4398ms
2026-02-22 20:40:28 [INFO]    [PING OK] EE | VLESS | 3811ms
2026-02-22 20:40:31 [INFO]    [PING OK] EE | VLESS | 3925ms
2026-02-22 20:40:31 [INFO]    [PING OK] TR | VLESS | 3700ms
2026-02-22 20:40:31 [INFO]    [PING OK] CA | VLESS | 3937ms
2026-02-22 20:40:32 [INFO]    [PING OK] CA | VLESS | 3714ms
2026-02-22 20:40:32 [INFO]    [PING OK] US | VLESS | 3227ms
2026-02-22 20:40:33 [INFO]    [PING OK] NL | VLESS | 1268ms
2026-02-22 20:40:33 [INFO]    [PING OK] CA | VLESS | 2860ms
2026-02-22 20:40:42 [INFO] 🏎️ ЭТАП 2: Глубокий замер скорости для 40 иностранных кандидатов...
2026-02-22 20:40:46 [INFO]    🏆 EE | VLESS | Пинг: 3811ms | Скорость: 5.88 Mbps ⚡⚡
2026-02-22 20:40:46 [INFO]    🏆 TR | VLESS | Пинг: 3700ms | Скорость: 5.73 Mbps ⚡⚡
2026-02-22 20:40:46 [INFO]    🏆 HU | VLESS | Пинг: 2928ms | Скорость: 5.49 Mbps ⚡⚡
2026-02-22 20:40:46 [INFO]    🏆 IT | VLESS | Пинг: 2967ms | Скорость: 5.5 Mbps ⚡⚡
2026-02-22 20:40:46 [INFO]    🏆 PL | VLESS | Пинг: 3841ms | Скорость: 5.86 Mbps ⚡⚡
2026-02-22 20:40:46 [INFO]    🏆 TR | VLESS | Пинг: 3479ms | Скорость: 5.53 Mbps ⚡⚡
2026-02-22 20:40:46 [INFO]    🏆 HU | VLESS | Пинг: 3536ms | Скорость: 5.65 Mbps ⚡⚡
2026-02-22 20:40:46 [INFO]    🏆 HU | VLESS | Пинг: 3838ms | Скорость: 5.71 Mbps ⚡⚡
2026-02-22 20:40:46 [INFO]    🏆 PL | VLESS | Пинг: 3792ms | Скорость: 5.64 Mbps ⚡⚡
2026-02-22 20:40:46 [INFO]    🏆 DE | VLESS | Пинг: 3199ms | Скорость: 5.43 Mbps ⚡⚡
2026-02-22 20:40:46 [INFO]    🏆 HU | VLESS | Пинг: 3500ms | Скорость: 5.43 Mbps ⚡⚡
2026-02-22 20:40:46 [INFO]    🏆 US | VLESS | Пинг: 3227ms | Скорость: 5.31 Mbps ⚡⚡
2026-02-22 20:40:47 [INFO]    🏆 CA | VLESS | Пинг: 2860ms | Скорость: 3.94 Mbps ⚡⚡
2026-02-22 20:40:48 [INFO]    🏆 NL | VLESS | Пинг: 1268ms | Скорость: 3.86 Mbps ⚡⚡
2026-02-22 20:40:49 [INFO]    🏆 HU | VLESS | Пинг: 3882ms | Скорость: 8.7 Mbps ⚡⚡
2026-02-22 20:40:50 [INFO]    🏆 NL | VLESS | Пинг: 4239ms | Скорость: 7.33 Mbps ⚡⚡
2026-02-22 20:40:50 [INFO]    🏆 PL | VLESS | Пинг: 4018ms | Скорость: 7.09 Mbps ⚡⚡
2026-02-22 20:40:50 [INFO]    🏆 ES | VLESS | Пинг: 4085ms | Скорость: 6.96 Mbps ⚡⚡
2026-02-22 20:40:50 [INFO]    🏆 HU | VLESS | Пинг: 4345ms | Скорость: 7.21 Mbps ⚡⚡
2026-02-22 20:40:50 [INFO]    🏆 ES | VLESS | Пинг: 4327ms | Скорость: 7.11 Mbps ⚡⚡
2026-02-22 20:40:50 [INFO]    🏆 IT | VLESS | Пинг: 4121ms | Скорость: 6.89 Mbps ⚡⚡
2026-02-22 20:40:50 [INFO]    🏆 TR | VLESS | Пинг: 4107ms | Скорость: 6.56 Mbps ⚡⚡
2026-02-22 20:40:50 [INFO]    🏆 TR | VLESS | Пинг: 4417ms | Скорость: 10.17 Mbps ⚡⚡
2026-02-22 20:40:51 [INFO]    🏆 PL | VLESS | Пинг: 4205ms | Скорость: 4.95 Mbps ⚡⚡
2026-02-22 20:40:51 [INFO]    🏆 CA | VLESS | Пинг: 3937ms | Скорость: 4.32 Mbps ⚡⚡
2026-02-22 20:40:52 [INFO]    🏆 PL | VLESS | Пинг: 3898ms | Скорость: 4.27 Mbps ⚡⚡
2026-02-22 20:40:52 [INFO]    🏆 CA | VLESS | Пинг: 4420ms | Скорость: 8.03 Mbps ⚡⚡
2026-02-22 20:40:52 [INFO]    🏆 DE | VLESS | Пинг: 4549ms | Скорость: 11.39 Mbps ⚡⚡
2026-02-22 20:40:52 [INFO]    🏆 NL | VLESS | Пинг: 4697ms | Скорость: 14.68 Mbps ⚡⚡
2026-02-22 20:40:53 [INFO]    🏆 ES | VLESS | Пинг: 3851ms | Скорость: 1.94 Mbps ⚡
2026-02-22 20:40:54 [INFO]    🏆 CA | VLESS | Пинг: 4444ms | Скорость: 6.36 Mbps ⚡⚡
2026-02-22 20:40:55 [INFO]    🏆 DE | VLESS | Пинг: 4459ms | Скорость: 4.35 Mbps ⚡⚡
2026-02-22 20:40:55 [INFO]    🏆 PL | VLESS | Пинг: 4470ms | Скорость: 4.04 Mbps ⚡⚡
2026-02-22 20:40:57 [INFO]    🏆 ES | VLESS | Пинг: 4490ms | Скорость: 1.8 Mbps ⚡
2026-02-22 20:40:57 [INFO] 📊 Итого в подписке сохранено иностранных серверов: 10
2026-02-22 20:40:57 [INFO] 💾 Файл успешно сохранен: FL1PVPN
