2026-02-23 09:10:05 [INFO] 🚀 START: Smart Selector (Target: 10, ONLY FOREIGN)
2026-02-23 09:10:05 [INFO] 🌐 Загрузка источников (VLESS + VMess)...
2026-02-23 09:10:07 [INFO] 🔍 Уникальных конфигов собрано: 215
2026-02-23 09:10:07 [INFO] ⚡ ЭТАП 1: Замер Пинга и Геолокации. Workers: 40...
2026-02-23 09:10:13 [INFO]    [PING OK] DE | VLESS | 4517ms
2026-02-23 09:10:13 [INFO]    [PING OK] HU | VLESS | 4553ms
2026-02-23 09:10:13 [INFO]    [PING OK] CZ | VLESS | 4453ms
2026-02-23 09:10:13 [INFO]    [PING OK] HU | VLESS | 4834ms
2026-02-23 09:10:13 [INFO]    [PING OK] DE | VLESS | 4710ms
2026-02-23 09:10:14 [INFO]    [PING OK] DE | VLESS | 4708ms
2026-02-23 09:10:14 [INFO]    [PING OK] ES | VLESS | 3312ms
2026-02-23 09:10:14 [INFO]    [PING OK] DE | VLESS | 5648ms
2026-02-23 09:10:14 [INFO]    [PING OK] DE | VLESS | 5717ms
2026-02-23 09:10:14 [INFO]    [PING OK] PL | VLESS | 2384ms
2026-02-23 09:10:16 [INFO]    [PING OK] IT | VLESS | 2485ms
2026-02-23 09:10:16 [INFO]    [PING OK] HU | VLESS | 2676ms
2026-02-23 09:10:16 [INFO]    [PING OK] EE | VLESS | 2822ms
2026-02-23 09:10:16 [INFO]    [PING OK] DE | VLESS | 2597ms
2026-02-23 09:10:16 [INFO]    [PING OK] TR | VLESS | 2835ms
2026-02-23 09:10:16 [INFO]    [PING OK] HU | VLESS | 2765ms
2026-02-23 09:10:16 [INFO]    [PING OK] PL | VLESS | 2853ms
2026-02-23 09:10:16 [INFO]    [PING OK] DE | VLESS | 2750ms
2026-02-23 09:10:17 [INFO]    [PING OK] HU | VLESS | 2726ms
2026-02-23 09:10:18 [INFO]    [PING OK] TR | VLESS | 3025ms
2026-02-23 09:10:18 [INFO]    [PING OK] PL | VLESS | 3160ms
2026-02-23 09:10:18 [INFO]    [PING OK] ES | VLESS | 3153ms
2026-02-23 09:10:18 [INFO]    [PING OK] DE | VLESS | 3142ms
2026-02-23 09:10:18 [INFO]    [PING OK] ES | VLESS | 3071ms
2026-02-23 09:10:18 [INFO]    [PING OK] ES | VLESS | 3345ms
2026-02-23 09:10:18 [INFO]    [PING OK] HU | VLESS | 3566ms
2026-02-23 09:10:18 [INFO]    [PING OK] PL | VLESS | 3121ms
2026-02-23 09:10:20 [INFO]    [PING OK] DE | VLESS | 3549ms
2026-02-23 09:10:20 [INFO]    [PING OK] PL | VLESS | 3587ms
2026-02-23 09:10:20 [INFO]    [PING OK] PL | VLESS | 4911ms
2026-02-23 09:10:20 [INFO]    [PING OK] IT | VLESS | 3827ms
2026-02-23 09:10:21 [INFO]    [PING OK] TR | VLESS | 4239ms
2026-02-23 09:10:21 [INFO]    [PING OK] ES | VLESS | 4133ms
2026-02-23 09:10:21 [INFO]    [PING OK] IT | VLESS | 3838ms
2026-02-23 09:10:21 [INFO]    [PING OK] PL | VLESS | 5980ms
2026-02-23 09:10:21 [INFO]    [PING OK] DE | VLESS | 4475ms
2026-02-23 09:10:22 [INFO]    [PING OK] FI | VLESS | 5407ms
2026-02-23 09:10:22 [INFO]    [PING OK] DE | VLESS | 4713ms
2026-02-23 09:10:22 [INFO]    [PING OK] DE | VLESS | 4358ms
2026-02-23 09:10:22 [INFO]    [PING OK] ES | VLESS | 4335ms
2026-02-23 09:10:22 [INFO]    [PING OK] PL | VLESS | 4523ms
2026-02-23 09:10:24 [INFO]    [PING OK] SE | VLESS | 5137ms
2026-02-23 09:10:24 [INFO]    [PING OK] NL | VLESS | 5335ms
2026-02-23 09:10:24 [INFO]    [PING OK] ES | VLESS | 5813ms
2026-02-23 09:10:26 [INFO]    [PING OK] DE | VLESS | 7148ms
2026-02-23 09:10:27 [INFO]    [PING OK] SE | VLESS | 5787ms
2026-02-23 09:10:29 [INFO]    [PING OK] DE | VLESS | 4919ms
2026-02-23 09:10:29 [INFO]    [PING OK] SE | VLESS | 4566ms
2026-02-23 09:10:29 [INFO]    [PING OK] DE | VLESS | 4706ms
2026-02-23 09:10:29 [INFO]    [PING OK] SE | VLESS | 4519ms
2026-02-23 09:10:29 [INFO]    [PING OK] SE | VLESS | 4166ms
2026-02-23 09:10:29 [INFO]    [PING OK] DE | VLESS | 4135ms
2026-02-23 09:10:30 [INFO]    [PING OK] NL | VLESS | 3616ms
2026-02-23 09:10:30 [INFO]    [PING OK] NL | VLESS | 3655ms
2026-02-23 09:10:30 [INFO]    [PING OK] DE | VLESS | 3185ms
2026-02-23 09:10:30 [INFO]    [PING OK] SE | VLESS | 2118ms
2026-02-23 09:10:30 [INFO]    [PING OK] DE | VLESS | 1958ms
2026-02-23 09:10:31 [INFO]    [PING OK] DE | VLESS | 3286ms
2026-02-23 09:10:33 [INFO]    [PING OK] CA | VLESS | 7569ms
2026-02-23 09:10:34 [INFO]    [PING OK] CA | VLESS | 5525ms
2026-02-23 09:10:35 [INFO] 🏎️ ЭТАП 2: Глубокий замер скорости для 40 иностранных кандидатов...
2026-02-23 09:10:39 [INFO]    🏆 DE | VLESS | Пинг: 1958ms | Скорость: 6.23 Mbps ⚡⚡
2026-02-23 09:10:39 [INFO]    🏆 HU | VLESS | Пинг: 2726ms | Скорость: 6.45 Mbps ⚡⚡
2026-02-23 09:10:39 [INFO]    🏆 ES | VLESS | Пинг: 3071ms | Скорость: 6.69 Mbps ⚡⚡
2026-02-23 09:10:39 [INFO]    🏆 HU | VLESS | Пинг: 2676ms | Скорость: 6.29 Mbps ⚡⚡
2026-02-23 09:10:39 [INFO]    🏆 IT | VLESS | Пинг: 2485ms | Скорость: 6.2 Mbps ⚡⚡
2026-02-23 09:10:39 [INFO]    🏆 DE | VLESS | Пинг: 2750ms | Скорость: 6.43 Mbps ⚡⚡
2026-02-23 09:10:39 [INFO]    🏆 PL | VLESS | Пинг: 2853ms | Скорость: 6.43 Mbps ⚡⚡
2026-02-23 09:10:39 [INFO]    🏆 TR | VLESS | Пинг: 3025ms | Скорость: 6.33 Mbps ⚡⚡
2026-02-23 09:10:39 [INFO]    🏆 PL | VLESS | Пинг: 3121ms | Скорость: 6.56 Mbps ⚡⚡
2026-02-23 09:10:39 [INFO]    🏆 PL | VLESS | Пинг: 2384ms | Скорость: 6.0 Mbps ⚡⚡
2026-02-23 09:10:40 [INFO]    🏆 EE | VLESS | Пинг: 2822ms | Скорость: 4.96 Mbps ⚡⚡
2026-02-23 09:10:42 [INFO]    🏆 DE | VLESS | Пинг: 3185ms | Скорость: 7.48 Mbps ⚡⚡
2026-02-23 09:10:42 [INFO]    🏆 PL | VLESS | Пинг: 3160ms | Скорость: 7.43 Mbps ⚡⚡
2026-02-23 09:10:42 [INFO]    🏆 NL | VLESS | Пинг: 3616ms | Скорость: 8.44 Mbps ⚡⚡
2026-02-23 09:10:42 [INFO]    🏆 DE | VLESS | Пинг: 3549ms | Скорость: 7.72 Mbps ⚡⚡
2026-02-23 09:10:42 [INFO]    🏆 IT | VLESS | Пинг: 3827ms | Скорость: 11.23 Mbps ⚡⚡
2026-02-23 09:10:42 [INFO]    🏆 ES | VLESS | Пинг: 3153ms | Скорость: 7.28 Mbps ⚡⚡
2026-02-23 09:10:43 [INFO]    🏆 DE | VLESS | Пинг: 3286ms | Скорость: 5.61 Mbps ⚡⚡
2026-02-23 09:10:44 [INFO]    🏆 IT | VLESS | Пинг: 3838ms | Скорость: 12.97 Mbps ⚡⚡
2026-02-23 09:10:44 [INFO]    🏆 ES | VLESS | Пинг: 4133ms | Скорость: 12.75 Mbps ⚡⚡
2026-02-23 09:10:45 [INFO]    🏆 PL | VLESS | Пинг: 3587ms | Скорость: 3.98 Mbps ⚡⚡
2026-02-23 09:10:45 [INFO]    🏆 TR | VLESS | Пинг: 4239ms | Скорость: 8.63 Mbps ⚡⚡
2026-02-23 09:10:45 [INFO]    🏆 ES | VLESS | Пинг: 4335ms | Скорость: 8.6 Mbps ⚡⚡
2026-02-23 09:10:46 [INFO]    🏆 SE | VLESS | Пинг: 4166ms | Скорость: 8.2 Mbps ⚡⚡
2026-02-23 09:10:46 [INFO]    🏆 SE | VLESS | Пинг: 4519ms | Скорость: 12.72 Mbps ⚡⚡
2026-02-23 09:10:46 [INFO]    🏆 ES | VLESS | Пинг: 3345ms | Скорость: 3.17 Mbps ⚡⚡
2026-02-23 09:10:46 [INFO]    🏆 HU | VLESS | Пинг: 3566ms | Скорость: 2.37 Mbps ⚡
2026-02-23 09:10:46 [INFO]    🏆 NL | VLESS | Пинг: 3655ms | Скорость: 0.86 Mbps 
2026-02-23 09:10:49 [INFO]    🏆 DE | VLESS | Пинг: 4358ms | Скорость: 3.58 Mbps ⚡⚡
2026-02-23 09:10:49 [INFO]    🏆 CZ | VLESS | Пинг: 4453ms | Скорость: 3.46 Mbps ⚡⚡
2026-02-23 09:10:50 [INFO]    🏆 DE | VLESS | Пинг: 4475ms | Скорость: 0.81 Mbps 
2026-02-23 09:10:51 [INFO]    🏆 PL | VLESS | Пинг: 4523ms | Скорость: 1.36 Mbps 
2026-02-23 09:10:51 [INFO] 📊 Итого в подписке сохранено иностранных серверов: 10
2026-02-23 09:10:51 [INFO] 💾 Файл успешно сохранен: FL1PVPN
