2026-02-18 16:30:05 [INFO] 🚀 START: Smart Selector (STRICT: ONLY VLESS+REALITY & WHITE SNI, Target: 10)
2026-02-18 16:30:05 [INFO] 🌐 Загрузка источников и жесткая фильтрация...
2026-02-18 16:30:06 [INFO] 🔍 Найдено серверов VLESS+Reality с белыми SNI: 16
2026-02-18 16:30:06 [INFO] ⚡ ЭТАП 1: Быстрый замер Пинга (Workers: 40)...
2026-02-18 16:30:07 [INFO]    [PING OK] RU | VLESS-REALITY | SNI: yandex.ru | 262ms | Src: clck.ru
2026-02-18 16:30:07 [INFO]    [PING OK] RU | VLESS-REALITY | SNI: yandex.ru | 329ms | Src: clck.ru
2026-02-18 16:30:07 [INFO]    [PING OK] RU | VLESS-REALITY | SNI: yandex.ru | 321ms | Src: clck.ru
2026-02-18 16:30:07 [INFO]    [PING OK] RU | VLESS-REALITY | SNI: yandex.ru | 296ms | Src: clck.ru
2026-02-18 16:30:07 [INFO]    [PING OK] RU | VLESS-REALITY | SNI: yandex.ru | 326ms | Src: clck.ru
2026-02-18 16:30:08 [INFO]    [PING OK] RU | VLESS-REALITY | SNI: yandex.ru | 584ms | Src: clck.ru
2026-02-18 16:30:08 [INFO]    [PING OK] RU | VLESS-REALITY | SNI: yandex.ru | 593ms | Src: clck.ru
2026-02-18 16:30:08 [INFO]    [PING OK] RU | VLESS-REALITY | SNI: yandex.ru | 616ms | Src: clck.ru
2026-02-18 16:30:08 [INFO]    [PING OK] RU | VLESS-REALITY | SNI: ads.x5.ru | 1221ms | Src: clck.ru
2026-02-18 16:30:08 [INFO]    [PING OK] RU | VLESS-REALITY | SNI: api-maps.yandex.ru | 1525ms | Src: clck.ru
2026-02-18 16:30:09 [INFO]    [PING OK] RU | VLESS-REALITY | SNI: ads.x5.ru | 1813ms | Src: clck.ru
2026-02-18 16:30:09 [INFO]    [PING OK] RU | VLESS-REALITY | SNI: api-maps.yandex.ru | 2379ms | Src: clck.ru
2026-02-18 16:30:09 [INFO]    [PING OK] RU | VLESS-REALITY | SNI: ads.x5.ru | 2391ms | Src: clck.ru
2026-02-18 16:30:12 [INFO] 🏎️ ЭТАП 2: Глубокий замер скорости для 5 кандидатов...
2026-02-18 16:30:14 [INFO]    🏆 RU | VLESS-REALITY | Пинг: 326ms | Скор: 11.67 Mbps ⚡⚡ | Src: clck.ru
2026-02-18 16:30:14 [INFO]    🏆 RU | VLESS-REALITY | Пинг: 262ms | Скор: 11.56 Mbps ⚡⚡ | Src: clck.ru
2026-02-18 16:30:14 [INFO]    🏆 RU | VLESS-REALITY | Пинг: 296ms | Скор: 11.53 Mbps ⚡⚡ | Src: clck.ru
2026-02-18 16:30:16 [INFO]    🏆 RU | VLESS-REALITY | Пинг: 321ms | Скор: 5.16 Mbps ⚡⚡ | Src: clck.ru
2026-02-18 16:30:19 [INFO]    🏆 RU | VLESS-REALITY | Пинг: 329ms | Скор: 2.71 Mbps ⚡ | Src: clck.ru
2026-02-18 16:30:19 [INFO] 🇷🇺 Добавлен лучший рабочий RU сервер: 158.160.223.36 со скоростью 11.56 Mbps | Src: clck.ru
2026-02-18 16:30:19 [INFO] 📊 Итого в подписке сохранено: 1 серверов
2026-02-18 16:30:19 [INFO] 💾 Файл успешно сохранен: FL1PVPN
