2026-02-19 08:50:06 [INFO] 🚀 START: Smart VLESS Selector (Target: 10, Strict Mode)
2026-02-19 08:50:06 [INFO] 🌐 Загрузка источников...
2026-02-19 08:50:09 [INFO] 🔍 Уникальных конфигов собрано: 914
2026-02-19 08:50:09 [INFO] ⚡ ЭТАП 1: Быстрый замер Пинга (Workers: 25)...
2026-02-19 08:50:11 [INFO]    [PING OK] RU | 342ms
2026-02-19 08:50:11 [INFO]    [PING OK] TR | 115ms
2026-02-19 08:50:11 [INFO]    [PING OK] IT | 582ms
2026-02-19 08:50:11 [INFO]    [PING OK] DE | 769ms
2026-02-19 08:50:11 [INFO]    [PING OK] DE | 150ms
2026-02-19 08:50:12 [INFO]    [PING OK] DE | 216ms
2026-02-19 08:50:13 [INFO]    [PING OK] DE | 217ms
2026-02-19 08:50:14 [INFO]    [PING OK] RU | 341ms
2026-02-19 08:50:15 [INFO]    [PING OK] RU | 185ms
2026-02-19 08:50:15 [INFO]    [PING OK] US | 1447ms
2026-02-19 08:50:16 [INFO]    [PING OK] TR | 138ms
2026-02-19 08:50:16 [INFO]    [PING OK] CA | 2071ms
2026-02-19 08:50:16 [INFO]    [PING OK] NL | 1197ms
2026-02-19 08:50:17 [INFO]    [PING OK] LT | 292ms
2026-02-19 08:50:18 [INFO]    [PING OK] RU | 437ms
2026-02-19 08:50:18 [INFO]    [PING OK] TR | 282ms
2026-02-19 08:50:19 [INFO]    [PING OK] RU | 795ms
2026-02-19 08:50:20 [INFO]    [PING OK] RU | 2754ms
2026-02-19 08:50:21 [INFO]    [PING OK] KZ | 2696ms
2026-02-19 08:50:21 [INFO]    [PING OK] RU | 142ms
2026-02-19 08:50:21 [INFO]    [PING OK] SE | 171ms
2026-02-19 08:50:22 [INFO]    [PING OK] RU | 263ms
2026-02-19 08:50:22 [INFO]    [PING OK] RU | 305ms
2026-02-19 08:50:22 [INFO]    [PING OK] RU | 406ms
2026-02-19 08:50:23 [INFO]    [PING OK] RU | 297ms
2026-02-19 08:50:23 [INFO]    [PING OK] RU | 311ms
2026-02-19 08:50:23 [INFO]    [PING OK] RU | 288ms
2026-02-19 08:50:23 [INFO]    [PING OK] RU | 327ms
2026-02-19 08:50:23 [INFO]    [PING OK] RU | 268ms
2026-02-19 08:50:23 [INFO]    [PING OK] RU | 317ms
2026-02-19 08:50:23 [INFO]    [PING OK] RU | 182ms
2026-02-19 08:50:24 [INFO]    [PING OK] RU | 298ms
2026-02-19 08:50:24 [INFO]    [PING OK] RU | 169ms
2026-02-19 08:50:25 [INFO]    [PING OK] US | 4918ms
2026-02-19 08:50:25 [INFO]    [PING OK] RU | 248ms
2026-02-19 08:50:25 [INFO]    [PING OK] RU | 262ms
2026-02-19 08:50:25 [INFO]    [PING OK] RU | 257ms
2026-02-19 08:50:26 [INFO]    [PING OK] RU | 231ms
2026-02-19 08:50:26 [INFO]    [PING OK] RU | 325ms
2026-02-19 08:50:26 [INFO]    [PING OK] RU | 287ms
2026-02-19 08:50:26 [INFO]    [PING OK] RU | 230ms
2026-02-19 08:50:26 [INFO]    [PING OK] RU | 434ms
2026-02-19 08:50:26 [INFO]    [PING OK] RU | 2307ms
2026-02-19 08:50:27 [INFO]    [PING OK] RU | 1200ms
2026-02-19 08:50:27 [INFO]    [PING OK] RU | 190ms
2026-02-19 08:50:27 [INFO]    [PING OK] RU | 1170ms
2026-02-19 08:50:27 [INFO]    [PING OK] RU | 322ms
2026-02-19 08:50:28 [INFO]    [PING OK] RU | 1723ms
2026-02-19 08:50:28 [INFO]    [PING OK] RU | 192ms
2026-02-19 08:50:28 [INFO]    [PING OK] RU | 313ms
2026-02-19 08:50:28 [INFO]    [PING OK] RU | 225ms
2026-02-19 08:50:28 [INFO]    [PING OK] RU | 1257ms
2026-02-19 08:50:28 [INFO]    [PING OK] RU | 243ms
2026-02-19 08:50:28 [INFO]    [PING OK] RU | 364ms
2026-02-19 08:50:29 [INFO]    [PING OK] RU | 648ms
2026-02-19 08:50:29 [INFO]    [PING OK] RU | 238ms
2026-02-19 08:50:29 [INFO]    [PING OK] RU | 1438ms
2026-02-19 08:50:30 [INFO]    [PING OK] DE | 697ms
2026-02-19 08:50:30 [INFO]    [PING OK] RU | 941ms
2026-02-19 08:50:31 [INFO]    [PING OK] RU | 957ms
2026-02-19 08:50:31 [INFO]    [PING OK] RU | 966ms
2026-02-19 08:50:32 [INFO]    [PING OK] DE | 1414ms
2026-02-19 08:50:33 [INFO]    [PING OK] RU | 3116ms
2026-02-19 08:50:33 [INFO]    [PING OK] RU | 867ms
2026-02-19 08:50:34 [INFO]    [PING OK] RU | 279ms
2026-02-19 08:50:34 [INFO]    [PING OK] RU | 3704ms
2026-02-19 08:50:35 [INFO]    [PING OK] RU | 110ms
2026-02-19 08:50:35 [INFO]    [PING OK] RU | 3821ms
2026-02-19 08:50:35 [INFO]    [PING OK] CA | 420ms
2026-02-19 08:50:35 [INFO]    [PING OK] RU | 4996ms
2026-02-19 08:50:35 [INFO]    [PING OK] RU | 1813ms
2026-02-19 08:50:36 [INFO]    [PING OK] UZ | 285ms
2026-02-19 08:50:36 [INFO]    [PING OK] RU | 2335ms
2026-02-19 08:50:36 [INFO]    [PING OK] IT | 554ms
2026-02-19 08:50:36 [INFO]    [PING OK] PL | 146ms
2026-02-19 08:50:37 [INFO]    [PING OK] RU | 2778ms
2026-02-19 08:50:37 [INFO]    [PING OK] US | 654ms
2026-02-19 08:50:37 [INFO]    [PING OK] FR | 817ms
2026-02-19 08:50:38 [INFO]    [PING OK] MD | 152ms
2026-02-19 08:50:39 [INFO]    [PING OK] DE | 195ms
2026-02-19 08:50:41 [INFO]    [PING OK] AE | 133ms
2026-02-19 08:50:41 [INFO]    [PING OK] NL | 237ms
2026-02-19 08:50:41 [INFO]    [PING OK] ES | 1289ms
2026-02-19 08:50:42 [INFO]    [PING OK] TR | 455ms
2026-02-19 08:50:42 [INFO]    [PING OK] FI | 127ms
2026-02-19 08:50:43 [INFO]    [PING OK] LV | 321ms
2026-02-19 08:50:44 [INFO]    [PING OK] NL | 198ms
2026-02-19 08:50:45 [INFO]    [PING OK] HU | 328ms
2026-02-19 08:50:45 [INFO]    [PING OK] AE | 682ms
2026-02-19 08:50:45 [INFO]    [PING OK] PL | 116ms
2026-02-19 08:51:00 [INFO]    [PING OK] US | 836ms
2026-02-19 08:51:09 [INFO]    [PING OK] SG | 455ms
2026-02-19 08:51:10 [INFO]    [PING OK] RU | 129ms
2026-02-19 08:51:11 [INFO]    [PING OK] FI | 297ms
2026-02-19 08:51:12 [INFO]    [PING OK] RU | 537ms
2026-02-19 08:51:12 [INFO]    [PING OK] SG | 627ms
2026-02-19 08:51:12 [INFO]    [PING OK] DE | 1491ms
2026-02-19 08:51:13 [INFO]    [PING OK] ES | 137ms
2026-02-19 08:51:13 [INFO]    [PING OK] DE | 574ms
2026-02-19 08:51:14 [INFO]    [PING OK] RU | 4676ms
2026-02-19 08:51:15 [INFO]    [PING OK] DE | 3530ms
2026-02-19 08:51:16 [INFO]    [PING OK] DE | 710ms
2026-02-19 08:51:17 [INFO]    [PING OK] RU | 3216ms
2026-02-19 08:51:17 [INFO]    [PING OK] RU | 225ms
2026-02-19 08:51:17 [INFO]    [PING OK] US | 759ms
2026-02-19 08:51:23 [INFO]    [PING OK] SC | 4966ms
2026-02-19 08:51:27 [INFO]    [PING OK] JP | 911ms
2026-02-19 08:51:28 [INFO]    [PING OK] SE | 99ms
2026-02-19 08:51:29 [INFO]    [PING OK] RU | 529ms
2026-02-19 08:51:36 [INFO] 🏎️ ЭТАП 2: Глубокий замер скорости для ТОП-10 серверов...
2026-02-19 08:51:40 [INFO]    🏆 SE | Пинг: 99ms | Скорость: 8.19 Mbps ⚡⚡
2026-02-19 08:51:40 [INFO]    🏆 TR | Пинг: 115ms | Скорость: 8.2 Mbps ⚡⚡
2026-02-19 08:51:40 [INFO]    🏆 PL | Пинг: 116ms | Скорость: 8.22 Mbps ⚡⚡
2026-02-19 08:51:40 [INFO]    🏆 FI | Пинг: 127ms | Скорость: 8.06 Mbps ⚡⚡
2026-02-19 08:51:40 [INFO]    🏆 AE | Пинг: 133ms | Скорость: 8.21 Mbps ⚡⚡
2026-02-19 08:51:40 [INFO]    🏆 ES | Пинг: 137ms | Скорость: 8.17 Mbps ⚡⚡
2026-02-19 08:51:40 [INFO]    🏆 TR | Пинг: 138ms | Скорость: 8.29 Mbps ⚡⚡
2026-02-19 08:51:40 [INFO]    🏆 PL | Пинг: 146ms | Скорость: 0.0 Mbps 
2026-02-19 08:51:40 [INFO]    🏆 DE | Пинг: 150ms | Скорость: 8.59 Mbps ⚡⚡
2026-02-19 08:51:40 [INFO]    🏆 RU | Пинг: 110ms | Скорость: 8.84 Mbps ⚡⚡
2026-02-19 08:51:40 [INFO] 🇷🇺 Добавлен RU сервер: 185.39.206.226
2026-02-19 08:51:40 [INFO] 📊 Итого в подписке сохранено: 10 серверов
2026-02-19 08:51:40 [INFO] 💾 Файл успешно сохранен: FL1PVPN
