2026-02-18 02:30:06 [INFO] 🚀 START: Smart VLESS Selector (Target: 10, Strict Mode)
2026-02-18 02:30:06 [INFO] 🌐 Загрузка источников...
2026-02-18 02:30:08 [INFO] 🔍 Уникальных конфигов собрано: 323
2026-02-18 02:30:08 [INFO] ⚡ ЭТАП 1: Быстрый замер Пинга (Workers: 25)...
2026-02-18 02:30:09 [INFO]    [PING OK] PL | 129ms
2026-02-18 02:30:10 [INFO]    [PING OK] DE | 152ms
2026-02-18 02:30:10 [INFO]    [PING OK] FI | 150ms
2026-02-18 02:30:10 [INFO]    [PING OK] ES | 850ms
2026-02-18 02:30:10 [INFO]    [PING OK] FI | 254ms
2026-02-18 02:30:11 [INFO]    [PING OK] LV | 244ms
2026-02-18 02:30:11 [INFO]    [PING OK] DE | 499ms
2026-02-18 02:30:11 [INFO]    [PING OK] RU | 223ms
2026-02-18 02:30:11 [INFO]    [PING OK] DE | 654ms
2026-02-18 02:30:12 [INFO]    [PING OK] LT | 144ms
2026-02-18 02:30:12 [INFO]    [PING OK] LV | 248ms
2026-02-18 02:30:12 [INFO]    [PING OK] DE | 488ms
2026-02-18 02:30:12 [INFO]    [PING OK] LT | 193ms
2026-02-18 02:30:12 [INFO]    [PING OK] DE | 196ms
2026-02-18 02:30:12 [INFO]    [PING OK] LT | 154ms
2026-02-18 02:30:13 [INFO]    [PING OK] RU | 121ms
2026-02-18 02:30:13 [INFO]    [PING OK] RU | 86ms
2026-02-18 02:30:13 [INFO]    [PING OK] RU | 328ms
2026-02-18 02:30:13 [INFO]    [PING OK] RU | 221ms
2026-02-18 02:30:13 [INFO]    [PING OK] RU | 234ms
2026-02-18 02:30:13 [INFO]    [PING OK] RU | 486ms
2026-02-18 02:30:14 [INFO]    [PING OK] RU | 278ms
2026-02-18 02:30:14 [INFO]    [PING OK] RU | 201ms
2026-02-18 02:30:14 [INFO]    [PING OK] RU | 170ms
2026-02-18 02:30:14 [INFO]    [PING OK] RU | 84ms
2026-02-18 02:30:14 [INFO]    [PING OK] RU | 335ms
2026-02-18 02:30:14 [INFO]    [PING OK] RU | 330ms
2026-02-18 02:30:14 [INFO]    [PING OK] RU | 154ms
2026-02-18 02:30:14 [INFO]    [PING OK] RU | 218ms
2026-02-18 02:30:14 [INFO]    [PING OK] RU | 80ms
2026-02-18 02:30:14 [INFO]    [PING OK] RU | 713ms
2026-02-18 02:30:15 [INFO]    [PING OK] RU | 278ms
2026-02-18 02:30:15 [INFO]    [PING OK] RU | 209ms
2026-02-18 02:30:15 [INFO]    [PING OK] RU | 837ms
2026-02-18 02:30:15 [INFO]    [PING OK] RU | 226ms
2026-02-18 02:30:15 [INFO]    [PING OK] RU | 169ms
2026-02-18 02:30:15 [INFO]    [PING OK] RU | 77ms
2026-02-18 02:30:15 [INFO]    [PING OK] RU | 2160ms
2026-02-18 02:30:15 [INFO]    [PING OK] RU | 197ms
2026-02-18 02:30:15 [INFO]    [PING OK] RU | 301ms
2026-02-18 02:30:15 [INFO]    [PING OK] RU | 95ms
2026-02-18 02:30:15 [INFO]    [PING OK] RU | 1440ms
2026-02-18 02:30:15 [INFO]    [PING OK] RU | 223ms
2026-02-18 02:30:16 [INFO]    [PING OK] RU | 75ms
2026-02-18 02:30:16 [INFO]    [PING OK] RU | 54ms
2026-02-18 02:30:16 [INFO]    [PING OK] RU | 187ms
2026-02-18 02:30:16 [INFO]    [PING OK] RU | 82ms
2026-02-18 02:30:16 [INFO]    [PING OK] RU | 205ms
2026-02-18 02:30:16 [INFO]    [PING OK] RU | 224ms
2026-02-18 02:30:16 [INFO]    [PING OK] RU | 235ms
2026-02-18 02:30:17 [INFO]    [PING OK] RU | 159ms
2026-02-18 02:30:17 [INFO]    [PING OK] RU | 271ms
2026-02-18 02:30:17 [INFO]    [PING OK] RU | 104ms
2026-02-18 02:30:17 [INFO]    [PING OK] RU | 257ms
2026-02-18 02:30:17 [INFO]    [PING OK] RU | 256ms
2026-02-18 02:30:17 [INFO]    [PING OK] RU | 205ms
2026-02-18 02:30:17 [INFO]    [PING OK] RU | 571ms
2026-02-18 02:30:17 [INFO]    [PING OK] RU | 283ms
2026-02-18 02:30:17 [INFO]    [PING OK] RU | 105ms
2026-02-18 02:30:17 [INFO]    [PING OK] RU | 73ms
2026-02-18 02:30:17 [INFO]    [PING OK] RU | 189ms
2026-02-18 02:30:18 [INFO]    [PING OK] RU | 311ms
2026-02-18 02:30:18 [INFO]    [PING OK] RU | 2194ms
2026-02-18 02:30:18 [INFO]    [PING OK] RU | 84ms
2026-02-18 02:30:18 [INFO]    [PING OK] RU | 194ms
2026-02-18 02:30:18 [INFO]    [PING OK] RU | 240ms
2026-02-18 02:30:18 [INFO]    [PING OK] RU | 273ms
2026-02-18 02:30:18 [INFO]    [PING OK] RU | 302ms
2026-02-18 02:30:18 [INFO]    [PING OK] RU | 257ms
2026-02-18 02:30:18 [INFO]    [PING OK] RU | 244ms
2026-02-18 02:30:18 [INFO]    [PING OK] RU | 234ms
2026-02-18 02:30:19 [INFO]    [PING OK] RU | 208ms
2026-02-18 02:30:19 [INFO]    [PING OK] RU | 302ms
2026-02-18 02:30:19 [INFO]    [PING OK] RU | 184ms
2026-02-18 02:30:19 [INFO]    [PING OK] RU | 321ms
2026-02-18 02:30:19 [INFO]    [PING OK] RU | 284ms
2026-02-18 02:30:19 [INFO]    [PING OK] RU | 220ms
2026-02-18 02:30:19 [INFO]    [PING OK] RU | 886ms
2026-02-18 02:30:19 [INFO]    [PING OK] RU | 249ms
2026-02-18 02:30:19 [INFO]    [PING OK] RU | 544ms
2026-02-18 02:30:19 [INFO]    [PING OK] RU | 296ms
2026-02-18 02:30:19 [INFO]    [PING OK] RU | 159ms
2026-02-18 02:30:20 [INFO]    [PING OK] RU | 176ms
2026-02-18 02:30:20 [INFO]    [PING OK] FI | 151ms
2026-02-18 02:30:20 [INFO]    [PING OK] DE | 2895ms
2026-02-18 02:30:20 [INFO]    [PING OK] RU | 68ms
2026-02-18 02:30:20 [INFO]    [PING OK] RU | 355ms
2026-02-18 02:30:20 [INFO]    [PING OK] RU | 126ms
2026-02-18 02:30:20 [INFO]    [PING OK] RU | 146ms
2026-02-18 02:30:20 [INFO]    [PING OK] RU | 193ms
2026-02-18 02:30:20 [INFO]    [PING OK] RU | 2490ms
2026-02-18 02:30:21 [INFO]    [PING OK] TR | 446ms
2026-02-18 02:30:21 [INFO]    [PING OK] FI | 469ms
2026-02-18 02:30:21 [INFO]    [PING OK] DE | 484ms
2026-02-18 02:30:21 [INFO]    [PING OK] DE | 169ms
2026-02-18 02:30:22 [INFO]    [PING OK] DE | 133ms
2026-02-18 02:30:22 [INFO]    [PING OK] PL | 147ms
2026-02-18 02:30:22 [INFO]    [PING OK] US | 448ms
2026-02-18 02:30:22 [INFO]    [PING OK] AE | 165ms
2026-02-18 02:30:23 [INFO]    [PING OK] JP | 1212ms
2026-02-18 02:30:23 [INFO]    [PING OK] NL | 199ms
2026-02-18 02:30:25 [INFO]    [PING OK] AT | 229ms
2026-02-18 02:30:27 [INFO]    [PING OK] US | 623ms
2026-02-18 02:30:27 [INFO]    [PING OK] UZ | 262ms
2026-02-18 02:30:28 [INFO]    [PING OK] DE | 195ms
2026-02-18 02:30:28 [INFO]    [PING OK] DE | 229ms
2026-02-18 02:30:28 [INFO]    [PING OK] LV | 437ms
2026-02-18 02:30:28 [INFO]    [PING OK] RU | 310ms
2026-02-18 02:30:28 [INFO]    [PING OK] AU | 147ms
2026-02-18 02:30:29 [INFO]    [PING OK] FR | 207ms
2026-02-18 02:30:29 [INFO]    [PING OK] FI | 243ms
2026-02-18 02:30:29 [INFO]    [PING OK] PL | 155ms
2026-02-18 02:30:29 [INFO]    [PING OK] MD | 131ms
2026-02-18 02:30:30 [INFO]    [PING OK] RU | 144ms
2026-02-18 02:30:30 [INFO]    [PING OK] FI | 101ms
2026-02-18 02:30:31 [INFO]    [PING OK] FR | 412ms
2026-02-18 02:30:32 [INFO]    [PING OK] ES | 498ms
2026-02-18 02:30:36 [INFO] 🏎️ ЭТАП 2: Глубокий замер скорости для ТОП-10 серверов...
2026-02-18 02:30:43 [INFO]    🏆 FI | Пинг: 101ms | Скорость: 8.57 Mbps ⚡⚡
2026-02-18 02:30:43 [INFO]    🏆 PL | Пинг: 129ms | Скорость: 8.67 Mbps ⚡⚡
2026-02-18 02:30:43 [INFO]    🏆 MD | Пинг: 131ms | Скорость: 8.7 Mbps ⚡⚡
2026-02-18 02:30:43 [INFO]    🏆 DE | Пинг: 133ms | Скорость: 0.0 Mbps 
2026-02-18 02:30:43 [INFO]    🏆 LT | Пинг: 144ms | Скорость: 8.83 Mbps ⚡⚡
2026-02-18 02:30:43 [INFO]    🏆 PL | Пинг: 147ms | Скорость: 0.0 Mbps 
2026-02-18 02:30:43 [INFO]    🏆 AU | Пинг: 147ms | Скорость: 0.74 Mbps 
2026-02-18 02:30:43 [INFO]    🏆 FI | Пинг: 150ms | Скорость: 1.87 Mbps ⚡
2026-02-18 02:30:43 [INFO]    🏆 FI | Пинг: 151ms | Скорость: 6.94 Mbps ⚡⚡
2026-02-18 02:30:43 [INFO]    🏆 RU | Пинг: 54ms | Скорость: 9.06 Mbps ⚡⚡
2026-02-18 02:30:43 [INFO] 🇷🇺 Добавлен RU сервер: 87.242.103.184
2026-02-18 02:30:43 [INFO] 📊 Итого в подписке сохранено: 10 серверов
2026-02-18 02:30:43 [INFO] 💾 Файл успешно сохранен: FL1PVPN
