2026-02-17 14:00:05 [INFO] 🚀 START: Smart VLESS Selector (Target: 10, Strict Mode)
2026-02-17 14:00:05 [INFO] 🌐 Загрузка источников...
2026-02-17 14:00:08 [INFO] 🔍 Уникальных конфигов собрано: 538
2026-02-17 14:00:08 [INFO] ⚡ ЭТАП 1: Быстрый замер Пинга (Workers: 25)...
2026-02-17 14:00:09 [INFO]    [PING OK] DE | 177ms
2026-02-17 14:00:10 [INFO]    [PING OK] NL | 189ms
2026-02-17 14:00:10 [INFO]    [PING OK] DE | 1422ms
2026-02-17 14:00:18 [INFO]    [PING OK] DE | 181ms
2026-02-17 14:00:21 [INFO]    [PING OK] NL | 188ms
2026-02-17 14:00:22 [INFO]    [PING OK] DE | 803ms
2026-02-17 14:00:23 [INFO]    [PING OK] DE | 173ms
2026-02-17 14:00:24 [INFO]    [PING OK] RU | 276ms
2026-02-17 14:00:24 [INFO]    [PING OK] RU | 402ms
2026-02-17 14:00:24 [INFO]    [PING OK] RU | 296ms
2026-02-17 14:00:24 [INFO]    [PING OK] DE | 3253ms
2026-02-17 14:00:24 [INFO]    [PING OK] RU | 1343ms
2026-02-17 14:00:25 [INFO]    [PING OK] RU | 329ms
2026-02-17 14:00:25 [INFO]    [PING OK] RU | 956ms
2026-02-17 14:00:26 [INFO]    [PING OK] RU | 86ms
2026-02-17 14:00:26 [INFO]    [PING OK] RU | 316ms
2026-02-17 14:00:26 [INFO]    [PING OK] RU | 383ms
2026-02-17 14:00:26 [INFO]    [PING OK] RU | 252ms
2026-02-17 14:00:26 [INFO]    [PING OK] RU | 290ms
2026-02-17 14:00:27 [INFO]    [PING OK] RU | 277ms
2026-02-17 14:00:27 [INFO]    [PING OK] RU | 321ms
2026-02-17 14:00:27 [INFO]    [PING OK] RU | 256ms
2026-02-17 14:00:27 [INFO]    [PING OK] RU | 288ms
2026-02-17 14:00:27 [INFO]    [PING OK] RU | 232ms
2026-02-17 14:00:27 [INFO]    [PING OK] RU | 971ms
2026-02-17 14:00:27 [INFO]    [PING OK] RU | 270ms
2026-02-17 14:00:27 [INFO]    [PING OK] RU | 97ms
2026-02-17 14:00:28 [INFO]    [PING OK] RU | 329ms
2026-02-17 14:00:28 [INFO]    [PING OK] RU | 2495ms
2026-02-17 14:00:28 [INFO]    [PING OK] RU | 233ms
2026-02-17 14:00:28 [INFO]    [PING OK] RU | 322ms
2026-02-17 14:00:28 [INFO]    [PING OK] RU | 241ms
2026-02-17 14:00:28 [INFO]    [PING OK] RU | 389ms
2026-02-17 14:00:29 [INFO]    [PING OK] RU | 296ms
2026-02-17 14:00:29 [INFO]    [PING OK] RU | 289ms
2026-02-17 14:00:29 [INFO]    [PING OK] RU | 1336ms
2026-02-17 14:00:29 [INFO]    [PING OK] RU | 208ms
2026-02-17 14:00:29 [INFO]    [PING OK] RU | 97ms
2026-02-17 14:00:29 [INFO]    [PING OK] RU | 329ms
2026-02-17 14:00:29 [INFO]    [PING OK] RU | 239ms
2026-02-17 14:00:29 [INFO]    [PING OK] RU | 385ms
2026-02-17 14:00:29 [INFO]    [PING OK] RU | 219ms
2026-02-17 14:00:30 [INFO]    [PING OK] RU | 948ms
2026-02-17 14:00:30 [INFO]    [PING OK] RU | 2587ms
2026-02-17 14:00:30 [INFO]    [PING OK] RU | 145ms
2026-02-17 14:00:30 [INFO]    [PING OK] RU | 3474ms
2026-02-17 14:00:30 [INFO]    [PING OK] RU | 218ms
2026-02-17 14:00:30 [INFO]    [PING OK] RU | 937ms
2026-02-17 14:00:30 [INFO]    [PING OK] RU | 272ms
2026-02-17 14:00:30 [INFO]    [PING OK] RU | 389ms
2026-02-17 14:00:30 [INFO]    [PING OK] RU | 243ms
2026-02-17 14:00:31 [INFO]    [PING OK] RU | 196ms
2026-02-17 14:00:31 [INFO]    [PING OK] RU | 305ms
2026-02-17 14:00:31 [INFO]    [PING OK] RU | 394ms
2026-02-17 14:00:31 [INFO]    [PING OK] RU | 254ms
2026-02-17 14:00:31 [INFO]    [PING OK] RU | 338ms
2026-02-17 14:00:31 [INFO]    [PING OK] RU | 900ms
2026-02-17 14:00:31 [INFO]    [PING OK] RU | 315ms
2026-02-17 14:00:31 [INFO]    [PING OK] RU | 245ms
2026-02-17 14:00:31 [INFO]    [PING OK] RU | 1536ms
2026-02-17 14:00:32 [INFO]    [PING OK] RU | 335ms
2026-02-17 14:00:32 [INFO]    [PING OK] RU | 289ms
2026-02-17 14:00:32 [INFO]    [PING OK] RU | 5023ms
2026-02-17 14:00:32 [INFO]    [PING OK] RU | 1872ms
2026-02-17 14:00:33 [INFO]    [PING OK] RU | 926ms
2026-02-17 14:00:33 [INFO]    [PING OK] RU | 928ms
2026-02-17 14:00:34 [INFO]    [PING OK] RU | 2591ms
2026-02-17 14:00:34 [INFO]    [PING OK] RU | 3048ms
2026-02-17 14:00:35 [INFO]    [PING OK] HU | 3438ms
2026-02-17 14:00:35 [INFO]    [PING OK] NL | 611ms
2026-02-17 14:00:35 [INFO]    [PING OK] LT | 2500ms
2026-02-17 14:00:43 [INFO]    [PING OK] LT | 148ms
2026-02-17 14:00:45 [INFO]    [PING OK] FI | 273ms
2026-02-17 14:00:48 [INFO]    [PING OK] EE | 251ms
2026-02-17 14:00:50 [INFO]    [PING OK] PL | 456ms
2026-02-17 14:00:58 [INFO]    [PING OK] DE | 227ms
2026-02-17 14:00:58 [INFO]    [PING OK] US | 455ms
2026-02-17 14:01:00 [INFO]    [PING OK] DE | 169ms
2026-02-17 14:01:03 [INFO]    [PING OK] PL | 137ms
2026-02-17 14:01:09 [INFO]    [PING OK] US | 1195ms
2026-02-17 14:01:10 [INFO]    [PING OK] AE | 223ms
2026-02-17 14:01:17 [INFO]    [PING OK] CY | 246ms
2026-02-17 14:01:19 [INFO]    [PING OK] RU | 3563ms
2026-02-17 14:01:19 [INFO]    [PING OK] RU | 204ms
2026-02-17 14:01:22 [INFO]    [PING OK] LT | 717ms
2026-02-17 14:01:27 [INFO]    [PING OK] LT | 3203ms
2026-02-17 14:01:29 [INFO]    [PING OK] PL | 1422ms
2026-02-17 14:01:31 [INFO]    [PING OK] RU | 234ms
2026-02-17 14:01:32 [INFO]    [PING OK] LV | 471ms
2026-02-17 14:01:33 [INFO]    [PING OK] MD | 227ms
2026-02-17 14:01:33 [INFO]    [PING OK] LV | 209ms
2026-02-17 14:01:39 [INFO] 🏎️ ЭТАП 2: Глубокий замер скорости для ТОП-10 серверов...
2026-02-17 14:01:43 [INFO]    🏆 PL | Пинг: 137ms | Скорость: 7.23 Mbps ⚡⚡
2026-02-17 14:01:43 [INFO]    🏆 LT | Пинг: 148ms | Скорость: 7.65 Mbps ⚡⚡
2026-02-17 14:01:43 [INFO]    🏆 DE | Пинг: 169ms | Скорость: 7.6 Mbps ⚡⚡
2026-02-17 14:01:43 [INFO]    🏆 DE | Пинг: 173ms | Скорость: 7.71 Mbps ⚡⚡
2026-02-17 14:01:43 [INFO]    🏆 DE | Пинг: 177ms | Скорость: 7.7 Mbps ⚡⚡
2026-02-17 14:01:43 [INFO]    🏆 DE | Пинг: 181ms | Скорость: 7.73 Mbps ⚡⚡
2026-02-17 14:01:43 [INFO]    🏆 NL | Пинг: 188ms | Скорость: 7.85 Mbps ⚡⚡
2026-02-17 14:01:43 [INFO]    🏆 NL | Пинг: 189ms | Скорость: 0.0 Mbps 
2026-02-17 14:01:43 [INFO]    🏆 LV | Пинг: 209ms | Скорость: 7.81 Mbps ⚡⚡
2026-02-17 14:01:43 [INFO]    🏆 RU | Пинг: 86ms | Скорость: 7.78 Mbps ⚡⚡
2026-02-17 14:01:43 [INFO] 🇷🇺 Добавлен RU сервер: 87.242.103.184
2026-02-17 14:01:43 [INFO] 📊 Итого в подписке сохранено: 10 серверов
2026-02-17 14:01:43 [INFO] 💾 Файл успешно сохранен: FL1PVPN
