2026-02-18 19:10:06 [INFO] 🚀 START: Smart VLESS Selector (Target: 10, Strict Mode)
2026-02-18 19:10:06 [INFO] 🌐 Загрузка источников...
2026-02-18 19:10:09 [INFO] 🔍 Уникальных конфигов собрано: 669
2026-02-18 19:10:09 [INFO] ⚡ ЭТАП 1: Быстрый замер Пинга (Workers: 25)...
2026-02-18 19:10:10 [INFO]    [PING OK] RU | 163ms
2026-02-18 19:10:10 [INFO]    [PING OK] DE | 151ms
2026-02-18 19:10:10 [INFO]    [PING OK] DE | 279ms
2026-02-18 19:10:11 [INFO]    [PING OK] RU | 244ms
2026-02-18 19:10:11 [INFO]    [PING OK] RU | 653ms
2026-02-18 19:10:11 [INFO]    [PING OK] RU | 1680ms
2026-02-18 19:10:11 [INFO]    [PING OK] IT | 544ms
2026-02-18 19:10:12 [INFO]    [PING OK] DE | 169ms
2026-02-18 19:10:12 [INFO]    [PING OK] DE | 213ms
2026-02-18 19:10:14 [INFO]    [PING OK] LV | 3928ms
2026-02-18 19:10:14 [INFO]    [PING OK] RU | 3171ms
2026-02-18 19:10:15 [INFO]    [PING OK] RU | 1442ms
2026-02-18 19:10:16 [INFO]    [PING OK] TR | 279ms
2026-02-18 19:10:16 [INFO]    [PING OK] RU | 2785ms
2026-02-18 19:10:17 [INFO]    [PING OK] RU | 440ms
2026-02-18 19:10:17 [INFO]    [PING OK] TR | 190ms
2026-02-18 19:10:20 [INFO]    [PING OK] RU | 855ms
2026-02-18 19:10:21 [INFO]    [PING OK] RU | 345ms
2026-02-18 19:10:22 [INFO]    [PING OK] RU | 330ms
2026-02-18 19:10:22 [INFO]    [PING OK] RU | 318ms
2026-02-18 19:10:23 [INFO]    [PING OK] RU | 351ms
2026-02-18 19:10:23 [INFO]    [PING OK] RU | 1852ms
2026-02-18 19:10:23 [INFO]    [PING OK] RU | 534ms
2026-02-18 19:10:23 [INFO]    [PING OK] RU | 334ms
2026-02-18 19:10:23 [INFO]    [PING OK] RU | 365ms
2026-02-18 19:10:24 [INFO]    [PING OK] RU | 557ms
2026-02-18 19:10:24 [INFO]    [PING OK] RU | 299ms
2026-02-18 19:10:24 [INFO]    [PING OK] RU | 878ms
2026-02-18 19:10:24 [INFO]    [PING OK] RU | 228ms
2026-02-18 19:10:24 [INFO]    [PING OK] RU | 372ms
2026-02-18 19:10:25 [INFO]    [PING OK] RU | 680ms
2026-02-18 19:10:25 [INFO]    [PING OK] RU | 356ms
2026-02-18 19:10:25 [INFO]    [PING OK] RU | 900ms
2026-02-18 19:10:25 [INFO]    [PING OK] RU | 904ms
2026-02-18 19:10:25 [INFO]    [PING OK] RU | 229ms
2026-02-18 19:10:25 [INFO]    [PING OK] RU | 1705ms
2026-02-18 19:10:25 [INFO]    [PING OK] RU | 1347ms
2026-02-18 19:10:26 [INFO]    [PING OK] RU | 834ms
2026-02-18 19:10:26 [INFO]    [PING OK] RU | 864ms
2026-02-18 19:10:26 [INFO]    [PING OK] RU | 308ms
2026-02-18 19:10:26 [INFO]    [PING OK] RU | 428ms
2026-02-18 19:10:26 [INFO]    [PING OK] RU | 628ms
2026-02-18 19:10:26 [INFO]    [PING OK] RU | 1274ms
2026-02-18 19:10:26 [INFO]    [PING OK] RU | 269ms
2026-02-18 19:10:26 [INFO]    [PING OK] RU | 2070ms
2026-02-18 19:10:26 [INFO]    [PING OK] RU | 1244ms
2026-02-18 19:10:26 [INFO]    [PING OK] RU | 307ms
2026-02-18 19:10:27 [INFO]    [PING OK] RU | 246ms
2026-02-18 19:10:27 [INFO]    [PING OK] RU | 842ms
2026-02-18 19:10:27 [INFO]    [PING OK] RU | 4385ms
2026-02-18 19:10:27 [INFO]    [PING OK] RU | 906ms
2026-02-18 19:10:27 [INFO]    [PING OK] RU | 944ms
2026-02-18 19:10:27 [INFO]    [PING OK] RU | 2304ms
2026-02-18 19:10:27 [INFO]    [PING OK] RU | 318ms
2026-02-18 19:10:28 [INFO]    [PING OK] RU | 615ms
2026-02-18 19:10:28 [INFO]    [PING OK] RU | 933ms
2026-02-18 19:10:28 [INFO]    [PING OK] RU | 2917ms
2026-02-18 19:10:28 [INFO]    [PING OK] RU | 151ms
2026-02-18 19:10:28 [INFO]    [PING OK] RU | 1204ms
2026-02-18 19:10:28 [INFO]    [PING OK] RU | 1938ms
2026-02-18 19:10:29 [INFO]    [PING OK] RU | 2556ms
2026-02-18 19:10:29 [INFO]    [PING OK] DE | 224ms
2026-02-18 19:10:29 [INFO]    [PING OK] RU | 1546ms
2026-02-18 19:10:29 [INFO]    [PING OK] RU | 2116ms
2026-02-18 19:10:30 [INFO]    [PING OK] RU | 4417ms
2026-02-18 19:10:30 [INFO]    [PING OK] IN | 731ms
2026-02-18 19:10:30 [INFO]    [PING OK] PL | 113ms
2026-02-18 19:10:31 [INFO]    [PING OK] JP | 401ms
2026-02-18 19:10:32 [INFO]    [PING OK] RU | 4251ms
2026-02-18 19:10:32 [INFO]    [PING OK] RU | 223ms
2026-02-18 19:10:33 [INFO]    [PING OK] AU | 147ms
2026-02-18 19:10:34 [INFO]    [PING OK] US | 636ms
2026-02-18 19:10:34 [INFO]    [PING OK] NL | 221ms
2026-02-18 19:10:34 [INFO]    [PING OK] AT | 241ms
2026-02-18 19:10:37 [INFO]    [PING OK] PL | 101ms
2026-02-18 19:10:37 [INFO]    [PING OK] IQ | 220ms
2026-02-18 19:10:39 [INFO]    [PING OK] RU | 339ms
2026-02-18 19:10:39 [INFO]    [PING OK] UZ | 298ms
2026-02-18 19:10:39 [INFO]    [PING OK] FR | 843ms
2026-02-18 19:10:39 [INFO]    [PING OK] CY | 429ms
2026-02-18 19:10:40 [INFO]    [PING OK] FI | 4678ms
2026-02-18 19:10:59 [INFO]    [PING OK] DE | 1514ms
2026-02-18 19:11:10 [INFO] 🏎️ ЭТАП 2: Глубокий замер скорости для ТОП-10 серверов...
2026-02-18 19:11:17 [INFO]    🏆 PL | Пинг: 101ms | Скорость: 9.54 Mbps ⚡⚡
2026-02-18 19:11:17 [INFO]    🏆 PL | Пинг: 113ms | Скорость: 9.73 Mbps ⚡⚡
2026-02-18 19:11:17 [INFO]    🏆 AU | Пинг: 147ms | Скорость: 0.0 Mbps 
2026-02-18 19:11:17 [INFO]    🏆 DE | Пинг: 151ms | Скорость: 9.78 Mbps ⚡⚡
2026-02-18 19:11:17 [INFO]    🏆 DE | Пинг: 169ms | Скорость: 6.6 Mbps ⚡⚡
2026-02-18 19:11:17 [INFO]    🏆 TR | Пинг: 190ms | Скорость: 9.92 Mbps ⚡⚡
2026-02-18 19:11:17 [INFO]    🏆 DE | Пинг: 213ms | Скорость: 7.71 Mbps ⚡⚡
2026-02-18 19:11:17 [INFO]    🏆 IQ | Пинг: 220ms | Скорость: 2.72 Mbps ⚡
2026-02-18 19:11:17 [INFO]    🏆 NL | Пинг: 221ms | Скорость: 8.01 Mbps ⚡⚡
2026-02-18 19:11:17 [INFO]    🏆 RU | Пинг: 151ms | Скорость: 10.12 Mbps ⚡⚡
2026-02-18 19:11:17 [INFO] 🇷🇺 Добавлен RU сервер: 185.39.206.226
2026-02-18 19:11:17 [INFO] 📊 Итого в подписке сохранено: 10 серверов
2026-02-18 19:11:17 [INFO] 💾 Файл успешно сохранен: FL1PVPN
