2026-02-22 20:20:05 [INFO] 🚀 START: Smart Selector (Target: 10, ONLY FOREIGN)
2026-02-22 20:20:05 [INFO] 🌐 Загрузка источников (VLESS + VMess)...
2026-02-22 20:20:08 [INFO] 🔍 Уникальных конфигов собрано: 247
2026-02-22 20:20:08 [INFO] ⚡ ЭТАП 1: Замер Пинга и Геолокации. Workers: 40...
2026-02-22 20:20:14 [INFO]    [PING OK] CZ | VLESS | 4747ms
2026-02-22 20:20:14 [INFO]    [PING OK] DE | VLESS | 4795ms
2026-02-22 20:20:15 [INFO]    [PING OK] IT | VLESS | 2362ms
2026-02-22 20:20:15 [INFO]    [PING OK] ES | VLESS | 2512ms
2026-02-22 20:20:15 [INFO]    [PING OK] PL | VLESS | 2508ms
2026-02-22 20:20:16 [INFO]    [PING OK] DE | VLESS | 6741ms
2026-02-22 20:20:16 [INFO]    [PING OK] DE | VLESS | 6402ms
2026-02-22 20:20:16 [INFO]    [PING OK] DE | VLESS | 5400ms
2026-02-22 20:20:17 [INFO]    [PING OK] DE | VLESS | 6919ms
2026-02-22 20:20:18 [INFO]    [PING OK] ES | VLESS | 3559ms
2026-02-22 20:20:18 [INFO]    [PING OK] PL | VLESS | 3647ms
2026-02-22 20:20:18 [INFO]    [PING OK] NL | VLESS | 3557ms
2026-02-22 20:20:18 [INFO]    [PING OK] PL | VLESS | 3776ms
2026-02-22 20:20:19 [INFO]    [PING OK] HU | VLESS | 3730ms
2026-02-22 20:20:19 [INFO]    [PING OK] PL | VLESS | 3556ms
2026-02-22 20:20:19 [INFO]    [PING OK] NL | VLESS | 3523ms
2026-02-22 20:20:19 [INFO]    [PING OK] TR | VLESS | 3817ms
2026-02-22 20:20:19 [INFO]    [PING OK] DE | VLESS | 3488ms
2026-02-22 20:20:19 [INFO]    [PING OK] HU | VLESS | 3610ms
2026-02-22 20:20:19 [INFO]    [PING OK] ES | VLESS | 3271ms
2026-02-22 20:20:19 [INFO]    [PING OK] IT | VLESS | 3362ms
2026-02-22 20:20:19 [INFO]    [PING OK] HU | VLESS | 3665ms
2026-02-22 20:20:19 [INFO]    [PING OK] ES | VLESS | 3263ms
2026-02-22 20:20:19 [INFO]    [PING OK] CA | VLESS | 4814ms
2026-02-22 20:20:19 [INFO]    [PING OK] DE | VLESS | 3703ms
2026-02-22 20:20:20 [INFO]    [PING OK] HU | VLESS | 3220ms
2026-02-22 20:20:20 [INFO]    [PING OK] DE | VLESS | 5132ms
2026-02-22 20:20:21 [INFO]    [PING OK] CA | VLESS | 5960ms
2026-02-22 20:20:21 [INFO]    [PING OK] HU | VLESS | 3626ms
2026-02-22 20:20:21 [INFO]    [PING OK] US | VLESS | 3889ms
2026-02-22 20:20:22 [INFO]    [PING OK] TR | VLESS | 3950ms
2026-02-22 20:20:22 [INFO]    [PING OK] TR | VLESS | 4345ms
2026-02-22 20:20:24 [INFO]    [PING OK] PL | VLESS | 4531ms
2026-02-22 20:20:24 [INFO]    [PING OK] HU | VLESS | 4681ms
2026-02-22 20:20:24 [INFO]    [PING OK] ES | VLESS | 4858ms
2026-02-22 20:20:24 [INFO]    [PING OK] CA | VLESS | 5050ms
2026-02-22 20:20:25 [INFO]    [PING OK] NL | VLESS | 4854ms
2026-02-22 20:20:25 [INFO]    [PING OK] PL | VLESS | 5309ms
2026-02-22 20:20:25 [INFO]    [PING OK] PL | VLESS | 4927ms
2026-02-22 20:20:25 [INFO]    [PING OK] US | VLESS | 4902ms
2026-02-22 20:20:25 [INFO]    [PING OK] PL | VLESS | 5690ms
2026-02-22 20:20:26 [INFO]    [PING OK] US | VLESS | 5204ms
2026-02-22 20:20:26 [INFO]    [PING OK] CA | VLESS | 5675ms
2026-02-22 20:20:26 [INFO]    [PING OK] CA | VLESS | 5435ms
2026-02-22 20:20:28 [INFO]    [PING OK] CA | VLESS | 5663ms
2026-02-22 20:20:28 [INFO]    [PING OK] CA | VLESS | 6358ms
2026-02-22 20:20:30 [INFO]    [PING OK] CA | VLESS | 5069ms
2026-02-22 20:20:30 [INFO]    [PING OK] CA | VLESS | 5314ms
2026-02-22 20:20:31 [INFO]    [PING OK] CA | VLESS | 5282ms
2026-02-22 20:20:31 [INFO]    [PING OK] CA | VLESS | 4847ms
2026-02-22 20:20:31 [INFO]    [PING OK] CA | VLESS | 4730ms
2026-02-22 20:20:31 [INFO]    [PING OK] TR | VLESS | 2859ms
2026-02-22 20:20:32 [INFO]    [PING OK] CA | VLESS | 3443ms
2026-02-22 20:20:34 [INFO]    [PING OK] CA | VLESS | 4541ms
2026-02-22 20:20:34 [INFO]    [PING OK] CA | VLESS | 9101ms
2026-02-22 20:20:36 [INFO] 🏎️ ЭТАП 2: Глубокий замер скорости для 40 иностранных кандидатов...
2026-02-22 20:20:40 [INFO]    🏆 PL | VLESS | Пинг: 2508ms | Скорость: 6.15 Mbps ⚡⚡
2026-02-22 20:20:40 [INFO]    🏆 IT | VLESS | Пинг: 2362ms | Скорость: 6.15 Mbps ⚡⚡
2026-02-22 20:20:40 [INFO]    🏆 DE | VLESS | Пинг: 3488ms | Скорость: 6.43 Mbps ⚡⚡
2026-02-22 20:20:40 [INFO]    🏆 NL | VLESS | Пинг: 3557ms | Скорость: 6.55 Mbps ⚡⚡
2026-02-22 20:20:40 [INFO]    🏆 HU | VLESS | Пинг: 3220ms | Скорость: 6.11 Mbps ⚡⚡
2026-02-22 20:20:40 [INFO]    🏆 ES | VLESS | Пинг: 3559ms | Скорость: 6.56 Mbps ⚡⚡
2026-02-22 20:20:40 [INFO]    🏆 NL | VLESS | Пинг: 3523ms | Скорость: 6.41 Mbps ⚡⚡
2026-02-22 20:20:40 [INFO]    🏆 PL | VLESS | Пинг: 3556ms | Скорость: 6.39 Mbps ⚡⚡
2026-02-22 20:20:41 [INFO]    🏆 TR | VLESS | Пинг: 2859ms | Скорость: 6.15 Mbps ⚡⚡
2026-02-22 20:20:41 [INFO]    🏆 ES | VLESS | Пинг: 3271ms | Скорость: 6.19 Mbps ⚡⚡
2026-02-22 20:20:41 [INFO]    🏆 IT | VLESS | Пинг: 3362ms | Скорость: 6.18 Mbps ⚡⚡
2026-02-22 20:20:41 [INFO]    🏆 HU | VLESS | Пинг: 3610ms | Скорость: 6.41 Mbps ⚡⚡
2026-02-22 20:20:41 [INFO]    🏆 CA | VLESS | Пинг: 3443ms | Скорость: 5.65 Mbps ⚡⚡
2026-02-22 20:20:42 [INFO]    🏆 ES | VLESS | Пинг: 2512ms | Скорость: 4.3 Mbps ⚡⚡
2026-02-22 20:20:43 [INFO]    🏆 ES | VLESS | Пинг: 3263ms | Скорость: 0.82 Mbps 
2026-02-22 20:20:44 [INFO]    🏆 PL | VLESS | Пинг: 3647ms | Скорость: 6.82 Mbps ⚡⚡
2026-02-22 20:20:44 [INFO]    🏆 HU | VLESS | Пинг: 3626ms | Скорость: 6.64 Mbps ⚡⚡
2026-02-22 20:20:44 [INFO]    🏆 PL | VLESS | Пинг: 4531ms | Скорость: 6.73 Mbps ⚡⚡
2026-02-22 20:20:44 [INFO]    🏆 HU | VLESS | Пинг: 3730ms | Скорость: 6.65 Mbps ⚡⚡
2026-02-22 20:20:44 [INFO]    🏆 TR | VLESS | Пинг: 3817ms | Скорость: 6.51 Mbps ⚡⚡
2026-02-22 20:20:44 [INFO]    🏆 TR | VLESS | Пинг: 3950ms | Скорость: 6.5 Mbps ⚡⚡
2026-02-22 20:20:44 [INFO]    🏆 TR | VLESS | Пинг: 4345ms | Скорость: 6.5 Mbps ⚡⚡
2026-02-22 20:20:44 [INFO]    🏆 PL | VLESS | Пинг: 3776ms | Скорость: 6.35 Mbps ⚡⚡
2026-02-22 20:20:44 [INFO]    🏆 HU | VLESS | Пинг: 4681ms | Скорость: 6.9 Mbps ⚡⚡
2026-02-22 20:20:45 [INFO]    🏆 HU | VLESS | Пинг: 3665ms | Скорость: 5.75 Mbps ⚡⚡
2026-02-22 20:20:45 [INFO]    🏆 CA | VLESS | Пинг: 4730ms | Скорость: 7.29 Mbps ⚡⚡
2026-02-22 20:20:47 [INFO]    🏆 ES | VLESS | Пинг: 4858ms | Скорость: 9.33 Mbps ⚡⚡
2026-02-22 20:20:48 [INFO]    🏆 US | VLESS | Пинг: 4902ms | Скорость: 7.74 Mbps ⚡⚡
2026-02-22 20:20:48 [INFO]    🏆 NL | VLESS | Пинг: 4854ms | Скорость: 7.17 Mbps ⚡⚡
2026-02-22 20:20:50 [INFO]    🏆 PL | VLESS | Пинг: 4927ms | Скорость: 4.19 Mbps ⚡⚡
2026-02-22 20:20:50 [INFO]    🏆 CZ | VLESS | Пинг: 4747ms | Скорость: 2.02 Mbps ⚡
2026-02-22 20:20:50 [INFO] 📊 Итого в подписке сохранено иностранных серверов: 10
2026-02-22 20:20:50 [INFO] 💾 Файл успешно сохранен: FL1PVPN
