2026-02-16 19:40:05 [INFO] 🚀 START: Smart VLESS Selector (Target: 10, Strict Mode)
2026-02-16 19:40:05 [INFO] 🌐 Загрузка источников...
2026-02-16 19:40:08 [INFO] 🔍 Уникальных конфигов собрано: 506
2026-02-16 19:40:08 [INFO] ⚡ ЭТАП 1: Быстрый замер Пинга (Workers: 25)...
2026-02-16 19:40:09 [INFO]    [PING OK] DE | 221ms
2026-02-16 19:40:10 [INFO]    [PING OK] US | 972ms
2026-02-16 19:40:10 [INFO]    [PING OK] DE | 220ms
2026-02-16 19:40:12 [INFO]    [PING OK] DE | 190ms
2026-02-16 19:40:12 [INFO]    [PING OK] FI | 103ms
2026-02-16 19:40:16 [INFO]    [PING OK] DE | 163ms
2026-02-16 19:40:17 [INFO]    [PING OK] DE | 205ms
2026-02-16 19:40:17 [INFO]    [PING OK] RU | 173ms
2026-02-16 19:40:17 [INFO]    [PING OK] RU | 401ms
2026-02-16 19:40:17 [INFO]    [PING OK] RU | 199ms
2026-02-16 19:40:18 [INFO]    [PING OK] RU | 113ms
2026-02-16 19:40:18 [INFO]    [PING OK] RU | 318ms
2026-02-16 19:40:18 [INFO]    [PING OK] RU | 95ms
2026-02-16 19:40:18 [INFO]    [PING OK] RU | 242ms
2026-02-16 19:40:18 [INFO]    [PING OK] RU | 430ms
2026-02-16 19:40:19 [INFO]    [PING OK] RU | 218ms
2026-02-16 19:40:19 [INFO]    [PING OK] RU | 221ms
2026-02-16 19:40:19 [INFO]    [PING OK] RU | 1517ms
2026-02-16 19:40:19 [INFO]    [PING OK] RU | 258ms
2026-02-16 19:40:19 [INFO]    [PING OK] FI | 267ms
2026-02-16 19:40:19 [INFO]    [PING OK] NL | 177ms
2026-02-16 19:40:19 [INFO]    [PING OK] RU | 222ms
2026-02-16 19:40:20 [INFO]    [PING OK] RU | 203ms
2026-02-16 19:40:20 [INFO]    [PING OK] RU | 479ms
2026-02-16 19:40:20 [INFO]    [PING OK] RU | 158ms
2026-02-16 19:40:20 [INFO]    [PING OK] RU | 249ms
2026-02-16 19:40:21 [INFO]    [PING OK] RU | 215ms
2026-02-16 19:40:21 [INFO]    [PING OK] DE | 170ms
2026-02-16 19:40:21 [INFO]    [PING OK] RU | 3626ms
2026-02-16 19:40:21 [INFO]    [PING OK] RU | 145ms
2026-02-16 19:40:21 [INFO]    [PING OK] RU | 270ms
2026-02-16 19:40:21 [INFO]    [PING OK] RU | 349ms
2026-02-16 19:40:21 [INFO]    [PING OK] RU | 204ms
2026-02-16 19:40:22 [INFO]    [PING OK] RU | 338ms
2026-02-16 19:40:22 [INFO]    [PING OK] PL | 184ms
2026-02-16 19:40:22 [INFO]    [PING OK] RU | 1367ms
2026-02-16 19:40:22 [INFO]    [PING OK] FI | 224ms
2026-02-16 19:40:22 [INFO]    [PING OK] RU | 266ms
2026-02-16 19:40:22 [INFO]    [PING OK] RU | 1279ms
2026-02-16 19:40:23 [INFO]    [PING OK] RU | 317ms
2026-02-16 19:40:23 [INFO]    [PING OK] RU | 1262ms
2026-02-16 19:40:23 [INFO]    [PING OK] RU | 355ms
2026-02-16 19:40:23 [INFO]    [PING OK] RU | 338ms
2026-02-16 19:40:23 [INFO]    [PING OK] RU | 189ms
2026-02-16 19:40:23 [INFO]    [PING OK] DE | 154ms
2026-02-16 19:40:23 [INFO]    [PING OK] RU | 1815ms
2026-02-16 19:40:24 [INFO]    [PING OK] RU | 2400ms
2026-02-16 19:40:24 [INFO]    [PING OK] RU | 81ms
2026-02-16 19:40:24 [INFO]    [PING OK] RU | 1887ms
2026-02-16 19:40:24 [INFO]    [PING OK] RU | 970ms
2026-02-16 19:40:24 [INFO]    [PING OK] RU | 302ms
2026-02-16 19:40:24 [INFO]    [PING OK] RU | 347ms
2026-02-16 19:40:25 [INFO]    [PING OK] RU | 767ms
2026-02-16 19:40:25 [INFO]    [PING OK] PL | 214ms
2026-02-16 19:40:25 [INFO]    [PING OK] RU | 204ms
2026-02-16 19:40:25 [INFO]    [PING OK] US | 191ms
2026-02-16 19:40:25 [INFO]    [PING OK] RU | 213ms
2026-02-16 19:40:26 [INFO]    [PING OK] RU | 266ms
2026-02-16 19:40:26 [INFO]    [PING OK] RU | 197ms
2026-02-16 19:40:26 [INFO]    [PING OK] RU | 915ms
2026-02-16 19:40:26 [INFO]    [PING OK] RU | 2750ms
2026-02-16 19:40:26 [INFO]    [PING OK] RU | 1802ms
2026-02-16 19:40:26 [INFO]    [PING OK] RU | 289ms
2026-02-16 19:40:26 [INFO]    [PING OK] RU | 356ms
2026-02-16 19:40:26 [INFO]    [PING OK] RU | 231ms
2026-02-16 19:40:27 [INFO]    [PING OK] RU | 258ms
2026-02-16 19:40:27 [INFO]    [PING OK] RU | 310ms
2026-02-16 19:40:27 [INFO]    [PING OK] RU | 2232ms
2026-02-16 19:40:27 [INFO]    [PING OK] NL | 772ms
2026-02-16 19:40:28 [INFO]    [PING OK] RU | 292ms
2026-02-16 19:40:28 [INFO]    [PING OK] RU | 311ms
2026-02-16 19:40:28 [INFO]    [PING OK] RU | 2158ms
2026-02-16 19:40:28 [INFO]    [PING OK] RU | 298ms
2026-02-16 19:40:28 [INFO]    [PING OK] RU | 983ms
2026-02-16 19:40:28 [INFO]    [PING OK] RU | 341ms
2026-02-16 19:40:28 [INFO]    [PING OK] RU | 676ms
2026-02-16 19:40:29 [INFO]    [PING OK] RU | 826ms
2026-02-16 19:40:29 [INFO]    [PING OK] RU | 4933ms
2026-02-16 19:40:29 [INFO]    [PING OK] RU | 2066ms
2026-02-16 19:40:30 [INFO]    [PING OK] DE | 4751ms
2026-02-16 19:40:30 [INFO]    [PING OK] RU | 2295ms
2026-02-16 19:40:30 [INFO]    [PING OK] RU | 2942ms
2026-02-16 19:40:31 [INFO]    [PING OK] PL | 174ms
2026-02-16 19:40:31 [INFO]    [PING OK] FR | 245ms
2026-02-16 19:40:36 [INFO]    [PING OK] US | 543ms
2026-02-16 19:40:40 [INFO]    [PING OK] FR | 245ms
2026-02-16 19:40:40 [INFO]    [PING OK] SE | 230ms
2026-02-16 19:40:44 [INFO]    [PING OK] PL | 468ms
2026-02-16 19:40:46 [INFO]    [PING OK] DE | 216ms
2026-02-16 19:40:50 [INFO]    [PING OK] FI | 451ms
2026-02-16 19:40:53 [INFO]    [PING OK] US | 1090ms
2026-02-16 19:40:56 [INFO]    [PING OK] RU | 146ms
2026-02-16 19:40:58 [INFO]    [PING OK] DE | 196ms
2026-02-16 19:41:01 [INFO]    [PING OK] TR | 298ms
2026-02-16 19:41:05 [INFO]    [PING OK] NL | 192ms
2026-02-16 19:41:05 [INFO]    [PING OK] NL | 151ms
2026-02-16 19:41:05 [INFO]    [PING OK] DE | 172ms
2026-02-16 19:41:06 [INFO]    [PING OK] NL | 363ms
2026-02-16 19:41:07 [INFO]    [PING OK] GB | 393ms
2026-02-16 19:41:09 [INFO]    [PING OK] DE | 482ms
2026-02-16 19:41:15 [INFO]    [PING OK] US | 534ms
2026-02-16 19:41:15 [INFO]    [PING OK] DE | 249ms
2026-02-16 19:41:16 [INFO]    [PING OK] US | 616ms
2026-02-16 19:41:17 [INFO]    [PING OK] DE | 163ms
2026-02-16 19:41:18 [INFO]    [PING OK] DE | 171ms
2026-02-16 19:41:24 [INFO] 🏎️ ЭТАП 2: Глубокий замер скорости для ТОП-10 серверов...
2026-02-16 19:41:31 [INFO]    🏆 FI | Пинг: 103ms | Скорость: 2.24 Mbps ⚡
2026-02-16 19:41:31 [INFO]    🏆 NL | Пинг: 151ms | Скорость: 8.15 Mbps ⚡⚡
2026-02-16 19:41:31 [INFO]    🏆 DE | Пинг: 154ms | Скорость: 8.15 Mbps ⚡⚡
2026-02-16 19:41:31 [INFO]    🏆 DE | Пинг: 163ms | Скорость: 8.37 Mbps ⚡⚡
2026-02-16 19:41:31 [INFO]    🏆 DE | Пинг: 163ms | Скорость: 7.68 Mbps ⚡⚡
2026-02-16 19:41:31 [INFO]    🏆 DE | Пинг: 170ms | Скорость: 8.2 Mbps ⚡⚡
2026-02-16 19:41:31 [INFO]    🏆 DE | Пинг: 171ms | Скорость: 8.52 Mbps ⚡⚡
2026-02-16 19:41:31 [INFO]    🏆 DE | Пинг: 172ms | Скорость: 8.43 Mbps ⚡⚡
2026-02-16 19:41:31 [INFO]    🏆 PL | Пинг: 174ms | Скорость: 8.67 Mbps ⚡⚡
2026-02-16 19:41:31 [INFO]    🏆 RU | Пинг: 81ms | Скорость: 0.0 Mbps 
2026-02-16 19:41:31 [INFO] 🇷🇺 Добавлен RU сервер: 83.166.255.72
2026-02-16 19:41:31 [INFO] 📊 Итого в подписке сохранено: 10 серверов
2026-02-16 19:41:31 [INFO] 💾 Файл успешно сохранен: FL1PVPN
