2026-02-19 11:30:05 [INFO] 🚀 START: Smart VPN Selector (Target: 10, Strict Mode)
2026-02-19 11:30:05 [INFO] 🌐 Загрузка источников...
2026-02-19 11:30:09 [INFO] 🔍 Уникальных конфигов собрано: 1215
2026-02-19 11:30:09 [INFO] ⚡ ЭТАП 1: Быстрый замер Пинга (Workers: 25)...
2026-02-19 11:30:11 [INFO]    [PING OK] DE | 324ms
2026-02-19 11:30:11 [INFO]    [PING OK] IT | 682ms
2026-02-19 11:30:11 [INFO]    [PING OK] RU | 767ms
2026-02-19 11:30:11 [INFO]    [PING OK] DE | 190ms
2026-02-19 11:30:11 [INFO]    [PING OK] RU | 271ms
2026-02-19 11:30:12 [INFO]    [PING OK] RU | 1843ms
2026-02-19 11:30:12 [INFO]    [PING OK] RU | 131ms
2026-02-19 11:30:12 [INFO]    [PING OK] TR | 131ms
2026-02-19 11:30:13 [INFO]    [PING OK] RU | 175ms
2026-02-19 11:30:14 [INFO]    [PING OK] LV | 174ms
2026-02-19 11:30:15 [INFO]    [PING OK] RU | 1438ms
2026-02-19 11:30:16 [INFO]    [PING OK] TR | 126ms
2026-02-19 11:30:16 [INFO]    [PING OK] JP | 940ms
2026-02-19 11:30:17 [INFO]    [PING OK] RU | 2773ms
2026-02-19 11:30:18 [INFO]    [PING OK] RU | 1338ms
2026-02-19 11:30:18 [INFO]    [PING OK] LT | 1701ms
2026-02-19 11:30:18 [INFO]    [PING OK] RU | 841ms
2026-02-19 11:30:18 [INFO]    [PING OK] RU | 661ms
2026-02-19 11:30:19 [INFO]    [PING OK] RU | 2125ms
2026-02-19 11:30:20 [INFO]    [PING OK] TR | 273ms
2026-02-19 11:30:20 [INFO]    [PING OK] NO | 1498ms
2026-02-19 11:30:21 [INFO]    [PING OK] DE | 2431ms
2026-02-19 11:30:21 [INFO]    [PING OK] DE | 153ms
2026-02-19 11:30:23 [INFO]    [PING OK] RU | 353ms
2026-02-19 11:30:23 [INFO]    [PING OK] RU | 425ms
2026-02-19 11:30:23 [INFO]    [PING OK] RU | 339ms
2026-02-19 11:30:23 [INFO]    [PING OK] RU | 244ms
2026-02-19 11:30:23 [INFO]    [PING OK] RU | 439ms
2026-02-19 11:30:24 [INFO]    [PING OK] RU | 279ms
2026-02-19 11:30:24 [INFO]    [PING OK] RU | 355ms
2026-02-19 11:30:24 [INFO]    [PING OK] RU | 269ms
2026-02-19 11:30:24 [INFO]    [PING OK] RU | 223ms
2026-02-19 11:30:24 [INFO]    [PING OK] RU | 838ms
2026-02-19 11:30:25 [INFO]    [PING OK] RU | 565ms
2026-02-19 11:30:25 [INFO]    [PING OK] RU | 533ms
2026-02-19 11:30:25 [INFO]    [PING OK] RU | 226ms
2026-02-19 11:30:25 [INFO]    [PING OK] RU | 353ms
2026-02-19 11:30:25 [INFO]    [PING OK] RU | 203ms
2026-02-19 11:30:25 [INFO]    [PING OK] RU | 369ms
2026-02-19 11:30:26 [INFO]    [PING OK] RU | 271ms
2026-02-19 11:30:26 [INFO]    [PING OK] RU | 911ms
2026-02-19 11:30:26 [INFO]    [PING OK] RU | 237ms
2026-02-19 11:30:27 [INFO]    [PING OK] RU | 314ms
2026-02-19 11:30:27 [INFO]    [PING OK] RU | 206ms
2026-02-19 11:30:27 [INFO]    [PING OK] RU | 1827ms
2026-02-19 11:30:27 [INFO]    [PING OK] RU | 2079ms
2026-02-19 11:30:28 [INFO]    [PING OK] RU | 248ms
2026-02-19 11:30:28 [INFO]    [PING OK] RU | 313ms
2026-02-19 11:30:29 [INFO]    [PING OK] RU | 884ms
2026-02-19 11:30:29 [INFO]    [PING OK] RU | 592ms
2026-02-19 11:30:29 [INFO]    [PING OK] RU | 1620ms
2026-02-19 11:30:29 [INFO]    [PING OK] RU | 216ms
2026-02-19 11:30:29 [INFO]    [PING OK] RU | 2522ms
2026-02-19 11:30:30 [INFO]    [PING OK] RU | 287ms
2026-02-19 11:30:30 [INFO]    [PING OK] RU | 239ms
2026-02-19 11:30:30 [INFO]    [PING OK] RU | 337ms
2026-02-19 11:30:30 [INFO]    [PING OK] RU | 1790ms
2026-02-19 11:30:30 [INFO]    [PING OK] RU | 699ms
2026-02-19 11:30:30 [INFO]    [PING OK] RU | 278ms
2026-02-19 11:30:31 [INFO]    [PING OK] RU | 1020ms
2026-02-19 11:30:31 [INFO]    [PING OK] RU | 277ms
2026-02-19 11:30:31 [INFO]    [PING OK] RU | 254ms
2026-02-19 11:30:31 [INFO]    [PING OK] RU | 75ms
2026-02-19 11:30:31 [INFO]    [PING OK] RU | 3421ms
2026-02-19 11:30:31 [INFO]    [PING OK] RU | 117ms
2026-02-19 11:30:32 [INFO]    [PING OK] RU | 137ms
2026-02-19 11:30:32 [INFO]    [PING OK] RU | 315ms
2026-02-19 11:30:32 [INFO]    [PING OK] TR | 181ms
2026-02-19 11:30:32 [INFO]    [PING OK] GB | 152ms
2026-02-19 11:30:32 [INFO]    [PING OK] DE | 1512ms
2026-02-19 11:30:34 [INFO]    [PING OK] US | 396ms
2026-02-19 11:30:34 [INFO]    [PING OK] RU | 4580ms
2026-02-19 11:30:34 [INFO]    [PING OK] PL | 540ms
2026-02-19 11:30:35 [INFO]    [PING OK] CH | 1301ms
2026-02-19 11:30:35 [INFO]    [PING OK] US | 1509ms
2026-02-19 11:30:35 [INFO]    [PING OK] US | 520ms
2026-02-19 11:30:37 [INFO]    [PING OK] FR | 182ms
2026-02-19 11:30:37 [INFO]    [PING OK] IT | 567ms
2026-02-19 11:30:37 [INFO]    [PING OK] US | 1008ms
2026-02-19 11:30:38 [INFO]    [PING OK] SG | 412ms
2026-02-19 11:30:38 [INFO]    [PING OK] AE | 1214ms
2026-02-19 11:30:39 [INFO]    [PING OK] US | 405ms
2026-02-19 11:30:39 [INFO]    [PING OK] US | 4086ms
2026-02-19 11:30:39 [INFO]    [PING OK] PL | 110ms
2026-02-19 11:30:39 [INFO]    [PING OK] SG | 666ms
2026-02-19 11:30:40 [INFO]    [PING OK] DE | 127ms
2026-02-19 11:30:40 [INFO]    [PING OK] AU | 582ms
2026-02-19 11:30:41 [INFO]    [PING OK] GB | 205ms
2026-02-19 11:30:41 [INFO]    [PING OK] GB | 147ms
2026-02-19 11:30:41 [INFO]    [PING OK] UZ | 1653ms
2026-02-19 11:30:42 [INFO]    [PING OK] US | 390ms
2026-02-19 11:30:42 [INFO]    [PING OK] DE | 123ms
2026-02-19 11:30:42 [INFO]    [PING OK] GB | 570ms
2026-02-19 11:30:42 [INFO]    [PING OK] NL | 212ms
2026-02-19 11:30:42 [INFO]    [PING OK] FR | 157ms
2026-02-19 11:30:43 [INFO]    [PING OK] RU | 104ms
2026-02-19 11:30:43 [INFO]    [PING OK] US | 370ms
2026-02-19 11:30:43 [INFO]    [PING OK] US | 431ms
2026-02-19 11:30:43 [INFO]    [PING OK] MX | 394ms
2026-02-19 11:30:44 [INFO]    [PING OK] BG | 172ms
2026-02-19 11:30:44 [INFO]    [PING OK] GB | 540ms
2026-02-19 11:30:45 [INFO]    [PING OK] PL | 136ms
2026-02-19 11:30:46 [INFO]    [PING OK] US | 991ms
2026-02-19 11:30:46 [INFO]    [PING OK] FR | 152ms
2026-02-19 11:30:46 [INFO]    [PING OK] GB | 155ms
2026-02-19 11:30:46 [INFO]    [PING OK] HK | 1039ms
2026-02-19 11:30:46 [INFO]    [PING OK] MD | 146ms
2026-02-19 11:30:47 [INFO]    [PING OK] DE | 84ms
2026-02-19 11:30:47 [INFO]    [PING OK] LT | 325ms
2026-02-19 11:30:47 [INFO]    [PING OK] US | 386ms
2026-02-19 11:30:48 [INFO]    [PING OK] FI | 157ms
2026-02-19 11:30:48 [INFO]    [PING OK] SG | 738ms
2026-02-19 11:30:49 [INFO]    [PING OK] US | 397ms
2026-02-19 11:30:49 [INFO]    [PING OK] US | 639ms
2026-02-19 11:30:49 [INFO]    [PING OK] US | 393ms
2026-02-19 11:30:50 [INFO]    [PING OK] HU | 3456ms
2026-02-19 11:30:50 [INFO]    [PING OK] GB | 166ms
2026-02-19 11:30:52 [INFO]    [PING OK] HK | 1612ms
2026-02-19 11:30:52 [INFO]    [PING OK] JP | 3631ms
2026-02-19 11:30:59 [INFO]    [PING OK] FR | 154ms
2026-02-19 11:31:03 [INFO]    [PING OK] JP | 511ms
2026-02-19 11:31:05 [INFO]    [PING OK] DE | 134ms
2026-02-19 11:31:07 [INFO]    [PING OK] GB | 187ms
2026-02-19 11:31:10 [INFO]    [PING OK] JP | 2813ms
2026-02-19 11:31:10 [INFO]    [PING OK] DE | 116ms
2026-02-19 11:31:11 [INFO]    [PING OK] DE | 98ms
2026-02-19 11:31:12 [INFO]    [PING OK] DE | 127ms
2026-02-19 11:31:15 [INFO]    [PING OK] BR | 556ms
2026-02-19 11:31:16 [INFO]    [PING OK] GB | 170ms
2026-02-19 11:31:16 [INFO]    [PING OK] US | 244ms
2026-02-19 11:31:21 [INFO]    [PING OK] SG | 1165ms
2026-02-19 11:31:25 [INFO]    [PING OK] FR | 150ms
2026-02-19 11:31:26 [INFO]    [PING OK] GB | 159ms
2026-02-19 11:31:26 [INFO]    [PING OK] GB | 131ms
2026-02-19 11:31:27 [INFO]    [PING OK] GB | 175ms
2026-02-19 11:31:27 [INFO]    [PING OK] GB | 1309ms
2026-02-19 11:31:28 [INFO]    [PING OK] GB | 146ms
2026-02-19 11:31:29 [INFO]    [PING OK] GB | 697ms
2026-02-19 11:31:30 [INFO]    [PING OK] SG | 714ms
2026-02-19 11:31:30 [INFO]    [PING OK] DE | 1421ms
2026-02-19 11:31:30 [INFO]    [PING OK] GB | 225ms
2026-02-19 11:31:30 [INFO]    [PING OK] GB | 151ms
2026-02-19 11:31:30 [INFO]    [PING OK] RU | 2574ms
2026-02-19 11:31:31 [INFO]    [PING OK] RU | 2372ms
2026-02-19 11:31:31 [INFO]    [PING OK] GB | 3089ms
2026-02-19 11:31:31 [INFO]    [PING OK] DE | 472ms
2026-02-19 11:31:31 [INFO]    [PING OK] NL | 2784ms
2026-02-19 11:31:31 [INFO]    [PING OK] GB | 394ms
2026-02-19 11:31:32 [INFO]    [PING OK] GB | 3160ms
2026-02-19 11:31:33 [INFO]    [PING OK] US | 1339ms
2026-02-19 11:31:34 [INFO]    [PING OK] DE | 506ms
2026-02-19 11:31:35 [INFO]    [PING OK] RU | 417ms
2026-02-19 11:31:35 [INFO]    [PING OK] RU | 1414ms
2026-02-19 11:31:36 [INFO]    [PING OK] DE | 1959ms
2026-02-19 11:31:38 [INFO]    [PING OK] GB | 160ms
2026-02-19 11:31:40 [INFO]    [PING OK] RU | 584ms
2026-02-19 11:31:43 [INFO]    [PING OK] GB | 270ms
2026-02-19 11:31:45 [INFO]    [PING OK] NL | 179ms
2026-02-19 11:31:45 [INFO]    [PING OK] FI | 276ms
2026-02-19 11:31:47 [INFO]    [PING OK] GB | 128ms
2026-02-19 11:31:49 [INFO]    [PING OK] RU | 3345ms
2026-02-19 11:32:02 [INFO] 🏎️ ЭТАП 2: Глубокий замер скорости для ТОП-10 серверов...
2026-02-19 11:32:09 [INFO]    🏆 DE | Пинг: 84ms | Скорость: 1.5 Mbps ⚡
2026-02-19 11:32:09 [INFO]    🏆 DE | Пинг: 98ms | Скорость: 7.64 Mbps ⚡⚡
2026-02-19 11:32:09 [INFO]    🏆 PL | Пинг: 110ms | Скорость: 7.58 Mbps ⚡⚡
2026-02-19 11:32:09 [INFO]    🏆 DE | Пинг: 116ms | Скорость: 7.57 Mbps ⚡⚡
2026-02-19 11:32:09 [INFO]    🏆 DE | Пинг: 123ms | Скорость: 7.5 Mbps ⚡⚡
2026-02-19 11:32:09 [INFO]    🏆 TR | Пинг: 126ms | Скорость: 7.61 Mbps ⚡⚡
2026-02-19 11:32:09 [INFO]    🏆 DE | Пинг: 127ms | Скорость: 7.87 Mbps ⚡⚡
2026-02-19 11:32:09 [INFO]    🏆 DE | Пинг: 127ms | Скорость: 7.72 Mbps ⚡⚡
2026-02-19 11:32:09 [INFO]    🏆 GB | Пинг: 128ms | Скорость: 7.71 Mbps ⚡⚡
2026-02-19 11:32:09 [INFO]    🏆 RU | Пинг: 75ms | Скорость: 7.83 Mbps ⚡⚡
2026-02-19 11:32:09 [INFO] 🇷🇺 Добавлен RU сервер: 87.242.103.184
2026-02-19 11:32:09 [INFO] 📊 Итого в подписке сохранено: 10 серверов
2026-02-19 11:32:09 [INFO] 💾 Файл успешно сохранен: FL1PVPN
