2026-02-26 23:30:05 [INFO] 🚀 START: Smart Selector (Target: 10, ONLY FOREIGN)
2026-02-26 23:30:05 [INFO] 🌐 Загрузка источников (VLESS + VMess)...
2026-02-26 23:30:07 [INFO] 🔍 Уникальных конфигов собрано: 189
2026-02-26 23:30:07 [INFO] ⚡ ЭТАП 1: Замер Пинга и Геолокации. Workers: 40...
2026-02-26 23:30:13 [INFO]    [PING OK] FI | VLESS | 4619ms
2026-02-26 23:30:13 [INFO]    [PING OK] US | VLESS | 4724ms
2026-02-26 23:30:13 [INFO]    [PING OK] FI | VLESS | 4596ms
2026-02-26 23:30:13 [INFO]    [PING OK] FI | VLESS | 4596ms
2026-02-26 23:30:13 [INFO]    [PING OK] PL | VLESS | 4888ms
2026-02-26 23:30:13 [INFO]    [PING OK] FI | VLESS | 4854ms
2026-02-26 23:30:13 [INFO]    [PING OK] FI | VLESS | 4678ms
2026-02-26 23:30:13 [INFO]    [PING OK] FI | VLESS | 4628ms
2026-02-26 23:30:13 [INFO]    [PING OK] DE | VLESS | 4898ms
2026-02-26 23:30:13 [INFO]    [PING OK] DE | VLESS | 5296ms
2026-02-26 23:30:13 [INFO]    [PING OK] DE | VLESS | 4846ms
2026-02-26 23:30:13 [INFO]    [PING OK] NL | VLESS | 5068ms
2026-02-26 23:30:13 [INFO]    [PING OK] FI | VLESS | 5064ms
2026-02-26 23:30:14 [INFO]    [PING OK] DE | VLESS | 4834ms
2026-02-26 23:30:14 [INFO]    [PING OK] FI | VLESS | 4824ms
2026-02-26 23:30:14 [INFO]    [PING OK] NL | VLESS | 4695ms
2026-02-26 23:30:14 [INFO]    [PING OK] DE | VLESS | 4948ms
2026-02-26 23:30:15 [INFO]    [PING OK] FI | VLESS | 5236ms
2026-02-26 23:30:15 [INFO]    [PING OK] FR | VLESS | 6308ms
2026-02-26 23:30:15 [INFO]    [PING OK] DE | VLESS | 5543ms
2026-02-26 23:30:15 [INFO]    [PING OK] US | VLESS | 5353ms
2026-02-26 23:30:15 [INFO]    [PING OK] FI | VLESS | 5345ms
2026-02-26 23:30:15 [INFO]    [PING OK] FI | VLESS | 5903ms
2026-02-26 23:30:17 [INFO]    [PING OK] US | VLESS | 5765ms
2026-02-26 23:30:18 [INFO]    [PING OK] FI | VLESS | 5419ms
2026-02-26 23:30:19 [INFO]    [PING OK] FI | VLESS | 8774ms
2026-02-26 23:30:19 [INFO]    [PING OK] FI | VLESS | 5699ms
2026-02-26 23:30:19 [INFO]    [PING OK] FI | VLESS | 5843ms
2026-02-26 23:30:20 [INFO]    [PING OK] SE | VLESS | 5684ms
2026-02-26 23:30:20 [INFO]    [PING OK] US | VLESS | 5730ms
2026-02-26 23:30:20 [INFO]    [PING OK] CH | VLESS | 5735ms
2026-02-26 23:30:20 [INFO]    [PING OK] DE | VLESS | 5431ms
2026-02-26 23:30:20 [INFO]    [PING OK] FR | VLESS | 5729ms
2026-02-26 23:30:20 [INFO]    [PING OK] US | VLESS | 5634ms
2026-02-26 23:30:21 [INFO]    [PING OK] US | VLESS | 5975ms
2026-02-26 23:30:21 [INFO]    [PING OK] FI | VLESS | 5769ms
2026-02-26 23:30:22 [INFO]    [PING OK] US | VLESS | 5503ms
2026-02-26 23:30:22 [INFO]    [PING OK] US | VLESS | 5660ms
2026-02-26 23:30:22 [INFO]    [PING OK] US | VLESS | 6774ms
2026-02-26 23:30:23 [INFO]    [PING OK] DE | VLESS | 4721ms
2026-02-26 23:30:24 [INFO]    [PING OK] SG | VLESS | 4815ms
2026-02-26 23:30:24 [INFO]    [PING OK] DE | VLESS | 3985ms
2026-02-26 23:30:24 [INFO]    [PING OK] TR | VLESS | 5255ms
2026-02-26 23:30:24 [INFO]    [PING OK] DE | VLESS | 3523ms
2026-02-26 23:30:24 [INFO]    [PING OK] DE | VLESS | 3324ms
2026-02-26 23:30:24 [INFO]    [PING OK] DE | VLESS | 3368ms
2026-02-26 23:30:25 [INFO]    [PING OK] ES | VLESS | 2133ms
2026-02-26 23:30:25 [INFO]    [PING OK] ES | VLESS | 1903ms
2026-02-26 23:30:25 [INFO]    [PING OK] DE | VLESS | 2094ms
2026-02-26 23:30:25 [INFO]    [PING OK] TW | VLESS | 4276ms
2026-02-26 23:30:30 [INFO] 🏎️ ЭТАП 2: Глубокий замер скорости для 40 иностранных кандидатов...
2026-02-26 23:30:35 [INFO]    🏆 FI | VLESS | Пинг: 4619ms | Скорость: 4.88 Mbps ⚡⚡
2026-02-26 23:30:35 [INFO]    🏆 DE | VLESS | Пинг: 3368ms | Скорость: 4.74 Mbps ⚡⚡
2026-02-26 23:30:35 [INFO]    🏆 ES | VLESS | Пинг: 2133ms | Скорость: 4.67 Mbps ⚡⚡
2026-02-26 23:30:35 [INFO]    🏆 FI | VLESS | Пинг: 4596ms | Скорость: 4.76 Mbps ⚡⚡
2026-02-26 23:30:35 [INFO]    🏆 FI | VLESS | Пинг: 4678ms | Скорость: 4.91 Mbps ⚡⚡
2026-02-26 23:30:35 [INFO]    🏆 DE | VLESS | Пинг: 2094ms | Скорость: 4.64 Mbps ⚡⚡
2026-02-26 23:30:35 [INFO]    🏆 FI | VLESS | Пинг: 4628ms | Скорость: 4.79 Mbps ⚡⚡
2026-02-26 23:30:35 [INFO]    🏆 DE | VLESS | Пинг: 4721ms | Скорость: 4.89 Mbps ⚡⚡
2026-02-26 23:30:35 [INFO]    🏆 DE | VLESS | Пинг: 3523ms | Скорость: 4.65 Mbps ⚡⚡
2026-02-26 23:30:35 [INFO]    🏆 DE | VLESS | Пинг: 3324ms | Скорость: 4.58 Mbps ⚡⚡
2026-02-26 23:30:35 [INFO]    🏆 NL | VLESS | Пинг: 4695ms | Скорость: 4.75 Mbps ⚡⚡
2026-02-26 23:30:35 [INFO]    🏆 ES | VLESS | Пинг: 1903ms | Скорость: 4.51 Mbps ⚡⚡
2026-02-26 23:30:35 [INFO]    🏆 DE | VLESS | Пинг: 3985ms | Скорость: 4.48 Mbps ⚡⚡
2026-02-26 23:30:36 [INFO]    🏆 TW | VLESS | Пинг: 4276ms | Скорость: 3.11 Mbps ⚡⚡
2026-02-26 23:30:37 [INFO]    🏆 US | VLESS | Пинг: 4724ms | Скорость: 8.62 Mbps ⚡⚡
2026-02-26 23:30:39 [INFO]    🏆 FI | VLESS | Пинг: 5064ms | Скорость: 6.13 Mbps ⚡⚡
2026-02-26 23:30:39 [INFO]    🏆 DE | VLESS | Пинг: 4846ms | Скорость: 5.64 Mbps ⚡⚡
2026-02-26 23:30:39 [INFO]    🏆 DE | VLESS | Пинг: 4948ms | Скорость: 5.86 Mbps ⚡⚡
2026-02-26 23:30:39 [INFO]    🏆 DE | VLESS | Пинг: 5296ms | Скорость: 6.04 Mbps ⚡⚡
2026-02-26 23:30:39 [INFO]    🏆 TR | VLESS | Пинг: 5255ms | Скорость: 5.81 Mbps ⚡⚡
2026-02-26 23:30:39 [INFO]    🏆 FI | VLESS | Пинг: 5236ms | Скорость: 5.81 Mbps ⚡⚡
2026-02-26 23:30:39 [INFO]    🏆 PL | VLESS | Пинг: 4888ms | Скорость: 5.64 Mbps ⚡⚡
2026-02-26 23:30:39 [INFO]    🏆 SG | VLESS | Пинг: 4815ms | Скорость: 5.35 Mbps ⚡⚡
2026-02-26 23:30:39 [INFO]    🏆 DE | VLESS | Пинг: 4834ms | Скорость: 4.93 Mbps ⚡⚡
2026-02-26 23:30:40 [INFO]    🏆 FI | VLESS | Пинг: 5345ms | Скорость: 8.23 Mbps ⚡⚡
2026-02-26 23:30:40 [INFO]    🏆 FI | VLESS | Пинг: 4854ms | Скорость: 4.76 Mbps ⚡⚡
2026-02-26 23:30:40 [INFO]    🏆 FI | VLESS | Пинг: 4824ms | Скорость: 4.53 Mbps ⚡⚡
2026-02-26 23:30:41 [INFO]    🏆 FI | VLESS | Пинг: 5419ms | Скорость: 10.63 Mbps ⚡⚡
2026-02-26 23:30:41 [INFO]    🏆 US | VLESS | Пинг: 5353ms | Скорость: 6.06 Mbps ⚡⚡
2026-02-26 23:30:42 [INFO]    🏆 DE | VLESS | Пинг: 5543ms | Скорость: 9.78 Mbps ⚡⚡
2026-02-26 23:30:42 [INFO]    🏆 DE | VLESS | Пинг: 5431ms | Скорость: 9.6 Mbps ⚡⚡
2026-02-26 23:30:42 [INFO]    🏆 US | VLESS | Пинг: 5634ms | Скорость: 9.74 Mbps ⚡⚡
2026-02-26 23:30:42 [INFO]    🏆 SE | VLESS | Пинг: 5684ms | Скорость: 9.71 Mbps ⚡⚡
2026-02-26 23:30:42 [INFO]    🏆 FI | VLESS | Пинг: 5699ms | Скорость: 9.73 Mbps ⚡⚡
2026-02-26 23:30:42 [INFO]    🏆 US | VLESS | Пинг: 5503ms | Скорость: 8.72 Mbps ⚡⚡
2026-02-26 23:30:42 [INFO]    🏆 US | VLESS | Пинг: 5660ms | Скорость: 8.84 Mbps ⚡⚡
2026-02-26 23:30:44 [INFO]    🏆 FR | VLESS | Пинг: 5729ms | Скорость: 4.72 Mbps ⚡⚡
2026-02-26 23:30:44 [INFO] 📊 Итого в подписке сохранено иностранных серверов: 10
2026-02-26 23:30:44 [INFO] 💾 Файл успешно сохранен: FL1PVPN
