2026-02-16 05:20:41 [INFO] 🚀 START: Smart VLESS Selector (Target: 10, Strict Mode)
2026-02-16 05:20:41 [INFO] 🌐 Загрузка источников...
2026-02-16 05:20:44 [INFO] 🔍 Уникальных конфигов собрано: 373
2026-02-16 05:20:44 [INFO] ⚡ ЭТАП 1: Быстрый замер Пинга (Workers: 25)...
2026-02-16 05:20:45 [INFO]    [PING OK] NL | 159ms
2026-02-16 05:20:45 [INFO]    [PING OK] DE | 226ms
2026-02-16 05:20:46 [INFO]    [PING OK] DE | 175ms
2026-02-16 05:20:46 [INFO]    [PING OK] BE | 274ms
2026-02-16 05:20:48 [INFO]    [PING OK] DE | 2611ms
2026-02-16 05:20:48 [INFO]    [PING OK] FR | 194ms
2026-02-16 05:20:50 [INFO]    [PING OK] LT | 108ms
2026-02-16 05:20:52 [INFO]    [PING OK] DE | 134ms
2026-02-16 05:20:54 [INFO]    [PING OK] FR | 419ms
2026-02-16 05:20:55 [INFO]    [PING OK] US | 1715ms
2026-02-16 05:20:55 [INFO]    [PING OK] ES | 773ms
2026-02-16 05:20:55 [INFO]    [PING OK] DE | 173ms
2026-02-16 05:20:55 [INFO]    [PING OK] US | 210ms
2026-02-16 05:20:56 [INFO]    [PING OK] SC | 436ms
2026-02-16 05:20:57 [INFO]    [PING OK] DE | 161ms
2026-02-16 05:20:57 [INFO]    [PING OK] GR | 104ms
2026-02-16 05:20:57 [INFO]    [PING OK] US | 186ms
2026-02-16 05:20:58 [INFO]    [PING OK] DE | 141ms
2026-02-16 05:21:00 [INFO]    [PING OK] FI | 151ms
2026-02-16 05:21:00 [INFO]    [PING OK] RU | 171ms
2026-02-16 05:21:00 [INFO]    [PING OK] RU | 222ms
2026-02-16 05:21:00 [INFO]    [PING OK] RU | 220ms
2026-02-16 05:21:00 [INFO]    [PING OK] RU | 237ms
2026-02-16 05:21:01 [INFO]    [PING OK] RU | 125ms
2026-02-16 05:21:01 [INFO]    [PING OK] RU | 137ms
2026-02-16 05:21:01 [INFO]    [PING OK] RU | 207ms
2026-02-16 05:21:02 [INFO]    [PING OK] RU | 1552ms
2026-02-16 05:21:02 [INFO]    [PING OK] RU | 622ms
2026-02-16 05:21:02 [INFO]    [PING OK] FI | 142ms
2026-02-16 05:21:02 [INFO]    [PING OK] RU | 187ms
2026-02-16 05:21:03 [INFO]    [PING OK] RU | 466ms
2026-02-16 05:21:03 [INFO]    [PING OK] RU | 132ms
2026-02-16 05:21:03 [INFO]    [PING OK] RU | 1668ms
2026-02-16 05:21:04 [INFO]    [PING OK] RU | 154ms
2026-02-16 05:21:04 [INFO]    [PING OK] RU | 380ms
2026-02-16 05:21:04 [INFO]    [PING OK] RU | 96ms
2026-02-16 05:21:05 [INFO]    [PING OK] RU | 112ms
2026-02-16 05:21:05 [INFO]    [PING OK] RU | 1193ms
2026-02-16 05:21:05 [INFO]    [PING OK] RU | 2175ms
2026-02-16 05:21:05 [INFO]    [PING OK] RU | 64ms
2026-02-16 05:21:06 [INFO]    [PING OK] HU | 4453ms
2026-02-16 05:21:06 [INFO]    [PING OK] RU | 110ms
2026-02-16 05:21:06 [INFO]    [PING OK] DE | 162ms
2026-02-16 05:21:06 [INFO]    [PING OK] RU | 1335ms
2026-02-16 05:21:06 [INFO]    [PING OK] PL | 182ms
2026-02-16 05:21:06 [INFO]    [PING OK] RU | 218ms
2026-02-16 05:21:06 [INFO]    [PING OK] RU | 97ms
2026-02-16 05:21:06 [INFO]    [PING OK] RU | 101ms
2026-02-16 05:21:07 [INFO]    [PING OK] RU | 303ms
2026-02-16 05:21:07 [INFO]    [PING OK] RU | 206ms
2026-02-16 05:21:07 [INFO]    [PING OK] RU | 294ms
2026-02-16 05:21:07 [INFO]    [PING OK] RU | 205ms
2026-02-16 05:21:07 [INFO]    [PING OK] PL | 148ms
2026-02-16 05:21:07 [INFO]    [PING OK] RU | 275ms
2026-02-16 05:21:07 [INFO]    [PING OK] FI | 221ms
2026-02-16 05:21:07 [INFO]    [PING OK] RU | 2518ms
2026-02-16 05:21:08 [INFO]    [PING OK] RU | 566ms
2026-02-16 05:21:08 [INFO]    [PING OK] RU | 4949ms
2026-02-16 05:21:08 [INFO]    [PING OK] RU | 226ms
2026-02-16 05:21:08 [INFO]    [PING OK] RU | 257ms
2026-02-16 05:21:08 [INFO]    [PING OK] RU | 3670ms
2026-02-16 05:21:08 [INFO]    [PING OK] GB | 198ms
2026-02-16 05:21:09 [INFO]    [PING OK] RU | 867ms
2026-02-16 05:21:09 [INFO]    [PING OK] RU | 1095ms
2026-02-16 05:21:09 [INFO]    [PING OK] FI | 168ms
2026-02-16 05:21:09 [INFO]    [PING OK] RU | 715ms
2026-02-16 05:21:09 [INFO]    [PING OK] RU | 1841ms
2026-02-16 05:21:09 [INFO]    [PING OK] RU | 380ms
2026-02-16 05:21:09 [INFO]    [PING OK] RU | 131ms
2026-02-16 05:21:10 [INFO]    [PING OK] FI | 162ms
2026-02-16 05:21:10 [INFO]    [PING OK] RU | 1735ms
2026-02-16 05:21:10 [INFO]    [PING OK] RU | 1005ms
2026-02-16 05:21:10 [INFO]    [PING OK] RU | 123ms
2026-02-16 05:21:10 [INFO]    [PING OK] RU | 146ms
2026-02-16 05:21:10 [INFO]    [PING OK] RU | 224ms
2026-02-16 05:21:10 [INFO]    [PING OK] RU | 204ms
2026-02-16 05:21:10 [INFO]    [PING OK] RU | 192ms
2026-02-16 05:21:10 [INFO]    [PING OK] DE | 2693ms
2026-02-16 05:21:10 [INFO]    [PING OK] RU | 221ms
2026-02-16 05:21:10 [INFO]    [PING OK] RU | 4644ms
2026-02-16 05:21:11 [INFO]    [PING OK] RU | 762ms
2026-02-16 05:21:11 [INFO]    [PING OK] RU | 66ms
2026-02-16 05:21:11 [INFO]    [PING OK] NL | 192ms
2026-02-16 05:21:11 [INFO]    [PING OK] RU | 273ms
2026-02-16 05:21:11 [INFO]    [PING OK] RU | 4237ms
2026-02-16 05:21:11 [INFO]    [PING OK] RU | 409ms
2026-02-16 05:21:11 [INFO]    [PING OK] RU | 243ms
2026-02-16 05:21:11 [INFO]    [PING OK] RU | 618ms
2026-02-16 05:21:11 [INFO]    [PING OK] RU | 354ms
2026-02-16 05:21:12 [INFO]    [PING OK] RU | 293ms
2026-02-16 05:21:12 [INFO]    [PING OK] RU | 394ms
2026-02-16 05:21:12 [INFO]    [PING OK] RU | 1668ms
2026-02-16 05:21:12 [INFO]    [PING OK] RU | 1180ms
2026-02-16 05:21:13 [INFO]    [PING OK] RU | 382ms
2026-02-16 05:21:13 [INFO]    [PING OK] NL | 1228ms
2026-02-16 05:21:13 [INFO]    [PING OK] RU | 1244ms
2026-02-16 05:21:14 [INFO]    [PING OK] RU | 2817ms
2026-02-16 05:21:14 [INFO]    [PING OK] LV | 429ms
2026-02-16 05:21:14 [INFO]    [PING OK] GB | 1248ms
2026-02-16 05:21:14 [INFO]    [PING OK] GB | 3298ms
2026-02-16 05:21:15 [INFO]    [PING OK] TR | 455ms
2026-02-16 05:21:15 [INFO]    [PING OK] PL | 133ms
2026-02-16 05:21:15 [INFO]    [PING OK] US | 462ms
2026-02-16 05:21:15 [INFO]    [PING OK] RU | 3996ms
2026-02-16 05:21:15 [INFO]    [PING OK] NL | 636ms
2026-02-16 05:21:16 [INFO]    [PING OK] FR | 732ms
2026-02-16 05:21:16 [INFO]    [PING OK] DE | 200ms
2026-02-16 05:21:16 [INFO]    [PING OK] TR | 498ms
2026-02-16 05:21:16 [INFO]    [PING OK] MD | 190ms
2026-02-16 05:21:16 [INFO]    [PING OK] DE | 218ms
2026-02-16 05:21:16 [INFO]    [PING OK] GB | 440ms
2026-02-16 05:21:17 [INFO]    [PING OK] RU | 4762ms
2026-02-16 05:21:17 [INFO]    [PING OK] SG | 226ms
2026-02-16 05:21:17 [INFO]    [PING OK] DE | 534ms
2026-02-16 05:21:17 [INFO]    [PING OK] DE | 1392ms
2026-02-16 05:21:17 [INFO]    [PING OK] LV | 185ms
2026-02-16 05:21:18 [INFO]    [PING OK] NL | 189ms
2026-02-16 05:21:18 [INFO]    [PING OK] TR | 427ms
2026-02-16 05:21:18 [INFO]    [PING OK] FI | 184ms
2026-02-16 05:21:19 [INFO]    [PING OK] NL | 126ms
2026-02-16 05:21:19 [INFO]    [PING OK] JP | 438ms
2026-02-16 05:21:20 [INFO]    [PING OK] CH | 196ms
2026-02-16 05:21:20 [INFO]    [PING OK] RU | 567ms
2026-02-16 05:21:20 [INFO]    [PING OK] GB | 547ms
2026-02-16 05:21:20 [INFO]    [PING OK] GB | 156ms
2026-02-16 05:21:20 [INFO]    [PING OK] NL | 212ms
2026-02-16 05:21:20 [INFO]    [PING OK] MD | 415ms
2026-02-16 05:21:20 [INFO]    [PING OK] DE | 235ms
2026-02-16 05:21:20 [INFO]    [PING OK] NL | 183ms
2026-02-16 05:21:21 [INFO]    [PING OK] NL | 208ms
2026-02-16 05:21:21 [INFO]    [PING OK] NL | 183ms
2026-02-16 05:21:21 [INFO]    [PING OK] DE | 128ms
2026-02-16 05:21:24 [INFO]    [PING OK] DE | 3104ms
2026-02-16 05:21:26 [INFO] 🏎️ ЭТАП 2: Глубокий замер скорости для ТОП-10 серверов...
2026-02-16 05:21:33 [INFO]    🏆 GR | Пинг: 104ms | Скорость: 11.4 Mbps ⚡⚡
2026-02-16 05:21:33 [INFO]    🏆 LT | Пинг: 108ms | Скорость: 11.12 Mbps ⚡⚡
2026-02-16 05:21:33 [INFO]    🏆 NL | Пинг: 126ms | Скорость: 1.86 Mbps ⚡
2026-02-16 05:21:33 [INFO]    🏆 DE | Пинг: 128ms | Скорость: 9.0 Mbps ⚡⚡
2026-02-16 05:21:33 [INFO]    🏆 PL | Пинг: 133ms | Скорость: 11.03 Mbps ⚡⚡
2026-02-16 05:21:33 [INFO]    🏆 DE | Пинг: 134ms | Скорость: 10.84 Mbps ⚡⚡
2026-02-16 05:21:33 [INFO]    🏆 DE | Пинг: 141ms | Скорость: 11.41 Mbps ⚡⚡
2026-02-16 05:21:33 [INFO]    🏆 FI | Пинг: 142ms | Скорость: 0.92 Mbps 
2026-02-16 05:21:33 [INFO]    🏆 PL | Пинг: 148ms | Скорость: 11.61 Mbps ⚡⚡
2026-02-16 05:21:33 [INFO]    🏆 RU | Пинг: 64ms | Скорость: 11.64 Mbps ⚡⚡
2026-02-16 05:21:33 [INFO] 🇷🇺 Добавлен RU сервер: 51.250.12.100
2026-02-16 05:21:33 [INFO] 📊 Итого в подписке сохранено: 10 серверов
2026-02-16 05:21:33 [INFO] 💾 Файл успешно сохранен: FL1PVPN
