2026-02-25 13:50:06 [INFO] 🚀 START: Smart Selector (Target: 10, ONLY FOREIGN)
2026-02-25 13:50:06 [INFO] 🌐 Загрузка источников (VLESS + VMess)...
2026-02-25 13:50:07 [INFO] 🔍 Уникальных конфигов собрано: 198
2026-02-25 13:50:07 [INFO] ⚡ ЭТАП 1: Замер Пинга и Геолокации. Workers: 40...
2026-02-25 13:50:13 [INFO]    [PING OK] US | VLESS | 4875ms
2026-02-25 13:50:13 [INFO]    [PING OK] US | VLESS | 4929ms
2026-02-25 13:50:13 [INFO]    [PING OK] DE | VLESS | 4656ms
2026-02-25 13:50:13 [INFO]    [PING OK] NL | VLESS | 4963ms
2026-02-25 13:50:13 [INFO]    [PING OK] FI | VLESS | 3992ms
2026-02-25 13:50:13 [INFO]    [PING OK] FI | VLESS | 4381ms
2026-02-25 13:50:13 [INFO]    [PING OK] NL | VLESS | 5319ms
2026-02-25 13:50:13 [INFO]    [PING OK] DE | VLESS | 3748ms
2026-02-25 13:50:15 [INFO]    [PING OK] NL | VLESS | 7420ms
2026-02-25 13:50:15 [INFO]    [PING OK] NL | VLESS | 7449ms
2026-02-25 13:50:16 [INFO]    [PING OK] NL | VLESS | 4345ms
2026-02-25 13:50:16 [INFO]    [PING OK] NL | VLESS | 2844ms
2026-02-25 13:50:16 [INFO]    [PING OK] NL | VLESS | 2890ms
2026-02-25 13:50:16 [INFO]    [PING OK] DE | VLESS | 2899ms
2026-02-25 13:50:17 [INFO]    [PING OK] DE | VLESS | 4584ms
2026-02-25 13:50:17 [INFO]    [PING OK] NL | VLESS | 2946ms
2026-02-25 13:50:17 [INFO]    [PING OK] DE | VLESS | 3098ms
2026-02-25 13:50:17 [INFO]    [PING OK] DE | VLESS | 7992ms
2026-02-25 13:50:17 [INFO]    [PING OK] DE | VLESS | 3086ms
2026-02-25 13:50:20 [INFO]    [PING OK] NL | VLESS | 4561ms
2026-02-25 13:50:23 [INFO]    [PING OK] DE | VLESS | 6449ms
2026-02-25 13:50:23 [INFO]    [PING OK] GB | VLESS | 5783ms
2026-02-25 13:50:23 [INFO]    [PING OK] DE | VLESS | 5720ms
2026-02-25 13:50:23 [INFO]    [PING OK] US | VLESS | 5663ms
2026-02-25 13:50:23 [INFO]    [PING OK] GB | VLESS | 5825ms
2026-02-25 13:50:23 [INFO]    [PING OK] US | VLESS | 5617ms
2026-02-25 13:50:23 [INFO]    [PING OK] DE | VLESS | 6391ms
2026-02-25 13:50:24 [INFO]    [PING OK] GB | VLESS | 4580ms
2026-02-25 13:50:25 [INFO]    [PING OK] TW | VLESS | 5099ms
2026-02-25 13:50:25 [INFO]    [PING OK] NL | VLESS | 4409ms
2026-02-25 13:50:25 [INFO]    [PING OK] US | VLESS | 4655ms
2026-02-25 13:50:26 [INFO]    [PING OK] TR | VLESS | 3925ms
2026-02-25 13:50:26 [INFO]    [PING OK] US | VLESS | 3477ms
2026-02-25 13:50:26 [INFO]    [PING OK] US | VLESS | 4243ms
2026-02-25 13:50:27 [INFO]    [PING OK] GB | VLESS | 3550ms
2026-02-25 13:50:27 [INFO]    [PING OK] US | VLESS | 5362ms
2026-02-25 13:50:27 [INFO]    [PING OK] NL | VLESS | 3609ms
2026-02-25 13:50:27 [INFO]    [PING OK] US | VLESS | 3208ms
2026-02-25 13:50:27 [INFO]    [PING OK] US | VLESS | 5631ms
2026-02-25 13:50:27 [INFO]    [PING OK] LT | VLESS | 2836ms
2026-02-25 13:50:27 [INFO]    [PING OK] DE | VLESS | 10181ms
2026-02-25 13:50:27 [INFO]    [PING OK] US | VLESS | 3490ms
2026-02-25 13:50:30 [INFO]    [PING OK] US | VLESS | 5289ms
2026-02-25 13:50:30 [INFO]    [PING OK] US | VLESS | 3259ms
2026-02-25 13:50:34 [INFO] 🏎️ ЭТАП 2: Глубокий замер скорости для 40 иностранных кандидатов...
2026-02-25 13:50:38 [INFO]    🏆 LT | VLESS | Пинг: 2836ms | Скорость: 6.58 Mbps ⚡⚡
2026-02-25 13:50:38 [INFO]    🏆 DE | VLESS | Пинг: 3098ms | Скорость: 6.82 Mbps ⚡⚡
2026-02-25 13:50:38 [INFO]    🏆 DE | VLESS | Пинг: 2899ms | Скорость: 6.52 Mbps ⚡⚡
2026-02-25 13:50:38 [INFO]    🏆 NL | VLESS | Пинг: 2844ms | Скорость: 5.96 Mbps ⚡⚡
2026-02-25 13:50:38 [INFO]    🏆 NL | VLESS | Пинг: 3609ms | Скорость: 6.06 Mbps ⚡⚡
2026-02-25 13:50:38 [INFO]    🏆 US | VLESS | Пинг: 3208ms | Скорость: 5.86 Mbps ⚡⚡
2026-02-25 13:50:38 [INFO]    🏆 NL | VLESS | Пинг: 2890ms | Скорость: 5.64 Mbps ⚡⚡
2026-02-25 13:50:38 [INFO]    🏆 TR | VLESS | Пинг: 3925ms | Скорость: 6.12 Mbps ⚡⚡
2026-02-25 13:50:40 [INFO]    🏆 GB | VLESS | Пинг: 3550ms | Скорость: 3.62 Mbps ⚡⚡
2026-02-25 13:50:41 [INFO]    🏆 NL | VLESS | Пинг: 2946ms | Скорость: 2.99 Mbps ⚡
2026-02-25 13:50:41 [INFO]    🏆 US | VLESS | Пинг: 3490ms | Скорость: 1.78 Mbps ⚡
2026-02-25 13:50:41 [INFO]    🏆 US | VLESS | Пинг: 3259ms | Скорость: 2.44 Mbps ⚡
2026-02-25 13:50:41 [INFO]    🏆 NL | VLESS | Пинг: 4345ms | Скорость: 7.79 Mbps ⚡⚡
2026-02-25 13:50:41 [INFO]    🏆 NL | VLESS | Пинг: 4409ms | Скорость: 8.93 Mbps ⚡⚡
2026-02-25 13:50:43 [INFO]    🏆 US | VLESS | Пинг: 4655ms | Скорость: 5.28 Mbps ⚡⚡
2026-02-25 13:50:43 [INFO]    🏆 NL | VLESS | Пинг: 4561ms | Скорость: 4.43 Mbps ⚡⚡
2026-02-25 13:50:43 [INFO]    🏆 DE | VLESS | Пинг: 4656ms | Скорость: 4.88 Mbps ⚡⚡
2026-02-25 13:50:44 [INFO]    🏆 DE | VLESS | Пинг: 4584ms | Скорость: 4.15 Mbps ⚡⚡
2026-02-25 13:50:44 [INFO]    🏆 US | VLESS | Пинг: 4243ms | Скорость: 3.7 Mbps ⚡⚡
2026-02-25 13:50:45 [INFO]    🏆 FI | VLESS | Пинг: 4381ms | Скорость: 2.41 Mbps ⚡
2026-02-25 13:50:45 [INFO]    🏆 GB | VLESS | Пинг: 4580ms | Скорость: 3.1 Mbps ⚡⚡
2026-02-25 13:50:45 [INFO]    🏆 US | VLESS | Пинг: 5289ms | Скорость: 5.45 Mbps ⚡⚡
2026-02-25 13:50:45 [INFO]    🏆 US | VLESS | Пинг: 5617ms | Скорость: 7.87 Mbps ⚡⚡
2026-02-25 13:50:46 [INFO]    🏆 DE | VLESS | Пинг: 5720ms | Скорость: 11.29 Mbps ⚡⚡
2026-02-25 13:50:46 [INFO]    🏆 NL | VLESS | Пинг: 4963ms | Скорость: 4.46 Mbps ⚡⚡
2026-02-25 13:50:47 [INFO]    🏆 TW | VLESS | Пинг: 5099ms | Скорость: 3.61 Mbps ⚡⚡
2026-02-25 13:50:49 [INFO]    🏆 US | VLESS | Пинг: 5663ms | Скорость: 4.39 Mbps ⚡⚡
2026-02-25 13:50:49 [INFO]    🏆 GB | VLESS | Пинг: 5825ms | Скорость: 3.8 Mbps ⚡⚡
2026-02-25 13:50:50 [INFO]    🏆 GB | VLESS | Пинг: 5783ms | Скорость: 3.71 Mbps ⚡⚡
2026-02-25 13:50:51 [INFO]    🏆 DE | VLESS | Пинг: 6391ms | Скорость: 2.61 Mbps ⚡
2026-02-25 13:50:51 [INFO] 📊 Итого в подписке сохранено иностранных серверов: 10
2026-02-25 13:50:51 [INFO] 💾 Файл успешно сохранен: FL1PVPN
