2026-02-19 21:10:06 [INFO] 🚀 START: Smart VPN Selector (Target: 10, Strict Mode)
2026-02-19 21:10:06 [INFO] 🌐 Загрузка источников...
2026-02-19 21:10:10 [INFO] 🔍 Уникальных конфигов собрано: 1217
2026-02-19 21:10:10 [INFO] ⚡ ЭТАП 1: Быстрый замер Пинга (Workers: 25)...
2026-02-19 21:10:13 [INFO]    [PING OK] DE | 1965ms
2026-02-19 21:10:13 [INFO]    [PING OK] US | 2462ms
2026-02-19 21:10:14 [INFO]    [PING OK] DE | 155ms
2026-02-19 21:10:15 [INFO]    [PING OK] RU | 159ms
2026-02-19 21:10:15 [INFO]    [PING OK] RU | 3583ms
2026-02-19 21:10:16 [INFO]    [PING OK] RU | 167ms
2026-02-19 21:10:17 [INFO]    [PING OK] DE | 200ms
2026-02-19 21:10:19 [INFO]    [PING OK] RU | 146ms
2026-02-19 21:10:20 [INFO]    [PING OK] DE | 4080ms
2026-02-19 21:10:21 [INFO]    [PING OK] NO | 387ms
2026-02-19 21:10:22 [INFO]    [PING OK] LV | 188ms
2026-02-19 21:10:23 [INFO]    [PING OK] DE | 207ms
2026-02-19 21:10:23 [INFO]    [PING OK] FR | 960ms
2026-02-19 21:10:23 [INFO]    [PING OK] RU | 204ms
2026-02-19 21:10:24 [INFO]    [PING OK] RU | 236ms
2026-02-19 21:10:24 [INFO]    [PING OK] DE | 179ms
2026-02-19 21:10:26 [INFO]    [PING OK] RU | 196ms
2026-02-19 21:10:27 [INFO]    [PING OK] RU | 413ms
2026-02-19 21:10:27 [INFO]    [PING OK] RU | 217ms
2026-02-19 21:10:27 [INFO]    [PING OK] RU | 397ms
2026-02-19 21:10:27 [INFO]    [PING OK] RU | 193ms
2026-02-19 21:10:27 [INFO]    [PING OK] RU | 603ms
2026-02-19 21:10:28 [INFO]    [PING OK] RU | 291ms
2026-02-19 21:10:28 [INFO]    [PING OK] RU | 218ms
2026-02-19 21:10:28 [INFO]    [PING OK] RU | 86ms
2026-02-19 21:10:28 [INFO]    [PING OK] RU | 224ms
2026-02-19 21:10:28 [INFO]    [PING OK] RU | 310ms
2026-02-19 21:10:28 [INFO]    [PING OK] RU | 671ms
2026-02-19 21:10:28 [INFO]    [PING OK] RU | 2822ms
2026-02-19 21:10:28 [INFO]    [PING OK] RU | 282ms
2026-02-19 21:10:29 [INFO]    [PING OK] RU | 234ms
2026-02-19 21:10:29 [INFO]    [PING OK] RU | 2660ms
2026-02-19 21:10:29 [INFO]    [PING OK] RU | 210ms
2026-02-19 21:10:29 [INFO]    [PING OK] RU | 224ms
2026-02-19 21:10:29 [INFO]    [PING OK] RU | 445ms
2026-02-19 21:10:29 [INFO]    [PING OK] RU | 191ms
2026-02-19 21:10:29 [INFO]    [PING OK] RU | 264ms
2026-02-19 21:10:29 [INFO]    [PING OK] RU | 512ms
2026-02-19 21:10:29 [INFO]    [PING OK] RU | 2005ms
2026-02-19 21:10:29 [INFO]    [PING OK] RU | 523ms
2026-02-19 21:10:29 [INFO]    [PING OK] RU | 311ms
2026-02-19 21:10:29 [INFO]    [PING OK] RU | 436ms
2026-02-19 21:10:29 [INFO]    [PING OK] RU | 224ms
2026-02-19 21:10:29 [INFO]    [PING OK] RU | 315ms
2026-02-19 21:10:30 [INFO]    [PING OK] RU | 463ms
2026-02-19 21:10:30 [INFO]    [PING OK] RU | 551ms
2026-02-19 21:10:30 [INFO]    [PING OK] RU | 245ms
2026-02-19 21:10:30 [INFO]    [PING OK] RU | 223ms
2026-02-19 21:10:30 [INFO]    [PING OK] RU | 382ms
2026-02-19 21:10:30 [INFO]    [PING OK] RU | 259ms
2026-02-19 21:10:30 [INFO]    [PING OK] RU | 1009ms
2026-02-19 21:10:30 [INFO]    [PING OK] RU | 398ms
2026-02-19 21:10:30 [INFO]    [PING OK] HU | 356ms
2026-02-19 21:10:30 [INFO]    [PING OK] RU | 338ms
2026-02-19 21:10:31 [INFO]    [PING OK] RU | 390ms
2026-02-19 21:10:31 [INFO]    [PING OK] RU | 544ms
2026-02-19 21:10:31 [INFO]    [PING OK] RU | 233ms
2026-02-19 21:10:31 [INFO]    [PING OK] RU | 969ms
2026-02-19 21:10:31 [INFO]    [PING OK] RU | 326ms
2026-02-19 21:10:32 [INFO]    [PING OK] RU | 863ms
2026-02-19 21:10:32 [INFO]    [PING OK] RU | 245ms
2026-02-19 21:10:32 [INFO]    [PING OK] RU | 444ms
2026-02-19 21:10:32 [INFO]    [PING OK] RU | 661ms
2026-02-19 21:10:32 [INFO]    [PING OK] RU | 277ms
2026-02-19 21:10:32 [INFO]    [PING OK] RU | 538ms
2026-02-19 21:10:32 [INFO]    [PING OK] RU | 129ms
2026-02-19 21:10:32 [INFO]    [PING OK] RU | 274ms
2026-02-19 21:10:32 [INFO]    [PING OK] RU | 164ms
2026-02-19 21:10:32 [INFO]    [PING OK] RU | 599ms
2026-02-19 21:10:32 [INFO]    [PING OK] RU | 268ms
2026-02-19 21:10:32 [INFO]    [PING OK] RU | 215ms
2026-02-19 21:10:32 [INFO]    [PING OK] RU | 225ms
2026-02-19 21:10:32 [INFO]    [PING OK] RU | 959ms
2026-02-19 21:10:32 [INFO]    [PING OK] RU | 935ms
2026-02-19 21:10:33 [INFO]    [PING OK] RU | 529ms
2026-02-19 21:10:33 [INFO]    [PING OK] IR | 168ms
2026-02-19 21:10:33 [INFO]    [PING OK] CY | 183ms
2026-02-19 21:10:33 [INFO]    [PING OK] FR | 370ms
2026-02-19 21:10:33 [INFO]    [PING OK] DE | 183ms
2026-02-19 21:10:34 [INFO]    [PING OK] AT | 251ms
2026-02-19 21:10:34 [INFO]    [PING OK] US | 399ms
2026-02-19 21:10:35 [INFO]    [PING OK] DE | 232ms
2026-02-19 21:10:35 [INFO]    [PING OK] GB | 159ms
2026-02-19 21:10:35 [INFO]    [PING OK] RU | 3301ms
2026-02-19 21:10:35 [INFO]    [PING OK] JP | 410ms
2026-02-19 21:10:35 [INFO]    [PING OK] GB | 535ms
2026-02-19 21:10:35 [INFO]    [PING OK] BG | 131ms
2026-02-19 21:10:35 [INFO]    [PING OK] US | 650ms
2026-02-19 21:10:35 [INFO]    [PING OK] TR | 188ms
2026-02-19 21:10:35 [INFO]    [PING OK] DE | 435ms
2026-02-19 21:10:36 [INFO]    [PING OK] RU | 4119ms
2026-02-19 21:10:36 [INFO]    [PING OK] RU | 4131ms
2026-02-19 21:10:36 [INFO]    [PING OK] DE | 226ms
2026-02-19 21:10:36 [INFO]    [PING OK] FI | 130ms
2026-02-19 21:10:36 [INFO]    [PING OK] GB | 149ms
2026-02-19 21:10:37 [INFO]    [PING OK] IT | 564ms
2026-02-19 21:10:37 [INFO]    [PING OK] MD | 154ms
2026-02-19 21:10:37 [INFO]    [PING OK] US | 404ms
2026-02-19 21:10:37 [INFO]    [PING OK] IL | 225ms
2026-02-19 21:10:38 [INFO]    [PING OK] US | 438ms
2026-02-19 21:10:38 [INFO]    [PING OK] DE | 343ms
2026-02-19 21:10:38 [INFO]    [PING OK] US | 388ms
2026-02-19 21:10:38 [INFO]    [PING OK] US | 1200ms
2026-02-19 21:10:38 [INFO]    [PING OK] SG | 672ms
2026-02-19 21:10:39 [INFO]    [PING OK] US | 324ms
2026-02-19 21:10:39 [INFO]    [PING OK] US | 412ms
2026-02-19 21:10:39 [INFO]    [PING OK] IQ | 386ms
2026-02-19 21:10:39 [INFO]    [PING OK] US | 398ms
2026-02-19 21:10:39 [INFO]    [PING OK] CY | 409ms
2026-02-19 21:10:39 [INFO]    [PING OK] GB | 138ms
2026-02-19 21:10:40 [INFO]    [PING OK] PL | 182ms
2026-02-19 21:10:40 [INFO]    [PING OK] KH | 599ms
2026-02-19 21:10:40 [INFO]    [PING OK] MX | 345ms
2026-02-19 21:10:40 [INFO]    [PING OK] TR | 523ms
2026-02-19 21:10:41 [INFO]    [PING OK] SG | 906ms
2026-02-19 21:10:41 [INFO]    [PING OK] US | 648ms
2026-02-19 21:10:41 [INFO]    [PING OK] AU | 584ms
2026-02-19 21:10:41 [INFO]    [PING OK] HK | 992ms
2026-02-19 21:10:41 [INFO]    [PING OK] DE | 205ms
2026-02-19 21:10:42 [INFO]    [PING OK] GB | 188ms
2026-02-19 21:10:42 [INFO]    [PING OK] LU | 269ms
2026-02-19 21:10:42 [INFO]    [PING OK] GB | 594ms
2026-02-19 21:10:42 [INFO]    [PING OK] TR | 260ms
2026-02-19 21:10:43 [INFO]    [PING OK] CA | 327ms
2026-02-19 21:10:43 [INFO]    [PING OK] SG | 427ms
2026-02-19 21:10:43 [INFO]    [PING OK] MD | 3235ms
2026-02-19 21:10:43 [INFO]    [PING OK] HK | 1223ms
2026-02-19 21:10:43 [INFO]    [PING OK] GR | 189ms
2026-02-19 21:10:43 [INFO]    [PING OK] DE | 97ms
2026-02-19 21:10:43 [INFO]    [PING OK] RU | 48ms
2026-02-19 21:10:43 [INFO]    [PING OK] GB | 147ms
2026-02-19 21:10:43 [INFO]    [PING OK] GB | 2145ms
2026-02-19 21:10:44 [INFO]    [PING OK] US | 527ms
2026-02-19 21:10:44 [INFO]    [PING OK] US | 460ms
2026-02-19 21:10:44 [INFO]    [PING OK] US | 627ms
2026-02-19 21:10:44 [INFO]    [PING OK] UZ | 472ms
2026-02-19 21:10:44 [INFO]    [PING OK] FR | 138ms
2026-02-19 21:10:44 [INFO]    [PING OK] US | 560ms
2026-02-19 21:10:44 [INFO]    [PING OK] LV | 418ms
2026-02-19 21:10:44 [INFO]    [PING OK] NL | 223ms
2026-02-19 21:10:45 [INFO]    [PING OK] US | 626ms
2026-02-19 21:10:45 [INFO]    [PING OK] PL | 148ms
2026-02-19 21:10:45 [INFO]    [PING OK] US | 488ms
2026-02-19 21:10:45 [INFO]    [PING OK] US | 1001ms
2026-02-19 21:10:53 [INFO]    [PING OK] US | 254ms
2026-02-19 21:10:56 [INFO]    [PING OK] GB | 201ms
2026-02-19 21:10:56 [INFO]    [PING OK] GB | 628ms
2026-02-19 21:10:57 [INFO]    [PING OK] SG | 3839ms
2026-02-19 21:10:57 [INFO]    [PING OK] DE | 400ms
2026-02-19 21:11:03 [INFO]    [PING OK] FR | 140ms
2026-02-19 21:11:06 [INFO]    [PING OK] GB | 168ms
2026-02-19 21:11:14 [INFO]    [PING OK] FR | 147ms
2026-02-19 21:11:14 [INFO]    [PING OK] SG | 4448ms
2026-02-19 21:11:19 [INFO]    [PING OK] DE | 132ms
2026-02-19 21:11:19 [INFO]    [PING OK] SG | 594ms
2026-02-19 21:11:21 [INFO]    [PING OK] GB | 144ms
2026-02-19 21:11:21 [INFO]    [PING OK] GB | 1049ms
2026-02-19 21:11:21 [INFO]    [PING OK] FI | 268ms
2026-02-19 21:11:21 [INFO]    [PING OK] GB | 868ms
2026-02-19 21:11:22 [INFO]    [PING OK] GB | 128ms
2026-02-19 21:11:22 [INFO]    [PING OK] GB | 198ms
2026-02-19 21:11:22 [INFO]    [PING OK] RU | 2007ms
2026-02-19 21:11:24 [INFO]    [PING OK] GB | 176ms
2026-02-19 21:11:24 [INFO]    [PING OK] GB | 430ms
2026-02-19 21:11:24 [INFO]    [PING OK] GB | 159ms
2026-02-19 21:11:24 [INFO]    [PING OK] GB | 184ms
2026-02-19 21:11:26 [INFO]    [PING OK] SG | 737ms
2026-02-19 21:11:26 [INFO]    [PING OK] RU | 390ms
2026-02-19 21:11:26 [INFO]    [PING OK] GB | 127ms
2026-02-19 21:11:26 [INFO]    [PING OK] RU | 243ms
2026-02-19 21:11:26 [INFO]    [PING OK] SE | 124ms
2026-02-19 21:11:26 [INFO]    [PING OK] RU | 183ms
2026-02-19 21:11:27 [INFO]    [PING OK] HK | 1380ms
2026-02-19 21:11:27 [INFO]    [PING OK] GB | 141ms
2026-02-19 21:11:27 [INFO]    [PING OK] RU | 153ms
2026-02-19 21:11:28 [INFO]    [PING OK] NO | 1384ms
2026-02-19 21:11:28 [INFO]    [PING OK] RU | 830ms
2026-02-19 21:11:28 [INFO]    [PING OK] GB | 221ms
2026-02-19 21:11:28 [INFO]    [PING OK] NL | 367ms
2026-02-19 21:11:29 [INFO]    [PING OK] GB | 542ms
2026-02-19 21:11:30 [INFO]    [PING OK] RU | 90ms
2026-02-19 21:11:30 [INFO]    [PING OK] GB | 145ms
2026-02-19 21:11:34 [INFO]    [PING OK] RU | 191ms
2026-02-19 21:11:34 [INFO]    [PING OK] TR | 302ms
2026-02-19 21:11:36 [INFO]    [PING OK] RU | 280ms
2026-02-19 21:11:36 [INFO]    [PING OK] ES | 1125ms
2026-02-19 21:11:37 [INFO]    [PING OK] RU | 680ms
2026-02-19 21:11:37 [INFO]    [PING OK] DE | 1636ms
2026-02-19 21:11:38 [INFO]    [PING OK] US | 573ms
2026-02-19 21:11:38 [INFO]    [PING OK] DE | 620ms
2026-02-19 21:11:38 [INFO]    [PING OK] RU | 4729ms
2026-02-19 21:11:39 [INFO]    [PING OK] FR | 3992ms
2026-02-19 21:11:39 [INFO]    [PING OK] DE | 851ms
2026-02-19 21:11:40 [INFO]    [PING OK] TW | 1676ms
2026-02-19 21:11:42 [INFO]    [PING OK] RU | 829ms
2026-02-19 21:11:42 [INFO]    [PING OK] GB | 135ms
2026-02-19 21:11:43 [INFO]    [PING OK] RU | 482ms
2026-02-19 21:11:44 [INFO]    [PING OK] RU | 259ms
2026-02-19 21:11:45 [INFO]    [PING OK] RU | 828ms
2026-02-19 21:11:46 [INFO]    [PING OK] SC | 3756ms
2026-02-19 21:11:46 [INFO]    [PING OK] RU | 2339ms
2026-02-19 21:11:47 [INFO]    [PING OK] JP | 923ms
2026-02-19 21:11:53 [INFO] 🏎️ ЭТАП 2: Глубокий замер скорости для ТОП-10 серверов...
2026-02-19 21:12:00 [INFO]    🏆 DE | Пинг: 97ms | Скорость: 1.5 Mbps ⚡
2026-02-19 21:12:00 [INFO]    🏆 SE | Пинг: 124ms | Скорость: 0.0 Mbps 
2026-02-19 21:12:00 [INFO]    🏆 GB | Пинг: 127ms | Скорость: 11.05 Mbps ⚡⚡
2026-02-19 21:12:00 [INFO]    🏆 GB | Пинг: 128ms | Скорость: 10.57 Mbps ⚡⚡
2026-02-19 21:12:00 [INFO]    🏆 FI | Пинг: 130ms | Скорость: 11.71 Mbps ⚡⚡
2026-02-19 21:12:00 [INFO]    🏆 BG | Пинг: 131ms | Скорость: 1.16 Mbps 
2026-02-19 21:12:00 [INFO]    🏆 DE | Пинг: 132ms | Скорость: 7.52 Mbps ⚡⚡
2026-02-19 21:12:00 [INFO]    🏆 GB | Пинг: 135ms | Скорость: 10.86 Mbps ⚡⚡
2026-02-19 21:12:00 [INFO]    🏆 GB | Пинг: 138ms | Скорость: 10.84 Mbps ⚡⚡
2026-02-19 21:12:00 [INFO]    🏆 RU | Пинг: 48ms | Скорость: 12.58 Mbps ⚡⚡
2026-02-19 21:12:00 [INFO] 🇷🇺 Добавлен RU сервер: 212.192.14.234
2026-02-19 21:12:00 [INFO] 📊 Итого в подписке сохранено: 10 серверов
2026-02-19 21:12:00 [INFO] 💾 Файл успешно сохранен: FL1PVPN
