2026-02-15 01:42:20 [INFO] 🚀 START: Smart VLESS Selector (Target: 10, Strict Mode)
2026-02-15 01:42:20 [INFO] 🌐 Загрузка источников...
2026-02-15 01:42:22 [INFO] 🔍 Уникальных конфигов собрано: 329
2026-02-15 01:42:22 [INFO] ⚡ ЭТАП 1: Быстрый замер Пинга (Workers: 25)...
2026-02-15 01:42:23 [INFO]    [PING OK] DE | 162ms
2026-02-15 01:42:23 [INFO]    [PING OK] NL | 294ms
2026-02-15 01:42:23 [INFO]    [PING OK] RU | 90ms
2026-02-15 01:42:23 [INFO]    [PING OK] DE | 231ms
2026-02-15 01:42:24 [INFO]    [PING OK] NL | 175ms
2026-02-15 01:42:25 [INFO]    [PING OK] NL | 176ms
2026-02-15 01:42:29 [INFO]    [PING OK] CH | 177ms
2026-02-15 01:42:30 [INFO]    [PING OK] AE | 940ms
2026-02-15 01:42:30 [INFO]    [PING OK] DE | 215ms
2026-02-15 01:42:32 [INFO]    [PING OK] LT | 142ms
2026-02-15 01:42:32 [INFO]    [PING OK] NL | 218ms
2026-02-15 01:42:33 [INFO]    [PING OK] DE | 181ms
2026-02-15 01:42:34 [INFO]    [PING OK] NL | 142ms
2026-02-15 01:42:34 [INFO]    [PING OK] DE | 143ms
2026-02-15 01:42:36 [INFO]    [PING OK] DE | 181ms
2026-02-15 01:42:36 [INFO]    [PING OK] NL | 185ms
2026-02-15 01:42:37 [INFO]    [PING OK] FI | 169ms
2026-02-15 01:42:38 [INFO]    [PING OK] RU | 241ms
2026-02-15 01:42:38 [INFO]    [PING OK] RU | 175ms
2026-02-15 01:42:38 [INFO]    [PING OK] RU | 332ms
2026-02-15 01:42:38 [INFO]    [PING OK] RU | 212ms
2026-02-15 01:42:38 [INFO]    [PING OK] RU | 237ms
2026-02-15 01:42:38 [INFO]    [PING OK] RU | 421ms
2026-02-15 01:42:39 [INFO]    [PING OK] RU | 235ms
2026-02-15 01:42:39 [INFO]    [PING OK] RU | 100ms
2026-02-15 01:42:39 [INFO]    [PING OK] RU | 203ms
2026-02-15 01:42:39 [INFO]    [PING OK] RU | 225ms
2026-02-15 01:42:39 [INFO]    [PING OK] RU | 808ms
2026-02-15 01:42:39 [INFO]    [PING OK] RU | 87ms
2026-02-15 01:42:39 [INFO]    [PING OK] RU | 91ms
2026-02-15 01:42:39 [INFO]    [PING OK] RU | 277ms
2026-02-15 01:42:39 [INFO]    [PING OK] RU | 219ms
2026-02-15 01:42:40 [INFO]    [PING OK] RU | 131ms
2026-02-15 01:42:40 [INFO]    [PING OK] RU | 202ms
2026-02-15 01:42:40 [INFO]    [PING OK] RU | 188ms
2026-02-15 01:42:40 [INFO]    [PING OK] RU | 260ms
2026-02-15 01:42:40 [INFO]    [PING OK] RU | 238ms
2026-02-15 01:42:40 [INFO]    [PING OK] RU | 274ms
2026-02-15 01:42:40 [INFO]    [PING OK] RU | 77ms
2026-02-15 01:42:40 [INFO]    [PING OK] RU | 192ms
2026-02-15 01:42:40 [INFO]    [PING OK] HU | 320ms
2026-02-15 01:42:40 [INFO]    [PING OK] RU | 71ms
2026-02-15 01:42:40 [INFO]    [PING OK] RU | 214ms
2026-02-15 01:42:40 [INFO]    [PING OK] PL | 187ms
2026-02-15 01:42:40 [INFO]    [PING OK] RU | 211ms
2026-02-15 01:42:40 [INFO]    [PING OK] RU | 187ms
2026-02-15 01:42:40 [INFO]    [PING OK] RU | 998ms
2026-02-15 01:42:41 [INFO]    [PING OK] RU | 103ms
2026-02-15 01:42:41 [INFO]    [PING OK] RU | 226ms
2026-02-15 01:42:41 [INFO]    [PING OK] RU | 70ms
2026-02-15 01:42:41 [INFO]    [PING OK] RU | 382ms
2026-02-15 01:42:41 [INFO]    [PING OK] RU | 209ms
2026-02-15 01:42:41 [INFO]    [PING OK] RU | 2137ms
2026-02-15 01:42:41 [INFO]    [PING OK] RU | 164ms
2026-02-15 01:42:41 [INFO]    [PING OK] RU | 332ms
2026-02-15 01:42:41 [INFO]    [PING OK] HU | 309ms
2026-02-15 01:42:41 [INFO]    [PING OK] RU | 197ms
2026-02-15 01:42:41 [INFO]    [PING OK] RU | 192ms
2026-02-15 01:42:41 [INFO]    [PING OK] RU | 102ms
2026-02-15 01:42:42 [INFO]    [PING OK] RU | 84ms
2026-02-15 01:42:42 [INFO]    [PING OK] RU | 195ms
2026-02-15 01:42:42 [INFO]    [PING OK] RU | 79ms
2026-02-15 01:42:42 [INFO]    [PING OK] RU | 67ms
2026-02-15 01:42:42 [INFO]    [PING OK] RU | 144ms
2026-02-15 01:42:42 [INFO]    [PING OK] RU | 1381ms
2026-02-15 01:42:42 [INFO]    [PING OK] RU | 224ms
2026-02-15 01:42:42 [INFO]    [PING OK] RU | 219ms
2026-02-15 01:42:42 [INFO]    [PING OK] RU | 52ms
2026-02-15 01:42:42 [INFO]    [PING OK] RU | 231ms
2026-02-15 01:42:42 [INFO]    [PING OK] RU | 234ms
2026-02-15 01:42:42 [INFO]    [PING OK] RU | 51ms
2026-02-15 01:42:42 [INFO]    [PING OK] RU | 64ms
2026-02-15 01:42:42 [INFO]    [PING OK] RU | 178ms
2026-02-15 01:42:42 [INFO]    [PING OK] HU | 322ms
2026-02-15 01:42:42 [INFO]    [PING OK] RU | 177ms
2026-02-15 01:42:42 [INFO]    [PING OK] RU | 159ms
2026-02-15 01:42:42 [INFO]    [PING OK] RU | 278ms
2026-02-15 01:42:43 [INFO]    [PING OK] RU | 79ms
2026-02-15 01:42:43 [INFO]    [PING OK] RU | 262ms
2026-02-15 01:42:43 [INFO]    [PING OK] RU | 53ms
2026-02-15 01:42:43 [INFO]    [PING OK] RU | 201ms
2026-02-15 01:42:43 [INFO]    [PING OK] RU | 170ms
2026-02-15 01:42:43 [INFO]    [PING OK] RU | 218ms
2026-02-15 01:42:43 [INFO]    [PING OK] RU | 84ms
2026-02-15 01:42:43 [INFO]    [PING OK] GB | 266ms
2026-02-15 01:42:43 [INFO]    [PING OK] RU | 135ms
2026-02-15 01:42:43 [INFO]    [PING OK] RU | 189ms
2026-02-15 01:42:43 [INFO]    [PING OK] RU | 190ms
2026-02-15 01:42:43 [INFO]    [PING OK] FI | 139ms
2026-02-15 01:42:43 [INFO]    [PING OK] PL | 167ms
2026-02-15 01:42:43 [INFO]    [PING OK] RU | 214ms
2026-02-15 01:42:43 [INFO]    [PING OK] RU | 297ms
2026-02-15 01:42:44 [INFO]    [PING OK] RU | 205ms
2026-02-15 01:42:44 [INFO]    [PING OK] FI | 145ms
2026-02-15 01:42:44 [INFO]    [PING OK] RU | 158ms
2026-02-15 01:42:44 [INFO]    [PING OK] RU | 403ms
2026-02-15 01:42:44 [INFO]    [PING OK] GB | 261ms
2026-02-15 01:42:44 [INFO]    [PING OK] RU | 205ms
2026-02-15 01:42:44 [INFO]    [PING OK] RU | 147ms
2026-02-15 01:42:44 [INFO]    [PING OK] RU | 50ms
2026-02-15 01:42:44 [INFO]    [PING OK] RU | 225ms
2026-02-15 01:42:44 [INFO]    [PING OK] RU | 309ms
2026-02-15 01:42:44 [INFO]    [PING OK] RU | 254ms
2026-02-15 01:42:44 [INFO]    [PING OK] NL | 198ms
2026-02-15 01:42:44 [INFO]    [PING OK] RU | 279ms
2026-02-15 01:42:44 [INFO]    [PING OK] RU | 265ms
2026-02-15 01:42:45 [INFO]    [PING OK] RU | 282ms
2026-02-15 01:42:45 [INFO]    [PING OK] GB | 289ms
2026-02-15 01:42:45 [INFO]    [PING OK] RU | 466ms
2026-02-15 01:42:45 [INFO]    [PING OK] SG | 553ms
2026-02-15 01:42:45 [INFO]    [PING OK] NL | 117ms
2026-02-15 01:42:46 [INFO]    [PING OK] DE | 168ms
2026-02-15 01:42:46 [INFO]    [PING OK] NL | 201ms
2026-02-15 01:42:47 [INFO]    [PING OK] RU | 529ms
2026-02-15 01:42:47 [INFO]    [PING OK] IQ | 189ms
2026-02-15 01:42:47 [INFO]    [PING OK] FI | 211ms
2026-02-15 01:42:47 [INFO]    [PING OK] TR | 437ms
2026-02-15 01:42:47 [INFO]    [PING OK] DE | 139ms
2026-02-15 01:42:47 [INFO]    [PING OK] AE | 1173ms
2026-02-15 01:42:48 [INFO]    [PING OK] DE | 504ms
2026-02-15 01:42:48 [INFO]    [PING OK] MY | 914ms
2026-02-15 01:42:48 [INFO]    [PING OK] DE | 232ms
2026-02-15 01:42:48 [INFO]    [PING OK] MD | 214ms
2026-02-15 01:42:49 [INFO]    [PING OK] RU | 198ms
2026-02-15 01:42:49 [INFO]    [PING OK] NL | 167ms
2026-02-15 01:42:49 [INFO]    [PING OK] GB | 548ms
2026-02-15 01:42:50 [INFO]    [PING OK] LV | 318ms
2026-02-15 01:42:50 [INFO]    [PING OK] SC | 1069ms
2026-02-15 01:42:50 [INFO]    [PING OK] NL | 193ms
2026-02-15 01:42:50 [INFO]    [PING OK] DE | 209ms
2026-02-15 01:42:51 [INFO]    [PING OK] FI | 198ms
2026-02-15 01:42:51 [INFO]    [PING OK] DE | 489ms
2026-02-15 01:42:51 [INFO]    [PING OK] GB | 528ms
2026-02-15 01:42:51 [INFO]    [PING OK] CY | 803ms
2026-02-15 01:42:59 [INFO] 🏎️ ЭТАП 2: Глубокий замер скорости для ТОП-10 серверов...
2026-02-15 01:43:02 [INFO]    🏆 NL | Пинг: 117ms | Скорость: 8.91 Mbps ⚡⚡
2026-02-15 01:43:02 [INFO]    🏆 FI | Пинг: 139ms | Скорость: 8.89 Mbps ⚡⚡
2026-02-15 01:43:02 [INFO]    🏆 DE | Пинг: 139ms | Скорость: 8.91 Mbps ⚡⚡
2026-02-15 01:43:02 [INFO]    🏆 LT | Пинг: 142ms | Скорость: 8.97 Mbps ⚡⚡
2026-02-15 01:43:02 [INFO]    🏆 NL | Пинг: 142ms | Скорость: 9.1 Mbps ⚡⚡
2026-02-15 01:43:02 [INFO]    🏆 DE | Пинг: 143ms | Скорость: 9.06 Mbps ⚡⚡
2026-02-15 01:43:02 [INFO]    🏆 FI | Пинг: 145ms | Скорость: 8.93 Mbps ⚡⚡
2026-02-15 01:43:02 [INFO]    🏆 DE | Пинг: 162ms | Скорость: 9.48 Mbps ⚡⚡
2026-02-15 01:43:03 [INFO]    🏆 PL | Пинг: 167ms | Скорость: 9.34 Mbps ⚡⚡
2026-02-15 01:43:03 [INFO]    🏆 RU | Пинг: 50ms | Скорость: 9.24 Mbps ⚡⚡
2026-02-15 01:43:03 [INFO] 🇷🇺 Добавлен RU сервер: 85.192.32.30
2026-02-15 01:43:03 [INFO] 📊 Итого в подписке сохранено: 10 серверов
2026-02-15 01:43:03 [INFO] 💾 Файл успешно сохранен: FL1PVPN
