2026-02-23 17:40:06 [INFO] 🚀 START: Smart Selector (Target: 10, ONLY FOREIGN)
2026-02-23 17:40:06 [INFO] 🌐 Загрузка источников (VLESS + VMess)...
2026-02-23 17:40:08 [INFO] 🔍 Уникальных конфигов собрано: 175
2026-02-23 17:40:08 [INFO] ⚡ ЭТАП 1: Замер Пинга и Геолокации. Workers: 40...
2026-02-23 17:40:14 [INFO]    [PING OK] HU | VLESS | 4820ms
2026-02-23 17:40:14 [INFO]    [PING OK] PL | VLESS | 4945ms
2026-02-23 17:40:14 [INFO]    [PING OK] PL | VLESS | 5259ms
2026-02-23 17:40:14 [INFO]    [PING OK] HU | VLESS | 4706ms
2026-02-23 17:40:14 [INFO]    [PING OK] TR | VLESS | 4846ms
2026-02-23 17:40:15 [INFO]    [PING OK] ES | VLESS | 4601ms
2026-02-23 17:40:15 [INFO]    [PING OK] ES | VLESS | 5175ms
2026-02-23 17:40:15 [INFO]    [PING OK] HU | VLESS | 4688ms
2026-02-23 17:40:15 [INFO]    [PING OK] IT | VLESS | 4537ms
2026-02-23 17:40:15 [INFO]    [PING OK] HU | VLESS | 4775ms
2026-02-23 17:40:15 [INFO]    [PING OK] TR | VLESS | 4509ms
2026-02-23 17:40:15 [INFO]    [PING OK] IT | VLESS | 4325ms
2026-02-23 17:40:15 [INFO]    [PING OK] TR | VLESS | 4738ms
2026-02-23 17:40:16 [INFO]    [PING OK] PL | VLESS | 4526ms
2026-02-23 17:40:17 [INFO]    [PING OK] PL | VLESS | 4148ms
2026-02-23 17:40:17 [INFO]    [PING OK] ES | VLESS | 4299ms
2026-02-23 17:40:18 [INFO]    [PING OK] HU | VLESS | 5406ms
2026-02-23 17:40:19 [INFO]    [PING OK] ES | VLESS | 5520ms
2026-02-23 17:40:20 [INFO]    [PING OK] DE | VLESS | 5548ms
2026-02-23 17:40:21 [INFO]    [PING OK] SE | VLESS | 5335ms
2026-02-23 17:40:21 [INFO]    [PING OK] SE | VLESS | 5676ms
2026-02-23 17:40:21 [INFO]    [PING OK] FI | VLESS | 8099ms
2026-02-23 17:40:21 [INFO]    [PING OK] CA | VLESS | 7050ms
2026-02-23 17:40:22 [INFO]    [PING OK] SE | VLESS | 6179ms
2026-02-23 17:40:22 [INFO]    [PING OK] CA | VLESS | 6108ms
2026-02-23 17:40:22 [INFO]    [PING OK] CH | VLESS | 6174ms
2026-02-23 17:40:22 [INFO]    [PING OK] HK | VLESS | 6798ms
2026-02-23 17:40:22 [INFO]    [PING OK] SE | VLESS | 6058ms
2026-02-23 17:40:23 [INFO]    [PING OK] CA | VLESS | 6111ms
2026-02-23 17:40:23 [INFO]    [PING OK] CA | VLESS | 6201ms
2026-02-23 17:40:24 [INFO]    [PING OK] SE | VLESS | 4359ms
2026-02-23 17:40:24 [INFO]    [PING OK] CA | VLESS | 4417ms
2026-02-23 17:40:24 [INFO]    [PING OK] NL | VLESS | 3185ms
2026-02-23 17:40:24 [INFO]    [PING OK] CA | VLESS | 3939ms
2026-02-23 17:40:24 [INFO]    [PING OK] SE | VLESS | 3424ms
2026-02-23 17:40:24 [INFO]    [PING OK] DE | VLESS | 1130ms
2026-02-23 17:40:24 [INFO]    [PING OK] CA | VLESS | 3134ms
2026-02-23 17:40:25 [INFO]    [PING OK] CA | VLESS | 2295ms
2026-02-23 17:40:25 [INFO]    [PING OK] CA | VLESS | 3226ms
2026-02-23 17:40:26 [INFO]    [PING OK] US | VLESS | 4476ms
2026-02-23 17:40:28 [INFO]    [PING OK] DE | VLESS | 5344ms
2026-02-23 17:40:29 [INFO] 🏎️ ЭТАП 2: Глубокий замер скорости для 40 иностранных кандидатов...
2026-02-23 17:40:33 [INFO]    🏆 NL | VLESS | Пинг: 3185ms | Скорость: 6.03 Mbps ⚡⚡
2026-02-23 17:40:33 [INFO]    🏆 DE | VLESS | Пинг: 1130ms | Скорость: 5.91 Mbps ⚡⚡
2026-02-23 17:40:33 [INFO]    🏆 PL | VLESS | Пинг: 4526ms | Скорость: 6.08 Mbps ⚡⚡
2026-02-23 17:40:33 [INFO]    🏆 TR | VLESS | Пинг: 4509ms | Скорость: 5.94 Mbps ⚡⚡
2026-02-23 17:40:33 [INFO]    🏆 CA | VLESS | Пинг: 3134ms | Скорость: 5.42 Mbps ⚡⚡
2026-02-23 17:40:33 [INFO]    🏆 CA | VLESS | Пинг: 3939ms | Скорость: 5.42 Mbps ⚡⚡
2026-02-23 17:40:34 [INFO]    🏆 ES | VLESS | Пинг: 4299ms | Скорость: 5.04 Mbps ⚡⚡
2026-02-23 17:40:36 [INFO]    🏆 PL | VLESS | Пинг: 4148ms | Скорость: 2.87 Mbps ⚡
2026-02-23 17:40:36 [INFO]    🏆 IT | VLESS | Пинг: 4325ms | Скорость: 1.9 Mbps ⚡
2026-02-23 17:40:36 [INFO]    🏆 ES | VLESS | Пинг: 4601ms | Скорость: 8.87 Mbps ⚡⚡
2026-02-23 17:40:36 [INFO]    🏆 HU | VLESS | Пинг: 4688ms | Скорость: 9.2 Mbps ⚡⚡
2026-02-23 17:40:36 [INFO]    🏆 HU | VLESS | Пинг: 4706ms | Скорость: 9.05 Mbps ⚡⚡
2026-02-23 17:40:36 [INFO]    🏆 HU | VLESS | Пинг: 4775ms | Скорость: 9.37 Mbps ⚡⚡
2026-02-23 17:40:37 [INFO]    🏆 TR | VLESS | Пинг: 4738ms | Скорость: 6.69 Mbps ⚡⚡
2026-02-23 17:40:37 [INFO]    🏆 HU | VLESS | Пинг: 4820ms | Скорость: 6.79 Mbps ⚡⚡
2026-02-23 17:40:38 [INFO]    🏆 PL | VLESS | Пинг: 4945ms | Скорость: 5.53 Mbps ⚡⚡
2026-02-23 17:40:40 [INFO]    🏆 ES | VLESS | Пинг: 5520ms | Скорость: 7.09 Mbps ⚡⚡
2026-02-23 17:40:40 [INFO]    🏆 DE | VLESS | Пинг: 5548ms | Скорость: 7.25 Mbps ⚡⚡
2026-02-23 17:40:40 [INFO]    🏆 CA | VLESS | Пинг: 6108ms | Скорость: 7.07 Mbps ⚡⚡
2026-02-23 17:40:40 [INFO]    🏆 DE | VLESS | Пинг: 5344ms | Скорость: 5.81 Mbps ⚡⚡
2026-02-23 17:40:40 [INFO]    🏆 CH | VLESS | Пинг: 6174ms | Скорость: 10.49 Mbps ⚡⚡
2026-02-23 17:40:40 [INFO]    🏆 IT | VLESS | Пинг: 4537ms | Скорость: 0.83 Mbps 
2026-02-23 17:40:41 [INFO]    🏆 TR | VLESS | Пинг: 4846ms | Скорость: 1.24 Mbps 
2026-02-23 17:40:43 [INFO]    🏆 HU | VLESS | Пинг: 5406ms | Скорость: 0.9 Mbps 
2026-02-23 17:40:44 [INFO]    🏆 HK | VLESS | Пинг: 6798ms | Скорость: 3.98 Mbps ⚡⚡
2026-02-23 17:40:45 [INFO]    🏆 SE | VLESS | Пинг: 6179ms | Скорость: 0.68 Mbps 
2026-02-23 17:40:47 [INFO]    🏆 CA | VLESS | Пинг: 7050ms | Скорость: 0.88 Mbps 
2026-02-23 17:40:47 [INFO] 📊 Итого в подписке сохранено иностранных серверов: 10
2026-02-23 17:40:47 [INFO] 💾 Файл успешно сохранен: FL1PVPN
