2026-02-22 16:30:06 [INFO] 🚀 START: Smart Selector (Target: 10, ONLY FOREIGN)
2026-02-22 16:30:06 [INFO] 🌐 Загрузка источников (VLESS + VMess)...
2026-02-22 16:30:08 [INFO] 🔍 Уникальных конфигов собрано: 244
2026-02-22 16:30:08 [INFO] ⚡ ЭТАП 1: Замер Пинга и Геолокации. Workers: 40...
2026-02-22 16:30:14 [INFO]    [PING OK] NL | VLESS | 4919ms
2026-02-22 16:30:14 [INFO]    [PING OK] CZ | VLESS | 5041ms
2026-02-22 16:30:15 [INFO]    [PING OK] HU | VLESS | 4113ms
2026-02-22 16:30:15 [INFO]    [PING OK] ES | VLESS | 4127ms
2026-02-22 16:30:15 [INFO]    [PING OK] PL | VLESS | 4119ms
2026-02-22 16:30:15 [INFO]    [PING OK] NL | VLESS | 6547ms
2026-02-22 16:30:15 [INFO]    [PING OK] IT | VLESS | 3714ms
2026-02-22 16:30:16 [INFO]    [PING OK] HU | VLESS | 3555ms
2026-02-22 16:30:17 [INFO]    [PING OK] TR | VLESS | 5314ms
2026-02-22 16:30:18 [INFO]    [PING OK] DE | VLESS | 7875ms
2026-02-22 16:30:18 [INFO]    [PING OK] TR | VLESS | 3938ms
2026-02-22 16:30:18 [INFO]    [PING OK] HU | VLESS | 3763ms
2026-02-22 16:30:18 [INFO]    [PING OK] ES | VLESS | 3817ms
2026-02-22 16:30:19 [INFO]    [PING OK] PL | VLESS | 4085ms
2026-02-22 16:30:19 [INFO]    [PING OK] IT | VLESS | 4261ms
2026-02-22 16:30:19 [INFO]    [PING OK] PL | VLESS | 3924ms
2026-02-22 16:30:20 [INFO]    [PING OK] ES | VLESS | 3979ms
2026-02-22 16:30:20 [INFO]    [PING OK] NL | VLESS | 4465ms
2026-02-22 16:30:20 [INFO]    [PING OK] ES | VLESS | 4821ms
2026-02-22 16:30:20 [INFO]    [PING OK] TR | VLESS | 4632ms
2026-02-22 16:30:20 [INFO]    [PING OK] NL | VLESS | 4011ms
2026-02-22 16:30:21 [INFO]    [PING OK] ES | VLESS | 4913ms
2026-02-22 16:30:21 [INFO]    [PING OK] PL | VLESS | 4656ms
2026-02-22 16:30:21 [INFO]    [PING OK] PL | VLESS | 4607ms
2026-02-22 16:30:21 [INFO]    [PING OK] PL | VLESS | 5716ms
2026-02-22 16:30:22 [INFO]    [PING OK] ES | VLESS | 4389ms
2026-02-22 16:30:22 [INFO]    [PING OK] HU | VLESS | 4122ms
2026-02-22 16:30:22 [INFO]    [PING OK] DE | VLESS | 5317ms
2026-02-22 16:30:23 [INFO]    [PING OK] TR | VLESS | 5014ms
2026-02-22 16:30:23 [INFO]    [PING OK] HU | VLESS | 4514ms
2026-02-22 16:30:24 [INFO]    [PING OK] DE | VLESS | 4730ms
2026-02-22 16:30:24 [INFO]    [PING OK] DE | VLESS | 8875ms
2026-02-22 16:30:25 [INFO]    [PING OK] PL | VLESS | 4658ms
2026-02-22 16:30:25 [INFO]    [PING OK] PL | VLESS | 4903ms
2026-02-22 16:30:25 [INFO]    [PING OK] PL | VLESS | 4949ms
2026-02-22 16:30:25 [INFO]    [PING OK] IT | VLESS | 4666ms
2026-02-22 16:30:25 [INFO]    [PING OK] EE | VLESS | 5253ms
2026-02-22 16:30:25 [INFO]    [PING OK] HU | VLESS | 4616ms
2026-02-22 16:30:26 [INFO]    [PING OK] NL | VLESS | 5021ms
2026-02-22 16:30:26 [INFO]    [PING OK] DE | VLESS | 5045ms
2026-02-22 16:30:27 [INFO]    [PING OK] DE | VLESS | 4803ms
2026-02-22 16:30:29 [INFO]    [PING OK] JP | VLESS | 4784ms
2026-02-22 16:30:30 [INFO]    [PING OK] DE | VLESS | 4005ms
2026-02-22 16:30:30 [INFO]    [PING OK] DE | VLESS | 3588ms
2026-02-22 16:30:32 [INFO]    [PING OK] DE | VLESS | 2109ms
2026-02-22 16:30:34 [INFO]    [PING OK] NL | VLESS | 3255ms
2026-02-22 16:30:34 [INFO]    [PING OK] DE | VLESS | 1127ms
2026-02-22 16:30:34 [INFO]    [PING OK] FI | VLESS | 845ms
2026-02-22 16:30:39 [INFO]    [PING OK] US | VLESS | 6773ms
2026-02-22 16:30:39 [INFO] 🏎️ ЭТАП 2: Глубокий замер скорости для 40 иностранных кандидатов...
2026-02-22 16:30:43 [INFO]    🏆 DE | VLESS | Пинг: 4005ms | Скорость: 6.05 Mbps ⚡⚡
2026-02-22 16:30:43 [INFO]    🏆 NL | VLESS | Пинг: 4011ms | Скорость: 6.1 Mbps ⚡⚡
2026-02-22 16:30:43 [INFO]    🏆 PL | VLESS | Пинг: 4085ms | Скорость: 6.05 Mbps ⚡⚡
2026-02-22 16:30:43 [INFO]    🏆 DE | VLESS | Пинг: 3588ms | Скорость: 5.66 Mbps ⚡⚡
2026-02-22 16:30:43 [INFO]    🏆 TR | VLESS | Пинг: 3938ms | Скорость: 5.78 Mbps ⚡⚡
2026-02-22 16:30:44 [INFO]    🏆 IT | VLESS | Пинг: 3714ms | Скорость: 5.59 Mbps ⚡⚡
2026-02-22 16:30:44 [INFO]    🏆 DE | VLESS | Пинг: 1127ms | Скорость: 5.48 Mbps ⚡⚡
2026-02-22 16:30:44 [INFO]    🏆 ES | VLESS | Пинг: 3979ms | Скорость: 5.7 Mbps ⚡⚡
2026-02-22 16:30:44 [INFO]    🏆 HU | VLESS | Пинг: 3763ms | Скорость: 5.49 Mbps ⚡⚡
2026-02-22 16:30:44 [INFO]    🏆 ES | VLESS | Пинг: 3817ms | Скорость: 5.07 Mbps ⚡⚡
2026-02-22 16:30:46 [INFO]    🏆 HU | VLESS | Пинг: 3555ms | Скорость: 0.74 Mbps 
2026-02-22 16:30:46 [INFO]    🏆 NL | VLESS | Пинг: 3255ms | Скорость: 1.26 Mbps 
2026-02-22 16:30:47 [INFO]    🏆 NL | VLESS | Пинг: 4465ms | Скорость: 6.82 Mbps ⚡⚡
2026-02-22 16:30:47 [INFO]    🏆 PL | VLESS | Пинг: 4119ms | Скорость: 6.39 Mbps ⚡⚡
2026-02-22 16:30:47 [INFO]    🏆 HU | VLESS | Пинг: 4113ms | Скорость: 6.32 Mbps ⚡⚡
2026-02-22 16:30:47 [INFO]    🏆 HU | VLESS | Пинг: 4122ms | Скорость: 6.17 Mbps ⚡⚡
2026-02-22 16:30:47 [INFO]    🏆 HU | VLESS | Пинг: 4514ms | Скорость: 6.35 Mbps ⚡⚡
2026-02-22 16:30:48 [INFO]    🏆 TR | VLESS | Пинг: 4632ms | Скорость: 6.34 Mbps ⚡⚡
2026-02-22 16:30:48 [INFO]    🏆 IT | VLESS | Пинг: 4261ms | Скорость: 6.15 Mbps ⚡⚡
2026-02-22 16:30:48 [INFO]    🏆 HU | VLESS | Пинг: 4616ms | Скорость: 6.19 Mbps ⚡⚡
2026-02-22 16:30:48 [INFO]    🏆 ES | VLESS | Пинг: 4389ms | Скорость: 6.07 Mbps ⚡⚡
2026-02-22 16:30:49 [INFO]    🏆 DE | VLESS | Пинг: 4730ms | Скорость: 8.19 Mbps ⚡⚡
2026-02-22 16:30:49 [INFO]    🏆 IT | VLESS | Пинг: 4666ms | Скорость: 7.17 Mbps ⚡⚡
2026-02-22 16:30:50 [INFO]    🏆 ES | VLESS | Пинг: 4127ms | Скорость: 1.22 Mbps 
2026-02-22 16:30:50 [INFO]    🏆 PL | VLESS | Пинг: 4607ms | Скорость: 0.75 Mbps 
2026-02-22 16:30:50 [INFO]    🏆 PL | VLESS | Пинг: 4949ms | Скорость: 9.27 Mbps ⚡⚡
2026-02-22 16:30:50 [INFO]    🏆 PL | VLESS | Пинг: 4656ms | Скорость: 1.84 Mbps ⚡
2026-02-22 16:30:50 [INFO]    🏆 NL | VLESS | Пинг: 5021ms | Скорость: 9.61 Mbps ⚡⚡
2026-02-22 16:30:50 [INFO]    🏆 PL | VLESS | Пинг: 4903ms | Скорость: 9.03 Mbps ⚡⚡
2026-02-22 16:30:51 [INFO]    🏆 ES | VLESS | Пинг: 4913ms | Скорость: 8.1 Mbps ⚡⚡
2026-02-22 16:30:51 [INFO]    🏆 TR | VLESS | Пинг: 5014ms | Скорость: 7.61 Mbps ⚡⚡
2026-02-22 16:30:52 [INFO]    🏆 JP | VLESS | Пинг: 4784ms | Скорость: 4.77 Mbps ⚡⚡
2026-02-22 16:30:54 [INFO]    🏆 ES | VLESS | Пинг: 4821ms | Скорость: 0.71 Mbps 
2026-02-22 16:30:55 [INFO]    🏆 CZ | VLESS | Пинг: 5041ms | Скорость: 3.12 Mbps ⚡⚡
2026-02-22 16:30:55 [INFO] 📊 Итого в подписке сохранено иностранных серверов: 10
2026-02-22 16:30:55 [INFO] 💾 Файл успешно сохранен: FL1PVPN
