2026-02-17 21:20:05 [INFO] 🚀 START: Smart VLESS Selector (Target: 10, Strict Mode)
2026-02-17 21:20:05 [INFO] 🌐 Загрузка источников...
2026-02-17 21:20:08 [INFO] 🔍 Уникальных конфигов собрано: 318
2026-02-17 21:20:08 [INFO] ⚡ ЭТАП 1: Быстрый замер Пинга (Workers: 25)...
2026-02-17 21:20:09 [INFO]    [PING OK] LT | 230ms
2026-02-17 21:20:09 [INFO]    [PING OK] FI | 237ms
2026-02-17 21:20:09 [INFO]    [PING OK] LV | 224ms
2026-02-17 21:20:09 [INFO]    [PING OK] US | 787ms
2026-02-17 21:20:10 [INFO]    [PING OK] LV | 163ms
2026-02-17 21:20:10 [INFO]    [PING OK] NL | 261ms
2026-02-17 21:20:10 [INFO]    [PING OK] DE | 220ms
2026-02-17 21:20:10 [INFO]    [PING OK] DE | 213ms
2026-02-17 21:20:11 [INFO]    [PING OK] DE | 300ms
2026-02-17 21:20:11 [INFO]    [PING OK] RU | 176ms
2026-02-17 21:20:11 [INFO]    [PING OK] LT | 177ms
2026-02-17 21:20:11 [INFO]    [PING OK] DE | 514ms
2026-02-17 21:20:12 [INFO]    [PING OK] DE | 192ms
2026-02-17 21:20:12 [INFO]    [PING OK] PL | 150ms
2026-02-17 21:20:12 [INFO]    [PING OK] LT | 174ms
2026-02-17 21:20:12 [INFO]    [PING OK] NL | 187ms
2026-02-17 21:20:12 [INFO]    [PING OK] FI | 188ms
2026-02-17 21:20:12 [INFO]    [PING OK] FI | 206ms
2026-02-17 21:20:13 [INFO]    [PING OK] DE | 375ms
2026-02-17 21:20:13 [INFO]    [PING OK] RU | 185ms
2026-02-17 21:20:14 [INFO]    [PING OK] RU | 180ms
2026-02-17 21:20:14 [INFO]    [PING OK] RU | 230ms
2026-02-17 21:20:14 [INFO]    [PING OK] RU | 283ms
2026-02-17 21:20:14 [INFO]    [PING OK] RU | 137ms
2026-02-17 21:20:14 [INFO]    [PING OK] RU | 389ms
2026-02-17 21:20:14 [INFO]    [PING OK] RU | 188ms
2026-02-17 21:20:14 [INFO]    [PING OK] RU | 230ms
2026-02-17 21:20:14 [INFO]    [PING OK] RU | 204ms
2026-02-17 21:20:14 [INFO]    [PING OK] RU | 413ms
2026-02-17 21:20:14 [INFO]    [PING OK] RU | 274ms
2026-02-17 21:20:14 [INFO]    [PING OK] RU | 89ms
2026-02-17 21:20:14 [INFO]    [PING OK] RU | 102ms
2026-02-17 21:20:14 [INFO]    [PING OK] RU | 227ms
2026-02-17 21:20:15 [INFO]    [PING OK] RU | 204ms
2026-02-17 21:20:15 [INFO]    [PING OK] RU | 270ms
2026-02-17 21:20:15 [INFO]    [PING OK] RU | 472ms
2026-02-17 21:20:15 [INFO]    [PING OK] RU | 271ms
2026-02-17 21:20:15 [INFO]    [PING OK] RU | 318ms
2026-02-17 21:20:15 [INFO]    [PING OK] RU | 368ms
2026-02-17 21:20:15 [INFO]    [PING OK] FI | 1331ms
2026-02-17 21:20:15 [INFO]    [PING OK] RU | 189ms
2026-02-17 21:20:15 [INFO]    [PING OK] RU | 310ms
2026-02-17 21:20:15 [INFO]    [PING OK] RU | 295ms
2026-02-17 21:20:15 [INFO]    [PING OK] RU | 279ms
2026-02-17 21:20:15 [INFO]    [PING OK] RU | 321ms
2026-02-17 21:20:15 [INFO]    [PING OK] RU | 256ms
2026-02-17 21:20:15 [INFO]    [PING OK] RU | 290ms
2026-02-17 21:20:15 [INFO]    [PING OK] RU | 294ms
2026-02-17 21:20:15 [INFO]    [PING OK] RU | 344ms
2026-02-17 21:20:16 [INFO]    [PING OK] RU | 204ms
2026-02-17 21:20:16 [INFO]    [PING OK] RU | 250ms
2026-02-17 21:20:16 [INFO]    [PING OK] RU | 160ms
2026-02-17 21:20:16 [INFO]    [PING OK] RU | 317ms
2026-02-17 21:20:16 [INFO]    [PING OK] RU | 295ms
2026-02-17 21:20:16 [INFO]    [PING OK] RU | 1066ms
2026-02-17 21:20:16 [INFO]    [PING OK] RU | 339ms
2026-02-17 21:20:16 [INFO]    [PING OK] RU | 683ms
2026-02-17 21:20:16 [INFO]    [PING OK] RU | 465ms
2026-02-17 21:20:16 [INFO]    [PING OK] RU | 198ms
2026-02-17 21:20:16 [INFO]    [PING OK] RU | 423ms
2026-02-17 21:20:16 [INFO]    [PING OK] RU | 1875ms
2026-02-17 21:20:17 [INFO]    [PING OK] RU | 180ms
2026-02-17 21:20:17 [INFO]    [PING OK] RU | 436ms
2026-02-17 21:20:17 [INFO]    [PING OK] RU | 1045ms
2026-02-17 21:20:17 [INFO]    [PING OK] RU | 193ms
2026-02-17 21:20:17 [INFO]    [PING OK] RU | 423ms
2026-02-17 21:20:17 [INFO]    [PING OK] RU | 157ms
2026-02-17 21:20:17 [INFO]    [PING OK] RU | 221ms
2026-02-17 21:20:17 [INFO]    [PING OK] RU | 241ms
2026-02-17 21:20:17 [INFO]    [PING OK] RU | 348ms
2026-02-17 21:20:17 [INFO]    [PING OK] RU | 296ms
2026-02-17 21:20:17 [INFO]    [PING OK] RU | 3772ms
2026-02-17 21:20:18 [INFO]    [PING OK] RU | 463ms
2026-02-17 21:20:18 [INFO]    [PING OK] RU | 80ms
2026-02-17 21:20:18 [INFO]    [PING OK] RU | 280ms
2026-02-17 21:20:18 [INFO]    [PING OK] RU | 396ms
2026-02-17 21:20:18 [INFO]    [PING OK] RU | 548ms
2026-02-17 21:20:18 [INFO]    [PING OK] RU | 628ms
2026-02-17 21:20:18 [INFO]    [PING OK] RU | 206ms
2026-02-17 21:20:18 [INFO]    [PING OK] RU | 302ms
2026-02-17 21:20:19 [INFO]    [PING OK] RU | 686ms
2026-02-17 21:20:19 [INFO]    [PING OK] RU | 671ms
2026-02-17 21:20:19 [INFO]    [PING OK] RU | 1460ms
2026-02-17 21:20:19 [INFO]    [PING OK] RU | 904ms
2026-02-17 21:20:19 [INFO]    [PING OK] RU | 1404ms
2026-02-17 21:20:19 [INFO]    [PING OK] RU | 808ms
2026-02-17 21:20:19 [INFO]    [PING OK] RU | 2030ms
2026-02-17 21:20:19 [INFO]    [PING OK] RU | 826ms
2026-02-17 21:20:20 [INFO]    [PING OK] FI | 217ms
2026-02-17 21:20:23 [INFO]    [PING OK] RU | 4729ms
2026-02-17 21:20:23 [INFO]    [PING OK] FI | 153ms
2026-02-17 21:20:23 [INFO]    [PING OK] AE | 138ms
2026-02-17 21:20:24 [INFO]    [PING OK] PL | 136ms
2026-02-17 21:20:24 [INFO]    [PING OK] FR | 184ms
2026-02-17 21:20:24 [INFO]    [PING OK] US | 4326ms
2026-02-17 21:20:25 [INFO]    [PING OK] LV | 355ms
2026-02-17 21:20:25 [INFO]    [PING OK] JP | 1070ms
2026-02-17 21:20:26 [INFO]    [PING OK] PL | 192ms
2026-02-17 21:20:26 [INFO]    [PING OK] DE | 517ms
2026-02-17 21:20:26 [INFO]    [PING OK] RU | 1174ms
2026-02-17 21:20:26 [INFO]    [PING OK] RU | 2189ms
2026-02-17 21:20:27 [INFO]    [PING OK] DE | 227ms
2026-02-17 21:20:27 [INFO]    [PING OK] IQ | 187ms
2026-02-17 21:20:28 [INFO]    [PING OK] DE | 207ms
2026-02-17 21:20:28 [INFO]    [PING OK] NL | 200ms
2026-02-17 21:20:28 [INFO]    [PING OK] UZ | 377ms
2026-02-17 21:20:29 [INFO]    [PING OK] GB | 159ms
2026-02-17 21:20:31 [INFO]    [PING OK] HU | 544ms
2026-02-17 21:20:31 [INFO]    [PING OK] FR | 474ms
2026-02-17 21:20:32 [INFO]    [PING OK] PL | 188ms
2026-02-17 21:20:32 [INFO]    [PING OK] AT | 220ms
2026-02-17 21:20:34 [INFO]    [PING OK] NL | 202ms
2026-02-17 21:20:35 [INFO]    [PING OK] US | 443ms
2026-02-17 21:20:40 [INFO] 🏎️ ЭТАП 2: Глубокий замер скорости для ТОП-10 серверов...
2026-02-17 21:20:44 [INFO]    🏆 PL | Пинг: 136ms | Скорость: 8.09 Mbps ⚡⚡
2026-02-17 21:20:44 [INFO]    🏆 AE | Пинг: 138ms | Скорость: 8.0 Mbps ⚡⚡
2026-02-17 21:20:44 [INFO]    🏆 PL | Пинг: 150ms | Скорость: 7.86 Mbps ⚡⚡
2026-02-17 21:20:44 [INFO]    🏆 FI | Пинг: 153ms | Скорость: 8.13 Mbps ⚡⚡
2026-02-17 21:20:44 [INFO]    🏆 GB | Пинг: 159ms | Скорость: 8.11 Mbps ⚡⚡
2026-02-17 21:20:44 [INFO]    🏆 LV | Пинг: 163ms | Скорость: 7.82 Mbps ⚡⚡
2026-02-17 21:20:44 [INFO]    🏆 LT | Пинг: 174ms | Скорость: 8.11 Mbps ⚡⚡
2026-02-17 21:20:44 [INFO]    🏆 LT | Пинг: 177ms | Скорость: 8.64 Mbps ⚡⚡
2026-02-17 21:20:44 [INFO]    🏆 FR | Пинг: 184ms | Скорость: 6.51 Mbps ⚡⚡
2026-02-17 21:20:44 [INFO]    🏆 RU | Пинг: 80ms | Скорость: 8.32 Mbps ⚡⚡
2026-02-17 21:20:44 [INFO] 🇷🇺 Добавлен RU сервер: 51.250.12.100
2026-02-17 21:20:44 [INFO] 📊 Итого в подписке сохранено: 10 серверов
2026-02-17 21:20:44 [INFO] 💾 Файл успешно сохранен: FL1PVPN
