2026-02-19 00:00:06 [INFO] 🚀 START: Smart VLESS Selector (Target: 10, Strict Mode)
2026-02-19 00:00:06 [INFO] 🌐 Загрузка источников...
2026-02-19 00:00:09 [INFO] 🔍 Уникальных конфигов собрано: 708
2026-02-19 00:00:09 [INFO] ⚡ ЭТАП 1: Быстрый замер Пинга (Workers: 25)...
2026-02-19 00:00:11 [INFO]    [PING OK] TR | 261ms
2026-02-19 00:00:11 [INFO]    [PING OK] RU | 157ms
2026-02-19 00:00:11 [INFO]    [PING OK] DE | 1095ms
2026-02-19 00:00:12 [INFO]    [PING OK] DE | 146ms
2026-02-19 00:00:12 [INFO]    [PING OK] RU | 151ms
2026-02-19 00:00:12 [INFO]    [PING OK] DE | 1476ms
2026-02-19 00:00:12 [INFO]    [PING OK] DE | 1363ms
2026-02-19 00:00:12 [INFO]    [PING OK] RU | 225ms
2026-02-19 00:00:13 [INFO]    [PING OK] AT | 795ms
2026-02-19 00:00:15 [INFO]    [PING OK] US | 2020ms
2026-02-19 00:00:16 [INFO]    [PING OK] DE | 180ms
2026-02-19 00:00:18 [INFO]    [PING OK] TR | 109ms
2026-02-19 00:00:19 [INFO]    [PING OK] US | 2367ms
2026-02-19 00:00:19 [INFO]    [PING OK] RU | 154ms
2026-02-19 00:00:19 [INFO]    [PING OK] RU | 129ms
2026-02-19 00:00:19 [INFO]    [PING OK] DE | 474ms
2026-02-19 00:00:19 [INFO]    [PING OK] RU | 197ms
2026-02-19 00:00:20 [INFO]    [PING OK] RU | 140ms
2026-02-19 00:00:21 [INFO]    [PING OK] RU | 152ms
2026-02-19 00:00:21 [INFO]    [PING OK] IT | 532ms
2026-02-19 00:00:25 [INFO]    [PING OK] RU | 75ms
2026-02-19 00:00:25 [INFO]    [PING OK] RU | 106ms
2026-02-19 00:00:26 [INFO]    [PING OK] RU | 83ms
2026-02-19 00:00:26 [INFO]    [PING OK] RU | 187ms
2026-02-19 00:00:26 [INFO]    [PING OK] RU | 63ms
2026-02-19 00:00:26 [INFO]    [PING OK] RU | 196ms
2026-02-19 00:00:26 [INFO]    [PING OK] RU | 317ms
2026-02-19 00:00:27 [INFO]    [PING OK] RU | 165ms
2026-02-19 00:00:27 [INFO]    [PING OK] RU | 239ms
2026-02-19 00:00:27 [INFO]    [PING OK] RU | 213ms
2026-02-19 00:00:27 [INFO]    [PING OK] RU | 194ms
2026-02-19 00:00:27 [INFO]    [PING OK] RU | 291ms
2026-02-19 00:00:27 [INFO]    [PING OK] RU | 347ms
2026-02-19 00:00:28 [INFO]    [PING OK] RU | 654ms
2026-02-19 00:00:28 [INFO]    [PING OK] RU | 233ms
2026-02-19 00:00:28 [INFO]    [PING OK] RU | 117ms
2026-02-19 00:00:28 [INFO]    [PING OK] DE | 257ms
2026-02-19 00:00:29 [INFO]    [PING OK] RU | 214ms
2026-02-19 00:00:29 [INFO]    [PING OK] RU | 286ms
2026-02-19 00:00:29 [INFO]    [PING OK] RU | 255ms
2026-02-19 00:00:29 [INFO]    [PING OK] RU | 232ms
2026-02-19 00:00:29 [INFO]    [PING OK] RU | 319ms
2026-02-19 00:00:30 [INFO]    [PING OK] RU | 202ms
2026-02-19 00:00:30 [INFO]    [PING OK] RU | 221ms
2026-02-19 00:00:30 [INFO]    [PING OK] RU | 420ms
2026-02-19 00:00:30 [INFO]    [PING OK] RU | 242ms
2026-02-19 00:00:30 [INFO]    [PING OK] RU | 196ms
2026-02-19 00:00:31 [INFO]    [PING OK] RU | 257ms
2026-02-19 00:00:31 [INFO]    [PING OK] RU | 390ms
2026-02-19 00:00:31 [INFO]    [PING OK] RU | 242ms
2026-02-19 00:00:31 [INFO]    [PING OK] RU | 363ms
2026-02-19 00:00:31 [INFO]    [PING OK] RU | 258ms
2026-02-19 00:00:31 [INFO]    [PING OK] RU | 101ms
2026-02-19 00:00:31 [INFO]    [PING OK] RU | 194ms
2026-02-19 00:00:31 [INFO]    [PING OK] RU | 255ms
2026-02-19 00:00:32 [INFO]    [PING OK] RU | 236ms
2026-02-19 00:00:32 [INFO]    [PING OK] RU | 258ms
2026-02-19 00:00:32 [INFO]    [PING OK] RU | 208ms
2026-02-19 00:00:32 [INFO]    [PING OK] RU | 2641ms
2026-02-19 00:00:32 [INFO]    [PING OK] RU | 241ms
2026-02-19 00:00:32 [INFO]    [PING OK] RU | 185ms
2026-02-19 00:00:32 [INFO]    [PING OK] RU | 634ms
2026-02-19 00:00:32 [INFO]    [PING OK] RU | 255ms
2026-02-19 00:00:32 [INFO]    [PING OK] RU | 52ms
2026-02-19 00:00:32 [INFO]    [PING OK] RU | 196ms
2026-02-19 00:00:32 [INFO]    [PING OK] RU | 318ms
2026-02-19 00:00:32 [INFO]    [PING OK] RU | 237ms
2026-02-19 00:00:33 [INFO]    [PING OK] RU | 237ms
2026-02-19 00:00:33 [INFO]    [PING OK] RU | 191ms
2026-02-19 00:00:33 [INFO]    [PING OK] RU | 293ms
2026-02-19 00:00:33 [INFO]    [PING OK] RU | 154ms
2026-02-19 00:00:33 [INFO]    [PING OK] RU | 89ms
2026-02-19 00:00:33 [INFO]    [PING OK] RU | 310ms
2026-02-19 00:00:33 [INFO]    [PING OK] RU | 379ms
2026-02-19 00:00:33 [INFO]    [PING OK] RU | 236ms
2026-02-19 00:00:34 [INFO]    [PING OK] DE | 160ms
2026-02-19 00:00:34 [INFO]    [PING OK] RU | 3481ms
2026-02-19 00:00:34 [INFO]    [PING OK] CY | 412ms
2026-02-19 00:00:34 [INFO]    [PING OK] IT | 542ms
2026-02-19 00:00:35 [INFO]    [PING OK] US | 650ms
2026-02-19 00:00:35 [INFO]    [PING OK] RU | 323ms
2026-02-19 00:00:35 [INFO]    [PING OK] MD | 446ms
2026-02-19 00:00:35 [INFO]    [PING OK] AT | 220ms
2026-02-19 00:00:36 [INFO]    [PING OK] HU | 333ms
2026-02-19 00:00:36 [INFO]    [PING OK] FI | 122ms
2026-02-19 00:00:36 [INFO]    [PING OK] RU | 4460ms
2026-02-19 00:00:36 [INFO]    [PING OK] RU | 4542ms
2026-02-19 00:00:38 [INFO]    [PING OK] IQ | 579ms
2026-02-19 00:00:38 [INFO]    [PING OK] AE | 319ms
2026-02-19 00:00:39 [INFO]    [PING OK] DE | 236ms
2026-02-19 00:00:40 [INFO]    [PING OK] UZ | 300ms
2026-02-19 00:00:40 [INFO]    [PING OK] NL | 351ms
2026-02-19 00:00:41 [INFO]    [PING OK] NL | 389ms
2026-02-19 00:00:42 [INFO]    [PING OK] FR | 798ms
2026-02-19 00:00:42 [INFO]    [PING OK] MD | 195ms
2026-02-19 00:00:43 [INFO]    [PING OK] PL | 113ms
2026-02-19 00:00:43 [INFO]    [PING OK] NL | 233ms
2026-02-19 00:00:43 [INFO]    [PING OK] ES | 231ms
2026-02-19 00:00:43 [INFO]    [PING OK] NL | 230ms
2026-02-19 00:00:44 [INFO]    [PING OK] LV | 383ms
2026-02-19 00:00:45 [INFO]    [PING OK] NL | 189ms
2026-02-19 00:00:46 [INFO]    [PING OK] JP | 1110ms
2026-02-19 00:01:15 [INFO] 🏎️ ЭТАП 2: Глубокий замер скорости для ТОП-10 серверов...
2026-02-19 00:01:18 [INFO]    🏆 TR | Пинг: 109ms | Скорость: 8.31 Mbps ⚡⚡
2026-02-19 00:01:18 [INFO]    🏆 PL | Пинг: 113ms | Скорость: 8.7 Mbps ⚡⚡
2026-02-19 00:01:18 [INFO]    🏆 FI | Пинг: 122ms | Скорость: 8.85 Mbps ⚡⚡
2026-02-19 00:01:18 [INFO]    🏆 DE | Пинг: 146ms | Скорость: 8.62 Mbps ⚡⚡
2026-02-19 00:01:18 [INFO]    🏆 DE | Пинг: 160ms | Скорость: 8.62 Mbps ⚡⚡
2026-02-19 00:01:18 [INFO]    🏆 DE | Пинг: 180ms | Скорость: 8.69 Mbps ⚡⚡
2026-02-19 00:01:18 [INFO]    🏆 NL | Пинг: 189ms | Скорость: 8.81 Mbps ⚡⚡
2026-02-19 00:01:18 [INFO]    🏆 MD | Пинг: 195ms | Скорость: 9.21 Mbps ⚡⚡
2026-02-19 00:01:18 [INFO]    🏆 AT | Пинг: 220ms | Скорость: 8.65 Mbps ⚡⚡
2026-02-19 00:01:18 [INFO]    🏆 RU | Пинг: 52ms | Скорость: 8.84 Mbps ⚡⚡
2026-02-19 00:01:18 [INFO] 🇷🇺 Добавлен RU сервер: 109.120.181.41
2026-02-19 00:01:18 [INFO] 📊 Итого в подписке сохранено: 10 серверов
2026-02-19 00:01:18 [INFO] 💾 Файл успешно сохранен: FL1PVPN
