2026-02-27 10:30:05 [INFO] 🚀 START: Smart Selector (Target: 10, ONLY FOREIGN)
2026-02-27 10:30:05 [INFO] 🌐 Загрузка источников (VLESS + VMess)...
2026-02-27 10:30:06 [INFO] 🔍 Уникальных конфигов собрано: 242
2026-02-27 10:30:06 [INFO] ⚡ ЭТАП 1: Замер Пинга и Геолокации. Workers: 40...
2026-02-27 10:30:12 [INFO]    [PING OK] FI | VLESS | 5022ms
2026-02-27 10:30:12 [INFO]    [PING OK] FI | VLESS | 5087ms
2026-02-27 10:30:12 [INFO]    [PING OK] DE | VLESS | 5154ms
2026-02-27 10:30:12 [INFO]    [PING OK] DE | VLESS | 5112ms
2026-02-27 10:30:12 [INFO]    [PING OK] DE | VLESS | 4626ms
2026-02-27 10:30:12 [INFO]    [PING OK] FI | VLESS | 4955ms
2026-02-27 10:30:13 [INFO]    [PING OK] DE | VLESS | 5041ms
2026-02-27 10:30:13 [INFO]    [PING OK] FI | VLESS | 4927ms
2026-02-27 10:30:13 [INFO]    [PING OK] US | VLESS | 5034ms
2026-02-27 10:30:13 [INFO]    [PING OK] TR | VLESS | 5129ms
2026-02-27 10:30:13 [INFO]    [PING OK] NO | VLESS | 5414ms
2026-02-27 10:30:13 [INFO]    [PING OK] DE | VLESS | 5116ms
2026-02-27 10:30:13 [INFO]    [PING OK] DE | VLESS | 5300ms
2026-02-27 10:30:13 [INFO]    [PING OK] CH | VLESS | 5379ms
2026-02-27 10:30:13 [INFO]    [PING OK] DE | VLESS | 5486ms
2026-02-27 10:30:13 [INFO]    [PING OK] FI | VLESS | 5133ms
2026-02-27 10:30:13 [INFO]    [PING OK] FI | VLESS | 4917ms
2026-02-27 10:30:13 [INFO]    [PING OK] FI | VLESS | 5176ms
2026-02-27 10:30:13 [INFO]    [PING OK] HK | VLESS | 5357ms
2026-02-27 10:30:13 [INFO]    [PING OK] HK | VLESS | 4955ms
2026-02-27 10:30:13 [INFO]    [PING OK] NL | VLESS | 5429ms
2026-02-27 10:30:14 [INFO]    [PING OK] FI | VLESS | 5725ms
2026-02-27 10:30:14 [INFO]    [PING OK] US | VLESS | 6622ms
2026-02-27 10:30:15 [INFO]    [PING OK] NL | VLESS | 4814ms
2026-02-27 10:30:15 [INFO]    [PING OK] PL | VLESS | 4963ms
2026-02-27 10:30:16 [INFO]    [PING OK] DE | VLESS | 4875ms
2026-02-27 10:30:17 [INFO]    [PING OK] TR | VLESS | 5306ms
2026-02-27 10:30:17 [INFO]    [PING OK] PL | VLESS | 5342ms
2026-02-27 10:30:18 [INFO]    [PING OK] PL | VLESS | 4953ms
2026-02-27 10:30:18 [INFO]    [PING OK] PL | VLESS | 4854ms
2026-02-27 10:30:18 [INFO]    [PING OK] CA | VLESS | 5315ms
2026-02-27 10:30:18 [INFO]    [PING OK] ES | VLESS | 5033ms
2026-02-27 10:30:18 [INFO]    [PING OK] TR | VLESS | 4843ms
2026-02-27 10:30:19 [INFO]    [PING OK] FR | VLESS | 5407ms
2026-02-27 10:30:19 [INFO]    [PING OK] NL | VLESS | 4439ms
2026-02-27 10:30:19 [INFO]    [PING OK] HU | VLESS | 4108ms
2026-02-27 10:30:20 [INFO]    [PING OK] FI | VLESS | 3717ms
2026-02-27 10:30:20 [INFO]    [PING OK] ES | VLESS | 3970ms
2026-02-27 10:30:20 [INFO]    [PING OK] DE | VLESS | 6319ms
2026-02-27 10:30:20 [INFO]    [PING OK] FI | VLESS | 3720ms
2026-02-27 10:30:20 [INFO]    [PING OK] NL | VLESS | 4957ms
2026-02-27 10:30:20 [INFO]    [PING OK] FI | VLESS | 6710ms
2026-02-27 10:30:20 [INFO]    [PING OK] EE | VLESS | 4377ms
2026-02-27 10:30:20 [INFO]    [PING OK] LV | VLESS | 3512ms
2026-02-27 10:30:21 [INFO]    [PING OK] PL | VLESS | 3740ms
2026-02-27 10:30:21 [INFO]    [PING OK] US | VLESS | 3800ms
2026-02-27 10:30:21 [INFO]    [PING OK] DE | VLESS | 4034ms
2026-02-27 10:30:21 [INFO]    [PING OK] DE | VLESS | 3820ms
2026-02-27 10:30:21 [INFO]    [PING OK] AE | VLESS | 4334ms
2026-02-27 10:30:21 [INFO]    [PING OK] NL | VLESS | 3799ms
2026-02-27 10:30:21 [INFO]    [PING OK] PL | VLESS | 3648ms
2026-02-27 10:30:22 [INFO]    [PING OK] PL | VLESS | 4050ms
2026-02-27 10:30:22 [INFO]    [PING OK] ES | VLESS | 4210ms
2026-02-27 10:30:23 [INFO]    [PING OK] DE | VLESS | 3690ms
2026-02-27 10:30:23 [INFO]    [PING OK] NL | VLESS | 3676ms
2026-02-27 10:30:23 [INFO]    [PING OK] PL | VLESS | 3820ms
2026-02-27 10:30:23 [INFO]    [PING OK] US | VLESS | 4074ms
2026-02-27 10:30:24 [INFO]    [PING OK] FI | VLESS | 4017ms
2026-02-27 10:30:24 [INFO]    [PING OK] HU | VLESS | 4065ms
2026-02-27 10:30:25 [INFO]    [PING OK] NL | VLESS | 3769ms
2026-02-27 10:30:25 [INFO]    [PING OK] NL | VLESS | 5445ms
2026-02-27 10:30:25 [INFO]    [PING OK] DE | VLESS | 3719ms
2026-02-27 10:30:25 [INFO]    [PING OK] PL | VLESS | 3977ms
2026-02-27 10:30:25 [INFO]    [PING OK] TR | VLESS | 4560ms
2026-02-27 10:30:25 [INFO]    [PING OK] PL | VLESS | 3671ms
2026-02-27 10:30:25 [INFO]    [PING OK] DE | VLESS | 3227ms
2026-02-27 10:30:27 [INFO]    [PING OK] SE | VLESS | 3281ms
2026-02-27 10:30:27 [INFO]    [PING OK] HU | VLESS | 3430ms
2026-02-27 10:30:27 [INFO]    [PING OK] DE | VLESS | 4809ms
2026-02-27 10:30:27 [INFO]    [PING OK] DE | VLESS | 5805ms
2026-02-27 10:30:27 [INFO]    [PING OK] HU | VLESS | 3259ms
2026-02-27 10:30:28 [INFO]    [PING OK] DE | VLESS | 3406ms
2026-02-27 10:30:28 [INFO]    [PING OK] SE | VLESS | 6742ms
2026-02-27 10:30:28 [INFO]    [PING OK] NL | VLESS | 8118ms
2026-02-27 10:30:28 [INFO]    [PING OK] ES | VLESS | 3425ms
2026-02-27 10:30:28 [INFO]    [PING OK] CA | VLESS | 3745ms
2026-02-27 10:30:29 [INFO]    [PING OK] PL | VLESS | 3635ms
2026-02-27 10:30:29 [INFO]    [PING OK] KZ | VLESS | 3404ms
2026-02-27 10:30:29 [INFO]    [PING OK] DE | VLESS | 7838ms
2026-02-27 10:30:29 [INFO]    [PING OK] DE | VLESS | 3738ms
2026-02-27 10:30:30 [INFO]    [PING OK] PL | VLESS | 3518ms
2026-02-27 10:30:30 [INFO]    [PING OK] SE | VLESS | 8542ms
2026-02-27 10:30:30 [INFO]    [PING OK] FI | VLESS | 5847ms
2026-02-27 10:30:30 [INFO]    [PING OK] FI | VLESS | 4083ms
2026-02-27 10:30:30 [INFO]    [PING OK] DE | VLESS | 3942ms
2026-02-27 10:30:30 [INFO]    [PING OK] DE | VLESS | 2914ms
2026-02-27 10:30:31 [INFO]    [PING OK] DE | VLESS | 3643ms
2026-02-27 10:30:31 [INFO]    [PING OK] NL | VLESS | 2740ms
2026-02-27 10:30:31 [INFO]    [PING OK] US | VLESS | 3235ms
2026-02-27 10:30:31 [INFO]    [PING OK] US | VLESS | 3041ms
2026-02-27 10:30:31 [INFO]    [PING OK] SE | VLESS | 4951ms
2026-02-27 10:30:31 [INFO]    [PING OK] SG | VLESS | 2166ms
2026-02-27 10:30:31 [INFO]    [PING OK] CA | VLESS | 2754ms
2026-02-27 10:30:32 [INFO]    [PING OK] SG | VLESS | 1428ms
2026-02-27 10:30:32 [INFO]    [PING OK] DE | VLESS | 1963ms
2026-02-27 10:30:32 [INFO]    [PING OK] DE | VLESS | 2176ms
2026-02-27 10:30:32 [INFO]    [PING OK] TW | VLESS | 2205ms
2026-02-27 10:30:32 [INFO]    [PING OK] CA | VLESS | 3283ms
2026-02-27 10:30:36 [INFO] 🏎️ ЭТАП 2: Глубокий замер скорости для 40 иностранных кандидатов...
2026-02-27 10:30:40 [INFO]    🏆 DE | VLESS | Пинг: 2914ms | Скорость: 6.09 Mbps ⚡⚡
2026-02-27 10:30:40 [INFO]    🏆 DE | VLESS | Пинг: 3227ms | Скорость: 6.07 Mbps ⚡⚡
2026-02-27 10:30:40 [INFO]    🏆 KZ | VLESS | Пинг: 3404ms | Скорость: 6.02 Mbps ⚡⚡
2026-02-27 10:30:40 [INFO]    🏆 SE | VLESS | Пинг: 3281ms | Скорость: 6.03 Mbps ⚡⚡
2026-02-27 10:30:40 [INFO]    🏆 HU | VLESS | Пинг: 3259ms | Скорость: 5.83 Mbps ⚡⚡
2026-02-27 10:30:41 [INFO]    🏆 US | VLESS | Пинг: 3041ms | Скорость: 5.01 Mbps ⚡⚡
2026-02-27 10:30:41 [INFO]    🏆 SG | VLESS | Пинг: 1428ms | Скорость: 4.56 Mbps ⚡⚡
2026-02-27 10:30:41 [INFO]    🏆 CA | VLESS | Пинг: 2754ms | Скорость: 4.51 Mbps ⚡⚡
2026-02-27 10:30:42 [INFO]    🏆 DE | VLESS | Пинг: 1963ms | Скорость: 4.23 Mbps ⚡⚡
2026-02-27 10:30:42 [INFO]    🏆 TW | VLESS | Пинг: 2205ms | Скорость: 3.63 Mbps ⚡⚡
2026-02-27 10:30:43 [INFO]    🏆 DE | VLESS | Пинг: 2176ms | Скорость: 2.67 Mbps ⚡
2026-02-27 10:30:43 [INFO]    🏆 US | VLESS | Пинг: 3235ms | Скорость: 2.62 Mbps ⚡
2026-02-27 10:30:44 [INFO]    🏆 PL | VLESS | Пинг: 3518ms | Скорость: 8.46 Mbps ⚡⚡
2026-02-27 10:30:44 [INFO]    🏆 DE | VLESS | Пинг: 3406ms | Скорость: 8.15 Mbps ⚡⚡
2026-02-27 10:30:44 [INFO]    🏆 HU | VLESS | Пинг: 3430ms | Скорость: 7.71 Mbps ⚡⚡
2026-02-27 10:30:44 [INFO]    🏆 PL | VLESS | Пинг: 3635ms | Скорость: 8.75 Mbps ⚡⚡
2026-02-27 10:30:44 [INFO]    🏆 PL | VLESS | Пинг: 3648ms | Скорость: 9.01 Mbps ⚡⚡
2026-02-27 10:30:44 [INFO]    🏆 ES | VLESS | Пинг: 3425ms | Скорость: 7.19 Mbps ⚡⚡
2026-02-27 10:30:44 [INFO]    🏆 PL | VLESS | Пинг: 3671ms | Скорость: 9.0 Mbps ⚡⚡
2026-02-27 10:30:44 [INFO]    🏆 NL | VLESS | Пинг: 3676ms | Скорость: 8.96 Mbps ⚡⚡
2026-02-27 10:30:46 [INFO]    🏆 DE | VLESS | Пинг: 3719ms | Скорость: 8.62 Mbps ⚡⚡
2026-02-27 10:30:46 [INFO]    🏆 FI | VLESS | Пинг: 3720ms | Скорость: 8.52 Mbps ⚡⚡
2026-02-27 10:30:46 [INFO]    🏆 DE | VLESS | Пинг: 3643ms | Скорость: 4.36 Mbps ⚡⚡
2026-02-27 10:30:46 [INFO]    🏆 DE | VLESS | Пинг: 3738ms | Скорость: 9.48 Mbps ⚡⚡
2026-02-27 10:30:46 [INFO]    🏆 PL | VLESS | Пинг: 3740ms | Скорость: 9.45 Mbps ⚡⚡
2026-02-27 10:30:47 [INFO]    🏆 LV | VLESS | Пинг: 3512ms | Скорость: 2.44 Mbps ⚡
2026-02-27 10:30:47 [INFO]    🏆 NL | VLESS | Пинг: 3769ms | Скорость: 7.11 Mbps ⚡⚡
2026-02-27 10:30:48 [INFO]    🏆 NL | VLESS | Пинг: 3799ms | Скорость: 6.96 Mbps ⚡⚡
2026-02-27 10:30:48 [INFO]    🏆 PL | VLESS | Пинг: 3820ms | Скорость: 7.8 Mbps ⚡⚡
2026-02-27 10:30:48 [INFO]    🏆 US | VLESS | Пинг: 3800ms | Скорость: 6.51 Mbps ⚡⚡
2026-02-27 10:30:48 [INFO]    🏆 CA | VLESS | Пинг: 3745ms | Скорость: 6.05 Mbps ⚡⚡
2026-02-27 10:30:48 [INFO]    🏆 PL | VLESS | Пинг: 3977ms | Скорость: 13.64 Mbps ⚡⚡
2026-02-27 10:30:49 [INFO]    🏆 FI | VLESS | Пинг: 3717ms | Скорость: 1.86 Mbps ⚡
2026-02-27 10:30:50 [INFO]    🏆 DE | VLESS | Пинг: 3820ms | Скорость: 4.33 Mbps ⚡⚡
2026-02-27 10:30:53 [INFO]    🏆 ES | VLESS | Пинг: 3970ms | Скорость: 0.79 Mbps 
2026-02-27 10:30:53 [INFO] 📊 Итого в подписке сохранено иностранных серверов: 10
2026-02-27 10:30:53 [INFO] 💾 Файл успешно сохранен: FL1PVPN
