2026-02-23 07:20:05 [INFO] 🚀 START: Smart Selector (Target: 10, ONLY FOREIGN)
2026-02-23 07:20:05 [INFO] 🌐 Загрузка источников (VLESS + VMess)...
2026-02-23 07:20:08 [INFO] 🔍 Уникальных конфигов собрано: 228
2026-02-23 07:20:08 [INFO] ⚡ ЭТАП 1: Замер Пинга и Геолокации. Workers: 40...
2026-02-23 07:20:13 [INFO]    [PING OK] CZ | VLESS | 4090ms
2026-02-23 07:20:13 [INFO]    [PING OK] NL | VLESS | 2871ms
2026-02-23 07:20:14 [INFO]    [PING OK] PL | VLESS | 3822ms
2026-02-23 07:20:14 [INFO]    [PING OK] DE | VLESS | 5772ms
2026-02-23 07:20:16 [INFO]    [PING OK] EE | VLESS | 3155ms
2026-02-23 07:20:17 [INFO]    [PING OK] HU | VLESS | 3099ms
2026-02-23 07:20:17 [INFO]    [PING OK] TR | VLESS | 3129ms
2026-02-23 07:20:17 [INFO]    [PING OK] TR | VLESS | 2827ms
2026-02-23 07:20:17 [INFO]    [PING OK] DE | VLESS | 3296ms
2026-02-23 07:20:17 [INFO]    [PING OK] PL | VLESS | 3025ms
2026-02-23 07:20:17 [INFO]    [PING OK] PL | VLESS | 2760ms
2026-02-23 07:20:17 [INFO]    [PING OK] DE | VLESS | 3001ms
2026-02-23 07:20:17 [INFO]    [PING OK] IT | VLESS | 2483ms
2026-02-23 07:20:17 [INFO]    [PING OK] ES | VLESS | 2980ms
2026-02-23 07:20:17 [INFO]    [PING OK] PL | VLESS | 2311ms
2026-02-23 07:20:17 [INFO]    [PING OK] CA | VLESS | 3530ms
2026-02-23 07:20:17 [INFO]    [PING OK] ES | VLESS | 2422ms
2026-02-23 07:20:18 [INFO]    [PING OK] ES | VLESS | 1958ms
2026-02-23 07:20:18 [INFO]    [PING OK] HU | VLESS | 2081ms
2026-02-23 07:20:18 [INFO]    [PING OK] DE | VLESS | 6389ms
2026-02-23 07:20:19 [INFO]    [PING OK] CA | VLESS | 5200ms
2026-02-23 07:20:19 [INFO]    [PING OK] IT | VLESS | 2219ms
2026-02-23 07:20:19 [INFO]    [PING OK] PL | VLESS | 2358ms
2026-02-23 07:20:20 [INFO]    [PING OK] CA | VLESS | 5269ms
2026-02-23 07:20:20 [INFO]    [PING OK] IT | VLESS | 3283ms
2026-02-23 07:20:21 [INFO]    [PING OK] ES | VLESS | 3301ms
2026-02-23 07:20:21 [INFO]    [PING OK] DE | VLESS | 6079ms
2026-02-23 07:20:21 [INFO]    [PING OK] DE | VLESS | 7202ms
2026-02-23 07:20:21 [INFO]    [PING OK] PL | VLESS | 3658ms
2026-02-23 07:20:21 [INFO]    [PING OK] ES | VLESS | 3736ms
2026-02-23 07:20:21 [INFO]    [PING OK] FI | VLESS | 3828ms
2026-02-23 07:20:22 [INFO]    [PING OK] DE | VLESS | 3875ms
2026-02-23 07:20:22 [INFO]    [PING OK] ES | VLESS | 3862ms
2026-02-23 07:20:22 [INFO]    [PING OK] PL | VLESS | 4452ms
2026-02-23 07:20:22 [INFO]    [PING OK] DE | VLESS | 4156ms
2026-02-23 07:20:22 [INFO]    [PING OK] DE | VLESS | 4154ms
2026-02-23 07:20:23 [INFO]    [PING OK] HU | VLESS | 4177ms
2026-02-23 07:20:23 [INFO]    [PING OK] ES | VLESS | 4402ms
2026-02-23 07:20:23 [INFO]    [PING OK] PL | VLESS | 5369ms
2026-02-23 07:20:23 [INFO]    [PING OK] PL | VLESS | 4477ms
2026-02-23 07:20:23 [INFO]    [PING OK] TR | VLESS | 4550ms
2026-02-23 07:20:23 [INFO]    [PING OK] CA | VLESS | 4484ms
2026-02-23 07:20:24 [INFO]    [PING OK] CA | VLESS | 4864ms
2026-02-23 07:20:24 [INFO]    [PING OK] TR | VLESS | 5243ms
2026-02-23 07:20:24 [INFO]    [PING OK] CA | VLESS | 5005ms
2026-02-23 07:20:25 [INFO]    [PING OK] CA | VLESS | 5386ms
2026-02-23 07:20:27 [INFO]    [PING OK] CA | VLESS | 5404ms
2026-02-23 07:20:28 [INFO]    [PING OK] CA | VLESS | 8744ms
2026-02-23 07:20:28 [INFO]    [PING OK] CA | VLESS | 4993ms
2026-02-23 07:20:28 [INFO]    [PING OK] DE | VLESS | 4986ms
2026-02-23 07:20:28 [INFO]    [PING OK] DE | VLESS | 4703ms
2026-02-23 07:20:28 [INFO]    [PING OK] CA | VLESS | 4768ms
2026-02-23 07:20:28 [INFO]    [PING OK] US | VLESS | 5215ms
2026-02-23 07:20:28 [INFO]    [PING OK] CA | VLESS | 4822ms
2026-02-23 07:20:28 [INFO]    [PING OK] CA | VLESS | 4975ms
2026-02-23 07:20:28 [INFO]    [PING OK] GB | VLESS | 6004ms
2026-02-23 07:20:29 [INFO]    [PING OK] CA | VLESS | 5601ms
2026-02-23 07:20:29 [INFO]    [PING OK] BY | VLESS | 4215ms
2026-02-23 07:20:29 [INFO]    [PING OK] CA | VLESS | 4398ms
2026-02-23 07:20:31 [INFO]    [PING OK] CA | VLESS | 4064ms
2026-02-23 07:20:31 [INFO]    [PING OK] DE | VLESS | 3554ms
2026-02-23 07:20:32 [INFO]    [PING OK] CA | VLESS | 4217ms
2026-02-23 07:20:32 [INFO]    [PING OK] CA | VLESS | 4002ms
2026-02-23 07:20:32 [INFO]    [PING OK] DE | VLESS | 1533ms
2026-02-23 07:20:32 [INFO]    [PING OK] CA | VLESS | 3407ms
2026-02-23 07:20:32 [INFO]    [PING OK] CA | VLESS | 3186ms
2026-02-23 07:20:32 [INFO]    [PING OK] CA | VLESS | 8297ms
2026-02-23 07:20:32 [INFO]    [PING OK] CA | VLESS | 3666ms
2026-02-23 07:20:32 [INFO]    [PING OK] CA | VLESS | 2336ms
2026-02-23 07:20:33 [INFO]    [PING OK] CA | VLESS | 4928ms
2026-02-23 07:20:37 [INFO] 🏎️ ЭТАП 2: Глубокий замер скорости для 40 иностранных кандидатов...
2026-02-23 07:20:41 [INFO]    🏆 HU | VLESS | Пинг: 2081ms | Скорость: 6.22 Mbps ⚡⚡
2026-02-23 07:20:41 [INFO]    🏆 PL | VLESS | Пинг: 2358ms | Скорость: 6.34 Mbps ⚡⚡
2026-02-23 07:20:41 [INFO]    🏆 IT | VLESS | Пинг: 2219ms | Скорость: 6.17 Mbps ⚡⚡
2026-02-23 07:20:41 [INFO]    🏆 PL | VLESS | Пинг: 2311ms | Скорость: 6.24 Mbps ⚡⚡
2026-02-23 07:20:41 [INFO]    🏆 ES | VLESS | Пинг: 1958ms | Скорость: 6.08 Mbps ⚡⚡
2026-02-23 07:20:41 [INFO]    🏆 PL | VLESS | Пинг: 3025ms | Скорость: 6.49 Mbps ⚡⚡
2026-02-23 07:20:41 [INFO]    🏆 ES | VLESS | Пинг: 2980ms | Скорость: 6.32 Mbps ⚡⚡
2026-02-23 07:20:41 [INFO]    🏆 PL | VLESS | Пинг: 2760ms | Скорость: 6.11 Mbps ⚡⚡
2026-02-23 07:20:41 [INFO]    🏆 IT | VLESS | Пинг: 2483ms | Скорость: 6.02 Mbps ⚡⚡
2026-02-23 07:20:41 [INFO]    🏆 ES | VLESS | Пинг: 2422ms | Скорость: 6.0 Mbps ⚡⚡
2026-02-23 07:20:41 [INFO]    🏆 CA | VLESS | Пинг: 2336ms | Скорость: 5.48 Mbps ⚡⚡
2026-02-23 07:20:44 [INFO]    🏆 TR | VLESS | Пинг: 2827ms | Скорость: 1.19 Mbps 
2026-02-23 07:20:44 [INFO]    🏆 DE | VLESS | Пинг: 3001ms | Скорость: 1.47 Mbps 
2026-02-23 07:20:44 [INFO]    🏆 NL | VLESS | Пинг: 2871ms | Скорость: 2.12 Mbps ⚡
2026-02-23 07:20:45 [INFO]    🏆 DE | VLESS | Пинг: 3554ms | Скорость: 6.17 Mbps ⚡⚡
2026-02-23 07:20:45 [INFO]    🏆 IT | VLESS | Пинг: 3283ms | Скорость: 5.99 Mbps ⚡⚡
2026-02-23 07:20:45 [INFO]    🏆 PL | VLESS | Пинг: 3658ms | Скорость: 6.33 Mbps ⚡⚡
2026-02-23 07:20:45 [INFO]    🏆 HU | VLESS | Пинг: 3099ms | Скорость: 5.71 Mbps ⚡⚡
2026-02-23 07:20:45 [INFO]    🏆 TR | VLESS | Пинг: 3129ms | Скорость: 5.65 Mbps ⚡⚡
2026-02-23 07:20:45 [INFO]    🏆 ES | VLESS | Пинг: 3301ms | Скорость: 5.7 Mbps ⚡⚡
2026-02-23 07:20:45 [INFO]    🏆 EE | VLESS | Пинг: 3155ms | Скорость: 5.19 Mbps ⚡⚡
2026-02-23 07:20:45 [INFO]    🏆 CA | VLESS | Пинг: 3407ms | Скорость: 5.11 Mbps ⚡⚡
2026-02-23 07:20:45 [INFO]    🏆 CA | VLESS | Пинг: 3186ms | Скорость: 4.96 Mbps ⚡⚡
2026-02-23 07:20:46 [INFO]    🏆 CA | VLESS | Пинг: 3530ms | Скорость: 4.37 Mbps ⚡⚡
2026-02-23 07:20:47 [INFO]    🏆 DE | VLESS | Пинг: 3296ms | Скорость: 1.82 Mbps ⚡
2026-02-23 07:20:48 [INFO]    🏆 ES | VLESS | Пинг: 3862ms | Скорость: 9.02 Mbps ⚡⚡
2026-02-23 07:20:48 [INFO]    🏆 DE | VLESS | Пинг: 4154ms | Скорость: 9.43 Mbps ⚡⚡
2026-02-23 07:20:48 [INFO]    🏆 DE | VLESS | Пинг: 4156ms | Скорость: 10.01 Mbps ⚡⚡
2026-02-23 07:20:48 [INFO]    🏆 HU | VLESS | Пинг: 4177ms | Скорость: 10.23 Mbps ⚡⚡
2026-02-23 07:20:48 [INFO]    🏆 BY | VLESS | Пинг: 4215ms | Скорость: 10.12 Mbps ⚡⚡
2026-02-23 07:20:48 [INFO]    🏆 CA | VLESS | Пинг: 3666ms | Скорость: 5.03 Mbps ⚡⚡
2026-02-23 07:20:48 [INFO]    🏆 FI | VLESS | Пинг: 3828ms | Скорость: 5.13 Mbps ⚡⚡
2026-02-23 07:20:50 [INFO]    🏆 ES | VLESS | Пинг: 3736ms | Скорость: 1.61 Mbps ⚡
2026-02-23 07:20:50 [INFO]    🏆 PL | VLESS | Пинг: 3822ms | Скорость: 1.22 Mbps 
2026-02-23 07:20:52 [INFO]    🏆 DE | VLESS | Пинг: 3875ms | Скорость: 2.4 Mbps ⚡
2026-02-23 07:20:52 [INFO]    🏆 CZ | VLESS | Пинг: 4090ms | Скорость: 3.23 Mbps ⚡⚡
2026-02-23 07:20:53 [INFO]    🏆 CA | VLESS | Пинг: 4217ms | Скорость: 2.31 Mbps ⚡
2026-02-23 07:20:53 [INFO] 📊 Итого в подписке сохранено иностранных серверов: 10
2026-02-23 07:20:53 [INFO] 💾 Файл успешно сохранен: FL1PVPN
