2026-02-27 10:50:06 [INFO] 🚀 START: Smart Selector (Target: 10, ONLY FOREIGN)
2026-02-27 10:50:06 [INFO] 🌐 Загрузка источников (VLESS + VMess)...
2026-02-27 10:50:07 [INFO] 🔍 Уникальных конфигов собрано: 242
2026-02-27 10:50:07 [INFO] ⚡ ЭТАП 1: Замер Пинга и Геолокации. Workers: 40...
2026-02-27 10:50:13 [INFO]    [PING OK] DE | VLESS | 5074ms
2026-02-27 10:50:13 [INFO]    [PING OK] FI | VLESS | 5127ms
2026-02-27 10:50:13 [INFO]    [PING OK] PL | VLESS | 5190ms
2026-02-27 10:50:14 [INFO]    [PING OK] FI | VLESS | 5261ms
2026-02-27 10:50:14 [INFO]    [PING OK] LT | VLESS | 5415ms
2026-02-27 10:50:14 [INFO]    [PING OK] LV | VLESS | 5431ms
2026-02-27 10:50:14 [INFO]    [PING OK] DE | VLESS | 5275ms
2026-02-27 10:50:14 [INFO]    [PING OK] HU | VLESS | 5231ms
2026-02-27 10:50:14 [INFO]    [PING OK] FI | VLESS | 5462ms
2026-02-27 10:50:14 [INFO]    [PING OK] LT | VLESS | 5390ms
2026-02-27 10:50:14 [INFO]    [PING OK] NL | VLESS | 5324ms
2026-02-27 10:50:14 [INFO]    [PING OK] FR | VLESS | 5544ms
2026-02-27 10:50:14 [INFO]    [PING OK] TR | VLESS | 5669ms
2026-02-27 10:50:14 [INFO]    [PING OK] NL | VLESS | 5434ms
2026-02-27 10:50:14 [INFO]    [PING OK] FI | VLESS | 5552ms
2026-02-27 10:50:14 [INFO]    [PING OK] FI | VLESS | 5411ms
2026-02-27 10:50:14 [INFO]    [PING OK] PL | VLESS | 5142ms
2026-02-27 10:50:15 [INFO]    [PING OK] ES | VLESS | 4861ms
2026-02-27 10:50:15 [INFO]    [PING OK] FI | VLESS | 4551ms
2026-02-27 10:50:16 [INFO]    [PING OK] FI | VLESS | 4520ms
2026-02-27 10:50:16 [INFO]    [PING OK] PL | VLESS | 4420ms
2026-02-27 10:50:16 [INFO]    [PING OK] HU | VLESS | 4330ms
2026-02-27 10:50:16 [INFO]    [PING OK] EE | VLESS | 4816ms
2026-02-27 10:50:16 [INFO]    [PING OK] LT | VLESS | 6394ms
2026-02-27 10:50:16 [INFO]    [PING OK] PL | VLESS | 4375ms
2026-02-27 10:50:17 [INFO]    [PING OK] ES | VLESS | 4735ms
2026-02-27 10:50:18 [INFO]    [PING OK] ES | VLESS | 3660ms
2026-02-27 10:50:18 [INFO]    [PING OK] EE | VLESS | 3510ms
2026-02-27 10:50:18 [INFO]    [PING OK] PL | VLESS | 3351ms
2026-02-27 10:50:18 [INFO]    [PING OK] DE | VLESS | 3313ms
2026-02-27 10:50:18 [INFO]    [PING OK] DE | VLESS | 3470ms
2026-02-27 10:50:18 [INFO]    [PING OK] FI | VLESS | 3841ms
2026-02-27 10:50:18 [INFO]    [PING OK] TR | VLESS | 3934ms
2026-02-27 10:50:18 [INFO]    [PING OK] CA | VLESS | 3661ms
2026-02-27 10:50:18 [INFO]    [PING OK] ES | VLESS | 3675ms
2026-02-27 10:50:19 [INFO]    [PING OK] PL | VLESS | 3813ms
2026-02-27 10:50:19 [INFO]    [PING OK] CA | VLESS | 6999ms
2026-02-27 10:50:19 [INFO]    [PING OK] TR | VLESS | 3544ms
2026-02-27 10:50:19 [INFO]    [PING OK] NO | VLESS | 3812ms
2026-02-27 10:50:19 [INFO]    [PING OK] CH | VLESS | 3472ms
2026-02-27 10:50:19 [INFO]    [PING OK] TR | VLESS | 3101ms
2026-02-27 10:50:19 [INFO]    [PING OK] US | VLESS | 3365ms
2026-02-27 10:50:20 [INFO]    [PING OK] EE | VLESS | 5281ms
2026-02-27 10:50:20 [INFO]    [PING OK] HK | VLESS | 3623ms
2026-02-27 10:50:20 [INFO]    [PING OK] NL | VLESS | 3188ms
2026-02-27 10:50:20 [INFO]    [PING OK] ES | VLESS | 3512ms
2026-02-27 10:50:21 [INFO]    [PING OK] US | VLESS | 3557ms
2026-02-27 10:50:21 [INFO]    [PING OK] DE | VLESS | 3323ms
2026-02-27 10:50:21 [INFO]    [PING OK] DE | VLESS | 5648ms
2026-02-27 10:50:21 [INFO]    [PING OK] TR | VLESS | 3310ms
2026-02-27 10:50:21 [INFO]    [PING OK] ES | VLESS | 4464ms
2026-02-27 10:50:21 [INFO]    [PING OK] DE | VLESS | 7362ms
2026-02-27 10:50:22 [INFO]    [PING OK] NL | VLESS | 3428ms
2026-02-27 10:50:22 [INFO]    [PING OK] PL | VLESS | 3494ms
2026-02-27 10:50:23 [INFO]    [PING OK] DE | VLESS | 3215ms
2026-02-27 10:50:23 [INFO]    [PING OK] DE | VLESS | 3716ms
2026-02-27 10:50:23 [INFO]    [PING OK] US | VLESS | 6178ms
2026-02-27 10:50:23 [INFO]    [PING OK] HK | VLESS | 3924ms
2026-02-27 10:50:23 [INFO]    [PING OK] NL | VLESS | 4387ms
2026-02-27 10:50:23 [INFO]    [PING OK] PL | VLESS | 3594ms
2026-02-27 10:50:24 [INFO]    [PING OK] LV | VLESS | 3697ms
2026-02-27 10:50:24 [INFO]    [PING OK] DE | VLESS | 3683ms
2026-02-27 10:50:24 [INFO]    [PING OK] HU | VLESS | 3860ms
2026-02-27 10:50:24 [INFO]    [PING OK] FR | VLESS | 3481ms
2026-02-27 10:50:24 [INFO]    [PING OK] FI | VLESS | 3888ms
2026-02-27 10:50:25 [INFO]    [PING OK] NL | VLESS | 5312ms
2026-02-27 10:50:25 [INFO]    [PING OK] KZ | VLESS | 3429ms
2026-02-27 10:50:25 [INFO]    [PING OK] US | VLESS | 3411ms
2026-02-27 10:50:25 [INFO]    [PING OK] ES | VLESS | 3768ms
2026-02-27 10:50:25 [INFO]    [PING OK] FI | VLESS | 3376ms
2026-02-27 10:50:25 [INFO]    [PING OK] DE | VLESS | 3243ms
2026-02-27 10:50:26 [INFO]    [PING OK] NL | VLESS | 3659ms
2026-02-27 10:50:26 [INFO]    [PING OK] NL | VLESS | 3397ms
2026-02-27 10:50:27 [INFO]    [PING OK] PL | VLESS | 3614ms
2026-02-27 10:50:27 [INFO]    [PING OK] SE | VLESS | 11224ms
2026-02-27 10:50:27 [INFO]    [PING OK] ES | VLESS | 3927ms
2026-02-27 10:50:28 [INFO]    [PING OK] NL | VLESS | 3645ms
2026-02-27 10:50:28 [INFO]    [PING OK] FI | VLESS | 3682ms
2026-02-27 10:50:28 [INFO]    [PING OK] NL | VLESS | 4321ms
2026-02-27 10:50:28 [INFO]    [PING OK] FR | VLESS | 3518ms
2026-02-27 10:50:28 [INFO]    [PING OK] TR | VLESS | 3626ms
2026-02-27 10:50:28 [INFO]    [PING OK] LT | VLESS | 4283ms
2026-02-27 10:50:29 [INFO]    [PING OK] DE | VLESS | 3540ms
2026-02-27 10:50:29 [INFO]    [PING OK] DE | VLESS | 4130ms
2026-02-27 10:50:29 [INFO]    [PING OK] LT | VLESS | 4553ms
2026-02-27 10:50:30 [INFO]    [PING OK] PL | VLESS | 4159ms
2026-02-27 10:50:30 [INFO]    [PING OK] DE | VLESS | 4004ms
2026-02-27 10:50:30 [INFO]    [PING OK] PL | VLESS | 4094ms
2026-02-27 10:50:30 [INFO]    [PING OK] AE | VLESS | 4347ms
2026-02-27 10:50:31 [INFO]    [PING OK] PL | VLESS | 4202ms
2026-02-27 10:50:31 [INFO]    [PING OK] PL | VLESS | 3934ms
2026-02-27 10:50:31 [INFO]    [PING OK] DE | VLESS | 4297ms
2026-02-27 10:50:31 [INFO]    [PING OK] TR | VLESS | 3984ms
2026-02-27 10:50:31 [INFO]    [PING OK] FI | VLESS | 3984ms
2026-02-27 10:50:32 [INFO]    [PING OK] NL | VLESS | 3610ms
2026-02-27 10:50:32 [INFO]    [PING OK] FI | VLESS | 4225ms
2026-02-27 10:50:33 [INFO]    [PING OK] NL | VLESS | 3934ms
2026-02-27 10:50:33 [INFO]    [PING OK] DE | VLESS | 3756ms
2026-02-27 10:50:33 [INFO]    [PING OK] NG | VLESS | 5708ms
2026-02-27 10:50:33 [INFO]    [PING OK] US | VLESS | 3648ms
2026-02-27 10:50:33 [INFO]    [PING OK] DE | VLESS | 3330ms
2026-02-27 10:50:34 [INFO]    [PING OK] SG | VLESS | 3422ms
2026-02-27 10:50:34 [INFO]    [PING OK] DE | VLESS | 3890ms
2026-02-27 10:50:34 [INFO]    [PING OK] SG | VLESS | 2672ms
2026-02-27 10:50:35 [INFO]    [PING OK] DE | VLESS | 3254ms
2026-02-27 10:50:35 [INFO]    [PING OK] DE | VLESS | 5880ms
2026-02-27 10:50:35 [INFO]    [PING OK] DE | VLESS | 3904ms
2026-02-27 10:50:35 [INFO]    [PING OK] CA | VLESS | 4750ms
2026-02-27 10:50:39 [INFO] 🏎️ ЭТАП 2: Глубокий замер скорости для 40 иностранных кандидатов...
2026-02-27 10:50:42 [INFO]    🏆 NL | VLESS | Пинг: 3188ms | Скорость: 6.56 Mbps ⚡⚡
2026-02-27 10:50:42 [INFO]    🏆 DE | VLESS | Пинг: 3215ms | Скорость: 6.47 Mbps ⚡⚡
2026-02-27 10:50:42 [INFO]    🏆 DE | VLESS | Пинг: 3313ms | Скорость: 6.64 Mbps ⚡⚡
2026-02-27 10:50:42 [INFO]    🏆 DE | VLESS | Пинг: 3330ms | Скорость: 6.65 Mbps ⚡⚡
2026-02-27 10:50:42 [INFO]    🏆 TR | VLESS | Пинг: 3101ms | Скорость: 6.31 Mbps ⚡⚡
2026-02-27 10:50:42 [INFO]    🏆 NL | VLESS | Пинг: 3397ms | Скорость: 6.8 Mbps ⚡⚡
2026-02-27 10:50:42 [INFO]    🏆 PL | VLESS | Пинг: 3351ms | Скорость: 6.6 Mbps ⚡⚡
2026-02-27 10:50:43 [INFO]    🏆 US | VLESS | Пинг: 3411ms | Скорость: 6.58 Mbps ⚡⚡
2026-02-27 10:50:43 [INFO]    🏆 SG | VLESS | Пинг: 2672ms | Скорость: 5.44 Mbps ⚡⚡
2026-02-27 10:50:44 [INFO]    🏆 TR | VLESS | Пинг: 3310ms | Скорость: 4.36 Mbps ⚡⚡
2026-02-27 10:50:45 [INFO]    🏆 DE | VLESS | Пинг: 3254ms | Скорость: 3.54 Mbps ⚡⚡
2026-02-27 10:50:45 [INFO]    🏆 DE | VLESS | Пинг: 3323ms | Скорость: 0.77 Mbps 
2026-02-27 10:50:45 [INFO]    🏆 DE | VLESS | Пинг: 3243ms | Скорость: 2.58 Mbps ⚡
2026-02-27 10:50:46 [INFO]    🏆 FI | VLESS | Пинг: 3376ms | Скорость: 1.23 Mbps 
2026-02-27 10:50:46 [INFO]    🏆 FR | VLESS | Пинг: 3481ms | Скорость: 7.46 Mbps ⚡⚡
2026-02-27 10:50:46 [INFO]    🏆 PL | VLESS | Пинг: 3494ms | Скорость: 7.38 Mbps ⚡⚡
2026-02-27 10:50:46 [INFO]    🏆 DE | VLESS | Пинг: 3470ms | Скорость: 7.2 Mbps ⚡⚡
2026-02-27 10:50:46 [INFO]    🏆 KZ | VLESS | Пинг: 3429ms | Скорость: 7.08 Mbps ⚡⚡
2026-02-27 10:50:46 [INFO]    🏆 EE | VLESS | Пинг: 3510ms | Скорость: 7.36 Mbps ⚡⚡
2026-02-27 10:50:46 [INFO]    🏆 SG | VLESS | Пинг: 3422ms | Скорость: 6.23 Mbps ⚡⚡
2026-02-27 10:50:47 [INFO]    🏆 NL | VLESS | Пинг: 3428ms | Скорость: 4.76 Mbps ⚡⚡
2026-02-27 10:50:47 [INFO]    🏆 FR | VLESS | Пинг: 3518ms | Скорость: 7.25 Mbps ⚡⚡
2026-02-27 10:50:48 [INFO]    🏆 DE | VLESS | Пинг: 3540ms | Скорость: 10.1 Mbps ⚡⚡
2026-02-27 10:50:48 [INFO]    🏆 PL | VLESS | Пинг: 3594ms | Скорость: 11.54 Mbps ⚡⚡
2026-02-27 10:50:48 [INFO]    🏆 NL | VLESS | Пинг: 3610ms | Скорость: 9.98 Mbps ⚡⚡
2026-02-27 10:50:48 [INFO]    🏆 TR | VLESS | Пинг: 3544ms | Скорость: 9.13 Mbps ⚡⚡
2026-02-27 10:50:48 [INFO]    🏆 PL | VLESS | Пинг: 3614ms | Скорость: 11.19 Mbps ⚡⚡
2026-02-27 10:50:49 [INFO]    🏆 NL | VLESS | Пинг: 3645ms | Скорость: 9.61 Mbps ⚡⚡
2026-02-27 10:50:49 [INFO]    🏆 TR | VLESS | Пинг: 3626ms | Скорость: 9.43 Mbps ⚡⚡
2026-02-27 10:50:49 [INFO]    🏆 CH | VLESS | Пинг: 3472ms | Скорость: 0.97 Mbps 
2026-02-27 10:50:49 [INFO]    🏆 US | VLESS | Пинг: 3648ms | Скорость: 7.89 Mbps ⚡⚡
2026-02-27 10:50:50 [INFO]    🏆 NL | VLESS | Пинг: 3659ms | Скорость: 7.92 Mbps ⚡⚡
2026-02-27 10:50:50 [INFO]    🏆 FI | VLESS | Пинг: 3682ms | Скорость: 17.19 Mbps ⚡⚡
2026-02-27 10:50:50 [INFO]    🏆 ES | VLESS | Пинг: 3675ms | Скорость: 13.19 Mbps ⚡⚡
2026-02-27 10:50:50 [INFO]    🏆 CA | VLESS | Пинг: 3661ms | Скорость: 10.36 Mbps ⚡⚡
2026-02-27 10:50:52 [INFO]    🏆 US | VLESS | Пинг: 3557ms | Скорость: 1.74 Mbps ⚡
2026-02-27 10:50:53 [INFO]    🏆 ES | VLESS | Пинг: 3660ms | Скорость: 1.28 Mbps 
2026-02-27 10:50:54 [INFO] 📊 Итого в подписке сохранено иностранных серверов: 10
2026-02-27 10:50:54 [INFO] 💾 Файл успешно сохранен: FL1PVPN
