2026-02-23 18:00:05 [INFO] 🚀 START: Smart Selector (Target: 10, ONLY FOREIGN)
2026-02-23 18:00:05 [INFO] 🌐 Загрузка источников (VLESS + VMess)...
2026-02-23 18:00:08 [INFO] 🔍 Уникальных конфигов собрано: 177
2026-02-23 18:00:08 [INFO] ⚡ ЭТАП 1: Замер Пинга и Геолокации. Workers: 40...
2026-02-23 18:00:13 [INFO]    [PING OK] ES | VLESS | 4455ms
2026-02-23 18:00:13 [INFO]    [PING OK] HU | VLESS | 4241ms
2026-02-23 18:00:14 [INFO]    [PING OK] HU | VLESS | 4507ms
2026-02-23 18:00:14 [INFO]    [PING OK] ES | VLESS | 4678ms
2026-02-23 18:00:14 [INFO]    [PING OK] PL | VLESS | 4665ms
2026-02-23 18:00:14 [INFO]    [PING OK] ES | VLESS | 4675ms
2026-02-23 18:00:14 [INFO]    [PING OK] FI | VLESS | 4398ms
2026-02-23 18:00:14 [INFO]    [PING OK] PL | VLESS | 4907ms
2026-02-23 18:00:15 [INFO]    [PING OK] TR | VLESS | 5183ms
2026-02-23 18:00:15 [INFO]    [PING OK] PL | VLESS | 5111ms
2026-02-23 18:00:15 [INFO]    [PING OK] ES | VLESS | 4188ms
2026-02-23 18:00:15 [INFO]    [PING OK] HU | VLESS | 4803ms
2026-02-23 18:00:15 [INFO]    [PING OK] DE | VLESS | 4552ms
2026-02-23 18:00:15 [INFO]    [PING OK] ES | VLESS | 5106ms
2026-02-23 18:00:15 [INFO]    [PING OK] IT | VLESS | 4671ms
2026-02-23 18:00:15 [INFO]    [PING OK] HU | VLESS | 4850ms
2026-02-23 18:00:15 [INFO]    [PING OK] ES | VLESS | 5821ms
2026-02-23 18:00:15 [INFO]    [PING OK] HU | VLESS | 4824ms
2026-02-23 18:00:15 [INFO]    [PING OK] EE | VLESS | 4950ms
2026-02-23 18:00:16 [INFO]    [PING OK] ES | VLESS | 5075ms
2026-02-23 18:00:17 [INFO]    [PING OK] PL | VLESS | 5246ms
2026-02-23 18:00:17 [INFO]    [PING OK] PL | VLESS | 5224ms
2026-02-23 18:00:17 [INFO]    [PING OK] PL | VLESS | 5126ms
2026-02-23 18:00:17 [INFO]    [PING OK] TR | VLESS | 5554ms
2026-02-23 18:00:18 [INFO]    [PING OK] TR | VLESS | 5686ms
2026-02-23 18:00:18 [INFO]    [PING OK] TR | VLESS | 5343ms
2026-02-23 18:00:20 [INFO]    [PING OK] US | VLESS | 4982ms
2026-02-23 18:00:20 [INFO]    [PING OK] CA | VLESS | 5499ms
2026-02-23 18:00:21 [INFO]    [PING OK] CA | VLESS | 5362ms
2026-02-23 18:00:21 [INFO]    [PING OK] SE | VLESS | 5482ms
2026-02-23 18:00:21 [INFO]    [PING OK] SE | VLESS | 5506ms
2026-02-23 18:00:21 [INFO]    [PING OK] DE | VLESS | 5639ms
2026-02-23 18:00:21 [INFO]    [PING OK] SE | VLESS | 5597ms
2026-02-23 18:00:22 [INFO]    [PING OK] CA | VLESS | 6069ms
2026-02-23 18:00:22 [INFO]    [PING OK] SE | VLESS | 5444ms
2026-02-23 18:00:23 [INFO]    [PING OK] NL | VLESS | 7344ms
2026-02-23 18:00:23 [INFO]    [PING OK] CA | VLESS | 5097ms
2026-02-23 18:00:23 [INFO]    [PING OK] DE | VLESS | 4719ms
2026-02-23 18:00:23 [INFO]    [PING OK] SG | VLESS | 5134ms
2026-02-23 18:00:23 [INFO]    [PING OK] SE | VLESS | 4077ms
2026-02-23 18:00:24 [INFO]    [PING OK] CA | VLESS | 7379ms
2026-02-23 18:00:24 [INFO]    [PING OK] NL | VLESS | 2779ms
2026-02-23 18:00:24 [INFO]    [PING OK] SE | VLESS | 2000ms
2026-02-23 18:00:24 [INFO]    [PING OK] SE | VLESS | 2064ms
2026-02-23 18:00:24 [INFO]    [PING OK] CA | VLESS | 4587ms
2026-02-23 18:00:24 [INFO]    [PING OK] CA | VLESS | 2714ms
2026-02-23 18:00:25 [INFO]    [PING OK] CA | VLESS | 3826ms
2026-02-23 18:00:25 [INFO]    [PING OK] CA | VLESS | 5914ms
2026-02-23 18:00:25 [INFO]    [PING OK] CA | VLESS | 3462ms
2026-02-23 18:00:25 [INFO]    [PING OK] CA | VLESS | 4116ms
2026-02-23 18:00:26 [INFO]    [PING OK] NL | VLESS | 4530ms
2026-02-23 18:00:29 [INFO] 🏎️ ЭТАП 2: Глубокий замер скорости для 40 иностранных кандидатов...
2026-02-23 18:00:32 [INFO]    🏆 SE | VLESS | Пинг: 2000ms | Скорость: 7.02 Mbps ⚡⚡
2026-02-23 18:00:32 [INFO]    🏆 CA | VLESS | Пинг: 3826ms | Скорость: 7.05 Mbps ⚡⚡
2026-02-23 18:00:33 [INFO]    🏆 DE | VLESS | Пинг: 4552ms | Скорость: 6.63 Mbps ⚡⚡
2026-02-23 18:00:33 [INFO]    🏆 HU | VLESS | Пинг: 4241ms | Скорость: 5.67 Mbps ⚡⚡
2026-02-23 18:00:35 [INFO]    🏆 ES | VLESS | Пинг: 4675ms | Скорость: 12.5 Mbps ⚡⚡
2026-02-23 18:00:36 [INFO]    🏆 CA | VLESS | Пинг: 2714ms | Скорость: 0.79 Mbps 
2026-02-23 18:00:36 [INFO]    🏆 CA | VLESS | Пинг: 3462ms | Скорость: 0.83 Mbps 
2026-02-23 18:00:36 [INFO]    🏆 SE | VLESS | Пинг: 2064ms | Скорость: 0.67 Mbps 
2026-02-23 18:00:36 [INFO]    🏆 HU | VLESS | Пинг: 4507ms | Скорость: 1.74 Mbps ⚡
2026-02-23 18:00:36 [INFO]    🏆 ES | VLESS | Пинг: 4188ms | Скорость: 2.02 Mbps ⚡
2026-02-23 18:00:36 [INFO]    🏆 HU | VLESS | Пинг: 4824ms | Скорость: 10.67 Mbps ⚡⚡
2026-02-23 18:00:37 [INFO]    🏆 PL | VLESS | Пинг: 4665ms | Скорость: 5.75 Mbps ⚡⚡
2026-02-23 18:00:37 [INFO]    🏆 HU | VLESS | Пинг: 4803ms | Скорость: 7.51 Mbps ⚡⚡
2026-02-23 18:00:38 [INFO]    🏆 PL | VLESS | Пинг: 5111ms | Скорость: 12.82 Mbps ⚡⚡
2026-02-23 18:00:38 [INFO]    🏆 PL | VLESS | Пинг: 4907ms | Скорость: 9.7 Mbps ⚡⚡
2026-02-23 18:00:38 [INFO]    🏆 CA | VLESS | Пинг: 4587ms | Скорость: 0.96 Mbps 
2026-02-23 18:00:39 [INFO]    🏆 HU | VLESS | Пинг: 4850ms | Скорость: 7.02 Mbps ⚡⚡
2026-02-23 18:00:39 [INFO]    🏆 IT | VLESS | Пинг: 4671ms | Скорость: 1.84 Mbps ⚡
2026-02-23 18:00:39 [INFO]    🏆 US | VLESS | Пинг: 4982ms | Скорость: 6.54 Mbps ⚡⚡
2026-02-23 18:00:40 [INFO]    🏆 PL | VLESS | Пинг: 5126ms | Скорость: 5.77 Mbps ⚡⚡
2026-02-23 18:00:41 [INFO]    🏆 DE | VLESS | Пинг: 4719ms | Скорость: 0.69 Mbps 
2026-02-23 18:00:41 [INFO]    🏆 PL | VLESS | Пинг: 5246ms | Скорость: 11.33 Mbps ⚡⚡
2026-02-23 18:00:41 [INFO]    🏆 TR | VLESS | Пинг: 5183ms | Скорость: 6.12 Mbps ⚡⚡
2026-02-23 18:00:41 [INFO]    🏆 TR | VLESS | Пинг: 5343ms | Скорость: 9.89 Mbps ⚡⚡
2026-02-23 18:00:43 [INFO]    🏆 ES | VLESS | Пинг: 5075ms | Скорость: 1.12 Mbps 
2026-02-23 18:00:43 [INFO]    🏆 PL | VLESS | Пинг: 5224ms | Скорость: 5.59 Mbps ⚡⚡
2026-02-23 18:00:43 [INFO]    🏆 ES | VLESS | Пинг: 5106ms | Скорость: 0.99 Mbps 
2026-02-23 18:00:46 [INFO] 📊 Итого в подписке сохранено иностранных серверов: 10
2026-02-23 18:00:46 [INFO] 💾 Файл успешно сохранен: FL1PVPN
