2026-02-22 01:20:05 [INFO] 🚀 START: Smart Selector (Target: 10, ONLY FOREIGN)
2026-02-22 01:20:05 [INFO] 🌐 Загрузка источников (VLESS + VMess)...
2026-02-22 01:20:08 [INFO] 🔍 Уникальных конфигов собрано: 266
2026-02-22 01:20:08 [INFO] ⚡ ЭТАП 1: Замер Пинга и Геолокации. Workers: 40...
2026-02-22 01:20:15 [INFO]    [PING OK] TR | VLESS | 5207ms
2026-02-22 01:20:15 [INFO]    [PING OK] IT | VLESS | 4663ms
2026-02-22 01:20:15 [INFO]    [PING OK] CZ | VLESS | 5332ms
2026-02-22 01:20:16 [INFO]    [PING OK] TR | VLESS | 4441ms
2026-02-22 01:20:17 [INFO]    [PING OK] EE | VLESS | 4070ms
2026-02-22 01:20:17 [INFO]    [PING OK] PL | VLESS | 4313ms
2026-02-22 01:20:17 [INFO]    [PING OK] DE | VLESS | 5276ms
2026-02-22 01:20:20 [INFO]    [PING OK] PL | VLESS | 5169ms
2026-02-22 01:20:20 [INFO]    [PING OK] ES | VLESS | 5845ms
2026-02-22 01:20:20 [INFO]    [PING OK] PL | VLESS | 5510ms
2026-02-22 01:20:21 [INFO]    [PING OK] ES | VLESS | 5652ms
2026-02-22 01:20:21 [INFO]    [PING OK] DE | VLESS | 5289ms
2026-02-22 01:20:21 [INFO]    [PING OK] ES | VLESS | 6109ms
2026-02-22 01:20:21 [INFO]    [PING OK] PL | VLESS | 5289ms
2026-02-22 01:20:21 [INFO]    [PING OK] PL | VLESS | 5843ms
2026-02-22 01:20:21 [INFO]    [PING OK] CA | VLESS | 5193ms
2026-02-22 01:20:21 [INFO]    [PING OK] HU | VLESS | 5182ms
2026-02-22 01:20:22 [INFO]    [PING OK] ES | VLESS | 5191ms
2026-02-22 01:20:23 [INFO]    [PING OK] PL | VLESS | 5301ms
2026-02-22 01:20:24 [INFO]    [PING OK] CA | VLESS | 5502ms
2026-02-22 01:20:24 [INFO]    [PING OK] HU | VLESS | 4952ms
2026-02-22 01:20:26 [INFO]    [PING OK] DE | VLESS | 4954ms
2026-02-22 01:20:26 [INFO]    [PING OK] PL | VLESS | 4973ms
2026-02-22 01:20:26 [INFO]    [PING OK] NL | VLESS | 4621ms
2026-02-22 01:20:27 [INFO]    [PING OK] PL | VLESS | 5053ms
2026-02-22 01:20:27 [INFO]    [PING OK] NL | VLESS | 5623ms
2026-02-22 01:20:27 [INFO]    [PING OK] DE | VLESS | 5415ms
2026-02-22 01:20:28 [INFO]    [PING OK] DE | VLESS | 5436ms
2026-02-22 01:20:28 [INFO]    [PING OK] PL | VLESS | 5688ms
2026-02-22 01:20:29 [INFO]    [PING OK] NL | VLESS | 5383ms
2026-02-22 01:20:29 [INFO]    [PING OK] DE | VLESS | 5433ms
2026-02-22 01:20:29 [INFO]    [PING OK] NL | VLESS | 5436ms
2026-02-22 01:20:29 [INFO]    [PING OK] CA | VLESS | 5180ms
2026-02-22 01:20:31 [INFO]    [PING OK] CA | VLESS | 5476ms
2026-02-22 01:20:31 [INFO]    [PING OK] CA | VLESS | 5771ms
2026-02-22 01:20:31 [INFO]    [PING OK] CA | VLESS | 6464ms
2026-02-22 01:20:31 [INFO]    [PING OK] CA | VLESS | 6087ms
2026-02-22 01:20:34 [INFO]    [PING OK] KZ | VLESS | 6505ms
2026-02-22 01:20:34 [INFO]    [PING OK] DE | VLESS | 6233ms
2026-02-22 01:20:34 [INFO]    [PING OK] DE | VLESS | 6294ms
2026-02-22 01:20:35 [INFO]    [PING OK] CA | VLESS | 6271ms
2026-02-22 01:20:35 [INFO]    [PING OK] CA | VLESS | 6695ms
2026-02-22 01:20:35 [INFO]    [PING OK] GB | VLESS | 6469ms
2026-02-22 01:20:35 [INFO]    [PING OK] CA | VLESS | 10300ms
2026-02-22 01:20:35 [INFO]    [PING OK] CA | VLESS | 7078ms
2026-02-22 01:20:35 [INFO]    [PING OK] CA | VLESS | 6517ms
2026-02-22 01:20:35 [INFO]    [PING OK] US | VLESS | 5781ms
2026-02-22 01:20:36 [INFO]    [PING OK] CA | VLESS | 6068ms
2026-02-22 01:20:36 [INFO]    [PING OK] CA | VLESS | 5490ms
2026-02-22 01:20:36 [INFO]    [PING OK] US | VLESS | 5132ms
2026-02-22 01:20:37 [INFO]    [PING OK] NL | VLESS | 2164ms
2026-02-22 01:20:37 [INFO]    [PING OK] CA | VLESS | 4727ms
2026-02-22 01:20:37 [INFO]    [PING OK] CA | VLESS | 3561ms
2026-02-22 01:20:37 [INFO]    [PING OK] CA | VLESS | 7317ms
2026-02-22 01:20:37 [INFO]    [PING OK] CA | VLESS | 4184ms
2026-02-22 01:20:37 [INFO]    [PING OK] CA | VLESS | 4227ms
2026-02-22 01:20:37 [INFO]    [PING OK] CA | VLESS | 5150ms
2026-02-22 01:20:38 [INFO]    [PING OK] CA | VLESS | 3185ms
2026-02-22 01:20:42 [INFO] 🏎️ ЭТАП 2: Глубокий замер скорости для 40 иностранных кандидатов...
2026-02-22 01:20:45 [INFO]    🏆 NL | VLESS | Пинг: 2164ms | Скорость: 6.37 Mbps ⚡⚡
2026-02-22 01:20:46 [INFO]    🏆 IT | VLESS | Пинг: 4663ms | Скорость: 5.73 Mbps ⚡⚡
2026-02-22 01:20:46 [INFO]    🏆 EE | VLESS | Пинг: 4070ms | Скорость: 5.32 Mbps ⚡⚡
2026-02-22 01:20:46 [INFO]    🏆 NL | VLESS | Пинг: 4621ms | Скорость: 5.39 Mbps ⚡⚡
2026-02-22 01:20:46 [INFO]    🏆 HU | VLESS | Пинг: 4952ms | Скорость: 5.38 Mbps ⚡⚡
2026-02-22 01:20:46 [INFO]    🏆 PL | VLESS | Пинг: 4973ms | Скорость: 5.45 Mbps ⚡⚡
2026-02-22 01:20:46 [INFO]    🏆 DE | VLESS | Пинг: 4954ms | Скорость: 5.42 Mbps ⚡⚡
2026-02-22 01:20:46 [INFO]    🏆 PL | VLESS | Пинг: 5053ms | Скорость: 5.38 Mbps ⚡⚡
2026-02-22 01:20:46 [INFO]    🏆 TR | VLESS | Пинг: 4441ms | Скорость: 5.2 Mbps ⚡⚡
2026-02-22 01:20:46 [INFO]    🏆 PL | VLESS | Пинг: 4313ms | Скорость: 5.03 Mbps ⚡⚡
2026-02-22 01:20:48 [INFO]    🏆 CA | VLESS | Пинг: 4227ms | Скорость: 0.93 Mbps 
2026-02-22 01:20:49 [INFO]    🏆 US | VLESS | Пинг: 5132ms | Скорость: 7.7 Mbps ⚡⚡
2026-02-22 01:20:50 [INFO]    🏆 PL | VLESS | Пинг: 5289ms | Скорость: 6.2 Mbps ⚡⚡
2026-02-22 01:20:50 [INFO]    🏆 PL | VLESS | Пинг: 5169ms | Скорость: 5.82 Mbps ⚡⚡
2026-02-22 01:20:50 [INFO]    🏆 PL | VLESS | Пинг: 5301ms | Скорость: 6.3 Mbps ⚡⚡
2026-02-22 01:20:50 [INFO]    🏆 HU | VLESS | Пинг: 5182ms | Скорость: 5.88 Mbps ⚡⚡
2026-02-22 01:20:50 [INFO]    🏆 ES | VLESS | Пинг: 5191ms | Скорость: 5.85 Mbps ⚡⚡
2026-02-22 01:20:50 [INFO]    🏆 TR | VLESS | Пинг: 5207ms | Скорость: 5.86 Mbps ⚡⚡
2026-02-22 01:20:51 [INFO]    🏆 DE | VLESS | Пинг: 5276ms | Скорость: 5.39 Mbps ⚡⚡
2026-02-22 01:20:52 [INFO]    🏆 NL | VLESS | Пинг: 5383ms | Скорость: 6.38 Mbps ⚡⚡
2026-02-22 01:20:52 [INFO]    🏆 DE | VLESS | Пинг: 5415ms | Скорость: 6.3 Mbps ⚡⚡
2026-02-22 01:20:52 [INFO]    🏆 DE | VLESS | Пинг: 5433ms | Скорость: 7.04 Mbps ⚡⚡
2026-02-22 01:20:53 [INFO]    🏆 CZ | VLESS | Пинг: 5332ms | Скорость: 5.85 Mbps ⚡⚡
2026-02-22 01:20:53 [INFO]    🏆 CA | VLESS | Пинг: 5150ms | Скорость: 0.78 Mbps 
2026-02-22 01:20:53 [INFO]    🏆 CA | VLESS | Пинг: 5180ms | Скорость: 0.85 Mbps 
2026-02-22 01:20:53 [INFO]    🏆 DE | VLESS | Пинг: 5436ms | Скорость: 8.23 Mbps ⚡⚡
2026-02-22 01:20:53 [INFO]    🏆 NL | VLESS | Пинг: 5436ms | Скорость: 8.44 Mbps ⚡⚡
2026-02-22 01:20:53 [INFO]    🏆 PL | VLESS | Пинг: 5688ms | Скорость: 10.6 Mbps ⚡⚡
2026-02-22 01:20:54 [INFO]    🏆 ES | VLESS | Пинг: 5652ms | Скорость: 9.57 Mbps ⚡⚡
2026-02-22 01:20:54 [INFO]    🏆 PL | VLESS | Пинг: 5510ms | Скорость: 7.21 Mbps ⚡⚡
2026-02-22 01:20:54 [INFO]    🏆 NL | VLESS | Пинг: 5623ms | Скорость: 6.01 Mbps ⚡⚡
2026-02-22 01:20:57 [INFO]    🏆 CA | VLESS | Пинг: 5502ms | Скорость: 0.85 Mbps 
2026-02-22 01:20:57 [INFO] 📊 Итого в подписке сохранено иностранных серверов: 10
2026-02-22 01:20:57 [INFO] 💾 Файл успешно сохранен: FL1PVPN
