2026-02-18 09:50:06 [INFO] 🚀 START: Smart VLESS Selector (Target: 10, Strict Mode)
2026-02-18 09:50:06 [INFO] 🌐 Загрузка источников...
2026-02-18 09:50:09 [INFO] 🔍 Уникальных конфигов собрано: 294
2026-02-18 09:50:09 [INFO] ⚡ ЭТАП 1: Быстрый замер Пинга (Workers: 25)...
2026-02-18 09:50:10 [INFO]    [PING OK] DE | 184ms
2026-02-18 09:50:10 [INFO]    [PING OK] BG | 287ms
2026-02-18 09:50:10 [INFO]    [PING OK] IT | 556ms
2026-02-18 09:50:10 [INFO]    [PING OK] IT | 548ms
2026-02-18 09:50:11 [INFO]    [PING OK] US | 1526ms
2026-02-18 09:50:12 [INFO]    [PING OK] IT | 596ms
2026-02-18 09:50:13 [INFO]    [PING OK] RU | 136ms
2026-02-18 09:50:13 [INFO]    [PING OK] RU | 199ms
2026-02-18 09:50:18 [INFO]    [PING OK] IT | 559ms
2026-02-18 09:50:18 [INFO]    [PING OK] DE | 200ms
2026-02-18 09:50:21 [INFO]    [PING OK] LT | 1488ms
2026-02-18 09:50:22 [INFO]    [PING OK] DE | 196ms
2026-02-18 09:50:22 [INFO]    [PING OK] DE | 176ms
2026-02-18 09:50:22 [INFO]    [PING OK] RU | 230ms
2026-02-18 09:50:22 [INFO]    [PING OK] CY | 1736ms
2026-02-18 09:50:22 [INFO]    [PING OK] RU | 220ms
2026-02-18 09:50:23 [INFO]    [PING OK] RU | 526ms
2026-02-18 09:50:23 [INFO]    [PING OK] RU | 93ms
2026-02-18 09:50:23 [INFO]    [PING OK] RU | 1039ms
2026-02-18 09:50:23 [INFO]    [PING OK] RU | 264ms
2026-02-18 09:50:23 [INFO]    [PING OK] RU | 263ms
2026-02-18 09:50:23 [INFO]    [PING OK] RU | 479ms
2026-02-18 09:50:23 [INFO]    [PING OK] RU | 1346ms
2026-02-18 09:50:24 [INFO]    [PING OK] RU | 281ms
2026-02-18 09:50:24 [INFO]    [PING OK] RU | 376ms
2026-02-18 09:50:24 [INFO]    [PING OK] RU | 195ms
2026-02-18 09:50:24 [INFO]    [PING OK] RU | 192ms
2026-02-18 09:50:24 [INFO]    [PING OK] RU | 516ms
2026-02-18 09:50:25 [INFO]    [PING OK] RU | 255ms
2026-02-18 09:50:25 [INFO]    [PING OK] RU | 578ms
2026-02-18 09:50:25 [INFO]    [PING OK] RU | 1463ms
2026-02-18 09:50:25 [INFO]    [PING OK] RU | 307ms
2026-02-18 09:50:25 [INFO]    [PING OK] RU | 629ms
2026-02-18 09:50:25 [INFO]    [PING OK] RU | 317ms
2026-02-18 09:50:25 [INFO]    [PING OK] RU | 610ms
2026-02-18 09:50:25 [INFO]    [PING OK] RU | 219ms
2026-02-18 09:50:25 [INFO]    [PING OK] RU | 228ms
2026-02-18 09:50:25 [INFO]    [PING OK] RU | 258ms
2026-02-18 09:50:26 [INFO]    [PING OK] RU | 316ms
2026-02-18 09:50:26 [INFO]    [PING OK] RU | 305ms
2026-02-18 09:50:26 [INFO]    [PING OK] RU | 197ms
2026-02-18 09:50:26 [INFO]    [PING OK] RU | 296ms
2026-02-18 09:50:26 [INFO]    [PING OK] RU | 132ms
2026-02-18 09:50:26 [INFO]    [PING OK] RU | 1128ms
2026-02-18 09:50:26 [INFO]    [PING OK] RU | 317ms
2026-02-18 09:50:26 [INFO]    [PING OK] RU | 769ms
2026-02-18 09:50:26 [INFO]    [PING OK] RU | 1098ms
2026-02-18 09:50:27 [INFO]    [PING OK] RU | 286ms
2026-02-18 09:50:27 [INFO]    [PING OK] RU | 2842ms
2026-02-18 09:50:27 [INFO]    [PING OK] RU | 1952ms
2026-02-18 09:50:27 [INFO]    [PING OK] RU | 278ms
2026-02-18 09:50:27 [INFO]    [PING OK] RU | 509ms
2026-02-18 09:50:27 [INFO]    [PING OK] RU | 282ms
2026-02-18 09:50:27 [INFO]    [PING OK] RU | 351ms
2026-02-18 09:50:28 [INFO]    [PING OK] RU | 304ms
2026-02-18 09:50:28 [INFO]    [PING OK] RU | 617ms
2026-02-18 09:50:28 [INFO]    [PING OK] RU | 277ms
2026-02-18 09:50:28 [INFO]    [PING OK] RU | 1224ms
2026-02-18 09:50:28 [INFO]    [PING OK] RU | 185ms
2026-02-18 09:50:28 [INFO]    [PING OK] RU | 1061ms
2026-02-18 09:50:28 [INFO]    [PING OK] RU | 4320ms
2026-02-18 09:50:28 [INFO]    [PING OK] AE | 141ms
2026-02-18 09:50:28 [INFO]    [PING OK] RU | 807ms
2026-02-18 09:50:29 [INFO]    [PING OK] RU | 1096ms
2026-02-18 09:50:29 [INFO]    [PING OK] RU | 3134ms
2026-02-18 09:50:29 [INFO]    [PING OK] RU | 1220ms
2026-02-18 09:50:29 [INFO]    [PING OK] RU | 1203ms
2026-02-18 09:50:29 [INFO]    [PING OK] IQ | 206ms
2026-02-18 09:50:31 [INFO]    [PING OK] FI | 625ms
2026-02-18 09:50:32 [INFO]    [PING OK] AT | 235ms
2026-02-18 09:50:32 [INFO]    [PING OK] RU | 2504ms
2026-02-18 09:50:32 [INFO]    [PING OK] US | 639ms
2026-02-18 09:50:32 [INFO]    [PING OK] PL | 111ms
2026-02-18 09:50:33 [INFO]    [PING OK] FI | 131ms
2026-02-18 09:50:33 [INFO]    [PING OK] MD | 145ms
2026-02-18 09:50:34 [INFO]    [PING OK] DE | 189ms
2026-02-18 09:50:35 [INFO]    [PING OK] NL | 224ms
2026-02-18 09:50:35 [INFO]    [PING OK] NL | 212ms
2026-02-18 09:50:36 [INFO]    [PING OK] UZ | 393ms
2026-02-18 09:50:36 [INFO]    [PING OK] NL | 427ms
2026-02-18 09:50:36 [INFO]    [PING OK] FI | 181ms
2026-02-18 09:50:37 [INFO]    [PING OK] FI | 200ms
2026-02-18 09:50:37 [INFO]    [PING OK] JP | 3635ms
2026-02-18 09:50:37 [INFO]    [PING OK] HU | 318ms
2026-02-18 09:50:38 [INFO]    [PING OK] RU | 170ms
2026-02-18 09:50:38 [INFO]    [PING OK] NL | 860ms
2026-02-18 09:50:39 [INFO]    [PING OK] DE | 515ms
2026-02-18 09:50:40 [INFO]    [PING OK] PL | 129ms
2026-02-18 09:50:40 [INFO]    [PING OK] DE | 182ms
2026-02-18 09:50:40 [INFO]    [PING OK] DE | 200ms
2026-02-18 09:50:40 [INFO]    [PING OK] TR | 477ms
2026-02-18 09:50:40 [INFO]    [PING OK] NL | 504ms
2026-02-18 09:50:46 [INFO] 🏎️ ЭТАП 2: Глубокий замер скорости для ТОП-10 серверов...
2026-02-18 09:50:53 [INFO]    🏆 PL | Пинг: 111ms | Скорость: 0.0 Mbps 
2026-02-18 09:50:53 [INFO]    🏆 PL | Пинг: 129ms | Скорость: 0.0 Mbps 
2026-02-18 09:50:53 [INFO]    🏆 FI | Пинг: 131ms | Скорость: 10.25 Mbps ⚡⚡
2026-02-18 09:50:53 [INFO]    🏆 AE | Пинг: 141ms | Скорость: 10.19 Mbps ⚡⚡
2026-02-18 09:50:53 [INFO]    🏆 MD | Пинг: 145ms | Скорость: 2.02 Mbps ⚡
2026-02-18 09:50:53 [INFO]    🏆 DE | Пинг: 176ms | Скорость: 10.04 Mbps ⚡⚡
2026-02-18 09:50:53 [INFO]    🏆 FI | Пинг: 181ms | Скорость: 10.15 Mbps ⚡⚡
2026-02-18 09:50:53 [INFO]    🏆 DE | Пинг: 182ms | Скорость: 0.0 Mbps 
2026-02-18 09:50:53 [INFO]    🏆 DE | Пинг: 184ms | Скорость: 7.49 Mbps ⚡⚡
2026-02-18 09:50:53 [INFO]    🏆 RU | Пинг: 93ms | Скорость: 8.77 Mbps ⚡⚡
2026-02-18 09:50:53 [INFO] 🇷🇺 Добавлен RU сервер: 178.250.243.97
2026-02-18 09:50:53 [INFO] 📊 Итого в подписке сохранено: 10 серверов
2026-02-18 09:50:53 [INFO] 💾 Файл успешно сохранен: FL1PVPN
