2026-02-24 17:10:05 [INFO] 🚀 START: Smart Selector (Target: 10, ONLY FOREIGN)
2026-02-24 17:10:05 [INFO] 🌐 Загрузка источников (VLESS + VMess)...
2026-02-24 17:10:07 [INFO] 🔍 Уникальных конфигов собрано: 220
2026-02-24 17:10:07 [INFO] ⚡ ЭТАП 1: Замер Пинга и Геолокации. Workers: 40...
2026-02-24 17:10:13 [INFO]    [PING OK] TR | VLESS | 4756ms
2026-02-24 17:10:13 [INFO]    [PING OK] CA | VLESS | 4872ms
2026-02-24 17:10:13 [INFO]    [PING OK] HU | VLESS | 4277ms
2026-02-24 17:10:13 [INFO]    [PING OK] ES | VLESS | 5156ms
2026-02-24 17:10:13 [INFO]    [PING OK] LV | VLESS | 5070ms
2026-02-24 17:10:13 [INFO]    [PING OK] FI | VLESS | 4173ms
2026-02-24 17:10:13 [INFO]    [PING OK] HU | VLESS | 3738ms
2026-02-24 17:10:13 [INFO]    [PING OK] ES | VLESS | 3548ms
2026-02-24 17:10:14 [INFO]    [PING OK] ES | VLESS | 3674ms
2026-02-24 17:10:14 [INFO]    [PING OK] DE | VLESS | 5966ms
2026-02-24 17:10:14 [INFO]    [PING OK] US | VLESS | 5762ms
2026-02-24 17:10:14 [INFO]    [PING OK] ES | VLESS | 3213ms
2026-02-24 17:10:15 [INFO]    [PING OK] FI | VLESS | 5386ms
2026-02-24 17:10:15 [INFO]    [PING OK] ES | VLESS | 3429ms
2026-02-24 17:10:15 [INFO]    [PING OK] IT | VLESS | 2909ms
2026-02-24 17:10:16 [INFO]    [PING OK] PL | VLESS | 3122ms
2026-02-24 17:10:16 [INFO]    [PING OK] IT | VLESS | 3029ms
2026-02-24 17:10:16 [INFO]    [PING OK] TR | VLESS | 3065ms
2026-02-24 17:10:17 [INFO]    [PING OK] PL | VLESS | 3035ms
2026-02-24 17:10:17 [INFO]    [PING OK] PL | VLESS | 2868ms
2026-02-24 17:10:17 [INFO]    [PING OK] PL | VLESS | 3267ms
2026-02-24 17:10:17 [INFO]    [PING OK] FI | VLESS | 2827ms
2026-02-24 17:10:17 [INFO]    [PING OK] TR | VLESS | 2881ms
2026-02-24 17:10:18 [INFO]    [PING OK] ES | VLESS | 2809ms
2026-02-24 17:10:18 [INFO]    [PING OK] HU | VLESS | 2870ms
2026-02-24 17:10:19 [INFO]    [PING OK] DE | VLESS | 4643ms
2026-02-24 17:10:19 [INFO]    [PING OK] DE | VLESS | 4416ms
2026-02-24 17:10:19 [INFO]    [PING OK] DE | VLESS | 3117ms
2026-02-24 17:10:19 [INFO]    [PING OK] DE | VLESS | 3559ms
2026-02-24 17:10:21 [INFO]    [PING OK] NL | VLESS | 4212ms
2026-02-24 17:10:22 [INFO]    [PING OK] CA | VLESS | 4992ms
2026-02-24 17:10:23 [INFO]    [PING OK] CA | VLESS | 5212ms
2026-02-24 17:10:23 [INFO]    [PING OK] US | VLESS | 4783ms
2026-02-24 17:10:23 [INFO]    [PING OK] CA | VLESS | 5183ms
2026-02-24 17:10:23 [INFO]    [PING OK] CA | VLESS | 5420ms
2026-02-24 17:10:23 [INFO]    [PING OK] SG | VLESS | 5242ms
2026-02-24 17:10:23 [INFO]    [PING OK] CA | VLESS | 5231ms
2026-02-24 17:10:23 [INFO]    [PING OK] CA | VLESS | 5345ms
2026-02-24 17:10:24 [INFO]    [PING OK] NL | VLESS | 4832ms
2026-02-24 17:10:24 [INFO]    [PING OK] NL | VLESS | 4865ms
2026-02-24 17:10:24 [INFO]    [PING OK] US | VLESS | 6414ms
2026-02-24 17:10:25 [INFO]    [PING OK] DE | VLESS | 4935ms
2026-02-24 17:10:25 [INFO]    [PING OK] CA | VLESS | 4829ms
2026-02-24 17:10:25 [INFO]    [PING OK] US | VLESS | 4892ms
2026-02-24 17:10:25 [INFO]    [PING OK] DE | VLESS | 5240ms
2026-02-24 17:10:25 [INFO]    [PING OK] CA | VLESS | 5156ms
2026-02-24 17:10:25 [INFO]    [PING OK] CA | VLESS | 6098ms
2026-02-24 17:10:26 [INFO]    [PING OK] DE | VLESS | 5146ms
2026-02-24 17:10:26 [INFO]    [PING OK] FI | VLESS | 5214ms
2026-02-24 17:10:27 [INFO]    [PING OK] SG | VLESS | 5317ms
2026-02-24 17:10:27 [INFO]    [PING OK] LT | VLESS | 4967ms
2026-02-24 17:10:27 [INFO]    [PING OK] EE | VLESS | 4412ms
2026-02-24 17:10:28 [INFO]    [PING OK] NL | VLESS | 3445ms
2026-02-24 17:10:28 [INFO]    [PING OK] DE | VLESS | 3496ms
2026-02-24 17:10:28 [INFO]    [PING OK] CA | VLESS | 4902ms
2026-02-24 17:10:28 [INFO]    [PING OK] DE | VLESS | 3788ms
2026-02-24 17:10:28 [INFO]    [PING OK] CA | VLESS | 3673ms
2026-02-24 17:10:28 [INFO]    [PING OK] US | VLESS | 3638ms
2026-02-24 17:10:28 [INFO]    [PING OK] CA | VLESS | 4409ms
2026-02-24 17:10:29 [INFO]    [PING OK] CA | VLESS | 2265ms
2026-02-24 17:10:29 [INFO]    [PING OK] CA | VLESS | 3015ms
2026-02-24 17:10:29 [INFO]    [PING OK] CA | VLESS | 2002ms
2026-02-24 17:10:30 [INFO]    [PING OK] CA | VLESS | 3012ms
2026-02-24 17:10:33 [INFO] 🏎️ ЭТАП 2: Глубокий замер скорости для 40 иностранных кандидатов...
2026-02-24 17:10:37 [INFO]    🏆 IT | VLESS | Пинг: 3029ms | Скорость: 6.79 Mbps ⚡⚡
2026-02-24 17:10:37 [INFO]    🏆 ES | VLESS | Пинг: 2809ms | Скорость: 6.48 Mbps ⚡⚡
2026-02-24 17:10:37 [INFO]    🏆 PL | VLESS | Пинг: 2868ms | Скорость: 6.38 Mbps ⚡⚡
2026-02-24 17:10:37 [INFO]    🏆 DE | VLESS | Пинг: 3117ms | Скорость: 6.61 Mbps ⚡⚡
2026-02-24 17:10:37 [INFO]    🏆 FI | VLESS | Пинг: 2827ms | Скорость: 6.15 Mbps ⚡⚡
2026-02-24 17:10:37 [INFO]    🏆 TR | VLESS | Пинг: 3065ms | Скорость: 5.98 Mbps ⚡⚡
2026-02-24 17:10:37 [INFO]    🏆 PL | VLESS | Пинг: 3122ms | Скорость: 5.95 Mbps ⚡⚡
2026-02-24 17:10:37 [INFO]    🏆 PL | VLESS | Пинг: 3035ms | Скорость: 5.55 Mbps ⚡⚡
2026-02-24 17:10:38 [INFO]    🏆 HU | VLESS | Пинг: 2870ms | Скорость: 4.78 Mbps ⚡⚡
2026-02-24 17:10:39 [INFO]    🏆 PL | VLESS | Пинг: 3267ms | Скорость: 11.56 Mbps ⚡⚡
2026-02-24 17:10:39 [INFO]    🏆 ES | VLESS | Пинг: 3429ms | Скорость: 11.01 Mbps ⚡⚡
2026-02-24 17:10:39 [INFO]    🏆 NL | VLESS | Пинг: 3445ms | Скорость: 10.55 Mbps ⚡⚡
2026-02-24 17:10:40 [INFO]    🏆 TR | VLESS | Пинг: 2881ms | Скорость: 1.43 Mbps 
2026-02-24 17:10:40 [INFO]    🏆 IT | VLESS | Пинг: 2909ms | Скорость: 2.27 Mbps ⚡
2026-02-24 17:10:40 [INFO]    🏆 DE | VLESS | Пинг: 3496ms | Скорость: 7.9 Mbps ⚡⚡
2026-02-24 17:10:40 [INFO]    🏆 HU | VLESS | Пинг: 3738ms | Скорость: 8.79 Mbps ⚡⚡
2026-02-24 17:10:40 [INFO]    🏆 DE | VLESS | Пинг: 3788ms | Скорость: 10.77 Mbps ⚡⚡
2026-02-24 17:10:41 [INFO]    🏆 ES | VLESS | Пинг: 3213ms | Скорость: 5.87 Mbps ⚡⚡
2026-02-24 17:10:42 [INFO]    🏆 NL | VLESS | Пинг: 4212ms | Скорость: 11.36 Mbps ⚡⚡
2026-02-24 17:10:42 [INFO]    🏆 EE | VLESS | Пинг: 4412ms | Скорость: 10.79 Mbps ⚡⚡
2026-02-24 17:10:42 [INFO]    🏆 CA | VLESS | Пинг: 3673ms | Скорость: 4.37 Mbps ⚡⚡
2026-02-24 17:10:43 [INFO]    🏆 TR | VLESS | Пинг: 4756ms | Скорость: 9.93 Mbps ⚡⚡
2026-02-24 17:10:43 [INFO]    🏆 US | VLESS | Пинг: 4783ms | Скорость: 9.61 Mbps ⚡⚡
2026-02-24 17:10:43 [INFO]    🏆 NL | VLESS | Пинг: 4865ms | Скорость: 14.11 Mbps ⚡⚡
2026-02-24 17:10:43 [INFO]    🏆 NL | VLESS | Пинг: 4832ms | Скорость: 12.29 Mbps ⚡⚡
2026-02-24 17:10:44 [INFO]    🏆 HU | VLESS | Пинг: 4277ms | Скорость: 4.57 Mbps ⚡⚡
2026-02-24 17:10:46 [INFO]    🏆 FI | VLESS | Пинг: 4173ms | Скорость: 1.58 Mbps ⚡
2026-02-24 17:10:48 [INFO] 📊 Итого в подписке сохранено иностранных серверов: 10
2026-02-24 17:10:48 [INFO] 💾 Файл успешно сохранен: FL1PVPN
