2026-02-24 02:10:05 [INFO] 🚀 START: Smart Selector (Target: 10, ONLY FOREIGN)
2026-02-24 02:10:05 [INFO] 🌐 Загрузка источников (VLESS + VMess)...
2026-02-24 02:10:08 [INFO] 🔍 Уникальных конфигов собрано: 258
2026-02-24 02:10:08 [INFO] ⚡ ЭТАП 1: Замер Пинга и Геолокации. Workers: 40...
2026-02-24 02:10:13 [INFO]    [PING OK] EE | VLESS | 4614ms
2026-02-24 02:10:13 [INFO]    [PING OK] HU | VLESS | 4692ms
2026-02-24 02:10:14 [INFO]    [PING OK] HU | VLESS | 4673ms
2026-02-24 02:10:14 [INFO]    [PING OK] FI | VLESS | 4312ms
2026-02-24 02:10:14 [INFO]    [PING OK] CA | VLESS | 5241ms
2026-02-24 02:10:14 [INFO]    [PING OK] ES | VLESS | 4541ms
2026-02-24 02:10:14 [INFO]    [PING OK] EE | VLESS | 4339ms
2026-02-24 02:10:14 [INFO]    [PING OK] CA | VLESS | 5171ms
2026-02-24 02:10:15 [INFO]    [PING OK] PL | VLESS | 4408ms
2026-02-24 02:10:15 [INFO]    [PING OK] HU | VLESS | 4017ms
2026-02-24 02:10:16 [INFO]    [PING OK] TR | VLESS | 4038ms
2026-02-24 02:10:16 [INFO]    [PING OK] IT | VLESS | 4093ms
2026-02-24 02:10:16 [INFO]    [PING OK] DE | VLESS | 4041ms
2026-02-24 02:10:18 [INFO]    [PING OK] HU | VLESS | 4048ms
2026-02-24 02:10:18 [INFO]    [PING OK] HU | VLESS | 4264ms
2026-02-24 02:10:19 [INFO]    [PING OK] DE | VLESS | 4002ms
2026-02-24 02:10:19 [INFO]    [PING OK] HU | VLESS | 4106ms
2026-02-24 02:10:19 [INFO]    [PING OK] PL | VLESS | 4033ms
2026-02-24 02:10:19 [INFO]    [PING OK] NL | VLESS | 4931ms
2026-02-24 02:10:19 [INFO]    [PING OK] ES | VLESS | 4175ms
2026-02-24 02:10:19 [INFO]    [PING OK] DE | VLESS | 4016ms
2026-02-24 02:10:19 [INFO]    [PING OK] ES | VLESS | 3716ms
2026-02-24 02:10:19 [INFO]    [PING OK] NL | VLESS | 4461ms
2026-02-24 02:10:19 [INFO]    [PING OK] ES | VLESS | 4030ms
2026-02-24 02:10:19 [INFO]    [PING OK] LV | VLESS | 4035ms
2026-02-24 02:10:19 [INFO]    [PING OK] NL | VLESS | 4104ms
2026-02-24 02:10:19 [INFO]    [PING OK] DE | VLESS | 4079ms
2026-02-24 02:10:19 [INFO]    [PING OK] PL | VLESS | 3756ms
2026-02-24 02:10:20 [INFO]    [PING OK] PL | VLESS | 3700ms
2026-02-24 02:10:20 [INFO]    [PING OK] IN | VLESS | 4030ms
2026-02-24 02:10:21 [INFO]    [PING OK] PL | VLESS | 3948ms
2026-02-24 02:10:21 [INFO]    [PING OK] IT | VLESS | 3945ms
2026-02-24 02:10:24 [INFO]    [PING OK] ES | VLESS | 4088ms
2026-02-24 02:10:24 [INFO]    [PING OK] FI | VLESS | 4577ms
2026-02-24 02:10:24 [INFO]    [PING OK] TR | VLESS | 4614ms
2026-02-24 02:10:24 [INFO]    [PING OK] NL | VLESS | 4265ms
2026-02-24 02:10:24 [INFO]    [PING OK] DE | VLESS | 4778ms
2026-02-24 02:10:24 [INFO]    [PING OK] CA | VLESS | 7920ms
2026-02-24 02:10:24 [INFO]    [PING OK] DE | VLESS | 4311ms
2026-02-24 02:10:25 [INFO]    [PING OK] LV | VLESS | 4560ms
2026-02-24 02:10:25 [INFO]    [PING OK] TR | VLESS | 4632ms
2026-02-24 02:10:25 [INFO]    [PING OK] ES | VLESS | 4387ms
2026-02-24 02:10:26 [INFO]    [PING OK] TR | VLESS | 4603ms
2026-02-24 02:10:27 [INFO]    [PING OK] DE | VLESS | 4647ms
2026-02-24 02:10:27 [INFO]    [PING OK] PL | VLESS | 4581ms
2026-02-24 02:10:27 [INFO]    [PING OK] NL | VLESS | 5298ms
2026-02-24 02:10:27 [INFO]    [PING OK] NL | VLESS | 5466ms
2026-02-24 02:10:29 [INFO]    [PING OK] DE | VLESS | 4941ms
2026-02-24 02:10:30 [INFO]    [PING OK] CA | VLESS | 5258ms
2026-02-24 02:10:30 [INFO]    [PING OK] DE | VLESS | 4805ms
2026-02-24 02:10:30 [INFO]    [PING OK] SE | VLESS | 5086ms
2026-02-24 02:10:30 [INFO]    [PING OK] IN | VLESS | 5472ms
2026-02-24 02:10:30 [INFO]    [PING OK] CA | VLESS | 5336ms
2026-02-24 02:10:30 [INFO]    [PING OK] CA | VLESS | 5199ms
2026-02-24 02:10:30 [INFO]    [PING OK] CA | VLESS | 4946ms
2026-02-24 02:10:31 [INFO]    [PING OK] US | VLESS | 5312ms
2026-02-24 02:10:31 [INFO]    [PING OK] US | VLESS | 5339ms
2026-02-24 02:10:31 [INFO]    [PING OK] SE | VLESS | 4743ms
2026-02-24 02:10:32 [INFO]    [PING OK] CA | VLESS | 6301ms
2026-02-24 02:10:32 [INFO]    [PING OK] SE | VLESS | 4841ms
2026-02-24 02:10:32 [INFO]    [PING OK] SG | VLESS | 5379ms
2026-02-24 02:10:32 [INFO]    [PING OK] DE | VLESS | 5137ms
2026-02-24 02:10:32 [INFO]    [PING OK] DE | VLESS | 4822ms
2026-02-24 02:10:32 [INFO]    [PING OK] CA | VLESS | 5554ms
2026-02-24 02:10:33 [INFO]    [PING OK] CA | VLESS | 5188ms
2026-02-24 02:10:33 [INFO]    [PING OK] CA | VLESS | 5859ms
2026-02-24 02:10:33 [INFO]    [PING OK] CA | VLESS | 5162ms
2026-02-24 02:10:33 [INFO]    [PING OK] CA | VLESS | 5084ms
2026-02-24 02:10:34 [INFO]    [PING OK] US | VLESS | 5525ms
2026-02-24 02:10:34 [INFO]    [PING OK] US | VLESS | 4720ms
2026-02-24 02:10:34 [INFO]    [PING OK] CA | VLESS | 5169ms
2026-02-24 02:10:34 [INFO]    [PING OK] DE | VLESS | 4678ms
2026-02-24 02:10:35 [INFO]    [PING OK] DE | VLESS | 4641ms
2026-02-24 02:10:35 [INFO]    [PING OK] DE | VLESS | 4852ms
2026-02-24 02:10:35 [INFO]    [PING OK] DE | VLESS | 4514ms
2026-02-24 02:10:35 [INFO]    [PING OK] DE | VLESS | 4136ms
2026-02-24 02:10:35 [INFO]    [PING OK] SE | VLESS | 4072ms
2026-02-24 02:10:35 [INFO]    [PING OK] DE | VLESS | 4511ms
2026-02-24 02:10:35 [INFO]    [PING OK] DE | VLESS | 3131ms
2026-02-24 02:10:36 [INFO]    [PING OK] DE | VLESS | 2628ms
2026-02-24 02:10:36 [INFO]    [PING OK] CA | VLESS | 4900ms
2026-02-24 02:10:36 [INFO]    [PING OK] DE | VLESS | 2174ms
2026-02-24 02:10:36 [INFO]    [PING OK] CA | VLESS | 3176ms
2026-02-24 02:10:36 [INFO]    [PING OK] CA | VLESS | 3170ms
2026-02-24 02:10:36 [INFO]    [PING OK] SE | VLESS | 2583ms
2026-02-24 02:10:40 [INFO] 🏎️ ЭТАП 2: Глубокий замер скорости для 40 иностранных кандидатов...
2026-02-24 02:10:45 [INFO]    🏆 DE | VLESS | Пинг: 2628ms | Скорость: 5.52 Mbps ⚡⚡
2026-02-24 02:10:45 [INFO]    🏆 IT | VLESS | Пинг: 3945ms | Скорость: 5.5 Mbps ⚡⚡
2026-02-24 02:10:45 [INFO]    🏆 PL | VLESS | Пинг: 3948ms | Скорость: 5.46 Mbps ⚡⚡
2026-02-24 02:10:45 [INFO]    🏆 SE | VLESS | Пинг: 2583ms | Скорость: 5.23 Mbps ⚡⚡
2026-02-24 02:10:45 [INFO]    🏆 DE | VLESS | Пинг: 4002ms | Скорость: 5.5 Mbps ⚡⚡
2026-02-24 02:10:45 [INFO]    🏆 DE | VLESS | Пинг: 2174ms | Скорость: 5.21 Mbps ⚡⚡
2026-02-24 02:10:45 [INFO]    🏆 PL | VLESS | Пинг: 3700ms | Скорость: 5.34 Mbps ⚡⚡
2026-02-24 02:10:45 [INFO]    🏆 PL | VLESS | Пинг: 3756ms | Скорость: 5.41 Mbps ⚡⚡
2026-02-24 02:10:45 [INFO]    🏆 ES | VLESS | Пинг: 3716ms | Скорость: 5.33 Mbps ⚡⚡
2026-02-24 02:10:45 [INFO]    🏆 HU | VLESS | Пинг: 4017ms | Скорость: 5.54 Mbps ⚡⚡
2026-02-24 02:10:45 [INFO]    🏆 ES | VLESS | Пинг: 4030ms | Скорость: 5.51 Mbps ⚡⚡
2026-02-24 02:10:45 [INFO]    🏆 CA | VLESS | Пинг: 3170ms | Скорость: 5.1 Mbps ⚡⚡
2026-02-24 02:10:45 [INFO]    🏆 CA | VLESS | Пинг: 3176ms | Скорость: 5.01 Mbps ⚡⚡
2026-02-24 02:10:45 [INFO]    🏆 DE | VLESS | Пинг: 3131ms | Скорость: 4.92 Mbps ⚡⚡
2026-02-24 02:10:48 [INFO]    🏆 LV | VLESS | Пинг: 4035ms | Скорость: 7.26 Mbps ⚡⚡
2026-02-24 02:10:49 [INFO]    🏆 PL | VLESS | Пинг: 4033ms | Скорость: 6.43 Mbps ⚡⚡
2026-02-24 02:10:49 [INFO]    🏆 SE | VLESS | Пинг: 4072ms | Скорость: 6.43 Mbps ⚡⚡
2026-02-24 02:10:49 [INFO]    🏆 DE | VLESS | Пинг: 4079ms | Скорость: 6.47 Mbps ⚡⚡
2026-02-24 02:10:49 [INFO]    🏆 HU | VLESS | Пинг: 4048ms | Скорость: 6.22 Mbps ⚡⚡
2026-02-24 02:10:49 [INFO]    🏆 HU | VLESS | Пинг: 4106ms | Скорость: 6.14 Mbps ⚡⚡
2026-02-24 02:10:49 [INFO]    🏆 ES | VLESS | Пинг: 4175ms | Скорость: 6.29 Mbps ⚡⚡
2026-02-24 02:10:49 [INFO]    🏆 TR | VLESS | Пинг: 4038ms | Скорость: 5.89 Mbps ⚡⚡
2026-02-24 02:10:49 [INFO]    🏆 ES | VLESS | Пинг: 4088ms | Скорость: 5.76 Mbps ⚡⚡
2026-02-24 02:10:49 [INFO]    🏆 IN | VLESS | Пинг: 4030ms | Скорость: 5.25 Mbps ⚡⚡
2026-02-24 02:10:49 [INFO]    🏆 NL | VLESS | Пинг: 4104ms | Скорость: 5.46 Mbps ⚡⚡
2026-02-24 02:10:51 [INFO]    🏆 DE | VLESS | Пинг: 4311ms | Скорость: 7.94 Mbps ⚡⚡
2026-02-24 02:10:51 [INFO]    🏆 HU | VLESS | Пинг: 4264ms | Скорость: 6.72 Mbps ⚡⚡
2026-02-24 02:10:51 [INFO]    🏆 FI | VLESS | Пинг: 4312ms | Скорость: 11.45 Mbps ⚡⚡
2026-02-24 02:10:51 [INFO]    🏆 NL | VLESS | Пинг: 4265ms | Скорость: 6.65 Mbps ⚡⚡
2026-02-24 02:10:52 [INFO]    🏆 EE | VLESS | Пинг: 4339ms | Скорость: 7.67 Mbps ⚡⚡
2026-02-24 02:10:52 [INFO]    🏆 DE | VLESS | Пинг: 4511ms | Скорость: 8.3 Mbps ⚡⚡
2026-02-24 02:10:52 [INFO]    🏆 PL | VLESS | Пинг: 4408ms | Скорость: 7.63 Mbps ⚡⚡
2026-02-24 02:10:52 [INFO]    🏆 ES | VLESS | Пинг: 4387ms | Скорость: 7.6 Mbps ⚡⚡
2026-02-24 02:10:52 [INFO]    🏆 ES | VLESS | Пинг: 4541ms | Скорость: 8.27 Mbps ⚡⚡
2026-02-24 02:10:52 [INFO]    🏆 DE | VLESS | Пинг: 4514ms | Скорость: 8.21 Mbps ⚡⚡
2026-02-24 02:10:53 [INFO] 📊 Итого в подписке сохранено иностранных серверов: 10
2026-02-24 02:10:53 [INFO] 💾 Файл успешно сохранен: FL1PVPN
