2026-02-21 15:44:26 [INFO] 🚀 START: Smart Selector (Target: 10, ONLY FOREIGN)
2026-02-21 15:44:26 [INFO] 🌐 Загрузка источников (VLESS + VMess)...
2026-02-21 15:44:30 [INFO] 🔍 Уникальных конфигов собрано: 212
2026-02-21 15:44:30 [INFO] ⚡ ЭТАП 1: Замер Пинга и Геолокации. Workers: 40...
2026-02-21 15:44:37 [INFO]    [PING OK] ES | VLESS | 4963ms
2026-02-21 15:44:37 [INFO]    [PING OK] ES | VLESS | 4714ms
2026-02-21 15:44:37 [INFO]    [PING OK] ES | VLESS | 4398ms
2026-02-21 15:44:37 [INFO]    [PING OK] CZ | VLESS | 5444ms
2026-02-21 15:44:37 [INFO]    [PING OK] NL | VLESS | 5516ms
2026-02-21 15:44:38 [INFO]    [PING OK] IT | VLESS | 4445ms
2026-02-21 15:44:38 [INFO]    [PING OK] DE | VLESS | 7317ms
2026-02-21 15:44:38 [INFO]    [PING OK] NL | VLESS | 6365ms
2026-02-21 15:44:39 [INFO]    [PING OK] DE | VLESS | 5045ms
2026-02-21 15:44:39 [INFO]    [PING OK] DE | VLESS | 3954ms
2026-02-21 15:44:39 [INFO]    [PING OK] DE | VLESS | 8518ms
2026-02-21 15:44:40 [INFO]    [PING OK] DE | VLESS | 7239ms
2026-02-21 15:44:40 [INFO]    [PING OK] TR | VLESS | 4522ms
2026-02-21 15:44:40 [INFO]    [PING OK] IT | VLESS | 3739ms
2026-02-21 15:44:40 [INFO]    [PING OK] TR | VLESS | 3712ms
2026-02-21 15:44:41 [INFO]    [PING OK] TR | VLESS | 4064ms
2026-02-21 15:44:41 [INFO]    [PING OK] DE | VLESS | 3602ms
2026-02-21 15:44:41 [INFO]    [PING OK] HU | VLESS | 4127ms
2026-02-21 15:44:41 [INFO]    [PING OK] HU | VLESS | 3649ms
2026-02-21 15:44:42 [INFO]    [PING OK] PL | VLESS | 3791ms
2026-02-21 15:44:42 [INFO]    [PING OK] IT | VLESS | 3757ms
2026-02-21 15:44:42 [INFO]    [PING OK] TR | VLESS | 3816ms
2026-02-21 15:44:43 [INFO]    [PING OK] CA | VLESS | 3573ms
2026-02-21 15:44:43 [INFO]    [PING OK] IT | VLESS | 3682ms
2026-02-21 15:44:43 [INFO]    [PING OK] ES | VLESS | 3378ms
2026-02-21 15:44:43 [INFO]    [PING OK] TR | VLESS | 3512ms
2026-02-21 15:44:43 [INFO]    [PING OK] PL | VLESS | 3453ms
2026-02-21 15:44:44 [INFO]    [PING OK] HU | VLESS | 3578ms
2026-02-21 15:44:44 [INFO]    [PING OK] ES | VLESS | 3642ms
2026-02-21 15:44:44 [INFO]    [PING OK] TR | VLESS | 3873ms
2026-02-21 15:44:44 [INFO]    [PING OK] PL | VLESS | 6332ms
2026-02-21 15:44:45 [INFO]    [PING OK] DE | VLESS | 4156ms
2026-02-21 15:44:47 [INFO]    [PING OK] ES | VLESS | 4775ms
2026-02-21 15:44:47 [INFO]    [PING OK] ES | VLESS | 4618ms
2026-02-21 15:44:48 [INFO]    [PING OK] TR | VLESS | 5654ms
2026-02-21 15:44:48 [INFO]    [PING OK] DE | VLESS | 5652ms
2026-02-21 15:44:48 [INFO]    [PING OK] IT | VLESS | 4941ms
2026-02-21 15:44:49 [INFO]    [PING OK] PL | VLESS | 4461ms
2026-02-21 15:44:49 [INFO]    [PING OK] PL | VLESS | 5547ms
2026-02-21 15:44:49 [INFO]    [PING OK] TR | VLESS | 4721ms
2026-02-21 15:44:50 [INFO]    [PING OK] PL | VLESS | 4746ms
2026-02-21 15:44:51 [INFO]    [PING OK] DE | VLESS | 5535ms
2026-02-21 15:44:52 [INFO]    [PING OK] DE | VLESS | 4225ms
2026-02-21 15:44:53 [INFO]    [PING OK] PL | VLESS | 1753ms
2026-02-21 15:44:53 [INFO]    [PING OK] FI | VLESS | 1849ms
2026-02-21 15:44:53 [INFO]    [PING OK] PL | VLESS | 2762ms
2026-02-21 15:44:54 [INFO]    [PING OK] CA | VLESS | 6915ms
2026-02-21 15:44:54 [INFO]    [PING OK] DE | VLESS | 5414ms
2026-02-21 15:44:57 [INFO] 🏎️ ЭТАП 2: Глубокий замер скорости для 40 иностранных кандидатов...
2026-02-21 15:45:01 [INFO]    🏆 FI | VLESS | Пинг: 1849ms | Скорость: 7.35 Mbps ⚡⚡
2026-02-21 15:45:01 [INFO]    🏆 HU | VLESS | Пинг: 3649ms | Скорость: 7.48 Mbps ⚡⚡
2026-02-21 15:45:01 [INFO]    🏆 PL | VLESS | Пинг: 1753ms | Скорость: 7.04 Mbps ⚡⚡
2026-02-21 15:45:01 [INFO]    🏆 ES | VLESS | Пинг: 3642ms | Скорость: 7.26 Mbps ⚡⚡
2026-02-21 15:45:01 [INFO]    🏆 TR | VLESS | Пинг: 3512ms | Скорость: 5.72 Mbps ⚡⚡
2026-02-21 15:45:02 [INFO]    🏆 PL | VLESS | Пинг: 3453ms | Скорость: 4.44 Mbps ⚡⚡
2026-02-21 15:45:04 [INFO]    🏆 TR | VLESS | Пинг: 3712ms | Скорость: 3.57 Mbps ⚡⚡
2026-02-21 15:45:04 [INFO]    🏆 ES | VLESS | Пинг: 3378ms | Скорость: 0.93 Mbps 
2026-02-21 15:45:04 [INFO]    🏆 HU | VLESS | Пинг: 3578ms | Скорость: 2.73 Mbps ⚡
2026-02-21 15:45:04 [INFO]    🏆 IT | VLESS | Пинг: 3682ms | Скорость: 0.8 Mbps 
2026-02-21 15:45:04 [INFO]    🏆 ES | VLESS | Пинг: 4398ms | Скорость: 16.45 Mbps ⚡⚡
2026-02-21 15:45:04 [INFO]    🏆 TR | VLESS | Пинг: 3873ms | Скорость: 6.8 Mbps ⚡⚡
2026-02-21 15:45:04 [INFO]    🏆 DE | VLESS | Пинг: 4156ms | Скорость: 9.18 Mbps ⚡⚡
2026-02-21 15:45:06 [INFO]    🏆 PL | VLESS | Пинг: 4461ms | Скорость: 15.76 Mbps ⚡⚡
2026-02-21 15:45:07 [INFO]    🏆 IT | VLESS | Пинг: 4445ms | Скорость: 9.2 Mbps ⚡⚡
2026-02-21 15:45:07 [INFO]    🏆 PL | VLESS | Пинг: 4746ms | Скорость: 9.9 Mbps ⚡⚡
2026-02-21 15:45:07 [INFO]    🏆 DE | VLESS | Пинг: 5045ms | Скорость: 12.18 Mbps ⚡⚡
2026-02-21 15:45:07 [INFO]    🏆 TR | VLESS | Пинг: 3816ms | Скорость: 2.61 Mbps ⚡
2026-02-21 15:45:08 [INFO]    🏆 ES | VLESS | Пинг: 4963ms | Скорость: 8.17 Mbps ⚡⚡
2026-02-21 15:45:08 [INFO]    🏆 HU | VLESS | Пинг: 4127ms | Скорость: 1.94 Mbps ⚡
2026-02-21 15:45:11 [INFO]    🏆 ES | VLESS | Пинг: 4618ms | Скорость: 3.14 Mbps ⚡⚡
2026-02-21 15:45:11 [INFO]    🏆 TR | VLESS | Пинг: 4721ms | Скорость: 1.81 Mbps ⚡
2026-02-21 15:45:11 [INFO]    🏆 TR | VLESS | Пинг: 4522ms | Скорость: 0.88 Mbps 
2026-02-21 15:45:12 [INFO]    🏆 CZ | VLESS | Пинг: 5444ms | Скорость: 3.82 Mbps ⚡⚡
2026-02-21 15:45:14 [INFO] 📊 Итого в подписке сохранено иностранных серверов: 10
2026-02-21 15:45:14 [INFO] 💾 Файл успешно сохранен: FL1PVPN
