2026-02-23 11:20:06 [INFO] 🚀 START: Smart Selector (Target: 10, ONLY FOREIGN)
2026-02-23 11:20:06 [INFO] 🌐 Загрузка источников (VLESS + VMess)...
2026-02-23 11:20:13 [INFO] 🔍 Уникальных конфигов собрано: 215
2026-02-23 11:20:13 [INFO] ⚡ ЭТАП 1: Замер Пинга и Геолокации. Workers: 40...
2026-02-23 11:20:19 [INFO]    [PING OK] DE | VLESS | 5214ms
2026-02-23 11:20:19 [INFO]    [PING OK] DE | VLESS | 5410ms
2026-02-23 11:20:20 [INFO]    [PING OK] HU | VLESS | 4285ms
2026-02-23 11:20:20 [INFO]    [PING OK] TR | VLESS | 4260ms
2026-02-23 11:20:20 [INFO]    [PING OK] ES | VLESS | 3974ms
2026-02-23 11:20:20 [INFO]    [PING OK] DE | VLESS | 6503ms
2026-02-23 11:20:21 [INFO]    [PING OK] ES | VLESS | 3400ms
2026-02-23 11:20:21 [INFO]    [PING OK] ES | VLESS | 3859ms
2026-02-23 11:20:21 [INFO]    [PING OK] HU | VLESS | 3388ms
2026-02-23 11:20:22 [INFO]    [PING OK] DE | VLESS | 8503ms
2026-02-23 11:20:23 [INFO]    [PING OK] NL | VLESS | 3791ms
2026-02-23 11:20:23 [INFO]    [PING OK] IT | VLESS | 3600ms
2026-02-23 11:20:23 [INFO]    [PING OK] PL | VLESS | 3786ms
2026-02-23 11:20:23 [INFO]    [PING OK] IT | VLESS | 3980ms
2026-02-23 11:20:23 [INFO]    [PING OK] ES | VLESS | 3644ms
2026-02-23 11:20:24 [INFO]    [PING OK] ES | VLESS | 3871ms
2026-02-23 11:20:24 [INFO]    [PING OK] ES | VLESS | 4028ms
2026-02-23 11:20:24 [INFO]    [PING OK] IT | VLESS | 3743ms
2026-02-23 11:20:24 [INFO]    [PING OK] DE | VLESS | 4139ms
2026-02-23 11:20:24 [INFO]    [PING OK] HU | VLESS | 3597ms
2026-02-23 11:20:25 [INFO]    [PING OK] HU | VLESS | 3707ms
2026-02-23 11:20:25 [INFO]    [PING OK] EE | VLESS | 4847ms
2026-02-23 11:20:25 [INFO]    [PING OK] EE | VLESS | 3850ms
2026-02-23 11:20:25 [INFO]    [PING OK] DE | VLESS | 4035ms
2026-02-23 11:20:25 [INFO]    [PING OK] US | VLESS | 4328ms
2026-02-23 11:20:26 [INFO]    [PING OK] PL | VLESS | 4022ms
2026-02-23 11:20:26 [INFO]    [PING OK] PL | VLESS | 4026ms
2026-02-23 11:20:27 [INFO]    [PING OK] ES | VLESS | 4416ms
2026-02-23 11:20:28 [INFO]    [PING OK] PL | VLESS | 4930ms
2026-02-23 11:20:28 [INFO]    [PING OK] FI | VLESS | 5479ms
2026-02-23 11:20:29 [INFO]    [PING OK] DE | VLESS | 5632ms
2026-02-23 11:20:30 [INFO]    [PING OK] TR | VLESS | 5653ms
2026-02-23 11:20:30 [INFO]    [PING OK] TR | VLESS | 6171ms
2026-02-23 11:20:30 [INFO]    [PING OK] SE | VLESS | 5747ms
2026-02-23 11:20:30 [INFO]    [PING OK] PL | VLESS | 6120ms
2026-02-23 11:20:30 [INFO]    [PING OK] DE | VLESS | 5922ms
2026-02-23 11:20:30 [INFO]    [PING OK] SE | VLESS | 5660ms
2026-02-23 11:20:31 [INFO]    [PING OK] DE | VLESS | 5930ms
2026-02-23 11:20:31 [INFO]    [PING OK] SE | VLESS | 5766ms
2026-02-23 11:20:32 [INFO]    [PING OK] SE | VLESS | 5738ms
2026-02-23 11:20:32 [INFO]    [PING OK] NL | VLESS | 5415ms
2026-02-23 11:20:33 [INFO]    [PING OK] DE | VLESS | 4654ms
2026-02-23 11:20:33 [INFO]    [PING OK] CA | VLESS | 5670ms
2026-02-23 11:20:34 [INFO]    [PING OK] SE | VLESS | 3549ms
2026-02-23 11:20:34 [INFO]    [PING OK] DE | VLESS | 4077ms
2026-02-23 11:20:34 [INFO]    [PING OK] CA | VLESS | 7585ms
2026-02-23 11:20:34 [INFO]    [PING OK] SE | VLESS | 2804ms
2026-02-23 11:20:34 [INFO]    [PING OK] NL | VLESS | 3292ms
2026-02-23 11:20:34 [INFO]    [PING OK] CA | VLESS | 8604ms
2026-02-23 11:20:34 [INFO]    [PING OK] TR | VLESS | 2065ms
2026-02-23 11:20:34 [INFO]    [PING OK] SE | VLESS | 2770ms
2026-02-23 11:20:34 [INFO]    [PING OK] CA | VLESS | 2759ms
2026-02-23 11:20:35 [INFO]    [PING OK] US | VLESS | 4660ms
2026-02-23 11:20:37 [INFO]    [PING OK] CA | VLESS | 7364ms
2026-02-23 11:20:42 [INFO]    [PING OK] US | VLESS | 9810ms
2026-02-23 11:20:42 [INFO] 🏎️ ЭТАП 2: Глубокий замер скорости для 40 иностранных кандидатов...
2026-02-23 11:20:46 [INFO]    🏆 SE | VLESS | Пинг: 2804ms | Скорость: 6.26 Mbps ⚡⚡
2026-02-23 11:20:46 [INFO]    🏆 HU | VLESS | Пинг: 3388ms | Скорость: 5.69 Mbps ⚡⚡
2026-02-23 11:20:46 [INFO]    🏆 NL | VLESS | Пинг: 3791ms | Скорость: 6.0 Mbps ⚡⚡
2026-02-23 11:20:46 [INFO]    🏆 SE | VLESS | Пинг: 3549ms | Скорость: 5.63 Mbps ⚡⚡
2026-02-23 11:20:46 [INFO]    🏆 HU | VLESS | Пинг: 3597ms | Скорость: 5.62 Mbps ⚡⚡
2026-02-23 11:20:46 [INFO]    🏆 SE | VLESS | Пинг: 2770ms | Скорость: 5.46 Mbps ⚡⚡
2026-02-23 11:20:46 [INFO]    🏆 HU | VLESS | Пинг: 3707ms | Скорость: 5.84 Mbps ⚡⚡
2026-02-23 11:20:46 [INFO]    🏆 ES | VLESS | Пинг: 3644ms | Скорость: 5.81 Mbps ⚡⚡
2026-02-23 11:20:46 [INFO]    🏆 NL | VLESS | Пинг: 3292ms | Скорость: 5.52 Mbps ⚡⚡
2026-02-23 11:20:46 [INFO]    🏆 PL | VLESS | Пинг: 3786ms | Скорость: 5.83 Mbps ⚡⚡
2026-02-23 11:20:48 [INFO]    🏆 ES | VLESS | Пинг: 3859ms | Скорость: 10.17 Mbps ⚡⚡
2026-02-23 11:20:49 [INFO]    🏆 TR | VLESS | Пинг: 2065ms | Скорость: 0.84 Mbps 
2026-02-23 11:20:49 [INFO]    🏆 ES | VLESS | Пинг: 3400ms | Скорость: 1.77 Mbps ⚡
2026-02-23 11:20:49 [INFO]    🏆 IT | VLESS | Пинг: 3743ms | Скорость: 1.09 Mbps 
2026-02-23 11:20:50 [INFO]    🏆 ES | VLESS | Пинг: 3871ms | Скорость: 7.49 Mbps ⚡⚡
2026-02-23 11:20:50 [INFO]    🏆 DE | VLESS | Пинг: 4035ms | Скорость: 6.91 Mbps ⚡⚡
2026-02-23 11:20:50 [INFO]    🏆 ES | VLESS | Пинг: 3974ms | Скорость: 6.49 Mbps ⚡⚡
2026-02-23 11:20:50 [INFO]    🏆 ES | VLESS | Пинг: 4028ms | Скорость: 6.38 Mbps ⚡⚡
2026-02-23 11:20:50 [INFO]    🏆 EE | VLESS | Пинг: 3850ms | Скорость: 4.69 Mbps ⚡⚡
2026-02-23 11:20:51 [INFO]    🏆 PL | VLESS | Пинг: 4022ms | Скорость: 4.65 Mbps ⚡⚡
2026-02-23 11:20:52 [INFO]    🏆 PL | VLESS | Пинг: 4930ms | Скорость: 18.9 Mbps ⚡⚡
2026-02-23 11:20:52 [INFO]    🏆 PL | VLESS | Пинг: 4026ms | Скорость: 4.14 Mbps ⚡⚡
2026-02-23 11:20:52 [INFO]    🏆 HU | VLESS | Пинг: 4285ms | Скорость: 7.28 Mbps ⚡⚡
2026-02-23 11:20:53 [INFO]    🏆 NL | VLESS | Пинг: 5415ms | Скорость: 10.56 Mbps ⚡⚡
2026-02-23 11:20:53 [INFO]    🏆 ES | VLESS | Пинг: 4416ms | Скорость: 5.26 Mbps ⚡⚡
2026-02-23 11:20:55 [INFO]    🏆 US | VLESS | Пинг: 4328ms | Скорость: 2.59 Mbps ⚡
2026-02-23 11:20:56 [INFO]    🏆 EE | VLESS | Пинг: 4847ms | Скорость: 4.1 Mbps ⚡⚡
2026-02-23 11:20:56 [INFO]    🏆 TR | VLESS | Пинг: 5653ms | Скорость: 6.73 Mbps ⚡⚡
2026-02-23 11:20:56 [INFO]    🏆 US | VLESS | Пинг: 4660ms | Скорость: 2.32 Mbps ⚡
2026-02-23 11:20:58 [INFO] 📊 Итого в подписке сохранено иностранных серверов: 10
2026-02-23 11:20:58 [INFO] 💾 Файл успешно сохранен: FL1PVPN
