2026-02-22 10:20:05 [INFO] 🚀 START: Smart Selector (Target: 10, ONLY FOREIGN)
2026-02-22 10:20:05 [INFO] 🌐 Загрузка источников (VLESS + VMess)...
2026-02-22 10:20:08 [INFO] 🔍 Уникальных конфигов собрано: 259
2026-02-22 10:20:08 [INFO] ⚡ ЭТАП 1: Замер Пинга и Геолокации. Workers: 40...
2026-02-22 10:20:15 [INFO]    [PING OK] NL | VLESS | 4090ms
2026-02-22 10:20:15 [INFO]    [PING OK] DE | VLESS | 5900ms
2026-02-22 10:20:15 [INFO]    [PING OK] NL | VLESS | 5900ms
2026-02-22 10:20:16 [INFO]    [PING OK] DE | VLESS | 6825ms
2026-02-22 10:20:16 [INFO]    [PING OK] NL | VLESS | 7374ms
2026-02-22 10:20:18 [INFO]    [PING OK] ES | VLESS | 3702ms
2026-02-22 10:20:18 [INFO]    [PING OK] IT | VLESS | 3710ms
2026-02-22 10:20:18 [INFO]    [PING OK] DE | VLESS | 3589ms
2026-02-22 10:20:18 [INFO]    [PING OK] PL | VLESS | 3873ms
2026-02-22 10:20:18 [INFO]    [PING OK] ES | VLESS | 3797ms
2026-02-22 10:20:18 [INFO]    [PING OK] TR | VLESS | 3598ms
2026-02-22 10:20:19 [INFO]    [PING OK] NL | VLESS | 3588ms
2026-02-22 10:20:19 [INFO]    [PING OK] TR | VLESS | 3812ms
2026-02-22 10:20:19 [INFO]    [PING OK] PL | VLESS | 4585ms
2026-02-22 10:20:19 [INFO]    [PING OK] NL | VLESS | 3607ms
2026-02-22 10:20:20 [INFO]    [PING OK] HU | VLESS | 3155ms
2026-02-22 10:20:20 [INFO]    [PING OK] HU | VLESS | 3901ms
2026-02-22 10:20:20 [INFO]    [PING OK] TR | VLESS | 3427ms
2026-02-22 10:20:20 [INFO]    [PING OK] PL | VLESS | 2903ms
2026-02-22 10:20:20 [INFO]    [PING OK] CA | VLESS | 4907ms
2026-02-22 10:20:21 [INFO]    [PING OK] DE | VLESS | 6304ms
2026-02-22 10:20:21 [INFO]    [PING OK] PL | VLESS | 3160ms
2026-02-22 10:20:22 [INFO]    [PING OK] PL | VLESS | 3878ms
2026-02-22 10:20:22 [INFO]    [PING OK] TR | VLESS | 3729ms
2026-02-22 10:20:22 [INFO]    [PING OK] PL | VLESS | 6417ms
2026-02-22 10:20:23 [INFO]    [PING OK] ES | VLESS | 3851ms
2026-02-22 10:20:23 [INFO]    [PING OK] ES | VLESS | 4006ms
2026-02-22 10:20:23 [INFO]    [PING OK] PL | VLESS | 4498ms
2026-02-22 10:20:23 [INFO]    [PING OK] NL | VLESS | 4163ms
2026-02-22 10:20:23 [INFO]    [PING OK] EE | VLESS | 4145ms
2026-02-22 10:20:23 [INFO]    [PING OK] NL | VLESS | 7113ms
2026-02-22 10:20:24 [INFO]    [PING OK] HU | VLESS | 4413ms
2026-02-22 10:20:24 [INFO]    [PING OK] NL | VLESS | 4095ms
2026-02-22 10:20:24 [INFO]    [PING OK] US | VLESS | 4522ms
2026-02-22 10:20:24 [INFO]    [PING OK] PL | VLESS | 4332ms
2026-02-22 10:20:25 [INFO]    [PING OK] DE | VLESS | 4569ms
2026-02-22 10:20:25 [INFO]    [PING OK] PL | VLESS | 7431ms
2026-02-22 10:20:25 [INFO]    [PING OK] HU | VLESS | 4627ms
2026-02-22 10:20:26 [INFO]    [PING OK] PL | VLESS | 4643ms
2026-02-22 10:20:26 [INFO]    [PING OK] DE | VLESS | 7557ms
2026-02-22 10:20:26 [INFO]    [PING OK] PL | VLESS | 5095ms
2026-02-22 10:20:27 [INFO]    [PING OK] CA | VLESS | 4889ms
2026-02-22 10:20:27 [INFO]    [PING OK] TR | VLESS | 7180ms
2026-02-22 10:20:27 [INFO]    [PING OK] CA | VLESS | 4921ms
2026-02-22 10:20:28 [INFO]    [PING OK] NL | VLESS | 5079ms
2026-02-22 10:20:29 [INFO]    [PING OK] DE | VLESS | 4756ms
2026-02-22 10:20:29 [INFO]    [PING OK] DE | VLESS | 4706ms
2026-02-22 10:20:30 [INFO]    [PING OK] CA | VLESS | 5266ms
2026-02-22 10:20:30 [INFO]    [PING OK] CA | VLESS | 5291ms
2026-02-22 10:20:30 [INFO]    [PING OK] CA | VLESS | 5201ms
2026-02-22 10:20:30 [INFO]    [PING OK] CA | VLESS | 5011ms
2026-02-22 10:20:32 [INFO]    [PING OK] CA | VLESS | 4455ms
2026-02-22 10:20:32 [INFO]    [PING OK] CA | VLESS | 4820ms
2026-02-22 10:20:32 [INFO]    [PING OK] CA | VLESS | 4456ms
2026-02-22 10:20:33 [INFO]    [PING OK] NL | VLESS | 5360ms
2026-02-22 10:20:33 [INFO]    [PING OK] CA | VLESS | 5028ms
2026-02-22 10:20:33 [INFO]    [PING OK] CA | VLESS | 4362ms
2026-02-22 10:20:33 [INFO]    [PING OK] CA | VLESS | 4409ms
2026-02-22 10:20:34 [INFO]    [PING OK] NL | VLESS | 3911ms
2026-02-22 10:20:34 [INFO]    [PING OK] CA | VLESS | 4286ms
2026-02-22 10:20:34 [INFO]    [PING OK] NL | VLESS | 5044ms
2026-02-22 10:20:34 [INFO]    [PING OK] CA | VLESS | 3750ms
2026-02-22 10:20:34 [INFO]    [PING OK] CA | VLESS | 3187ms
2026-02-22 10:20:34 [INFO]    [PING OK] CA | VLESS | 3762ms
2026-02-22 10:20:34 [INFO]    [PING OK] CA | VLESS | 3402ms
2026-02-22 10:20:34 [INFO]    [PING OK] FI | VLESS | 1771ms
2026-02-22 10:20:35 [INFO]    [PING OK] JP | VLESS | 3128ms
2026-02-22 10:20:35 [INFO]    [PING OK] DE | VLESS | 2069ms
2026-02-22 10:20:35 [INFO]    [PING OK] CA | VLESS | 2545ms
2026-02-22 10:20:35 [INFO]    [PING OK] CA | VLESS | 3037ms
2026-02-22 10:20:35 [INFO]    [PING OK] CA | VLESS | 3199ms
2026-02-22 10:20:39 [INFO] 🏎️ ЭТАП 2: Глубокий замер скорости для 40 иностранных кандидатов...
2026-02-22 10:20:43 [INFO]    🏆 DE | VLESS | Пинг: 2069ms | Скорость: 6.11 Mbps ⚡⚡
2026-02-22 10:20:43 [INFO]    🏆 DE | VLESS | Пинг: 3589ms | Скорость: 6.58 Mbps ⚡⚡
2026-02-22 10:20:43 [INFO]    🏆 NL | VLESS | Пинг: 3588ms | Скорость: 6.48 Mbps ⚡⚡
2026-02-22 10:20:43 [INFO]    🏆 HU | VLESS | Пинг: 3155ms | Скорость: 6.18 Mbps ⚡⚡
2026-02-22 10:20:43 [INFO]    🏆 PL | VLESS | Пинг: 3160ms | Скорость: 6.2 Mbps ⚡⚡
2026-02-22 10:20:43 [INFO]    🏆 TR | VLESS | Пинг: 3427ms | Скорость: 6.34 Mbps ⚡⚡
2026-02-22 10:20:43 [INFO]    🏆 PL | VLESS | Пинг: 2903ms | Скорость: 5.98 Mbps ⚡⚡
2026-02-22 10:20:45 [INFO]    🏆 JP | VLESS | Пинг: 3128ms | Скорость: 3.98 Mbps ⚡⚡
2026-02-22 10:20:46 [INFO]    🏆 FI | VLESS | Пинг: 1771ms | Скорость: 2.71 Mbps ⚡
2026-02-22 10:20:47 [INFO]    🏆 IT | VLESS | Пинг: 3710ms | Скорость: 7.52 Mbps ⚡⚡
2026-02-22 10:20:47 [INFO]    🏆 NL | VLESS | Пинг: 3607ms | Скорость: 7.55 Mbps ⚡⚡
2026-02-22 10:20:47 [INFO]    🏆 ES | VLESS | Пинг: 3702ms | Скорость: 7.32 Mbps ⚡⚡
2026-02-22 10:20:47 [INFO]    🏆 ES | VLESS | Пинг: 3797ms | Скорость: 7.56 Mbps ⚡⚡
2026-02-22 10:20:47 [INFO]    🏆 TR | VLESS | Пинг: 3729ms | Скорость: 7.04 Mbps ⚡⚡
2026-02-22 10:20:47 [INFO]    🏆 ES | VLESS | Пинг: 3851ms | Скорость: 8.39 Mbps ⚡⚡
2026-02-22 10:20:47 [INFO]    🏆 TR | VLESS | Пинг: 3812ms | Скорость: 8.06 Mbps ⚡⚡
2026-02-22 10:20:49 [INFO]    🏆 PL | VLESS | Пинг: 3873ms | Скорость: 7.07 Mbps ⚡⚡
2026-02-22 10:20:49 [INFO]    🏆 NL | VLESS | Пинг: 3911ms | Скорость: 8.44 Mbps ⚡⚡
2026-02-22 10:20:49 [INFO]    🏆 HU | VLESS | Пинг: 3901ms | Скорость: 7.98 Mbps ⚡⚡
2026-02-22 10:20:49 [INFO]    🏆 NL | VLESS | Пинг: 4090ms | Скорость: 8.62 Mbps ⚡⚡
2026-02-22 10:20:49 [INFO]    🏆 NL | VLESS | Пинг: 4095ms | Скорость: 10.05 Mbps ⚡⚡
2026-02-22 10:20:49 [INFO]    🏆 NL | VLESS | Пинг: 4163ms | Скорость: 10.01 Mbps ⚡⚡
2026-02-22 10:20:50 [INFO]    🏆 PL | VLESS | Пинг: 3878ms | Скорость: 6.98 Mbps ⚡⚡
2026-02-22 10:20:50 [INFO]    🏆 PL | VLESS | Пинг: 4332ms | Скорость: 9.65 Mbps ⚡⚡
2026-02-22 10:20:50 [INFO]    🏆 CA | VLESS | Пинг: 3750ms | Скорость: 0.87 Mbps 
2026-02-22 10:20:50 [INFO]    🏆 HU | VLESS | Пинг: 4413ms | Скорость: 8.0 Mbps ⚡⚡
2026-02-22 10:20:53 [INFO]    🏆 ES | VLESS | Пинг: 4006ms | Скорость: 1.75 Mbps ⚡
2026-02-22 10:20:55 [INFO]    🏆 CA | VLESS | Пинг: 4455ms | Скорость: 0.95 Mbps 
2026-02-22 10:20:55 [INFO] 📊 Итого в подписке сохранено иностранных серверов: 10
2026-02-22 10:20:55 [INFO] 💾 Файл успешно сохранен: FL1PVPN
