2026-02-24 21:20:05 [INFO] 🚀 START: Smart Selector (Target: 10, ONLY FOREIGN)
2026-02-24 21:20:05 [INFO] 🌐 Загрузка источников (VLESS + VMess)...
2026-02-24 21:20:06 [INFO] 🔍 Уникальных конфигов собрано: 185
2026-02-24 21:20:06 [INFO] ⚡ ЭТАП 1: Замер Пинга и Геолокации. Workers: 40...
2026-02-24 21:20:12 [INFO]    [PING OK] ES | VLESS | 3395ms
2026-02-24 21:20:12 [INFO]    [PING OK] TR | VLESS | 4242ms
2026-02-24 21:20:12 [INFO]    [PING OK] PL | VLESS | 4542ms
2026-02-24 21:20:12 [INFO]    [PING OK] PL | VLESS | 3911ms
2026-02-24 21:20:12 [INFO]    [PING OK] DE | VLESS | 3278ms
2026-02-24 21:20:12 [INFO]    [PING OK] DE | VLESS | 3136ms
2026-02-24 21:20:12 [INFO]    [PING OK] HU | VLESS | 3364ms
2026-02-24 21:20:14 [INFO]    [PING OK] DE | VLESS | 6990ms
2026-02-24 21:20:16 [INFO]    [PING OK] PL | VLESS | 4184ms
2026-02-24 21:20:16 [INFO]    [PING OK] HU | VLESS | 4375ms
2026-02-24 21:20:16 [INFO]    [PING OK] DE | VLESS | 4306ms
2026-02-24 21:20:16 [INFO]    [PING OK] FI | VLESS | 4146ms
2026-02-24 21:20:16 [INFO]    [PING OK] DE | VLESS | 4165ms
2026-02-24 21:20:16 [INFO]    [PING OK] HU | VLESS | 4233ms
2026-02-24 21:20:17 [INFO]    [PING OK] ES | VLESS | 4446ms
2026-02-24 21:20:17 [INFO]    [PING OK] DE | VLESS | 3783ms
2026-02-24 21:20:17 [INFO]    [PING OK] TR | VLESS | 4657ms
2026-02-24 21:20:17 [INFO]    [PING OK] DE | VLESS | 4513ms
2026-02-24 21:20:17 [INFO]    [PING OK] ES | VLESS | 4205ms
2026-02-24 21:20:17 [INFO]    [PING OK] ES | VLESS | 4279ms
2026-02-24 21:20:17 [INFO]    [PING OK] IT | VLESS | 3942ms
2026-02-24 21:20:17 [INFO]    [PING OK] ES | VLESS | 4402ms
2026-02-24 21:20:17 [INFO]    [PING OK] TR | VLESS | 4157ms
2026-02-24 21:20:17 [INFO]    [PING OK] DE | VLESS | 4589ms
2026-02-24 21:20:17 [INFO]    [PING OK] ES | VLESS | 4007ms
2026-02-24 21:20:18 [INFO]    [PING OK] NL | VLESS | 3768ms
2026-02-24 21:20:18 [INFO]    [PING OK] PL | VLESS | 3701ms
2026-02-24 21:20:18 [INFO]    [PING OK] HU | VLESS | 3821ms
2026-02-24 21:20:18 [INFO]    [PING OK] PL | VLESS | 3414ms
2026-02-24 21:20:18 [INFO]    [PING OK] IT | VLESS | 3639ms
2026-02-24 21:20:20 [INFO]    [PING OK] PL | VLESS | 4014ms
2026-02-24 21:20:22 [INFO]    [PING OK] NL | VLESS | 4912ms
2026-02-24 21:20:22 [INFO]    [PING OK] NL | VLESS | 4757ms
2026-02-24 21:20:23 [INFO]    [PING OK] TW | VLESS | 5172ms
2026-02-24 21:20:23 [INFO]    [PING OK] DE | VLESS | 4982ms
2026-02-24 21:20:23 [INFO]    [PING OK] CA | VLESS | 5685ms
2026-02-24 21:20:23 [INFO]    [PING OK] SG | VLESS | 5215ms
2026-02-24 21:20:23 [INFO]    [PING OK] NL | VLESS | 4485ms
2026-02-24 21:20:23 [INFO]    [PING OK] NL | VLESS | 4428ms
2026-02-24 21:20:24 [INFO]    [PING OK] DE | VLESS | 4628ms
2026-02-24 21:20:24 [INFO]    [PING OK] NL | VLESS | 3908ms
2026-02-24 21:20:24 [INFO]    [PING OK] SG | VLESS | 4072ms
2026-02-24 21:20:24 [INFO]    [PING OK] LV | VLESS | 2699ms
2026-02-24 21:20:25 [INFO]    [PING OK] TR | VLESS | 3077ms
2026-02-24 21:20:25 [INFO]    [PING OK] DE | VLESS | 2363ms
2026-02-24 21:20:25 [INFO]    [PING OK] DE | VLESS | 2048ms
2026-02-24 21:20:25 [INFO]    [PING OK] EE | VLESS | 1782ms
2026-02-24 21:20:25 [INFO]    [PING OK] TR | VLESS | 2406ms
2026-02-24 21:20:25 [INFO]    [PING OK] LV | VLESS | 1965ms
2026-02-24 21:20:25 [INFO]    [PING OK] NL | VLESS | 1785ms
2026-02-24 21:20:25 [INFO]    [PING OK] EE | VLESS | 2173ms
2026-02-24 21:20:25 [INFO]    [PING OK] TW | VLESS | 3872ms
2026-02-24 21:20:28 [INFO]    [PING OK] CA | VLESS | 6818ms
2026-02-24 21:20:30 [INFO] 🏎️ ЭТАП 2: Глубокий замер скорости для 40 иностранных кандидатов...
2026-02-24 21:20:33 [INFO]    🏆 LV | VLESS | Пинг: 1965ms | Скорость: 6.83 Mbps ⚡⚡
2026-02-24 21:20:33 [INFO]    🏆 LV | VLESS | Пинг: 2699ms | Скорость: 6.56 Mbps ⚡⚡
2026-02-24 21:20:34 [INFO]    🏆 PL | VLESS | Пинг: 3414ms | Скорость: 6.79 Mbps ⚡⚡
2026-02-24 21:20:34 [INFO]    🏆 EE | VLESS | Пинг: 2173ms | Скорость: 6.26 Mbps ⚡⚡
2026-02-24 21:20:34 [INFO]    🏆 TR | VLESS | Пинг: 2406ms | Скорость: 6.42 Mbps ⚡⚡
2026-02-24 21:20:34 [INFO]    🏆 ES | VLESS | Пинг: 3395ms | Скорость: 6.73 Mbps ⚡⚡
2026-02-24 21:20:34 [INFO]    🏆 DE | VLESS | Пинг: 2363ms | Скорость: 5.82 Mbps ⚡⚡
2026-02-24 21:20:34 [INFO]    🏆 DE | VLESS | Пинг: 2048ms | Скорость: 5.48 Mbps ⚡⚡
2026-02-24 21:20:34 [INFO]    🏆 TR | VLESS | Пинг: 3077ms | Скорость: 5.14 Mbps ⚡⚡
2026-02-24 21:20:36 [INFO]    🏆 FI | VLESS | Пинг: 4146ms | Скорость: 12.52 Mbps ⚡⚡
2026-02-24 21:20:36 [INFO]    🏆 NL | VLESS | Пинг: 3768ms | Скорость: 9.34 Mbps ⚡⚡
2026-02-24 21:20:37 [INFO]    🏆 HU | VLESS | Пинг: 3364ms | Скорость: 1.59 Mbps ⚡
2026-02-24 21:20:37 [INFO]    🏆 IT | VLESS | Пинг: 3639ms | Скорость: 1.06 Mbps 
2026-02-24 21:20:37 [INFO]    🏆 NL | VLESS | Пинг: 3908ms | Скорость: 8.76 Mbps ⚡⚡
2026-02-24 21:20:37 [INFO]    🏆 HU | VLESS | Пинг: 3821ms | Скорость: 7.9 Mbps ⚡⚡
2026-02-24 21:20:37 [INFO]    🏆 TR | VLESS | Пинг: 4157ms | Скорость: 11.37 Mbps ⚡⚡
2026-02-24 21:20:37 [INFO]    🏆 PL | VLESS | Пинг: 3911ms | Скорость: 8.5 Mbps ⚡⚡
2026-02-24 21:20:37 [INFO]    🏆 SG | VLESS | Пинг: 4072ms | Скорость: 8.68 Mbps ⚡⚡
2026-02-24 21:20:38 [INFO]    🏆 ES | VLESS | Пинг: 4007ms | Скорость: 6.84 Mbps ⚡⚡
2026-02-24 21:20:39 [INFO]    🏆 PL | VLESS | Пинг: 4014ms | Скорость: 4.81 Mbps ⚡⚡
2026-02-24 21:20:40 [INFO]    🏆 DE | VLESS | Пинг: 4165ms | Скорость: 8.01 Mbps ⚡⚡
2026-02-24 21:20:40 [INFO]    🏆 ES | VLESS | Пинг: 4205ms | Скорость: 8.38 Mbps ⚡⚡
2026-02-24 21:20:40 [INFO]    🏆 HU | VLESS | Пинг: 4233ms | Скорость: 8.7 Mbps ⚡⚡
2026-02-24 21:20:40 [INFO]    🏆 DE | VLESS | Пинг: 4306ms | Скорость: 9.11 Mbps ⚡⚡
2026-02-24 21:20:40 [INFO]    🏆 TR | VLESS | Пинг: 4242ms | Скорость: 8.33 Mbps ⚡⚡
2026-02-24 21:20:40 [INFO]    🏆 HU | VLESS | Пинг: 4375ms | Скорость: 8.55 Mbps ⚡⚡
2026-02-24 21:20:40 [INFO]    🏆 NL | VLESS | Пинг: 4428ms | Скорость: 9.11 Mbps ⚡⚡
2026-02-24 21:20:40 [INFO]    🏆 PL | VLESS | Пинг: 3701ms | Скорость: 2.82 Mbps ⚡
2026-02-24 21:20:40 [INFO]    🏆 ES | VLESS | Пинг: 4279ms | Скорость: 7.35 Mbps ⚡⚡
2026-02-24 21:20:43 [INFO]    🏆 PL | VLESS | Пинг: 4184ms | Скорость: 3.17 Mbps ⚡⚡
2026-02-24 21:20:44 [INFO]    🏆 ES | VLESS | Пинг: 4402ms | Скорость: 2.13 Mbps ⚡
2026-02-24 21:20:44 [INFO]    🏆 ES | VLESS | Пинг: 4446ms | Скорость: 1.2 Mbps 
2026-02-24 21:20:44 [INFO] 📊 Итого в подписке сохранено иностранных серверов: 10
2026-02-24 21:20:44 [INFO] 💾 Файл успешно сохранен: FL1PVPN
