2026-02-17 10:00:06 [INFO] 🚀 START: Smart VLESS Selector (Target: 10, Strict Mode)
2026-02-17 10:00:06 [INFO] 🌐 Загрузка источников...
2026-02-17 10:00:09 [INFO] 🔍 Уникальных конфигов собрано: 583
2026-02-17 10:00:09 [INFO] ⚡ ЭТАП 1: Быстрый замер Пинга (Workers: 25)...
2026-02-17 10:00:10 [INFO]    [PING OK] DE | 427ms
2026-02-17 10:00:11 [INFO]    [PING OK] NL | 808ms
2026-02-17 10:00:11 [INFO]    [PING OK] DE | 793ms
2026-02-17 10:00:12 [INFO]    [PING OK] DE | 154ms
2026-02-17 10:00:12 [INFO]    [PING OK] US | 2549ms
2026-02-17 10:00:16 [INFO]    [PING OK] DE | 148ms
2026-02-17 10:00:18 [INFO]    [PING OK] FR | 243ms
2026-02-17 10:00:18 [INFO]    [PING OK] DE | 171ms
2026-02-17 10:00:19 [INFO]    [PING OK] DE | 314ms
2026-02-17 10:00:20 [INFO]    [PING OK] US | 694ms
2026-02-17 10:00:20 [INFO]    [PING OK] US | 728ms
2026-02-17 10:00:21 [INFO]    [PING OK] NL | 156ms
2026-02-17 10:00:21 [INFO]    [PING OK] NL | 182ms
2026-02-17 10:00:22 [INFO]    [PING OK] FR | 200ms
2026-02-17 10:00:23 [INFO]    [PING OK] RU | 105ms
2026-02-17 10:00:24 [INFO]    [PING OK] RU | 1181ms
2026-02-17 10:00:24 [INFO]    [PING OK] RU | 307ms
2026-02-17 10:00:24 [INFO]    [PING OK] RU | 198ms
2026-02-17 10:00:24 [INFO]    [PING OK] RU | 340ms
2026-02-17 10:00:25 [INFO]    [PING OK] RU | 217ms
2026-02-17 10:00:25 [INFO]    [PING OK] RU | 917ms
2026-02-17 10:00:25 [INFO]    [PING OK] RU | 209ms
2026-02-17 10:00:25 [INFO]    [PING OK] RU | 248ms
2026-02-17 10:00:25 [INFO]    [PING OK] PL | 169ms
2026-02-17 10:00:25 [INFO]    [PING OK] RU | 298ms
2026-02-17 10:00:25 [INFO]    [PING OK] DE | 179ms
2026-02-17 10:00:25 [INFO]    [PING OK] RU | 664ms
2026-02-17 10:00:26 [INFO]    [PING OK] RU | 260ms
2026-02-17 10:00:26 [INFO]    [PING OK] RU | 322ms
2026-02-17 10:00:26 [INFO]    [PING OK] RU | 281ms
2026-02-17 10:00:26 [INFO]    [PING OK] DE | 173ms
2026-02-17 10:00:26 [INFO]    [PING OK] RU | 251ms
2026-02-17 10:00:26 [INFO]    [PING OK] NL | 215ms
2026-02-17 10:00:26 [INFO]    [PING OK] RU | 604ms
2026-02-17 10:00:26 [INFO]    [PING OK] RU | 448ms
2026-02-17 10:00:26 [INFO]    [PING OK] RU | 273ms
2026-02-17 10:00:27 [INFO]    [PING OK] RU | 279ms
2026-02-17 10:00:27 [INFO]    [PING OK] RU | 125ms
2026-02-17 10:00:27 [INFO]    [PING OK] RU | 209ms
2026-02-17 10:00:27 [INFO]    [PING OK] RU | 202ms
2026-02-17 10:00:27 [INFO]    [PING OK] RU | 100ms
2026-02-17 10:00:27 [INFO]    [PING OK] RU | 480ms
2026-02-17 10:00:27 [INFO]    [PING OK] RU | 857ms
2026-02-17 10:00:28 [INFO]    [PING OK] US | 208ms
2026-02-17 10:00:28 [INFO]    [PING OK] RU | 1471ms
2026-02-17 10:00:28 [INFO]    [PING OK] RU | 283ms
2026-02-17 10:00:28 [INFO]    [PING OK] RU | 231ms
2026-02-17 10:00:28 [INFO]    [PING OK] RU | 427ms
2026-02-17 10:00:29 [INFO]    [PING OK] RU | 268ms
2026-02-17 10:00:29 [INFO]    [PING OK] RU | 276ms
2026-02-17 10:00:29 [INFO]    [PING OK] RU | 1415ms
2026-02-17 10:00:29 [INFO]    [PING OK] RU | 1784ms
2026-02-17 10:00:29 [INFO]    [PING OK] RU | 117ms
2026-02-17 10:00:29 [INFO]    [PING OK] RU | 1271ms
2026-02-17 10:00:29 [INFO]    [PING OK] RU | 1076ms
2026-02-17 10:00:29 [INFO]    [PING OK] RU | 560ms
2026-02-17 10:00:30 [INFO]    [PING OK] RU | 234ms
2026-02-17 10:00:30 [INFO]    [PING OK] RU | 321ms
2026-02-17 10:00:30 [INFO]    [PING OK] RU | 439ms
2026-02-17 10:00:30 [INFO]    [PING OK] RU | 590ms
2026-02-17 10:00:30 [INFO]    [PING OK] RU | 2254ms
2026-02-17 10:00:30 [INFO]    [PING OK] RU | 340ms
2026-02-17 10:00:31 [INFO]    [PING OK] EE | 3452ms
2026-02-17 10:00:31 [INFO]    [PING OK] RU | 3456ms
2026-02-17 10:00:31 [INFO]    [PING OK] RU | 808ms
2026-02-17 10:00:31 [INFO]    [PING OK] RU | 3343ms
2026-02-17 10:00:31 [INFO]    [PING OK] RU | 357ms
2026-02-17 10:00:31 [INFO]    [PING OK] RU | 3122ms
2026-02-17 10:00:31 [INFO]    [PING OK] RU | 240ms
2026-02-17 10:00:31 [INFO]    [PING OK] PL | 199ms
2026-02-17 10:00:31 [INFO]    [PING OK] PL | 147ms
2026-02-17 10:00:31 [INFO]    [PING OK] RU | 231ms
2026-02-17 10:00:32 [INFO]    [PING OK] RU | 223ms
2026-02-17 10:00:32 [INFO]    [PING OK] RU | 323ms
2026-02-17 10:00:32 [INFO]    [PING OK] RU | 849ms
2026-02-17 10:00:32 [INFO]    [PING OK] NL | 203ms
2026-02-17 10:00:32 [INFO]    [PING OK] RU | 290ms
2026-02-17 10:00:32 [INFO]    [PING OK] RU | 608ms
2026-02-17 10:00:32 [INFO]    [PING OK] RU | 2799ms
2026-02-17 10:00:33 [INFO]    [PING OK] RU | 3168ms
2026-02-17 10:00:33 [INFO]    [PING OK] RU | 1212ms
2026-02-17 10:00:33 [INFO]    [PING OK] DE | 1134ms
2026-02-17 10:00:33 [INFO]    [PING OK] RU | 155ms
2026-02-17 10:00:33 [INFO]    [PING OK] RU | 229ms
2026-02-17 10:00:33 [INFO]    [PING OK] RU | 232ms
2026-02-17 10:00:33 [INFO]    [PING OK] RU | 238ms
2026-02-17 10:00:34 [INFO]    [PING OK] RU | 2959ms
2026-02-17 10:00:34 [INFO]    [PING OK] RU | 913ms
2026-02-17 10:00:34 [INFO]    [PING OK] RU | 311ms
2026-02-17 10:00:34 [INFO]    [PING OK] LT | 175ms
2026-02-17 10:00:34 [INFO]    [PING OK] RU | 324ms
2026-02-17 10:00:34 [INFO]    [PING OK] RU | 1483ms
2026-02-17 10:00:34 [INFO]    [PING OK] EE | 242ms
2026-02-17 10:00:34 [INFO]    [PING OK] LT | 184ms
2026-02-17 10:00:34 [INFO]    [PING OK] RU | 972ms
2026-02-17 10:00:34 [INFO]    [PING OK] HU | 1965ms
2026-02-17 10:00:34 [INFO]    [PING OK] RU | 1071ms
2026-02-17 10:00:35 [INFO]    [PING OK] NL | 201ms
2026-02-17 10:00:35 [INFO]    [PING OK] DE | 184ms
2026-02-17 10:00:35 [INFO]    [PING OK] RU | 2138ms
2026-02-17 10:00:35 [INFO]    [PING OK] DE | 241ms
2026-02-17 10:00:37 [INFO]    [PING OK] RU | 4704ms
2026-02-17 10:00:41 [INFO]    [PING OK] NL | 680ms
2026-02-17 10:00:48 [INFO]    [PING OK] LT | 157ms
2026-02-17 10:00:49 [INFO]    [PING OK] FI | 420ms
2026-02-17 10:00:49 [INFO]    [PING OK] FR | 284ms
2026-02-17 10:00:53 [INFO]    [PING OK] AE | 178ms
2026-02-17 10:00:54 [INFO]    [PING OK] NL | 278ms
2026-02-17 10:00:54 [INFO]    [PING OK] DE | 2171ms
2026-02-17 10:00:56 [INFO]    [PING OK] PL | 158ms
2026-02-17 10:00:57 [INFO]    [PING OK] NL | 474ms
2026-02-17 10:01:01 [INFO]    [PING OK] US | 1496ms
2026-02-17 10:01:04 [INFO]    [PING OK] RU | 215ms
2026-02-17 10:01:07 [INFO]    [PING OK] DE | 212ms
2026-02-17 10:01:11 [INFO]    [PING OK] FI | 287ms
2026-02-17 10:01:13 [INFO]    [PING OK] RU | 226ms
2026-02-17 10:01:19 [INFO]    [PING OK] US | 401ms
2026-02-17 10:01:20 [INFO]    [PING OK] TR | 303ms
2026-02-17 10:01:21 [INFO]    [PING OK] RU | 1215ms
2026-02-17 10:01:21 [INFO]    [PING OK] US | 1368ms
2026-02-17 10:01:22 [INFO]    [PING OK] CY | 179ms
2026-02-17 10:01:23 [INFO]    [PING OK] US | 610ms
2026-02-17 10:01:25 [INFO]    [PING OK] NL | 171ms
2026-02-17 10:01:27 [INFO]    [PING OK] PL | 575ms
2026-02-17 10:01:31 [INFO]    [PING OK] US | 1695ms
2026-02-17 10:01:33 [INFO]    [PING OK] AT | 222ms
2026-02-17 10:01:33 [INFO]    [PING OK] PL | 126ms
2026-02-17 10:01:39 [INFO]    [PING OK] MD | 178ms
2026-02-17 10:01:40 [INFO]    [PING OK] LV | 171ms
2026-02-17 10:01:40 [INFO]    [PING OK] LV | 441ms
2026-02-17 10:01:44 [INFO] 🏎️ ЭТАП 2: Глубокий замер скорости для ТОП-10 серверов...
2026-02-17 10:01:48 [INFO]    🏆 PL | Пинг: 126ms | Скорость: 6.89 Mbps ⚡⚡
2026-02-17 10:01:48 [INFO]    🏆 PL | Пинг: 147ms | Скорость: 6.91 Mbps ⚡⚡
2026-02-17 10:01:48 [INFO]    🏆 DE | Пинг: 148ms | Скорость: 6.79 Mbps ⚡⚡
2026-02-17 10:01:48 [INFO]    🏆 DE | Пинг: 154ms | Скорость: 6.83 Mbps ⚡⚡
2026-02-17 10:01:48 [INFO]    🏆 NL | Пинг: 156ms | Скорость: 6.92 Mbps ⚡⚡
2026-02-17 10:01:48 [INFO]    🏆 LT | Пинг: 157ms | Скорость: 6.94 Mbps ⚡⚡
2026-02-17 10:01:48 [INFO]    🏆 PL | Пинг: 158ms | Скорость: 6.84 Mbps ⚡⚡
2026-02-17 10:01:48 [INFO]    🏆 PL | Пинг: 169ms | Скорость: 6.98 Mbps ⚡⚡
2026-02-17 10:01:48 [INFO]    🏆 DE | Пинг: 171ms | Скорость: 7.1 Mbps ⚡⚡
2026-02-17 10:01:48 [INFO]    🏆 RU | Пинг: 100ms | Скорость: 7.03 Mbps ⚡⚡
2026-02-17 10:01:48 [INFO] 🇷🇺 Добавлен RU сервер: 87.242.103.184
2026-02-17 10:01:48 [INFO] 📊 Итого в подписке сохранено: 10 серверов
2026-02-17 10:01:48 [INFO] 💾 Файл успешно сохранен: FL1PVPN
