2026-02-25 07:20:06 [INFO] 🚀 START: Smart Selector (Target: 10, ONLY FOREIGN)
2026-02-25 07:20:06 [INFO] 🌐 Загрузка источников (VLESS + VMess)...
2026-02-25 07:20:08 [INFO] 🔍 Уникальных конфигов собрано: 174
2026-02-25 07:20:08 [INFO] ⚡ ЭТАП 1: Замер Пинга и Геолокации. Workers: 40...
2026-02-25 07:20:13 [INFO]    [PING OK] FI | VLESS | 3986ms
2026-02-25 07:20:13 [INFO]    [PING OK] NL | VLESS | 4025ms
2026-02-25 07:20:13 [INFO]    [PING OK] NL | VLESS | 4063ms
2026-02-25 07:20:13 [INFO]    [PING OK] NL | VLESS | 4012ms
2026-02-25 07:20:13 [INFO]    [PING OK] US | VLESS | 4090ms
2026-02-25 07:20:13 [INFO]    [PING OK] DE | VLESS | 3985ms
2026-02-25 07:20:13 [INFO]    [PING OK] NL | VLESS | 4002ms
2026-02-25 07:20:13 [INFO]    [PING OK] US | VLESS | 4229ms
2026-02-25 07:20:13 [INFO]    [PING OK] DE | VLESS | 4302ms
2026-02-25 07:20:13 [INFO]    [PING OK] FI | VLESS | 4204ms
2026-02-25 07:20:14 [INFO]    [PING OK] FI | VLESS | 4180ms
2026-02-25 07:20:14 [INFO]    [PING OK] DE | VLESS | 3456ms
2026-02-25 07:20:14 [INFO]    [PING OK] FI | VLESS | 3492ms
2026-02-25 07:20:14 [INFO]    [PING OK] FI | VLESS | 3304ms
2026-02-25 07:20:14 [INFO]    [PING OK] FI | VLESS | 3429ms
2026-02-25 07:20:14 [INFO]    [PING OK] DE | VLESS | 4135ms
2026-02-25 07:20:14 [INFO]    [PING OK] FI | VLESS | 3320ms
2026-02-25 07:20:14 [INFO]    [PING OK] NL | VLESS | 3373ms
2026-02-25 07:20:14 [INFO]    [PING OK] FI | VLESS | 3501ms
2026-02-25 07:20:15 [INFO]    [PING OK] NL | VLESS | 2880ms
2026-02-25 07:20:15 [INFO]    [PING OK] DE | VLESS | 5773ms
2026-02-25 07:20:17 [INFO]    [PING OK] DE | VLESS | 2846ms
2026-02-25 07:20:17 [INFO]    [PING OK] DE | VLESS | 2790ms
2026-02-25 07:20:17 [INFO]    [PING OK] US | VLESS | 2875ms
2026-02-25 07:20:17 [INFO]    [PING OK] US | VLESS | 2929ms
2026-02-25 07:20:17 [INFO]    [PING OK] NL | VLESS | 2843ms
2026-02-25 07:20:17 [INFO]    [PING OK] US | VLESS | 3085ms
2026-02-25 07:20:17 [INFO]    [PING OK] FI | VLESS | 5980ms
2026-02-25 07:20:17 [INFO]    [PING OK] NL | VLESS | 2783ms
2026-02-25 07:20:18 [INFO]    [PING OK] DE | VLESS | 2835ms
2026-02-25 07:20:18 [INFO]    [PING OK] FI | VLESS | 2878ms
2026-02-25 07:20:18 [INFO]    [PING OK] DE | VLESS | 3032ms
2026-02-25 07:20:18 [INFO]    [PING OK] US | VLESS | 3729ms
2026-02-25 07:20:18 [INFO]    [PING OK] US | VLESS | 2998ms
2026-02-25 07:20:19 [INFO]    [PING OK] US | VLESS | 3403ms
2026-02-25 07:20:19 [INFO]    [PING OK] CA | VLESS | 3280ms
2026-02-25 07:20:19 [INFO]    [PING OK] TW | VLESS | 3662ms
2026-02-25 07:20:19 [INFO]    [PING OK] SE | VLESS | 3491ms
2026-02-25 07:20:20 [INFO]    [PING OK] CA | VLESS | 4014ms
2026-02-25 07:20:22 [INFO]    [PING OK] CA | VLESS | 4137ms
2026-02-25 07:20:22 [INFO]    [PING OK] DE | VLESS | 4179ms
2026-02-25 07:20:22 [INFO]    [PING OK] CA | VLESS | 4539ms
2026-02-25 07:20:23 [INFO]    [PING OK] DE | VLESS | 4598ms
2026-02-25 07:20:23 [INFO]    [PING OK] US | VLESS | 4563ms
2026-02-25 07:20:23 [INFO]    [PING OK] DE | VLESS | 4729ms
2026-02-25 07:20:23 [INFO]    [PING OK] DE | VLESS | 4837ms
2026-02-25 07:20:23 [INFO]    [PING OK] NL | VLESS | 4713ms
2026-02-25 07:20:23 [INFO]    [PING OK] DE | VLESS | 4724ms
2026-02-25 07:20:24 [INFO]    [PING OK] GB | VLESS | 4719ms
2026-02-25 07:20:24 [INFO]    [PING OK] CY | VLESS | 4647ms
2026-02-25 07:20:24 [INFO]    [PING OK] SG | VLESS | 5210ms
2026-02-25 07:20:24 [INFO]    [PING OK] LV | VLESS | 4503ms
2026-02-25 07:20:24 [INFO]    [PING OK] CA | VLESS | 5050ms
2026-02-25 07:20:24 [INFO]    [PING OK] DE | VLESS | 4576ms
2026-02-25 07:20:24 [INFO]    [PING OK] US | VLESS | 4260ms
2026-02-25 07:20:24 [INFO]    [PING OK] NL | VLESS | 3981ms
2026-02-25 07:20:25 [INFO]    [PING OK] CA | VLESS | 4858ms
2026-02-25 07:20:25 [INFO]    [PING OK] CA | VLESS | 7221ms
2026-02-25 07:20:25 [INFO]    [PING OK] US | VLESS | 3472ms
2026-02-25 07:20:26 [INFO]    [PING OK] FR | VLESS | 2894ms
2026-02-25 07:20:26 [INFO]    [PING OK] NL | VLESS | 2708ms
2026-02-25 07:20:26 [INFO]    [PING OK] DE | VLESS | 2554ms
2026-02-25 07:20:26 [INFO]    [PING OK] TR | VLESS | 2462ms
2026-02-25 07:20:26 [INFO]    [PING OK] NL | VLESS | 2684ms
2026-02-25 07:20:26 [INFO]    [PING OK] US | VLESS | 2526ms
2026-02-25 07:20:26 [INFO]    [PING OK] NL | VLESS | 1634ms
2026-02-25 07:20:26 [INFO]    [PING OK] NL | VLESS | 1791ms
2026-02-25 07:20:26 [INFO]    [PING OK] CA | VLESS | 7778ms
2026-02-25 07:20:26 [INFO]    [PING OK] SG | VLESS | 1916ms
2026-02-25 07:20:26 [INFO]    [PING OK] CA | VLESS | 2154ms
2026-02-25 07:20:26 [INFO]    [PING OK] CA | VLESS | 3550ms
2026-02-25 07:20:27 [INFO]    [PING OK] CA | VLESS | 2402ms
2026-02-25 07:20:27 [INFO]    [PING OK] TW | VLESS | 2719ms
2026-02-25 07:20:31 [INFO] 🏎️ ЭТАП 2: Глубокий замер скорости для 40 иностранных кандидатов...
2026-02-25 07:20:35 [INFO]    🏆 NL | VLESS | Пинг: 1634ms | Скорость: 4.99 Mbps ⚡⚡
2026-02-25 07:20:36 [INFO]    🏆 TR | VLESS | Пинг: 2462ms | Скорость: 4.86 Mbps ⚡⚡
2026-02-25 07:20:36 [INFO]    🏆 NL | VLESS | Пинг: 2708ms | Скорость: 4.9 Mbps ⚡⚡
2026-02-25 07:20:36 [INFO]    🏆 NL | VLESS | Пинг: 2843ms | Скорость: 5.03 Mbps ⚡⚡
2026-02-25 07:20:36 [INFO]    🏆 DE | VLESS | Пинг: 2835ms | Скорость: 4.85 Mbps ⚡⚡
2026-02-25 07:20:36 [INFO]    🏆 NL | VLESS | Пинг: 2684ms | Скорость: 4.74 Mbps ⚡⚡
2026-02-25 07:20:36 [INFO]    🏆 DE | VLESS | Пинг: 2790ms | Скорость: 4.87 Mbps ⚡⚡
2026-02-25 07:20:36 [INFO]    🏆 US | VLESS | Пинг: 2526ms | Скорость: 4.69 Mbps ⚡⚡
2026-02-25 07:20:36 [INFO]    🏆 SG | VLESS | Пинг: 1916ms | Скорость: 4.51 Mbps ⚡⚡
2026-02-25 07:20:36 [INFO]    🏆 NL | VLESS | Пинг: 1791ms | Скорость: 4.49 Mbps ⚡⚡
2026-02-25 07:20:36 [INFO]    🏆 DE | VLESS | Пинг: 2554ms | Скорость: 4.49 Mbps ⚡⚡
2026-02-25 07:20:36 [INFO]    🏆 NL | VLESS | Пинг: 2783ms | Скорость: 4.55 Mbps ⚡⚡
2026-02-25 07:20:37 [INFO]    🏆 CA | VLESS | Пинг: 2154ms | Скорость: 0.71 Mbps 
2026-02-25 07:20:37 [INFO]    🏆 CA | VLESS | Пинг: 2402ms | Скорость: 0.7 Mbps 
2026-02-25 07:20:38 [INFO]    🏆 TW | VLESS | Пинг: 2719ms | Скорость: 2.4 Mbps ⚡
2026-02-25 07:20:38 [INFO]    🏆 US | VLESS | Пинг: 2875ms | Скорость: 10.98 Mbps ⚡⚡
2026-02-25 07:20:38 [INFO]    🏆 FI | VLESS | Пинг: 2878ms | Скорость: 10.35 Mbps ⚡⚡
2026-02-25 07:20:40 [INFO]    🏆 DE | VLESS | Пинг: 3032ms | Скорость: 5.5 Mbps ⚡⚡
2026-02-25 07:20:40 [INFO]    🏆 FI | VLESS | Пинг: 3320ms | Скорость: 5.85 Mbps ⚡⚡
2026-02-25 07:20:40 [INFO]    🏆 NL | VLESS | Пинг: 2880ms | Скорость: 5.33 Mbps ⚡⚡
2026-02-25 07:20:40 [INFO]    🏆 US | VLESS | Пинг: 2929ms | Скорость: 5.45 Mbps ⚡⚡
2026-02-25 07:20:40 [INFO]    🏆 US | VLESS | Пинг: 3085ms | Скорость: 5.41 Mbps ⚡⚡
2026-02-25 07:20:40 [INFO]    🏆 FI | VLESS | Пинг: 3304ms | Скорость: 5.38 Mbps ⚡⚡
2026-02-25 07:20:40 [INFO]    🏆 FR | VLESS | Пинг: 2894ms | Скорость: 5.15 Mbps ⚡⚡
2026-02-25 07:20:40 [INFO]    🏆 US | VLESS | Пинг: 2998ms | Скорость: 5.12 Mbps ⚡⚡
2026-02-25 07:20:41 [INFO]    🏆 DE | VLESS | Пинг: 2846ms | Скорость: 4.45 Mbps ⚡⚡
2026-02-25 07:20:42 [INFO]    🏆 NL | VLESS | Пинг: 3373ms | Скорость: 5.09 Mbps ⚡⚡
2026-02-25 07:20:42 [INFO]    🏆 DE | VLESS | Пинг: 3456ms | Скорость: 6.02 Mbps ⚡⚡
2026-02-25 07:20:42 [INFO]    🏆 FI | VLESS | Пинг: 3429ms | Скорость: 5.3 Mbps ⚡⚡
2026-02-25 07:20:42 [INFO]    🏆 US | VLESS | Пинг: 3472ms | Скорость: 5.91 Mbps ⚡⚡
2026-02-25 07:20:43 [INFO]    🏆 SE | VLESS | Пинг: 3491ms | Скорость: 8.86 Mbps ⚡⚡
2026-02-25 07:20:43 [INFO]    🏆 FI | VLESS | Пинг: 3492ms | Скорость: 8.03 Mbps ⚡⚡
2026-02-25 07:20:43 [INFO]    🏆 NL | VLESS | Пинг: 3981ms | Скорость: 8.82 Mbps ⚡⚡
2026-02-25 07:20:43 [INFO]    🏆 DE | VLESS | Пинг: 3985ms | Скорость: 8.7 Mbps ⚡⚡
2026-02-25 07:20:44 [INFO]    🏆 FI | VLESS | Пинг: 3501ms | Скорость: 7.1 Mbps ⚡⚡
2026-02-25 07:20:44 [INFO]    🏆 US | VLESS | Пинг: 3403ms | Скорость: 0.77 Mbps 
2026-02-25 07:20:47 [INFO]    🏆 US | VLESS | Пинг: 3729ms | Скорость: 1.42 Mbps 
2026-02-25 07:20:47 [INFO] 📊 Итого в подписке сохранено иностранных серверов: 10
2026-02-25 07:20:47 [INFO] 💾 Файл успешно сохранен: FL1PVPN
