2026-02-19 13:30:05 [INFO] 🚀 START: Smart VPN Selector (Target: 10, Strict Mode)
2026-02-19 13:30:05 [INFO] 🌐 Загрузка источников...
2026-02-19 13:30:09 [INFO] 🔍 Уникальных конфигов собрано: 1215
2026-02-19 13:30:09 [INFO] ⚡ ЭТАП 1: Быстрый замер Пинга (Workers: 25)...
2026-02-19 13:30:10 [INFO]    [PING OK] RU | 435ms
2026-02-19 13:30:10 [INFO]    [PING OK] TR | 361ms
2026-02-19 13:30:10 [INFO]    [PING OK] RU | 530ms
2026-02-19 13:30:10 [INFO]    [PING OK] DE | 516ms
2026-02-19 13:30:12 [INFO]    [PING OK] RU | 1947ms
2026-02-19 13:30:12 [INFO]    [PING OK] DE | 822ms
2026-02-19 13:30:12 [INFO]    [PING OK] RU | 519ms
2026-02-19 13:30:13 [INFO]    [PING OK] RU | 239ms
2026-02-19 13:30:13 [INFO]    [PING OK] CA | 466ms
2026-02-19 13:30:13 [INFO]    [PING OK] DE | 201ms
2026-02-19 13:30:13 [INFO]    [PING OK] RU | 2071ms
2026-02-19 13:30:13 [INFO]    [PING OK] IT | 1076ms
2026-02-19 13:30:14 [INFO]    [PING OK] RU | 3970ms
2026-02-19 13:30:14 [INFO]    [PING OK] US | 3899ms
2026-02-19 13:30:14 [INFO]    [PING OK] TR | 183ms
2026-02-19 13:30:14 [INFO]    [PING OK] RU | 241ms
2026-02-19 13:30:15 [INFO]    [PING OK] LV | 900ms
2026-02-19 13:30:15 [INFO]    [PING OK] DE | 165ms
2026-02-19 13:30:15 [INFO]    [PING OK] TR | 113ms
2026-02-19 13:30:16 [INFO]    [PING OK] RU | 735ms
2026-02-19 13:30:18 [INFO]    [PING OK] DE | 2801ms
2026-02-19 13:30:20 [INFO]    [PING OK] FR | 2688ms
2026-02-19 13:30:21 [INFO]    [PING OK] RU | 286ms
2026-02-19 13:30:21 [INFO]    [PING OK] RU | 331ms
2026-02-19 13:30:22 [INFO]    [PING OK] RU | 338ms
2026-02-19 13:30:22 [INFO]    [PING OK] RU | 275ms
2026-02-19 13:30:22 [INFO]    [PING OK] RU | 759ms
2026-02-19 13:30:22 [INFO]    [PING OK] RU | 295ms
2026-02-19 13:30:22 [INFO]    [PING OK] RU | 313ms
2026-02-19 13:30:23 [INFO]    [PING OK] RU | 229ms
2026-02-19 13:30:23 [INFO]    [PING OK] RU | 354ms
2026-02-19 13:30:23 [INFO]    [PING OK] RU | 552ms
2026-02-19 13:30:23 [INFO]    [PING OK] RU | 328ms
2026-02-19 13:30:23 [INFO]    [PING OK] RU | 580ms
2026-02-19 13:30:23 [INFO]    [PING OK] RU | 1211ms
2026-02-19 13:30:24 [INFO]    [PING OK] RU | 203ms
2026-02-19 13:30:24 [INFO]    [PING OK] RU | 338ms
2026-02-19 13:30:24 [INFO]    [PING OK] RU | 310ms
2026-02-19 13:30:25 [INFO]    [PING OK] RU | 266ms
2026-02-19 13:30:25 [INFO]    [PING OK] RU | 321ms
2026-02-19 13:30:26 [INFO]    [PING OK] RU | 113ms
2026-02-19 13:30:26 [INFO]    [PING OK] RU | 4205ms
2026-02-19 13:30:26 [INFO]    [PING OK] RU | 2552ms
2026-02-19 13:30:26 [INFO]    [PING OK] RU | 242ms
2026-02-19 13:30:27 [INFO]    [PING OK] RU | 893ms
2026-02-19 13:30:27 [INFO]    [PING OK] RU | 656ms
2026-02-19 13:30:28 [INFO]    [PING OK] RU | 1148ms
2026-02-19 13:30:28 [INFO]    [PING OK] RU | 236ms
2026-02-19 13:30:28 [INFO]    [PING OK] RU | 3565ms
2026-02-19 13:30:28 [INFO]    [PING OK] RU | 4091ms
2026-02-19 13:30:28 [INFO]    [PING OK] RU | 2184ms
2026-02-19 13:30:29 [INFO]    [PING OK] RU | 230ms
2026-02-19 13:30:29 [INFO]    [PING OK] RU | 660ms
2026-02-19 13:30:29 [INFO]    [PING OK] RU | 1725ms
2026-02-19 13:30:29 [INFO]    [PING OK] RU | 451ms
2026-02-19 13:30:29 [INFO]    [PING OK] RU | 890ms
2026-02-19 13:30:30 [INFO]    [PING OK] RU | 570ms
2026-02-19 13:30:30 [INFO]    [PING OK] RU | 1246ms
2026-02-19 13:30:30 [INFO]    [PING OK] RU | 906ms
2026-02-19 13:30:30 [INFO]    [PING OK] RU | 230ms
2026-02-19 13:30:30 [INFO]    [PING OK] RU | 328ms
2026-02-19 13:30:30 [INFO]    [PING OK] RU | 3394ms
2026-02-19 13:30:30 [INFO]    [PING OK] RU | 1057ms
2026-02-19 13:30:31 [INFO]    [PING OK] DE | 715ms
2026-02-19 13:30:32 [INFO]    [PING OK] US | 400ms
2026-02-19 13:30:32 [INFO]    [PING OK] RU | 915ms
2026-02-19 13:30:32 [INFO]    [PING OK] RU | 1560ms
2026-02-19 13:30:32 [INFO]    [PING OK] NL | 198ms
2026-02-19 13:30:32 [INFO]    [PING OK] RU | 2348ms
2026-02-19 13:30:32 [INFO]    [PING OK] TR | 173ms
2026-02-19 13:30:33 [INFO]    [PING OK] RU | 3844ms
2026-02-19 13:30:33 [INFO]    [PING OK] MD | 216ms
2026-02-19 13:30:33 [INFO]    [PING OK] UZ | 337ms
2026-02-19 13:30:34 [INFO]    [PING OK] TR | 448ms
2026-02-19 13:30:34 [INFO]    [PING OK] RU | 3146ms
2026-02-19 13:30:34 [INFO]    [PING OK] RU | 3684ms
2026-02-19 13:30:34 [INFO]    [PING OK] US | 381ms
2026-02-19 13:30:35 [INFO]    [PING OK] RU | 4802ms
2026-02-19 13:30:35 [INFO]    [PING OK] HU | 321ms
2026-02-19 13:30:36 [INFO]    [PING OK] US | 446ms
2026-02-19 13:30:37 [INFO]    [PING OK] US | 714ms
2026-02-19 13:30:37 [INFO]    [PING OK] PL | 113ms
2026-02-19 13:30:37 [INFO]    [PING OK] US | 394ms
2026-02-19 13:30:37 [INFO]    [PING OK] BG | 125ms
2026-02-19 13:30:37 [INFO]    [PING OK] GB | 180ms
2026-02-19 13:30:37 [INFO]    [PING OK] CA | 4079ms
2026-02-19 13:30:37 [INFO]    [PING OK] US | 393ms
2026-02-19 13:30:37 [INFO]    [PING OK] GB | 355ms
2026-02-19 13:30:37 [INFO]    [PING OK] FR | 121ms
2026-02-19 13:30:38 [INFO]    [PING OK] GB | 725ms
2026-02-19 13:30:38 [INFO]    [PING OK] GB | 154ms
2026-02-19 13:30:39 [INFO]    [PING OK] US | 621ms
2026-02-19 13:30:40 [INFO]    [PING OK] PL | 122ms
2026-02-19 13:30:40 [INFO]    [PING OK] US | 380ms
2026-02-19 13:30:40 [INFO]    [PING OK] SG | 2442ms
2026-02-19 13:30:40 [INFO]    [PING OK] SG | 460ms
2026-02-19 13:30:40 [INFO]    [PING OK] LV | 331ms
2026-02-19 13:30:40 [INFO]    [PING OK] AT | 533ms
2026-02-19 13:30:41 [INFO]    [PING OK] GR | 174ms
2026-02-19 13:30:41 [INFO]    [PING OK] DE | 110ms
2026-02-19 13:30:41 [INFO]    [PING OK] FR | 168ms
2026-02-19 13:30:41 [INFO]    [PING OK] CA | 320ms
2026-02-19 13:30:41 [INFO]    [PING OK] TR | 230ms
2026-02-19 13:30:41 [INFO]    [PING OK] RU | 357ms
2026-02-19 13:30:42 [INFO]    [PING OK] GB | 2775ms
2026-02-19 13:30:42 [INFO]    [PING OK] US | 362ms
2026-02-19 13:30:42 [INFO]    [PING OK] NL | 202ms
2026-02-19 13:30:42 [INFO]    [PING OK] FR | 219ms
2026-02-19 13:30:42 [INFO]    [PING OK] DE | 133ms
2026-02-19 13:30:42 [INFO]    [PING OK] IL | 246ms
2026-02-19 13:30:43 [INFO]    [PING OK] US | 390ms
2026-02-19 13:30:43 [INFO]    [PING OK] RU | 45ms
2026-02-19 13:30:43 [INFO]    [PING OK] KH | 607ms
2026-02-19 13:30:43 [INFO]    [PING OK] US | 646ms
2026-02-19 13:30:44 [INFO]    [PING OK] NL | 392ms
2026-02-19 13:30:44 [INFO]    [PING OK] GB | 284ms
2026-02-19 13:30:44 [INFO]    [PING OK] DE | 209ms
2026-02-19 13:30:44 [INFO]    [PING OK] MX | 327ms
2026-02-19 13:30:45 [INFO]    [PING OK] US | 377ms
2026-02-19 13:30:45 [INFO]    [PING OK] SG | 456ms
2026-02-19 13:30:45 [INFO]    [PING OK] GB | 153ms
2026-02-19 13:30:45 [INFO]    [PING OK] US | 395ms
2026-02-19 13:30:45 [INFO]    [PING OK] US | 437ms
2026-02-19 13:30:45 [INFO]    [PING OK] US | 524ms
2026-02-19 13:30:47 [INFO]    [PING OK] FI | 2913ms
2026-02-19 13:30:52 [INFO]    [PING OK] DE | 133ms
2026-02-19 13:30:52 [INFO]    [PING OK] DE | 227ms
2026-02-19 13:30:54 [INFO]    [PING OK] DE | 123ms
2026-02-19 13:30:55 [INFO]    [PING OK] BR | 549ms
2026-02-19 13:30:56 [INFO]    [PING OK] GB | 194ms
2026-02-19 13:31:00 [INFO]    [PING OK] DE | 121ms
2026-02-19 13:31:00 [INFO]    [PING OK] US | 249ms
2026-02-19 13:31:04 [INFO]    [PING OK] DE | 130ms
2026-02-19 13:31:08 [INFO]    [PING OK] FR | 121ms
2026-02-19 13:31:09 [INFO]    [PING OK] SG | 3779ms
2026-02-19 13:31:10 [INFO]    [PING OK] FR | 136ms
2026-02-19 13:31:11 [INFO]    [PING OK] GB | 147ms
2026-02-19 13:31:12 [INFO]    [PING OK] DE | 157ms
2026-02-19 13:31:13 [INFO]    [PING OK] JP | 4724ms
2026-02-19 13:31:14 [INFO]    [PING OK] DE | 165ms
2026-02-19 13:31:16 [INFO]    [PING OK] DE | 129ms
2026-02-19 13:31:17 [INFO]    [PING OK] SG | 451ms
2026-02-19 13:31:17 [INFO]    [PING OK] DE | 144ms
2026-02-19 13:31:19 [INFO]    [PING OK] GB | 161ms
2026-02-19 13:31:21 [INFO]    [PING OK] GB | 177ms
2026-02-19 13:31:21 [INFO]    [PING OK] GB | 166ms
2026-02-19 13:31:22 [INFO]    [PING OK] GB | 1041ms
2026-02-19 13:31:22 [INFO]    [PING OK] GB | 198ms
2026-02-19 13:31:22 [INFO]    [PING OK] JP | 949ms
2026-02-19 13:31:23 [INFO]    [PING OK] GB | 151ms
2026-02-19 13:31:25 [INFO]    [PING OK] GB | 130ms
2026-02-19 13:31:25 [INFO]    [PING OK] GB | 211ms
2026-02-19 13:31:26 [INFO]    [PING OK] GB | 155ms
2026-02-19 13:31:27 [INFO]    [PING OK] GB | 158ms
2026-02-19 13:31:28 [INFO]    [PING OK] GB | 145ms
2026-02-19 13:31:29 [INFO]    [PING OK] RU | 433ms
2026-02-19 13:31:29 [INFO]    [PING OK] GB | 156ms
2026-02-19 13:31:30 [INFO]    [PING OK] RU | 223ms
2026-02-19 13:31:30 [INFO]    [PING OK] GB | 168ms
2026-02-19 13:31:31 [INFO]    [PING OK] HK | 814ms
2026-02-19 13:31:32 [INFO]    [PING OK] RU | 140ms
2026-02-19 13:31:32 [INFO]    [PING OK] RU | 2929ms
2026-02-19 13:31:32 [INFO]    [PING OK] TR | 314ms
2026-02-19 13:31:33 [INFO]    [PING OK] FI | 177ms
2026-02-19 13:31:35 [INFO]    [PING OK] RU | 152ms
2026-02-19 13:31:37 [INFO]    [PING OK] US | 560ms
2026-02-19 13:31:39 [INFO]    [PING OK] ES | 1496ms
2026-02-19 13:31:39 [INFO]    [PING OK] DE | 1994ms
2026-02-19 13:31:42 [INFO]    [PING OK] NL | 352ms
2026-02-19 13:31:43 [INFO]    [PING OK] RU | 181ms
2026-02-19 13:31:47 [INFO]    [PING OK] DE | 3240ms
2026-02-19 13:32:00 [INFO] 🏎️ ЭТАП 2: Глубокий замер скорости для ТОП-10 серверов...
2026-02-19 13:32:07 [INFO]    🏆 DE | Пинг: 110ms | Скорость: 8.36 Mbps ⚡⚡
2026-02-19 13:32:07 [INFO]    🏆 TR | Пинг: 113ms | Скорость: 8.67 Mbps ⚡⚡
2026-02-19 13:32:07 [INFO]    🏆 PL | Пинг: 113ms | Скорость: 8.71 Mbps ⚡⚡
2026-02-19 13:32:07 [INFO]    🏆 FR | Пинг: 121ms | Скорость: 8.44 Mbps ⚡⚡
2026-02-19 13:32:07 [INFO]    🏆 DE | Пинг: 121ms | Скорость: 8.52 Mbps ⚡⚡
2026-02-19 13:32:07 [INFO]    🏆 FR | Пинг: 121ms | Скорость: 6.46 Mbps ⚡⚡
2026-02-19 13:32:07 [INFO]    🏆 PL | Пинг: 122ms | Скорость: 8.7 Mbps ⚡⚡
2026-02-19 13:32:07 [INFO]    🏆 DE | Пинг: 123ms | Скорость: 8.89 Mbps ⚡⚡
2026-02-19 13:32:07 [INFO]    🏆 BG | Пинг: 125ms | Скорость: 0.0 Mbps 
2026-02-19 13:32:07 [INFO]    🏆 RU | Пинг: 45ms | Скорость: 9.16 Mbps ⚡⚡
2026-02-19 13:32:07 [INFO] 🇷🇺 Добавлен RU сервер: 212.192.14.234
2026-02-19 13:32:07 [INFO] 📊 Итого в подписке сохранено: 10 серверов
2026-02-19 13:32:07 [INFO] 💾 Файл успешно сохранен: FL1PVPN
