2026-02-23 05:30:05 [INFO] 🚀 START: Smart Selector (Target: 10, ONLY FOREIGN)
2026-02-23 05:30:05 [INFO] 🌐 Загрузка источников (VLESS + VMess)...
2026-02-23 05:30:08 [INFO] 🔍 Уникальных конфигов собрано: 228
2026-02-23 05:30:08 [INFO] ⚡ ЭТАП 1: Замер Пинга и Геолокации. Workers: 40...
2026-02-23 05:30:13 [INFO]    [PING OK] CZ | VLESS | 4431ms
2026-02-23 05:30:13 [INFO]    [PING OK] EE | VLESS | 4240ms
2026-02-23 05:30:14 [INFO]    [PING OK] DE | VLESS | 4138ms
2026-02-23 05:30:14 [INFO]    [PING OK] DE | VLESS | 4812ms
2026-02-23 05:30:14 [INFO]    [PING OK] DE | VLESS | 3812ms
2026-02-23 05:30:15 [INFO]    [PING OK] ES | VLESS | 3446ms
2026-02-23 05:30:15 [INFO]    [PING OK] DE | VLESS | 4361ms
2026-02-23 05:30:15 [INFO]    [PING OK] DE | VLESS | 4678ms
2026-02-23 05:30:15 [INFO]    [PING OK] DE | VLESS | 5794ms
2026-02-23 05:30:15 [INFO]    [PING OK] NL | VLESS | 6334ms
2026-02-23 05:30:16 [INFO]    [PING OK] DE | VLESS | 5911ms
2026-02-23 05:30:16 [INFO]    [PING OK] PL | VLESS | 3611ms
2026-02-23 05:30:17 [INFO]    [PING OK] ES | VLESS | 3444ms
2026-02-23 05:30:17 [INFO]    [PING OK] DE | VLESS | 8048ms
2026-02-23 05:30:17 [INFO]    [PING OK] ES | VLESS | 3407ms
2026-02-23 05:30:17 [INFO]    [PING OK] ES | VLESS | 3659ms
2026-02-23 05:30:17 [INFO]    [PING OK] HU | VLESS | 3238ms
2026-02-23 05:30:18 [INFO]    [PING OK] DE | VLESS | 3399ms
2026-02-23 05:30:18 [INFO]    [PING OK] IT | VLESS | 3405ms
2026-02-23 05:30:18 [INFO]    [PING OK] HU | VLESS | 3582ms
2026-02-23 05:30:18 [INFO]    [PING OK] PL | VLESS | 3280ms
2026-02-23 05:30:18 [INFO]    [PING OK] PL | VLESS | 3421ms
2026-02-23 05:30:18 [INFO]    [PING OK] PL | VLESS | 3303ms
2026-02-23 05:30:18 [INFO]    [PING OK] DE | VLESS | 3208ms
2026-02-23 05:30:18 [INFO]    [PING OK] FR | VLESS | 3422ms
2026-02-23 05:30:18 [INFO]    [PING OK] ES | VLESS | 3338ms
2026-02-23 05:30:18 [INFO]    [PING OK] HU | VLESS | 3559ms
2026-02-23 05:30:19 [INFO]    [PING OK] IT | VLESS | 3215ms
2026-02-23 05:30:19 [INFO]    [PING OK] TR | VLESS | 3396ms
2026-02-23 05:30:19 [INFO]    [PING OK] TR | VLESS | 3142ms
2026-02-23 05:30:19 [INFO]    [PING OK] ES | VLESS | 3061ms
2026-02-23 05:30:19 [INFO]    [PING OK] US | VLESS | 3896ms
2026-02-23 05:30:20 [INFO]    [PING OK] ES | VLESS | 3082ms
2026-02-23 05:30:20 [INFO]    [PING OK] HU | VLESS | 3153ms
2026-02-23 05:30:20 [INFO]    [PING OK] TR | VLESS | 3270ms
2026-02-23 05:30:21 [INFO]    [PING OK] CA | VLESS | 6668ms
2026-02-23 05:30:22 [INFO]    [PING OK] PL | VLESS | 3468ms
2026-02-23 05:30:22 [INFO]    [PING OK] HU | VLESS | 3630ms
2026-02-23 05:30:22 [INFO]    [PING OK] ES | VLESS | 3804ms
2026-02-23 05:30:22 [INFO]    [PING OK] PL | VLESS | 3850ms
2026-02-23 05:30:22 [INFO]    [PING OK] HU | VLESS | 3675ms
2026-02-23 05:30:22 [INFO]    [PING OK] IT | VLESS | 3696ms
2026-02-23 05:30:22 [INFO]    [PING OK] PL | VLESS | 3694ms
2026-02-23 05:30:22 [INFO]    [PING OK] FI | VLESS | 3528ms
2026-02-23 05:30:23 [INFO]    [PING OK] PL | VLESS | 3669ms
2026-02-23 05:30:23 [INFO]    [PING OK] CA | VLESS | 6682ms
2026-02-23 05:30:23 [INFO]    [PING OK] DE | VLESS | 3888ms
2026-02-23 05:30:23 [INFO]    [PING OK] TR | VLESS | 3815ms
2026-02-23 05:30:23 [INFO]    [PING OK] EE | VLESS | 3957ms
2026-02-23 05:30:24 [INFO]    [PING OK] DE | VLESS | 4634ms
2026-02-23 05:30:24 [INFO]    [PING OK] PL | VLESS | 5751ms
2026-02-23 05:30:24 [INFO]    [PING OK] CA | VLESS | 4474ms
2026-02-23 05:30:24 [INFO]    [PING OK] NL | VLESS | 5726ms
2026-02-23 05:30:25 [INFO]    [PING OK] CA | VLESS | 4365ms
2026-02-23 05:30:26 [INFO]    [PING OK] BY | VLESS | 4461ms
2026-02-23 05:30:27 [INFO]    [PING OK] CA | VLESS | 4641ms
2026-02-23 05:30:27 [INFO]    [PING OK] FI | VLESS | 6435ms
2026-02-23 05:30:27 [INFO]    [PING OK] CA | VLESS | 7035ms
2026-02-23 05:30:28 [INFO]    [PING OK] CA | VLESS | 5493ms
2026-02-23 05:30:29 [INFO]    [PING OK] CA | VLESS | 5540ms
2026-02-23 05:30:29 [INFO]    [PING OK] CA | VLESS | 5444ms
2026-02-23 05:30:30 [INFO]    [PING OK] DE | VLESS | 5609ms
2026-02-23 05:30:30 [INFO]    [PING OK] CA | VLESS | 5098ms
2026-02-23 05:30:30 [INFO]    [PING OK] CA | VLESS | 6455ms
2026-02-23 05:30:30 [INFO]    [PING OK] CA | VLESS | 7078ms
2026-02-23 05:30:30 [INFO]    [PING OK] CA | VLESS | 5160ms
2026-02-23 05:30:30 [INFO]    [PING OK] CA | VLESS | 5852ms
2026-02-23 05:30:31 [INFO]    [PING OK] CA | VLESS | 5235ms
2026-02-23 05:30:31 [INFO]    [PING OK] DE | VLESS | 4985ms
2026-02-23 05:30:32 [INFO]    [PING OK] NL | VLESS | 4013ms
2026-02-23 05:30:32 [INFO]    [PING OK] CA | VLESS | 5113ms
2026-02-23 05:30:32 [INFO]    [PING OK] CA | VLESS | 4404ms
2026-02-23 05:30:33 [INFO]    [PING OK] CA | VLESS | 4368ms
2026-02-23 05:30:33 [INFO]    [PING OK] CA | VLESS | 4004ms
2026-02-23 05:30:33 [INFO]    [PING OK] US | VLESS | 4021ms
2026-02-23 05:30:33 [INFO]    [PING OK] GB | VLESS | 4618ms
2026-02-23 05:30:33 [INFO]    [PING OK] CA | VLESS | 5213ms
2026-02-23 05:30:33 [INFO]    [PING OK] CA | VLESS | 8838ms
2026-02-23 05:30:33 [INFO]    [PING OK] DE | VLESS | 1966ms
2026-02-23 05:30:33 [INFO]    [PING OK] CA | VLESS | 8839ms
2026-02-23 05:30:34 [INFO]    [PING OK] CA | VLESS | 2379ms
2026-02-23 05:30:34 [INFO]    [PING OK] CA | VLESS | 4715ms
2026-02-23 05:30:34 [INFO]    [PING OK] CA | VLESS | 3563ms
2026-02-23 05:30:35 [INFO]    [PING OK] CA | VLESS | 5869ms
2026-02-23 05:30:35 [INFO]    [PING OK] CA | VLESS | 3361ms
2026-02-23 05:30:35 [INFO]    [PING OK] CA | VLESS | 3595ms
2026-02-23 05:30:36 [INFO]    [PING OK] CA | VLESS | 4644ms
2026-02-23 05:30:37 [INFO]    [PING OK] CA | VLESS | 5353ms
2026-02-23 05:30:37 [INFO] 🏎️ ЭТАП 2: Глубокий замер скорости для 40 иностранных кандидатов...
2026-02-23 05:30:42 [INFO]    🏆 HU | VLESS | Пинг: 3153ms | Скорость: 5.96 Mbps ⚡⚡
2026-02-23 05:30:42 [INFO]    🏆 ES | VLESS | Пинг: 3061ms | Скорость: 5.93 Mbps ⚡⚡
2026-02-23 05:30:42 [INFO]    🏆 DE | VLESS | Пинг: 3208ms | Скорость: 5.95 Mbps ⚡⚡
2026-02-23 05:30:42 [INFO]    🏆 TR | VLESS | Пинг: 3142ms | Скорость: 5.94 Mbps ⚡⚡
2026-02-23 05:30:42 [INFO]    🏆 TR | VLESS | Пинг: 3270ms | Скорость: 6.01 Mbps ⚡⚡
2026-02-23 05:30:42 [INFO]    🏆 PL | VLESS | Пинг: 3280ms | Скорость: 5.99 Mbps ⚡⚡
2026-02-23 05:30:42 [INFO]    🏆 IT | VLESS | Пинг: 3215ms | Скорость: 5.91 Mbps ⚡⚡
2026-02-23 05:30:42 [INFO]    🏆 DE | VLESS | Пинг: 1966ms | Скорость: 5.75 Mbps ⚡⚡
2026-02-23 05:30:42 [INFO]    🏆 ES | VLESS | Пинг: 3082ms | Скорость: 5.83 Mbps ⚡⚡
2026-02-23 05:30:42 [INFO]    🏆 PL | VLESS | Пинг: 3303ms | Скорость: 5.89 Mbps ⚡⚡
2026-02-23 05:30:42 [INFO]    🏆 TR | VLESS | Пинг: 3396ms | Скорость: 6.0 Mbps ⚡⚡
2026-02-23 05:30:42 [INFO]    🏆 ES | VLESS | Пинг: 3338ms | Скорость: 6.03 Mbps ⚡⚡
2026-02-23 05:30:42 [INFO]    🏆 HU | VLESS | Пинг: 3238ms | Скорость: 5.24 Mbps ⚡⚡
2026-02-23 05:30:44 [INFO]    🏆 PL | VLESS | Пинг: 3421ms | Скорость: 12.4 Mbps ⚡⚡
2026-02-23 05:30:44 [INFO]    🏆 FI | VLESS | Пинг: 3528ms | Скорость: 11.4 Mbps ⚡⚡
2026-02-23 05:30:45 [INFO]    🏆 IT | VLESS | Пинг: 3405ms | Скорость: 8.46 Mbps ⚡⚡
2026-02-23 05:30:45 [INFO]    🏆 DE | VLESS | Пинг: 3399ms | Скорость: 8.1 Mbps ⚡⚡
2026-02-23 05:30:45 [INFO]    🏆 PL | VLESS | Пинг: 3468ms | Скорость: 7.78 Mbps ⚡⚡
2026-02-23 05:30:45 [INFO]    🏆 ES | VLESS | Пинг: 3407ms | Скорость: 7.65 Mbps ⚡⚡
2026-02-23 05:30:45 [INFO]    🏆 HU | VLESS | Пинг: 3559ms | Скорость: 7.71 Mbps ⚡⚡
2026-02-23 05:30:45 [INFO]    🏆 ES | VLESS | Пинг: 3446ms | Скорость: 7.49 Mbps ⚡⚡
2026-02-23 05:30:45 [INFO]    🏆 HU | VLESS | Пинг: 3582ms | Скорость: 7.65 Mbps ⚡⚡
2026-02-23 05:30:45 [INFO]    🏆 PL | VLESS | Пинг: 3611ms | Скорость: 8.47 Mbps ⚡⚡
2026-02-23 05:30:45 [INFO]    🏆 HU | VLESS | Пинг: 3630ms | Скорость: 8.38 Mbps ⚡⚡
2026-02-23 05:30:45 [INFO]    🏆 ES | VLESS | Пинг: 3444ms | Скорость: 7.19 Mbps ⚡⚡
2026-02-23 05:30:47 [INFO]    🏆 PL | VLESS | Пинг: 3669ms | Скорость: 11.06 Mbps ⚡⚡
2026-02-23 05:30:47 [INFO]    🏆 ES | VLESS | Пинг: 3659ms | Скорость: 9.77 Mbps ⚡⚡
2026-02-23 05:30:47 [INFO]    🏆 HU | VLESS | Пинг: 3675ms | Скорость: 14.15 Mbps ⚡⚡
2026-02-23 05:30:47 [INFO]    🏆 CA | VLESS | Пинг: 3563ms | Скорость: 4.51 Mbps ⚡⚡
2026-02-23 05:30:48 [INFO]    🏆 PL | VLESS | Пинг: 3694ms | Скорость: 10.12 Mbps ⚡⚡
2026-02-23 05:30:48 [INFO]    🏆 FR | VLESS | Пинг: 3422ms | Скорость: 3.75 Mbps ⚡⚡
2026-02-23 05:30:48 [INFO]    🏆 DE | VLESS | Пинг: 3888ms | Скорость: 9.84 Mbps ⚡⚡
2026-02-23 05:30:48 [INFO]    🏆 IT | VLESS | Пинг: 3696ms | Скорость: 9.2 Mbps ⚡⚡
2026-02-23 05:30:48 [INFO]    🏆 ES | VLESS | Пинг: 3804ms | Скорость: 9.33 Mbps ⚡⚡
2026-02-23 05:30:48 [INFO]    🏆 TR | VLESS | Пинг: 3815ms | Скорость: 8.92 Mbps ⚡⚡
2026-02-23 05:30:48 [INFO]    🏆 PL | VLESS | Пинг: 3850ms | Скорость: 9.17 Mbps ⚡⚡
2026-02-23 05:30:49 [INFO] 📊 Итого в подписке сохранено иностранных серверов: 10
2026-02-23 05:30:49 [INFO] 💾 Файл успешно сохранен: FL1PVPN
