2026-02-26 00:20:05 [INFO] 🚀 START: Smart Selector (Target: 10, ONLY FOREIGN)
2026-02-26 00:20:05 [INFO] 🌐 Загрузка источников (VLESS + VMess)...
2026-02-26 00:20:07 [INFO] 🔍 Уникальных конфигов собрано: 142
2026-02-26 00:20:07 [INFO] ⚡ ЭТАП 1: Замер Пинга и Геолокации. Workers: 40...
2026-02-26 00:20:12 [INFO]    [PING OK] DE | VLESS | 4177ms
2026-02-26 00:20:12 [INFO]    [PING OK] NL | VLESS | 4003ms
2026-02-26 00:20:12 [INFO]    [PING OK] FI | VLESS | 4078ms
2026-02-26 00:20:12 [INFO]    [PING OK] DE | VLESS | 4204ms
2026-02-26 00:20:12 [INFO]    [PING OK] DE | VLESS | 4493ms
2026-02-26 00:20:12 [INFO]    [PING OK] NL | VLESS | 4326ms
2026-02-26 00:20:12 [INFO]    [PING OK] DE | VLESS | 4190ms
2026-02-26 00:20:12 [INFO]    [PING OK] DE | VLESS | 4453ms
2026-02-26 00:20:12 [INFO]    [PING OK] DE | VLESS | 4246ms
2026-02-26 00:20:12 [INFO]    [PING OK] NL | VLESS | 4548ms
2026-02-26 00:20:12 [INFO]    [PING OK] NL | VLESS | 4520ms
2026-02-26 00:20:13 [INFO]    [PING OK] DE | VLESS | 4030ms
2026-02-26 00:20:13 [INFO]    [PING OK] FI | VLESS | 4246ms
2026-02-26 00:20:13 [INFO]    [PING OK] NL | VLESS | 4157ms
2026-02-26 00:20:13 [INFO]    [PING OK] NL | VLESS | 4512ms
2026-02-26 00:20:13 [INFO]    [PING OK] NL | VLESS | 4131ms
2026-02-26 00:20:13 [INFO]    [PING OK] NL | VLESS | 4160ms
2026-02-26 00:20:13 [INFO]    [PING OK] NL | VLESS | 4774ms
2026-02-26 00:20:13 [INFO]    [PING OK] DE | VLESS | 3855ms
2026-02-26 00:20:13 [INFO]    [PING OK] DE | VLESS | 4435ms
2026-02-26 00:20:14 [INFO]    [PING OK] DE | VLESS | 3998ms
2026-02-26 00:20:15 [INFO]    [PING OK] FI | VLESS | 4080ms
2026-02-26 00:20:15 [INFO]    [PING OK] DE | VLESS | 4987ms
2026-02-26 00:20:15 [INFO]    [PING OK] NL | VLESS | 4635ms
2026-02-26 00:20:18 [INFO]    [PING OK] DE | VLESS | 5244ms
2026-02-26 00:20:18 [INFO]    [PING OK] NL | VLESS | 5028ms
2026-02-26 00:20:18 [INFO]    [PING OK] NL | VLESS | 5041ms
2026-02-26 00:20:18 [INFO]    [PING OK] NL | VLESS | 5239ms
2026-02-26 00:20:18 [INFO]    [PING OK] NL | VLESS | 5231ms
2026-02-26 00:20:18 [INFO]    [PING OK] NL | VLESS | 5033ms
2026-02-26 00:20:18 [INFO]    [PING OK] US | VLESS | 5081ms
2026-02-26 00:20:19 [INFO]    [PING OK] DE | VLESS | 4521ms
2026-02-26 00:20:19 [INFO]    [PING OK] LV | VLESS | 5225ms
2026-02-26 00:20:20 [INFO]    [PING OK] NL | VLESS | 4341ms
2026-02-26 00:20:20 [INFO]    [PING OK] DE | VLESS | 3201ms
2026-02-26 00:20:21 [INFO]    [PING OK] FR | VLESS | 2413ms
2026-02-26 00:20:21 [INFO]    [PING OK] US | VLESS | 2619ms
2026-02-26 00:20:21 [INFO]    [PING OK] CA | VLESS | 5297ms
2026-02-26 00:20:23 [INFO]    [PING OK] CA | VLESS | 6137ms
2026-02-26 00:20:25 [INFO] 🏎️ ЭТАП 2: Глубокий замер скорости для 39 иностранных кандидатов...
2026-02-26 00:20:30 [INFO]    🏆 NL | VLESS | Пинг: 4131ms | Скорость: 5.59 Mbps ⚡⚡
2026-02-26 00:20:30 [INFO]    🏆 FR | VLESS | Пинг: 2413ms | Скорость: 5.46 Mbps ⚡⚡
2026-02-26 00:20:30 [INFO]    🏆 DE | VLESS | Пинг: 4030ms | Скорость: 5.52 Mbps ⚡⚡
2026-02-26 00:20:30 [INFO]    🏆 NL | VLESS | Пинг: 4160ms | Скорость: 5.65 Mbps ⚡⚡
2026-02-26 00:20:30 [INFO]    🏆 NL | VLESS | Пинг: 4003ms | Скорость: 5.45 Mbps ⚡⚡
2026-02-26 00:20:30 [INFO]    🏆 FI | VLESS | Пинг: 4080ms | Скорость: 5.5 Mbps ⚡⚡
2026-02-26 00:20:30 [INFO]    🏆 DE | VLESS | Пинг: 4190ms | Скорость: 5.66 Mbps ⚡⚡
2026-02-26 00:20:30 [INFO]    🏆 NL | VLESS | Пинг: 4157ms | Скорость: 5.59 Mbps ⚡⚡
2026-02-26 00:20:30 [INFO]    🏆 DE | VLESS | Пинг: 4204ms | Скорость: 5.63 Mbps ⚡⚡
2026-02-26 00:20:30 [INFO]    🏆 DE | VLESS | Пинг: 4177ms | Скорость: 5.6 Mbps ⚡⚡
2026-02-26 00:20:30 [INFO]    🏆 DE | VLESS | Пинг: 3201ms | Скорость: 5.33 Mbps ⚡⚡
2026-02-26 00:20:30 [INFO]    🏆 DE | VLESS | Пинг: 3998ms | Скорость: 5.23 Mbps ⚡⚡
2026-02-26 00:20:30 [INFO]    🏆 US | VLESS | Пинг: 2619ms | Скорость: 5.2 Mbps ⚡⚡
2026-02-26 00:20:30 [INFO]    🏆 FI | VLESS | Пинг: 4078ms | Скорость: 5.23 Mbps ⚡⚡
2026-02-26 00:20:34 [INFO]    🏆 DE | VLESS | Пинг: 4246ms | Скорость: 5.37 Mbps ⚡⚡
2026-02-26 00:20:35 [INFO]    🏆 NL | VLESS | Пинг: 4341ms | Скорость: 5.23 Mbps ⚡⚡
2026-02-26 00:20:35 [INFO]    🏆 FI | VLESS | Пинг: 4246ms | Скорость: 4.98 Mbps ⚡⚡
2026-02-26 00:20:35 [INFO]    🏆 NL | VLESS | Пинг: 4520ms | Скорость: 5.03 Mbps ⚡⚡
2026-02-26 00:20:35 [INFO]    🏆 NL | VLESS | Пинг: 4774ms | Скорость: 5.14 Mbps ⚡⚡
2026-02-26 00:20:35 [INFO]    🏆 DE | VLESS | Пинг: 4987ms | Скорость: 5.1 Mbps ⚡⚡
2026-02-26 00:20:35 [INFO]    🏆 NL | VLESS | Пинг: 4548ms | Скорость: 4.98 Mbps ⚡⚡
2026-02-26 00:20:35 [INFO]    🏆 DE | VLESS | Пинг: 4493ms | Скорость: 4.99 Mbps ⚡⚡
2026-02-26 00:20:35 [INFO]    🏆 NL | VLESS | Пинг: 4326ms | Скорость: 4.89 Mbps ⚡⚡
2026-02-26 00:20:35 [INFO]    🏆 NL | VLESS | Пинг: 4512ms | Скорость: 4.93 Mbps ⚡⚡
2026-02-26 00:20:35 [INFO]    🏆 NL | VLESS | Пинг: 4635ms | Скорость: 4.97 Mbps ⚡⚡
2026-02-26 00:20:35 [INFO]    🏆 DE | VLESS | Пинг: 4435ms | Скорость: 4.87 Mbps ⚡⚡
2026-02-26 00:20:35 [INFO]    🏆 DE | VLESS | Пинг: 4453ms | Скорость: 4.87 Mbps ⚡⚡
2026-02-26 00:20:35 [INFO]    🏆 DE | VLESS | Пинг: 4521ms | Скорость: 4.7 Mbps ⚡⚡
2026-02-26 00:20:36 [INFO]    🏆 NL | VLESS | Пинг: 5028ms | Скорость: 6.93 Mbps ⚡⚡
2026-02-26 00:20:37 [INFO]    🏆 NL | VLESS | Пинг: 5033ms | Скорость: 13.34 Mbps ⚡⚡
2026-02-26 00:20:38 [INFO]    🏆 NL | VLESS | Пинг: 5041ms | Скорость: 8.99 Mbps ⚡⚡
2026-02-26 00:20:38 [INFO]    🏆 DE | VLESS | Пинг: 5244ms | Скорость: 9.59 Mbps ⚡⚡
2026-02-26 00:20:38 [INFO]    🏆 LV | VLESS | Пинг: 5225ms | Скорость: 9.48 Mbps ⚡⚡
2026-02-26 00:20:38 [INFO]    🏆 NL | VLESS | Пинг: 5231ms | Скорость: 9.29 Mbps ⚡⚡
2026-02-26 00:20:38 [INFO]    🏆 NL | VLESS | Пинг: 5239ms | Скорость: 9.49 Mbps ⚡⚡
2026-02-26 00:20:38 [INFO]    🏆 US | VLESS | Пинг: 5081ms | Скорость: 8.85 Mbps ⚡⚡
2026-02-26 00:20:42 [INFO]    🏆 CA | VLESS | Пинг: 6137ms | Скорость: 1.37 Mbps 
2026-02-26 00:20:42 [INFO] 📊 Итого в подписке сохранено иностранных серверов: 10
2026-02-26 00:20:42 [INFO] 💾 Файл успешно сохранен: FL1PVPN
