2026-02-27 03:20:05 [INFO] 🚀 START: Smart Selector (Target: 10, ONLY FOREIGN)
2026-02-27 03:20:05 [INFO] 🌐 Загрузка источников (VLESS + VMess)...
2026-02-27 03:20:07 [INFO] 🔍 Уникальных конфигов собрано: 156
2026-02-27 03:20:07 [INFO] ⚡ ЭТАП 1: Замер Пинга и Геолокации. Workers: 40...
2026-02-27 03:20:12 [INFO]    [PING OK] FI | VLESS | 4425ms
2026-02-27 03:20:12 [INFO]    [PING OK] FI | VLESS | 4439ms
2026-02-27 03:20:12 [INFO]    [PING OK] FI | VLESS | 4394ms
2026-02-27 03:20:12 [INFO]    [PING OK] LV | VLESS | 4406ms
2026-02-27 03:20:12 [INFO]    [PING OK] NL | VLESS | 4271ms
2026-02-27 03:20:12 [INFO]    [PING OK] DE | VLESS | 4590ms
2026-02-27 03:20:12 [INFO]    [PING OK] DE | VLESS | 4370ms
2026-02-27 03:20:12 [INFO]    [PING OK] FI | VLESS | 4642ms
2026-02-27 03:20:13 [INFO]    [PING OK] FI | VLESS | 4408ms
2026-02-27 03:20:13 [INFO]    [PING OK] DE | VLESS | 4587ms
2026-02-27 03:20:13 [INFO]    [PING OK] ES | VLESS | 4588ms
2026-02-27 03:20:13 [INFO]    [PING OK] FI | VLESS | 4644ms
2026-02-27 03:20:13 [INFO]    [PING OK] FI | VLESS | 5117ms
2026-02-27 03:20:13 [INFO]    [PING OK] CA | VLESS | 4749ms
2026-02-27 03:20:13 [INFO]    [PING OK] DE | VLESS | 4038ms
2026-02-27 03:20:13 [INFO]    [PING OK] DE | VLESS | 4358ms
2026-02-27 03:20:13 [INFO]    [PING OK] PL | VLESS | 3934ms
2026-02-27 03:20:13 [INFO]    [PING OK] FI | VLESS | 3454ms
2026-02-27 03:20:13 [INFO]    [PING OK] FI | VLESS | 4162ms
2026-02-27 03:20:13 [INFO]    [PING OK] FI | VLESS | 4224ms
2026-02-27 03:20:14 [INFO]    [PING OK] CA | VLESS | 4087ms
2026-02-27 03:20:14 [INFO]    [PING OK] ES | VLESS | 3564ms
2026-02-27 03:20:15 [INFO]    [PING OK] FI | VLESS | 3701ms
2026-02-27 03:20:15 [INFO]    [PING OK] NL | VLESS | 4563ms
2026-02-27 03:20:16 [INFO]    [PING OK] DE | VLESS | 4638ms
2026-02-27 03:20:16 [INFO]    [PING OK] FR | VLESS | 6146ms
2026-02-27 03:20:17 [INFO]    [PING OK] DE | VLESS | 3625ms
2026-02-27 03:20:17 [INFO]    [PING OK] NL | VLESS | 4143ms
2026-02-27 03:20:17 [INFO]    [PING OK] LV | VLESS | 4077ms
2026-02-27 03:20:17 [INFO]    [PING OK] CA | VLESS | 4148ms
2026-02-27 03:20:17 [INFO]    [PING OK] IT | VLESS | 4187ms
2026-02-27 03:20:17 [INFO]    [PING OK] NL | VLESS | 4291ms
2026-02-27 03:20:17 [INFO]    [PING OK] DE | VLESS | 3958ms
2026-02-27 03:20:18 [INFO]    [PING OK] DE | VLESS | 4290ms
2026-02-27 03:20:18 [INFO]    [PING OK] DE | VLESS | 4092ms
2026-02-27 03:20:18 [INFO]    [PING OK] PL | VLESS | 4074ms
2026-02-27 03:20:18 [INFO]    [PING OK] FI | VLESS | 4438ms
2026-02-27 03:20:18 [INFO]    [PING OK] FR | VLESS | 3982ms
2026-02-27 03:20:18 [INFO]    [PING OK] ES | VLESS | 3951ms
2026-02-27 03:20:18 [INFO]    [PING OK] DE | VLESS | 4274ms
2026-02-27 03:20:18 [INFO]    [PING OK] DE | VLESS | 3874ms
2026-02-27 03:20:18 [INFO]    [PING OK] PL | VLESS | 4526ms
2026-02-27 03:20:18 [INFO]    [PING OK] IT | VLESS | 3971ms
2026-02-27 03:20:18 [INFO]    [PING OK] FR | VLESS | 4251ms
2026-02-27 03:20:18 [INFO]    [PING OK] TR | VLESS | 4812ms
2026-02-27 03:20:18 [INFO]    [PING OK] HK | VLESS | 4348ms
2026-02-27 03:20:18 [INFO]    [PING OK] HK | VLESS | 4126ms
2026-02-27 03:20:19 [INFO]    [PING OK] FR | VLESS | 3859ms
2026-02-27 03:20:19 [INFO]    [PING OK] TR | VLESS | 4101ms
2026-02-27 03:20:19 [INFO]    [PING OK] ES | VLESS | 3589ms
2026-02-27 03:20:19 [INFO]    [PING OK] US | VLESS | 5627ms
2026-02-27 03:20:20 [INFO]    [PING OK] TR | VLESS | 3958ms
2026-02-27 03:20:20 [INFO]    [PING OK] DE | VLESS | 3961ms
2026-02-27 03:20:20 [INFO]    [PING OK] CH | VLESS | 3793ms
2026-02-27 03:20:21 [INFO]    [PING OK] HU | VLESS | 6304ms
2026-02-27 03:20:21 [INFO]    [PING OK] CA | VLESS | 4004ms
2026-02-27 03:20:22 [INFO]    [PING OK] NL | VLESS | 3884ms
2026-02-27 03:20:22 [INFO]    [PING OK] SE | VLESS | 3574ms
2026-02-27 03:20:22 [INFO]    [PING OK] PL | VLESS | 3756ms
2026-02-27 03:20:22 [INFO]    [PING OK] US | VLESS | 3987ms
2026-02-27 03:20:22 [INFO]    [PING OK] TR | VLESS | 3541ms
2026-02-27 03:20:22 [INFO]    [PING OK] US | VLESS | 3907ms
2026-02-27 03:20:23 [INFO]    [PING OK] DE | VLESS | 3522ms
2026-02-27 03:20:23 [INFO]    [PING OK] CH | VLESS | 3624ms
2026-02-27 03:20:23 [INFO]    [PING OK] CA | VLESS | 3716ms
2026-02-27 03:20:23 [INFO]    [PING OK] FI | VLESS | 3588ms
2026-02-27 03:20:23 [INFO]    [PING OK] DE | VLESS | 3265ms
2026-02-27 03:20:23 [INFO]    [PING OK] DE | VLESS | 3245ms
2026-02-27 03:20:23 [INFO]    [PING OK] LT | VLESS | 3814ms
2026-02-27 03:20:23 [INFO]    [PING OK] DE | VLESS | 3083ms
2026-02-27 03:20:23 [INFO]    [PING OK] US | VLESS | 4459ms
2026-02-27 03:20:23 [INFO]    [PING OK] DE | VLESS | 2845ms
2026-02-27 03:20:23 [INFO]    [PING OK] LV | VLESS | 2634ms
2026-02-27 03:20:23 [INFO]    [PING OK] NL | VLESS | 2495ms
2026-02-27 03:20:23 [INFO]    [PING OK] US | VLESS | 2864ms
2026-02-27 03:20:23 [INFO]    [PING OK] SG | VLESS | 2617ms
2026-02-27 03:20:23 [INFO]    [PING OK] SG | VLESS | 2684ms
2026-02-27 03:20:23 [INFO]    [PING OK] DE | VLESS | 585ms
2026-02-27 03:20:24 [INFO]    [PING OK] DE | VLESS | 847ms
2026-02-27 03:20:24 [INFO]    [PING OK] TW | VLESS | 3054ms
2026-02-27 03:20:24 [INFO]    [PING OK] NL | VLESS | 4264ms
2026-02-27 03:20:25 [INFO]    [PING OK] SG | VLESS | 1815ms
2026-02-27 03:20:28 [INFO] 🏎️ ЭТАП 2: Глубокий замер скорости для 40 иностранных кандидатов...
2026-02-27 03:20:32 [INFO]    🏆 DE | VLESS | Пинг: 3245ms | Скорость: 6.05 Mbps ⚡⚡
2026-02-27 03:20:32 [INFO]    🏆 DE | VLESS | Пинг: 3083ms | Скорость: 6.01 Mbps ⚡⚡
2026-02-27 03:20:33 [INFO]    🏆 LV | VLESS | Пинг: 2634ms | Скорость: 5.86 Mbps ⚡⚡
2026-02-27 03:20:33 [INFO]    🏆 DE | VLESS | Пинг: 3265ms | Скорость: 6.04 Mbps ⚡⚡
2026-02-27 03:20:33 [INFO]    🏆 US | VLESS | Пинг: 2864ms | Скорость: 5.84 Mbps ⚡⚡
2026-02-27 03:20:33 [INFO]    🏆 DE | VLESS | Пинг: 3522ms | Скорость: 6.02 Mbps ⚡⚡
2026-02-27 03:20:33 [INFO]    🏆 SG | VLESS | Пинг: 2684ms | Скорость: 5.74 Mbps ⚡⚡
2026-02-27 03:20:33 [INFO]    🏆 FI | VLESS | Пинг: 3454ms | Скорость: 5.94 Mbps ⚡⚡
2026-02-27 03:20:33 [INFO]    🏆 DE | VLESS | Пинг: 585ms | Скорость: 5.6 Mbps ⚡⚡
2026-02-27 03:20:33 [INFO]    🏆 SG | VLESS | Пинг: 2617ms | Скорость: 5.55 Mbps ⚡⚡
2026-02-27 03:20:33 [INFO]    🏆 DE | VLESS | Пинг: 2845ms | Скорость: 5.63 Mbps ⚡⚡
2026-02-27 03:20:33 [INFO]    🏆 DE | VLESS | Пинг: 847ms | Скорость: 5.36 Mbps ⚡⚡
2026-02-27 03:20:33 [INFO]    🏆 NL | VLESS | Пинг: 2495ms | Скорость: 5.27 Mbps ⚡⚡
2026-02-27 03:20:34 [INFO]    🏆 TW | VLESS | Пинг: 3054ms | Скорость: 3.95 Mbps ⚡⚡
2026-02-27 03:20:37 [INFO]    🏆 SE | VLESS | Пинг: 3574ms | Скорость: 6.06 Mbps ⚡⚡
2026-02-27 03:20:37 [INFO]    🏆 PL | VLESS | Пинг: 3756ms | Скорость: 6.31 Mbps ⚡⚡
2026-02-27 03:20:37 [INFO]    🏆 ES | VLESS | Пинг: 3589ms | Скорость: 5.99 Mbps ⚡⚡
2026-02-27 03:20:37 [INFO]    🏆 FR | VLESS | Пинг: 3859ms | Скорость: 6.45 Mbps ⚡⚡
2026-02-27 03:20:37 [INFO]    🏆 ES | VLESS | Пинг: 3564ms | Скорость: 5.8 Mbps ⚡⚡
2026-02-27 03:20:37 [INFO]    🏆 CH | VLESS | Пинг: 3624ms | Скорость: 5.94 Mbps ⚡⚡
2026-02-27 03:20:37 [INFO]    🏆 FI | VLESS | Пинг: 3701ms | Скорость: 6.01 Mbps ⚡⚡
2026-02-27 03:20:37 [INFO]    🏆 CH | VLESS | Пинг: 3793ms | Скорость: 6.2 Mbps ⚡⚡
2026-02-27 03:20:37 [INFO]    🏆 DE | VLESS | Пинг: 3625ms | Скорость: 5.97 Mbps ⚡⚡
2026-02-27 03:20:37 [INFO]    🏆 TR | VLESS | Пинг: 3541ms | Скорость: 5.72 Mbps ⚡⚡
2026-02-27 03:20:37 [INFO]    🏆 FI | VLESS | Пинг: 3588ms | Скорость: 5.68 Mbps ⚡⚡
2026-02-27 03:20:37 [INFO]    🏆 CA | VLESS | Пинг: 3716ms | Скорость: 5.74 Mbps ⚡⚡
2026-02-27 03:20:38 [INFO]    🏆 DE | VLESS | Пинг: 3874ms | Скорость: 5.94 Mbps ⚡⚡
2026-02-27 03:20:38 [INFO]    🏆 NL | VLESS | Пинг: 3884ms | Скорость: 9.03 Mbps ⚡⚡
2026-02-27 03:20:40 [INFO]    🏆 DE | VLESS | Пинг: 3958ms | Скорость: 7.83 Mbps ⚡⚡
2026-02-27 03:20:40 [INFO]    🏆 DE | VLESS | Пинг: 3961ms | Скорость: 7.75 Mbps ⚡⚡
2026-02-27 03:20:40 [INFO]    🏆 PL | VLESS | Пинг: 3934ms | Скорость: 7.43 Mbps ⚡⚡
2026-02-27 03:20:40 [INFO]    🏆 IT | VLESS | Пинг: 3971ms | Скорость: 7.48 Mbps ⚡⚡
2026-02-27 03:20:40 [INFO]    🏆 ES | VLESS | Пинг: 3951ms | Скорость: 7.35 Mbps ⚡⚡
2026-02-27 03:20:40 [INFO]    🏆 FR | VLESS | Пинг: 3982ms | Скорость: 7.43 Mbps ⚡⚡
2026-02-27 03:20:40 [INFO]    🏆 TR | VLESS | Пинг: 3958ms | Скорость: 7.23 Mbps ⚡⚡
2026-02-27 03:20:40 [INFO]    🏆 US | VLESS | Пинг: 3907ms | Скорость: 6.78 Mbps ⚡⚡
2026-02-27 03:20:40 [INFO]    🏆 US | VLESS | Пинг: 3987ms | Скорость: 7.09 Mbps ⚡⚡
2026-02-27 03:20:40 [INFO]    🏆 CA | VLESS | Пинг: 4004ms | Скорость: 6.72 Mbps ⚡⚡
2026-02-27 03:20:40 [INFO] 📊 Итого в подписке сохранено иностранных серверов: 10
2026-02-27 03:20:40 [INFO] 💾 Файл успешно сохранен: FL1PVPN
