2026-02-24 16:20:06 [INFO] 🚀 START: Smart Selector (Target: 10, ONLY FOREIGN)
2026-02-24 16:20:06 [INFO] 🌐 Загрузка источников (VLESS + VMess)...
2026-02-24 16:20:07 [INFO] 🔍 Уникальных конфигов собрано: 217
2026-02-24 16:20:07 [INFO] ⚡ ЭТАП 1: Замер Пинга и Геолокации. Workers: 40...
2026-02-24 16:20:12 [INFO]    [PING OK] IT | VLESS | 3870ms
2026-02-24 16:20:12 [INFO]    [PING OK] IT | VLESS | 3825ms
2026-02-24 16:20:12 [INFO]    [PING OK] HU | VLESS | 3856ms
2026-02-24 16:20:12 [INFO]    [PING OK] HU | VLESS | 4107ms
2026-02-24 16:20:12 [INFO]    [PING OK] FI | VLESS | 3671ms
2026-02-24 16:20:13 [INFO]    [PING OK] DE | VLESS | 4789ms
2026-02-24 16:20:13 [INFO]    [PING OK] DE | VLESS | 4852ms
2026-02-24 16:20:13 [INFO]    [PING OK] LV | VLESS | 3775ms
2026-02-24 16:20:13 [INFO]    [PING OK] ES | VLESS | 3595ms
2026-02-24 16:20:14 [INFO]    [PING OK] HU | VLESS | 3385ms
2026-02-24 16:20:14 [INFO]    [PING OK] PL | VLESS | 3739ms
2026-02-24 16:20:14 [INFO]    [PING OK] PL | VLESS | 3949ms
2026-02-24 16:20:16 [INFO]    [PING OK] CA | VLESS | 7254ms
2026-02-24 16:20:16 [INFO]    [PING OK] PL | VLESS | 3339ms
2026-02-24 16:20:16 [INFO]    [PING OK] DE | VLESS | 3343ms
2026-02-24 16:20:16 [INFO]    [PING OK] HU | VLESS | 3049ms
2026-02-24 16:20:16 [INFO]    [PING OK] TR | VLESS | 3268ms
2026-02-24 16:20:16 [INFO]    [PING OK] HU | VLESS | 3611ms
2026-02-24 16:20:16 [INFO]    [PING OK] ES | VLESS | 3147ms
2026-02-24 16:20:16 [INFO]    [PING OK] IT | VLESS | 2946ms
2026-02-24 16:20:17 [INFO]    [PING OK] PL | VLESS | 2948ms
2026-02-24 16:20:17 [INFO]    [PING OK] ES | VLESS | 3223ms
2026-02-24 16:20:17 [INFO]    [PING OK] HU | VLESS | 2985ms
2026-02-24 16:20:17 [INFO]    [PING OK] TR | VLESS | 2873ms
2026-02-24 16:20:17 [INFO]    [PING OK] DE | VLESS | 2799ms
2026-02-24 16:20:18 [INFO]    [PING OK] DE | VLESS | 2831ms
2026-02-24 16:20:18 [INFO]    [PING OK] TR | VLESS | 2942ms
2026-02-24 16:20:18 [INFO]    [PING OK] PL | VLESS | 3415ms
2026-02-24 16:20:19 [INFO]    [PING OK] LV | VLESS | 6166ms
2026-02-24 16:20:20 [INFO]    [PING OK] DE | VLESS | 7521ms
2026-02-24 16:20:20 [INFO]    [PING OK] ES | VLESS | 3948ms
2026-02-24 16:20:21 [INFO]    [PING OK] PL | VLESS | 4234ms
2026-02-24 16:20:21 [INFO]    [PING OK] ES | VLESS | 4243ms
2026-02-24 16:20:22 [INFO]    [PING OK] DE | VLESS | 4046ms
2026-02-24 16:20:22 [INFO]    [PING OK] CA | VLESS | 4674ms
2026-02-24 16:20:22 [INFO]    [PING OK] CA | VLESS | 4286ms
2026-02-24 16:20:22 [INFO]    [PING OK] CA | VLESS | 4574ms
2026-02-24 16:20:22 [INFO]    [PING OK] DE | VLESS | 4545ms
2026-02-24 16:20:22 [INFO]    [PING OK] CA | VLESS | 4527ms
2026-02-24 16:20:22 [INFO]    [PING OK] CA | VLESS | 4673ms
2026-02-24 16:20:22 [INFO]    [PING OK] CA | VLESS | 4417ms
2026-02-24 16:20:22 [INFO]    [PING OK] NL | VLESS | 3962ms
2026-02-24 16:20:22 [INFO]    [PING OK] DE | VLESS | 5431ms
2026-02-24 16:20:23 [INFO]    [PING OK] JP | VLESS | 4852ms
2026-02-24 16:20:23 [INFO]    [PING OK] CA | VLESS | 5689ms
2026-02-24 16:20:25 [INFO]    [PING OK] DE | VLESS | 4501ms
2026-02-24 16:20:25 [INFO]    [PING OK] SG | VLESS | 4825ms
2026-02-24 16:20:26 [INFO]    [PING OK] KZ | VLESS | 4561ms
2026-02-24 16:20:26 [INFO]    [PING OK] CA | VLESS | 4638ms
2026-02-24 16:20:27 [INFO]    [PING OK] NL | VLESS | 5037ms
2026-02-24 16:20:27 [INFO]    [PING OK] DE | VLESS | 5012ms
2026-02-24 16:20:27 [INFO]    [PING OK] CA | VLESS | 8822ms
2026-02-24 16:20:27 [INFO]    [PING OK] DE | VLESS | 4808ms
2026-02-24 16:20:27 [INFO]    [PING OK] US | VLESS | 7525ms
2026-02-24 16:20:28 [INFO]    [PING OK] CA | VLESS | 5199ms
2026-02-24 16:20:28 [INFO]    [PING OK] LT | VLESS | 5529ms
2026-02-24 16:20:28 [INFO]    [PING OK] CA | VLESS | 6929ms
2026-02-24 16:20:28 [INFO]    [PING OK] CA | VLESS | 4815ms
2026-02-24 16:20:28 [INFO]    [PING OK] CA | VLESS | 4946ms
2026-02-24 16:20:28 [INFO]    [PING OK] LT | VLESS | 4845ms
2026-02-24 16:20:29 [INFO]    [PING OK] CA | VLESS | 4754ms
2026-02-24 16:20:29 [INFO]    [PING OK] CA | VLESS | 5127ms
2026-02-24 16:20:29 [INFO]    [PING OK] CA | VLESS | 7151ms
2026-02-24 16:20:30 [INFO]    [PING OK] SG | VLESS | 3962ms
2026-02-24 16:20:30 [INFO]    [PING OK] NL | VLESS | 2854ms
2026-02-24 16:20:30 [INFO]    [PING OK] US | VLESS | 3295ms
2026-02-24 16:20:30 [INFO]    [PING OK] US | VLESS | 2846ms
2026-02-24 16:20:30 [INFO]    [PING OK] EE | VLESS | 2340ms
2026-02-24 16:20:30 [INFO]    [PING OK] DE | VLESS | 1768ms
2026-02-24 16:20:30 [INFO]    [PING OK] CA | VLESS | 3896ms
2026-02-24 16:20:30 [INFO]    [PING OK] CA | VLESS | 2862ms
2026-02-24 16:20:31 [INFO]    [PING OK] CA | VLESS | 3568ms
2026-02-24 16:20:31 [INFO]    [PING OK] CA | VLESS | 7313ms
2026-02-24 16:20:32 [INFO]    [PING OK] CA | VLESS | 4710ms
2026-02-24 16:20:35 [INFO] 🏎️ ЭТАП 2: Глубокий замер скорости для 40 иностранных кандидатов...
2026-02-24 16:20:40 [INFO]    🏆 DE | VLESS | Пинг: 2831ms | Скорость: 4.73 Mbps ⚡⚡
2026-02-24 16:20:40 [INFO]    🏆 DE | VLESS | Пинг: 1768ms | Скорость: 4.59 Mbps ⚡⚡
2026-02-24 16:20:40 [INFO]    🏆 NL | VLESS | Пинг: 2854ms | Скорость: 4.66 Mbps ⚡⚡
2026-02-24 16:20:40 [INFO]    🏆 EE | VLESS | Пинг: 2340ms | Скорость: 4.59 Mbps ⚡⚡
2026-02-24 16:20:40 [INFO]    🏆 HU | VLESS | Пинг: 3049ms | Скорость: 4.78 Mbps ⚡⚡
2026-02-24 16:20:40 [INFO]    🏆 PL | VLESS | Пинг: 2948ms | Скорость: 4.71 Mbps ⚡⚡
2026-02-24 16:20:40 [INFO]    🏆 HU | VLESS | Пинг: 2985ms | Скорость: 4.7 Mbps ⚡⚡
2026-02-24 16:20:40 [INFO]    🏆 ES | VLESS | Пинг: 3147ms | Скорость: 4.7 Mbps ⚡⚡
2026-02-24 16:20:40 [INFO]    🏆 TR | VLESS | Пинг: 2942ms | Скорость: 4.53 Mbps ⚡⚡
2026-02-24 16:20:40 [INFO]    🏆 ES | VLESS | Пинг: 3223ms | Скорость: 4.63 Mbps ⚡⚡
2026-02-24 16:20:40 [INFO]    🏆 DE | VLESS | Пинг: 2799ms | Скорость: 4.38 Mbps ⚡⚡
2026-02-24 16:20:40 [INFO]    🏆 US | VLESS | Пинг: 2846ms | Скорость: 4.3 Mbps ⚡⚡
2026-02-24 16:20:42 [INFO]    🏆 TR | VLESS | Пинг: 2873ms | Скорость: 3.38 Mbps ⚡⚡
2026-02-24 16:20:42 [INFO]    🏆 IT | VLESS | Пинг: 2946ms | Скорость: 1.15 Mbps 
2026-02-24 16:20:42 [INFO]    🏆 TR | VLESS | Пинг: 3268ms | Скорость: 9.74 Mbps ⚡⚡
2026-02-24 16:20:42 [INFO]    🏆 US | VLESS | Пинг: 3295ms | Скорость: 10.25 Mbps ⚡⚡
2026-02-24 16:20:44 [INFO]    🏆 HU | VLESS | Пинг: 3385ms | Скорость: 6.86 Mbps ⚡⚡
2026-02-24 16:20:44 [INFO]    🏆 DE | VLESS | Пинг: 3343ms | Скорость: 6.45 Mbps ⚡⚡
2026-02-24 16:20:44 [INFO]    🏆 ES | VLESS | Пинг: 3595ms | Скорость: 6.37 Mbps ⚡⚡
2026-02-24 16:20:44 [INFO]    🏆 LV | VLESS | Пинг: 3775ms | Скорость: 6.53 Mbps ⚡⚡
2026-02-24 16:20:44 [INFO]    🏆 IT | VLESS | Пинг: 3825ms | Скорость: 6.45 Mbps ⚡⚡
2026-02-24 16:20:44 [INFO]    🏆 HU | VLESS | Пинг: 3856ms | Скорость: 9.37 Mbps ⚡⚡
2026-02-24 16:20:45 [INFO]    🏆 PL | VLESS | Пинг: 3339ms | Скорость: 5.08 Mbps ⚡⚡
2026-02-24 16:20:45 [INFO]    🏆 PL | VLESS | Пинг: 3739ms | Скорость: 4.99 Mbps ⚡⚡
2026-02-24 16:20:45 [INFO]    🏆 PL | VLESS | Пинг: 3415ms | Скорость: 4.78 Mbps ⚡⚡
2026-02-24 16:20:46 [INFO]    🏆 NL | VLESS | Пинг: 3962ms | Скорость: 10.93 Mbps ⚡⚡
2026-02-24 16:20:47 [INFO]    🏆 ES | VLESS | Пинг: 3948ms | Скорость: 5.88 Mbps ⚡⚡
2026-02-24 16:20:47 [INFO]    🏆 SG | VLESS | Пинг: 3962ms | Скорость: 9.39 Mbps ⚡⚡
2026-02-24 16:20:47 [INFO]    🏆 HU | VLESS | Пинг: 3611ms | Скорость: 1.85 Mbps ⚡
2026-02-24 16:20:47 [INFO]    🏆 FI | VLESS | Пинг: 3671ms | Скорость: 2.15 Mbps ⚡
2026-02-24 16:20:48 [INFO]    🏆 PL | VLESS | Пинг: 3949ms | Скорость: 4.97 Mbps ⚡⚡
2026-02-24 16:20:49 [INFO]    🏆 PL | VLESS | Пинг: 4234ms | Скорость: 5.98 Mbps ⚡⚡
2026-02-24 16:20:49 [INFO]    🏆 IT | VLESS | Пинг: 3870ms | Скорость: 0.76 Mbps 
2026-02-24 16:20:49 [INFO]    🏆 DE | VLESS | Пинг: 4046ms | Скорость: 4.46 Mbps ⚡⚡
2026-02-24 16:20:51 [INFO]    🏆 HU | VLESS | Пинг: 4107ms | Скорость: 0.77 Mbps 
2026-02-24 16:20:51 [INFO]    🏆 ES | VLESS | Пинг: 4243ms | Скорость: 2.02 Mbps ⚡
2026-02-24 16:20:52 [INFO] 📊 Итого в подписке сохранено иностранных серверов: 10
2026-02-24 16:20:52 [INFO] 💾 Файл успешно сохранен: FL1PVPN
