2026-02-15 13:11:35 [INFO] 🚀 START: Smart VLESS Selector (Target: 10, Strict Mode)
2026-02-15 13:11:35 [INFO] 🌐 Загрузка источников...
2026-02-15 13:11:38 [INFO] 🔍 Уникальных конфигов собрано: 428
2026-02-15 13:11:38 [INFO] ⚡ ЭТАП 1: Быстрый замер Пинга (Workers: 25)...
2026-02-15 13:11:40 [INFO]    [PING OK] FI | 346ms
2026-02-15 13:11:40 [INFO]    [PING OK] NL | 332ms
2026-02-15 13:11:40 [INFO]    [PING OK] DE | 294ms
2026-02-15 13:11:40 [INFO]    [PING OK] US | 343ms
2026-02-15 13:11:42 [INFO]    [PING OK] CH | 199ms
2026-02-15 13:11:43 [INFO]    [PING OK] NL | 821ms
2026-02-15 13:11:45 [INFO]    [PING OK] RU | 69ms
2026-02-15 13:11:45 [INFO]    [PING OK] LT | 103ms
2026-02-15 13:11:47 [INFO]    [PING OK] NL | 408ms
2026-02-15 13:11:47 [INFO]    [PING OK] US | 249ms
2026-02-15 13:11:47 [INFO]    [PING OK] KZ | 1102ms
2026-02-15 13:11:52 [INFO]    [PING OK] RU | 258ms
2026-02-15 13:11:53 [INFO]    [PING OK] NL | 1310ms
2026-02-15 13:11:53 [INFO]    [PING OK] RU | 953ms
2026-02-15 13:11:53 [INFO]    [PING OK] RU | 275ms
2026-02-15 13:11:53 [INFO]    [PING OK] RU | 639ms
2026-02-15 13:11:54 [INFO]    [PING OK] RU | 386ms
2026-02-15 13:11:54 [INFO]    [PING OK] RU | 487ms
2026-02-15 13:11:54 [INFO]    [PING OK] DE | 464ms
2026-02-15 13:11:55 [INFO]    [PING OK] RU | 127ms
2026-02-15 13:11:56 [INFO]    [PING OK] RU | 407ms
2026-02-15 13:11:56 [INFO]    [PING OK] RU | 598ms
2026-02-15 13:11:57 [INFO]    [PING OK] PL | 167ms
2026-02-15 13:11:57 [INFO]    [PING OK] RU | 351ms
2026-02-15 13:11:57 [INFO]    [PING OK] RU | 3909ms
2026-02-15 13:11:57 [INFO]    [PING OK] RU | 349ms
2026-02-15 13:11:57 [INFO]    [PING OK] RU | 3170ms
2026-02-15 13:11:58 [INFO]    [PING OK] HU | 2437ms
2026-02-15 13:11:58 [INFO]    [PING OK] RU | 4483ms
2026-02-15 13:11:58 [INFO]    [PING OK] GB | 332ms
2026-02-15 13:11:58 [INFO]    [PING OK] RU | 199ms
2026-02-15 13:11:58 [INFO]    [PING OK] RU | 545ms
2026-02-15 13:11:58 [INFO]    [PING OK] RU | 3181ms
2026-02-15 13:11:59 [INFO]    [PING OK] RU | 297ms
2026-02-15 13:11:59 [INFO]    [PING OK] HU | 343ms
2026-02-15 13:11:59 [INFO]    [PING OK] NL | 327ms
2026-02-15 13:11:59 [INFO]    [PING OK] RU | 234ms
2026-02-15 13:11:59 [INFO]    [PING OK] RU | 297ms
2026-02-15 13:11:59 [INFO]    [PING OK] RU | 272ms
2026-02-15 13:11:59 [INFO]    [PING OK] PL | 184ms
2026-02-15 13:11:59 [INFO]    [PING OK] RU | 3296ms
2026-02-15 13:11:59 [INFO]    [PING OK] RU | 104ms
2026-02-15 13:12:00 [INFO]    [PING OK] RU | 88ms
2026-02-15 13:12:00 [INFO]    [PING OK] FI | 745ms
2026-02-15 13:12:00 [INFO]    [PING OK] RU | 134ms
2026-02-15 13:12:00 [INFO]    [PING OK] RU | 4403ms
2026-02-15 13:12:00 [INFO]    [PING OK] RU | 357ms
2026-02-15 13:12:00 [INFO]    [PING OK] RU | 183ms
2026-02-15 13:12:00 [INFO]    [PING OK] RU | 374ms
2026-02-15 13:12:01 [INFO]    [PING OK] NL | 842ms
2026-02-15 13:12:01 [INFO]    [PING OK] RU | 699ms
2026-02-15 13:12:01 [INFO]    [PING OK] RU | 575ms
2026-02-15 13:12:01 [INFO]    [PING OK] NL | 198ms
2026-02-15 13:12:01 [INFO]    [PING OK] RU | 106ms
2026-02-15 13:12:01 [INFO]    [PING OK] RU | 295ms
2026-02-15 13:12:01 [INFO]    [PING OK] RU | 1823ms
2026-02-15 13:12:02 [INFO]    [PING OK] RU | 300ms
2026-02-15 13:12:02 [INFO]    [PING OK] RU | 224ms
2026-02-15 13:12:02 [INFO]    [PING OK] PL | 168ms
2026-02-15 13:12:02 [INFO]    [PING OK] RU | 287ms
2026-02-15 13:12:03 [INFO]    [PING OK] NL | 218ms
2026-02-15 13:12:03 [INFO]    [PING OK] RU | 385ms
2026-02-15 13:12:03 [INFO]    [PING OK] RU | 264ms
2026-02-15 13:12:03 [INFO]    [PING OK] RU | 493ms
2026-02-15 13:12:03 [INFO]    [PING OK] RU | 303ms
2026-02-15 13:12:03 [INFO]    [PING OK] EE | 1136ms
2026-02-15 13:12:03 [INFO]    [PING OK] RU | 351ms
2026-02-15 13:12:03 [INFO]    [PING OK] RU | 396ms
2026-02-15 13:12:04 [INFO]    [PING OK] RU | 219ms
2026-02-15 13:12:04 [INFO]    [PING OK] RU | 1275ms
2026-02-15 13:12:04 [INFO]    [PING OK] RU | 422ms
2026-02-15 13:12:04 [INFO]    [PING OK] RU | 698ms
2026-02-15 13:12:04 [INFO]    [PING OK] RU | 172ms
2026-02-15 13:12:05 [INFO]    [PING OK] RU | 268ms
2026-02-15 13:12:05 [INFO]    [PING OK] RU | 287ms
2026-02-15 13:12:05 [INFO]    [PING OK] RU | 101ms
2026-02-15 13:12:05 [INFO]    [PING OK] RU | 257ms
2026-02-15 13:12:05 [INFO]    [PING OK] RU | 277ms
2026-02-15 13:12:05 [INFO]    [PING OK] RU | 243ms
2026-02-15 13:12:06 [INFO]    [PING OK] RU | 253ms
2026-02-15 13:12:06 [INFO]    [PING OK] RU | 174ms
2026-02-15 13:12:06 [INFO]    [PING OK] RU | 319ms
2026-02-15 13:12:06 [INFO]    [PING OK] RU | 2808ms
2026-02-15 13:12:06 [INFO]    [PING OK] RU | 678ms
2026-02-15 13:12:06 [INFO]    [PING OK] RU | 710ms
2026-02-15 13:12:06 [INFO]    [PING OK] RU | 3046ms
2026-02-15 13:12:07 [INFO]    [PING OK] RU | 354ms
2026-02-15 13:12:07 [INFO]    [PING OK] RU | 2243ms
2026-02-15 13:12:07 [INFO]    [PING OK] RU | 1260ms
2026-02-15 13:12:07 [INFO]    [PING OK] RU | 483ms
2026-02-15 13:12:07 [INFO]    [PING OK] RU | 336ms
2026-02-15 13:12:08 [INFO]    [PING OK] RU | 819ms
2026-02-15 13:12:08 [INFO]    [PING OK] TR | 443ms
2026-02-15 13:12:09 [INFO]    [PING OK] DE | 515ms
2026-02-15 13:12:09 [INFO]    [PING OK] TR | 482ms
2026-02-15 13:12:10 [INFO]    [PING OK] RU | 3660ms
2026-02-15 13:12:10 [INFO]    [PING OK] NL | 194ms
2026-02-15 13:12:12 [INFO]    [PING OK] DE | 203ms
2026-02-15 13:12:12 [INFO]    [PING OK] NL | 1775ms
2026-02-15 13:12:13 [INFO]    [PING OK] CY | 801ms
2026-02-15 13:12:13 [INFO]    [PING OK] GB | 543ms
2026-02-15 13:12:14 [INFO]    [PING OK] RU | 389ms
2026-02-15 13:12:14 [INFO]    [PING OK] DE | 673ms
2026-02-15 13:12:15 [INFO]    [PING OK] NL | 307ms
2026-02-15 13:12:15 [INFO]    [PING OK] IR | 803ms
2026-02-15 13:12:15 [INFO]    [PING OK] IQ | 206ms
2026-02-15 13:12:16 [INFO]    [PING OK] FI | 215ms
2026-02-15 13:12:16 [INFO]    [PING OK] LV | 199ms
2026-02-15 13:12:16 [INFO]    [PING OK] PL | 183ms
2026-02-15 13:12:16 [INFO]    [PING OK] DE | 579ms
2026-02-15 13:12:17 [INFO]    [PING OK] FI | 1697ms
2026-02-15 13:12:17 [INFO]    [PING OK] GB | 3318ms
2026-02-15 13:12:17 [INFO]    [PING OK] NL | 187ms
2026-02-15 13:12:17 [INFO]    [PING OK] LV | 442ms
2026-02-15 13:12:17 [INFO]    [PING OK] CY | 403ms
2026-02-15 13:12:18 [INFO]    [PING OK] DE | 256ms
2026-02-15 13:12:18 [INFO]    [PING OK] GB | 1073ms
2026-02-15 13:12:18 [INFO]    [PING OK] NL | 194ms
2026-02-15 13:12:18 [INFO]    [PING OK] DE | 144ms
2026-02-15 13:12:18 [INFO]    [PING OK] NL | 386ms
2026-02-15 13:12:19 [INFO]    [PING OK] HK | 1361ms
2026-02-15 13:12:21 [INFO]    [PING OK] RU | 2282ms
2026-02-15 13:12:22 [INFO] 🏎️ ЭТАП 2: Глубокий замер скорости для ТОП-10 серверов...
2026-02-15 13:12:29 [INFO]    🏆 LT | Пинг: 103ms | Скорость: 8.99 Mbps ⚡⚡
2026-02-15 13:12:29 [INFO]    🏆 DE | Пинг: 144ms | Скорость: 6.55 Mbps ⚡⚡
2026-02-15 13:12:29 [INFO]    🏆 PL | Пинг: 167ms | Скорость: 9.16 Mbps ⚡⚡
2026-02-15 13:12:29 [INFO]    🏆 PL | Пинг: 168ms | Скорость: 8.94 Mbps ⚡⚡
2026-02-15 13:12:29 [INFO]    🏆 PL | Пинг: 183ms | Скорость: 9.03 Mbps ⚡⚡
2026-02-15 13:12:29 [INFO]    🏆 PL | Пинг: 184ms | Скорость: 9.55 Mbps ⚡⚡
2026-02-15 13:12:29 [INFO]    🏆 NL | Пинг: 187ms | Скорость: 5.6 Mbps ⚡⚡
2026-02-15 13:12:29 [INFO]    🏆 NL | Пинг: 194ms | Скорость: 0.0 Mbps 
2026-02-15 13:12:29 [INFO]    🏆 NL | Пинг: 194ms | Скорость: 9.62 Mbps ⚡⚡
2026-02-15 13:12:29 [INFO]    🏆 RU | Пинг: 69ms | Скорость: 9.96 Mbps ⚡⚡
2026-02-15 13:12:29 [INFO] 🇷🇺 Добавлен RU сервер: 45.139.27.44
2026-02-15 13:12:29 [INFO] 📊 Итого в подписке сохранено: 10 серверов
2026-02-15 13:12:29 [INFO] 💾 Файл успешно сохранен: FL1PVPN
