2026-02-27 04:30:05 [INFO] 🚀 START: Smart Selector (Target: 10, ONLY FOREIGN)
2026-02-27 04:30:05 [INFO] 🌐 Загрузка источников (VLESS + VMess)...
2026-02-27 04:30:06 [INFO] 🔍 Уникальных конфигов собрано: 156
2026-02-27 04:30:06 [INFO] ⚡ ЭТАП 1: Замер Пинга и Геолокации. Workers: 40...
2026-02-27 04:30:12 [INFO]    [PING OK] DE | VLESS | 4488ms
2026-02-27 04:30:12 [INFO]    [PING OK] DE | VLESS | 4656ms
2026-02-27 04:30:12 [INFO]    [PING OK] NL | VLESS | 4768ms
2026-02-27 04:30:12 [INFO]    [PING OK] DE | VLESS | 4541ms
2026-02-27 04:30:12 [INFO]    [PING OK] FI | VLESS | 4812ms
2026-02-27 04:30:12 [INFO]    [PING OK] FI | VLESS | 4972ms
2026-02-27 04:30:12 [INFO]    [PING OK] DE | VLESS | 4965ms
2026-02-27 04:30:13 [INFO]    [PING OK] TR | VLESS | 5315ms
2026-02-27 04:30:13 [INFO]    [PING OK] DE | VLESS | 5309ms
2026-02-27 04:30:13 [INFO]    [PING OK] FR | VLESS | 5300ms
2026-02-27 04:30:13 [INFO]    [PING OK] FI | VLESS | 4752ms
2026-02-27 04:30:13 [INFO]    [PING OK] DE | VLESS | 5398ms
2026-02-27 04:30:13 [INFO]    [PING OK] FI | VLESS | 4353ms
2026-02-27 04:30:13 [INFO]    [PING OK] FI | VLESS | 5054ms
2026-02-27 04:30:13 [INFO]    [PING OK] FI | VLESS | 4436ms
2026-02-27 04:30:13 [INFO]    [PING OK] CA | VLESS | 4545ms
2026-02-27 04:30:13 [INFO]    [PING OK] US | VLESS | 4425ms
2026-02-27 04:30:13 [INFO]    [PING OK] CH | VLESS | 4684ms
2026-02-27 04:30:13 [INFO]    [PING OK] FI | VLESS | 4131ms
2026-02-27 04:30:13 [INFO]    [PING OK] FI | VLESS | 5194ms
2026-02-27 04:30:14 [INFO]    [PING OK] DE | VLESS | 4127ms
2026-02-27 04:30:14 [INFO]    [PING OK] HK | VLESS | 5168ms
2026-02-27 04:30:14 [INFO]    [PING OK] FI | VLESS | 4720ms
2026-02-27 04:30:14 [INFO]    [PING OK] FI | VLESS | 4190ms
2026-02-27 04:30:15 [INFO]    [PING OK] DE | VLESS | 4087ms
2026-02-27 04:30:15 [INFO]    [PING OK] TR | VLESS | 4934ms
2026-02-27 04:30:15 [INFO]    [PING OK] CA | VLESS | 4510ms
2026-02-27 04:30:16 [INFO]    [PING OK] LT | VLESS | 6231ms
2026-02-27 04:30:17 [INFO]    [PING OK] PL | VLESS | 3999ms
2026-02-27 04:30:17 [INFO]    [PING OK] ES | VLESS | 4182ms
2026-02-27 04:30:17 [INFO]    [PING OK] SE | VLESS | 4521ms
2026-02-27 04:30:18 [INFO]    [PING OK] NL | VLESS | 4248ms
2026-02-27 04:30:18 [INFO]    [PING OK] FI | VLESS | 4244ms
2026-02-27 04:30:18 [INFO]    [PING OK] FI | VLESS | 4189ms
2026-02-27 04:30:18 [INFO]    [PING OK] US | VLESS | 4108ms
2026-02-27 04:30:18 [INFO]    [PING OK] FI | VLESS | 4599ms
2026-02-27 04:30:18 [INFO]    [PING OK] DE | VLESS | 4262ms
2026-02-27 04:30:18 [INFO]    [PING OK] DE | VLESS | 4672ms
2026-02-27 04:30:18 [INFO]    [PING OK] TR | VLESS | 4195ms
2026-02-27 04:30:18 [INFO]    [PING OK] ES | VLESS | 4404ms
2026-02-27 04:30:18 [INFO]    [PING OK] DE | VLESS | 4478ms
2026-02-27 04:30:19 [INFO]    [PING OK] IT | VLESS | 4458ms
2026-02-27 04:30:19 [INFO]    [PING OK] FI | VLESS | 4045ms
2026-02-27 04:30:19 [INFO]    [PING OK] LV | VLESS | 4216ms
2026-02-27 04:30:19 [INFO]    [PING OK] PL | VLESS | 3946ms
2026-02-27 04:30:19 [INFO]    [PING OK] DE | VLESS | 4276ms
2026-02-27 04:30:20 [INFO]    [PING OK] US | VLESS | 4201ms
2026-02-27 04:30:20 [INFO]    [PING OK] IT | VLESS | 4280ms
2026-02-27 04:30:21 [INFO]    [PING OK] DE | VLESS | 3830ms
2026-02-27 04:30:21 [INFO]    [PING OK] NL | VLESS | 7049ms
2026-02-27 04:30:21 [INFO]    [PING OK] ES | VLESS | 3911ms
2026-02-27 04:30:22 [INFO]    [PING OK] CH | VLESS | 3805ms
2026-02-27 04:30:22 [INFO]    [PING OK] DE | VLESS | 6080ms
2026-02-27 04:30:22 [INFO]    [PING OK] DE | VLESS | 7298ms
2026-02-27 04:30:22 [INFO]    [PING OK] US | VLESS | 4067ms
2026-02-27 04:30:22 [INFO]    [PING OK] LV | VLESS | 3673ms
2026-02-27 04:30:23 [INFO]    [PING OK] ES | VLESS | 3709ms
2026-02-27 04:30:23 [INFO]    [PING OK] DE | VLESS | 3409ms
2026-02-27 04:30:23 [INFO]    [PING OK] DE | VLESS | 3461ms
2026-02-27 04:30:23 [INFO]    [PING OK] TR | VLESS | 4066ms
2026-02-27 04:30:23 [INFO]    [PING OK] CA | VLESS | 4145ms
2026-02-27 04:30:23 [INFO]    [PING OK] NL | VLESS | 4619ms
2026-02-27 04:30:23 [INFO]    [PING OK] LV | VLESS | 3080ms
2026-02-27 04:30:23 [INFO]    [PING OK] DE | VLESS | 3646ms
2026-02-27 04:30:23 [INFO]    [PING OK] DE | VLESS | 2632ms
2026-02-27 04:30:23 [INFO]    [PING OK] DE | VLESS | 2794ms
2026-02-27 04:30:24 [INFO]    [PING OK] SG | VLESS | 3443ms
2026-02-27 04:30:24 [INFO]    [PING OK] SG | VLESS | 3016ms
2026-02-27 04:30:24 [INFO]    [PING OK] DE | VLESS | 3141ms
2026-02-27 04:30:24 [INFO]    [PING OK] US | VLESS | 1112ms
2026-02-27 04:30:24 [INFO]    [PING OK] NL | VLESS | 5648ms
2026-02-27 04:30:25 [INFO]    [PING OK] SG | VLESS | 712ms
2026-02-27 04:30:25 [INFO]    [PING OK] NL | VLESS | 5891ms
2026-02-27 04:30:28 [INFO] 🏎️ ЭТАП 2: Глубокий замер скорости для 40 иностранных кандидатов...
2026-02-27 04:30:33 [INFO]    🏆 DE | VLESS | Пинг: 3409ms | Скорость: 6.31 Mbps ⚡⚡
2026-02-27 04:30:33 [INFO]    🏆 DE | VLESS | Пинг: 3461ms | Скорость: 6.46 Mbps ⚡⚡
2026-02-27 04:30:33 [INFO]    🏆 LV | VLESS | Пинг: 3673ms | Скорость: 6.44 Mbps ⚡⚡
2026-02-27 04:30:33 [INFO]    🏆 DE | VLESS | Пинг: 3830ms | Скорость: 6.63 Mbps ⚡⚡
2026-02-27 04:30:33 [INFO]    🏆 CH | VLESS | Пинг: 3805ms | Скорость: 6.57 Mbps ⚡⚡
2026-02-27 04:30:33 [INFO]    🏆 DE | VLESS | Пинг: 2632ms | Скорость: 5.9 Mbps ⚡⚡
2026-02-27 04:30:33 [INFO]    🏆 SG | VLESS | Пинг: 712ms | Скорость: 5.49 Mbps ⚡⚡
2026-02-27 04:30:33 [INFO]    🏆 SG | VLESS | Пинг: 3016ms | Скорость: 5.64 Mbps ⚡⚡
2026-02-27 04:30:33 [INFO]    🏆 US | VLESS | Пинг: 1112ms | Скорость: 4.94 Mbps ⚡⚡
2026-02-27 04:30:34 [INFO]    🏆 ES | VLESS | Пинг: 3709ms | Скорость: 4.18 Mbps ⚡⚡
2026-02-27 04:30:35 [INFO]    🏆 DE | VLESS | Пинг: 3646ms | Скорость: 3.44 Mbps ⚡⚡
2026-02-27 04:30:35 [INFO]    🏆 DE | VLESS | Пинг: 3141ms | Скорость: 2.45 Mbps ⚡
2026-02-27 04:30:35 [INFO]    🏆 SG | VLESS | Пинг: 3443ms | Скорость: 1.68 Mbps ⚡
2026-02-27 04:30:36 [INFO]    🏆 PL | VLESS | Пинг: 3999ms | Скорость: 8.31 Mbps ⚡⚡
2026-02-27 04:30:36 [INFO]    🏆 PL | VLESS | Пинг: 3946ms | Скорость: 8.16 Mbps ⚡⚡
2026-02-27 04:30:36 [INFO]    🏆 DE | VLESS | Пинг: 4087ms | Скорость: 9.1 Mbps ⚡⚡
2026-02-27 04:30:36 [INFO]    🏆 FI | VLESS | Пинг: 4131ms | Скорость: 9.77 Mbps ⚡⚡
2026-02-27 04:30:36 [INFO]    🏆 DE | VLESS | Пинг: 4127ms | Скорость: 9.3 Mbps ⚡⚡
2026-02-27 04:30:36 [INFO]    🏆 US | VLESS | Пинг: 4067ms | Скорость: 7.63 Mbps ⚡⚡
2026-02-27 04:30:37 [INFO]    🏆 CA | VLESS | Пинг: 4145ms | Скорость: 7.47 Mbps ⚡⚡
2026-02-27 04:30:37 [INFO]    🏆 US | VLESS | Пинг: 4108ms | Скорость: 5.4 Mbps ⚡⚡
2026-02-27 04:30:37 [INFO]    🏆 FI | VLESS | Пинг: 4189ms | Скорость: 13.36 Mbps ⚡⚡
2026-02-27 04:30:37 [INFO]    🏆 FI | VLESS | Пинг: 4190ms | Скорость: 14.5 Mbps ⚡⚡
2026-02-27 04:30:38 [INFO]    🏆 LV | VLESS | Пинг: 4216ms | Скорость: 12.26 Mbps ⚡⚡
2026-02-27 04:30:38 [INFO]    🏆 TR | VLESS | Пинг: 4195ms | Скорость: 9.42 Mbps ⚡⚡
2026-02-27 04:30:38 [INFO]    🏆 NL | VLESS | Пинг: 4248ms | Скорость: 10.95 Mbps ⚡⚡
2026-02-27 04:30:39 [INFO]    🏆 DE | VLESS | Пинг: 4276ms | Скорость: 10.68 Mbps ⚡⚡
2026-02-27 04:30:39 [INFO]    🏆 FI | VLESS | Пинг: 4244ms | Скорость: 9.26 Mbps ⚡⚡
2026-02-27 04:30:39 [INFO]    🏆 ES | VLESS | Пинг: 4182ms | Скорость: 5.3 Mbps ⚡⚡
2026-02-27 04:30:39 [INFO]    🏆 US | VLESS | Пинг: 4201ms | Скорость: 8.49 Mbps ⚡⚡
2026-02-27 04:30:39 [INFO]    🏆 FI | VLESS | Пинг: 4045ms | Скорость: 1.03 Mbps 
2026-02-27 04:30:40 [INFO]    🏆 FI | VLESS | Пинг: 4353ms | Скорость: 12.2 Mbps ⚡⚡
2026-02-27 04:30:40 [INFO]    🏆 DE | VLESS | Пинг: 4262ms | Скорость: 6.47 Mbps ⚡⚡
2026-02-27 04:30:40 [INFO]    🏆 US | VLESS | Пинг: 4425ms | Скорость: 12.97 Mbps ⚡⚡
2026-02-27 04:30:40 [INFO]    🏆 IT | VLESS | Пинг: 4280ms | Скорость: 6.79 Mbps ⚡⚡
2026-02-27 04:30:41 [INFO] 📊 Итого в подписке сохранено иностранных серверов: 10
2026-02-27 04:30:41 [INFO] 💾 Файл успешно сохранен: FL1PVPN
