2026-02-22 02:50:06 [INFO] 🚀 START: Smart Selector (Target: 10, ONLY FOREIGN)
2026-02-22 02:50:06 [INFO] 🌐 Загрузка источников (VLESS + VMess)...
2026-02-22 02:50:08 [INFO] 🔍 Уникальных конфигов собрано: 257
2026-02-22 02:50:08 [INFO] ⚡ ЭТАП 1: Замер Пинга и Геолокации. Workers: 40...
2026-02-22 02:50:15 [INFO]    [PING OK] CZ | VLESS | 4213ms
2026-02-22 02:50:15 [INFO]    [PING OK] PL | VLESS | 4184ms
2026-02-22 02:50:16 [INFO]    [PING OK] ES | VLESS | 3899ms
2026-02-22 02:50:16 [INFO]    [PING OK] ES | VLESS | 4077ms
2026-02-22 02:50:19 [INFO]    [PING OK] TR | VLESS | 4162ms
2026-02-22 02:50:19 [INFO]    [PING OK] PL | VLESS | 4271ms
2026-02-22 02:50:19 [INFO]    [PING OK] EE | VLESS | 4472ms
2026-02-22 02:50:19 [INFO]    [PING OK] PL | VLESS | 4770ms
2026-02-22 02:50:19 [INFO]    [PING OK] IT | VLESS | 4738ms
2026-02-22 02:50:19 [INFO]    [PING OK] PL | VLESS | 4952ms
2026-02-22 02:50:19 [INFO]    [PING OK] HU | VLESS | 4427ms
2026-02-22 02:50:20 [INFO]    [PING OK] PL | VLESS | 4147ms
2026-02-22 02:50:20 [INFO]    [PING OK] DE | VLESS | 4716ms
2026-02-22 02:50:20 [INFO]    [PING OK] PL | VLESS | 3745ms
2026-02-22 02:50:20 [INFO]    [PING OK] DE | VLESS | 5438ms
2026-02-22 02:50:21 [INFO]    [PING OK] PL | VLESS | 4764ms
2026-02-22 02:50:22 [INFO]    [PING OK] PL | VLESS | 4285ms
2026-02-22 02:50:22 [INFO]    [PING OK] US | VLESS | 4923ms
2026-02-22 02:50:24 [INFO]    [PING OK] ES | VLESS | 4412ms
2026-02-22 02:50:24 [INFO]    [PING OK] PL | VLESS | 4738ms
2026-02-22 02:50:24 [INFO]    [PING OK] DE | VLESS | 4104ms
2026-02-22 02:50:24 [INFO]    [PING OK] PL | VLESS | 4679ms
2026-02-22 02:50:25 [INFO]    [PING OK] ES | VLESS | 4502ms
2026-02-22 02:50:25 [INFO]    [PING OK] PL | VLESS | 4400ms
2026-02-22 02:50:25 [INFO]    [PING OK] DE | VLESS | 4397ms
2026-02-22 02:50:25 [INFO]    [PING OK] NL | VLESS | 5213ms
2026-02-22 02:50:25 [INFO]    [PING OK] IT | VLESS | 4954ms
2026-02-22 02:50:25 [INFO]    [PING OK] CA | VLESS | 9486ms
2026-02-22 02:50:25 [INFO]    [PING OK] ES | VLESS | 4878ms
2026-02-22 02:50:26 [INFO]    [PING OK] EE | VLESS | 4418ms
2026-02-22 02:50:26 [INFO]    [PING OK] CA | VLESS | 5506ms
2026-02-22 02:50:26 [INFO]    [PING OK] PL | VLESS | 4501ms
2026-02-22 02:50:26 [INFO]    [PING OK] DE | VLESS | 4868ms
2026-02-22 02:50:27 [INFO]    [PING OK] NL | VLESS | 4268ms
2026-02-22 02:50:27 [INFO]    [PING OK] NL | VLESS | 4793ms
2026-02-22 02:50:27 [INFO]    [PING OK] DE | VLESS | 4773ms
2026-02-22 02:50:29 [INFO]    [PING OK] DE | VLESS | 4980ms
2026-02-22 02:50:29 [INFO]    [PING OK] NL | VLESS | 5314ms
2026-02-22 02:50:30 [INFO]    [PING OK] CA | VLESS | 5467ms
2026-02-22 02:50:30 [INFO]    [PING OK] US | VLESS | 5424ms
2026-02-22 02:50:31 [INFO]    [PING OK] US | VLESS | 5015ms
2026-02-22 02:50:31 [INFO]    [PING OK] CA | VLESS | 6058ms
2026-02-22 02:50:32 [INFO]    [PING OK] CA | VLESS | 7997ms
2026-02-22 02:50:33 [INFO]    [PING OK] CA | VLESS | 6983ms
2026-02-22 02:50:33 [INFO]    [PING OK] CA | VLESS | 7617ms
2026-02-22 02:50:34 [INFO]    [PING OK] DE | VLESS | 5346ms
2026-02-22 02:50:34 [INFO]    [PING OK] CA | VLESS | 8094ms
2026-02-22 02:50:34 [INFO]    [PING OK] US | VLESS | 4998ms
2026-02-22 02:50:34 [INFO]    [PING OK] FR | VLESS | 4746ms
2026-02-22 02:50:35 [INFO]    [PING OK] DE | VLESS | 3449ms
2026-02-22 02:50:36 [INFO]    [PING OK] CA | VLESS | 6295ms
2026-02-22 02:50:37 [INFO]    [PING OK] CA | VLESS | 4860ms
2026-02-22 02:50:37 [INFO]    [PING OK] CA | VLESS | 8392ms
2026-02-22 02:50:39 [INFO]    [PING OK] CA | VLESS | 6433ms
2026-02-22 02:50:40 [INFO]    [PING OK] CA | VLESS | 7328ms
2026-02-22 02:50:40 [INFO] 🏎️ ЭТАП 2: Глубокий замер скорости для 40 иностранных кандидатов...
2026-02-22 02:50:44 [INFO]    🏆 PL | VLESS | Пинг: 3745ms | Скорость: 5.75 Mbps ⚡⚡
2026-02-22 02:50:44 [INFO]    🏆 ES | VLESS | Пинг: 4412ms | Скорость: 6.11 Mbps ⚡⚡
2026-02-22 02:50:44 [INFO]    🏆 PL | VLESS | Пинг: 4271ms | Скорость: 5.97 Mbps ⚡⚡
2026-02-22 02:50:44 [INFO]    🏆 DE | VLESS | Пинг: 3449ms | Скорость: 5.73 Mbps ⚡⚡
2026-02-22 02:50:44 [INFO]    🏆 PL | VLESS | Пинг: 4184ms | Скорость: 5.82 Mbps ⚡⚡
2026-02-22 02:50:44 [INFO]    🏆 PL | VLESS | Пинг: 4400ms | Скорость: 6.17 Mbps ⚡⚡
2026-02-22 02:50:44 [INFO]    🏆 TR | VLESS | Пинг: 4162ms | Скорость: 5.74 Mbps ⚡⚡
2026-02-22 02:50:45 [INFO]    🏆 ES | VLESS | Пинг: 3899ms | Скорость: 5.68 Mbps ⚡⚡
2026-02-22 02:50:45 [INFO]    🏆 PL | VLESS | Пинг: 4147ms | Скорость: 5.67 Mbps ⚡⚡
2026-02-22 02:50:45 [INFO]    🏆 NL | VLESS | Пинг: 4268ms | Скорость: 5.69 Mbps ⚡⚡
2026-02-22 02:50:45 [INFO]    🏆 PL | VLESS | Пинг: 4285ms | Скорость: 5.79 Mbps ⚡⚡
2026-02-22 02:50:45 [INFO]    🏆 ES | VLESS | Пинг: 4077ms | Скорость: 5.61 Mbps ⚡⚡
2026-02-22 02:50:45 [INFO]    🏆 DE | VLESS | Пинг: 4104ms | Скорость: 5.6 Mbps ⚡⚡
2026-02-22 02:50:45 [INFO]    🏆 CZ | VLESS | Пинг: 4213ms | Скорость: 5.32 Mbps ⚡⚡
2026-02-22 02:50:47 [INFO]    🏆 DE | VLESS | Пинг: 4397ms | Скорость: 1.19 Mbps 
2026-02-22 02:50:49 [INFO]    🏆 EE | VLESS | Пинг: 4418ms | Скорость: 5.07 Mbps ⚡⚡
2026-02-22 02:50:49 [INFO]    🏆 PL | VLESS | Пинг: 4501ms | Скорость: 5.06 Mbps ⚡⚡
2026-02-22 02:50:49 [INFO]    🏆 PL | VLESS | Пинг: 4679ms | Скорость: 5.01 Mbps ⚡⚡
2026-02-22 02:50:49 [INFO]    🏆 HU | VLESS | Пинг: 4427ms | Скорость: 4.9 Mbps ⚡⚡
2026-02-22 02:50:49 [INFO]    🏆 ES | VLESS | Пинг: 4502ms | Скорость: 4.91 Mbps ⚡⚡
2026-02-22 02:50:49 [INFO]    🏆 PL | VLESS | Пинг: 4738ms | Скорость: 5.07 Mbps ⚡⚡
2026-02-22 02:50:49 [INFO]    🏆 NL | VLESS | Пинг: 4793ms | Скорость: 5.23 Mbps ⚡⚡
2026-02-22 02:50:49 [INFO]    🏆 DE | VLESS | Пинг: 4716ms | Скорость: 4.91 Mbps ⚡⚡
2026-02-22 02:50:49 [INFO]    🏆 PL | VLESS | Пинг: 4770ms | Скорость: 4.95 Mbps ⚡⚡
2026-02-22 02:50:49 [INFO]    🏆 EE | VLESS | Пинг: 4472ms | Скорость: 4.73 Mbps ⚡⚡
2026-02-22 02:50:50 [INFO]    🏆 DE | VLESS | Пинг: 4773ms | Скорость: 4.42 Mbps ⚡⚡
2026-02-22 02:50:51 [INFO]    🏆 IT | VLESS | Пинг: 4738ms | Скорость: 2.61 Mbps ⚡
2026-02-22 02:50:51 [INFO]    🏆 FR | VLESS | Пинг: 4746ms | Скорость: 2.9 Mbps ⚡
2026-02-22 02:50:53 [INFO]    🏆 CA | VLESS | Пинг: 4860ms | Скорость: 4.38 Mbps ⚡⚡
2026-02-22 02:50:53 [INFO]    🏆 ES | VLESS | Пинг: 4878ms | Скорость: 7.14 Mbps ⚡⚡
2026-02-22 02:50:53 [INFO]    🏆 PL | VLESS | Пинг: 4952ms | Скорость: 7.46 Mbps ⚡⚡
2026-02-22 02:50:53 [INFO]    🏆 NL | VLESS | Пинг: 5213ms | Скорость: 7.56 Mbps ⚡⚡
2026-02-22 02:50:53 [INFO]    🏆 DE | VLESS | Пинг: 4980ms | Скорость: 7.01 Mbps ⚡⚡
2026-02-22 02:50:53 [INFO]    🏆 US | VLESS | Пинг: 4998ms | Скорость: 6.97 Mbps ⚡⚡
2026-02-22 02:50:53 [INFO]    🏆 US | VLESS | Пинг: 4923ms | Скорость: 6.52 Mbps ⚡⚡
2026-02-22 02:50:53 [INFO]    🏆 US | VLESS | Пинг: 5015ms | Скорость: 6.72 Mbps ⚡⚡
2026-02-22 02:50:53 [INFO]    🏆 NL | VLESS | Пинг: 5314ms | Скорость: 6.71 Mbps ⚡⚡
2026-02-22 02:50:56 [INFO]    🏆 IT | VLESS | Пинг: 4954ms | Скорость: 1.35 Mbps 
2026-02-22 02:50:56 [INFO] 📊 Итого в подписке сохранено иностранных серверов: 10
2026-02-22 02:50:56 [INFO] 💾 Файл успешно сохранен: FL1PVPN
