2026-02-24 09:20:06 [INFO] 🚀 START: Smart Selector (Target: 10, ONLY FOREIGN)
2026-02-24 09:20:06 [INFO] 🌐 Загрузка источников (VLESS + VMess)...
2026-02-24 09:20:07 [INFO] 🔍 Уникальных конфигов собрано: 230
2026-02-24 09:20:07 [INFO] ⚡ ЭТАП 1: Замер Пинга и Геолокации. Workers: 40...
2026-02-24 09:20:13 [INFO]    [PING OK] PL | VLESS | 5305ms
2026-02-24 09:20:13 [INFO]    [PING OK] TR | VLESS | 5225ms
2026-02-24 09:20:13 [INFO]    [PING OK] TR | VLESS | 5008ms
2026-02-24 09:20:14 [INFO]    [PING OK] IT | VLESS | 5050ms
2026-02-24 09:20:14 [INFO]    [PING OK] PL | VLESS | 4406ms
2026-02-24 09:20:15 [INFO]    [PING OK] ES | VLESS | 4070ms
2026-02-24 09:20:15 [INFO]    [PING OK] IT | VLESS | 4173ms
2026-02-24 09:20:15 [INFO]    [PING OK] ES | VLESS | 4031ms
2026-02-24 09:20:16 [INFO]    [PING OK] FI | VLESS | 3904ms
2026-02-24 09:20:16 [INFO]    [PING OK] FI | VLESS | 3825ms
2026-02-24 09:20:16 [INFO]    [PING OK] PL | VLESS | 4061ms
2026-02-24 09:20:17 [INFO]    [PING OK] EE | VLESS | 8721ms
2026-02-24 09:20:18 [INFO]    [PING OK] PL | VLESS | 4148ms
2026-02-24 09:20:18 [INFO]    [PING OK] PL | VLESS | 4090ms
2026-02-24 09:20:18 [INFO]    [PING OK] ES | VLESS | 4098ms
2026-02-24 09:20:18 [INFO]    [PING OK] TR | VLESS | 4318ms
2026-02-24 09:20:18 [INFO]    [PING OK] NL | VLESS | 7241ms
2026-02-24 09:20:18 [INFO]    [PING OK] LV | VLESS | 3891ms
2026-02-24 09:20:19 [INFO]    [PING OK] ES | VLESS | 4738ms
2026-02-24 09:20:19 [INFO]    [PING OK] DE | VLESS | 3911ms
2026-02-24 09:20:19 [INFO]    [PING OK] HU | VLESS | 4247ms
2026-02-24 09:20:19 [INFO]    [PING OK] NL | VLESS | 4573ms
2026-02-24 09:20:20 [INFO]    [PING OK] TR | VLESS | 4471ms
2026-02-24 09:20:20 [INFO]    [PING OK] DE | VLESS | 4885ms
2026-02-24 09:20:20 [INFO]    [PING OK] HU | VLESS | 4583ms
2026-02-24 09:20:20 [INFO]    [PING OK] LV | VLESS | 4483ms
2026-02-24 09:20:20 [INFO]    [PING OK] HU | VLESS | 4703ms
2026-02-24 09:20:20 [INFO]    [PING OK] DE | VLESS | 4446ms
2026-02-24 09:20:25 [INFO]    [PING OK] DE | VLESS | 4074ms
2026-02-24 09:20:25 [INFO]    [PING OK] DE | VLESS | 4732ms
2026-02-24 09:20:25 [INFO]    [PING OK] FI | VLESS | 4232ms
2026-02-24 09:20:28 [INFO]    [PING OK] DE | VLESS | 2835ms
2026-02-24 09:20:28 [INFO]    [PING OK] NL | VLESS | 2855ms
2026-02-24 09:20:30 [INFO]    [PING OK] SG | VLESS | 3686ms
2026-02-24 09:20:30 [INFO]    [PING OK] US | VLESS | 2996ms
2026-02-24 09:20:31 [INFO]    [PING OK] DE | VLESS | 2470ms
2026-02-24 09:20:31 [INFO]    [PING OK] US | VLESS | 1170ms
2026-02-24 09:20:31 [INFO]    [PING OK] US | VLESS | 2759ms
2026-02-24 09:20:32 [INFO]    [PING OK] US | VLESS | 6277ms
2026-02-24 09:20:36 [INFO] 🏎️ ЭТАП 2: Глубокий замер скорости для 39 иностранных кандидатов...
2026-02-24 09:20:41 [INFO]    🏆 ES | VLESS | Пинг: 4070ms | Скорость: 4.78 Mbps ⚡⚡
2026-02-24 09:20:41 [INFO]    🏆 NL | VLESS | Пинг: 2855ms | Скорость: 4.6 Mbps ⚡⚡
2026-02-24 09:20:41 [INFO]    🏆 DE | VLESS | Пинг: 2835ms | Скорость: 4.53 Mbps ⚡⚡
2026-02-24 09:20:41 [INFO]    🏆 DE | VLESS | Пинг: 3911ms | Скорость: 4.74 Mbps ⚡⚡
2026-02-24 09:20:41 [INFO]    🏆 PL | VLESS | Пинг: 4061ms | Скорость: 4.74 Mbps ⚡⚡
2026-02-24 09:20:41 [INFO]    🏆 ES | VLESS | Пинг: 4031ms | Скорость: 4.72 Mbps ⚡⚡
2026-02-24 09:20:41 [INFO]    🏆 FI | VLESS | Пинг: 3904ms | Скорость: 4.62 Mbps ⚡⚡
2026-02-24 09:20:41 [INFO]    🏆 DE | VLESS | Пинг: 4074ms | Скорость: 4.79 Mbps ⚡⚡
2026-02-24 09:20:41 [INFO]    🏆 US | VLESS | Пинг: 2996ms | Скорость: 4.44 Mbps ⚡⚡
2026-02-24 09:20:41 [INFO]    🏆 SG | VLESS | Пинг: 3686ms | Скорость: 4.28 Mbps ⚡⚡
2026-02-24 09:20:41 [INFO]    🏆 US | VLESS | Пинг: 1170ms | Скорость: 4.11 Mbps ⚡⚡
2026-02-24 09:20:42 [INFO]    🏆 US | VLESS | Пинг: 2759ms | Скорость: 4.02 Mbps ⚡⚡
2026-02-24 09:20:42 [INFO]    🏆 DE | VLESS | Пинг: 2470ms | Скорость: 3.99 Mbps ⚡⚡
2026-02-24 09:20:42 [INFO]    🏆 LV | VLESS | Пинг: 3891ms | Скорость: 4.05 Mbps ⚡⚡
2026-02-24 09:20:43 [INFO]    🏆 FI | VLESS | Пинг: 3825ms | Скорость: 3.23 Mbps ⚡⚡
2026-02-24 09:20:45 [INFO]    🏆 PL | VLESS | Пинг: 4090ms | Скорость: 7.38 Mbps ⚡⚡
2026-02-24 09:20:45 [INFO]    🏆 IT | VLESS | Пинг: 4173ms | Скорость: 5.61 Mbps ⚡⚡
2026-02-24 09:20:45 [INFO]    🏆 TR | VLESS | Пинг: 4318ms | Скорость: 5.74 Mbps ⚡⚡
2026-02-24 09:20:45 [INFO]    🏆 PL | VLESS | Пинг: 4406ms | Скорость: 5.77 Mbps ⚡⚡
2026-02-24 09:20:45 [INFO]    🏆 FI | VLESS | Пинг: 4232ms | Скорость: 5.71 Mbps ⚡⚡
2026-02-24 09:20:46 [INFO]    🏆 HU | VLESS | Пинг: 4247ms | Скорость: 5.59 Mbps ⚡⚡
2026-02-24 09:20:46 [INFO]    🏆 DE | VLESS | Пинг: 4446ms | Скорость: 5.7 Mbps ⚡⚡
2026-02-24 09:20:46 [INFO]    🏆 PL | VLESS | Пинг: 4148ms | Скорость: 5.53 Mbps ⚡⚡
2026-02-24 09:20:46 [INFO]    🏆 ES | VLESS | Пинг: 4098ms | Скорость: 5.48 Mbps ⚡⚡
2026-02-24 09:20:46 [INFO]    🏆 LV | VLESS | Пинг: 4483ms | Скорость: 5.94 Mbps ⚡⚡
2026-02-24 09:20:46 [INFO]    🏆 HU | VLESS | Пинг: 4583ms | Скорость: 6.15 Mbps ⚡⚡
2026-02-24 09:20:46 [INFO]    🏆 TR | VLESS | Пинг: 4471ms | Скорость: 5.79 Mbps ⚡⚡
2026-02-24 09:20:47 [INFO]    🏆 DE | VLESS | Пинг: 4732ms | Скорость: 5.88 Mbps ⚡⚡
2026-02-24 09:20:48 [INFO]    🏆 IT | VLESS | Пинг: 5050ms | Скорость: 10.25 Mbps ⚡⚡
2026-02-24 09:20:48 [INFO]    🏆 PL | VLESS | Пинг: 5305ms | Скорость: 10.14 Mbps ⚡⚡
2026-02-24 09:20:48 [INFO]    🏆 EE | VLESS | Пинг: 8721ms | Скорость: 10.07 Mbps ⚡⚡
2026-02-24 09:20:48 [INFO]    🏆 TR | VLESS | Пинг: 5008ms | Скорость: 9.34 Mbps ⚡⚡
2026-02-24 09:20:48 [INFO]    🏆 TR | VLESS | Пинг: 5225ms | Скорость: 9.31 Mbps ⚡⚡
2026-02-24 09:20:49 [INFO]    🏆 HU | VLESS | Пинг: 4703ms | Скорость: 2.3 Mbps ⚡
2026-02-24 09:20:52 [INFO]    🏆 ES | VLESS | Пинг: 4738ms | Скорость: 3.03 Mbps ⚡⚡
2026-02-24 09:20:52 [INFO] 📊 Итого в подписке сохранено иностранных серверов: 10
2026-02-24 09:20:52 [INFO] 💾 Файл успешно сохранен: FL1PVPN
