2026-02-15 21:53:42 [INFO] 🚀 START: Smart VLESS Selector (Target: 10, Strict Mode)
2026-02-15 21:53:42 [INFO] 🌐 Загрузка источников...
2026-02-15 21:53:44 [INFO] 🔍 Уникальных конфигов собрано: 320
2026-02-15 21:53:44 [INFO] ⚡ ЭТАП 1: Быстрый замер Пинга (Workers: 25)...
2026-02-15 21:53:46 [INFO]    [PING OK] US | 503ms
2026-02-15 21:53:48 [INFO]    [PING OK] NL | 318ms
2026-02-15 21:53:50 [INFO]    [PING OK] US | 710ms
2026-02-15 21:53:51 [INFO]    [PING OK] DE | 179ms
2026-02-15 21:53:52 [INFO]    [PING OK] FI | 163ms
2026-02-15 21:53:52 [INFO]    [PING OK] DE | 136ms
2026-02-15 21:53:55 [INFO]    [PING OK] RU | 287ms
2026-02-15 21:53:56 [INFO]    [PING OK] DE | 182ms
2026-02-15 21:53:58 [INFO]    [PING OK] FR | 206ms
2026-02-15 21:53:59 [INFO]    [PING OK] RU | 79ms
2026-02-15 21:53:59 [INFO]    [PING OK] RU | 226ms
2026-02-15 21:53:59 [INFO]    [PING OK] RU | 158ms
2026-02-15 21:53:59 [INFO]    [PING OK] RU | 109ms
2026-02-15 21:53:59 [INFO]    [PING OK] RU | 299ms
2026-02-15 21:53:59 [INFO]    [PING OK] PL | 150ms
2026-02-15 21:53:59 [INFO]    [PING OK] RU | 253ms
2026-02-15 21:53:59 [INFO]    [PING OK] RU | 46ms
2026-02-15 21:53:59 [INFO]    [PING OK] PL | 147ms
2026-02-15 21:53:59 [INFO]    [PING OK] RU | 260ms
2026-02-15 21:53:59 [INFO]    [PING OK] RU | 92ms
2026-02-15 21:54:00 [INFO]    [PING OK] RU | 108ms
2026-02-15 21:54:00 [INFO]    [PING OK] RU | 53ms
2026-02-15 21:54:00 [INFO]    [PING OK] RU | 86ms
2026-02-15 21:54:00 [INFO]    [PING OK] RU | 290ms
2026-02-15 21:54:00 [INFO]    [PING OK] RU | 330ms
2026-02-15 21:54:00 [INFO]    [PING OK] RU | 285ms
2026-02-15 21:54:00 [INFO]    [PING OK] RU | 382ms
2026-02-15 21:54:00 [INFO]    [PING OK] RU | 120ms
2026-02-15 21:54:01 [INFO]    [PING OK] RU | 333ms
2026-02-15 21:54:01 [INFO]    [PING OK] RU | 279ms
2026-02-15 21:54:01 [INFO]    [PING OK] RU | 98ms
2026-02-15 21:54:01 [INFO]    [PING OK] RU | 278ms
2026-02-15 21:54:01 [INFO]    [PING OK] RU | 924ms
2026-02-15 21:54:01 [INFO]    [PING OK] NL | 1270ms
2026-02-15 21:54:01 [INFO]    [PING OK] RU | 263ms
2026-02-15 21:54:01 [INFO]    [PING OK] RU | 83ms
2026-02-15 21:54:02 [INFO]    [PING OK] RU | 308ms
2026-02-15 21:54:02 [INFO]    [PING OK] RU | 89ms
2026-02-15 21:54:02 [INFO]    [PING OK] RU | 3350ms
2026-02-15 21:54:02 [INFO]    [PING OK] RU | 196ms
2026-02-15 21:54:02 [INFO]    [PING OK] RU | 317ms
2026-02-15 21:54:02 [INFO]    [PING OK] RU | 288ms
2026-02-15 21:54:03 [INFO]    [PING OK] RU | 338ms
2026-02-15 21:54:03 [INFO]    [PING OK] RU | 1095ms
2026-02-15 21:54:03 [INFO]    [PING OK] PL | 174ms
2026-02-15 21:54:03 [INFO]    [PING OK] RU | 79ms
2026-02-15 21:54:03 [INFO]    [PING OK] RU | 167ms
2026-02-15 21:54:03 [INFO]    [PING OK] RU | 366ms
2026-02-15 21:54:04 [INFO]    [PING OK] RU | 290ms
2026-02-15 21:54:04 [INFO]    [PING OK] RU | 3483ms
2026-02-15 21:54:04 [INFO]    [PING OK] RU | 2187ms
2026-02-15 21:54:04 [INFO]    [PING OK] RU | 202ms
2026-02-15 21:54:04 [INFO]    [PING OK] RU | 3323ms
2026-02-15 21:54:04 [INFO]    [PING OK] NL | 202ms
2026-02-15 21:54:04 [INFO]    [PING OK] RU | 170ms
2026-02-15 21:54:04 [INFO]    [PING OK] RU | 135ms
2026-02-15 21:54:04 [INFO]    [PING OK] RU | 862ms
2026-02-15 21:54:04 [INFO]    [PING OK] RU | 122ms
2026-02-15 21:54:04 [INFO]    [PING OK] RU | 864ms
2026-02-15 21:54:04 [INFO]    [PING OK] RU | 195ms
2026-02-15 21:54:04 [INFO]    [PING OK] RU | 218ms
2026-02-15 21:54:05 [INFO]    [PING OK] RU | 190ms
2026-02-15 21:54:05 [INFO]    [PING OK] RU | 223ms
2026-02-15 21:54:05 [INFO]    [PING OK] RU | 331ms
2026-02-15 21:54:05 [INFO]    [PING OK] RU | 339ms
2026-02-15 21:54:05 [INFO]    [PING OK] RU | 285ms
2026-02-15 21:54:05 [INFO]    [PING OK] RU | 412ms
2026-02-15 21:54:05 [INFO]    [PING OK] RU | 276ms
2026-02-15 21:54:05 [INFO]    [PING OK] RU | 277ms
2026-02-15 21:54:05 [INFO]    [PING OK] RU | 142ms
2026-02-15 21:54:05 [INFO]    [PING OK] RU | 246ms
2026-02-15 21:54:05 [INFO]    [PING OK] RU | 195ms
2026-02-15 21:54:06 [INFO]    [PING OK] RU | 291ms
2026-02-15 21:54:06 [INFO]    [PING OK] RU | 361ms
2026-02-15 21:54:06 [INFO]    [PING OK] RU | 290ms
2026-02-15 21:54:06 [INFO]    [PING OK] RU | 1397ms
2026-02-15 21:54:06 [INFO]    [PING OK] RU | 1467ms
2026-02-15 21:54:06 [INFO]    [PING OK] RU | 3490ms
2026-02-15 21:54:06 [INFO]    [PING OK] RU | 1064ms
2026-02-15 21:54:06 [INFO]    [PING OK] RU | 276ms
2026-02-15 21:54:07 [INFO]    [PING OK] RU | 323ms
2026-02-15 21:54:07 [INFO]    [PING OK] RU | 444ms
2026-02-15 21:54:07 [INFO]    [PING OK] RU | 221ms
2026-02-15 21:54:07 [INFO]    [PING OK] RU | 243ms
2026-02-15 21:54:07 [INFO]    [PING OK] RU | 400ms
2026-02-15 21:54:07 [INFO]    [PING OK] RU | 291ms
2026-02-15 21:54:07 [INFO]    [PING OK] RU | 241ms
2026-02-15 21:54:07 [INFO]    [PING OK] RU | 833ms
2026-02-15 21:54:07 [INFO]    [PING OK] RU | 199ms
2026-02-15 21:54:08 [INFO]    [PING OK] HU | 3408ms
2026-02-15 21:54:08 [INFO]    [PING OK] FR | 280ms
2026-02-15 21:54:08 [INFO]    [PING OK] NL | 214ms
2026-02-15 21:54:09 [INFO]    [PING OK] LV | 478ms
2026-02-15 21:54:09 [INFO]    [PING OK] RU | 2131ms
2026-02-15 21:54:09 [INFO]    [PING OK] NL | 186ms
2026-02-15 21:54:10 [INFO]    [PING OK] DE | 218ms
2026-02-15 21:54:10 [INFO]    [PING OK] RU | 2400ms
2026-02-15 21:54:10 [INFO]    [PING OK] GB | 2487ms
2026-02-15 21:54:10 [INFO]    [PING OK] KZ | 189ms
2026-02-15 21:54:10 [INFO]    [PING OK] DE | 158ms
2026-02-15 21:54:10 [INFO]    [PING OK] NL | 122ms
2026-02-15 21:54:11 [INFO]    [PING OK] SG | 370ms
2026-02-15 21:54:11 [INFO]    [PING OK] PL | 109ms
2026-02-15 21:54:11 [INFO]    [PING OK] CY | 779ms
2026-02-15 21:54:12 [INFO]    [PING OK] LV | 172ms
2026-02-15 21:54:12 [INFO]    [PING OK] JP | 458ms
2026-02-15 21:54:12 [INFO]    [PING OK] TR | 444ms
2026-02-15 21:54:13 [INFO]    [PING OK] RU | 457ms
2026-02-15 21:54:13 [INFO]    [PING OK] DE | 452ms
2026-02-15 21:54:13 [INFO]    [PING OK] IQ | 184ms
2026-02-15 21:54:13 [INFO]    [PING OK] CY | 398ms
2026-02-15 21:54:13 [INFO]    [PING OK] FI | 151ms
2026-02-15 21:54:13 [INFO]    [PING OK] DE | 138ms
2026-02-15 21:54:13 [INFO]    [PING OK] DE | 257ms
2026-02-15 21:54:13 [INFO]    [PING OK] CY | 782ms
2026-02-15 21:54:13 [INFO]    [PING OK] RU | 338ms
2026-02-15 21:54:14 [INFO]    [PING OK] GB | 517ms
2026-02-15 21:54:14 [INFO]    [PING OK] ES | 592ms
2026-02-15 21:54:14 [INFO]    [PING OK] GB | 260ms
2026-02-15 21:54:14 [INFO]    [PING OK] DE | 533ms
2026-02-15 21:54:15 [INFO]    [PING OK] GB | 458ms
2026-02-15 21:54:15 [INFO]    [PING OK] CY | 777ms
2026-02-15 21:54:16 [INFO]    [PING OK] NL | 1567ms
2026-02-15 21:54:17 [INFO]    [PING OK] MY | 4057ms
2026-02-15 21:54:19 [INFO] 🏎️ ЭТАП 2: Глубокий замер скорости для ТОП-10 серверов...
2026-02-15 21:54:26 [INFO]    🏆 PL | Пинг: 109ms | Скорость: 8.91 Mbps ⚡⚡
2026-02-15 21:54:26 [INFO]    🏆 NL | Пинг: 122ms | Скорость: 8.76 Mbps ⚡⚡
2026-02-15 21:54:26 [INFO]    🏆 DE | Пинг: 136ms | Скорость: 8.91 Mbps ⚡⚡
2026-02-15 21:54:26 [INFO]    🏆 DE | Пинг: 138ms | Скорость: 0.0 Mbps 
2026-02-15 21:54:26 [INFO]    🏆 PL | Пинг: 147ms | Скорость: 8.83 Mbps ⚡⚡
2026-02-15 21:54:26 [INFO]    🏆 PL | Пинг: 150ms | Скорость: 9.09 Mbps ⚡⚡
2026-02-15 21:54:26 [INFO]    🏆 FI | Пинг: 151ms | Скорость: 4.48 Mbps ⚡⚡
2026-02-15 21:54:26 [INFO]    🏆 DE | Пинг: 158ms | Скорость: 9.2 Mbps ⚡⚡
2026-02-15 21:54:26 [INFO]    🏆 FI | Пинг: 163ms | Скорость: 0.0 Mbps 
2026-02-15 21:54:26 [INFO]    🏆 RU | Пинг: 46ms | Скорость: 5.58 Mbps ⚡⚡
2026-02-15 21:54:26 [INFO] 🇷🇺 Добавлен RU сервер: 95.163.211.158
2026-02-15 21:54:26 [INFO] 📊 Итого в подписке сохранено: 10 серверов
2026-02-15 21:54:26 [INFO] 💾 Файл успешно сохранен: FL1PVPN
