2026-02-24 14:10:06 [INFO] 🚀 START: Smart Selector (Target: 10, ONLY FOREIGN)
2026-02-24 14:10:06 [INFO] 🌐 Загрузка источников (VLESS + VMess)...
2026-02-24 14:10:07 [INFO] 🔍 Уникальных конфигов собрано: 217
2026-02-24 14:10:07 [INFO] ⚡ ЭТАП 1: Замер Пинга и Геолокации. Workers: 40...
2026-02-24 14:10:12 [INFO]    [PING OK] ES | VLESS | 4195ms
2026-02-24 14:10:12 [INFO]    [PING OK] HU | VLESS | 4282ms
2026-02-24 14:10:13 [INFO]    [PING OK] HU | VLESS | 4731ms
2026-02-24 14:10:13 [INFO]    [PING OK] ES | VLESS | 4851ms
2026-02-24 14:10:13 [INFO]    [PING OK] PL | VLESS | 4050ms
2026-02-24 14:10:13 [INFO]    [PING OK] ES | VLESS | 4491ms
2026-02-24 14:10:13 [INFO]    [PING OK] PL | VLESS | 3509ms
2026-02-24 14:10:14 [INFO]    [PING OK] FI | VLESS | 4213ms
2026-02-24 14:10:15 [INFO]    [PING OK] US | VLESS | 6356ms
2026-02-24 14:10:15 [INFO]    [PING OK] DE | VLESS | 5390ms
2026-02-24 14:10:15 [INFO]    [PING OK] EE | VLESS | 7400ms
2026-02-24 14:10:16 [INFO]    [PING OK] DE | VLESS | 5469ms
2026-02-24 14:10:17 [INFO]    [PING OK] FI | VLESS | 4135ms
2026-02-24 14:10:17 [INFO]    [PING OK] ES | VLESS | 3721ms
2026-02-24 14:10:17 [INFO]    [PING OK] EE | VLESS | 3809ms
2026-02-24 14:10:17 [INFO]    [PING OK] IT | VLESS | 3936ms
2026-02-24 14:10:17 [INFO]    [PING OK] PL | VLESS | 3665ms
2026-02-24 14:10:17 [INFO]    [PING OK] IT | VLESS | 3812ms
2026-02-24 14:10:17 [INFO]    [PING OK] ES | VLESS | 3647ms
2026-02-24 14:10:18 [INFO]    [PING OK] PL | VLESS | 3705ms
2026-02-24 14:10:18 [INFO]    [PING OK] TR | VLESS | 3538ms
2026-02-24 14:10:18 [INFO]    [PING OK] ES | VLESS | 3431ms
2026-02-24 14:10:18 [INFO]    [PING OK] LV | VLESS | 4037ms
2026-02-24 14:10:18 [INFO]    [PING OK] DE | VLESS | 4639ms
2026-02-24 14:10:18 [INFO]    [PING OK] HU | VLESS | 3863ms
2026-02-24 14:10:18 [INFO]    [PING OK] HU | VLESS | 3529ms
2026-02-24 14:10:18 [INFO]    [PING OK] DE | VLESS | 4055ms
2026-02-24 14:10:18 [INFO]    [PING OK] PL | VLESS | 3497ms
2026-02-24 14:10:18 [INFO]    [PING OK] TR | VLESS | 3454ms
2026-02-24 14:10:19 [INFO]    [PING OK] ES | VLESS | 3495ms
2026-02-24 14:10:19 [INFO]    [PING OK] TR | VLESS | 3162ms
2026-02-24 14:10:19 [INFO]    [PING OK] PL | VLESS | 3527ms
2026-02-24 14:10:20 [INFO]    [PING OK] DE | VLESS | 6967ms
2026-02-24 14:10:21 [INFO]    [PING OK] CA | VLESS | 4977ms
2026-02-24 14:10:21 [INFO]    [PING OK] DE | VLESS | 5607ms
2026-02-24 14:10:23 [INFO]    [PING OK] DE | VLESS | 4547ms
2026-02-24 14:10:23 [INFO]    [PING OK] PL | VLESS | 4508ms
2026-02-24 14:10:23 [INFO]    [PING OK] TR | VLESS | 4661ms
2026-02-24 14:10:23 [INFO]    [PING OK] DE | VLESS | 4727ms
2026-02-24 14:10:23 [INFO]    [PING OK] NL | VLESS | 4657ms
2026-02-24 14:10:23 [INFO]    [PING OK] NL | VLESS | 4691ms
2026-02-24 14:10:23 [INFO]    [PING OK] CA | VLESS | 4794ms
2026-02-24 14:10:23 [INFO]    [PING OK] LV | VLESS | 5473ms
2026-02-24 14:10:23 [INFO]    [PING OK] CA | VLESS | 4909ms
2026-02-24 14:10:23 [INFO]    [PING OK] LT | VLESS | 4478ms
2026-02-24 14:10:23 [INFO]    [PING OK] DE | VLESS | 4367ms
2026-02-24 14:10:24 [INFO]    [PING OK] CA | VLESS | 4887ms
2026-02-24 14:10:24 [INFO]    [PING OK] CA | VLESS | 4997ms
2026-02-24 14:10:24 [INFO]    [PING OK] DE | VLESS | 4667ms
2026-02-24 14:10:24 [INFO]    [PING OK] EE | VLESS | 4151ms
2026-02-24 14:10:25 [INFO]    [PING OK] CA | VLESS | 4809ms
2026-02-24 14:10:25 [INFO]    [PING OK] CA | VLESS | 5838ms
2026-02-24 14:10:26 [INFO]    [PING OK] NL | VLESS | 4497ms
2026-02-24 14:10:26 [INFO]    [PING OK] JP | VLESS | 5132ms
2026-02-24 14:10:26 [INFO]    [PING OK] KZ | VLESS | 4651ms
2026-02-24 14:10:27 [INFO]    [PING OK] CA | VLESS | 4574ms
2026-02-24 14:10:27 [INFO]    [PING OK] CA | VLESS | 4781ms
2026-02-24 14:10:27 [INFO]    [PING OK] DE | VLESS | 4492ms
2026-02-24 14:10:28 [INFO]    [PING OK] CA | VLESS | 4921ms
2026-02-24 14:10:28 [INFO]    [PING OK] CA | VLESS | 4825ms
2026-02-24 14:10:28 [INFO]    [PING OK] CA | VLESS | 4549ms
2026-02-24 14:10:28 [INFO]    [PING OK] CA | VLESS | 4781ms
2026-02-24 14:10:28 [INFO]    [PING OK] CA | VLESS | 4847ms
2026-02-24 14:10:28 [INFO]    [PING OK] CA | VLESS | 5082ms
2026-02-24 14:10:29 [INFO]    [PING OK] SG | VLESS | 5042ms
2026-02-24 14:10:29 [INFO]    [PING OK] CA | VLESS | 5033ms
2026-02-24 14:10:29 [INFO]    [PING OK] CA | VLESS | 4789ms
2026-02-24 14:10:29 [INFO]    [PING OK] US | VLESS | 4909ms
2026-02-24 14:10:29 [INFO]    [PING OK] CA | VLESS | 4716ms
2026-02-24 14:10:29 [INFO]    [PING OK] CA | VLESS | 4797ms
2026-02-24 14:10:29 [INFO]    [PING OK] DE | VLESS | 4356ms
2026-02-24 14:10:30 [INFO]    [PING OK] CA | VLESS | 6778ms
2026-02-24 14:10:30 [INFO]    [PING OK] CA | VLESS | 4307ms
2026-02-24 14:10:31 [INFO]    [PING OK] CA | VLESS | 4369ms
2026-02-24 14:10:31 [INFO]    [PING OK] CA | VLESS | 4473ms
2026-02-24 14:10:31 [INFO]    [PING OK] CA | VLESS | 3556ms
2026-02-24 14:10:31 [INFO]    [PING OK] TR | VLESS | 3015ms
2026-02-24 14:10:31 [INFO]    [PING OK] CA | VLESS | 3634ms
2026-02-24 14:10:31 [INFO]    [PING OK] CA | VLESS | 3662ms
2026-02-24 14:10:31 [INFO]    [PING OK] CA | VLESS | 3704ms
2026-02-24 14:10:31 [INFO]    [PING OK] SG | VLESS | 2477ms
2026-02-24 14:10:31 [INFO]    [PING OK] CA | VLESS | 2286ms
2026-02-24 14:10:32 [INFO]    [PING OK] CA | VLESS | 4029ms
2026-02-24 14:10:32 [INFO]    [PING OK] CA | VLESS | 3185ms
2026-02-24 14:10:34 [INFO]    [PING OK] CA | VLESS | 6081ms
2026-02-24 14:10:34 [INFO]    [PING OK] US | VLESS | 8379ms
2026-02-24 14:10:36 [INFO] 🏎️ ЭТАП 2: Глубокий замер скорости для 40 иностранных кандидатов...
2026-02-24 14:10:39 [INFO]    🏆 PL | VLESS | Пинг: 3527ms | Скорость: 8.6 Mbps ⚡⚡
2026-02-24 14:10:40 [INFO]    🏆 PL | VLESS | Пинг: 3509ms | Скорость: 6.57 Mbps ⚡⚡
2026-02-24 14:10:40 [INFO]    🏆 TR | VLESS | Пинг: 3454ms | Скорость: 6.47 Mbps ⚡⚡
2026-02-24 14:10:40 [INFO]    🏆 ES | VLESS | Пинг: 3431ms | Скорость: 6.46 Mbps ⚡⚡
2026-02-24 14:10:40 [INFO]    🏆 PL | VLESS | Пинг: 3497ms | Скорость: 6.37 Mbps ⚡⚡
2026-02-24 14:10:40 [INFO]    🏆 TR | VLESS | Пинг: 3538ms | Скорость: 6.33 Mbps ⚡⚡
2026-02-24 14:10:40 [INFO]    🏆 SG | VLESS | Пинг: 2477ms | Скорость: 5.62 Mbps ⚡⚡
2026-02-24 14:10:40 [INFO]    🏆 ES | VLESS | Пинг: 3495ms | Скорость: 5.67 Mbps ⚡⚡
2026-02-24 14:10:41 [INFO]    🏆 CA | VLESS | Пинг: 3634ms | Скорость: 4.23 Mbps ⚡⚡
2026-02-24 14:10:42 [INFO]    🏆 TR | VLESS | Пинг: 3015ms | Скорость: 3.65 Mbps ⚡⚡
2026-02-24 14:10:42 [INFO]    🏆 CA | VLESS | Пинг: 2286ms | Скорость: 0.79 Mbps 
2026-02-24 14:10:42 [INFO]    🏆 CA | VLESS | Пинг: 3185ms | Скорость: 0.68 Mbps 
2026-02-24 14:10:43 [INFO]    🏆 HU | VLESS | Пинг: 3529ms | Скорость: 2.44 Mbps ⚡
2026-02-24 14:10:43 [INFO]    🏆 TR | VLESS | Пинг: 3162ms | Скорость: 1.27 Mbps 
2026-02-24 14:10:43 [INFO]    🏆 PL | VLESS | Пинг: 3705ms | Скорость: 7.46 Mbps ⚡⚡
2026-02-24 14:10:43 [INFO]    🏆 PL | VLESS | Пинг: 3665ms | Скорость: 7.12 Mbps ⚡⚡
2026-02-24 14:10:43 [INFO]    🏆 HU | VLESS | Пинг: 3863ms | Скорость: 9.29 Mbps ⚡⚡
2026-02-24 14:10:43 [INFO]    🏆 IT | VLESS | Пинг: 3812ms | Скорость: 7.49 Mbps ⚡⚡
2026-02-24 14:10:44 [INFO]    🏆 EE | VLESS | Пинг: 3809ms | Скорость: 7.01 Mbps ⚡⚡
2026-02-24 14:10:45 [INFO]    🏆 PL | VLESS | Пинг: 4050ms | Скорость: 11.08 Mbps ⚡⚡
2026-02-24 14:10:45 [INFO]    🏆 EE | VLESS | Пинг: 4151ms | Скорость: 15.53 Mbps ⚡⚡
2026-02-24 14:10:45 [INFO]    🏆 ES | VLESS | Пинг: 4195ms | Скорость: 14.89 Mbps ⚡⚡
2026-02-24 14:10:46 [INFO]    🏆 HU | VLESS | Пинг: 4282ms | Скорость: 13.04 Mbps ⚡⚡
2026-02-24 14:10:46 [INFO]    🏆 ES | VLESS | Пинг: 3647ms | Скорость: 1.38 Mbps 
2026-02-24 14:10:46 [INFO]    🏆 ES | VLESS | Пинг: 3721ms | Скорость: 3.65 Mbps ⚡⚡
2026-02-24 14:10:46 [INFO]    🏆 CA | VLESS | Пинг: 3704ms | Скорость: 0.85 Mbps 
2026-02-24 14:10:47 [INFO]    🏆 LV | VLESS | Пинг: 4037ms | Скорость: 5.59 Mbps ⚡⚡
2026-02-24 14:10:47 [INFO]    🏆 DE | VLESS | Пинг: 4367ms | Скорость: 11.64 Mbps ⚡⚡
2026-02-24 14:10:48 [INFO]    🏆 FI | VLESS | Пинг: 4135ms | Скорость: 4.47 Mbps ⚡⚡
2026-02-24 14:10:48 [INFO]    🏆 IT | VLESS | Пинг: 3936ms | Скорость: 3.13 Mbps ⚡⚡
2026-02-24 14:10:48 [INFO]    🏆 DE | VLESS | Пинг: 4356ms | Скорость: 5.02 Mbps ⚡⚡
2026-02-24 14:10:50 [INFO]    🏆 CA | VLESS | Пинг: 4307ms | Скорость: 1.05 Mbps 
2026-02-24 14:10:52 [INFO]    🏆 CA | VLESS | Пинг: 4369ms | Скорость: 0.95 Mbps 
2026-02-24 14:10:53 [INFO]    🏆 CA | VLESS | Пинг: 4473ms | Скорость: 0.59 Mbps 
2026-02-24 14:10:53 [INFO] 📊 Итого в подписке сохранено иностранных серверов: 10
2026-02-24 14:10:53 [INFO] 💾 Файл успешно сохранен: FL1PVPN
