2026-02-17 09:00:06 [INFO] 🚀 START: Smart VLESS Selector (Target: 10, Strict Mode)
2026-02-17 09:00:06 [INFO] 🌐 Загрузка источников...
2026-02-17 09:00:08 [INFO] 🔍 Уникальных конфигов собрано: 605
2026-02-17 09:00:08 [INFO] ⚡ ЭТАП 1: Быстрый замер Пинга (Workers: 25)...
2026-02-17 09:00:10 [INFO]    [PING OK] US | 717ms
2026-02-17 09:00:11 [INFO]    [PING OK] DE | 1526ms
2026-02-17 09:00:12 [INFO]    [PING OK] NL | 164ms
2026-02-17 09:00:12 [INFO]    [PING OK] US | 932ms
2026-02-17 09:00:12 [INFO]    [PING OK] FR | 205ms
2026-02-17 09:00:13 [INFO]    [PING OK] US | 3842ms
2026-02-17 09:00:15 [INFO]    [PING OK] DE | 167ms
2026-02-17 09:00:15 [INFO]    [PING OK] NL | 186ms
2026-02-17 09:00:19 [INFO]    [PING OK] FR | 238ms
2026-02-17 09:00:20 [INFO]    [PING OK] DE | 779ms
2026-02-17 09:00:20 [INFO]    [PING OK] DE | 152ms
2026-02-17 09:00:22 [INFO]    [PING OK] DE | 200ms
2026-02-17 09:00:22 [INFO]    [PING OK] DE | 172ms
2026-02-17 09:00:23 [INFO]    [PING OK] NL | 421ms
2026-02-17 09:00:24 [INFO]    [PING OK] RU | 289ms
2026-02-17 09:00:24 [INFO]    [PING OK] RU | 308ms
2026-02-17 09:00:25 [INFO]    [PING OK] RU | 327ms
2026-02-17 09:00:25 [INFO]    [PING OK] RU | 150ms
2026-02-17 09:00:25 [INFO]    [PING OK] RU | 233ms
2026-02-17 09:00:25 [INFO]    [PING OK] RU | 460ms
2026-02-17 09:00:26 [INFO]    [PING OK] NL | 178ms
2026-02-17 09:00:26 [INFO]    [PING OK] RU | 1985ms
2026-02-17 09:00:26 [INFO]    [PING OK] RU | 368ms
2026-02-17 09:00:26 [INFO]    [PING OK] RU | 596ms
2026-02-17 09:00:27 [INFO]    [PING OK] US | 200ms
2026-02-17 09:00:27 [INFO]    [PING OK] RU | 1440ms
2026-02-17 09:00:27 [INFO]    [PING OK] RU | 2093ms
2026-02-17 09:00:27 [INFO]    [PING OK] RU | 224ms
2026-02-17 09:00:27 [INFO]    [PING OK] RU | 258ms
2026-02-17 09:00:27 [INFO]    [PING OK] RU | 330ms
2026-02-17 09:00:27 [INFO]    [PING OK] RU | 479ms
2026-02-17 09:00:27 [INFO]    [PING OK] RU | 318ms
2026-02-17 09:00:27 [INFO]    [PING OK] RU | 927ms
2026-02-17 09:00:28 [INFO]    [PING OK] RU | 288ms
2026-02-17 09:00:28 [INFO]    [PING OK] NL | 228ms
2026-02-17 09:00:28 [INFO]    [PING OK] RU | 308ms
2026-02-17 09:00:28 [INFO]    [PING OK] RU | 1159ms
2026-02-17 09:00:28 [INFO]    [PING OK] RU | 793ms
2026-02-17 09:00:28 [INFO]    [PING OK] RU | 204ms
2026-02-17 09:00:28 [INFO]    [PING OK] RU | 4432ms
2026-02-17 09:00:29 [INFO]    [PING OK] RU | 241ms
2026-02-17 09:00:29 [INFO]    [PING OK] RU | 303ms
2026-02-17 09:00:29 [INFO]    [PING OK] RU | 789ms
2026-02-17 09:00:29 [INFO]    [PING OK] RU | 478ms
2026-02-17 09:00:29 [INFO]    [PING OK] RU | 185ms
2026-02-17 09:00:29 [INFO]    [PING OK] RU | 287ms
2026-02-17 09:00:29 [INFO]    [PING OK] RU | 289ms
2026-02-17 09:00:29 [INFO]    [PING OK] RU | 243ms
2026-02-17 09:00:29 [INFO]    [PING OK] DE | 162ms
2026-02-17 09:00:30 [INFO]    [PING OK] RU | 675ms
2026-02-17 09:00:30 [INFO]    [PING OK] RU | 219ms
2026-02-17 09:00:30 [INFO]    [PING OK] RU | 341ms
2026-02-17 09:00:30 [INFO]    [PING OK] RU | 289ms
2026-02-17 09:00:30 [INFO]    [PING OK] RU | 228ms
2026-02-17 09:00:30 [INFO]    [PING OK] RU | 795ms
2026-02-17 09:00:30 [INFO]    [PING OK] RU | 270ms
2026-02-17 09:00:31 [INFO]    [PING OK] RU | 310ms
2026-02-17 09:00:31 [INFO]    [PING OK] RU | 211ms
2026-02-17 09:00:31 [INFO]    [PING OK] RU | 267ms
2026-02-17 09:00:31 [INFO]    [PING OK] RU | 2181ms
2026-02-17 09:00:31 [INFO]    [PING OK] RU | 2671ms
2026-02-17 09:00:31 [INFO]    [PING OK] RU | 3187ms
2026-02-17 09:00:31 [INFO]    [PING OK] RU | 583ms
2026-02-17 09:00:31 [INFO]    [PING OK] RU | 866ms
2026-02-17 09:00:31 [INFO]    [PING OK] RU | 103ms
2026-02-17 09:00:32 [INFO]    [PING OK] RU | 199ms
2026-02-17 09:00:32 [INFO]    [PING OK] RU | 228ms
2026-02-17 09:00:32 [INFO]    [PING OK] RU | 1956ms
2026-02-17 09:00:32 [INFO]    [PING OK] RU | 343ms
2026-02-17 09:00:32 [INFO]    [PING OK] RU | 637ms
2026-02-17 09:00:32 [INFO]    [PING OK] RU | 2401ms
2026-02-17 09:00:32 [INFO]    [PING OK] HU | 525ms
2026-02-17 09:00:32 [INFO]    [PING OK] RU | 281ms
2026-02-17 09:00:32 [INFO]    [PING OK] RU | 232ms
2026-02-17 09:00:32 [INFO]    [PING OK] DE | 302ms
2026-02-17 09:00:32 [INFO]    [PING OK] PL | 191ms
2026-02-17 09:00:33 [INFO]    [PING OK] PL | 170ms
2026-02-17 09:00:33 [INFO]    [PING OK] RU | 2135ms
2026-02-17 09:00:33 [INFO]    [PING OK] RU | 107ms
2026-02-17 09:00:33 [INFO]    [PING OK] RU | 310ms
2026-02-17 09:00:34 [INFO]    [PING OK] RU | 3130ms
2026-02-17 09:00:34 [INFO]    [PING OK] RU | 320ms
2026-02-17 09:00:34 [INFO]    [PING OK] PL | 500ms
2026-02-17 09:00:34 [INFO]    [PING OK] RU | 1251ms
2026-02-17 09:00:34 [INFO]    [PING OK] RU | 3998ms
2026-02-17 09:00:34 [INFO]    [PING OK] RU | 305ms
2026-02-17 09:00:34 [INFO]    [PING OK] RU | 271ms
2026-02-17 09:00:34 [INFO]    [PING OK] RU | 942ms
2026-02-17 09:00:35 [INFO]    [PING OK] PL | 96ms
2026-02-17 09:00:35 [INFO]    [PING OK] RU | 924ms
2026-02-17 09:00:35 [INFO]    [PING OK] RU | 332ms
2026-02-17 09:00:35 [INFO]    [PING OK] RU | 850ms
2026-02-17 09:00:36 [INFO]    [PING OK] RU | 1270ms
2026-02-17 09:00:36 [INFO]    [PING OK] RU | 2321ms
2026-02-17 09:00:36 [INFO]    [PING OK] RU | 4633ms
2026-02-17 09:00:36 [INFO]    [PING OK] US | 4991ms
2026-02-17 09:00:36 [INFO]    [PING OK] RU | 2912ms
2026-02-17 09:00:36 [INFO]    [PING OK] RU | 1679ms
2026-02-17 09:00:36 [INFO]    [PING OK] RU | 2653ms
2026-02-17 09:00:36 [INFO]    [PING OK] RU | 1751ms
2026-02-17 09:00:37 [INFO]    [PING OK] NL | 191ms
2026-02-17 09:00:38 [INFO]    [PING OK] NL | 374ms
2026-02-17 09:00:38 [INFO]    [PING OK] RU | 4006ms
2026-02-17 09:00:39 [INFO]    [PING OK] AT | 203ms
2026-02-17 09:00:40 [INFO]    [PING OK] US | 635ms
2026-02-17 09:00:41 [INFO]    [PING OK] TR | 257ms
2026-02-17 09:00:46 [INFO]    [PING OK] DE | 226ms
2026-02-17 09:00:51 [INFO]    [PING OK] FR | 352ms
2026-02-17 09:00:53 [INFO]    [PING OK] RU | 260ms
2026-02-17 09:00:54 [INFO]    [PING OK] RU | 143ms
2026-02-17 09:00:54 [INFO]    [PING OK] PL | 600ms
2026-02-17 09:01:01 [INFO]    [PING OK] PL | 1147ms
2026-02-17 09:01:03 [INFO]    [PING OK] DE | 246ms
2026-02-17 09:01:11 [INFO]    [PING OK] DE | 167ms
2026-02-17 09:01:14 [INFO]    [PING OK] GR | 1171ms
2026-02-17 09:01:14 [INFO]    [PING OK] NL | 898ms
2026-02-17 09:01:14 [INFO]    [PING OK] RU | 1611ms
2026-02-17 09:01:15 [INFO]    [PING OK] LT | 545ms
2026-02-17 09:01:19 [INFO]    [PING OK] RU | 174ms
2026-02-17 09:01:19 [INFO]    [PING OK] FI | 218ms
2026-02-17 09:01:22 [INFO]    [PING OK] RU | 134ms
2026-02-17 09:01:26 [INFO]    [PING OK] US | 1271ms
2026-02-17 09:01:26 [INFO]    [PING OK] NL | 662ms
2026-02-17 09:01:28 [INFO]    [PING OK] NL | 428ms
2026-02-17 09:01:30 [INFO]    [PING OK] FR | 544ms
2026-02-17 09:01:31 [INFO]    [PING OK] NL | 504ms
2026-02-17 09:01:32 [INFO]    [PING OK] CY | 183ms
2026-02-17 09:01:39 [INFO]    [PING OK] LT | 225ms
2026-02-17 09:01:40 [INFO]    [PING OK] DE | 158ms
2026-02-17 09:01:44 [INFO]    [PING OK] DE | 452ms
2026-02-17 09:01:45 [INFO]    [PING OK] EE | 246ms
2026-02-17 09:01:45 [INFO]    [PING OK] MD | 167ms
2026-02-17 09:01:46 [INFO]    [PING OK] US | 604ms
2026-02-17 09:01:46 [INFO]    [PING OK] LV | 319ms
2026-02-17 09:01:46 [INFO]    [PING OK] LV | 176ms
2026-02-17 09:01:52 [INFO] 🏎️ ЭТАП 2: Глубокий замер скорости для ТОП-10 серверов...
2026-02-17 09:01:55 [INFO]    🏆 PL | Пинг: 96ms | Скорость: 8.64 Mbps ⚡⚡
2026-02-17 09:01:55 [INFO]    🏆 DE | Пинг: 152ms | Скорость: 0.0 Mbps 
2026-02-17 09:01:55 [INFO]    🏆 DE | Пинг: 158ms | Скорость: 8.44 Mbps ⚡⚡
2026-02-17 09:01:55 [INFO]    🏆 DE | Пинг: 162ms | Скорость: 8.67 Mbps ⚡⚡
2026-02-17 09:01:55 [INFO]    🏆 NL | Пинг: 164ms | Скорость: 8.74 Mbps ⚡⚡
2026-02-17 09:01:55 [INFO]    🏆 DE | Пинг: 167ms | Скорость: 8.69 Mbps ⚡⚡
2026-02-17 09:01:55 [INFO]    🏆 DE | Пинг: 167ms | Скорость: 8.73 Mbps ⚡⚡
2026-02-17 09:01:55 [INFO]    🏆 MD | Пинг: 167ms | Скорость: 9.08 Mbps ⚡⚡
2026-02-17 09:01:55 [INFO]    🏆 PL | Пинг: 170ms | Скорость: 8.98 Mbps ⚡⚡
2026-02-17 09:01:55 [INFO]    🏆 RU | Пинг: 103ms | Скорость: 9.02 Mbps ⚡⚡
2026-02-17 09:01:55 [INFO] 🇷🇺 Добавлен RU сервер: 95.163.211.158
2026-02-17 09:01:55 [INFO] 📊 Итого в подписке сохранено: 10 серверов
2026-02-17 09:01:55 [INFO] 💾 Файл успешно сохранен: FL1PVPN
