2026-02-27 05:00:06 [INFO] 🚀 START: Smart Selector (Target: 10, ONLY FOREIGN)
2026-02-27 05:00:06 [INFO] 🌐 Загрузка источников (VLESS + VMess)...
2026-02-27 05:00:07 [INFO] 🔍 Уникальных конфигов собрано: 227
2026-02-27 05:00:07 [INFO] ⚡ ЭТАП 1: Замер Пинга и Геолокации. Workers: 40...
2026-02-27 05:00:13 [INFO]    [PING OK] DE | VLESS | 4475ms
2026-02-27 05:00:13 [INFO]    [PING OK] NL | VLESS | 4198ms
2026-02-27 05:00:13 [INFO]    [PING OK] DE | VLESS | 4550ms
2026-02-27 05:00:13 [INFO]    [PING OK] FI | VLESS | 4884ms
2026-02-27 05:00:13 [INFO]    [PING OK] ES | VLESS | 4352ms
2026-02-27 05:00:13 [INFO]    [PING OK] IT | VLESS | 4272ms
2026-02-27 05:00:13 [INFO]    [PING OK] LV | VLESS | 4717ms
2026-02-27 05:00:14 [INFO]    [PING OK] US | VLESS | 4042ms
2026-02-27 05:00:14 [INFO]    [PING OK] DE | VLESS | 4718ms
2026-02-27 05:00:14 [INFO]    [PING OK] DE | VLESS | 5013ms
2026-02-27 05:00:14 [INFO]    [PING OK] FR | VLESS | 4735ms
2026-02-27 05:00:14 [INFO]    [PING OK] FI | VLESS | 5315ms
2026-02-27 05:00:14 [INFO]    [PING OK] FI | VLESS | 4332ms
2026-02-27 05:00:14 [INFO]    [PING OK] US | VLESS | 4492ms
2026-02-27 05:00:14 [INFO]    [PING OK] NL | VLESS | 4993ms
2026-02-27 05:00:14 [INFO]    [PING OK] DE | VLESS | 3738ms
2026-02-27 05:00:14 [INFO]    [PING OK] FI | VLESS | 6080ms
2026-02-27 05:00:14 [INFO]    [PING OK] LT | VLESS | 5815ms
2026-02-27 05:00:14 [INFO]    [PING OK] DE | VLESS | 4781ms
2026-02-27 05:00:15 [INFO]    [PING OK] FI | VLESS | 6164ms
2026-02-27 05:00:15 [INFO]    [PING OK] CH | VLESS | 3982ms
2026-02-27 05:00:15 [INFO]    [PING OK] DE | VLESS | 4067ms
2026-02-27 05:00:15 [INFO]    [PING OK] TR | VLESS | 3858ms
2026-02-27 05:00:17 [INFO]    [PING OK] FI | VLESS | 4172ms
2026-02-27 05:00:18 [INFO]    [PING OK] IT | VLESS | 4316ms
2026-02-27 05:00:18 [INFO]    [PING OK] DE | VLESS | 4243ms
2026-02-27 05:00:18 [INFO]    [PING OK] FI | VLESS | 4206ms
2026-02-27 05:00:18 [INFO]    [PING OK] TR | VLESS | 4322ms
2026-02-27 05:00:18 [INFO]    [PING OK] FI | VLESS | 3903ms
2026-02-27 05:00:18 [INFO]    [PING OK] HK | VLESS | 4114ms
2026-02-27 05:00:18 [INFO]    [PING OK] DE | VLESS | 3769ms
2026-02-27 05:00:19 [INFO]    [PING OK] CA | VLESS | 4395ms
2026-02-27 05:00:19 [INFO]    [PING OK] LV | VLESS | 3917ms
2026-02-27 05:00:19 [INFO]    [PING OK] CA | VLESS | 4169ms
2026-02-27 05:00:19 [INFO]    [PING OK] FI | VLESS | 3805ms
2026-02-27 05:00:19 [INFO]    [PING OK] ES | VLESS | 3920ms
2026-02-27 05:00:19 [INFO]    [PING OK] FR | VLESS | 3393ms
2026-02-27 05:00:19 [INFO]    [PING OK] DE | VLESS | 5202ms
2026-02-27 05:00:19 [INFO]    [PING OK] DE | VLESS | 3030ms
2026-02-27 05:00:20 [INFO]    [PING OK] IT | VLESS | 3245ms
2026-02-27 05:00:20 [INFO]    [PING OK] PL | VLESS | 3390ms
2026-02-27 05:00:20 [INFO]    [PING OK] NL | VLESS | 5223ms
2026-02-27 05:00:20 [INFO]    [PING OK] DE | VLESS | 4687ms
2026-02-27 05:00:21 [INFO]    [PING OK] PL | VLESS | 3209ms
2026-02-27 05:00:21 [INFO]    [PING OK] PL | VLESS | 3246ms
2026-02-27 05:00:22 [INFO]    [PING OK] CA | VLESS | 3539ms
2026-02-27 05:00:22 [INFO]    [PING OK] SE | VLESS | 3579ms
2026-02-27 05:00:22 [INFO]    [PING OK] LT | VLESS | 6622ms
2026-02-27 05:00:23 [INFO]    [PING OK] FI | VLESS | 7276ms
2026-02-27 05:00:23 [INFO]    [PING OK] HK | VLESS | 3831ms
2026-02-27 05:00:23 [INFO]    [PING OK] ES | VLESS | 3894ms
2026-02-27 05:00:23 [INFO]    [PING OK] TR | VLESS | 3574ms
2026-02-27 05:00:23 [INFO]    [PING OK] DE | VLESS | 3521ms
2026-02-27 05:00:23 [INFO]    [PING OK] PL | VLESS | 3653ms
2026-02-27 05:00:23 [INFO]    [PING OK] ES | VLESS | 3645ms
2026-02-27 05:00:24 [INFO]    [PING OK] NL | VLESS | 3228ms
2026-02-27 05:00:24 [INFO]    [PING OK] TR | VLESS | 4073ms
2026-02-27 05:00:24 [INFO]    [PING OK] NL | VLESS | 3827ms
2026-02-27 05:00:24 [INFO]    [PING OK] DE | VLESS | 3643ms
2026-02-27 05:00:24 [INFO]    [PING OK] PL | VLESS | 3886ms
2026-02-27 05:00:24 [INFO]    [PING OK] DE | VLESS | 8154ms
2026-02-27 05:00:24 [INFO]    [PING OK] PL | VLESS | 3682ms
2026-02-27 05:00:24 [INFO]    [PING OK] DE | VLESS | 6009ms
2026-02-27 05:00:25 [INFO]    [PING OK] NL | VLESS | 4211ms
2026-02-27 05:00:25 [INFO]    [PING OK] HU | VLESS | 4254ms
2026-02-27 05:00:25 [INFO]    [PING OK] DE | VLESS | 4406ms
2026-02-27 05:00:25 [INFO]    [PING OK] CA | VLESS | 4369ms
2026-02-27 05:00:26 [INFO]    [PING OK] DE | VLESS | 4222ms
2026-02-27 05:00:26 [INFO]    [PING OK] PL | VLESS | 4348ms
2026-02-27 05:00:27 [INFO]    [PING OK] FR | VLESS | 7410ms
2026-02-27 05:00:28 [INFO]    [PING OK] DE | VLESS | 4770ms
2026-02-27 05:00:28 [INFO]    [PING OK] PL | VLESS | 4621ms
2026-02-27 05:00:28 [INFO]    [PING OK] ES | VLESS | 4826ms
2026-02-27 05:00:28 [INFO]    [PING OK] DE | VLESS | 4429ms
2026-02-27 05:00:28 [INFO]    [PING OK] PL | VLESS | 4403ms
2026-02-27 05:00:28 [INFO]    [PING OK] FI | VLESS | 4521ms
2026-02-27 05:00:28 [INFO]    [PING OK] PL | VLESS | 4681ms
2026-02-27 05:00:29 [INFO]    [PING OK] DE | VLESS | 4765ms
2026-02-27 05:00:29 [INFO]    [PING OK] NL | VLESS | 9878ms
2026-02-27 05:00:29 [INFO]    [PING OK] PL | VLESS | 4347ms
2026-02-27 05:00:29 [INFO]    [PING OK] ES | VLESS | 4138ms
2026-02-27 05:00:29 [INFO]    [PING OK] FI | VLESS | 3703ms
2026-02-27 05:00:29 [INFO]    [PING OK] PL | VLESS | 4668ms
2026-02-27 05:00:29 [INFO]    [PING OK] NL | VLESS | 3745ms
2026-02-27 05:00:29 [INFO]    [PING OK] DE | VLESS | 4246ms
2026-02-27 05:00:29 [INFO]    [PING OK] DE | VLESS | 4077ms
2026-02-27 05:00:29 [INFO]    [PING OK] NL | VLESS | 4561ms
2026-02-27 05:00:29 [INFO]    [PING OK] PL | VLESS | 3901ms
2026-02-27 05:00:29 [INFO]    [PING OK] NL | VLESS | 3736ms
2026-02-27 05:00:29 [INFO]    [PING OK] PL | VLESS | 3974ms
2026-02-27 05:00:30 [INFO]    [PING OK] DE | VLESS | 3867ms
2026-02-27 05:00:30 [INFO]    [PING OK] NL | VLESS | 3497ms
2026-02-27 05:00:30 [INFO]    [PING OK] PL | VLESS | 3596ms
2026-02-27 05:00:30 [INFO]    [PING OK] NL | VLESS | 3707ms
2026-02-27 05:00:30 [INFO]    [PING OK] DE | VLESS | 3839ms
2026-02-27 05:00:30 [INFO]    [PING OK] PL | VLESS | 3690ms
2026-02-27 05:00:30 [INFO]    [PING OK] DE | VLESS | 3502ms
2026-02-27 05:00:31 [INFO]    [PING OK] DE | VLESS | 3633ms
2026-02-27 05:00:31 [INFO]    [PING OK] DE | VLESS | 3382ms
2026-02-27 05:00:31 [INFO]    [PING OK] LV | VLESS | 3209ms
2026-02-27 05:00:31 [INFO]    [PING OK] NL | VLESS | 2969ms
2026-02-27 05:00:31 [INFO]    [PING OK] HU | VLESS | 2722ms
2026-02-27 05:00:32 [INFO]    [PING OK] NL | VLESS | 1935ms
2026-02-27 05:00:32 [INFO]    [PING OK] DE | VLESS | 2150ms
2026-02-27 05:00:32 [INFO]    [PING OK] US | VLESS | 2410ms
2026-02-27 05:00:32 [INFO]    [PING OK] DE | VLESS | 2689ms
2026-02-27 05:00:32 [INFO]    [PING OK] DE | VLESS | 1356ms
2026-02-27 05:00:32 [INFO]    [PING OK] SG | VLESS | 2226ms
2026-02-27 05:00:32 [INFO]    [PING OK] SG | VLESS | 1825ms
2026-02-27 05:00:33 [INFO]    [PING OK] NL | VLESS | 2520ms
2026-02-27 05:00:35 [INFO]    [PING OK] DE | VLESS | 3364ms
2026-02-27 05:00:37 [INFO]    [PING OK] TW | VLESS | 6637ms
2026-02-27 05:00:37 [INFO] 🏎️ ЭТАП 2: Глубокий замер скорости для 40 иностранных кандидатов...
2026-02-27 05:00:41 [INFO]    🏆 DE | VLESS | Пинг: 2150ms | Скорость: 6.0 Mbps ⚡⚡
2026-02-27 05:00:41 [INFO]    🏆 PL | VLESS | Пинг: 3209ms | Скорость: 6.33 Mbps ⚡⚡
2026-02-27 05:00:41 [INFO]    🏆 HU | VLESS | Пинг: 2722ms | Скорость: 6.12 Mbps ⚡⚡
2026-02-27 05:00:41 [INFO]    🏆 NL | VLESS | Пинг: 2969ms | Скорость: 6.12 Mbps ⚡⚡
2026-02-27 05:00:41 [INFO]    🏆 IT | VLESS | Пинг: 3245ms | Скорость: 6.3 Mbps ⚡⚡
2026-02-27 05:00:41 [INFO]    🏆 DE | VLESS | Пинг: 3030ms | Скорость: 6.1 Mbps ⚡⚡
2026-02-27 05:00:41 [INFO]    🏆 NL | VLESS | Пинг: 3228ms | Скорость: 6.19 Mbps ⚡⚡
2026-02-27 05:00:41 [INFO]    🏆 LV | VLESS | Пинг: 3209ms | Скорость: 6.19 Mbps ⚡⚡
2026-02-27 05:00:41 [INFO]    🏆 US | VLESS | Пинг: 2410ms | Скорость: 5.81 Mbps ⚡⚡
2026-02-27 05:00:41 [INFO]    🏆 SG | VLESS | Пинг: 1825ms | Скорость: 5.75 Mbps ⚡⚡
2026-02-27 05:00:41 [INFO]    🏆 NL | VLESS | Пинг: 1935ms | Скорость: 5.64 Mbps ⚡⚡
2026-02-27 05:00:43 [INFO]    🏆 DE | VLESS | Пинг: 2689ms | Скорость: 3.84 Mbps ⚡⚡
2026-02-27 05:00:43 [INFO]    🏆 DE | VLESS | Пинг: 1356ms | Скорость: 3.73 Mbps ⚡⚡
2026-02-27 05:00:45 [INFO]    🏆 PL | VLESS | Пинг: 3596ms | Скорость: 6.98 Mbps ⚡⚡
2026-02-27 05:00:45 [INFO]    🏆 DE | VLESS | Пинг: 3502ms | Скорость: 6.53 Mbps ⚡⚡
2026-02-27 05:00:45 [INFO]    🏆 PL | VLESS | Пинг: 3246ms | Скорость: 6.34 Mbps ⚡⚡
2026-02-27 05:00:45 [INFO]    🏆 DE | VLESS | Пинг: 3382ms | Скорость: 6.45 Mbps ⚡⚡
2026-02-27 05:00:45 [INFO]    🏆 PL | VLESS | Пинг: 3390ms | Скорость: 6.45 Mbps ⚡⚡
2026-02-27 05:00:45 [INFO]    🏆 DE | VLESS | Пинг: 3521ms | Скорость: 6.47 Mbps ⚡⚡
2026-02-27 05:00:45 [INFO]    🏆 SE | VLESS | Пинг: 3579ms | Скорость: 6.62 Mbps ⚡⚡
2026-02-27 05:00:45 [INFO]    🏆 TR | VLESS | Пинг: 3574ms | Скорость: 6.59 Mbps ⚡⚡
2026-02-27 05:00:45 [INFO]    🏆 NL | VLESS | Пинг: 3497ms | Скорость: 6.34 Mbps ⚡⚡
2026-02-27 05:00:45 [INFO]    🏆 CA | VLESS | Пинг: 3539ms | Скорость: 6.31 Mbps ⚡⚡
2026-02-27 05:00:47 [INFO]    🏆 DE | VLESS | Пинг: 3643ms | Скорость: 6.74 Mbps ⚡⚡
2026-02-27 05:00:47 [INFO]    🏆 DE | VLESS | Пинг: 3633ms | Скорость: 6.38 Mbps ⚡⚡
2026-02-27 05:00:48 [INFO]    🏆 ES | VLESS | Пинг: 3645ms | Скорость: 6.2 Mbps ⚡⚡
2026-02-27 05:00:48 [INFO]    🏆 PL | VLESS | Пинг: 3653ms | Скорость: 7.31 Mbps ⚡⚡
2026-02-27 05:00:48 [INFO]    🏆 DE | VLESS | Пинг: 3769ms | Скорость: 7.6 Mbps ⚡⚡
2026-02-27 05:00:48 [INFO]    🏆 NL | VLESS | Пинг: 3736ms | Скорость: 7.68 Mbps ⚡⚡
2026-02-27 05:00:48 [INFO]    🏆 PL | VLESS | Пинг: 3682ms | Скорость: 7.4 Mbps ⚡⚡
2026-02-27 05:00:48 [INFO]    🏆 PL | VLESS | Пинг: 3690ms | Скорость: 7.43 Mbps ⚡⚡
2026-02-27 05:00:48 [INFO]    🏆 NL | VLESS | Пинг: 3707ms | Скорость: 7.3 Mbps ⚡⚡
2026-02-27 05:00:48 [INFO]    🏆 NL | VLESS | Пинг: 3745ms | Скорость: 7.41 Mbps ⚡⚡
2026-02-27 05:00:48 [INFO]    🏆 FI | VLESS | Пинг: 3805ms | Скорость: 7.4 Mbps ⚡⚡
2026-02-27 05:00:49 [INFO]    🏆 FI | VLESS | Пинг: 3703ms | Скорость: 5.59 Mbps ⚡⚡
2026-02-27 05:00:49 [INFO] 📊 Итого в подписке сохранено иностранных серверов: 10
2026-02-27 05:00:49 [INFO] 💾 Файл успешно сохранен: FL1PVPN
