2026-02-15 20:58:53 [INFO] 🚀 START: Smart VLESS Selector (Target: 10, Strict Mode)
2026-02-15 20:58:53 [INFO] 🌐 Загрузка источников...
2026-02-15 20:58:56 [INFO] 🔍 Уникальных конфигов собрано: 320
2026-02-15 20:58:56 [INFO] ⚡ ЭТАП 1: Быстрый замер Пинга (Workers: 25)...
2026-02-15 20:58:57 [INFO]    [PING OK] RU | 208ms
2026-02-15 20:58:58 [INFO]    [PING OK] DE | 226ms
2026-02-15 20:58:59 [INFO]    [PING OK] US | 731ms
2026-02-15 20:58:59 [INFO]    [PING OK] FI | 134ms
2026-02-15 20:59:00 [INFO]    [PING OK] RU | 417ms
2026-02-15 20:59:01 [INFO]    [PING OK] DE | 169ms
2026-02-15 20:59:07 [INFO]    [PING OK] NL | 181ms
2026-02-15 20:59:07 [INFO]    [PING OK] DE | 187ms
2026-02-15 20:59:07 [INFO]    [PING OK] FR | 207ms
2026-02-15 20:59:08 [INFO]    [PING OK] RU | 201ms
2026-02-15 20:59:08 [INFO]    [PING OK] RU | 377ms
2026-02-15 20:59:08 [INFO]    [PING OK] RU | 130ms
2026-02-15 20:59:08 [INFO]    [PING OK] RU | 297ms
2026-02-15 20:59:08 [INFO]    [PING OK] RU | 128ms
2026-02-15 20:59:08 [INFO]    [PING OK] RU | 111ms
2026-02-15 20:59:08 [INFO]    [PING OK] PL | 166ms
2026-02-15 20:59:09 [INFO]    [PING OK] RU | 282ms
2026-02-15 20:59:09 [INFO]    [PING OK] RU | 116ms
2026-02-15 20:59:09 [INFO]    [PING OK] PL | 174ms
2026-02-15 20:59:09 [INFO]    [PING OK] RU | 320ms
2026-02-15 20:59:10 [INFO]    [PING OK] RU | 320ms
2026-02-15 20:59:10 [INFO]    [PING OK] RU | 203ms
2026-02-15 20:59:10 [INFO]    [PING OK] RU | 223ms
2026-02-15 20:59:11 [INFO]    [PING OK] RU | 232ms
2026-02-15 20:59:11 [INFO]    [PING OK] RU | 113ms
2026-02-15 20:59:11 [INFO]    [PING OK] RU | 295ms
2026-02-15 20:59:11 [INFO]    [PING OK] RU | 206ms
2026-02-15 20:59:11 [INFO]    [PING OK] RU | 132ms
2026-02-15 20:59:11 [INFO]    [PING OK] RU | 3605ms
2026-02-15 20:59:11 [INFO]    [PING OK] RU | 333ms
2026-02-15 20:59:12 [INFO]    [PING OK] RU | 78ms
2026-02-15 20:59:12 [INFO]    [PING OK] RU | 175ms
2026-02-15 20:59:12 [INFO]    [PING OK] PL | 443ms
2026-02-15 20:59:12 [INFO]    [PING OK] RU | 305ms
2026-02-15 20:59:12 [INFO]    [PING OK] RU | 102ms
2026-02-15 20:59:12 [INFO]    [PING OK] RU | 1669ms
2026-02-15 20:59:13 [INFO]    [PING OK] RU | 294ms
2026-02-15 20:59:13 [INFO]    [PING OK] RU | 70ms
2026-02-15 20:59:13 [INFO]    [PING OK] RU | 116ms
2026-02-15 20:59:13 [INFO]    [PING OK] RU | 248ms
2026-02-15 20:59:13 [INFO]    [PING OK] RU | 489ms
2026-02-15 20:59:13 [INFO]    [PING OK] RU | 289ms
2026-02-15 20:59:14 [INFO]    [PING OK] RU | 339ms
2026-02-15 20:59:14 [INFO]    [PING OK] RU | 623ms
2026-02-15 20:59:14 [INFO]    [PING OK] RU | 2029ms
2026-02-15 20:59:14 [INFO]    [PING OK] RU | 62ms
2026-02-15 20:59:14 [INFO]    [PING OK] RU | 301ms
2026-02-15 20:59:14 [INFO]    [PING OK] RU | 150ms
2026-02-15 20:59:14 [INFO]    [PING OK] RU | 341ms
2026-02-15 20:59:14 [INFO]    [PING OK] RU | 4298ms
2026-02-15 20:59:14 [INFO]    [PING OK] RU | 92ms
2026-02-15 20:59:14 [INFO]    [PING OK] RU | 222ms
2026-02-15 20:59:14 [INFO]    [PING OK] RU | 615ms
2026-02-15 20:59:15 [INFO]    [PING OK] RU | 123ms
2026-02-15 20:59:15 [INFO]    [PING OK] RU | 878ms
2026-02-15 20:59:15 [INFO]    [PING OK] RU | 197ms
2026-02-15 20:59:15 [INFO]    [PING OK] RU | 428ms
2026-02-15 20:59:15 [INFO]    [PING OK] RU | 181ms
2026-02-15 20:59:15 [INFO]    [PING OK] RU | 4665ms
2026-02-15 20:59:15 [INFO]    [PING OK] RU | 658ms
2026-02-15 20:59:15 [INFO]    [PING OK] RU | 1999ms
2026-02-15 20:59:15 [INFO]    [PING OK] RU | 295ms
2026-02-15 20:59:15 [INFO]    [PING OK] RU | 4797ms
2026-02-15 20:59:15 [INFO]    [PING OK] RU | 218ms
2026-02-15 20:59:16 [INFO]    [PING OK] RU | 415ms
2026-02-15 20:59:16 [INFO]    [PING OK] RU | 360ms
2026-02-15 20:59:16 [INFO]    [PING OK] NL | 198ms
2026-02-15 20:59:16 [INFO]    [PING OK] RU | 274ms
2026-02-15 20:59:16 [INFO]    [PING OK] RU | 667ms
2026-02-15 20:59:16 [INFO]    [PING OK] RU | 655ms
2026-02-15 20:59:16 [INFO]    [PING OK] NL | 1381ms
2026-02-15 20:59:16 [INFO]    [PING OK] RU | 283ms
2026-02-15 20:59:16 [INFO]    [PING OK] RU | 289ms
2026-02-15 20:59:16 [INFO]    [PING OK] RU | 358ms
2026-02-15 20:59:16 [INFO]    [PING OK] RU | 279ms
2026-02-15 20:59:16 [INFO]    [PING OK] RU | 360ms
2026-02-15 20:59:17 [INFO]    [PING OK] RU | 237ms
2026-02-15 20:59:17 [INFO]    [PING OK] RU | 62ms
2026-02-15 20:59:17 [INFO]    [PING OK] RU | 490ms
2026-02-15 20:59:18 [INFO]    [PING OK] SG | 269ms
2026-02-15 20:59:18 [INFO]    [PING OK] RU | 517ms
2026-02-15 20:59:18 [INFO]    [PING OK] RU | 816ms
2026-02-15 20:59:18 [INFO]    [PING OK] RU | 2106ms
2026-02-15 20:59:18 [INFO]    [PING OK] RU | 523ms
2026-02-15 20:59:18 [INFO]    [PING OK] RU | 1553ms
2026-02-15 20:59:18 [INFO]    [PING OK] RU | 1567ms
2026-02-15 20:59:18 [INFO]    [PING OK] DE | 516ms
2026-02-15 20:59:18 [INFO]    [PING OK] GB | 1486ms
2026-02-15 20:59:18 [INFO]    [PING OK] JP | 838ms
2026-02-15 20:59:18 [INFO]    [PING OK] KZ | 214ms
2026-02-15 20:59:19 [INFO]    [PING OK] RU | 371ms
2026-02-15 20:59:19 [INFO]    [PING OK] RU | 3396ms
2026-02-15 20:59:19 [INFO]    [PING OK] NL | 176ms
2026-02-15 20:59:20 [INFO]    [PING OK] GB | 1427ms
2026-02-15 20:59:20 [INFO]    [PING OK] RU | 3841ms
2026-02-15 20:59:20 [INFO]    [PING OK] RU | 2235ms
2026-02-15 20:59:20 [INFO]    [PING OK] CY | 788ms
2026-02-15 20:59:20 [INFO]    [PING OK] RU | 3871ms
2026-02-15 20:59:20 [INFO]    [PING OK] CY | 788ms
2026-02-15 20:59:21 [INFO]    [PING OK] DE | 635ms
2026-02-15 20:59:21 [INFO]    [PING OK] NL | 230ms
2026-02-15 20:59:22 [INFO]    [PING OK] LV | 404ms
2026-02-15 20:59:22 [INFO]    [PING OK] DE | 174ms
2026-02-15 20:59:22 [INFO]    [PING OK] NL | 2006ms
2026-02-15 20:59:23 [INFO]    [PING OK] PL | 153ms
2026-02-15 20:59:23 [INFO]    [PING OK] CY | 1491ms
2026-02-15 20:59:23 [INFO]    [PING OK] TR | 530ms
2026-02-15 20:59:23 [INFO]    [PING OK] NL | 144ms
2026-02-15 20:59:23 [INFO]    [PING OK] FR | 365ms
2026-02-15 20:59:23 [INFO]    [PING OK] CY | 409ms
2026-02-15 20:59:23 [INFO]    [PING OK] DE | 343ms
2026-02-15 20:59:24 [INFO]    [PING OK] NL | 208ms
2026-02-15 20:59:24 [INFO]    [PING OK] ES | 483ms
2026-02-15 20:59:24 [INFO]    [PING OK] DE | 229ms
2026-02-15 20:59:24 [INFO]    [PING OK] MY | 3287ms
2026-02-15 20:59:24 [INFO]    [PING OK] IQ | 202ms
2026-02-15 20:59:24 [INFO]    [PING OK] DE | 156ms
2026-02-15 20:59:24 [INFO]    [PING OK] RU | 281ms
2026-02-15 20:59:24 [INFO]    [PING OK] FI | 4009ms
2026-02-15 20:59:25 [INFO]    [PING OK] GB | 552ms
2026-02-15 20:59:27 [INFO]    [PING OK] LV | 2343ms
2026-02-15 20:59:28 [INFO]    [PING OK] GB | 3550ms
2026-02-15 20:59:29 [INFO] 🏎️ ЭТАП 2: Глубокий замер скорости для ТОП-10 серверов...
2026-02-15 20:59:36 [INFO]    🏆 FI | Пинг: 134ms | Скорость: 0.0 Mbps 
2026-02-15 20:59:36 [INFO]    🏆 NL | Пинг: 144ms | Скорость: 8.49 Mbps ⚡⚡
2026-02-15 20:59:36 [INFO]    🏆 PL | Пинг: 153ms | Скорость: 8.41 Mbps ⚡⚡
2026-02-15 20:59:36 [INFO]    🏆 DE | Пинг: 156ms | Скорость: 0.0 Mbps 
2026-02-15 20:59:36 [INFO]    🏆 PL | Пинг: 166ms | Скорость: 8.76 Mbps ⚡⚡
2026-02-15 20:59:36 [INFO]    🏆 DE | Пинг: 169ms | Скорость: 8.66 Mbps ⚡⚡
2026-02-15 20:59:36 [INFO]    🏆 PL | Пинг: 174ms | Скорость: 8.81 Mbps ⚡⚡
2026-02-15 20:59:36 [INFO]    🏆 DE | Пинг: 174ms | Скорость: 9.1 Mbps ⚡⚡
2026-02-15 20:59:36 [INFO]    🏆 NL | Пинг: 176ms | Скорость: 8.99 Mbps ⚡⚡
2026-02-15 20:59:36 [INFO]    🏆 RU | Пинг: 62ms | Скорость: 9.03 Mbps ⚡⚡
2026-02-15 20:59:36 [INFO] 🇷🇺 Добавлен RU сервер: 51.250.12.100
2026-02-15 20:59:36 [INFO] 📊 Итого в подписке сохранено: 10 серверов
2026-02-15 20:59:36 [INFO] 💾 Файл успешно сохранен: FL1PVPN
