2026-02-24 17:30:05 [INFO] 🚀 START: Smart Selector (Target: 10, ONLY FOREIGN)
2026-02-24 17:30:05 [INFO] 🌐 Загрузка источников (VLESS + VMess)...
2026-02-24 17:30:06 [INFO] 🔍 Уникальных конфигов собрано: 220
2026-02-24 17:30:06 [INFO] ⚡ ЭТАП 1: Замер Пинга и Геолокации. Workers: 40...
2026-02-24 17:30:11 [INFO]    [PING OK] PL | VLESS | 3798ms
2026-02-24 17:30:11 [INFO]    [PING OK] IT | VLESS | 3581ms
2026-02-24 17:30:11 [INFO]    [PING OK] HU | VLESS | 3703ms
2026-02-24 17:30:11 [INFO]    [PING OK] HU | VLESS | 3910ms
2026-02-24 17:30:11 [INFO]    [PING OK] ES | VLESS | 4040ms
2026-02-24 17:30:11 [INFO]    [PING OK] FI | VLESS | 3838ms
2026-02-24 17:30:11 [INFO]    [PING OK] IT | VLESS | 3330ms
2026-02-24 17:30:11 [INFO]    [PING OK] ES | VLESS | 3720ms
2026-02-24 17:30:11 [INFO]    [PING OK] TR | VLESS | 3260ms
2026-02-24 17:30:11 [INFO]    [PING OK] US | VLESS | 4631ms
2026-02-24 17:30:12 [INFO]    [PING OK] FI | VLESS | 3336ms
2026-02-24 17:30:12 [INFO]    [PING OK] DE | VLESS | 4843ms
2026-02-24 17:30:12 [INFO]    [PING OK] PL | VLESS | 3317ms
2026-02-24 17:30:12 [INFO]    [PING OK] HU | VLESS | 3113ms
2026-02-24 17:30:12 [INFO]    [PING OK] DE | VLESS | 2797ms
2026-02-24 17:30:12 [INFO]    [PING OK] ES | VLESS | 5407ms
2026-02-24 17:30:14 [INFO]    [PING OK] LV | VLESS | 6597ms
2026-02-24 17:30:14 [INFO]    [PING OK] EE | VLESS | 2942ms
2026-02-24 17:30:14 [INFO]    [PING OK] PL | VLESS | 2871ms
2026-02-24 17:30:14 [INFO]    [PING OK] LV | VLESS | 7191ms
2026-02-24 17:30:15 [INFO]    [PING OK] HU | VLESS | 3016ms
2026-02-24 17:30:15 [INFO]    [PING OK] DE | VLESS | 2899ms
2026-02-24 17:30:15 [INFO]    [PING OK] IT | VLESS | 3084ms
2026-02-24 17:30:15 [INFO]    [PING OK] ES | VLESS | 2805ms
2026-02-24 17:30:15 [INFO]    [PING OK] PL | VLESS | 2794ms
2026-02-24 17:30:16 [INFO]    [PING OK] PL | VLESS | 3773ms
2026-02-24 17:30:16 [INFO]    [PING OK] ES | VLESS | 3368ms
2026-02-24 17:30:17 [INFO]    [PING OK] PL | VLESS | 3566ms
2026-02-24 17:30:17 [INFO]    [PING OK] HU | VLESS | 3490ms
2026-02-24 17:30:17 [INFO]    [PING OK] ES | VLESS | 4134ms
2026-02-24 17:30:17 [INFO]    [PING OK] TR | VLESS | 3801ms
2026-02-24 17:30:17 [INFO]    [PING OK] PL | VLESS | 3741ms
2026-02-24 17:30:17 [INFO]    [PING OK] DE | VLESS | 5101ms
2026-02-24 17:30:18 [INFO]    [PING OK] EE | VLESS | 6056ms
2026-02-24 17:30:19 [INFO]    [PING OK] ES | VLESS | 4025ms
2026-02-24 17:30:19 [INFO]    [PING OK] ES | VLESS | 4362ms
2026-02-24 17:30:20 [INFO]    [PING OK] HU | VLESS | 4768ms
2026-02-24 17:30:21 [INFO]    [PING OK] DE | VLESS | 4811ms
2026-02-24 17:30:21 [INFO]    [PING OK] DE | VLESS | 4607ms
2026-02-24 17:30:21 [INFO]    [PING OK] DE | VLESS | 4439ms
2026-02-24 17:30:21 [INFO]    [PING OK] CA | VLESS | 4964ms
2026-02-24 17:30:21 [INFO]    [PING OK] CA | VLESS | 4736ms
2026-02-24 17:30:22 [INFO]    [PING OK] NL | VLESS | 5128ms
2026-02-24 17:30:22 [INFO]    [PING OK] NL | VLESS | 5070ms
2026-02-24 17:30:22 [INFO]    [PING OK] CA | VLESS | 5290ms
2026-02-24 17:30:23 [INFO]    [PING OK] CA | VLESS | 5081ms
2026-02-24 17:30:23 [INFO]    [PING OK] EE | VLESS | 5263ms
2026-02-24 17:30:23 [INFO]    [PING OK] CA | VLESS | 6653ms
2026-02-24 17:30:23 [INFO]    [PING OK] LT | VLESS | 5322ms
2026-02-24 17:30:23 [INFO]    [PING OK] DE | VLESS | 5567ms
2026-02-24 17:30:23 [INFO]    [PING OK] GB | VLESS | 8058ms
2026-02-24 17:30:24 [INFO]    [PING OK] CA | VLESS | 5592ms
2026-02-24 17:30:24 [INFO]    [PING OK] CA | VLESS | 6314ms
2026-02-24 17:30:24 [INFO]    [PING OK] CA | VLESS | 7467ms
2026-02-24 17:30:24 [INFO]    [PING OK] US | VLESS | 5430ms
2026-02-24 17:30:25 [INFO]    [PING OK] CA | VLESS | 8381ms
2026-02-24 17:30:26 [INFO]    [PING OK] US | VLESS | 5539ms
2026-02-24 17:30:26 [INFO]    [PING OK] CA | VLESS | 5594ms
2026-02-24 17:30:26 [INFO]    [PING OK] DE | VLESS | 5132ms
2026-02-24 17:30:26 [INFO]    [PING OK] CA | VLESS | 5404ms
2026-02-24 17:30:27 [INFO]    [PING OK] US | VLESS | 5182ms
2026-02-24 17:30:27 [INFO]    [PING OK] CA | VLESS | 5655ms
2026-02-24 17:30:27 [INFO]    [PING OK] KZ | VLESS | 5309ms
2026-02-24 17:30:28 [INFO]    [PING OK] JP | VLESS | 5259ms
2026-02-24 17:30:28 [INFO]    [PING OK] CA | VLESS | 4859ms
2026-02-24 17:30:28 [INFO]    [PING OK] CA | VLESS | 5816ms
2026-02-24 17:30:28 [INFO]    [PING OK] FI | VLESS | 3899ms
2026-02-24 17:30:28 [INFO]    [PING OK] SG | VLESS | 4383ms
2026-02-24 17:30:29 [INFO]    [PING OK] CA | VLESS | 4456ms
2026-02-24 17:30:29 [INFO]    [PING OK] CA | VLESS | 4451ms
2026-02-24 17:30:29 [INFO]    [PING OK] DE | VLESS | 1768ms
2026-02-24 17:30:29 [INFO]    [PING OK] TR | VLESS | 1701ms
2026-02-24 17:30:29 [INFO]    [PING OK] LT | VLESS | 3257ms
2026-02-24 17:30:29 [INFO]    [PING OK] CA | VLESS | 3742ms
2026-02-24 17:30:29 [INFO]    [PING OK] CA | VLESS | 2795ms
2026-02-24 17:30:30 [INFO]    [PING OK] CA | VLESS | 3797ms
2026-02-24 17:30:30 [INFO]    [PING OK] CA | VLESS | 8485ms
2026-02-24 17:30:31 [INFO]    [PING OK] CA | VLESS | 6598ms
2026-02-24 17:30:32 [INFO]    [PING OK] GB | VLESS | 6242ms
2026-02-24 17:30:33 [INFO]    [PING OK] CA | VLESS | 7827ms
2026-02-24 17:30:34 [INFO] 🏎️ ЭТАП 2: Глубокий замер скорости для 40 иностранных кандидатов...
2026-02-24 17:30:38 [INFO]    🏆 DE | VLESS | Пинг: 1768ms | Скорость: 6.49 Mbps ⚡⚡
2026-02-24 17:30:38 [INFO]    🏆 ES | VLESS | Пинг: 2805ms | Скорость: 6.48 Mbps ⚡⚡
2026-02-24 17:30:38 [INFO]    🏆 PL | VLESS | Пинг: 2871ms | Скорость: 6.45 Mbps ⚡⚡
2026-02-24 17:30:38 [INFO]    🏆 DE | VLESS | Пинг: 2797ms | Скорость: 6.33 Mbps ⚡⚡
2026-02-24 17:30:38 [INFO]    🏆 HU | VLESS | Пинг: 3113ms | Скорость: 6.59 Mbps ⚡⚡
2026-02-24 17:30:38 [INFO]    🏆 LT | VLESS | Пинг: 3257ms | Скорость: 6.49 Mbps ⚡⚡
2026-02-24 17:30:38 [INFO]    🏆 HU | VLESS | Пинг: 3016ms | Скорость: 5.69 Mbps ⚡⚡
2026-02-24 17:30:38 [INFO]    🏆 TR | VLESS | Пинг: 3260ms | Скорость: 5.59 Mbps ⚡⚡
2026-02-24 17:30:39 [INFO]    🏆 PL | VLESS | Пинг: 2794ms | Скорость: 4.71 Mbps ⚡⚡
2026-02-24 17:30:39 [INFO]    🏆 PL | VLESS | Пинг: 3317ms | Скорость: 4.57 Mbps ⚡⚡
2026-02-24 17:30:39 [INFO]    🏆 TR | VLESS | Пинг: 1701ms | Скорость: 4.1 Mbps ⚡⚡
2026-02-24 17:30:41 [INFO]    🏆 DE | VLESS | Пинг: 2899ms | Скорость: 2.29 Mbps ⚡
2026-02-24 17:30:41 [INFO]    🏆 FI | VLESS | Пинг: 3336ms | Скорость: 9.25 Mbps ⚡⚡
2026-02-24 17:30:41 [INFO]    🏆 IT | VLESS | Пинг: 3330ms | Скорость: 9.09 Mbps ⚡⚡
2026-02-24 17:30:41 [INFO]    🏆 HU | VLESS | Пинг: 3490ms | Скорость: 8.87 Mbps ⚡⚡
2026-02-24 17:30:41 [INFO]    🏆 IT | VLESS | Пинг: 3084ms | Скорость: 0.65 Mbps 
2026-02-24 17:30:41 [INFO]    🏆 IT | VLESS | Пинг: 3581ms | Скорость: 7.78 Mbps ⚡⚡
2026-02-24 17:30:41 [INFO]    🏆 ES | VLESS | Пинг: 3368ms | Скорость: 7.33 Mbps ⚡⚡
2026-02-24 17:30:41 [INFO]    🏆 HU | VLESS | Пинг: 3703ms | Скорость: 7.91 Mbps ⚡⚡
2026-02-24 17:30:42 [INFO]    🏆 PL | VLESS | Пинг: 3566ms | Скорость: 5.15 Mbps ⚡⚡
2026-02-24 17:30:44 [INFO]    🏆 FI | VLESS | Пинг: 3899ms | Скорость: 8.25 Mbps ⚡⚡
2026-02-24 17:30:44 [INFO]    🏆 PL | VLESS | Пинг: 3773ms | Скорость: 4.56 Mbps ⚡⚡
2026-02-24 17:30:44 [INFO]    🏆 HU | VLESS | Пинг: 3910ms | Скорость: 7.49 Mbps ⚡⚡
2026-02-24 17:30:44 [INFO]    🏆 PL | VLESS | Пинг: 3798ms | Скорость: 4.78 Mbps ⚡⚡
2026-02-24 17:30:44 [INFO]    🏆 ES | VLESS | Пинг: 4040ms | Скорость: 7.84 Mbps ⚡⚡
2026-02-24 17:30:44 [INFO]    🏆 ES | VLESS | Пинг: 4025ms | Скорость: 7.37 Mbps ⚡⚡
2026-02-24 17:30:45 [INFO]    🏆 SG | VLESS | Пинг: 4383ms | Скорость: 9.94 Mbps ⚡⚡
2026-02-24 17:30:45 [INFO]    🏆 TR | VLESS | Пинг: 3801ms | Скорость: 6.07 Mbps ⚡⚡
2026-02-24 17:30:45 [INFO]    🏆 ES | VLESS | Пинг: 3720ms | Скорость: 0.95 Mbps 
2026-02-24 17:30:45 [INFO]    🏆 DE | VLESS | Пинг: 4439ms | Скорость: 9.6 Mbps ⚡⚡
2026-02-24 17:30:46 [INFO]    🏆 ES | VLESS | Пинг: 4134ms | Скорость: 4.51 Mbps ⚡⚡
2026-02-24 17:30:47 [INFO]    🏆 FI | VLESS | Пинг: 3838ms | Скорость: 1.16 Mbps 
2026-02-24 17:30:48 [INFO]    🏆 ES | VLESS | Пинг: 4362ms | Скорость: 2.23 Mbps ⚡
2026-02-24 17:30:48 [INFO] 📊 Итого в подписке сохранено иностранных серверов: 10
2026-02-24 17:30:48 [INFO] 💾 Файл успешно сохранен: FL1PVPN
