2026-02-17 19:20:05 [INFO] 🚀 START: Smart VLESS Selector (Target: 10, Strict Mode)
2026-02-17 19:20:05 [INFO] 🌐 Загрузка источников...
2026-02-17 19:20:08 [INFO] 🔍 Уникальных конфигов собрано: 253
2026-02-17 19:20:08 [INFO] ⚡ ЭТАП 1: Быстрый замер Пинга (Workers: 25)...
2026-02-17 19:20:09 [INFO]    [PING OK] DE | 562ms
2026-02-17 19:20:10 [INFO]    [PING OK] JP | 937ms
2026-02-17 19:20:12 [INFO]    [PING OK] CH | 3575ms
2026-02-17 19:20:13 [INFO]    [PING OK] AU | 135ms
2026-02-17 19:20:14 [INFO]    [PING OK] RU | 427ms
2026-02-17 19:20:16 [INFO]    [PING OK] DE | 1666ms
2026-02-17 19:20:16 [INFO]    [PING OK] RU | 194ms
2026-02-17 19:20:17 [INFO]    [PING OK] RU | 732ms
2026-02-17 19:20:17 [INFO]    [PING OK] RU | 315ms
2026-02-17 19:20:17 [INFO]    [PING OK] RU | 303ms
2026-02-17 19:20:17 [INFO]    [PING OK] RU | 250ms
2026-02-17 19:20:17 [INFO]    [PING OK] RU | 244ms
2026-02-17 19:20:18 [INFO]    [PING OK] RU | 484ms
2026-02-17 19:20:18 [INFO]    [PING OK] RU | 1469ms
2026-02-17 19:20:18 [INFO]    [PING OK] RU | 248ms
2026-02-17 19:20:18 [INFO]    [PING OK] RU | 1208ms
2026-02-17 19:20:18 [INFO]    [PING OK] RU | 352ms
2026-02-17 19:20:18 [INFO]    [PING OK] RU | 302ms
2026-02-17 19:20:18 [INFO]    [PING OK] RU | 246ms
2026-02-17 19:20:19 [INFO]    [PING OK] RU | 278ms
2026-02-17 19:20:19 [INFO]    [PING OK] RU | 768ms
2026-02-17 19:20:19 [INFO]    [PING OK] RU | 909ms
2026-02-17 19:20:19 [INFO]    [PING OK] RU | 881ms
2026-02-17 19:20:19 [INFO]    [PING OK] RU | 465ms
2026-02-17 19:20:19 [INFO]    [PING OK] RU | 492ms
2026-02-17 19:20:19 [INFO]    [PING OK] RU | 367ms
2026-02-17 19:20:19 [INFO]    [PING OK] RU | 129ms
2026-02-17 19:20:19 [INFO]    [PING OK] RU | 294ms
2026-02-17 19:20:19 [INFO]    [PING OK] RU | 544ms
2026-02-17 19:20:19 [INFO]    [PING OK] RU | 2476ms
2026-02-17 19:20:19 [INFO]    [PING OK] RU | 217ms
2026-02-17 19:20:19 [INFO]    [PING OK] RU | 376ms
2026-02-17 19:20:19 [INFO]    [PING OK] RU | 345ms
2026-02-17 19:20:20 [INFO]    [PING OK] RU | 214ms
2026-02-17 19:20:20 [INFO]    [PING OK] RU | 381ms
2026-02-17 19:20:20 [INFO]    [PING OK] RU | 324ms
2026-02-17 19:20:20 [INFO]    [PING OK] RU | 342ms
2026-02-17 19:20:20 [INFO]    [PING OK] RU | 611ms
2026-02-17 19:20:20 [INFO]    [PING OK] RU | 345ms
2026-02-17 19:20:20 [INFO]    [PING OK] RU | 324ms
2026-02-17 19:20:20 [INFO]    [PING OK] RU | 649ms
2026-02-17 19:20:20 [INFO]    [PING OK] RU | 921ms
2026-02-17 19:20:21 [INFO]    [PING OK] RU | 258ms
2026-02-17 19:20:21 [INFO]    [PING OK] RU | 399ms
2026-02-17 19:20:21 [INFO]    [PING OK] RU | 667ms
2026-02-17 19:20:21 [INFO]    [PING OK] RU | 320ms
2026-02-17 19:20:21 [INFO]    [PING OK] RU | 733ms
2026-02-17 19:20:21 [INFO]    [PING OK] RU | 505ms
2026-02-17 19:20:21 [INFO]    [PING OK] RU | 438ms
2026-02-17 19:20:21 [INFO]    [PING OK] RU | 1339ms
2026-02-17 19:20:21 [INFO]    [PING OK] RU | 807ms
2026-02-17 19:20:21 [INFO]    [PING OK] RU | 803ms
2026-02-17 19:20:22 [INFO]    [PING OK] RU | 787ms
2026-02-17 19:20:22 [INFO]    [PING OK] RU | 1278ms
2026-02-17 19:20:22 [INFO]    [PING OK] RU | 677ms
2026-02-17 19:20:22 [INFO]    [PING OK] RU | 946ms
2026-02-17 19:20:23 [INFO]    [PING OK] RU | 2668ms
2026-02-17 19:20:23 [INFO]    [PING OK] RU | 2620ms
2026-02-17 19:20:24 [INFO]    [PING OK] RU | 2674ms
2026-02-17 19:20:25 [INFO]    [PING OK] PL | 124ms
2026-02-17 19:20:26 [INFO]    [PING OK] RU | 5028ms
2026-02-17 19:20:32 [INFO]    [PING OK] PL | 460ms
2026-02-17 19:20:34 [INFO]    [PING OK] FI | 279ms
2026-02-17 19:20:36 [INFO]    [PING OK] US | 464ms
2026-02-17 19:20:36 [INFO]    [PING OK] PL | 289ms
2026-02-17 19:20:37 [INFO]    [PING OK] MD | 203ms
2026-02-17 19:20:37 [INFO]    [PING OK] LV | 365ms
2026-02-17 19:20:42 [INFO] 🏎️ ЭТАП 2: Глубокий замер скорости для ТОП-10 серверов...
2026-02-17 19:20:48 [INFO]    🏆 PL | Пинг: 124ms | Скорость: 0.0 Mbps 
2026-02-17 19:20:48 [INFO]    🏆 AU | Пинг: 135ms | Скорость: 7.34 Mbps ⚡⚡
2026-02-17 19:20:48 [INFO]    🏆 MD | Пинг: 203ms | Скорость: 5.44 Mbps ⚡⚡
2026-02-17 19:20:48 [INFO]    🏆 FI | Пинг: 279ms | Скорость: 3.47 Mbps ⚡⚡
2026-02-17 19:20:48 [INFO]    🏆 PL | Пинг: 289ms | Скорость: 0.0 Mbps 
2026-02-17 19:20:48 [INFO]    🏆 LV | Пинг: 365ms | Скорость: 9.19 Mbps ⚡⚡
2026-02-17 19:20:48 [INFO]    🏆 PL | Пинг: 460ms | Скорость: 0.0 Mbps 
2026-02-17 19:20:48 [INFO]    🏆 US | Пинг: 464ms | Скорость: 7.5 Mbps ⚡⚡
2026-02-17 19:20:48 [INFO]    🏆 DE | Пинг: 562ms | Скорость: 6.77 Mbps ⚡⚡
2026-02-17 19:20:48 [INFO]    🏆 RU | Пинг: 129ms | Скорость: 4.54 Mbps ⚡⚡
2026-02-17 19:20:48 [INFO] 🇷🇺 Добавлен RU сервер: 84.252.130.60
2026-02-17 19:20:48 [INFO] 📊 Итого в подписке сохранено: 10 серверов
2026-02-17 19:20:48 [INFO] 💾 Файл успешно сохранен: FL1PVPN
