2026-02-24 03:00:06 [INFO] 🚀 START: Smart Selector (Target: 10, ONLY FOREIGN)
2026-02-24 03:00:06 [INFO] 🌐 Загрузка источников (VLESS + VMess)...
2026-02-24 03:00:07 [INFO] 🔍 Уникальных конфигов собрано: 257
2026-02-24 03:00:07 [INFO] ⚡ ЭТАП 1: Замер Пинга и Геолокации. Workers: 40...
2026-02-24 03:00:13 [INFO]    [PING OK] DE | VLESS | 5119ms
2026-02-24 03:00:13 [INFO]    [PING OK] ES | VLESS | 5156ms
2026-02-24 03:00:14 [INFO]    [PING OK] TR | VLESS | 4916ms
2026-02-24 03:00:14 [INFO]    [PING OK] DE | VLESS | 4707ms
2026-02-24 03:00:14 [INFO]    [PING OK] PL | VLESS | 4815ms
2026-02-24 03:00:14 [INFO]    [PING OK] IT | VLESS | 4622ms
2026-02-24 03:00:14 [INFO]    [PING OK] HU | VLESS | 4360ms
2026-02-24 03:00:14 [INFO]    [PING OK] IT | VLESS | 4585ms
2026-02-24 03:00:15 [INFO]    [PING OK] PL | VLESS | 4580ms
2026-02-24 03:00:16 [INFO]    [PING OK] FI | VLESS | 4187ms
2026-02-24 03:00:16 [INFO]    [PING OK] IT | VLESS | 3986ms
2026-02-24 03:00:17 [INFO]    [PING OK] NL | VLESS | 5523ms
2026-02-24 03:00:19 [INFO]    [PING OK] FI | VLESS | 4866ms
2026-02-24 03:00:19 [INFO]    [PING OK] ES | VLESS | 4665ms
2026-02-24 03:00:19 [INFO]    [PING OK] TR | VLESS | 5562ms
2026-02-24 03:00:19 [INFO]    [PING OK] CA | VLESS | 4551ms
2026-02-24 03:00:19 [INFO]    [PING OK] HU | VLESS | 4478ms
2026-02-24 03:00:19 [INFO]    [PING OK] LV | VLESS | 4515ms
2026-02-24 03:00:19 [INFO]    [PING OK] DE | VLESS | 6060ms
2026-02-24 03:00:20 [INFO]    [PING OK] HU | VLESS | 4493ms
2026-02-24 03:00:20 [INFO]    [PING OK] DE | VLESS | 4453ms
2026-02-24 03:00:22 [INFO]    [PING OK] DE | VLESS | 4428ms
2026-02-24 03:00:22 [INFO]    [PING OK] DE | VLESS | 4207ms
2026-02-24 03:00:22 [INFO]    [PING OK] PL | VLESS | 4851ms
2026-02-24 03:00:22 [INFO]    [PING OK] HU | VLESS | 4377ms
2026-02-24 03:00:23 [INFO]    [PING OK] IN | VLESS | 4807ms
2026-02-24 03:00:24 [INFO]    [PING OK] ES | VLESS | 4697ms
2026-02-24 03:00:25 [INFO]    [PING OK] ES | VLESS | 5041ms
2026-02-24 03:00:25 [INFO]    [PING OK] HU | VLESS | 4975ms
2026-02-24 03:00:25 [INFO]    [PING OK] PL | VLESS | 5227ms
2026-02-24 03:00:25 [INFO]    [PING OK] DE | VLESS | 5282ms
2026-02-24 03:00:26 [INFO]    [PING OK] LV | VLESS | 5008ms
2026-02-24 03:00:27 [INFO]    [PING OK] EE | VLESS | 5251ms
2026-02-24 03:00:27 [INFO]    [PING OK] HU | VLESS | 5551ms
2026-02-24 03:00:28 [INFO]    [PING OK] SE | VLESS | 5441ms
2026-02-24 03:00:28 [INFO]    [PING OK] DE | VLESS | 5752ms
2026-02-24 03:00:28 [INFO]    [PING OK] DE | VLESS | 5505ms
2026-02-24 03:00:28 [INFO]    [PING OK] CA | VLESS | 5879ms
2026-02-24 03:00:28 [INFO]    [PING OK] SE | VLESS | 5610ms
2026-02-24 03:00:30 [INFO]    [PING OK] CA | VLESS | 5974ms
2026-02-24 03:00:30 [INFO]    [PING OK] DE | VLESS | 5864ms
2026-02-24 03:00:30 [INFO]    [PING OK] DE | VLESS | 5767ms
2026-02-24 03:00:31 [INFO]    [PING OK] DE | VLESS | 5539ms
2026-02-24 03:00:32 [INFO]    [PING OK] SE | VLESS | 5334ms
2026-02-24 03:00:32 [INFO]    [PING OK] DE | VLESS | 5378ms
2026-02-24 03:00:32 [INFO]    [PING OK] GB | VLESS | 5624ms
2026-02-24 03:00:32 [INFO]    [PING OK] SE | VLESS | 5644ms
2026-02-24 03:00:32 [INFO]    [PING OK] CA | VLESS | 5193ms
2026-02-24 03:00:32 [INFO]    [PING OK] CA | VLESS | 5214ms
2026-02-24 03:00:33 [INFO]    [PING OK] DE | VLESS | 3955ms
2026-02-24 03:00:33 [INFO]    [PING OK] SE | VLESS | 4117ms
2026-02-24 03:00:33 [INFO]    [PING OK] DE | VLESS | 3854ms
2026-02-24 03:00:33 [INFO]    [PING OK] DE | VLESS | 2415ms
2026-02-24 03:00:33 [INFO]    [PING OK] SE | VLESS | 3664ms
2026-02-24 03:00:33 [INFO]    [PING OK] DE | VLESS | 2974ms
2026-02-24 03:00:33 [INFO]    [PING OK] CA | VLESS | 5612ms
2026-02-24 03:00:33 [INFO]    [PING OK] CA | VLESS | 4369ms
2026-02-24 03:00:33 [INFO]    [PING OK] CA | VLESS | 4656ms
2026-02-24 03:00:33 [INFO]    [PING OK] SG | VLESS | 2745ms
2026-02-24 03:00:34 [INFO]    [PING OK] CA | VLESS | 5433ms
2026-02-24 03:00:34 [INFO]    [PING OK] CA | VLESS | 5718ms
2026-02-24 03:00:34 [INFO]    [PING OK] CA | VLESS | 2961ms
2026-02-24 03:00:34 [INFO]    [PING OK] CA | VLESS | 3329ms
2026-02-24 03:00:34 [INFO]    [PING OK] CA | VLESS | 2782ms
2026-02-24 03:00:35 [INFO]    [PING OK] CA | VLESS | 6663ms
2026-02-24 03:00:38 [INFO] 🏎️ ЭТАП 2: Глубокий замер скорости для 40 иностранных кандидатов...
2026-02-24 03:00:42 [INFO]    🏆 DE | VLESS | Пинг: 3854ms | Скорость: 5.24 Mbps ⚡⚡
2026-02-24 03:00:43 [INFO]    🏆 HU | VLESS | Пинг: 4360ms | Скорость: 5.41 Mbps ⚡⚡
2026-02-24 03:00:43 [INFO]    🏆 FI | VLESS | Пинг: 4187ms | Скорость: 5.28 Mbps ⚡⚡
2026-02-24 03:00:43 [INFO]    🏆 DE | VLESS | Пинг: 3955ms | Скорость: 5.19 Mbps ⚡⚡
2026-02-24 03:00:43 [INFO]    🏆 DE | VLESS | Пинг: 4207ms | Скорость: 5.17 Mbps ⚡⚡
2026-02-24 03:00:43 [INFO]    🏆 IT | VLESS | Пинг: 3986ms | Скорость: 5.04 Mbps ⚡⚡
2026-02-24 03:00:43 [INFO]    🏆 DE | VLESS | Пинг: 2415ms | Скорость: 4.37 Mbps ⚡⚡
2026-02-24 03:00:43 [INFO]    🏆 DE | VLESS | Пинг: 2974ms | Скорость: 4.35 Mbps ⚡⚡
2026-02-24 03:00:43 [INFO]    🏆 CA | VLESS | Пинг: 2782ms | Скорость: 4.32 Mbps ⚡⚡
2026-02-24 03:00:43 [INFO]    🏆 SG | VLESS | Пинг: 2745ms | Скорость: 4.27 Mbps ⚡⚡
2026-02-24 03:00:43 [INFO]    🏆 SE | VLESS | Пинг: 4117ms | Скорость: 4.4 Mbps ⚡⚡
2026-02-24 03:00:43 [INFO]    🏆 CA | VLESS | Пинг: 4369ms | Скорость: 4.46 Mbps ⚡⚡
2026-02-24 03:00:45 [INFO]    🏆 SE | VLESS | Пинг: 3664ms | Скорость: 1.33 Mbps 
2026-02-24 03:00:46 [INFO]    🏆 LV | VLESS | Пинг: 4515ms | Скорость: 8.23 Mbps ⚡⚡
2026-02-24 03:00:46 [INFO]    🏆 DE | VLESS | Пинг: 4428ms | Скорость: 7.78 Mbps ⚡⚡
2026-02-24 03:00:46 [INFO]    🏆 HU | VLESS | Пинг: 4478ms | Скорость: 7.86 Mbps ⚡⚡
2026-02-24 03:00:46 [INFO]    🏆 HU | VLESS | Пинг: 4377ms | Скорость: 7.46 Mbps ⚡⚡
2026-02-24 03:00:46 [INFO]    🏆 PL | VLESS | Пинг: 4580ms | Скорость: 7.76 Mbps ⚡⚡
2026-02-24 03:00:46 [INFO]    🏆 CA | VLESS | Пинг: 4551ms | Скорость: 7.09 Mbps ⚡⚡
2026-02-24 03:00:46 [INFO]    🏆 DE | VLESS | Пинг: 4707ms | Скорость: 7.87 Mbps ⚡⚡
2026-02-24 03:00:46 [INFO]    🏆 IT | VLESS | Пинг: 4585ms | Скорость: 7.39 Mbps ⚡⚡
2026-02-24 03:00:47 [INFO]    🏆 IT | VLESS | Пинг: 4622ms | Скорость: 7.49 Mbps ⚡⚡
2026-02-24 03:00:47 [INFO]    🏆 ES | VLESS | Пинг: 4697ms | Скорость: 7.66 Mbps ⚡⚡
2026-02-24 03:00:48 [INFO]    🏆 PL | VLESS | Пинг: 4851ms | Скорость: 11.14 Mbps ⚡⚡
2026-02-24 03:00:48 [INFO]    🏆 PL | VLESS | Пинг: 4815ms | Скорость: 10.52 Mbps ⚡⚡
2026-02-24 03:00:48 [INFO]    🏆 ES | VLESS | Пинг: 4665ms | Скорость: 4.36 Mbps ⚡⚡
2026-02-24 03:00:49 [INFO]    🏆 FI | VLESS | Пинг: 4866ms | Скорость: 10.59 Mbps ⚡⚡
2026-02-24 03:00:49 [INFO]    🏆 HU | VLESS | Пинг: 4975ms | Скорость: 10.93 Mbps ⚡⚡
2026-02-24 03:00:49 [INFO]    🏆 LV | VLESS | Пинг: 5008ms | Скорость: 11.79 Mbps ⚡⚡
2026-02-24 03:00:49 [INFO]    🏆 TR | VLESS | Пинг: 4916ms | Скорость: 10.22 Mbps ⚡⚡
2026-02-24 03:00:49 [INFO]    🏆 IN | VLESS | Пинг: 4807ms | Скорость: 6.16 Mbps ⚡⚡
2026-02-24 03:00:49 [INFO]    🏆 ES | VLESS | Пинг: 5156ms | Скорость: 10.02 Mbps ⚡⚡
2026-02-24 03:00:49 [INFO]    🏆 ES | VLESS | Пинг: 5041ms | Скорость: 9.59 Mbps ⚡⚡
2026-02-24 03:00:49 [INFO]    🏆 HU | VLESS | Пинг: 4493ms | Скорость: 3.29 Mbps ⚡⚡
2026-02-24 03:00:51 [INFO] 📊 Итого в подписке сохранено иностранных серверов: 10
2026-02-24 03:00:51 [INFO] 💾 Файл успешно сохранен: FL1PVPN
