2026-02-25 11:20:06 [INFO] 🚀 START: Smart Selector (Target: 10, ONLY FOREIGN)
2026-02-25 11:20:06 [INFO] 🌐 Загрузка источников (VLESS + VMess)...
2026-02-25 11:20:07 [INFO] 🔍 Уникальных конфигов собрано: 199
2026-02-25 11:20:07 [INFO] ⚡ ЭТАП 1: Замер Пинга и Геолокации. Workers: 40...
2026-02-25 11:20:13 [INFO]    [PING OK] DE | VLESS | 4647ms
2026-02-25 11:20:13 [INFO]    [PING OK] NL | VLESS | 4777ms
2026-02-25 11:20:13 [INFO]    [PING OK] FI | VLESS | 4781ms
2026-02-25 11:20:13 [INFO]    [PING OK] DE | VLESS | 4405ms
2026-02-25 11:20:13 [INFO]    [PING OK] DE | VLESS | 4596ms
2026-02-25 11:20:13 [INFO]    [PING OK] US | VLESS | 4690ms
2026-02-25 11:20:13 [INFO]    [PING OK] NL | VLESS | 4450ms
2026-02-25 11:20:13 [INFO]    [PING OK] FI | VLESS | 4674ms
2026-02-25 11:20:13 [INFO]    [PING OK] NL | VLESS | 4470ms
2026-02-25 11:20:13 [INFO]    [PING OK] FI | VLESS | 4694ms
2026-02-25 11:20:14 [INFO]    [PING OK] NL | VLESS | 4462ms
2026-02-25 11:20:14 [INFO]    [PING OK] NL | VLESS | 4013ms
2026-02-25 11:20:14 [INFO]    [PING OK] FI | VLESS | 6235ms
2026-02-25 11:20:15 [INFO]    [PING OK] DE | VLESS | 4009ms
2026-02-25 11:20:15 [INFO]    [PING OK] FI | VLESS | 5766ms
2026-02-25 11:20:16 [INFO]    [PING OK] DE | VLESS | 5781ms
2026-02-25 11:20:16 [INFO]    [PING OK] US | VLESS | 6223ms
2026-02-25 11:20:16 [INFO]    [PING OK] DE | VLESS | 8177ms
2026-02-25 11:20:18 [INFO]    [PING OK] FI | VLESS | 9592ms
2026-02-25 11:20:18 [INFO]    [PING OK] NL | VLESS | 4290ms
2026-02-25 11:20:18 [INFO]    [PING OK] CA | VLESS | 8494ms
2026-02-25 11:20:18 [INFO]    [PING OK] FI | VLESS | 4381ms
2026-02-25 11:20:18 [INFO]    [PING OK] DE | VLESS | 4593ms
2026-02-25 11:20:19 [INFO]    [PING OK] US | VLESS | 4650ms
2026-02-25 11:20:19 [INFO]    [PING OK] DE | VLESS | 4722ms
2026-02-25 11:20:19 [INFO]    [PING OK] US | VLESS | 4774ms
2026-02-25 11:20:19 [INFO]    [PING OK] DE | VLESS | 4682ms
2026-02-25 11:20:20 [INFO]    [PING OK] NL | VLESS | 5363ms
2026-02-25 11:20:20 [INFO]    [PING OK] DE | VLESS | 4734ms
2026-02-25 11:20:21 [INFO]    [PING OK] US | VLESS | 5001ms
2026-02-25 11:20:22 [INFO]    [PING OK] US | VLESS | 7635ms
2026-02-25 11:20:22 [INFO]    [PING OK] US | VLESS | 5662ms
2026-02-25 11:20:22 [INFO]    [PING OK] US | VLESS | 5301ms
2026-02-25 11:20:23 [INFO]    [PING OK] GB | VLESS | 4713ms
2026-02-25 11:20:23 [INFO]    [PING OK] TR | VLESS | 4757ms
2026-02-25 11:20:24 [INFO]    [PING OK] NL | VLESS | 5491ms
2026-02-25 11:20:25 [INFO]    [PING OK] US | VLESS | 5148ms
2026-02-25 11:20:25 [INFO]    [PING OK] GB | VLESS | 5218ms
2026-02-25 11:20:25 [INFO]    [PING OK] DE | VLESS | 5230ms
2026-02-25 11:20:25 [INFO]    [PING OK] CA | VLESS | 6150ms
2026-02-25 11:20:25 [INFO]    [PING OK] DE | VLESS | 4983ms
2026-02-25 11:20:25 [INFO]    [PING OK] US | VLESS | 5367ms
2026-02-25 11:20:25 [INFO]    [PING OK] US | VLESS | 5647ms
2026-02-25 11:20:26 [INFO]    [PING OK] LV | VLESS | 5135ms
2026-02-25 11:20:26 [INFO]    [PING OK] US | VLESS | 4884ms
2026-02-25 11:20:27 [INFO]    [PING OK] DE | VLESS | 5186ms
2026-02-25 11:20:27 [INFO]    [PING OK] US | VLESS | 4384ms
2026-02-25 11:20:28 [INFO]    [PING OK] US | VLESS | 8517ms
2026-02-25 11:20:28 [INFO]    [PING OK] US | VLESS | 4601ms
2026-02-25 11:20:28 [INFO]    [PING OK] TW | VLESS | 4768ms
2026-02-25 11:20:28 [INFO]    [PING OK] DE | VLESS | 3545ms
2026-02-25 11:20:28 [INFO]    [PING OK] US | VLESS | 4120ms
2026-02-25 11:20:28 [INFO]    [PING OK] DE | VLESS | 1774ms
2026-02-25 11:20:28 [INFO]    [PING OK] NL | VLESS | 1488ms
2026-02-25 11:20:28 [INFO]    [PING OK] DE | VLESS | 1610ms
2026-02-25 11:20:28 [INFO]    [PING OK] US | VLESS | 3275ms
2026-02-25 11:20:28 [INFO]    [PING OK] US | VLESS | 1948ms
2026-02-25 11:20:28 [INFO]    [PING OK] KZ | VLESS | 2135ms
2026-02-25 11:20:29 [INFO]    [PING OK] US | VLESS | 2105ms
2026-02-25 11:20:29 [INFO]    [PING OK] GB | VLESS | 2200ms
2026-02-25 11:20:29 [INFO]    [PING OK] US | VLESS | 2281ms
2026-02-25 11:20:30 [INFO]    [PING OK] US | VLESS | 4454ms
2026-02-25 11:20:30 [INFO]    [PING OK] CA | VLESS | 3540ms
2026-02-25 11:20:30 [INFO]    [PING OK] US | VLESS | 5892ms
2026-02-25 11:20:33 [INFO] 🏎️ ЭТАП 2: Глубокий замер скорости для 40 иностранных кандидатов...
2026-02-25 11:20:38 [INFO]    🏆 NL | VLESS | Пинг: 1488ms | Скорость: 5.24 Mbps ⚡⚡
2026-02-25 11:20:38 [INFO]    🏆 DE | VLESS | Пинг: 3545ms | Скорость: 5.18 Mbps ⚡⚡
2026-02-25 11:20:38 [INFO]    🏆 DE | VLESS | Пинг: 1610ms | Скорость: 5.0 Mbps ⚡⚡
2026-02-25 11:20:38 [INFO]    🏆 GB | VLESS | Пинг: 2200ms | Скорость: 5.11 Mbps ⚡⚡
2026-02-25 11:20:38 [INFO]    🏆 DE | VLESS | Пинг: 4009ms | Скорость: 5.07 Mbps ⚡⚡
2026-02-25 11:20:38 [INFO]    🏆 DE | VLESS | Пинг: 1774ms | Скорость: 4.82 Mbps ⚡⚡
2026-02-25 11:20:38 [INFO]    🏆 US | VLESS | Пинг: 1948ms | Скорость: 4.78 Mbps ⚡⚡
2026-02-25 11:20:38 [INFO]    🏆 KZ | VLESS | Пинг: 2135ms | Скорость: 4.54 Mbps ⚡⚡
2026-02-25 11:20:40 [INFO]    🏆 US | VLESS | Пинг: 2105ms | Скорость: 2.52 Mbps ⚡
2026-02-25 11:20:40 [INFO]    🏆 US | VLESS | Пинг: 3275ms | Скорость: 2.24 Mbps ⚡
2026-02-25 11:20:40 [INFO]    🏆 NL | VLESS | Пинг: 4013ms | Скорость: 1.85 Mbps ⚡
2026-02-25 11:20:40 [INFO]    🏆 US | VLESS | Пинг: 4120ms | Скорость: 2.45 Mbps ⚡
2026-02-25 11:20:40 [INFO]    🏆 US | VLESS | Пинг: 2281ms | Скорость: 2.04 Mbps ⚡
2026-02-25 11:20:42 [INFO]    🏆 US | VLESS | Пинг: 4384ms | Скорость: 6.25 Mbps ⚡⚡
2026-02-25 11:20:42 [INFO]    🏆 NL | VLESS | Пинг: 4450ms | Скорость: 5.91 Mbps ⚡⚡
2026-02-25 11:20:42 [INFO]    🏆 NL | VLESS | Пинг: 4470ms | Скорость: 5.87 Mbps ⚡⚡
2026-02-25 11:20:42 [INFO]    🏆 DE | VLESS | Пинг: 4593ms | Скорость: 5.73 Mbps ⚡⚡
2026-02-25 11:20:42 [INFO]    🏆 DE | VLESS | Пинг: 4596ms | Скорость: 5.6 Mbps ⚡⚡
2026-02-25 11:20:43 [INFO]    🏆 US | VLESS | Пинг: 4454ms | Скорость: 5.12 Mbps ⚡⚡
2026-02-25 11:20:43 [INFO]    🏆 DE | VLESS | Пинг: 4405ms | Скорость: 4.78 Mbps ⚡⚡
2026-02-25 11:20:43 [INFO]    🏆 US | VLESS | Пинг: 4601ms | Скорость: 5.29 Mbps ⚡⚡
2026-02-25 11:20:43 [INFO]    🏆 FI | VLESS | Пинг: 4381ms | Скорость: 2.71 Mbps ⚡
2026-02-25 11:20:45 [INFO]    🏆 FI | VLESS | Пинг: 4674ms | Скорость: 5.14 Mbps ⚡⚡
2026-02-25 11:20:45 [INFO]    🏆 US | VLESS | Пинг: 4650ms | Скорость: 5.13 Mbps ⚡⚡
2026-02-25 11:20:45 [INFO]    🏆 DE | VLESS | Пинг: 4682ms | Скорость: 5.05 Mbps ⚡⚡
2026-02-25 11:20:45 [INFO]    🏆 US | VLESS | Пинг: 4690ms | Скорость: 4.97 Mbps ⚡⚡
2026-02-25 11:20:45 [INFO]    🏆 DE | VLESS | Пинг: 4647ms | Скорость: 4.77 Mbps ⚡⚡
2026-02-25 11:20:45 [INFO]    🏆 GB | VLESS | Пинг: 4713ms | Скорость: 7.4 Mbps ⚡⚡
2026-02-25 11:20:46 [INFO]    🏆 US | VLESS | Пинг: 4774ms | Скорость: 8.79 Mbps ⚡⚡
2026-02-25 11:20:46 [INFO]    🏆 US | VLESS | Пинг: 4884ms | Скорость: 9.11 Mbps ⚡⚡
2026-02-25 11:20:49 [INFO]    🏆 TR | VLESS | Пинг: 4757ms | Скорость: 2.34 Mbps ⚡
2026-02-25 11:20:49 [INFO] 📊 Итого в подписке сохранено иностранных серверов: 10
2026-02-25 11:20:49 [INFO] 💾 Файл успешно сохранен: FL1PVPN
