2026-02-18 16:20:05 [INFO] 🚀 START: Smart Selector (STRICT: ONLY VLESS+REALITY & WHITE SNI, Target: 10)
2026-02-18 16:20:05 [INFO] 🌐 Загрузка источников и жесткая фильтрация...
2026-02-18 16:20:10 [INFO] 🔍 Найдено серверов VLESS+Reality с белыми SNI: 124
2026-02-18 16:20:10 [INFO] ⚡ ЭТАП 1: Быстрый замер Пинга (Workers: 40)...
2026-02-18 16:20:12 [INFO]    [PING OK] RU | VLESS-REALITY | SNI: yandex.ru | 342ms | Src: all_valid_proxies.txt
2026-02-18 16:20:12 [INFO]    [PING OK] RU | VLESS-REALITY | SNI: yandex.ru | 426ms | Src: all_valid_proxies.txt
2026-02-18 16:20:12 [INFO]    [PING OK] RU | VLESS-REALITY | SNI: yandex.ru | 440ms | Src: all_valid_proxies.txt
2026-02-18 16:20:12 [INFO]    [PING OK] IT | VLESS-REALITY | SNI: gmail.com | 635ms | Src: BLACK_VLESS_RUS_mobile.txt
2026-02-18 16:20:12 [INFO]    [PING OK] RU | VLESS-REALITY | SNI: yandex.ru | 495ms | Src: all_valid_proxies.txt
2026-02-18 16:20:12 [INFO]    [PING OK] RU | VLESS-REALITY | SNI: yandex.ru | 459ms | Src: all_valid_proxies.txt
2026-02-18 16:20:12 [INFO]    [PING OK] RU | VLESS-REALITY | SNI: yandex.ru | 1036ms | Src: all_valid_proxies.txt
2026-02-18 16:20:12 [INFO]    [PING OK] RU | VLESS-REALITY | SNI: yandex.ru | 614ms | Src: all_valid_proxies.txt
2026-02-18 16:20:13 [INFO]    [PING OK] RU | VLESS-REALITY | SNI: yandex.ru | 428ms | Src: all_valid_proxies.txt
2026-02-18 16:20:13 [INFO]    [PING OK] RU | VLESS-REALITY | SNI: yandex.ru | 381ms | Src: all_valid_proxies.txt
2026-02-18 16:20:13 [INFO]    [PING OK] RU | VLESS-REALITY | SNI: api-maps.yandex.ru | 1393ms | Src: all_valid_proxies.txt
2026-02-18 16:20:13 [INFO]    [PING OK] RU | VLESS-REALITY | SNI: api-maps.yandex.ru | 1454ms | Src: all_valid_proxies.txt
2026-02-18 16:20:13 [INFO]    [PING OK] RU | VLESS-REALITY | SNI: yandex.ru | 291ms | Src: all_valid_proxies.txt
2026-02-18 16:20:13 [INFO]    [PING OK] RU | VLESS-REALITY | SNI: yandex.ru | 360ms | Src: all_valid_proxies.txt
2026-02-18 16:20:13 [INFO]    [PING OK] RU | VLESS-REALITY | SNI: yandex.ru | 760ms | Src: all_valid_proxies.txt
2026-02-18 16:20:13 [INFO]    [PING OK] RU | VLESS-REALITY | SNI: api-maps.yandex.ru | 1669ms | Src: all_valid_proxies.txt
2026-02-18 16:20:13 [INFO]    [PING OK] RU | VLESS-REALITY | SNI: m.vk.com | 188ms | Src: all_valid_proxies.txt
2026-02-18 16:20:14 [INFO]    [PING OK] RU | VLESS-REALITY | SNI: yandex.ru | 1126ms | Src: all_valid_proxies.txt
2026-02-18 16:20:14 [INFO]    [PING OK] RU | VLESS-REALITY | SNI: api-maps.yandex.ru | 2251ms | Src: V2RAY_RAW.txt
2026-02-18 16:20:14 [INFO]    [PING OK] RU | VLESS-REALITY | SNI: yandex.ru | 1365ms | Src: V2RAY_RAW.txt
2026-02-18 16:20:14 [INFO]    [PING OK] RU | VLESS-REALITY | SNI: api-maps.yandex.ru | 1562ms | Src: all_valid_proxies.txt
2026-02-18 16:20:14 [INFO]    [PING OK] RU | VLESS-REALITY | SNI: ads.x5.ru | 1245ms | Src: all_valid_proxies.txt
2026-02-18 16:20:14 [INFO]    [PING OK] RU | VLESS-REALITY | SNI: ads.x5.ru | 215ms | Src: all_valid_proxies.txt
2026-02-18 16:20:14 [INFO]    [PING OK] RU | VLESS-REALITY | SNI: api-maps.yandex.ru | 2495ms | Src: all_valid_proxies.txt
2026-02-18 16:20:14 [INFO]    [PING OK] RU | VLESS-REALITY | SNI: m.vk.com | 194ms | Src: all_valid_proxies.txt
2026-02-18 16:20:14 [INFO]    [PING OK] DE | VLESS-REALITY | SNI: ya.ru | 284ms | Src: all_valid_proxies.txt
2026-02-18 16:20:15 [INFO]    [PING OK] RU | VLESS-REALITY | SNI: ads.x5.ru | 3402ms | Src: all_valid_proxies.txt
2026-02-18 16:20:15 [INFO]    [PING OK] RU | VLESS-REALITY | SNI: m.vk.com | 107ms | Src: all_valid_proxies.txt
2026-02-18 16:20:15 [INFO]    [PING OK] RU | VLESS-REALITY | SNI: ya.ru | 551ms | Src: all_valid_proxies.txt
2026-02-18 16:20:16 [INFO]    [PING OK] RU | VLESS-REALITY | SNI: api-maps.yandex.ru | 3336ms | Src: all_valid_proxies.txt
2026-02-18 16:20:16 [INFO]    [PING OK] NL | VLESS-REALITY | SNI: m.ok.ru | 223ms | Src: all_valid_proxies.txt
2026-02-18 16:20:17 [INFO]    [PING OK] RU | VLESS-REALITY | SNI: api-maps.yandex.ru | 4834ms | Src: all_valid_proxies.txt
2026-02-18 16:20:17 [INFO]    [PING OK] FR | VLESS-REALITY | SNI: yandex.ru | 1454ms | Src: all_valid_proxies.txt
2026-02-18 16:20:17 [INFO]    [PING OK] RU | VLESS-REALITY | SNI: api-maps.yandex.ru | 4116ms | Src: all_valid_proxies.txt
2026-02-18 16:20:18 [INFO]    [PING OK] IT | VLESS-REALITY | SNI: ozon.ru | 4159ms | Src: all_valid_proxies.txt
2026-02-18 16:20:21 [INFO] 🏎️ ЭТАП 2: Глубокий замер скорости для 10 кандидатов...
2026-02-18 16:20:24 [INFO]    🏆 RU | VLESS-REALITY | Пинг: 107ms | Скор: 9.74 Mbps ⚡⚡ | Src: all_valid_proxies.txt
2026-02-18 16:20:24 [INFO]    🏆 RU | VLESS-REALITY | Пинг: 188ms | Скор: 9.79 Mbps ⚡⚡ | Src: all_valid_proxies.txt
2026-02-18 16:20:24 [INFO]    🏆 RU | VLESS-REALITY | Пинг: 194ms | Скор: 9.58 Mbps ⚡⚡ | Src: all_valid_proxies.txt
2026-02-18 16:20:24 [INFO]    🏆 NL | VLESS-REALITY | Пинг: 223ms | Скор: 10.56 Mbps ⚡⚡ | Src: all_valid_proxies.txt
2026-02-18 16:20:25 [INFO]    🏆 IT | VLESS-REALITY | Пинг: 4159ms | Скор: 7.54 Mbps ⚡⚡ | Src: all_valid_proxies.txt
2026-02-18 16:20:25 [INFO]    🏆 FR | VLESS-REALITY | Пинг: 1454ms | Скор: 6.68 Mbps ⚡⚡ | Src: all_valid_proxies.txt
2026-02-18 16:20:26 [INFO]    🏆 DE | VLESS-REALITY | Пинг: 284ms | Скор: 4.78 Mbps ⚡⚡ | Src: all_valid_proxies.txt
2026-02-18 16:20:28 [INFO]    🏆 IT | VLESS-REALITY | Пинг: 635ms | Скор: 2.97 Mbps ⚡ | Src: BLACK_VLESS_RUS_mobile.txt
2026-02-18 16:20:28 [INFO] 🇷🇺 Добавлен лучший рабочий RU сервер: 109.107.161.82 со скоростью 9.74 Mbps | Src: all_valid_proxies.txt
2026-02-18 16:20:28 [INFO] 📊 Итого в подписке сохранено: 6 серверов
2026-02-18 16:20:28 [INFO] 💾 Файл успешно сохранен: FL1PVPN
