2026-02-23 20:20:06 [INFO] 🚀 START: Smart Selector (Target: 10, ONLY FOREIGN)
2026-02-23 20:20:06 [INFO] 🌐 Загрузка источников (VLESS + VMess)...
2026-02-23 20:20:08 [INFO] 🔍 Уникальных конфигов собрано: 230
2026-02-23 20:20:08 [INFO] ⚡ ЭТАП 1: Замер Пинга и Геолокации. Workers: 40...
2026-02-23 20:20:13 [INFO]    [PING OK] TR | VLESS | 4625ms
2026-02-23 20:20:14 [INFO]    [PING OK] PL | VLESS | 4757ms
2026-02-23 20:20:14 [INFO]    [PING OK] HU | VLESS | 4483ms
2026-02-23 20:20:14 [INFO]    [PING OK] IT | VLESS | 4125ms
2026-02-23 20:20:14 [INFO]    [PING OK] PL | VLESS | 4898ms
2026-02-23 20:20:14 [INFO]    [PING OK] ES | VLESS | 4889ms
2026-02-23 20:20:14 [INFO]    [PING OK] FI | VLESS | 5049ms
2026-02-23 20:20:14 [INFO]    [PING OK] IT | VLESS | 4758ms
2026-02-23 20:20:14 [INFO]    [PING OK] PL | VLESS | 4863ms
2026-02-23 20:20:15 [INFO]    [PING OK] ES | VLESS | 4465ms
2026-02-23 20:20:15 [INFO]    [PING OK] HU | VLESS | 3876ms
2026-02-23 20:20:15 [INFO]    [PING OK] ES | VLESS | 4779ms
2026-02-23 20:20:15 [INFO]    [PING OK] TR | VLESS | 4850ms
2026-02-23 20:20:15 [INFO]    [PING OK] HU | VLESS | 4380ms
2026-02-23 20:20:15 [INFO]    [PING OK] HU | VLESS | 3833ms
2026-02-23 20:20:15 [INFO]    [PING OK] PL | VLESS | 4369ms
2026-02-23 20:20:18 [INFO]    [PING OK] US | VLESS | 8344ms
2026-02-23 20:20:19 [INFO]    [PING OK] TR | VLESS | 4713ms
2026-02-23 20:20:19 [INFO]    [PING OK] DE | VLESS | 4517ms
2026-02-23 20:20:19 [INFO]    [PING OK] HU | VLESS | 4234ms
2026-02-23 20:20:19 [INFO]    [PING OK] PL | VLESS | 4111ms
2026-02-23 20:20:19 [INFO]    [PING OK] ES | VLESS | 4153ms
2026-02-23 20:20:19 [INFO]    [PING OK] ES | VLESS | 4011ms
2026-02-23 20:20:19 [INFO]    [PING OK] ES | VLESS | 3897ms
2026-02-23 20:20:20 [INFO]    [PING OK] PL | VLESS | 3944ms
2026-02-23 20:20:20 [INFO]    [PING OK] PL | VLESS | 3402ms
2026-02-23 20:20:20 [INFO]    [PING OK] ES | VLESS | 3501ms
2026-02-23 20:20:20 [INFO]    [PING OK] EE | VLESS | 4236ms
2026-02-23 20:20:20 [INFO]    [PING OK] IT | VLESS | 3624ms
2026-02-23 20:20:20 [INFO]    [PING OK] ES | VLESS | 4011ms
2026-02-23 20:20:20 [INFO]    [PING OK] DE | VLESS | 3752ms
2026-02-23 20:20:22 [INFO]    [PING OK] HU | VLESS | 3891ms
2026-02-23 20:20:26 [INFO]    [PING OK] SE | VLESS | 5474ms
2026-02-23 20:20:26 [INFO]    [PING OK] DE | VLESS | 6287ms
2026-02-23 20:20:27 [INFO]    [PING OK] SE | VLESS | 5751ms
2026-02-23 20:20:28 [INFO]    [PING OK] DE | VLESS | 5764ms
2026-02-23 20:20:28 [INFO]    [PING OK] SE | VLESS | 5793ms
2026-02-23 20:20:29 [INFO]    [PING OK] CA | VLESS | 8374ms
2026-02-23 20:20:30 [INFO]    [PING OK] SE | VLESS | 5372ms
2026-02-23 20:20:30 [INFO]    [PING OK] SE | VLESS | 5076ms
2026-02-23 20:20:30 [INFO]    [PING OK] SE | VLESS | 5084ms
2026-02-23 20:20:30 [INFO]    [PING OK] SE | VLESS | 5555ms
2026-02-23 20:20:30 [INFO]    [PING OK] SE | VLESS | 5184ms
2026-02-23 20:20:30 [INFO]    [PING OK] DE | VLESS | 5187ms
2026-02-23 20:20:30 [INFO]    [PING OK] FI | VLESS | 5273ms
2026-02-23 20:20:30 [INFO]    [PING OK] SE | VLESS | 5073ms
2026-02-23 20:20:30 [INFO]    [PING OK] SE | VLESS | 4605ms
2026-02-23 20:20:30 [INFO]    [PING OK] DE | VLESS | 4242ms
2026-02-23 20:20:30 [INFO]    [PING OK] DE | VLESS | 5443ms
2026-02-23 20:20:30 [INFO]    [PING OK] SE | VLESS | 4378ms
2026-02-23 20:20:31 [INFO]    [PING OK] SE | VLESS | 1508ms
2026-02-23 20:20:31 [INFO]    [PING OK] SE | VLESS | 4834ms
2026-02-23 20:20:31 [INFO]    [PING OK] CA | VLESS | 3114ms
2026-02-23 20:20:33 [INFO]    [PING OK] US | VLESS | 3891ms
2026-02-23 20:20:36 [INFO]    [PING OK] SE | VLESS | 6765ms
2026-02-23 20:20:36 [INFO] 🏎️ ЭТАП 2: Глубокий замер скорости для 40 иностранных кандидатов...
2026-02-23 20:20:39 [INFO]    🏆 CA | VLESS | Пинг: 3114ms | Скорость: 6.7 Mbps ⚡⚡
2026-02-23 20:20:39 [INFO]    🏆 HU | VLESS | Пинг: 3891ms | Скорость: 6.8 Mbps ⚡⚡
2026-02-23 20:20:40 [INFO]    🏆 PL | VLESS | Пинг: 4111ms | Скорость: 6.14 Mbps ⚡⚡
2026-02-23 20:20:40 [INFO]    🏆 PL | VLESS | Пинг: 3944ms | Скорость: 5.52 Mbps ⚡⚡
2026-02-23 20:20:40 [INFO]    🏆 PL | VLESS | Пинг: 3402ms | Скорость: 5.02 Mbps ⚡⚡
2026-02-23 20:20:42 [INFO]    🏆 HU | VLESS | Пинг: 3876ms | Скорость: 3.79 Mbps ⚡⚡
2026-02-23 20:20:42 [INFO]    🏆 ES | VLESS | Пинг: 3501ms | Скорость: 0.88 Mbps 
2026-02-23 20:20:42 [INFO]    🏆 HU | VLESS | Пинг: 3833ms | Скорость: 2.3 Mbps ⚡
2026-02-23 20:20:43 [INFO]    🏆 ES | VLESS | Пинг: 4011ms | Скорость: 2.24 Mbps ⚡
2026-02-23 20:20:43 [INFO]    🏆 DE | VLESS | Пинг: 4242ms | Скорость: 10.7 Mbps ⚡⚡
2026-02-23 20:20:43 [INFO]    🏆 PL | VLESS | Пинг: 4369ms | Скорость: 10.13 Mbps ⚡⚡
2026-02-23 20:20:43 [INFO]    🏆 ES | VLESS | Пинг: 4153ms | Скорость: 6.26 Mbps ⚡⚡
2026-02-23 20:20:45 [INFO]    🏆 SE | VLESS | Пинг: 4378ms | Скорость: 9.12 Mbps ⚡⚡
2026-02-23 20:20:45 [INFO]    🏆 EE | VLESS | Пинг: 4236ms | Скорость: 5.18 Mbps ⚡⚡
2026-02-23 20:20:46 [INFO]    🏆 HU | VLESS | Пинг: 4483ms | Скорость: 8.45 Mbps ⚡⚡
2026-02-23 20:20:46 [INFO]    🏆 TR | VLESS | Пинг: 4713ms | Скорость: 8.63 Mbps ⚡⚡
2026-02-23 20:20:46 [INFO]    🏆 HU | VLESS | Пинг: 4380ms | Скорость: 6.64 Mbps ⚡⚡
2026-02-23 20:20:46 [INFO]    🏆 IT | VLESS | Пинг: 4125ms | Скорость: 3.09 Mbps ⚡⚡
2026-02-23 20:20:47 [INFO]    🏆 HU | VLESS | Пинг: 4234ms | Скорость: 2.79 Mbps ⚡
2026-02-23 20:20:47 [INFO]    🏆 PL | VLESS | Пинг: 4757ms | Скорость: 5.96 Mbps ⚡⚡
2026-02-23 20:20:47 [INFO]    🏆 TR | VLESS | Пинг: 4850ms | Скорость: 10.59 Mbps ⚡⚡
2026-02-23 20:20:47 [INFO]    🏆 PL | VLESS | Пинг: 4863ms | Скорость: 10.55 Mbps ⚡⚡
2026-02-23 20:20:48 [INFO]    🏆 ES | VLESS | Пинг: 4779ms | Скорость: 5.37 Mbps ⚡⚡
2026-02-23 20:20:48 [INFO]    🏆 FI | VLESS | Пинг: 5049ms | Скорость: 16.86 Mbps ⚡⚡
2026-02-23 20:20:48 [INFO]    🏆 ES | VLESS | Пинг: 4889ms | Скорость: 11.58 Mbps ⚡⚡
2026-02-23 20:20:48 [INFO]    🏆 SE | VLESS | Пинг: 5076ms | Скорость: 18.74 Mbps ⚡⚡
2026-02-23 20:20:49 [INFO]    🏆 PL | VLESS | Пинг: 4898ms | Скорость: 9.96 Mbps ⚡⚡
2026-02-23 20:20:49 [INFO]    🏆 ES | VLESS | Пинг: 4465ms | Скорость: 2.23 Mbps ⚡
2026-02-23 20:20:50 [INFO]    🏆 TR | VLESS | Пинг: 4625ms | Скорость: 2.0 Mbps ⚡
2026-02-23 20:20:51 [INFO] 📊 Итого в подписке сохранено иностранных серверов: 10
2026-02-23 20:20:51 [INFO] 💾 Файл успешно сохранен: FL1PVPN
