2026-02-24 18:10:06 [INFO] 🚀 START: Smart Selector (Target: 10, ONLY FOREIGN)
2026-02-24 18:10:06 [INFO] 🌐 Загрузка источников (VLESS + VMess)...
2026-02-24 18:10:07 [INFO] 🔍 Уникальных конфигов собрано: 184
2026-02-24 18:10:07 [INFO] ⚡ ЭТАП 1: Замер Пинга и Геолокации. Workers: 40...
2026-02-24 18:10:13 [INFO]    [PING OK] IT | VLESS | 5128ms
2026-02-24 18:10:13 [INFO]    [PING OK] HU | VLESS | 5089ms
2026-02-24 18:10:13 [INFO]    [PING OK] ES | VLESS | 5263ms
2026-02-24 18:10:13 [INFO]    [PING OK] FI | VLESS | 4856ms
2026-02-24 18:10:13 [INFO]    [PING OK] FR | VLESS | 5275ms
2026-02-24 18:10:13 [INFO]    [PING OK] ES | VLESS | 5412ms
2026-02-24 18:10:13 [INFO]    [PING OK] TR | VLESS | 5253ms
2026-02-24 18:10:13 [INFO]    [PING OK] US | VLESS | 4499ms
2026-02-24 18:10:14 [INFO]    [PING OK] PL | VLESS | 5254ms
2026-02-24 18:10:14 [INFO]    [PING OK] TR | VLESS | 5438ms
2026-02-24 18:10:14 [INFO]    [PING OK] ES | VLESS | 4281ms
2026-02-24 18:10:14 [INFO]    [PING OK] DE | VLESS | 4301ms
2026-02-24 18:10:14 [INFO]    [PING OK] HU | VLESS | 4390ms
2026-02-24 18:10:14 [INFO]    [PING OK] DE | VLESS | 4275ms
2026-02-24 18:10:14 [INFO]    [PING OK] US | VLESS | 5943ms
2026-02-24 18:10:14 [INFO]    [PING OK] PL | VLESS | 4489ms
2026-02-24 18:10:14 [INFO]    [PING OK] ES | VLESS | 4183ms
2026-02-24 18:10:14 [INFO]    [PING OK] HU | VLESS | 4202ms
2026-02-24 18:10:14 [INFO]    [PING OK] ES | VLESS | 4197ms
2026-02-24 18:10:14 [INFO]    [PING OK] HU | VLESS | 4511ms
2026-02-24 18:10:14 [INFO]    [PING OK] PL | VLESS | 4685ms
2026-02-24 18:10:15 [INFO]    [PING OK] HU | VLESS | 4879ms
2026-02-24 18:10:15 [INFO]    [PING OK] CA | VLESS | 4405ms
2026-02-24 18:10:16 [INFO]    [PING OK] KZ | VLESS | 4460ms
2026-02-24 18:10:18 [INFO]    [PING OK] CA | VLESS | 4858ms
2026-02-24 18:10:19 [INFO]    [PING OK] CA | VLESS | 4988ms
2026-02-24 18:10:19 [INFO]    [PING OK] CA | VLESS | 5023ms
2026-02-24 18:10:19 [INFO]    [PING OK] CA | VLESS | 5365ms
2026-02-24 18:10:20 [INFO]    [PING OK] TR | VLESS | 5358ms
2026-02-24 18:10:20 [INFO]    [PING OK] CA | VLESS | 5290ms
2026-02-24 18:10:21 [INFO]    [PING OK] CA | VLESS | 6481ms
2026-02-24 18:10:21 [INFO]    [PING OK] CA | VLESS | 6750ms
2026-02-24 18:10:21 [INFO]    [PING OK] DE | VLESS | 4805ms
2026-02-24 18:10:22 [INFO]    [PING OK] CA | VLESS | 5338ms
2026-02-24 18:10:22 [INFO]    [PING OK] CA | VLESS | 4830ms
2026-02-24 18:10:22 [INFO]    [PING OK] DE | VLESS | 5070ms
2026-02-24 18:10:22 [INFO]    [PING OK] CA | VLESS | 4092ms
2026-02-24 18:10:22 [INFO]    [PING OK] CA | VLESS | 7847ms
2026-02-24 18:10:23 [INFO]    [PING OK] NL | VLESS | 2641ms
2026-02-24 18:10:23 [INFO]    [PING OK] EE | VLESS | 2381ms
2026-02-24 18:10:23 [INFO]    [PING OK] CA | VLESS | 4266ms
2026-02-24 18:10:23 [INFO]    [PING OK] JP | VLESS | 1928ms
2026-02-24 18:10:23 [INFO]    [PING OK] CA | VLESS | 3463ms
2026-02-24 18:10:23 [INFO]    [PING OK] CA | VLESS | 3367ms
2026-02-24 18:10:24 [INFO]    [PING OK] CA | VLESS | 4199ms
2026-02-24 18:10:27 [INFO] 🏎️ ЭТАП 2: Глубокий замер скорости для 40 иностранных кандидатов...
2026-02-24 18:10:31 [INFO]    🏆 DE | VLESS | Пинг: 4275ms | Скорость: 7.64 Mbps ⚡⚡
2026-02-24 18:10:31 [INFO]    🏆 NL | VLESS | Пинг: 2641ms | Скорость: 6.9 Mbps ⚡⚡
2026-02-24 18:10:32 [INFO]    🏆 HU | VLESS | Пинг: 4390ms | Скорость: 6.21 Mbps ⚡⚡
2026-02-24 18:10:32 [INFO]    🏆 HU | VLESS | Пинг: 4202ms | Скорость: 5.55 Mbps ⚡⚡
2026-02-24 18:10:33 [INFO]    🏆 JP | VLESS | Пинг: 1928ms | Скорость: 4.58 Mbps ⚡⚡
2026-02-24 18:10:33 [INFO]    🏆 EE | VLESS | Пинг: 2381ms | Скорость: 4.51 Mbps ⚡⚡
2026-02-24 18:10:34 [INFO]    🏆 US | VLESS | Пинг: 4499ms | Скорость: 14.86 Mbps ⚡⚡
2026-02-24 18:10:34 [INFO]    🏆 KZ | VLESS | Пинг: 4460ms | Скорость: 8.95 Mbps ⚡⚡
2026-02-24 18:10:34 [INFO]    🏆 ES | VLESS | Пинг: 4197ms | Скорость: 0.96 Mbps 
2026-02-24 18:10:34 [INFO]    🏆 ES | VLESS | Пинг: 4183ms | Скорость: 1.21 Mbps 
2026-02-24 18:10:35 [INFO]    🏆 DE | VLESS | Пинг: 4805ms | Скорость: 9.76 Mbps ⚡⚡
2026-02-24 18:10:36 [INFO]    🏆 PL | VLESS | Пинг: 4685ms | Скорость: 5.85 Mbps ⚡⚡
2026-02-24 18:10:37 [INFO]    🏆 HU | VLESS | Пинг: 4511ms | Скорость: 5.4 Mbps ⚡⚡
2026-02-24 18:10:37 [INFO]    🏆 FI | VLESS | Пинг: 4856ms | Скорость: 5.76 Mbps ⚡⚡
2026-02-24 18:10:37 [INFO]    🏆 PL | VLESS | Пинг: 4489ms | Скорость: 4.12 Mbps ⚡⚡
2026-02-24 18:10:38 [INFO]    🏆 HU | VLESS | Пинг: 5089ms | Скорость: 7.87 Mbps ⚡⚡
2026-02-24 18:10:38 [INFO]    🏆 TR | VLESS | Пинг: 5253ms | Скорость: 6.79 Mbps ⚡⚡
2026-02-24 18:10:38 [INFO]    🏆 ES | VLESS | Пинг: 5263ms | Скорость: 7.67 Mbps ⚡⚡
2026-02-24 18:10:39 [INFO]    🏆 FR | VLESS | Пинг: 5275ms | Скорость: 12.58 Mbps ⚡⚡
2026-02-24 18:10:40 [INFO]    🏆 TR | VLESS | Пинг: 5358ms | Скорость: 9.84 Mbps ⚡⚡
2026-02-24 18:10:40 [INFO]    🏆 ES | VLESS | Пинг: 5412ms | Скорость: 16.4 Mbps ⚡⚡
2026-02-24 18:10:40 [INFO]    🏆 PL | VLESS | Пинг: 5254ms | Скорость: 4.25 Mbps ⚡⚡
2026-02-24 18:10:41 [INFO]    🏆 IT | VLESS | Пинг: 5128ms | Скорость: 1.54 Mbps ⚡
2026-02-24 18:10:44 [INFO] 📊 Итого в подписке сохранено иностранных серверов: 10
2026-02-24 18:10:44 [INFO] 💾 Файл успешно сохранен: FL1PVPN
