2026-02-18 15:00:05 [INFO] 🚀 START: Smart Selector (Target: 10, Strict Mode, Hybrid Protocol)
2026-02-18 15:00:05 [INFO] 🌐 Загрузка источников (VLESS + VMess)...
2026-02-18 15:00:08 [INFO] 🔍 Уникальных конфигов собрано: 193
2026-02-18 15:00:08 [INFO] ⚡ ЭТАП 1: Быстрый замер Пинга (Workers: 40)...
2026-02-18 15:00:10 [INFO]    [PING OK] RU | VLESS | 437ms
2026-02-18 15:00:10 [INFO]    [PING OK] RU | VLESS | 1340ms
2026-02-18 15:00:10 [INFO]    [PING OK] RU | VLESS | 532ms
2026-02-18 15:00:11 [INFO]    [PING OK] TR | VLESS | 945ms
2026-02-18 15:00:12 [INFO]    [PING OK] RU | VLESS | 690ms
2026-02-18 15:00:12 [INFO]    [PING OK] RU | VLESS | 198ms
2026-02-18 15:00:12 [INFO]    [PING OK] RU | VLESS | 177ms
2026-02-18 15:00:13 [INFO]    [PING OK] RU | VLESS | 266ms
2026-02-18 15:00:13 [INFO]    [PING OK] IT | VLESS | 607ms
2026-02-18 15:00:13 [INFO]    [PING OK] DE | VLESS | 3863ms
2026-02-18 15:00:13 [INFO]    [PING OK] RU | VLESS | 267ms
2026-02-18 15:00:13 [INFO]    [PING OK] RU | VLESS | 345ms
2026-02-18 15:00:14 [INFO]    [PING OK] RU | VLESS | 659ms
2026-02-18 15:00:14 [INFO]    [PING OK] RU | VLESS | 738ms
2026-02-18 15:00:14 [INFO]    [PING OK] RU | VLESS | 679ms
2026-02-18 15:00:14 [INFO]    [PING OK] RU | VLESS | 505ms
2026-02-18 15:00:14 [INFO]    [PING OK] RU | VLESS | 250ms
2026-02-18 15:00:14 [INFO]    [PING OK] RU | VLESS | 308ms
2026-02-18 15:00:14 [INFO]    [PING OK] RU | VLESS | 891ms
2026-02-18 15:00:14 [INFO]    [PING OK] RU | VLESS | 717ms
2026-02-18 15:00:15 [INFO]    [PING OK] RU | VLESS | 1517ms
2026-02-18 15:00:15 [INFO]    [PING OK] RU | VLESS | 532ms
2026-02-18 15:00:15 [INFO]    [PING OK] RU | VLESS | 879ms
2026-02-18 15:00:15 [INFO]    [PING OK] RU | VLESS | 560ms
2026-02-18 15:00:16 [INFO]    [PING OK] RU | VLESS | 304ms
2026-02-18 15:00:16 [INFO]    [PING OK] RU | VLESS | 1010ms
2026-02-18 15:00:16 [INFO]    [PING OK] RU | VLESS | 1329ms
2026-02-18 15:00:16 [INFO]    [PING OK] RU | VLESS | 345ms
2026-02-18 15:00:16 [INFO]    [PING OK] RU | VLESS | 339ms
2026-02-18 15:00:16 [INFO]    [PING OK] RU | VLESS | 1642ms
2026-02-18 15:00:17 [INFO]    [PING OK] RU | VLESS | 904ms
2026-02-18 15:00:17 [INFO]    [PING OK] RU | VLESS | 1843ms
2026-02-18 15:00:17 [INFO]    [PING OK] RU | VLESS | 1632ms
2026-02-18 15:00:17 [INFO]    [PING OK] RU | VLESS | 1881ms
2026-02-18 15:00:17 [INFO]    [PING OK] RU | VLESS | 2020ms
2026-02-18 15:00:17 [INFO]    [PING OK] RU | VLESS | 3452ms
2026-02-18 15:00:17 [INFO]    [PING OK] RU | VLESS | 2256ms
2026-02-18 15:00:17 [INFO]    [PING OK] RU | VLESS | 1839ms
2026-02-18 15:00:17 [INFO]    [PING OK] RU | VLESS | 2919ms
2026-02-18 15:00:17 [INFO]    [PING OK] RU | VLESS | 3387ms
2026-02-18 15:00:17 [INFO]    [PING OK] RU | VLESS | 135ms
2026-02-18 15:00:18 [INFO]    [PING OK] RU | VLESS | 501ms
2026-02-18 15:00:18 [INFO]    [PING OK] RU | VLESS | 653ms
2026-02-18 15:00:18 [INFO]    [PING OK] RU | VLESS | 222ms
2026-02-18 15:00:18 [INFO]    [PING OK] RU | VLESS | 3485ms
2026-02-18 15:00:18 [INFO]    [PING OK] RU | VLESS | 748ms
2026-02-18 15:00:18 [INFO]    [PING OK] RU | VLESS | 635ms
2026-02-18 15:00:18 [INFO]    [PING OK] RU | VLESS | 739ms
2026-02-18 15:00:18 [INFO]    [PING OK] RU | VLESS | 485ms
2026-02-18 15:00:18 [INFO]    [PING OK] RU | VLESS | 285ms
2026-02-18 15:00:18 [INFO]    [PING OK] RU | VLESS | 874ms
2026-02-18 15:00:18 [INFO]    [PING OK] RU | VLESS | 1054ms
2026-02-18 15:00:19 [INFO]    [PING OK] RU | VLESS | 301ms
2026-02-18 15:00:19 [INFO]    [PING OK] RU | VLESS | 476ms
2026-02-18 15:00:19 [INFO]    [PING OK] RU | VLESS | 254ms
2026-02-18 15:00:19 [INFO]    [PING OK] RU | VLESS | 287ms
2026-02-18 15:00:19 [INFO]    [PING OK] RU | VLESS | 301ms
2026-02-18 15:00:19 [INFO]    [PING OK] RU | VLESS | 3777ms
2026-02-18 15:00:19 [INFO]    [PING OK] RU | VLESS | 1333ms
2026-02-18 15:00:19 [INFO]    [PING OK] RU | VLESS | 402ms
2026-02-18 15:00:19 [INFO]    [PING OK] RU | VLESS | 237ms
2026-02-18 15:00:20 [INFO]    [PING OK] RU | VLESS | 4999ms
2026-02-18 15:00:20 [INFO]    [PING OK] RU | VLESS | 1984ms
2026-02-18 15:00:20 [INFO]    [PING OK] RU | VLESS | 178ms
2026-02-18 15:00:20 [INFO]    [PING OK] RU | VLESS | 163ms
2026-02-18 15:00:20 [INFO]    [PING OK] RU | VLESS | 3247ms
2026-02-18 15:00:22 [INFO]    [PING OK] RU | VLESS | 3480ms
2026-02-18 15:00:22 [INFO]    [PING OK] RU | VLESS | 3616ms
2026-02-18 15:00:24 [INFO]    [PING OK] RU | VLESS | 4704ms
2026-02-18 15:00:25 [INFO] 🏎️ ЭТАП 2: Глубокий замер скорости для 8 кандидатов...
2026-02-18 15:00:27 [INFO]    🏆 RU | VLESS | Пинг: 163ms | Скорость: 10.36 Mbps ⚡⚡
2026-02-18 15:00:27 [INFO]    🏆 RU | VLESS | Пинг: 177ms | Скорость: 10.74 Mbps ⚡⚡
2026-02-18 15:00:27 [INFO]    🏆 RU | VLESS | Пинг: 135ms | Скорость: 10.17 Mbps ⚡⚡
2026-02-18 15:00:27 [INFO]    🏆 RU | VLESS | Пинг: 198ms | Скорость: 10.87 Mbps ⚡⚡
2026-02-18 15:00:32 [INFO]    🏆 IT | VLESS | Пинг: 607ms | Скорость: 0.91 Mbps 
2026-02-18 15:00:32 [INFO] 🇷🇺 Добавлен лучший рабочий RU сервер: 87.242.103.184 со скоростью 10.17 Mbps
2026-02-18 15:00:32 [INFO] 📊 Итого в подписке сохранено: 2 серверов
2026-02-18 15:00:32 [INFO] 💾 Файл успешно сохранен: FL1PVPN
