2026-02-15 22:19:03 [INFO] 🚀 START: Smart VLESS Selector (Target: 10, Strict Mode)
2026-02-15 22:19:03 [INFO] 🌐 Загрузка источников...
2026-02-15 22:19:05 [INFO] 🔍 Уникальных конфигов собрано: 320
2026-02-15 22:19:05 [INFO] ⚡ ЭТАП 1: Быстрый замер Пинга (Workers: 25)...
2026-02-15 22:19:06 [INFO]    [PING OK] DE | 278ms
2026-02-15 22:19:06 [INFO]    [PING OK] NL | 272ms
2026-02-15 22:19:07 [INFO]    [PING OK] US | 768ms
2026-02-15 22:19:09 [INFO]    [PING OK] US | 1343ms
2026-02-15 22:19:10 [INFO]    [PING OK] RU | 93ms
2026-02-15 22:19:11 [INFO]    [PING OK] DE | 131ms
2026-02-15 22:19:12 [INFO]    [PING OK] FR | 201ms
2026-02-15 22:19:12 [INFO]    [PING OK] FI | 506ms
2026-02-15 22:19:13 [INFO]    [PING OK] RU | 281ms
2026-02-15 22:19:16 [INFO]    [PING OK] DE | 181ms
2026-02-15 22:19:17 [INFO]    [PING OK] RU | 466ms
2026-02-15 22:19:17 [INFO]    [PING OK] RU | 248ms
2026-02-15 22:19:17 [INFO]    [PING OK] RU | 192ms
2026-02-15 22:19:18 [INFO]    [PING OK] RU | 221ms
2026-02-15 22:19:18 [INFO]    [PING OK] RU | 64ms
2026-02-15 22:19:18 [INFO]    [PING OK] RU | 104ms
2026-02-15 22:19:18 [INFO]    [PING OK] RU | 68ms
2026-02-15 22:19:18 [INFO]    [PING OK] RU | 319ms
2026-02-15 22:19:18 [INFO]    [PING OK] RU | 351ms
2026-02-15 22:19:18 [INFO]    [PING OK] RU | 283ms
2026-02-15 22:19:19 [INFO]    [PING OK] RU | 2097ms
2026-02-15 22:19:19 [INFO]    [PING OK] RU | 81ms
2026-02-15 22:19:19 [INFO]    [PING OK] RU | 107ms
2026-02-15 22:19:19 [INFO]    [PING OK] RU | 99ms
2026-02-15 22:19:19 [INFO]    [PING OK] RU | 62ms
2026-02-15 22:19:19 [INFO]    [PING OK] RU | 326ms
2026-02-15 22:19:19 [INFO]    [PING OK] RU | 263ms
2026-02-15 22:19:20 [INFO]    [PING OK] RU | 84ms
2026-02-15 22:19:20 [INFO]    [PING OK] NL | 1259ms
2026-02-15 22:19:20 [INFO]    [PING OK] RU | 201ms
2026-02-15 22:19:20 [INFO]    [PING OK] RU | 139ms
2026-02-15 22:19:20 [INFO]    [PING OK] RU | 2042ms
2026-02-15 22:19:20 [INFO]    [PING OK] RU | 248ms
2026-02-15 22:19:20 [INFO]    [PING OK] RU | 87ms
2026-02-15 22:19:20 [INFO]    [PING OK] RU | 344ms
2026-02-15 22:19:20 [INFO]    [PING OK] RU | 1191ms
2026-02-15 22:19:20 [INFO]    [PING OK] RU | 68ms
2026-02-15 22:19:20 [INFO]    [PING OK] RU | 438ms
2026-02-15 22:19:21 [INFO]    [PING OK] RU | 237ms
2026-02-15 22:19:21 [INFO]    [PING OK] PL | 180ms
2026-02-15 22:19:21 [INFO]    [PING OK] RU | 206ms
2026-02-15 22:19:21 [INFO]    [PING OK] RU | 94ms
2026-02-15 22:19:21 [INFO]    [PING OK] RU | 343ms
2026-02-15 22:19:21 [INFO]    [PING OK] RU | 101ms
2026-02-15 22:19:21 [INFO]    [PING OK] RU | 312ms
2026-02-15 22:19:21 [INFO]    [PING OK] RU | 609ms
2026-02-15 22:19:21 [INFO]    [PING OK] NL | 192ms
2026-02-15 22:19:21 [INFO]    [PING OK] RU | 255ms
2026-02-15 22:19:21 [INFO]    [PING OK] RU | 88ms
2026-02-15 22:19:21 [INFO]    [PING OK] RU | 729ms
2026-02-15 22:19:22 [INFO]    [PING OK] PL | 168ms
2026-02-15 22:19:22 [INFO]    [PING OK] RU | 260ms
2026-02-15 22:19:22 [INFO]    [PING OK] RU | 209ms
2026-02-15 22:19:22 [INFO]    [PING OK] RU | 212ms
2026-02-15 22:19:22 [INFO]    [PING OK] RU | 39ms
2026-02-15 22:19:22 [INFO]    [PING OK] RU | 233ms
2026-02-15 22:19:22 [INFO]    [PING OK] RU | 232ms
2026-02-15 22:19:22 [INFO]    [PING OK] PL | 155ms
2026-02-15 22:19:22 [INFO]    [PING OK] RU | 259ms
2026-02-15 22:19:22 [INFO]    [PING OK] RU | 279ms
2026-02-15 22:19:23 [INFO]    [PING OK] RU | 310ms
2026-02-15 22:19:23 [INFO]    [PING OK] RU | 4327ms
2026-02-15 22:19:23 [INFO]    [PING OK] RU | 182ms
2026-02-15 22:19:23 [INFO]    [PING OK] RU | 213ms
2026-02-15 22:19:23 [INFO]    [PING OK] RU | 215ms
2026-02-15 22:19:23 [INFO]    [PING OK] RU | 470ms
2026-02-15 22:19:23 [INFO]    [PING OK] RU | 59ms
2026-02-15 22:19:23 [INFO]    [PING OK] RU | 66ms
2026-02-15 22:19:23 [INFO]    [PING OK] RU | 238ms
2026-02-15 22:19:23 [INFO]    [PING OK] RU | 161ms
2026-02-15 22:19:23 [INFO]    [PING OK] RU | 151ms
2026-02-15 22:19:23 [INFO]    [PING OK] RU | 258ms
2026-02-15 22:19:24 [INFO]    [PING OK] RU | 136ms
2026-02-15 22:19:24 [INFO]    [PING OK] RU | 216ms
2026-02-15 22:19:24 [INFO]    [PING OK] HU | 325ms
2026-02-15 22:19:24 [INFO]    [PING OK] RU | 677ms
2026-02-15 22:19:24 [INFO]    [PING OK] RU | 245ms
2026-02-15 22:19:24 [INFO]    [PING OK] RU | 350ms
2026-02-15 22:19:24 [INFO]    [PING OK] RU | 313ms
2026-02-15 22:19:24 [INFO]    [PING OK] RU | 280ms
2026-02-15 22:19:24 [INFO]    [PING OK] RU | 541ms
2026-02-15 22:19:24 [INFO]    [PING OK] RU | 215ms
2026-02-15 22:19:25 [INFO]    [PING OK] RU | 431ms
2026-02-15 22:19:25 [INFO]    [PING OK] RU | 216ms
2026-02-15 22:19:25 [INFO]    [PING OK] RU | 666ms
2026-02-15 22:19:25 [INFO]    [PING OK] RU | 304ms
2026-02-15 22:19:25 [INFO]    [PING OK] RU | 357ms
2026-02-15 22:19:25 [INFO]    [PING OK] RU | 330ms
2026-02-15 22:19:25 [INFO]    [PING OK] RU | 453ms
2026-02-15 22:19:25 [INFO]    [PING OK] RU | 418ms
2026-02-15 22:19:25 [INFO]    [PING OK] RU | 3400ms
2026-02-15 22:19:25 [INFO]    [PING OK] RU | 696ms
2026-02-15 22:19:25 [INFO]    [PING OK] RU | 147ms
2026-02-15 22:19:25 [INFO]    [PING OK] GB | 327ms
2026-02-15 22:19:25 [INFO]    [PING OK] RU | 217ms
2026-02-15 22:19:26 [INFO]    [PING OK] RU | 308ms
2026-02-15 22:19:26 [INFO]    [PING OK] RU | 857ms
2026-02-15 22:19:26 [INFO]    [PING OK] NL | 208ms
2026-02-15 22:19:26 [INFO]    [PING OK] RU | 790ms
2026-02-15 22:19:26 [INFO]    [PING OK] DE | 222ms
2026-02-15 22:19:26 [INFO]    [PING OK] RU | 2764ms
2026-02-15 22:19:26 [INFO]    [PING OK] FI | 217ms
2026-02-15 22:19:27 [INFO]    [PING OK] CY | 788ms
2026-02-15 22:19:27 [INFO]    [PING OK] SG | 615ms
2026-02-15 22:19:28 [INFO]    [PING OK] DE | 173ms
2026-02-15 22:19:28 [INFO]    [PING OK] NL | 243ms
2026-02-15 22:19:28 [INFO]    [PING OK] TR | 453ms
2026-02-15 22:19:28 [INFO]    [PING OK] DE | 232ms
2026-02-15 22:19:29 [INFO]    [PING OK] GB | 548ms
2026-02-15 22:19:29 [INFO]    [PING OK] RU | 4214ms
2026-02-15 22:19:29 [INFO]    [PING OK] RU | 299ms
2026-02-15 22:19:29 [INFO]    [PING OK] GB | 250ms
2026-02-15 22:19:29 [INFO]    [PING OK] DE | 206ms
2026-02-15 22:19:30 [INFO]    [PING OK] CY | 780ms
2026-02-15 22:19:30 [INFO]    [PING OK] DE | 136ms
2026-02-15 22:19:30 [INFO]    [PING OK] CY | 393ms
2026-02-15 22:19:30 [INFO]    [PING OK] NL | 1013ms
2026-02-15 22:19:30 [INFO]    [PING OK] KZ | 193ms
2026-02-15 22:19:30 [INFO]    [PING OK] PL | 98ms
2026-02-15 22:19:30 [INFO]    [PING OK] DE | 496ms
2026-02-15 22:19:31 [INFO]    [PING OK] CY | 766ms
2026-02-15 22:19:31 [INFO]    [PING OK] LV | 351ms
2026-02-15 22:19:31 [INFO]    [PING OK] LV | 186ms
2026-02-15 22:19:31 [INFO]    [PING OK] GB | 560ms
2026-02-15 22:19:32 [INFO]    [PING OK] NL | 223ms
2026-02-15 22:19:32 [INFO]    [PING OK] IQ | 191ms
2026-02-15 22:19:32 [INFO]    [PING OK] NL | 225ms
2026-02-15 22:19:32 [INFO]    [PING OK] MY | 925ms
2026-02-15 22:19:32 [INFO]    [PING OK] ES | 773ms
2026-02-15 22:19:32 [INFO]    [PING OK] FR | 383ms
2026-02-15 22:19:33 [INFO]    [PING OK] RU | 421ms
2026-02-15 22:19:33 [INFO]    [PING OK] JP | 1847ms
2026-02-15 22:19:37 [INFO] 🏎️ ЭТАП 2: Глубокий замер скорости для ТОП-10 серверов...
2026-02-15 22:19:43 [INFO]    🏆 PL | Пинг: 98ms | Скорость: 8.59 Mbps ⚡⚡
2026-02-15 22:19:43 [INFO]    🏆 DE | Пинг: 131ms | Скорость: 8.39 Mbps ⚡⚡
2026-02-15 22:19:43 [INFO]    🏆 DE | Пинг: 136ms | Скорость: 0.0 Mbps 
2026-02-15 22:19:43 [INFO]    🏆 PL | Пинг: 155ms | Скорость: 8.54 Mbps ⚡⚡
2026-02-15 22:19:43 [INFO]    🏆 PL | Пинг: 168ms | Скорость: 8.43 Mbps ⚡⚡
2026-02-15 22:19:43 [INFO]    🏆 DE | Пинг: 173ms | Скорость: 8.57 Mbps ⚡⚡
2026-02-15 22:19:43 [INFO]    🏆 PL | Пинг: 180ms | Скорость: 8.75 Mbps ⚡⚡
2026-02-15 22:19:43 [INFO]    🏆 DE | Пинг: 181ms | Скорость: 8.66 Mbps ⚡⚡
2026-02-15 22:19:43 [INFO]    🏆 LV | Пинг: 186ms | Скорость: 8.66 Mbps ⚡⚡
2026-02-15 22:19:43 [INFO]    🏆 RU | Пинг: 39ms | Скорость: 8.73 Mbps ⚡⚡
2026-02-15 22:19:43 [INFO] 🇷🇺 Добавлен RU сервер: 85.192.32.30
2026-02-15 22:19:43 [INFO] 📊 Итого в подписке сохранено: 10 серверов
2026-02-15 22:19:43 [INFO] 💾 Файл успешно сохранен: FL1PVPN
