2026-02-21 16:20:06 [INFO] 🚀 START: Smart Selector (Target: 10, ONLY FOREIGN)
2026-02-21 16:20:06 [INFO] 🌐 Загрузка источников (VLESS + VMess)...
2026-02-21 16:20:08 [INFO] 🔍 Уникальных конфигов собрано: 212
2026-02-21 16:20:08 [INFO] ⚡ ЭТАП 1: Замер Пинга и Геолокации. Workers: 40...
2026-02-21 16:20:14 [INFO]    [PING OK] DE | VLESS | 4609ms
2026-02-21 16:20:14 [INFO]    [PING OK] DE | VLESS | 4601ms
2026-02-21 16:20:14 [INFO]    [PING OK] DE | VLESS | 4563ms
2026-02-21 16:20:14 [INFO]    [PING OK] CZ | VLESS | 4376ms
2026-02-21 16:20:14 [INFO]    [PING OK] DE | VLESS | 3686ms
2026-02-21 16:20:15 [INFO]    [PING OK] DE | VLESS | 4915ms
2026-02-21 16:20:15 [INFO]    [PING OK] DE | VLESS | 3176ms
2026-02-21 16:20:15 [INFO]    [PING OK] ES | VLESS | 3341ms
2026-02-21 16:20:15 [INFO]    [PING OK] HU | VLESS | 3086ms
2026-02-21 16:20:15 [INFO]    [PING OK] DE | VLESS | 3009ms
2026-02-21 16:20:15 [INFO]    [PING OK] DE | VLESS | 4786ms
2026-02-21 16:20:16 [INFO]    [PING OK] DE | VLESS | 5804ms
2026-02-21 16:20:16 [INFO]    [PING OK] DE | VLESS | 6547ms
2026-02-21 16:20:17 [INFO]    [PING OK] IT | VLESS | 2657ms
2026-02-21 16:20:17 [INFO]    [PING OK] ES | VLESS | 2759ms
2026-02-21 16:20:18 [INFO]    [PING OK] PL | VLESS | 2830ms
2026-02-21 16:20:18 [INFO]    [PING OK] ES | VLESS | 2810ms
2026-02-21 16:20:18 [INFO]    [PING OK] HU | VLESS | 2971ms
2026-02-21 16:20:18 [INFO]    [PING OK] DE | VLESS | 6986ms
2026-02-21 16:20:18 [INFO]    [PING OK] IT | VLESS | 3121ms
2026-02-21 16:20:18 [INFO]    [PING OK] TR | VLESS | 2835ms
2026-02-21 16:20:18 [INFO]    [PING OK] DE | VLESS | 8538ms
2026-02-21 16:20:18 [INFO]    [PING OK] TR | VLESS | 2973ms
2026-02-21 16:20:18 [INFO]    [PING OK] PL | VLESS | 3544ms
2026-02-21 16:20:18 [INFO]    [PING OK] DE | VLESS | 8118ms
2026-02-21 16:20:18 [INFO]    [PING OK] ES | VLESS | 2692ms
2026-02-21 16:20:19 [INFO]    [PING OK] ES | VLESS | 2166ms
2026-02-21 16:20:19 [INFO]    [PING OK] PL | VLESS | 2462ms
2026-02-21 16:20:19 [INFO]    [PING OK] TR | VLESS | 3059ms
2026-02-21 16:20:19 [INFO]    [PING OK] TR | VLESS | 3278ms
2026-02-21 16:20:19 [INFO]    [PING OK] PL | VLESS | 3402ms
2026-02-21 16:20:19 [INFO]    [PING OK] IT | VLESS | 4772ms
2026-02-21 16:20:19 [INFO]    [PING OK] DE | VLESS | 5046ms
2026-02-21 16:20:20 [INFO]    [PING OK] DE | VLESS | 6531ms
2026-02-21 16:20:20 [INFO]    [PING OK] PL | VLESS | 2285ms
2026-02-21 16:20:21 [INFO]    [PING OK] HU | VLESS | 2529ms
2026-02-21 16:20:21 [INFO]    [PING OK] CA | VLESS | 5968ms
2026-02-21 16:20:22 [INFO]    [PING OK] TR | VLESS | 4753ms
2026-02-21 16:20:22 [INFO]    [PING OK] IT | VLESS | 3070ms
2026-02-21 16:20:22 [INFO]    [PING OK] TR | VLESS | 3263ms
2026-02-21 16:20:22 [INFO]    [PING OK] IT | VLESS | 3324ms
2026-02-21 16:20:22 [INFO]    [PING OK] HU | VLESS | 3378ms
2026-02-21 16:20:23 [INFO]    [PING OK] TR | VLESS | 3529ms
2026-02-21 16:20:23 [INFO]    [PING OK] ES | VLESS | 3715ms
2026-02-21 16:20:23 [INFO]    [PING OK] ES | VLESS | 4046ms
2026-02-21 16:20:23 [INFO]    [PING OK] HU | VLESS | 3640ms
2026-02-21 16:20:23 [INFO]    [PING OK] EE | VLESS | 3951ms
2026-02-21 16:20:23 [INFO]    [PING OK] ES | VLESS | 3660ms
2026-02-21 16:20:23 [INFO]    [PING OK] HU | VLESS | 3584ms
2026-02-21 16:20:24 [INFO]    [PING OK] ES | VLESS | 3807ms
2026-02-21 16:20:24 [INFO]    [PING OK] IT | VLESS | 4108ms
2026-02-21 16:20:24 [INFO]    [PING OK] HU | VLESS | 4037ms
2026-02-21 16:20:24 [INFO]    [PING OK] DE | VLESS | 5705ms
2026-02-21 16:20:24 [INFO]    [PING OK] IT | VLESS | 3961ms
2026-02-21 16:20:24 [INFO]    [PING OK] PL | VLESS | 3823ms
2026-02-21 16:20:25 [INFO]    [PING OK] PL | VLESS | 4448ms
2026-02-21 16:20:26 [INFO]    [PING OK] PL | VLESS | 5493ms
2026-02-21 16:20:28 [INFO]    [PING OK] TR | VLESS | 3923ms
2026-02-21 16:20:28 [INFO]    [PING OK] TR | VLESS | 4891ms
2026-02-21 16:20:28 [INFO]    [PING OK] PL | VLESS | 4197ms
2026-02-21 16:20:31 [INFO]    [PING OK] FI | VLESS | 1664ms
2026-02-21 16:20:31 [INFO]    [PING OK] DE | VLESS | 2955ms
2026-02-21 16:20:32 [INFO]    [PING OK] FI | VLESS | 2867ms
2026-02-21 16:20:32 [INFO]    [PING OK] CA | VLESS | 8333ms
2026-02-21 16:20:35 [INFO]    [PING OK] DE | VLESS | 11741ms
2026-02-21 16:20:36 [INFO] 🏎️ ЭТАП 2: Глубокий замер скорости для 40 иностранных кандидатов...
2026-02-21 16:20:39 [INFO]    🏆 FI | VLESS | Пинг: 1664ms | Скорость: 7.59 Mbps ⚡⚡
2026-02-21 16:20:39 [INFO]    🏆 PL | VLESS | Пинг: 2462ms | Скорость: 7.43 Mbps ⚡⚡
2026-02-21 16:20:39 [INFO]    🏆 HU | VLESS | Пинг: 2971ms | Скорость: 7.58 Mbps ⚡⚡
2026-02-21 16:20:39 [INFO]    🏆 ES | VLESS | Пинг: 2810ms | Скорость: 7.29 Mbps ⚡⚡
2026-02-21 16:20:39 [INFO]    🏆 PL | VLESS | Пинг: 2830ms | Скорость: 7.28 Mbps ⚡⚡
2026-02-21 16:20:40 [INFO]    🏆 TR | VLESS | Пинг: 2835ms | Скорость: 7.32 Mbps ⚡⚡
2026-02-21 16:20:40 [INFO]    🏆 TR | VLESS | Пинг: 2973ms | Скорость: 7.53 Mbps ⚡⚡
2026-02-21 16:20:40 [INFO]    🏆 ES | VLESS | Пинг: 2166ms | Скорость: 5.31 Mbps ⚡⚡
2026-02-21 16:20:41 [INFO]    🏆 PL | VLESS | Пинг: 2285ms | Скорость: 4.64 Mbps ⚡⚡
2026-02-21 16:20:42 [INFO]    🏆 HU | VLESS | Пинг: 3086ms | Скорость: 11.33 Mbps ⚡⚡
2026-02-21 16:20:42 [INFO]    🏆 FI | VLESS | Пинг: 2867ms | Скорость: 3.54 Mbps ⚡⚡
2026-02-21 16:20:43 [INFO]    🏆 DE | VLESS | Пинг: 2955ms | Скорость: 1.61 Mbps ⚡
2026-02-21 16:20:43 [INFO]    🏆 HU | VLESS | Пинг: 2529ms | Скорость: 3.05 Mbps ⚡⚡
2026-02-21 16:20:43 [INFO]    🏆 ES | VLESS | Пинг: 2759ms | Скорость: 1.5 Mbps ⚡
2026-02-21 16:20:44 [INFO]    🏆 HU | VLESS | Пинг: 3378ms | Скорость: 15.22 Mbps ⚡⚡
2026-02-21 16:20:45 [INFO]    🏆 HU | VLESS | Пинг: 3584ms | Скорость: 10.45 Mbps ⚡⚡
2026-02-21 16:20:46 [INFO]    🏆 ES | VLESS | Пинг: 3660ms | Скорость: 8.72 Mbps ⚡⚡
2026-02-21 16:20:46 [INFO]    🏆 TR | VLESS | Пинг: 3059ms | Скорость: 2.43 Mbps ⚡
2026-02-21 16:20:47 [INFO]    🏆 ES | VLESS | Пинг: 3807ms | Скорость: 14.52 Mbps ⚡⚡
2026-02-21 16:20:47 [INFO]    🏆 ES | VLESS | Пинг: 3715ms | Скорость: 7.43 Mbps ⚡⚡
2026-02-21 16:20:47 [INFO]    🏆 TR | VLESS | Пинг: 3263ms | Скорость: 0.93 Mbps 
2026-02-21 16:20:48 [INFO]    🏆 TR | VLESS | Пинг: 3923ms | Скорость: 12.57 Mbps ⚡⚡
2026-02-21 16:20:48 [INFO]    🏆 PL | VLESS | Пинг: 3823ms | Скорость: 11.96 Mbps ⚡⚡
2026-02-21 16:20:49 [INFO]    🏆 PL | VLESS | Пинг: 3544ms | Скорость: 3.87 Mbps ⚡⚡
2026-02-21 16:20:49 [INFO]    🏆 ES | VLESS | Пинг: 3341ms | Скорость: 1.51 Mbps ⚡
2026-02-21 16:20:50 [INFO]    🏆 HU | VLESS | Пинг: 3640ms | Скорость: 1.95 Mbps ⚡
2026-02-21 16:20:53 [INFO]    🏆 HU | VLESS | Пинг: 4037ms | Скорость: 3.22 Mbps ⚡⚡
2026-02-21 16:20:53 [INFO] 📊 Итого в подписке сохранено иностранных серверов: 10
2026-02-21 16:20:53 [INFO] 💾 Файл успешно сохранен: FL1PVPN
