2026-02-23 23:40:05 [INFO] 🚀 START: Smart Selector (Target: 10, ONLY FOREIGN)
2026-02-23 23:40:05 [INFO] 🌐 Загрузка источников (VLESS + VMess)...
2026-02-23 23:40:07 [INFO] 🔍 Уникальных конфигов собрано: 162
2026-02-23 23:40:07 [INFO] ⚡ ЭТАП 1: Замер Пинга и Геолокации. Workers: 40...
2026-02-23 23:40:12 [INFO]    [PING OK] ES | VLESS | 4350ms
2026-02-23 23:40:12 [INFO]    [PING OK] PL | VLESS | 3801ms
2026-02-23 23:40:12 [INFO]    [PING OK] TR | VLESS | 4461ms
2026-02-23 23:40:12 [INFO]    [PING OK] PL | VLESS | 4191ms
2026-02-23 23:40:13 [INFO]    [PING OK] TR | VLESS | 4417ms
2026-02-23 23:40:13 [INFO]    [PING OK] IT | VLESS | 4208ms
2026-02-23 23:40:13 [INFO]    [PING OK] US | VLESS | 4526ms
2026-02-23 23:40:13 [INFO]    [PING OK] IT | VLESS | 4330ms
2026-02-23 23:40:13 [INFO]    [PING OK] PL | VLESS | 4351ms
2026-02-23 23:40:13 [INFO]    [PING OK] PL | VLESS | 4729ms
2026-02-23 23:40:13 [INFO]    [PING OK] ES | VLESS | 3885ms
2026-02-23 23:40:13 [INFO]    [PING OK] DE | VLESS | 3994ms
2026-02-23 23:40:13 [INFO]    [PING OK] ES | VLESS | 4140ms
2026-02-23 23:40:13 [INFO]    [PING OK] ES | VLESS | 4400ms
2026-02-23 23:40:13 [INFO]    [PING OK] ES | VLESS | 4132ms
2026-02-23 23:40:13 [INFO]    [PING OK] IT | VLESS | 4223ms
2026-02-23 23:40:13 [INFO]    [PING OK] EE | VLESS | 3853ms
2026-02-23 23:40:13 [INFO]    [PING OK] EE | VLESS | 4160ms
2026-02-23 23:40:14 [INFO]    [PING OK] TR | VLESS | 4750ms
2026-02-23 23:40:14 [INFO]    [PING OK] HU | VLESS | 3880ms
2026-02-23 23:40:14 [INFO]    [PING OK] PL | VLESS | 4438ms
2026-02-23 23:40:15 [INFO]    [PING OK] HU | VLESS | 4922ms
2026-02-23 23:40:15 [INFO]    [PING OK] TR | VLESS | 4306ms
2026-02-23 23:40:17 [INFO]    [PING OK] HU | VLESS | 4892ms
2026-02-23 23:40:17 [INFO]    [PING OK] HU | VLESS | 5016ms
2026-02-23 23:40:18 [INFO]    [PING OK] ES | VLESS | 5154ms
2026-02-23 23:40:18 [INFO]    [PING OK] DE | VLESS | 5232ms
2026-02-23 23:40:19 [INFO]    [PING OK] PL | VLESS | 5407ms
2026-02-23 23:40:19 [INFO]    [PING OK] DE | VLESS | 5262ms
2026-02-23 23:40:19 [INFO]    [PING OK] SE | VLESS | 5443ms
2026-02-23 23:40:19 [INFO]    [PING OK] HU | VLESS | 5525ms
2026-02-23 23:40:19 [INFO]    [PING OK] SE | VLESS | 5228ms
2026-02-23 23:40:19 [INFO]    [PING OK] ES | VLESS | 5647ms
2026-02-23 23:40:19 [INFO]    [PING OK] DE | VLESS | 5662ms
2026-02-23 23:40:19 [INFO]    [PING OK] DE | VLESS | 5221ms
2026-02-23 23:40:19 [INFO]    [PING OK] DE | VLESS | 5502ms
2026-02-23 23:40:20 [INFO]    [PING OK] CZ | VLESS | 5652ms
2026-02-23 23:40:20 [INFO]    [PING OK] SE | VLESS | 5719ms
2026-02-23 23:40:20 [INFO]    [PING OK] SE | VLESS | 5724ms
2026-02-23 23:40:20 [INFO]    [PING OK] SE | VLESS | 5875ms
2026-02-23 23:40:20 [INFO]    [PING OK] SE | VLESS | 5692ms
2026-02-23 23:40:20 [INFO]    [PING OK] CA | VLESS | 6344ms
2026-02-23 23:40:21 [INFO]    [PING OK] DE | VLESS | 4962ms
2026-02-23 23:40:22 [INFO]    [PING OK] SE | VLESS | 4126ms
2026-02-23 23:40:22 [INFO]    [PING OK] DE | VLESS | 3722ms
2026-02-23 23:40:22 [INFO]    [PING OK] SE | VLESS | 3890ms
2026-02-23 23:40:22 [INFO]    [PING OK] DE | VLESS | 8462ms
2026-02-23 23:40:22 [INFO]    [PING OK] SE | VLESS | 3888ms
2026-02-23 23:40:22 [INFO]    [PING OK] SE | VLESS | 3106ms
2026-02-23 23:40:23 [INFO]    [PING OK] SE | VLESS | 2693ms
2026-02-23 23:40:23 [INFO]    [PING OK] SE | VLESS | 3300ms
2026-02-23 23:40:23 [INFO]    [PING OK] DE | VLESS | 2700ms
2026-02-23 23:40:23 [INFO]    [PING OK] GB | VLESS | 2805ms
2026-02-23 23:40:23 [INFO]    [PING OK] SE | VLESS | 2083ms
2026-02-23 23:40:23 [INFO]    [PING OK] DE | VLESS | 2989ms
2026-02-23 23:40:23 [INFO]    [PING OK] DE | VLESS | 2804ms
2026-02-23 23:40:23 [INFO]    [PING OK] CA | VLESS | 9328ms
2026-02-23 23:40:24 [INFO]    [PING OK] CA | VLESS | 6716ms
2026-02-23 23:40:25 [INFO]    [PING OK] CA | VLESS | 5279ms
2026-02-23 23:40:27 [INFO] 🏎️ ЭТАП 2: Глубокий замер скорости для 40 иностранных кандидатов...
2026-02-23 23:40:32 [INFO]    🏆 SE | VLESS | Пинг: 2693ms | Скорость: 5.41 Mbps ⚡⚡
2026-02-23 23:40:32 [INFO]    🏆 DE | VLESS | Пинг: 2804ms | Скорость: 5.08 Mbps ⚡⚡
2026-02-23 23:40:32 [INFO]    🏆 SE | VLESS | Пинг: 3106ms | Скорость: 5.13 Mbps ⚡⚡
2026-02-23 23:40:32 [INFO]    🏆 HU | VLESS | Пинг: 3880ms | Скорость: 5.23 Mbps ⚡⚡
2026-02-23 23:40:32 [INFO]    🏆 DE | VLESS | Пинг: 2700ms | Скорость: 4.92 Mbps ⚡⚡
2026-02-23 23:40:32 [INFO]    🏆 DE | VLESS | Пинг: 2989ms | Скорость: 5.04 Mbps ⚡⚡
2026-02-23 23:40:32 [INFO]    🏆 PL | VLESS | Пинг: 3801ms | Скорость: 5.04 Mbps ⚡⚡
2026-02-23 23:40:32 [INFO]    🏆 ES | VLESS | Пинг: 3885ms | Скорость: 5.12 Mbps ⚡⚡
2026-02-23 23:40:32 [INFO]    🏆 EE | VLESS | Пинг: 3853ms | Скорость: 4.92 Mbps ⚡⚡
2026-02-23 23:40:33 [INFO]    🏆 DE | VLESS | Пинг: 3722ms | Скорость: 4.49 Mbps ⚡⚡
2026-02-23 23:40:33 [INFO]    🏆 GB | VLESS | Пинг: 2805ms | Скорость: 4.41 Mbps ⚡⚡
2026-02-23 23:40:34 [INFO]    🏆 DE | VLESS | Пинг: 3994ms | Скорость: 10.72 Mbps ⚡⚡
2026-02-23 23:40:36 [INFO]    🏆 ES | VLESS | Пинг: 4140ms | Скорость: 5.59 Mbps ⚡⚡
2026-02-23 23:40:36 [INFO]    🏆 PL | VLESS | Пинг: 4191ms | Скорость: 5.62 Mbps ⚡⚡
2026-02-23 23:40:37 [INFO]    🏆 PL | VLESS | Пинг: 4438ms | Скорость: 6.46 Mbps ⚡⚡
2026-02-23 23:40:37 [INFO]    🏆 ES | VLESS | Пинг: 4132ms | Скорость: 5.6 Mbps ⚡⚡
2026-02-23 23:40:37 [INFO]    🏆 ES | VLESS | Пинг: 4400ms | Скорость: 5.7 Mbps ⚡⚡
2026-02-23 23:40:37 [INFO]    🏆 IT | VLESS | Пинг: 4208ms | Скорость: 5.58 Mbps ⚡⚡
2026-02-23 23:40:37 [INFO]    🏆 IT | VLESS | Пинг: 4223ms | Скорость: 5.6 Mbps ⚡⚡
2026-02-23 23:40:37 [INFO]    🏆 ES | VLESS | Пинг: 4350ms | Скорость: 5.57 Mbps ⚡⚡
2026-02-23 23:40:37 [INFO]    🏆 PL | VLESS | Пинг: 4351ms | Скорость: 5.64 Mbps ⚡⚡
2026-02-23 23:40:37 [INFO]    🏆 IT | VLESS | Пинг: 4330ms | Скорость: 5.57 Mbps ⚡⚡
2026-02-23 23:40:37 [INFO]    🏆 TR | VLESS | Пинг: 4417ms | Скорость: 6.1 Mbps ⚡⚡
2026-02-23 23:40:37 [INFO]    🏆 SE | VLESS | Пинг: 4126ms | Скорость: 5.21 Mbps ⚡⚡
2026-02-23 23:40:37 [INFO]    🏆 EE | VLESS | Пинг: 4160ms | Скорость: 5.26 Mbps ⚡⚡
2026-02-23 23:40:38 [INFO]    🏆 TR | VLESS | Пинг: 4461ms | Скорость: 6.43 Mbps ⚡⚡
2026-02-23 23:40:39 [INFO]    🏆 TR | VLESS | Пинг: 4306ms | Скорость: 1.53 Mbps ⚡
2026-02-23 23:40:40 [INFO]    🏆 PL | VLESS | Пинг: 4729ms | Скорость: 8.36 Mbps ⚡⚡
2026-02-23 23:40:40 [INFO]    🏆 HU | VLESS | Пинг: 4892ms | Скорость: 8.3 Mbps ⚡⚡
2026-02-23 23:40:40 [INFO]    🏆 HU | VLESS | Пинг: 5016ms | Скорость: 8.42 Mbps ⚡⚡
2026-02-23 23:40:40 [INFO]    🏆 DE | VLESS | Пинг: 5221ms | Скорость: 8.62 Mbps ⚡⚡
2026-02-23 23:40:40 [INFO]    🏆 ES | VLESS | Пинг: 5154ms | Скорость: 8.44 Mbps ⚡⚡
2026-02-23 23:40:40 [INFO]    🏆 HU | VLESS | Пинг: 4922ms | Скорость: 8.33 Mbps ⚡⚡
2026-02-23 23:40:40 [INFO]    🏆 US | VLESS | Пинг: 4526ms | Скорость: 7.79 Mbps ⚡⚡
2026-02-23 23:40:40 [INFO]    🏆 DE | VLESS | Пинг: 4962ms | Скорость: 7.77 Mbps ⚡⚡
2026-02-23 23:40:40 [INFO]    🏆 TR | VLESS | Пинг: 4750ms | Скорость: 7.04 Mbps ⚡⚡
2026-02-23 23:40:40 [INFO] 📊 Итого в подписке сохранено иностранных серверов: 10
2026-02-23 23:40:40 [INFO] 💾 Файл успешно сохранен: FL1PVPN
