2026-02-25 05:40:05 [INFO] 🚀 START: Smart Selector (Target: 10, ONLY FOREIGN)
2026-02-25 05:40:05 [INFO] 🌐 Загрузка источников (VLESS + VMess)...
2026-02-25 05:40:06 [INFO] 🔍 Уникальных конфигов собрано: 174
2026-02-25 05:40:06 [INFO] ⚡ ЭТАП 1: Замер Пинга и Геолокации. Workers: 40...
2026-02-25 05:40:11 [INFO]    [PING OK] FI | VLESS | 4225ms
2026-02-25 05:40:11 [INFO]    [PING OK] DE | VLESS | 4335ms
2026-02-25 05:40:11 [INFO]    [PING OK] FI | VLESS | 4145ms
2026-02-25 05:40:11 [INFO]    [PING OK] NL | VLESS | 4380ms
2026-02-25 05:40:12 [INFO]    [PING OK] FI | VLESS | 3993ms
2026-02-25 05:40:12 [INFO]    [PING OK] NL | VLESS | 4215ms
2026-02-25 05:40:12 [INFO]    [PING OK] DE | VLESS | 4652ms
2026-02-25 05:40:12 [INFO]    [PING OK] DE | VLESS | 4453ms
2026-02-25 05:40:12 [INFO]    [PING OK] NL | VLESS | 4158ms
2026-02-25 05:40:12 [INFO]    [PING OK] US | VLESS | 4335ms
2026-02-25 05:40:12 [INFO]    [PING OK] FI | VLESS | 4574ms
2026-02-25 05:40:12 [INFO]    [PING OK] US | VLESS | 3988ms
2026-02-25 05:40:12 [INFO]    [PING OK] DE | VLESS | 3789ms
2026-02-25 05:40:12 [INFO]    [PING OK] FI | VLESS | 4395ms
2026-02-25 05:40:13 [INFO]    [PING OK] DE | VLESS | 5219ms
2026-02-25 05:40:13 [INFO]    [PING OK] DE | VLESS | 3817ms
2026-02-25 05:40:13 [INFO]    [PING OK] US | VLESS | 3507ms
2026-02-25 05:40:14 [INFO]    [PING OK] DE | VLESS | 3818ms
2026-02-25 05:40:16 [INFO]    [PING OK] FI | VLESS | 3795ms
2026-02-25 05:40:16 [INFO]    [PING OK] FI | VLESS | 3703ms
2026-02-25 05:40:16 [INFO]    [PING OK] NL | VLESS | 3624ms
2026-02-25 05:40:16 [INFO]    [PING OK] NL | VLESS | 3802ms
2026-02-25 05:40:16 [INFO]    [PING OK] FI | VLESS | 3691ms
2026-02-25 05:40:17 [INFO]    [PING OK] FI | VLESS | 3640ms
2026-02-25 05:40:17 [INFO]    [PING OK] US | VLESS | 3676ms
2026-02-25 05:40:17 [INFO]    [PING OK] DE | VLESS | 3808ms
2026-02-25 05:40:17 [INFO]    [PING OK] NL | VLESS | 3678ms
2026-02-25 05:40:17 [INFO]    [PING OK] DE | VLESS | 3479ms
2026-02-25 05:40:17 [INFO]    [PING OK] CA | VLESS | 3617ms
2026-02-25 05:40:17 [INFO]    [PING OK] FR | VLESS | 3809ms
2026-02-25 05:40:17 [INFO]    [PING OK] DE | VLESS | 4717ms
2026-02-25 05:40:17 [INFO]    [PING OK] DE | VLESS | 4719ms
2026-02-25 05:40:17 [INFO]    [PING OK] NL | VLESS | 3962ms
2026-02-25 05:40:18 [INFO]    [PING OK] CA | VLESS | 4055ms
2026-02-25 05:40:18 [INFO]    [PING OK] DE | VLESS | 4167ms
2026-02-25 05:40:19 [INFO]    [PING OK] DE | VLESS | 4614ms
2026-02-25 05:40:19 [INFO]    [PING OK] US | VLESS | 4261ms
2026-02-25 05:40:19 [INFO]    [PING OK] SG | VLESS | 4529ms
2026-02-25 05:40:20 [INFO]    [PING OK] SG | VLESS | 5156ms
2026-02-25 05:40:20 [INFO]    [PING OK] CA | VLESS | 4760ms
2026-02-25 05:40:22 [INFO]    [PING OK] SE | VLESS | 5072ms
2026-02-25 05:40:22 [INFO]    [PING OK] DE | VLESS | 5026ms
2026-02-25 05:40:22 [INFO]    [PING OK] CA | VLESS | 5125ms
2026-02-25 05:40:22 [INFO]    [PING OK] CA | VLESS | 5183ms
2026-02-25 05:40:22 [INFO]    [PING OK] GB | VLESS | 5287ms
2026-02-25 05:40:22 [INFO]    [PING OK] NL | VLESS | 4754ms
2026-02-25 05:40:23 [INFO]    [PING OK] CA | VLESS | 5011ms
2026-02-25 05:40:23 [INFO]    [PING OK] PL | VLESS | 3976ms
2026-02-25 05:40:23 [INFO]    [PING OK] LV | VLESS | 4188ms
2026-02-25 05:40:23 [INFO]    [PING OK] DE | VLESS | 3402ms
2026-02-25 05:40:23 [INFO]    [PING OK] DE | VLESS | 3442ms
2026-02-25 05:40:23 [INFO]    [PING OK] DE | VLESS | 2859ms
2026-02-25 05:40:23 [INFO]    [PING OK] CA | VLESS | 4626ms
2026-02-25 05:40:23 [INFO]    [PING OK] ES | VLESS | 3254ms
2026-02-25 05:40:23 [INFO]    [PING OK] DE | VLESS | 2526ms
2026-02-25 05:40:23 [INFO]    [PING OK] FR | VLESS | 1885ms
2026-02-25 05:40:23 [INFO]    [PING OK] TR | VLESS | 2345ms
2026-02-25 05:40:23 [INFO]    [PING OK] GB | VLESS | 2335ms
2026-02-25 05:40:23 [INFO]    [PING OK] FI | VLESS | 2335ms
2026-02-25 05:40:23 [INFO]    [PING OK] NL | VLESS | 1438ms
2026-02-25 05:40:23 [INFO]    [PING OK] CA | VLESS | 3276ms
2026-02-25 05:40:24 [INFO]    [PING OK] DE | VLESS | 4541ms
2026-02-25 05:40:24 [INFO]    [PING OK] CY | VLESS | 1893ms
2026-02-25 05:40:24 [INFO]    [PING OK] TR | VLESS | 7188ms
2026-02-25 05:40:25 [INFO]    [PING OK] TW | VLESS | 2562ms
2026-02-25 05:40:26 [INFO]    [PING OK] US | VLESS | 4917ms
2026-02-25 05:40:28 [INFO] 🏎️ ЭТАП 2: Глубокий замер скорости для 40 иностранных кандидатов...
2026-02-25 05:40:32 [INFO]    🏆 DE | VLESS | Пинг: 2859ms | Скорость: 5.73 Mbps ⚡⚡
2026-02-25 05:40:32 [INFO]    🏆 DE | VLESS | Пинг: 2526ms | Скорость: 5.69 Mbps ⚡⚡
2026-02-25 05:40:32 [INFO]    🏆 DE | VLESS | Пинг: 3402ms | Скорость: 5.76 Mbps ⚡⚡
2026-02-25 05:40:32 [INFO]    🏆 NL | VLESS | Пинг: 1438ms | Скорость: 5.57 Mbps ⚡⚡
2026-02-25 05:40:32 [INFO]    🏆 FI | VLESS | Пинг: 2335ms | Скорость: 5.62 Mbps ⚡⚡
2026-02-25 05:40:32 [INFO]    🏆 GB | VLESS | Пинг: 2335ms | Скорость: 5.6 Mbps ⚡⚡
2026-02-25 05:40:32 [INFO]    🏆 DE | VLESS | Пинг: 3479ms | Скорость: 5.86 Mbps ⚡⚡
2026-02-25 05:40:32 [INFO]    🏆 US | VLESS | Пинг: 3507ms | Скорость: 5.75 Mbps ⚡⚡
2026-02-25 05:40:32 [INFO]    🏆 TR | VLESS | Пинг: 2345ms | Скорость: 5.56 Mbps ⚡⚡
2026-02-25 05:40:32 [INFO]    🏆 DE | VLESS | Пинг: 3442ms | Скорость: 5.58 Mbps ⚡⚡
2026-02-25 05:40:32 [INFO]    🏆 FR | VLESS | Пинг: 1885ms | Скорость: 5.13 Mbps ⚡⚡
2026-02-25 05:40:33 [INFO]    🏆 CY | VLESS | Пинг: 1893ms | Скорость: 3.9 Mbps ⚡⚡
2026-02-25 05:40:34 [INFO]    🏆 TW | VLESS | Пинг: 2562ms | Скорость: 3.74 Mbps ⚡⚡
2026-02-25 05:40:34 [INFO]    🏆 CA | VLESS | Пинг: 3276ms | Скорость: 0.7 Mbps 
2026-02-25 05:40:36 [INFO]    🏆 FI | VLESS | Пинг: 3691ms | Скорость: 6.33 Mbps ⚡⚡
2026-02-25 05:40:36 [INFO]    🏆 DE | VLESS | Пинг: 3789ms | Скорость: 6.48 Mbps ⚡⚡
2026-02-25 05:40:36 [INFO]    🏆 FI | VLESS | Пинг: 3640ms | Скорость: 6.27 Mbps ⚡⚡
2026-02-25 05:40:36 [INFO]    🏆 NL | VLESS | Пинг: 3802ms | Скорость: 6.39 Mbps ⚡⚡
2026-02-25 05:40:36 [INFO]    🏆 FI | VLESS | Пинг: 3795ms | Скорость: 6.22 Mbps ⚡⚡
2026-02-25 05:40:36 [INFO]    🏆 NL | VLESS | Пинг: 3678ms | Скорость: 6.0 Mbps ⚡⚡
2026-02-25 05:40:36 [INFO]    🏆 US | VLESS | Пинг: 3676ms | Скорость: 5.82 Mbps ⚡⚡
2026-02-25 05:40:36 [INFO]    🏆 NL | VLESS | Пинг: 3624ms | Скорость: 5.32 Mbps ⚡⚡
2026-02-25 05:40:38 [INFO]    🏆 DE | VLESS | Пинг: 3817ms | Скорость: 5.85 Mbps ⚡⚡
2026-02-25 05:40:38 [INFO]    🏆 PL | VLESS | Пинг: 3976ms | Скорость: 8.18 Mbps ⚡⚡
2026-02-25 05:40:39 [INFO]    🏆 CA | VLESS | Пинг: 3617ms | Скорость: 0.84 Mbps 
2026-02-25 05:40:39 [INFO]    🏆 NL | VLESS | Пинг: 4158ms | Скорость: 7.64 Mbps ⚡⚡
2026-02-25 05:40:39 [INFO]    🏆 FI | VLESS | Пинг: 4145ms | Скорость: 7.37 Mbps ⚡⚡
2026-02-25 05:40:39 [INFO]    🏆 NL | VLESS | Пинг: 4215ms | Скорость: 8.14 Mbps ⚡⚡
2026-02-25 05:40:39 [INFO]    🏆 DE | VLESS | Пинг: 4167ms | Скорость: 7.76 Mbps ⚡⚡
2026-02-25 05:40:39 [INFO]    🏆 FI | VLESS | Пинг: 3993ms | Скорость: 7.35 Mbps ⚡⚡
2026-02-25 05:40:39 [INFO]    🏆 FI | VLESS | Пинг: 4225ms | Скорость: 8.08 Mbps ⚡⚡
2026-02-25 05:40:39 [INFO]    🏆 US | VLESS | Пинг: 3988ms | Скорость: 7.16 Mbps ⚡⚡
2026-02-25 05:40:40 [INFO]    🏆 DE | VLESS | Пинг: 3818ms | Скорость: 0.77 Mbps 
2026-02-25 05:40:40 [INFO] 📊 Итого в подписке сохранено иностранных серверов: 10
2026-02-25 05:40:40 [INFO] 💾 Файл успешно сохранен: FL1PVPN
