2026-02-22 12:00:06 [INFO] 🚀 START: Smart Selector (Target: 10, ONLY FOREIGN)
2026-02-22 12:00:06 [INFO] 🌐 Загрузка источников (VLESS + VMess)...
2026-02-22 12:00:10 [INFO] 🔍 Уникальных конфигов собрано: 257
2026-02-22 12:00:10 [INFO] ⚡ ЭТАП 1: Замер Пинга и Геолокации. Workers: 40...
2026-02-22 12:00:16 [INFO]    [PING OK] DE | VLESS | 5180ms
2026-02-22 12:00:16 [INFO]    [PING OK] CZ | VLESS | 5397ms
2026-02-22 12:00:16 [INFO]    [PING OK] NL | VLESS | 4208ms
2026-02-22 12:00:16 [INFO]    [PING OK] DE | VLESS | 5751ms
2026-02-22 12:00:17 [INFO]    [PING OK] DE | VLESS | 6134ms
2026-02-22 12:00:18 [INFO]    [PING OK] PL | VLESS | 5893ms
2026-02-22 12:00:19 [INFO]    [PING OK] PL | VLESS | 2797ms
2026-02-22 12:00:19 [INFO]    [PING OK] HU | VLESS | 2650ms
2026-02-22 12:00:19 [INFO]    [PING OK] ES | VLESS | 2704ms
2026-02-22 12:00:19 [INFO]    [PING OK] TR | VLESS | 5687ms
2026-02-22 12:00:19 [INFO]    [PING OK] TR | VLESS | 2587ms
2026-02-22 12:00:19 [INFO]    [PING OK] NL | VLESS | 2637ms
2026-02-22 12:00:19 [INFO]    [PING OK] US | VLESS | 2821ms
2026-02-22 12:00:20 [INFO]    [PING OK] PL | VLESS | 2431ms
2026-02-22 12:00:20 [INFO]    [PING OK] TR | VLESS | 2612ms
2026-02-22 12:00:20 [INFO]    [PING OK] ES | VLESS | 2664ms
2026-02-22 12:00:20 [INFO]    [PING OK] NL | VLESS | 2499ms
2026-02-22 12:00:20 [INFO]    [PING OK] TR | VLESS | 3603ms
2026-02-22 12:00:20 [INFO]    [PING OK] HU | VLESS | 2399ms
2026-02-22 12:00:20 [INFO]    [PING OK] TR | VLESS | 2476ms
2026-02-22 12:00:22 [INFO]    [PING OK] ES | VLESS | 2862ms
2026-02-22 12:00:22 [INFO]    [PING OK] CA | VLESS | 4401ms
2026-02-22 12:00:22 [INFO]    [PING OK] PL | VLESS | 3218ms
2026-02-22 12:00:23 [INFO]    [PING OK] HU | VLESS | 3430ms
2026-02-22 12:00:23 [INFO]    [PING OK] HU | VLESS | 3363ms
2026-02-22 12:00:23 [INFO]    [PING OK] PL | VLESS | 3578ms
2026-02-22 12:00:23 [INFO]    [PING OK] PL | VLESS | 3524ms
2026-02-22 12:00:23 [INFO]    [PING OK] HU | VLESS | 3545ms
2026-02-22 12:00:23 [INFO]    [PING OK] ES | VLESS | 3710ms
2026-02-22 12:00:23 [INFO]    [PING OK] HU | VLESS | 3553ms
2026-02-22 12:00:24 [INFO]    [PING OK] PL | VLESS | 3544ms
2026-02-22 12:00:24 [INFO]    [PING OK] DE | VLESS | 3816ms
2026-02-22 12:00:25 [INFO]    [PING OK] PL | VLESS | 3952ms
2026-02-22 12:00:26 [INFO]    [PING OK] ES | VLESS | 4213ms
2026-02-22 12:00:26 [INFO]    [PING OK] PL | VLESS | 4523ms
2026-02-22 12:00:26 [INFO]    [PING OK] CA | VLESS | 4409ms
2026-02-22 12:00:26 [INFO]    [PING OK] DE | VLESS | 5640ms
2026-02-22 12:00:26 [INFO]    [PING OK] PL | VLESS | 4822ms
2026-02-22 12:00:27 [INFO]    [PING OK] DE | VLESS | 4775ms
2026-02-22 12:00:27 [INFO]    [PING OK] NL | VLESS | 4706ms
2026-02-22 12:00:28 [INFO]    [PING OK] HU | VLESS | 5087ms
2026-02-22 12:00:28 [INFO]    [PING OK] PL | VLESS | 5263ms
2026-02-22 12:00:29 [INFO]    [PING OK] PL | VLESS | 6502ms
2026-02-22 12:00:29 [INFO]    [PING OK] CA | VLESS | 5075ms
2026-02-22 12:00:30 [INFO]    [PING OK] DE | VLESS | 4860ms
2026-02-22 12:00:30 [INFO]    [PING OK] CA | VLESS | 5619ms
2026-02-22 12:00:31 [INFO]    [PING OK] NL | VLESS | 4344ms
2026-02-22 12:00:31 [INFO]    [PING OK] US | VLESS | 5177ms
2026-02-22 12:00:31 [INFO]    [PING OK] CA | VLESS | 4840ms
2026-02-22 12:00:32 [INFO]    [PING OK] NL | VLESS | 6855ms
2026-02-22 12:00:32 [INFO]    [PING OK] CA | VLESS | 4811ms
2026-02-22 12:00:32 [INFO]    [PING OK] CA | VLESS | 5114ms
2026-02-22 12:00:32 [INFO]    [PING OK] DE | VLESS | 4309ms
2026-02-22 12:00:33 [INFO]    [PING OK] CA | VLESS | 4687ms
2026-02-22 12:00:33 [INFO]    [PING OK] CA | VLESS | 5224ms
2026-02-22 12:00:34 [INFO]    [PING OK] CA | VLESS | 5399ms
2026-02-22 12:00:35 [INFO]    [PING OK] DE | VLESS | 4805ms
2026-02-22 12:00:35 [INFO]    [PING OK] CA | VLESS | 5089ms
2026-02-22 12:00:35 [INFO]    [PING OK] DE | VLESS | 4449ms
2026-02-22 12:00:35 [INFO]    [PING OK] CA | VLESS | 6103ms
2026-02-22 12:00:35 [INFO]    [PING OK] CA | VLESS | 4619ms
2026-02-22 12:00:36 [INFO]    [PING OK] CA | VLESS | 4638ms
2026-02-22 12:00:36 [INFO]    [PING OK] FI | VLESS | 2894ms
2026-02-22 12:00:36 [INFO]    [PING OK] CA | VLESS | 4076ms
2026-02-22 12:00:36 [INFO]    [PING OK] BY | VLESS | 1495ms
2026-02-22 12:00:36 [INFO]    [PING OK] CA | VLESS | 4477ms
2026-02-22 12:00:38 [INFO]    [PING OK] CA | VLESS | 3468ms
2026-02-22 12:00:38 [INFO]    [PING OK] CA | VLESS | 3385ms
2026-02-22 12:00:39 [INFO]    [PING OK] CA | VLESS | 3893ms
2026-02-22 12:00:39 [INFO]    [PING OK] CA | VLESS | 6013ms
2026-02-22 12:00:40 [INFO]    [PING OK] CA | VLESS | 7493ms
2026-02-22 12:00:40 [INFO]    [PING OK] CA | VLESS | 8016ms
2026-02-22 12:00:41 [INFO] 🏎️ ЭТАП 2: Глубокий замер скорости для 40 иностранных кандидатов...
2026-02-22 12:00:44 [INFO]    🏆 NL | VLESS | Пинг: 2499ms | Скорость: 8.22 Mbps ⚡⚡
2026-02-22 12:00:44 [INFO]    🏆 HU | VLESS | Пинг: 2399ms | Скорость: 7.71 Mbps ⚡⚡
2026-02-22 12:00:45 [INFO]    🏆 HU | VLESS | Пинг: 2650ms | Скорость: 7.2 Mbps ⚡⚡
2026-02-22 12:00:45 [INFO]    🏆 PL | VLESS | Пинг: 2431ms | Скорость: 6.93 Mbps ⚡⚡
2026-02-22 12:00:45 [INFO]    🏆 NL | VLESS | Пинг: 2637ms | Скорость: 7.01 Mbps ⚡⚡
2026-02-22 12:00:45 [INFO]    🏆 TR | VLESS | Пинг: 2587ms | Скорость: 6.65 Mbps ⚡⚡
2026-02-22 12:00:45 [INFO]    🏆 TR | VLESS | Пинг: 2612ms | Скорость: 6.75 Mbps ⚡⚡
2026-02-22 12:00:45 [INFO]    🏆 ES | VLESS | Пинг: 2704ms | Скорость: 6.83 Mbps ⚡⚡
2026-02-22 12:00:45 [INFO]    🏆 TR | VLESS | Пинг: 2476ms | Скорость: 6.18 Mbps ⚡⚡
2026-02-22 12:00:45 [INFO]    🏆 FI | VLESS | Пинг: 2894ms | Скорость: 6.07 Mbps ⚡⚡
2026-02-22 12:00:47 [INFO]    🏆 ES | VLESS | Пинг: 2664ms | Скорость: 4.38 Mbps ⚡⚡
2026-02-22 12:00:47 [INFO]    🏆 US | VLESS | Пинг: 2821ms | Скорость: 3.96 Mbps ⚡⚡
2026-02-22 12:00:47 [INFO]    🏆 HU | VLESS | Пинг: 3363ms | Скорость: 9.0 Mbps ⚡⚡
2026-02-22 12:00:48 [INFO]    🏆 ES | VLESS | Пинг: 2862ms | Скорость: 3.53 Mbps ⚡⚡
2026-02-22 12:00:48 [INFO]    🏆 HU | VLESS | Пинг: 3430ms | Скорость: 7.94 Mbps ⚡⚡
2026-02-22 12:00:48 [INFO]    🏆 PL | VLESS | Пинг: 3524ms | Скорость: 7.48 Mbps ⚡⚡
2026-02-22 12:00:49 [INFO]    🏆 PL | VLESS | Пинг: 3544ms | Скорость: 7.08 Mbps ⚡⚡
2026-02-22 12:00:49 [INFO]    🏆 HU | VLESS | Пинг: 3545ms | Скорость: 7.02 Mbps ⚡⚡
2026-02-22 12:00:49 [INFO]    🏆 PL | VLESS | Пинг: 3578ms | Скорость: 7.32 Mbps ⚡⚡
2026-02-22 12:00:49 [INFO]    🏆 ES | VLESS | Пинг: 3710ms | Скорость: 7.75 Mbps ⚡⚡
2026-02-22 12:00:50 [INFO]    🏆 PL | VLESS | Пинг: 3952ms | Скорость: 10.1 Mbps ⚡⚡
2026-02-22 12:00:50 [INFO]    🏆 NL | VLESS | Пинг: 4208ms | Скорость: 12.43 Mbps ⚡⚡
2026-02-22 12:00:51 [INFO]    🏆 ES | VLESS | Пинг: 4213ms | Скорость: 9.58 Mbps ⚡⚡
2026-02-22 12:00:51 [INFO]    🏆 DE | VLESS | Пинг: 4309ms | Скорость: 10.25 Mbps ⚡⚡
2026-02-22 12:00:51 [INFO]    🏆 NL | VLESS | Пинг: 4344ms | Скорость: 10.88 Mbps ⚡⚡
2026-02-22 12:00:52 [INFO]    🏆 HU | VLESS | Пинг: 3553ms | Скорость: 3.37 Mbps ⚡⚡
2026-02-22 12:00:52 [INFO]    🏆 PL | VLESS | Пинг: 4523ms | Скорость: 16.51 Mbps ⚡⚡
2026-02-22 12:00:56 [INFO] 📊 Итого в подписке сохранено иностранных серверов: 10
2026-02-22 12:00:56 [INFO] 💾 Файл успешно сохранен: FL1PVPN
