2026-02-17 11:30:06 [INFO] 🚀 START: Smart VLESS Selector (Target: 10, Strict Mode)
2026-02-17 11:30:06 [INFO] 🌐 Загрузка источников...
2026-02-17 11:30:08 [INFO] 🔍 Уникальных конфигов собрано: 571
2026-02-17 11:30:08 [INFO] ⚡ ЭТАП 1: Быстрый замер Пинга (Workers: 25)...
2026-02-17 11:30:14 [INFO]    [PING OK] NL | 154ms
2026-02-17 11:30:16 [INFO]    [PING OK] DE | 197ms
2026-02-17 11:30:17 [INFO]    [PING OK] DE | 696ms
2026-02-17 11:30:18 [INFO]    [PING OK] DE | 171ms
2026-02-17 11:30:21 [INFO]    [PING OK] DE | 152ms
2026-02-17 11:30:23 [INFO]    [PING OK] NL | 365ms
2026-02-17 11:30:23 [INFO]    [PING OK] DE | 196ms
2026-02-17 11:30:24 [INFO]    [PING OK] RU | 164ms
2026-02-17 11:30:24 [INFO]    [PING OK] RU | 333ms
2026-02-17 11:30:24 [INFO]    [PING OK] RU | 176ms
2026-02-17 11:30:24 [INFO]    [PING OK] RU | 245ms
2026-02-17 11:30:25 [INFO]    [PING OK] RU | 283ms
2026-02-17 11:30:25 [INFO]    [PING OK] RU | 282ms
2026-02-17 11:30:25 [INFO]    [PING OK] RU | 236ms
2026-02-17 11:30:25 [INFO]    [PING OK] RU | 246ms
2026-02-17 11:30:25 [INFO]    [PING OK] RU | 300ms
2026-02-17 11:30:26 [INFO]    [PING OK] RU | 1310ms
2026-02-17 11:30:26 [INFO]    [PING OK] RU | 255ms
2026-02-17 11:30:26 [INFO]    [PING OK] RU | 317ms
2026-02-17 11:30:26 [INFO]    [PING OK] RU | 323ms
2026-02-17 11:30:26 [INFO]    [PING OK] RU | 276ms
2026-02-17 11:30:27 [INFO]    [PING OK] RU | 930ms
2026-02-17 11:30:27 [INFO]    [PING OK] RU | 350ms
2026-02-17 11:30:27 [INFO]    [PING OK] RU | 303ms
2026-02-17 11:30:27 [INFO]    [PING OK] RU | 220ms
2026-02-17 11:30:27 [INFO]    [PING OK] RU | 282ms
2026-02-17 11:30:27 [INFO]    [PING OK] RU | 213ms
2026-02-17 11:30:27 [INFO]    [PING OK] RU | 255ms
2026-02-17 11:30:27 [INFO]    [PING OK] RU | 293ms
2026-02-17 11:30:27 [INFO]    [PING OK] RU | 235ms
2026-02-17 11:30:27 [INFO]    [PING OK] RU | 110ms
2026-02-17 11:30:28 [INFO]    [PING OK] RU | 840ms
2026-02-17 11:30:28 [INFO]    [PING OK] RU | 4322ms
2026-02-17 11:30:28 [INFO]    [PING OK] RU | 193ms
2026-02-17 11:30:28 [INFO]    [PING OK] RU | 2001ms
2026-02-17 11:30:28 [INFO]    [PING OK] RU | 152ms
2026-02-17 11:30:28 [INFO]    [PING OK] RU | 241ms
2026-02-17 11:30:28 [INFO]    [PING OK] RU | 224ms
2026-02-17 11:30:28 [INFO]    [PING OK] RU | 4092ms
2026-02-17 11:30:28 [INFO]    [PING OK] RU | 141ms
2026-02-17 11:30:28 [INFO]    [PING OK] RU | 293ms
2026-02-17 11:30:28 [INFO]    [PING OK] RU | 294ms
2026-02-17 11:30:28 [INFO]    [PING OK] RU | 347ms
2026-02-17 11:30:28 [INFO]    [PING OK] RU | 302ms
2026-02-17 11:30:29 [INFO]    [PING OK] RU | 306ms
2026-02-17 11:30:29 [INFO]    [PING OK] RU | 143ms
2026-02-17 11:30:29 [INFO]    [PING OK] RU | 164ms
2026-02-17 11:30:29 [INFO]    [PING OK] RU | 200ms
2026-02-17 11:30:29 [INFO]    [PING OK] RU | 113ms
2026-02-17 11:30:29 [INFO]    [PING OK] RU | 336ms
2026-02-17 11:30:29 [INFO]    [PING OK] RU | 304ms
2026-02-17 11:30:29 [INFO]    [PING OK] RU | 102ms
2026-02-17 11:30:29 [INFO]    [PING OK] RU | 2644ms
2026-02-17 11:30:29 [INFO]    [PING OK] RU | 246ms
2026-02-17 11:30:29 [INFO]    [PING OK] RU | 196ms
2026-02-17 11:30:30 [INFO]    [PING OK] RU | 216ms
2026-02-17 11:30:30 [INFO]    [PING OK] RU | 1158ms
2026-02-17 11:30:30 [INFO]    [PING OK] RU | 1123ms
2026-02-17 11:30:30 [INFO]    [PING OK] RU | 189ms
2026-02-17 11:30:30 [INFO]    [PING OK] RU | 345ms
2026-02-17 11:30:30 [INFO]    [PING OK] RU | 2358ms
2026-02-17 11:30:30 [INFO]    [PING OK] RU | 2472ms
2026-02-17 11:30:30 [INFO]    [PING OK] RU | 291ms
2026-02-17 11:30:31 [INFO]    [PING OK] RU | 321ms
2026-02-17 11:30:31 [INFO]    [PING OK] RU | 300ms
2026-02-17 11:30:31 [INFO]    [PING OK] RU | 154ms
2026-02-17 11:30:31 [INFO]    [PING OK] RU | 2025ms
2026-02-17 11:30:31 [INFO]    [PING OK] RU | 244ms
2026-02-17 11:30:31 [INFO]    [PING OK] RU | 1123ms
2026-02-17 11:30:32 [INFO]    [PING OK] RU | 1908ms
2026-02-17 11:30:32 [INFO]    [PING OK] RU | 340ms
2026-02-17 11:30:32 [INFO]    [PING OK] RU | 999ms
2026-02-17 11:30:33 [INFO]    [PING OK] RU | 3624ms
2026-02-17 11:30:33 [INFO]    [PING OK] RU | 2315ms
2026-02-17 11:30:33 [INFO]    [PING OK] RU | 1974ms
2026-02-17 11:30:33 [INFO]    [PING OK] RU | 2082ms
2026-02-17 11:30:34 [INFO]    [PING OK] RU | 3799ms
2026-02-17 11:30:34 [INFO]    [PING OK] RU | 4137ms
2026-02-17 11:30:35 [INFO]    [PING OK] LT | 174ms
2026-02-17 11:30:36 [INFO]    [PING OK] EE | 255ms
2026-02-17 11:30:37 [INFO]    [PING OK] RU | 152ms
2026-02-17 11:30:37 [INFO]    [PING OK] LT | 3383ms
2026-02-17 11:30:41 [INFO]    [PING OK] NL | 571ms
2026-02-17 11:30:43 [INFO]    [PING OK] RU | 257ms
2026-02-17 11:30:45 [INFO]    [PING OK] RU | 311ms
2026-02-17 11:30:46 [INFO]    [PING OK] US | 590ms
2026-02-17 11:30:47 [INFO]    [PING OK] PL | 130ms
2026-02-17 11:30:48 [INFO]    [PING OK] PL | 227ms
2026-02-17 11:30:48 [INFO]    [PING OK] EE | 318ms
2026-02-17 11:30:49 [INFO]    [PING OK] RU | 124ms
2026-02-17 11:30:50 [INFO]    [PING OK] DE | 160ms
2026-02-17 11:30:53 [INFO]    [PING OK] US | 615ms
2026-02-17 11:30:57 [INFO]    [PING OK] AT | 239ms
2026-02-17 11:31:02 [INFO]    [PING OK] DE | 669ms
2026-02-17 11:31:03 [INFO]    [PING OK] NL | 226ms
2026-02-17 11:31:03 [INFO]    [PING OK] CY | 187ms
2026-02-17 11:31:03 [INFO]    [PING OK] US | 1503ms
2026-02-17 11:31:14 [INFO]    [PING OK] NL | 280ms
2026-02-17 11:31:14 [INFO]    [PING OK] LT | 143ms
2026-02-17 11:31:15 [INFO]    [PING OK] NL | 322ms
2026-02-17 11:31:15 [INFO]    [PING OK] US | 528ms
2026-02-17 11:31:24 [INFO]    [PING OK] LT | 146ms
2026-02-17 11:31:25 [INFO]    [PING OK] DE | 173ms
2026-02-17 11:31:27 [INFO]    [PING OK] RU | 120ms
2026-02-17 11:31:33 [INFO]    [PING OK] US | 1185ms
2026-02-17 11:31:33 [INFO]    [PING OK] TR | 267ms
2026-02-17 11:31:36 [INFO]    [PING OK] AE | 129ms
2026-02-17 11:31:43 [INFO]    [PING OK] MD | 135ms
2026-02-17 11:31:43 [INFO]    [PING OK] LV | 326ms
2026-02-17 11:31:44 [INFO]    [PING OK] LV | 936ms
2026-02-17 11:31:47 [INFO] 🏎️ ЭТАП 2: Глубокий замер скорости для ТОП-10 серверов...
2026-02-17 11:31:51 [INFO]    🏆 AE | Пинг: 129ms | Скорость: 8.3 Mbps ⚡⚡
2026-02-17 11:31:51 [INFO]    🏆 PL | Пинг: 130ms | Скорость: 8.14 Mbps ⚡⚡
2026-02-17 11:31:51 [INFO]    🏆 MD | Пинг: 135ms | Скорость: 8.28 Mbps ⚡⚡
2026-02-17 11:31:51 [INFO]    🏆 LT | Пинг: 143ms | Скорость: 8.33 Mbps ⚡⚡
2026-02-17 11:31:51 [INFO]    🏆 LT | Пинг: 146ms | Скорость: 8.41 Mbps ⚡⚡
2026-02-17 11:31:51 [INFO]    🏆 DE | Пинг: 152ms | Скорость: 8.41 Mbps ⚡⚡
2026-02-17 11:31:51 [INFO]    🏆 NL | Пинг: 154ms | Скорость: 8.27 Mbps ⚡⚡
2026-02-17 11:31:51 [INFO]    🏆 DE | Пинг: 160ms | Скорость: 8.68 Mbps ⚡⚡
2026-02-17 11:31:51 [INFO]    🏆 DE | Пинг: 171ms | Скорость: 8.57 Mbps ⚡⚡
2026-02-17 11:31:51 [INFO]    🏆 RU | Пинг: 102ms | Скорость: 7.97 Mbps ⚡⚡
2026-02-17 11:31:51 [INFO] 🇷🇺 Добавлен RU сервер: 95.163.211.158
2026-02-17 11:31:51 [INFO] 📊 Итого в подписке сохранено: 10 серверов
2026-02-17 11:31:51 [INFO] 💾 Файл успешно сохранен: FL1PVPN
