2026-02-17 01:20:06 [INFO] 🚀 START: Smart VLESS Selector (Target: 10, Strict Mode)
2026-02-17 01:20:06 [INFO] 🌐 Загрузка источников...
2026-02-17 01:20:08 [INFO] 🔍 Уникальных конфигов собрано: 667
2026-02-17 01:20:09 [INFO] ⚡ ЭТАП 1: Быстрый замер Пинга (Workers: 25)...
2026-02-17 01:20:10 [INFO]    [PING OK] FR | 377ms
2026-02-17 01:20:10 [INFO]    [PING OK] DE | 425ms
2026-02-17 01:20:11 [INFO]    [PING OK] DE | 376ms
2026-02-17 01:20:11 [INFO]    [PING OK] DE | 183ms
2026-02-17 01:20:12 [INFO]    [PING OK] RU | 207ms
2026-02-17 01:20:13 [INFO]    [PING OK] NL | 139ms
2026-02-17 01:20:14 [INFO]    [PING OK] DE | 202ms
2026-02-17 01:20:15 [INFO]    [PING OK] SG | 151ms
2026-02-17 01:20:15 [INFO]    [PING OK] DE | 317ms
2026-02-17 01:20:15 [INFO]    [PING OK] SC | 594ms
2026-02-17 01:20:16 [INFO]    [PING OK] DE | 167ms
2026-02-17 01:20:16 [INFO]    [PING OK] GB | 189ms
2026-02-17 01:20:17 [INFO]    [PING OK] FI | 1196ms
2026-02-17 01:20:17 [INFO]    [PING OK] DE | 196ms
2026-02-17 01:20:17 [INFO]    [PING OK] RU | 144ms
2026-02-17 01:20:18 [INFO]    [PING OK] FR | 185ms
2026-02-17 01:20:18 [INFO]    [PING OK] US | 700ms
2026-02-17 01:20:19 [INFO]    [PING OK] RU | 184ms
2026-02-17 01:20:19 [INFO]    [PING OK] HU | 351ms
2026-02-17 01:20:19 [INFO]    [PING OK] RU | 286ms
2026-02-17 01:20:19 [INFO]    [PING OK] RU | 38ms
2026-02-17 01:20:19 [INFO]    [PING OK] PL | 176ms
2026-02-17 01:20:20 [INFO]    [PING OK] RU | 266ms
2026-02-17 01:20:20 [INFO]    [PING OK] RU | 136ms
2026-02-17 01:20:20 [INFO]    [PING OK] RU | 239ms
2026-02-17 01:20:20 [INFO]    [PING OK] RU | 326ms
2026-02-17 01:20:20 [INFO]    [PING OK] RU | 70ms
2026-02-17 01:20:20 [INFO]    [PING OK] RU | 300ms
2026-02-17 01:20:20 [INFO]    [PING OK] RU | 102ms
2026-02-17 01:20:20 [INFO]    [PING OK] RU | 306ms
2026-02-17 01:20:21 [INFO]    [PING OK] RU | 90ms
2026-02-17 01:20:21 [INFO]    [PING OK] DE | 158ms
2026-02-17 01:20:21 [INFO]    [PING OK] RU | 79ms
2026-02-17 01:20:21 [INFO]    [PING OK] RU | 91ms
2026-02-17 01:20:21 [INFO]    [PING OK] RU | 1280ms
2026-02-17 01:20:21 [INFO]    [PING OK] RU | 80ms
2026-02-17 01:20:21 [INFO]    [PING OK] RU | 329ms
2026-02-17 01:20:21 [INFO]    [PING OK] US | 192ms
2026-02-17 01:20:21 [INFO]    [PING OK] RU | 59ms
2026-02-17 01:20:21 [INFO]    [PING OK] RU | 275ms
2026-02-17 01:20:21 [INFO]    [PING OK] RU | 339ms
2026-02-17 01:20:22 [INFO]    [PING OK] RU | 132ms
2026-02-17 01:20:22 [INFO]    [PING OK] RU | 256ms
2026-02-17 01:20:22 [INFO]    [PING OK] RU | 181ms
2026-02-17 01:20:22 [INFO]    [PING OK] RU | 214ms
2026-02-17 01:20:22 [INFO]    [PING OK] RU | 197ms
2026-02-17 01:20:22 [INFO]    [PING OK] RU | 220ms
2026-02-17 01:20:22 [INFO]    [PING OK] RU | 318ms
2026-02-17 01:20:22 [INFO]    [PING OK] RU | 171ms
2026-02-17 01:20:22 [INFO]    [PING OK] RU | 1278ms
2026-02-17 01:20:23 [INFO]    [PING OK] RU | 43ms
2026-02-17 01:20:23 [INFO]    [PING OK] RU | 750ms
2026-02-17 01:20:23 [INFO]    [PING OK] PL | 209ms
2026-02-17 01:20:23 [INFO]    [PING OK] RU | 162ms
2026-02-17 01:20:23 [INFO]    [PING OK] RU | 148ms
2026-02-17 01:20:23 [INFO]    [PING OK] RU | 220ms
2026-02-17 01:20:23 [INFO]    [PING OK] RU | 297ms
2026-02-17 01:20:23 [INFO]    [PING OK] RU | 274ms
2026-02-17 01:20:23 [INFO]    [PING OK] RU | 290ms
2026-02-17 01:20:23 [INFO]    [PING OK] RU | 73ms
2026-02-17 01:20:24 [INFO]    [PING OK] RU | 463ms
2026-02-17 01:20:24 [INFO]    [PING OK] RU | 93ms
2026-02-17 01:20:24 [INFO]    [PING OK] RU | 232ms
2026-02-17 01:20:24 [INFO]    [PING OK] RU | 203ms
2026-02-17 01:20:24 [INFO]    [PING OK] NL | 172ms
2026-02-17 01:20:24 [INFO]    [PING OK] RU | 92ms
2026-02-17 01:20:24 [INFO]    [PING OK] RU | 170ms
2026-02-17 01:20:24 [INFO]    [PING OK] RU | 156ms
2026-02-17 01:20:24 [INFO]    [PING OK] RU | 60ms
2026-02-17 01:20:24 [INFO]    [PING OK] RU | 171ms
2026-02-17 01:20:24 [INFO]    [PING OK] RU | 202ms
2026-02-17 01:20:24 [INFO]    [PING OK] RU | 224ms
2026-02-17 01:20:24 [INFO]    [PING OK] RU | 221ms
2026-02-17 01:20:25 [INFO]    [PING OK] HU | 347ms
2026-02-17 01:20:25 [INFO]    [PING OK] RU | 326ms
2026-02-17 01:20:25 [INFO]    [PING OK] RU | 285ms
2026-02-17 01:20:25 [INFO]    [PING OK] RU | 63ms
2026-02-17 01:20:25 [INFO]    [PING OK] RU | 64ms
2026-02-17 01:20:25 [INFO]    [PING OK] RU | 132ms
2026-02-17 01:20:25 [INFO]    [PING OK] DE | 162ms
2026-02-17 01:20:25 [INFO]    [PING OK] EE | 403ms
2026-02-17 01:20:25 [INFO]    [PING OK] RU | 42ms
2026-02-17 01:20:26 [INFO]    [PING OK] RU | 37ms
2026-02-17 01:20:26 [INFO]    [PING OK] RU | 147ms
2026-02-17 01:20:26 [INFO]    [PING OK] GB | 299ms
2026-02-17 01:20:26 [INFO]    [PING OK] RU | 3559ms
2026-02-17 01:20:26 [INFO]    [PING OK] RU | 222ms
2026-02-17 01:20:26 [INFO]    [PING OK] RU | 235ms
2026-02-17 01:20:26 [INFO]    [PING OK] HU | 382ms
2026-02-17 01:20:26 [INFO]    [PING OK] RU | 904ms
2026-02-17 01:20:26 [INFO]    [PING OK] PL | 171ms
2026-02-17 01:20:26 [INFO]    [PING OK] RU | 268ms
2026-02-17 01:20:26 [INFO]    [PING OK] RU | 250ms
2026-02-17 01:20:26 [INFO]    [PING OK] RU | 247ms
2026-02-17 01:20:26 [INFO]    [PING OK] RU | 332ms
2026-02-17 01:20:26 [INFO]    [PING OK] RU | 138ms
2026-02-17 01:20:26 [INFO]    [PING OK] RU | 1365ms
2026-02-17 01:20:27 [INFO]    [PING OK] RU | 221ms
2026-02-17 01:20:27 [INFO]    [PING OK] RU | 203ms
2026-02-17 01:20:27 [INFO]    [PING OK] RU | 296ms
2026-02-17 01:20:27 [INFO]    [PING OK] RU | 165ms
2026-02-17 01:20:27 [INFO]    [PING OK] RU | 231ms
2026-02-17 01:20:27 [INFO]    [PING OK] RU | 64ms
2026-02-17 01:20:27 [INFO]    [PING OK] RU | 855ms
2026-02-17 01:20:27 [INFO]    [PING OK] RU | 250ms
2026-02-17 01:20:27 [INFO]    [PING OK] RU | 192ms
2026-02-17 01:20:27 [INFO]    [PING OK] RU | 40ms
2026-02-17 01:20:27 [INFO]    [PING OK] RU | 231ms
2026-02-17 01:20:27 [INFO]    [PING OK] RU | 56ms
2026-02-17 01:20:27 [INFO]    [PING OK] RU | 222ms
2026-02-17 01:20:27 [INFO]    [PING OK] RU | 208ms
2026-02-17 01:20:27 [INFO]    [PING OK] RU | 201ms
2026-02-17 01:20:27 [INFO]    [PING OK] RU | 328ms
2026-02-17 01:20:27 [INFO]    [PING OK] RU | 243ms
2026-02-17 01:20:27 [INFO]    [PING OK] NL | 217ms
2026-02-17 01:20:27 [INFO]    [PING OK] RU | 203ms
2026-02-17 01:20:28 [INFO]    [PING OK] RU | 253ms
2026-02-17 01:20:28 [INFO]    [PING OK] RU | 164ms
2026-02-17 01:20:28 [INFO]    [PING OK] RU | 226ms
2026-02-17 01:20:28 [INFO]    [PING OK] GB | 289ms
2026-02-17 01:20:28 [INFO]    [PING OK] RU | 314ms
2026-02-17 01:20:28 [INFO]    [PING OK] RU | 283ms
2026-02-17 01:20:28 [INFO]    [PING OK] RU | 307ms
2026-02-17 01:20:28 [INFO]    [PING OK] RU | 305ms
2026-02-17 01:20:28 [INFO]    [PING OK] RU | 206ms
2026-02-17 01:20:28 [INFO]    [PING OK] RU | 265ms
2026-02-17 01:20:28 [INFO]    [PING OK] GB | 310ms
2026-02-17 01:20:28 [INFO]    [PING OK] RU | 334ms
2026-02-17 01:20:28 [INFO]    [PING OK] NL | 1181ms
2026-02-17 01:20:29 [INFO]    [PING OK] US | 566ms
2026-02-17 01:20:30 [INFO]    [PING OK] FI | 308ms
2026-02-17 01:20:30 [INFO]    [PING OK] FR | 1013ms
2026-02-17 01:20:31 [INFO]    [PING OK] FR | 179ms
2026-02-17 01:20:32 [INFO]    [PING OK] DE | 471ms
2026-02-17 01:20:34 [INFO]    [PING OK] RU | 219ms
2026-02-17 01:20:37 [INFO]    [PING OK] BG | 235ms
2026-02-17 01:20:39 [INFO]    [PING OK] FI | 114ms
2026-02-17 01:20:40 [INFO]    [PING OK] RU | 125ms
2026-02-17 01:20:41 [INFO]    [PING OK] TR | 299ms
2026-02-17 01:20:42 [INFO]    [PING OK] NL | 364ms
2026-02-17 01:20:42 [INFO]    [PING OK] DE | 208ms
2026-02-17 01:20:49 [INFO]    [PING OK] NL | 286ms
2026-02-17 01:20:51 [INFO]    [PING OK] PL | 359ms
2026-02-17 01:20:51 [INFO]    [PING OK] GR | 110ms
2026-02-17 01:20:52 [INFO]    [PING OK] US | 223ms
2026-02-17 01:20:54 [INFO]    [PING OK] RU | 281ms
2026-02-17 01:20:55 [INFO]    [PING OK] DE | 176ms
2026-02-17 01:20:55 [INFO]    [PING OK] DE | 150ms
2026-02-17 01:20:56 [INFO]    [PING OK] PL | 379ms
2026-02-17 01:20:57 [INFO]    [PING OK] RU | 153ms
2026-02-17 01:20:58 [INFO]    [PING OK] LT | 147ms
2026-02-17 01:20:58 [INFO]    [PING OK] DE | 468ms
2026-02-17 01:20:59 [INFO]    [PING OK] CY | 165ms
2026-02-17 01:21:00 [INFO]    [PING OK] FR | 465ms
2026-02-17 01:21:01 [INFO]    [PING OK] LT | 142ms
2026-02-17 01:21:04 [INFO]    [PING OK] PL | 122ms
2026-02-17 01:21:06 [INFO]    [PING OK] EE | 257ms
2026-02-17 01:21:06 [INFO]    [PING OK] SE | 750ms
2026-02-17 01:21:07 [INFO]    [PING OK] US | 650ms
2026-02-17 01:21:10 [INFO]    [PING OK] NL | 2943ms
2026-02-17 01:21:11 [INFO]    [PING OK] NL | 196ms
2026-02-17 01:21:13 [INFO]    [PING OK] LT | 141ms
2026-02-17 01:21:13 [INFO]    [PING OK] PL | 263ms
2026-02-17 01:21:14 [INFO]    [PING OK] DE | 135ms
2026-02-17 01:21:14 [INFO]    [PING OK] PL | 114ms
2026-02-17 01:21:15 [INFO]    [PING OK] PL | 288ms
2026-02-17 01:21:17 [INFO]    [PING OK] US | 519ms
2026-02-17 01:21:21 [INFO]    [PING OK] AT | 204ms
2026-02-17 01:21:21 [INFO]    [PING OK] US | 465ms
2026-02-17 01:21:21 [INFO]    [PING OK] DE | 160ms
2026-02-17 01:21:22 [INFO]    [PING OK] US | 560ms
2026-02-17 01:21:25 [INFO]    [PING OK] FR | 197ms
2026-02-17 01:21:26 [INFO]    [PING OK] RU | 136ms
2026-02-17 01:21:27 [INFO]    [PING OK] MD | 196ms
2026-02-17 01:21:27 [INFO]    [PING OK] LV | 172ms
2026-02-17 01:21:27 [INFO]    [PING OK] LV | 422ms
2026-02-17 01:21:31 [INFO] 🏎️ ЭТАП 2: Глубокий замер скорости для ТОП-10 серверов...
2026-02-17 01:21:36 [INFO]    🏆 GR | Пинг: 110ms | Скорость: 7.63 Mbps ⚡⚡
2026-02-17 01:21:36 [INFO]    🏆 FI | Пинг: 114ms | Скорость: 7.6 Mbps ⚡⚡
2026-02-17 01:21:36 [INFO]    🏆 PL | Пинг: 114ms | Скорость: 7.68 Mbps ⚡⚡
2026-02-17 01:21:36 [INFO]    🏆 PL | Пинг: 122ms | Скорость: 7.6 Mbps ⚡⚡
2026-02-17 01:21:36 [INFO]    🏆 DE | Пинг: 135ms | Скорость: 7.81 Mbps ⚡⚡
2026-02-17 01:21:36 [INFO]    🏆 NL | Пинг: 139ms | Скорость: 7.65 Mbps ⚡⚡
2026-02-17 01:21:36 [INFO]    🏆 LT | Пинг: 141ms | Скорость: 5.6 Mbps ⚡⚡
2026-02-17 01:21:36 [INFO]    🏆 LT | Пинг: 142ms | Скорость: 8.1 Mbps ⚡⚡
2026-02-17 01:21:36 [INFO]    🏆 LT | Пинг: 147ms | Скорость: 7.87 Mbps ⚡⚡
2026-02-17 01:21:36 [INFO]    🏆 RU | Пинг: 37ms | Скорость: 0.0 Mbps 
2026-02-17 01:21:36 [INFO] 🇷🇺 Добавлен RU сервер: 95.163.211.158
2026-02-17 01:21:36 [INFO] 📊 Итого в подписке сохранено: 10 серверов
2026-02-17 01:21:36 [INFO] 💾 Файл успешно сохранен: FL1PVPN
