2026-02-16 18:30:05 [INFO] 🚀 START: Smart VLESS Selector (Target: 10, Strict Mode)
2026-02-16 18:30:05 [INFO] 🌐 Загрузка источников...
2026-02-16 18:30:07 [INFO] 🔍 Уникальных конфигов собрано: 350
2026-02-16 18:30:07 [INFO] ⚡ ЭТАП 1: Быстрый замер Пинга (Workers: 25)...
2026-02-16 18:30:08 [INFO]    [PING OK] DE | 251ms
2026-02-16 18:30:09 [INFO]    [PING OK] DE | 170ms
2026-02-16 18:30:10 [INFO]    [PING OK] SC | 444ms
2026-02-16 18:30:13 [INFO]    [PING OK] DE | 149ms
2026-02-16 18:30:13 [INFO]    [PING OK] DE | 197ms
2026-02-16 18:30:14 [INFO]    [PING OK] US | 1122ms
2026-02-16 18:30:15 [INFO]    [PING OK] DE | 201ms
2026-02-16 18:30:15 [INFO]    [PING OK] PL | 174ms
2026-02-16 18:30:16 [INFO]    [PING OK] RU | 152ms
2026-02-16 18:30:16 [INFO]    [PING OK] RU | 95ms
2026-02-16 18:30:16 [INFO]    [PING OK] NL | 178ms
2026-02-16 18:30:17 [INFO]    [PING OK] RU | 314ms
2026-02-16 18:30:17 [INFO]    [PING OK] RU | 298ms
2026-02-16 18:30:17 [INFO]    [PING OK] RU | 269ms
2026-02-16 18:30:18 [INFO]    [PING OK] RU | 346ms
2026-02-16 18:30:18 [INFO]    [PING OK] PL | 150ms
2026-02-16 18:30:18 [INFO]    [PING OK] RU | 232ms
2026-02-16 18:30:19 [INFO]    [PING OK] RU | 221ms
2026-02-16 18:30:19 [INFO]    [PING OK] RU | 1731ms
2026-02-16 18:30:19 [INFO]    [PING OK] PL | 314ms
2026-02-16 18:30:19 [INFO]    [PING OK] RU | 228ms
2026-02-16 18:30:19 [INFO]    [PING OK] RU | 838ms
2026-02-16 18:30:20 [INFO]    [PING OK] RU | 307ms
2026-02-16 18:30:20 [INFO]    [PING OK] RU | 379ms
2026-02-16 18:30:20 [INFO]    [PING OK] RU | 2286ms
2026-02-16 18:30:20 [INFO]    [PING OK] RU | 737ms
2026-02-16 18:30:20 [INFO]    [PING OK] RU | 200ms
2026-02-16 18:30:20 [INFO]    [PING OK] RU | 213ms
2026-02-16 18:30:20 [INFO]    [PING OK] RU | 375ms
2026-02-16 18:30:21 [INFO]    [PING OK] RU | 1614ms
2026-02-16 18:30:21 [INFO]    [PING OK] RU | 1240ms
2026-02-16 18:30:21 [INFO]    [PING OK] RU | 308ms
2026-02-16 18:30:21 [INFO]    [PING OK] RU | 238ms
2026-02-16 18:30:21 [INFO]    [PING OK] RU | 137ms
2026-02-16 18:30:22 [INFO]    [PING OK] RU | 219ms
2026-02-16 18:30:22 [INFO]    [PING OK] RU | 327ms
2026-02-16 18:30:22 [INFO]    [PING OK] RU | 321ms
2026-02-16 18:30:22 [INFO]    [PING OK] RU | 3042ms
2026-02-16 18:30:23 [INFO]    [PING OK] RU | 91ms
2026-02-16 18:30:23 [INFO]    [PING OK] RU | 187ms
2026-02-16 18:30:23 [INFO]    [PING OK] RU | 84ms
2026-02-16 18:30:24 [INFO]    [PING OK] RU | 3826ms
2026-02-16 18:30:24 [INFO]    [PING OK] RU | 3925ms
2026-02-16 18:30:24 [INFO]    [PING OK] RU | 194ms
2026-02-16 18:30:24 [INFO]    [PING OK] RU | 219ms
2026-02-16 18:30:24 [INFO]    [PING OK] RU | 286ms
2026-02-16 18:30:24 [INFO]    [PING OK] RU | 211ms
2026-02-16 18:30:24 [INFO]    [PING OK] DE | 191ms
2026-02-16 18:30:24 [INFO]    [PING OK] RU | 230ms
2026-02-16 18:30:24 [INFO]    [PING OK] RU | 3723ms
2026-02-16 18:30:25 [INFO]    [PING OK] DE | 176ms
2026-02-16 18:30:25 [INFO]    [PING OK] RU | 309ms
2026-02-16 18:30:25 [INFO]    [PING OK] RU | 332ms
2026-02-16 18:30:25 [INFO]    [PING OK] RU | 372ms
2026-02-16 18:30:25 [INFO]    [PING OK] RU | 692ms
2026-02-16 18:30:25 [INFO]    [PING OK] RU | 85ms
2026-02-16 18:30:25 [INFO]    [PING OK] RU | 238ms
2026-02-16 18:30:26 [INFO]    [PING OK] RU | 729ms
2026-02-16 18:30:26 [INFO]    [PING OK] RU | 294ms
2026-02-16 18:30:26 [INFO]    [PING OK] RU | 1274ms
2026-02-16 18:30:26 [INFO]    [PING OK] RU | 245ms
2026-02-16 18:30:26 [INFO]    [PING OK] RU | 2037ms
2026-02-16 18:30:27 [INFO]    [PING OK] RU | 2682ms
2026-02-16 18:30:27 [INFO]    [PING OK] RU | 2064ms
2026-02-16 18:30:27 [INFO]    [PING OK] RU | 288ms
2026-02-16 18:30:27 [INFO]    [PING OK] RU | 220ms
2026-02-16 18:30:27 [INFO]    [PING OK] RU | 280ms
2026-02-16 18:30:27 [INFO]    [PING OK] RU | 353ms
2026-02-16 18:30:27 [INFO]    [PING OK] RU | 242ms
2026-02-16 18:30:27 [INFO]    [PING OK] RU | 217ms
2026-02-16 18:30:27 [INFO]    [PING OK] RU | 297ms
2026-02-16 18:30:27 [INFO]    [PING OK] RU | 2773ms
2026-02-16 18:30:28 [INFO]    [PING OK] RU | 249ms
2026-02-16 18:30:28 [INFO]    [PING OK] RU | 100ms
2026-02-16 18:30:28 [INFO]    [PING OK] RU | 1860ms
2026-02-16 18:30:28 [INFO]    [PING OK] FI | 180ms
2026-02-16 18:30:28 [INFO]    [PING OK] IT | 284ms
2026-02-16 18:30:29 [INFO]    [PING OK] LV | 436ms
2026-02-16 18:30:29 [INFO]    [PING OK] RU | 1639ms
2026-02-16 18:30:29 [INFO]    [PING OK] MD | 265ms
2026-02-16 18:30:30 [INFO]    [PING OK] DE | 186ms
2026-02-16 18:30:30 [INFO]    [PING OK] LV | 196ms
2026-02-16 18:30:31 [INFO]    [PING OK] TR | 1564ms
2026-02-16 18:30:31 [INFO]    [PING OK] DE | 155ms
2026-02-16 18:30:31 [INFO]    [PING OK] JP | 2466ms
2026-02-16 18:30:31 [INFO]    [PING OK] DE | 536ms
2026-02-16 18:30:33 [INFO]    [PING OK] GB | 4192ms
2026-02-16 18:30:33 [INFO]    [PING OK] ES | 812ms
2026-02-16 18:30:34 [INFO]    [PING OK] KR | 2061ms
2026-02-16 18:30:35 [INFO]    [PING OK] RU | 379ms
2026-02-16 18:30:35 [INFO]    [PING OK] AE | 960ms
2026-02-16 18:30:35 [INFO]    [PING OK] DE | 372ms
2026-02-16 18:30:36 [INFO]    [PING OK] GB | 664ms
2026-02-16 18:30:36 [INFO]    [PING OK] FI | 319ms
2026-02-16 18:30:36 [INFO]    [PING OK] GB | 4952ms
2026-02-16 18:30:37 [INFO]    [PING OK] US | 1791ms
2026-02-16 18:30:37 [INFO]    [PING OK] RU | 306ms
2026-02-16 18:30:38 [INFO]    [PING OK] DE | 533ms
2026-02-16 18:30:39 [INFO]    [PING OK] DE | 772ms
2026-02-16 18:30:40 [INFO]    [PING OK] NL | 2495ms
2026-02-16 18:30:40 [INFO]    [PING OK] RU | 3082ms
2026-02-16 18:30:41 [INFO]    [PING OK] TR | 4788ms
2026-02-16 18:30:44 [INFO]    [PING OK] RU | 4987ms
2026-02-16 18:30:44 [INFO] 🏎️ ЭТАП 2: Глубокий замер скорости для ТОП-10 серверов...
2026-02-16 18:30:51 [INFO]    🏆 DE | Пинг: 149ms | Скорость: 8.51 Mbps ⚡⚡
2026-02-16 18:30:51 [INFO]    🏆 PL | Пинг: 150ms | Скорость: 8.29 Mbps ⚡⚡
2026-02-16 18:30:51 [INFO]    🏆 DE | Пинг: 155ms | Скорость: 0.0 Mbps 
2026-02-16 18:30:51 [INFO]    🏆 DE | Пинг: 170ms | Скорость: 8.34 Mbps ⚡⚡
2026-02-16 18:30:51 [INFO]    🏆 PL | Пинг: 174ms | Скорость: 8.45 Mbps ⚡⚡
2026-02-16 18:30:51 [INFO]    🏆 DE | Пинг: 176ms | Скорость: 8.76 Mbps ⚡⚡
2026-02-16 18:30:51 [INFO]    🏆 NL | Пинг: 178ms | Скорость: 8.55 Mbps ⚡⚡
2026-02-16 18:30:51 [INFO]    🏆 FI | Пинг: 180ms | Скорость: 3.01 Mbps ⚡⚡
2026-02-16 18:30:51 [INFO]    🏆 DE | Пинг: 186ms | Скорость: 8.94 Mbps ⚡⚡
2026-02-16 18:30:51 [INFO]    🏆 RU | Пинг: 84ms | Скорость: 8.64 Mbps ⚡⚡
2026-02-16 18:30:51 [INFO] 🇷🇺 Добавлен RU сервер: 87.242.103.184
2026-02-16 18:30:51 [INFO] 📊 Итого в подписке сохранено: 10 серверов
2026-02-16 18:30:51 [INFO] 💾 Файл успешно сохранен: FL1PVPN
