2026-02-17 11:40:07 [INFO] 🚀 START: Smart VLESS Selector (Target: 10, Strict Mode)
2026-02-17 11:40:07 [INFO] 🌐 Загрузка источников...
2026-02-17 11:40:09 [INFO] 🔍 Уникальных конфигов собрано: 571
2026-02-17 11:40:09 [INFO] ⚡ ЭТАП 1: Быстрый замер Пинга (Workers: 25)...
2026-02-17 11:40:12 [INFO]    [PING OK] DE | 180ms
2026-02-17 11:40:12 [INFO]    [PING OK] DE | 1783ms
2026-02-17 11:40:13 [INFO]    [PING OK] DE | 210ms
2026-02-17 11:40:17 [INFO]    [PING OK] DE | 444ms
2026-02-17 11:40:18 [INFO]    [PING OK] NL | 367ms
2026-02-17 11:40:19 [INFO]    [PING OK] US | 509ms
2026-02-17 11:40:22 [INFO]    [PING OK] DE | 184ms
2026-02-17 11:40:23 [INFO]    [PING OK] NL | 167ms
2026-02-17 11:40:25 [INFO]    [PING OK] RU | 160ms
2026-02-17 11:40:26 [INFO]    [PING OK] RU | 304ms
2026-02-17 11:40:26 [INFO]    [PING OK] RU | 163ms
2026-02-17 11:40:27 [INFO]    [PING OK] RU | 763ms
2026-02-17 11:40:27 [INFO]    [PING OK] RU | 352ms
2026-02-17 11:40:27 [INFO]    [PING OK] RU | 307ms
2026-02-17 11:40:27 [INFO]    [PING OK] RU | 523ms
2026-02-17 11:40:28 [INFO]    [PING OK] RU | 315ms
2026-02-17 11:40:28 [INFO]    [PING OK] RU | 1383ms
2026-02-17 11:40:28 [INFO]    [PING OK] RU | 813ms
2026-02-17 11:40:28 [INFO]    [PING OK] RU | 288ms
2026-02-17 11:40:28 [INFO]    [PING OK] RU | 210ms
2026-02-17 11:40:28 [INFO]    [PING OK] RU | 321ms
2026-02-17 11:40:29 [INFO]    [PING OK] RU | 133ms
2026-02-17 11:40:29 [INFO]    [PING OK] RU | 120ms
2026-02-17 11:40:29 [INFO]    [PING OK] RU | 146ms
2026-02-17 11:40:29 [INFO]    [PING OK] RU | 309ms
2026-02-17 11:40:29 [INFO]    [PING OK] RU | 217ms
2026-02-17 11:40:29 [INFO]    [PING OK] RU | 281ms
2026-02-17 11:40:29 [INFO]    [PING OK] RU | 104ms
2026-02-17 11:40:29 [INFO]    [PING OK] RU | 91ms
2026-02-17 11:40:29 [INFO]    [PING OK] RU | 242ms
2026-02-17 11:40:30 [INFO]    [PING OK] RU | 2273ms
2026-02-17 11:40:30 [INFO]    [PING OK] RU | 1314ms
2026-02-17 11:40:30 [INFO]    [PING OK] RU | 103ms
2026-02-17 11:40:30 [INFO]    [PING OK] RU | 248ms
2026-02-17 11:40:30 [INFO]    [PING OK] RU | 1289ms
2026-02-17 11:40:30 [INFO]    [PING OK] RU | 968ms
2026-02-17 11:40:30 [INFO]    [PING OK] RU | 3241ms
2026-02-17 11:40:30 [INFO]    [PING OK] RU | 254ms
2026-02-17 11:40:30 [INFO]    [PING OK] RU | 3414ms
2026-02-17 11:40:31 [INFO]    [PING OK] RU | 824ms
2026-02-17 11:40:31 [INFO]    [PING OK] RU | 1000ms
2026-02-17 11:40:31 [INFO]    [PING OK] RU | 345ms
2026-02-17 11:40:31 [INFO]    [PING OK] RU | 578ms
2026-02-17 11:40:31 [INFO]    [PING OK] RU | 234ms
2026-02-17 11:40:31 [INFO]    [PING OK] RU | 1397ms
2026-02-17 11:40:31 [INFO]    [PING OK] RU | 409ms
2026-02-17 11:40:31 [INFO]    [PING OK] RU | 875ms
2026-02-17 11:40:31 [INFO]    [PING OK] RU | 213ms
2026-02-17 11:40:31 [INFO]    [PING OK] RU | 232ms
2026-02-17 11:40:31 [INFO]    [PING OK] RU | 339ms
2026-02-17 11:40:32 [INFO]    [PING OK] RU | 410ms
2026-02-17 11:40:32 [INFO]    [PING OK] RU | 403ms
2026-02-17 11:40:32 [INFO]    [PING OK] RU | 398ms
2026-02-17 11:40:32 [INFO]    [PING OK] RU | 293ms
2026-02-17 11:40:32 [INFO]    [PING OK] RU | 319ms
2026-02-17 11:40:32 [INFO]    [PING OK] RU | 319ms
2026-02-17 11:40:32 [INFO]    [PING OK] RU | 126ms
2026-02-17 11:40:32 [INFO]    [PING OK] RU | 119ms
2026-02-17 11:40:32 [INFO]    [PING OK] RU | 209ms
2026-02-17 11:40:33 [INFO]    [PING OK] RU | 261ms
2026-02-17 11:40:33 [INFO]    [PING OK] RU | 461ms
2026-02-17 11:40:33 [INFO]    [PING OK] RU | 280ms
2026-02-17 11:40:33 [INFO]    [PING OK] RU | 1808ms
2026-02-17 11:40:33 [INFO]    [PING OK] PL | 223ms
2026-02-17 11:40:33 [INFO]    [PING OK] RU | 315ms
2026-02-17 11:40:33 [INFO]    [PING OK] RU | 216ms
2026-02-17 11:40:33 [INFO]    [PING OK] RU | 248ms
2026-02-17 11:40:33 [INFO]    [PING OK] RU | 304ms
2026-02-17 11:40:34 [INFO]    [PING OK] RU | 330ms
2026-02-17 11:40:34 [INFO]    [PING OK] RU | 2304ms
2026-02-17 11:40:34 [INFO]    [PING OK] RU | 1259ms
2026-02-17 11:40:34 [INFO]    [PING OK] RU | 873ms
2026-02-17 11:40:35 [INFO]    [PING OK] RU | 350ms
2026-02-17 11:40:35 [INFO]    [PING OK] RU | 210ms
2026-02-17 11:40:35 [INFO]    [PING OK] RU | 1408ms
2026-02-17 11:40:35 [INFO]    [PING OK] RU | 3178ms
2026-02-17 11:40:35 [INFO]    [PING OK] RU | 930ms
2026-02-17 11:40:35 [INFO]    [PING OK] RU | 1509ms
2026-02-17 11:40:36 [INFO]    [PING OK] FI | 354ms
2026-02-17 11:40:36 [INFO]    [PING OK] RU | 1716ms
2026-02-17 11:40:36 [INFO]    [PING OK] RU | 112ms
2026-02-17 11:40:37 [INFO]    [PING OK] RU | 1925ms
2026-02-17 11:40:38 [INFO]    [PING OK] RU | 3854ms
2026-02-17 11:40:42 [INFO]    [PING OK] EE | 364ms
2026-02-17 11:40:45 [INFO]    [PING OK] FI | 159ms
2026-02-17 11:40:47 [INFO]    [PING OK] RU | 180ms
2026-02-17 11:40:49 [INFO]    [PING OK] CY | 203ms
2026-02-17 11:40:50 [INFO]    [PING OK] AE | 285ms
2026-02-17 11:40:55 [INFO]    [PING OK] LT | 156ms
2026-02-17 11:40:56 [INFO]    [PING OK] NL | 523ms
2026-02-17 11:40:56 [INFO]    [PING OK] PL | 82ms
2026-02-17 11:40:57 [INFO]    [PING OK] RU | 186ms
2026-02-17 11:40:57 [INFO]    [PING OK] DE | 1340ms
2026-02-17 11:41:03 [INFO]    [PING OK] NL | 1354ms
2026-02-17 11:41:04 [INFO]    [PING OK] NL | 4933ms
2026-02-17 11:41:04 [INFO]    [PING OK] US | 1505ms
2026-02-17 11:41:05 [INFO]    [PING OK] PL | 108ms
2026-02-17 11:41:07 [INFO]    [PING OK] US | 450ms
2026-02-17 11:41:13 [INFO]    [PING OK] US | 1254ms
2026-02-17 11:41:14 [INFO]    [PING OK] NL | 304ms
2026-02-17 11:41:18 [INFO]    [PING OK] LT | 158ms
2026-02-17 11:41:19 [INFO]    [PING OK] US | 562ms
2026-02-17 11:41:20 [INFO]    [PING OK] RU | 185ms
2026-02-17 11:41:21 [INFO]    [PING OK] EE | 314ms
2026-02-17 11:41:23 [INFO]    [PING OK] PL | 310ms
2026-02-17 11:41:24 [INFO]    [PING OK] DE | 232ms
2026-02-17 11:41:27 [INFO]    [PING OK] DE | 149ms
2026-02-17 11:41:29 [INFO]    [PING OK] LT | 3307ms
2026-02-17 11:41:33 [INFO]    [PING OK] LT | 177ms
2026-02-17 11:41:35 [INFO]    [PING OK] US | 1062ms
2026-02-17 11:41:37 [INFO]    [PING OK] TR | 263ms
2026-02-17 11:41:41 [INFO]    [PING OK] MD | 149ms
2026-02-17 11:41:41 [INFO]    [PING OK] LV | 204ms
2026-02-17 11:41:42 [INFO]    [PING OK] LV | 326ms
2026-02-17 11:41:45 [INFO] 🏎️ ЭТАП 2: Глубокий замер скорости для ТОП-10 серверов...
2026-02-17 11:41:49 [INFO]    🏆 PL | Пинг: 82ms | Скорость: 7.68 Mbps ⚡⚡
2026-02-17 11:41:49 [INFO]    🏆 PL | Пинг: 108ms | Скорость: 0.0 Mbps 
2026-02-17 11:41:49 [INFO]    🏆 DE | Пинг: 149ms | Скорость: 7.88 Mbps ⚡⚡
2026-02-17 11:41:49 [INFO]    🏆 MD | Пинг: 149ms | Скорость: 7.98 Mbps ⚡⚡
2026-02-17 11:41:49 [INFO]    🏆 LT | Пинг: 156ms | Скорость: 7.63 Mbps ⚡⚡
2026-02-17 11:41:49 [INFO]    🏆 LT | Пинг: 158ms | Скорость: 6.29 Mbps ⚡⚡
2026-02-17 11:41:49 [INFO]    🏆 FI | Пинг: 159ms | Скорость: 7.99 Mbps ⚡⚡
2026-02-17 11:41:49 [INFO]    🏆 NL | Пинг: 167ms | Скорость: 8.1 Mbps ⚡⚡
2026-02-17 11:41:49 [INFO]    🏆 LT | Пинг: 177ms | Скорость: 8.11 Mbps ⚡⚡
2026-02-17 11:41:49 [INFO]    🏆 RU | Пинг: 91ms | Скорость: 8.02 Mbps ⚡⚡
2026-02-17 11:41:49 [INFO] 🇷🇺 Добавлен RU сервер: 51.250.12.100
2026-02-17 11:41:49 [INFO] 📊 Итого в подписке сохранено: 10 серверов
2026-02-17 11:41:49 [INFO] 💾 Файл успешно сохранен: FL1PVPN
