2026-02-22 09:30:06 [INFO] 🚀 START: Smart Selector (Target: 10, ONLY FOREIGN)
2026-02-22 09:30:06 [INFO] 🌐 Загрузка источников (VLESS + VMess)...
2026-02-22 09:30:10 [INFO] 🔍 Уникальных конфигов собрано: 263
2026-02-22 09:30:10 [INFO] ⚡ ЭТАП 1: Замер Пинга и Геолокации. Workers: 40...
2026-02-22 09:30:16 [INFO]    [PING OK] DE | VLESS | 4786ms
2026-02-22 09:30:16 [INFO]    [PING OK] CZ | VLESS | 5466ms
2026-02-22 09:30:16 [INFO]    [PING OK] IT | VLESS | 3669ms
2026-02-22 09:30:16 [INFO]    [PING OK] TR | VLESS | 3454ms
2026-02-22 09:30:17 [INFO]    [PING OK] DE | VLESS | 4840ms
2026-02-22 09:30:17 [INFO]    [PING OK] NL | VLESS | 6247ms
2026-02-22 09:30:17 [INFO]    [PING OK] DE | VLESS | 6115ms
2026-02-22 09:30:18 [INFO]    [PING OK] DE | VLESS | 6643ms
2026-02-22 09:30:18 [INFO]    [PING OK] DE | VLESS | 7457ms
2026-02-22 09:30:18 [INFO]    [PING OK] DE | VLESS | 7568ms
2026-02-22 09:30:19 [INFO]    [PING OK] IT | VLESS | 5504ms
2026-02-22 09:30:19 [INFO]    [PING OK] ES | VLESS | 3297ms
2026-02-22 09:30:19 [INFO]    [PING OK] PL | VLESS | 3354ms
2026-02-22 09:30:19 [INFO]    [PING OK] ES | VLESS | 3403ms
2026-02-22 09:30:19 [INFO]    [PING OK] PL | VLESS | 3568ms
2026-02-22 09:30:19 [INFO]    [PING OK] NL | VLESS | 3479ms
2026-02-22 09:30:20 [INFO]    [PING OK] TR | VLESS | 3681ms
2026-02-22 09:30:20 [INFO]    [PING OK] HU | VLESS | 3554ms
2026-02-22 09:30:20 [INFO]    [PING OK] NL | VLESS | 3559ms
2026-02-22 09:30:20 [INFO]    [PING OK] IT | VLESS | 3341ms
2026-02-22 09:30:20 [INFO]    [PING OK] HU | VLESS | 3590ms
2026-02-22 09:30:21 [INFO]    [PING OK] ES | VLESS | 3428ms
2026-02-22 09:30:21 [INFO]    [PING OK] NL | VLESS | 3241ms
2026-02-22 09:30:21 [INFO]    [PING OK] PL | VLESS | 3504ms
2026-02-22 09:30:21 [INFO]    [PING OK] PL | VLESS | 3490ms
2026-02-22 09:30:21 [INFO]    [PING OK] US | VLESS | 3904ms
2026-02-22 09:30:22 [INFO]    [PING OK] DE | VLESS | 3941ms
2026-02-22 09:30:23 [INFO]    [PING OK] PL | VLESS | 3762ms
2026-02-22 09:30:23 [INFO]    [PING OK] ES | VLESS | 3871ms
2026-02-22 09:30:23 [INFO]    [PING OK] TR | VLESS | 4434ms
2026-02-22 09:30:24 [INFO]    [PING OK] HU | VLESS | 4183ms
2026-02-22 09:30:24 [INFO]    [PING OK] HU | VLESS | 4027ms
2026-02-22 09:30:25 [INFO]    [PING OK] ES | VLESS | 4002ms
2026-02-22 09:30:25 [INFO]    [PING OK] ES | VLESS | 4363ms
2026-02-22 09:30:25 [INFO]    [PING OK] PL | VLESS | 4080ms
2026-02-22 09:30:25 [INFO]    [PING OK] PL | VLESS | 4351ms
2026-02-22 09:30:25 [INFO]    [PING OK] DE | VLESS | 3875ms
2026-02-22 09:30:26 [INFO]    [PING OK] HU | VLESS | 3971ms
2026-02-22 09:30:26 [INFO]    [PING OK] PL | VLESS | 3855ms
2026-02-22 09:30:26 [INFO]    [PING OK] HU | VLESS | 4186ms
2026-02-22 09:30:26 [INFO]    [PING OK] NL | VLESS | 4063ms
2026-02-22 09:30:26 [INFO]    [PING OK] TR | VLESS | 4567ms
2026-02-22 09:30:26 [INFO]    [PING OK] HU | VLESS | 4078ms
2026-02-22 09:30:26 [INFO]    [PING OK] PL | VLESS | 4286ms
2026-02-22 09:30:27 [INFO]    [PING OK] TR | VLESS | 4213ms
2026-02-22 09:30:28 [INFO]    [PING OK] PL | VLESS | 4411ms
2026-02-22 09:30:28 [INFO]    [PING OK] NL | VLESS | 5256ms
2026-02-22 09:30:29 [INFO]    [PING OK] CA | VLESS | 5970ms
2026-02-22 09:30:30 [INFO]    [PING OK] CA | VLESS | 5309ms
2026-02-22 09:30:30 [INFO]    [PING OK] PL | VLESS | 6451ms
2026-02-22 09:30:30 [INFO]    [PING OK] CA | VLESS | 5562ms
2026-02-22 09:30:31 [INFO]    [PING OK] CA | VLESS | 5518ms
2026-02-22 09:30:32 [INFO]    [PING OK] CA | VLESS | 6495ms
2026-02-22 09:30:32 [INFO]    [PING OK] CA | VLESS | 5884ms
2026-02-22 09:30:32 [INFO]    [PING OK] NL | VLESS | 5501ms
2026-02-22 09:30:32 [INFO]    [PING OK] CA | VLESS | 6150ms
2026-02-22 09:30:32 [INFO]    [PING OK] CA | VLESS | 6243ms
2026-02-22 09:30:33 [INFO]    [PING OK] CA | VLESS | 5868ms
2026-02-22 09:30:33 [INFO]    [PING OK] CA | VLESS | 6200ms
2026-02-22 09:30:35 [INFO]    [PING OK] DE | VLESS | 8713ms
2026-02-22 09:30:35 [INFO]    [PING OK] CA | VLESS | 5822ms
2026-02-22 09:30:36 [INFO]    [PING OK] NL | VLESS | 5695ms
2026-02-22 09:30:37 [INFO]    [PING OK] CA | VLESS | 6352ms
2026-02-22 09:30:37 [INFO]    [PING OK] CA | VLESS | 6041ms
2026-02-22 09:30:38 [INFO]    [PING OK] CA | VLESS | 5087ms
2026-02-22 09:30:38 [INFO]    [PING OK] US | VLESS | 4598ms
2026-02-22 09:30:38 [INFO]    [PING OK] DE | VLESS | 6061ms
2026-02-22 09:30:38 [INFO]    [PING OK] CA | VLESS | 4237ms
2026-02-22 09:30:38 [INFO]    [PING OK] FR | VLESS | 4216ms
2026-02-22 09:30:38 [INFO]    [PING OK] US | VLESS | 3805ms
2026-02-22 09:30:39 [INFO]    [PING OK] CA | VLESS | 1843ms
2026-02-22 09:30:39 [INFO]    [PING OK] CA | VLESS | 3509ms
2026-02-22 09:30:39 [INFO]    [PING OK] CA | VLESS | 2182ms
2026-02-22 09:30:40 [INFO]    [PING OK] CA | VLESS | 3943ms
2026-02-22 09:30:40 [INFO]    [PING OK] CA | VLESS | 5449ms
2026-02-22 09:30:40 [INFO]    [PING OK] DE | VLESS | 4102ms
2026-02-22 09:30:43 [INFO] 🏎️ ЭТАП 2: Глубокий замер скорости для 40 иностранных кандидатов...
2026-02-22 09:30:48 [INFO]    🏆 ES | VLESS | Пинг: 3297ms | Скорость: 5.63 Mbps ⚡⚡
2026-02-22 09:30:48 [INFO]    🏆 NL | VLESS | Пинг: 3241ms | Скорость: 5.6 Mbps ⚡⚡
2026-02-22 09:30:48 [INFO]    🏆 PL | VLESS | Пинг: 3504ms | Скорость: 5.74 Mbps ⚡⚡
2026-02-22 09:30:48 [INFO]    🏆 NL | VLESS | Пинг: 3559ms | Скорость: 5.93 Mbps ⚡⚡
2026-02-22 09:30:48 [INFO]    🏆 ES | VLESS | Пинг: 3403ms | Скорость: 5.47 Mbps ⚡⚡
2026-02-22 09:30:48 [INFO]    🏆 NL | VLESS | Пинг: 3479ms | Скорость: 5.52 Mbps ⚡⚡
2026-02-22 09:30:48 [INFO]    🏆 ES | VLESS | Пинг: 3428ms | Скорость: 5.49 Mbps ⚡⚡
2026-02-22 09:30:48 [INFO]    🏆 PL | VLESS | Пинг: 3490ms | Скорость: 5.12 Mbps ⚡⚡
2026-02-22 09:30:48 [INFO]    🏆 TR | VLESS | Пинг: 3454ms | Скорость: 4.98 Mbps ⚡⚡
2026-02-22 09:30:50 [INFO]    🏆 PL | VLESS | Пинг: 3354ms | Скорость: 3.51 Mbps ⚡⚡
2026-02-22 09:30:50 [INFO]    🏆 HU | VLESS | Пинг: 3554ms | Скорость: 3.5 Mbps ⚡⚡
2026-02-22 09:30:50 [INFO]    🏆 CA | VLESS | Пинг: 2182ms | Скорость: 0.7 Mbps 
2026-02-22 09:30:50 [INFO]    🏆 CA | VLESS | Пинг: 3509ms | Скорость: 0.78 Mbps 
2026-02-22 09:30:51 [INFO]    🏆 PL | VLESS | Пинг: 3855ms | Скорость: 7.98 Mbps ⚡⚡
2026-02-22 09:30:51 [INFO]    🏆 PL | VLESS | Пинг: 3568ms | Скорость: 7.66 Mbps ⚡⚡
2026-02-22 09:30:51 [INFO]    🏆 HU | VLESS | Пинг: 3590ms | Скорость: 7.64 Mbps ⚡⚡
2026-02-22 09:30:52 [INFO]    🏆 ES | VLESS | Пинг: 3871ms | Скорость: 7.33 Mbps ⚡⚡
2026-02-22 09:30:52 [INFO]    🏆 TR | VLESS | Пинг: 3681ms | Скорость: 6.65 Mbps ⚡⚡
2026-02-22 09:30:52 [INFO]    🏆 US | VLESS | Пинг: 3805ms | Скорость: 6.27 Mbps ⚡⚡
2026-02-22 09:30:53 [INFO]    🏆 US | VLESS | Пинг: 3904ms | Скорость: 5.47 Mbps ⚡⚡
2026-02-22 09:30:53 [INFO]    🏆 DE | VLESS | Пинг: 3941ms | Скорость: 7.56 Mbps ⚡⚡
2026-02-22 09:30:54 [INFO]    🏆 HU | VLESS | Пинг: 3971ms | Скорость: 6.75 Mbps ⚡⚡
2026-02-22 09:30:54 [INFO]    🏆 HU | VLESS | Пинг: 4027ms | Скорость: 7.55 Mbps ⚡⚡
2026-02-22 09:30:54 [INFO]    🏆 ES | VLESS | Пинг: 4002ms | Скорость: 6.24 Mbps ⚡⚡
2026-02-22 09:30:54 [INFO]    🏆 PL | VLESS | Пинг: 4080ms | Скорость: 8.77 Mbps ⚡⚡
2026-02-22 09:30:54 [INFO]    🏆 NL | VLESS | Пинг: 4063ms | Скорость: 8.75 Mbps ⚡⚡
2026-02-22 09:30:54 [INFO]    🏆 HU | VLESS | Пинг: 4078ms | Скорость: 8.75 Mbps ⚡⚡
2026-02-22 09:30:54 [INFO]    🏆 HU | VLESS | Пинг: 4183ms | Скорость: 9.43 Mbps ⚡⚡
2026-02-22 09:30:55 [INFO]    🏆 PL | VLESS | Пинг: 4286ms | Скорость: 16.67 Mbps ⚡⚡
2026-02-22 09:30:56 [INFO]    🏆 HU | VLESS | Пинг: 4186ms | Скорость: 6.15 Mbps ⚡⚡
2026-02-22 09:30:57 [INFO]    🏆 TR | VLESS | Пинг: 4213ms | Скорость: 4.55 Mbps ⚡⚡
2026-02-22 09:30:58 [INFO]    🏆 DE | VLESS | Пинг: 4102ms | Скорость: 0.93 Mbps 
2026-02-22 09:30:59 [INFO]    🏆 CA | VLESS | Пинг: 4237ms | Скорость: 0.88 Mbps 
2026-02-22 09:30:59 [INFO] 📊 Итого в подписке сохранено иностранных серверов: 10
2026-02-22 09:30:59 [INFO] 💾 Файл успешно сохранен: FL1PVPN
