2026-02-26 22:40:05 [INFO] 🚀 START: Smart Selector (Target: 10, ONLY FOREIGN)
2026-02-26 22:40:05 [INFO] 🌐 Загрузка источников (VLESS + VMess)...
2026-02-26 22:40:07 [INFO] 🔍 Уникальных конфигов собрано: 189
2026-02-26 22:40:07 [INFO] ⚡ ЭТАП 1: Замер Пинга и Геолокации. Workers: 40...
2026-02-26 22:40:13 [INFO]    [PING OK] FI | VLESS | 4854ms
2026-02-26 22:40:13 [INFO]    [PING OK] FI | VLESS | 5053ms
2026-02-26 22:40:13 [INFO]    [PING OK] FI | VLESS | 5125ms
2026-02-26 22:40:13 [INFO]    [PING OK] FI | VLESS | 5060ms
2026-02-26 22:40:13 [INFO]    [PING OK] NL | VLESS | 5023ms
2026-02-26 22:40:13 [INFO]    [PING OK] FI | VLESS | 5369ms
2026-02-26 22:40:14 [INFO]    [PING OK] NL | VLESS | 4536ms
2026-02-26 22:40:14 [INFO]    [PING OK] FI | VLESS | 4711ms
2026-02-26 22:40:14 [INFO]    [PING OK] FI | VLESS | 4287ms
2026-02-26 22:40:14 [INFO]    [PING OK] FI | VLESS | 4641ms
2026-02-26 22:40:14 [INFO]    [PING OK] US | VLESS | 4245ms
2026-02-26 22:40:14 [INFO]    [PING OK] PL | VLESS | 4320ms
2026-02-26 22:40:14 [INFO]    [PING OK] FI | VLESS | 4285ms
2026-02-26 22:40:14 [INFO]    [PING OK] FI | VLESS | 4192ms
2026-02-26 22:40:14 [INFO]    [PING OK] US | VLESS | 6419ms
2026-02-26 22:40:15 [INFO]    [PING OK] NL | VLESS | 4157ms
2026-02-26 22:40:15 [INFO]    [PING OK] CH | VLESS | 6800ms
2026-02-26 22:40:15 [INFO]    [PING OK] DE | VLESS | 7253ms
2026-02-26 22:40:15 [INFO]    [PING OK] DE | VLESS | 4131ms
2026-02-26 22:40:15 [INFO]    [PING OK] DE | VLESS | 3572ms
2026-02-26 22:40:15 [INFO]    [PING OK] US | VLESS | 5254ms
2026-02-26 22:40:16 [INFO]    [PING OK] DE | VLESS | 4504ms
2026-02-26 22:40:17 [INFO]    [PING OK] US | VLESS | 4839ms
2026-02-26 22:40:18 [INFO]    [PING OK] NL | VLESS | 4021ms
2026-02-26 22:40:18 [INFO]    [PING OK] FI | VLESS | 4005ms
2026-02-26 22:40:18 [INFO]    [PING OK] FI | VLESS | 5427ms
2026-02-26 22:40:18 [INFO]    [PING OK] NL | VLESS | 4150ms
2026-02-26 22:40:18 [INFO]    [PING OK] DE | VLESS | 4007ms
2026-02-26 22:40:18 [INFO]    [PING OK] FR | VLESS | 3815ms
2026-02-26 22:40:18 [INFO]    [PING OK] FI | VLESS | 4135ms
2026-02-26 22:40:19 [INFO]    [PING OK] US | VLESS | 4225ms
2026-02-26 22:40:19 [INFO]    [PING OK] DE | VLESS | 4138ms
2026-02-26 22:40:19 [INFO]    [PING OK] NL | VLESS | 3818ms
2026-02-26 22:40:19 [INFO]    [PING OK] SE | VLESS | 3751ms
2026-02-26 22:40:19 [INFO]    [PING OK] FR | VLESS | 3819ms
2026-02-26 22:40:19 [INFO]    [PING OK] US | VLESS | 3965ms
2026-02-26 22:40:20 [INFO]    [PING OK] FI | VLESS | 3764ms
2026-02-26 22:40:20 [INFO]    [PING OK] DE | VLESS | 3634ms
2026-02-26 22:40:20 [INFO]    [PING OK] FR | VLESS | 4956ms
2026-02-26 22:40:20 [INFO]    [PING OK] NL | VLESS | 3739ms
2026-02-26 22:40:20 [INFO]    [PING OK] DE | VLESS | 4163ms
2026-02-26 22:40:20 [INFO]    [PING OK] CH | VLESS | 5138ms
2026-02-26 22:40:20 [INFO]    [PING OK] US | VLESS | 5202ms
2026-02-26 22:40:21 [INFO]    [PING OK] DE | VLESS | 4484ms
2026-02-26 22:40:21 [INFO]    [PING OK] PL | VLESS | 5322ms
2026-02-26 22:40:21 [INFO]    [PING OK] US | VLESS | 4266ms
2026-02-26 22:40:21 [INFO]    [PING OK] FR | VLESS | 5254ms
2026-02-26 22:40:22 [INFO]    [PING OK] DE | VLESS | 3847ms
2026-02-26 22:40:22 [INFO]    [PING OK] DE | VLESS | 6554ms
2026-02-26 22:40:22 [INFO]    [PING OK] DE | VLESS | 3336ms
2026-02-26 22:40:23 [INFO]    [PING OK] US | VLESS | 3569ms
2026-02-26 22:40:23 [INFO]    [PING OK] ES | VLESS | 3843ms
2026-02-26 22:40:23 [INFO]    [PING OK] NL | VLESS | 3468ms
2026-02-26 22:40:24 [INFO]    [PING OK] LV | VLESS | 4255ms
2026-02-26 22:40:24 [INFO]    [PING OK] DE | VLESS | 3724ms
2026-02-26 22:40:24 [INFO]    [PING OK] TR | VLESS | 4309ms
2026-02-26 22:40:24 [INFO]    [PING OK] SG | VLESS | 4356ms
2026-02-26 22:40:25 [INFO]    [PING OK] PL | VLESS | 4035ms
2026-02-26 22:40:25 [INFO]    [PING OK] JP | VLESS | 4652ms
2026-02-26 22:40:26 [INFO]    [PING OK] DE | VLESS | 3953ms
2026-02-26 22:40:26 [INFO]    [PING OK] DE | VLESS | 4205ms
2026-02-26 22:40:26 [INFO]    [PING OK] ES | VLESS | 4428ms
2026-02-26 22:40:26 [INFO]    [PING OK] SG | VLESS | 4592ms
2026-02-26 22:40:26 [INFO]    [PING OK] DE | VLESS | 3973ms
2026-02-26 22:40:27 [INFO]    [PING OK] DE | VLESS | 2094ms
2026-02-26 22:40:27 [INFO]    [PING OK] DE | VLESS | 1289ms
2026-02-26 22:40:28 [INFO]    [PING OK] DE | VLESS | 6175ms
2026-02-26 22:40:32 [INFO] 🏎️ ЭТАП 2: Глубокий замер скорости для 40 иностранных кандидатов...
2026-02-26 22:40:36 [INFO]    🏆 DE | VLESS | Пинг: 3336ms | Скорость: 5.62 Mbps ⚡⚡
2026-02-26 22:40:36 [INFO]    🏆 SE | VLESS | Пинг: 3751ms | Скорость: 5.8 Mbps ⚡⚡
2026-02-26 22:40:36 [INFO]    🏆 DE | VLESS | Пинг: 3634ms | Скорость: 5.6 Mbps ⚡⚡
2026-02-26 22:40:36 [INFO]    🏆 DE | VLESS | Пинг: 3572ms | Скорость: 5.57 Mbps ⚡⚡
2026-02-26 22:40:36 [INFO]    🏆 DE | VLESS | Пинг: 2094ms | Скорость: 5.42 Mbps ⚡⚡
2026-02-26 22:40:36 [INFO]    🏆 DE | VLESS | Пинг: 3724ms | Скорость: 5.51 Mbps ⚡⚡
2026-02-26 22:40:36 [INFO]    🏆 NL | VLESS | Пинг: 3818ms | Скорость: 5.53 Mbps ⚡⚡
2026-02-26 22:40:36 [INFO]    🏆 FI | VLESS | Пинг: 3764ms | Скорость: 5.45 Mbps ⚡⚡
2026-02-26 22:40:36 [INFO]    🏆 DE | VLESS | Пинг: 1289ms | Скорость: 5.23 Mbps ⚡⚡
2026-02-26 22:40:36 [INFO]    🏆 NL | VLESS | Пинг: 3739ms | Скорость: 5.25 Mbps ⚡⚡
2026-02-26 22:40:36 [INFO]    🏆 ES | VLESS | Пинг: 3843ms | Скорость: 5.5 Mbps ⚡⚡
2026-02-26 22:40:36 [INFO]    🏆 NL | VLESS | Пинг: 3468ms | Скорость: 5.14 Mbps ⚡⚡
2026-02-26 22:40:36 [INFO]    🏆 US | VLESS | Пинг: 3569ms | Скорость: 5.04 Mbps ⚡⚡
2026-02-26 22:40:37 [INFO]    🏆 FR | VLESS | Пинг: 3819ms | Скорость: 4.32 Mbps ⚡⚡
2026-02-26 22:40:37 [INFO]    🏆 FR | VLESS | Пинг: 3815ms | Скорость: 4.28 Mbps ⚡⚡
2026-02-26 22:40:40 [INFO]    🏆 DE | VLESS | Пинг: 3847ms | Скорость: 6.1 Mbps ⚡⚡
2026-02-26 22:40:40 [INFO]    🏆 FI | VLESS | Пинг: 4005ms | Скорость: 6.04 Mbps ⚡⚡
2026-02-26 22:40:40 [INFO]    🏆 NL | VLESS | Пинг: 4150ms | Скорость: 6.56 Mbps ⚡⚡
2026-02-26 22:40:40 [INFO]    🏆 DE | VLESS | Пинг: 4007ms | Скорость: 6.14 Mbps ⚡⚡
2026-02-26 22:40:40 [INFO]    🏆 PL | VLESS | Пинг: 4035ms | Скорость: 6.27 Mbps ⚡⚡
2026-02-26 22:40:40 [INFO]    🏆 DE | VLESS | Пинг: 4138ms | Скорость: 6.41 Mbps ⚡⚡
2026-02-26 22:40:40 [INFO]    🏆 FI | VLESS | Пинг: 4135ms | Скорость: 6.33 Mbps ⚡⚡
2026-02-26 22:40:40 [INFO]    🏆 NL | VLESS | Пинг: 4157ms | Скорость: 6.55 Mbps ⚡⚡
2026-02-26 22:40:40 [INFO]    🏆 US | VLESS | Пинг: 3965ms | Скорость: 5.68 Mbps ⚡⚡
2026-02-26 22:40:41 [INFO]    🏆 DE | VLESS | Пинг: 4163ms | Скорость: 7.04 Mbps ⚡⚡
2026-02-26 22:40:43 [INFO]    🏆 DE | VLESS | Пинг: 3953ms | Скорость: 3.07 Mbps ⚡⚡
2026-02-26 22:40:43 [INFO]    🏆 DE | VLESS | Пинг: 3973ms | Скорость: 1.87 Mbps ⚡
2026-02-26 22:40:44 [INFO]    🏆 PL | VLESS | Пинг: 4320ms | Скорость: 7.02 Mbps ⚡⚡
2026-02-26 22:40:44 [INFO]    🏆 LV | VLESS | Пинг: 4255ms | Скорость: 6.78 Mbps ⚡⚡
2026-02-26 22:40:44 [INFO]    🏆 US | VLESS | Пинг: 4245ms | Скорость: 6.77 Mbps ⚡⚡
2026-02-26 22:40:44 [INFO]    🏆 FI | VLESS | Пинг: 4287ms | Скорость: 6.84 Mbps ⚡⚡
2026-02-26 22:40:44 [INFO]    🏆 FI | VLESS | Пинг: 4285ms | Скорость: 6.79 Mbps ⚡⚡
2026-02-26 22:40:44 [INFO]    🏆 TR | VLESS | Пинг: 4309ms | Скорость: 6.77 Mbps ⚡⚡
2026-02-26 22:40:44 [INFO]    🏆 US | VLESS | Пинг: 4266ms | Скорость: 6.59 Mbps ⚡⚡
2026-02-26 22:40:44 [INFO]    🏆 DE | VLESS | Пинг: 4205ms | Скорость: 6.36 Mbps ⚡⚡
2026-02-26 22:40:44 [INFO]    🏆 US | VLESS | Пинг: 4225ms | Скорость: 6.4 Mbps ⚡⚡
2026-02-26 22:40:44 [INFO]    🏆 SG | VLESS | Пинг: 4356ms | Скорость: 6.61 Mbps ⚡⚡
2026-02-26 22:40:44 [INFO] 📊 Итого в подписке сохранено иностранных серверов: 10
2026-02-26 22:40:44 [INFO] 💾 Файл успешно сохранен: FL1PVPN
