2026-02-18 01:10:05 [INFO] 🚀 START: Smart VLESS Selector (Target: 10, Strict Mode)
2026-02-18 01:10:05 [INFO] 🌐 Загрузка источников...
2026-02-18 01:10:08 [INFO] 🔍 Уникальных конфигов собрано: 345
2026-02-18 01:10:08 [INFO] ⚡ ЭТАП 1: Быстрый замер Пинга (Workers: 25)...
2026-02-18 01:10:09 [INFO]    [PING OK] LV | 204ms
2026-02-18 01:10:09 [INFO]    [PING OK] PL | 170ms
2026-02-18 01:10:09 [INFO]    [PING OK] NL | 192ms
2026-02-18 01:10:09 [INFO]    [PING OK] DE | 138ms
2026-02-18 01:10:10 [INFO]    [PING OK] FI | 272ms
2026-02-18 01:10:10 [INFO]    [PING OK] FI | 220ms
2026-02-18 01:10:11 [INFO]    [PING OK] DE | 1258ms
2026-02-18 01:10:11 [INFO]    [PING OK] DE | 996ms
2026-02-18 01:10:11 [INFO]    [PING OK] RU | 141ms
2026-02-18 01:10:11 [INFO]    [PING OK] LV | 158ms
2026-02-18 01:10:12 [INFO]    [PING OK] LT | 143ms
2026-02-18 01:10:12 [INFO]    [PING OK] LT | 148ms
2026-02-18 01:10:12 [INFO]    [PING OK] RU | 119ms
2026-02-18 01:10:12 [INFO]    [PING OK] LT | 159ms
2026-02-18 01:10:12 [INFO]    [PING OK] DE | 162ms
2026-02-18 01:10:12 [INFO]    [PING OK] RU | 262ms
2026-02-18 01:10:13 [INFO]    [PING OK] RU | 66ms
2026-02-18 01:10:13 [INFO]    [PING OK] DE | 692ms
2026-02-18 01:10:13 [INFO]    [PING OK] RU | 83ms
2026-02-18 01:10:13 [INFO]    [PING OK] IR | 1348ms
2026-02-18 01:10:13 [INFO]    [PING OK] RU | 237ms
2026-02-18 01:10:13 [INFO]    [PING OK] RU | 476ms
2026-02-18 01:10:13 [INFO]    [PING OK] RU | 202ms
2026-02-18 01:10:13 [INFO]    [PING OK] RU | 76ms
2026-02-18 01:10:13 [INFO]    [PING OK] RU | 170ms
2026-02-18 01:10:13 [INFO]    [PING OK] RU | 216ms
2026-02-18 01:10:13 [INFO]    [PING OK] RU | 229ms
2026-02-18 01:10:13 [INFO]    [PING OK] RU | 219ms
2026-02-18 01:10:13 [INFO]    [PING OK] RU | 213ms
2026-02-18 01:10:14 [INFO]    [PING OK] RU | 241ms
2026-02-18 01:10:14 [INFO]    [PING OK] RU | 74ms
2026-02-18 01:10:14 [INFO]    [PING OK] RU | 206ms
2026-02-18 01:10:14 [INFO]    [PING OK] RU | 74ms
2026-02-18 01:10:14 [INFO]    [PING OK] RU | 492ms
2026-02-18 01:10:14 [INFO]    [PING OK] HU | 336ms
2026-02-18 01:10:14 [INFO]    [PING OK] RU | 83ms
2026-02-18 01:10:14 [INFO]    [PING OK] RU | 292ms
2026-02-18 01:10:14 [INFO]    [PING OK] RU | 182ms
2026-02-18 01:10:14 [INFO]    [PING OK] RU | 80ms
2026-02-18 01:10:14 [INFO]    [PING OK] RU | 226ms
2026-02-18 01:10:14 [INFO]    [PING OK] RU | 264ms
2026-02-18 01:10:14 [INFO]    [PING OK] RU | 79ms
2026-02-18 01:10:14 [INFO]    [PING OK] RU | 311ms
2026-02-18 01:10:14 [INFO]    [PING OK] DE | 241ms
2026-02-18 01:10:14 [INFO]    [PING OK] RU | 88ms
2026-02-18 01:10:14 [INFO]    [PING OK] RU | 177ms
2026-02-18 01:10:15 [INFO]    [PING OK] RU | 275ms
2026-02-18 01:10:15 [INFO]    [PING OK] RU | 145ms
2026-02-18 01:10:15 [INFO]    [PING OK] RU | 302ms
2026-02-18 01:10:15 [INFO]    [PING OK] RU | 229ms
2026-02-18 01:10:15 [INFO]    [PING OK] RU | 301ms
2026-02-18 01:10:15 [INFO]    [PING OK] RU | 223ms
2026-02-18 01:10:15 [INFO]    [PING OK] RU | 228ms
2026-02-18 01:10:15 [INFO]    [PING OK] RU | 932ms
2026-02-18 01:10:15 [INFO]    [PING OK] RU | 250ms
2026-02-18 01:10:15 [INFO]    [PING OK] RU | 214ms
2026-02-18 01:10:15 [INFO]    [PING OK] RU | 222ms
2026-02-18 01:10:15 [INFO]    [PING OK] RU | 183ms
2026-02-18 01:10:15 [INFO]    [PING OK] RU | 247ms
2026-02-18 01:10:15 [INFO]    [PING OK] RU | 164ms
2026-02-18 01:10:16 [INFO]    [PING OK] RU | 319ms
2026-02-18 01:10:16 [INFO]    [PING OK] RU | 1856ms
2026-02-18 01:10:16 [INFO]    [PING OK] RU | 216ms
2026-02-18 01:10:16 [INFO]    [PING OK] RU | 79ms
2026-02-18 01:10:16 [INFO]    [PING OK] RU | 359ms
2026-02-18 01:10:16 [INFO]    [PING OK] RU | 244ms
2026-02-18 01:10:16 [INFO]    [PING OK] RU | 251ms
2026-02-18 01:10:16 [INFO]    [PING OK] RU | 112ms
2026-02-18 01:10:16 [INFO]    [PING OK] RU | 156ms
2026-02-18 01:10:16 [INFO]    [PING OK] RU | 233ms
2026-02-18 01:10:16 [INFO]    [PING OK] RU | 84ms
2026-02-18 01:10:17 [INFO]    [PING OK] RU | 137ms
2026-02-18 01:10:17 [INFO]    [PING OK] RU | 218ms
2026-02-18 01:10:17 [INFO]    [PING OK] RU | 2356ms
2026-02-18 01:10:17 [INFO]    [PING OK] RU | 390ms
2026-02-18 01:10:17 [INFO]    [PING OK] RU | 2146ms
2026-02-18 01:10:17 [INFO]    [PING OK] RU | 224ms
2026-02-18 01:10:17 [INFO]    [PING OK] RU | 372ms
2026-02-18 01:10:17 [INFO]    [PING OK] RU | 201ms
2026-02-18 01:10:17 [INFO]    [PING OK] RU | 257ms
2026-02-18 01:10:17 [INFO]    [PING OK] RU | 133ms
2026-02-18 01:10:17 [INFO]    [PING OK] RU | 212ms
2026-02-18 01:10:17 [INFO]    [PING OK] RU | 209ms
2026-02-18 01:10:17 [INFO]    [PING OK] RU | 197ms
2026-02-18 01:10:17 [INFO]    [PING OK] RU | 191ms
2026-02-18 01:10:17 [INFO]    [PING OK] RU | 110ms
2026-02-18 01:10:18 [INFO]    [PING OK] RU | 206ms
2026-02-18 01:10:18 [INFO]    [PING OK] RU | 373ms
2026-02-18 01:10:18 [INFO]    [PING OK] RU | 284ms
2026-02-18 01:10:18 [INFO]    [PING OK] RU | 375ms
2026-02-18 01:10:18 [INFO]    [PING OK] RU | 255ms
2026-02-18 01:10:18 [INFO]    [PING OK] RU | 214ms
2026-02-18 01:10:18 [INFO]    [PING OK] RU | 284ms
2026-02-18 01:10:18 [INFO]    [PING OK] RU | 198ms
2026-02-18 01:10:18 [INFO]    [PING OK] RU | 214ms
2026-02-18 01:10:18 [INFO]    [PING OK] RU | 210ms
2026-02-18 01:10:18 [INFO]    [PING OK] RU | 91ms
2026-02-18 01:10:18 [INFO]    [PING OK] RU | 2971ms
2026-02-18 01:10:18 [INFO]    [PING OK] RU | 2656ms
2026-02-18 01:10:18 [INFO]    [PING OK] RU | 153ms
2026-02-18 01:10:18 [INFO]    [PING OK] RU | 323ms
2026-02-18 01:10:19 [INFO]    [PING OK] RU | 156ms
2026-02-18 01:10:19 [INFO]    [PING OK] RU | 3072ms
2026-02-18 01:10:19 [INFO]    [PING OK] RU | 357ms
2026-02-18 01:10:19 [INFO]    [PING OK] RU | 143ms
2026-02-18 01:10:19 [INFO]    [PING OK] RU | 358ms
2026-02-18 01:10:19 [INFO]    [PING OK] RU | 77ms
2026-02-18 01:10:19 [INFO]    [PING OK] RU | 442ms
2026-02-18 01:10:19 [INFO]    [PING OK] RU | 368ms
2026-02-18 01:10:19 [INFO]    [PING OK] MD | 154ms
2026-02-18 01:10:19 [INFO]    [PING OK] RU | 328ms
2026-02-18 01:10:20 [INFO]    [PING OK] US | 459ms
2026-02-18 01:10:20 [INFO]    [PING OK] DE | 178ms
2026-02-18 01:10:20 [INFO]    [PING OK] PL | 109ms
2026-02-18 01:10:20 [INFO]    [PING OK] AT | 236ms
2026-02-18 01:10:20 [INFO]    [PING OK] US | 668ms
2026-02-18 01:10:21 [INFO]    [PING OK] LV | 449ms
2026-02-18 01:10:21 [INFO]    [PING OK] RU | 4285ms
2026-02-18 01:10:22 [INFO]    [PING OK] RU | 200ms
2026-02-18 01:10:23 [INFO]    [PING OK] GB | 4925ms
2026-02-18 01:10:23 [INFO]    [PING OK] RU | 152ms
2026-02-18 01:10:23 [INFO]    [PING OK] DE | 491ms
2026-02-18 01:10:24 [INFO]    [PING OK] NL | 213ms
2026-02-18 01:10:24 [INFO]    [PING OK] JP | 414ms
2026-02-18 01:10:25 [INFO]    [PING OK] DE | 177ms
2026-02-18 01:10:25 [INFO]    [PING OK] NL | 215ms
2026-02-18 01:10:25 [INFO]    [PING OK] FI | 113ms
2026-02-18 01:10:26 [INFO]    [PING OK] AU | 141ms
2026-02-18 01:10:26 [INFO]    [PING OK] FI | 204ms
2026-02-18 01:10:26 [INFO]    [PING OK] UZ | 300ms
2026-02-18 01:10:26 [INFO]    [PING OK] PL | 147ms
2026-02-18 01:10:26 [INFO]    [PING OK] DE | 217ms
2026-02-18 01:10:26 [INFO]    [PING OK] PL | 104ms
2026-02-18 01:10:26 [INFO]    [PING OK] FR | 186ms
2026-02-18 01:10:27 [INFO]    [PING OK] EE | 257ms
2026-02-18 01:10:27 [INFO]    [PING OK] FR | 487ms
2026-02-18 01:10:27 [INFO]    [PING OK] FI | 232ms
2026-02-18 01:10:28 [INFO]    [PING OK] ES | 428ms
2026-02-18 01:10:28 [INFO]    [PING OK] AE | 253ms
2026-02-18 01:10:29 [INFO]    [PING OK] DE | 235ms
2026-02-18 01:10:40 [INFO] 🏎️ ЭТАП 2: Глубокий замер скорости для ТОП-10 серверов...
2026-02-18 01:10:46 [INFO]    🏆 PL | Пинг: 104ms | Скорость: 8.86 Mbps ⚡⚡
2026-02-18 01:10:46 [INFO]    🏆 PL | Пинг: 109ms | Скорость: 0.0 Mbps 
2026-02-18 01:10:46 [INFO]    🏆 FI | Пинг: 113ms | Скорость: 8.89 Mbps ⚡⚡
2026-02-18 01:10:46 [INFO]    🏆 DE | Пинг: 138ms | Скорость: 8.81 Mbps ⚡⚡
2026-02-18 01:10:46 [INFO]    🏆 AU | Пинг: 141ms | Скорость: 0.78 Mbps 
2026-02-18 01:10:46 [INFO]    🏆 LT | Пинг: 143ms | Скорость: 8.96 Mbps ⚡⚡
2026-02-18 01:10:46 [INFO]    🏆 PL | Пинг: 147ms | Скорость: 0.0 Mbps 
2026-02-18 01:10:46 [INFO]    🏆 LT | Пинг: 148ms | Скорость: 9.31 Mbps ⚡⚡
2026-02-18 01:10:46 [INFO]    🏆 MD | Пинг: 154ms | Скорость: 9.23 Mbps ⚡⚡
2026-02-18 01:10:46 [INFO]    🏆 RU | Пинг: 66ms | Скорость: 9.39 Mbps ⚡⚡
2026-02-18 01:10:46 [INFO] 🇷🇺 Добавлен RU сервер: 95.163.211.13
2026-02-18 01:10:46 [INFO] 📊 Итого в подписке сохранено: 10 серверов
2026-02-18 01:10:46 [INFO] 💾 Файл успешно сохранен: FL1PVPN
