2026-02-25 09:00:06 [INFO] 🚀 START: Smart Selector (Target: 10, ONLY FOREIGN)
2026-02-25 09:00:06 [INFO] 🌐 Загрузка источников (VLESS + VMess)...
2026-02-25 09:00:07 [INFO] 🔍 Уникальных конфигов собрано: 168
2026-02-25 09:00:07 [INFO] ⚡ ЭТАП 1: Замер Пинга и Геолокации. Workers: 40...
2026-02-25 09:00:13 [INFO]    [PING OK] NL | VLESS | 4571ms
2026-02-25 09:00:13 [INFO]    [PING OK] FI | VLESS | 4462ms
2026-02-25 09:00:13 [INFO]    [PING OK] DE | VLESS | 4738ms
2026-02-25 09:00:13 [INFO]    [PING OK] NL | VLESS | 4670ms
2026-02-25 09:00:13 [INFO]    [PING OK] FI | VLESS | 4243ms
2026-02-25 09:00:13 [INFO]    [PING OK] DE | VLESS | 5110ms
2026-02-25 09:00:13 [INFO]    [PING OK] US | VLESS | 4578ms
2026-02-25 09:00:13 [INFO]    [PING OK] NL | VLESS | 4228ms
2026-02-25 09:00:14 [INFO]    [PING OK] FI | VLESS | 4145ms
2026-02-25 09:00:14 [INFO]    [PING OK] FI | VLESS | 4111ms
2026-02-25 09:00:14 [INFO]    [PING OK] FI | VLESS | 5388ms
2026-02-25 09:00:14 [INFO]    [PING OK] DE | VLESS | 3322ms
2026-02-25 09:00:16 [INFO]    [PING OK] NL | VLESS | 3496ms
2026-02-25 09:00:17 [INFO]    [PING OK] DE | VLESS | 8720ms
2026-02-25 09:00:17 [INFO]    [PING OK] DE | VLESS | 8198ms
2026-02-25 09:00:17 [INFO]    [PING OK] DE | VLESS | 4999ms
2026-02-25 09:00:17 [INFO]    [PING OK] DE | VLESS | 3856ms
2026-02-25 09:00:18 [INFO]    [PING OK] US | VLESS | 3726ms
2026-02-25 09:00:18 [INFO]    [PING OK] FI | VLESS | 3978ms
2026-02-25 09:00:18 [INFO]    [PING OK] DE | VLESS | 8355ms
2026-02-25 09:00:18 [INFO]    [PING OK] FI | VLESS | 4041ms
2026-02-25 09:00:18 [INFO]    [PING OK] FI | VLESS | 4014ms
2026-02-25 09:00:18 [INFO]    [PING OK] DE | VLESS | 7969ms
2026-02-25 09:00:18 [INFO]    [PING OK] DE | VLESS | 4843ms
2026-02-25 09:00:19 [INFO]    [PING OK] NL | VLESS | 5021ms
2026-02-25 09:00:19 [INFO]    [PING OK] US | VLESS | 4250ms
2026-02-25 09:00:19 [INFO]    [PING OK] US | VLESS | 7839ms
2026-02-25 09:00:19 [INFO]    [PING OK] DE | VLESS | 4286ms
2026-02-25 09:00:19 [INFO]    [PING OK] TW | VLESS | 4502ms
2026-02-25 09:00:21 [INFO]    [PING OK] DE | VLESS | 4035ms
2026-02-25 09:00:22 [INFO]    [PING OK] DE | VLESS | 4042ms
2026-02-25 09:00:22 [INFO]    [PING OK] CA | VLESS | 4123ms
2026-02-25 09:00:22 [INFO]    [PING OK] CA | VLESS | 6952ms
2026-02-25 09:00:22 [INFO]    [PING OK] GB | VLESS | 3907ms
2026-02-25 09:00:23 [INFO]    [PING OK] CA | VLESS | 7770ms
2026-02-25 09:00:23 [INFO]    [PING OK] LV | VLESS | 4850ms
2026-02-25 09:00:23 [INFO]    [PING OK] DE | VLESS | 5899ms
2026-02-25 09:00:23 [INFO]    [PING OK] FR | VLESS | 3081ms
2026-02-25 09:00:23 [INFO]    [PING OK] CA | VLESS | 5257ms
2026-02-25 09:00:24 [INFO]    [PING OK] DE | VLESS | 3288ms
2026-02-25 09:00:24 [INFO]    [PING OK] RS | VLESS | 3618ms
2026-02-25 09:00:24 [INFO]    [PING OK] SE | VLESS | 3311ms
2026-02-25 09:00:24 [INFO]    [PING OK] CA | VLESS | 9483ms
2026-02-25 09:00:24 [INFO]    [PING OK] NL | VLESS | 2985ms
2026-02-25 09:00:24 [INFO]    [PING OK] CY | VLESS | 5555ms
2026-02-25 09:00:25 [INFO]    [PING OK] DE | VLESS | 5835ms
2026-02-25 09:00:25 [INFO]    [PING OK] CA | VLESS | 7568ms
2026-02-25 09:00:25 [INFO]    [PING OK] US | VLESS | 3613ms
2026-02-25 09:00:26 [INFO]    [PING OK] CA | VLESS | 5074ms
2026-02-25 09:00:26 [INFO]    [PING OK] CA | VLESS | 4185ms
2026-02-25 09:00:26 [INFO]    [PING OK] DE | VLESS | 3130ms
2026-02-25 09:00:26 [INFO]    [PING OK] DE | VLESS | 2994ms
2026-02-25 09:00:26 [INFO]    [PING OK] US | VLESS | 6359ms
2026-02-25 09:00:26 [INFO]    [PING OK] GB | VLESS | 3211ms
2026-02-25 09:00:26 [INFO]    [PING OK] GB | VLESS | 3189ms
2026-02-25 09:00:26 [INFO]    [PING OK] NL | VLESS | 1945ms
2026-02-25 09:00:26 [INFO]    [PING OK] US | VLESS | 2706ms
2026-02-25 09:00:26 [INFO]    [PING OK] SG | VLESS | 3584ms
2026-02-25 09:00:26 [INFO]    [PING OK] CA | VLESS | 4188ms
2026-02-25 09:00:27 [INFO]    [PING OK] CA | VLESS | 3182ms
2026-02-25 09:00:27 [INFO]    [PING OK] TW | VLESS | 3612ms
2026-02-25 09:00:29 [INFO]    [PING OK] US | VLESS | 2230ms
2026-02-25 09:00:31 [INFO] 🏎️ ЭТАП 2: Глубокий замер скорости для 40 иностранных кандидатов...
2026-02-25 09:00:36 [INFO]    🏆 NL | VLESS | Пинг: 1945ms | Скорость: 4.83 Mbps ⚡⚡
2026-02-25 09:00:36 [INFO]    🏆 DE | VLESS | Пинг: 2994ms | Скорость: 4.86 Mbps ⚡⚡
2026-02-25 09:00:36 [INFO]    🏆 DE | VLESS | Пинг: 3288ms | Скорость: 4.98 Mbps ⚡⚡
2026-02-25 09:00:36 [INFO]    🏆 DE | VLESS | Пинг: 3322ms | Скорость: 4.97 Mbps ⚡⚡
2026-02-25 09:00:36 [INFO]    🏆 GB | VLESS | Пинг: 3189ms | Скорость: 4.84 Mbps ⚡⚡
2026-02-25 09:00:36 [INFO]    🏆 US | VLESS | Пинг: 2706ms | Скорость: 4.75 Mbps ⚡⚡
2026-02-25 09:00:36 [INFO]    🏆 US | VLESS | Пинг: 2230ms | Скорость: 4.64 Mbps ⚡⚡
2026-02-25 09:00:36 [INFO]    🏆 DE | VLESS | Пинг: 3130ms | Скорость: 4.72 Mbps ⚡⚡
2026-02-25 09:00:36 [INFO]    🏆 FR | VLESS | Пинг: 3081ms | Скорость: 4.49 Mbps ⚡⚡
2026-02-25 09:00:36 [INFO]    🏆 SE | VLESS | Пинг: 3311ms | Скорость: 4.63 Mbps ⚡⚡
2026-02-25 09:00:36 [INFO]    🏆 GB | VLESS | Пинг: 3211ms | Скорость: 4.49 Mbps ⚡⚡
2026-02-25 09:00:38 [INFO]    🏆 NL | VLESS | Пинг: 2985ms | Скорость: 1.67 Mbps ⚡
2026-02-25 09:00:40 [INFO]    🏆 RS | VLESS | Пинг: 3618ms | Скорость: 5.72 Mbps ⚡⚡
2026-02-25 09:00:40 [INFO]    🏆 FI | VLESS | Пинг: 3978ms | Скорость: 5.92 Mbps ⚡⚡
2026-02-25 09:00:40 [INFO]    🏆 FI | VLESS | Пинг: 4041ms | Скорость: 6.11 Mbps ⚡⚡
2026-02-25 09:00:41 [INFO]    🏆 DE | VLESS | Пинг: 4042ms | Скорость: 5.94 Mbps ⚡⚡
2026-02-25 09:00:41 [INFO]    🏆 FI | VLESS | Пинг: 4111ms | Скорость: 5.97 Mbps ⚡⚡
2026-02-25 09:00:41 [INFO]    🏆 US | VLESS | Пинг: 3613ms | Скорость: 5.34 Mbps ⚡⚡
2026-02-25 09:00:41 [INFO]    🏆 GB | VLESS | Пинг: 3907ms | Скорость: 5.37 Mbps ⚡⚡
2026-02-25 09:00:41 [INFO]    🏆 US | VLESS | Пинг: 3726ms | Скорость: 5.27 Mbps ⚡⚡
2026-02-25 09:00:41 [INFO]    🏆 FI | VLESS | Пинг: 4014ms | Скорость: 5.32 Mbps ⚡⚡
2026-02-25 09:00:42 [INFO]    🏆 TW | VLESS | Пинг: 3612ms | Скорость: 3.85 Mbps ⚡⚡
2026-02-25 09:00:42 [INFO]    🏆 FI | VLESS | Пинг: 4145ms | Скорость: 6.1 Mbps ⚡⚡
2026-02-25 09:00:43 [INFO]    🏆 DE | VLESS | Пинг: 4035ms | Скорость: 1.19 Mbps 
2026-02-25 09:00:43 [INFO]    🏆 NL | VLESS | Пинг: 4228ms | Скорость: 10.12 Mbps ⚡⚡
2026-02-25 09:00:43 [INFO]    🏆 FI | VLESS | Пинг: 4243ms | Скорость: 9.16 Mbps ⚡⚡
2026-02-25 09:00:43 [INFO]    🏆 DE | VLESS | Пинг: 4286ms | Скорость: 9.98 Mbps ⚡⚡
2026-02-25 09:00:43 [INFO]    🏆 NL | VLESS | Пинг: 4571ms | Скорость: 10.38 Mbps ⚡⚡
2026-02-25 09:00:44 [INFO]    🏆 US | VLESS | Пинг: 4250ms | Скорость: 8.31 Mbps ⚡⚡
2026-02-25 09:00:44 [INFO]    🏆 US | VLESS | Пинг: 4578ms | Скорость: 9.0 Mbps ⚡⚡
2026-02-25 09:00:45 [INFO]    🏆 FI | VLESS | Пинг: 4462ms | Скорость: 4.89 Mbps ⚡⚡
2026-02-25 09:00:46 [INFO]    🏆 TW | VLESS | Пинг: 4502ms | Скорость: 4.49 Mbps ⚡⚡
2026-02-25 09:00:47 [INFO] 📊 Итого в подписке сохранено иностранных серверов: 10
2026-02-25 09:00:47 [INFO] 💾 Файл успешно сохранен: FL1PVPN
