2026-02-15 18:58:12 [INFO] 🚀 START: Smart VLESS Selector (Target: 10, Strict Mode)
2026-02-15 18:58:12 [INFO] 🌐 Загрузка источников...
2026-02-15 18:58:14 [INFO] 🔍 Уникальных конфигов собрано: 398
2026-02-15 18:58:14 [INFO] ⚡ ЭТАП 1: Быстрый замер Пинга (Workers: 25)...
2026-02-15 18:58:15 [INFO]    [PING OK] DE | 211ms
2026-02-15 18:58:16 [INFO]    [PING OK] NL | 650ms
2026-02-15 18:58:16 [INFO]    [PING OK] NL | 249ms
2026-02-15 18:58:17 [INFO]    [PING OK] NL | 146ms
2026-02-15 18:58:17 [INFO]    [PING OK] CH | 183ms
2026-02-15 18:58:17 [INFO]    [PING OK] FR | 1267ms
2026-02-15 18:58:18 [INFO]    [PING OK] ES | 694ms
2026-02-15 18:58:19 [INFO]    [PING OK] US | 2354ms
2026-02-15 18:58:19 [INFO]    [PING OK] US | 467ms
2026-02-15 18:58:19 [INFO]    [PING OK] DE | 200ms
2026-02-15 18:58:20 [INFO]    [PING OK] FI | 204ms
2026-02-15 18:58:21 [INFO]    [PING OK] SG | 518ms
2026-02-15 18:58:21 [INFO]    [PING OK] EE | 359ms
2026-02-15 18:58:22 [INFO]    [PING OK] US | 1101ms
2026-02-15 18:58:22 [INFO]    [PING OK] TR | 286ms
2026-02-15 18:58:23 [INFO]    [PING OK] ES | 970ms
2026-02-15 18:58:23 [INFO]    [PING OK] RU | 1369ms
2026-02-15 18:58:26 [INFO]    [PING OK] RU | 92ms
2026-02-15 18:58:27 [INFO]    [PING OK] PL | 950ms
2026-02-15 18:58:27 [INFO]    [PING OK] RU | 47ms
2026-02-15 18:58:27 [INFO]    [PING OK] RU | 273ms
2026-02-15 18:58:27 [INFO]    [PING OK] RU | 1282ms
2026-02-15 18:58:27 [INFO]    [PING OK] RU | 220ms
2026-02-15 18:58:28 [INFO]    [PING OK] RU | 205ms
2026-02-15 18:58:29 [INFO]    [PING OK] RU | 369ms
2026-02-15 18:58:29 [INFO]    [PING OK] RU | 306ms
2026-02-15 18:58:29 [INFO]    [PING OK] RU | 270ms
2026-02-15 18:58:29 [INFO]    [PING OK] RU | 399ms
2026-02-15 18:58:29 [INFO]    [PING OK] RU | 155ms
2026-02-15 18:58:30 [INFO]    [PING OK] RU | 197ms
2026-02-15 18:58:30 [INFO]    [PING OK] RU | 315ms
2026-02-15 18:58:30 [INFO]    [PING OK] RU | 2473ms
2026-02-15 18:58:30 [INFO]    [PING OK] PL | 187ms
2026-02-15 18:58:30 [INFO]    [PING OK] RU | 218ms
2026-02-15 18:58:31 [INFO]    [PING OK] RU | 968ms
2026-02-15 18:58:31 [INFO]    [PING OK] RU | 2729ms
2026-02-15 18:58:31 [INFO]    [PING OK] PL | 214ms
2026-02-15 18:58:32 [INFO]    [PING OK] RU | 131ms
2026-02-15 18:58:32 [INFO]    [PING OK] RU | 309ms
2026-02-15 18:58:32 [INFO]    [PING OK] FI | 731ms
2026-02-15 18:58:32 [INFO]    [PING OK] RU | 214ms
2026-02-15 18:58:32 [INFO]    [PING OK] RU | 421ms
2026-02-15 18:58:32 [INFO]    [PING OK] RU | 150ms
2026-02-15 18:58:33 [INFO]    [PING OK] RU | 264ms
2026-02-15 18:58:33 [INFO]    [PING OK] RU | 170ms
2026-02-15 18:58:33 [INFO]    [PING OK] RU | 101ms
2026-02-15 18:58:34 [INFO]    [PING OK] RU | 1392ms
2026-02-15 18:58:34 [INFO]    [PING OK] RU | 4008ms
2026-02-15 18:58:34 [INFO]    [PING OK] RU | 251ms
2026-02-15 18:58:34 [INFO]    [PING OK] RU | 145ms
2026-02-15 18:58:34 [INFO]    [PING OK] RU | 101ms
2026-02-15 18:58:34 [INFO]    [PING OK] RU | 1343ms
2026-02-15 18:58:34 [INFO]    [PING OK] RU | 70ms
2026-02-15 18:58:34 [INFO]    [PING OK] RU | 3786ms
2026-02-15 18:58:34 [INFO]    [PING OK] RU | 1945ms
2026-02-15 18:58:34 [INFO]    [PING OK] RU | 503ms
2026-02-15 18:58:35 [INFO]    [PING OK] RU | 2708ms
2026-02-15 18:58:35 [INFO]    [PING OK] RU | 383ms
2026-02-15 18:58:35 [INFO]    [PING OK] RU | 199ms
2026-02-15 18:58:35 [INFO]    [PING OK] RU | 2945ms
2026-02-15 18:58:35 [INFO]    [PING OK] RU | 171ms
2026-02-15 18:58:35 [INFO]    [PING OK] DE | 1184ms
2026-02-15 18:58:36 [INFO]    [PING OK] RU | 236ms
2026-02-15 18:58:37 [INFO]    [PING OK] RU | 82ms
2026-02-15 18:58:37 [INFO]    [PING OK] RU | 845ms
2026-02-15 18:58:37 [INFO]    [PING OK] RU | 1288ms
2026-02-15 18:58:37 [INFO]    [PING OK] RU | 311ms
2026-02-15 18:58:37 [INFO]    [PING OK] RU | 317ms
2026-02-15 18:58:37 [INFO]    [PING OK] RU | 286ms
2026-02-15 18:58:38 [INFO]    [PING OK] RU | 714ms
2026-02-15 18:58:38 [INFO]    [PING OK] RU | 1072ms
2026-02-15 18:58:38 [INFO]    [PING OK] RU | 574ms
2026-02-15 18:58:38 [INFO]    [PING OK] RU | 322ms
2026-02-15 18:58:38 [INFO]    [PING OK] RU | 201ms
2026-02-15 18:58:38 [INFO]    [PING OK] RU | 348ms
2026-02-15 18:58:39 [INFO]    [PING OK] RU | 1007ms
2026-02-15 18:58:39 [INFO]    [PING OK] RU | 505ms
2026-02-15 18:58:39 [INFO]    [PING OK] RU | 3176ms
2026-02-15 18:58:39 [INFO]    [PING OK] RU | 1135ms
2026-02-15 18:58:39 [INFO]    [PING OK] RU | 558ms
2026-02-15 18:58:39 [INFO]    [PING OK] RU | 2238ms
2026-02-15 18:58:40 [INFO]    [PING OK] RU | 846ms
2026-02-15 18:58:40 [INFO]    [PING OK] RU | 910ms
2026-02-15 18:58:40 [INFO]    [PING OK] RU | 912ms
2026-02-15 18:58:41 [INFO]    [PING OK] DE | 205ms
2026-02-15 18:58:42 [INFO]    [PING OK] GB | 1549ms
2026-02-15 18:58:43 [INFO]    [PING OK] IR | 870ms
2026-02-15 18:58:44 [INFO]    [PING OK] DE | 517ms
2026-02-15 18:58:44 [INFO]    [PING OK] SC | 1026ms
2026-02-15 18:58:44 [INFO]    [PING OK] LV | 387ms
2026-02-15 18:58:44 [INFO]    [PING OK] CY | 819ms
2026-02-15 18:58:44 [INFO]    [PING OK] DE | 366ms
2026-02-15 18:58:44 [INFO]    [PING OK] NL | 193ms
2026-02-15 18:58:45 [INFO]    [PING OK] NL | 348ms
2026-02-15 18:58:45 [INFO]    [PING OK] RU | 2636ms
2026-02-15 18:58:45 [INFO]    [PING OK] RU | 3530ms
2026-02-15 18:58:45 [INFO]    [PING OK] NL | 238ms
2026-02-15 18:58:45 [INFO]    [PING OK] MY | 4349ms
2026-02-15 18:58:45 [INFO]    [PING OK] NL | 1062ms
2026-02-15 18:58:45 [INFO]    [PING OK] CY | 385ms
2026-02-15 18:58:46 [INFO]    [PING OK] JP | 431ms
2026-02-15 18:58:47 [INFO]    [PING OK] TR | 1817ms
2026-02-15 18:58:47 [INFO]    [PING OK] DE | 504ms
2026-02-15 18:58:47 [INFO]    [PING OK] FI | 207ms
2026-02-15 18:58:47 [INFO]    [PING OK] CY | 790ms
2026-02-15 18:58:47 [INFO]    [PING OK] RU | 371ms
2026-02-15 18:58:48 [INFO]    [PING OK] NL | 174ms
2026-02-15 18:58:48 [INFO]    [PING OK] DE | 738ms
2026-02-15 18:58:50 [INFO]    [PING OK] CY | 782ms
2026-02-15 18:58:50 [INFO]    [PING OK] NL | 4167ms
2026-02-15 18:58:53 [INFO] 🏎️ ЭТАП 2: Глубокий замер скорости для ТОП-10 серверов...
2026-02-15 18:58:57 [INFO]    🏆 NL | Пинг: 146ms | Скорость: 8.59 Mbps ⚡⚡
2026-02-15 18:58:57 [INFO]    🏆 NL | Пинг: 174ms | Скорость: 8.2 Mbps ⚡⚡
2026-02-15 18:58:57 [INFO]    🏆 CH | Пинг: 183ms | Скорость: 8.38 Mbps ⚡⚡
2026-02-15 18:58:57 [INFO]    🏆 PL | Пинг: 187ms | Скорость: 8.59 Mbps ⚡⚡
2026-02-15 18:58:57 [INFO]    🏆 NL | Пинг: 193ms | Скорость: 8.81 Mbps ⚡⚡
2026-02-15 18:58:57 [INFO]    🏆 DE | Пинг: 200ms | Скорость: 9.23 Mbps ⚡⚡
2026-02-15 18:58:57 [INFO]    🏆 FI | Пинг: 204ms | Скорость: 9.47 Mbps ⚡⚡
2026-02-15 18:58:57 [INFO]    🏆 DE | Пинг: 205ms | Скорость: 9.75 Mbps ⚡⚡
2026-02-15 18:58:57 [INFO]    🏆 FI | Пинг: 207ms | Скорость: 9.59 Mbps ⚡⚡
2026-02-15 18:58:57 [INFO]    🏆 RU | Пинг: 47ms | Скорость: 9.87 Mbps ⚡⚡
2026-02-15 18:58:57 [INFO] 🇷🇺 Добавлен RU сервер: 87.242.103.184
2026-02-15 18:58:57 [INFO] 📊 Итого в подписке сохранено: 10 серверов
2026-02-15 18:58:57 [INFO] 💾 Файл успешно сохранен: FL1PVPN
