2026-02-25 11:10:06 [INFO] 🚀 START: Smart Selector (Target: 10, ONLY FOREIGN)
2026-02-25 11:10:06 [INFO] 🌐 Загрузка источников (VLESS + VMess)...
2026-02-25 11:10:07 [INFO] 🔍 Уникальных конфигов собрано: 191
2026-02-25 11:10:07 [INFO] ⚡ ЭТАП 1: Замер Пинга и Геолокации. Workers: 40...
2026-02-25 11:10:13 [INFO]    [PING OK] NL | VLESS | 4700ms
2026-02-25 11:10:13 [INFO]    [PING OK] DE | VLESS | 4560ms
2026-02-25 11:10:13 [INFO]    [PING OK] FI | VLESS | 4483ms
2026-02-25 11:10:13 [INFO]    [PING OK] US | VLESS | 4462ms
2026-02-25 11:10:13 [INFO]    [PING OK] DE | VLESS | 4501ms
2026-02-25 11:10:13 [INFO]    [PING OK] FI | VLESS | 4775ms
2026-02-25 11:10:13 [INFO]    [PING OK] FI | VLESS | 4752ms
2026-02-25 11:10:13 [INFO]    [PING OK] US | VLESS | 4769ms
2026-02-25 11:10:13 [INFO]    [PING OK] FI | VLESS | 4992ms
2026-02-25 11:10:13 [INFO]    [PING OK] NL | VLESS | 4636ms
2026-02-25 11:10:13 [INFO]    [PING OK] DE | VLESS | 4697ms
2026-02-25 11:10:13 [INFO]    [PING OK] DE | VLESS | 4280ms
2026-02-25 11:10:14 [INFO]    [PING OK] US | VLESS | 4953ms
2026-02-25 11:10:14 [INFO]    [PING OK] US | VLESS | 4415ms
2026-02-25 11:10:14 [INFO]    [PING OK] DE | VLESS | 4832ms
2026-02-25 11:10:14 [INFO]    [PING OK] US | VLESS | 5202ms
2026-02-25 11:10:14 [INFO]    [PING OK] FI | VLESS | 5154ms
2026-02-25 11:10:14 [INFO]    [PING OK] NL | VLESS | 4230ms
2026-02-25 11:10:14 [INFO]    [PING OK] US | VLESS | 5287ms
2026-02-25 11:10:14 [INFO]    [PING OK] NL | VLESS | 5177ms
2026-02-25 11:10:14 [INFO]    [PING OK] DE | VLESS | 5633ms
2026-02-25 11:10:15 [INFO]    [PING OK] FI | VLESS | 3672ms
2026-02-25 11:10:15 [INFO]    [PING OK] FI | VLESS | 4186ms
2026-02-25 11:10:16 [INFO]    [PING OK] US | VLESS | 3703ms
2026-02-25 11:10:16 [INFO]    [PING OK] FI | VLESS | 7892ms
2026-02-25 11:10:16 [INFO]    [PING OK] NL | VLESS | 8046ms
2026-02-25 11:10:17 [INFO]    [PING OK] FI | VLESS | 4003ms
2026-02-25 11:10:18 [INFO]    [PING OK] DE | VLESS | 4091ms
2026-02-25 11:10:18 [INFO]    [PING OK] NL | VLESS | 4076ms
2026-02-25 11:10:18 [INFO]    [PING OK] FI | VLESS | 3978ms
2026-02-25 11:10:18 [INFO]    [PING OK] DE | VLESS | 3591ms
2026-02-25 11:10:18 [INFO]    [PING OK] NL | VLESS | 3692ms
2026-02-25 11:10:19 [INFO]    [PING OK] US | VLESS | 3676ms
2026-02-25 11:10:19 [INFO]    [PING OK] NL | VLESS | 4545ms
2026-02-25 11:10:21 [INFO]    [PING OK] LT | VLESS | 4771ms
2026-02-25 11:10:22 [INFO]    [PING OK] DE | VLESS | 4910ms
2026-02-25 11:10:22 [INFO]    [PING OK] US | VLESS | 4774ms
2026-02-25 11:10:23 [INFO]    [PING OK] NL | VLESS | 8376ms
2026-02-25 11:10:23 [INFO]    [PING OK] US | VLESS | 4946ms
2026-02-25 11:10:24 [INFO]    [PING OK] US | VLESS | 4882ms
2026-02-25 11:10:24 [INFO]    [PING OK] US | VLESS | 4949ms
2026-02-25 11:10:24 [INFO]    [PING OK] ES | VLESS | 4878ms
2026-02-25 11:10:24 [INFO]    [PING OK] US | VLESS | 5026ms
2026-02-25 11:10:24 [INFO]    [PING OK] US | VLESS | 4747ms
2026-02-25 11:10:24 [INFO]    [PING OK] DE | VLESS | 4666ms
2026-02-25 11:10:24 [INFO]    [PING OK] US | VLESS | 4922ms
2026-02-25 11:10:24 [INFO]    [PING OK] US | VLESS | 5459ms
2026-02-25 11:10:24 [INFO]    [PING OK] TW | VLESS | 5389ms
2026-02-25 11:10:26 [INFO]    [PING OK] NL | VLESS | 4567ms
2026-02-25 11:10:26 [INFO]    [PING OK] NL | VLESS | 6837ms
2026-02-25 11:10:26 [INFO]    [PING OK] DE | VLESS | 4555ms
2026-02-25 11:10:26 [INFO]    [PING OK] DE | VLESS | 4676ms
2026-02-25 11:10:27 [INFO]    [PING OK] US | VLESS | 5417ms
2026-02-25 11:10:27 [INFO]    [PING OK] US | VLESS | 4531ms
2026-02-25 11:10:27 [INFO]    [PING OK] KZ | VLESS | 4489ms
2026-02-25 11:10:27 [INFO]    [PING OK] DE | VLESS | 4697ms
2026-02-25 11:10:27 [INFO]    [PING OK] US | VLESS | 4437ms
2026-02-25 11:10:27 [INFO]    [PING OK] GB | VLESS | 4389ms
2026-02-25 11:10:28 [INFO]    [PING OK] GB | VLESS | 4101ms
2026-02-25 11:10:28 [INFO]    [PING OK] TW | VLESS | 4722ms
2026-02-25 11:10:28 [INFO]    [PING OK] CA | VLESS | 3928ms
2026-02-25 11:10:28 [INFO]    [PING OK] US | VLESS | 4267ms
2026-02-25 11:10:28 [INFO]    [PING OK] CA | VLESS | 4558ms
2026-02-25 11:10:29 [INFO]    [PING OK] NL | VLESS | 3320ms
2026-02-25 11:10:29 [INFO]    [PING OK] DE | VLESS | 3352ms
2026-02-25 11:10:29 [INFO]    [PING OK] US | VLESS | 3811ms
2026-02-25 11:10:29 [INFO]    [PING OK] GB | VLESS | 3688ms
2026-02-25 11:10:29 [INFO]    [PING OK] US | VLESS | 4131ms
2026-02-25 11:10:29 [INFO]    [PING OK] LV | VLESS | 2916ms
2026-02-25 11:10:29 [INFO]    [PING OK] US | VLESS | 5132ms
2026-02-25 11:10:29 [INFO]    [PING OK] US | VLESS | 2386ms
2026-02-25 11:10:29 [INFO]    [PING OK] US | VLESS | 2009ms
2026-02-25 11:10:29 [INFO]    [PING OK] US | VLESS | 2989ms
2026-02-25 11:10:29 [INFO]    [PING OK] US | VLESS | 1737ms
2026-02-25 11:10:30 [INFO]    [PING OK] GB | VLESS | 2285ms
2026-02-25 11:10:30 [INFO]    [PING OK] US | VLESS | 4759ms
2026-02-25 11:10:34 [INFO] 🏎️ ЭТАП 2: Глубокий замер скорости для 40 иностранных кандидатов...
2026-02-25 11:10:39 [INFO]    🏆 DE | VLESS | Пинг: 3352ms | Скорость: 4.83 Mbps ⚡⚡
2026-02-25 11:10:39 [INFO]    🏆 FI | VLESS | Пинг: 3672ms | Скорость: 4.77 Mbps ⚡⚡
2026-02-25 11:10:39 [INFO]    🏆 NL | VLESS | Пинг: 3320ms | Скорость: 4.66 Mbps ⚡⚡
2026-02-25 11:10:39 [INFO]    🏆 DE | VLESS | Пинг: 3591ms | Скорость: 4.67 Mbps ⚡⚡
2026-02-25 11:10:39 [INFO]    🏆 US | VLESS | Пинг: 2009ms | Скорость: 4.52 Mbps ⚡⚡
2026-02-25 11:10:39 [INFO]    🏆 US | VLESS | Пинг: 2386ms | Скорость: 4.51 Mbps ⚡⚡
2026-02-25 11:10:39 [INFO]    🏆 US | VLESS | Пинг: 3703ms | Скорость: 4.76 Mbps ⚡⚡
2026-02-25 11:10:39 [INFO]    🏆 US | VLESS | Пинг: 1737ms | Скорость: 4.43 Mbps ⚡⚡
2026-02-25 11:10:39 [INFO]    🏆 NL | VLESS | Пинг: 3692ms | Скорость: 4.59 Mbps ⚡⚡
2026-02-25 11:10:39 [INFO]    🏆 GB | VLESS | Пинг: 2285ms | Скорость: 4.28 Mbps ⚡⚡
2026-02-25 11:10:39 [INFO]    🏆 GB | VLESS | Пинг: 3688ms | Скорость: 4.43 Mbps ⚡⚡
2026-02-25 11:10:39 [INFO]    🏆 US | VLESS | Пинг: 3811ms | Скорость: 4.43 Mbps ⚡⚡
2026-02-25 11:10:40 [INFO]    🏆 US | VLESS | Пинг: 2989ms | Скорость: 3.87 Mbps ⚡⚡
2026-02-25 11:10:41 [INFO]    🏆 US | VLESS | Пинг: 3676ms | Скорость: 2.2 Mbps ⚡
2026-02-25 11:10:43 [INFO]    🏆 CA | VLESS | Пинг: 3928ms | Скорость: 5.07 Mbps ⚡⚡
2026-02-25 11:10:44 [INFO]    🏆 FI | VLESS | Пинг: 4003ms | Скорость: 5.22 Mbps ⚡⚡
2026-02-25 11:10:44 [INFO]    🏆 DE | VLESS | Пинг: 4091ms | Скорость: 5.4 Mbps ⚡⚡
2026-02-25 11:10:44 [INFO]    🏆 DE | VLESS | Пинг: 4280ms | Скорость: 5.77 Mbps ⚡⚡
2026-02-25 11:10:44 [INFO]    🏆 NL | VLESS | Пинг: 4076ms | Скорость: 5.13 Mbps ⚡⚡
2026-02-25 11:10:44 [INFO]    🏆 US | VLESS | Пинг: 4415ms | Скорость: 5.4 Mbps ⚡⚡
2026-02-25 11:10:44 [INFO]    🏆 NL | VLESS | Пинг: 4230ms | Скорость: 5.03 Mbps ⚡⚡
2026-02-25 11:10:44 [INFO]    🏆 US | VLESS | Пинг: 4462ms | Скорость: 7.67 Mbps ⚡⚡
2026-02-25 11:10:44 [INFO]    🏆 FI | VLESS | Пинг: 3978ms | Скорость: 4.4 Mbps ⚡⚡
2026-02-25 11:10:45 [INFO]    🏆 US | VLESS | Пинг: 4267ms | Скорость: 3.8 Mbps ⚡⚡
2026-02-25 11:10:46 [INFO]    🏆 US | VLESS | Пинг: 4131ms | Скорость: 0.85 Mbps 
2026-02-25 11:10:47 [INFO]    🏆 DE | VLESS | Пинг: 4501ms | Скорость: 6.62 Mbps ⚡⚡
2026-02-25 11:10:48 [INFO]    🏆 KZ | VLESS | Пинг: 4489ms | Скорость: 6.09 Mbps ⚡⚡
2026-02-25 11:10:48 [INFO]    🏆 DE | VLESS | Пинг: 4555ms | Скорость: 6.16 Mbps ⚡⚡
2026-02-25 11:10:48 [INFO]    🏆 US | VLESS | Пинг: 4531ms | Скорость: 6.05 Mbps ⚡⚡
2026-02-25 11:10:50 [INFO]    🏆 NL | VLESS | Пинг: 4636ms | Скорость: 3.83 Mbps ⚡⚡
2026-02-25 11:10:50 [INFO]    🏆 NL | VLESS | Пинг: 4567ms | Скорость: 3.76 Mbps ⚡⚡
2026-02-25 11:10:50 [INFO]    🏆 NL | VLESS | Пинг: 4545ms | Скорость: 3.35 Mbps ⚡⚡
2026-02-25 11:10:50 [INFO] 📊 Итого в подписке сохранено иностранных серверов: 10
2026-02-25 11:10:50 [INFO] 💾 Файл успешно сохранен: FL1PVPN
