2026-02-23 15:30:05 [INFO] 🚀 START: Smart Selector (Target: 10, ONLY FOREIGN)
2026-02-23 15:30:05 [INFO] 🌐 Загрузка источников (VLESS + VMess)...
2026-02-23 15:30:08 [INFO] 🔍 Уникальных конфигов собрано: 176
2026-02-23 15:30:08 [INFO] ⚡ ЭТАП 1: Замер Пинга и Геолокации. Workers: 40...
2026-02-23 15:30:14 [INFO]    [PING OK] ES | VLESS | 4629ms
2026-02-23 15:30:14 [INFO]    [PING OK] ES | VLESS | 4872ms
2026-02-23 15:30:14 [INFO]    [PING OK] HU | VLESS | 5019ms
2026-02-23 15:30:14 [INFO]    [PING OK] HU | VLESS | 4898ms
2026-02-23 15:30:14 [INFO]    [PING OK] PL | VLESS | 4799ms
2026-02-23 15:30:14 [INFO]    [PING OK] IT | VLESS | 4899ms
2026-02-23 15:30:14 [INFO]    [PING OK] HU | VLESS | 5125ms
2026-02-23 15:30:14 [INFO]    [PING OK] ES | VLESS | 4751ms
2026-02-23 15:30:14 [INFO]    [PING OK] TR | VLESS | 4852ms
2026-02-23 15:30:14 [INFO]    [PING OK] TR | VLESS | 4725ms
2026-02-23 15:30:14 [INFO]    [PING OK] DE | VLESS | 5571ms
2026-02-23 15:30:14 [INFO]    [PING OK] FI | VLESS | 4560ms
2026-02-23 15:30:14 [INFO]    [PING OK] PL | VLESS | 5015ms
2026-02-23 15:30:14 [INFO]    [PING OK] ES | VLESS | 4646ms
2026-02-23 15:30:14 [INFO]    [PING OK] EE | VLESS | 5710ms
2026-02-23 15:30:15 [INFO]    [PING OK] HU | VLESS | 4626ms
2026-02-23 15:30:15 [INFO]    [PING OK] ES | VLESS | 4574ms
2026-02-23 15:30:15 [INFO]    [PING OK] IT | VLESS | 5015ms
2026-02-23 15:30:16 [INFO]    [PING OK] PL | VLESS | 4762ms
2026-02-23 15:30:16 [INFO]    [PING OK] PL | VLESS | 4841ms
2026-02-23 15:30:16 [INFO]    [PING OK] PL | VLESS | 4803ms
2026-02-23 15:30:16 [INFO]    [PING OK] DE | VLESS | 5396ms
2026-02-23 15:30:18 [INFO]    [PING OK] ES | VLESS | 5653ms
2026-02-23 15:30:19 [INFO]    [PING OK] DE | VLESS | 5485ms
2026-02-23 15:30:20 [INFO]    [PING OK] SE | VLESS | 5194ms
2026-02-23 15:30:20 [INFO]    [PING OK] SE | VLESS | 5298ms
2026-02-23 15:30:20 [INFO]    [PING OK] SE | VLESS | 5723ms
2026-02-23 15:30:20 [INFO]    [PING OK] NL | VLESS | 5360ms
2026-02-23 15:30:20 [INFO]    [PING OK] CA | VLESS | 6022ms
2026-02-23 15:30:21 [INFO]    [PING OK] CA | VLESS | 6058ms
2026-02-23 15:30:21 [INFO]    [PING OK] CA | VLESS | 5686ms
2026-02-23 15:30:22 [INFO]    [PING OK] CA | VLESS | 5067ms
2026-02-23 15:30:22 [INFO]    [PING OK] SE | VLESS | 4426ms
2026-02-23 15:30:22 [INFO]    [PING OK] DE | VLESS | 4813ms
2026-02-23 15:30:22 [INFO]    [PING OK] DE | VLESS | 4576ms
2026-02-23 15:30:22 [INFO]    [PING OK] US | VLESS | 4074ms
2026-02-23 15:30:23 [INFO]    [PING OK] CA | VLESS | 5062ms
2026-02-23 15:30:23 [INFO]    [PING OK] CA | VLESS | 4448ms
2026-02-23 15:30:23 [INFO]    [PING OK] DE | VLESS | 1608ms
2026-02-23 15:30:23 [INFO]    [PING OK] SE | VLESS | 2502ms
2026-02-23 15:30:23 [INFO]    [PING OK] CA | VLESS | 3546ms
2026-02-23 15:30:23 [INFO]    [PING OK] CA | VLESS | 3494ms
2026-02-23 15:30:23 [INFO]    [PING OK] CA | VLESS | 4409ms
2026-02-23 15:30:23 [INFO]    [PING OK] CA | VLESS | 3646ms
2026-02-23 15:30:23 [INFO]    [PING OK] CA | VLESS | 3881ms
2026-02-23 15:30:27 [INFO] 🏎️ ЭТАП 2: Глубокий замер скорости для 40 иностранных кандидатов...
2026-02-23 15:30:31 [INFO]    🏆 FI | VLESS | Пинг: 4560ms | Скорость: 6.43 Mbps ⚡⚡
2026-02-23 15:30:31 [INFO]    🏆 SE | VLESS | Пинг: 2502ms | Скорость: 6.11 Mbps ⚡⚡
2026-02-23 15:30:31 [INFO]    🏆 SE | VLESS | Пинг: 4426ms | Скорость: 6.28 Mbps ⚡⚡
2026-02-23 15:30:31 [INFO]    🏆 HU | VLESS | Пинг: 4626ms | Скорость: 6.41 Mbps ⚡⚡
2026-02-23 15:30:31 [INFO]    🏆 ES | VLESS | Пинг: 4574ms | Скорость: 6.23 Mbps ⚡⚡
2026-02-23 15:30:32 [INFO]    🏆 US | VLESS | Пинг: 4074ms | Скорость: 5.49 Mbps ⚡⚡
2026-02-23 15:30:32 [INFO]    🏆 CA | VLESS | Пинг: 3646ms | Скорость: 5.4 Mbps ⚡⚡
2026-02-23 15:30:32 [INFO]    🏆 DE | VLESS | Пинг: 4576ms | Скорость: 5.39 Mbps ⚡⚡
2026-02-23 15:30:33 [INFO]    🏆 ES | VLESS | Пинг: 4629ms | Скорость: 3.9 Mbps ⚡⚡
2026-02-23 15:30:34 [INFO]    🏆 DE | VLESS | Пинг: 1608ms | Скорость: 1.48 Mbps 
2026-02-23 15:30:34 [INFO]    🏆 TR | VLESS | Пинг: 4725ms | Скорость: 9.06 Mbps ⚡⚡
2026-02-23 15:30:34 [INFO]    🏆 ES | VLESS | Пинг: 4646ms | Скорость: 8.97 Mbps ⚡⚡
2026-02-23 15:30:34 [INFO]    🏆 PL | VLESS | Пинг: 4762ms | Скорость: 8.48 Mbps ⚡⚡
2026-02-23 15:30:34 [INFO]    🏆 ES | VLESS | Пинг: 4751ms | Скорость: 8.42 Mbps ⚡⚡
2026-02-23 15:30:35 [INFO]    🏆 PL | VLESS | Пинг: 4841ms | Скорость: 10.69 Mbps ⚡⚡
2026-02-23 15:30:35 [INFO]    🏆 PL | VLESS | Пинг: 4803ms | Скорость: 9.39 Mbps ⚡⚡
2026-02-23 15:30:35 [INFO]    🏆 TR | VLESS | Пинг: 4852ms | Скорость: 10.1 Mbps ⚡⚡
2026-02-23 15:30:37 [INFO]    🏆 ES | VLESS | Пинг: 4872ms | Скорость: 8.36 Mbps ⚡⚡
2026-02-23 15:30:37 [INFO]    🏆 CA | VLESS | Пинг: 5067ms | Скорость: 9.35 Mbps ⚡⚡
2026-02-23 15:30:37 [INFO]    🏆 HU | VLESS | Пинг: 5125ms | Скорость: 8.78 Mbps ⚡⚡
2026-02-23 15:30:37 [INFO]    🏆 IT | VLESS | Пинг: 5015ms | Скорость: 7.92 Mbps ⚡⚡
2026-02-23 15:30:38 [INFO]    🏆 DE | VLESS | Пинг: 5485ms | Скорость: 9.57 Mbps ⚡⚡
2026-02-23 15:30:38 [INFO]    🏆 SE | VLESS | Пинг: 5194ms | Скорость: 7.74 Mbps ⚡⚡
2026-02-23 15:30:38 [INFO]    🏆 IT | VLESS | Пинг: 4899ms | Скорость: 6.39 Mbps ⚡⚡
2026-02-23 15:30:38 [INFO]    🏆 PL | VLESS | Пинг: 5015ms | Скорость: 6.37 Mbps ⚡⚡
2026-02-23 15:30:41 [INFO]    🏆 HU | VLESS | Пинг: 4898ms | Скорость: 1.2 Mbps 
2026-02-23 15:30:41 [INFO]    🏆 HU | VLESS | Пинг: 5019ms | Скорость: 3.04 Mbps ⚡⚡
2026-02-23 15:30:43 [INFO]    🏆 ES | VLESS | Пинг: 5653ms | Скорость: 3.59 Mbps ⚡⚡
2026-02-23 15:30:43 [INFO] 📊 Итого в подписке сохранено иностранных серверов: 10
2026-02-23 15:30:43 [INFO] 💾 Файл успешно сохранен: FL1PVPN
