2026-02-26 01:30:05 [INFO] 🚀 START: Smart Selector (Target: 10, ONLY FOREIGN)
2026-02-26 01:30:05 [INFO] 🌐 Загрузка источников (VLESS + VMess)...
2026-02-26 01:30:12 [INFO] 🔍 Уникальных конфигов собрано: 143
2026-02-26 01:30:12 [INFO] ⚡ ЭТАП 1: Замер Пинга и Геолокации. Workers: 40...
2026-02-26 01:30:17 [INFO]    [PING OK] NL | VLESS | 3999ms
2026-02-26 01:30:17 [INFO]    [PING OK] DE | VLESS | 4123ms
2026-02-26 01:30:17 [INFO]    [PING OK] NL | VLESS | 4152ms
2026-02-26 01:30:17 [INFO]    [PING OK] NL | VLESS | 4067ms
2026-02-26 01:30:17 [INFO]    [PING OK] DE | VLESS | 4030ms
2026-02-26 01:30:17 [INFO]    [PING OK] DE | VLESS | 4177ms
2026-02-26 01:30:17 [INFO]    [PING OK] DE | VLESS | 4151ms
2026-02-26 01:30:17 [INFO]    [PING OK] DE | VLESS | 4063ms
2026-02-26 01:30:17 [INFO]    [PING OK] US | VLESS | 4090ms
2026-02-26 01:30:17 [INFO]    [PING OK] CA | VLESS | 4151ms
2026-02-26 01:30:17 [INFO]    [PING OK] FI | VLESS | 4254ms
2026-02-26 01:30:17 [INFO]    [PING OK] DE | VLESS | 4137ms
2026-02-26 01:30:17 [INFO]    [PING OK] DE | VLESS | 4169ms
2026-02-26 01:30:18 [INFO]    [PING OK] NL | VLESS | 3804ms
2026-02-26 01:30:18 [INFO]    [PING OK] NL | VLESS | 4012ms
2026-02-26 01:30:18 [INFO]    [PING OK] DE | VLESS | 3954ms
2026-02-26 01:30:18 [INFO]    [PING OK] DE | VLESS | 4259ms
2026-02-26 01:30:18 [INFO]    [PING OK] NL | VLESS | 3784ms
2026-02-26 01:30:18 [INFO]    [PING OK] DE | VLESS | 3894ms
2026-02-26 01:30:18 [INFO]    [PING OK] NL | VLESS | 3971ms
2026-02-26 01:30:19 [INFO]    [PING OK] NL | VLESS | 4130ms
2026-02-26 01:30:19 [INFO]    [PING OK] US | VLESS | 4166ms
2026-02-26 01:30:19 [INFO]    [PING OK] FI | VLESS | 4655ms
2026-02-26 01:30:20 [INFO]    [PING OK] NL | VLESS | 4126ms
2026-02-26 01:30:20 [INFO]    [PING OK] DE | VLESS | 4409ms
2026-02-26 01:30:20 [INFO]    [PING OK] DE | VLESS | 4292ms
2026-02-26 01:30:20 [INFO]    [PING OK] NL | VLESS | 4267ms
2026-02-26 01:30:22 [INFO]    [PING OK] NL | VLESS | 5301ms
2026-02-26 01:30:23 [INFO]    [PING OK] NL | VLESS | 5113ms
2026-02-26 01:30:23 [INFO]    [PING OK] NL | VLESS | 5542ms
2026-02-26 01:30:23 [INFO]    [PING OK] NL | VLESS | 5386ms
2026-02-26 01:30:24 [INFO]    [PING OK] NL | VLESS | 5476ms
2026-02-26 01:30:24 [INFO]    [PING OK] LV | VLESS | 5403ms
2026-02-26 01:30:24 [INFO]    [PING OK] US | VLESS | 5676ms
2026-02-26 01:30:25 [INFO]    [PING OK] LV | VLESS | 5421ms
2026-02-26 01:30:25 [INFO]    [PING OK] CA | VLESS | 6059ms
2026-02-26 01:30:25 [INFO]    [PING OK] CA | VLESS | 5407ms
2026-02-26 01:30:25 [INFO]    [PING OK] SG | VLESS | 6257ms
2026-02-26 01:30:26 [INFO]    [PING OK] DE | VLESS | 4990ms
2026-02-26 01:30:26 [INFO]    [PING OK] DE | VLESS | 5603ms
2026-02-26 01:30:26 [INFO]    [PING OK] NL | VLESS | 4023ms
2026-02-26 01:30:26 [INFO]    [PING OK] GB | VLESS | 3955ms
2026-02-26 01:30:27 [INFO]    [PING OK] DE | VLESS | 3201ms
2026-02-26 01:30:27 [INFO]    [PING OK] GB | VLESS | 3426ms
2026-02-26 01:30:27 [INFO]    [PING OK] SG | VLESS | 3814ms
2026-02-26 01:30:28 [INFO]    [PING OK] SG | VLESS | 4817ms
2026-02-26 01:30:29 [INFO]    [PING OK] TW | VLESS | 4047ms
2026-02-26 01:30:29 [INFO]    [PING OK] SG | VLESS | 5912ms
2026-02-26 01:30:30 [INFO]    [PING OK] CA | VLESS | 4437ms
2026-02-26 01:30:32 [INFO] 🏎️ ЭТАП 2: Глубокий замер скорости для 40 иностранных кандидатов...
2026-02-26 01:30:36 [INFO]    🏆 NL | VLESS | Пинг: 3999ms | Скорость: 5.04 Mbps ⚡⚡
2026-02-26 01:30:36 [INFO]    🏆 NL | VLESS | Пинг: 4012ms | Скорость: 5.05 Mbps ⚡⚡
2026-02-26 01:30:36 [INFO]    🏆 DE | VLESS | Пинг: 4063ms | Скорость: 5.19 Mbps ⚡⚡
2026-02-26 01:30:36 [INFO]    🏆 DE | VLESS | Пинг: 3954ms | Скорость: 4.97 Mbps ⚡⚡
2026-02-26 01:30:37 [INFO]    🏆 NL | VLESS | Пинг: 3784ms | Скорость: 4.88 Mbps ⚡⚡
2026-02-26 01:30:37 [INFO]    🏆 GB | VLESS | Пинг: 3426ms | Скорость: 4.83 Mbps ⚡⚡
2026-02-26 01:30:37 [INFO]    🏆 DE | VLESS | Пинг: 3201ms | Скорость: 4.84 Mbps ⚡⚡
2026-02-26 01:30:37 [INFO]    🏆 NL | VLESS | Пинг: 3971ms | Скорость: 4.93 Mbps ⚡⚡
2026-02-26 01:30:37 [INFO]    🏆 NL | VLESS | Пинг: 3804ms | Скорость: 4.84 Mbps ⚡⚡
2026-02-26 01:30:37 [INFO]    🏆 GB | VLESS | Пинг: 3955ms | Скорость: 4.95 Mbps ⚡⚡
2026-02-26 01:30:37 [INFO]    🏆 DE | VLESS | Пинг: 3894ms | Скорость: 4.9 Mbps ⚡⚡
2026-02-26 01:30:37 [INFO]    🏆 DE | VLESS | Пинг: 4030ms | Скорость: 4.94 Mbps ⚡⚡
2026-02-26 01:30:37 [INFO]    🏆 NL | VLESS | Пинг: 4023ms | Скорость: 4.91 Mbps ⚡⚡
2026-02-26 01:30:38 [INFO]    🏆 TW | VLESS | Пинг: 4047ms | Скорость: 3.78 Mbps ⚡⚡
2026-02-26 01:30:38 [INFO]    🏆 SG | VLESS | Пинг: 3814ms | Скорость: 2.97 Mbps ⚡
2026-02-26 01:30:41 [INFO]    🏆 DE | VLESS | Пинг: 4169ms | Скорость: 5.8 Mbps ⚡⚡
2026-02-26 01:30:41 [INFO]    🏆 DE | VLESS | Пинг: 4177ms | Скорость: 5.77 Mbps ⚡⚡
2026-02-26 01:30:41 [INFO]    🏆 DE | VLESS | Пинг: 4123ms | Скорость: 5.58 Mbps ⚡⚡
2026-02-26 01:30:41 [INFO]    🏆 NL | VLESS | Пинг: 4126ms | Скорость: 5.58 Mbps ⚡⚡
2026-02-26 01:30:41 [INFO]    🏆 US | VLESS | Пинг: 4090ms | Скорость: 5.64 Mbps ⚡⚡
2026-02-26 01:30:41 [INFO]    🏆 DE | VLESS | Пинг: 4137ms | Скорость: 5.5 Mbps ⚡⚡
2026-02-26 01:30:41 [INFO]    🏆 US | VLESS | Пинг: 4166ms | Скорость: 5.59 Mbps ⚡⚡
2026-02-26 01:30:41 [INFO]    🏆 NL | VLESS | Пинг: 4152ms | Скорость: 5.52 Mbps ⚡⚡
2026-02-26 01:30:41 [INFO]    🏆 NL | VLESS | Пинг: 4067ms | Скорость: 5.46 Mbps ⚡⚡
2026-02-26 01:30:41 [INFO]    🏆 NL | VLESS | Пинг: 4130ms | Скорость: 5.46 Mbps ⚡⚡
2026-02-26 01:30:41 [INFO]    🏆 DE | VLESS | Пинг: 4151ms | Скорость: 5.46 Mbps ⚡⚡
2026-02-26 01:30:41 [INFO]    🏆 DE | VLESS | Пинг: 4259ms | Скорость: 8.23 Mbps ⚡⚡
2026-02-26 01:30:43 [INFO]    🏆 NL | VLESS | Пинг: 4267ms | Скорость: 5.55 Mbps ⚡⚡
2026-02-26 01:30:43 [INFO]    🏆 FI | VLESS | Пинг: 4254ms | Скорость: 3.62 Mbps ⚡⚡
2026-02-26 01:30:45 [INFO]    🏆 DE | VLESS | Пинг: 4292ms | Скорость: 6.91 Mbps ⚡⚡
2026-02-26 01:30:45 [INFO]    🏆 DE | VLESS | Пинг: 4990ms | Скорость: 6.9 Mbps ⚡⚡
2026-02-26 01:30:45 [INFO]    🏆 FI | VLESS | Пинг: 4655ms | Скорость: 6.75 Mbps ⚡⚡
2026-02-26 01:30:45 [INFO]    🏆 NL | VLESS | Пинг: 5113ms | Скорость: 6.87 Mbps ⚡⚡
2026-02-26 01:30:45 [INFO]    🏆 NL | VLESS | Пинг: 5301ms | Скорость: 6.94 Mbps ⚡⚡
2026-02-26 01:30:45 [INFO]    🏆 LV | VLESS | Пинг: 5403ms | Скорость: 7.0 Mbps ⚡⚡
2026-02-26 01:30:45 [INFO]    🏆 NL | VLESS | Пинг: 5386ms | Скорость: 6.96 Mbps ⚡⚡
2026-02-26 01:30:48 [INFO] 📊 Итого в подписке сохранено иностранных серверов: 10
2026-02-26 01:30:48 [INFO] 💾 Файл успешно сохранен: FL1PVPN
