2026-02-19 09:10:06 [INFO] 🚀 START: Smart VLESS Selector (Target: 10, Strict Mode)
2026-02-19 09:10:06 [INFO] 🌐 Загрузка источников...
2026-02-19 09:10:11 [INFO] 🔍 Уникальных конфигов собрано: 914
2026-02-19 09:10:11 [INFO] ⚡ ЭТАП 1: Быстрый замер Пинга (Workers: 25)...
2026-02-19 09:10:12 [INFO]    [PING OK] RU | 170ms
2026-02-19 09:10:12 [INFO]    [PING OK] LT | 910ms
2026-02-19 09:10:13 [INFO]    [PING OK] DE | 297ms
2026-02-19 09:10:14 [INFO]    [PING OK] CA | 2691ms
2026-02-19 09:10:16 [INFO]    [PING OK] US | 2406ms
2026-02-19 09:10:17 [INFO]    [PING OK] RU | 1445ms
2026-02-19 09:10:17 [INFO]    [PING OK] GB | 205ms
2026-02-19 09:10:18 [INFO]    [PING OK] TR | 308ms
2026-02-19 09:10:19 [INFO]    [PING OK] TR | 126ms
2026-02-19 09:10:20 [INFO]    [PING OK] RU | 1335ms
2026-02-19 09:10:20 [INFO]    [PING OK] NL | 186ms
2026-02-19 09:10:22 [INFO]    [PING OK] IT | 554ms
2026-02-19 09:10:22 [INFO]    [PING OK] TR | 1238ms
2026-02-19 09:10:22 [INFO]    [PING OK] RU | 3833ms
2026-02-19 09:10:23 [INFO]    [PING OK] SE | 236ms
2026-02-19 09:10:23 [INFO]    [PING OK] RU | 321ms
2026-02-19 09:10:24 [INFO]    [PING OK] DE | 185ms
2026-02-19 09:10:24 [INFO]    [PING OK] RU | 146ms
2026-02-19 09:10:25 [INFO]    [PING OK] RU | 214ms
2026-02-19 09:10:25 [INFO]    [PING OK] DE | 1562ms
2026-02-19 09:10:25 [INFO]    [PING OK] RU | 290ms
2026-02-19 09:10:25 [INFO]    [PING OK] RU | 332ms
2026-02-19 09:10:25 [INFO]    [PING OK] DE | 4167ms
2026-02-19 09:10:25 [INFO]    [PING OK] RU | 344ms
2026-02-19 09:10:25 [INFO]    [PING OK] RU | 294ms
2026-02-19 09:10:25 [INFO]    [PING OK] RU | 354ms
2026-02-19 09:10:26 [INFO]    [PING OK] RU | 208ms
2026-02-19 09:10:26 [INFO]    [PING OK] RU | 313ms
2026-02-19 09:10:26 [INFO]    [PING OK] RU | 295ms
2026-02-19 09:10:26 [INFO]    [PING OK] RU | 216ms
2026-02-19 09:10:26 [INFO]    [PING OK] RU | 316ms
2026-02-19 09:10:26 [INFO]    [PING OK] RU | 244ms
2026-02-19 09:10:26 [INFO]    [PING OK] RU | 1333ms
2026-02-19 09:10:27 [INFO]    [PING OK] RU | 328ms
2026-02-19 09:10:27 [INFO]    [PING OK] RU | 332ms
2026-02-19 09:10:27 [INFO]    [PING OK] RU | 235ms
2026-02-19 09:10:27 [INFO]    [PING OK] RU | 191ms
2026-02-19 09:10:27 [INFO]    [PING OK] RU | 235ms
2026-02-19 09:10:27 [INFO]    [PING OK] RU | 214ms
2026-02-19 09:10:27 [INFO]    [PING OK] RU | 354ms
2026-02-19 09:10:28 [INFO]    [PING OK] RU | 317ms
2026-02-19 09:10:28 [INFO]    [PING OK] RU | 294ms
2026-02-19 09:10:28 [INFO]    [PING OK] RU | 297ms
2026-02-19 09:10:28 [INFO]    [PING OK] RU | 371ms
2026-02-19 09:10:29 [INFO]    [PING OK] RU | 306ms
2026-02-19 09:10:29 [INFO]    [PING OK] RU | 334ms
2026-02-19 09:10:29 [INFO]    [PING OK] RU | 232ms
2026-02-19 09:10:29 [INFO]    [PING OK] RU | 247ms
2026-02-19 09:10:29 [INFO]    [PING OK] RU | 300ms
2026-02-19 09:10:29 [INFO]    [PING OK] RU | 874ms
2026-02-19 09:10:30 [INFO]    [PING OK] RU | 1086ms
2026-02-19 09:10:30 [INFO]    [PING OK] RU | 60ms
2026-02-19 09:10:30 [INFO]    [PING OK] RU | 3313ms
2026-02-19 09:10:30 [INFO]    [PING OK] RU | 244ms
2026-02-19 09:10:31 [INFO]    [PING OK] RU | 330ms
2026-02-19 09:10:31 [INFO]    [PING OK] RU | 411ms
2026-02-19 09:10:32 [INFO]    [PING OK] RU | 953ms
2026-02-19 09:10:33 [INFO]    [PING OK] RU | 824ms
2026-02-19 09:10:33 [INFO]    [PING OK] RU | 2118ms
2026-02-19 09:10:34 [INFO]    [PING OK] RU | 1612ms
2026-02-19 09:10:34 [INFO]    [PING OK] RU | 3085ms
2026-02-19 09:10:35 [INFO]    [PING OK] RU | 298ms
2026-02-19 09:10:35 [INFO]    [PING OK] RU | 814ms
2026-02-19 09:10:35 [INFO]    [PING OK] RU | 2416ms
2026-02-19 09:10:36 [INFO]    [PING OK] RU | 138ms
2026-02-19 09:10:36 [INFO]    [PING OK] DE | 1843ms
2026-02-19 09:10:37 [INFO]    [PING OK] CA | 431ms
2026-02-19 09:10:37 [INFO]    [PING OK] RU | 2658ms
2026-02-19 09:10:38 [INFO]    [PING OK] RU | 1617ms
2026-02-19 09:10:38 [INFO]    [PING OK] NL | 229ms
2026-02-19 09:10:39 [INFO]    [PING OK] AT | 236ms
2026-02-19 09:10:39 [INFO]    [PING OK] NL | 204ms
2026-02-19 09:10:39 [INFO]    [PING OK] AE | 485ms
2026-02-19 09:10:41 [INFO]    [PING OK] PL | 114ms
2026-02-19 09:10:42 [INFO]    [PING OK] UZ | 285ms
2026-02-19 09:10:42 [INFO]    [PING OK] ES | 121ms
2026-02-19 09:10:43 [INFO]    [PING OK] HU | 307ms
2026-02-19 09:10:45 [INFO]    [PING OK] IT | 561ms
2026-02-19 09:10:45 [INFO]    [PING OK] DE | 2885ms
2026-02-19 09:10:45 [INFO]    [PING OK] NL | 221ms
2026-02-19 09:10:46 [INFO]    [PING OK] AE | 243ms
2026-02-19 09:10:46 [INFO]    [PING OK] LV | 371ms
2026-02-19 09:10:46 [INFO]    [PING OK] MD | 191ms
2026-02-19 09:10:48 [INFO]    [PING OK] FI | 139ms
2026-02-19 09:10:49 [INFO]    [PING OK] US | 624ms
2026-02-19 09:10:50 [INFO]    [PING OK] FR | 816ms
2026-02-19 09:11:03 [INFO]    [PING OK] US | 1199ms
2026-02-19 09:11:10 [INFO]    [PING OK] SG | 441ms
2026-02-19 09:11:14 [INFO]    [PING OK] SE | 117ms
2026-02-19 09:11:14 [INFO]    [PING OK] RU | 166ms
2026-02-19 09:11:15 [INFO]    [PING OK] DE | 343ms
2026-02-19 09:11:15 [INFO]    [PING OK] RU | 442ms
2026-02-19 09:11:19 [INFO]    [PING OK] RU | 338ms
2026-02-19 09:11:19 [INFO]    [PING OK] DE | 4377ms
2026-02-19 09:11:19 [INFO]    [PING OK] SG | 650ms
2026-02-19 09:11:19 [INFO]    [PING OK] ES | 161ms
2026-02-19 09:11:22 [INFO]    [PING OK] FI | 573ms
2026-02-19 09:11:22 [INFO]    [PING OK] JP | 901ms
2026-02-19 09:11:24 [INFO]    [PING OK] US | 593ms
2026-02-19 09:11:26 [INFO]    [PING OK] DE | 178ms
2026-02-19 09:11:26 [INFO]    [PING OK] RU | 1305ms
2026-02-19 09:11:28 [INFO]    [PING OK] RU | 1368ms
2026-02-19 09:11:36 [INFO] 🏎️ ЭТАП 2: Глубокий замер скорости для ТОП-10 серверов...
2026-02-19 09:11:41 [INFO]    🏆 PL | Пинг: 114ms | Скорость: 19.34 Mbps ⚡⚡
2026-02-19 09:11:41 [INFO]    🏆 SE | Пинг: 117ms | Скорость: 0.0 Mbps 
2026-02-19 09:11:41 [INFO]    🏆 ES | Пинг: 121ms | Скорость: 13.9 Mbps ⚡⚡
2026-02-19 09:11:41 [INFO]    🏆 TR | Пинг: 126ms | Скорость: 14.5 Mbps ⚡⚡
2026-02-19 09:11:41 [INFO]    🏆 FI | Пинг: 139ms | Скорость: 13.08 Mbps ⚡⚡
2026-02-19 09:11:41 [INFO]    🏆 ES | Пинг: 161ms | Скорость: 13.33 Mbps ⚡⚡
2026-02-19 09:11:41 [INFO]    🏆 DE | Пинг: 178ms | Скорость: 9.65 Mbps ⚡⚡
2026-02-19 09:11:41 [INFO]    🏆 DE | Пинг: 185ms | Скорость: 4.63 Mbps ⚡⚡
2026-02-19 09:11:41 [INFO]    🏆 NL | Пинг: 186ms | Скорость: 13.56 Mbps ⚡⚡
2026-02-19 09:11:41 [INFO]    🏆 RU | Пинг: 60ms | Скорость: 10.31 Mbps ⚡⚡
2026-02-19 09:11:41 [INFO] 🇷🇺 Добавлен RU сервер: 87.242.103.184
2026-02-19 09:11:41 [INFO] 📊 Итого в подписке сохранено: 10 серверов
2026-02-19 09:11:41 [INFO] 💾 Файл успешно сохранен: FL1PVPN
