2026-02-24 04:00:05 [INFO] 🚀 START: Smart Selector (Target: 10, ONLY FOREIGN)
2026-02-24 04:00:05 [INFO] 🌐 Загрузка источников (VLESS + VMess)...
2026-02-24 04:00:06 [INFO] 🔍 Уникальных конфигов собрано: 259
2026-02-24 04:00:06 [INFO] ⚡ ЭТАП 1: Замер Пинга и Геолокации. Workers: 40...
2026-02-24 04:00:12 [INFO]    [PING OK] SE | VLESS | 4816ms
2026-02-24 04:00:12 [INFO]    [PING OK] DE | VLESS | 4990ms
2026-02-24 04:00:13 [INFO]    [PING OK] PL | VLESS | 4417ms
2026-02-24 04:00:13 [INFO]    [PING OK] HU | VLESS | 4926ms
2026-02-24 04:00:13 [INFO]    [PING OK] HU | VLESS | 4795ms
2026-02-24 04:00:13 [INFO]    [PING OK] ES | VLESS | 4910ms
2026-02-24 04:00:14 [INFO]    [PING OK] ES | VLESS | 4362ms
2026-02-24 04:00:15 [INFO]    [PING OK] DE | VLESS | 4045ms
2026-02-24 04:00:15 [INFO]    [PING OK] DE | VLESS | 3941ms
2026-02-24 04:00:15 [INFO]    [PING OK] ES | VLESS | 3955ms
2026-02-24 04:00:15 [INFO]    [PING OK] TR | VLESS | 3718ms
2026-02-24 04:00:15 [INFO]    [PING OK] TR | VLESS | 3931ms
2026-02-24 04:00:16 [INFO]    [PING OK] PL | VLESS | 3706ms
2026-02-24 04:00:17 [INFO]    [PING OK] DE | VLESS | 3671ms
2026-02-24 04:00:17 [INFO]    [PING OK] TR | VLESS | 3873ms
2026-02-24 04:00:17 [INFO]    [PING OK] DE | VLESS | 3861ms
2026-02-24 04:00:17 [INFO]    [PING OK] IT | VLESS | 3981ms
2026-02-24 04:00:17 [INFO]    [PING OK] PL | VLESS | 3928ms
2026-02-24 04:00:17 [INFO]    [PING OK] EE | VLESS | 3632ms
2026-02-24 04:00:18 [INFO]    [PING OK] ES | VLESS | 3696ms
2026-02-24 04:00:18 [INFO]    [PING OK] LV | VLESS | 3765ms
2026-02-24 04:00:19 [INFO]    [PING OK] ES | VLESS | 3954ms
2026-02-24 04:00:19 [INFO]    [PING OK] HU | VLESS | 4055ms
2026-02-24 04:00:21 [INFO]    [PING OK] ES | VLESS | 4098ms
2026-02-24 04:00:21 [INFO]    [PING OK] HU | VLESS | 4056ms
2026-02-24 04:00:22 [INFO]    [PING OK] NL | VLESS | 5729ms
2026-02-24 04:00:22 [INFO]    [PING OK] PL | VLESS | 3971ms
2026-02-24 04:00:22 [INFO]    [PING OK] PL | VLESS | 4160ms
2026-02-24 04:00:22 [INFO]    [PING OK] FI | VLESS | 4240ms
2026-02-24 04:00:22 [INFO]    [PING OK] PL | VLESS | 4175ms
2026-02-24 04:00:23 [INFO]    [PING OK] IT | VLESS | 3797ms
2026-02-24 04:00:24 [INFO]    [PING OK] HU | VLESS | 3823ms
2026-02-24 04:00:24 [INFO]    [PING OK] IT | VLESS | 3991ms
2026-02-24 04:00:25 [INFO]    [PING OK] DE | VLESS | 6099ms
2026-02-24 04:00:25 [INFO]    [PING OK] LV | VLESS | 4282ms
2026-02-24 04:00:25 [INFO]    [PING OK] HU | VLESS | 4082ms
2026-02-24 04:00:26 [INFO]    [PING OK] NL | VLESS | 6178ms
2026-02-24 04:00:26 [INFO]    [PING OK] NL | VLESS | 6378ms
2026-02-24 04:00:27 [INFO]    [PING OK] DE | VLESS | 4886ms
2026-02-24 04:00:28 [INFO]    [PING OK] SE | VLESS | 4952ms
2026-02-24 04:00:28 [INFO]    [PING OK] SE | VLESS | 4996ms
2026-02-24 04:00:28 [INFO]    [PING OK] SE | VLESS | 5330ms
2026-02-24 04:00:28 [INFO]    [PING OK] CA | VLESS | 5426ms
2026-02-24 04:00:28 [INFO]    [PING OK] CA | VLESS | 5812ms
2026-02-24 04:00:28 [INFO]    [PING OK] CA | VLESS | 5211ms
2026-02-24 04:00:29 [INFO]    [PING OK] DE | VLESS | 4956ms
2026-02-24 04:00:29 [INFO]    [PING OK] DE | VLESS | 5191ms
2026-02-24 04:00:29 [INFO]    [PING OK] CA | VLESS | 5703ms
2026-02-24 04:00:29 [INFO]    [PING OK] CA | VLESS | 5439ms
2026-02-24 04:00:29 [INFO]    [PING OK] CA | VLESS | 5700ms
2026-02-24 04:00:30 [INFO]    [PING OK] CA | VLESS | 6046ms
2026-02-24 04:00:30 [INFO]    [PING OK] CA | VLESS | 5272ms
2026-02-24 04:00:30 [INFO]    [PING OK] CA | VLESS | 5491ms
2026-02-24 04:00:31 [INFO]    [PING OK] NL | VLESS | 5312ms
2026-02-24 04:00:31 [INFO]    [PING OK] SE | VLESS | 5320ms
2026-02-24 04:00:31 [INFO]    [PING OK] DE | VLESS | 5225ms
2026-02-24 04:00:32 [INFO]    [PING OK] US | VLESS | 5355ms
2026-02-24 04:00:32 [INFO]    [PING OK] SG | VLESS | 4983ms
2026-02-24 04:00:32 [INFO]    [PING OK] CA | VLESS | 4925ms
2026-02-24 04:00:32 [INFO]    [PING OK] SE | VLESS | 4803ms
2026-02-24 04:00:32 [INFO]    [PING OK] NL | VLESS | 4701ms
2026-02-24 04:00:32 [INFO]    [PING OK] US | VLESS | 4825ms
2026-02-24 04:00:32 [INFO]    [PING OK] DE | VLESS | 4687ms
2026-02-24 04:00:32 [INFO]    [PING OK] DE | VLESS | 5237ms
2026-02-24 04:00:33 [INFO]    [PING OK] DE | VLESS | 4066ms
2026-02-24 04:00:33 [INFO]    [PING OK] FI | VLESS | 3533ms
2026-02-24 04:00:33 [INFO]    [PING OK] DE | VLESS | 3919ms
2026-02-24 04:00:33 [INFO]    [PING OK] DE | VLESS | 3863ms
2026-02-24 04:00:33 [INFO]    [PING OK] SE | VLESS | 2684ms
2026-02-24 04:00:34 [INFO]    [PING OK] CA | VLESS | 4597ms
2026-02-24 04:00:35 [INFO]    [PING OK] US | VLESS | 5881ms
2026-02-24 04:00:35 [INFO]    [PING OK] CA | VLESS | 4495ms
2026-02-24 04:00:36 [INFO]    [PING OK] DE | VLESS | 6312ms
2026-02-24 04:00:36 [INFO]    [PING OK] CA | VLESS | 5388ms
2026-02-24 04:00:36 [INFO]    [PING OK] CA | VLESS | 7894ms
2026-02-24 04:00:37 [INFO]    [PING OK] CA | VLESS | 8585ms
2026-02-24 04:00:38 [INFO]    [PING OK] CA | VLESS | 7004ms
2026-02-24 04:00:38 [INFO] 🏎️ ЭТАП 2: Глубокий замер скорости для 40 иностранных кандидатов...
2026-02-24 04:00:43 [INFO]    🏆 IT | VLESS | Пинг: 3797ms | Скорость: 5.09 Mbps ⚡⚡
2026-02-24 04:00:43 [INFO]    🏆 PL | VLESS | Пинг: 3706ms | Скорость: 4.99 Mbps ⚡⚡
2026-02-24 04:00:43 [INFO]    🏆 DE | VLESS | Пинг: 3671ms | Скорость: 4.93 Mbps ⚡⚡
2026-02-24 04:00:43 [INFO]    🏆 TR | VLESS | Пинг: 3718ms | Скорость: 4.96 Mbps ⚡⚡
2026-02-24 04:00:43 [INFO]    🏆 FI | VLESS | Пинг: 3533ms | Скорость: 4.9 Mbps ⚡⚡
2026-02-24 04:00:43 [INFO]    🏆 EE | VLESS | Пинг: 3632ms | Скорость: 4.87 Mbps ⚡⚡
2026-02-24 04:00:43 [INFO]    🏆 DE | VLESS | Пинг: 3861ms | Скорость: 4.96 Mbps ⚡⚡
2026-02-24 04:00:43 [INFO]    🏆 ES | VLESS | Пинг: 3696ms | Скорость: 4.86 Mbps ⚡⚡
2026-02-24 04:00:43 [INFO]    🏆 HU | VLESS | Пинг: 3823ms | Скорость: 4.99 Mbps ⚡⚡
2026-02-24 04:00:43 [INFO]    🏆 DE | VLESS | Пинг: 3919ms | Скорость: 5.1 Mbps ⚡⚡
2026-02-24 04:00:43 [INFO]    🏆 LV | VLESS | Пинг: 3765ms | Скорость: 4.86 Mbps ⚡⚡
2026-02-24 04:00:43 [INFO]    🏆 PL | VLESS | Пинг: 3928ms | Скорость: 5.03 Mbps ⚡⚡
2026-02-24 04:00:43 [INFO]    🏆 DE | VLESS | Пинг: 3863ms | Скорость: 4.82 Mbps ⚡⚡
2026-02-24 04:00:43 [INFO]    🏆 TR | VLESS | Пинг: 3873ms | Скорость: 4.85 Mbps ⚡⚡
2026-02-24 04:00:45 [INFO]    🏆 TR | VLESS | Пинг: 3931ms | Скорость: 11.35 Mbps ⚡⚡
2026-02-24 04:00:46 [INFO]    🏆 DE | VLESS | Пинг: 3941ms | Скорость: 7.76 Mbps ⚡⚡
2026-02-24 04:00:46 [INFO]    🏆 PL | VLESS | Пинг: 3971ms | Скорость: 6.59 Mbps ⚡⚡
2026-02-24 04:00:47 [INFO]    🏆 DE | VLESS | Пинг: 4045ms | Скорость: 6.63 Mbps ⚡⚡
2026-02-24 04:00:47 [INFO]    🏆 IT | VLESS | Пинг: 3981ms | Скорость: 6.5 Mbps ⚡⚡
2026-02-24 04:00:47 [INFO]    🏆 ES | VLESS | Пинг: 3954ms | Скорость: 6.21 Mbps ⚡⚡
2026-02-24 04:00:47 [INFO]    🏆 ES | VLESS | Пинг: 4098ms | Скорость: 6.63 Mbps ⚡⚡
2026-02-24 04:00:47 [INFO]    🏆 IT | VLESS | Пинг: 3991ms | Скорость: 6.35 Mbps ⚡⚡
2026-02-24 04:00:47 [INFO]    🏆 HU | VLESS | Пинг: 4055ms | Скорость: 6.43 Mbps ⚡⚡
2026-02-24 04:00:47 [INFO]    🏆 HU | VLESS | Пинг: 4082ms | Скорость: 6.46 Mbps ⚡⚡
2026-02-24 04:00:47 [INFO]    🏆 PL | VLESS | Пинг: 4175ms | Скорость: 6.73 Mbps ⚡⚡
2026-02-24 04:00:47 [INFO]    🏆 ES | VLESS | Пинг: 3955ms | Скорость: 6.08 Mbps ⚡⚡
2026-02-24 04:00:47 [INFO]    🏆 PL | VLESS | Пинг: 4160ms | Скорость: 6.39 Mbps ⚡⚡
2026-02-24 04:00:47 [INFO]    🏆 DE | VLESS | Пинг: 4066ms | Скорость: 6.25 Mbps ⚡⚡
2026-02-24 04:00:47 [INFO]    🏆 HU | VLESS | Пинг: 4056ms | Скорость: 5.28 Mbps ⚡⚡
2026-02-24 04:00:48 [INFO]    🏆 FI | VLESS | Пинг: 4240ms | Скорость: 7.41 Mbps ⚡⚡
2026-02-24 04:00:49 [INFO]    🏆 LV | VLESS | Пинг: 4282ms | Скорость: 9.53 Mbps ⚡⚡
2026-02-24 04:00:49 [INFO]    🏆 PL | VLESS | Пинг: 4417ms | Скорость: 9.79 Mbps ⚡⚡
2026-02-24 04:00:49 [INFO]    🏆 ES | VLESS | Пинг: 4362ms | Скорость: 9.3 Mbps ⚡⚡
2026-02-24 04:00:49 [INFO]    🏆 HU | VLESS | Пинг: 4795ms | Скорость: 9.96 Mbps ⚡⚡
2026-02-24 04:00:51 [INFO]    🏆 NL | VLESS | Пинг: 4701ms | Скорость: 5.83 Mbps ⚡⚡
2026-02-24 04:00:52 [INFO]    🏆 CA | VLESS | Пинг: 4495ms | Скорость: 4.4 Mbps ⚡⚡
2026-02-24 04:00:52 [INFO] 📊 Итого в подписке сохранено иностранных серверов: 10
2026-02-24 04:00:52 [INFO] 💾 Файл успешно сохранен: FL1PVPN
