2026-02-22 09:20:07 [INFO] 🚀 START: Smart Selector (Target: 10, ONLY FOREIGN)
2026-02-22 09:20:07 [INFO] 🌐 Загрузка источников (VLESS + VMess)...
2026-02-22 09:20:09 [INFO] 🔍 Уникальных конфигов собрано: 263
2026-02-22 09:20:09 [INFO] ⚡ ЭТАП 1: Замер Пинга и Геолокации. Workers: 40...
2026-02-22 09:20:15 [INFO]    [PING OK] CZ | VLESS | 4375ms
2026-02-22 09:20:15 [INFO]    [PING OK] IT | VLESS | 4827ms
2026-02-22 09:20:15 [INFO]    [PING OK] PL | VLESS | 3790ms
2026-02-22 09:20:16 [INFO]    [PING OK] IT | VLESS | 3965ms
2026-02-22 09:20:16 [INFO]    [PING OK] HU | VLESS | 3572ms
2026-02-22 09:20:16 [INFO]    [PING OK] DE | VLESS | 6490ms
2026-02-22 09:20:17 [INFO]    [PING OK] DE | VLESS | 5724ms
2026-02-22 09:20:17 [INFO]    [PING OK] DE | VLESS | 6706ms
2026-02-22 09:20:17 [INFO]    [PING OK] TR | VLESS | 4141ms
2026-02-22 09:20:17 [INFO]    [PING OK] ES | VLESS | 3548ms
2026-02-22 09:20:18 [INFO]    [PING OK] HU | VLESS | 3894ms
2026-02-22 09:20:18 [INFO]    [PING OK] NL | VLESS | 3691ms
2026-02-22 09:20:18 [INFO]    [PING OK] PL | VLESS | 3868ms
2026-02-22 09:20:19 [INFO]    [PING OK] PL | VLESS | 3603ms
2026-02-22 09:20:19 [INFO]    [PING OK] PL | VLESS | 3691ms
2026-02-22 09:20:19 [INFO]    [PING OK] ES | VLESS | 3766ms
2026-02-22 09:20:19 [INFO]    [PING OK] TR | VLESS | 3907ms
2026-02-22 09:20:20 [INFO]    [PING OK] HU | VLESS | 3939ms
2026-02-22 09:20:20 [INFO]    [PING OK] IT | VLESS | 4360ms
2026-02-22 09:20:20 [INFO]    [PING OK] EE | VLESS | 8217ms
2026-02-22 09:20:20 [INFO]    [PING OK] TR | VLESS | 4209ms
2026-02-22 09:20:20 [INFO]    [PING OK] NL | VLESS | 3967ms
2026-02-22 09:20:21 [INFO]    [PING OK] PL | VLESS | 4303ms
2026-02-22 09:20:21 [INFO]    [PING OK] HU | VLESS | 3856ms
2026-02-22 09:20:22 [INFO]    [PING OK] DE | VLESS | 4201ms
2026-02-22 09:20:22 [INFO]    [PING OK] IT | VLESS | 5694ms
2026-02-22 09:20:22 [INFO]    [PING OK] NL | VLESS | 4329ms
2026-02-22 09:20:22 [INFO]    [PING OK] PL | VLESS | 3962ms
2026-02-22 09:20:22 [INFO]    [PING OK] TR | VLESS | 4083ms
2026-02-22 09:20:23 [INFO]    [PING OK] ES | VLESS | 4850ms
2026-02-22 09:20:23 [INFO]    [PING OK] PL | VLESS | 4710ms
2026-02-22 09:20:23 [INFO]    [PING OK] CA | VLESS | 7081ms
2026-02-22 09:20:23 [INFO]    [PING OK] NL | VLESS | 4085ms
2026-02-22 09:20:23 [INFO]    [PING OK] PL | VLESS | 4183ms
2026-02-22 09:20:24 [INFO]    [PING OK] PL | VLESS | 4743ms
2026-02-22 09:20:24 [INFO]    [PING OK] ES | VLESS | 4705ms
2026-02-22 09:20:25 [INFO]    [PING OK] PL | VLESS | 4763ms
2026-02-22 09:20:25 [INFO]    [PING OK] ES | VLESS | 4228ms
2026-02-22 09:20:25 [INFO]    [PING OK] NL | VLESS | 4414ms
2026-02-22 09:20:25 [INFO]    [PING OK] PL | VLESS | 5304ms
2026-02-22 09:20:25 [INFO]    [PING OK] HU | VLESS | 4454ms
2026-02-22 09:20:25 [INFO]    [PING OK] IT | VLESS | 5602ms
2026-02-22 09:20:25 [INFO]    [PING OK] PL | VLESS | 4710ms
2026-02-22 09:20:25 [INFO]    [PING OK] ES | VLESS | 4210ms
2026-02-22 09:20:26 [INFO]    [PING OK] PL | VLESS | 4185ms
2026-02-22 09:20:26 [INFO]    [PING OK] PL | VLESS | 5100ms
2026-02-22 09:20:26 [INFO]    [PING OK] CA | VLESS | 4422ms
2026-02-22 09:20:27 [INFO]    [PING OK] DE | VLESS | 4628ms
2026-02-22 09:20:27 [INFO]    [PING OK] DE | VLESS | 7356ms
2026-02-22 09:20:29 [INFO]    [PING OK] DE | VLESS | 5179ms
2026-02-22 09:20:29 [INFO]    [PING OK] CA | VLESS | 5198ms
2026-02-22 09:20:30 [INFO]    [PING OK] CA | VLESS | 5015ms
2026-02-22 09:20:30 [INFO]    [PING OK] US | VLESS | 6186ms
2026-02-22 09:20:31 [INFO]    [PING OK] RS | VLESS | 6136ms
2026-02-22 09:20:31 [INFO]    [PING OK] CA | VLESS | 5226ms
2026-02-22 09:20:31 [INFO]    [PING OK] CA | VLESS | 5508ms
2026-02-22 09:20:32 [INFO]    [PING OK] CA | VLESS | 6010ms
2026-02-22 09:20:32 [INFO]    [PING OK] DE | VLESS | 7026ms
2026-02-22 09:20:33 [INFO]    [PING OK] LV | VLESS | 6190ms
2026-02-22 09:20:34 [INFO]    [PING OK] CA | VLESS | 5136ms
2026-02-22 09:20:34 [INFO]    [PING OK] CA | VLESS | 4896ms
2026-02-22 09:20:35 [INFO]    [PING OK] CA | VLESS | 5255ms
2026-02-22 09:20:35 [INFO]    [PING OK] CA | VLESS | 4754ms
2026-02-22 09:20:35 [INFO]    [PING OK] FR | VLESS | 5390ms
2026-02-22 09:20:35 [INFO]    [PING OK] CA | VLESS | 5790ms
2026-02-22 09:20:36 [INFO]    [PING OK] US | VLESS | 2383ms
2026-02-22 09:20:36 [INFO]    [PING OK] CA | VLESS | 5891ms
2026-02-22 09:20:36 [INFO]    [PING OK] CA | VLESS | 2496ms
2026-02-22 09:20:36 [INFO]    [PING OK] CA | VLESS | 3209ms
2026-02-22 09:20:36 [INFO]    [PING OK] CA | VLESS | 3187ms
2026-02-22 09:20:36 [INFO]    [PING OK] CA | VLESS | 2018ms
2026-02-22 09:20:36 [INFO]    [PING OK] US | VLESS | 4715ms
2026-02-22 09:20:36 [INFO]    [PING OK] CA | VLESS | 3615ms
2026-02-22 09:20:37 [INFO]    [PING OK] CA | VLESS | 3425ms
2026-02-22 09:20:40 [INFO] 🏎️ ЭТАП 2: Глубокий замер скорости для 40 иностранных кандидатов...
2026-02-22 09:20:44 [INFO]    🏆 NL | VLESS | Пинг: 3691ms | Скорость: 6.21 Mbps ⚡⚡
2026-02-22 09:20:45 [INFO]    🏆 PL | VLESS | Пинг: 3790ms | Скорость: 6.05 Mbps ⚡⚡
2026-02-22 09:20:45 [INFO]    🏆 ES | VLESS | Пинг: 3766ms | Скорость: 5.89 Mbps ⚡⚡
2026-02-22 09:20:45 [INFO]    🏆 HU | VLESS | Пинг: 3856ms | Скорость: 5.94 Mbps ⚡⚡
2026-02-22 09:20:45 [INFO]    🏆 US | VLESS | Пинг: 2383ms | Скорость: 5.12 Mbps ⚡⚡
2026-02-22 09:20:45 [INFO]    🏆 PL | VLESS | Пинг: 3603ms | Скорость: 5.11 Mbps ⚡⚡
2026-02-22 09:20:45 [INFO]    🏆 PL | VLESS | Пинг: 3691ms | Скорость: 4.81 Mbps ⚡⚡
2026-02-22 09:20:47 [INFO]    🏆 PL | VLESS | Пинг: 3868ms | Скорость: 11.89 Mbps ⚡⚡
2026-02-22 09:20:47 [INFO]    🏆 CA | VLESS | Пинг: 2496ms | Скорость: 0.7 Mbps 
2026-02-22 09:20:47 [INFO]    🏆 CA | VLESS | Пинг: 3187ms | Скорость: 0.68 Mbps 
2026-02-22 09:20:47 [INFO]    🏆 CA | VLESS | Пинг: 3209ms | Скорость: 0.83 Mbps 
2026-02-22 09:20:47 [INFO]    🏆 CA | VLESS | Пинг: 2018ms | Скорость: 0.73 Mbps 
2026-02-22 09:20:47 [INFO]    🏆 HU | VLESS | Пинг: 3894ms | Скорость: 11.19 Mbps ⚡⚡
2026-02-22 09:20:47 [INFO]    🏆 HU | VLESS | Пинг: 3572ms | Скорость: 1.53 Mbps ⚡
2026-02-22 09:20:47 [INFO]    🏆 CA | VLESS | Пинг: 3615ms | Скорость: 0.72 Mbps 
2026-02-22 09:20:47 [INFO]    🏆 PL | VLESS | Пинг: 3962ms | Скорость: 11.75 Mbps ⚡⚡
2026-02-22 09:20:48 [INFO]    🏆 TR | VLESS | Пинг: 3907ms | Скорость: 9.36 Mbps ⚡⚡
2026-02-22 09:20:48 [INFO]    🏆 NL | VLESS | Пинг: 3967ms | Скорость: 14.04 Mbps ⚡⚡
2026-02-22 09:20:48 [INFO]    🏆 HU | VLESS | Пинг: 3939ms | Скорость: 7.48 Mbps ⚡⚡
2026-02-22 09:20:49 [INFO]    🏆 TR | VLESS | Пинг: 4083ms | Скорость: 11.34 Mbps ⚡⚡
2026-02-22 09:20:50 [INFO]    🏆 NL | VLESS | Пинг: 4085ms | Скорость: 11.82 Mbps ⚡⚡
2026-02-22 09:20:51 [INFO]    🏆 DE | VLESS | Пинг: 4201ms | Скорость: 7.92 Mbps ⚡⚡
2026-02-22 09:20:51 [INFO]    🏆 PL | VLESS | Пинг: 4183ms | Скорость: 7.45 Mbps ⚡⚡
2026-02-22 09:20:51 [INFO]    🏆 NL | VLESS | Пинг: 4329ms | Скорость: 7.88 Mbps ⚡⚡
2026-02-22 09:20:51 [INFO]    🏆 ES | VLESS | Пинг: 4228ms | Скорость: 7.49 Mbps ⚡⚡
2026-02-22 09:20:51 [INFO]    🏆 ES | VLESS | Пинг: 4210ms | Скорость: 7.13 Mbps ⚡⚡
2026-02-22 09:20:51 [INFO]    🏆 NL | VLESS | Пинг: 4414ms | Скорость: 9.03 Mbps ⚡⚡
2026-02-22 09:20:51 [INFO]    🏆 PL | VLESS | Пинг: 4185ms | Скорость: 6.32 Mbps ⚡⚡
2026-02-22 09:20:52 [INFO]    🏆 IT | VLESS | Пинг: 3965ms | Скорость: 1.42 Mbps 
2026-02-22 09:20:52 [INFO]    🏆 HU | VLESS | Пинг: 4454ms | Скорость: 10.93 Mbps ⚡⚡
2026-02-22 09:20:53 [INFO]    🏆 CZ | VLESS | Пинг: 4375ms | Скорость: 4.62 Mbps ⚡⚡
2026-02-22 09:20:53 [INFO]    🏆 DE | VLESS | Пинг: 4628ms | Скорость: 13.64 Mbps ⚡⚡
2026-02-22 09:20:53 [INFO]    🏆 ES | VLESS | Пинг: 4705ms | Скорость: 11.02 Mbps ⚡⚡
2026-02-22 09:20:54 [INFO]    🏆 TR | VLESS | Пинг: 4141ms | Скорость: 1.56 Mbps ⚡
2026-02-22 09:20:54 [INFO]    🏆 TR | VLESS | Пинг: 4209ms | Скорость: 1.95 Mbps ⚡
2026-02-22 09:20:54 [INFO] 📊 Итого в подписке сохранено иностранных серверов: 10
2026-02-22 09:20:54 [INFO] 💾 Файл успешно сохранен: FL1PVPN
