2026-02-27 02:00:06 [INFO] 🚀 START: Smart Selector (Target: 10, ONLY FOREIGN)
2026-02-27 02:00:06 [INFO] 🌐 Загрузка источников (VLESS + VMess)...
2026-02-27 02:00:08 [INFO] 🔍 Уникальных конфигов собрано: 190
2026-02-27 02:00:08 [INFO] ⚡ ЭТАП 1: Замер Пинга и Геолокации. Workers: 40...
2026-02-27 02:00:14 [INFO]    [PING OK] DE | VLESS | 4744ms
2026-02-27 02:00:14 [INFO]    [PING OK] DE | VLESS | 4787ms
2026-02-27 02:00:14 [INFO]    [PING OK] NL | VLESS | 4486ms
2026-02-27 02:00:14 [INFO]    [PING OK] DE | VLESS | 4793ms
2026-02-27 02:00:14 [INFO]    [PING OK] NL | VLESS | 4275ms
2026-02-27 02:00:14 [INFO]    [PING OK] FR | VLESS | 5045ms
2026-02-27 02:00:14 [INFO]    [PING OK] FI | VLESS | 4135ms
2026-02-27 02:00:14 [INFO]    [PING OK] FI | VLESS | 4913ms
2026-02-27 02:00:14 [INFO]    [PING OK] DE | VLESS | 4581ms
2026-02-27 02:00:14 [INFO]    [PING OK] DE | VLESS | 4711ms
2026-02-27 02:00:14 [INFO]    [PING OK] DE | VLESS | 3747ms
2026-02-27 02:00:15 [INFO]    [PING OK] DE | VLESS | 4326ms
2026-02-27 02:00:15 [INFO]    [PING OK] SE | VLESS | 4767ms
2026-02-27 02:00:16 [INFO]    [PING OK] DE | VLESS | 4206ms
2026-02-27 02:00:16 [INFO]    [PING OK] FI | VLESS | 4595ms
2026-02-27 02:00:16 [INFO]    [PING OK] FI | VLESS | 4384ms
2026-02-27 02:00:17 [INFO]    [PING OK] TR | VLESS | 4592ms
2026-02-27 02:00:19 [INFO]    [PING OK] PL | VLESS | 4989ms
2026-02-27 02:00:19 [INFO]    [PING OK] FI | VLESS | 5091ms
2026-02-27 02:00:20 [INFO]    [PING OK] NL | VLESS | 5038ms
2026-02-27 02:00:20 [INFO]    [PING OK] ES | VLESS | 4700ms
2026-02-27 02:00:20 [INFO]    [PING OK] IT | VLESS | 4893ms
2026-02-27 02:00:20 [INFO]    [PING OK] NL | VLESS | 5086ms
2026-02-27 02:00:20 [INFO]    [PING OK] FI | VLESS | 5146ms
2026-02-27 02:00:20 [INFO]    [PING OK] CA | VLESS | 5170ms
2026-02-27 02:00:20 [INFO]    [PING OK] ES | VLESS | 4921ms
2026-02-27 02:00:20 [INFO]    [PING OK] US | VLESS | 5119ms
2026-02-27 02:00:20 [INFO]    [PING OK] US | VLESS | 5009ms
2026-02-27 02:00:20 [INFO]    [PING OK] PL | VLESS | 5147ms
2026-02-27 02:00:20 [INFO]    [PING OK] DE | VLESS | 4980ms
2026-02-27 02:00:20 [INFO]    [PING OK] DE | VLESS | 4972ms
2026-02-27 02:00:21 [INFO]    [PING OK] CA | VLESS | 5515ms
2026-02-27 02:00:21 [INFO]    [PING OK] DE | VLESS | 5310ms
2026-02-27 02:00:21 [INFO]    [PING OK] US | VLESS | 4586ms
2026-02-27 02:00:22 [INFO]    [PING OK] LT | VLESS | 4930ms
2026-02-27 02:00:22 [INFO]    [PING OK] CA | VLESS | 4816ms
2026-02-27 02:00:23 [INFO]    [PING OK] ES | VLESS | 3976ms
2026-02-27 02:00:23 [INFO]    [PING OK] DE | VLESS | 3980ms
2026-02-27 02:00:24 [INFO]    [PING OK] FI | VLESS | 4402ms
2026-02-27 02:00:25 [INFO]    [PING OK] LV | VLESS | 4864ms
2026-02-27 02:00:26 [INFO]    [PING OK] FI | VLESS | 4756ms
2026-02-27 02:00:26 [INFO]    [PING OK] LT | VLESS | 5188ms
2026-02-27 02:00:26 [INFO]    [PING OK] ES | VLESS | 4904ms
2026-02-27 02:00:26 [INFO]    [PING OK] DE | VLESS | 4402ms
2026-02-27 02:00:26 [INFO]    [PING OK] US | VLESS | 4680ms
2026-02-27 02:00:26 [INFO]    [PING OK] IT | VLESS | 4606ms
2026-02-27 02:00:26 [INFO]    [PING OK] FI | VLESS | 4803ms
2026-02-27 02:00:26 [INFO]    [PING OK] CH | VLESS | 4833ms
2026-02-27 02:00:26 [INFO]    [PING OK] CA | VLESS | 5290ms
2026-02-27 02:00:26 [INFO]    [PING OK] TR | VLESS | 4959ms
2026-02-27 02:00:26 [INFO]    [PING OK] DE | VLESS | 4994ms
2026-02-27 02:00:26 [INFO]    [PING OK] FI | VLESS | 5058ms
2026-02-27 02:00:27 [INFO]    [PING OK] PL | VLESS | 5279ms
2026-02-27 02:00:27 [INFO]    [PING OK] PL | VLESS | 4902ms
2026-02-27 02:00:28 [INFO]    [PING OK] HK | VLESS | 5614ms
2026-02-27 02:00:28 [INFO]    [PING OK] DE | VLESS | 6899ms
2026-02-27 02:00:28 [INFO]    [PING OK] IT | VLESS | 4884ms
2026-02-27 02:00:28 [INFO]    [PING OK] CH | VLESS | 4637ms
2026-02-27 02:00:28 [INFO]    [PING OK] ES | VLESS | 4590ms
2026-02-27 02:00:28 [INFO]    [PING OK] FR | VLESS | 4115ms
2026-02-27 02:00:29 [INFO]    [PING OK] DE | VLESS | 1851ms
2026-02-27 02:00:29 [INFO]    [PING OK] LV | VLESS | 2137ms
2026-02-27 02:00:29 [INFO]    [PING OK] US | VLESS | 5963ms
2026-02-27 02:00:29 [INFO]    [PING OK] DE | VLESS | 1351ms
2026-02-27 02:00:29 [INFO]    [PING OK] US | VLESS | 2384ms
2026-02-27 02:00:29 [INFO]    [PING OK] DE | VLESS | 1221ms
2026-02-27 02:00:29 [INFO]    [PING OK] DE | VLESS | 1518ms
2026-02-27 02:00:29 [INFO]    [PING OK] SG | VLESS | 1577ms
2026-02-27 02:00:30 [INFO]    [PING OK] TW | VLESS | 2455ms
2026-02-27 02:00:31 [INFO]    [PING OK] DE | VLESS | 328ms
2026-02-27 02:00:33 [INFO] 🏎️ ЭТАП 2: Глубокий замер скорости для 40 иностранных кандидатов...
2026-02-27 02:00:37 [INFO]    🏆 FI | VLESS | Пинг: 4135ms | Скорость: 5.91 Mbps ⚡⚡
2026-02-27 02:00:37 [INFO]    🏆 DE | VLESS | Пинг: 1351ms | Скорость: 5.28 Mbps ⚡⚡
2026-02-27 02:00:37 [INFO]    🏆 DE | VLESS | Пинг: 1851ms | Скорость: 5.46 Mbps ⚡⚡
2026-02-27 02:00:37 [INFO]    🏆 DE | VLESS | Пинг: 3747ms | Скорость: 5.4 Mbps ⚡⚡
2026-02-27 02:00:37 [INFO]    🏆 DE | VLESS | Пинг: 1518ms | Скорость: 5.34 Mbps ⚡⚡
2026-02-27 02:00:37 [INFO]    🏆 DE | VLESS | Пинг: 1221ms | Скорость: 5.27 Mbps ⚡⚡
2026-02-27 02:00:37 [INFO]    🏆 SG | VLESS | Пинг: 1577ms | Скорость: 5.16 Mbps ⚡⚡
2026-02-27 02:00:38 [INFO]    🏆 ES | VLESS | Пинг: 3976ms | Скорость: 5.31 Mbps ⚡⚡
2026-02-27 02:00:38 [INFO]    🏆 DE | VLESS | Пинг: 4206ms | Скорость: 5.5 Mbps ⚡⚡
2026-02-27 02:00:38 [INFO]    🏆 FR | VLESS | Пинг: 4115ms | Скорость: 5.37 Mbps ⚡⚡
2026-02-27 02:00:38 [INFO]    🏆 US | VLESS | Пинг: 2384ms | Скорость: 5.16 Mbps ⚡⚡
2026-02-27 02:00:38 [INFO]    🏆 DE | VLESS | Пинг: 3980ms | Скорость: 5.2 Mbps ⚡⚡
2026-02-27 02:00:38 [INFO]    🏆 DE | VLESS | Пинг: 328ms | Скорость: 4.87 Mbps ⚡⚡
2026-02-27 02:00:38 [INFO]    🏆 LV | VLESS | Пинг: 2137ms | Скорость: 4.53 Mbps ⚡⚡
2026-02-27 02:00:39 [INFO]    🏆 TW | VLESS | Пинг: 2455ms | Скорость: 3.97 Mbps ⚡⚡
2026-02-27 02:00:42 [INFO]    🏆 NL | VLESS | Пинг: 4275ms | Скорость: 5.92 Mbps ⚡⚡
2026-02-27 02:00:42 [INFO]    🏆 DE | VLESS | Пинг: 4402ms | Скорость: 5.91 Mbps ⚡⚡
2026-02-27 02:00:42 [INFO]    🏆 DE | VLESS | Пинг: 4326ms | Скорость: 5.78 Mbps ⚡⚡
2026-02-27 02:00:42 [INFO]    🏆 FI | VLESS | Пинг: 4384ms | Скорость: 5.8 Mbps ⚡⚡
2026-02-27 02:00:42 [INFO]    🏆 NL | VLESS | Пинг: 4486ms | Скорость: 5.93 Mbps ⚡⚡
2026-02-27 02:00:42 [INFO]    🏆 FI | VLESS | Пинг: 4402ms | Скорость: 5.8 Mbps ⚡⚡
2026-02-27 02:00:42 [INFO]    🏆 FI | VLESS | Пинг: 4595ms | Скорость: 6.01 Mbps ⚡⚡
2026-02-27 02:00:42 [INFO]    🏆 DE | VLESS | Пинг: 4581ms | Скорость: 5.96 Mbps ⚡⚡
2026-02-27 02:00:42 [INFO]    🏆 IT | VLESS | Пинг: 4606ms | Скорость: 6.12 Mbps ⚡⚡
2026-02-27 02:00:42 [INFO]    🏆 CH | VLESS | Пинг: 4637ms | Скорость: 5.82 Mbps ⚡⚡
2026-02-27 02:00:42 [INFO]    🏆 US | VLESS | Пинг: 4680ms | Скорость: 6.09 Mbps ⚡⚡
2026-02-27 02:00:42 [INFO]    🏆 ES | VLESS | Пинг: 4700ms | Скорость: 7.13 Mbps ⚡⚡
2026-02-27 02:00:44 [INFO]    🏆 US | VLESS | Пинг: 4586ms | Скорость: 2.69 Mbps ⚡
2026-02-27 02:00:45 [INFO]    🏆 ES | VLESS | Пинг: 4590ms | Скорость: 3.2 Mbps ⚡⚡
2026-02-27 02:00:45 [INFO]    🏆 DE | VLESS | Пинг: 4787ms | Скорость: 7.92 Mbps ⚡⚡
2026-02-27 02:00:45 [INFO]    🏆 DE | VLESS | Пинг: 4711ms | Скорость: 7.5 Mbps ⚡⚡
2026-02-27 02:00:45 [INFO]    🏆 CH | VLESS | Пинг: 4833ms | Скорость: 8.03 Mbps ⚡⚡
2026-02-27 02:00:45 [INFO]    🏆 SE | VLESS | Пинг: 4767ms | Скорость: 7.82 Mbps ⚡⚡
2026-02-27 02:00:45 [INFO]    🏆 DE | VLESS | Пинг: 4744ms | Скорость: 7.68 Mbps ⚡⚡
2026-02-27 02:00:45 [INFO]    🏆 DE | VLESS | Пинг: 4793ms | Скорость: 7.86 Mbps ⚡⚡
2026-02-27 02:00:45 [INFO]    🏆 FI | VLESS | Пинг: 4756ms | Скорость: 7.78 Mbps ⚡⚡
2026-02-27 02:00:45 [INFO]    🏆 FI | VLESS | Пинг: 4803ms | Скорость: 7.81 Mbps ⚡⚡
2026-02-27 02:00:45 [INFO]    🏆 LV | VLESS | Пинг: 4864ms | Скорость: 8.54 Mbps ⚡⚡
2026-02-27 02:00:45 [INFO]    🏆 CA | VLESS | Пинг: 4816ms | Скорость: 6.9 Mbps ⚡⚡
2026-02-27 02:00:45 [INFO] 📊 Итого в подписке сохранено иностранных серверов: 10
2026-02-27 02:00:45 [INFO] 💾 Файл успешно сохранен: FL1PVPN
