2026-02-27 11:00:06 [INFO] 🚀 START: Smart Selector (Target: 10, ONLY FOREIGN)
2026-02-27 11:00:06 [INFO] 🌐 Загрузка источников (VLESS + VMess)...
2026-02-27 11:00:07 [INFO] 🔍 Уникальных конфигов собрано: 236
2026-02-27 11:00:07 [INFO] ⚡ ЭТАП 1: Замер Пинга и Геолокации. Workers: 40...
2026-02-27 11:00:13 [INFO]    [PING OK] FI | VLESS | 4362ms
2026-02-27 11:00:13 [INFO]    [PING OK] FI | VLESS | 3971ms
2026-02-27 11:00:13 [INFO]    [PING OK] ES | VLESS | 4068ms
2026-02-27 11:00:13 [INFO]    [PING OK] TR | VLESS | 4199ms
2026-02-27 11:00:13 [INFO]    [PING OK] HU | VLESS | 4170ms
2026-02-27 11:00:13 [INFO]    [PING OK] PL | VLESS | 4253ms
2026-02-27 11:00:13 [INFO]    [PING OK] PL | VLESS | 3950ms
2026-02-27 11:00:13 [INFO]    [PING OK] FI | VLESS | 4353ms
2026-02-27 11:00:13 [INFO]    [PING OK] PL | VLESS | 4209ms
2026-02-27 11:00:13 [INFO]    [PING OK] TR | VLESS | 4456ms
2026-02-27 11:00:13 [INFO]    [PING OK] FI | VLESS | 3992ms
2026-02-27 11:00:13 [INFO]    [PING OK] DE | VLESS | 4647ms
2026-02-27 11:00:13 [INFO]    [PING OK] HU | VLESS | 4002ms
2026-02-27 11:00:13 [INFO]    [PING OK] LT | VLESS | 4288ms
2026-02-27 11:00:13 [INFO]    [PING OK] FI | VLESS | 4262ms
2026-02-27 11:00:13 [INFO]    [PING OK] ES | VLESS | 4600ms
2026-02-27 11:00:14 [INFO]    [PING OK] PL | VLESS | 3772ms
2026-02-27 11:00:14 [INFO]    [PING OK] KZ | VLESS | 3869ms
2026-02-27 11:00:14 [INFO]    [PING OK] FI | VLESS | 4044ms
2026-02-27 11:00:14 [INFO]    [PING OK] NL | VLESS | 4207ms
2026-02-27 11:00:15 [INFO]    [PING OK] DE | VLESS | 4133ms
2026-02-27 11:00:15 [INFO]    [PING OK] FI | VLESS | 4117ms
2026-02-27 11:00:15 [INFO]    [PING OK] HK | VLESS | 4357ms
2026-02-27 11:00:15 [INFO]    [PING OK] DE | VLESS | 4816ms
2026-02-27 11:00:16 [INFO]    [PING OK] NL | VLESS | 5207ms
2026-02-27 11:00:17 [INFO]    [PING OK] FI | VLESS | 6427ms
2026-02-27 11:00:18 [INFO]    [PING OK] DE | VLESS | 3603ms
2026-02-27 11:00:18 [INFO]    [PING OK] NL | VLESS | 3993ms
2026-02-27 11:00:18 [INFO]    [PING OK] SE | VLESS | 3719ms
2026-02-27 11:00:18 [INFO]    [PING OK] US | VLESS | 3785ms
2026-02-27 11:00:18 [INFO]    [PING OK] DE | VLESS | 4158ms
2026-02-27 11:00:18 [INFO]    [PING OK] US | VLESS | 4284ms
2026-02-27 11:00:18 [INFO]    [PING OK] FI | VLESS | 4575ms
2026-02-27 11:00:18 [INFO]    [PING OK] FI | VLESS | 3570ms
2026-02-27 11:00:18 [INFO]    [PING OK] FI | VLESS | 4663ms
2026-02-27 11:00:18 [INFO]    [PING OK] TR | VLESS | 3877ms
2026-02-27 11:00:19 [INFO]    [PING OK] PL | VLESS | 3836ms
2026-02-27 11:00:19 [INFO]    [PING OK] FI | VLESS | 6554ms
2026-02-27 11:00:19 [INFO]    [PING OK] FI | VLESS | 4643ms
2026-02-27 11:00:19 [INFO]    [PING OK] CA | VLESS | 3578ms
2026-02-27 11:00:19 [INFO]    [PING OK] HU | VLESS | 3379ms
2026-02-27 11:00:19 [INFO]    [PING OK] AE | VLESS | 3813ms
2026-02-27 11:00:19 [INFO]    [PING OK] FI | VLESS | 4706ms
2026-02-27 11:00:19 [INFO]    [PING OK] DE | VLESS | 5003ms
2026-02-27 11:00:20 [INFO]    [PING OK] HK | VLESS | 4176ms
2026-02-27 11:00:20 [INFO]    [PING OK] ES | VLESS | 5496ms
2026-02-27 11:00:20 [INFO]    [PING OK] FI | VLESS | 5128ms
2026-02-27 11:00:20 [INFO]    [PING OK] FI | VLESS | 3803ms
2026-02-27 11:00:21 [INFO]    [PING OK] CA | VLESS | 4382ms
2026-02-27 11:00:21 [INFO]    [PING OK] EE | VLESS | 4998ms
2026-02-27 11:00:22 [INFO]    [PING OK] FI | VLESS | 3891ms
2026-02-27 11:00:22 [INFO]    [PING OK] FI | VLESS | 6744ms
2026-02-27 11:00:22 [INFO]    [PING OK] SE | VLESS | 4170ms
2026-02-27 11:00:22 [INFO]    [PING OK] PL | VLESS | 4061ms
2026-02-27 11:00:23 [INFO]    [PING OK] TR | VLESS | 3965ms
2026-02-27 11:00:23 [INFO]    [PING OK] NO | VLESS | 8211ms
2026-02-27 11:00:23 [INFO]    [PING OK] CH | VLESS | 4245ms
2026-02-27 11:00:23 [INFO]    [PING OK] NL | VLESS | 4173ms
2026-02-27 11:00:23 [INFO]    [PING OK] US | VLESS | 3896ms
2026-02-27 11:00:23 [INFO]    [PING OK] PL | VLESS | 4042ms
2026-02-27 11:00:24 [INFO]    [PING OK] DE | VLESS | 4246ms
2026-02-27 11:00:24 [INFO]    [PING OK] LT | VLESS | 4859ms
2026-02-27 11:00:24 [INFO]    [PING OK] US | VLESS | 3977ms
2026-02-27 11:00:24 [INFO]    [PING OK] FI | VLESS | 3856ms
2026-02-27 11:00:24 [INFO]    [PING OK] DE | VLESS | 4051ms
2026-02-27 11:00:24 [INFO]    [PING OK] PL | VLESS | 3780ms
2026-02-27 11:00:24 [INFO]    [PING OK] PL | VLESS | 3754ms
2026-02-27 11:00:24 [INFO]    [PING OK] PL | VLESS | 3949ms
2026-02-27 11:00:25 [INFO]    [PING OK] DE | VLESS | 4152ms
2026-02-27 11:00:25 [INFO]    [PING OK] DE | VLESS | 3489ms
2026-02-27 11:00:25 [INFO]    [PING OK] NL | VLESS | 3474ms
2026-02-27 11:00:26 [INFO]    [PING OK] DE | VLESS | 4683ms
2026-02-27 11:00:26 [INFO]    [PING OK] NL | VLESS | 3675ms
2026-02-27 11:00:26 [INFO]    [PING OK] DE | VLESS | 3567ms
2026-02-27 11:00:26 [INFO]    [PING OK] PL | VLESS | 3597ms
2026-02-27 11:00:26 [INFO]    [PING OK] EE | VLESS | 3730ms
2026-02-27 11:00:27 [INFO]    [PING OK] HU | VLESS | 3640ms
2026-02-27 11:00:28 [INFO]    [PING OK] LT | VLESS | 7956ms
2026-02-27 11:00:28 [INFO]    [PING OK] PL | VLESS | 4003ms
2026-02-27 11:00:28 [INFO]    [PING OK] PL | VLESS | 3920ms
2026-02-27 11:00:29 [INFO]    [PING OK] ES | VLESS | 3550ms
2026-02-27 11:00:29 [INFO]    [PING OK] DE | VLESS | 3659ms
2026-02-27 11:00:29 [INFO]    [PING OK] NG | VLESS | 6047ms
2026-02-27 11:00:29 [INFO]    [PING OK] PL | VLESS | 3819ms
2026-02-27 11:00:29 [INFO]    [PING OK] PL | VLESS | 4881ms
2026-02-27 11:00:29 [INFO]    [PING OK] ES | VLESS | 4400ms
2026-02-27 11:00:29 [INFO]    [PING OK] DE | VLESS | 3880ms
2026-02-27 11:00:29 [INFO]    [PING OK] US | VLESS | 4215ms
2026-02-27 11:00:30 [INFO]    [PING OK] CH | VLESS | 4101ms
2026-02-27 11:00:30 [INFO]    [PING OK] ES | VLESS | 3685ms
2026-02-27 11:00:30 [INFO]    [PING OK] TR | VLESS | 3559ms
2026-02-27 11:00:30 [INFO]    [PING OK] TR | VLESS | 3413ms
2026-02-27 11:00:30 [INFO]    [PING OK] DE | VLESS | 3152ms
2026-02-27 11:00:30 [INFO]    [PING OK] NL | VLESS | 5907ms
2026-02-27 11:00:31 [INFO]    [PING OK] DE | VLESS | 3404ms
2026-02-27 11:00:31 [INFO]    [PING OK] PL | VLESS | 3917ms
2026-02-27 11:00:32 [INFO]    [PING OK] HU | VLESS | 7984ms
2026-02-27 11:00:32 [INFO]    [PING OK] PL | VLESS | 3490ms
2026-02-27 11:00:33 [INFO]    [PING OK] DE | VLESS | 6466ms
2026-02-27 11:00:33 [INFO]    [PING OK] DE | VLESS | 3162ms
2026-02-27 11:00:33 [INFO]    [PING OK] SG | VLESS | 3247ms
2026-02-27 11:00:33 [INFO]    [PING OK] US | VLESS | 2891ms
2026-02-27 11:00:33 [INFO]    [PING OK] DE | VLESS | 3601ms
2026-02-27 11:00:33 [INFO]    [PING OK] LV | VLESS | 2516ms
2026-02-27 11:00:33 [INFO]    [PING OK] NL | VLESS | 2306ms
2026-02-27 11:00:33 [INFO]    [PING OK] DE | VLESS | 2234ms
2026-02-27 11:00:33 [INFO]    [PING OK] DE | VLESS | 2140ms
2026-02-27 11:00:34 [INFO]    [PING OK] DE | VLESS | 3221ms
2026-02-27 11:00:34 [INFO]    [PING OK] CA | VLESS | 3218ms
2026-02-27 11:00:34 [INFO]    [PING OK] TW | VLESS | 3185ms
2026-02-27 11:00:34 [INFO]    [PING OK] SG | VLESS | 2151ms
2026-02-27 11:00:34 [INFO]    [PING OK] DE | VLESS | 2816ms
2026-02-27 11:00:35 [INFO]    [PING OK] CA | VLESS | 4418ms
2026-02-27 11:00:36 [INFO]    [PING OK] CA | VLESS | 5839ms
2026-02-27 11:00:38 [INFO] 🏎️ ЭТАП 2: Глубокий замер скорости для 40 иностранных кандидатов...
2026-02-27 11:00:42 [INFO]    🏆 DE | VLESS | Пинг: 3404ms | Скорость: 7.4 Mbps ⚡⚡
2026-02-27 11:00:42 [INFO]    🏆 DE | VLESS | Пинг: 3152ms | Скорость: 6.92 Mbps ⚡⚡
2026-02-27 11:00:42 [INFO]    🏆 DE | VLESS | Пинг: 2234ms | Скорость: 6.66 Mbps ⚡⚡
2026-02-27 11:00:42 [INFO]    🏆 HU | VLESS | Пинг: 3379ms | Скорость: 6.75 Mbps ⚡⚡
2026-02-27 11:00:42 [INFO]    🏆 NL | VLESS | Пинг: 2306ms | Скорость: 6.1 Mbps ⚡⚡
2026-02-27 11:00:42 [INFO]    🏆 SG | VLESS | Пинг: 3247ms | Скорость: 6.33 Mbps ⚡⚡
2026-02-27 11:00:42 [INFO]    🏆 US | VLESS | Пинг: 2891ms | Скорость: 5.99 Mbps ⚡⚡
2026-02-27 11:00:42 [INFO]    🏆 SG | VLESS | Пинг: 2151ms | Скорость: 5.69 Mbps ⚡⚡
2026-02-27 11:00:43 [INFO]    🏆 DE | VLESS | Пинг: 2816ms | Скорость: 4.47 Mbps ⚡⚡
2026-02-27 11:00:43 [INFO]    🏆 CA | VLESS | Пинг: 3218ms | Скорость: 4.51 Mbps ⚡⚡
2026-02-27 11:00:45 [INFO]    🏆 DE | VLESS | Пинг: 2140ms | Скорость: 1.97 Mbps ⚡
2026-02-27 11:00:45 [INFO]    🏆 DE | VLESS | Пинг: 3162ms | Скорость: 2.58 Mbps ⚡
2026-02-27 11:00:45 [INFO]    🏆 DE | VLESS | Пинг: 3221ms | Скорость: 1.26 Mbps 
2026-02-27 11:00:46 [INFO]    🏆 TR | VLESS | Пинг: 3413ms | Скорость: 6.34 Mbps ⚡⚡
2026-02-27 11:00:46 [INFO]    🏆 DE | VLESS | Пинг: 3567ms | Скорость: 7.28 Mbps ⚡⚡
2026-02-27 11:00:46 [INFO]    🏆 DE | VLESS | Пинг: 3489ms | Скорость: 6.35 Mbps ⚡⚡
2026-02-27 11:00:46 [INFO]    🏆 ES | VLESS | Пинг: 3550ms | Скорость: 7.03 Mbps ⚡⚡
2026-02-27 11:00:46 [INFO]    🏆 NL | VLESS | Пинг: 3474ms | Скорость: 5.65 Mbps ⚡⚡
2026-02-27 11:00:46 [INFO]    🏆 PL | VLESS | Пинг: 3490ms | Скорость: 5.77 Mbps ⚡⚡
2026-02-27 11:00:46 [INFO]    🏆 PL | VLESS | Пинг: 3597ms | Скорость: 6.94 Mbps ⚡⚡
2026-02-27 11:00:46 [INFO]    🏆 TR | VLESS | Пинг: 3559ms | Скорость: 6.03 Mbps ⚡⚡
2026-02-27 11:00:47 [INFO]    🏆 DE | VLESS | Пинг: 3603ms | Скорость: 7.61 Mbps ⚡⚡
2026-02-27 11:00:48 [INFO]    🏆 NL | VLESS | Пинг: 3675ms | Скорость: 11.61 Mbps ⚡⚡
2026-02-27 11:00:48 [INFO]    🏆 FI | VLESS | Пинг: 3570ms | Скорость: 4.08 Mbps ⚡⚡
2026-02-27 11:00:48 [INFO]    🏆 HU | VLESS | Пинг: 3640ms | Скорость: 7.99 Mbps ⚡⚡
2026-02-27 11:00:48 [INFO]    🏆 DE | VLESS | Пинг: 3659ms | Скорость: 8.73 Mbps ⚡⚡
2026-02-27 11:00:48 [INFO]    🏆 PL | VLESS | Пинг: 3754ms | Скорость: 11.75 Mbps ⚡⚡
2026-02-27 11:00:48 [INFO]    🏆 EE | VLESS | Пинг: 3730ms | Скорость: 11.15 Mbps ⚡⚡
2026-02-27 11:00:49 [INFO]    🏆 PL | VLESS | Пинг: 3772ms | Скорость: 11.54 Mbps ⚡⚡
2026-02-27 11:00:49 [INFO]    🏆 FI | VLESS | Пинг: 3803ms | Скорость: 11.53 Mbps ⚡⚡
2026-02-27 11:00:49 [INFO]    🏆 PL | VLESS | Пинг: 3780ms | Скорость: 11.14 Mbps ⚡⚡
2026-02-27 11:00:49 [INFO]    🏆 ES | VLESS | Пинг: 3685ms | Скорость: 8.67 Mbps ⚡⚡
2026-02-27 11:00:49 [INFO]    🏆 US | VLESS | Пинг: 3785ms | Скорость: 9.33 Mbps ⚡⚡
2026-02-27 11:00:49 [INFO]    🏆 CA | VLESS | Пинг: 3578ms | Скорость: 1.59 Mbps ⚡
2026-02-27 11:00:50 [INFO]    🏆 PL | VLESS | Пинг: 3819ms | Скорость: 16.63 Mbps ⚡⚡
2026-02-27 11:00:50 [INFO]    🏆 DE | VLESS | Пинг: 3601ms | Скорость: 1.62 Mbps ⚡
2026-02-27 11:00:50 [INFO]    🏆 AE | VLESS | Пинг: 3813ms | Скорость: 7.4 Mbps ⚡⚡
2026-02-27 11:00:50 [INFO] 📊 Итого в подписке сохранено иностранных серверов: 10
2026-02-27 11:00:50 [INFO] 💾 Файл успешно сохранен: FL1PVPN
