2026-02-16 06:37:54 [INFO] 🚀 START: Smart VLESS Selector (Target: 10, Strict Mode)
2026-02-16 06:37:54 [INFO] 🌐 Загрузка источников...
2026-02-16 06:37:56 [INFO] 🔍 Уникальных конфигов собрано: 417
2026-02-16 06:37:56 [INFO] ⚡ ЭТАП 1: Быстрый замер Пинга (Workers: 25)...
2026-02-16 06:37:58 [INFO]    [PING OK] DE | 248ms
2026-02-16 06:38:00 [INFO]    [PING OK] SC | 595ms
2026-02-16 06:38:00 [INFO]    [PING OK] DE | 130ms
2026-02-16 06:38:00 [INFO]    [PING OK] DE | 163ms
2026-02-16 06:38:03 [INFO]    [PING OK] US | 179ms
2026-02-16 06:38:04 [INFO]    [PING OK] DE | 177ms
2026-02-16 06:38:06 [INFO]    [PING OK] BE | 2852ms
2026-02-16 06:38:06 [INFO]    [PING OK] GR | 101ms
2026-02-16 06:38:06 [INFO]    [PING OK] DE | 182ms
2026-02-16 06:38:06 [INFO]    [PING OK] DE | 175ms
2026-02-16 06:38:08 [INFO]    [PING OK] FR | 213ms
2026-02-16 06:38:09 [INFO]    [PING OK] ES | 827ms
2026-02-16 06:38:09 [INFO]    [PING OK] US | 143ms
2026-02-16 06:38:09 [INFO]    [PING OK] FR | 212ms
2026-02-16 06:38:10 [INFO]    [PING OK] US | 1008ms
2026-02-16 06:38:10 [INFO]    [PING OK] NL | 141ms
2026-02-16 06:38:11 [INFO]    [PING OK] RU | 90ms
2026-02-16 06:38:11 [INFO]    [PING OK] US | 647ms
2026-02-16 06:38:11 [INFO]    [PING OK] RU | 1087ms
2026-02-16 06:38:12 [INFO]    [PING OK] FI | 118ms
2026-02-16 06:38:12 [INFO]    [PING OK] NL | 161ms
2026-02-16 06:38:12 [INFO]    [PING OK] RU | 333ms
2026-02-16 06:38:13 [INFO]    [PING OK] RU | 163ms
2026-02-16 06:38:13 [INFO]    [PING OK] PL | 152ms
2026-02-16 06:38:13 [INFO]    [PING OK] DE | 624ms
2026-02-16 06:38:13 [INFO]    [PING OK] CA | 437ms
2026-02-16 06:38:13 [INFO]    [PING OK] RU | 220ms
2026-02-16 06:38:13 [INFO]    [PING OK] RU | 176ms
2026-02-16 06:38:14 [INFO]    [PING OK] RU | 127ms
2026-02-16 06:38:14 [INFO]    [PING OK] RU | 327ms
2026-02-16 06:38:14 [INFO]    [PING OK] NL | 201ms
2026-02-16 06:38:14 [INFO]    [PING OK] CH | 222ms
2026-02-16 06:38:14 [INFO]    [PING OK] RU | 358ms
2026-02-16 06:38:14 [INFO]    [PING OK] RU | 293ms
2026-02-16 06:38:14 [INFO]    [PING OK] RU | 218ms
2026-02-16 06:38:15 [INFO]    [PING OK] RU | 69ms
2026-02-16 06:38:15 [INFO]    [PING OK] PL | 150ms
2026-02-16 06:38:15 [INFO]    [PING OK] NL | 169ms
2026-02-16 06:38:15 [INFO]    [PING OK] RU | 123ms
2026-02-16 06:38:15 [INFO]    [PING OK] RU | 250ms
2026-02-16 06:38:16 [INFO]    [PING OK] RU | 251ms
2026-02-16 06:38:16 [INFO]    [PING OK] NL | 181ms
2026-02-16 06:38:16 [INFO]    [PING OK] RU | 488ms
2026-02-16 06:38:16 [INFO]    [PING OK] US | 537ms
2026-02-16 06:38:16 [INFO]    [PING OK] RU | 197ms
2026-02-16 06:38:16 [INFO]    [PING OK] RU | 192ms
2026-02-16 06:38:16 [INFO]    [PING OK] RU | 243ms
2026-02-16 06:38:16 [INFO]    [PING OK] PL | 170ms
2026-02-16 06:38:16 [INFO]    [PING OK] RU | 124ms
2026-02-16 06:38:17 [INFO]    [PING OK] RU | 3748ms
2026-02-16 06:38:17 [INFO]    [PING OK] US | 419ms
2026-02-16 06:38:17 [INFO]    [PING OK] LV | 137ms
2026-02-16 06:38:17 [INFO]    [PING OK] RU | 176ms
2026-02-16 06:38:17 [INFO]    [PING OK] RU | 175ms
2026-02-16 06:38:17 [INFO]    [PING OK] RU | 258ms
2026-02-16 06:38:17 [INFO]    [PING OK] RU | 1463ms
2026-02-16 06:38:18 [INFO]    [PING OK] RU | 317ms
2026-02-16 06:38:18 [INFO]    [PING OK] RU | 233ms
2026-02-16 06:38:18 [INFO]    [PING OK] NL | 1311ms
2026-02-16 06:38:18 [INFO]    [PING OK] RU | 2459ms
2026-02-16 06:38:18 [INFO]    [PING OK] RU | 115ms
2026-02-16 06:38:18 [INFO]    [PING OK] US | 434ms
2026-02-16 06:38:18 [INFO]    [PING OK] RU | 258ms
2026-02-16 06:38:18 [INFO]    [PING OK] RU | 359ms
2026-02-16 06:38:19 [INFO]    [PING OK] RU | 2187ms
2026-02-16 06:38:19 [INFO]    [PING OK] RU | 208ms
2026-02-16 06:38:19 [INFO]    [PING OK] IT | 493ms
2026-02-16 06:38:19 [INFO]    [PING OK] RU | 253ms
2026-02-16 06:38:19 [INFO]    [PING OK] RU | 2190ms
2026-02-16 06:38:19 [INFO]    [PING OK] RU | 1974ms
2026-02-16 06:38:19 [INFO]    [PING OK] RU | 124ms
2026-02-16 06:38:19 [INFO]    [PING OK] RU | 441ms
2026-02-16 06:38:20 [INFO]    [PING OK] RU | 125ms
2026-02-16 06:38:20 [INFO]    [PING OK] RU | 598ms
2026-02-16 06:38:20 [INFO]    [PING OK] RU | 266ms
2026-02-16 06:38:20 [INFO]    [PING OK] RU | 229ms
2026-02-16 06:38:20 [INFO]    [PING OK] US | 369ms
2026-02-16 06:38:20 [INFO]    [PING OK] RU | 1299ms
2026-02-16 06:38:20 [INFO]    [PING OK] RU | 2249ms
2026-02-16 06:38:21 [INFO]    [PING OK] NL | 217ms
2026-02-16 06:38:21 [INFO]    [PING OK] RU | 204ms
2026-02-16 06:38:21 [INFO]    [PING OK] RU | 1244ms
2026-02-16 06:38:21 [INFO]    [PING OK] IE | 191ms
2026-02-16 06:38:22 [INFO]    [PING OK] RU | 3425ms
2026-02-16 06:38:22 [INFO]    [PING OK] RU | 294ms
2026-02-16 06:38:22 [INFO]    [PING OK] RU | 54ms
2026-02-16 06:38:22 [INFO]    [PING OK] RU | 87ms
2026-02-16 06:38:23 [INFO]    [PING OK] RU | 297ms
2026-02-16 06:38:23 [INFO]    [PING OK] RU | 246ms
2026-02-16 06:38:23 [INFO]    [PING OK] RU | 4007ms
2026-02-16 06:38:23 [INFO]    [PING OK] RU | 215ms
2026-02-16 06:38:23 [INFO]    [PING OK] RU | 269ms
2026-02-16 06:38:23 [INFO]    [PING OK] RU | 505ms
2026-02-16 06:38:23 [INFO]    [PING OK] US | 1631ms
2026-02-16 06:38:23 [INFO]    [PING OK] RU | 228ms
2026-02-16 06:38:24 [INFO]    [PING OK] RU | 322ms
2026-02-16 06:38:24 [INFO]    [PING OK] RU | 395ms
2026-02-16 06:38:24 [INFO]    [PING OK] RU | 275ms
2026-02-16 06:38:24 [INFO]    [PING OK] RU | 480ms
2026-02-16 06:38:25 [INFO]    [PING OK] RU | 714ms
2026-02-16 06:38:25 [INFO]    [PING OK] RU | 232ms
2026-02-16 06:38:25 [INFO]    [PING OK] RU | 4594ms
2026-02-16 06:38:25 [INFO]    [PING OK] RU | 267ms
2026-02-16 06:38:25 [INFO]    [PING OK] RU | 251ms
2026-02-16 06:38:25 [INFO]    [PING OK] RU | 185ms
2026-02-16 06:38:26 [INFO]    [PING OK] RU | 185ms
2026-02-16 06:38:26 [INFO]    [PING OK] RU | 193ms
2026-02-16 06:38:26 [INFO]    [PING OK] RU | 105ms
2026-02-16 06:38:26 [INFO]    [PING OK] RU | 195ms
2026-02-16 06:38:26 [INFO]    [PING OK] RU | 249ms
2026-02-16 06:38:26 [INFO]    [PING OK] RU | 79ms
2026-02-16 06:38:26 [INFO]    [PING OK] RU | 1167ms
2026-02-16 06:38:27 [INFO]    [PING OK] RU | 3053ms
2026-02-16 06:38:27 [INFO]    [PING OK] RU | 523ms
2026-02-16 06:38:27 [INFO]    [PING OK] GB | 3335ms
2026-02-16 06:38:27 [INFO]    [PING OK] CH | 190ms
2026-02-16 06:38:27 [INFO]    [PING OK] PL | 136ms
2026-02-16 06:38:27 [INFO]    [PING OK] FR | 529ms
2026-02-16 06:38:28 [INFO]    [PING OK] LV | 185ms
2026-02-16 06:38:28 [INFO]    [PING OK] MD | 174ms
2026-02-16 06:38:29 [INFO]    [PING OK] DE | 1457ms
2026-02-16 06:38:29 [INFO]    [PING OK] FI | 150ms
2026-02-16 06:38:29 [INFO]    [PING OK] NL | 905ms
2026-02-16 06:38:29 [INFO]    [PING OK] DE | 162ms
2026-02-16 06:38:30 [INFO]    [PING OK] DE | 163ms
2026-02-16 06:38:30 [INFO]    [PING OK] SG | 419ms
2026-02-16 06:38:30 [INFO]    [PING OK] DE | 521ms
2026-02-16 06:38:31 [INFO]    [PING OK] MD | 397ms
2026-02-16 06:38:31 [INFO]    [PING OK] RU | 4461ms
2026-02-16 06:38:31 [INFO]    [PING OK] DE | 523ms
2026-02-16 06:38:31 [INFO]    [PING OK] TR | 1080ms
2026-02-16 06:38:32 [INFO]    [PING OK] GB | 161ms
2026-02-16 06:38:32 [INFO]    [PING OK] NL | 463ms
2026-02-16 06:38:32 [INFO]    [PING OK] NL | 185ms
2026-02-16 06:38:33 [INFO]    [PING OK] DE | 674ms
2026-02-16 06:38:33 [INFO]    [PING OK] TR | 455ms
2026-02-16 06:38:33 [INFO]    [PING OK] GB | 430ms
2026-02-16 06:38:33 [INFO]    [PING OK] GB | 557ms
2026-02-16 06:38:33 [INFO]    [PING OK] NL | 143ms
2026-02-16 06:38:34 [INFO]    [PING OK] JP | 438ms
2026-02-16 06:38:34 [INFO]    [PING OK] TR | 460ms
2026-02-16 06:38:34 [INFO]    [PING OK] US | 471ms
2026-02-16 06:38:34 [INFO]    [PING OK] DE | 729ms
2026-02-16 06:38:35 [INFO]    [PING OK] RU | 2998ms
2026-02-16 06:38:38 [INFO] 🏎️ ЭТАП 2: Глубокий замер скорости для ТОП-10 серверов...
2026-02-16 06:38:44 [INFO]    🏆 GR | Пинг: 101ms | Скорость: 9.73 Mbps ⚡⚡
2026-02-16 06:38:44 [INFO]    🏆 FI | Пинг: 118ms | Скорость: 9.85 Mbps ⚡⚡
2026-02-16 06:38:44 [INFO]    🏆 DE | Пинг: 130ms | Скорость: 9.67 Mbps ⚡⚡
2026-02-16 06:38:44 [INFO]    🏆 PL | Пинг: 136ms | Скорость: 9.85 Mbps ⚡⚡
2026-02-16 06:38:44 [INFO]    🏆 LV | Пинг: 137ms | Скорость: 9.72 Mbps ⚡⚡
2026-02-16 06:38:44 [INFO]    🏆 NL | Пинг: 141ms | Скорость: 9.85 Mbps ⚡⚡
2026-02-16 06:38:44 [INFO]    🏆 US | Пинг: 143ms | Скорость: 4.36 Mbps ⚡⚡
2026-02-16 06:38:44 [INFO]    🏆 NL | Пинг: 143ms | Скорость: 5.59 Mbps ⚡⚡
2026-02-16 06:38:44 [INFO]    🏆 PL | Пинг: 150ms | Скорость: 10.0 Mbps ⚡⚡
2026-02-16 06:38:44 [INFO]    🏆 RU | Пинг: 54ms | Скорость: 0.0 Mbps 
2026-02-16 06:38:44 [INFO] 🇷🇺 Добавлен RU сервер: 95.163.211.158
2026-02-16 06:38:44 [INFO] 📊 Итого в подписке сохранено: 10 серверов
2026-02-16 06:38:44 [INFO] 💾 Файл успешно сохранен: FL1PVPN
