2026-02-15 00:31:54 [INFO] 🚀 START: Smart VLESS Selector (Target: 10, Strict Mode)
2026-02-15 00:31:54 [INFO] 🌐 Загрузка источников...
2026-02-15 00:31:56 [INFO] 🔍 Уникальных конфигов собрано: 329
2026-02-15 00:31:56 [INFO] ⚡ Тестирование серверов (Workers: 25)...
2026-02-15 00:32:00 [INFO]    ✅ RU | Пинг: 158ms | Скорость: 1.2 Mbps 
2026-02-15 00:32:01 [INFO]    ✅ FI | Пинг: 348ms | Скорость: 1.17 Mbps 
2026-02-15 00:32:02 [INFO]    ✅ DE | Пинг: 157ms | Скорость: 1.85 Mbps 
2026-02-15 00:32:04 [INFO]    ✅ NL | Пинг: 178ms | Скорость: 3.19 Mbps 
2026-02-15 00:32:04 [INFO]    ✅ NL | Пинг: 161ms | Скорость: 3.35 Mbps 
2026-02-15 00:32:05 [INFO]    ✅ NL | Пинг: 185ms | Скорость: 3.1 Mbps 
2026-02-15 00:32:05 [INFO]    ✅ DE | Пинг: 141ms | Скорость: 3.38 Mbps 
2026-02-15 00:32:06 [INFO]    ✅ DE | Пинг: 155ms | Скорость: 3.2 Mbps 
2026-02-15 00:32:06 [INFO]    ✅ DE | Пинг: 173ms | Скорость: 3.22 Mbps 
2026-02-15 00:32:08 [INFO]    ✅ DE | Пинг: 168ms | Скорость: 2.57 Mbps 
2026-02-15 00:32:08 [INFO]    ✅ NL | Пинг: 254ms | Скорость: 2.46 Mbps 
2026-02-15 00:32:09 [INFO]    ✅ AE | Пинг: 1685ms | Скорость: 1.6 Mbps 
2026-02-15 00:32:10 [INFO]    ✅ NL | Пинг: 195ms | Скорость: 1.7 Mbps 
2026-02-15 00:32:11 [INFO]    ✅ LT | Пинг: 108ms | Скорость: 2.14 Mbps 
2026-02-15 00:32:11 [INFO]    ✅ DE | Пинг: 203ms | Скорость: 2.53 Mbps 
2026-02-15 00:32:12 [INFO]    ✅ CH | Пинг: 169ms | Скорость: 2.42 Mbps 
2026-02-15 00:32:14 [INFO]    ✅ NL | Пинг: 283ms | Скорость: 2.05 Mbps 
2026-02-15 00:32:17 [INFO]    ✅ RU | Пинг: 113ms | Скорость: 1.97 Mbps 
2026-02-15 00:32:17 [INFO]    ✅ RU | Пинг: 238ms | Скорость: 1.81 Mbps 
2026-02-15 00:32:17 [INFO]    ✅ RU | Пинг: 72ms | Скорость: 2.13 Mbps 
2026-02-15 00:32:18 [INFO]    ✅ RU | Пинг: 204ms | Скорость: 1.86 Mbps 
2026-02-15 00:32:18 [INFO]    ✅ RU | Пинг: 103ms | Скорость: 2.7 Mbps 
2026-02-15 00:32:18 [INFO]    ✅ RU | Пинг: 123ms | Скорость: 2.6 Mbps 
2026-02-15 00:32:18 [INFO]    ✅ RU | Пинг: 195ms | Скорость: 0.0 Mbps 
2026-02-15 00:32:19 [INFO]    ✅ RU | Пинг: 194ms | Скорость: 2.1 Mbps 
2026-02-15 00:32:20 [INFO]    ✅ RU | Пинг: 191ms | Скорость: 1.7 Mbps 
2026-02-15 00:32:20 [INFO]    ✅ RU | Пинг: 303ms | Скорость: 1.9 Mbps 
2026-02-15 00:32:20 [INFO]    ✅ HU | Пинг: 374ms | Скорость: 1.81 Mbps 
2026-02-15 00:32:21 [INFO]    ✅ RU | Пинг: 218ms | Скорость: 1.61 Mbps 
2026-02-15 00:32:21 [INFO]    ✅ RU | Пинг: 75ms | Скорость: 1.65 Mbps 
2026-02-15 00:32:21 [INFO]    ✅ RU | Пинг: 198ms | Скорость: 1.57 Mbps 
2026-02-15 00:32:21 [INFO]    ✅ RU | Пинг: 217ms | Скорость: 1.6 Mbps 
2026-02-15 00:32:22 [INFO]    ✅ RU | Пинг: 327ms | Скорость: 1.47 Mbps 
2026-02-15 00:32:22 [INFO]    ✅ RU | Пинг: 254ms | Скорость: 1.46 Mbps 
2026-02-15 00:32:22 [INFO]    ✅ RU | Пинг: 69ms | Скорость: 1.44 Mbps 
2026-02-15 00:32:22 [INFO]    ✅ RU | Пинг: 308ms | Скорость: 1.37 Mbps 
2026-02-15 00:32:22 [INFO]    ✅ RU | Пинг: 221ms | Скорость: 0.0 Mbps 
2026-02-15 00:32:23 [INFO]    ✅ RU | Пинг: 212ms | Скорость: 1.28 Mbps 
2026-02-15 00:32:23 [INFO]    ✅ RU | Пинг: 405ms | Скорость: 1.25 Mbps 
2026-02-15 00:32:23 [INFO]    ✅ RU | Пинг: 282ms | Скорость: 1.31 Mbps 
2026-02-15 00:32:24 [INFO]    ✅ RU | Пинг: 99ms | Скорость: 1.24 Mbps 
2026-02-15 00:32:25 [INFO]    ✅ RU | Пинг: 218ms | Скорость: 1.22 Mbps 
2026-02-15 00:32:25 [INFO]    ✅ RU | Пинг: 195ms | Скорость: 1.21 Mbps 
2026-02-15 00:32:25 [INFO]    ✅ RU | Пинг: 290ms | Скорость: 1.25 Mbps 
2026-02-15 00:32:25 [INFO]    ✅ RU | Пинг: 206ms | Скорость: 1.23 Mbps 
2026-02-15 00:32:25 [INFO]    ✅ HU | Пинг: 365ms | Скорость: 1.2 Mbps 
2026-02-15 00:32:25 [INFO]    ✅ RU | Пинг: 267ms | Скорость: 1.38 Mbps 
2026-02-15 00:32:25 [INFO]    ✅ FI | Пинг: 208ms | Скорость: 1.41 Mbps 
2026-02-15 00:32:25 [INFO]    ✅ RU | Пинг: 462ms | Скорость: 1.38 Mbps 
2026-02-15 00:32:25 [INFO]    ✅ RU | Пинг: 330ms | Скорость: 1.36 Mbps 
2026-02-15 00:32:25 [INFO]    ✅ RU | Пинг: 290ms | Скорость: 1.5 Mbps 
2026-02-15 00:32:26 [INFO]    ✅ RU | Пинг: 354ms | Скорость: 1.32 Mbps 
2026-02-15 00:32:26 [INFO]    ✅ RU | Пинг: 189ms | Скорость: 1.5 Mbps 
2026-02-15 00:32:26 [INFO]    ✅ RU | Пинг: 298ms | Скорость: 1.39 Mbps 
2026-02-15 00:32:26 [INFO]    ✅ PL | Пинг: 289ms | Скорость: 1.36 Mbps 
2026-02-15 00:32:26 [INFO]    ✅ RU | Пинг: 134ms | Скорость: 1.49 Mbps 
2026-02-15 00:32:27 [INFO]    ✅ RU | Пинг: 256ms | Скорость: 1.16 Mbps 
2026-02-15 00:32:28 [INFO]    ✅ RU | Пинг: 245ms | Скорость: 1.28 Mbps 
2026-02-15 00:32:28 [INFO]    ✅ RU | Пинг: 305ms | Скорость: 1.24 Mbps 
2026-02-15 00:32:29 [INFO]    ✅ RU | Пинг: 142ms | Скорость: 1.18 Mbps 
2026-02-15 00:32:29 [INFO]    ✅ RU | Пинг: 220ms | Скорость: 1.22 Mbps 
2026-02-15 00:32:29 [INFO]    ✅ RU | Пинг: 281ms | Скорость: 0.0 Mbps 
2026-02-15 00:32:29 [INFO]    ✅ RU | Пинг: 102ms | Скорость: 1.17 Mbps 
2026-02-15 00:32:29 [INFO]    ✅ RU | Пинг: 229ms | Скорость: 1.17 Mbps 
2026-02-15 00:32:30 [INFO]    ✅ RU | Пинг: 276ms | Скорость: 1.18 Mbps 
2026-02-15 00:32:30 [INFO]    ✅ RU | Пинг: 298ms | Скорость: 1.2 Mbps 
2026-02-15 00:32:30 [INFO]    ✅ RU | Пинг: 240ms | Скорость: 1.23 Mbps 
2026-02-15 00:32:30 [INFO]    ✅ RU | Пинг: 153ms | Скорость: 1.23 Mbps 
2026-02-15 00:32:30 [INFO]    ✅ RU | Пинг: 136ms | Скорость: 1.22 Mbps 
2026-02-15 00:32:30 [INFO]    ✅ RU | Пинг: 58ms | Скорость: 1.25 Mbps 
2026-02-15 00:32:31 [INFO]    ✅ RU | Пинг: 217ms | Скорость: 1.19 Mbps 
2026-02-15 00:32:31 [INFO]    ✅ RU | Пинг: 265ms | Скорость: 1.33 Mbps 
2026-02-15 00:32:31 [INFO]    ✅ RU | Пинг: 115ms | Скорость: 1.17 Mbps 
2026-02-15 00:32:31 [INFO]    ✅ FI | Пинг: 276ms | Скорость: 1.39 Mbps 
2026-02-15 00:32:31 [INFO]    ✅ HU | Пинг: 383ms | Скорость: 1.28 Mbps 
2026-02-15 00:32:31 [INFO]    ✅ RU | Пинг: 181ms | Скорость: 1.41 Mbps 
2026-02-15 00:32:31 [INFO]    ✅ GB | Пинг: 461ms | Скорость: 1.41 Mbps 
2026-02-15 00:32:31 [INFO]    ✅ PL | Пинг: 329ms | Скорость: 1.3 Mbps 
2026-02-15 00:32:32 [INFO]    ✅ RU | Пинг: 249ms | Скорость: 1.41 Mbps 
2026-02-15 00:32:32 [INFO]    ✅ RU | Пинг: 242ms | Скорость: 1.43 Mbps 
2026-02-15 00:32:32 [INFO]    ✅ RU | Пинг: 167ms | Скорость: 1.35 Mbps 
2026-02-15 00:32:33 [INFO]    ✅ RU | Пинг: 454ms | Скорость: 1.1 Mbps 
2026-02-15 00:32:33 [INFO]    ✅ RU | Пинг: 388ms | Скорость: 1.46 Mbps 
2026-02-15 00:32:34 [INFO]    ✅ RU | Пинг: 246ms | Скорость: 1.33 Mbps 
2026-02-15 00:32:34 [INFO]    ✅ RU | Пинг: 287ms | Скорость: 1.36 Mbps 
2026-02-15 00:32:34 [INFO]    ✅ RU | Пинг: 229ms | Скорость: 1.09 Mbps 
2026-02-15 00:32:34 [INFO]    ✅ RU | Пинг: 83ms | Скорость: 1.19 Mbps 
2026-02-15 00:32:34 [INFO]    ✅ RU | Пинг: 309ms | Скорость: 1.38 Mbps 
2026-02-15 00:32:34 [INFO]    ✅ RU | Пинг: 283ms | Скорость: 1.37 Mbps 
2026-02-15 00:32:34 [INFO]    ✅ RU | Пинг: 401ms | Скорость: 1.25 Mbps 
2026-02-15 00:32:34 [INFO]    ✅ RU | Пинг: 198ms | Скорость: 1.6 Mbps 
2026-02-15 00:32:34 [INFO]    ✅ RU | Пинг: 244ms | Скорость: 1.74 Mbps 
2026-02-15 00:32:34 [INFO]    ✅ RU | Пинг: 224ms | Скорость: 1.92 Mbps 
2026-02-15 00:32:34 [INFO]    ✅ RU | Пинг: 339ms | Скорость: 1.79 Mbps 
2026-02-15 00:32:35 [INFO]    ✅ RU | Пинг: 317ms | Скорость: 1.56 Mbps 
2026-02-15 00:32:35 [INFO]    ✅ RU | Пинг: 293ms | Скорость: 1.78 Mbps 
2026-02-15 00:32:36 [INFO]    ✅ RU | Пинг: 345ms | Скорость: 1.41 Mbps 
2026-02-15 00:32:36 [INFO]    ✅ RU | Пинг: 263ms | Скорость: 1.86 Mbps 
2026-02-15 00:32:36 [INFO]    ✅ NL | Пинг: 240ms | Скорость: 1.94 Mbps 
2026-02-15 00:32:36 [INFO]    ✅ RU | Пинг: 963ms | Скорость: 1.55 Mbps 
2026-02-15 00:32:37 [INFO]    ✅ RU | Пинг: 1850ms | Скорость: 1.52 Mbps 
2026-02-15 00:32:37 [INFO]    ✅ RU | Пинг: 31ms | Скорость: 1.76 Mbps 
2026-02-15 00:32:37 [INFO]    ✅ RU | Пинг: 205ms | Скорость: 1.75 Mbps 
2026-02-15 00:32:37 [INFO]    ✅ RU | Пинг: 223ms | Скорость: 1.67 Mbps 
2026-02-15 00:32:37 [INFO]    ✅ GB | Пинг: 318ms | Скорость: 1.71 Mbps 
2026-02-15 00:32:38 [INFO]    ✅ RU | Пинг: 161ms | Скорость: 0.0 Mbps 
2026-02-15 00:32:38 [INFO]    ✅ RU | Пинг: 259ms | Скорость: 0.0 Mbps 
2026-02-15 00:32:38 [INFO]    ✅ RU | Пинг: 259ms | Скорость: 1.38 Mbps 
2026-02-15 00:32:38 [INFO]    ✅ GB | Пинг: 275ms | Скорость: 1.44 Mbps 
2026-02-15 00:32:39 [INFO]    ✅ LV | Пинг: 377ms | Скорость: 1.32 Mbps 
2026-02-15 00:32:41 [INFO]    ✅ DE | Пинг: 227ms | Скорость: 1.7 Mbps 
2026-02-15 00:32:41 [INFO]    ✅ NL | Пинг: 144ms | Скорость: 1.69 Mbps 
2026-02-15 00:32:41 [INFO]    ✅ NL | Пинг: 182ms | Скорость: 1.73 Mbps 
2026-02-15 00:32:42 [INFO]    ✅ RU | Пинг: 193ms | Скорость: 1.69 Mbps 
2026-02-15 00:32:42 [INFO]    ✅ SG | Пинг: 1110ms | Скорость: 2.32 Mbps 
2026-02-15 00:32:43 [INFO]    ✅ DE | Пинг: 576ms | Скорость: 2.18 Mbps 
2026-02-15 00:32:43 [INFO]    ✅ DE | Пинг: 515ms | Скорость: 2.36 Mbps 
2026-02-15 00:32:44 [INFO]    ✅ IQ | Пинг: 202ms | Скорость: 3.63 Mbps 
2026-02-15 00:32:44 [INFO]    ✅ DE | Пинг: 136ms | Скорость: 4.3 Mbps 
2026-02-15 00:32:44 [INFO]    ✅ GB | Пинг: 520ms | Скорость: 2.67 Mbps 
2026-02-15 00:32:45 [INFO]    ✅ DE | Пинг: 196ms | Скорость: 3.85 Mbps 
2026-02-15 00:32:46 [INFO]    ✅ NL | Пинг: 199ms | Скорость: 0.0 Mbps 
2026-02-15 00:32:46 [INFO]    ✅ SC | Пинг: 1149ms | Скорость: 1.8 Mbps 
2026-02-15 00:32:46 [INFO]    ✅ FI | Пинг: 190ms | Скорость: 2.88 Mbps 
2026-02-15 00:32:47 [INFO]    ✅ NL | Пинг: 163ms | Скорость: 2.41 Mbps 
2026-02-15 00:32:47 [INFO]    ✅ RU | Пинг: 740ms | Скорость: 2.69 Mbps 
2026-02-15 00:32:48 [INFO]    ✅ MD | Пинг: 141ms | Скорость: 3.09 Mbps 
2026-02-15 00:32:48 [INFO]    ✅ GB | Пинг: 249ms | Скорость: 2.87 Mbps 
2026-02-15 00:32:48 [INFO]    ✅ AE | Пинг: 916ms | Скорость: 1.6 Mbps 
2026-02-15 00:32:48 [INFO]    ✅ DE | Пинг: 289ms | Скорость: 3.41 Mbps 
2026-02-15 00:32:48 [INFO]    ✅ GB | Пинг: 537ms | Скорость: 2.07 Mbps 
2026-02-15 00:32:48 [INFO]    ✅ TR | Пинг: 609ms | Скорость: 3.18 Mbps 
2026-02-15 00:32:49 [INFO]    ✅ MY | Пинг: 890ms | Скорость: 0.0 Mbps 
2026-02-15 00:32:50 [INFO] 🏆 Добавлен RU сервер: 85.192.32.30
2026-02-15 00:32:50 [INFO] 📊 Итого в подписке сохранено: 10 серверов
2026-02-15 00:32:50 [INFO] 💾 Файл успешно сохранен: FL1PVPN
