2026-02-26 20:40:06 [INFO] 🚀 START: Smart Selector (Target: 10, ONLY FOREIGN)
2026-02-26 20:40:06 [INFO] 🌐 Загрузка источников (VLESS + VMess)...
2026-02-26 20:40:07 [INFO] 🔍 Уникальных конфигов собрано: 221
2026-02-26 20:40:07 [INFO] ⚡ ЭТАП 1: Замер Пинга и Геолокации. Workers: 40...
2026-02-26 20:40:13 [INFO]    [PING OK] DE | VLESS | 4949ms
2026-02-26 20:40:13 [INFO]    [PING OK] FR | VLESS | 4672ms
2026-02-26 20:40:13 [INFO]    [PING OK] ES | VLESS | 5146ms
2026-02-26 20:40:14 [INFO]    [PING OK] PL | VLESS | 5032ms
2026-02-26 20:40:14 [INFO]    [PING OK] FI | VLESS | 4733ms
2026-02-26 20:40:14 [INFO]    [PING OK] DE | VLESS | 5268ms
2026-02-26 20:40:14 [INFO]    [PING OK] TR | VLESS | 5077ms
2026-02-26 20:40:14 [INFO]    [PING OK] DE | VLESS | 5169ms
2026-02-26 20:40:14 [INFO]    [PING OK] US | VLESS | 4878ms
2026-02-26 20:40:14 [INFO]    [PING OK] IT | VLESS | 4709ms
2026-02-26 20:40:14 [INFO]    [PING OK] LV | VLESS | 4609ms
2026-02-26 20:40:15 [INFO]    [PING OK] IT | VLESS | 4454ms
2026-02-26 20:40:15 [INFO]    [PING OK] DE | VLESS | 4624ms
2026-02-26 20:40:15 [INFO]    [PING OK] NL | VLESS | 5825ms
2026-02-26 20:40:15 [INFO]    [PING OK] DE | VLESS | 4316ms
2026-02-26 20:40:15 [INFO]    [PING OK] TR | VLESS | 4544ms
2026-02-26 20:40:16 [INFO]    [PING OK] FI | VLESS | 6658ms
2026-02-26 20:40:16 [INFO]    [PING OK] US | VLESS | 7902ms
2026-02-26 20:40:18 [INFO]    [PING OK] FI | VLESS | 3964ms
2026-02-26 20:40:18 [INFO]    [PING OK] NL | VLESS | 4225ms
2026-02-26 20:40:18 [INFO]    [PING OK] FR | VLESS | 4320ms
2026-02-26 20:40:18 [INFO]    [PING OK] DE | VLESS | 3779ms
2026-02-26 20:40:18 [INFO]    [PING OK] DE | VLESS | 4020ms
2026-02-26 20:40:18 [INFO]    [PING OK] NL | VLESS | 4187ms
2026-02-26 20:40:19 [INFO]    [PING OK] US | VLESS | 3697ms
2026-02-26 20:40:19 [INFO]    [PING OK] FR | VLESS | 4014ms
2026-02-26 20:40:19 [INFO]    [PING OK] TR | VLESS | 3796ms
2026-02-26 20:40:20 [INFO]    [PING OK] HU | VLESS | 4043ms
2026-02-26 20:40:20 [INFO]    [PING OK] ES | VLESS | 3946ms
2026-02-26 20:40:20 [INFO]    [PING OK] US | VLESS | 4396ms
2026-02-26 20:40:20 [INFO]    [PING OK] DE | VLESS | 3541ms
2026-02-26 20:40:20 [INFO]    [PING OK] LT | VLESS | 4058ms
2026-02-26 20:40:20 [INFO]    [PING OK] DE | VLESS | 3887ms
2026-02-26 20:40:20 [INFO]    [PING OK] DE | VLESS | 3848ms
2026-02-26 20:40:20 [INFO]    [PING OK] DE | VLESS | 3991ms
2026-02-26 20:40:21 [INFO]    [PING OK] US | VLESS | 3636ms
2026-02-26 20:40:22 [INFO]    [PING OK] DE | VLESS | 7347ms
2026-02-26 20:40:22 [INFO]    [PING OK] US | VLESS | 5084ms
2026-02-26 20:40:23 [INFO]    [PING OK] NL | VLESS | 4163ms
2026-02-26 20:40:23 [INFO]    [PING OK] DE | VLESS | 4226ms
2026-02-26 20:40:23 [INFO]    [PING OK] LT | VLESS | 4305ms
2026-02-26 20:40:23 [INFO]    [PING OK] DE | VLESS | 4225ms
2026-02-26 20:40:24 [INFO]    [PING OK] PL | VLESS | 4339ms
2026-02-26 20:40:24 [INFO]    [PING OK] ES | VLESS | 4235ms
2026-02-26 20:40:24 [INFO]    [PING OK] CA | VLESS | 4452ms
2026-02-26 20:40:24 [INFO]    [PING OK] DE | VLESS | 4265ms
2026-02-26 20:40:24 [INFO]    [PING OK] DE | VLESS | 6854ms
2026-02-26 20:40:24 [INFO]    [PING OK] HK | VLESS | 4602ms
2026-02-26 20:40:24 [INFO]    [PING OK] NL | VLESS | 4121ms
2026-02-26 20:40:24 [INFO]    [PING OK] FI | VLESS | 4615ms
2026-02-26 20:40:25 [INFO]    [PING OK] FI | VLESS | 4406ms
2026-02-26 20:40:25 [INFO]    [PING OK] TR | VLESS | 4358ms
2026-02-26 20:40:25 [INFO]    [PING OK] DE | VLESS | 4619ms
2026-02-26 20:40:25 [INFO]    [PING OK] FI | VLESS | 4419ms
2026-02-26 20:40:25 [INFO]    [PING OK] NL | VLESS | 4698ms
2026-02-26 20:40:25 [INFO]    [PING OK] US | VLESS | 4452ms
2026-02-26 20:40:25 [INFO]    [PING OK] FI | VLESS | 3818ms
2026-02-26 20:40:25 [INFO]    [PING OK] HK | VLESS | 4550ms
2026-02-26 20:40:25 [INFO]    [PING OK] US | VLESS | 4455ms
2026-02-26 20:40:29 [INFO]    [PING OK] PL | VLESS | 4655ms
2026-02-26 20:40:29 [INFO]    [PING OK] DE | VLESS | 4325ms
2026-02-26 20:40:30 [INFO]    [PING OK] DE | VLESS | 4490ms
2026-02-26 20:40:30 [INFO]    [PING OK] NL | VLESS | 6591ms
2026-02-26 20:40:30 [INFO]    [PING OK] TR | VLESS | 4734ms
2026-02-26 20:40:30 [INFO]    [PING OK] DE | VLESS | 4676ms
2026-02-26 20:40:30 [INFO]    [PING OK] SG | VLESS | 4770ms
2026-02-26 20:40:31 [INFO]    [PING OK] LV | VLESS | 3976ms
2026-02-26 20:40:32 [INFO]    [PING OK] DE | VLESS | 2967ms
2026-02-26 20:40:32 [INFO]    [PING OK] DE | VLESS | 1714ms
2026-02-26 20:40:32 [INFO]    [PING OK] SG | VLESS | 2514ms
2026-02-26 20:40:34 [INFO]    [PING OK] DE | VLESS | 3718ms
2026-02-26 20:40:34 [INFO]    [PING OK] US | VLESS | 5811ms
2026-02-26 20:40:37 [INFO] 🏎️ ЭТАП 2: Глубокий замер скорости для 40 иностранных кандидатов...
2026-02-26 20:40:41 [INFO]    🏆 DE | VLESS | Пинг: 3541ms | Скорость: 6.0 Mbps ⚡⚡
2026-02-26 20:40:41 [INFO]    🏆 DE | VLESS | Пинг: 3779ms | Скорость: 6.08 Mbps ⚡⚡
2026-02-26 20:40:41 [INFO]    🏆 DE | VLESS | Пинг: 3848ms | Скорость: 6.18 Mbps ⚡⚡
2026-02-26 20:40:41 [INFO]    🏆 DE | VLESS | Пинг: 3887ms | Скорость: 6.19 Mbps ⚡⚡
2026-02-26 20:40:41 [INFO]    🏆 ES | VLESS | Пинг: 3946ms | Скорость: 6.18 Mbps ⚡⚡
2026-02-26 20:40:41 [INFO]    🏆 DE | VLESS | Пинг: 1714ms | Скорость: 5.82 Mbps ⚡⚡
2026-02-26 20:40:41 [INFO]    🏆 SG | VLESS | Пинг: 2514ms | Скорость: 5.82 Mbps ⚡⚡
2026-02-26 20:40:41 [INFO]    🏆 US | VLESS | Пинг: 3697ms | Скорость: 5.91 Mbps ⚡⚡
2026-02-26 20:40:41 [INFO]    🏆 FI | VLESS | Пинг: 3964ms | Скорость: 6.19 Mbps ⚡⚡
2026-02-26 20:40:42 [INFO]    🏆 LV | VLESS | Пинг: 3976ms | Скорость: 4.57 Mbps ⚡⚡
2026-02-26 20:40:44 [INFO]    🏆 DE | VLESS | Пинг: 3718ms | Скорость: 0.73 Mbps 
2026-02-26 20:40:45 [INFO]    🏆 DE | VLESS | Пинг: 3991ms | Скорость: 6.9 Mbps ⚡⚡
2026-02-26 20:40:45 [INFO]    🏆 DE | VLESS | Пинг: 4226ms | Скорость: 7.61 Mbps ⚡⚡
2026-02-26 20:40:45 [INFO]    🏆 NL | VLESS | Пинг: 4163ms | Скорость: 6.95 Mbps ⚡⚡
2026-02-26 20:40:45 [INFO]    🏆 DE | VLESS | Пинг: 4225ms | Скорость: 7.23 Mbps ⚡⚡
2026-02-26 20:40:45 [INFO]    🏆 FR | VLESS | Пинг: 4014ms | Скорость: 5.98 Mbps ⚡⚡
2026-02-26 20:40:46 [INFO]    🏆 DE | VLESS | Пинг: 4265ms | Скорость: 13.33 Mbps ⚡⚡
2026-02-26 20:40:46 [INFO]    🏆 ES | VLESS | Пинг: 4235ms | Скорость: 6.4 Mbps ⚡⚡
2026-02-26 20:40:47 [INFO]    🏆 DE | VLESS | Пинг: 4316ms | Скорость: 11.05 Mbps ⚡⚡
2026-02-26 20:40:47 [INFO]    🏆 FR | VLESS | Пинг: 4320ms | Скорость: 9.87 Mbps ⚡⚡
2026-02-26 20:40:48 [INFO]    🏆 NL | VLESS | Пинг: 4121ms | Скорость: 0.99 Mbps 
2026-02-26 20:40:48 [INFO]    🏆 LT | VLESS | Пинг: 4058ms | Скорость: 1.21 Mbps 
2026-02-26 20:40:48 [INFO]    🏆 NL | VLESS | Пинг: 4187ms | Скорость: 2.55 Mbps ⚡
2026-02-26 20:40:49 [INFO]    🏆 CA | VLESS | Пинг: 4452ms | Скорость: 9.97 Mbps ⚡⚡
2026-02-26 20:40:51 [INFO]    🏆 LT | VLESS | Пинг: 4305ms | Скорость: 1.82 Mbps ⚡
2026-02-26 20:40:51 [INFO]    🏆 TR | VLESS | Пинг: 4358ms | Скорость: 3.71 Mbps ⚡⚡
2026-02-26 20:40:51 [INFO]    🏆 US | VLESS | Пинг: 4396ms | Скорость: 3.75 Mbps ⚡⚡
2026-02-26 20:40:52 [INFO]    🏆 DE | VLESS | Пинг: 4325ms | Скорость: 1.18 Mbps 
2026-02-26 20:40:52 [INFO]    🏆 PL | VLESS | Пинг: 4339ms | Скорость: 2.35 Mbps ⚡
2026-02-26 20:40:53 [INFO]    🏆 FI | VLESS | Пинг: 4419ms | Скорость: 2.28 Mbps ⚡
2026-02-26 20:40:53 [INFO]    🏆 US | VLESS | Пинг: 4452ms | Скорость: 0.87 Mbps 
2026-02-26 20:40:54 [INFO]    🏆 IT | VLESS | Пинг: 4454ms | Скорость: 1.03 Mbps 
2026-02-26 20:40:54 [INFO] 📊 Итого в подписке сохранено иностранных серверов: 10
2026-02-26 20:40:54 [INFO] 💾 Файл успешно сохранен: FL1PVPN
