2026-02-22 11:20:05 [INFO] 🚀 START: Smart Selector (Target: 10, ONLY FOREIGN)
2026-02-22 11:20:05 [INFO] 🌐 Загрузка источников (VLESS + VMess)...
2026-02-22 11:20:08 [INFO] 🔍 Уникальных конфигов собрано: 258
2026-02-22 11:20:08 [INFO] ⚡ ЭТАП 1: Замер Пинга и Геолокации. Workers: 40...
2026-02-22 11:20:14 [INFO]    [PING OK] HU | VLESS | 4977ms
2026-02-22 11:20:14 [INFO]    [PING OK] CZ | VLESS | 4661ms
2026-02-22 11:20:14 [INFO]    [PING OK] DE | VLESS | 5135ms
2026-02-22 11:20:15 [INFO]    [PING OK] DE | VLESS | 6287ms
2026-02-22 11:20:16 [INFO]    [PING OK] DE | VLESS | 5919ms
2026-02-22 11:20:16 [INFO]    [PING OK] CA | VLESS | 5192ms
2026-02-22 11:20:16 [INFO]    [PING OK] DE | VLESS | 7380ms
2026-02-22 11:20:17 [INFO]    [PING OK] DE | VLESS | 6296ms
2026-02-22 11:20:18 [INFO]    [PING OK] IT | VLESS | 2953ms
2026-02-22 11:20:18 [INFO]    [PING OK] PL | VLESS | 2940ms
2026-02-22 11:20:18 [INFO]    [PING OK] PL | VLESS | 2742ms
2026-02-22 11:20:18 [INFO]    [PING OK] DE | VLESS | 2826ms
2026-02-22 11:20:18 [INFO]    [PING OK] DE | VLESS | 3397ms
2026-02-22 11:20:18 [INFO]    [PING OK] PL | VLESS | 2595ms
2026-02-22 11:20:19 [INFO]    [PING OK] DE | VLESS | 9219ms
2026-02-22 11:20:19 [INFO]    [PING OK] PL | VLESS | 3225ms
2026-02-22 11:20:19 [INFO]    [PING OK] PL | VLESS | 2669ms
2026-02-22 11:20:19 [INFO]    [PING OK] NL | VLESS | 2662ms
2026-02-22 11:20:20 [INFO]    [PING OK] NL | VLESS | 2957ms
2026-02-22 11:20:20 [INFO]    [PING OK] TR | VLESS | 3030ms
2026-02-22 11:20:21 [INFO]    [PING OK] PL | VLESS | 6045ms
2026-02-22 11:20:21 [INFO]    [PING OK] PL | VLESS | 3650ms
2026-02-22 11:20:21 [INFO]    [PING OK] PL | VLESS | 5692ms
2026-02-22 11:20:21 [INFO]    [PING OK] PL | VLESS | 3733ms
2026-02-22 11:20:21 [INFO]    [PING OK] PL | VLESS | 3409ms
2026-02-22 11:20:22 [INFO]    [PING OK] HU | VLESS | 3569ms
2026-02-22 11:20:22 [INFO]    [PING OK] PL | VLESS | 3869ms
2026-02-22 11:20:22 [INFO]    [PING OK] HU | VLESS | 3879ms
2026-02-22 11:20:22 [INFO]    [PING OK] IT | VLESS | 3780ms
2026-02-22 11:20:23 [INFO]    [PING OK] HU | VLESS | 3999ms
2026-02-22 11:20:23 [INFO]    [PING OK] CA | VLESS | 4217ms
2026-02-22 11:20:25 [INFO]    [PING OK] TR | VLESS | 4753ms
2026-02-22 11:20:25 [INFO]    [PING OK] NL | VLESS | 4628ms
2026-02-22 11:20:25 [INFO]    [PING OK] HU | VLESS | 4722ms
2026-02-22 11:20:25 [INFO]    [PING OK] PL | VLESS | 5317ms
2026-02-22 11:20:25 [INFO]    [PING OK] EE | VLESS | 4863ms
2026-02-22 11:20:25 [INFO]    [PING OK] NL | VLESS | 4697ms
2026-02-22 11:20:25 [INFO]    [PING OK] HU | VLESS | 4557ms
2026-02-22 11:20:26 [INFO]    [PING OK] IT | VLESS | 5595ms
2026-02-22 11:20:26 [INFO]    [PING OK] HU | VLESS | 4670ms
2026-02-22 11:20:26 [INFO]    [PING OK] TR | VLESS | 4950ms
2026-02-22 11:20:26 [INFO]    [PING OK] NL | VLESS | 4846ms
2026-02-22 11:20:27 [INFO]    [PING OK] NL | VLESS | 5053ms
2026-02-22 11:20:28 [INFO]    [PING OK] CA | VLESS | 4810ms
2026-02-22 11:20:28 [INFO]    [PING OK] CA | VLESS | 5287ms
2026-02-22 11:20:28 [INFO]    [PING OK] CA | VLESS | 5124ms
2026-02-22 11:20:28 [INFO]    [PING OK] US | VLESS | 4864ms
2026-02-22 11:20:29 [INFO]    [PING OK] PL | VLESS | 7118ms
2026-02-22 11:20:29 [INFO]    [PING OK] CA | VLESS | 5412ms
2026-02-22 11:20:29 [INFO]    [PING OK] CA | VLESS | 5026ms
2026-02-22 11:20:30 [INFO]    [PING OK] CA | VLESS | 5274ms
2026-02-22 11:20:31 [INFO]    [PING OK] NL | VLESS | 5594ms
2026-02-22 11:20:31 [INFO]    [PING OK] CA | VLESS | 5201ms
2026-02-22 11:20:32 [INFO]    [PING OK] CA | VLESS | 6889ms
2026-02-22 11:20:32 [INFO]    [PING OK] CA | VLESS | 5502ms
2026-02-22 11:20:33 [INFO]    [PING OK] CA | VLESS | 5288ms
2026-02-22 11:20:33 [INFO]    [PING OK] CA | VLESS | 5111ms
2026-02-22 11:20:33 [INFO]    [PING OK] DE | VLESS | 4832ms
2026-02-22 11:20:33 [INFO]    [PING OK] CA | VLESS | 5353ms
2026-02-22 11:20:33 [INFO]    [PING OK] CA | VLESS | 5003ms
2026-02-22 11:20:34 [INFO]    [PING OK] DE | VLESS | 3518ms
2026-02-22 11:20:34 [INFO]    [PING OK] DE | VLESS | 3128ms
2026-02-22 11:20:35 [INFO]    [PING OK] CA | VLESS | 3248ms
2026-02-22 11:20:35 [INFO]    [PING OK] CA | VLESS | 3837ms
2026-02-22 11:20:35 [INFO]    [PING OK] CA | VLESS | 4048ms
2026-02-22 11:20:35 [INFO]    [PING OK] BY | VLESS | 3134ms
2026-02-22 11:20:35 [INFO]    [PING OK] CA | VLESS | 2319ms
2026-02-22 11:20:36 [INFO]    [PING OK] CA | VLESS | 5179ms
2026-02-22 11:20:38 [INFO]    [PING OK] CA | VLESS | 6248ms
2026-02-22 11:20:39 [INFO] 🏎️ ЭТАП 2: Глубокий замер скорости для 40 иностранных кандидатов...
2026-02-22 11:20:44 [INFO]    🏆 NL | VLESS | Пинг: 2662ms | Скорость: 5.9 Mbps ⚡⚡
2026-02-22 11:20:44 [INFO]    🏆 PL | VLESS | Пинг: 2669ms | Скорость: 5.86 Mbps ⚡⚡
2026-02-22 11:20:44 [INFO]    🏆 DE | VLESS | Пинг: 2826ms | Скорость: 5.9 Mbps ⚡⚡
2026-02-22 11:20:44 [INFO]    🏆 IT | VLESS | Пинг: 2953ms | Скорость: 6.07 Mbps ⚡⚡
2026-02-22 11:20:44 [INFO]    🏆 PL | VLESS | Пинг: 2742ms | Скорость: 5.82 Mbps ⚡⚡
2026-02-22 11:20:44 [INFO]    🏆 PL | VLESS | Пинг: 2940ms | Скорость: 5.95 Mbps ⚡⚡
2026-02-22 11:20:44 [INFO]    🏆 NL | VLESS | Пинг: 2957ms | Скорость: 5.89 Mbps ⚡⚡
2026-02-22 11:20:44 [INFO]    🏆 TR | VLESS | Пинг: 3030ms | Скорость: 5.73 Mbps ⚡⚡
2026-02-22 11:20:44 [INFO]    🏆 DE | VLESS | Пинг: 3128ms | Скорость: 5.44 Mbps ⚡⚡
2026-02-22 11:20:45 [INFO]    🏆 PL | VLESS | Пинг: 2595ms | Скорость: 4.44 Mbps ⚡⚡
2026-02-22 11:20:46 [INFO]    🏆 CA | VLESS | Пинг: 2319ms | Скорость: 0.83 Mbps 
2026-02-22 11:20:47 [INFO]    🏆 DE | VLESS | Пинг: 3518ms | Скорость: 8.08 Mbps ⚡⚡
2026-02-22 11:20:47 [INFO]    🏆 HU | VLESS | Пинг: 3569ms | Скорость: 7.76 Mbps ⚡⚡
2026-02-22 11:20:47 [INFO]    🏆 IT | VLESS | Пинг: 3780ms | Скорость: 8.01 Mbps ⚡⚡
2026-02-22 11:20:47 [INFO]    🏆 PL | VLESS | Пинг: 3733ms | Скорость: 7.84 Mbps ⚡⚡
2026-02-22 11:20:47 [INFO]    🏆 PL | VLESS | Пинг: 3225ms | Скорость: 0.85 Mbps 
2026-02-22 11:20:47 [INFO]    🏆 PL | VLESS | Пинг: 3869ms | Скорость: 7.96 Mbps ⚡⚡
2026-02-22 11:20:48 [INFO]    🏆 HU | VLESS | Пинг: 3999ms | Скорость: 7.32 Mbps ⚡⚡
2026-02-22 11:20:48 [INFO]    🏆 HU | VLESS | Пинг: 3879ms | Скорость: 5.8 Mbps ⚡⚡
2026-02-22 11:20:49 [INFO]    🏆 PL | VLESS | Пинг: 3409ms | Скорость: 4.69 Mbps ⚡⚡
2026-02-22 11:20:49 [INFO]    🏆 HU | VLESS | Пинг: 4557ms | Скорость: 11.27 Mbps ⚡⚡
2026-02-22 11:20:50 [INFO]    🏆 NL | VLESS | Пинг: 4628ms | Скорость: 7.92 Mbps ⚡⚡
2026-02-22 11:20:50 [INFO]    🏆 NL | VLESS | Пинг: 4697ms | Скорость: 8.18 Mbps ⚡⚡
2026-02-22 11:20:50 [INFO]    🏆 HU | VLESS | Пинг: 4670ms | Скорость: 7.98 Mbps ⚡⚡
2026-02-22 11:20:50 [INFO]    🏆 HU | VLESS | Пинг: 4722ms | Скорость: 8.06 Mbps ⚡⚡
2026-02-22 11:20:50 [INFO]    🏆 DE | VLESS | Пинг: 4832ms | Скорость: 11.44 Mbps ⚡⚡
2026-02-22 11:20:50 [INFO]    🏆 NL | VLESS | Пинг: 4846ms | Скорость: 14.03 Mbps ⚡⚡
2026-02-22 11:20:50 [INFO]    🏆 PL | VLESS | Пинг: 3650ms | Скорость: 2.54 Mbps ⚡
2026-02-22 11:20:52 [INFO]    🏆 TR | VLESS | Пинг: 4950ms | Скорость: 16.58 Mbps ⚡⚡
2026-02-22 11:20:52 [INFO]    🏆 US | VLESS | Пинг: 4864ms | Скорость: 7.49 Mbps ⚡⚡
2026-02-22 11:20:53 [INFO]    🏆 EE | VLESS | Пинг: 4863ms | Скорость: 5.64 Mbps ⚡⚡
2026-02-22 11:20:54 [INFO]    🏆 CZ | VLESS | Пинг: 4661ms | Скорость: 2.51 Mbps ⚡
2026-02-22 11:20:54 [INFO]    🏆 TR | VLESS | Пинг: 4753ms | Скорость: 1.59 Mbps ⚡
2026-02-22 11:20:54 [INFO] 📊 Итого в подписке сохранено иностранных серверов: 10
2026-02-22 11:20:54 [INFO] 💾 Файл успешно сохранен: FL1PVPN
