2026-02-19 09:40:05 [INFO] 🚀 START: Smart VLESS Selector (Target: 10, Strict Mode)
2026-02-19 09:40:05 [INFO] 🌐 Загрузка источников...
2026-02-19 09:40:10 [INFO] 🔍 Уникальных конфигов собрано: 844
2026-02-19 09:40:10 [INFO] ⚡ ЭТАП 1: Быстрый замер Пинга (Workers: 25)...
2026-02-19 09:40:11 [INFO]    [PING OK] LT | 327ms
2026-02-19 09:40:11 [INFO]    [PING OK] SE | 206ms
2026-02-19 09:40:11 [INFO]    [PING OK] RU | 244ms
2026-02-19 09:40:12 [INFO]    [PING OK] CA | 454ms
2026-02-19 09:40:12 [INFO]    [PING OK] DE | 202ms
2026-02-19 09:40:12 [INFO]    [PING OK] RU | 153ms
2026-02-19 09:40:12 [INFO]    [PING OK] TR | 310ms
2026-02-19 09:40:13 [INFO]    [PING OK] RU | 130ms
2026-02-19 09:40:13 [INFO]    [PING OK] TR | 347ms
2026-02-19 09:40:13 [INFO]    [PING OK] RU | 524ms
2026-02-19 09:40:14 [INFO]    [PING OK] DE | 950ms
2026-02-19 09:40:15 [INFO]    [PING OK] RU | 439ms
2026-02-19 09:40:17 [INFO]    [PING OK] IT | 577ms
2026-02-19 09:40:18 [INFO]    [PING OK] GB | 432ms
2026-02-19 09:40:18 [INFO]    [PING OK] LV | 3277ms
2026-02-19 09:40:19 [INFO]    [PING OK] DE | 158ms
2026-02-19 09:40:19 [INFO]    [PING OK] DE | 449ms
2026-02-19 09:40:22 [INFO]    [PING OK] RU | 556ms
2026-02-19 09:40:24 [INFO]    [PING OK] RU | 2052ms
2026-02-19 09:40:24 [INFO]    [PING OK] RU | 606ms
2026-02-19 09:40:24 [INFO]    [PING OK] TR | 3154ms
2026-02-19 09:40:24 [INFO]    [PING OK] RU | 93ms
2026-02-19 09:40:25 [INFO]    [PING OK] RU | 569ms
2026-02-19 09:40:25 [INFO]    [PING OK] RU | 221ms
2026-02-19 09:40:26 [INFO]    [PING OK] RU | 470ms
2026-02-19 09:40:26 [INFO]    [PING OK] RU | 387ms
2026-02-19 09:40:26 [INFO]    [PING OK] RU | 274ms
2026-02-19 09:40:26 [INFO]    [PING OK] RU | 359ms
2026-02-19 09:40:26 [INFO]    [PING OK] RU | 896ms
2026-02-19 09:40:26 [INFO]    [PING OK] RU | 682ms
2026-02-19 09:40:26 [INFO]    [PING OK] RU | 1831ms
2026-02-19 09:40:26 [INFO]    [PING OK] RU | 269ms
2026-02-19 09:40:27 [INFO]    [PING OK] RU | 280ms
2026-02-19 09:40:27 [INFO]    [PING OK] RU | 386ms
2026-02-19 09:40:27 [INFO]    [PING OK] RU | 900ms
2026-02-19 09:40:28 [INFO]    [PING OK] RU | 282ms
2026-02-19 09:40:28 [INFO]    [PING OK] RU | 939ms
2026-02-19 09:40:28 [INFO]    [PING OK] DE | 625ms
2026-02-19 09:40:29 [INFO]    [PING OK] RU | 591ms
2026-02-19 09:40:29 [INFO]    [PING OK] RU | 329ms
2026-02-19 09:40:29 [INFO]    [PING OK] RU | 211ms
2026-02-19 09:40:29 [INFO]    [PING OK] RU | 216ms
2026-02-19 09:40:29 [INFO]    [PING OK] RU | 321ms
2026-02-19 09:40:29 [INFO]    [PING OK] RU | 308ms
2026-02-19 09:40:29 [INFO]    [PING OK] RU | 933ms
2026-02-19 09:40:29 [INFO]    [PING OK] RU | 708ms
2026-02-19 09:40:29 [INFO]    [PING OK] RU | 339ms
2026-02-19 09:40:29 [INFO]    [PING OK] RU | 212ms
2026-02-19 09:40:30 [INFO]    [PING OK] RU | 273ms
2026-02-19 09:40:30 [INFO]    [PING OK] RU | 228ms
2026-02-19 09:40:30 [INFO]    [PING OK] RU | 3215ms
2026-02-19 09:40:30 [INFO]    [PING OK] RU | 2958ms
2026-02-19 09:40:30 [INFO]    [PING OK] RU | 331ms
2026-02-19 09:40:30 [INFO]    [PING OK] RU | 1471ms
2026-02-19 09:40:30 [INFO]    [PING OK] RU | 195ms
2026-02-19 09:40:31 [INFO]    [PING OK] RU | 3512ms
2026-02-19 09:40:31 [INFO]    [PING OK] RU | 313ms
2026-02-19 09:40:31 [INFO]    [PING OK] RU | 271ms
2026-02-19 09:40:31 [INFO]    [PING OK] RU | 393ms
2026-02-19 09:40:31 [INFO]    [PING OK] RU | 193ms
2026-02-19 09:40:31 [INFO]    [PING OK] RU | 262ms
2026-02-19 09:40:31 [INFO]    [PING OK] RU | 195ms
2026-02-19 09:40:32 [INFO]    [PING OK] RU | 305ms
2026-02-19 09:40:32 [INFO]    [PING OK] RU | 4177ms
2026-02-19 09:40:32 [INFO]    [PING OK] RU | 275ms
2026-02-19 09:40:32 [INFO]    [PING OK] CA | 407ms
2026-02-19 09:40:32 [INFO]    [PING OK] CA | 448ms
2026-02-19 09:40:33 [INFO]    [PING OK] DE | 1408ms
2026-02-19 09:40:33 [INFO]    [PING OK] FI | 145ms
2026-02-19 09:40:35 [INFO]    [PING OK] RU | 4932ms
2026-02-19 09:40:36 [INFO]    [PING OK] NL | 235ms
2026-02-19 09:40:36 [INFO]    [PING OK] RU | 5001ms
2026-02-19 09:40:36 [INFO]    [PING OK] RU | 4651ms
2026-02-19 09:40:36 [INFO]    [PING OK] PL | 110ms
2026-02-19 09:40:36 [INFO]    [PING OK] AE | 210ms
2026-02-19 09:40:37 [INFO]    [PING OK] TR | 3985ms
2026-02-19 09:40:37 [INFO]    [PING OK] NL | 334ms
2026-02-19 09:40:37 [INFO]    [PING OK] NL | 219ms
2026-02-19 09:40:37 [INFO]    [PING OK] LV | 471ms
2026-02-19 09:40:37 [INFO]    [PING OK] FR | 855ms
2026-02-19 09:40:38 [INFO]    [PING OK] IT | 536ms
2026-02-19 09:40:38 [INFO]    [PING OK] MD | 171ms
2026-02-19 09:40:39 [INFO]    [PING OK] PL | 131ms
2026-02-19 09:40:39 [INFO]    [PING OK] ES | 1171ms
2026-02-19 09:40:40 [INFO]    [PING OK] AT | 254ms
2026-02-19 09:40:40 [INFO]    [PING OK] JP | 1267ms
2026-02-19 09:40:41 [INFO]    [PING OK] US | 662ms
2026-02-19 09:40:43 [INFO]    [PING OK] UZ | 307ms
2026-02-19 09:40:45 [INFO]    [PING OK] SE | 439ms
2026-02-19 09:41:02 [INFO]    [PING OK] SG | 433ms
2026-02-19 09:41:10 [INFO]    [PING OK] RU | 834ms
2026-02-19 09:41:11 [INFO]    [PING OK] FI | 1287ms
2026-02-19 09:41:12 [INFO]    [PING OK] DE | 417ms
2026-02-19 09:41:12 [INFO]    [PING OK] SC | 1150ms
2026-02-19 09:41:12 [INFO]    [PING OK] RU | 678ms
2026-02-19 09:41:12 [INFO]    [PING OK] RU | 223ms
2026-02-19 09:41:12 [INFO]    [PING OK] RU | 345ms
2026-02-19 09:41:13 [INFO]    [PING OK] DE | 3846ms
2026-02-19 09:41:14 [INFO]    [PING OK] SE | 120ms
2026-02-19 09:41:16 [INFO]    [PING OK] SG | 744ms
2026-02-19 09:41:17 [INFO]    [PING OK] US | 567ms
2026-02-19 09:41:19 [INFO]    [PING OK] RU | 144ms
2026-02-19 09:41:21 [INFO]    [PING OK] DE | 2956ms
2026-02-19 09:41:24 [INFO]    [PING OK] DE | 2022ms
2026-02-19 09:41:29 [INFO] 🏎️ ЭТАП 2: Глубокий замер скорости для ТОП-10 серверов...
2026-02-19 09:41:36 [INFO]    🏆 PL | Пинг: 110ms | Скорость: 0.0 Mbps 
2026-02-19 09:41:36 [INFO]    🏆 SE | Пинг: 120ms | Скорость: 0.0 Mbps 
2026-02-19 09:41:36 [INFO]    🏆 PL | Пинг: 131ms | Скорость: 0.0 Mbps 
2026-02-19 09:41:36 [INFO]    🏆 FI | Пинг: 145ms | Скорость: 11.08 Mbps ⚡⚡
2026-02-19 09:41:36 [INFO]    🏆 DE | Пинг: 158ms | Скорость: 11.25 Mbps ⚡⚡
2026-02-19 09:41:36 [INFO]    🏆 MD | Пинг: 171ms | Скорость: 1.31 Mbps 
2026-02-19 09:41:36 [INFO]    🏆 DE | Пинг: 202ms | Скорость: 6.53 Mbps ⚡⚡
2026-02-19 09:41:36 [INFO]    🏆 SE | Пинг: 206ms | Скорость: 3.39 Mbps ⚡⚡
2026-02-19 09:41:36 [INFO]    🏆 AE | Пинг: 210ms | Скорость: 0.0 Mbps 
2026-02-19 09:41:36 [INFO]    🏆 RU | Пинг: 93ms | Скорость: 11.49 Mbps ⚡⚡
2026-02-19 09:41:36 [INFO] 🇷🇺 Добавлен RU сервер: 87.242.103.184
2026-02-19 09:41:36 [INFO] 📊 Итого в подписке сохранено: 10 серверов
2026-02-19 09:41:36 [INFO] 💾 Файл успешно сохранен: FL1PVPN
