2026-02-18 16:50:05 [INFO] 🚀 START: Smart Selector (STRICT: ONLY VLESS+REALITY, ANY SNI, Target: 10)
2026-02-18 16:50:05 [INFO] 🌐 Загрузка источников (отбор только VLESS+Reality)...
2026-02-18 16:50:06 [INFO] 🔍 Найдено серверов VLESS+Reality: 17
2026-02-18 16:50:06 [INFO] ⚡ ЭТАП 1: Быстрый замер Пинга (Workers: 40)...
2026-02-18 16:50:07 [INFO]    [PING OK] RU | VLESS-REALITY | SNI: m.ok.com | 135ms | Src: clck.ru
2026-02-18 16:50:07 [INFO]    [PING OK] RU | VLESS-REALITY | SNI: eh.vk.com | 179ms | Src: clck.ru
2026-02-18 16:50:07 [INFO]    [PING OK] RU | VLESS-REALITY | SNI: yandex.ru | 287ms | Src: clck.ru
2026-02-18 16:50:07 [INFO]    [PING OK] RU | VLESS-REALITY | SNI: yandex.ru | 410ms | Src: clck.ru
2026-02-18 16:50:07 [INFO]    [PING OK] RU | VLESS-REALITY | SNI: ads.x5.ru | 589ms | Src: clck.ru
2026-02-18 16:50:07 [INFO]    [PING OK] RU | VLESS-REALITY | SNI: ads.x5.ru | 651ms | Src: clck.ru
2026-02-18 16:50:08 [INFO]    [PING OK] RU | VLESS-REALITY | SNI: yandex.ru | 602ms | Src: clck.ru
2026-02-18 16:50:08 [INFO]    [PING OK] RU | VLESS-REALITY | SNI: yandex.ru | 691ms | Src: clck.ru
2026-02-18 16:50:08 [INFO]    [PING OK] RU | VLESS-REALITY | SNI: yandex.ru | 701ms | Src: clck.ru
2026-02-18 16:50:08 [INFO]    [PING OK] RU | VLESS-REALITY | SNI: ads.x5.ru | 1018ms | Src: clck.ru
2026-02-18 16:50:08 [INFO]    [PING OK] RU | VLESS-REALITY | SNI: yandex.ru | 1042ms | Src: clck.ru
2026-02-18 16:50:08 [INFO]    [PING OK] RU | VLESS-REALITY | SNI: yandex.ru | 895ms | Src: clck.ru
2026-02-18 16:50:08 [INFO]    [PING OK] RU | VLESS-REALITY | SNI: yandex.ru | 897ms | Src: clck.ru
2026-02-18 16:50:08 [INFO]    [PING OK] RU | VLESS-REALITY | SNI: api-maps.yandex.ru | 1626ms | Src: clck.ru
2026-02-18 16:50:09 [INFO]    [PING OK] RU | VLESS-REALITY | SNI: api-maps.yandex.ru | 2552ms | Src: clck.ru
2026-02-18 16:50:09 [INFO]    [PING OK] RU | VLESS-REALITY | SNI: api-maps.yandex.ru | 2722ms | Src: clck.ru
2026-02-18 16:50:09 [INFO] 🏎️ ЭТАП 2: Глубокий замер скорости для 5 кандидатов...
2026-02-18 16:50:11 [INFO]    🏆 RU | VLESS-REALITY | Пинг: 179ms | Скор: 18.52 Mbps ⚡⚡ | Src: clck.ru
2026-02-18 16:50:11 [INFO]    🏆 RU | VLESS-REALITY | Пинг: 135ms | Скор: 18.51 Mbps ⚡⚡ | Src: clck.ru
2026-02-18 16:50:16 [INFO]    🏆 RU | VLESS-REALITY | Пинг: 287ms | Скор: 0.97 Mbps  | Src: clck.ru
2026-02-18 16:50:16 [INFO] 🇷🇺 Добавлен лучший рабочий RU сервер: 217.16.27.217 со скоростью 18.51 Mbps | Src: clck.ru
2026-02-18 16:50:16 [INFO] 📊 Итого в подписке сохранено: 1 серверов
2026-02-18 16:50:16 [INFO] 💾 Файл успешно сохранен: FL1PVPN
