2026-02-24 17:20:05 [INFO] 🚀 START: Smart Selector (Target: 10, ONLY FOREIGN)
2026-02-24 17:20:05 [INFO] 🌐 Загрузка источников (VLESS + VMess)...
2026-02-24 17:20:07 [INFO] 🔍 Уникальных конфигов собрано: 220
2026-02-24 17:20:07 [INFO] ⚡ ЭТАП 1: Замер Пинга и Геолокации. Workers: 40...
2026-02-24 17:20:12 [INFO]    [PING OK] PL | VLESS | 4322ms
2026-02-24 17:20:12 [INFO]    [PING OK] TR | VLESS | 4396ms
2026-02-24 17:20:13 [INFO]    [PING OK] TR | VLESS | 4742ms
2026-02-24 17:20:13 [INFO]    [PING OK] EE | VLESS | 4645ms
2026-02-24 17:20:13 [INFO]    [PING OK] TR | VLESS | 4430ms
2026-02-24 17:20:13 [INFO]    [PING OK] HU | VLESS | 4117ms
2026-02-24 17:20:13 [INFO]    [PING OK] ES | VLESS | 3673ms
2026-02-24 17:20:13 [INFO]    [PING OK] ES | VLESS | 3486ms
2026-02-24 17:20:13 [INFO]    [PING OK] PL | VLESS | 4013ms
2026-02-24 17:20:14 [INFO]    [PING OK] ES | VLESS | 5002ms
2026-02-24 17:20:14 [INFO]    [PING OK] HU | VLESS | 3653ms
2026-02-24 17:20:14 [INFO]    [PING OK] DE | VLESS | 5322ms
2026-02-24 17:20:15 [INFO]    [PING OK] FI | VLESS | 3034ms
2026-02-24 17:20:15 [INFO]    [PING OK] PL | VLESS | 3041ms
2026-02-24 17:20:15 [INFO]    [PING OK] FI | VLESS | 3119ms
2026-02-24 17:20:16 [INFO]    [PING OK] ES | VLESS | 3345ms
2026-02-24 17:20:16 [INFO]    [PING OK] PL | VLESS | 3376ms
2026-02-24 17:20:17 [INFO]    [PING OK] PL | VLESS | 3766ms
2026-02-24 17:20:17 [INFO]    [PING OK] LV | VLESS | 8942ms
2026-02-24 17:20:17 [INFO]    [PING OK] ES | VLESS | 3905ms
2026-02-24 17:20:17 [INFO]    [PING OK] HU | VLESS | 3860ms
2026-02-24 17:20:18 [INFO]    [PING OK] HU | VLESS | 4627ms
2026-02-24 17:20:18 [INFO]    [PING OK] CA | VLESS | 4485ms
2026-02-24 17:20:19 [INFO]    [PING OK] PL | VLESS | 4723ms
2026-02-24 17:20:19 [INFO]    [PING OK] ES | VLESS | 4665ms
2026-02-24 17:20:19 [INFO]    [PING OK] CA | VLESS | 5360ms
2026-02-24 17:20:19 [INFO]    [PING OK] ES | VLESS | 4472ms
2026-02-24 17:20:19 [INFO]    [PING OK] GB | VLESS | 5051ms
2026-02-24 17:20:19 [INFO]    [PING OK] DE | VLESS | 4525ms
2026-02-24 17:20:19 [INFO]    [PING OK] CA | VLESS | 4626ms
2026-02-24 17:20:20 [INFO]    [PING OK] LV | VLESS | 7186ms
2026-02-24 17:20:20 [INFO]    [PING OK] CA | VLESS | 4963ms
2026-02-24 17:20:20 [INFO]    [PING OK] CA | VLESS | 5015ms
2026-02-24 17:20:21 [INFO]    [PING OK] SG | VLESS | 5436ms
2026-02-24 17:20:21 [INFO]    [PING OK] EE | VLESS | 4754ms
2026-02-24 17:20:21 [INFO]    [PING OK] DE | VLESS | 5052ms
2026-02-24 17:20:21 [INFO]    [PING OK] CA | VLESS | 5104ms
2026-02-24 17:20:22 [INFO]    [PING OK] CA | VLESS | 5878ms
2026-02-24 17:20:23 [INFO]    [PING OK] NL | VLESS | 4859ms
2026-02-24 17:20:23 [INFO]    [PING OK] NL | VLESS | 4836ms
2026-02-24 17:20:23 [INFO]    [PING OK] LT | VLESS | 6187ms
2026-02-24 17:20:23 [INFO]    [PING OK] DE | VLESS | 4643ms
2026-02-24 17:20:23 [INFO]    [PING OK] CA | VLESS | 5029ms
2026-02-24 17:20:23 [INFO]    [PING OK] CA | VLESS | 4911ms
2026-02-24 17:20:24 [INFO]    [PING OK] CA | VLESS | 7695ms
2026-02-24 17:20:24 [INFO]    [PING OK] CA | VLESS | 6425ms
2026-02-24 17:20:24 [INFO]    [PING OK] US | VLESS | 5050ms
2026-02-24 17:20:25 [INFO]    [PING OK] DE | VLESS | 6891ms
2026-02-24 17:20:25 [INFO]    [PING OK] CA | VLESS | 4469ms
2026-02-24 17:20:26 [INFO]    [PING OK] KZ | VLESS | 4466ms
2026-02-24 17:20:26 [INFO]    [PING OK] DE | VLESS | 4548ms
2026-02-24 17:20:27 [INFO]    [PING OK] DE | VLESS | 4529ms
2026-02-24 17:20:27 [INFO]    [PING OK] SG | VLESS | 4560ms
2026-02-24 17:20:27 [INFO]    [PING OK] NL | VLESS | 4885ms
2026-02-24 17:20:27 [INFO]    [PING OK] CA | VLESS | 4959ms
2026-02-24 17:20:27 [INFO]    [PING OK] CA | VLESS | 4228ms
2026-02-24 17:20:28 [INFO]    [PING OK] CA | VLESS | 3904ms
2026-02-24 17:20:28 [INFO]    [PING OK] CA | VLESS | 4337ms
2026-02-24 17:20:28 [INFO]    [PING OK] DE | VLESS | 1410ms
2026-02-24 17:20:28 [INFO]    [PING OK] CA | VLESS | 3839ms
2026-02-24 17:20:28 [INFO]    [PING OK] US | VLESS | 3333ms
2026-02-24 17:20:28 [INFO]    [PING OK] CA | VLESS | 4004ms
2026-02-24 17:20:28 [INFO]    [PING OK] JP | VLESS | 2848ms
2026-02-24 17:20:28 [INFO]    [PING OK] CA | VLESS | 3001ms
2026-02-24 17:20:28 [INFO]    [PING OK] CA | VLESS | 7928ms
2026-02-24 17:20:30 [INFO]    [PING OK] CA | VLESS | 5112ms
2026-02-24 17:20:32 [INFO] 🏎️ ЭТАП 2: Глубокий замер скорости для 40 иностранных кандидатов...
2026-02-24 17:20:36 [INFO]    🏆 HU | VLESS | Пинг: 3653ms | Скорость: 7.34 Mbps ⚡⚡
2026-02-24 17:20:36 [INFO]    🏆 ES | VLESS | Пинг: 3673ms | Скорость: 6.87 Mbps ⚡⚡
2026-02-24 17:20:36 [INFO]    🏆 ES | VLESS | Пинг: 3345ms | Скорость: 6.51 Mbps ⚡⚡
2026-02-24 17:20:36 [INFO]    🏆 ES | VLESS | Пинг: 3486ms | Скорость: 6.63 Mbps ⚡⚡
2026-02-24 17:20:36 [INFO]    🏆 PL | VLESS | Пинг: 3376ms | Скорость: 6.26 Mbps ⚡⚡
2026-02-24 17:20:37 [INFO]    🏆 HU | VLESS | Пинг: 3860ms | Скорость: 6.16 Mbps ⚡⚡
2026-02-24 17:20:37 [INFO]    🏆 FI | VLESS | Пинг: 3034ms | Скорость: 5.69 Mbps ⚡⚡
2026-02-24 17:20:38 [INFO]    🏆 JP | VLESS | Пинг: 2848ms | Скорость: 4.39 Mbps ⚡⚡
2026-02-24 17:20:39 [INFO]    🏆 HU | VLESS | Пинг: 4117ms | Скорость: 11.58 Mbps ⚡⚡
2026-02-24 17:20:39 [INFO]    🏆 US | VLESS | Пинг: 3333ms | Скорость: 2.28 Mbps ⚡
2026-02-24 17:20:39 [INFO]    🏆 DE | VLESS | Пинг: 1410ms | Скорость: 0.93 Mbps 
2026-02-24 17:20:39 [INFO]    🏆 PL | VLESS | Пинг: 3041ms | Скорость: 2.76 Mbps ⚡
2026-02-24 17:20:39 [INFO]    🏆 PL | VLESS | Пинг: 3766ms | Скорость: 3.2 Mbps ⚡⚡
2026-02-24 17:20:39 [INFO]    🏆 CA | VLESS | Пинг: 3839ms | Скорость: 0.92 Mbps 
2026-02-24 17:20:40 [INFO]    🏆 PL | VLESS | Пинг: 4322ms | Скорость: 8.42 Mbps ⚡⚡
2026-02-24 17:20:41 [INFO]    🏆 PL | VLESS | Пинг: 4013ms | Скорость: 5.65 Mbps ⚡⚡
2026-02-24 17:20:41 [INFO]    🏆 TR | VLESS | Пинг: 4396ms | Скорость: 8.26 Mbps ⚡⚡
2026-02-24 17:20:42 [INFO]    🏆 KZ | VLESS | Пинг: 4466ms | Скорость: 8.02 Mbps ⚡⚡
2026-02-24 17:20:43 [INFO]    🏆 DE | VLESS | Пинг: 4548ms | Скорость: 7.93 Mbps ⚡⚡
2026-02-24 17:20:43 [INFO]    🏆 DE | VLESS | Пинг: 4525ms | Скорость: 7.37 Mbps ⚡⚡
2026-02-24 17:20:43 [INFO]    🏆 ES | VLESS | Пинг: 4472ms | Скорость: 7.1 Mbps ⚡⚡
2026-02-24 17:20:43 [INFO]    🏆 DE | VLESS | Пинг: 4643ms | Скорость: 10.82 Mbps ⚡⚡
2026-02-24 17:20:43 [INFO]    🏆 TR | VLESS | Пинг: 4430ms | Скорость: 5.28 Mbps ⚡⚡
2026-02-24 17:20:43 [INFO]    🏆 CA | VLESS | Пинг: 4337ms | Скорость: 0.76 Mbps 
2026-02-24 17:20:44 [INFO]    🏆 SG | VLESS | Пинг: 4560ms | Скорость: 5.43 Mbps ⚡⚡
2026-02-24 17:20:45 [INFO]    🏆 TR | VLESS | Пинг: 4742ms | Скорость: 12.85 Mbps ⚡⚡
2026-02-24 17:20:45 [INFO]    🏆 PL | VLESS | Пинг: 4723ms | Скорость: 12.41 Mbps ⚡⚡
2026-02-24 17:20:46 [INFO]    🏆 CA | VLESS | Пинг: 4485ms | Скорость: 0.71 Mbps 
2026-02-24 17:20:46 [INFO]    🏆 CA | VLESS | Пинг: 4626ms | Скорость: 0.87 Mbps 
2026-02-24 17:20:46 [INFO]    🏆 EE | VLESS | Пинг: 4645ms | Скорость: 4.05 Mbps ⚡⚡
2026-02-24 17:20:47 [INFO] 📊 Итого в подписке сохранено иностранных серверов: 10
2026-02-24 17:20:47 [INFO] 💾 Файл успешно сохранен: FL1PVPN
