2026-02-27 16:20:06 [INFO] 🚀 START: Smart Selector (Target: 10, ONLY FOREIGN)
2026-02-27 16:20:06 [INFO] 🌐 Загрузка источников (VLESS + VMess)...
2026-02-27 16:20:08 [INFO] 🔍 Уникальных конфигов собрано: 459
2026-02-27 16:20:08 [INFO] ⚡ ЭТАП 1: Замер Пинга и Геолокации. Workers: 40...
2026-02-27 16:20:14 [INFO]    [PING OK] TR | VLESS | 5172ms
2026-02-27 16:20:14 [INFO]    [PING OK] FI | VLESS | 5119ms
2026-02-27 16:20:14 [INFO]    [PING OK] FI | VLESS | 5116ms
2026-02-27 16:20:14 [INFO]    [PING OK] CH | VLESS | 4911ms
2026-02-27 16:20:14 [INFO]    [PING OK] NL | VLESS | 4864ms
2026-02-27 16:20:14 [INFO]    [PING OK] ES | VLESS | 5017ms
2026-02-27 16:20:14 [INFO]    [PING OK] US | VLESS | 5019ms
2026-02-27 16:20:15 [INFO]    [PING OK] PL | VLESS | 4716ms
2026-02-27 16:20:17 [INFO]    [PING OK] LT | VLESS | 6809ms
2026-02-27 16:20:18 [INFO]    [PING OK] FI | VLESS | 4315ms
2026-02-27 16:20:19 [INFO]    [PING OK] NL | VLESS | 4003ms
2026-02-27 16:20:19 [INFO]    [PING OK] ES | VLESS | 4279ms
2026-02-27 16:20:19 [INFO]    [PING OK] PL | VLESS | 4148ms
2026-02-27 16:20:19 [INFO]    [PING OK] ES | VLESS | 4273ms
2026-02-27 16:20:19 [INFO]    [PING OK] DE | VLESS | 4230ms
2026-02-27 16:20:20 [INFO]    [PING OK] NG | VLESS | 4556ms
2026-02-27 16:20:20 [INFO]    [PING OK] FI | VLESS | 3788ms
2026-02-27 16:20:21 [INFO]    [PING OK] PL | VLESS | 4104ms
2026-02-27 16:20:21 [INFO]    [PING OK] TR | VLESS | 4149ms
2026-02-27 16:20:24 [INFO]    [PING OK] LV | VLESS | 4962ms
2026-02-27 16:20:24 [INFO]    [PING OK] PL | VLESS | 4314ms
2026-02-27 16:20:25 [INFO]    [PING OK] PL | VLESS | 4636ms
2026-02-27 16:20:26 [INFO]    [PING OK] ES | VLESS | 5124ms
2026-02-27 16:20:26 [INFO]    [PING OK] DE | VLESS | 5063ms
2026-02-27 16:20:26 [INFO]    [PING OK] TR | VLESS | 4735ms
2026-02-27 16:20:27 [INFO]    [PING OK] DE | VLESS | 5028ms
2026-02-27 16:20:30 [INFO]    [PING OK] PL | VLESS | 3773ms
2026-02-27 16:20:31 [INFO]    [PING OK] DE | VLESS | 5909ms
2026-02-27 16:20:31 [INFO]    [PING OK] EE | VLESS | 3658ms
2026-02-27 16:20:31 [INFO]    [PING OK] PL | VLESS | 3727ms
2026-02-27 16:20:31 [INFO]    [PING OK] HU | VLESS | 3905ms
2026-02-27 16:20:31 [INFO]    [PING OK] DE | VLESS | 3878ms
2026-02-27 16:20:31 [INFO]    [PING OK] NL | VLESS | 3769ms
2026-02-27 16:20:32 [INFO]    [PING OK] FI | VLESS | 3536ms
2026-02-27 16:20:32 [INFO]    [PING OK] DE | VLESS | 4424ms
2026-02-27 16:20:32 [INFO]    [PING OK] IT | VLESS | 4725ms
2026-02-27 16:20:33 [INFO]    [PING OK] LV | VLESS | 3930ms
2026-02-27 16:20:33 [INFO]    [PING OK] PL | VLESS | 3865ms
2026-02-27 16:20:33 [INFO]    [PING OK] ES | VLESS | 4233ms
2026-02-27 16:20:33 [INFO]    [PING OK] HU | VLESS | 3596ms
2026-02-27 16:20:34 [INFO]    [PING OK] PL | VLESS | 4384ms
2026-02-27 16:20:35 [INFO]    [PING OK] KZ | VLESS | 3686ms
2026-02-27 16:20:35 [INFO]    [PING OK] TR | VLESS | 4486ms
2026-02-27 16:20:35 [INFO]    [PING OK] NL | VLESS | 5639ms
2026-02-27 16:20:36 [INFO]    [PING OK] SE | VLESS | 4092ms
2026-02-27 16:20:36 [INFO]    [PING OK] PL | VLESS | 3998ms
2026-02-27 16:20:37 [INFO]    [PING OK] US | VLESS | 4359ms
2026-02-27 16:20:37 [INFO]    [PING OK] PL | VLESS | 5551ms
2026-02-27 16:20:38 [INFO]    [PING OK] PL | VLESS | 3971ms
2026-02-27 16:20:38 [INFO]    [PING OK] FR | VLESS | 4496ms
2026-02-27 16:20:40 [INFO]    [PING OK] PL | VLESS | 4194ms
2026-02-27 16:20:40 [INFO]    [PING OK] AE | VLESS | 5355ms
2026-02-27 16:20:40 [INFO]    [PING OK] EE | VLESS | 5154ms
2026-02-27 16:20:40 [INFO]    [PING OK] NL | VLESS | 4734ms
2026-02-27 16:20:41 [INFO]    [PING OK] LT | VLESS | 4576ms
2026-02-27 16:20:41 [INFO]    [PING OK] CH | VLESS | 4471ms
2026-02-27 16:20:41 [INFO]    [PING OK] TR | VLESS | 4936ms
2026-02-27 16:20:41 [INFO]    [PING OK] TR | VLESS | 4671ms
2026-02-27 16:20:41 [INFO]    [PING OK] HU | VLESS | 4318ms
2026-02-27 16:20:43 [INFO]    [PING OK] ES | VLESS | 4525ms
2026-02-27 16:20:44 [INFO]    [PING OK] NO | VLESS | 6235ms
2026-02-27 16:20:44 [INFO]    [PING OK] TR | VLESS | 4560ms
2026-02-27 16:20:45 [INFO]    [PING OK] US | VLESS | 5673ms
2026-02-27 16:20:45 [INFO]    [PING OK] PL | VLESS | 4449ms
2026-02-27 16:20:46 [INFO]    [PING OK] PL | VLESS | 4188ms
2026-02-27 16:20:46 [INFO]    [PING OK] PL | VLESS | 4032ms
2026-02-27 16:20:46 [INFO]    [PING OK] CA | VLESS | 4529ms
2026-02-27 16:20:47 [INFO]    [PING OK] NL | VLESS | 4021ms
2026-02-27 16:20:47 [INFO]    [PING OK] PL | VLESS | 3928ms
2026-02-27 16:20:47 [INFO]    [PING OK] DE | VLESS | 4554ms
2026-02-27 16:20:47 [INFO]    [PING OK] NL | VLESS | 4569ms
2026-02-27 16:20:47 [INFO]    [PING OK] SE | VLESS | 4025ms
2026-02-27 16:20:48 [INFO]    [PING OK] NL | VLESS | 4798ms
2026-02-27 16:20:49 [INFO]    [PING OK] NL | VLESS | 4617ms
2026-02-27 16:20:49 [INFO]    [PING OK] NL | VLESS | 5087ms
2026-02-27 16:20:51 [INFO]    [PING OK] NL | VLESS | 5272ms
2026-02-27 16:20:51 [INFO]    [PING OK] PL | VLESS | 4525ms
2026-02-27 16:20:51 [INFO]    [PING OK] PL | VLESS | 5011ms
2026-02-27 16:20:53 [INFO]    [PING OK] DE | VLESS | 4193ms
2026-02-27 16:20:55 [INFO]    [PING OK] DE | VLESS | 4014ms
2026-02-27 16:20:55 [INFO]    [PING OK] HU | VLESS | 4210ms
2026-02-27 16:20:56 [INFO]    [PING OK] DE | VLESS | 4249ms
2026-02-27 16:20:57 [INFO]    [PING OK] DE | VLESS | 4042ms
2026-02-27 16:20:57 [INFO]    [PING OK] DE | VLESS | 4589ms
2026-02-27 16:20:58 [INFO]    [PING OK] DE | VLESS | 4017ms
2026-02-27 16:20:58 [INFO]    [PING OK] DE | VLESS | 4402ms
2026-02-27 16:20:58 [INFO]    [PING OK] NL | VLESS | 4279ms
2026-02-27 16:20:58 [INFO]    [PING OK] DE | VLESS | 4507ms
2026-02-27 16:20:58 [INFO]    [PING OK] DE | VLESS | 3632ms
2026-02-27 16:20:58 [INFO]    [PING OK] SG | VLESS | 4370ms
2026-02-27 16:20:59 [INFO]    [PING OK] DE | VLESS | 2603ms
2026-02-27 16:20:59 [INFO]    [PING OK] NL | VLESS | 2665ms
2026-02-27 16:20:59 [INFO]    [PING OK] LV | VLESS | 5452ms
2026-02-27 16:20:59 [INFO]    [PING OK] FI | VLESS | 1566ms
2026-02-27 16:20:59 [INFO]    [PING OK] JP | VLESS | 3505ms
2026-02-27 16:20:59 [INFO]    [PING OK] SG | VLESS | 3591ms
2026-02-27 16:20:59 [INFO]    [PING OK] DE | VLESS | 2891ms
2026-02-27 16:20:59 [INFO]    [PING OK] KR | VLESS | 4778ms
2026-02-27 16:21:00 [INFO]    [PING OK] DE | VLESS | 2771ms
2026-02-27 16:21:00 [INFO]    [PING OK] DE | VLESS | 2391ms
2026-02-27 16:21:03 [INFO] 🏎️ ЭТАП 2: Глубокий замер скорости для 40 иностранных кандидатов...
2026-02-27 16:21:08 [INFO]    🏆 DE | VLESS | Пинг: 2603ms | Скорость: 6.2 Mbps ⚡⚡
2026-02-27 16:21:08 [INFO]    🏆 DE | VLESS | Пинг: 3632ms | Скорость: 6.22 Mbps ⚡⚡
2026-02-27 16:21:08 [INFO]    🏆 FI | VLESS | Пинг: 3536ms | Скорость: 6.16 Mbps ⚡⚡
2026-02-27 16:21:08 [INFO]    🏆 PL | VLESS | Пинг: 3727ms | Скорость: 6.69 Mbps ⚡⚡
2026-02-27 16:21:08 [INFO]    🏆 HU | VLESS | Пинг: 3596ms | Скорость: 5.82 Mbps ⚡⚡
2026-02-27 16:21:08 [INFO]    🏆 KZ | VLESS | Пинг: 3686ms | Скорость: 6.32 Mbps ⚡⚡
2026-02-27 16:21:08 [INFO]    🏆 NL | VLESS | Пинг: 2665ms | Скорость: 5.62 Mbps ⚡⚡
2026-02-27 16:21:08 [INFO]    🏆 FI | VLESS | Пинг: 1566ms | Скорость: 5.12 Mbps ⚡⚡
2026-02-27 16:21:08 [INFO]    🏆 DE | VLESS | Пинг: 2891ms | Скорость: 5.2 Mbps ⚡⚡
2026-02-27 16:21:09 [INFO]    🏆 DE | VLESS | Пинг: 2391ms | Скорость: 4.61 Mbps ⚡⚡
2026-02-27 16:21:09 [INFO]    🏆 DE | VLESS | Пинг: 2771ms | Скорость: 4.36 Mbps ⚡⚡
2026-02-27 16:21:10 [INFO]    🏆 PL | VLESS | Пинг: 3865ms | Скорость: 10.65 Mbps ⚡⚡
2026-02-27 16:21:10 [INFO]    🏆 PL | VLESS | Пинг: 3928ms | Скорость: 10.79 Mbps ⚡⚡
2026-02-27 16:21:11 [INFO]    🏆 FI | VLESS | Пинг: 3788ms | Скорость: 8.57 Mbps ⚡⚡
2026-02-27 16:21:11 [INFO]    🏆 HU | VLESS | Пинг: 3905ms | Скорость: 9.78 Mbps ⚡⚡
2026-02-27 16:21:11 [INFO]    🏆 PL | VLESS | Пинг: 3998ms | Скорость: 11.17 Mbps ⚡⚡
2026-02-27 16:21:11 [INFO]    🏆 LV | VLESS | Пинг: 3930ms | Скорость: 9.53 Mbps ⚡⚡
2026-02-27 16:21:11 [INFO]    🏆 NL | VLESS | Пинг: 3769ms | Скорость: 1.47 Mbps 
2026-02-27 16:21:13 [INFO]    🏆 SE | VLESS | Пинг: 4025ms | Скорость: 11.98 Mbps ⚡⚡
2026-02-27 16:21:13 [INFO]    🏆 NL | VLESS | Пинг: 4021ms | Скорость: 9.7 Mbps ⚡⚡
2026-02-27 16:21:13 [INFO]    🏆 PL | VLESS | Пинг: 4032ms | Скорость: 10.06 Mbps ⚡⚡
2026-02-27 16:21:13 [INFO]    🏆 PL | VLESS | Пинг: 4188ms | Скорость: 15.48 Mbps ⚡⚡
2026-02-27 16:21:13 [INFO]    🏆 SE | VLESS | Пинг: 4092ms | Скорость: 10.07 Mbps ⚡⚡
2026-02-27 16:21:14 [INFO]    🏆 DE | VLESS | Пинг: 4042ms | Скорость: 8.99 Mbps ⚡⚡
2026-02-27 16:21:14 [INFO]    🏆 TR | VLESS | Пинг: 4149ms | Скорость: 8.3 Mbps ⚡⚡
2026-02-27 16:21:14 [INFO]    🏆 PL | VLESS | Пинг: 4104ms | Скорость: 8.0 Mbps ⚡⚡
2026-02-27 16:21:14 [INFO]    🏆 HU | VLESS | Пинг: 4210ms | Скорость: 13.22 Mbps ⚡⚡
2026-02-27 16:21:14 [INFO]    🏆 DE | VLESS | Пинг: 3878ms | Скорость: 2.01 Mbps ⚡
2026-02-27 16:21:15 [INFO]    🏆 DE | VLESS | Пинг: 4230ms | Скорость: 12.5 Mbps ⚡⚡
2026-02-27 16:21:15 [INFO]    🏆 PL | VLESS | Пинг: 4148ms | Скорость: 5.43 Mbps ⚡⚡
2026-02-27 16:21:15 [INFO]    🏆 DE | VLESS | Пинг: 4193ms | Скорость: 6.88 Mbps ⚡⚡
2026-02-27 16:21:16 [INFO]    🏆 DE | VLESS | Пинг: 4017ms | Скорость: 2.47 Mbps ⚡
2026-02-27 16:21:19 [INFO] 📊 Итого в подписке сохранено иностранных серверов: 10
2026-02-27 16:21:19 [INFO] 💾 Файл успешно сохранен: FL1PVPN
