2026-02-23 15:50:05 [INFO] 🚀 START: Smart Selector (Target: 10, ONLY FOREIGN)
2026-02-23 15:50:05 [INFO] 🌐 Загрузка источников (VLESS + VMess)...
2026-02-23 15:50:07 [INFO] 🔍 Уникальных конфигов собрано: 177
2026-02-23 15:50:07 [INFO] ⚡ ЭТАП 1: Замер Пинга и Геолокации. Workers: 40...
2026-02-23 15:50:13 [INFO]    [PING OK] PL | VLESS | 5324ms
2026-02-23 15:50:13 [INFO]    [PING OK] ES | VLESS | 5404ms
2026-02-23 15:50:14 [INFO]    [PING OK] PL | VLESS | 5374ms
2026-02-23 15:50:14 [INFO]    [PING OK] PL | VLESS | 5497ms
2026-02-23 15:50:14 [INFO]    [PING OK] HU | VLESS | 5942ms
2026-02-23 15:50:14 [INFO]    [PING OK] IT | VLESS | 5778ms
2026-02-23 15:50:14 [INFO]    [PING OK] US | VLESS | 6180ms
2026-02-23 15:50:14 [INFO]    [PING OK] HU | VLESS | 5706ms
2026-02-23 15:50:14 [INFO]    [PING OK] DE | VLESS | 6121ms
2026-02-23 15:50:14 [INFO]    [PING OK] ES | VLESS | 5426ms
2026-02-23 15:50:15 [INFO]    [PING OK] DE | VLESS | 6268ms
2026-02-23 15:50:15 [INFO]    [PING OK] HU | VLESS | 5266ms
2026-02-23 15:50:16 [INFO]    [PING OK] ES | VLESS | 5793ms
2026-02-23 15:50:16 [INFO]    [PING OK] TR | VLESS | 5699ms
2026-02-23 15:50:16 [INFO]    [PING OK] TR | VLESS | 5485ms
2026-02-23 15:50:16 [INFO]    [PING OK] ES | VLESS | 5491ms
2026-02-23 15:50:16 [INFO]    [PING OK] TR | VLESS | 5947ms
2026-02-23 15:50:17 [INFO]    [PING OK] PL | VLESS | 6082ms
2026-02-23 15:50:17 [INFO]    [PING OK] DE | VLESS | 6097ms
2026-02-23 15:50:18 [INFO]    [PING OK] JP | VLESS | 6282ms
2026-02-23 15:50:19 [INFO]    [PING OK] DE | VLESS | 10740ms
2026-02-23 15:50:20 [INFO]    [PING OK] CA | VLESS | 6831ms
2026-02-23 15:50:21 [INFO]    [PING OK] DE | VLESS | 5922ms
2026-02-23 15:50:21 [INFO]    [PING OK] CA | VLESS | 6064ms
2026-02-23 15:50:21 [INFO]    [PING OK] SE | VLESS | 5721ms
2026-02-23 15:50:22 [INFO]    [PING OK] SE | VLESS | 5346ms
2026-02-23 15:50:22 [INFO]    [PING OK] SE | VLESS | 6793ms
2026-02-23 15:50:22 [INFO]    [PING OK] NL | VLESS | 5639ms
2026-02-23 15:50:23 [INFO]    [PING OK] CA | VLESS | 5585ms
2026-02-23 15:50:23 [INFO]    [PING OK] CA | VLESS | 6880ms
2026-02-23 15:50:23 [INFO]    [PING OK] NL | VLESS | 3808ms
2026-02-23 15:50:23 [INFO]    [PING OK] SE | VLESS | 3791ms
2026-02-23 15:50:23 [INFO]    [PING OK] NL | VLESS | 3816ms
2026-02-23 15:50:24 [INFO]    [PING OK] DE | VLESS | 3614ms
2026-02-23 15:50:24 [INFO]    [PING OK] CA | VLESS | 3531ms
2026-02-23 15:50:24 [INFO]    [PING OK] CA | VLESS | 2570ms
2026-02-23 15:50:24 [INFO]    [PING OK] CA | VLESS | 3851ms
2026-02-23 15:50:28 [INFO] 🏎️ ЭТАП 2: Глубокий замер скорости для 37 иностранных кандидатов...
2026-02-23 15:50:32 [INFO]    🏆 SE | VLESS | Пинг: 3791ms | Скорость: 6.06 Mbps ⚡⚡
2026-02-23 15:50:32 [INFO]    🏆 TR | VLESS | Пинг: 5485ms | Скорость: 6.38 Mbps ⚡⚡
2026-02-23 15:50:32 [INFO]    🏆 HU | VLESS | Пинг: 5266ms | Скорость: 5.72 Mbps ⚡⚡
2026-02-23 15:50:32 [INFO]    🏆 ES | VLESS | Пинг: 5491ms | Скорость: 5.91 Mbps ⚡⚡
2026-02-23 15:50:33 [INFO]    🏆 NL | VLESS | Пинг: 3816ms | Скорость: 4.9 Mbps ⚡⚡
2026-02-23 15:50:34 [INFO]    🏆 PL | VLESS | Пинг: 5324ms | Скорость: 4.34 Mbps ⚡⚡
2026-02-23 15:50:34 [INFO]    🏆 CA | VLESS | Пинг: 5585ms | Скорость: 12.39 Mbps ⚡⚡
2026-02-23 15:50:35 [INFO]    🏆 PL | VLESS | Пинг: 5497ms | Скорость: 11.45 Mbps ⚡⚡
2026-02-23 15:50:35 [INFO]    🏆 PL | VLESS | Пинг: 5374ms | Скорость: 2.44 Mbps ⚡
2026-02-23 15:50:35 [INFO]    🏆 ES | VLESS | Пинг: 5404ms | Скорость: 0.91 Mbps 
2026-02-23 15:50:35 [INFO]    🏆 TR | VLESS | Пинг: 5699ms | Скорость: 9.77 Mbps ⚡⚡
2026-02-23 15:50:36 [INFO]    🏆 IT | VLESS | Пинг: 5778ms | Скорость: 9.17 Mbps ⚡⚡
2026-02-23 15:50:37 [INFO]    🏆 NL | VLESS | Пинг: 5639ms | Скорость: 5.57 Mbps ⚡⚡
2026-02-23 15:50:38 [INFO]    🏆 ES | VLESS | Пинг: 5793ms | Скорость: 4.59 Mbps ⚡⚡
2026-02-23 15:50:38 [INFO]    🏆 HU | VLESS | Пинг: 5942ms | Скорость: 6.82 Mbps ⚡⚡
2026-02-23 15:50:38 [INFO]    🏆 PL | VLESS | Пинг: 6082ms | Скорость: 7.63 Mbps ⚡⚡
2026-02-23 15:50:38 [INFO]    🏆 CA | VLESS | Пинг: 6064ms | Скорость: 7.26 Mbps ⚡⚡
2026-02-23 15:50:38 [INFO]    🏆 TR | VLESS | Пинг: 5947ms | Скорость: 6.68 Mbps ⚡⚡
2026-02-23 15:50:40 [INFO]    🏆 HU | VLESS | Пинг: 5706ms | Скорость: 2.62 Mbps ⚡
2026-02-23 15:50:40 [INFO]    🏆 JP | VLESS | Пинг: 6282ms | Скорость: 4.61 Mbps ⚡⚡
2026-02-23 15:50:40 [INFO]    🏆 DE | VLESS | Пинг: 10740ms | Скорость: 6.71 Mbps ⚡⚡
2026-02-23 15:50:42 [INFO]    🏆 US | VLESS | Пинг: 6180ms | Скорость: 1.96 Mbps ⚡
2026-02-23 15:50:44 [INFO] 📊 Итого в подписке сохранено иностранных серверов: 10
2026-02-23 15:50:44 [INFO] 💾 Файл успешно сохранен: FL1PVPN
