2026-02-15 09:57:17 [INFO] 🚀 START: Smart VLESS Selector (Target: 10, Strict Mode)
2026-02-15 09:57:17 [INFO] 🌐 Загрузка источников...
2026-02-15 09:57:19 [INFO] 🔍 Уникальных конфигов собрано: 420
2026-02-15 09:57:19 [INFO] ⚡ ЭТАП 1: Быстрый замер Пинга (Workers: 25)...
2026-02-15 09:57:20 [INFO]    [PING OK] DE | 406ms
2026-02-15 09:57:21 [INFO]    [PING OK] NL | 463ms
2026-02-15 09:57:22 [INFO]    [PING OK] US | 2073ms
2026-02-15 09:57:23 [INFO]    [PING OK] PL | 103ms
2026-02-15 09:57:23 [INFO]    [PING OK] ES | 1851ms
2026-02-15 09:57:23 [INFO]    [PING OK] CH | 175ms
2026-02-15 09:57:24 [INFO]    [PING OK] PL | 145ms
2026-02-15 09:57:25 [INFO]    [PING OK] NL | 173ms
2026-02-15 09:57:25 [INFO]    [PING OK] ZA | 357ms
2026-02-15 09:57:29 [INFO]    [PING OK] EE | 196ms
2026-02-15 09:57:32 [INFO]    [PING OK] DE | 131ms
2026-02-15 09:57:33 [INFO]    [PING OK] BE | 317ms
2026-02-15 09:57:33 [INFO]    [PING OK] DE | 141ms
2026-02-15 09:57:33 [INFO]    [PING OK] NL | 408ms
2026-02-15 09:57:33 [INFO]    [PING OK] RU | 3172ms
2026-02-15 09:57:34 [INFO]    [PING OK] NL | 404ms
2026-02-15 09:57:35 [INFO]    [PING OK] PL | 169ms
2026-02-15 09:57:36 [INFO]    [PING OK] NL | 188ms
2026-02-15 09:57:37 [INFO]    [PING OK] RU | 416ms
2026-02-15 09:57:38 [INFO]    [PING OK] RU | 307ms
2026-02-15 09:57:38 [INFO]    [PING OK] RU | 105ms
2026-02-15 09:57:38 [INFO]    [PING OK] RU | 314ms
2026-02-15 09:57:39 [INFO]    [PING OK] RU | 1688ms
2026-02-15 09:57:39 [INFO]    [PING OK] RU | 226ms
2026-02-15 09:57:39 [INFO]    [PING OK] RU | 1836ms
2026-02-15 09:57:40 [INFO]    [PING OK] RU | 121ms
2026-02-15 09:57:40 [INFO]    [PING OK] RU | 125ms
2026-02-15 09:57:40 [INFO]    [PING OK] RU | 1199ms
2026-02-15 09:57:40 [INFO]    [PING OK] RU | 418ms
2026-02-15 09:57:40 [INFO]    [PING OK] RU | 356ms
2026-02-15 09:57:40 [INFO]    [PING OK] RU | 1416ms
2026-02-15 09:57:40 [INFO]    [PING OK] RU | 106ms
2026-02-15 09:57:41 [INFO]    [PING OK] RU | 3919ms
2026-02-15 09:57:41 [INFO]    [PING OK] PL | 2797ms
2026-02-15 09:57:41 [INFO]    [PING OK] FI | 344ms
2026-02-15 09:57:41 [INFO]    [PING OK] RU | 229ms
2026-02-15 09:57:42 [INFO]    [PING OK] RU | 2002ms
2026-02-15 09:57:42 [INFO]    [PING OK] RU | 1637ms
2026-02-15 09:57:42 [INFO]    [PING OK] RU | 296ms
2026-02-15 09:57:42 [INFO]    [PING OK] RU | 238ms
2026-02-15 09:57:42 [INFO]    [PING OK] RU | 276ms
2026-02-15 09:57:42 [INFO]    [PING OK] RU | 101ms
2026-02-15 09:57:43 [INFO]    [PING OK] RU | 356ms
2026-02-15 09:57:43 [INFO]    [PING OK] HU | 321ms
2026-02-15 09:57:43 [INFO]    [PING OK] HU | 2094ms
2026-02-15 09:57:43 [INFO]    [PING OK] RU | 108ms
2026-02-15 09:57:43 [INFO]    [PING OK] RU | 132ms
2026-02-15 09:57:43 [INFO]    [PING OK] RU | 2309ms
2026-02-15 09:57:43 [INFO]    [PING OK] RU | 1269ms
2026-02-15 09:57:44 [INFO]    [PING OK] RU | 204ms
2026-02-15 09:57:44 [INFO]    [PING OK] RU | 4856ms
2026-02-15 09:57:44 [INFO]    [PING OK] RU | 309ms
2026-02-15 09:57:44 [INFO]    [PING OK] RU | 422ms
2026-02-15 09:57:45 [INFO]    [PING OK] RU | 333ms
2026-02-15 09:57:45 [INFO]    [PING OK] FI | 190ms
2026-02-15 09:57:45 [INFO]    [PING OK] RU | 316ms
2026-02-15 09:57:45 [INFO]    [PING OK] PL | 210ms
2026-02-15 09:57:45 [INFO]    [PING OK] RU | 934ms
2026-02-15 09:57:45 [INFO]    [PING OK] RU | 156ms
2026-02-15 09:57:45 [INFO]    [PING OK] RU | 290ms
2026-02-15 09:57:46 [INFO]    [PING OK] RU | 413ms
2026-02-15 09:57:46 [INFO]    [PING OK] RU | 264ms
2026-02-15 09:57:46 [INFO]    [PING OK] RU | 478ms
2026-02-15 09:57:46 [INFO]    [PING OK] RU | 193ms
2026-02-15 09:57:46 [INFO]    [PING OK] RU | 881ms
2026-02-15 09:57:46 [INFO]    [PING OK] RU | 280ms
2026-02-15 09:57:46 [INFO]    [PING OK] RU | 1133ms
2026-02-15 09:57:46 [INFO]    [PING OK] CA | 432ms
2026-02-15 09:57:46 [INFO]    [PING OK] RU | 305ms
2026-02-15 09:57:47 [INFO]    [PING OK] RU | 218ms
2026-02-15 09:57:47 [INFO]    [PING OK] RU | 670ms
2026-02-15 09:57:47 [INFO]    [PING OK] RU | 326ms
2026-02-15 09:57:47 [INFO]    [PING OK] RU | 143ms
2026-02-15 09:57:47 [INFO]    [PING OK] RU | 237ms
2026-02-15 09:57:47 [INFO]    [PING OK] RU | 99ms
2026-02-15 09:57:47 [INFO]    [PING OK] RU | 2769ms
2026-02-15 09:57:47 [INFO]    [PING OK] RU | 639ms
2026-02-15 09:57:47 [INFO]    [PING OK] RU | 210ms
2026-02-15 09:57:47 [INFO]    [PING OK] RU | 202ms
2026-02-15 09:57:48 [INFO]    [PING OK] RU | 823ms
2026-02-15 09:57:48 [INFO]    [PING OK] RU | 274ms
2026-02-15 09:57:48 [INFO]    [PING OK] RU | 273ms
2026-02-15 09:57:48 [INFO]    [PING OK] RU | 440ms
2026-02-15 09:57:48 [INFO]    [PING OK] RU | 255ms
2026-02-15 09:57:48 [INFO]    [PING OK] RU | 543ms
2026-02-15 09:57:48 [INFO]    [PING OK] RU | 147ms
2026-02-15 09:57:48 [INFO]    [PING OK] RU | 420ms
2026-02-15 09:57:48 [INFO]    [PING OK] RU | 246ms
2026-02-15 09:57:48 [INFO]    [PING OK] RU | 162ms
2026-02-15 09:57:48 [INFO]    [PING OK] RU | 143ms
2026-02-15 09:57:49 [INFO]    [PING OK] RU | 235ms
2026-02-15 09:57:49 [INFO]    [PING OK] NL | 2357ms
2026-02-15 09:57:49 [INFO]    [PING OK] RU | 332ms
2026-02-15 09:57:49 [INFO]    [PING OK] RU | 235ms
2026-02-15 09:57:49 [INFO]    [PING OK] RU | 332ms
2026-02-15 09:57:49 [INFO]    [PING OK] RU | 1258ms
2026-02-15 09:57:49 [INFO]    [PING OK] RU | 437ms
2026-02-15 09:57:49 [INFO]    [PING OK] US | 141ms
2026-02-15 09:57:49 [INFO]    [PING OK] RU | 4300ms
2026-02-15 09:57:49 [INFO]    [PING OK] RU | 509ms
2026-02-15 09:57:49 [INFO]    [PING OK] RU | 814ms
2026-02-15 09:57:49 [INFO]    [PING OK] RU | 338ms
2026-02-15 09:57:49 [INFO]    [PING OK] RU | 248ms
2026-02-15 09:57:49 [INFO]    [PING OK] RU | 251ms
2026-02-15 09:57:50 [INFO]    [PING OK] RU | 273ms
2026-02-15 09:57:50 [INFO]    [PING OK] RU | 310ms
2026-02-15 09:57:50 [INFO]    [PING OK] RU | 196ms
2026-02-15 09:57:50 [INFO]    [PING OK] RU | 131ms
2026-02-15 09:57:50 [INFO]    [PING OK] RU | 387ms
2026-02-15 09:57:50 [INFO]    [PING OK] RU | 152ms
2026-02-15 09:57:51 [INFO]    [PING OK] RU | 4331ms
2026-02-15 09:57:51 [INFO]    [PING OK] RU | 1392ms
2026-02-15 09:57:52 [INFO]    [PING OK] RU | 2667ms
2026-02-15 09:57:52 [INFO]    [PING OK] RU | 3740ms
2026-02-15 09:57:52 [INFO]    [PING OK] NL | 231ms
2026-02-15 09:57:52 [INFO]    [PING OK] NL | 258ms
2026-02-15 09:57:52 [INFO]    [PING OK] RU | 4865ms
2026-02-15 09:57:52 [INFO]    [PING OK] FI | 210ms
2026-02-15 09:57:52 [INFO]    [PING OK] SC | 1038ms
2026-02-15 09:57:53 [INFO]    [PING OK] RU | 2540ms
2026-02-15 09:57:53 [INFO]    [PING OK] NL | 198ms
2026-02-15 09:57:53 [INFO]    [PING OK] CY | 785ms
2026-02-15 09:57:53 [INFO]    [PING OK] RU | 3412ms
2026-02-15 09:57:53 [INFO]    [PING OK] RU | 3290ms
2026-02-15 09:57:53 [INFO]    [PING OK] NL | 127ms
2026-02-15 09:57:54 [INFO]    [PING OK] ES | 691ms
2026-02-15 09:57:54 [INFO]    [PING OK] NL | 241ms
2026-02-15 09:57:54 [INFO]    [PING OK] DE | 1381ms
2026-02-15 09:57:54 [INFO]    [PING OK] RU | 5011ms
2026-02-15 09:57:55 [INFO]    [PING OK] MD | 193ms
2026-02-15 09:57:55 [INFO]    [PING OK] LV | 381ms
2026-02-15 09:57:55 [INFO]    [PING OK] TR | 551ms
2026-02-15 09:57:56 [INFO]    [PING OK] DE | 503ms
2026-02-15 09:57:56 [INFO]    [PING OK] TR | 422ms
2026-02-15 09:57:56 [INFO]    [PING OK] RU | 503ms
2026-02-15 09:57:56 [INFO]    [PING OK] NL | 206ms
2026-02-15 09:57:57 [INFO]    [PING OK] FI | 177ms
2026-02-15 09:57:57 [INFO]    [PING OK] DE | 139ms
2026-02-15 09:57:57 [INFO]    [PING OK] IQ | 219ms
2026-02-15 09:57:58 [INFO]    [PING OK] NL | 1193ms
2026-02-15 09:57:58 [INFO]    [PING OK] NL | 127ms
2026-02-15 09:58:03 [INFO] 🏎️ ЭТАП 2: Глубокий замер скорости для ТОП-10 серверов...
2026-02-15 09:58:10 [INFO]    🏆 PL | Пинг: 103ms | Скорость: 8.95 Mbps ⚡⚡
2026-02-15 09:58:10 [INFO]    🏆 NL | Пинг: 127ms | Скорость: 9.4 Mbps ⚡⚡
2026-02-15 09:58:10 [INFO]    🏆 NL | Пинг: 127ms | Скорость: 2.75 Mbps ⚡
2026-02-15 09:58:10 [INFO]    🏆 DE | Пинг: 131ms | Скорость: 9.12 Mbps ⚡⚡
2026-02-15 09:58:10 [INFO]    🏆 DE | Пинг: 139ms | Скорость: 0.0 Mbps 
2026-02-15 09:58:10 [INFO]    🏆 DE | Пинг: 141ms | Скорость: 9.07 Mbps ⚡⚡
2026-02-15 09:58:10 [INFO]    🏆 US | Пинг: 141ms | Скорость: 9.69 Mbps ⚡⚡
2026-02-15 09:58:10 [INFO]    🏆 PL | Пинг: 145ms | Скорость: 9.75 Mbps ⚡⚡
2026-02-15 09:58:10 [INFO]    🏆 PL | Пинг: 169ms | Скорость: 9.62 Mbps ⚡⚡
2026-02-15 09:58:10 [INFO]    🏆 RU | Пинг: 99ms | Скорость: 0.0 Mbps 
2026-02-15 09:58:10 [INFO] 🇷🇺 Добавлен RU сервер: 95.163.211.158
2026-02-15 09:58:10 [INFO] 📊 Итого в подписке сохранено: 10 серверов
2026-02-15 09:58:10 [INFO] 💾 Файл успешно сохранен: FL1PVPN
