2026-02-17 02:50:05 [INFO] 🚀 START: Smart VLESS Selector (Target: 10, Strict Mode)
2026-02-17 02:50:05 [INFO] 🌐 Загрузка источников...
2026-02-17 02:50:08 [INFO] 🔍 Уникальных конфигов собрано: 676
2026-02-17 02:50:08 [INFO] ⚡ ЭТАП 1: Быстрый замер Пинга (Workers: 25)...
2026-02-17 02:50:09 [INFO]    [PING OK] RU | 336ms
2026-02-17 02:50:09 [INFO]    [PING OK] DE | 278ms
2026-02-17 02:50:11 [INFO]    [PING OK] DE | 610ms
2026-02-17 02:50:12 [INFO]    [PING OK] DE | 304ms
2026-02-17 02:50:15 [INFO]    [PING OK] DE | 136ms
2026-02-17 02:50:15 [INFO]    [PING OK] DE | 485ms
2026-02-17 02:50:15 [INFO]    [PING OK] DE | 164ms
2026-02-17 02:50:16 [INFO]    [PING OK] NL | 185ms
2026-02-17 02:50:17 [INFO]    [PING OK] DE | 147ms
2026-02-17 02:50:17 [INFO]    [PING OK] DE | 158ms
2026-02-17 02:50:18 [INFO]    [PING OK] FR | 205ms
2026-02-17 02:50:18 [INFO]    [PING OK] DE | 418ms
2026-02-17 02:50:20 [INFO]    [PING OK] RU | 109ms
2026-02-17 02:50:20 [INFO]    [PING OK] RU | 99ms
2026-02-17 02:50:20 [INFO]    [PING OK] RU | 210ms
2026-02-17 02:50:20 [INFO]    [PING OK] RU | 285ms
2026-02-17 02:50:20 [INFO]    [PING OK] RU | 103ms
2026-02-17 02:50:20 [INFO]    [PING OK] NL | 156ms
2026-02-17 02:50:20 [INFO]    [PING OK] RU | 330ms
2026-02-17 02:50:21 [INFO]    [PING OK] RU | 83ms
2026-02-17 02:50:21 [INFO]    [PING OK] DE | 155ms
2026-02-17 02:50:21 [INFO]    [PING OK] RU | 216ms
2026-02-17 02:50:21 [INFO]    [PING OK] HU | 337ms
2026-02-17 02:50:21 [INFO]    [PING OK] RU | 83ms
2026-02-17 02:50:21 [INFO]    [PING OK] EE | 102ms
2026-02-17 02:50:21 [INFO]    [PING OK] RU | 134ms
2026-02-17 02:50:21 [INFO]    [PING OK] RU | 190ms
2026-02-17 02:50:22 [INFO]    [PING OK] RU | 90ms
2026-02-17 02:50:22 [INFO]    [PING OK] RU | 204ms
2026-02-17 02:50:22 [INFO]    [PING OK] RU | 96ms
2026-02-17 02:50:22 [INFO]    [PING OK] HU | 347ms
2026-02-17 02:50:22 [INFO]    [PING OK] RU | 86ms
2026-02-17 02:50:22 [INFO]    [PING OK] RU | 101ms
2026-02-17 02:50:22 [INFO]    [PING OK] RU | 92ms
2026-02-17 02:50:22 [INFO]    [PING OK] US | 209ms
2026-02-17 02:50:22 [INFO]    [PING OK] RU | 302ms
2026-02-17 02:50:23 [INFO]    [PING OK] RU | 173ms
2026-02-17 02:50:23 [INFO]    [PING OK] PL | 149ms
2026-02-17 02:50:23 [INFO]    [PING OK] PL | 173ms
2026-02-17 02:50:23 [INFO]    [PING OK] RU | 290ms
2026-02-17 02:50:23 [INFO]    [PING OK] RU | 256ms
2026-02-17 02:50:23 [INFO]    [PING OK] RU | 235ms
2026-02-17 02:50:23 [INFO]    [PING OK] RU | 331ms
2026-02-17 02:50:23 [INFO]    [PING OK] RU | 287ms
2026-02-17 02:50:23 [INFO]    [PING OK] RU | 196ms
2026-02-17 02:50:23 [INFO]    [PING OK] GB | 260ms
2026-02-17 02:50:23 [INFO]    [PING OK] RU | 332ms
2026-02-17 02:50:24 [INFO]    [PING OK] RU | 44ms
2026-02-17 02:50:24 [INFO]    [PING OK] RU | 307ms
2026-02-17 02:50:24 [INFO]    [PING OK] RU | 93ms
2026-02-17 02:50:24 [INFO]    [PING OK] HU | 342ms
2026-02-17 02:50:24 [INFO]    [PING OK] RU | 240ms
2026-02-17 02:50:24 [INFO]    [PING OK] RU | 231ms
2026-02-17 02:50:24 [INFO]    [PING OK] RU | 130ms
2026-02-17 02:50:24 [INFO]    [PING OK] RU | 947ms
2026-02-17 02:50:24 [INFO]    [PING OK] RU | 68ms
2026-02-17 02:50:24 [INFO]    [PING OK] RU | 272ms
2026-02-17 02:50:24 [INFO]    [PING OK] RU | 66ms
2026-02-17 02:50:24 [INFO]    [PING OK] RU | 210ms
2026-02-17 02:50:24 [INFO]    [PING OK] RU | 184ms
2026-02-17 02:50:24 [INFO]    [PING OK] RU | 59ms
2026-02-17 02:50:24 [INFO]    [PING OK] RU | 763ms
2026-02-17 02:50:25 [INFO]    [PING OK] RU | 222ms
2026-02-17 02:50:25 [INFO]    [PING OK] RU | 184ms
2026-02-17 02:50:25 [INFO]    [PING OK] FI | 126ms
2026-02-17 02:50:25 [INFO]    [PING OK] RU | 344ms
2026-02-17 02:50:25 [INFO]    [PING OK] RU | 75ms
2026-02-17 02:50:25 [INFO]    [PING OK] DE | 261ms
2026-02-17 02:50:25 [INFO]    [PING OK] NL | 1125ms
2026-02-17 02:50:25 [INFO]    [PING OK] RU | 258ms
2026-02-17 02:50:25 [INFO]    [PING OK] RU | 245ms
2026-02-17 02:50:25 [INFO]    [PING OK] RU | 524ms
2026-02-17 02:50:25 [INFO]    [PING OK] RU | 167ms
2026-02-17 02:50:25 [INFO]    [PING OK] RU | 249ms
2026-02-17 02:50:25 [INFO]    [PING OK] RU | 249ms
2026-02-17 02:50:25 [INFO]    [PING OK] PL | 162ms
2026-02-17 02:50:25 [INFO]    [PING OK] RU | 330ms
2026-02-17 02:50:25 [INFO]    [PING OK] RU | 121ms
2026-02-17 02:50:26 [INFO]    [PING OK] RU | 125ms
2026-02-17 02:50:26 [INFO]    [PING OK] RU | 334ms
2026-02-17 02:50:26 [INFO]    [PING OK] RU | 285ms
2026-02-17 02:50:26 [INFO]    [PING OK] DE | 154ms
2026-02-17 02:50:26 [INFO]    [PING OK] RU | 167ms
2026-02-17 02:50:26 [INFO]    [PING OK] DE | 238ms
2026-02-17 02:50:26 [INFO]    [PING OK] RU | 102ms
2026-02-17 02:50:26 [INFO]    [PING OK] RU | 1023ms
2026-02-17 02:50:26 [INFO]    [PING OK] RU | 233ms
2026-02-17 02:50:26 [INFO]    [PING OK] RU | 47ms
2026-02-17 02:50:26 [INFO]    [PING OK] RU | 220ms
2026-02-17 02:50:26 [INFO]    [PING OK] RU | 481ms
2026-02-17 02:50:26 [INFO]    [PING OK] RU | 202ms
2026-02-17 02:50:27 [INFO]    [PING OK] RU | 124ms
2026-02-17 02:50:27 [INFO]    [PING OK] RU | 207ms
2026-02-17 02:50:27 [INFO]    [PING OK] RU | 541ms
2026-02-17 02:50:27 [INFO]    [PING OK] RU | 214ms
2026-02-17 02:50:27 [INFO]    [PING OK] RU | 252ms
2026-02-17 02:50:27 [INFO]    [PING OK] RU | 265ms
2026-02-17 02:50:27 [INFO]    [PING OK] RU | 304ms
2026-02-17 02:50:27 [INFO]    [PING OK] RU | 65ms
2026-02-17 02:50:27 [INFO]    [PING OK] RU | 263ms
2026-02-17 02:50:27 [INFO]    [PING OK] RU | 322ms
2026-02-17 02:50:27 [INFO]    [PING OK] RU | 304ms
2026-02-17 02:50:27 [INFO]    [PING OK] RU | 191ms
2026-02-17 02:50:27 [INFO]    [PING OK] RU | 329ms
2026-02-17 02:50:27 [INFO]    [PING OK] RU | 225ms
2026-02-17 02:50:28 [INFO]    [PING OK] RU | 215ms
2026-02-17 02:50:28 [INFO]    [PING OK] GB | 254ms
2026-02-17 02:50:28 [INFO]    [PING OK] RU | 214ms
2026-02-17 02:50:28 [INFO]    [PING OK] RU | 297ms
2026-02-17 02:50:28 [INFO]    [PING OK] RU | 232ms
2026-02-17 02:50:28 [INFO]    [PING OK] RU | 60ms
2026-02-17 02:50:28 [INFO]    [PING OK] RU | 813ms
2026-02-17 02:50:28 [INFO]    [PING OK] RU | 229ms
2026-02-17 02:50:28 [INFO]    [PING OK] RU | 240ms
2026-02-17 02:50:28 [INFO]    [PING OK] RU | 252ms
2026-02-17 02:50:29 [INFO]    [PING OK] RU | 222ms
2026-02-17 02:50:29 [INFO]    [PING OK] RU | 196ms
2026-02-17 02:50:29 [INFO]    [PING OK] GB | 297ms
2026-02-17 02:50:29 [INFO]    [PING OK] RU | 663ms
2026-02-17 02:50:29 [INFO]    [PING OK] RU | 161ms
2026-02-17 02:50:29 [INFO]    [PING OK] RU | 497ms
2026-02-17 02:50:29 [INFO]    [PING OK] RU | 3549ms
2026-02-17 02:50:29 [INFO]    [PING OK] RU | 1244ms
2026-02-17 02:50:29 [INFO]    [PING OK] LT | 129ms
2026-02-17 02:50:30 [INFO]    [PING OK] NL | 192ms
2026-02-17 02:50:30 [INFO]    [PING OK] RU | 2143ms
2026-02-17 02:50:30 [INFO]    [PING OK] FR | 181ms
2026-02-17 02:50:31 [INFO]    [PING OK] RU | 4275ms
2026-02-17 02:50:31 [INFO]    [PING OK] RU | 148ms
2026-02-17 02:50:32 [INFO]    [PING OK] DE | 114ms
2026-02-17 02:50:37 [INFO]    [PING OK] LT | 132ms
2026-02-17 02:50:40 [INFO]    [PING OK] FR | 187ms
2026-02-17 02:50:41 [INFO]    [PING OK] US | 546ms
2026-02-17 02:50:43 [INFO]    [PING OK] US | 538ms
2026-02-17 02:50:44 [INFO]    [PING OK] RU | 188ms
2026-02-17 02:50:46 [INFO]    [PING OK] PL | 156ms
2026-02-17 02:50:47 [INFO]    [PING OK] PL | 122ms
2026-02-17 02:50:50 [INFO]    [PING OK] RU | 118ms
2026-02-17 02:50:52 [INFO]    [PING OK] DE | 200ms
2026-02-17 02:50:53 [INFO]    [PING OK] RU | 258ms
2026-02-17 02:50:54 [INFO]    [PING OK] BG | 227ms
2026-02-17 02:50:56 [INFO]    [PING OK] NL | 350ms
2026-02-17 02:50:57 [INFO]    [PING OK] FR | 207ms
2026-02-17 02:50:58 [INFO]    [PING OK] RU | 174ms
2026-02-17 02:50:59 [INFO]    [PING OK] FI | 187ms
2026-02-17 02:50:59 [INFO]    [PING OK] US | 616ms
2026-02-17 02:51:02 [INFO]    [PING OK] US | 452ms
2026-02-17 02:51:03 [INFO]    [PING OK] DE | 156ms
2026-02-17 02:51:08 [INFO]    [PING OK] US | 833ms
2026-02-17 02:51:08 [INFO]    [PING OK] DE | 146ms
2026-02-17 02:51:09 [INFO]    [PING OK] NL | 182ms
2026-02-17 02:51:09 [INFO]    [PING OK] PL | 292ms
2026-02-17 02:51:09 [INFO]    [PING OK] CY | 156ms
2026-02-17 02:51:09 [INFO]    [PING OK] PL | 113ms
2026-02-17 02:51:10 [INFO]    [PING OK] LT | 128ms
2026-02-17 02:51:11 [INFO]    [PING OK] PL | 488ms
2026-02-17 02:51:11 [INFO]    [PING OK] EE | 225ms
2026-02-17 02:51:12 [INFO]    [PING OK] FI | 295ms
2026-02-17 02:51:14 [INFO]    [PING OK] DE | 150ms
2026-02-17 02:51:17 [INFO]    [PING OK] US | 555ms
2026-02-17 02:51:17 [INFO]    [PING OK] TR | 271ms
2026-02-17 02:51:18 [INFO]    [PING OK] FR | 564ms
2026-02-17 02:51:18 [INFO]    [PING OK] SE | 190ms
2026-02-17 02:51:19 [INFO]    [PING OK] NL | 185ms
2026-02-17 02:51:21 [INFO]    [PING OK] FR | 654ms
2026-02-17 02:51:23 [INFO]    [PING OK] PL | 650ms
2026-02-17 02:51:25 [INFO]    [PING OK] AT | 1231ms
2026-02-17 02:51:26 [INFO]    [PING OK] NL | 160ms
2026-02-17 02:51:26 [INFO]    [PING OK] GR | 77ms
2026-02-17 02:51:28 [INFO]    [PING OK] US | 224ms
2026-02-17 02:51:28 [INFO]    [PING OK] LV | 161ms
2026-02-17 02:51:29 [INFO]    [PING OK] MD | 157ms
2026-02-17 02:51:34 [INFO] 🏎️ ЭТАП 2: Глубокий замер скорости для ТОП-10 серверов...
2026-02-17 02:51:37 [INFO]    🏆 GR | Пинг: 77ms | Скорость: 8.22 Mbps ⚡⚡
2026-02-17 02:51:37 [INFO]    🏆 EE | Пинг: 102ms | Скорость: 8.14 Mbps ⚡⚡
2026-02-17 02:51:37 [INFO]    🏆 PL | Пинг: 113ms | Скорость: 8.0 Mbps ⚡⚡
2026-02-17 02:51:37 [INFO]    🏆 DE | Пинг: 114ms | Скорость: 8.21 Mbps ⚡⚡
2026-02-17 02:51:37 [INFO]    🏆 PL | Пинг: 122ms | Скорость: 8.05 Mbps ⚡⚡
2026-02-17 02:51:37 [INFO]    🏆 FI | Пинг: 126ms | Скорость: 8.33 Mbps ⚡⚡
2026-02-17 02:51:37 [INFO]    🏆 LT | Пинг: 128ms | Скорость: 8.36 Mbps ⚡⚡
2026-02-17 02:51:37 [INFO]    🏆 LT | Пинг: 129ms | Скорость: 8.51 Mbps ⚡⚡
2026-02-17 02:51:37 [INFO]    🏆 LT | Пинг: 132ms | Скорость: 8.39 Mbps ⚡⚡
2026-02-17 02:51:37 [INFO]    🏆 RU | Пинг: 44ms | Скорость: 8.47 Mbps ⚡⚡
2026-02-17 02:51:37 [INFO] 🇷🇺 Добавлен RU сервер: 87.242.103.184
2026-02-17 02:51:37 [INFO] 📊 Итого в подписке сохранено: 10 серверов
2026-02-17 02:51:37 [INFO] 💾 Файл успешно сохранен: FL1PVPN
