2026-02-24 11:10:06 [INFO] 🚀 START: Smart Selector (Target: 10, ONLY FOREIGN)
2026-02-24 11:10:06 [INFO] 🌐 Загрузка источников (VLESS + VMess)...
2026-02-24 11:10:06 [INFO] 🔍 Уникальных конфигов собрано: 231
2026-02-24 11:10:06 [INFO] ⚡ ЭТАП 1: Замер Пинга и Геолокации. Workers: 40...
2026-02-24 11:10:12 [INFO]    [PING OK] HU | VLESS | 4111ms
2026-02-24 11:10:12 [INFO]    [PING OK] ES | VLESS | 4454ms
2026-02-24 11:10:12 [INFO]    [PING OK] ES | VLESS | 4736ms
2026-02-24 11:10:12 [INFO]    [PING OK] EE | VLESS | 4927ms
2026-02-24 11:10:12 [INFO]    [PING OK] HU | VLESS | 4778ms
2026-02-24 11:10:12 [INFO]    [PING OK] IT | VLESS | 4764ms
2026-02-24 11:10:13 [INFO]    [PING OK] HU | VLESS | 4798ms
2026-02-24 11:10:13 [INFO]    [PING OK] PL | VLESS | 4527ms
2026-02-24 11:10:13 [INFO]    [PING OK] IT | VLESS | 4866ms
2026-02-24 11:10:13 [INFO]    [PING OK] ES | VLESS | 4881ms
2026-02-24 11:10:13 [INFO]    [PING OK] DE | VLESS | 4840ms
2026-02-24 11:10:14 [INFO]    [PING OK] DE | VLESS | 5180ms
2026-02-24 11:10:14 [INFO]    [PING OK] DE | VLESS | 4535ms
2026-02-24 11:10:14 [INFO]    [PING OK] TR | VLESS | 4618ms
2026-02-24 11:10:14 [INFO]    [PING OK] ES | VLESS | 4353ms
2026-02-24 11:10:14 [INFO]    [PING OK] TR | VLESS | 4766ms
2026-02-24 11:10:14 [INFO]    [PING OK] HU | VLESS | 4791ms
2026-02-24 11:10:16 [INFO]    [PING OK] PL | VLESS | 4752ms
2026-02-24 11:10:16 [INFO]    [PING OK] TR | VLESS | 8709ms
2026-02-24 11:10:17 [INFO]    [PING OK] PL | VLESS | 4274ms
2026-02-24 11:10:17 [INFO]    [PING OK] FI | VLESS | 3816ms
2026-02-24 11:10:18 [INFO]    [PING OK] ES | VLESS | 4138ms
2026-02-24 11:10:18 [INFO]    [PING OK] NL | VLESS | 4847ms
2026-02-24 11:10:18 [INFO]    [PING OK] NL | VLESS | 6243ms
2026-02-24 11:10:18 [INFO]    [PING OK] LV | VLESS | 4851ms
2026-02-24 11:10:18 [INFO]    [PING OK] PL | VLESS | 3681ms
2026-02-24 11:10:18 [INFO]    [PING OK] NL | VLESS | 4156ms
2026-02-24 11:10:18 [INFO]    [PING OK] NL | VLESS | 5729ms
2026-02-24 11:10:19 [INFO]    [PING OK] TR | VLESS | 3379ms
2026-02-24 11:10:19 [INFO]    [PING OK] EE | VLESS | 3454ms
2026-02-24 11:10:19 [INFO]    [PING OK] NL | VLESS | 5792ms
2026-02-24 11:10:19 [INFO]    [PING OK] NL | VLESS | 3289ms
2026-02-24 11:10:20 [INFO]    [PING OK] PL | VLESS | 3648ms
2026-02-24 11:10:20 [INFO]    [PING OK] DE | VLESS | 3767ms
2026-02-24 11:10:22 [INFO]    [PING OK] ES | VLESS | 4334ms
2026-02-24 11:10:22 [INFO]    [PING OK] HU | VLESS | 4319ms
2026-02-24 11:10:23 [INFO]    [PING OK] PL | VLESS | 4345ms
2026-02-24 11:10:23 [INFO]    [PING OK] TR | VLESS | 4455ms
2026-02-24 11:10:24 [INFO]    [PING OK] DE | VLESS | 4135ms
2026-02-24 11:10:25 [INFO]    [PING OK] DE | VLESS | 5538ms
2026-02-24 11:10:25 [INFO]    [PING OK] DE | VLESS | 4210ms
2026-02-24 11:10:25 [INFO]    [PING OK] DE | VLESS | 4190ms
2026-02-24 11:10:25 [INFO]    [PING OK] DE | VLESS | 4224ms
2026-02-24 11:10:27 [INFO]    [PING OK] NL | VLESS | 4161ms
2026-02-24 11:10:28 [INFO]    [PING OK] EE | VLESS | 4112ms
2026-02-24 11:10:28 [INFO]    [PING OK] DE | VLESS | 4216ms
2026-02-24 11:10:28 [INFO]    [PING OK] KZ | VLESS | 4298ms
2026-02-24 11:10:28 [INFO]    [PING OK] DE | VLESS | 4199ms
2026-02-24 11:10:28 [INFO]    [PING OK] SG | VLESS | 4517ms
2026-02-24 11:10:29 [INFO]    [PING OK] DE | VLESS | 3845ms
2026-02-24 11:10:30 [INFO]    [PING OK] DE | VLESS | 3996ms
2026-02-24 11:10:30 [INFO]    [PING OK] DE | VLESS | 3361ms
2026-02-24 11:10:31 [INFO]    [PING OK] NL | VLESS | 3435ms
2026-02-24 11:10:32 [INFO]    [PING OK] NL | VLESS | 2505ms
2026-02-24 11:10:34 [INFO]    [PING OK] US | VLESS | 4723ms
2026-02-24 11:10:37 [INFO] 🏎️ ЭТАП 2: Глубокий замер скорости для 40 иностранных кандидатов...
2026-02-24 11:10:42 [INFO]    🏆 PL | VLESS | Пинг: 3681ms | Скорость: 5.4 Mbps ⚡⚡
2026-02-24 11:10:42 [INFO]    🏆 DE | VLESS | Пинг: 4135ms | Скорость: 5.53 Mbps ⚡⚡
2026-02-24 11:10:42 [INFO]    🏆 DE | VLESS | Пинг: 3996ms | Скорость: 5.42 Mbps ⚡⚡
2026-02-24 11:10:42 [INFO]    🏆 HU | VLESS | Пинг: 4111ms | Скорость: 5.49 Mbps ⚡⚡
2026-02-24 11:10:42 [INFO]    🏆 PL | VLESS | Пинг: 3648ms | Скорость: 5.23 Mbps ⚡⚡
2026-02-24 11:10:42 [INFO]    🏆 TR | VLESS | Пинг: 3379ms | Скорость: 5.16 Mbps ⚡⚡
2026-02-24 11:10:42 [INFO]    🏆 EE | VLESS | Пинг: 4112ms | Скорость: 5.38 Mbps ⚡⚡
2026-02-24 11:10:42 [INFO]    🏆 NL | VLESS | Пинг: 2505ms | Скорость: 4.99 Mbps ⚡⚡
2026-02-24 11:10:42 [INFO]    🏆 DE | VLESS | Пинг: 3361ms | Скорость: 5.02 Mbps ⚡⚡
2026-02-24 11:10:42 [INFO]    🏆 FI | VLESS | Пинг: 3816ms | Скорость: 5.07 Mbps ⚡⚡
2026-02-24 11:10:42 [INFO]    🏆 DE | VLESS | Пинг: 3845ms | Скорость: 5.12 Mbps ⚡⚡
2026-02-24 11:10:42 [INFO]    🏆 EE | VLESS | Пинг: 3454ms | Скорость: 4.96 Mbps ⚡⚡
2026-02-24 11:10:44 [INFO]    🏆 ES | VLESS | Пинг: 4138ms | Скорость: 12.86 Mbps ⚡⚡
2026-02-24 11:10:46 [INFO]    🏆 NL | VLESS | Пинг: 4161ms | Скорость: 6.34 Mbps ⚡⚡
2026-02-24 11:10:46 [INFO]    🏆 DE | VLESS | Пинг: 4199ms | Скорость: 6.37 Mbps ⚡⚡
2026-02-24 11:10:46 [INFO]    🏆 PL | VLESS | Пинг: 4345ms | Скорость: 6.47 Mbps ⚡⚡
2026-02-24 11:10:46 [INFO]    🏆 PL | VLESS | Пинг: 4274ms | Скорость: 6.23 Mbps ⚡⚡
2026-02-24 11:10:46 [INFO]    🏆 DE | VLESS | Пинг: 4210ms | Скорость: 6.16 Mbps ⚡⚡
2026-02-24 11:10:46 [INFO]    🏆 DE | VLESS | Пинг: 4216ms | Скорость: 6.19 Mbps ⚡⚡
2026-02-24 11:10:46 [INFO]    🏆 ES | VLESS | Пинг: 4334ms | Скорость: 6.33 Mbps ⚡⚡
2026-02-24 11:10:46 [INFO]    🏆 ES | VLESS | Пинг: 4353ms | Скорость: 6.55 Mbps ⚡⚡
2026-02-24 11:10:46 [INFO]    🏆 HU | VLESS | Пинг: 4319ms | Скорость: 6.15 Mbps ⚡⚡
2026-02-24 11:10:46 [INFO]    🏆 DE | VLESS | Пинг: 4224ms | Скорость: 6.06 Mbps ⚡⚡
2026-02-24 11:10:46 [INFO]    🏆 DE | VLESS | Пинг: 4190ms | Скорость: 5.85 Mbps ⚡⚡
2026-02-24 11:10:47 [INFO]    🏆 KZ | VLESS | Пинг: 4298ms | Скорость: 5.43 Mbps ⚡⚡
2026-02-24 11:10:48 [INFO]    🏆 ES | VLESS | Пинг: 4454ms | Скорость: 7.06 Mbps ⚡⚡
2026-02-24 11:10:48 [INFO]    🏆 PL | VLESS | Пинг: 4527ms | Скорость: 12.8 Mbps ⚡⚡
2026-02-24 11:10:48 [INFO]    🏆 SG | VLESS | Пинг: 4517ms | Скорость: 9.7 Mbps ⚡⚡
2026-02-24 11:10:49 [INFO]    🏆 IT | VLESS | Пинг: 4764ms | Скорость: 9.21 Mbps ⚡⚡
2026-02-24 11:10:49 [INFO]    🏆 TR | VLESS | Пинг: 4618ms | Скорость: 8.86 Mbps ⚡⚡
2026-02-24 11:10:49 [INFO]    🏆 PL | VLESS | Пинг: 4752ms | Скорость: 8.95 Mbps ⚡⚡
2026-02-24 11:10:51 [INFO]    🏆 US | VLESS | Пинг: 4723ms | Скорость: 4.71 Mbps ⚡⚡
2026-02-24 11:10:51 [INFO]    🏆 TR | VLESS | Пинг: 4455ms | Скорость: 2.79 Mbps ⚡
2026-02-24 11:10:52 [INFO]    🏆 DE | VLESS | Пинг: 4535ms | Скорость: 3.59 Mbps ⚡⚡
2026-02-24 11:10:53 [INFO]    🏆 ES | VLESS | Пинг: 4736ms | Скорость: 1.02 Mbps 
2026-02-24 11:10:53 [INFO]    🏆 TR | VLESS | Пинг: 4766ms | Скорость: 2.95 Mbps ⚡
2026-02-24 11:10:53 [INFO] 📊 Итого в подписке сохранено иностранных серверов: 10
2026-02-24 11:10:53 [INFO] 💾 Файл успешно сохранен: FL1PVPN
