2026-02-26 05:40:06 [INFO] 🚀 START: Smart Selector (Target: 10, ONLY FOREIGN)
2026-02-26 05:40:06 [INFO] 🌐 Загрузка источников (VLESS + VMess)...
2026-02-26 05:40:08 [INFO] 🔍 Уникальных конфигов собрано: 617
2026-02-26 05:40:08 [INFO] ⚡ ЭТАП 1: Замер Пинга и Геолокации. Workers: 40...
2026-02-26 05:40:14 [INFO]    [PING OK] NL | VLESS | 4456ms
2026-02-26 05:40:14 [INFO]    [PING OK] FI | VLESS | 4788ms
2026-02-26 05:40:14 [INFO]    [PING OK] DE | VLESS | 4743ms
2026-02-26 05:40:14 [INFO]    [PING OK] NL | VLESS | 4935ms
2026-02-26 05:40:14 [INFO]    [PING OK] NL | VLESS | 4609ms
2026-02-26 05:40:14 [INFO]    [PING OK] NL | VLESS | 4709ms
2026-02-26 05:40:15 [INFO]    [PING OK] JP | VLESS | 5030ms
2026-02-26 05:40:15 [INFO]    [PING OK] DE | VLESS | 3989ms
2026-02-26 05:40:15 [INFO]    [PING OK] PL | VLESS | 4431ms
2026-02-26 05:40:15 [INFO]    [PING OK] HU | VLESS | 4967ms
2026-02-26 05:40:15 [INFO]    [PING OK] DE | VLESS | 4128ms
2026-02-26 05:40:15 [INFO]    [PING OK] PL | VLESS | 5259ms
2026-02-26 05:40:16 [INFO]    [PING OK] NL | VLESS | 4253ms
2026-02-26 05:40:16 [INFO]    [PING OK] TR | VLESS | 5846ms
2026-02-26 05:40:17 [INFO]    [PING OK] FI | VLESS | 4179ms
2026-02-26 05:40:19 [INFO]    [PING OK] NL | VLESS | 4415ms
2026-02-26 05:40:21 [INFO]    [PING OK] FI | VLESS | 5171ms
2026-02-26 05:40:21 [INFO]    [PING OK] FI | VLESS | 5366ms
2026-02-26 05:40:21 [INFO]    [PING OK] NL | VLESS | 5174ms
2026-02-26 05:40:21 [INFO]    [PING OK] DE | VLESS | 5049ms
2026-02-26 05:40:22 [INFO]    [PING OK] NL | VLESS | 5040ms
2026-02-26 05:40:23 [INFO]    [PING OK] US | VLESS | 5568ms
2026-02-26 05:40:23 [INFO]    [PING OK] DE | VLESS | 5925ms
2026-02-26 05:40:24 [INFO]    [PING OK] EE | VLESS | 5693ms
2026-02-26 05:40:25 [INFO]    [PING OK] NL | VLESS | 5497ms
2026-02-26 05:40:26 [INFO]    [PING OK] PL | VLESS | 5638ms
2026-02-26 05:40:26 [INFO]    [PING OK] DE | VLESS | 5552ms
2026-02-26 05:40:27 [INFO]    [PING OK] LT | VLESS | 5257ms
2026-02-26 05:40:27 [INFO]    [PING OK] DE | VLESS | 4975ms
2026-02-26 05:40:28 [INFO]    [PING OK] US | VLESS | 5453ms
2026-02-26 05:40:28 [INFO]    [PING OK] NG | VLESS | 6113ms
2026-02-26 05:40:28 [INFO]    [PING OK] DE | VLESS | 5712ms
2026-02-26 05:40:28 [INFO]    [PING OK] NL | VLESS | 5519ms
2026-02-26 05:40:28 [INFO]    [PING OK] PL | VLESS | 5718ms
2026-02-26 05:40:28 [INFO]    [PING OK] NL | VLESS | 5665ms
2026-02-26 05:40:29 [INFO]    [PING OK] DE | VLESS | 5619ms
2026-02-26 05:40:30 [INFO]    [PING OK] NL | VLESS | 5275ms
2026-02-26 05:40:31 [INFO]    [PING OK] NL | VLESS | 5439ms
2026-02-26 05:40:31 [INFO]    [PING OK] FI | VLESS | 5449ms
2026-02-26 05:40:31 [INFO]    [PING OK] JP | VLESS | 5756ms
2026-02-26 05:40:32 [INFO]    [PING OK] PL | VLESS | 6062ms
2026-02-26 05:40:33 [INFO]    [PING OK] US | VLESS | 6214ms
2026-02-26 05:40:33 [INFO]    [PING OK] PL | VLESS | 5228ms
2026-02-26 05:40:34 [INFO]    [PING OK] CA | VLESS | 4561ms
2026-02-26 05:40:35 [INFO]    [PING OK] DE | VLESS | 4510ms
2026-02-26 05:40:35 [INFO]    [PING OK] NL | VLESS | 4485ms
2026-02-26 05:40:35 [INFO]    [PING OK] NO | VLESS | 4646ms
2026-02-26 05:40:35 [INFO]    [PING OK] NL | VLESS | 4945ms
2026-02-26 05:40:36 [INFO]    [PING OK] TR | VLESS | 4866ms
2026-02-26 05:40:36 [INFO]    [PING OK] TR | VLESS | 5621ms
2026-02-26 05:40:36 [INFO]    [PING OK] JP | VLESS | 5127ms
2026-02-26 05:40:37 [INFO]    [PING OK] US | VLESS | 4857ms
2026-02-26 05:40:38 [INFO]    [PING OK] US | VLESS | 4880ms
2026-02-26 05:40:39 [INFO]    [PING OK] LT | VLESS | 5973ms
2026-02-26 05:40:39 [INFO]    [PING OK] NL | VLESS | 4645ms
2026-02-26 05:40:40 [INFO]    [PING OK] LT | VLESS | 5265ms
2026-02-26 05:40:40 [INFO]    [PING OK] US | VLESS | 4883ms
2026-02-26 05:40:40 [INFO]    [PING OK] NL | VLESS | 4666ms
2026-02-26 05:40:40 [INFO]    [PING OK] HK | VLESS | 5327ms
2026-02-26 05:40:41 [INFO]    [PING OK] DE | VLESS | 4972ms
2026-02-26 05:40:41 [INFO]    [PING OK] IT | VLESS | 5018ms
2026-02-26 05:40:41 [INFO]    [PING OK] PL | VLESS | 4969ms
2026-02-26 05:40:43 [INFO]    [PING OK] HU | VLESS | 6690ms
2026-02-26 05:40:43 [INFO]    [PING OK] LT | VLESS | 5258ms
2026-02-26 05:40:43 [INFO]    [PING OK] PL | VLESS | 5864ms
2026-02-26 05:40:43 [INFO]    [PING OK] ES | VLESS | 5603ms
2026-02-26 05:40:44 [INFO]    [PING OK] PL | VLESS | 6163ms
2026-02-26 05:40:45 [INFO]    [PING OK] ES | VLESS | 5963ms
2026-02-26 05:40:45 [INFO]    [PING OK] IT | VLESS | 6019ms
2026-02-26 05:40:46 [INFO]    [PING OK] DE | VLESS | 6662ms
2026-02-26 05:40:47 [INFO]    [PING OK] JP | VLESS | 6654ms
2026-02-26 05:40:47 [INFO]    [PING OK] DE | VLESS | 5970ms
2026-02-26 05:40:48 [INFO]    [PING OK] FR | VLESS | 7593ms
2026-02-26 05:40:49 [INFO]    [PING OK] PL | VLESS | 7024ms
2026-02-26 05:40:49 [INFO]    [PING OK] CA | VLESS | 7744ms
2026-02-26 05:40:49 [INFO]    [PING OK] DE | VLESS | 4416ms
2026-02-26 05:40:49 [INFO]    [PING OK] PL | VLESS | 7026ms
2026-02-26 05:40:49 [INFO]    [PING OK] KZ | VLESS | 5424ms
2026-02-26 05:40:49 [INFO]    [PING OK] DE | VLESS | 4457ms
2026-02-26 05:40:49 [INFO]    [PING OK] TR | VLESS | 5650ms
2026-02-26 05:40:50 [INFO]    [PING OK] CH | VLESS | 4458ms
2026-02-26 05:40:50 [INFO]    [PING OK] IT | VLESS | 4604ms
2026-02-26 05:40:50 [INFO]    [PING OK] JP | VLESS | 4760ms
2026-02-26 05:40:50 [INFO]    [PING OK] PL | VLESS | 4060ms
2026-02-26 05:40:51 [INFO]    [PING OK] ES | VLESS | 4225ms
2026-02-26 05:40:51 [INFO]    [PING OK] JP | VLESS | 4370ms
2026-02-26 05:40:53 [INFO]    [PING OK] PL | VLESS | 4344ms
2026-02-26 05:40:53 [INFO]    [PING OK] NL | VLESS | 4442ms
2026-02-26 05:40:53 [INFO]    [PING OK] ES | VLESS | 4478ms
2026-02-26 05:40:53 [INFO]    [PING OK] HK | VLESS | 6166ms
2026-02-26 05:40:54 [INFO]    [PING OK] US | VLESS | 6907ms
2026-02-26 05:40:54 [INFO]    [PING OK] FI | VLESS | 4279ms
2026-02-26 05:40:54 [INFO]    [PING OK] ES | VLESS | 4309ms
2026-02-26 05:40:55 [INFO]    [PING OK] JP | VLESS | 4561ms
2026-02-26 05:40:55 [INFO]    [PING OK] NL | VLESS | 4417ms
2026-02-26 05:40:55 [INFO]    [PING OK] PL | VLESS | 4270ms
2026-02-26 05:40:55 [INFO]    [PING OK] TR | VLESS | 4237ms
2026-02-26 05:40:56 [INFO]    [PING OK] IT | VLESS | 4651ms
2026-02-26 05:40:56 [INFO]    [PING OK] DE | VLESS | 5003ms
2026-02-26 05:40:56 [INFO]    [PING OK] EE | VLESS | 5019ms
2026-02-26 05:40:57 [INFO]    [PING OK] HU | VLESS | 5054ms
2026-02-26 05:40:57 [INFO]    [PING OK] PL | VLESS | 5033ms
2026-02-26 05:40:57 [INFO]    [PING OK] LV | VLESS | 4371ms
2026-02-26 05:40:58 [INFO]    [PING OK] NL | VLESS | 4828ms
2026-02-26 05:40:59 [INFO]    [PING OK] SE | VLESS | 8236ms
2026-02-26 05:40:59 [INFO]    [PING OK] AE | VLESS | 5267ms
2026-02-26 05:40:59 [INFO]    [PING OK] EE | VLESS | 4649ms
2026-02-26 05:40:59 [INFO]    [PING OK] NO | VLESS | 5764ms
2026-02-26 05:40:59 [INFO]    [PING OK] JP | VLESS | 4870ms
2026-02-26 05:41:00 [INFO]    [PING OK] US | VLESS | 5434ms
2026-02-26 05:41:00 [INFO]    [PING OK] TR | VLESS | 4318ms
2026-02-26 05:41:00 [INFO]    [PING OK] PL | VLESS | 4853ms
2026-02-26 05:41:00 [INFO]    [PING OK] US | VLESS | 5169ms
2026-02-26 05:41:00 [INFO]    [PING OK] LV | VLESS | 4666ms
2026-02-26 05:41:00 [INFO]    [PING OK] PL | VLESS | 4351ms
2026-02-26 05:41:01 [INFO]    [PING OK] DE | VLESS | 4415ms
2026-02-26 05:41:01 [INFO]    [PING OK] FI | VLESS | 4105ms
2026-02-26 05:41:01 [INFO]    [PING OK] NL | VLESS | 4173ms
2026-02-26 05:41:02 [INFO]    [PING OK] PL | VLESS | 4536ms
2026-02-26 05:41:02 [INFO]    [PING OK] NL | VLESS | 4999ms
2026-02-26 05:41:02 [INFO]    [PING OK] NL | VLESS | 4925ms
2026-02-26 05:41:02 [INFO]    [PING OK] NL | VLESS | 4760ms
2026-02-26 05:41:03 [INFO]    [PING OK] FR | VLESS | 5010ms
2026-02-26 05:41:03 [INFO]    [PING OK] TR | VLESS | 4810ms
2026-02-26 05:41:03 [INFO]    [PING OK] IT | VLESS | 4793ms
2026-02-26 05:41:03 [INFO]    [PING OK] US | VLESS | 4560ms
2026-02-26 05:41:04 [INFO]    [PING OK] NL | VLESS | 4570ms
2026-02-26 05:41:04 [INFO]    [PING OK] DE | VLESS | 4444ms
2026-02-26 05:41:04 [INFO]    [PING OK] NL | VLESS | 4713ms
2026-02-26 05:41:04 [INFO]    [PING OK] FI | VLESS | 4309ms
2026-02-26 05:41:04 [INFO]    [PING OK] DE | VLESS | 4453ms
2026-02-26 05:41:04 [INFO]    [PING OK] PL | VLESS | 4723ms
2026-02-26 05:41:05 [INFO]    [PING OK] FI | VLESS | 4409ms
2026-02-26 05:41:06 [INFO]    [PING OK] PL | VLESS | 4658ms
2026-02-26 05:41:06 [INFO]    [PING OK] PL | VLESS | 4761ms
2026-02-26 05:41:06 [INFO]    [PING OK] DE | VLESS | 4784ms
2026-02-26 05:41:06 [INFO]    [PING OK] CH | VLESS | 4703ms
2026-02-26 05:41:06 [INFO]    [PING OK] PL | VLESS | 4770ms
2026-02-26 05:41:06 [INFO]    [PING OK] PL | VLESS | 4847ms
2026-02-26 05:41:07 [INFO]    [PING OK] IT | VLESS | 5025ms
2026-02-26 05:41:07 [INFO]    [PING OK] IT | VLESS | 4798ms
2026-02-26 05:41:07 [INFO]    [PING OK] KZ | VLESS | 4862ms
2026-02-26 05:41:07 [INFO]    [PING OK] DE | VLESS | 4850ms
2026-02-26 05:41:08 [INFO]    [PING OK] NL | VLESS | 5509ms
2026-02-26 05:41:08 [INFO]    [PING OK] FI | VLESS | 5006ms
2026-02-26 05:41:08 [INFO]    [PING OK] CA | VLESS | 5409ms
2026-02-26 05:41:09 [INFO]    [PING OK] PL | VLESS | 5489ms
2026-02-26 05:41:09 [INFO]    [PING OK] DE | VLESS | 5012ms
2026-02-26 05:41:10 [INFO]    [PING OK] NL | VLESS | 5038ms
2026-02-26 05:41:11 [INFO]    [PING OK] CA | VLESS | 5674ms
2026-02-26 05:41:11 [INFO]    [PING OK] LV | VLESS | 4832ms
2026-02-26 05:41:12 [INFO]    [PING OK] US | VLESS | 6759ms
2026-02-26 05:41:12 [INFO]    [PING OK] DE | VLESS | 5000ms
2026-02-26 05:41:12 [INFO]    [PING OK] NL | VLESS | 5098ms
2026-02-26 05:41:12 [INFO]    [PING OK] DE | VLESS | 5367ms
2026-02-26 05:41:12 [INFO]    [PING OK] US | VLESS | 5115ms
2026-02-26 05:41:13 [INFO]    [PING OK] DE | VLESS | 4929ms
2026-02-26 05:41:13 [INFO]    [PING OK] GB | VLESS | 4763ms
2026-02-26 05:41:14 [INFO]    [PING OK] SG | VLESS | 4692ms
2026-02-26 05:41:14 [INFO]    [PING OK] FR | VLESS | 4155ms
2026-02-26 05:41:15 [INFO]    [PING OK] NL | VLESS | 2383ms
2026-02-26 05:41:15 [INFO]    [PING OK] US | VLESS | 3247ms
2026-02-26 05:41:19 [INFO] 🏎️ ЭТАП 2: Глубокий замер скорости для 40 иностранных кандидатов...
2026-02-26 05:41:23 [INFO]    🏆 FI | VLESS | Пинг: 4279ms | Скорость: 7.02 Mbps ⚡⚡
2026-02-26 05:41:23 [INFO]    🏆 FI | VLESS | Пинг: 4179ms | Скорость: 6.84 Mbps ⚡⚡
2026-02-26 05:41:23 [INFO]    🏆 NL | VLESS | Пинг: 2383ms | Скорость: 6.52 Mbps ⚡⚡
2026-02-26 05:41:23 [INFO]    🏆 DE | VLESS | Пинг: 3989ms | Скорость: 6.51 Mbps ⚡⚡
2026-02-26 05:41:23 [INFO]    🏆 PL | VLESS | Пинг: 4060ms | Скорость: 6.27 Mbps ⚡⚡
2026-02-26 05:41:23 [INFO]    🏆 NL | VLESS | Пинг: 4173ms | Скорость: 6.28 Mbps ⚡⚡
2026-02-26 05:41:24 [INFO]    🏆 US | VLESS | Пинг: 3247ms | Скорость: 5.81 Mbps ⚡⚡
2026-02-26 05:41:24 [INFO]    🏆 PL | VLESS | Пинг: 4270ms | Скорость: 6.26 Mbps ⚡⚡
2026-02-26 05:41:24 [INFO]    🏆 ES | VLESS | Пинг: 4309ms | Скорость: 6.25 Mbps ⚡⚡
2026-02-26 05:41:24 [INFO]    🏆 ES | VLESS | Пинг: 4225ms | Скорость: 6.01 Mbps ⚡⚡
2026-02-26 05:41:24 [INFO]    🏆 TR | VLESS | Пинг: 4237ms | Скорость: 5.97 Mbps ⚡⚡
2026-02-26 05:41:25 [INFO]    🏆 FR | VLESS | Пинг: 4155ms | Скорость: 4.09 Mbps ⚡⚡
2026-02-26 05:41:26 [INFO]    🏆 FI | VLESS | Пинг: 4105ms | Скорость: 1.24 Mbps 
2026-02-26 05:41:26 [INFO]    🏆 NL | VLESS | Пинг: 4253ms | Скорость: 1.93 Mbps ⚡
2026-02-26 05:41:27 [INFO]    🏆 PL | VLESS | Пинг: 4351ms | Скорость: 6.8 Mbps ⚡⚡
2026-02-26 05:41:27 [INFO]    🏆 PL | VLESS | Пинг: 4344ms | Скорость: 6.69 Mbps ⚡⚡
2026-02-26 05:41:27 [INFO]    🏆 LV | VLESS | Пинг: 4371ms | Скорость: 6.95 Mbps ⚡⚡
2026-02-26 05:41:27 [INFO]    🏆 FI | VLESS | Пинг: 4309ms | Скорость: 6.48 Mbps ⚡⚡
2026-02-26 05:41:27 [INFO]    🏆 DE | VLESS | Пинг: 4416ms | Скорость: 7.3 Mbps ⚡⚡
2026-02-26 05:41:27 [INFO]    🏆 TR | VLESS | Пинг: 4318ms | Скорость: 6.41 Mbps ⚡⚡
2026-02-26 05:41:27 [INFO]    🏆 PL | VLESS | Пинг: 4431ms | Скорость: 7.17 Mbps ⚡⚡
2026-02-26 05:41:27 [INFO]    🏆 NL | VLESS | Пинг: 4415ms | Скорость: 6.89 Mbps ⚡⚡
2026-02-26 05:41:28 [INFO]    🏆 NL | VLESS | Пинг: 4417ms | Скорость: 6.5 Mbps ⚡⚡
2026-02-26 05:41:29 [INFO]    🏆 JP | VLESS | Пинг: 4370ms | Скорость: 4.53 Mbps ⚡⚡
2026-02-26 05:41:29 [INFO]    🏆 NL | VLESS | Пинг: 4442ms | Скорость: 6.43 Mbps ⚡⚡
2026-02-26 05:41:29 [INFO]    🏆 DE | VLESS | Пинг: 4444ms | Скорость: 10.41 Mbps ⚡⚡
2026-02-26 05:41:29 [INFO]    🏆 DE | VLESS | Пинг: 4453ms | Скорость: 9.85 Mbps ⚡⚡
2026-02-26 05:41:30 [INFO]    🏆 FI | VLESS | Пинг: 4409ms | Скорость: 0.79 Mbps 
2026-02-26 05:41:30 [INFO]    🏆 DE | VLESS | Пинг: 4415ms | Скорость: 2.63 Mbps ⚡
2026-02-26 05:41:31 [INFO]    🏆 NL | VLESS | Пинг: 4456ms | Скорость: 7.37 Mbps ⚡⚡
2026-02-26 05:41:31 [INFO]    🏆 PL | VLESS | Пинг: 4536ms | Скорость: 7.88 Mbps ⚡⚡
2026-02-26 05:41:31 [INFO]    🏆 CH | VLESS | Пинг: 4458ms | Скорость: 7.34 Mbps ⚡⚡
2026-02-26 05:41:31 [INFO]    🏆 DE | VLESS | Пинг: 4510ms | Скорость: 7.48 Mbps ⚡⚡
2026-02-26 05:41:31 [INFO]    🏆 NL | VLESS | Пинг: 4485ms | Скорость: 7.41 Mbps ⚡⚡
2026-02-26 05:41:31 [INFO]    🏆 DE | VLESS | Пинг: 4457ms | Скорость: 7.08 Mbps ⚡⚡
2026-02-26 05:41:31 [INFO]    🏆 ES | VLESS | Пинг: 4478ms | Скорость: 7.15 Mbps ⚡⚡
2026-02-26 05:41:31 [INFO]    🏆 CA | VLESS | Пинг: 4561ms | Скорость: 7.92 Mbps ⚡⚡
2026-02-26 05:41:31 [INFO]    🏆 US | VLESS | Пинг: 4560ms | Скорость: 7.31 Mbps ⚡⚡
2026-02-26 05:41:32 [INFO]    🏆 JP | VLESS | Пинг: 4561ms | Скорость: 7.22 Mbps ⚡⚡
2026-02-26 05:41:32 [INFO] 📊 Итого в подписке сохранено иностранных серверов: 10
2026-02-26 05:41:32 [INFO] 💾 Файл успешно сохранен: FL1PVPN
