2026-02-23 22:40:06 [INFO] 🚀 START: Smart Selector (Target: 10, ONLY FOREIGN)
2026-02-23 22:40:06 [INFO] 🌐 Загрузка источников (VLESS + VMess)...
2026-02-23 22:40:08 [INFO] 🔍 Уникальных конфигов собрано: 162
2026-02-23 22:40:08 [INFO] ⚡ ЭТАП 1: Замер Пинга и Геолокации. Workers: 40...
2026-02-23 22:40:13 [INFO]    [PING OK] FI | VLESS | 4502ms
2026-02-23 22:40:14 [INFO]    [PING OK] PL | VLESS | 4558ms
2026-02-23 22:40:14 [INFO]    [PING OK] HU | VLESS | 4372ms
2026-02-23 22:40:14 [INFO]    [PING OK] ES | VLESS | 4981ms
2026-02-23 22:40:14 [INFO]    [PING OK] HU | VLESS | 5173ms
2026-02-23 22:40:14 [INFO]    [PING OK] ES | VLESS | 4878ms
2026-02-23 22:40:14 [INFO]    [PING OK] PL | VLESS | 4864ms
2026-02-23 22:40:14 [INFO]    [PING OK] ES | VLESS | 4616ms
2026-02-23 22:40:14 [INFO]    [PING OK] TR | VLESS | 4844ms
2026-02-23 22:40:14 [INFO]    [PING OK] ES | VLESS | 4704ms
2026-02-23 22:40:14 [INFO]    [PING OK] HU | VLESS | 4846ms
2026-02-23 22:40:14 [INFO]    [PING OK] ES | VLESS | 4496ms
2026-02-23 22:40:14 [INFO]    [PING OK] TR | VLESS | 4564ms
2026-02-23 22:40:15 [INFO]    [PING OK] ES | VLESS | 4373ms
2026-02-23 22:40:15 [INFO]    [PING OK] HU | VLESS | 4223ms
2026-02-23 22:40:15 [INFO]    [PING OK] DE | VLESS | 5414ms
2026-02-23 22:40:15 [INFO]    [PING OK] PL | VLESS | 4442ms
2026-02-23 22:40:15 [INFO]    [PING OK] ES | VLESS | 4120ms
2026-02-23 22:40:15 [INFO]    [PING OK] TR | VLESS | 4313ms
2026-02-23 22:40:16 [INFO]    [PING OK] ES | VLESS | 4176ms
2026-02-23 22:40:17 [INFO]    [PING OK] EE | VLESS | 7028ms
2026-02-23 22:40:18 [INFO]    [PING OK] DE | VLESS | 4922ms
2026-02-23 22:40:18 [INFO]    [PING OK] PL | VLESS | 4976ms
2026-02-23 22:40:18 [INFO]    [PING OK] HU | VLESS | 4931ms
2026-02-23 22:40:19 [INFO]    [PING OK] HU | VLESS | 5777ms
2026-02-23 22:40:20 [INFO]    [PING OK] PL | VLESS | 8162ms
2026-02-23 22:40:20 [INFO]    [PING OK] DE | VLESS | 5346ms
2026-02-23 22:40:20 [INFO]    [PING OK] SE | VLESS | 5372ms
2026-02-23 22:40:20 [INFO]    [PING OK] SE | VLESS | 5544ms
2026-02-23 22:40:20 [INFO]    [PING OK] DE | VLESS | 5722ms
2026-02-23 22:40:20 [INFO]    [PING OK] EE | VLESS | 5568ms
2026-02-23 22:40:21 [INFO]    [PING OK] US | VLESS | 5619ms
2026-02-23 22:40:22 [INFO]    [PING OK] SG | VLESS | 6467ms
2026-02-23 22:40:22 [INFO]    [PING OK] DE | VLESS | 5453ms
2026-02-23 22:40:22 [INFO]    [PING OK] CA | VLESS | 6151ms
2026-02-23 22:40:22 [INFO]    [PING OK] SE | VLESS | 7063ms
2026-02-23 22:40:23 [INFO]    [PING OK] DE | VLESS | 4092ms
2026-02-23 22:40:23 [INFO]    [PING OK] SE | VLESS | 3429ms
2026-02-23 22:40:23 [INFO]    [PING OK] DE | VLESS | 1233ms
2026-02-23 22:40:23 [INFO]    [PING OK] SE | VLESS | 3713ms
2026-02-23 22:40:23 [INFO]    [PING OK] CA | VLESS | 4089ms
2026-02-23 22:40:24 [INFO]    [PING OK] SG | VLESS | 2680ms
2026-02-23 22:40:25 [INFO]    [PING OK] CA | VLESS | 4558ms
2026-02-23 22:40:25 [INFO]    [PING OK] CA | VLESS | 6112ms
2026-02-23 22:40:26 [INFO]    [PING OK] CA | VLESS | 6311ms
2026-02-23 22:40:26 [INFO]    [PING OK] US | VLESS | 6957ms
2026-02-23 22:40:26 [INFO]    [PING OK] NL | VLESS | 5612ms
2026-02-23 22:40:28 [INFO] 🏎️ ЭТАП 2: Глубокий замер скорости для 40 иностранных кандидатов...
2026-02-23 22:40:32 [INFO]    🏆 DE | VLESS | Пинг: 1233ms | Скорость: 5.87 Mbps ⚡⚡
2026-02-23 22:40:32 [INFO]    🏆 SE | VLESS | Пинг: 3429ms | Скорость: 5.78 Mbps ⚡⚡
2026-02-23 22:40:32 [INFO]    🏆 FI | VLESS | Пинг: 4502ms | Скорость: 6.05 Mbps ⚡⚡
2026-02-23 22:40:33 [INFO]    🏆 ES | VLESS | Пинг: 4373ms | Скорость: 5.6 Mbps ⚡⚡
2026-02-23 22:40:33 [INFO]    🏆 PL | VLESS | Пинг: 4442ms | Скорость: 5.49 Mbps ⚡⚡
2026-02-23 22:40:33 [INFO]    🏆 ES | VLESS | Пинг: 4176ms | Скорость: 5.32 Mbps ⚡⚡
2026-02-23 22:40:33 [INFO]    🏆 HU | VLESS | Пинг: 4372ms | Скорость: 5.45 Mbps ⚡⚡
2026-02-23 22:40:33 [INFO]    🏆 ES | VLESS | Пинг: 4120ms | Скорость: 5.2 Mbps ⚡⚡
2026-02-23 22:40:33 [INFO]    🏆 TR | VLESS | Пинг: 4313ms | Скорость: 5.25 Mbps ⚡⚡
2026-02-23 22:40:33 [INFO]    🏆 ES | VLESS | Пинг: 4496ms | Скорость: 5.31 Mbps ⚡⚡
2026-02-23 22:40:33 [INFO]    🏆 HU | VLESS | Пинг: 4223ms | Скорость: 5.12 Mbps ⚡⚡
2026-02-23 22:40:33 [INFO]    🏆 CA | VLESS | Пинг: 4089ms | Скорость: 4.99 Mbps ⚡⚡
2026-02-23 22:40:33 [INFO]    🏆 DE | VLESS | Пинг: 4092ms | Скорость: 4.86 Mbps ⚡⚡
2026-02-23 22:40:33 [INFO]    🏆 SE | VLESS | Пинг: 3713ms | Скорость: 4.8 Mbps ⚡⚡
2026-02-23 22:40:35 [INFO]    🏆 PL | VLESS | Пинг: 4558ms | Скорость: 11.38 Mbps ⚡⚡
2026-02-23 22:40:36 [INFO]    🏆 ES | VLESS | Пинг: 4616ms | Скорость: 7.03 Mbps ⚡⚡
2026-02-23 22:40:36 [INFO]    🏆 TR | VLESS | Пинг: 4564ms | Скорость: 6.88 Mbps ⚡⚡
2026-02-23 22:40:36 [INFO]    🏆 HU | VLESS | Пинг: 4846ms | Скорость: 6.53 Mbps ⚡⚡
2026-02-23 22:40:36 [INFO]    🏆 TR | VLESS | Пинг: 4844ms | Скорость: 6.4 Mbps ⚡⚡
2026-02-23 22:40:36 [INFO]    🏆 ES | VLESS | Пинг: 4704ms | Скорость: 6.53 Mbps ⚡⚡
2026-02-23 22:40:37 [INFO]    🏆 PL | VLESS | Пинг: 4976ms | Скорость: 6.8 Mbps ⚡⚡
2026-02-23 22:40:37 [INFO]    🏆 HU | VLESS | Пинг: 4931ms | Скорость: 6.74 Mbps ⚡⚡
2026-02-23 22:40:37 [INFO]    🏆 DE | VLESS | Пинг: 4922ms | Скорость: 6.54 Mbps ⚡⚡
2026-02-23 22:40:37 [INFO]    🏆 DE | VLESS | Пинг: 5346ms | Скорость: 7.05 Mbps ⚡⚡
2026-02-23 22:40:37 [INFO]    🏆 ES | VLESS | Пинг: 4878ms | Скорость: 6.46 Mbps ⚡⚡
2026-02-23 22:40:37 [INFO]    🏆 ES | VLESS | Пинг: 4981ms | Скорость: 6.57 Mbps ⚡⚡
2026-02-23 22:40:37 [INFO]    🏆 PL | VLESS | Пинг: 4864ms | Скорость: 6.52 Mbps ⚡⚡
2026-02-23 22:40:38 [INFO]    🏆 HU | VLESS | Пинг: 5173ms | Скорость: 4.32 Mbps ⚡⚡
2026-02-23 22:40:38 [INFO]    🏆 DE | VLESS | Пинг: 5453ms | Скорость: 12.97 Mbps ⚡⚡
2026-02-23 22:40:39 [INFO]    🏆 EE | VLESS | Пинг: 5568ms | Скорость: 11.06 Mbps ⚡⚡
2026-02-23 22:40:39 [INFO]    🏆 CA | VLESS | Пинг: 6112ms | Скорость: 11.08 Mbps ⚡⚡
2026-02-23 22:40:40 [INFO]    🏆 HU | VLESS | Пинг: 5777ms | Скорость: 8.72 Mbps ⚡⚡
2026-02-23 22:40:40 [INFO]    🏆 US | VLESS | Пинг: 5619ms | Скорость: 7.79 Mbps ⚡⚡
2026-02-23 22:40:43 [INFO] 📊 Итого в подписке сохранено иностранных серверов: 10
2026-02-23 22:40:43 [INFO] 💾 Файл успешно сохранен: FL1PVPN
