2026-02-22 19:40:06 [INFO] 🚀 START: Smart Selector (Target: 10, ONLY FOREIGN)
2026-02-22 19:40:06 [INFO] 🌐 Загрузка источников (VLESS + VMess)...
2026-02-22 19:40:09 [INFO] 🔍 Уникальных конфигов собрано: 247
2026-02-22 19:40:09 [INFO] ⚡ ЭТАП 1: Замер Пинга и Геолокации. Workers: 40...
2026-02-22 19:40:15 [INFO]    [PING OK] DE | VLESS | 5477ms
2026-02-22 19:40:15 [INFO]    [PING OK] HU | VLESS | 2960ms
2026-02-22 19:40:15 [INFO]    [PING OK] ES | VLESS | 3221ms
2026-02-22 19:40:16 [INFO]    [PING OK] PL | VLESS | 2729ms
2026-02-22 19:40:16 [INFO]    [PING OK] IT | VLESS | 2566ms
2026-02-22 19:40:16 [INFO]    [PING OK] ES | VLESS | 2767ms
2026-02-22 19:40:16 [INFO]    [PING OK] CZ | VLESS | 5873ms
2026-02-22 19:40:17 [INFO]    [PING OK] EE | VLESS | 2652ms
2026-02-22 19:40:17 [INFO]    [PING OK] ES | VLESS | 4375ms
2026-02-22 19:40:18 [INFO]    [PING OK] NL | VLESS | 2790ms
2026-02-22 19:40:18 [INFO]    [PING OK] ES | VLESS | 2940ms
2026-02-22 19:40:19 [INFO]    [PING OK] DE | VLESS | 7555ms
2026-02-22 19:40:19 [INFO]    [PING OK] TR | VLESS | 2914ms
2026-02-22 19:40:19 [INFO]    [PING OK] NL | VLESS | 3007ms
2026-02-22 19:40:19 [INFO]    [PING OK] TR | VLESS | 2973ms
2026-02-22 19:40:19 [INFO]    [PING OK] HU | VLESS | 2939ms
2026-02-22 19:40:19 [INFO]    [PING OK] PL | VLESS | 3010ms
2026-02-22 19:40:20 [INFO]    [PING OK] HU | VLESS | 3031ms
2026-02-22 19:40:20 [INFO]    [PING OK] ES | VLESS | 3107ms
2026-02-22 19:40:20 [INFO]    [PING OK] DE | VLESS | 2666ms
2026-02-22 19:40:20 [INFO]    [PING OK] DE | VLESS | 3687ms
2026-02-22 19:40:20 [INFO]    [PING OK] TR | VLESS | 2877ms
2026-02-22 19:40:20 [INFO]    [PING OK] IT | VLESS | 2756ms
2026-02-22 19:40:20 [INFO]    [PING OK] HU | VLESS | 2858ms
2026-02-22 19:40:20 [INFO]    [PING OK] PL | VLESS | 3407ms
2026-02-22 19:40:20 [INFO]    [PING OK] HU | VLESS | 3139ms
2026-02-22 19:40:21 [INFO]    [PING OK] PL | VLESS | 2703ms
2026-02-22 19:40:21 [INFO]    [PING OK] IT | VLESS | 3075ms
2026-02-22 19:40:22 [INFO]    [PING OK] PL | VLESS | 3954ms
2026-02-22 19:40:23 [INFO]    [PING OK] DE | VLESS | 6509ms
2026-02-22 19:40:23 [INFO]    [PING OK] NL | VLESS | 3829ms
2026-02-22 19:40:23 [INFO]    [PING OK] PL | VLESS | 4106ms
2026-02-22 19:40:24 [INFO]    [PING OK] PL | VLESS | 4448ms
2026-02-22 19:40:24 [INFO]    [PING OK] HU | VLESS | 4096ms
2026-02-22 19:40:24 [INFO]    [PING OK] PL | VLESS | 4225ms
2026-02-22 19:40:24 [INFO]    [PING OK] PL | VLESS | 4331ms
2026-02-22 19:40:28 [INFO]    [PING OK] CA | VLESS | 7627ms
2026-02-22 19:40:29 [INFO]    [PING OK] CA | VLESS | 7371ms
2026-02-22 19:40:30 [INFO]    [PING OK] CA | VLESS | 9181ms
2026-02-22 19:40:30 [INFO]    [PING OK] US | VLESS | 4261ms
2026-02-22 19:40:32 [INFO]    [PING OK] CA | VLESS | 5584ms
2026-02-22 19:40:33 [INFO]    [PING OK] CA | VLESS | 4533ms
2026-02-22 19:40:33 [INFO]    [PING OK] NL | VLESS | 3549ms
2026-02-22 19:40:36 [INFO]    [PING OK] CA | VLESS | 5529ms
2026-02-22 19:40:38 [INFO] 🏎️ ЭТАП 2: Глубокий замер скорости для 40 иностранных кандидатов...
2026-02-22 19:40:43 [INFO]    🏆 TR | VLESS | Пинг: 2914ms | Скорость: 5.88 Mbps ⚡⚡
2026-02-22 19:40:43 [INFO]    🏆 PL | VLESS | Пинг: 2729ms | Скорость: 5.72 Mbps ⚡⚡
2026-02-22 19:40:43 [INFO]    🏆 TR | VLESS | Пинг: 2877ms | Скорость: 5.83 Mbps ⚡⚡
2026-02-22 19:40:43 [INFO]    🏆 HU | VLESS | Пинг: 2939ms | Скорость: 5.89 Mbps ⚡⚡
2026-02-22 19:40:43 [INFO]    🏆 DE | VLESS | Пинг: 2666ms | Скорость: 5.54 Mbps ⚡⚡
2026-02-22 19:40:43 [INFO]    🏆 NL | VLESS | Пинг: 2790ms | Скорость: 5.68 Mbps ⚡⚡
2026-02-22 19:40:43 [INFO]    🏆 IT | VLESS | Пинг: 2756ms | Скорость: 5.45 Mbps ⚡⚡
2026-02-22 19:40:43 [INFO]    🏆 ES | VLESS | Пинг: 2940ms | Скорость: 5.77 Mbps ⚡⚡
2026-02-22 19:40:43 [INFO]    🏆 TR | VLESS | Пинг: 2973ms | Скорость: 5.91 Mbps ⚡⚡
2026-02-22 19:40:43 [INFO]    🏆 HU | VLESS | Пинг: 2858ms | Скорость: 5.58 Mbps ⚡⚡
2026-02-22 19:40:43 [INFO]    🏆 ES | VLESS | Пинг: 2767ms | Скорость: 5.4 Mbps ⚡⚡
2026-02-22 19:40:43 [INFO]    🏆 HU | VLESS | Пинг: 2960ms | Скорость: 5.51 Mbps ⚡⚡
2026-02-22 19:40:43 [INFO]    🏆 PL | VLESS | Пинг: 2703ms | Скорость: 5.1 Mbps ⚡⚡
2026-02-22 19:40:45 [INFO]    🏆 NL | VLESS | Пинг: 3007ms | Скорость: 10.91 Mbps ⚡⚡
2026-02-22 19:40:46 [INFO]    🏆 IT | VLESS | Пинг: 2566ms | Скорость: 0.93 Mbps 
2026-02-22 19:40:46 [INFO]    🏆 PL | VLESS | Пинг: 3010ms | Скорость: 7.31 Mbps ⚡⚡
2026-02-22 19:40:46 [INFO]    🏆 NL | VLESS | Пинг: 3829ms | Скорость: 7.82 Mbps ⚡⚡
2026-02-22 19:40:46 [INFO]    🏆 NL | VLESS | Пинг: 3549ms | Скорость: 7.59 Mbps ⚡⚡
2026-02-22 19:40:46 [INFO]    🏆 HU | VLESS | Пинг: 4096ms | Скорость: 7.65 Mbps ⚡⚡
2026-02-22 19:40:46 [INFO]    🏆 ES | VLESS | Пинг: 3107ms | Скорость: 7.18 Mbps ⚡⚡
2026-02-22 19:40:46 [INFO]    🏆 HU | VLESS | Пинг: 3139ms | Скорость: 7.2 Mbps ⚡⚡
2026-02-22 19:40:46 [INFO]    🏆 PL | VLESS | Пинг: 4106ms | Скорость: 7.74 Mbps ⚡⚡
2026-02-22 19:40:48 [INFO]    🏆 PL | VLESS | Пинг: 4225ms | Скорость: 10.22 Mbps ⚡⚡
2026-02-22 19:40:49 [INFO]    🏆 PL | VLESS | Пинг: 4331ms | Скорость: 9.45 Mbps ⚡⚡
2026-02-22 19:40:50 [INFO]    🏆 HU | VLESS | Пинг: 3031ms | Скорость: 1.49 Mbps 
2026-02-22 19:40:50 [INFO]    🏆 ES | VLESS | Пинг: 3221ms | Скорость: 1.29 Mbps 
2026-02-22 19:40:50 [INFO]    🏆 IT | VLESS | Пинг: 3075ms | Скорость: 1.2 Mbps 
2026-02-22 19:40:50 [INFO]    🏆 CA | VLESS | Пинг: 4533ms | Скорость: 6.52 Mbps ⚡⚡
2026-02-22 19:40:53 [INFO]    🏆 US | VLESS | Пинг: 4261ms | Скорость: 1.04 Mbps 
2026-02-22 19:40:53 [INFO]    🏆 ES | VLESS | Пинг: 4375ms | Скорость: 0.94 Mbps 
2026-02-22 19:40:54 [INFO]    🏆 CZ | VLESS | Пинг: 5873ms | Скорость: 1.33 Mbps 
2026-02-22 19:40:54 [INFO] 📊 Итого в подписке сохранено иностранных серверов: 10
2026-02-22 19:40:54 [INFO] 💾 Файл успешно сохранен: FL1PVPN
