2026-02-17 06:00:05 [INFO] 🚀 START: Smart VLESS Selector (Target: 10, Strict Mode)
2026-02-17 06:00:05 [INFO] 🌐 Загрузка источников...
2026-02-17 06:00:08 [INFO] 🔍 Уникальных конфигов собрано: 639
2026-02-17 06:00:08 [INFO] ⚡ ЭТАП 1: Быстрый замер Пинга (Workers: 25)...
2026-02-17 06:00:10 [INFO]    [PING OK] DE | 256ms
2026-02-17 06:00:10 [INFO]    [PING OK] DE | 233ms
2026-02-17 06:00:10 [INFO]    [PING OK] DE | 235ms
2026-02-17 06:00:11 [INFO]    [PING OK] DE | 1689ms
2026-02-17 06:00:11 [INFO]    [PING OK] US | 2135ms
2026-02-17 06:00:11 [INFO]    [PING OK] DE | 525ms
2026-02-17 06:00:16 [INFO]    [PING OK] DE | 185ms
2026-02-17 06:00:16 [INFO]    [PING OK] DE | 164ms
2026-02-17 06:00:17 [INFO]    [PING OK] FR | 228ms
2026-02-17 06:00:18 [INFO]    [PING OK] DE | 1518ms
2026-02-17 06:00:19 [INFO]    [PING OK] RU | 173ms
2026-02-17 06:00:20 [INFO]    [PING OK] RU | 267ms
2026-02-17 06:00:20 [INFO]    [PING OK] PL | 183ms
2026-02-17 06:00:21 [INFO]    [PING OK] RU | 233ms
2026-02-17 06:00:21 [INFO]    [PING OK] RU | 335ms
2026-02-17 06:00:22 [INFO]    [PING OK] RU | 335ms
2026-02-17 06:00:22 [INFO]    [PING OK] RU | 439ms
2026-02-17 06:00:22 [INFO]    [PING OK] RU | 1279ms
2026-02-17 06:00:23 [INFO]    [PING OK] RU | 410ms
2026-02-17 06:00:23 [INFO]    [PING OK] RU | 215ms
2026-02-17 06:00:23 [INFO]    [PING OK] DE | 148ms
2026-02-17 06:00:23 [INFO]    [PING OK] RU | 2973ms
2026-02-17 06:00:23 [INFO]    [PING OK] RU | 308ms
2026-02-17 06:00:24 [INFO]    [PING OK] NL | 182ms
2026-02-17 06:00:24 [INFO]    [PING OK] DE | 607ms
2026-02-17 06:00:24 [INFO]    [PING OK] RU | 302ms
2026-02-17 06:00:25 [INFO]    [PING OK] RU | 516ms
2026-02-17 06:00:25 [INFO]    [PING OK] RU | 4749ms
2026-02-17 06:00:25 [INFO]    [PING OK] RU | 1257ms
2026-02-17 06:00:25 [INFO]    [PING OK] RU | 239ms
2026-02-17 06:00:26 [INFO]    [PING OK] RU | 456ms
2026-02-17 06:00:26 [INFO]    [PING OK] RU | 248ms
2026-02-17 06:00:26 [INFO]    [PING OK] RU | 295ms
2026-02-17 06:00:26 [INFO]    [PING OK] RU | 158ms
2026-02-17 06:00:26 [INFO]    [PING OK] NL | 1472ms
2026-02-17 06:00:26 [INFO]    [PING OK] RU | 3387ms
2026-02-17 06:00:26 [INFO]    [PING OK] RU | 282ms
2026-02-17 06:00:27 [INFO]    [PING OK] FI | 224ms
2026-02-17 06:00:27 [INFO]    [PING OK] RU | 242ms
2026-02-17 06:00:27 [INFO]    [PING OK] PL | 190ms
2026-02-17 06:00:27 [INFO]    [PING OK] FI | 159ms
2026-02-17 06:00:28 [INFO]    [PING OK] RU | 217ms
2026-02-17 06:00:28 [INFO]    [PING OK] RU | 276ms
2026-02-17 06:00:29 [INFO]    [PING OK] RU | 265ms
2026-02-17 06:00:29 [INFO]    [PING OK] HU | 377ms
2026-02-17 06:00:29 [INFO]    [PING OK] RU | 651ms
2026-02-17 06:00:29 [INFO]    [PING OK] RU | 386ms
2026-02-17 06:00:29 [INFO]    [PING OK] RU | 224ms
2026-02-17 06:00:29 [INFO]    [PING OK] RU | 256ms
2026-02-17 06:00:29 [INFO]    [PING OK] RU | 150ms
2026-02-17 06:00:29 [INFO]    [PING OK] US | 165ms
2026-02-17 06:00:30 [INFO]    [PING OK] RU | 329ms
2026-02-17 06:00:30 [INFO]    [PING OK] FI | 163ms
2026-02-17 06:00:30 [INFO]    [PING OK] RU | 4250ms
2026-02-17 06:00:30 [INFO]    [PING OK] FI | 118ms
2026-02-17 06:00:30 [INFO]    [PING OK] RU | 313ms
2026-02-17 06:00:30 [INFO]    [PING OK] RU | 326ms
2026-02-17 06:00:31 [INFO]    [PING OK] RU | 287ms
2026-02-17 06:00:31 [INFO]    [PING OK] RU | 278ms
2026-02-17 06:00:31 [INFO]    [PING OK] RU | 191ms
2026-02-17 06:00:31 [INFO]    [PING OK] RU | 817ms
2026-02-17 06:00:31 [INFO]    [PING OK] RU | 264ms
2026-02-17 06:00:31 [INFO]    [PING OK] RU | 254ms
2026-02-17 06:00:32 [INFO]    [PING OK] RU | 247ms
2026-02-17 06:00:32 [INFO]    [PING OK] DE | 183ms
2026-02-17 06:00:32 [INFO]    [PING OK] RU | 2440ms
2026-02-17 06:00:32 [INFO]    [PING OK] RU | 256ms
2026-02-17 06:00:32 [INFO]    [PING OK] RU | 285ms
2026-02-17 06:00:32 [INFO]    [PING OK] RU | 228ms
2026-02-17 06:00:32 [INFO]    [PING OK] RU | 271ms
2026-02-17 06:00:32 [INFO]    [PING OK] RU | 246ms
2026-02-17 06:00:32 [INFO]    [PING OK] RU | 308ms
2026-02-17 06:00:32 [INFO]    [PING OK] RU | 222ms
2026-02-17 06:00:32 [INFO]    [PING OK] RU | 203ms
2026-02-17 06:00:32 [INFO]    [PING OK] RU | 1003ms
2026-02-17 06:00:32 [INFO]    [PING OK] RU | 108ms
2026-02-17 06:00:32 [INFO]    [PING OK] RU | 192ms
2026-02-17 06:00:33 [INFO]    [PING OK] LT | 182ms
2026-02-17 06:00:33 [INFO]    [PING OK] RU | 3125ms
2026-02-17 06:00:33 [INFO]    [PING OK] FR | 185ms
2026-02-17 06:00:34 [INFO]    [PING OK] RU | 2280ms
2026-02-17 06:00:34 [INFO]    [PING OK] DE | 160ms
2026-02-17 06:00:35 [INFO]    [PING OK] RU | 3046ms
2026-02-17 06:00:37 [INFO]    [PING OK] NL | 445ms
2026-02-17 06:00:42 [INFO]    [PING OK] PL | 490ms
2026-02-17 06:00:45 [INFO]    [PING OK] DE | 149ms
2026-02-17 06:00:47 [INFO]    [PING OK] DE | 190ms
2026-02-17 06:00:48 [INFO]    [PING OK] FI | 362ms
2026-02-17 06:00:53 [INFO]    [PING OK] US | 709ms
2026-02-17 06:00:54 [INFO]    [PING OK] TR | 260ms
2026-02-17 06:00:59 [INFO]    [PING OK] US | 746ms
2026-02-17 06:00:59 [INFO]    [PING OK] IR | 561ms
2026-02-17 06:01:01 [INFO]    [PING OK] US | 536ms
2026-02-17 06:01:02 [INFO]    [PING OK] NL | 337ms
2026-02-17 06:01:06 [INFO]    [PING OK] LT | 866ms
2026-02-17 06:01:08 [INFO]    [PING OK] NL | 321ms
2026-02-17 06:01:10 [INFO]    [PING OK] PL | 195ms
2026-02-17 06:01:10 [INFO]    [PING OK] EE | 239ms
2026-02-17 06:01:11 [INFO]    [PING OK] CY | 180ms
2026-02-17 06:01:11 [INFO]    [PING OK] PL | 387ms
2026-02-17 06:01:14 [INFO]    [PING OK] US | 644ms
2026-02-17 06:01:17 [INFO]    [PING OK] US | 497ms
2026-02-17 06:01:20 [INFO]    [PING OK] FR | 745ms
2026-02-17 06:01:20 [INFO]    [PING OK] FR | 215ms
2026-02-17 06:01:23 [INFO]    [PING OK] NL | 207ms
2026-02-17 06:01:23 [INFO]    [PING OK] DE | 387ms
2026-02-17 06:01:28 [INFO]    [PING OK] NL | 184ms
2026-02-17 06:01:28 [INFO]    [PING OK] LT | 148ms
2026-02-17 06:01:29 [INFO]    [PING OK] AT | 196ms
2026-02-17 06:01:34 [INFO]    [PING OK] GR | 108ms
2026-02-17 06:01:35 [INFO]    [PING OK] MD | 158ms
2026-02-17 06:01:36 [INFO]    [PING OK] LV | 470ms
2026-02-17 06:01:36 [INFO]    [PING OK] LV | 190ms
2026-02-17 06:01:40 [INFO] 🏎️ ЭТАП 2: Глубокий замер скорости для ТОП-10 серверов...
2026-02-17 06:01:44 [INFO]    🏆 GR | Пинг: 108ms | Скорость: 8.46 Mbps ⚡⚡
2026-02-17 06:01:44 [INFO]    🏆 FI | Пинг: 118ms | Скорость: 8.46 Mbps ⚡⚡
2026-02-17 06:01:44 [INFO]    🏆 DE | Пинг: 148ms | Скорость: 8.34 Mbps ⚡⚡
2026-02-17 06:01:44 [INFO]    🏆 LT | Пинг: 148ms | Скорость: 8.5 Mbps ⚡⚡
2026-02-17 06:01:44 [INFO]    🏆 DE | Пинг: 149ms | Скорость: 8.62 Mbps ⚡⚡
2026-02-17 06:01:44 [INFO]    🏆 MD | Пинг: 158ms | Скорость: 8.45 Mbps ⚡⚡
2026-02-17 06:01:44 [INFO]    🏆 FI | Пинг: 159ms | Скорость: 8.58 Mbps ⚡⚡
2026-02-17 06:01:44 [INFO]    🏆 DE | Пинг: 160ms | Скорость: 8.86 Mbps ⚡⚡
2026-02-17 06:01:44 [INFO]    🏆 FI | Пинг: 163ms | Скорость: 8.68 Mbps ⚡⚡
2026-02-17 06:01:44 [INFO]    🏆 RU | Пинг: 108ms | Скорость: 0.0 Mbps 
2026-02-17 06:01:44 [INFO] 🇷🇺 Добавлен RU сервер: 83.166.255.72
2026-02-17 06:01:44 [INFO] 📊 Итого в подписке сохранено: 10 серверов
2026-02-17 06:01:44 [INFO] 💾 Файл успешно сохранен: FL1PVPN
