2026-02-26 11:20:06 [INFO] 🚀 START: Smart Selector (Target: 10, ONLY FOREIGN)
2026-02-26 11:20:06 [INFO] 🌐 Загрузка источников (VLESS + VMess)...
2026-02-26 11:20:07 [INFO] 🔍 Уникальных конфигов собрано: 408
2026-02-26 11:20:07 [INFO] ⚡ ЭТАП 1: Замер Пинга и Геолокации. Workers: 40...
2026-02-26 11:20:12 [INFO]    [PING OK] FR | VLESS | 4280ms
2026-02-26 11:20:12 [INFO]    [PING OK] NL | VLESS | 4351ms
2026-02-26 11:20:12 [INFO]    [PING OK] FI | VLESS | 4365ms
2026-02-26 11:20:12 [INFO]    [PING OK] FI | VLESS | 4248ms
2026-02-26 11:20:12 [INFO]    [PING OK] FR | VLESS | 4323ms
2026-02-26 11:20:13 [INFO]    [PING OK] DE | VLESS | 5012ms
2026-02-26 11:20:13 [INFO]    [PING OK] TR | VLESS | 4628ms
2026-02-26 11:20:13 [INFO]    [PING OK] NL | VLESS | 3859ms
2026-02-26 11:20:13 [INFO]    [PING OK] NL | VLESS | 3831ms
2026-02-26 11:20:13 [INFO]    [PING OK] NL | VLESS | 4133ms
2026-02-26 11:20:14 [INFO]    [PING OK] NL | VLESS | 3556ms
2026-02-26 11:20:14 [INFO]    [PING OK] NL | VLESS | 3615ms
2026-02-26 11:20:14 [INFO]    [PING OK] NO | VLESS | 3727ms
2026-02-26 11:20:14 [INFO]    [PING OK] NL | VLESS | 3714ms
2026-02-26 11:20:14 [INFO]    [PING OK] NL | VLESS | 6230ms
2026-02-26 11:20:15 [INFO]    [PING OK] LT | VLESS | 4530ms
2026-02-26 11:20:16 [INFO]    [PING OK] LT | VLESS | 7951ms
2026-02-26 11:20:16 [INFO]    [PING OK] FI | VLESS | 3888ms
2026-02-26 11:20:17 [INFO]    [PING OK] ES | VLESS | 4021ms
2026-02-26 11:20:17 [INFO]    [PING OK] DE | VLESS | 4156ms
2026-02-26 11:20:17 [INFO]    [PING OK] NL | VLESS | 4033ms
2026-02-26 11:20:18 [INFO]    [PING OK] TR | VLESS | 4275ms
2026-02-26 11:20:18 [INFO]    [PING OK] NL | VLESS | 4422ms
2026-02-26 11:20:18 [INFO]    [PING OK] NL | VLESS | 4140ms
2026-02-26 11:20:18 [INFO]    [PING OK] HK | VLESS | 4451ms
2026-02-26 11:20:18 [INFO]    [PING OK] FI | VLESS | 4438ms
2026-02-26 11:20:19 [INFO]    [PING OK] DE | VLESS | 4270ms
2026-02-26 11:20:19 [INFO]    [PING OK] FI | VLESS | 4499ms
2026-02-26 11:20:19 [INFO]    [PING OK] US | VLESS | 4367ms
2026-02-26 11:20:19 [INFO]    [PING OK] PL | VLESS | 4318ms
2026-02-26 11:20:19 [INFO]    [PING OK] NL | VLESS | 4646ms
2026-02-26 11:20:20 [INFO]    [PING OK] SE | VLESS | 4381ms
2026-02-26 11:20:20 [INFO]    [PING OK] CA | VLESS | 4525ms
2026-02-26 11:20:20 [INFO]    [PING OK] FI | VLESS | 5430ms
2026-02-26 11:20:21 [INFO]    [PING OK] FI | VLESS | 3999ms
2026-02-26 11:20:21 [INFO]    [PING OK] ES | VLESS | 4415ms
2026-02-26 11:20:22 [INFO]    [PING OK] NL | VLESS | 3997ms
2026-02-26 11:20:22 [INFO]    [PING OK] PL | VLESS | 3827ms
2026-02-26 11:20:22 [INFO]    [PING OK] IT | VLESS | 4016ms
2026-02-26 11:20:22 [INFO]    [PING OK] NL | VLESS | 3876ms
2026-02-26 11:20:23 [INFO]    [PING OK] FI | VLESS | 4082ms
2026-02-26 11:20:23 [INFO]    [PING OK] NL | VLESS | 3769ms
2026-02-26 11:20:23 [INFO]    [PING OK] DE | VLESS | 3768ms
2026-02-26 11:20:23 [INFO]    [PING OK] ES | VLESS | 3905ms
2026-02-26 11:20:24 [INFO]    [PING OK] PL | VLESS | 3936ms
2026-02-26 11:20:24 [INFO]    [PING OK] LV | VLESS | 4211ms
2026-02-26 11:20:24 [INFO]    [PING OK] US | VLESS | 4890ms
2026-02-26 11:20:24 [INFO]    [PING OK] NL | VLESS | 4129ms
2026-02-26 11:20:25 [INFO]    [PING OK] HK | VLESS | 4044ms
2026-02-26 11:20:25 [INFO]    [PING OK] DE | VLESS | 3848ms
2026-02-26 11:20:25 [INFO]    [PING OK] FI | VLESS | 4051ms
2026-02-26 11:20:25 [INFO]    [PING OK] CH | VLESS | 4115ms
2026-02-26 11:20:26 [INFO]    [PING OK] LT | VLESS | 8190ms
2026-02-26 11:20:26 [INFO]    [PING OK] ES | VLESS | 4539ms
2026-02-26 11:20:27 [INFO]    [PING OK] US | VLESS | 4079ms
2026-02-26 11:20:27 [INFO]    [PING OK] DE | VLESS | 4151ms
2026-02-26 11:20:27 [INFO]    [PING OK] DE | VLESS | 4236ms
2026-02-26 11:20:28 [INFO]    [PING OK] CA | VLESS | 4263ms
2026-02-26 11:20:28 [INFO]    [PING OK] NL | VLESS | 4075ms
2026-02-26 11:20:28 [INFO]    [PING OK] NL | VLESS | 4118ms
2026-02-26 11:20:28 [INFO]    [PING OK] CA | VLESS | 4294ms
2026-02-26 11:20:29 [INFO]    [PING OK] PL | VLESS | 4116ms
2026-02-26 11:20:29 [INFO]    [PING OK] US | VLESS | 3848ms
2026-02-26 11:20:29 [INFO]    [PING OK] FR | VLESS | 3886ms
2026-02-26 11:20:29 [INFO]    [PING OK] US | VLESS | 5815ms
2026-02-26 11:20:29 [INFO]    [PING OK] DE | VLESS | 4849ms
2026-02-26 11:20:30 [INFO]    [PING OK] FR | VLESS | 3761ms
2026-02-26 11:20:30 [INFO]    [PING OK] DE | VLESS | 3969ms
2026-02-26 11:20:30 [INFO]    [PING OK] DE | VLESS | 3725ms
2026-02-26 11:20:30 [INFO]    [PING OK] EE | VLESS | 3994ms
2026-02-26 11:20:31 [INFO]    [PING OK] NL | VLESS | 3595ms
2026-02-26 11:20:32 [INFO]    [PING OK] LT | VLESS | 4242ms
2026-02-26 11:20:32 [INFO]    [PING OK] FI | VLESS | 4081ms
2026-02-26 11:20:32 [INFO]    [PING OK] EE | VLESS | 4092ms
2026-02-26 11:20:33 [INFO]    [PING OK] NL | VLESS | 4063ms
2026-02-26 11:20:33 [INFO]    [PING OK] FI | VLESS | 4177ms
2026-02-26 11:20:33 [INFO]    [PING OK] EE | VLESS | 3718ms
2026-02-26 11:20:34 [INFO]    [PING OK] NL | VLESS | 3847ms
2026-02-26 11:20:34 [INFO]    [PING OK] PL | VLESS | 3309ms
2026-02-26 11:20:34 [INFO]    [PING OK] DE | VLESS | 3336ms
2026-02-26 11:20:34 [INFO]    [PING OK] PL | VLESS | 4740ms
2026-02-26 11:20:35 [INFO]    [PING OK] PL | VLESS | 3205ms
2026-02-26 11:20:35 [INFO]    [PING OK] DE | VLESS | 3330ms
2026-02-26 11:20:35 [INFO]    [PING OK] NL | VLESS | 3381ms
2026-02-26 11:20:35 [INFO]    [PING OK] NL | VLESS | 4065ms
2026-02-26 11:20:36 [INFO]    [PING OK] US | VLESS | 4047ms
2026-02-26 11:20:36 [INFO]    [PING OK] DE | VLESS | 3227ms
2026-02-26 11:20:36 [INFO]    [PING OK] PL | VLESS | 3437ms
2026-02-26 11:20:36 [INFO]    [PING OK] PL | VLESS | 3075ms
2026-02-26 11:20:37 [INFO]    [PING OK] NL | VLESS | 4585ms
2026-02-26 11:20:38 [INFO]    [PING OK] DE | VLESS | 7887ms
2026-02-26 11:20:38 [INFO]    [PING OK] FI | VLESS | 3873ms
2026-02-26 11:20:38 [INFO]    [PING OK] CA | VLESS | 3971ms
2026-02-26 11:20:39 [INFO]    [PING OK] US | VLESS | 4297ms
2026-02-26 11:20:39 [INFO]    [PING OK] DE | VLESS | 4381ms
2026-02-26 11:20:40 [INFO]    [PING OK] NL | VLESS | 4054ms
2026-02-26 11:20:40 [INFO]    [PING OK] PL | VLESS | 4071ms
2026-02-26 11:20:40 [INFO]    [PING OK] PL | VLESS | 4094ms
2026-02-26 11:20:40 [INFO]    [PING OK] DE | VLESS | 5255ms
2026-02-26 11:20:40 [INFO]    [PING OK] NL | VLESS | 4427ms
2026-02-26 11:20:40 [INFO]    [PING OK] KZ | VLESS | 4370ms
2026-02-26 11:20:41 [INFO]    [PING OK] NL | VLESS | 4183ms
2026-02-26 11:20:41 [INFO]    [PING OK] LV | VLESS | 4524ms
2026-02-26 11:20:41 [INFO]    [PING OK] DE | VLESS | 4674ms
2026-02-26 11:20:41 [INFO]    [PING OK] NL | VLESS | 5296ms
2026-02-26 11:20:42 [INFO]    [PING OK] FI | VLESS | 4844ms
2026-02-26 11:20:42 [INFO]    [PING OK] FR | VLESS | 4843ms
2026-02-26 11:20:42 [INFO]    [PING OK] IT | VLESS | 4102ms
2026-02-26 11:20:43 [INFO]    [PING OK] NL | VLESS | 5443ms
2026-02-26 11:20:43 [INFO]    [PING OK] TR | VLESS | 4050ms
2026-02-26 11:20:43 [INFO]    [PING OK] DE | VLESS | 5632ms
2026-02-26 11:20:43 [INFO]    [PING OK] DE | VLESS | 4485ms
2026-02-26 11:20:43 [INFO]    [PING OK] SE | VLESS | 3952ms
2026-02-26 11:20:44 [INFO]    [PING OK] DE | VLESS | 4404ms
2026-02-26 11:20:44 [INFO]    [PING OK] IT | VLESS | 4154ms
2026-02-26 11:20:45 [INFO]    [PING OK] PL | VLESS | 3993ms
2026-02-26 11:20:45 [INFO]    [PING OK] GB | VLESS | 4517ms
2026-02-26 11:20:45 [INFO]    [PING OK] DE | VLESS | 4130ms
2026-02-26 11:20:46 [INFO]    [PING OK] DE | VLESS | 4994ms
2026-02-26 11:20:46 [INFO]    [PING OK] SG | VLESS | 4796ms
2026-02-26 11:20:47 [INFO]    [PING OK] DE | VLESS | 8658ms
2026-02-26 11:20:47 [INFO]    [PING OK] CA | VLESS | 5044ms
2026-02-26 11:20:47 [INFO]    [PING OK] CA | VLESS | 4537ms
2026-02-26 11:20:48 [INFO]    [PING OK] US | VLESS | 4374ms
2026-02-26 11:20:48 [INFO]    [PING OK] FR | VLESS | 4008ms
2026-02-26 11:20:48 [INFO]    [PING OK] US | VLESS | 3944ms
2026-02-26 11:20:48 [INFO]    [PING OK] GB | VLESS | 4109ms
2026-02-26 11:20:48 [INFO]    [PING OK] GB | VLESS | 4220ms
2026-02-26 11:20:49 [INFO]    [PING OK] LV | VLESS | 2734ms
2026-02-26 11:20:49 [INFO]    [PING OK] CA | VLESS | 3864ms
2026-02-26 11:20:51 [INFO]    [PING OK] CA | VLESS | 4823ms
2026-02-26 11:20:52 [INFO]    [PING OK] US | VLESS | 4829ms
2026-02-26 11:20:54 [INFO] 🏎️ ЭТАП 2: Глубокий замер скорости для 40 иностранных кандидатов...
2026-02-26 11:20:58 [INFO]    🏆 NL | VLESS | Пинг: 3556ms | Скорость: 7.97 Mbps ⚡⚡
2026-02-26 11:20:58 [INFO]    🏆 EE | VLESS | Пинг: 3718ms | Скорость: 7.6 Mbps ⚡⚡
2026-02-26 11:20:58 [INFO]    🏆 PL | VLESS | Пинг: 3309ms | Скорость: 7.06 Mbps ⚡⚡
2026-02-26 11:20:58 [INFO]    🏆 NL | VLESS | Пинг: 3595ms | Скорость: 7.35 Mbps ⚡⚡
2026-02-26 11:20:58 [INFO]    🏆 DE | VLESS | Пинг: 3330ms | Скорость: 6.87 Mbps ⚡⚡
2026-02-26 11:20:58 [INFO]    🏆 DE | VLESS | Пинг: 3725ms | Скорость: 6.74 Mbps ⚡⚡
2026-02-26 11:20:58 [INFO]    🏆 DE | VLESS | Пинг: 3336ms | Скорость: 6.25 Mbps ⚡⚡
2026-02-26 11:20:59 [INFO]    🏆 LV | VLESS | Пинг: 2734ms | Скорость: 5.57 Mbps ⚡⚡
2026-02-26 11:20:59 [INFO]    🏆 PL | VLESS | Пинг: 3075ms | Скорость: 5.22 Mbps ⚡⚡
2026-02-26 11:21:00 [INFO]    🏆 NL | VLESS | Пинг: 3615ms | Скорость: 4.21 Mbps ⚡⚡
2026-02-26 11:21:00 [INFO]    🏆 PL | VLESS | Пинг: 3205ms | Скорость: 4.04 Mbps ⚡⚡
2026-02-26 11:21:01 [INFO]    🏆 FR | VLESS | Пинг: 3761ms | Скорость: 8.65 Mbps ⚡⚡
2026-02-26 11:21:01 [INFO]    🏆 NL | VLESS | Пинг: 3769ms | Скорость: 8.43 Mbps ⚡⚡
2026-02-26 11:21:01 [INFO]    🏆 DE | VLESS | Пинг: 3768ms | Скорость: 8.36 Mbps ⚡⚡
2026-02-26 11:21:02 [INFO]    🏆 DE | VLESS | Пинг: 3848ms | Скорость: 8.87 Mbps ⚡⚡
2026-02-26 11:21:02 [INFO]    🏆 FI | VLESS | Пинг: 3873ms | Скорость: 9.77 Mbps ⚡⚡
2026-02-26 11:21:02 [INFO]    🏆 US | VLESS | Пинг: 3848ms | Скорость: 8.59 Mbps ⚡⚡
2026-02-26 11:21:02 [INFO]    🏆 NO | VLESS | Пинг: 3727ms | Скорость: 6.0 Mbps ⚡⚡
2026-02-26 11:21:03 [INFO]    🏆 FR | VLESS | Пинг: 3886ms | Скорость: 9.27 Mbps ⚡⚡
2026-02-26 11:21:03 [INFO]    🏆 NL | VLESS | Пинг: 3847ms | Скорость: 4.49 Mbps ⚡⚡
2026-02-26 11:21:04 [INFO]    🏆 NL | VLESS | Пинг: 3859ms | Скорость: 4.14 Mbps ⚡⚡
2026-02-26 11:21:04 [INFO]    🏆 PL | VLESS | Пинг: 3936ms | Скорость: 8.09 Mbps ⚡⚡
2026-02-26 11:21:04 [INFO]    🏆 ES | VLESS | Пинг: 3905ms | Скорость: 7.72 Mbps ⚡⚡
2026-02-26 11:21:04 [INFO]    🏆 FI | VLESS | Пинг: 3888ms | Скорость: 7.55 Mbps ⚡⚡
2026-02-26 11:21:05 [INFO]    🏆 PL | VLESS | Пинг: 3993ms | Скорость: 9.54 Mbps ⚡⚡
2026-02-26 11:21:05 [INFO]    🏆 NL | VLESS | Пинг: 3831ms | Скорость: 2.24 Mbps ⚡
2026-02-26 11:21:05 [INFO]    🏆 SE | VLESS | Пинг: 3952ms | Скорость: 7.36 Mbps ⚡⚡
2026-02-26 11:21:05 [INFO]    🏆 FI | VLESS | Пинг: 3999ms | Скорость: 21.38 Mbps ⚡⚡
2026-02-26 11:21:06 [INFO]    🏆 CA | VLESS | Пинг: 3971ms | Скорость: 5.78 Mbps ⚡⚡
2026-02-26 11:21:07 [INFO]    🏆 NL | VLESS | Пинг: 3876ms | Скорость: 1.72 Mbps ⚡
2026-02-26 11:21:08 [INFO]    🏆 US | VLESS | Пинг: 3944ms | Скорость: 1.14 Mbps 
2026-02-26 11:21:09 [INFO]    🏆 EE | VLESS | Пинг: 3994ms | Скорость: 1.79 Mbps ⚡
2026-02-26 11:21:10 [INFO]    🏆 NL | VLESS | Пинг: 3997ms | Скорость: 0.66 Mbps 
2026-02-26 11:21:10 [INFO] 📊 Итого в подписке сохранено иностранных серверов: 10
2026-02-26 11:21:10 [INFO] 💾 Файл успешно сохранен: FL1PVPN
