2026-02-27 08:00:05 [INFO] 🚀 START: Smart Selector (Target: 10, ONLY FOREIGN)
2026-02-27 08:00:05 [INFO] 🌐 Загрузка источников (VLESS + VMess)...
2026-02-27 08:00:07 [INFO] 🔍 Уникальных конфигов собрано: 427
2026-02-27 08:00:07 [INFO] ⚡ ЭТАП 1: Замер Пинга и Геолокации. Workers: 40...
2026-02-27 08:00:12 [INFO]    [PING OK] FI | VLESS | 3741ms
2026-02-27 08:00:12 [INFO]    [PING OK] PL | VLESS | 3854ms
2026-02-27 08:00:12 [INFO]    [PING OK] DE | VLESS | 3884ms
2026-02-27 08:00:12 [INFO]    [PING OK] ES | VLESS | 3825ms
2026-02-27 08:00:12 [INFO]    [PING OK] US | VLESS | 3812ms
2026-02-27 08:00:12 [INFO]    [PING OK] IT | VLESS | 3911ms
2026-02-27 08:00:12 [INFO]    [PING OK] PL | VLESS | 3902ms
2026-02-27 08:00:12 [INFO]    [PING OK] DE | VLESS | 4233ms
2026-02-27 08:00:12 [INFO]    [PING OK] PL | VLESS | 3953ms
2026-02-27 08:00:12 [INFO]    [PING OK] PL | VLESS | 4188ms
2026-02-27 08:00:12 [INFO]    [PING OK] FI | VLESS | 3827ms
2026-02-27 08:00:13 [INFO]    [PING OK] NL | VLESS | 4638ms
2026-02-27 08:00:13 [INFO]    [PING OK] ES | VLESS | 4326ms
2026-02-27 08:00:13 [INFO]    [PING OK] ES | VLESS | 4525ms
2026-02-27 08:00:13 [INFO]    [PING OK] FI | VLESS | 3924ms
2026-02-27 08:00:13 [INFO]    [PING OK] FI | VLESS | 4337ms
2026-02-27 08:00:13 [INFO]    [PING OK] DE | VLESS | 4971ms
2026-02-27 08:00:14 [INFO]    [PING OK] FI | VLESS | 4795ms
2026-02-27 08:00:14 [INFO]    [PING OK] DE | VLESS | 3871ms
2026-02-27 08:00:14 [INFO]    [PING OK] PL | VLESS | 4315ms
2026-02-27 08:00:14 [INFO]    [PING OK] NL | VLESS | 4508ms
2026-02-27 08:00:14 [INFO]    [PING OK] NO | VLESS | 3894ms
2026-02-27 08:00:14 [INFO]    [PING OK] CH | VLESS | 3938ms
2026-02-27 08:00:17 [INFO]    [PING OK] FR | VLESS | 4283ms
2026-02-27 08:00:17 [INFO]    [PING OK] LT | VLESS | 4554ms
2026-02-27 08:00:17 [INFO]    [PING OK] EE | VLESS | 4238ms
2026-02-27 08:00:17 [INFO]    [PING OK] US | VLESS | 5128ms
2026-02-27 08:00:18 [INFO]    [PING OK] LT | VLESS | 4599ms
2026-02-27 08:00:18 [INFO]    [PING OK] CH | VLESS | 3915ms
2026-02-27 08:00:18 [INFO]    [PING OK] PL | VLESS | 4243ms
2026-02-27 08:00:18 [INFO]    [PING OK] PL | VLESS | 3917ms
2026-02-27 08:00:18 [INFO]    [PING OK] HU | VLESS | 4669ms
2026-02-27 08:00:18 [INFO]    [PING OK] DE | VLESS | 4155ms
2026-02-27 08:00:19 [INFO]    [PING OK] NL | VLESS | 3434ms
2026-02-27 08:00:19 [INFO]    [PING OK] ES | VLESS | 3573ms
2026-02-27 08:00:19 [INFO]    [PING OK] HK | VLESS | 4871ms
2026-02-27 08:00:20 [INFO]    [PING OK] IT | VLESS | 3568ms
2026-02-27 08:00:21 [INFO]    [PING OK] FI | VLESS | 5143ms
2026-02-27 08:00:22 [INFO]    [PING OK] HU | VLESS | 3370ms
2026-02-27 08:00:22 [INFO]    [PING OK] FI | VLESS | 3752ms
2026-02-27 08:00:22 [INFO]    [PING OK] FI | VLESS | 5040ms
2026-02-27 08:00:22 [INFO]    [PING OK] NL | VLESS | 9137ms
2026-02-27 08:00:22 [INFO]    [PING OK] FI | VLESS | 3548ms
2026-02-27 08:00:22 [INFO]    [PING OK] EE | VLESS | 3750ms
2026-02-27 08:00:22 [INFO]    [PING OK] FI | VLESS | 3602ms
2026-02-27 08:00:23 [INFO]    [PING OK] TR | VLESS | 4269ms
2026-02-27 08:00:23 [INFO]    [PING OK] DE | VLESS | 3497ms
2026-02-27 08:00:23 [INFO]    [PING OK] FR | VLESS | 4115ms
2026-02-27 08:00:23 [INFO]    [PING OK] HU | VLESS | 4700ms
2026-02-27 08:00:23 [INFO]    [PING OK] TR | VLESS | 3475ms
2026-02-27 08:00:24 [INFO]    [PING OK] HU | VLESS | 5720ms
2026-02-27 08:00:24 [INFO]    [PING OK] ES | VLESS | 3686ms
2026-02-27 08:00:24 [INFO]    [PING OK] DE | VLESS | 3706ms
2026-02-27 08:00:24 [INFO]    [PING OK] TR | VLESS | 3803ms
2026-02-27 08:00:26 [INFO]    [PING OK] FI | VLESS | 5398ms
2026-02-27 08:00:26 [INFO]    [PING OK] TR | VLESS | 4050ms
2026-02-27 08:00:27 [INFO]    [PING OK] NL | VLESS | 4177ms
2026-02-27 08:00:27 [INFO]    [PING OK] NL | VLESS | 4284ms
2026-02-27 08:00:27 [INFO]    [PING OK] NL | VLESS | 3954ms
2026-02-27 08:00:27 [INFO]    [PING OK] FR | VLESS | 4212ms
2026-02-27 08:00:28 [INFO]    [PING OK] CA | VLESS | 4457ms
2026-02-27 08:00:28 [INFO]    [PING OK] FI | VLESS | 3520ms
2026-02-27 08:00:28 [INFO]    [PING OK] US | VLESS | 4776ms
2026-02-27 08:00:28 [INFO]    [PING OK] PL | VLESS | 3889ms
2026-02-27 08:00:28 [INFO]    [PING OK] LV | VLESS | 3492ms
2026-02-27 08:00:29 [INFO]    [PING OK] LT | VLESS | 3891ms
2026-02-27 08:00:29 [INFO]    [PING OK] TR | VLESS | 3747ms
2026-02-27 08:00:30 [INFO]    [PING OK] NG | VLESS | 4893ms
2026-02-27 08:00:31 [INFO]    [PING OK] CA | VLESS | 3819ms
2026-02-27 08:00:32 [INFO]    [PING OK] FI | VLESS | 4357ms
2026-02-27 08:00:32 [INFO]    [PING OK] FI | VLESS | 3877ms
2026-02-27 08:00:32 [INFO]    [PING OK] FI | VLESS | 4222ms
2026-02-27 08:00:32 [INFO]    [PING OK] DE | VLESS | 4048ms
2026-02-27 08:00:32 [INFO]    [PING OK] DE | VLESS | 3887ms
2026-02-27 08:00:33 [INFO]    [PING OK] CA | VLESS | 4502ms
2026-02-27 08:00:33 [INFO]    [PING OK] PL | VLESS | 3769ms
2026-02-27 08:00:33 [INFO]    [PING OK] HU | VLESS | 3901ms
2026-02-27 08:00:33 [INFO]    [PING OK] FI | VLESS | 3983ms
2026-02-27 08:00:34 [INFO]    [PING OK] PL | VLESS | 4068ms
2026-02-27 08:00:34 [INFO]    [PING OK] EE | VLESS | 3971ms
2026-02-27 08:00:35 [INFO]    [PING OK] LV | VLESS | 4284ms
2026-02-27 08:00:35 [INFO]    [PING OK] US | VLESS | 4507ms
2026-02-27 08:00:37 [INFO]    [PING OK] PL | VLESS | 4222ms
2026-02-27 08:00:37 [INFO]    [PING OK] FR | VLESS | 4757ms
2026-02-27 08:00:37 [INFO]    [PING OK] PL | VLESS | 4098ms
2026-02-27 08:00:37 [INFO]    [PING OK] ES | VLESS | 4448ms
2026-02-27 08:00:38 [INFO]    [PING OK] LT | VLESS | 3895ms
2026-02-27 08:00:39 [INFO]    [PING OK] US | VLESS | 4030ms
2026-02-27 08:00:39 [INFO]    [PING OK] LV | VLESS | 4008ms
2026-02-27 08:00:39 [INFO]    [PING OK] FI | VLESS | 4138ms
2026-02-27 08:00:39 [INFO]    [PING OK] LT | VLESS | 3752ms
2026-02-27 08:00:40 [INFO]    [PING OK] DE | VLESS | 4194ms
2026-02-27 08:00:41 [INFO]    [PING OK] HU | VLESS | 3437ms
2026-02-27 08:00:41 [INFO]    [PING OK] CA | VLESS | 4091ms
2026-02-27 08:00:41 [INFO]    [PING OK] FI | VLESS | 3840ms
2026-02-27 08:00:41 [INFO]    [PING OK] FI | VLESS | 4074ms
2026-02-27 08:00:42 [INFO]    [PING OK] PL | VLESS | 3572ms
2026-02-27 08:00:42 [INFO]    [PING OK] FI | VLESS | 7651ms
2026-02-27 08:00:42 [INFO]    [PING OK] DE | VLESS | 4133ms
2026-02-27 08:00:42 [INFO]    [PING OK] PL | VLESS | 3847ms
2026-02-27 08:00:42 [INFO]    [PING OK] NL | VLESS | 3998ms
2026-02-27 08:00:42 [INFO]    [PING OK] SE | VLESS | 3887ms
2026-02-27 08:00:42 [INFO]    [PING OK] PL | VLESS | 4055ms
2026-02-27 08:00:43 [INFO]    [PING OK] PL | VLESS | 3708ms
2026-02-27 08:00:43 [INFO]    [PING OK] PL | VLESS | 3677ms
2026-02-27 08:00:43 [INFO]    [PING OK] DE | VLESS | 3842ms
2026-02-27 08:00:45 [INFO]    [PING OK] DE | VLESS | 4592ms
2026-02-27 08:00:45 [INFO]    [PING OK] KZ | VLESS | 4351ms
2026-02-27 08:00:46 [INFO]    [PING OK] TR | VLESS | 4871ms
2026-02-27 08:00:47 [INFO]    [PING OK] DE | VLESS | 5856ms
2026-02-27 08:00:47 [INFO]    [PING OK] TR | VLESS | 4856ms
2026-02-27 08:00:47 [INFO]    [PING OK] SE | VLESS | 4303ms
2026-02-27 08:00:48 [INFO]    [PING OK] US | VLESS | 5455ms
2026-02-27 08:00:48 [INFO]    [PING OK] FI | VLESS | 4855ms
2026-02-27 08:00:48 [INFO]    [PING OK] PL | VLESS | 4602ms
2026-02-27 08:00:48 [INFO]    [PING OK] NL | VLESS | 6375ms
2026-02-27 08:00:49 [INFO]    [PING OK] ES | VLESS | 5169ms
2026-02-27 08:00:49 [INFO]    [PING OK] TR | VLESS | 5316ms
2026-02-27 08:00:49 [INFO]    [PING OK] NL | VLESS | 4447ms
2026-02-27 08:00:51 [INFO]    [PING OK] DE | VLESS | 4573ms
2026-02-27 08:00:51 [INFO]    [PING OK] TR | VLESS | 5022ms
2026-02-27 08:00:51 [INFO]    [PING OK] DE | VLESS | 4854ms
2026-02-27 08:00:53 [INFO]    [PING OK] PL | VLESS | 4602ms
2026-02-27 08:00:53 [INFO]    [PING OK] SE | VLESS | 4483ms
2026-02-27 08:00:53 [INFO]    [PING OK] DE | VLESS | 4130ms
2026-02-27 08:00:53 [INFO]    [PING OK] AE | VLESS | 4639ms
2026-02-27 08:00:53 [INFO]    [PING OK] CA | VLESS | 4488ms
2026-02-27 08:00:54 [INFO]    [PING OK] DE | VLESS | 3891ms
2026-02-27 08:00:54 [INFO]    [PING OK] SG | VLESS | 4460ms
2026-02-27 08:00:54 [INFO]    [PING OK] CA | VLESS | 3847ms
2026-02-27 08:00:54 [INFO]    [PING OK] DE | VLESS | 3195ms
2026-02-27 08:00:54 [INFO]    [PING OK] LV | VLESS | 2946ms
2026-02-27 08:00:54 [INFO]    [PING OK] DE | VLESS | 2773ms
2026-02-27 08:00:54 [INFO]    [PING OK] SG | VLESS | 2519ms
2026-02-27 08:00:54 [INFO]    [PING OK] US | VLESS | 3067ms
2026-02-27 08:00:54 [INFO]    [PING OK] DE | VLESS | 3150ms
2026-02-27 08:00:57 [INFO]    [PING OK] CA | VLESS | 6802ms
2026-02-27 08:00:58 [INFO] 🏎️ ЭТАП 2: Глубокий замер скорости для 40 иностранных кандидатов...
2026-02-27 08:01:02 [INFO]    🏆 NL | VLESS | Пинг: 3434ms | Скорость: 6.42 Mbps ⚡⚡
2026-02-27 08:01:02 [INFO]    🏆 LV | VLESS | Пинг: 3492ms | Скорость: 6.39 Mbps ⚡⚡
2026-02-27 08:01:02 [INFO]    🏆 HU | VLESS | Пинг: 3370ms | Скорость: 6.11 Mbps ⚡⚡
2026-02-27 08:01:03 [INFO]    🏆 FI | VLESS | Пинг: 3548ms | Скорость: 6.41 Mbps ⚡⚡
2026-02-27 08:01:03 [INFO]    🏆 FI | VLESS | Пинг: 3520ms | Скорость: 6.16 Mbps ⚡⚡
2026-02-27 08:01:03 [INFO]    🏆 HU | VLESS | Пинг: 3437ms | Скорость: 5.91 Mbps ⚡⚡
2026-02-27 08:01:03 [INFO]    🏆 SG | VLESS | Пинг: 2519ms | Скорость: 5.22 Mbps ⚡⚡
2026-02-27 08:01:03 [INFO]    🏆 DE | VLESS | Пинг: 3150ms | Скорость: 5.13 Mbps ⚡⚡
2026-02-27 08:01:05 [INFO]    🏆 US | VLESS | Пинг: 3067ms | Скорость: 3.46 Mbps ⚡⚡
2026-02-27 08:01:05 [INFO]    🏆 DE | VLESS | Пинг: 2773ms | Скорость: 3.41 Mbps ⚡⚡
2026-02-27 08:01:05 [INFO]    🏆 LV | VLESS | Пинг: 2946ms | Скорость: 2.28 Mbps ⚡
2026-02-27 08:01:05 [INFO]    🏆 DE | VLESS | Пинг: 3195ms | Скорость: 2.6 Mbps ⚡
2026-02-27 08:01:05 [INFO]    🏆 IT | VLESS | Пинг: 3568ms | Скорость: 2.34 Mbps ⚡
2026-02-27 08:01:05 [INFO]    🏆 DE | VLESS | Пинг: 3497ms | Скорость: 1.67 Mbps ⚡
2026-02-27 08:01:05 [INFO]    🏆 TR | VLESS | Пинг: 3475ms | Скорость: 1.92 Mbps ⚡
2026-02-27 08:01:06 [INFO]    🏆 FI | VLESS | Пинг: 3602ms | Скорость: 6.49 Mbps ⚡⚡
2026-02-27 08:01:06 [INFO]    🏆 PL | VLESS | Пинг: 3572ms | Скорость: 6.32 Mbps ⚡⚡
2026-02-27 08:01:07 [INFO]    🏆 FI | VLESS | Пинг: 3741ms | Скорость: 7.34 Mbps ⚡⚡
2026-02-27 08:01:07 [INFO]    🏆 PL | VLESS | Пинг: 3708ms | Скорость: 7.07 Mbps ⚡⚡
2026-02-27 08:01:07 [INFO]    🏆 DE | VLESS | Пинг: 3706ms | Скорость: 5.68 Mbps ⚡⚡
2026-02-27 08:01:07 [INFO]    🏆 PL | VLESS | Пинг: 3677ms | Скорость: 5.29 Mbps ⚡⚡
2026-02-27 08:01:08 [INFO]    🏆 LT | VLESS | Пинг: 3752ms | Скорость: 9.36 Mbps ⚡⚡
2026-02-27 08:01:08 [INFO]    🏆 PL | VLESS | Пинг: 3769ms | Скорость: 9.84 Mbps ⚡⚡
2026-02-27 08:01:08 [INFO]    🏆 EE | VLESS | Пинг: 3750ms | Скорость: 7.86 Mbps ⚡⚡
2026-02-27 08:01:08 [INFO]    🏆 TR | VLESS | Пинг: 3747ms | Скорость: 7.16 Mbps ⚡⚡
2026-02-27 08:01:09 [INFO]    🏆 ES | VLESS | Пинг: 3573ms | Скорость: 2.77 Mbps ⚡
2026-02-27 08:01:09 [INFO]    🏆 ES | VLESS | Пинг: 3686ms | Скорость: 1.46 Mbps 
2026-02-27 08:01:10 [INFO]    🏆 FI | VLESS | Пинг: 3827ms | Скорость: 8.2 Mbps ⚡⚡
2026-02-27 08:01:10 [INFO]    🏆 FI | VLESS | Пинг: 3840ms | Скорость: 7.75 Mbps ⚡⚡
2026-02-27 08:01:10 [INFO]    🏆 PL | VLESS | Пинг: 3847ms | Скорость: 8.92 Mbps ⚡⚡
2026-02-27 08:01:10 [INFO]    🏆 TR | VLESS | Пинг: 3803ms | Скорость: 4.86 Mbps ⚡⚡
2026-02-27 08:01:11 [INFO]    🏆 FI | VLESS | Пинг: 3877ms | Скорость: 12.05 Mbps ⚡⚡
2026-02-27 08:01:11 [INFO]    🏆 DE | VLESS | Пинг: 3842ms | Скорость: 6.05 Mbps ⚡⚡
2026-02-27 08:01:11 [INFO]    🏆 DE | VLESS | Пинг: 3871ms | Скорость: 10.49 Mbps ⚡⚡
2026-02-27 08:01:11 [INFO]    🏆 PL | VLESS | Пинг: 3854ms | Скорость: 10.53 Mbps ⚡⚡
2026-02-27 08:01:11 [INFO]    🏆 CA | VLESS | Пинг: 3819ms | Скорость: 4.66 Mbps ⚡⚡
2026-02-27 08:01:12 [INFO]    🏆 CA | VLESS | Пинг: 3847ms | Скорость: 7.3 Mbps ⚡⚡
2026-02-27 08:01:13 [INFO]    🏆 ES | VLESS | Пинг: 3825ms | Скорость: 2.27 Mbps ⚡
2026-02-27 08:01:13 [INFO] 📊 Итого в подписке сохранено иностранных серверов: 10
2026-02-27 08:01:13 [INFO] 💾 Файл успешно сохранен: FL1PVPN
