2026-02-25 13:00:06 [INFO] 🚀 START: Smart Selector (Target: 10, ONLY FOREIGN)
2026-02-25 13:00:06 [INFO] 🌐 Загрузка источников (VLESS + VMess)...
2026-02-25 13:00:08 [INFO] 🔍 Уникальных конфигов собрано: 199
2026-02-25 13:00:08 [INFO] ⚡ ЭТАП 1: Замер Пинга и Геолокации. Workers: 40...
2026-02-25 13:00:14 [INFO]    [PING OK] FI | VLESS | 4699ms
2026-02-25 13:00:14 [INFO]    [PING OK] NL | VLESS | 4857ms
2026-02-25 13:00:14 [INFO]    [PING OK] DE | VLESS | 5325ms
2026-02-25 13:00:14 [INFO]    [PING OK] DE | VLESS | 4739ms
2026-02-25 13:00:14 [INFO]    [PING OK] FI | VLESS | 4649ms
2026-02-25 13:00:15 [INFO]    [PING OK] NL | VLESS | 4566ms
2026-02-25 13:00:16 [INFO]    [PING OK] NL | VLESS | 3896ms
2026-02-25 13:00:16 [INFO]    [PING OK] NL | VLESS | 3842ms
2026-02-25 13:00:16 [INFO]    [PING OK] DE | VLESS | 4261ms
2026-02-25 13:00:16 [INFO]    [PING OK] US | VLESS | 4404ms
2026-02-25 13:00:17 [INFO]    [PING OK] FI | VLESS | 3766ms
2026-02-25 13:00:17 [INFO]    [PING OK] FI | VLESS | 4084ms
2026-02-25 13:00:19 [INFO]    [PING OK] NL | VLESS | 7406ms
2026-02-25 13:00:20 [INFO]    [PING OK] DE | VLESS | 6813ms
2026-02-25 13:00:20 [INFO]    [PING OK] DE | VLESS | 4756ms
2026-02-25 13:00:20 [INFO]    [PING OK] US | VLESS | 4663ms
2026-02-25 13:00:21 [INFO]    [PING OK] DE | VLESS | 4378ms
2026-02-25 13:00:21 [INFO]    [PING OK] US | VLESS | 4370ms
2026-02-25 13:00:21 [INFO]    [PING OK] US | VLESS | 4610ms
2026-02-25 13:00:22 [INFO]    [PING OK] US | VLESS | 4617ms
2026-02-25 13:00:22 [INFO]    [PING OK] DE | VLESS | 4655ms
2026-02-25 13:00:22 [INFO]    [PING OK] US | VLESS | 5226ms
2026-02-25 13:00:22 [INFO]    [PING OK] TR | VLESS | 5221ms
2026-02-25 13:00:22 [INFO]    [PING OK] DE | VLESS | 9825ms
2026-02-25 13:00:23 [INFO]    [PING OK] DE | VLESS | 4381ms
2026-02-25 13:00:24 [INFO]    [PING OK] NL | VLESS | 4632ms
2026-02-25 13:00:24 [INFO]    [PING OK] DE | VLESS | 4378ms
2026-02-25 13:00:24 [INFO]    [PING OK] NL | VLESS | 4391ms
2026-02-25 13:00:24 [INFO]    [PING OK] KZ | VLESS | 4251ms
2026-02-25 13:00:25 [INFO]    [PING OK] DE | VLESS | 4910ms
2026-02-25 13:00:25 [INFO]    [PING OK] DE | VLESS | 4423ms
2026-02-25 13:00:26 [INFO]    [PING OK] LT | VLESS | 4311ms
2026-02-25 13:00:26 [INFO]    [PING OK] US | VLESS | 4259ms
2026-02-25 13:00:26 [INFO]    [PING OK] US | VLESS | 4126ms
2026-02-25 13:00:26 [INFO]    [PING OK] NL | VLESS | 6941ms
2026-02-25 13:00:26 [INFO]    [PING OK] US | VLESS | 4249ms
2026-02-25 13:00:26 [INFO]    [PING OK] US | VLESS | 4663ms
2026-02-25 13:00:27 [INFO]    [PING OK] US | VLESS | 4202ms
2026-02-25 13:00:27 [INFO]    [PING OK] CA | VLESS | 6193ms
2026-02-25 13:00:28 [INFO]    [PING OK] US | VLESS | 4229ms
2026-02-25 13:00:28 [INFO]    [PING OK] US | VLESS | 5544ms
2026-02-25 13:00:28 [INFO]    [PING OK] NL | VLESS | 3064ms
2026-02-25 13:00:28 [INFO]    [PING OK] NL | VLESS | 2475ms
2026-02-25 13:00:28 [INFO]    [PING OK] DE | VLESS | 2012ms
2026-02-25 13:00:29 [INFO]    [PING OK] US | VLESS | 4235ms
2026-02-25 13:00:29 [INFO]    [PING OK] US | VLESS | 3415ms
2026-02-25 13:00:33 [INFO] 🏎️ ЭТАП 2: Глубокий замер скорости для 40 иностранных кандидатов...
2026-02-25 13:00:38 [INFO]    🏆 DE | VLESS | Пинг: 2012ms | Скорость: 5.05 Mbps ⚡⚡
2026-02-25 13:00:38 [INFO]    🏆 NL | VLESS | Пинг: 3842ms | Скорость: 5.1 Mbps ⚡⚡
2026-02-25 13:00:38 [INFO]    🏆 FI | VLESS | Пинг: 4084ms | Скорость: 4.6 Mbps ⚡⚡
2026-02-25 13:00:38 [INFO]    🏆 US | VLESS | Пинг: 3415ms | Скорость: 4.49 Mbps ⚡⚡
2026-02-25 13:00:39 [INFO]    🏆 NL | VLESS | Пинг: 3896ms | Скорость: 4.49 Mbps ⚡⚡
2026-02-25 13:00:39 [INFO]    🏆 US | VLESS | Пинг: 4249ms | Скорость: 4.66 Mbps ⚡⚡
2026-02-25 13:00:39 [INFO]    🏆 NL | VLESS | Пинг: 2475ms | Скорость: 4.29 Mbps ⚡⚡
2026-02-25 13:00:39 [INFO]    🏆 US | VLESS | Пинг: 4259ms | Скорость: 4.59 Mbps ⚡⚡
2026-02-25 13:00:39 [INFO]    🏆 US | VLESS | Пинг: 4229ms | Скорость: 4.45 Mbps ⚡⚡
2026-02-25 13:00:39 [INFO]    🏆 FI | VLESS | Пинг: 3766ms | Скорость: 4.27 Mbps ⚡⚡
2026-02-25 13:00:39 [INFO]    🏆 KZ | VLESS | Пинг: 4251ms | Скорость: 4.33 Mbps ⚡⚡
2026-02-25 13:00:39 [INFO]    🏆 US | VLESS | Пинг: 4126ms | Скорость: 4.04 Mbps ⚡⚡
2026-02-25 13:00:39 [INFO]    🏆 US | VLESS | Пинг: 4235ms | Скорость: 3.94 Mbps ⚡⚡
2026-02-25 13:00:40 [INFO]    🏆 NL | VLESS | Пинг: 3064ms | Скорость: 2.4 Mbps ⚡
2026-02-25 13:00:41 [INFO]    🏆 LT | VLESS | Пинг: 4311ms | Скорость: 8.29 Mbps ⚡⚡
2026-02-25 13:00:42 [INFO]    🏆 DE | VLESS | Пинг: 4261ms | Скорость: 6.69 Mbps ⚡⚡
2026-02-25 13:00:42 [INFO]    🏆 US | VLESS | Пинг: 4370ms | Скорость: 5.86 Mbps ⚡⚡
2026-02-25 13:00:43 [INFO]    🏆 DE | VLESS | Пинг: 4381ms | Скорость: 5.87 Mbps ⚡⚡
2026-02-25 13:00:43 [INFO]    🏆 DE | VLESS | Пинг: 4378ms | Скорость: 5.59 Mbps ⚡⚡
2026-02-25 13:00:43 [INFO]    🏆 DE | VLESS | Пинг: 4378ms | Скорость: 5.65 Mbps ⚡⚡
2026-02-25 13:00:43 [INFO]    🏆 NL | VLESS | Пинг: 4391ms | Скорость: 5.77 Mbps ⚡⚡
2026-02-25 13:00:43 [INFO]    🏆 DE | VLESS | Пинг: 4423ms | Скорость: 5.61 Mbps ⚡⚡
2026-02-25 13:00:43 [INFO]    🏆 NL | VLESS | Пинг: 4566ms | Скорость: 5.57 Mbps ⚡⚡
2026-02-25 13:00:43 [INFO]    🏆 US | VLESS | Пинг: 4404ms | Скорость: 5.45 Mbps ⚡⚡
2026-02-25 13:00:43 [INFO]    🏆 US | VLESS | Пинг: 4610ms | Скорость: 5.4 Mbps ⚡⚡
2026-02-25 13:00:43 [INFO]    🏆 US | VLESS | Пинг: 4617ms | Скорость: 5.43 Mbps ⚡⚡
2026-02-25 13:00:43 [INFO]    🏆 NL | VLESS | Пинг: 4632ms | Скорость: 5.66 Mbps ⚡⚡
2026-02-25 13:00:45 [INFO]    🏆 US | VLESS | Пинг: 4663ms | Скорость: 8.47 Mbps ⚡⚡
2026-02-25 13:00:45 [INFO]    🏆 US | VLESS | Пинг: 4663ms | Скорость: 6.77 Mbps ⚡⚡
2026-02-25 13:00:45 [INFO]    🏆 DE | VLESS | Пинг: 4910ms | Скорость: 13.54 Mbps ⚡⚡
2026-02-25 13:00:46 [INFO]    🏆 DE | VLESS | Пинг: 4756ms | Скорость: 10.25 Mbps ⚡⚡
2026-02-25 13:00:46 [INFO]    🏆 FI | VLESS | Пинг: 4649ms | Скорость: 2.61 Mbps ⚡
2026-02-25 13:00:47 [INFO]    🏆 TR | VLESS | Пинг: 5221ms | Скорость: 6.5 Mbps ⚡⚡
2026-02-25 13:00:47 [INFO]    🏆 DE | VLESS | Пинг: 4655ms | Скорость: 1.84 Mbps ⚡
2026-02-25 13:00:48 [INFO]    🏆 US | VLESS | Пинг: 5226ms | Скорость: 4.64 Mbps ⚡⚡
2026-02-25 13:00:48 [INFO] 📊 Итого в подписке сохранено иностранных серверов: 10
2026-02-25 13:00:48 [INFO] 💾 Файл успешно сохранен: FL1PVPN
