2026-02-19 02:50:06 [INFO] 🚀 START: Smart VLESS Selector (Target: 10, Strict Mode)
2026-02-19 02:50:06 [INFO] 🌐 Загрузка источников...
2026-02-19 02:50:10 [INFO] 🔍 Уникальных конфигов собрано: 701
2026-02-19 02:50:10 [INFO] ⚡ ЭТАП 1: Быстрый замер Пинга (Workers: 25)...
2026-02-19 02:50:11 [INFO]    [PING OK] LV | 204ms
2026-02-19 02:50:11 [INFO]    [PING OK] RU | 113ms
2026-02-19 02:50:12 [INFO]    [PING OK] US | 994ms
2026-02-19 02:50:12 [INFO]    [PING OK] RU | 176ms
2026-02-19 02:50:12 [INFO]    [PING OK] IT | 548ms
2026-02-19 02:50:12 [INFO]    [PING OK] JP | 975ms
2026-02-19 02:50:12 [INFO]    [PING OK] DE | 1056ms
2026-02-19 02:50:12 [INFO]    [PING OK] US | 776ms
2026-02-19 02:50:13 [INFO]    [PING OK] RU | 134ms
2026-02-19 02:50:13 [INFO]    [PING OK] TR | 105ms
2026-02-19 02:50:13 [INFO]    [PING OK] RU | 273ms
2026-02-19 02:50:15 [INFO]    [PING OK] DE | 143ms
2026-02-19 02:50:16 [INFO]    [PING OK] US | 1801ms
2026-02-19 02:50:17 [INFO]    [PING OK] DE | 144ms
2026-02-19 02:50:18 [INFO]    [PING OK] RU | 186ms
2026-02-19 02:50:18 [INFO]    [PING OK] DE | 854ms
2026-02-19 02:50:19 [INFO]    [PING OK] TR | 151ms
2026-02-19 02:50:19 [INFO]    [PING OK] SE | 150ms
2026-02-19 02:50:23 [INFO]    [PING OK] RU | 233ms
2026-02-19 02:50:23 [INFO]    [PING OK] RU | 322ms
2026-02-19 02:50:23 [INFO]    [PING OK] RU | 494ms
2026-02-19 02:50:23 [INFO]    [PING OK] RU | 297ms
2026-02-19 02:50:23 [INFO]    [PING OK] RU | 199ms
2026-02-19 02:50:23 [INFO]    [PING OK] RU | 305ms
2026-02-19 02:50:24 [INFO]    [PING OK] RU | 323ms
2026-02-19 02:50:24 [INFO]    [PING OK] RU | 206ms
2026-02-19 02:50:24 [INFO]    [PING OK] RU | 242ms
2026-02-19 02:50:24 [INFO]    [PING OK] RU | 57ms
2026-02-19 02:50:24 [INFO]    [PING OK] RU | 231ms
2026-02-19 02:50:25 [INFO]    [PING OK] RU | 219ms
2026-02-19 02:50:25 [INFO]    [PING OK] RU | 303ms
2026-02-19 02:50:25 [INFO]    [PING OK] DE | 437ms
2026-02-19 02:50:26 [INFO]    [PING OK] RU | 233ms
2026-02-19 02:50:26 [INFO]    [PING OK] RU | 239ms
2026-02-19 02:50:26 [INFO]    [PING OK] RU | 269ms
2026-02-19 02:50:26 [INFO]    [PING OK] RU | 902ms
2026-02-19 02:50:26 [INFO]    [PING OK] LT | 3915ms
2026-02-19 02:50:26 [INFO]    [PING OK] RU | 222ms
2026-02-19 02:50:27 [INFO]    [PING OK] RU | 218ms
2026-02-19 02:50:27 [INFO]    [PING OK] RU | 240ms
2026-02-19 02:50:27 [INFO]    [PING OK] RU | 313ms
2026-02-19 02:50:27 [INFO]    [PING OK] RU | 160ms
2026-02-19 02:50:27 [INFO]    [PING OK] RU | 360ms
2026-02-19 02:50:27 [INFO]    [PING OK] RU | 488ms
2026-02-19 02:50:27 [INFO]    [PING OK] RU | 562ms
2026-02-19 02:50:27 [INFO]    [PING OK] RU | 673ms
2026-02-19 02:50:27 [INFO]    [PING OK] DE | 3932ms
2026-02-19 02:50:28 [INFO]    [PING OK] RU | 196ms
2026-02-19 02:50:28 [INFO]    [PING OK] RU | 356ms
2026-02-19 02:50:28 [INFO]    [PING OK] RU | 149ms
2026-02-19 02:50:28 [INFO]    [PING OK] RU | 216ms
2026-02-19 02:50:28 [INFO]    [PING OK] RU | 203ms
2026-02-19 02:50:28 [INFO]    [PING OK] RU | 233ms
2026-02-19 02:50:28 [INFO]    [PING OK] RU | 1345ms
2026-02-19 02:50:28 [INFO]    [PING OK] RU | 237ms
2026-02-19 02:50:28 [INFO]    [PING OK] RU | 174ms
2026-02-19 02:50:29 [INFO]    [PING OK] RU | 406ms
2026-02-19 02:50:29 [INFO]    [PING OK] RU | 208ms
2026-02-19 02:50:29 [INFO]    [PING OK] RU | 203ms
2026-02-19 02:50:29 [INFO]    [PING OK] RU | 252ms
2026-02-19 02:50:30 [INFO]    [PING OK] RU | 634ms
2026-02-19 02:50:30 [INFO]    [PING OK] RU | 309ms
2026-02-19 02:50:30 [INFO]    [PING OK] RU | 227ms
2026-02-19 02:50:30 [INFO]    [PING OK] RU | 1370ms
2026-02-19 02:50:30 [INFO]    [PING OK] RU | 273ms
2026-02-19 02:50:30 [INFO]    [PING OK] RU | 195ms
2026-02-19 02:50:30 [INFO]    [PING OK] RU | 147ms
2026-02-19 02:50:31 [INFO]    [PING OK] RU | 162ms
2026-02-19 02:50:31 [INFO]    [PING OK] RU | 79ms
2026-02-19 02:50:31 [INFO]    [PING OK] RU | 87ms
2026-02-19 02:50:31 [INFO]    [PING OK] RU | 473ms
2026-02-19 02:50:31 [INFO]    [PING OK] RU | 578ms
2026-02-19 02:50:32 [INFO]    [PING OK] FR | 811ms
2026-02-19 02:50:32 [INFO]    [PING OK] HU | 339ms
2026-02-19 02:50:32 [INFO]    [PING OK] CZ | 608ms
2026-02-19 02:50:32 [INFO]    [PING OK] PL | 120ms
2026-02-19 02:50:32 [INFO]    [PING OK] RU | 3957ms
2026-02-19 02:50:33 [INFO]    [PING OK] RU | 3094ms
2026-02-19 02:50:34 [INFO]    [PING OK] US | 1368ms
2026-02-19 02:50:34 [INFO]    [PING OK] RU | 4515ms
2026-02-19 02:50:34 [INFO]    [PING OK] LV | 316ms
2026-02-19 02:50:36 [INFO]    [PING OK] RU | 304ms
2026-02-19 02:50:37 [INFO]    [PING OK] FI | 112ms
2026-02-19 02:50:37 [INFO]    [PING OK] DE | 161ms
2026-02-19 02:50:37 [INFO]    [PING OK] CY | 381ms
2026-02-19 02:50:38 [INFO]    [PING OK] AT | 238ms
2026-02-19 02:50:38 [INFO]    [PING OK] NL | 225ms
2026-02-19 02:50:39 [INFO]    [PING OK] NL | 205ms
2026-02-19 02:50:40 [INFO]    [PING OK] MD | 146ms
2026-02-19 02:50:40 [INFO]    [PING OK] ES | 2631ms
2026-02-19 02:50:40 [INFO]    [PING OK] UZ | 254ms
2026-02-19 02:50:41 [INFO]    [PING OK] IT | 535ms
2026-02-19 02:50:42 [INFO]    [PING OK] US | 646ms
2026-02-19 02:50:42 [INFO]    [PING OK] CY | 373ms
2026-02-19 02:50:43 [INFO]    [PING OK] US | 1010ms
2026-02-19 02:50:47 [INFO]    [PING OK] JP | 3348ms
2026-02-19 02:50:47 [INFO]    [PING OK] DK | 202ms
2026-02-19 02:51:10 [INFO] 🏎️ ЭТАП 2: Глубокий замер скорости для ТОП-10 серверов...
2026-02-19 02:51:14 [INFO]    🏆 TR | Пинг: 105ms | Скорость: 8.21 Mbps ⚡⚡
2026-02-19 02:51:14 [INFO]    🏆 FI | Пинг: 112ms | Скорость: 8.29 Mbps ⚡⚡
2026-02-19 02:51:14 [INFO]    🏆 PL | Пинг: 120ms | Скорость: 8.23 Mbps ⚡⚡
2026-02-19 02:51:14 [INFO]    🏆 DE | Пинг: 143ms | Скорость: 8.4 Mbps ⚡⚡
2026-02-19 02:51:14 [INFO]    🏆 DE | Пинг: 144ms | Скорость: 8.25 Mbps ⚡⚡
2026-02-19 02:51:14 [INFO]    🏆 MD | Пинг: 146ms | Скорость: 8.55 Mbps ⚡⚡
2026-02-19 02:51:14 [INFO]    🏆 SE | Пинг: 150ms | Скорость: 8.39 Mbps ⚡⚡
2026-02-19 02:51:14 [INFO]    🏆 TR | Пинг: 151ms | Скорость: 8.62 Mbps ⚡⚡
2026-02-19 02:51:14 [INFO]    🏆 DE | Пинг: 161ms | Скорость: 8.73 Mbps ⚡⚡
2026-02-19 02:51:14 [INFO]    🏆 RU | Пинг: 57ms | Скорость: 8.62 Mbps ⚡⚡
2026-02-19 02:51:14 [INFO] 🇷🇺 Добавлен RU сервер: 87.242.103.184
2026-02-19 02:51:14 [INFO] 📊 Итого в подписке сохранено: 10 серверов
2026-02-19 02:51:14 [INFO] 💾 Файл успешно сохранен: FL1PVPN
