2026-02-17 06:10:06 [INFO] 🚀 START: Smart VLESS Selector (Target: 10, Strict Mode)
2026-02-17 06:10:06 [INFO] 🌐 Загрузка источников...
2026-02-17 06:10:09 [INFO] 🔍 Уникальных конфигов собрано: 639
2026-02-17 06:10:09 [INFO] ⚡ ЭТАП 1: Быстрый замер Пинга (Workers: 25)...
2026-02-17 06:10:12 [INFO]    [PING OK] FR | 239ms
2026-02-17 06:10:12 [INFO]    [PING OK] US | 475ms
2026-02-17 06:10:14 [INFO]    [PING OK] DE | 156ms
2026-02-17 06:10:14 [INFO]    [PING OK] DE | 589ms
2026-02-17 06:10:14 [INFO]    [PING OK] NL | 4693ms
2026-02-17 06:10:15 [INFO]    [PING OK] DE | 195ms
2026-02-17 06:10:16 [INFO]    [PING OK] DE | 4360ms
2026-02-17 06:10:17 [INFO]    [PING OK] RU | 185ms
2026-02-17 06:10:18 [INFO]    [PING OK] DE | 160ms
2026-02-17 06:10:19 [INFO]    [PING OK] DE | 161ms
2026-02-17 06:10:22 [INFO]    [PING OK] RU | 201ms
2026-02-17 06:10:22 [INFO]    [PING OK] RU | 301ms
2026-02-17 06:10:22 [INFO]    [PING OK] FI | 156ms
2026-02-17 06:10:22 [INFO]    [PING OK] RU | 1217ms
2026-02-17 06:10:23 [INFO]    [PING OK] RU | 64ms
2026-02-17 06:10:23 [INFO]    [PING OK] RU | 238ms
2026-02-17 06:10:23 [INFO]    [PING OK] RU | 333ms
2026-02-17 06:10:23 [INFO]    [PING OK] US | 167ms
2026-02-17 06:10:23 [INFO]    [PING OK] RU | 262ms
2026-02-17 06:10:24 [INFO]    [PING OK] RU | 262ms
2026-02-17 06:10:25 [INFO]    [PING OK] DE | 176ms
2026-02-17 06:10:25 [INFO]    [PING OK] FI | 157ms
2026-02-17 06:10:25 [INFO]    [PING OK] PL | 155ms
2026-02-17 06:10:25 [INFO]    [PING OK] RU | 259ms
2026-02-17 06:10:25 [INFO]    [PING OK] RU | 107ms
2026-02-17 06:10:25 [INFO]    [PING OK] RU | 224ms
2026-02-17 06:10:25 [INFO]    [PING OK] RU | 85ms
2026-02-17 06:10:26 [INFO]    [PING OK] RU | 110ms
2026-02-17 06:10:26 [INFO]    [PING OK] RU | 832ms
2026-02-17 06:10:26 [INFO]    [PING OK] DE | 644ms
2026-02-17 06:10:26 [INFO]    [PING OK] RU | 139ms
2026-02-17 06:10:26 [INFO]    [PING OK] RU | 1090ms
2026-02-17 06:10:26 [INFO]    [PING OK] RU | 2350ms
2026-02-17 06:10:26 [INFO]    [PING OK] NL | 1248ms
2026-02-17 06:10:26 [INFO]    [PING OK] RU | 218ms
2026-02-17 06:10:26 [INFO]    [PING OK] RU | 597ms
2026-02-17 06:10:27 [INFO]    [PING OK] RU | 196ms
2026-02-17 06:10:27 [INFO]    [PING OK] RU | 864ms
2026-02-17 06:10:27 [INFO]    [PING OK] RU | 205ms
2026-02-17 06:10:27 [INFO]    [PING OK] RU | 3950ms
2026-02-17 06:10:27 [INFO]    [PING OK] RU | 271ms
2026-02-17 06:10:27 [INFO]    [PING OK] RU | 308ms
2026-02-17 06:10:27 [INFO]    [PING OK] RU | 3275ms
2026-02-17 06:10:28 [INFO]    [PING OK] HU | 3452ms
2026-02-17 06:10:28 [INFO]    [PING OK] NL | 226ms
2026-02-17 06:10:28 [INFO]    [PING OK] RU | 239ms
2026-02-17 06:10:28 [INFO]    [PING OK] RU | 825ms
2026-02-17 06:10:28 [INFO]    [PING OK] EE | 98ms
2026-02-17 06:10:28 [INFO]    [PING OK] PL | 168ms
2026-02-17 06:10:28 [INFO]    [PING OK] RU | 2209ms
2026-02-17 06:10:29 [INFO]    [PING OK] RU | 348ms
2026-02-17 06:10:29 [INFO]    [PING OK] RU | 939ms
2026-02-17 06:10:29 [INFO]    [PING OK] RU | 303ms
2026-02-17 06:10:29 [INFO]    [PING OK] FI | 150ms
2026-02-17 06:10:29 [INFO]    [PING OK] RU | 323ms
2026-02-17 06:10:29 [INFO]    [PING OK] FI | 142ms
2026-02-17 06:10:29 [INFO]    [PING OK] RU | 290ms
2026-02-17 06:10:29 [INFO]    [PING OK] RU | 302ms
2026-02-17 06:10:30 [INFO]    [PING OK] RU | 343ms
2026-02-17 06:10:30 [INFO]    [PING OK] RU | 286ms
2026-02-17 06:10:31 [INFO]    [PING OK] RU | 1042ms
2026-02-17 06:10:31 [INFO]    [PING OK] RU | 341ms
2026-02-17 06:10:31 [INFO]    [PING OK] HU | 4671ms
2026-02-17 06:10:31 [INFO]    [PING OK] RU | 233ms
2026-02-17 06:10:32 [INFO]    [PING OK] RU | 210ms
2026-02-17 06:10:32 [INFO]    [PING OK] RU | 238ms
2026-02-17 06:10:32 [INFO]    [PING OK] DE | 173ms
2026-02-17 06:10:32 [INFO]    [PING OK] RU | 1188ms
2026-02-17 06:10:33 [INFO]    [PING OK] RU | 72ms
2026-02-17 06:10:33 [INFO]    [PING OK] RU | 253ms
2026-02-17 06:10:33 [INFO]    [PING OK] RU | 266ms
2026-02-17 06:10:33 [INFO]    [PING OK] RU | 315ms
2026-02-17 06:10:33 [INFO]    [PING OK] RU | 845ms
2026-02-17 06:10:33 [INFO]    [PING OK] RU | 314ms
2026-02-17 06:10:34 [INFO]    [PING OK] RU | 1283ms
2026-02-17 06:10:34 [INFO]    [PING OK] RU | 277ms
2026-02-17 06:10:34 [INFO]    [PING OK] RU | 296ms
2026-02-17 06:10:34 [INFO]    [PING OK] RU | 187ms
2026-02-17 06:10:34 [INFO]    [PING OK] RU | 227ms
2026-02-17 06:10:34 [INFO]    [PING OK] RU | 196ms
2026-02-17 06:10:34 [INFO]    [PING OK] RU | 192ms
2026-02-17 06:10:34 [INFO]    [PING OK] RU | 270ms
2026-02-17 06:10:34 [INFO]    [PING OK] RU | 4877ms
2026-02-17 06:10:35 [INFO]    [PING OK] RU | 1715ms
2026-02-17 06:10:35 [INFO]    [PING OK] NL | 205ms
2026-02-17 06:10:35 [INFO]    [PING OK] RU | 1281ms
2026-02-17 06:10:35 [INFO]    [PING OK] US | 537ms
2026-02-17 06:10:37 [INFO]    [PING OK] RU | 4168ms
2026-02-17 06:10:41 [INFO]    [PING OK] FR | 222ms
2026-02-17 06:10:41 [INFO]    [PING OK] FR | 191ms
2026-02-17 06:10:42 [INFO]    [PING OK] GR | 81ms
2026-02-17 06:10:44 [INFO]    [PING OK] DE | 180ms
2026-02-17 06:10:46 [INFO]    [PING OK] EE | 326ms
2026-02-17 06:10:49 [INFO]    [PING OK] TR | 284ms
2026-02-17 06:10:53 [INFO]    [PING OK] AT | 195ms
2026-02-17 06:10:58 [INFO]    [PING OK] PL | 777ms
2026-02-17 06:11:02 [INFO]    [PING OK] US | 733ms
2026-02-17 06:11:03 [INFO]    [PING OK] IR | 542ms
2026-02-17 06:11:05 [INFO]    [PING OK] DE | 256ms
2026-02-17 06:11:08 [INFO]    [PING OK] NL | 263ms
2026-02-17 06:11:08 [INFO]    [PING OK] LT | 140ms
2026-02-17 06:11:08 [INFO]    [PING OK] CY | 201ms
2026-02-17 06:11:13 [INFO]    [PING OK] US | 1065ms
2026-02-17 06:11:16 [INFO]    [PING OK] NL | 156ms
2026-02-17 06:11:22 [INFO]    [PING OK] DE | 149ms
2026-02-17 06:11:22 [INFO]    [PING OK] LT | 151ms
2026-02-17 06:11:22 [INFO]    [PING OK] PL | 332ms
2026-02-17 06:11:25 [INFO]    [PING OK] NL | 344ms
2026-02-17 06:11:27 [INFO]    [PING OK] PL | 501ms
2026-02-17 06:11:27 [INFO]    [PING OK] LT | 153ms
2026-02-17 06:11:27 [INFO]    [PING OK] US | 612ms
2026-02-17 06:11:30 [INFO]    [PING OK] NL | 234ms
2026-02-17 06:11:30 [INFO]    [PING OK] FR | 479ms
2026-02-17 06:11:33 [INFO]    [PING OK] MD | 202ms
2026-02-17 06:11:33 [INFO]    [PING OK] LV | 172ms
2026-02-17 06:11:38 [INFO] 🏎️ ЭТАП 2: Глубокий замер скорости для ТОП-10 серверов...
2026-02-17 06:11:44 [INFO]    🏆 GR | Пинг: 81ms | Скорость: 7.11 Mbps ⚡⚡
2026-02-17 06:11:44 [INFO]    🏆 EE | Пинг: 98ms | Скорость: 7.25 Mbps ⚡⚡
2026-02-17 06:11:44 [INFO]    🏆 LT | Пинг: 140ms | Скорость: 7.29 Mbps ⚡⚡
2026-02-17 06:11:44 [INFO]    🏆 FI | Пинг: 142ms | Скорость: 3.89 Mbps ⚡⚡
2026-02-17 06:11:44 [INFO]    🏆 DE | Пинг: 149ms | Скорость: 7.37 Mbps ⚡⚡
2026-02-17 06:11:44 [INFO]    🏆 FI | Пинг: 150ms | Скорость: 7.37 Mbps ⚡⚡
2026-02-17 06:11:44 [INFO]    🏆 LT | Пинг: 151ms | Скорость: 7.51 Mbps ⚡⚡
2026-02-17 06:11:44 [INFO]    🏆 LT | Пинг: 153ms | Скорость: 7.46 Mbps ⚡⚡
2026-02-17 06:11:44 [INFO]    🏆 PL | Пинг: 155ms | Скорость: 7.62 Mbps ⚡⚡
2026-02-17 06:11:44 [INFO]    🏆 RU | Пинг: 64ms | Скорость: 7.4 Mbps ⚡⚡
2026-02-17 06:11:44 [INFO] 🇷🇺 Добавлен RU сервер: 87.242.103.184
2026-02-17 06:11:44 [INFO] 📊 Итого в подписке сохранено: 10 серверов
2026-02-17 06:11:44 [INFO] 💾 Файл успешно сохранен: FL1PVPN
