2026-02-17 10:30:05 [INFO] 🚀 START: Smart VLESS Selector (Target: 10, Strict Mode)
2026-02-17 10:30:05 [INFO] 🌐 Загрузка источников...
2026-02-17 10:30:08 [INFO] 🔍 Уникальных конфигов собрано: 583
2026-02-17 10:30:08 [INFO] ⚡ ЭТАП 1: Быстрый замер Пинга (Workers: 25)...
2026-02-17 10:30:09 [INFO]    [PING OK] NL | 320ms
2026-02-17 10:30:10 [INFO]    [PING OK] US | 769ms
2026-02-17 10:30:10 [INFO]    [PING OK] DE | 456ms
2026-02-17 10:30:11 [INFO]    [PING OK] US | 2263ms
2026-02-17 10:30:13 [INFO]    [PING OK] DE | 2504ms
2026-02-17 10:30:15 [INFO]    [PING OK] NL | 216ms
2026-02-17 10:30:16 [INFO]    [PING OK] DE | 169ms
2026-02-17 10:30:18 [INFO]    [PING OK] DE | 583ms
2026-02-17 10:30:19 [INFO]    [PING OK] DE | 276ms
2026-02-17 10:30:19 [INFO]    [PING OK] NL | 231ms
2026-02-17 10:30:20 [INFO]    [PING OK] DE | 171ms
2026-02-17 10:30:21 [INFO]    [PING OK] FR | 219ms
2026-02-17 10:30:22 [INFO]    [PING OK] RU | 288ms
2026-02-17 10:30:22 [INFO]    [PING OK] RU | 280ms
2026-02-17 10:30:22 [INFO]    [PING OK] RU | 106ms
2026-02-17 10:30:23 [INFO]    [PING OK] RU | 438ms
2026-02-17 10:30:23 [INFO]    [PING OK] PL | 176ms
2026-02-17 10:30:23 [INFO]    [PING OK] RU | 646ms
2026-02-17 10:30:23 [INFO]    [PING OK] RU | 311ms
2026-02-17 10:30:23 [INFO]    [PING OK] RU | 323ms
2026-02-17 10:30:24 [INFO]    [PING OK] RU | 262ms
2026-02-17 10:30:24 [INFO]    [PING OK] RU | 442ms
2026-02-17 10:30:24 [INFO]    [PING OK] RU | 293ms
2026-02-17 10:30:24 [INFO]    [PING OK] RU | 206ms
2026-02-17 10:30:24 [INFO]    [PING OK] RU | 311ms
2026-02-17 10:30:24 [INFO]    [PING OK] NL | 162ms
2026-02-17 10:30:25 [INFO]    [PING OK] RU | 90ms
2026-02-17 10:30:25 [INFO]    [PING OK] RU | 290ms
2026-02-17 10:30:25 [INFO]    [PING OK] RU | 458ms
2026-02-17 10:30:25 [INFO]    [PING OK] DE | 153ms
2026-02-17 10:30:25 [INFO]    [PING OK] RU | 324ms
2026-02-17 10:30:25 [INFO]    [PING OK] RU | 361ms
2026-02-17 10:30:25 [INFO]    [PING OK] RU | 1882ms
2026-02-17 10:30:26 [INFO]    [PING OK] PL | 190ms
2026-02-17 10:30:26 [INFO]    [PING OK] RU | 267ms
2026-02-17 10:30:26 [INFO]    [PING OK] RU | 286ms
2026-02-17 10:30:26 [INFO]    [PING OK] RU | 385ms
2026-02-17 10:30:27 [INFO]    [PING OK] RU | 627ms
2026-02-17 10:30:27 [INFO]    [PING OK] RU | 236ms
2026-02-17 10:30:27 [INFO]    [PING OK] RU | 204ms
2026-02-17 10:30:27 [INFO]    [PING OK] RU | 3705ms
2026-02-17 10:30:27 [INFO]    [PING OK] RU | 3907ms
2026-02-17 10:30:27 [INFO]    [PING OK] DE | 170ms
2026-02-17 10:30:27 [INFO]    [PING OK] RU | 240ms
2026-02-17 10:30:27 [INFO]    [PING OK] RU | 180ms
2026-02-17 10:30:27 [INFO]    [PING OK] NL | 189ms
2026-02-17 10:30:28 [INFO]    [PING OK] RU | 262ms
2026-02-17 10:30:28 [INFO]    [PING OK] RU | 317ms
2026-02-17 10:30:28 [INFO]    [PING OK] RU | 347ms
2026-02-17 10:30:28 [INFO]    [PING OK] RU | 3978ms
2026-02-17 10:30:28 [INFO]    [PING OK] RU | 335ms
2026-02-17 10:30:28 [INFO]    [PING OK] RU | 229ms
2026-02-17 10:30:28 [INFO]    [PING OK] RU | 223ms
2026-02-17 10:30:28 [INFO]    [PING OK] RU | 972ms
2026-02-17 10:30:29 [INFO]    [PING OK] RU | 318ms
2026-02-17 10:30:29 [INFO]    [PING OK] RU | 728ms
2026-02-17 10:30:29 [INFO]    [PING OK] RU | 259ms
2026-02-17 10:30:29 [INFO]    [PING OK] RU | 90ms
2026-02-17 10:30:29 [INFO]    [PING OK] RU | 244ms
2026-02-17 10:30:29 [INFO]    [PING OK] RU | 295ms
2026-02-17 10:30:29 [INFO]    [PING OK] RU | 205ms
2026-02-17 10:30:30 [INFO]    [PING OK] RU | 442ms
2026-02-17 10:30:30 [INFO]    [PING OK] RU | 229ms
2026-02-17 10:30:30 [INFO]    [PING OK] RU | 95ms
2026-02-17 10:30:30 [INFO]    [PING OK] RU | 1015ms
2026-02-17 10:30:31 [INFO]    [PING OK] RU | 338ms
2026-02-17 10:30:31 [INFO]    [PING OK] DE | 1765ms
2026-02-17 10:30:31 [INFO]    [PING OK] RU | 958ms
2026-02-17 10:30:31 [INFO]    [PING OK] RU | 367ms
2026-02-17 10:30:31 [INFO]    [PING OK] RU | 234ms
2026-02-17 10:30:31 [INFO]    [PING OK] RU | 242ms
2026-02-17 10:30:31 [INFO]    [PING OK] RU | 1422ms
2026-02-17 10:30:31 [INFO]    [PING OK] RU | 4177ms
2026-02-17 10:30:32 [INFO]    [PING OK] RU | 4950ms
2026-02-17 10:30:32 [INFO]    [PING OK] PL | 181ms
2026-02-17 10:30:32 [INFO]    [PING OK] RU | 273ms
2026-02-17 10:30:32 [INFO]    [PING OK] RU | 304ms
2026-02-17 10:30:33 [INFO]    [PING OK] RU | 235ms
2026-02-17 10:30:33 [INFO]    [PING OK] RU | 3149ms
2026-02-17 10:30:33 [INFO]    [PING OK] RU | 408ms
2026-02-17 10:30:33 [INFO]    [PING OK] RU | 392ms
2026-02-17 10:30:33 [INFO]    [PING OK] RU | 961ms
2026-02-17 10:30:33 [INFO]    [PING OK] RU | 3248ms
2026-02-17 10:30:34 [INFO]    [PING OK] RU | 928ms
2026-02-17 10:30:34 [INFO]    [PING OK] RU | 1284ms
2026-02-17 10:30:34 [INFO]    [PING OK] RU | 1285ms
2026-02-17 10:30:34 [INFO]    [PING OK] RU | 4982ms
2026-02-17 10:30:34 [INFO]    [PING OK] RU | 1606ms
2026-02-17 10:30:35 [INFO]    [PING OK] TR | 269ms
2026-02-17 10:30:35 [INFO]    [PING OK] RU | 4069ms
2026-02-17 10:30:35 [INFO]    [PING OK] RU | 2725ms
2026-02-17 10:30:36 [INFO]    [PING OK] RU | 3136ms
2026-02-17 10:30:36 [INFO]    [PING OK] DE | 916ms
2026-02-17 10:30:43 [INFO]    [PING OK] NL | 190ms
2026-02-17 10:30:43 [INFO]    [PING OK] NL | 810ms
2026-02-17 10:30:44 [INFO]    [PING OK] DE | 172ms
2026-02-17 10:30:44 [INFO]    [PING OK] US | 1298ms
2026-02-17 10:30:50 [INFO]    [PING OK] NL | 246ms
2026-02-17 10:30:50 [INFO]    [PING OK] US | 440ms
2026-02-17 10:30:52 [INFO]    [PING OK] RU | 129ms
2026-02-17 10:30:53 [INFO]    [PING OK] LT | 2712ms
2026-02-17 10:30:56 [INFO]    [PING OK] CY | 211ms
2026-02-17 10:31:00 [INFO]    [PING OK] PL | 100ms
2026-02-17 10:31:02 [INFO]    [PING OK] AE | 220ms
2026-02-17 10:31:08 [INFO]    [PING OK] LT | 135ms
2026-02-17 10:31:09 [INFO]    [PING OK] EE | 237ms
2026-02-17 10:31:11 [INFO]    [PING OK] NL | 1105ms
2026-02-17 10:31:12 [INFO]    [PING OK] PL | 649ms
2026-02-17 10:31:12 [INFO]    [PING OK] NL | 344ms
2026-02-17 10:31:16 [INFO]    [PING OK] PL | 129ms
2026-02-17 10:31:16 [INFO]    [PING OK] DE | 989ms
2026-02-17 10:31:18 [INFO]    [PING OK] US | 803ms
2026-02-17 10:31:21 [INFO]    [PING OK] US | 589ms
2026-02-17 10:31:23 [INFO]    [PING OK] LT | 170ms
2026-02-17 10:31:24 [INFO]    [PING OK] FI | 240ms
2026-02-17 10:31:26 [INFO]    [PING OK] FI | 352ms
2026-02-17 10:31:30 [INFO]    [PING OK] RU | 194ms
2026-02-17 10:31:34 [INFO]    [PING OK] US | 890ms
2026-02-17 10:31:37 [INFO]    [PING OK] MD | 190ms
2026-02-17 10:31:38 [INFO]    [PING OK] RU | 689ms
2026-02-17 10:31:38 [INFO]    [PING OK] LV | 191ms
2026-02-17 10:31:46 [INFO] 🏎️ ЭТАП 2: Глубокий замер скорости для ТОП-10 серверов...
2026-02-17 10:31:50 [INFO]    🏆 PL | Пинг: 100ms | Скорость: 8.67 Mbps ⚡⚡
2026-02-17 10:31:50 [INFO]    🏆 PL | Пинг: 129ms | Скорость: 0.0 Mbps 
2026-02-17 10:31:50 [INFO]    🏆 LT | Пинг: 135ms | Скорость: 8.99 Mbps ⚡⚡
2026-02-17 10:31:50 [INFO]    🏆 DE | Пинг: 153ms | Скорость: 8.79 Mbps ⚡⚡
2026-02-17 10:31:50 [INFO]    🏆 NL | Пинг: 162ms | Скорость: 0.0 Mbps 
2026-02-17 10:31:50 [INFO]    🏆 DE | Пинг: 169ms | Скорость: 8.75 Mbps ⚡⚡
2026-02-17 10:31:50 [INFO]    🏆 DE | Пинг: 170ms | Скорость: 8.94 Mbps ⚡⚡
2026-02-17 10:31:50 [INFO]    🏆 LT | Пинг: 170ms | Скорость: 9.22 Mbps ⚡⚡
2026-02-17 10:31:50 [INFO]    🏆 DE | Пинг: 171ms | Скорость: 9.26 Mbps ⚡⚡
2026-02-17 10:31:50 [INFO]    🏆 RU | Пинг: 90ms | Скорость: 0.0 Mbps 
2026-02-17 10:31:50 [INFO] 🇷🇺 Добавлен RU сервер: 95.163.211.158
2026-02-17 10:31:50 [INFO] 📊 Итого в подписке сохранено: 10 серверов
2026-02-17 10:31:50 [INFO] 💾 Файл успешно сохранен: FL1PVPN
