2026-02-18 10:00:05 [INFO] 🚀 START: Smart VLESS Selector (Target: 10, Strict Mode)
2026-02-18 10:00:05 [INFO] 🌐 Загрузка источников...
2026-02-18 10:00:08 [INFO] 🔍 Уникальных конфигов собрано: 294
2026-02-18 10:00:08 [INFO] ⚡ ЭТАП 1: Быстрый замер Пинга (Workers: 25)...
2026-02-18 10:00:09 [INFO]    [PING OK] DE | 165ms
2026-02-18 10:00:09 [INFO]    [PING OK] RU | 174ms
2026-02-18 10:00:09 [INFO]    [PING OK] BG | 297ms
2026-02-18 10:00:09 [INFO]    [PING OK] DE | 485ms
2026-02-18 10:00:09 [INFO]    [PING OK] IT | 547ms
2026-02-18 10:00:10 [INFO]    [PING OK] RU | 355ms
2026-02-18 10:00:10 [INFO]    [PING OK] IT | 625ms
2026-02-18 10:00:11 [INFO]    [PING OK] IT | 541ms
2026-02-18 10:00:11 [INFO]    [PING OK] IT | 554ms
2026-02-18 10:00:13 [INFO]    [PING OK] RU | 1388ms
2026-02-18 10:00:14 [INFO]    [PING OK] US | 901ms
2026-02-18 10:00:17 [INFO]    [PING OK] RU | 138ms
2026-02-18 10:00:17 [INFO]    [PING OK] DE | 162ms
2026-02-18 10:00:18 [INFO]    [PING OK] DE | 159ms
2026-02-18 10:00:20 [INFO]    [PING OK] RU | 217ms
2026-02-18 10:00:21 [INFO]    [PING OK] RU | 202ms
2026-02-18 10:00:21 [INFO]    [PING OK] CY | 1698ms
2026-02-18 10:00:21 [INFO]    [PING OK] RU | 364ms
2026-02-18 10:00:21 [INFO]    [PING OK] RU | 584ms
2026-02-18 10:00:21 [INFO]    [PING OK] RU | 221ms
2026-02-18 10:00:21 [INFO]    [PING OK] RU | 218ms
2026-02-18 10:00:22 [INFO]    [PING OK] RU | 222ms
2026-02-18 10:00:22 [INFO]    [PING OK] RU | 411ms
2026-02-18 10:00:22 [INFO]    [PING OK] RU | 308ms
2026-02-18 10:00:22 [INFO]    [PING OK] RU | 281ms
2026-02-18 10:00:22 [INFO]    [PING OK] RU | 275ms
2026-02-18 10:00:22 [INFO]    [PING OK] RU | 357ms
2026-02-18 10:00:23 [INFO]    [PING OK] RU | 424ms
2026-02-18 10:00:23 [INFO]    [PING OK] RU | 323ms
2026-02-18 10:00:23 [INFO]    [PING OK] RU | 1437ms
2026-02-18 10:00:23 [INFO]    [PING OK] RU | 274ms
2026-02-18 10:00:23 [INFO]    [PING OK] RU | 329ms
2026-02-18 10:00:23 [INFO]    [PING OK] RU | 851ms
2026-02-18 10:00:24 [INFO]    [PING OK] RU | 297ms
2026-02-18 10:00:24 [INFO]    [PING OK] RU | 1433ms
2026-02-18 10:00:24 [INFO]    [PING OK] RU | 307ms
2026-02-18 10:00:24 [INFO]    [PING OK] RU | 259ms
2026-02-18 10:00:24 [INFO]    [PING OK] RU | 481ms
2026-02-18 10:00:24 [INFO]    [PING OK] RU | 1343ms
2026-02-18 10:00:24 [INFO]    [PING OK] RU | 2265ms
2026-02-18 10:00:24 [INFO]    [PING OK] RU | 1708ms
2026-02-18 10:00:25 [INFO]    [PING OK] RU | 1268ms
2026-02-18 10:00:25 [INFO]    [PING OK] RU | 342ms
2026-02-18 10:00:25 [INFO]    [PING OK] RU | 868ms
2026-02-18 10:00:25 [INFO]    [PING OK] RU | 1203ms
2026-02-18 10:00:25 [INFO]    [PING OK] RU | 330ms
2026-02-18 10:00:25 [INFO]    [PING OK] RU | 356ms
2026-02-18 10:00:25 [INFO]    [PING OK] RU | 333ms
2026-02-18 10:00:25 [INFO]    [PING OK] RU | 950ms
2026-02-18 10:00:25 [INFO]    [PING OK] RU | 817ms
2026-02-18 10:00:26 [INFO]    [PING OK] RU | 395ms
2026-02-18 10:00:26 [INFO]    [PING OK] RU | 330ms
2026-02-18 10:00:26 [INFO]    [PING OK] RU | 188ms
2026-02-18 10:00:26 [INFO]    [PING OK] RU | 328ms
2026-02-18 10:00:26 [INFO]    [PING OK] RU | 405ms
2026-02-18 10:00:26 [INFO]    [PING OK] RU | 293ms
2026-02-18 10:00:26 [INFO]    [PING OK] RU | 314ms
2026-02-18 10:00:26 [INFO]    [PING OK] RU | 559ms
2026-02-18 10:00:27 [INFO]    [PING OK] RU | 923ms
2026-02-18 10:00:27 [INFO]    [PING OK] RU | 899ms
2026-02-18 10:00:27 [INFO]    [PING OK] RU | 1639ms
2026-02-18 10:00:28 [INFO]    [PING OK] RU | 2769ms
2026-02-18 10:00:28 [INFO]    [PING OK] RU | 1164ms
2026-02-18 10:00:28 [INFO]    [PING OK] RU | 1591ms
2026-02-18 10:00:28 [INFO]    [PING OK] RU | 1746ms
2026-02-18 10:00:29 [INFO]    [PING OK] DE | 496ms
2026-02-18 10:00:30 [INFO]    [PING OK] DE | 442ms
2026-02-18 10:00:30 [INFO]    [PING OK] RU | 3468ms
2026-02-18 10:00:30 [INFO]    [PING OK] AT | 239ms
2026-02-18 10:00:30 [INFO]    [PING OK] RU | 3798ms
2026-02-18 10:00:31 [INFO]    [PING OK] AL | 2264ms
2026-02-18 10:00:31 [INFO]    [PING OK] RU | 4112ms
2026-02-18 10:00:32 [INFO]    [PING OK] IQ | 821ms
2026-02-18 10:00:32 [INFO]    [PING OK] AE | 190ms
2026-02-18 10:00:32 [INFO]    [PING OK] FI | 156ms
2026-02-18 10:00:35 [INFO]    [PING OK] DE | 223ms
2026-02-18 10:00:36 [INFO]    [PING OK] LV | 499ms
2026-02-18 10:00:36 [INFO]    [PING OK] RU | 218ms
2026-02-18 10:00:36 [INFO]    [PING OK] MD | 165ms
2026-02-18 10:00:36 [INFO]    [PING OK] DE | 1067ms
2026-02-18 10:00:36 [INFO]    [PING OK] FI | 2989ms
2026-02-18 10:00:38 [INFO]    [PING OK] JP | 430ms
2026-02-18 10:00:38 [INFO]    [PING OK] US | 628ms
2026-02-18 10:00:39 [INFO]    [PING OK] FI | 159ms
2026-02-18 10:00:39 [INFO]    [PING OK] UZ | 247ms
2026-02-18 10:00:40 [INFO]    [PING OK] NL | 1410ms
2026-02-18 10:00:40 [INFO]    [PING OK] FI | 177ms
2026-02-18 10:00:45 [INFO] 🏎️ ЭТАП 2: Глубокий замер скорости для ТОП-10 серверов...
2026-02-18 10:00:52 [INFO]    🏆 FI | Пинг: 156ms | Скорость: 7.6 Mbps ⚡⚡
2026-02-18 10:00:52 [INFO]    🏆 DE | Пинг: 159ms | Скорость: 7.86 Mbps ⚡⚡
2026-02-18 10:00:52 [INFO]    🏆 FI | Пинг: 159ms | Скорость: 7.74 Mbps ⚡⚡
2026-02-18 10:00:52 [INFO]    🏆 DE | Пинг: 162ms | Скорость: 7.69 Mbps ⚡⚡
2026-02-18 10:00:52 [INFO]    🏆 DE | Пинг: 165ms | Скорость: 7.58 Mbps ⚡⚡
2026-02-18 10:00:52 [INFO]    🏆 MD | Пинг: 165ms | Скорость: 1.33 Mbps 
2026-02-18 10:00:52 [INFO]    🏆 FI | Пинг: 177ms | Скорость: 0.0 Mbps 
2026-02-18 10:00:52 [INFO]    🏆 AE | Пинг: 190ms | Скорость: 7.95 Mbps ⚡⚡
2026-02-18 10:00:52 [INFO]    🏆 DE | Пинг: 223ms | Скорость: 7.86 Mbps ⚡⚡
2026-02-18 10:00:52 [INFO]    🏆 RU | Пинг: 138ms | Скорость: 7.9 Mbps ⚡⚡
2026-02-18 10:00:52 [INFO] 🇷🇺 Добавлен RU сервер: 89.232.177.29
2026-02-18 10:00:52 [INFO] 📊 Итого в подписке сохранено: 10 серверов
2026-02-18 10:00:52 [INFO] 💾 Файл успешно сохранен: FL1PVPN
