2026-02-26 14:50:06 [INFO] 🚀 START: Smart Selector (Target: 10, ONLY FOREIGN)
2026-02-26 14:50:06 [INFO] 🌐 Загрузка источников (VLESS + VMess)...
2026-02-26 14:50:09 [INFO] 🔍 Уникальных конфигов собрано: 304
2026-02-26 14:50:09 [INFO] ⚡ ЭТАП 1: Замер Пинга и Геолокации. Workers: 40...
2026-02-26 14:50:15 [INFO]    [PING OK] FI | VLESS | 4231ms
2026-02-26 14:50:15 [INFO]    [PING OK] PL | VLESS | 4112ms
2026-02-26 14:50:15 [INFO]    [PING OK] FR | VLESS | 4447ms
2026-02-26 14:50:15 [INFO]    [PING OK] PL | VLESS | 4555ms
2026-02-26 14:50:15 [INFO]    [PING OK] PL | VLESS | 4624ms
2026-02-26 14:50:15 [INFO]    [PING OK] PL | VLESS | 4678ms
2026-02-26 14:50:15 [INFO]    [PING OK] PL | VLESS | 4529ms
2026-02-26 14:50:15 [INFO]    [PING OK] PL | VLESS | 4497ms
2026-02-26 14:50:15 [INFO]    [PING OK] PL | VLESS | 4908ms
2026-02-26 14:50:15 [INFO]    [PING OK] PL | VLESS | 4805ms
2026-02-26 14:50:15 [INFO]    [PING OK] PL | VLESS | 4766ms
2026-02-26 14:50:15 [INFO]    [PING OK] NL | VLESS | 4635ms
2026-02-26 14:50:15 [INFO]    [PING OK] NL | VLESS | 4127ms
2026-02-26 14:50:15 [INFO]    [PING OK] FI | VLESS | 3542ms
2026-02-26 14:50:15 [INFO]    [PING OK] NL | VLESS | 3600ms
2026-02-26 14:50:15 [INFO]    [PING OK] PL | VLESS | 2844ms
2026-02-26 14:50:15 [INFO]    [PING OK] NL | VLESS | 4301ms
2026-02-26 14:50:15 [INFO]    [PING OK] PL | VLESS | 3952ms
2026-02-26 14:50:15 [INFO]    [PING OK] FI | VLESS | 3769ms
2026-02-26 14:50:15 [INFO]    [PING OK] DE | VLESS | 3059ms
2026-02-26 14:50:15 [INFO]    [PING OK] DE | VLESS | 3843ms
2026-02-26 14:50:15 [INFO]    [PING OK] NL | VLESS | 3934ms
2026-02-26 14:50:16 [INFO]    [PING OK] NL | VLESS | 3172ms
2026-02-26 14:50:17 [INFO]    [PING OK] PL | VLESS | 2994ms
2026-02-26 14:50:17 [INFO]    [PING OK] NL | VLESS | 5371ms
2026-02-26 14:50:18 [INFO]    [PING OK] DE | VLESS | 5385ms
2026-02-26 14:50:19 [INFO]    [PING OK] PL | VLESS | 3334ms
2026-02-26 14:50:19 [INFO]    [PING OK] PL | VLESS | 2993ms
2026-02-26 14:50:19 [INFO]    [PING OK] DE | VLESS | 3539ms
2026-02-26 14:50:19 [INFO]    [PING OK] US | VLESS | 3579ms
2026-02-26 14:50:19 [INFO]    [PING OK] FI | VLESS | 3585ms
2026-02-26 14:50:19 [INFO]    [PING OK] NL | VLESS | 3538ms
2026-02-26 14:50:20 [INFO]    [PING OK] DE | VLESS | 3609ms
2026-02-26 14:50:20 [INFO]    [PING OK] CA | VLESS | 3487ms
2026-02-26 14:50:20 [INFO]    [PING OK] NL | VLESS | 3512ms
2026-02-26 14:50:20 [INFO]    [PING OK] PL | VLESS | 3489ms
2026-02-26 14:50:20 [INFO]    [PING OK] PL | VLESS | 3694ms
2026-02-26 14:50:20 [INFO]    [PING OK] PL | VLESS | 3604ms
2026-02-26 14:50:20 [INFO]    [PING OK] NL | VLESS | 3832ms
2026-02-26 14:50:21 [INFO]    [PING OK] ES | VLESS | 4244ms
2026-02-26 14:50:21 [INFO]    [PING OK] NL | VLESS | 3814ms
2026-02-26 14:50:22 [INFO]    [PING OK] TR | VLESS | 3805ms
2026-02-26 14:50:22 [INFO]    [PING OK] SE | VLESS | 3920ms
2026-02-26 14:50:22 [INFO]    [PING OK] US | VLESS | 4380ms
2026-02-26 14:50:22 [INFO]    [PING OK] PL | VLESS | 6096ms
2026-02-26 14:50:22 [INFO]    [PING OK] DE | VLESS | 3709ms
2026-02-26 14:50:22 [INFO]    [PING OK] NL | VLESS | 5967ms
2026-02-26 14:50:24 [INFO]    [PING OK] TR | VLESS | 4195ms
2026-02-26 14:50:25 [INFO]    [PING OK] DE | VLESS | 4145ms
2026-02-26 14:50:25 [INFO]    [PING OK] DE | VLESS | 4434ms
2026-02-26 14:50:25 [INFO]    [PING OK] TR | VLESS | 4386ms
2026-02-26 14:50:25 [INFO]    [PING OK] FI | VLESS | 4722ms
2026-02-26 14:50:25 [INFO]    [PING OK] FR | VLESS | 4314ms
2026-02-26 14:50:25 [INFO]    [PING OK] IT | VLESS | 4190ms
2026-02-26 14:50:25 [INFO]    [PING OK] NL | VLESS | 4563ms
2026-02-26 14:50:25 [INFO]    [PING OK] NL | VLESS | 3988ms
2026-02-26 14:50:25 [INFO]    [PING OK] NL | VLESS | 4329ms
2026-02-26 14:50:25 [INFO]    [PING OK] FI | VLESS | 4116ms
2026-02-26 14:50:25 [INFO]    [PING OK] PL | VLESS | 3841ms
2026-02-26 14:50:25 [INFO]    [PING OK] FI | VLESS | 3951ms
2026-02-26 14:50:25 [INFO]    [PING OK] NL | VLESS | 4609ms
2026-02-26 14:50:26 [INFO]    [PING OK] ES | VLESS | 4515ms
2026-02-26 14:50:26 [INFO]    [PING OK] LV | VLESS | 4059ms
2026-02-26 14:50:26 [INFO]    [PING OK] DE | VLESS | 4075ms
2026-02-26 14:50:26 [INFO]    [PING OK] DE | VLESS | 4056ms
2026-02-26 14:50:26 [INFO]    [PING OK] DE | VLESS | 4187ms
2026-02-26 14:50:27 [INFO]    [PING OK] TR | VLESS | 3626ms
2026-02-26 14:50:28 [INFO]    [PING OK] HK | VLESS | 4327ms
2026-02-26 14:50:29 [INFO]    [PING OK] PL | VLESS | 4509ms
2026-02-26 14:50:29 [INFO]    [PING OK] FR | VLESS | 4396ms
2026-02-26 14:50:30 [INFO]    [PING OK] DE | VLESS | 4145ms
2026-02-26 14:50:30 [INFO]    [PING OK] DE | VLESS | 4080ms
2026-02-26 14:50:30 [INFO]    [PING OK] NL | VLESS | 4335ms
2026-02-26 14:50:30 [INFO]    [PING OK] PL | VLESS | 4521ms
2026-02-26 14:50:31 [INFO]    [PING OK] DE | VLESS | 4775ms
2026-02-26 14:50:31 [INFO]    [PING OK] US | VLESS | 4587ms
2026-02-26 14:50:31 [INFO]    [PING OK] HK | VLESS | 4793ms
2026-02-26 14:50:31 [INFO]    [PING OK] US | VLESS | 4528ms
2026-02-26 14:50:31 [INFO]    [PING OK] PL | VLESS | 3714ms
2026-02-26 14:50:31 [INFO]    [PING OK] IT | VLESS | 3798ms
2026-02-26 14:50:31 [INFO]    [PING OK] DE | VLESS | 4328ms
2026-02-26 14:50:31 [INFO]    [PING OK] HU | VLESS | 4048ms
2026-02-26 14:50:31 [INFO]    [PING OK] NL | VLESS | 4006ms
2026-02-26 14:50:31 [INFO]    [PING OK] DE | VLESS | 4143ms
2026-02-26 14:50:31 [INFO]    [PING OK] NL | VLESS | 4276ms
2026-02-26 14:50:31 [INFO]    [PING OK] NL | VLESS | 4261ms
2026-02-26 14:50:32 [INFO]    [PING OK] NL | VLESS | 5126ms
2026-02-26 14:50:32 [INFO]    [PING OK] DE | VLESS | 5842ms
2026-02-26 14:50:33 [INFO]    [PING OK] US | VLESS | 3921ms
2026-02-26 14:50:33 [INFO]    [PING OK] DE | VLESS | 3979ms
2026-02-26 14:50:33 [INFO]    [PING OK] NL | VLESS | 7166ms
2026-02-26 14:50:34 [INFO]    [PING OK] DE | VLESS | 4123ms
2026-02-26 14:50:34 [INFO]    [PING OK] PL | VLESS | 4057ms
2026-02-26 14:50:34 [INFO]    [PING OK] NL | VLESS | 4091ms
2026-02-26 14:50:34 [INFO]    [PING OK] DE | VLESS | 4076ms
2026-02-26 14:50:35 [INFO]    [PING OK] PL | VLESS | 4079ms
2026-02-26 14:50:35 [INFO]    [PING OK] NL | VLESS | 4083ms
2026-02-26 14:50:35 [INFO]    [PING OK] FI | VLESS | 3923ms
2026-02-26 14:50:35 [INFO]    [PING OK] EE | VLESS | 4340ms
2026-02-26 14:50:35 [INFO]    [PING OK] DE | VLESS | 3790ms
2026-02-26 14:50:36 [INFO]    [PING OK] PL | VLESS | 4098ms
2026-02-26 14:50:36 [INFO]    [PING OK] US | VLESS | 4046ms
2026-02-26 14:50:36 [INFO]    [PING OK] CH | VLESS | 4011ms
2026-02-26 14:50:36 [INFO]    [PING OK] CA | VLESS | 3966ms
2026-02-26 14:50:36 [INFO]    [PING OK] HU | VLESS | 4673ms
2026-02-26 14:50:36 [INFO]    [PING OK] ES | VLESS | 3562ms
2026-02-26 14:50:36 [INFO]    [PING OK] FI | VLESS | 3846ms
2026-02-26 14:50:37 [INFO]    [PING OK] IT | VLESS | 4093ms
2026-02-26 14:50:37 [INFO]    [PING OK] DE | VLESS | 4464ms
2026-02-26 14:50:37 [INFO]    [PING OK] ES | VLESS | 3433ms
2026-02-26 14:50:37 [INFO]    [PING OK] DE | VLESS | 4294ms
2026-02-26 14:50:37 [INFO]    [PING OK] NL | VLESS | 3557ms
2026-02-26 14:50:37 [INFO]    [PING OK] CA | VLESS | 3749ms
2026-02-26 14:50:37 [INFO]    [PING OK] DE | VLESS | 3965ms
2026-02-26 14:50:37 [INFO]    [PING OK] DE | VLESS | 5059ms
2026-02-26 14:50:37 [INFO]    [PING OK] ES | VLESS | 3185ms
2026-02-26 14:50:37 [INFO]    [PING OK] CA | VLESS | 3446ms
2026-02-26 14:50:39 [INFO]    [PING OK] FI | VLESS | 4008ms
2026-02-26 14:50:39 [INFO]    [PING OK] DE | VLESS | 4070ms
2026-02-26 14:50:40 [INFO]    [PING OK] DE | VLESS | 5822ms
2026-02-26 14:50:40 [INFO]    [PING OK] FR | VLESS | 4325ms
2026-02-26 14:50:41 [INFO]    [PING OK] FI | VLESS | 8959ms
2026-02-26 14:50:41 [INFO]    [PING OK] FI | VLESS | 4733ms
2026-02-26 14:50:42 [INFO]    [PING OK] CA | VLESS | 5354ms
2026-02-26 14:50:42 [INFO]    [PING OK] DE | VLESS | 4707ms
2026-02-26 14:50:42 [INFO]    [PING OK] CA | VLESS | 5351ms
2026-02-26 14:50:43 [INFO]    [PING OK] CA | VLESS | 5462ms
2026-02-26 14:50:43 [INFO]    [PING OK] CA | VLESS | 5347ms
2026-02-26 14:50:43 [INFO]    [PING OK] PL | VLESS | 4307ms
2026-02-26 14:50:43 [INFO]    [PING OK] CH | VLESS | 8165ms
2026-02-26 14:50:43 [INFO]    [PING OK] FR | VLESS | 3174ms
2026-02-26 14:50:44 [INFO]    [PING OK] US | VLESS | 1340ms
2026-02-26 14:50:44 [INFO]    [PING OK] GB | VLESS | 3492ms
2026-02-26 14:50:48 [INFO] 🏎️ ЭТАП 2: Глубокий замер скорости для 40 иностранных кандидатов...
2026-02-26 14:50:52 [INFO]    🏆 PL | VLESS | Пинг: 3489ms | Скорость: 7.08 Mbps ⚡⚡
2026-02-26 14:50:52 [INFO]    🏆 DE | VLESS | Пинг: 3059ms | Скорость: 6.59 Mbps ⚡⚡
2026-02-26 14:50:52 [INFO]    🏆 PL | VLESS | Пинг: 3334ms | Скорость: 6.85 Mbps ⚡⚡
2026-02-26 14:50:52 [INFO]    🏆 PL | VLESS | Пинг: 2844ms | Скорость: 6.0 Mbps ⚡⚡
2026-02-26 14:50:53 [INFO]    🏆 GB | VLESS | Пинг: 3492ms | Скорость: 6.19 Mbps ⚡⚡
2026-02-26 14:50:53 [INFO]    🏆 US | VLESS | Пинг: 1340ms | Скорость: 5.5 Mbps ⚡⚡
2026-02-26 14:50:53 [INFO]    🏆 CA | VLESS | Пинг: 3446ms | Скорость: 5.63 Mbps ⚡⚡
2026-02-26 14:50:53 [INFO]    🏆 CA | VLESS | Пинг: 3487ms | Скорость: 5.66 Mbps ⚡⚡
2026-02-26 14:50:54 [INFO]    🏆 FI | VLESS | Пинг: 3542ms | Скорость: 18.54 Mbps ⚡⚡
2026-02-26 14:50:55 [INFO]    🏆 DE | VLESS | Пинг: 3539ms | Скорость: 12.52 Mbps ⚡⚡
2026-02-26 14:50:55 [INFO]    🏆 NL | VLESS | Пинг: 3538ms | Скорость: 10.57 Mbps ⚡⚡
2026-02-26 14:50:55 [INFO]    🏆 NL | VLESS | Пинг: 3600ms | Скорость: 13.52 Mbps ⚡⚡
2026-02-26 14:50:55 [INFO]    🏆 DE | VLESS | Пинг: 3609ms | Скорость: 13.04 Mbps ⚡⚡
2026-02-26 14:50:55 [INFO]    🏆 PL | VLESS | Пинг: 3604ms | Скорость: 12.82 Mbps ⚡⚡
2026-02-26 14:50:55 [INFO]    🏆 NL | VLESS | Пинг: 3172ms | Скорость: 2.6 Mbps ⚡
2026-02-26 14:50:55 [INFO]    🏆 FR | VLESS | Пинг: 3174ms | Скорость: 2.7 Mbps ⚡
2026-02-26 14:50:55 [INFO]    🏆 NL | VLESS | Пинг: 3512ms | Скорость: 1.72 Mbps ⚡
2026-02-26 14:50:57 [INFO]    🏆 PL | VLESS | Пинг: 3714ms | Скорость: 11.32 Mbps ⚡⚡
2026-02-26 14:50:58 [INFO]    🏆 FI | VLESS | Пинг: 3585ms | Скорость: 4.74 Mbps ⚡⚡
2026-02-26 14:50:58 [INFO]    🏆 DE | VLESS | Пинг: 3709ms | Скорость: 8.88 Mbps ⚡⚡
2026-02-26 14:50:58 [INFO]    🏆 DE | VLESS | Пинг: 3790ms | Скорость: 9.41 Mbps ⚡⚡
2026-02-26 14:50:58 [INFO]    🏆 TR | VLESS | Пинг: 3626ms | Скорость: 6.11 Mbps ⚡⚡
2026-02-26 14:50:59 [INFO]    🏆 PL | VLESS | Пинг: 3841ms | Скорость: 9.42 Mbps ⚡⚡
2026-02-26 14:50:59 [INFO]    🏆 SE | VLESS | Пинг: 3920ms | Скорость: 19.55 Mbps ⚡⚡
2026-02-26 14:51:00 [INFO]    🏆 ES | VLESS | Пинг: 3562ms | Скорость: 0.63 Mbps 
2026-02-26 14:51:00 [INFO]    🏆 DE | VLESS | Пинг: 3843ms | Скорость: 8.91 Mbps ⚡⚡
2026-02-26 14:51:01 [INFO]    🏆 TR | VLESS | Пинг: 3805ms | Скорость: 3.99 Mbps ⚡⚡
2026-02-26 14:51:01 [INFO]    🏆 PL | VLESS | Пинг: 3694ms | Скорость: 3.48 Mbps ⚡⚡
2026-02-26 14:51:02 [INFO]    🏆 IT | VLESS | Пинг: 3798ms | Скорость: 0.95 Mbps 
2026-02-26 14:51:02 [INFO]    🏆 NL | VLESS | Пинг: 3814ms | Скорость: 2.05 Mbps ⚡
2026-02-26 14:51:02 [INFO]    🏆 NL | VLESS | Пинг: 3832ms | Скорость: 1.09 Mbps 
2026-02-26 14:51:04 [INFO]    🏆 FI | VLESS | Пинг: 3846ms | Скорость: 3.06 Mbps ⚡⚡
2026-02-26 14:51:04 [INFO] 📊 Итого в подписке сохранено иностранных серверов: 10
2026-02-26 14:51:04 [INFO] 💾 Файл успешно сохранен: FL1PVPN
