2026-02-22 05:10:05 [INFO] 🚀 START: Smart Selector (Target: 10, ONLY FOREIGN)
2026-02-22 05:10:05 [INFO] 🌐 Загрузка источников (VLESS + VMess)...
2026-02-22 05:10:07 [INFO] 🔍 Уникальных конфигов собрано: 249
2026-02-22 05:10:07 [INFO] ⚡ ЭТАП 1: Замер Пинга и Геолокации. Workers: 40...
2026-02-22 05:10:13 [INFO]    [PING OK] CZ | VLESS | 5188ms
2026-02-22 05:10:13 [INFO]    [PING OK] DE | VLESS | 5254ms
2026-02-22 05:10:13 [INFO]    [PING OK] NL | VLESS | 5374ms
2026-02-22 05:10:13 [INFO]    [PING OK] ES | VLESS | 3782ms
2026-02-22 05:10:13 [INFO]    [PING OK] DE | VLESS | 4091ms
2026-02-22 05:10:13 [INFO]    [PING OK] NL | VLESS | 5503ms
2026-02-22 05:10:14 [INFO]    [PING OK] TR | VLESS | 3821ms
2026-02-22 05:10:14 [INFO]    [PING OK] IT | VLESS | 3880ms
2026-02-22 05:10:14 [INFO]    [PING OK] IT | VLESS | 3826ms
2026-02-22 05:10:14 [INFO]    [PING OK] PL | VLESS | 4335ms
2026-02-22 05:10:18 [INFO]    [PING OK] PL | VLESS | 4268ms
2026-02-22 05:10:18 [INFO]    [PING OK] DE | VLESS | 9675ms
2026-02-22 05:10:18 [INFO]    [PING OK] HU | VLESS | 4530ms
2026-02-22 05:10:18 [INFO]    [PING OK] TR | VLESS | 4085ms
2026-02-22 05:10:18 [INFO]    [PING OK] TR | VLESS | 5082ms
2026-02-22 05:10:18 [INFO]    [PING OK] HU | VLESS | 3848ms
2026-02-22 05:10:18 [INFO]    [PING OK] ES | VLESS | 4104ms
2026-02-22 05:10:18 [INFO]    [PING OK] NL | VLESS | 4060ms
2026-02-22 05:10:18 [INFO]    [PING OK] PL | VLESS | 4521ms
2026-02-22 05:10:19 [INFO]    [PING OK] HU | VLESS | 4061ms
2026-02-22 05:10:19 [INFO]    [PING OK] TR | VLESS | 3877ms
2026-02-22 05:10:19 [INFO]    [PING OK] ES | VLESS | 4165ms
2026-02-22 05:10:19 [INFO]    [PING OK] HU | VLESS | 4074ms
2026-02-22 05:10:19 [INFO]    [PING OK] TR | VLESS | 4646ms
2026-02-22 05:10:20 [INFO]    [PING OK] DE | VLESS | 4236ms
2026-02-22 05:10:21 [INFO]    [PING OK] ES | VLESS | 4701ms
2026-02-22 05:10:22 [INFO]    [PING OK] CA | VLESS | 7303ms
2026-02-22 05:10:22 [INFO]    [PING OK] PL | VLESS | 4781ms
2026-02-22 05:10:23 [INFO]    [PING OK] EE | VLESS | 4906ms
2026-02-22 05:10:24 [INFO]    [PING OK] TR | VLESS | 5043ms
2026-02-22 05:10:24 [INFO]    [PING OK] DE | VLESS | 5008ms
2026-02-22 05:10:24 [INFO]    [PING OK] TR | VLESS | 5084ms
2026-02-22 05:10:24 [INFO]    [PING OK] PL | VLESS | 4955ms
2026-02-22 05:10:24 [INFO]    [PING OK] ES | VLESS | 5407ms
2026-02-22 05:10:24 [INFO]    [PING OK] IT | VLESS | 4760ms
2026-02-22 05:10:24 [INFO]    [PING OK] PL | VLESS | 4807ms
2026-02-22 05:10:24 [INFO]    [PING OK] PL | VLESS | 4810ms
2026-02-22 05:10:24 [INFO]    [PING OK] ES | VLESS | 5075ms
2026-02-22 05:10:24 [INFO]    [PING OK] DE | VLESS | 4996ms
2026-02-22 05:10:26 [INFO]    [PING OK] US | VLESS | 5587ms
2026-02-22 05:10:26 [INFO]    [PING OK] DE | VLESS | 5818ms
2026-02-22 05:10:27 [INFO]    [PING OK] CA | VLESS | 6708ms
2026-02-22 05:10:29 [INFO]    [PING OK] CA | VLESS | 9378ms
2026-02-22 05:10:29 [INFO]    [PING OK] CA | VLESS | 7336ms
2026-02-22 05:10:30 [INFO]    [PING OK] GB | VLESS | 5303ms
2026-02-22 05:10:30 [INFO]    [PING OK] RS | VLESS | 4350ms
2026-02-22 05:10:31 [INFO]    [PING OK] US | VLESS | 3697ms
2026-02-22 05:10:32 [INFO]    [PING OK] DE | VLESS | 7613ms
2026-02-22 05:10:32 [INFO]    [PING OK] DE | VLESS | 3747ms
2026-02-22 05:10:32 [INFO]    [PING OK] CA | VLESS | 8180ms
2026-02-22 05:10:33 [INFO]    [PING OK] FR | VLESS | 2445ms
2026-02-22 05:10:33 [INFO]    [PING OK] DE | VLESS | 2095ms
2026-02-22 05:10:34 [INFO]    [PING OK] CA | VLESS | 5930ms
2026-02-22 05:10:34 [INFO]    [PING OK] CA | VLESS | 7621ms
2026-02-22 05:10:35 [INFO]    [PING OK] CA | VLESS | 6547ms
2026-02-22 05:10:37 [INFO]    [PING OK] CA | VLESS | 4956ms
2026-02-22 05:10:38 [INFO]    [PING OK] CA | VLESS | 7396ms
2026-02-22 05:10:38 [INFO] 🏎️ ЭТАП 2: Глубокий замер скорости для 40 иностранных кандидатов...
2026-02-22 05:10:42 [INFO]    🏆 NL | VLESS | Пинг: 4060ms | Скорость: 6.51 Mbps ⚡⚡
2026-02-22 05:10:43 [INFO]    🏆 IT | VLESS | Пинг: 3826ms | Скорость: 6.29 Mbps ⚡⚡
2026-02-22 05:10:43 [INFO]    🏆 IT | VLESS | Пинг: 3880ms | Скорость: 6.19 Mbps ⚡⚡
2026-02-22 05:10:43 [INFO]    🏆 ES | VLESS | Пинг: 3782ms | Скорость: 5.8 Mbps ⚡⚡
2026-02-22 05:10:43 [INFO]    🏆 HU | VLESS | Пинг: 3848ms | Скорость: 5.95 Mbps ⚡⚡
2026-02-22 05:10:43 [INFO]    🏆 TR | VLESS | Пинг: 3877ms | Скорость: 5.79 Mbps ⚡⚡
2026-02-22 05:10:43 [INFO]    🏆 HU | VLESS | Пинг: 4061ms | Скорость: 5.86 Mbps ⚡⚡
2026-02-22 05:10:43 [INFO]    🏆 HU | VLESS | Пинг: 4074ms | Скорость: 5.92 Mbps ⚡⚡
2026-02-22 05:10:43 [INFO]    🏆 TR | VLESS | Пинг: 4085ms | Скорость: 5.88 Mbps ⚡⚡
2026-02-22 05:10:43 [INFO]    🏆 DE | VLESS | Пинг: 2095ms | Скорость: 5.29 Mbps ⚡⚡
2026-02-22 05:10:43 [INFO]    🏆 TR | VLESS | Пинг: 3821ms | Скорость: 5.31 Mbps ⚡⚡
2026-02-22 05:10:43 [INFO]    🏆 US | VLESS | Пинг: 3697ms | Скорость: 5.03 Mbps ⚡⚡
2026-02-22 05:10:45 [INFO]    🏆 ES | VLESS | Пинг: 4165ms | Скорость: 12.18 Mbps ⚡⚡
2026-02-22 05:10:45 [INFO]    🏆 ES | VLESS | Пинг: 4104ms | Скорость: 11.54 Mbps ⚡⚡
2026-02-22 05:10:45 [INFO]    🏆 DE | VLESS | Пинг: 4236ms | Скорость: 11.6 Mbps ⚡⚡
2026-02-22 05:10:46 [INFO]    🏆 DE | VLESS | Пинг: 4091ms | Скорость: 2.45 Mbps ⚡
2026-02-22 05:10:46 [INFO]    🏆 PL | VLESS | Пинг: 4335ms | Скорость: 8.62 Mbps ⚡⚡
2026-02-22 05:10:46 [INFO]    🏆 HU | VLESS | Пинг: 4530ms | Скорость: 7.43 Mbps ⚡⚡
2026-02-22 05:10:46 [INFO]    🏆 ES | VLESS | Пинг: 4701ms | Скорость: 7.42 Mbps ⚡⚡
2026-02-22 05:10:46 [INFO]    🏆 RS | VLESS | Пинг: 4350ms | Скорость: 7.02 Mbps ⚡⚡
2026-02-22 05:10:47 [INFO]    🏆 PL | VLESS | Пинг: 4781ms | Скорость: 7.27 Mbps ⚡⚡
2026-02-22 05:10:48 [INFO]    🏆 PL | VLESS | Пинг: 4810ms | Скорость: 8.99 Mbps ⚡⚡
2026-02-22 05:10:48 [INFO]    🏆 DE | VLESS | Пинг: 4996ms | Скорость: 10.1 Mbps ⚡⚡
2026-02-22 05:10:49 [INFO]    🏆 PL | VLESS | Пинг: 4268ms | Скорость: 3.72 Mbps ⚡⚡
2026-02-22 05:10:49 [INFO]    🏆 TR | VLESS | Пинг: 5084ms | Скорость: 10.0 Mbps ⚡⚡
2026-02-22 05:10:50 [INFO]    🏆 IT | VLESS | Пинг: 4760ms | Скорость: 3.47 Mbps ⚡⚡
2026-02-22 05:10:50 [INFO]    🏆 PL | VLESS | Пинг: 4807ms | Скорость: 2.18 Mbps ⚡
2026-02-22 05:10:50 [INFO]    🏆 ES | VLESS | Пинг: 5075ms | Скорость: 5.91 Mbps ⚡⚡
2026-02-22 05:10:51 [INFO]    🏆 CZ | VLESS | Пинг: 5188ms | Скорость: 6.35 Mbps ⚡⚡
2026-02-22 05:10:51 [INFO]    🏆 TR | VLESS | Пинг: 5043ms | Скорость: 4.62 Mbps ⚡⚡
2026-02-22 05:10:52 [INFO]    🏆 PL | VLESS | Пинг: 4955ms | Скорость: 2.13 Mbps ⚡
2026-02-22 05:10:53 [INFO]    🏆 TR | VLESS | Пинг: 5082ms | Скорость: 1.86 Mbps ⚡
2026-02-22 05:10:53 [INFO] 📊 Итого в подписке сохранено иностранных серверов: 10
2026-02-22 05:10:53 [INFO] 💾 Файл успешно сохранен: FL1PVPN
