2026-02-16 20:10:06 [INFO] 🚀 START: Smart VLESS Selector (Target: 10, Strict Mode)
2026-02-16 20:10:06 [INFO] 🌐 Загрузка источников...
2026-02-16 20:10:08 [INFO] 🔍 Уникальных конфигов собрано: 515
2026-02-16 20:10:08 [INFO] ⚡ ЭТАП 1: Быстрый замер Пинга (Workers: 25)...
2026-02-16 20:10:14 [INFO]    [PING OK] US | 4454ms
2026-02-16 20:10:14 [INFO]    [PING OK] DE | 194ms
2026-02-16 20:10:15 [INFO]    [PING OK] DE | 150ms
2026-02-16 20:10:16 [INFO]    [PING OK] DE | 190ms
2026-02-16 20:10:17 [INFO]    [PING OK] RU | 220ms
2026-02-16 20:10:17 [INFO]    [PING OK] RU | 116ms
2026-02-16 20:10:17 [INFO]    [PING OK] SC | 902ms
2026-02-16 20:10:17 [INFO]    [PING OK] RU | 533ms
2026-02-16 20:10:17 [INFO]    [PING OK] RU | 185ms
2026-02-16 20:10:17 [INFO]    [PING OK] PL | 158ms
2026-02-16 20:10:18 [INFO]    [PING OK] RU | 217ms
2026-02-16 20:10:18 [INFO]    [PING OK] RU | 235ms
2026-02-16 20:10:18 [INFO]    [PING OK] RU | 876ms
2026-02-16 20:10:18 [INFO]    [PING OK] FI | 385ms
2026-02-16 20:10:18 [INFO]    [PING OK] RU | 178ms
2026-02-16 20:10:18 [INFO]    [PING OK] RU | 396ms
2026-02-16 20:10:19 [INFO]    [PING OK] RU | 227ms
2026-02-16 20:10:19 [INFO]    [PING OK] FI | 172ms
2026-02-16 20:10:19 [INFO]    [PING OK] RU | 203ms
2026-02-16 20:10:19 [INFO]    [PING OK] RU | 356ms
2026-02-16 20:10:19 [INFO]    [PING OK] RU | 83ms
2026-02-16 20:10:19 [INFO]    [PING OK] RU | 276ms
2026-02-16 20:10:19 [INFO]    [PING OK] RU | 59ms
2026-02-16 20:10:20 [INFO]    [PING OK] RU | 396ms
2026-02-16 20:10:20 [INFO]    [PING OK] RU | 169ms
2026-02-16 20:10:20 [INFO]    [PING OK] RU | 235ms
2026-02-16 20:10:20 [INFO]    [PING OK] RU | 248ms
2026-02-16 20:10:20 [INFO]    [PING OK] DE | 233ms
2026-02-16 20:10:20 [INFO]    [PING OK] RU | 284ms
2026-02-16 20:10:20 [INFO]    [PING OK] RU | 231ms
2026-02-16 20:10:20 [INFO]    [PING OK] RU | 315ms
2026-02-16 20:10:21 [INFO]    [PING OK] EE | 145ms
2026-02-16 20:10:21 [INFO]    [PING OK] RU | 229ms
2026-02-16 20:10:21 [INFO]    [PING OK] RU | 181ms
2026-02-16 20:10:21 [INFO]    [PING OK] RU | 316ms
2026-02-16 20:10:21 [INFO]    [PING OK] RU | 205ms
2026-02-16 20:10:21 [INFO]    [PING OK] RU | 300ms
2026-02-16 20:10:21 [INFO]    [PING OK] RU | 354ms
2026-02-16 20:10:22 [INFO]    [PING OK] RU | 4002ms
2026-02-16 20:10:22 [INFO]    [PING OK] RU | 302ms
2026-02-16 20:10:22 [INFO]    [PING OK] RU | 170ms
2026-02-16 20:10:22 [INFO]    [PING OK] RU | 348ms
2026-02-16 20:10:22 [INFO]    [PING OK] RU | 69ms
2026-02-16 20:10:22 [INFO]    [PING OK] NL | 174ms
2026-02-16 20:10:22 [INFO]    [PING OK] RU | 224ms
2026-02-16 20:10:22 [INFO]    [PING OK] RU | 264ms
2026-02-16 20:10:22 [INFO]    [PING OK] RU | 320ms
2026-02-16 20:10:22 [INFO]    [PING OK] RU | 1341ms
2026-02-16 20:10:23 [INFO]    [PING OK] RU | 315ms
2026-02-16 20:10:23 [INFO]    [PING OK] RU | 1150ms
2026-02-16 20:10:23 [INFO]    [PING OK] RU | 313ms
2026-02-16 20:10:23 [INFO]    [PING OK] DE | 922ms
2026-02-16 20:10:23 [INFO]    [PING OK] RU | 4560ms
2026-02-16 20:10:23 [INFO]    [PING OK] RU | 3709ms
2026-02-16 20:10:23 [INFO]    [PING OK] RU | 350ms
2026-02-16 20:10:23 [INFO]    [PING OK] RU | 290ms
2026-02-16 20:10:24 [INFO]    [PING OK] RU | 394ms
2026-02-16 20:10:24 [INFO]    [PING OK] RU | 2792ms
2026-02-16 20:10:24 [INFO]    [PING OK] RU | 393ms
2026-02-16 20:10:24 [INFO]    [PING OK] RU | 215ms
2026-02-16 20:10:24 [INFO]    [PING OK] RU | 203ms
2026-02-16 20:10:24 [INFO]    [PING OK] RU | 169ms
2026-02-16 20:10:24 [INFO]    [PING OK] RU | 1206ms
2026-02-16 20:10:24 [INFO]    [PING OK] RU | 263ms
2026-02-16 20:10:24 [INFO]    [PING OK] PL | 172ms
2026-02-16 20:10:24 [INFO]    [PING OK] RU | 630ms
2026-02-16 20:10:24 [INFO]    [PING OK] RU | 293ms
2026-02-16 20:10:25 [INFO]    [PING OK] US | 218ms
2026-02-16 20:10:25 [INFO]    [PING OK] RU | 228ms
2026-02-16 20:10:25 [INFO]    [PING OK] RU | 182ms
2026-02-16 20:10:25 [INFO]    [PING OK] RU | 267ms
2026-02-16 20:10:25 [INFO]    [PING OK] DE | 175ms
2026-02-16 20:10:25 [INFO]    [PING OK] RU | 1306ms
2026-02-16 20:10:25 [INFO]    [PING OK] RU | 304ms
2026-02-16 20:10:25 [INFO]    [PING OK] RU | 3398ms
2026-02-16 20:10:26 [INFO]    [PING OK] RU | 306ms
2026-02-16 20:10:26 [INFO]    [PING OK] RU | 317ms
2026-02-16 20:10:26 [INFO]    [PING OK] NL | 201ms
2026-02-16 20:10:26 [INFO]    [PING OK] RU | 324ms
2026-02-16 20:10:26 [INFO]    [PING OK] RU | 1424ms
2026-02-16 20:10:26 [INFO]    [PING OK] RU | 884ms
2026-02-16 20:10:27 [INFO]    [PING OK] RU | 1511ms
2026-02-16 20:10:27 [INFO]    [PING OK] RU | 808ms
2026-02-16 20:10:27 [INFO]    [PING OK] RU | 1396ms
2026-02-16 20:10:27 [INFO]    [PING OK] RU | 1235ms
2026-02-16 20:10:28 [INFO]    [PING OK] RU | 3126ms
2026-02-16 20:10:28 [INFO]    [PING OK] RU | 3825ms
2026-02-16 20:10:28 [INFO]    [PING OK] RU | 1818ms
2026-02-16 20:10:29 [INFO]    [PING OK] RU | 4411ms
2026-02-16 20:10:29 [INFO]    [PING OK] RU | 2969ms
2026-02-16 20:10:29 [INFO]    [PING OK] PL | 3232ms
2026-02-16 20:10:32 [INFO]    [PING OK] FR | 222ms
2026-02-16 20:10:33 [INFO]    [PING OK] US | 506ms
2026-02-16 20:10:35 [INFO]    [PING OK] PL | 129ms
2026-02-16 20:10:36 [INFO]    [PING OK] TR | 273ms
2026-02-16 20:10:37 [INFO]    [PING OK] NL | 172ms
2026-02-16 20:10:39 [INFO]    [PING OK] PL | 439ms
2026-02-16 20:10:44 [INFO]    [PING OK] US | 772ms
2026-02-16 20:10:47 [INFO]    [PING OK] FI | 554ms
2026-02-16 20:10:48 [INFO]    [PING OK] US | 639ms
2026-02-16 20:10:48 [INFO]    [PING OK] DE | 209ms
2026-02-16 20:10:49 [INFO]    [PING OK] DE | 154ms
2026-02-16 20:10:51 [INFO]    [PING OK] DE | 214ms
2026-02-16 20:10:51 [INFO]    [PING OK] DE | 830ms
2026-02-16 20:10:54 [INFO]    [PING OK] DE | 125ms
2026-02-16 20:10:58 [INFO]    [PING OK] DE | 399ms
2026-02-16 20:10:59 [INFO]    [PING OK] US | 1100ms
2026-02-16 20:10:59 [INFO]    [PING OK] FR | 363ms
2026-02-16 20:11:00 [INFO]    [PING OK] RU | 205ms
2026-02-16 20:11:02 [INFO]    [PING OK] NL | 206ms
2026-02-16 20:11:03 [INFO]    [PING OK] NL | 367ms
2026-02-16 20:11:15 [INFO]    [PING OK] SE | 193ms
2026-02-16 20:11:16 [INFO]    [PING OK] GB | 449ms
2026-02-16 20:11:17 [INFO]    [PING OK] DE | 183ms
2026-02-16 20:11:20 [INFO]    [PING OK] MD | 234ms
2026-02-16 20:11:20 [INFO]    [PING OK] LV | 193ms
2026-02-16 20:11:20 [INFO]    [PING OK] LV | 325ms
2026-02-16 20:11:25 [INFO] 🏎️ ЭТАП 2: Глубокий замер скорости для ТОП-10 серверов...
2026-02-16 20:11:29 [INFO]    🏆 DE | Пинг: 125ms | Скорость: 8.1 Mbps ⚡⚡
2026-02-16 20:11:29 [INFO]    🏆 PL | Пинг: 129ms | Скорость: 7.99 Mbps ⚡⚡
2026-02-16 20:11:29 [INFO]    🏆 EE | Пинг: 145ms | Скорость: 7.84 Mbps ⚡⚡
2026-02-16 20:11:29 [INFO]    🏆 DE | Пинг: 150ms | Скорость: 7.93 Mbps ⚡⚡
2026-02-16 20:11:29 [INFO]    🏆 DE | Пинг: 154ms | Скорость: 8.03 Mbps ⚡⚡
2026-02-16 20:11:29 [INFO]    🏆 PL | Пинг: 158ms | Скорость: 8.14 Mbps ⚡⚡
2026-02-16 20:11:29 [INFO]    🏆 FI | Пинг: 172ms | Скорость: 8.03 Mbps ⚡⚡
2026-02-16 20:11:29 [INFO]    🏆 PL | Пинг: 172ms | Скорость: 8.11 Mbps ⚡⚡
2026-02-16 20:11:29 [INFO]    🏆 NL | Пинг: 172ms | Скорость: 8.2 Mbps ⚡⚡
2026-02-16 20:11:29 [INFO]    🏆 RU | Пинг: 59ms | Скорость: 0.0 Mbps 
2026-02-16 20:11:29 [INFO] 🇷🇺 Добавлен RU сервер: 95.163.211.158
2026-02-16 20:11:29 [INFO] 📊 Итого в подписке сохранено: 10 серверов
2026-02-16 20:11:29 [INFO] 💾 Файл успешно сохранен: FL1PVPN
