2026-02-25 17:40:05 [INFO] 🚀 START: Smart Selector (Target: 10, ONLY FOREIGN)
2026-02-25 17:40:05 [INFO] 🌐 Загрузка источников (VLESS + VMess)...
2026-02-25 17:40:06 [INFO] 🔍 Уникальных конфигов собрано: 155
2026-02-25 17:40:06 [INFO] ⚡ ЭТАП 1: Замер Пинга и Геолокации. Workers: 40...
2026-02-25 17:40:13 [INFO]    [PING OK] DE | VLESS | 5418ms
2026-02-25 17:40:13 [INFO]    [PING OK] US | VLESS | 3636ms
2026-02-25 17:40:14 [INFO]    [PING OK] US | VLESS | 4369ms
2026-02-25 17:40:14 [INFO]    [PING OK] NL | VLESS | 5545ms
2026-02-25 17:40:14 [INFO]    [PING OK] US | VLESS | 2807ms
2026-02-25 17:40:14 [INFO]    [PING OK] NL | VLESS | 6966ms
2026-02-25 17:40:14 [INFO]    [PING OK] NL | VLESS | 5503ms
2026-02-25 17:40:14 [INFO]    [PING OK] US | VLESS | 5513ms
2026-02-25 17:40:15 [INFO]    [PING OK] DE | VLESS | 7834ms
2026-02-25 17:40:15 [INFO]    [PING OK] DE | VLESS | 1885ms
2026-02-25 17:40:16 [INFO]    [PING OK] TW | VLESS | 2381ms
2026-02-25 17:40:16 [INFO]    [PING OK] TW | VLESS | 2410ms
2026-02-25 17:40:16 [INFO]    [PING OK] US | VLESS | 1994ms
2026-02-25 17:40:16 [INFO]    [PING OK] US | VLESS | 2071ms
2026-02-25 17:40:16 [INFO]    [PING OK] LV | VLESS | 1678ms
2026-02-25 17:40:16 [INFO]    [PING OK] NL | VLESS | 1841ms
2026-02-25 17:40:17 [INFO]    [PING OK] US | VLESS | 2087ms
2026-02-25 17:40:17 [INFO]    [PING OK] US | VLESS | 1870ms
2026-02-25 17:40:17 [INFO]    [PING OK] US | VLESS | 4043ms
2026-02-25 17:40:20 [INFO]    [PING OK] SG | VLESS | 5154ms
2026-02-25 17:40:21 [INFO]    [PING OK] NL | VLESS | 4404ms
2026-02-25 17:40:22 [INFO]    [PING OK] US | VLESS | 4708ms
2026-02-25 17:40:22 [INFO]    [PING OK] US | VLESS | 4829ms
2026-02-25 17:40:22 [INFO]    [PING OK] US | VLESS | 5100ms
2026-02-25 17:40:23 [INFO]    [PING OK] US | VLESS | 4956ms
2026-02-25 17:40:23 [INFO]    [PING OK] US | VLESS | 4488ms
2026-02-25 17:40:23 [INFO]    [PING OK] US | VLESS | 4773ms
2026-02-25 17:40:25 [INFO]    [PING OK] US | VLESS | 9265ms
2026-02-25 17:40:26 [INFO]    [PING OK] GB | VLESS | 5541ms
2026-02-25 17:40:26 [INFO]    [PING OK] GB | VLESS | 5630ms
2026-02-25 17:40:26 [INFO]    [PING OK] GB | VLESS | 7776ms
2026-02-25 17:40:27 [INFO]    [PING OK] US | VLESS | 6255ms
2026-02-25 17:40:28 [INFO] 🏎️ ЭТАП 2: Глубокий замер скорости для 32 иностранных кандидатов...
2026-02-25 17:40:31 [INFO]    🏆 NL | VLESS | Пинг: 1841ms | Скорость: 7.98 Mbps ⚡⚡
2026-02-25 17:40:31 [INFO]    🏆 LV | VLESS | Пинг: 1678ms | Скорость: 7.95 Mbps ⚡⚡
2026-02-25 17:40:32 [INFO]    🏆 US | VLESS | Пинг: 1994ms | Скорость: 6.22 Mbps ⚡⚡
2026-02-25 17:40:32 [INFO]    🏆 US | VLESS | Пинг: 1870ms | Скорость: 6.13 Mbps ⚡⚡
2026-02-25 17:40:34 [INFO]    🏆 TW | VLESS | Пинг: 2410ms | Скорость: 3.8 Mbps ⚡⚡
2026-02-25 17:40:35 [INFO]    🏆 US | VLESS | Пинг: 4488ms | Скорость: 3.41 Mbps ⚡⚡
2026-02-25 17:40:35 [INFO]    🏆 US | VLESS | Пинг: 4043ms | Скорость: 2.87 Mbps ⚡
2026-02-25 17:40:35 [INFO]    🏆 US | VLESS | Пинг: 2807ms | Скорость: 1.91 Mbps ⚡
2026-02-25 17:40:35 [INFO]    🏆 TW | VLESS | Пинг: 2381ms | Скорость: 2.58 Mbps ⚡
2026-02-25 17:40:35 [INFO]    🏆 US | VLESS | Пинг: 4369ms | Скорость: 1.74 Mbps ⚡
2026-02-25 17:40:35 [INFO]    🏆 US | VLESS | Пинг: 2087ms | Скорость: 1.75 Mbps ⚡
2026-02-25 17:40:35 [INFO]    🏆 US | VLESS | Пинг: 3636ms | Скорость: 0.96 Mbps 
2026-02-25 17:40:36 [INFO]    🏆 DE | VLESS | Пинг: 5418ms | Скорость: 6.98 Mbps ⚡⚡
2026-02-25 17:40:37 [INFO]    🏆 US | VLESS | Пинг: 4956ms | Скорость: 4.37 Mbps ⚡⚡
2026-02-25 17:40:38 [INFO]    🏆 US | VLESS | Пинг: 4829ms | Скорость: 3.99 Mbps ⚡⚡
2026-02-25 17:40:38 [INFO]    🏆 US | VLESS | Пинг: 4708ms | Скорость: 1.74 Mbps ⚡
2026-02-25 17:40:38 [INFO]    🏆 GB | VLESS | Пинг: 5630ms | Скорость: 7.55 Mbps ⚡⚡
2026-02-25 17:40:38 [INFO]    🏆 GB | VLESS | Пинг: 5541ms | Скорость: 6.57 Mbps ⚡⚡
2026-02-25 17:40:39 [INFO]    🏆 GB | VLESS | Пинг: 7776ms | Скорость: 6.54 Mbps ⚡⚡
2026-02-25 17:40:41 [INFO]    🏆 US | VLESS | Пинг: 6255ms | Скорость: 3.97 Mbps ⚡⚡
2026-02-25 17:40:41 [INFO]    🏆 NL | VLESS | Пинг: 5503ms | Скорость: 0.86 Mbps 
2026-02-25 17:40:41 [INFO]    🏆 US | VLESS | Пинг: 9265ms | Скорость: 4.62 Mbps ⚡⚡
2026-02-25 17:40:41 [INFO] 📊 Итого в подписке сохранено иностранных серверов: 10
2026-02-25 17:40:41 [INFO] 💾 Файл успешно сохранен: FL1PVPN
