2026-02-23 18:10:06 [INFO] 🚀 START: Smart Selector (Target: 10, ONLY FOREIGN)
2026-02-23 18:10:06 [INFO] 🌐 Загрузка источников (VLESS + VMess)...
2026-02-23 18:10:07 [INFO] 🔍 Уникальных конфигов собрано: 174
2026-02-23 18:10:07 [INFO] ⚡ ЭТАП 1: Замер Пинга и Геолокации. Workers: 40...
2026-02-23 18:10:12 [INFO]    [PING OK] PL | VLESS | 4170ms
2026-02-23 18:10:12 [INFO]    [PING OK] FI | VLESS | 4238ms
2026-02-23 18:10:12 [INFO]    [PING OK] PL | VLESS | 4317ms
2026-02-23 18:10:12 [INFO]    [PING OK] ES | VLESS | 4546ms
2026-02-23 18:10:12 [INFO]    [PING OK] IT | VLESS | 4438ms
2026-02-23 18:10:13 [INFO]    [PING OK] TR | VLESS | 4442ms
2026-02-23 18:10:13 [INFO]    [PING OK] ES | VLESS | 4814ms
2026-02-23 18:10:13 [INFO]    [PING OK] IT | VLESS | 4163ms
2026-02-23 18:10:13 [INFO]    [PING OK] ES | VLESS | 4841ms
2026-02-23 18:10:13 [INFO]    [PING OK] IT | VLESS | 4407ms
2026-02-23 18:10:13 [INFO]    [PING OK] HU | VLESS | 3867ms
2026-02-23 18:10:13 [INFO]    [PING OK] HU | VLESS | 4540ms
2026-02-23 18:10:13 [INFO]    [PING OK] HU | VLESS | 4156ms
2026-02-23 18:10:13 [INFO]    [PING OK] ES | VLESS | 4284ms
2026-02-23 18:10:13 [INFO]    [PING OK] TR | VLESS | 4306ms
2026-02-23 18:10:13 [INFO]    [PING OK] DE | VLESS | 3619ms
2026-02-23 18:10:14 [INFO]    [PING OK] TR | VLESS | 3882ms
2026-02-23 18:10:14 [INFO]    [PING OK] PL | VLESS | 4378ms
2026-02-23 18:10:14 [INFO]    [PING OK] HU | VLESS | 3891ms
2026-02-23 18:10:15 [INFO]    [PING OK] EE | VLESS | 4714ms
2026-02-23 18:10:15 [INFO]    [PING OK] ES | VLESS | 4224ms
2026-02-23 18:10:16 [INFO]    [PING OK] PL | VLESS | 4806ms
2026-02-23 18:10:17 [INFO]    [PING OK] ES | VLESS | 4872ms
2026-02-23 18:10:19 [INFO]    [PING OK] PL | VLESS | 5769ms
2026-02-23 18:10:19 [INFO]    [PING OK] TR | VLESS | 6229ms
2026-02-23 18:10:19 [INFO]    [PING OK] SE | VLESS | 5574ms
2026-02-23 18:10:19 [INFO]    [PING OK] SE | VLESS | 5826ms
2026-02-23 18:10:19 [INFO]    [PING OK] CA | VLESS | 6079ms
2026-02-23 18:10:20 [INFO]    [PING OK] PL | VLESS | 6386ms
2026-02-23 18:10:20 [INFO]    [PING OK] CA | VLESS | 6586ms
2026-02-23 18:10:20 [INFO]    [PING OK] SE | VLESS | 5468ms
2026-02-23 18:10:21 [INFO]    [PING OK] DE | VLESS | 5379ms
2026-02-23 18:10:21 [INFO]    [PING OK] SE | VLESS | 5152ms
2026-02-23 18:10:21 [INFO]    [PING OK] SE | VLESS | 5314ms
2026-02-23 18:10:21 [INFO]    [PING OK] CA | VLESS | 7221ms
2026-02-23 18:10:21 [INFO]    [PING OK] DE | VLESS | 4970ms
2026-02-23 18:10:21 [INFO]    [PING OK] CA | VLESS | 7344ms
2026-02-23 18:10:21 [INFO]    [PING OK] SE | VLESS | 4959ms
2026-02-23 18:10:21 [INFO]    [PING OK] CA | VLESS | 5149ms
2026-02-23 18:10:21 [INFO]    [PING OK] CA | VLESS | 5602ms
2026-02-23 18:10:22 [INFO]    [PING OK] CA | VLESS | 4547ms
2026-02-23 18:10:22 [INFO]    [PING OK] CA | VLESS | 4799ms
2026-02-23 18:10:22 [INFO]    [PING OK] SE | VLESS | 3960ms
2026-02-23 18:10:23 [INFO]    [PING OK] NL | VLESS | 3413ms
2026-02-23 18:10:23 [INFO]    [PING OK] CA | VLESS | 4340ms
2026-02-23 18:10:23 [INFO]    [PING OK] SE | VLESS | 2690ms
2026-02-23 18:10:23 [INFO]    [PING OK] CA | VLESS | 3473ms
2026-02-23 18:10:24 [INFO]    [PING OK] CA | VLESS | 3134ms
2026-02-23 18:10:24 [INFO]    [PING OK] CA | VLESS | 8492ms
2026-02-23 18:10:26 [INFO]    [PING OK] CA | VLESS | 4961ms
2026-02-23 18:10:32 [INFO] 🏎️ ЭТАП 2: Глубокий замер скорости для 40 иностранных кандидатов...
2026-02-23 18:10:36 [INFO]    🏆 NL | VLESS | Пинг: 3413ms | Скорость: 6.62 Mbps ⚡⚡
2026-02-23 18:10:36 [INFO]    🏆 DE | VLESS | Пинг: 3619ms | Скорость: 6.71 Mbps ⚡⚡
2026-02-23 18:10:36 [INFO]    🏆 SE | VLESS | Пинг: 2690ms | Скорость: 6.42 Mbps ⚡⚡
2026-02-23 18:10:36 [INFO]    🏆 FI | VLESS | Пинг: 4238ms | Скорость: 7.13 Mbps ⚡⚡
2026-02-23 18:10:36 [INFO]    🏆 HU | VLESS | Пинг: 4156ms | Скорость: 6.75 Mbps ⚡⚡
2026-02-23 18:10:36 [INFO]    🏆 CA | VLESS | Пинг: 3134ms | Скорость: 6.21 Mbps ⚡⚡
2026-02-23 18:10:36 [INFO]    🏆 TR | VLESS | Пинг: 3882ms | Скорость: 6.38 Mbps ⚡⚡
2026-02-23 18:10:37 [INFO]    🏆 PL | VLESS | Пинг: 4170ms | Скорость: 5.56 Mbps ⚡⚡
2026-02-23 18:10:37 [INFO]    🏆 HU | VLESS | Пинг: 3867ms | Скорость: 4.44 Mbps ⚡⚡
2026-02-23 18:10:38 [INFO]    🏆 PL | VLESS | Пинг: 4317ms | Скорость: 10.53 Mbps ⚡⚡
2026-02-23 18:10:39 [INFO]    🏆 TR | VLESS | Пинг: 4306ms | Скорость: 9.24 Mbps ⚡⚡
2026-02-23 18:10:39 [INFO]    🏆 CA | VLESS | Пинг: 3473ms | Скорость: 0.79 Mbps 
2026-02-23 18:10:39 [INFO]    🏆 IT | VLESS | Пинг: 4163ms | Скорость: 1.47 Mbps 
2026-02-23 18:10:39 [INFO]    🏆 SE | VLESS | Пинг: 3960ms | Скорость: 0.8 Mbps 
2026-02-23 18:10:39 [INFO]    🏆 TR | VLESS | Пинг: 4442ms | Скорость: 8.95 Mbps ⚡⚡
2026-02-23 18:10:39 [INFO]    🏆 ES | VLESS | Пинг: 4224ms | Скорость: 0.7 Mbps 
2026-02-23 18:10:39 [INFO]    🏆 HU | VLESS | Пинг: 4540ms | Скорость: 11.63 Mbps ⚡⚡
2026-02-23 18:10:39 [INFO]    🏆 ES | VLESS | Пинг: 4284ms | Скорость: 0.72 Mbps 
2026-02-23 18:10:39 [INFO]    🏆 PL | VLESS | Пинг: 4378ms | Скорость: 7.05 Mbps ⚡⚡
2026-02-23 18:10:42 [INFO]    🏆 EE | VLESS | Пинг: 4714ms | Скорость: 7.65 Mbps ⚡⚡
2026-02-23 18:10:42 [INFO]    🏆 CA | VLESS | Пинг: 5149ms | Скорость: 10.0 Mbps ⚡⚡
2026-02-23 18:10:42 [INFO]    🏆 ES | VLESS | Пинг: 4814ms | Скорость: 7.56 Mbps ⚡⚡
2026-02-23 18:10:42 [INFO]    🏆 PL | VLESS | Пинг: 4806ms | Скорость: 7.54 Mbps ⚡⚡
2026-02-23 18:10:42 [INFO]    🏆 ES | VLESS | Пинг: 4872ms | Скорость: 7.84 Mbps ⚡⚡
2026-02-23 18:10:42 [INFO]    🏆 CA | VLESS | Пинг: 4799ms | Скорость: 7.09 Mbps ⚡⚡
2026-02-23 18:10:43 [INFO]    🏆 CA | VLESS | Пинг: 4340ms | Скорость: 0.69 Mbps 
2026-02-23 18:10:43 [INFO]    🏆 IT | VLESS | Пинг: 4438ms | Скорость: 1.01 Mbps 
2026-02-23 18:10:43 [INFO]    🏆 IT | VLESS | Пинг: 4407ms | Скорость: 0.72 Mbps 
2026-02-23 18:10:44 [INFO]    🏆 DE | VLESS | Пинг: 5379ms | Скорость: 13.62 Mbps ⚡⚡
2026-02-23 18:10:45 [INFO]    🏆 SE | VLESS | Пинг: 5574ms | Скорость: 11.0 Mbps ⚡⚡
2026-02-23 18:10:45 [INFO]    🏆 CA | VLESS | Пинг: 4547ms | Скорость: 0.95 Mbps 
2026-02-23 18:10:46 [INFO]    🏆 SE | VLESS | Пинг: 4959ms | Скорость: 0.97 Mbps 
2026-02-23 18:10:49 [INFO]    🏆 SE | VLESS | Пинг: 5152ms | Скорость: 0.83 Mbps 
2026-02-23 18:10:49 [INFO]    🏆 SE | VLESS | Пинг: 5314ms | Скорость: 0.75 Mbps 
2026-02-23 18:10:49 [INFO] 📊 Итого в подписке сохранено иностранных серверов: 10
2026-02-23 18:10:49 [INFO] 💾 Файл успешно сохранен: FL1PVPN
