2026-02-25 08:50:05 [INFO] 🚀 START: Smart Selector (Target: 10, ONLY FOREIGN)
2026-02-25 08:50:05 [INFO] 🌐 Загрузка источников (VLESS + VMess)...
2026-02-25 08:50:06 [INFO] 🔍 Уникальных конфигов собрано: 168
2026-02-25 08:50:06 [INFO] ⚡ ЭТАП 1: Замер Пинга и Геолокации. Workers: 40...
2026-02-25 08:50:12 [INFO]    [PING OK] US | VLESS | 4528ms
2026-02-25 08:50:12 [INFO]    [PING OK] DE | VLESS | 4528ms
2026-02-25 08:50:12 [INFO]    [PING OK] NL | VLESS | 4614ms
2026-02-25 08:50:12 [INFO]    [PING OK] NL | VLESS | 4564ms
2026-02-25 08:50:12 [INFO]    [PING OK] NL | VLESS | 4645ms
2026-02-25 08:50:12 [INFO]    [PING OK] FI | VLESS | 4611ms
2026-02-25 08:50:12 [INFO]    [PING OK] FI | VLESS | 4591ms
2026-02-25 08:50:12 [INFO]    [PING OK] NL | VLESS | 3311ms
2026-02-25 08:50:12 [INFO]    [PING OK] FI | VLESS | 3635ms
2026-02-25 08:50:12 [INFO]    [PING OK] FI | VLESS | 3367ms
2026-02-25 08:50:13 [INFO]    [PING OK] NL | VLESS | 4238ms
2026-02-25 08:50:13 [INFO]    [PING OK] US | VLESS | 3077ms
2026-02-25 08:50:13 [INFO]    [PING OK] US | VLESS | 3135ms
2026-02-25 08:50:13 [INFO]    [PING OK] NL | VLESS | 3669ms
2026-02-25 08:50:13 [INFO]    [PING OK] DE | VLESS | 3190ms
2026-02-25 08:50:13 [INFO]    [PING OK] FI | VLESS | 3314ms
2026-02-25 08:50:13 [INFO]    [PING OK] DE | VLESS | 5800ms
2026-02-25 08:50:14 [INFO]    [PING OK] DE | VLESS | 6299ms
2026-02-25 08:50:14 [INFO]    [PING OK] DE | VLESS | 6389ms
2026-02-25 08:50:14 [INFO]    [PING OK] FI | VLESS | 2673ms
2026-02-25 08:50:14 [INFO]    [PING OK] DE | VLESS | 2733ms
2026-02-25 08:50:15 [INFO]    [PING OK] DE | VLESS | 7541ms
2026-02-25 08:50:16 [INFO]    [PING OK] US | VLESS | 3532ms
2026-02-25 08:50:17 [INFO]    [PING OK] US | VLESS | 3709ms
2026-02-25 08:50:17 [INFO]    [PING OK] NL | VLESS | 3574ms
2026-02-25 08:50:17 [INFO]    [PING OK] NL | VLESS | 3726ms
2026-02-25 08:50:17 [INFO]    [PING OK] DE | VLESS | 3647ms
2026-02-25 08:50:17 [INFO]    [PING OK] NL | VLESS | 3664ms
2026-02-25 08:50:17 [INFO]    [PING OK] FR | VLESS | 3894ms
2026-02-25 08:50:17 [INFO]    [PING OK] FI | VLESS | 3936ms
2026-02-25 08:50:17 [INFO]    [PING OK] NL | VLESS | 3995ms
2026-02-25 08:50:18 [INFO]    [PING OK] CA | VLESS | 3925ms
2026-02-25 08:50:18 [INFO]    [PING OK] CA | VLESS | 4202ms
2026-02-25 08:50:19 [INFO]    [PING OK] NL | VLESS | 4109ms
2026-02-25 08:50:19 [INFO]    [PING OK] CA | VLESS | 4094ms
2026-02-25 08:50:19 [INFO]    [PING OK] US | VLESS | 4111ms
2026-02-25 08:50:21 [INFO]    [PING OK] CA | VLESS | 4454ms
2026-02-25 08:50:21 [INFO]    [PING OK] US | VLESS | 4495ms
2026-02-25 08:50:22 [INFO]    [PING OK] RS | VLESS | 5018ms
2026-02-25 08:50:22 [INFO]    [PING OK] SE | VLESS | 4930ms
2026-02-25 08:50:23 [INFO]    [PING OK] CA | VLESS | 5096ms
2026-02-25 08:50:23 [INFO]    [PING OK] DE | VLESS | 5273ms
2026-02-25 08:50:23 [INFO]    [PING OK] TW | VLESS | 5520ms
2026-02-25 08:50:23 [INFO]    [PING OK] NL | VLESS | 5135ms
2026-02-25 08:50:23 [INFO]    [PING OK] DE | VLESS | 4930ms
2026-02-25 08:50:23 [INFO]    [PING OK] GB | VLESS | 5171ms
2026-02-25 08:50:23 [INFO]    [PING OK] GB | VLESS | 5375ms
2026-02-25 08:50:24 [INFO]    [PING OK] TW | VLESS | 5608ms
2026-02-25 08:50:24 [INFO]    [PING OK] SG | VLESS | 4779ms
2026-02-25 08:50:24 [INFO]    [PING OK] US | VLESS | 6785ms
2026-02-25 08:50:24 [INFO]    [PING OK] DE | VLESS | 4001ms
2026-02-25 08:50:25 [INFO]    [PING OK] LV | VLESS | 7776ms
2026-02-25 08:50:25 [INFO]    [PING OK] US | VLESS | 6261ms
2026-02-25 08:50:25 [INFO]    [PING OK] NL | VLESS | 1784ms
2026-02-25 08:50:25 [INFO]    [PING OK] US | VLESS | 2395ms
2026-02-25 08:50:25 [INFO]    [PING OK] CA | VLESS | 6968ms
2026-02-25 08:50:25 [INFO]    [PING OK] SG | VLESS | 3153ms
2026-02-25 08:50:25 [INFO]    [PING OK] DE | VLESS | 2636ms
2026-02-25 08:50:25 [INFO]    [PING OK] CA | VLESS | 2841ms
2026-02-25 08:50:26 [INFO]    [PING OK] KZ | VLESS | 1699ms
2026-02-25 08:50:26 [INFO]    [PING OK] US | VLESS | 3446ms
2026-02-25 08:50:26 [INFO]    [PING OK] CA | VLESS | 2163ms
2026-02-25 08:50:26 [INFO]    [PING OK] CA | VLESS | 2666ms
2026-02-25 08:50:26 [INFO]    [PING OK] CA | VLESS | 2872ms
2026-02-25 08:50:26 [INFO]    [PING OK] FR | VLESS | 3781ms
2026-02-25 08:50:27 [INFO]    [PING OK] CA | VLESS | 4627ms
2026-02-25 08:50:27 [INFO]    [PING OK] CA | VLESS | 3291ms
2026-02-25 08:50:27 [INFO]    [PING OK] US | VLESS | 7835ms
2026-02-25 08:50:28 [INFO]    [PING OK] CA | VLESS | 5345ms
2026-02-25 08:50:30 [INFO] 🏎️ ЭТАП 2: Глубокий замер скорости для 40 иностранных кандидатов...
2026-02-25 08:50:35 [INFO]    🏆 DE | VLESS | Пинг: 2733ms | Скорость: 5.52 Mbps ⚡⚡
2026-02-25 08:50:35 [INFO]    🏆 DE | VLESS | Пинг: 3190ms | Скорость: 5.61 Mbps ⚡⚡
2026-02-25 08:50:35 [INFO]    🏆 US | VLESS | Пинг: 3077ms | Скорость: 5.52 Mbps ⚡⚡
2026-02-25 08:50:35 [INFO]    🏆 US | VLESS | Пинг: 3135ms | Скорость: 5.42 Mbps ⚡⚡
2026-02-25 08:50:35 [INFO]    🏆 NL | VLESS | Пинг: 1784ms | Скорость: 5.0 Mbps ⚡⚡
2026-02-25 08:50:35 [INFO]    🏆 DE | VLESS | Пинг: 2636ms | Скорость: 4.94 Mbps ⚡⚡
2026-02-25 08:50:35 [INFO]    🏆 KZ | VLESS | Пинг: 1699ms | Скорость: 4.83 Mbps ⚡⚡
2026-02-25 08:50:35 [INFO]    🏆 SG | VLESS | Пинг: 3153ms | Скорость: 5.08 Mbps ⚡⚡
2026-02-25 08:50:35 [INFO]    🏆 FI | VLESS | Пинг: 2673ms | Скорость: 4.85 Mbps ⚡⚡
2026-02-25 08:50:37 [INFO]    🏆 US | VLESS | Пинг: 2395ms | Скорость: 3.35 Mbps ⚡⚡
2026-02-25 08:50:37 [INFO]    🏆 CA | VLESS | Пинг: 2163ms | Скорость: 1.0 Mbps 
2026-02-25 08:50:37 [INFO]    🏆 CA | VLESS | Пинг: 2841ms | Скорость: 1.55 Mbps ⚡
2026-02-25 08:50:37 [INFO]    🏆 CA | VLESS | Пинг: 3291ms | Скорость: 1.78 Mbps ⚡
2026-02-25 08:50:39 [INFO]    🏆 NL | VLESS | Пинг: 3311ms | Скорость: 5.42 Mbps ⚡⚡
2026-02-25 08:50:39 [INFO]    🏆 FI | VLESS | Пинг: 3367ms | Скорость: 5.25 Mbps ⚡⚡
2026-02-25 08:50:40 [INFO]    🏆 FI | VLESS | Пинг: 3314ms | Скорость: 5.0 Mbps ⚡⚡
2026-02-25 08:50:40 [INFO]    🏆 FI | VLESS | Пинг: 3635ms | Скорость: 5.0 Mbps ⚡⚡
2026-02-25 08:50:40 [INFO]    🏆 US | VLESS | Пинг: 3532ms | Скорость: 4.89 Mbps ⚡⚡
2026-02-25 08:50:40 [INFO]    🏆 NL | VLESS | Пинг: 3664ms | Скорость: 5.01 Mbps ⚡⚡
2026-02-25 08:50:40 [INFO]    🏆 DE | VLESS | Пинг: 3647ms | Скорость: 4.94 Mbps ⚡⚡
2026-02-25 08:50:40 [INFO]    🏆 NL | VLESS | Пинг: 3669ms | Скорость: 4.96 Mbps ⚡⚡
2026-02-25 08:50:40 [INFO]    🏆 US | VLESS | Пинг: 3709ms | Скорость: 4.91 Mbps ⚡⚡
2026-02-25 08:50:40 [INFO]    🏆 NL | VLESS | Пинг: 3574ms | Скорость: 4.62 Mbps ⚡⚡
2026-02-25 08:50:42 [INFO]    🏆 US | VLESS | Пинг: 3446ms | Скорость: 2.88 Mbps ⚡
2026-02-25 08:50:42 [INFO]    🏆 NL | VLESS | Пинг: 3726ms | Скорость: 4.35 Mbps ⚡⚡
2026-02-25 08:50:42 [INFO]    🏆 NL | VLESS | Пинг: 3995ms | Скорость: 8.96 Mbps ⚡⚡
2026-02-25 08:50:42 [INFO]    🏆 DE | VLESS | Пинг: 4001ms | Скорость: 9.84 Mbps ⚡⚡
2026-02-25 08:50:42 [INFO]    🏆 FI | VLESS | Пинг: 3936ms | Скорость: 8.47 Mbps ⚡⚡
2026-02-25 08:50:42 [INFO]    🏆 FR | VLESS | Пинг: 3894ms | Скорость: 4.35 Mbps ⚡⚡
2026-02-25 08:50:43 [INFO]    🏆 NL | VLESS | Пинг: 4109ms | Скорость: 6.66 Mbps ⚡⚡
2026-02-25 08:50:43 [INFO]    🏆 US | VLESS | Пинг: 4111ms | Скорость: 6.88 Mbps ⚡⚡
2026-02-25 08:50:47 [INFO]    🏆 US | VLESS | Пинг: 4495ms | Скорость: 2.21 Mbps ⚡
2026-02-25 08:50:47 [INFO] 📊 Итого в подписке сохранено иностранных серверов: 10
2026-02-25 08:50:47 [INFO] 💾 Файл успешно сохранен: FL1PVPN
