2026-02-25 04:00:06 [INFO] 🚀 START: Smart Selector (Target: 10, ONLY FOREIGN)
2026-02-25 04:00:06 [INFO] 🌐 Загрузка источников (VLESS + VMess)...
2026-02-25 04:00:07 [INFO] 🔍 Уникальных конфигов собрано: 182
2026-02-25 04:00:07 [INFO] ⚡ ЭТАП 1: Замер Пинга и Геолокации. Workers: 40...
2026-02-25 04:00:12 [INFO]    [PING OK] DE | VLESS | 4065ms
2026-02-25 04:00:12 [INFO]    [PING OK] DE | VLESS | 4091ms
2026-02-25 04:00:12 [INFO]    [PING OK] DE | VLESS | 3892ms
2026-02-25 04:00:12 [INFO]    [PING OK] FI | VLESS | 4085ms
2026-02-25 04:00:12 [INFO]    [PING OK] DE | VLESS | 4160ms
2026-02-25 04:00:12 [INFO]    [PING OK] FI | VLESS | 3997ms
2026-02-25 04:00:12 [INFO]    [PING OK] DE | VLESS | 4028ms
2026-02-25 04:00:12 [INFO]    [PING OK] FI | VLESS | 3572ms
2026-02-25 04:00:12 [INFO]    [PING OK] FI | VLESS | 3657ms
2026-02-25 04:00:13 [INFO]    [PING OK] DE | VLESS | 4107ms
2026-02-25 04:00:13 [INFO]    [PING OK] DE | VLESS | 3954ms
2026-02-25 04:00:13 [INFO]    [PING OK] FI | VLESS | 4079ms
2026-02-25 04:00:14 [INFO]    [PING OK] FI | VLESS | 6127ms
2026-02-25 04:00:15 [INFO]    [PING OK] FI | VLESS | 7265ms
2026-02-25 04:00:17 [INFO]    [PING OK] NL | VLESS | 4484ms
2026-02-25 04:00:17 [INFO]    [PING OK] FI | VLESS | 4550ms
2026-02-25 04:00:17 [INFO]    [PING OK] NL | VLESS | 4971ms
2026-02-25 04:00:17 [INFO]    [PING OK] KZ | VLESS | 4756ms
2026-02-25 04:00:17 [INFO]    [PING OK] NL | VLESS | 4278ms
2026-02-25 04:00:17 [INFO]    [PING OK] NL | VLESS | 4739ms
2026-02-25 04:00:18 [INFO]    [PING OK] US | VLESS | 4408ms
2026-02-25 04:00:18 [INFO]    [PING OK] US | VLESS | 4273ms
2026-02-25 04:00:18 [INFO]    [PING OK] DE | VLESS | 5541ms
2026-02-25 04:00:19 [INFO]    [PING OK] NL | VLESS | 4736ms
2026-02-25 04:00:19 [INFO]    [PING OK] DE | VLESS | 4648ms
2026-02-25 04:00:19 [INFO]    [PING OK] NL | VLESS | 5037ms
2026-02-25 04:00:19 [INFO]    [PING OK] DE | VLESS | 5065ms
2026-02-25 04:00:19 [INFO]    [PING OK] US | VLESS | 4753ms
2026-02-25 04:00:20 [INFO]    [PING OK] TR | VLESS | 4871ms
2026-02-25 04:00:20 [INFO]    [PING OK] DE | VLESS | 4488ms
2026-02-25 04:00:20 [INFO]    [PING OK] NL | VLESS | 5844ms
2026-02-25 04:00:21 [INFO]    [PING OK] LV | VLESS | 4996ms
2026-02-25 04:00:22 [INFO]    [PING OK] FR | VLESS | 4407ms
2026-02-25 04:00:22 [INFO]    [PING OK] US | VLESS | 4729ms
2026-02-25 04:00:22 [INFO]    [PING OK] LV | VLESS | 4289ms
2026-02-25 04:00:23 [INFO]    [PING OK] CA | VLESS | 4431ms
2026-02-25 04:00:23 [INFO]    [PING OK] CA | VLESS | 4502ms
2026-02-25 04:00:23 [INFO]    [PING OK] CA | VLESS | 4733ms
2026-02-25 04:00:23 [INFO]    [PING OK] NL | VLESS | 4470ms
2026-02-25 04:00:23 [INFO]    [PING OK] DE | VLESS | 4462ms
2026-02-25 04:00:23 [INFO]    [PING OK] CA | VLESS | 4537ms
2026-02-25 04:00:24 [INFO]    [PING OK] US | VLESS | 4592ms
2026-02-25 04:00:25 [INFO]    [PING OK] US | VLESS | 4612ms
2026-02-25 04:00:25 [INFO]    [PING OK] NL | VLESS | 4652ms
2026-02-25 04:00:25 [INFO]    [PING OK] DE | VLESS | 5144ms
2026-02-25 04:00:25 [INFO]    [PING OK] CA | VLESS | 4638ms
2026-02-25 04:00:25 [INFO]    [PING OK] NL | VLESS | 4007ms
2026-02-25 04:00:25 [INFO]    [PING OK] GB | VLESS | 3947ms
2026-02-25 04:00:25 [INFO]    [PING OK] NL | VLESS | 3633ms
2026-02-25 04:00:25 [INFO]    [PING OK] RS | VLESS | 6684ms
2026-02-25 04:00:26 [INFO]    [PING OK] US | VLESS | 3612ms
2026-02-25 04:00:26 [INFO]    [PING OK] CA | VLESS | 3608ms
2026-02-25 04:00:26 [INFO]    [PING OK] DE | VLESS | 2880ms
2026-02-25 04:00:26 [INFO]    [PING OK] SE | VLESS | 2686ms
2026-02-25 04:00:26 [INFO]    [PING OK] NL | VLESS | 2412ms
2026-02-25 04:00:26 [INFO]    [PING OK] US | VLESS | 3477ms
2026-02-25 04:00:26 [INFO]    [PING OK] NL | VLESS | 2544ms
2026-02-25 04:00:26 [INFO]    [PING OK] DE | VLESS | 2028ms
2026-02-25 04:00:26 [INFO]    [PING OK] DE | VLESS | 1199ms
2026-02-25 04:00:26 [INFO]    [PING OK] CA | VLESS | 3530ms
2026-02-25 04:00:27 [INFO]    [PING OK] CA | VLESS | 3151ms
2026-02-25 04:00:31 [INFO] 🏎️ ЭТАП 2: Глубокий замер скорости для 40 иностранных кандидатов...
2026-02-25 04:00:35 [INFO]    🏆 NL | VLESS | Пинг: 2544ms | Скорость: 5.11 Mbps ⚡⚡
2026-02-25 04:00:35 [INFO]    🏆 DE | VLESS | Пинг: 1199ms | Скорость: 5.13 Mbps ⚡⚡
2026-02-25 04:00:35 [INFO]    🏆 FI | VLESS | Пинг: 3657ms | Скорость: 5.32 Mbps ⚡⚡
2026-02-25 04:00:36 [INFO]    🏆 DE | VLESS | Пинг: 2880ms | Скорость: 5.06 Mbps ⚡⚡
2026-02-25 04:00:36 [INFO]    🏆 FI | VLESS | Пинг: 3572ms | Скорость: 5.21 Mbps ⚡⚡
2026-02-25 04:00:36 [INFO]    🏆 NL | VLESS | Пинг: 3633ms | Скорость: 5.22 Mbps ⚡⚡
2026-02-25 04:00:36 [INFO]    🏆 DE | VLESS | Пинг: 2028ms | Скорость: 4.91 Mbps ⚡⚡
2026-02-25 04:00:36 [INFO]    🏆 DE | VLESS | Пинг: 3892ms | Скорость: 5.19 Mbps ⚡⚡
2026-02-25 04:00:36 [INFO]    🏆 US | VLESS | Пинг: 3612ms | Скорость: 5.0 Mbps ⚡⚡
2026-02-25 04:00:36 [INFO]    🏆 SE | VLESS | Пинг: 2686ms | Скорость: 4.85 Mbps ⚡⚡
2026-02-25 04:00:36 [INFO]    🏆 NL | VLESS | Пинг: 2412ms | Скорость: 4.76 Mbps ⚡⚡
2026-02-25 04:00:36 [INFO]    🏆 US | VLESS | Пинг: 3477ms | Скорость: 4.7 Mbps ⚡⚡
2026-02-25 04:00:37 [INFO]    🏆 CA | VLESS | Пинг: 3608ms | Скорость: 3.91 Mbps ⚡⚡
2026-02-25 04:00:38 [INFO]    🏆 CA | VLESS | Пинг: 3151ms | Скорость: 1.0 Mbps 
2026-02-25 04:00:38 [INFO]    🏆 CA | VLESS | Пинг: 3530ms | Скорость: 0.74 Mbps 
2026-02-25 04:00:39 [INFO]    🏆 GB | VLESS | Пинг: 3947ms | Скорость: 6.16 Mbps ⚡⚡
2026-02-25 04:00:40 [INFO]    🏆 FI | VLESS | Пинг: 4085ms | Скорость: 6.34 Mbps ⚡⚡
2026-02-25 04:00:40 [INFO]    🏆 DE | VLESS | Пинг: 4160ms | Скорость: 6.62 Mbps ⚡⚡
2026-02-25 04:00:40 [INFO]    🏆 DE | VLESS | Пинг: 4091ms | Скорость: 6.58 Mbps ⚡⚡
2026-02-25 04:00:40 [INFO]    🏆 NL | VLESS | Пинг: 4007ms | Скорость: 6.19 Mbps ⚡⚡
2026-02-25 04:00:40 [INFO]    🏆 DE | VLESS | Пинг: 4065ms | Скорость: 6.25 Mbps ⚡⚡
2026-02-25 04:00:40 [INFO]    🏆 DE | VLESS | Пинг: 4028ms | Скорость: 6.02 Mbps ⚡⚡
2026-02-25 04:00:40 [INFO]    🏆 FI | VLESS | Пинг: 3997ms | Скорость: 5.94 Mbps ⚡⚡
2026-02-25 04:00:40 [INFO]    🏆 FI | VLESS | Пинг: 4079ms | Скорость: 5.98 Mbps ⚡⚡
2026-02-25 04:00:40 [INFO]    🏆 NL | VLESS | Пинг: 4278ms | Скорость: 8.2 Mbps ⚡⚡
2026-02-25 04:00:40 [INFO]    🏆 US | VLESS | Пинг: 4273ms | Скорость: 5.8 Mbps ⚡⚡
2026-02-25 04:00:40 [INFO]    🏆 DE | VLESS | Пинг: 3954ms | Скорость: 4.97 Mbps ⚡⚡
2026-02-25 04:00:40 [INFO]    🏆 DE | VLESS | Пинг: 4107ms | Скорость: 5.05 Mbps ⚡⚡
2026-02-25 04:00:41 [INFO]    🏆 LV | VLESS | Пинг: 4289ms | Скорость: 7.04 Mbps ⚡⚡
2026-02-25 04:00:41 [INFO]    🏆 FR | VLESS | Пинг: 4407ms | Скорость: 7.05 Mbps ⚡⚡
2026-02-25 04:00:42 [INFO]    🏆 NL | VLESS | Пинг: 4484ms | Скорость: 10.95 Mbps ⚡⚡
2026-02-25 04:00:42 [INFO]    🏆 DE | VLESS | Пинг: 4488ms | Скорость: 9.96 Mbps ⚡⚡
2026-02-25 04:00:42 [INFO]    🏆 DE | VLESS | Пинг: 4462ms | Скорость: 9.79 Mbps ⚡⚡
2026-02-25 04:00:42 [INFO]    🏆 FI | VLESS | Пинг: 4550ms | Скорость: 10.39 Mbps ⚡⚡
2026-02-25 04:00:43 [INFO]    🏆 US | VLESS | Пинг: 4408ms | Скорость: 8.51 Mbps ⚡⚡
2026-02-25 04:00:43 [INFO]    🏆 NL | VLESS | Пинг: 4470ms | Скорость: 8.5 Mbps ⚡⚡
2026-02-25 04:00:43 [INFO]    🏆 CA | VLESS | Пинг: 4431ms | Скорость: 6.61 Mbps ⚡⚡
2026-02-25 04:00:44 [INFO]    🏆 CA | VLESS | Пинг: 4537ms | Скорость: 6.48 Mbps ⚡⚡
2026-02-25 04:00:45 [INFO]    🏆 US | VLESS | Пинг: 4592ms | Скорость: 4.86 Mbps ⚡⚡
2026-02-25 04:00:45 [INFO] 📊 Итого в подписке сохранено иностранных серверов: 10
2026-02-25 04:00:45 [INFO] 💾 Файл успешно сохранен: FL1PVPN
