2026-02-24 05:40:06 [INFO] 🚀 START: Smart Selector (Target: 10, ONLY FOREIGN)
2026-02-24 05:40:06 [INFO] 🌐 Загрузка источников (VLESS + VMess)...
2026-02-24 05:40:08 [INFO] 🔍 Уникальных конфигов собрано: 218
2026-02-24 05:40:08 [INFO] ⚡ ЭТАП 1: Замер Пинга и Геолокации. Workers: 40...
2026-02-24 05:40:14 [INFO]    [PING OK] HU | VLESS | 4618ms
2026-02-24 05:40:14 [INFO]    [PING OK] CA | VLESS | 5110ms
2026-02-24 05:40:14 [INFO]    [PING OK] ES | VLESS | 5059ms
2026-02-24 05:40:14 [INFO]    [PING OK] PL | VLESS | 4735ms
2026-02-24 05:40:14 [INFO]    [PING OK] ES | VLESS | 4719ms
2026-02-24 05:40:15 [INFO]    [PING OK] IT | VLESS | 4504ms
2026-02-24 05:40:15 [INFO]    [PING OK] PL | VLESS | 4768ms
2026-02-24 05:40:15 [INFO]    [PING OK] NL | VLESS | 6414ms
2026-02-24 05:40:15 [INFO]    [PING OK] PL | VLESS | 4434ms
2026-02-24 05:40:15 [INFO]    [PING OK] HU | VLESS | 4294ms
2026-02-24 05:40:16 [INFO]    [PING OK] HU | VLESS | 4571ms
2026-02-24 05:40:16 [INFO]    [PING OK] EE | VLESS | 4016ms
2026-02-24 05:40:16 [INFO]    [PING OK] TR | VLESS | 4528ms
2026-02-24 05:40:16 [INFO]    [PING OK] ES | VLESS | 4072ms
2026-02-24 05:40:16 [INFO]    [PING OK] HU | VLESS | 4184ms
2026-02-24 05:40:16 [INFO]    [PING OK] ES | VLESS | 3989ms
2026-02-24 05:40:19 [INFO]    [PING OK] FI | VLESS | 4307ms
2026-02-24 05:40:19 [INFO]    [PING OK] HU | VLESS | 4450ms
2026-02-24 05:40:19 [INFO]    [PING OK] IT | VLESS | 5053ms
2026-02-24 05:40:20 [INFO]    [PING OK] PL | VLESS | 4322ms
2026-02-24 05:40:20 [INFO]    [PING OK] IT | VLESS | 4608ms
2026-02-24 05:40:20 [INFO]    [PING OK] FI | VLESS | 4411ms
2026-02-24 05:40:20 [INFO]    [PING OK] TR | VLESS | 4610ms
2026-02-24 05:40:20 [INFO]    [PING OK] HU | VLESS | 4797ms
2026-02-24 05:40:20 [INFO]    [PING OK] DE | VLESS | 4501ms
2026-02-24 05:40:20 [INFO]    [PING OK] DE | VLESS | 4556ms
2026-02-24 05:40:20 [INFO]    [PING OK] LV | VLESS | 4693ms
2026-02-24 05:40:21 [INFO]    [PING OK] LV | VLESS | 4249ms
2026-02-24 05:40:21 [INFO]    [PING OK] DE | VLESS | 5197ms
2026-02-24 05:40:21 [INFO]    [PING OK] ES | VLESS | 4582ms
2026-02-24 05:40:22 [INFO]    [PING OK] DE | VLESS | 7060ms
2026-02-24 05:40:22 [INFO]    [PING OK] DE | VLESS | 4497ms
2026-02-24 05:40:23 [INFO]    [PING OK] EE | VLESS | 4855ms
2026-02-24 05:40:23 [INFO]    [PING OK] SE | VLESS | 4905ms
2026-02-24 05:40:24 [INFO]    [PING OK] DE | VLESS | 8540ms
2026-02-24 05:40:25 [INFO]    [PING OK] SE | VLESS | 5501ms
2026-02-24 05:40:25 [INFO]    [PING OK] SE | VLESS | 5571ms
2026-02-24 05:40:26 [INFO]    [PING OK] US | VLESS | 5377ms
2026-02-24 05:40:26 [INFO]    [PING OK] DE | VLESS | 5839ms
2026-02-24 05:40:26 [INFO]    [PING OK] DE | VLESS | 5285ms
2026-02-24 05:40:26 [INFO]    [PING OK] CA | VLESS | 5580ms
2026-02-24 05:40:26 [INFO]    [PING OK] CA | VLESS | 5763ms
2026-02-24 05:40:26 [INFO]    [PING OK] DE | VLESS | 5121ms
2026-02-24 05:40:26 [INFO]    [PING OK] DE | VLESS | 6276ms
2026-02-24 05:40:27 [INFO]    [PING OK] DE | VLESS | 5151ms
2026-02-24 05:40:27 [INFO]    [PING OK] CA | VLESS | 5471ms
2026-02-24 05:40:27 [INFO]    [PING OK] CA | VLESS | 5576ms
2026-02-24 05:40:27 [INFO]    [PING OK] SE | VLESS | 5227ms
2026-02-24 05:40:27 [INFO]    [PING OK] DE | VLESS | 5136ms
2026-02-24 05:40:27 [INFO]    [PING OK] TR | VLESS | 5260ms
2026-02-24 05:40:27 [INFO]    [PING OK] DE | VLESS | 4773ms
2026-02-24 05:40:28 [INFO]    [PING OK] CA | VLESS | 4947ms
2026-02-24 05:40:28 [INFO]    [PING OK] SE | VLESS | 4198ms
2026-02-24 05:40:28 [INFO]    [PING OK] SE | VLESS | 4220ms
2026-02-24 05:40:28 [INFO]    [PING OK] NL | VLESS | 4238ms
2026-02-24 05:40:28 [INFO]    [PING OK] FI | VLESS | 3884ms
2026-02-24 05:40:28 [INFO]    [PING OK] SE | VLESS | 3667ms
2026-02-24 05:40:28 [INFO]    [PING OK] DE | VLESS | 3107ms
2026-02-24 05:40:28 [INFO]    [PING OK] CA | VLESS | 4879ms
2026-02-24 05:40:29 [INFO]    [PING OK] DE | VLESS | 1401ms
2026-02-24 05:40:29 [INFO]    [PING OK] NL | VLESS | 1676ms
2026-02-24 05:40:29 [INFO]    [PING OK] CA | VLESS | 3646ms
2026-02-24 05:40:29 [INFO]    [PING OK] CA | VLESS | 3904ms
2026-02-24 05:40:29 [INFO]    [PING OK] CA | VLESS | 2259ms
2026-02-24 05:40:29 [INFO]    [PING OK] NO | VLESS | 2331ms
2026-02-24 05:40:30 [INFO]    [PING OK] CA | VLESS | 4264ms
2026-02-24 05:40:34 [INFO]    [PING OK] US | VLESS | 8227ms
2026-02-24 05:40:34 [INFO] 🏎️ ЭТАП 2: Глубокий замер скорости для 40 иностранных кандидатов...
2026-02-24 05:40:39 [INFO]    🏆 NL | VLESS | Пинг: 1676ms | Скорость: 4.96 Mbps ⚡⚡
2026-02-24 05:40:39 [INFO]    🏆 DE | VLESS | Пинг: 1401ms | Скорость: 4.92 Mbps ⚡⚡
2026-02-24 05:40:39 [INFO]    🏆 SE | VLESS | Пинг: 4220ms | Скорость: 5.22 Mbps ⚡⚡
2026-02-24 05:40:39 [INFO]    🏆 HU | VLESS | Пинг: 4184ms | Скорость: 5.13 Mbps ⚡⚡
2026-02-24 05:40:39 [INFO]    🏆 FI | VLESS | Пинг: 3884ms | Скорость: 5.03 Mbps ⚡⚡
2026-02-24 05:40:39 [INFO]    🏆 ES | VLESS | Пинг: 3989ms | Скорость: 5.0 Mbps ⚡⚡
2026-02-24 05:40:39 [INFO]    🏆 EE | VLESS | Пинг: 4016ms | Скорость: 4.89 Mbps ⚡⚡
2026-02-24 05:40:39 [INFO]    🏆 CA | VLESS | Пинг: 3904ms | Скорость: 4.4 Mbps ⚡⚡
2026-02-24 05:40:40 [INFO]    🏆 ES | VLESS | Пинг: 4072ms | Скорость: 3.62 Mbps ⚡⚡
2026-02-24 05:40:41 [INFO]    🏆 NO | VLESS | Пинг: 2331ms | Скорость: 1.67 Mbps ⚡
2026-02-24 05:40:41 [INFO]    🏆 NL | VLESS | Пинг: 4238ms | Скорость: 6.33 Mbps ⚡⚡
2026-02-24 05:40:43 [INFO]    🏆 FI | VLESS | Пинг: 4411ms | Скорость: 5.59 Mbps ⚡⚡
2026-02-24 05:40:43 [INFO]    🏆 DE | VLESS | Пинг: 4497ms | Скорость: 5.77 Mbps ⚡⚡
2026-02-24 05:40:43 [INFO]    🏆 PL | VLESS | Пинг: 4434ms | Скорость: 5.66 Mbps ⚡⚡
2026-02-24 05:40:43 [INFO]    🏆 IT | VLESS | Пинг: 4504ms | Скорость: 5.84 Mbps ⚡⚡
2026-02-24 05:40:43 [INFO]    🏆 HU | VLESS | Пинг: 4450ms | Скорость: 5.6 Mbps ⚡⚡
2026-02-24 05:40:43 [INFO]    🏆 HU | VLESS | Пинг: 4294ms | Скорость: 5.17 Mbps ⚡⚡
2026-02-24 05:40:44 [INFO]    🏆 LV | VLESS | Пинг: 4249ms | Скорость: 5.05 Mbps ⚡⚡
2026-02-24 05:40:44 [INFO]    🏆 PL | VLESS | Пинг: 4322ms | Скорость: 5.07 Mbps ⚡⚡
2026-02-24 05:40:44 [INFO]    🏆 FI | VLESS | Пинг: 4307ms | Скорость: 5.03 Mbps ⚡⚡
2026-02-24 05:40:44 [INFO]    🏆 TR | VLESS | Пинг: 4528ms | Скорость: 5.79 Mbps ⚡⚡
2026-02-24 05:40:44 [INFO]    🏆 DE | VLESS | Пинг: 4556ms | Скорость: 7.61 Mbps ⚡⚡
2026-02-24 05:40:45 [INFO]    🏆 ES | VLESS | Пинг: 4582ms | Скорость: 5.89 Mbps ⚡⚡
2026-02-24 05:40:45 [INFO]    🏆 HU | VLESS | Пинг: 4571ms | Скорость: 5.35 Mbps ⚡⚡
2026-02-24 05:40:46 [INFO]    🏆 PL | VLESS | Пинг: 4735ms | Скорость: 9.34 Mbps ⚡⚡
2026-02-24 05:40:46 [INFO]    🏆 IT | VLESS | Пинг: 4608ms | Скорость: 8.17 Mbps ⚡⚡
2026-02-24 05:40:47 [INFO]    🏆 PL | VLESS | Пинг: 4768ms | Скорость: 8.72 Mbps ⚡⚡
2026-02-24 05:40:47 [INFO]    🏆 LV | VLESS | Пинг: 4693ms | Скорость: 8.22 Mbps ⚡⚡
2026-02-24 05:40:47 [INFO]    🏆 HU | VLESS | Пинг: 4618ms | Скорость: 8.25 Mbps ⚡⚡
2026-02-24 05:40:47 [INFO]    🏆 ES | VLESS | Пинг: 4719ms | Скорость: 8.22 Mbps ⚡⚡
2026-02-24 05:40:47 [INFO]    🏆 DE | VLESS | Пинг: 4773ms | Скорость: 8.37 Mbps ⚡⚡
2026-02-24 05:40:50 [INFO]    🏆 TR | VLESS | Пинг: 4610ms | Скорость: 3.41 Mbps ⚡⚡
2026-02-24 05:40:50 [INFO]    🏆 HU | VLESS | Пинг: 4797ms | Скорость: 2.67 Mbps ⚡
2026-02-24 05:40:50 [INFO] 📊 Итого в подписке сохранено иностранных серверов: 10
2026-02-24 05:40:50 [INFO] 💾 Файл успешно сохранен: FL1PVPN
