2026-02-23 17:20:06 [INFO] 🚀 START: Smart Selector (Target: 10, ONLY FOREIGN)
2026-02-23 17:20:06 [INFO] 🌐 Загрузка источников (VLESS + VMess)...
2026-02-23 17:20:07 [INFO] 🔍 Уникальных конфигов собрано: 177
2026-02-23 17:20:07 [INFO] ⚡ ЭТАП 1: Замер Пинга и Геолокации. Workers: 40...
2026-02-23 17:20:14 [INFO]    [PING OK] DE | VLESS | 5240ms
2026-02-23 17:20:14 [INFO]    [PING OK] ES | VLESS | 5194ms
2026-02-23 17:20:14 [INFO]    [PING OK] ES | VLESS | 5213ms
2026-02-23 17:20:14 [INFO]    [PING OK] TR | VLESS | 5208ms
2026-02-23 17:20:14 [INFO]    [PING OK] PL | VLESS | 5403ms
2026-02-23 17:20:14 [INFO]    [PING OK] PL | VLESS | 5323ms
2026-02-23 17:20:14 [INFO]    [PING OK] EE | VLESS | 5574ms
2026-02-23 17:20:14 [INFO]    [PING OK] PL | VLESS | 6125ms
2026-02-23 17:20:15 [INFO]    [PING OK] IT | VLESS | 5292ms
2026-02-23 17:20:15 [INFO]    [PING OK] IT | VLESS | 5237ms
2026-02-23 17:20:15 [INFO]    [PING OK] HU | VLESS | 5289ms
2026-02-23 17:20:15 [INFO]    [PING OK] IT | VLESS | 4889ms
2026-02-23 17:20:16 [INFO]    [PING OK] PL | VLESS | 5688ms
2026-02-23 17:20:16 [INFO]    [PING OK] ES | VLESS | 5547ms
2026-02-23 17:20:17 [INFO]    [PING OK] PL | VLESS | 5681ms
2026-02-23 17:20:17 [INFO]    [PING OK] ES | VLESS | 5583ms
2026-02-23 17:20:17 [INFO]    [PING OK] DE | VLESS | 5670ms
2026-02-23 17:20:18 [INFO]    [PING OK] CA | VLESS | 6059ms
2026-02-23 17:20:18 [INFO]    [PING OK] NL | VLESS | 6019ms
2026-02-23 17:20:19 [INFO]    [PING OK] CA | VLESS | 7641ms
2026-02-23 17:20:21 [INFO]    [PING OK] CA | VLESS | 6281ms
2026-02-23 17:20:21 [INFO]    [PING OK] SE | VLESS | 6110ms
2026-02-23 17:20:21 [INFO]    [PING OK] DE | VLESS | 6032ms
2026-02-23 17:20:21 [INFO]    [PING OK] SE | VLESS | 5963ms
2026-02-23 17:20:21 [INFO]    [PING OK] CA | VLESS | 6071ms
2026-02-23 17:20:21 [INFO]    [PING OK] DE | VLESS | 7030ms
2026-02-23 17:20:22 [INFO]    [PING OK] CA | VLESS | 6385ms
2026-02-23 17:20:22 [INFO]    [PING OK] CA | VLESS | 5975ms
2026-02-23 17:20:22 [INFO]    [PING OK] SE | VLESS | 4141ms
2026-02-23 17:20:22 [INFO]    [PING OK] GB | VLESS | 4003ms
2026-02-23 17:20:23 [INFO]    [PING OK] DE | VLESS | 2027ms
2026-02-23 17:20:24 [INFO]    [PING OK] US | VLESS | 5421ms
2026-02-23 17:20:25 [INFO]    [PING OK] CA | VLESS | 4001ms
2026-02-23 17:20:26 [INFO]    [PING OK] CA | VLESS | 5634ms
2026-02-23 17:20:27 [INFO]    [PING OK] SE | VLESS | 8480ms
2026-02-23 17:20:27 [INFO]    [PING OK] CA | VLESS | 9025ms
2026-02-23 17:20:28 [INFO] 🏎️ ЭТАП 2: Глубокий замер скорости для 36 иностранных кандидатов...
2026-02-23 17:20:32 [INFO]    🏆 DE | VLESS | Пинг: 2027ms | Скорость: 6.42 Mbps ⚡⚡
2026-02-23 17:20:32 [INFO]    🏆 IT | VLESS | Пинг: 5292ms | Скорость: 6.67 Mbps ⚡⚡
2026-02-23 17:20:32 [INFO]    🏆 IT | VLESS | Пинг: 5237ms | Скорость: 6.52 Mbps ⚡⚡
2026-02-23 17:20:32 [INFO]    🏆 IT | VLESS | Пинг: 4889ms | Скорость: 6.08 Mbps ⚡⚡
2026-02-23 17:20:32 [INFO]    🏆 TR | VLESS | Пинг: 5208ms | Скорость: 5.91 Mbps ⚡⚡
2026-02-23 17:20:32 [INFO]    🏆 PL | VLESS | Пинг: 5323ms | Скорость: 5.47 Mbps ⚡⚡
2026-02-23 17:20:33 [INFO]    🏆 ES | VLESS | Пинг: 5213ms | Скорость: 5.03 Mbps ⚡⚡
2026-02-23 17:20:34 [INFO]    🏆 PL | VLESS | Пинг: 5403ms | Скорость: 4.14 Mbps ⚡⚡
2026-02-23 17:20:34 [INFO]    🏆 DE | VLESS | Пинг: 5240ms | Скорость: 3.55 Mbps ⚡⚡
2026-02-23 17:20:35 [INFO]    🏆 CA | VLESS | Пинг: 4001ms | Скорость: 1.57 Mbps ⚡
2026-02-23 17:20:35 [INFO]    🏆 HU | VLESS | Пинг: 5289ms | Скорость: 0.83 Mbps 
2026-02-23 17:20:35 [INFO]    🏆 DE | VLESS | Пинг: 5670ms | Скорость: 8.89 Mbps ⚡⚡
2026-02-23 17:20:35 [INFO]    🏆 PL | VLESS | Пинг: 5681ms | Скорость: 9.55 Mbps ⚡⚡
2026-02-23 17:20:36 [INFO]    🏆 PL | VLESS | Пинг: 5688ms | Скорость: 7.41 Mbps ⚡⚡
2026-02-23 17:20:37 [INFO]    🏆 ES | VLESS | Пинг: 5583ms | Скорость: 4.88 Mbps ⚡⚡
2026-02-23 17:20:37 [INFO]    🏆 CA | VLESS | Пинг: 5975ms | Скорость: 7.03 Mbps ⚡⚡
2026-02-23 17:20:38 [INFO]    🏆 DE | VLESS | Пинг: 6032ms | Скорость: 8.87 Mbps ⚡⚡
2026-02-23 17:20:38 [INFO]    🏆 PL | VLESS | Пинг: 6125ms | Скорость: 9.1 Mbps ⚡⚡
2026-02-23 17:20:38 [INFO]    🏆 CA | VLESS | Пинг: 6059ms | Скорость: 7.46 Mbps ⚡⚡
2026-02-23 17:20:38 [INFO]    🏆 ES | VLESS | Пинг: 5547ms | Скорость: 1.9 Mbps ⚡
2026-02-23 17:20:39 [INFO]    🏆 SE | VLESS | Пинг: 5963ms | Скорость: 0.97 Mbps 
2026-02-23 17:20:41 [INFO]    🏆 CA | VLESS | Пинг: 9025ms | Скорость: 5.39 Mbps ⚡⚡
2026-02-23 17:20:41 [INFO]    🏆 NL | VLESS | Пинг: 6019ms | Скорость: 1.61 Mbps ⚡
2026-02-23 17:20:42 [INFO]    🏆 CA | VLESS | Пинг: 6071ms | Скорость: 0.84 Mbps 
2026-02-23 17:20:42 [INFO]    🏆 CA | VLESS | Пинг: 6385ms | Скорость: 2.85 Mbps ⚡
2026-02-23 17:20:42 [INFO] 📊 Итого в подписке сохранено иностранных серверов: 10
2026-02-23 17:20:42 [INFO] 💾 Файл успешно сохранен: FL1PVPN
