2026-02-21 23:20:05 [INFO] 🚀 START: Smart Selector (Target: 10, ONLY FOREIGN)
2026-02-21 23:20:05 [INFO] 🌐 Загрузка источников (VLESS + VMess)...
2026-02-21 23:20:08 [INFO] 🔍 Уникальных конфигов собрано: 255
2026-02-21 23:20:08 [INFO] ⚡ ЭТАП 1: Замер Пинга и Геолокации. Workers: 40...
2026-02-21 23:20:14 [INFO]    [PING OK] CZ | VLESS | 4561ms
2026-02-21 23:20:14 [INFO]    [PING OK] ES | VLESS | 4794ms
2026-02-21 23:20:15 [INFO]    [PING OK] HU | VLESS | 4236ms
2026-02-21 23:20:15 [INFO]    [PING OK] IT | VLESS | 3927ms
2026-02-21 23:20:15 [INFO]    [PING OK] TR | VLESS | 4264ms
2026-02-21 23:20:15 [INFO]    [PING OK] HU | VLESS | 4049ms
2026-02-21 23:20:16 [INFO]    [PING OK] NL | VLESS | 5615ms
2026-02-21 23:20:16 [INFO]    [PING OK] PL | VLESS | 4426ms
2026-02-21 23:20:17 [INFO]    [PING OK] ES | VLESS | 4090ms
2026-02-21 23:20:17 [INFO]    [PING OK] DE | VLESS | 3816ms
2026-02-21 23:20:18 [INFO]    [PING OK] TR | VLESS | 3640ms
2026-02-21 23:20:18 [INFO]    [PING OK] ES | VLESS | 3885ms
2026-02-21 23:20:18 [INFO]    [PING OK] HU | VLESS | 3758ms
2026-02-21 23:20:18 [INFO]    [PING OK] HU | VLESS | 3546ms
2026-02-21 23:20:18 [INFO]    [PING OK] TR | VLESS | 3795ms
2026-02-21 23:20:18 [INFO]    [PING OK] PL | VLESS | 3798ms
2026-02-21 23:20:18 [INFO]    [PING OK] DE | VLESS | 4163ms
2026-02-21 23:20:19 [INFO]    [PING OK] DE | VLESS | 3810ms
2026-02-21 23:20:19 [INFO]    [PING OK] PL | VLESS | 3616ms
2026-02-21 23:20:19 [INFO]    [PING OK] ES | VLESS | 3760ms
2026-02-21 23:20:19 [INFO]    [PING OK] PL | VLESS | 3456ms
2026-02-21 23:20:19 [INFO]    [PING OK] PL | VLESS | 3591ms
2026-02-21 23:20:19 [INFO]    [PING OK] HU | VLESS | 3644ms
2026-02-21 23:20:19 [INFO]    [PING OK] ES | VLESS | 3914ms
2026-02-21 23:20:19 [INFO]    [PING OK] PL | VLESS | 3573ms
2026-02-21 23:20:19 [INFO]    [PING OK] PL | VLESS | 3639ms
2026-02-21 23:20:19 [INFO]    [PING OK] IT | VLESS | 3386ms
2026-02-21 23:20:19 [INFO]    [PING OK] TR | VLESS | 3775ms
2026-02-21 23:20:20 [INFO]    [PING OK] IT | VLESS | 3981ms
2026-02-21 23:20:20 [INFO]    [PING OK] TR | VLESS | 3785ms
2026-02-21 23:20:20 [INFO]    [PING OK] DE | VLESS | 3749ms
2026-02-21 23:20:20 [INFO]    [PING OK] TR | VLESS | 3967ms
2026-02-21 23:20:20 [INFO]    [PING OK] ES | VLESS | 3895ms
2026-02-21 23:20:20 [INFO]    [PING OK] PL | VLESS | 3857ms
2026-02-21 23:20:20 [INFO]    [PING OK] DE | VLESS | 3680ms
2026-02-21 23:20:20 [INFO]    [PING OK] HU | VLESS | 3670ms
2026-02-21 23:20:21 [INFO]    [PING OK] TR | VLESS | 3832ms
2026-02-21 23:20:21 [INFO]    [PING OK] ES | VLESS | 3775ms
2026-02-21 23:20:22 [INFO]    [PING OK] TR | VLESS | 4062ms
2026-02-21 23:20:23 [INFO]    [PING OK] ES | VLESS | 4715ms
2026-02-21 23:20:23 [INFO]    [PING OK] TR | VLESS | 4332ms
2026-02-21 23:20:23 [INFO]    [PING OK] HU | VLESS | 4452ms
2026-02-21 23:20:23 [INFO]    [PING OK] IT | VLESS | 4379ms
2026-02-21 23:20:23 [INFO]    [PING OK] ES | VLESS | 4451ms
2026-02-21 23:20:23 [INFO]    [PING OK] HU | VLESS | 4571ms
2026-02-21 23:20:24 [INFO]    [PING OK] TR | VLESS | 4855ms
2026-02-21 23:20:24 [INFO]    [PING OK] IT | VLESS | 4787ms
2026-02-21 23:20:24 [INFO]    [PING OK] NL | VLESS | 5047ms
2026-02-21 23:20:25 [INFO]    [PING OK] DE | VLESS | 5124ms
2026-02-21 23:20:25 [INFO]    [PING OK] PL | VLESS | 4979ms
2026-02-21 23:20:25 [INFO]    [PING OK] DE | VLESS | 4937ms
2026-02-21 23:20:25 [INFO]    [PING OK] ES | VLESS | 5868ms
2026-02-21 23:20:26 [INFO]    [PING OK] CA | VLESS | 5470ms
2026-02-21 23:20:26 [INFO]    [PING OK] PL | VLESS | 5616ms
2026-02-21 23:20:26 [INFO]    [PING OK] NL | VLESS | 5108ms
2026-02-21 23:20:26 [INFO]    [PING OK] CA | VLESS | 5418ms
2026-02-21 23:20:26 [INFO]    [PING OK] PL | VLESS | 5621ms
2026-02-21 23:20:26 [INFO]    [PING OK] PL | VLESS | 5600ms
2026-02-21 23:20:26 [INFO]    [PING OK] EE | VLESS | 5526ms
2026-02-21 23:20:27 [INFO]    [PING OK] KZ | VLESS | 5842ms
2026-02-21 23:20:27 [INFO]    [PING OK] CA | VLESS | 6396ms
2026-02-21 23:20:30 [INFO]    [PING OK] CA | VLESS | 6423ms
2026-02-21 23:20:31 [INFO]    [PING OK] FI | VLESS | 7043ms
2026-02-21 23:20:32 [INFO]    [PING OK] CA | VLESS | 6167ms
2026-02-21 23:20:32 [INFO]    [PING OK] CA | VLESS | 6078ms
2026-02-21 23:20:32 [INFO]    [PING OK] US | VLESS | 6002ms
2026-02-21 23:20:33 [INFO]    [PING OK] CA | VLESS | 6422ms
2026-02-21 23:20:33 [INFO]    [PING OK] CA | VLESS | 6238ms
2026-02-21 23:20:33 [INFO]    [PING OK] CA | VLESS | 6300ms
2026-02-21 23:20:33 [INFO]    [PING OK] CA | VLESS | 6258ms
2026-02-21 23:20:33 [INFO]    [PING OK] CA | VLESS | 5875ms
2026-02-21 23:20:33 [INFO]    [PING OK] CA | VLESS | 5163ms
2026-02-21 23:20:34 [INFO]    [PING OK] DE | VLESS | 3904ms
2026-02-21 23:20:34 [INFO]    [PING OK] DE | VLESS | 3965ms
2026-02-21 23:20:35 [INFO]    [PING OK] LV | VLESS | 2847ms
2026-02-21 23:20:35 [INFO]    [PING OK] CA | VLESS | 4161ms
2026-02-21 23:20:35 [INFO]    [PING OK] CA | VLESS | 4425ms
2026-02-21 23:20:35 [INFO]    [PING OK] US | VLESS | 1648ms
2026-02-21 23:20:35 [INFO]    [PING OK] CA | VLESS | 3762ms
2026-02-21 23:20:35 [INFO]    [PING OK] CA | VLESS | 4254ms
2026-02-21 23:20:35 [INFO]    [PING OK] CA | VLESS | 2925ms
2026-02-21 23:20:36 [INFO]    [PING OK] CA | VLESS | 2660ms
2026-02-21 23:20:36 [INFO]    [PING OK] CA | VLESS | 2438ms
2026-02-21 23:20:36 [INFO]    [PING OK] CA | VLESS | 3050ms
2026-02-21 23:20:38 [INFO]    [PING OK] CA | VLESS | 4504ms
2026-02-21 23:20:38 [INFO] 🏎️ ЭТАП 2: Глубокий замер скорости для 40 иностранных кандидатов...
2026-02-21 23:20:42 [INFO]    🏆 PL | VLESS | Пинг: 3591ms | Скорость: 5.78 Mbps ⚡⚡
2026-02-21 23:20:42 [INFO]    🏆 LV | VLESS | Пинг: 2847ms | Скорость: 5.6 Mbps ⚡⚡
2026-02-21 23:20:42 [INFO]    🏆 PL | VLESS | Пинг: 3616ms | Скорость: 5.87 Mbps ⚡⚡
2026-02-21 23:20:42 [INFO]    🏆 PL | VLESS | Пинг: 3639ms | Скорость: 5.78 Mbps ⚡⚡
2026-02-21 23:20:42 [INFO]    🏆 PL | VLESS | Пинг: 3573ms | Скорость: 5.73 Mbps ⚡⚡
2026-02-21 23:20:42 [INFO]    🏆 PL | VLESS | Пинг: 3456ms | Скорость: 5.55 Mbps ⚡⚡
2026-02-21 23:20:42 [INFO]    🏆 HU | VLESS | Пинг: 3546ms | Скорость: 5.57 Mbps ⚡⚡
2026-02-21 23:20:42 [INFO]    🏆 HU | VLESS | Пинг: 3644ms | Скорость: 5.64 Mbps ⚡⚡
2026-02-21 23:20:42 [INFO]    🏆 IT | VLESS | Пинг: 3386ms | Скорость: 5.29 Mbps ⚡⚡
2026-02-21 23:20:43 [INFO]    🏆 TR | VLESS | Пинг: 3640ms | Скорость: 4.27 Mbps ⚡⚡
2026-02-21 23:20:44 [INFO]    🏆 HU | VLESS | Пинг: 3670ms | Скорость: 7.9 Mbps ⚡⚡
2026-02-21 23:20:45 [INFO]    🏆 CA | VLESS | Пинг: 2660ms | Скорость: 0.69 Mbps 
2026-02-21 23:20:46 [INFO]    🏆 ES | VLESS | Пинг: 3760ms | Скорость: 7.17 Mbps ⚡⚡
2026-02-21 23:20:46 [INFO]    🏆 HU | VLESS | Пинг: 3758ms | Скорость: 7.12 Mbps ⚡⚡
2026-02-21 23:20:46 [INFO]    🏆 ES | VLESS | Пинг: 3775ms | Скорость: 7.06 Mbps ⚡⚡
2026-02-21 23:20:46 [INFO]    🏆 TR | VLESS | Пинг: 3775ms | Скорость: 7.01 Mbps ⚡⚡
2026-02-21 23:20:46 [INFO]    🏆 PL | VLESS | Пинг: 3798ms | Скорость: 7.43 Mbps ⚡⚡
2026-02-21 23:20:46 [INFO]    🏆 TR | VLESS | Пинг: 3795ms | Скорость: 7.12 Mbps ⚡⚡
2026-02-21 23:20:46 [INFO]    🏆 DE | VLESS | Пинг: 3810ms | Скорость: 7.25 Mbps ⚡⚡
2026-02-21 23:20:46 [INFO]    🏆 TR | VLESS | Пинг: 3832ms | Скорость: 10.6 Mbps ⚡⚡
2026-02-21 23:20:46 [INFO]    🏆 TR | VLESS | Пинг: 3785ms | Скорость: 6.21 Mbps ⚡⚡
2026-02-21 23:20:48 [INFO]    🏆 ES | VLESS | Пинг: 3895ms | Скорость: 8.79 Mbps ⚡⚡
2026-02-21 23:20:48 [INFO]    🏆 ES | VLESS | Пинг: 3885ms | Скорость: 8.54 Mbps ⚡⚡
2026-02-21 23:20:49 [INFO]    🏆 ES | VLESS | Пинг: 3914ms | Скорость: 8.6 Mbps ⚡⚡
2026-02-21 23:20:49 [INFO]    🏆 HU | VLESS | Пинг: 4049ms | Скорость: 9.56 Mbps ⚡⚡
2026-02-21 23:20:49 [INFO]    🏆 IT | VLESS | Пинг: 3927ms | Скорость: 8.79 Mbps ⚡⚡
2026-02-21 23:20:49 [INFO]    🏆 DE | VLESS | Пинг: 3965ms | Скорость: 8.79 Mbps ⚡⚡
2026-02-21 23:20:49 [INFO]    🏆 DE | VLESS | Пинг: 3749ms | Скорость: 2.61 Mbps ⚡
2026-02-21 23:20:49 [INFO]    🏆 TR | VLESS | Пинг: 3967ms | Скорость: 8.25 Mbps ⚡⚡
2026-02-21 23:20:49 [INFO]    🏆 TR | VLESS | Пинг: 4062ms | Скорость: 8.71 Mbps ⚡⚡
2026-02-21 23:20:50 [INFO]    🏆 IT | VLESS | Пинг: 3981ms | Скорость: 5.96 Mbps ⚡⚡
2026-02-21 23:20:50 [INFO]    🏆 DE | VLESS | Пинг: 3904ms | Скорость: 5.3 Mbps ⚡⚡
2026-02-21 23:20:51 [INFO]    🏆 PL | VLESS | Пинг: 3857ms | Скорость: 0.89 Mbps 
2026-02-21 23:20:51 [INFO] 📊 Итого в подписке сохранено иностранных серверов: 10
2026-02-21 23:20:51 [INFO] 💾 Файл успешно сохранен: FL1PVPN
