2026-02-23 08:50:05 [INFO] 🚀 START: Smart Selector (Target: 10, ONLY FOREIGN)
2026-02-23 08:50:05 [INFO] 🌐 Загрузка источников (VLESS + VMess)...
2026-02-23 08:50:08 [INFO] 🔍 Уникальных конфигов собрано: 215
2026-02-23 08:50:08 [INFO] ⚡ ЭТАП 1: Замер Пинга и Геолокации. Workers: 40...
2026-02-23 08:50:13 [INFO]    [PING OK] DE | VLESS | 4367ms
2026-02-23 08:50:13 [INFO]    [PING OK] TR | VLESS | 4263ms
2026-02-23 08:50:14 [INFO]    [PING OK] DE | VLESS | 3598ms
2026-02-23 08:50:14 [INFO]    [PING OK] IT | VLESS | 2647ms
2026-02-23 08:50:14 [INFO]    [PING OK] DE | VLESS | 5344ms
2026-02-23 08:50:14 [INFO]    [PING OK] HU | VLESS | 2539ms
2026-02-23 08:50:15 [INFO]    [PING OK] DE | VLESS | 6148ms
2026-02-23 08:50:15 [INFO]    [PING OK] CZ | VLESS | 5449ms
2026-02-23 08:50:16 [INFO]    [PING OK] ES | VLESS | 2065ms
2026-02-23 08:50:16 [INFO]    [PING OK] PL | VLESS | 2226ms
2026-02-23 08:50:16 [INFO]    [PING OK] DE | VLESS | 2197ms
2026-02-23 08:50:16 [INFO]    [PING OK] ES | VLESS | 2472ms
2026-02-23 08:50:16 [INFO]    [PING OK] US | VLESS | 7761ms
2026-02-23 08:50:17 [INFO]    [PING OK] HU | VLESS | 2518ms
2026-02-23 08:50:17 [INFO]    [PING OK] PL | VLESS | 2581ms
2026-02-23 08:50:17 [INFO]    [PING OK] ES | VLESS | 2740ms
2026-02-23 08:50:17 [INFO]    [PING OK] DE | VLESS | 2863ms
2026-02-23 08:50:17 [INFO]    [PING OK] ES | VLESS | 2656ms
2026-02-23 08:50:17 [INFO]    [PING OK] FI | VLESS | 2655ms
2026-02-23 08:50:17 [INFO]    [PING OK] IT | VLESS | 2941ms
2026-02-23 08:50:17 [INFO]    [PING OK] IT | VLESS | 2834ms
2026-02-23 08:50:18 [INFO]    [PING OK] PL | VLESS | 2942ms
2026-02-23 08:50:18 [INFO]    [PING OK] PL | VLESS | 2928ms
2026-02-23 08:50:18 [INFO]    [PING OK] DE | VLESS | 3110ms
2026-02-23 08:50:20 [INFO]    [PING OK] DE | VLESS | 3612ms
2026-02-23 08:50:20 [INFO]    [PING OK] NL | VLESS | 3636ms
2026-02-23 08:50:20 [INFO]    [PING OK] PL | VLESS | 3661ms
2026-02-23 08:50:20 [INFO]    [PING OK] HU | VLESS | 3725ms
2026-02-23 08:50:21 [INFO]    [PING OK] PL | VLESS | 5169ms
2026-02-23 08:50:21 [INFO]    [PING OK] ES | VLESS | 3648ms
2026-02-23 08:50:21 [INFO]    [PING OK] ES | VLESS | 4537ms
2026-02-23 08:50:21 [INFO]    [PING OK] DE | VLESS | 4084ms
2026-02-23 08:50:21 [INFO]    [PING OK] DE | VLESS | 5848ms
2026-02-23 08:50:21 [INFO]    [PING OK] HU | VLESS | 3846ms
2026-02-23 08:50:21 [INFO]    [PING OK] DE | VLESS | 3717ms
2026-02-23 08:50:21 [INFO]    [PING OK] PL | VLESS | 3911ms
2026-02-23 08:50:22 [INFO]    [PING OK] EE | VLESS | 4091ms
2026-02-23 08:50:22 [INFO]    [PING OK] TR | VLESS | 3967ms
2026-02-23 08:50:22 [INFO]    [PING OK] PL | VLESS | 3823ms
2026-02-23 08:50:22 [INFO]    [PING OK] TR | VLESS | 3927ms
2026-02-23 08:50:22 [INFO]    [PING OK] HU | VLESS | 4089ms
2026-02-23 08:50:22 [INFO]    [PING OK] DE | VLESS | 7102ms
2026-02-23 08:50:23 [INFO]    [PING OK] HU | VLESS | 4271ms
2026-02-23 08:50:23 [INFO]    [PING OK] PL | VLESS | 5387ms
2026-02-23 08:50:24 [INFO]    [PING OK] DE | VLESS | 5232ms
2026-02-23 08:50:24 [INFO]    [PING OK] TR | VLESS | 4796ms
2026-02-23 08:50:24 [INFO]    [PING OK] DE | VLESS | 4500ms
2026-02-23 08:50:24 [INFO]    [PING OK] CA | VLESS | 4668ms
2026-02-23 08:50:25 [INFO]    [PING OK] SE | VLESS | 4396ms
2026-02-23 08:50:25 [INFO]    [PING OK] SE | VLESS | 4622ms
2026-02-23 08:50:26 [INFO]    [PING OK] SE | VLESS | 5086ms
2026-02-23 08:50:26 [INFO]    [PING OK] DE | VLESS | 6470ms
2026-02-23 08:50:26 [INFO]    [PING OK] CA | VLESS | 7034ms
2026-02-23 08:50:27 [INFO]    [PING OK] US | VLESS | 6082ms
2026-02-23 08:50:27 [INFO]    [PING OK] CA | VLESS | 5141ms
2026-02-23 08:50:27 [INFO]    [PING OK] SE | VLESS | 4763ms
2026-02-23 08:50:28 [INFO]    [PING OK] SE | VLESS | 4912ms
2026-02-23 08:50:28 [INFO]    [PING OK] SE | VLESS | 4673ms
2026-02-23 08:50:28 [INFO]    [PING OK] SE | VLESS | 4913ms
2026-02-23 08:50:28 [INFO]    [PING OK] CA | VLESS | 4818ms
2026-02-23 08:50:28 [INFO]    [PING OK] SE | VLESS | 4499ms
2026-02-23 08:50:28 [INFO]    [PING OK] SE | VLESS | 4539ms
2026-02-23 08:50:28 [INFO]    [PING OK] SE | VLESS | 4332ms
2026-02-23 08:50:29 [INFO]    [PING OK] DE | VLESS | 4200ms
2026-02-23 08:50:30 [INFO]    [PING OK] TR | VLESS | 3771ms
2026-02-23 08:50:30 [INFO]    [PING OK] NL | VLESS | 4607ms
2026-02-23 08:50:30 [INFO]    [PING OK] CA | VLESS | 6057ms
2026-02-23 08:50:30 [INFO]    [PING OK] SE | VLESS | 3079ms
2026-02-23 08:50:31 [INFO]    [PING OK] CA | VLESS | 3944ms
2026-02-23 08:50:31 [INFO]    [PING OK] CA | VLESS | 3388ms
2026-02-23 08:50:31 [INFO]    [PING OK] SE | VLESS | 2614ms
2026-02-23 08:50:31 [INFO]    [PING OK] DE | VLESS | 1679ms
2026-02-23 08:50:31 [INFO]    [PING OK] US | VLESS | 1378ms
2026-02-23 08:50:31 [INFO]    [PING OK] SG | VLESS | 3583ms
2026-02-23 08:50:31 [INFO]    [PING OK] DE | VLESS | 2610ms
2026-02-23 08:50:31 [INFO]    [PING OK] SE | VLESS | 2088ms
2026-02-23 08:50:31 [INFO]    [PING OK] SE | VLESS | 2313ms
2026-02-23 08:50:32 [INFO]    [PING OK] CA | VLESS | 3148ms
2026-02-23 08:50:32 [INFO]    [PING OK] US | VLESS | 5271ms
2026-02-23 08:50:36 [INFO] 🏎️ ЭТАП 2: Глубокий замер скорости для 40 иностранных кандидатов...
2026-02-23 08:50:40 [INFO]    🏆 DE | VLESS | Пинг: 2197ms | Скорость: 6.09 Mbps ⚡⚡
2026-02-23 08:50:40 [INFO]    🏆 FI | VLESS | Пинг: 2655ms | Скорость: 6.54 Mbps ⚡⚡
2026-02-23 08:50:40 [INFO]    🏆 IT | VLESS | Пинг: 2647ms | Скорость: 6.48 Mbps ⚡⚡
2026-02-23 08:50:40 [INFO]    🏆 ES | VLESS | Пинг: 2065ms | Скорость: 6.02 Mbps ⚡⚡
2026-02-23 08:50:40 [INFO]    🏆 PL | VLESS | Пинг: 2581ms | Скорость: 6.3 Mbps ⚡⚡
2026-02-23 08:50:40 [INFO]    🏆 PL | VLESS | Пинг: 2226ms | Скорость: 6.08 Mbps ⚡⚡
2026-02-23 08:50:40 [INFO]    🏆 HU | VLESS | Пинг: 2518ms | Скорость: 6.06 Mbps ⚡⚡
2026-02-23 08:50:40 [INFO]    🏆 DE | VLESS | Пинг: 2610ms | Скорость: 6.28 Mbps ⚡⚡
2026-02-23 08:50:40 [INFO]    🏆 SE | VLESS | Пинг: 2614ms | Скорость: 5.87 Mbps ⚡⚡
2026-02-23 08:50:40 [INFO]    🏆 ES | VLESS | Пинг: 2472ms | Скорость: 5.68 Mbps ⚡⚡
2026-02-23 08:50:40 [INFO]    🏆 US | VLESS | Пинг: 1378ms | Скорость: 5.43 Mbps ⚡⚡
2026-02-23 08:50:40 [INFO]    🏆 DE | VLESS | Пинг: 1679ms | Скорость: 4.95 Mbps ⚡⚡
2026-02-23 08:50:43 [INFO]    🏆 HU | VLESS | Пинг: 2539ms | Скорость: 1.76 Mbps ⚡
2026-02-23 08:50:43 [INFO]    🏆 IT | VLESS | Пинг: 2834ms | Скорость: 7.0 Mbps ⚡⚡
2026-02-23 08:50:43 [INFO]    🏆 IT | VLESS | Пинг: 2941ms | Скорость: 7.13 Mbps ⚡⚡
2026-02-23 08:50:43 [INFO]    🏆 PL | VLESS | Пинг: 2942ms | Скорость: 7.05 Mbps ⚡⚡
2026-02-23 08:50:43 [INFO]    🏆 ES | VLESS | Пинг: 2656ms | Скорость: 6.93 Mbps ⚡⚡
2026-02-23 08:50:43 [INFO]    🏆 ES | VLESS | Пинг: 2740ms | Скорость: 6.79 Mbps ⚡⚡
2026-02-23 08:50:43 [INFO]    🏆 CA | VLESS | Пинг: 3388ms | Скорость: 7.45 Mbps ⚡⚡
2026-02-23 08:50:44 [INFO]    🏆 SE | VLESS | Пинг: 3079ms | Скорость: 6.78 Mbps ⚡⚡
2026-02-23 08:50:47 [INFO]    🏆 HU | VLESS | Пинг: 3725ms | Скорость: 8.72 Mbps ⚡⚡
2026-02-23 08:50:47 [INFO]    🏆 DE | VLESS | Пинг: 3717ms | Скорость: 8.54 Mbps ⚡⚡
2026-02-23 08:50:47 [INFO]    🏆 PL | VLESS | Пинг: 3823ms | Скорость: 8.66 Mbps ⚡⚡
2026-02-23 08:50:47 [INFO]    🏆 PL | VLESS | Пинг: 3661ms | Скорость: 8.36 Mbps ⚡⚡
2026-02-23 08:50:47 [INFO]    🏆 PL | VLESS | Пинг: 3911ms | Скорость: 9.1 Mbps ⚡⚡
2026-02-23 08:50:47 [INFO]    🏆 PL | VLESS | Пинг: 2928ms | Скорость: 3.08 Mbps ⚡⚡
2026-02-23 08:50:47 [INFO]    🏆 TR | VLESS | Пинг: 3771ms | Скорость: 7.39 Mbps ⚡⚡
2026-02-23 08:50:49 [INFO]    🏆 ES | VLESS | Пинг: 3648ms | Скорость: 3.71 Mbps ⚡⚡
2026-02-23 08:50:50 [INFO]    🏆 HU | VLESS | Пинг: 3846ms | Скорость: 1.88 Mbps ⚡
2026-02-23 08:50:52 [INFO] 📊 Итого в подписке сохранено иностранных серверов: 10
2026-02-23 08:50:52 [INFO] 💾 Файл успешно сохранен: FL1PVPN
