2026-02-18 03:30:06 [INFO] 🚀 START: Smart VLESS Selector (Target: 10, Strict Mode)
2026-02-18 03:30:06 [INFO] 🌐 Загрузка источников...
2026-02-18 03:30:08 [INFO] 🔍 Уникальных конфигов собрано: 343
2026-02-18 03:30:08 [INFO] ⚡ ЭТАП 1: Быстрый замер Пинга (Workers: 25)...
2026-02-18 03:30:09 [INFO]    [PING OK] DE | 186ms
2026-02-18 03:30:09 [INFO]    [PING OK] RU | 197ms
2026-02-18 03:30:09 [INFO]    [PING OK] NL | 220ms
2026-02-18 03:30:10 [INFO]    [PING OK] US | 939ms
2026-02-18 03:30:10 [INFO]    [PING OK] RU | 218ms
2026-02-18 03:30:10 [INFO]    [PING OK] DE | 1361ms
2026-02-18 03:30:12 [INFO]    [PING OK] BG | 271ms
2026-02-18 03:30:13 [INFO]    [PING OK] DE | 169ms
2026-02-18 03:30:13 [INFO]    [PING OK] IN | 745ms
2026-02-18 03:30:13 [INFO]    [PING OK] RU | 140ms
2026-02-18 03:30:14 [INFO]    [PING OK] DE | 1940ms
2026-02-18 03:30:14 [INFO]    [PING OK] DE | 542ms
2026-02-18 03:30:15 [INFO]    [PING OK] FI | 193ms
2026-02-18 03:30:17 [INFO]    [PING OK] RU | 138ms
2026-02-18 03:30:17 [INFO]    [PING OK] DE | 168ms
2026-02-18 03:30:17 [INFO]    [PING OK] LV | 156ms
2026-02-18 03:30:17 [INFO]    [PING OK] IT | 548ms
2026-02-18 03:30:18 [INFO]    [PING OK] RU | 213ms
2026-02-18 03:30:19 [INFO]    [PING OK] RU | 526ms
2026-02-18 03:30:19 [INFO]    [PING OK] RU | 282ms
2026-02-18 03:30:20 [INFO]    [PING OK] RU | 201ms
2026-02-18 03:30:21 [INFO]    [PING OK] RU | 788ms
2026-02-18 03:30:21 [INFO]    [PING OK] RU | 206ms
2026-02-18 03:30:21 [INFO]    [PING OK] RU | 227ms
2026-02-18 03:30:21 [INFO]    [PING OK] RU | 232ms
2026-02-18 03:30:21 [INFO]    [PING OK] RU | 233ms
2026-02-18 03:30:21 [INFO]    [PING OK] RU | 223ms
2026-02-18 03:30:21 [INFO]    [PING OK] RU | 189ms
2026-02-18 03:30:22 [INFO]    [PING OK] RU | 203ms
2026-02-18 03:30:22 [INFO]    [PING OK] RU | 229ms
2026-02-18 03:30:22 [INFO]    [PING OK] RU | 154ms
2026-02-18 03:30:22 [INFO]    [PING OK] HU | 3430ms
2026-02-18 03:30:22 [INFO]    [PING OK] RU | 301ms
2026-02-18 03:30:22 [INFO]    [PING OK] RU | 157ms
2026-02-18 03:30:22 [INFO]    [PING OK] RU | 2319ms
2026-02-18 03:30:22 [INFO]    [PING OK] RU | 220ms
2026-02-18 03:30:22 [INFO]    [PING OK] RU | 277ms
2026-02-18 03:30:23 [INFO]    [PING OK] RU | 55ms
2026-02-18 03:30:23 [INFO]    [PING OK] RU | 300ms
2026-02-18 03:30:23 [INFO]    [PING OK] RU | 229ms
2026-02-18 03:30:23 [INFO]    [PING OK] RU | 289ms
2026-02-18 03:30:23 [INFO]    [PING OK] RU | 309ms
2026-02-18 03:30:23 [INFO]    [PING OK] RU | 451ms
2026-02-18 03:30:23 [INFO]    [PING OK] RU | 276ms
2026-02-18 03:30:23 [INFO]    [PING OK] RU | 238ms
2026-02-18 03:30:23 [INFO]    [PING OK] RU | 188ms
2026-02-18 03:30:24 [INFO]    [PING OK] RU | 212ms
2026-02-18 03:30:24 [INFO]    [PING OK] RU | 298ms
2026-02-18 03:30:24 [INFO]    [PING OK] RU | 242ms
2026-02-18 03:30:24 [INFO]    [PING OK] RU | 318ms
2026-02-18 03:30:24 [INFO]    [PING OK] RU | 1101ms
2026-02-18 03:30:24 [INFO]    [PING OK] RU | 192ms
2026-02-18 03:30:24 [INFO]    [PING OK] RU | 366ms
2026-02-18 03:30:24 [INFO]    [PING OK] RU | 256ms
2026-02-18 03:30:24 [INFO]    [PING OK] RU | 302ms
2026-02-18 03:30:25 [INFO]    [PING OK] RU | 379ms
2026-02-18 03:30:25 [INFO]    [PING OK] RU | 4725ms
2026-02-18 03:30:25 [INFO]    [PING OK] RU | 236ms
2026-02-18 03:30:25 [INFO]    [PING OK] RU | 589ms
2026-02-18 03:30:25 [INFO]    [PING OK] RU | 239ms
2026-02-18 03:30:25 [INFO]    [PING OK] RU | 146ms
2026-02-18 03:30:25 [INFO]    [PING OK] RU | 233ms
2026-02-18 03:30:25 [INFO]    [PING OK] RU | 370ms
2026-02-18 03:30:25 [INFO]    [PING OK] RU | 479ms
2026-02-18 03:30:25 [INFO]    [PING OK] RU | 319ms
2026-02-18 03:30:26 [INFO]    [PING OK] RU | 236ms
2026-02-18 03:30:26 [INFO]    [PING OK] RU | 232ms
2026-02-18 03:30:26 [INFO]    [PING OK] RU | 711ms
2026-02-18 03:30:26 [INFO]    [PING OK] RU | 49ms
2026-02-18 03:30:26 [INFO]    [PING OK] RU | 361ms
2026-02-18 03:30:26 [INFO]    [PING OK] RU | 91ms
2026-02-18 03:30:26 [INFO]    [PING OK] RU | 310ms
2026-02-18 03:30:26 [INFO]    [PING OK] DE | 1001ms
2026-02-18 03:30:26 [INFO]    [PING OK] RU | 258ms
2026-02-18 03:30:26 [INFO]    [PING OK] RU | 203ms
2026-02-18 03:30:27 [INFO]    [PING OK] RU | 223ms
2026-02-18 03:30:27 [INFO]    [PING OK] RU | 197ms
2026-02-18 03:30:27 [INFO]    [PING OK] RU | 264ms
2026-02-18 03:30:27 [INFO]    [PING OK] RU | 377ms
2026-02-18 03:30:27 [INFO]    [PING OK] RU | 190ms
2026-02-18 03:30:27 [INFO]    [PING OK] RU | 99ms
2026-02-18 03:30:27 [INFO]    [PING OK] RU | 178ms
2026-02-18 03:30:27 [INFO]    [PING OK] RU | 167ms
2026-02-18 03:30:28 [INFO]    [PING OK] RU | 286ms
2026-02-18 03:30:28 [INFO]    [PING OK] RU | 1946ms
2026-02-18 03:30:28 [INFO]    [PING OK] RU | 953ms
2026-02-18 03:30:28 [INFO]    [PING OK] RU | 815ms
2026-02-18 03:30:28 [INFO]    [PING OK] FI | 420ms
2026-02-18 03:30:28 [INFO]    [PING OK] DE | 508ms
2026-02-18 03:30:30 [INFO]    [PING OK] JP | 2048ms
2026-02-18 03:30:30 [INFO]    [PING OK] FR | 179ms
2026-02-18 03:30:30 [INFO]    [PING OK] PL | 109ms
2026-02-18 03:30:30 [INFO]    [PING OK] AU | 120ms
2026-02-18 03:30:31 [INFO]    [PING OK] LV | 458ms
2026-02-18 03:30:31 [INFO]    [PING OK] FI | 3944ms
2026-02-18 03:30:31 [INFO]    [PING OK] US | 659ms
2026-02-18 03:30:32 [INFO]    [PING OK] RU | 1722ms
2026-02-18 03:30:34 [INFO]    [PING OK] ES | 663ms
2026-02-18 03:30:34 [INFO]    [PING OK] AE | 220ms
2026-02-18 03:30:35 [INFO]    [PING OK] AT | 221ms
2026-02-18 03:30:36 [INFO]    [PING OK] US | 451ms
2026-02-18 03:30:36 [INFO]    [PING OK] PL | 103ms
2026-02-18 03:30:36 [INFO]    [PING OK] RU | 190ms
2026-02-18 03:30:37 [INFO]    [PING OK] DE | 201ms
2026-02-18 03:30:37 [INFO]    [PING OK] FI | 164ms
2026-02-18 03:30:38 [INFO]    [PING OK] FR | 703ms
2026-02-18 03:30:38 [INFO]    [PING OK] DE | 174ms
2026-02-18 03:30:38 [INFO]    [PING OK] DE | 241ms
2026-02-18 03:30:39 [INFO]    [PING OK] FI | 231ms
2026-02-18 03:30:39 [INFO]    [PING OK] UZ | 260ms
2026-02-18 03:30:39 [INFO]    [PING OK] MD | 161ms
2026-02-18 03:30:39 [INFO]    [PING OK] FI | 119ms
2026-02-18 03:30:48 [INFO] 🏎️ ЭТАП 2: Глубокий замер скорости для ТОП-10 серверов...
2026-02-18 03:30:55 [INFO]    🏆 PL | Пинг: 103ms | Скорость: 7.95 Mbps ⚡⚡
2026-02-18 03:30:55 [INFO]    🏆 PL | Пинг: 109ms | Скорость: 7.69 Mbps ⚡⚡
2026-02-18 03:30:55 [INFO]    🏆 FI | Пинг: 119ms | Скорость: 7.81 Mbps ⚡⚡
2026-02-18 03:30:55 [INFO]    🏆 AU | Пинг: 120ms | Скорость: 0.99 Mbps 
2026-02-18 03:30:55 [INFO]    🏆 LV | Пинг: 156ms | Скорость: 7.93 Mbps ⚡⚡
2026-02-18 03:30:55 [INFO]    🏆 MD | Пинг: 161ms | Скорость: 7.82 Mbps ⚡⚡
2026-02-18 03:30:55 [INFO]    🏆 FI | Пинг: 164ms | Скорость: 7.96 Mbps ⚡⚡
2026-02-18 03:30:55 [INFO]    🏆 DE | Пинг: 168ms | Скорость: 7.96 Mbps ⚡⚡
2026-02-18 03:30:55 [INFO]    🏆 DE | Пинг: 169ms | Скорость: 7.98 Mbps ⚡⚡
2026-02-18 03:30:55 [INFO]    🏆 RU | Пинг: 49ms | Скорость: 8.18 Mbps ⚡⚡
2026-02-18 03:30:55 [INFO] 🇷🇺 Добавлен RU сервер: 178.250.243.97
2026-02-18 03:30:55 [INFO] 📊 Итого в подписке сохранено: 10 серверов
2026-02-18 03:30:55 [INFO] 💾 Файл успешно сохранен: FL1PVPN
