2026-02-18 12:20:05 [INFO] 🚀 START: Smart VLESS Selector (Target: 10, Strict Mode)
2026-02-18 12:20:05 [INFO] 🌐 Загрузка источников...
2026-02-18 12:20:07 [INFO] 🔍 Уникальных конфигов собрано: 333
2026-02-18 12:20:07 [INFO] ⚡ ЭТАП 1: Быстрый замер Пинга (Workers: 25)...
2026-02-18 12:20:09 [INFO]    [PING OK] RU | 207ms
2026-02-18 12:20:09 [INFO]    [PING OK] RU | 400ms
2026-02-18 12:20:10 [INFO]    [PING OK] RU | 2163ms
2026-02-18 12:20:11 [INFO]    [PING OK] DE | 152ms
2026-02-18 12:20:13 [INFO]    [PING OK] IT | 3909ms
2026-02-18 12:20:13 [INFO]    [PING OK] DE | 1991ms
2026-02-18 12:20:14 [INFO]    [PING OK] DE | 138ms
2026-02-18 12:20:15 [INFO]    [PING OK] DE | 152ms
2026-02-18 12:20:18 [INFO]    [PING OK] FR | 1854ms
2026-02-18 12:20:19 [INFO]    [PING OK] RU | 946ms
2026-02-18 12:20:19 [INFO]    [PING OK] RU | 350ms
2026-02-18 12:20:19 [INFO]    [PING OK] RU | 238ms
2026-02-18 12:20:19 [INFO]    [PING OK] RU | 337ms
2026-02-18 12:20:19 [INFO]    [PING OK] RU | 392ms
2026-02-18 12:20:19 [INFO]    [PING OK] RU | 263ms
2026-02-18 12:20:20 [INFO]    [PING OK] NL | 529ms
2026-02-18 12:20:20 [INFO]    [PING OK] RU | 450ms
2026-02-18 12:20:20 [INFO]    [PING OK] RU | 1161ms
2026-02-18 12:20:20 [INFO]    [PING OK] RU | 209ms
2026-02-18 12:20:20 [INFO]    [PING OK] RU | 262ms
2026-02-18 12:20:20 [INFO]    [PING OK] RU | 463ms
2026-02-18 12:20:20 [INFO]    [PING OK] RU | 135ms
2026-02-18 12:20:20 [INFO]    [PING OK] RU | 376ms
2026-02-18 12:20:20 [INFO]    [PING OK] RU | 236ms
2026-02-18 12:20:21 [INFO]    [PING OK] RU | 198ms
2026-02-18 12:20:21 [INFO]    [PING OK] RU | 266ms
2026-02-18 12:20:21 [INFO]    [PING OK] RU | 251ms
2026-02-18 12:20:21 [INFO]    [PING OK] RU | 1951ms
2026-02-18 12:20:21 [INFO]    [PING OK] RU | 227ms
2026-02-18 12:20:21 [INFO]    [PING OK] RU | 294ms
2026-02-18 12:20:21 [INFO]    [PING OK] RU | 335ms
2026-02-18 12:20:22 [INFO]    [PING OK] RU | 442ms
2026-02-18 12:20:22 [INFO]    [PING OK] RU | 355ms
2026-02-18 12:20:22 [INFO]    [PING OK] RU | 517ms
2026-02-18 12:20:22 [INFO]    [PING OK] RU | 356ms
2026-02-18 12:20:22 [INFO]    [PING OK] RU | 918ms
2026-02-18 12:20:22 [INFO]    [PING OK] RU | 295ms
2026-02-18 12:20:22 [INFO]    [PING OK] RU | 353ms
2026-02-18 12:20:23 [INFO]    [PING OK] RU | 583ms
2026-02-18 12:20:23 [INFO]    [PING OK] RU | 381ms
2026-02-18 12:20:23 [INFO]    [PING OK] RU | 1338ms
2026-02-18 12:20:23 [INFO]    [PING OK] RU | 2319ms
2026-02-18 12:20:23 [INFO]    [PING OK] FI | 706ms
2026-02-18 12:20:23 [INFO]    [PING OK] RU | 1488ms
2026-02-18 12:20:23 [INFO]    [PING OK] RU | 2388ms
2026-02-18 12:20:23 [INFO]    [PING OK] RU | 1872ms
2026-02-18 12:20:23 [INFO]    [PING OK] RU | 686ms
2026-02-18 12:20:24 [INFO]    [PING OK] US | 2564ms
2026-02-18 12:20:24 [INFO]    [PING OK] RU | 1317ms
2026-02-18 12:20:24 [INFO]    [PING OK] RU | 1767ms
2026-02-18 12:20:24 [INFO]    [PING OK] RU | 1720ms
2026-02-18 12:20:24 [INFO]    [PING OK] RU | 455ms
2026-02-18 12:20:25 [INFO]    [PING OK] RU | 755ms
2026-02-18 12:20:25 [INFO]    [PING OK] RU | 915ms
2026-02-18 12:20:25 [INFO]    [PING OK] RU | 173ms
2026-02-18 12:20:25 [INFO]    [PING OK] RU | 1428ms
2026-02-18 12:20:25 [INFO]    [PING OK] RU | 2032ms
2026-02-18 12:20:25 [INFO]    [PING OK] RU | 2778ms
2026-02-18 12:20:26 [INFO]    [PING OK] RU | 3647ms
2026-02-18 12:20:26 [INFO]    [PING OK] RU | 2626ms
2026-02-18 12:20:26 [INFO]    [PING OK] RU | 829ms
2026-02-18 12:20:26 [INFO]    [PING OK] RU | 87ms
2026-02-18 12:20:26 [INFO]    [PING OK] RU | 3070ms
2026-02-18 12:20:26 [INFO]    [PING OK] RU | 116ms
2026-02-18 12:20:26 [INFO]    [PING OK] RU | 1324ms
2026-02-18 12:20:27 [INFO]    [PING OK] RU | 2468ms
2026-02-18 12:20:27 [INFO]    [PING OK] RU | 134ms
2026-02-18 12:20:27 [INFO]    [PING OK] RU | 2722ms
2026-02-18 12:20:27 [INFO]    [PING OK] PL | 122ms
2026-02-18 12:20:27 [INFO]    [PING OK] DE | 492ms
2026-02-18 12:20:28 [INFO]    [PING OK] RU | 1843ms
2026-02-18 12:20:28 [INFO]    [PING OK] RU | 2941ms
2026-02-18 12:20:29 [INFO]    [PING OK] DE | 127ms
2026-02-18 12:20:29 [INFO]    [PING OK] RU | 3207ms
2026-02-18 12:20:30 [INFO]    [PING OK] DE | 4643ms
2026-02-18 12:20:31 [INFO]    [PING OK] NL | 3296ms
2026-02-18 12:20:31 [INFO]    [PING OK] HU | 317ms
2026-02-18 12:20:31 [INFO]    [PING OK] DE | 145ms
2026-02-18 12:20:31 [INFO]    [PING OK] NL | 4101ms
2026-02-18 12:20:31 [INFO]    [PING OK] FI | 290ms
2026-02-18 12:20:31 [INFO]    [PING OK] DE | 107ms
2026-02-18 12:20:32 [INFO]    [PING OK] US | 493ms
2026-02-18 12:20:33 [INFO]    [PING OK] LV | 457ms
2026-02-18 12:20:33 [INFO]    [PING OK] FI | 182ms
2026-02-18 12:20:34 [INFO]    [PING OK] RU | 161ms
2026-02-18 12:20:34 [INFO]    [PING OK] CA | 725ms
2026-02-18 12:20:34 [INFO]    [PING OK] FI | 312ms
2026-02-18 12:20:34 [INFO]    [PING OK] NL | 207ms
2026-02-18 12:20:35 [INFO]    [PING OK] AU | 281ms
2026-02-18 12:20:35 [INFO]    [PING OK] US | 661ms
2026-02-18 12:20:35 [INFO]    [PING OK] IN | 755ms
2026-02-18 12:20:35 [INFO]    [PING OK] MD | 166ms
2026-02-18 12:20:35 [INFO]    [PING OK] PL | 139ms
2026-02-18 12:20:36 [INFO]    [PING OK] IQ | 400ms
2026-02-18 12:20:37 [INFO]    [PING OK] FR | 861ms
2026-02-18 12:20:37 [INFO]    [PING OK] FR | 826ms
2026-02-18 12:20:38 [INFO]    [PING OK] UZ | 311ms
2026-02-18 12:20:38 [INFO]    [PING OK] AL | 590ms
2026-02-18 12:20:38 [INFO]    [PING OK] FI | 175ms
2026-02-18 12:20:39 [INFO]    [PING OK] DE | 215ms
2026-02-18 12:20:39 [INFO]    [PING OK] JP | 1976ms
2026-02-18 12:20:39 [INFO]    [PING OK] DE | 1709ms
2026-02-18 12:20:41 [INFO]    [PING OK] IE | 4313ms
2026-02-18 12:20:46 [INFO] 🏎️ ЭТАП 2: Глубокий замер скорости для ТОП-10 серверов...
2026-02-18 12:20:53 [INFO]    🏆 DE | Пинг: 107ms | Скорость: 8.73 Mbps ⚡⚡
2026-02-18 12:20:53 [INFO]    🏆 PL | Пинг: 122ms | Скорость: 9.17 Mbps ⚡⚡
2026-02-18 12:20:53 [INFO]    🏆 DE | Пинг: 127ms | Скорость: 8.93 Mbps ⚡⚡
2026-02-18 12:20:53 [INFO]    🏆 DE | Пинг: 138ms | Скорость: 9.03 Mbps ⚡⚡
2026-02-18 12:20:53 [INFO]    🏆 PL | Пинг: 139ms | Скорость: 8.97 Mbps ⚡⚡
2026-02-18 12:20:53 [INFO]    🏆 DE | Пинг: 145ms | Скорость: 9.17 Mbps ⚡⚡
2026-02-18 12:20:53 [INFO]    🏆 DE | Пинг: 152ms | Скорость: 9.37 Mbps ⚡⚡
2026-02-18 12:20:53 [INFO]    🏆 DE | Пинг: 152ms | Скорость: 0.0 Mbps 
2026-02-18 12:20:53 [INFO]    🏆 MD | Пинг: 166ms | Скорость: 9.24 Mbps ⚡⚡
2026-02-18 12:20:53 [INFO]    🏆 RU | Пинг: 87ms | Скорость: 9.38 Mbps ⚡⚡
2026-02-18 12:20:53 [INFO] 🇷🇺 Добавлен RU сервер: 217.16.27.217
2026-02-18 12:20:53 [INFO] 📊 Итого в подписке сохранено: 10 серверов
2026-02-18 12:20:53 [INFO] 💾 Файл успешно сохранен: FL1PVPN
