2026-02-18 14:40:06 [INFO] 🚀 START: Smart Selector (Target: 10, Strict Mode, Hybrid Protocol)
2026-02-18 14:40:06 [INFO] 🌐 Загрузка источников (VLESS + VMess)...
2026-02-18 14:40:09 [INFO] 🔍 Уникальных конфигов собрано: 357
2026-02-18 14:40:09 [INFO] ⚡ ЭТАП 1: Быстрый замер Пинга (Workers: 40)...
2026-02-18 14:40:10 [INFO]    [PING OK] RU | VLESS | 382ms
2026-02-18 14:40:10 [INFO]    [PING OK] IT | VLESS | 709ms
2026-02-18 14:40:11 [INFO]    [PING OK] RU | VLESS | 356ms
2026-02-18 14:40:11 [INFO]    [PING OK] RU | VLESS | 566ms
2026-02-18 14:40:12 [INFO]    [PING OK] RU | VLESS | 665ms
2026-02-18 14:40:12 [INFO]    [PING OK] RU | VLESS | 999ms
2026-02-18 14:40:13 [INFO]    [PING OK] DE | VLESS | 168ms
2026-02-18 14:40:14 [INFO]    [PING OK] US | VLESS | 3804ms
2026-02-18 14:40:14 [INFO]    [PING OK] DE | VLESS | 1210ms
2026-02-18 14:40:14 [INFO]    [PING OK] DE | VLESS | 339ms
2026-02-18 14:40:15 [INFO]    [PING OK] RU | VLESS | 389ms
2026-02-18 14:40:15 [INFO]    [PING OK] RU | VLESS | 717ms
2026-02-18 14:40:15 [INFO]    [PING OK] RU | VLESS | 1078ms
2026-02-18 14:40:16 [INFO]    [PING OK] RU | VLESS | 1379ms
2026-02-18 14:40:16 [INFO]    [PING OK] RU | VLESS | 300ms
2026-02-18 14:40:16 [INFO]    [PING OK] RU | VLESS | 372ms
2026-02-18 14:40:16 [INFO]    [PING OK] RU | VLESS | 387ms
2026-02-18 14:40:16 [INFO]    [PING OK] RU | VLESS | 1415ms
2026-02-18 14:40:16 [INFO]    [PING OK] RU | VLESS | 1741ms
2026-02-18 14:40:17 [INFO]    [PING OK] RU | VLESS | 418ms
2026-02-18 14:40:17 [INFO]    [PING OK] RU | VLESS | 1363ms
2026-02-18 14:40:17 [INFO]    [PING OK] RU | VLESS | 2030ms
2026-02-18 14:40:17 [INFO]    [PING OK] RU | VLESS | 115ms
2026-02-18 14:40:17 [INFO]    [PING OK] RU | VLESS | 1247ms
2026-02-18 14:40:17 [INFO]    [PING OK] RU | VLESS | 2128ms
2026-02-18 14:40:18 [INFO]    [PING OK] RU | VLESS | 317ms
2026-02-18 14:40:18 [INFO]    [PING OK] RU | VLESS | 566ms
2026-02-18 14:40:18 [INFO]    [PING OK] RU | VLESS | 1823ms
2026-02-18 14:40:18 [INFO]    [PING OK] RU | VLESS | 451ms
2026-02-18 14:40:18 [INFO]    [PING OK] RU | VLESS | 528ms
2026-02-18 14:40:18 [INFO]    [PING OK] RU | VLESS | 354ms
2026-02-18 14:40:18 [INFO]    [PING OK] RU | VLESS | 862ms
2026-02-18 14:40:18 [INFO]    [PING OK] RU | VLESS | 376ms
2026-02-18 14:40:18 [INFO]    [PING OK] RU | VLESS | 314ms
2026-02-18 14:40:18 [INFO]    [PING OK] RU | VLESS | 1032ms
2026-02-18 14:40:18 [INFO]    [PING OK] RU | VLESS | 213ms
2026-02-18 14:40:19 [INFO]    [PING OK] RU | VLESS | 1722ms
2026-02-18 14:40:19 [INFO]    [PING OK] RU | VLESS | 294ms
2026-02-18 14:40:19 [INFO]    [PING OK] RU | VLESS | 844ms
2026-02-18 14:40:19 [INFO]    [PING OK] RU | VLESS | 342ms
2026-02-18 14:40:19 [INFO]    [PING OK] RU | VLESS | 1343ms
2026-02-18 14:40:19 [INFO]    [PING OK] RU | VLESS | 322ms
2026-02-18 14:40:19 [INFO]    [PING OK] RU | VLESS | 295ms
2026-02-18 14:40:19 [INFO]    [PING OK] RU | VLESS | 344ms
2026-02-18 14:40:19 [INFO]    [PING OK] RU | VLESS | 458ms
2026-02-18 14:40:19 [INFO]    [PING OK] RU | VLESS | 573ms
2026-02-18 14:40:19 [INFO]    [PING OK] RU | VLESS | 1378ms
2026-02-18 14:40:20 [INFO]    [PING OK] RU | VLESS | 3502ms
2026-02-18 14:40:20 [INFO]    [PING OK] RU | VLESS | 860ms
2026-02-18 14:40:20 [INFO]    [PING OK] RU | VLESS | 654ms
2026-02-18 14:40:20 [INFO]    [PING OK] RU | VLESS | 270ms
2026-02-18 14:40:20 [INFO]    [PING OK] RU | VLESS | 337ms
2026-02-18 14:40:20 [INFO]    [PING OK] RU | VLESS | 1422ms
2026-02-18 14:40:20 [INFO]    [PING OK] RU | VLESS | 659ms
2026-02-18 14:40:20 [INFO]    [PING OK] RU | VLESS | 480ms
2026-02-18 14:40:20 [INFO]    [PING OK] RU | VLESS | 236ms
2026-02-18 14:40:21 [INFO]    [PING OK] RU | VLESS | 196ms
2026-02-18 14:40:21 [INFO]    [PING OK] RU | VLESS | 911ms
2026-02-18 14:40:21 [INFO]    [PING OK] RU | VLESS | 366ms
2026-02-18 14:40:21 [INFO]    [PING OK] RU | VLESS | 433ms
2026-02-18 14:40:21 [INFO]    [PING OK] RU | VLESS | 1321ms
2026-02-18 14:40:21 [INFO]    [PING OK] RU | VLESS | 702ms
2026-02-18 14:40:22 [INFO]    [PING OK] FI | VLESS | 238ms
2026-02-18 14:40:22 [INFO]    [PING OK] RU | VLESS | 1223ms
2026-02-18 14:40:22 [INFO]    [PING OK] NL | VLESS | 221ms
2026-02-18 14:40:22 [INFO]    [PING OK] RU | VLESS | 1324ms
2026-02-18 14:40:23 [INFO]    [PING OK] FI | VLESS | 154ms
2026-02-18 14:40:23 [INFO]    [PING OK] US | VLESS | 486ms
2026-02-18 14:40:23 [INFO]    [PING OK] DE | VLESS | 101ms
2026-02-18 14:40:23 [INFO]    [PING OK] RU | VLESS | 3478ms
2026-02-18 14:40:23 [INFO]    [PING OK] RU | VLESS | 2146ms
2026-02-18 14:40:24 [INFO]    [PING OK] NL | VLESS | 173ms
2026-02-18 14:40:24 [INFO]    [PING OK] DE | VLESS | 701ms
2026-02-18 14:40:24 [INFO]    [PING OK] MD | VLESS | 179ms
2026-02-18 14:40:25 [INFO]    [PING OK] TW | VMESS | 576ms
2026-02-18 14:40:25 [INFO]    [PING OK] FR | VLESS | 864ms
2026-02-18 14:40:25 [INFO]    [PING OK] RU | VLESS | 4755ms
2026-02-18 14:40:25 [INFO]    [PING OK] FR | VLESS | 822ms
2026-02-18 14:40:26 [INFO]    [PING OK] NL | VLESS | 209ms
2026-02-18 14:40:26 [INFO]    [PING OK] PL | VLESS | 119ms
2026-02-18 14:40:26 [INFO]    [PING OK] US | VMESS | 3866ms
2026-02-18 14:40:26 [INFO]    [PING OK] US | VLESS | 1148ms
2026-02-18 14:40:26 [INFO]    [PING OK] UZ | VLESS | 374ms
2026-02-18 14:40:27 [INFO]    [PING OK] JP | VLESS | 1892ms
2026-02-18 14:40:27 [INFO]    [PING OK] RU | VLESS | 170ms
2026-02-18 14:40:27 [INFO]    [PING OK] IN | VLESS | 917ms
2026-02-18 14:40:27 [INFO]    [PING OK] US | VLESS | 2310ms
2026-02-18 14:40:27 [INFO]    [PING OK] IQ | VLESS | 345ms
2026-02-18 14:40:28 [INFO]    [PING OK] US | VLESS | 648ms
2026-02-18 14:40:28 [INFO]    [PING OK] DE | VLESS | 554ms
2026-02-18 14:40:28 [INFO]    [PING OK] HK | VMESS | 469ms
2026-02-18 14:40:28 [INFO]    [PING OK] LV | VLESS | 444ms
2026-02-18 14:40:28 [INFO]    [PING OK] AU | VLESS | 132ms
2026-02-18 14:40:29 [INFO]    [PING OK] NL | VMESS | 1229ms
2026-02-18 14:40:30 [INFO]    [PING OK] DE | VLESS | 216ms
2026-02-18 14:40:31 [INFO]    [PING OK] DE | VLESS | 2159ms
2026-02-18 14:40:32 [INFO]    [PING OK] HK | VMESS | 615ms
2026-02-18 14:40:32 [INFO]    [PING OK] HK | VMESS | 755ms
2026-02-18 14:40:33 [INFO]    [PING OK] CA | VMESS | 1034ms
2026-02-18 14:40:34 [INFO]    [PING OK] CA | VMESS | 494ms
2026-02-18 14:40:34 [INFO]    [PING OK] US | VMESS | 939ms
2026-02-18 14:40:41 [INFO] 🏎️ ЭТАП 2: Глубокий замер скорости для 40 кандидатов...
2026-02-18 14:40:43 [INFO]    🏆 RU | VLESS | Пинг: 115ms | Скорость: 10.59 Mbps ⚡⚡
2026-02-18 14:40:43 [INFO]    🏆 RU | VLESS | Пинг: 170ms | Скорость: 10.36 Mbps ⚡⚡
2026-02-18 14:40:44 [INFO]    🏆 PL | VLESS | Пинг: 119ms | Скорость: 10.37 Mbps ⚡⚡
2026-02-18 14:40:44 [INFO]    🏆 DE | VLESS | Пинг: 168ms | Скорость: 10.07 Mbps ⚡⚡
2026-02-18 14:40:44 [INFO]    🏆 DE | VLESS | Пинг: 101ms | Скорость: 9.82 Mbps ⚡⚡
2026-02-18 14:40:44 [INFO]    🏆 NL | VLESS | Пинг: 173ms | Скорость: 9.63 Mbps ⚡⚡
2026-02-18 14:40:44 [INFO]    🏆 MD | VLESS | Пинг: 179ms | Скорость: 7.94 Mbps ⚡⚡
2026-02-18 14:40:45 [INFO]    🏆 NL | VLESS | Пинг: 209ms | Скорость: 5.67 Mbps ⚡⚡
2026-02-18 14:40:45 [INFO]    🏆 DE | VLESS | Пинг: 339ms | Скорость: 13.24 Mbps ⚡⚡
2026-02-18 14:40:46 [INFO]    🏆 FI | VLESS | Пинг: 238ms | Скорость: 11.31 Mbps ⚡⚡
2026-02-18 14:40:46 [INFO]    🏆 UZ | VLESS | Пинг: 374ms | Скорость: 14.08 Mbps ⚡⚡
2026-02-18 14:40:46 [INFO]    🏆 LV | VLESS | Пинг: 444ms | Скорость: 11.44 Mbps ⚡⚡
2026-02-18 14:40:47 [INFO]    🏆 US | VLESS | Пинг: 486ms | Скорость: 9.02 Mbps ⚡⚡
2026-02-18 14:40:47 [INFO]    🏆 DE | VLESS | Пинг: 554ms | Скорость: 13.77 Mbps ⚡⚡
2026-02-18 14:40:48 [INFO]    🏆 DE | VLESS | Пинг: 216ms | Скорость: 0.97 Mbps 
2026-02-18 14:40:48 [INFO]    🏆 DE | VLESS | Пинг: 701ms | Скорость: 12.04 Mbps ⚡⚡
2026-02-18 14:40:49 [INFO]    🏆 IT | VLESS | Пинг: 709ms | Скорость: 9.25 Mbps ⚡⚡
2026-02-18 14:40:49 [INFO]    🏆 US | VLESS | Пинг: 648ms | Скорость: 7.89 Mbps ⚡⚡
2026-02-18 14:40:50 [INFO]    🏆 TW | VMESS | Пинг: 576ms | Скорость: 5.12 Mbps ⚡⚡
2026-02-18 14:40:50 [INFO]    🏆 FR | VLESS | Пинг: 864ms | Скорость: 8.65 Mbps ⚡⚡
2026-02-18 14:40:50 [INFO]    🏆 FR | VLESS | Пинг: 822ms | Скорость: 8.63 Mbps ⚡⚡
2026-02-18 14:40:50 [INFO]    🏆 IQ | VLESS | Пинг: 345ms | Скорость: 2.46 Mbps ⚡
2026-02-18 14:40:51 [INFO]    🏆 CA | VMESS | Пинг: 494ms | Скорость: 3.55 Mbps ⚡⚡
2026-02-18 14:40:51 [INFO]    🏆 IN | VLESS | Пинг: 917ms | Скорость: 6.38 Mbps ⚡⚡
2026-02-18 14:40:52 [INFO]    🏆 NL | VMESS | Пинг: 1229ms | Скорость: 8.7 Mbps ⚡⚡
2026-02-18 14:40:54 [INFO]    🏆 US | VMESS | Пинг: 939ms | Скорость: 1.3 Mbps 
2026-02-18 14:40:54 [INFO]    🏆 CA | VMESS | Пинг: 1034ms | Скорость: 3.31 Mbps ⚡⚡
2026-02-18 14:40:55 [INFO]    🏆 JP | VLESS | Пинг: 1892ms | Скорость: 0.72 Mbps 
2026-02-18 14:40:56 [INFO] 🇷🇺 Добавлен лучший рабочий RU сервер: 109.120.191.46 со скоростью 10.59 Mbps
2026-02-18 14:40:56 [INFO] 📊 Итого в подписке сохранено: 10 серверов
2026-02-18 14:40:56 [INFO] 💾 Файл успешно сохранен: FL1PVPN
