2026-02-24 07:20:05 [INFO] 🚀 START: Smart Selector (Target: 10, ONLY FOREIGN)
2026-02-24 07:20:05 [INFO] 🌐 Загрузка источников (VLESS + VMess)...
2026-02-24 07:20:07 [INFO] 🔍 Уникальных конфигов собрано: 221
2026-02-24 07:20:07 [INFO] ⚡ ЭТАП 1: Замер Пинга и Геолокации. Workers: 40...
2026-02-24 07:20:13 [INFO]    [PING OK] IT | VLESS | 4912ms
2026-02-24 07:20:13 [INFO]    [PING OK] PL | VLESS | 5304ms
2026-02-24 07:20:13 [INFO]    [PING OK] PL | VLESS | 4786ms
2026-02-24 07:20:13 [INFO]    [PING OK] ES | VLESS | 4640ms
2026-02-24 07:20:14 [INFO]    [PING OK] TR | VLESS | 4669ms
2026-02-24 07:20:14 [INFO]    [PING OK] TR | VLESS | 4595ms
2026-02-24 07:20:14 [INFO]    [PING OK] PL | VLESS | 4448ms
2026-02-24 07:20:14 [INFO]    [PING OK] NL | VLESS | 6460ms
2026-02-24 07:20:14 [INFO]    [PING OK] HU | VLESS | 4442ms
2026-02-24 07:20:14 [INFO]    [PING OK] HU | VLESS | 4374ms
2026-02-24 07:20:15 [INFO]    [PING OK] TR | VLESS | 4100ms
2026-02-24 07:20:15 [INFO]    [PING OK] ES | VLESS | 4389ms
2026-02-24 07:20:15 [INFO]    [PING OK] IT | VLESS | 3891ms
2026-02-24 07:20:16 [INFO]    [PING OK] FI | VLESS | 3947ms
2026-02-24 07:20:16 [INFO]    [PING OK] DE | VLESS | 8413ms
2026-02-24 07:20:16 [INFO]    [PING OK] DE | VLESS | 7544ms
2026-02-24 07:20:18 [INFO]    [PING OK] NL | VLESS | 4254ms
2026-02-24 07:20:18 [INFO]    [PING OK] LV | VLESS | 4336ms
2026-02-24 07:20:18 [INFO]    [PING OK] US | VLESS | 3868ms
2026-02-24 07:20:18 [INFO]    [PING OK] EE | VLESS | 4354ms
2026-02-24 07:20:18 [INFO]    [PING OK] ES | VLESS | 4133ms
2026-02-24 07:20:18 [INFO]    [PING OK] ES | VLESS | 3746ms
2026-02-24 07:20:18 [INFO]    [PING OK] IT | VLESS | 3928ms
2026-02-24 07:20:18 [INFO]    [PING OK] TR | VLESS | 3825ms
2026-02-24 07:20:18 [INFO]    [PING OK] FI | VLESS | 3460ms
2026-02-24 07:20:19 [INFO]    [PING OK] ES | VLESS | 3666ms
2026-02-24 07:20:19 [INFO]    [PING OK] HU | VLESS | 4327ms
2026-02-24 07:20:19 [INFO]    [PING OK] US | VLESS | 3467ms
2026-02-24 07:20:21 [INFO]    [PING OK] ES | VLESS | 4585ms
2026-02-24 07:20:21 [INFO]    [PING OK] FI | VLESS | 4589ms
2026-02-24 07:20:22 [INFO]    [PING OK] NL | VLESS | 5484ms
2026-02-24 07:20:22 [INFO]    [PING OK] DE | VLESS | 4965ms
2026-02-24 07:20:23 [INFO]    [PING OK] CA | VLESS | 5070ms
2026-02-24 07:20:23 [INFO]    [PING OK] NL | VLESS | 6926ms
2026-02-24 07:20:24 [INFO]    [PING OK] SE | VLESS | 5220ms
2026-02-24 07:20:24 [INFO]    [PING OK] DE | VLESS | 5478ms
2026-02-24 07:20:24 [INFO]    [PING OK] CA | VLESS | 5481ms
2026-02-24 07:20:24 [INFO]    [PING OK] CA | VLESS | 5754ms
2026-02-24 07:20:24 [INFO]    [PING OK] SE | VLESS | 5719ms
2026-02-24 07:20:24 [INFO]    [PING OK] DE | VLESS | 5764ms
2026-02-24 07:20:25 [INFO]    [PING OK] SE | VLESS | 5482ms
2026-02-24 07:20:25 [INFO]    [PING OK] DE | VLESS | 4600ms
2026-02-24 07:20:27 [INFO]    [PING OK] TR | VLESS | 5142ms
2026-02-24 07:20:27 [INFO]    [PING OK] SE | VLESS | 5053ms
2026-02-24 07:20:27 [INFO]    [PING OK] DE | VLESS | 4672ms
2026-02-24 07:20:27 [INFO]    [PING OK] DE | VLESS | 4821ms
2026-02-24 07:20:27 [INFO]    [PING OK] TR | VLESS | 5347ms
2026-02-24 07:20:28 [INFO]    [PING OK] DE | VLESS | 4979ms
2026-02-24 07:20:28 [INFO]    [PING OK] DE | VLESS | 7991ms
2026-02-24 07:20:28 [INFO]    [PING OK] SE | VLESS | 4986ms
2026-02-24 07:20:28 [INFO]    [PING OK] CA | VLESS | 6273ms
2026-02-24 07:20:28 [INFO]    [PING OK] SE | VLESS | 4817ms
2026-02-24 07:20:29 [INFO]    [PING OK] CA | VLESS | 4892ms
2026-02-24 07:20:29 [INFO]    [PING OK] SE | VLESS | 4571ms
2026-02-24 07:20:29 [INFO]    [PING OK] US | VLESS | 4306ms
2026-02-24 07:20:29 [INFO]    [PING OK] SE | VLESS | 7195ms
2026-02-24 07:20:29 [INFO]    [PING OK] SE | VLESS | 4306ms
2026-02-24 07:20:29 [INFO]    [PING OK] SG | VLESS | 4548ms
2026-02-24 07:20:29 [INFO]    [PING OK] US | VLESS | 4275ms
2026-02-24 07:20:30 [INFO]    [PING OK] CA | VLESS | 4777ms
2026-02-24 07:20:30 [INFO]    [PING OK] NL | VLESS | 2957ms
2026-02-24 07:20:30 [INFO]    [PING OK] TR | VLESS | 1846ms
2026-02-24 07:20:30 [INFO]    [PING OK] NL | VLESS | 3512ms
2026-02-24 07:20:30 [INFO]    [PING OK] CA | VLESS | 3740ms
2026-02-24 07:20:30 [INFO]    [PING OK] SE | VLESS | 1814ms
2026-02-24 07:20:30 [INFO]    [PING OK] CA | VLESS | 2301ms
2026-02-24 07:20:31 [INFO]    [PING OK] CA | VLESS | 2777ms
2026-02-24 07:20:33 [INFO]    [PING OK] CA | VLESS | 6931ms
2026-02-24 07:20:34 [INFO] 🏎️ ЭТАП 2: Глубокий замер скорости для 40 иностранных кандидатов...
2026-02-24 07:20:39 [INFO]    🏆 NL | VLESS | Пинг: 2957ms | Скорость: 4.88 Mbps ⚡⚡
2026-02-24 07:20:39 [INFO]    🏆 IT | VLESS | Пинг: 3928ms | Скорость: 5.19 Mbps ⚡⚡
2026-02-24 07:20:39 [INFO]    🏆 TR | VLESS | Пинг: 1846ms | Скорость: 4.83 Mbps ⚡⚡
2026-02-24 07:20:39 [INFO]    🏆 ES | VLESS | Пинг: 3666ms | Скорость: 4.8 Mbps ⚡⚡
2026-02-24 07:20:39 [INFO]    🏆 US | VLESS | Пинг: 3868ms | Скорость: 4.92 Mbps ⚡⚡
2026-02-24 07:20:39 [INFO]    🏆 TR | VLESS | Пинг: 3825ms | Скорость: 4.93 Mbps ⚡⚡
2026-02-24 07:20:39 [INFO]    🏆 ES | VLESS | Пинг: 3746ms | Скорость: 4.9 Mbps ⚡⚡
2026-02-24 07:20:39 [INFO]    🏆 IT | VLESS | Пинг: 3891ms | Скорость: 4.95 Mbps ⚡⚡
2026-02-24 07:20:40 [INFO]    🏆 FI | VLESS | Пинг: 3460ms | Скорость: 4.67 Mbps ⚡⚡
2026-02-24 07:20:40 [INFO]    🏆 US | VLESS | Пинг: 3467ms | Скорость: 4.65 Mbps ⚡⚡
2026-02-24 07:20:40 [INFO]    🏆 NL | VLESS | Пинг: 3512ms | Скорость: 4.5 Mbps ⚡⚡
2026-02-24 07:20:40 [INFO]    🏆 CA | VLESS | Пинг: 3740ms | Скорость: 4.6 Mbps ⚡⚡
2026-02-24 07:20:40 [INFO]    🏆 SE | VLESS | Пинг: 1814ms | Скорость: 4.22 Mbps ⚡⚡
2026-02-24 07:20:40 [INFO]    🏆 CA | VLESS | Пинг: 2777ms | Скорость: 4.23 Mbps ⚡⚡
2026-02-24 07:20:42 [INFO]    🏆 FI | VLESS | Пинг: 3947ms | Скорость: 11.21 Mbps ⚡⚡
2026-02-24 07:20:43 [INFO]    🏆 SE | VLESS | Пинг: 4306ms | Скорость: 8.32 Mbps ⚡⚡
2026-02-24 07:20:43 [INFO]    🏆 TR | VLESS | Пинг: 4100ms | Скорость: 6.21 Mbps ⚡⚡
2026-02-24 07:20:43 [INFO]    🏆 HU | VLESS | Пинг: 4374ms | Скорость: 6.41 Mbps ⚡⚡
2026-02-24 07:20:43 [INFO]    🏆 ES | VLESS | Пинг: 4133ms | Скорость: 5.96 Mbps ⚡⚡
2026-02-24 07:20:43 [INFO]    🏆 PL | VLESS | Пинг: 4448ms | Скорость: 6.94 Mbps ⚡⚡
2026-02-24 07:20:43 [INFO]    🏆 HU | VLESS | Пинг: 4442ms | Скорость: 6.57 Mbps ⚡⚡
2026-02-24 07:20:44 [INFO]    🏆 US | VLESS | Пинг: 4306ms | Скорость: 6.02 Mbps ⚡⚡
2026-02-24 07:20:44 [INFO]    🏆 SG | VLESS | Пинг: 4548ms | Скорость: 6.26 Mbps ⚡⚡
2026-02-24 07:20:44 [INFO]    🏆 US | VLESS | Пинг: 4275ms | Скорость: 5.38 Mbps ⚡⚡
2026-02-24 07:20:44 [INFO]    🏆 ES | VLESS | Пинг: 4389ms | Скорость: 5.28 Mbps ⚡⚡
2026-02-24 07:20:45 [INFO]    🏆 FI | VLESS | Пинг: 4589ms | Скорость: 13.63 Mbps ⚡⚡
2026-02-24 07:20:46 [INFO]    🏆 ES | VLESS | Пинг: 4585ms | Скорость: 9.18 Mbps ⚡⚡
2026-02-24 07:20:46 [INFO]    🏆 DE | VLESS | Пинг: 4672ms | Скорость: 10.4 Mbps ⚡⚡
2026-02-24 07:20:46 [INFO]    🏆 TR | VLESS | Пинг: 4595ms | Скорость: 9.72 Mbps ⚡⚡
2026-02-24 07:20:46 [INFO]    🏆 PL | VLESS | Пинг: 4786ms | Скорость: 11.37 Mbps ⚡⚡
2026-02-24 07:20:46 [INFO]    🏆 HU | VLESS | Пинг: 4327ms | Скорость: 1.33 Mbps 
2026-02-24 07:20:46 [INFO]    🏆 TR | VLESS | Пинг: 4669ms | Скорость: 8.92 Mbps ⚡⚡
2026-02-24 07:20:47 [INFO]    🏆 ES | VLESS | Пинг: 4640ms | Скорость: 8.48 Mbps ⚡⚡
2026-02-24 07:20:47 [INFO]    🏆 EE | VLESS | Пинг: 4354ms | Скорость: 0.81 Mbps 
2026-02-24 07:20:47 [INFO]    🏆 CA | VLESS | Пинг: 4777ms | Скорость: 6.24 Mbps ⚡⚡
2026-02-24 07:20:50 [INFO]    🏆 DE | VLESS | Пинг: 4600ms | Скорость: 3.67 Mbps ⚡⚡
2026-02-24 07:20:50 [INFO] 📊 Итого в подписке сохранено иностранных серверов: 10
2026-02-24 07:20:50 [INFO] 💾 Файл успешно сохранен: FL1PVPN
