2026-02-24 03:50:06 [INFO] 🚀 START: Smart Selector (Target: 10, ONLY FOREIGN)
2026-02-24 03:50:06 [INFO] 🌐 Загрузка источников (VLESS + VMess)...
2026-02-24 03:50:07 [INFO] 🔍 Уникальных конфигов собрано: 257
2026-02-24 03:50:07 [INFO] ⚡ ЭТАП 1: Замер Пинга и Геолокации. Workers: 40...
2026-02-24 03:50:12 [INFO]    [PING OK] PL | VLESS | 3865ms
2026-02-24 03:50:12 [INFO]    [PING OK] HU | VLESS | 4041ms
2026-02-24 03:50:12 [INFO]    [PING OK] FI | VLESS | 4049ms
2026-02-24 03:50:12 [INFO]    [PING OK] EE | VLESS | 4221ms
2026-02-24 03:50:12 [INFO]    [PING OK] US | VLESS | 4564ms
2026-02-24 03:50:13 [INFO]    [PING OK] PL | VLESS | 4280ms
2026-02-24 03:50:13 [INFO]    [PING OK] ES | VLESS | 4079ms
2026-02-24 03:50:13 [INFO]    [PING OK] IT | VLESS | 4305ms
2026-02-24 03:50:13 [INFO]    [PING OK] US | VLESS | 3719ms
2026-02-24 03:50:13 [INFO]    [PING OK] HU | VLESS | 3555ms
2026-02-24 03:50:14 [INFO]    [PING OK] NL | VLESS | 5027ms
2026-02-24 03:50:14 [INFO]    [PING OK] PL | VLESS | 3735ms
2026-02-24 03:50:14 [INFO]    [PING OK] HU | VLESS | 4052ms
2026-02-24 03:50:14 [INFO]    [PING OK] ES | VLESS | 3835ms
2026-02-24 03:50:14 [INFO]    [PING OK] DE | VLESS | 4280ms
2026-02-24 03:50:15 [INFO]    [PING OK] ES | VLESS | 3896ms
2026-02-24 03:50:16 [INFO]    [PING OK] LV | VLESS | 3864ms
2026-02-24 03:50:17 [INFO]    [PING OK] ES | VLESS | 3988ms
2026-02-24 03:50:17 [INFO]    [PING OK] IN | VLESS | 4253ms
2026-02-24 03:50:17 [INFO]    [PING OK] ES | VLESS | 3719ms
2026-02-24 03:50:17 [INFO]    [PING OK] HU | VLESS | 3719ms
2026-02-24 03:50:17 [INFO]    [PING OK] TR | VLESS | 4325ms
2026-02-24 03:50:17 [INFO]    [PING OK] IT | VLESS | 3584ms
2026-02-24 03:50:18 [INFO]    [PING OK] HU | VLESS | 4420ms
2026-02-24 03:50:18 [INFO]    [PING OK] PL | VLESS | 3537ms
2026-02-24 03:50:18 [INFO]    [PING OK] DE | VLESS | 3431ms
2026-02-24 03:50:18 [INFO]    [PING OK] DE | VLESS | 3680ms
2026-02-24 03:50:20 [INFO]    [PING OK] IN | VLESS | 4135ms
2026-02-24 03:50:20 [INFO]    [PING OK] PL | VLESS | 3854ms
2026-02-24 03:50:21 [INFO]    [PING OK] LV | VLESS | 3480ms
2026-02-24 03:50:21 [INFO]    [PING OK] DE | VLESS | 3423ms
2026-02-24 03:50:22 [INFO]    [PING OK] DE | VLESS | 3593ms
2026-02-24 03:50:22 [INFO]    [PING OK] TR | VLESS | 3365ms
2026-02-24 03:50:22 [INFO]    [PING OK] IT | VLESS | 3660ms
2026-02-24 03:50:22 [INFO]    [PING OK] DE | VLESS | 4108ms
2026-02-24 03:50:22 [INFO]    [PING OK] ES | VLESS | 3377ms
2026-02-24 03:50:22 [INFO]    [PING OK] DE | VLESS | 3746ms
2026-02-24 03:50:24 [INFO]    [PING OK] HU | VLESS | 3779ms
2026-02-24 03:50:25 [INFO]    [PING OK] ES | VLESS | 4514ms
2026-02-24 03:50:26 [INFO]    [PING OK] NL | VLESS | 4837ms
2026-02-24 03:50:26 [INFO]    [PING OK] PL | VLESS | 5078ms
2026-02-24 03:50:26 [INFO]    [PING OK] DE | VLESS | 4729ms
2026-02-24 03:50:28 [INFO]    [PING OK] SE | VLESS | 5763ms
2026-02-24 03:50:28 [INFO]    [PING OK] CA | VLESS | 5971ms
2026-02-24 03:50:28 [INFO]    [PING OK] SE | VLESS | 5571ms
2026-02-24 03:50:28 [INFO]    [PING OK] CA | VLESS | 5901ms
2026-02-24 03:50:28 [INFO]    [PING OK] DE | VLESS | 5711ms
2026-02-24 03:50:28 [INFO]    [PING OK] SE | VLESS | 5718ms
2026-02-24 03:50:29 [INFO]    [PING OK] US | VLESS | 6020ms
2026-02-24 03:50:29 [INFO]    [PING OK] CA | VLESS | 6179ms
2026-02-24 03:50:29 [INFO]    [PING OK] CA | VLESS | 6442ms
2026-02-24 03:50:29 [INFO]    [PING OK] CA | VLESS | 6173ms
2026-02-24 03:50:30 [INFO]    [PING OK] US | VLESS | 5915ms
2026-02-24 03:50:30 [INFO]    [PING OK] US | VLESS | 5711ms
2026-02-24 03:50:31 [INFO]    [PING OK] DE | VLESS | 5932ms
2026-02-24 03:50:32 [INFO]    [PING OK] CA | VLESS | 9086ms
2026-02-24 03:50:32 [INFO]    [PING OK] DE | VLESS | 5239ms
2026-02-24 03:50:32 [INFO]    [PING OK] CA | VLESS | 6939ms
2026-02-24 03:50:32 [INFO]    [PING OK] DE | VLESS | 5626ms
2026-02-24 03:50:32 [INFO]    [PING OK] DE | VLESS | 4859ms
2026-02-24 03:50:32 [INFO]    [PING OK] SE | VLESS | 4622ms
2026-02-24 03:50:33 [INFO]    [PING OK] CA | VLESS | 5111ms
2026-02-24 03:50:33 [INFO]    [PING OK] SE | VLESS | 3741ms
2026-02-24 03:50:33 [INFO]    [PING OK] SG | VLESS | 5013ms
2026-02-24 03:50:33 [INFO]    [PING OK] DE | VLESS | 3784ms
2026-02-24 03:50:33 [INFO]    [PING OK] SE | VLESS | 3605ms
2026-02-24 03:50:33 [INFO]    [PING OK] CA | VLESS | 4996ms
2026-02-24 03:50:33 [INFO]    [PING OK] CA | VLESS | 5121ms
2026-02-24 03:50:33 [INFO]    [PING OK] DE | VLESS | 2750ms
2026-02-24 03:50:33 [INFO]    [PING OK] DE | VLESS | 2783ms
2026-02-24 03:50:33 [INFO]    [PING OK] NL | VLESS | 2395ms
2026-02-24 03:50:33 [INFO]    [PING OK] SG | VLESS | 2094ms
2026-02-24 03:50:33 [INFO]    [PING OK] SE | VLESS | 2814ms
2026-02-24 03:50:34 [INFO]    [PING OK] CA | VLESS | 3310ms
2026-02-24 03:50:34 [INFO]    [PING OK] CA | VLESS | 3165ms
2026-02-24 03:50:34 [INFO]    [PING OK] SG | VLESS | 3912ms
2026-02-24 03:50:35 [INFO]    [PING OK] CA | VLESS | 5042ms
2026-02-24 03:50:37 [INFO] 🏎️ ЭТАП 2: Глубокий замер скорости для 40 иностранных кандидатов...
2026-02-24 03:50:42 [INFO]    🏆 LV | VLESS | Пинг: 3480ms | Скорость: 6.19 Mbps ⚡⚡
2026-02-24 03:50:42 [INFO]    🏆 PL | VLESS | Пинг: 3537ms | Скорость: 5.78 Mbps ⚡⚡
2026-02-24 03:50:42 [INFO]    🏆 HU | VLESS | Пинг: 3555ms | Скорость: 5.76 Mbps ⚡⚡
2026-02-24 03:50:42 [INFO]    🏆 DE | VLESS | Пинг: 3423ms | Скорость: 5.64 Mbps ⚡⚡
2026-02-24 03:50:42 [INFO]    🏆 ES | VLESS | Пинг: 3377ms | Скорость: 5.53 Mbps ⚡⚡
2026-02-24 03:50:42 [INFO]    🏆 CA | VLESS | Пинг: 3165ms | Скорость: 5.5 Mbps ⚡⚡
2026-02-24 03:50:42 [INFO]    🏆 IT | VLESS | Пинг: 3584ms | Скорость: 5.74 Mbps ⚡⚡
2026-02-24 03:50:42 [INFO]    🏆 TR | VLESS | Пинг: 3365ms | Скорость: 5.29 Mbps ⚡⚡
2026-02-24 03:50:42 [INFO]    🏆 NL | VLESS | Пинг: 2395ms | Скорость: 4.99 Mbps ⚡⚡
2026-02-24 03:50:42 [INFO]    🏆 SG | VLESS | Пинг: 2094ms | Скорость: 4.94 Mbps ⚡⚡
2026-02-24 03:50:43 [INFO]    🏆 CA | VLESS | Пинг: 3310ms | Скорость: 4.73 Mbps ⚡⚡
2026-02-24 03:50:43 [INFO]    🏆 SE | VLESS | Пинг: 2814ms | Скорость: 4.57 Mbps ⚡⚡
2026-02-24 03:50:43 [INFO]    🏆 DE | VLESS | Пинг: 2750ms | Скорость: 4.53 Mbps ⚡⚡
2026-02-24 03:50:43 [INFO]    🏆 DE | VLESS | Пинг: 2783ms | Скорость: 4.52 Mbps ⚡⚡
2026-02-24 03:50:43 [INFO]    🏆 DE | VLESS | Пинг: 3431ms | Скорость: 4.5 Mbps ⚡⚡
2026-02-24 03:50:45 [INFO]    🏆 DE | VLESS | Пинг: 3593ms | Скорость: 9.05 Mbps ⚡⚡
2026-02-24 03:50:45 [INFO]    🏆 DE | VLESS | Пинг: 3680ms | Скорость: 9.69 Mbps ⚡⚡
2026-02-24 03:50:45 [INFO]    🏆 IT | VLESS | Пинг: 3660ms | Скорость: 9.65 Mbps ⚡⚡
2026-02-24 03:50:45 [INFO]    🏆 ES | VLESS | Пинг: 3719ms | Скорость: 9.46 Mbps ⚡⚡
2026-02-24 03:50:45 [INFO]    🏆 PL | VLESS | Пинг: 3735ms | Скорость: 10.2 Mbps ⚡⚡
2026-02-24 03:50:45 [INFO]    🏆 HU | VLESS | Пинг: 3719ms | Скорость: 8.16 Mbps ⚡⚡
2026-02-24 03:50:46 [INFO]    🏆 PL | VLESS | Пинг: 3854ms | Скорость: 8.07 Mbps ⚡⚡
2026-02-24 03:50:46 [INFO]    🏆 LV | VLESS | Пинг: 3864ms | Скорость: 8.11 Mbps ⚡⚡
2026-02-24 03:50:46 [INFO]    🏆 SE | VLESS | Пинг: 3605ms | Скорость: 5.75 Mbps ⚡⚡
2026-02-24 03:50:46 [INFO]    🏆 HU | VLESS | Пинг: 3779ms | Скорость: 6.66 Mbps ⚡⚡
2026-02-24 03:50:47 [INFO]    🏆 DE | VLESS | Пинг: 3784ms | Скорость: 6.21 Mbps ⚡⚡
2026-02-24 03:50:47 [INFO]    🏆 ES | VLESS | Пинг: 3835ms | Скорость: 5.63 Mbps ⚡⚡
2026-02-24 03:50:48 [INFO]    🏆 PL | VLESS | Пинг: 3865ms | Скорость: 9.48 Mbps ⚡⚡
2026-02-24 03:50:48 [INFO]    🏆 FI | VLESS | Пинг: 4049ms | Скорость: 12.62 Mbps ⚡⚡
2026-02-24 03:50:48 [INFO]    🏆 HU | VLESS | Пинг: 4041ms | Скорость: 10.24 Mbps ⚡⚡
2026-02-24 03:50:48 [INFO]    🏆 ES | VLESS | Пинг: 3896ms | Скорость: 9.3 Mbps ⚡⚡
2026-02-24 03:50:48 [INFO]    🏆 ES | VLESS | Пинг: 3988ms | Скорость: 9.65 Mbps ⚡⚡
2026-02-24 03:50:48 [INFO]    🏆 ES | VLESS | Пинг: 4079ms | Скорость: 18.73 Mbps ⚡⚡
2026-02-24 03:50:48 [INFO]    🏆 HU | VLESS | Пинг: 4052ms | Скорость: 12.51 Mbps ⚡⚡
2026-02-24 03:50:50 [INFO]    🏆 IN | VLESS | Пинг: 4135ms | Скорость: 7.06 Mbps ⚡⚡
2026-02-24 03:50:53 [INFO] 📊 Итого в подписке сохранено иностранных серверов: 10
2026-02-24 03:50:53 [INFO] 💾 Файл успешно сохранен: FL1PVPN
