2026-02-25 01:30:05 [INFO] 🚀 START: Smart Selector (Target: 10, ONLY FOREIGN)
2026-02-25 01:30:05 [INFO] 🌐 Загрузка источников (VLESS + VMess)...
2026-02-25 01:30:06 [INFO] 🔍 Уникальных конфигов собрано: 191
2026-02-25 01:30:06 [INFO] ⚡ ЭТАП 1: Замер Пинга и Геолокации. Workers: 40...
2026-02-25 01:30:11 [INFO]    [PING OK] FR | VLESS | 4281ms
2026-02-25 01:30:12 [INFO]    [PING OK] FI | VLESS | 4411ms
2026-02-25 01:30:12 [INFO]    [PING OK] DE | VLESS | 4083ms
2026-02-25 01:30:13 [INFO]    [PING OK] FI | VLESS | 4427ms
2026-02-25 01:30:13 [INFO]    [PING OK] NL | VLESS | 4118ms
2026-02-25 01:30:13 [INFO]    [PING OK] DE | VLESS | 4472ms
2026-02-25 01:30:13 [INFO]    [PING OK] US | VLESS | 4702ms
2026-02-25 01:30:13 [INFO]    [PING OK] NL | VLESS | 4452ms
2026-02-25 01:30:14 [INFO]    [PING OK] FI | VLESS | 5838ms
2026-02-25 01:30:16 [INFO]    [PING OK] NL | VLESS | 4367ms
2026-02-25 01:30:16 [INFO]    [PING OK] DE | VLESS | 4373ms
2026-02-25 01:30:16 [INFO]    [PING OK] NL | VLESS | 4614ms
2026-02-25 01:30:16 [INFO]    [PING OK] DE | VLESS | 4396ms
2026-02-25 01:30:16 [INFO]    [PING OK] FI | VLESS | 4293ms
2026-02-25 01:30:17 [INFO]    [PING OK] DE | VLESS | 4451ms
2026-02-25 01:30:17 [INFO]    [PING OK] DE | VLESS | 4458ms
2026-02-25 01:30:17 [INFO]    [PING OK] FI | VLESS | 4448ms
2026-02-25 01:30:18 [INFO]    [PING OK] FI | VLESS | 4306ms
2026-02-25 01:30:18 [INFO]    [PING OK] FI | VLESS | 4517ms
2026-02-25 01:30:18 [INFO]    [PING OK] NL | VLESS | 4470ms
2026-02-25 01:30:18 [INFO]    [PING OK] DE | VLESS | 4731ms
2026-02-25 01:30:19 [INFO]    [PING OK] NL | VLESS | 5246ms
2026-02-25 01:30:19 [INFO]    [PING OK] DE | VLESS | 4672ms
2026-02-25 01:30:19 [INFO]    [PING OK] DE | VLESS | 4837ms
2026-02-25 01:30:20 [INFO]    [PING OK] FI | VLESS | 6026ms
2026-02-25 01:30:21 [INFO]    [PING OK] US | VLESS | 4987ms
2026-02-25 01:30:22 [INFO]    [PING OK] NL | VLESS | 4528ms
2026-02-25 01:30:22 [INFO]    [PING OK] EE | VLESS | 4879ms
2026-02-25 01:30:23 [INFO]    [PING OK] DE | VLESS | 4850ms
2026-02-25 01:30:23 [INFO]    [PING OK] NL | VLESS | 4942ms
2026-02-25 01:30:23 [INFO]    [PING OK] DE | VLESS | 4909ms
2026-02-25 01:30:23 [INFO]    [PING OK] US | VLESS | 4981ms
2026-02-25 01:30:24 [INFO]    [PING OK] TR | VLESS | 4347ms
2026-02-25 01:30:24 [INFO]    [PING OK] US | VLESS | 5306ms
2026-02-25 01:30:25 [INFO]    [PING OK] TR | VLESS | 2298ms
2026-02-25 01:30:25 [INFO]    [PING OK] DE | VLESS | 1554ms
2026-02-25 01:30:26 [INFO]    [PING OK] CA | VLESS | 4800ms
2026-02-25 01:30:27 [INFO]    [PING OK] CA | VLESS | 3649ms
2026-02-25 01:30:28 [INFO]    [PING OK] CA | VLESS | 3384ms
2026-02-25 01:30:29 [INFO]    [PING OK] LV | VLESS | 227ms
2026-02-25 01:30:30 [INFO] 🏎️ ЭТАП 2: Глубокий замер скорости для 40 иностранных кандидатов...
2026-02-25 01:30:35 [INFO]    🏆 LV | VLESS | Пинг: 227ms | Скорость: 5.4 Mbps ⚡⚡
2026-02-25 01:30:35 [INFO]    🏆 NL | VLESS | Пинг: 4367ms | Скорость: 5.56 Mbps ⚡⚡
2026-02-25 01:30:35 [INFO]    🏆 DE | VLESS | Пинг: 4083ms | Скорость: 5.45 Mbps ⚡⚡
2026-02-25 01:30:35 [INFO]    🏆 DE | VLESS | Пинг: 4396ms | Скорость: 5.63 Mbps ⚡⚡
2026-02-25 01:30:35 [INFO]    🏆 NL | VLESS | Пинг: 4118ms | Скорость: 5.35 Mbps ⚡⚡
2026-02-25 01:30:35 [INFO]    🏆 TR | VLESS | Пинг: 4347ms | Скорость: 5.44 Mbps ⚡⚡
2026-02-25 01:30:35 [INFO]    🏆 DE | VLESS | Пинг: 4373ms | Скорость: 5.47 Mbps ⚡⚡
2026-02-25 01:30:35 [INFO]    🏆 FR | VLESS | Пинг: 4281ms | Скорость: 5.26 Mbps ⚡⚡
2026-02-25 01:30:35 [INFO]    🏆 DE | VLESS | Пинг: 1554ms | Скорость: 5.06 Mbps ⚡⚡
2026-02-25 01:30:35 [INFO]    🏆 TR | VLESS | Пинг: 2298ms | Скорость: 4.98 Mbps ⚡⚡
2026-02-25 01:30:35 [INFO]    🏆 FI | VLESS | Пинг: 4411ms | Скорость: 5.31 Mbps ⚡⚡
2026-02-25 01:30:35 [INFO]    🏆 FI | VLESS | Пинг: 4306ms | Скорость: 5.18 Mbps ⚡⚡
2026-02-25 01:30:37 [INFO]    🏆 FI | VLESS | Пинг: 4293ms | Скорость: 1.64 Mbps ⚡
2026-02-25 01:30:38 [INFO]    🏆 FI | VLESS | Пинг: 4427ms | Скорость: 7.85 Mbps ⚡⚡
2026-02-25 01:30:38 [INFO]    🏆 FI | VLESS | Пинг: 4448ms | Скорость: 7.82 Mbps ⚡⚡
2026-02-25 01:30:38 [INFO]    🏆 DE | VLESS | Пинг: 4451ms | Скорость: 7.2 Mbps ⚡⚡
2026-02-25 01:30:38 [INFO]    🏆 NL | VLESS | Пинг: 4528ms | Скорость: 7.49 Mbps ⚡⚡
2026-02-25 01:30:38 [INFO]    🏆 NL | VLESS | Пинг: 4470ms | Скорость: 7.42 Mbps ⚡⚡
2026-02-25 01:30:38 [INFO]    🏆 DE | VLESS | Пинг: 4458ms | Скорость: 7.12 Mbps ⚡⚡
2026-02-25 01:30:38 [INFO]    🏆 NL | VLESS | Пинг: 4614ms | Скорость: 7.37 Mbps ⚡⚡
2026-02-25 01:30:38 [INFO]    🏆 DE | VLESS | Пинг: 4472ms | Скорость: 7.25 Mbps ⚡⚡
2026-02-25 01:30:38 [INFO]    🏆 DE | VLESS | Пинг: 4672ms | Скорость: 7.39 Mbps ⚡⚡
2026-02-25 01:30:39 [INFO]    🏆 NL | VLESS | Пинг: 4452ms | Скорость: 6.0 Mbps ⚡⚡
2026-02-25 01:30:39 [INFO]    🏆 US | VLESS | Пинг: 4702ms | Скорость: 6.36 Mbps ⚡⚡
2026-02-25 01:30:40 [INFO]    🏆 DE | VLESS | Пинг: 4837ms | Скорость: 10.06 Mbps ⚡⚡
2026-02-25 01:30:40 [INFO]    🏆 DE | VLESS | Пинг: 4731ms | Скорость: 4.66 Mbps ⚡⚡
2026-02-25 01:30:40 [INFO]    🏆 DE | VLESS | Пинг: 4850ms | Скорость: 14.15 Mbps ⚡⚡
2026-02-25 01:30:40 [INFO]    🏆 NL | VLESS | Пинг: 4942ms | Скорость: 12.53 Mbps ⚡⚡
2026-02-25 01:30:41 [INFO]    🏆 DE | VLESS | Пинг: 4909ms | Скорость: 12.38 Mbps ⚡⚡
2026-02-25 01:30:41 [INFO]    🏆 US | VLESS | Пинг: 4987ms | Скорость: 9.36 Mbps ⚡⚡
2026-02-25 01:30:42 [INFO]    🏆 FI | VLESS | Пинг: 4517ms | Скорость: 1.26 Mbps 
2026-02-25 01:30:42 [INFO]    🏆 US | VLESS | Пинг: 4981ms | Скорость: 7.19 Mbps ⚡⚡
2026-02-25 01:30:42 [INFO] 📊 Итого в подписке сохранено иностранных серверов: 10
2026-02-25 01:30:42 [INFO] 💾 Файл успешно сохранен: FL1PVPN
