2026-02-26 22:30:05 [INFO] 🚀 START: Smart Selector (Target: 10, ONLY FOREIGN)
2026-02-26 22:30:05 [INFO] 🌐 Загрузка источников (VLESS + VMess)...
2026-02-26 22:30:07 [INFO] 🔍 Уникальных конфигов собрано: 189
2026-02-26 22:30:07 [INFO] ⚡ ЭТАП 1: Замер Пинга и Геолокации. Workers: 40...
2026-02-26 22:30:12 [INFO]    [PING OK] FI | VLESS | 4348ms
2026-02-26 22:30:12 [INFO]    [PING OK] FI | VLESS | 4370ms
2026-02-26 22:30:13 [INFO]    [PING OK] FI | VLESS | 4385ms
2026-02-26 22:30:13 [INFO]    [PING OK] FI | VLESS | 4557ms
2026-02-26 22:30:13 [INFO]    [PING OK] FI | VLESS | 4567ms
2026-02-26 22:30:13 [INFO]    [PING OK] NL | VLESS | 4449ms
2026-02-26 22:30:13 [INFO]    [PING OK] FI | VLESS | 5187ms
2026-02-26 22:30:13 [INFO]    [PING OK] FI | VLESS | 4671ms
2026-02-26 22:30:13 [INFO]    [PING OK] FR | VLESS | 4681ms
2026-02-26 22:30:13 [INFO]    [PING OK] US | VLESS | 4672ms
2026-02-26 22:30:13 [INFO]    [PING OK] DE | VLESS | 4715ms
2026-02-26 22:30:13 [INFO]    [PING OK] DE | VLESS | 5358ms
2026-02-26 22:30:13 [INFO]    [PING OK] DE | VLESS | 4496ms
2026-02-26 22:30:13 [INFO]    [PING OK] DE | VLESS | 4934ms
2026-02-26 22:30:14 [INFO]    [PING OK] US | VLESS | 3977ms
2026-02-26 22:30:14 [INFO]    [PING OK] US | VLESS | 4820ms
2026-02-26 22:30:14 [INFO]    [PING OK] DE | VLESS | 4495ms
2026-02-26 22:30:14 [INFO]    [PING OK] FI | VLESS | 3774ms
2026-02-26 22:30:14 [INFO]    [PING OK] DE | VLESS | 3626ms
2026-02-26 22:30:15 [INFO]    [PING OK] FI | VLESS | 3451ms
2026-02-26 22:30:15 [INFO]    [PING OK] DE | VLESS | 3789ms
2026-02-26 22:30:15 [INFO]    [PING OK] FR | VLESS | 4222ms
2026-02-26 22:30:16 [INFO]    [PING OK] FI | VLESS | 3503ms
2026-02-26 22:30:16 [INFO]    [PING OK] PL | VLESS | 4551ms
2026-02-26 22:30:17 [INFO]    [PING OK] DE | VLESS | 3642ms
2026-02-26 22:30:17 [INFO]    [PING OK] CH | VLESS | 6660ms
2026-02-26 22:30:17 [INFO]    [PING OK] NL | VLESS | 3686ms
2026-02-26 22:30:18 [INFO]    [PING OK] US | VLESS | 3869ms
2026-02-26 22:30:18 [INFO]    [PING OK] NL | VLESS | 3957ms
2026-02-26 22:30:18 [INFO]    [PING OK] DE | VLESS | 3880ms
2026-02-26 22:30:18 [INFO]    [PING OK] FR | VLESS | 4124ms
2026-02-26 22:30:19 [INFO]    [PING OK] DE | VLESS | 4078ms
2026-02-26 22:30:19 [INFO]    [PING OK] DE | VLESS | 4008ms
2026-02-26 22:30:19 [INFO]    [PING OK] US | VLESS | 4499ms
2026-02-26 22:30:19 [INFO]    [PING OK] SE | VLESS | 4423ms
2026-02-26 22:30:19 [INFO]    [PING OK] FI | VLESS | 3946ms
2026-02-26 22:30:19 [INFO]    [PING OK] PL | VLESS | 3931ms
2026-02-26 22:30:19 [INFO]    [PING OK] DE | VLESS | 4141ms
2026-02-26 22:30:20 [INFO]    [PING OK] DE | VLESS | 3931ms
2026-02-26 22:30:20 [INFO]    [PING OK] FI | VLESS | 3870ms
2026-02-26 22:30:20 [INFO]    [PING OK] DE | VLESS | 4154ms
2026-02-26 22:30:20 [INFO]    [PING OK] FR | VLESS | 5497ms
2026-02-26 22:30:20 [INFO]    [PING OK] NL | VLESS | 4397ms
2026-02-26 22:30:21 [INFO]    [PING OK] DE | VLESS | 4462ms
2026-02-26 22:30:22 [INFO]    [PING OK] LV | VLESS | 4740ms
2026-02-26 22:30:22 [INFO]    [PING OK] DE | VLESS | 6668ms
2026-02-26 22:30:22 [INFO]    [PING OK] DE | VLESS | 6406ms
2026-02-26 22:30:23 [INFO]    [PING OK] DE | VLESS | 4908ms
2026-02-26 22:30:23 [INFO]    [PING OK] CH | VLESS | 8139ms
2026-02-26 22:30:23 [INFO]    [PING OK] PL | VLESS | 8327ms
2026-02-26 22:30:23 [INFO]    [PING OK] SG | VLESS | 4947ms
2026-02-26 22:30:24 [INFO]    [PING OK] ES | VLESS | 4396ms
2026-02-26 22:30:24 [INFO]    [PING OK] DE | VLESS | 4260ms
2026-02-26 22:30:24 [INFO]    [PING OK] DE | VLESS | 4838ms
2026-02-26 22:30:24 [INFO]    [PING OK] DE | VLESS | 4822ms
2026-02-26 22:30:24 [INFO]    [PING OK] SG | VLESS | 3967ms
2026-02-26 22:30:24 [INFO]    [PING OK] DE | VLESS | 3292ms
2026-02-26 22:30:25 [INFO]    [PING OK] DE | VLESS | 2670ms
2026-02-26 22:30:25 [INFO]    [PING OK] DE | VLESS | 2096ms
2026-02-26 22:30:25 [INFO]    [PING OK] US | VLESS | 1670ms
2026-02-26 22:30:30 [INFO] 🏎️ ЭТАП 2: Глубокий замер скорости для 40 иностранных кандидатов...
2026-02-26 22:30:34 [INFO]    🏆 DE | VLESS | Пинг: 3292ms | Скорость: 5.26 Mbps ⚡⚡
2026-02-26 22:30:34 [INFO]    🏆 DE | VLESS | Пинг: 3880ms | Скорость: 5.58 Mbps ⚡⚡
2026-02-26 22:30:34 [INFO]    🏆 DE | VLESS | Пинг: 3626ms | Скорость: 5.34 Mbps ⚡⚡
2026-02-26 22:30:34 [INFO]    🏆 FI | VLESS | Пинг: 3451ms | Скорость: 5.19 Mbps ⚡⚡
2026-02-26 22:30:34 [INFO]    🏆 DE | VLESS | Пинг: 3789ms | Скорость: 5.43 Mbps ⚡⚡
2026-02-26 22:30:34 [INFO]    🏆 FI | VLESS | Пинг: 3774ms | Скорость: 5.31 Mbps ⚡⚡
2026-02-26 22:30:34 [INFO]    🏆 PL | VLESS | Пинг: 3931ms | Скорость: 5.48 Mbps ⚡⚡
2026-02-26 22:30:34 [INFO]    🏆 US | VLESS | Пинг: 1670ms | Скорость: 5.05 Mbps ⚡⚡
2026-02-26 22:30:34 [INFO]    🏆 DE | VLESS | Пинг: 2096ms | Скорость: 5.06 Mbps ⚡⚡
2026-02-26 22:30:34 [INFO]    🏆 DE | VLESS | Пинг: 3642ms | Скорость: 5.15 Mbps ⚡⚡
2026-02-26 22:30:34 [INFO]    🏆 NL | VLESS | Пинг: 3686ms | Скорость: 5.05 Mbps ⚡⚡
2026-02-26 22:30:35 [INFO]    🏆 US | VLESS | Пинг: 3869ms | Скорость: 4.99 Mbps ⚡⚡
2026-02-26 22:30:35 [INFO]    🏆 FI | VLESS | Пинг: 3870ms | Скорость: 4.81 Mbps ⚡⚡
2026-02-26 22:30:36 [INFO]    🏆 DE | VLESS | Пинг: 2670ms | Скорость: 2.87 Mbps ⚡
2026-02-26 22:30:37 [INFO]    🏆 DE | VLESS | Пинг: 3931ms | Скорость: 10.16 Mbps ⚡⚡
2026-02-26 22:30:39 [INFO]    🏆 NL | VLESS | Пинг: 3957ms | Скорость: 5.47 Mbps ⚡⚡
2026-02-26 22:30:39 [INFO]    🏆 FI | VLESS | Пинг: 3946ms | Скорость: 5.39 Mbps ⚡⚡
2026-02-26 22:30:39 [INFO]    🏆 DE | VLESS | Пинг: 4078ms | Скорость: 5.55 Mbps ⚡⚡
2026-02-26 22:30:39 [INFO]    🏆 FR | VLESS | Пинг: 4124ms | Скорость: 5.45 Mbps ⚡⚡
2026-02-26 22:30:39 [INFO]    🏆 DE | VLESS | Пинг: 4008ms | Скорость: 5.37 Mbps ⚡⚡
2026-02-26 22:30:39 [INFO]    🏆 FI | VLESS | Пинг: 4348ms | Скорость: 5.81 Mbps ⚡⚡
2026-02-26 22:30:39 [INFO]    🏆 DE | VLESS | Пинг: 4154ms | Скорость: 5.43 Mbps ⚡⚡
2026-02-26 22:30:39 [INFO]    🏆 SG | VLESS | Пинг: 3967ms | Скорость: 5.04 Mbps ⚡⚡
2026-02-26 22:30:39 [INFO]    🏆 FI | VLESS | Пинг: 4370ms | Скорость: 5.66 Mbps ⚡⚡
2026-02-26 22:30:39 [INFO]    🏆 DE | VLESS | Пинг: 4260ms | Скорость: 5.38 Mbps ⚡⚡
2026-02-26 22:30:39 [INFO]    🏆 FR | VLESS | Пинг: 4222ms | Скорость: 4.89 Mbps ⚡⚡
2026-02-26 22:30:39 [INFO]    🏆 US | VLESS | Пинг: 3977ms | Скорость: 4.77 Mbps ⚡⚡
2026-02-26 22:30:41 [INFO]    🏆 FI | VLESS | Пинг: 4385ms | Скорость: 5.84 Mbps ⚡⚡
2026-02-26 22:30:41 [INFO]    🏆 ES | VLESS | Пинг: 4396ms | Скорость: 6.25 Mbps ⚡⚡
2026-02-26 22:30:42 [INFO]    🏆 SE | VLESS | Пинг: 4423ms | Скорость: 8.45 Mbps ⚡⚡
2026-02-26 22:30:42 [INFO]    🏆 NL | VLESS | Пинг: 4397ms | Скорость: 8.29 Mbps ⚡⚡
2026-02-26 22:30:42 [INFO]    🏆 DE | VLESS | Пинг: 4462ms | Скорость: 8.68 Mbps ⚡⚡
2026-02-26 22:30:42 [INFO]    🏆 DE | VLESS | Пинг: 4495ms | Скорость: 8.54 Mbps ⚡⚡
2026-02-26 22:30:42 [INFO]    🏆 DE | VLESS | Пинг: 4496ms | Скорость: 8.7 Mbps ⚡⚡
2026-02-26 22:30:42 [INFO]    🏆 FI | VLESS | Пинг: 4557ms | Скорость: 9.2 Mbps ⚡⚡
2026-02-26 22:30:46 [INFO] 📊 Итого в подписке сохранено иностранных серверов: 10
2026-02-26 22:30:46 [INFO] 💾 Файл успешно сохранен: FL1PVPN
