2026-02-19 08:40:06 [INFO] 🚀 START: Smart VLESS Selector (Target: 10, Strict Mode)
2026-02-19 08:40:06 [INFO] 🌐 Загрузка источников...
2026-02-19 08:40:10 [INFO] 🔍 Уникальных конфигов собрано: 913
2026-02-19 08:40:10 [INFO] ⚡ ЭТАП 1: Быстрый замер Пинга (Workers: 25)...
2026-02-19 08:40:11 [INFO]    [PING OK] DE | 329ms
2026-02-19 08:40:11 [INFO]    [PING OK] SE | 216ms
2026-02-19 08:40:11 [INFO]    [PING OK] DE | 175ms
2026-02-19 08:40:11 [INFO]    [PING OK] RU | 732ms
2026-02-19 08:40:11 [INFO]    [PING OK] US | 693ms
2026-02-19 08:40:11 [INFO]    [PING OK] CA | 792ms
2026-02-19 08:40:11 [INFO]    [PING OK] RU | 79ms
2026-02-19 08:40:12 [INFO]    [PING OK] RU | 165ms
2026-02-19 08:40:12 [INFO]    [PING OK] TR | 318ms
2026-02-19 08:40:13 [INFO]    [PING OK] RU | 144ms
2026-02-19 08:40:13 [INFO]    [PING OK] NL | 195ms
2026-02-19 08:40:14 [INFO]    [PING OK] DE | 2950ms
2026-02-19 08:40:15 [INFO]    [PING OK] US | 4482ms
2026-02-19 08:40:15 [INFO]    [PING OK] RU | 3623ms
2026-02-19 08:40:17 [INFO]    [PING OK] LT | 1676ms
2026-02-19 08:40:17 [INFO]    [PING OK] RU | 1743ms
2026-02-19 08:40:17 [INFO]    [PING OK] DE | 1974ms
2026-02-19 08:40:18 [INFO]    [PING OK] RU | 371ms
2026-02-19 08:40:18 [INFO]    [PING OK] IT | 551ms
2026-02-19 08:40:18 [INFO]    [PING OK] RU | 142ms
2026-02-19 08:40:18 [INFO]    [PING OK] TR | 187ms
2026-02-19 08:40:19 [INFO]    [PING OK] RU | 260ms
2026-02-19 08:40:20 [INFO]    [PING OK] RU | 994ms
2026-02-19 08:40:20 [INFO]    [PING OK] RU | 170ms
2026-02-19 08:40:20 [INFO]    [PING OK] GB | 210ms
2026-02-19 08:40:21 [INFO]    [PING OK] TR | 126ms
2026-02-19 08:40:22 [INFO]    [PING OK] BG | 253ms
2026-02-19 08:40:23 [INFO]    [PING OK] RU | 254ms
2026-02-19 08:40:23 [INFO]    [PING OK] RU | 316ms
2026-02-19 08:40:23 [INFO]    [PING OK] RU | 210ms
2026-02-19 08:40:23 [INFO]    [PING OK] RU | 269ms
2026-02-19 08:40:23 [INFO]    [PING OK] RU | 414ms
2026-02-19 08:40:23 [INFO]    [PING OK] US | 1822ms
2026-02-19 08:40:23 [INFO]    [PING OK] RU | 327ms
2026-02-19 08:40:23 [INFO]    [PING OK] RU | 569ms
2026-02-19 08:40:24 [INFO]    [PING OK] RU | 269ms
2026-02-19 08:40:24 [INFO]    [PING OK] RU | 250ms
2026-02-19 08:40:24 [INFO]    [PING OK] RU | 217ms
2026-02-19 08:40:24 [INFO]    [PING OK] RU | 617ms
2026-02-19 08:40:25 [INFO]    [PING OK] RU | 250ms
2026-02-19 08:40:25 [INFO]    [PING OK] RU | 450ms
2026-02-19 08:40:25 [INFO]    [PING OK] RU | 293ms
2026-02-19 08:40:25 [INFO]    [PING OK] RU | 936ms
2026-02-19 08:40:25 [INFO]    [PING OK] RU | 769ms
2026-02-19 08:40:25 [INFO]    [PING OK] RU | 228ms
2026-02-19 08:40:25 [INFO]    [PING OK] RU | 294ms
2026-02-19 08:40:25 [INFO]    [PING OK] RU | 205ms
2026-02-19 08:40:26 [INFO]    [PING OK] RU | 206ms
2026-02-19 08:40:26 [INFO]    [PING OK] RU | 375ms
2026-02-19 08:40:26 [INFO]    [PING OK] RU | 542ms
2026-02-19 08:40:26 [INFO]    [PING OK] RU | 299ms
2026-02-19 08:40:26 [INFO]    [PING OK] RU | 215ms
2026-02-19 08:40:26 [INFO]    [PING OK] RU | 241ms
2026-02-19 08:40:26 [INFO]    [PING OK] RU | 62ms
2026-02-19 08:40:26 [INFO]    [PING OK] RU | 340ms
2026-02-19 08:40:26 [INFO]    [PING OK] RU | 323ms
2026-02-19 08:40:27 [INFO]    [PING OK] RU | 307ms
2026-02-19 08:40:27 [INFO]    [PING OK] RU | 341ms
2026-02-19 08:40:27 [INFO]    [PING OK] RU | 295ms
2026-02-19 08:40:28 [INFO]    [PING OK] RU | 313ms
2026-02-19 08:40:28 [INFO]    [PING OK] RU | 599ms
2026-02-19 08:40:29 [INFO]    [PING OK] RU | 1231ms
2026-02-19 08:40:30 [INFO]    [PING OK] RU | 891ms
2026-02-19 08:40:30 [INFO]    [PING OK] DE | 711ms
2026-02-19 08:40:30 [INFO]    [PING OK] RU | 907ms
2026-02-19 08:40:31 [INFO]    [PING OK] RU | 1967ms
2026-02-19 08:40:31 [INFO]    [PING OK] RU | 975ms
2026-02-19 08:40:31 [INFO]    [PING OK] RU | 2659ms
2026-02-19 08:40:32 [INFO]    [PING OK] RU | 3015ms
2026-02-19 08:40:32 [INFO]    [PING OK] RU | 3268ms
2026-02-19 08:40:33 [INFO]    [PING OK] RU | 278ms
2026-02-19 08:40:33 [INFO]    [PING OK] RU | 1373ms
2026-02-19 08:40:33 [INFO]    [PING OK] RU | 356ms
2026-02-19 08:40:34 [INFO]    [PING OK] RU | 107ms
2026-02-19 08:40:34 [INFO]    [PING OK] RU | 4892ms
2026-02-19 08:40:35 [INFO]    [PING OK] CA | 406ms
2026-02-19 08:40:36 [INFO]    [PING OK] RU | 2744ms
2026-02-19 08:40:36 [INFO]    [PING OK] FI | 116ms
2026-02-19 08:40:36 [INFO]    [PING OK] RU | 3444ms
2026-02-19 08:40:37 [INFO]    [PING OK] DE | 266ms
2026-02-19 08:40:37 [INFO]    [PING OK] RU | 3398ms
2026-02-19 08:40:37 [INFO]    [PING OK] PL | 116ms
2026-02-19 08:40:38 [INFO]    [PING OK] AT | 237ms
2026-02-19 08:40:38 [INFO]    [PING OK] RU | 4670ms
2026-02-19 08:40:39 [INFO]    [PING OK] UZ | 307ms
2026-02-19 08:40:40 [INFO]    [PING OK] AE | 149ms
2026-02-19 08:40:44 [INFO]    [PING OK] FR | 813ms
2026-02-19 08:40:44 [INFO]    [PING OK] US | 647ms
2026-02-19 08:40:44 [INFO]    [PING OK] SE | 106ms
2026-02-19 08:40:44 [INFO]    [PING OK] MD | 141ms
2026-02-19 08:40:45 [INFO]    [PING OK] NL | 190ms
2026-02-19 08:40:46 [INFO]    [PING OK] IT | 533ms
2026-02-19 08:41:02 [INFO]    [PING OK] US | 671ms
2026-02-19 08:41:06 [INFO]    [PING OK] SG | 1459ms
2026-02-19 08:41:12 [INFO]    [PING OK] DE | 546ms
2026-02-19 08:41:12 [INFO]    [PING OK] RU | 818ms
2026-02-19 08:41:13 [INFO]    [PING OK] DE | 1117ms
2026-02-19 08:41:14 [INFO]    [PING OK] RU | 226ms
2026-02-19 08:41:16 [INFO]    [PING OK] DE | 4708ms
2026-02-19 08:41:16 [INFO]    [PING OK] RU | 4362ms
2026-02-19 08:41:17 [INFO]    [PING OK] FI | 544ms
2026-02-19 08:41:19 [INFO]    [PING OK] SE | 127ms
2026-02-19 08:41:21 [INFO]    [PING OK] RU | 3064ms
2026-02-19 08:41:21 [INFO]    [PING OK] RU | 1302ms
2026-02-19 08:41:21 [INFO]    [PING OK] SG | 641ms
2026-02-19 08:41:23 [INFO]    [PING OK] US | 566ms
2026-02-19 08:41:23 [INFO]    [PING OK] DE | 1946ms
2026-02-19 08:41:25 [INFO]    [PING OK] RU | 3302ms
2026-02-19 08:41:25 [INFO]    [PING OK] RU | 205ms
2026-02-19 08:41:26 [INFO]    [PING OK] RU | 269ms
2026-02-19 08:41:28 [INFO]    [PING OK] RU | 3147ms
2026-02-19 08:41:37 [INFO] 🏎️ ЭТАП 2: Глубокий замер скорости для ТОП-10 серверов...
2026-02-19 08:41:41 [INFO]    🏆 SE | Пинг: 106ms | Скорость: 9.55 Mbps ⚡⚡
2026-02-19 08:41:41 [INFO]    🏆 FI | Пинг: 116ms | Скорость: 9.33 Mbps ⚡⚡
2026-02-19 08:41:41 [INFO]    🏆 PL | Пинг: 116ms | Скорость: 9.48 Mbps ⚡⚡
2026-02-19 08:41:41 [INFO]    🏆 TR | Пинг: 126ms | Скорость: 0.0 Mbps 
2026-02-19 08:41:41 [INFO]    🏆 SE | Пинг: 127ms | Скорость: 0.0 Mbps 
2026-02-19 08:41:41 [INFO]    🏆 MD | Пинг: 141ms | Скорость: 9.93 Mbps ⚡⚡
2026-02-19 08:41:41 [INFO]    🏆 AE | Пинг: 149ms | Скорость: 10.1 Mbps ⚡⚡
2026-02-19 08:41:41 [INFO]    🏆 DE | Пинг: 175ms | Скорость: 9.89 Mbps ⚡⚡
2026-02-19 08:41:41 [INFO]    🏆 TR | Пинг: 187ms | Скорость: 10.43 Mbps ⚡⚡
2026-02-19 08:41:41 [INFO]    🏆 RU | Пинг: 62ms | Скорость: 9.97 Mbps ⚡⚡
2026-02-19 08:41:41 [INFO] 🇷🇺 Добавлен RU сервер: 87.242.103.184
2026-02-19 08:41:41 [INFO] 📊 Итого в подписке сохранено: 10 серверов
2026-02-19 08:41:41 [INFO] 💾 Файл успешно сохранен: FL1PVPN
