2026-02-24 00:10:06 [INFO] 🚀 START: Smart Selector (Target: 10, ONLY FOREIGN)
2026-02-24 00:10:06 [INFO] 🌐 Загрузка источников (VLESS + VMess)...
2026-02-24 00:10:07 [INFO] 🔍 Уникальных конфигов собрано: 161
2026-02-24 00:10:07 [INFO] ⚡ ЭТАП 1: Замер Пинга и Геолокации. Workers: 40...
2026-02-24 00:10:13 [INFO]    [PING OK] ES | VLESS | 4749ms
2026-02-24 00:10:13 [INFO]    [PING OK] PL | VLESS | 4703ms
2026-02-24 00:10:13 [INFO]    [PING OK] ES | VLESS | 4627ms
2026-02-24 00:10:13 [INFO]    [PING OK] IT | VLESS | 4814ms
2026-02-24 00:10:13 [INFO]    [PING OK] DE | VLESS | 4861ms
2026-02-24 00:10:13 [INFO]    [PING OK] TR | VLESS | 4869ms
2026-02-24 00:10:13 [INFO]    [PING OK] PL | VLESS | 4573ms
2026-02-24 00:10:13 [INFO]    [PING OK] DE | VLESS | 5311ms
2026-02-24 00:10:13 [INFO]    [PING OK] HU | VLESS | 4604ms
2026-02-24 00:10:13 [INFO]    [PING OK] DE | VLESS | 5266ms
2026-02-24 00:10:14 [INFO]    [PING OK] HU | VLESS | 4528ms
2026-02-24 00:10:14 [INFO]    [PING OK] PL | VLESS | 5188ms
2026-02-24 00:10:14 [INFO]    [PING OK] ES | VLESS | 4967ms
2026-02-24 00:10:14 [INFO]    [PING OK] PL | VLESS | 5350ms
2026-02-24 00:10:14 [INFO]    [PING OK] ES | VLESS | 4813ms
2026-02-24 00:10:14 [INFO]    [PING OK] HU | VLESS | 4958ms
2026-02-24 00:10:14 [INFO]    [PING OK] HU | VLESS | 4825ms
2026-02-24 00:10:15 [INFO]    [PING OK] ES | VLESS | 4867ms
2026-02-24 00:10:15 [INFO]    [PING OK] HU | VLESS | 4968ms
2026-02-24 00:10:15 [INFO]    [PING OK] FI | VLESS | 5564ms
2026-02-24 00:10:15 [INFO]    [PING OK] IT | VLESS | 5120ms
2026-02-24 00:10:15 [INFO]    [PING OK] DE | VLESS | 4725ms
2026-02-24 00:10:16 [INFO]    [PING OK] ES | VLESS | 4997ms
2026-02-24 00:10:17 [INFO]    [PING OK] TR | VLESS | 5039ms
2026-02-24 00:10:18 [INFO]    [PING OK] DE | VLESS | 5420ms
2026-02-24 00:10:19 [INFO]    [PING OK] NL | VLESS | 5424ms
2026-02-24 00:10:19 [INFO]    [PING OK] SE | VLESS | 5671ms
2026-02-24 00:10:19 [INFO]    [PING OK] DE | VLESS | 5743ms
2026-02-24 00:10:20 [INFO]    [PING OK] DE | VLESS | 5863ms
2026-02-24 00:10:20 [INFO]    [PING OK] SE | VLESS | 5796ms
2026-02-24 00:10:20 [INFO]    [PING OK] DE | VLESS | 5750ms
2026-02-24 00:10:20 [INFO]    [PING OK] SE | VLESS | 5881ms
2026-02-24 00:10:20 [INFO]    [PING OK] SE | VLESS | 5498ms
2026-02-24 00:10:20 [INFO]    [PING OK] CA | VLESS | 6376ms
2026-02-24 00:10:21 [INFO]    [PING OK] NL | VLESS | 4838ms
2026-02-24 00:10:21 [INFO]    [PING OK] DE | VLESS | 4398ms
2026-02-24 00:10:21 [INFO]    [PING OK] CA | VLESS | 5852ms
2026-02-24 00:10:21 [INFO]    [PING OK] SE | VLESS | 4066ms
2026-02-24 00:10:21 [INFO]    [PING OK] SE | VLESS | 4044ms
2026-02-24 00:10:21 [INFO]    [PING OK] SE | VLESS | 3419ms
2026-02-24 00:10:21 [INFO]    [PING OK] SE | VLESS | 2250ms
2026-02-24 00:10:21 [INFO]    [PING OK] DE | VLESS | 3015ms
2026-02-24 00:10:21 [INFO]    [PING OK] DE | VLESS | 3167ms
2026-02-24 00:10:22 [INFO]    [PING OK] DE | VLESS | 3187ms
2026-02-24 00:10:22 [INFO]    [PING OK] SE | VLESS | 1634ms
2026-02-24 00:10:22 [INFO]    [PING OK] SE | VLESS | 2119ms
2026-02-24 00:10:22 [INFO]    [PING OK] DE | VLESS | 8584ms
2026-02-24 00:10:22 [INFO]    [PING OK] CA | VLESS | 3752ms
2026-02-24 00:10:23 [INFO]    [PING OK] CA | VLESS | 3087ms
2026-02-24 00:10:24 [INFO]    [PING OK] SE | VLESS | 5695ms
2026-02-24 00:10:25 [INFO]    [PING OK] CA | VLESS | 6955ms
2026-02-24 00:10:27 [INFO]    [PING OK] CZ | VLESS | 7982ms
2026-02-24 00:10:27 [INFO] 🏎️ ЭТАП 2: Глубокий замер скорости для 40 иностранных кандидатов...
2026-02-24 00:10:32 [INFO]    🏆 DE | VLESS | Пинг: 3167ms | Скорость: 5.02 Mbps ⚡⚡
2026-02-24 00:10:32 [INFO]    🏆 HU | VLESS | Пинг: 4604ms | Скорость: 5.22 Mbps ⚡⚡
2026-02-24 00:10:32 [INFO]    🏆 PL | VLESS | Пинг: 4573ms | Скорость: 5.2 Mbps ⚡⚡
2026-02-24 00:10:32 [INFO]    🏆 HU | VLESS | Пинг: 4528ms | Скорость: 5.21 Mbps ⚡⚡
2026-02-24 00:10:32 [INFO]    🏆 CA | VLESS | Пинг: 3087ms | Скорость: 4.99 Mbps ⚡⚡
2026-02-24 00:10:32 [INFO]    🏆 CA | VLESS | Пинг: 3752ms | Скорость: 5.08 Mbps ⚡⚡
2026-02-24 00:10:32 [INFO]    🏆 DE | VLESS | Пинг: 4398ms | Скорость: 5.09 Mbps ⚡⚡
2026-02-24 00:10:32 [INFO]    🏆 SE | VLESS | Пинг: 4066ms | Скорость: 5.17 Mbps ⚡⚡
2026-02-24 00:10:32 [INFO]    🏆 DE | VLESS | Пинг: 3187ms | Скорость: 4.62 Mbps ⚡⚡
2026-02-24 00:10:35 [INFO]    🏆 HU | VLESS | Пинг: 4825ms | Скорость: 6.42 Mbps ⚡⚡
2026-02-24 00:10:35 [INFO]    🏆 PL | VLESS | Пинг: 4703ms | Скорость: 6.19 Mbps ⚡⚡
2026-02-24 00:10:36 [INFO]    🏆 ES | VLESS | Пинг: 4627ms | Скорость: 6.22 Mbps ⚡⚡
2026-02-24 00:10:36 [INFO]    🏆 ES | VLESS | Пинг: 4813ms | Скорость: 6.1 Mbps ⚡⚡
2026-02-24 00:10:36 [INFO]    🏆 ES | VLESS | Пинг: 4749ms | Скорость: 6.11 Mbps ⚡⚡
2026-02-24 00:10:36 [INFO]    🏆 IT | VLESS | Пинг: 4814ms | Скорость: 6.03 Mbps ⚡⚡
2026-02-24 00:10:36 [INFO]    🏆 TR | VLESS | Пинг: 4869ms | Скорость: 6.43 Mbps ⚡⚡
2026-02-24 00:10:36 [INFO]    🏆 ES | VLESS | Пинг: 4997ms | Скорость: 6.57 Mbps ⚡⚡
2026-02-24 00:10:36 [INFO]    🏆 ES | VLESS | Пинг: 4867ms | Скорость: 6.27 Mbps ⚡⚡
2026-02-24 00:10:36 [INFO]    🏆 HU | VLESS | Пинг: 4958ms | Скорость: 6.35 Mbps ⚡⚡
2026-02-24 00:10:36 [INFO]    🏆 HU | VLESS | Пинг: 4968ms | Скорость: 6.35 Mbps ⚡⚡
2026-02-24 00:10:36 [INFO]    🏆 NL | VLESS | Пинг: 4838ms | Скорость: 5.59 Mbps ⚡⚡
2026-02-24 00:10:36 [INFO]    🏆 ES | VLESS | Пинг: 4967ms | Скорость: 6.12 Mbps ⚡⚡
2026-02-24 00:10:39 [INFO]    🏆 TR | VLESS | Пинг: 5039ms | Скорость: 7.75 Mbps ⚡⚡
2026-02-24 00:10:39 [INFO]    🏆 DE | VLESS | Пинг: 5420ms | Скорость: 8.28 Mbps ⚡⚡
2026-02-24 00:10:39 [INFO]    🏆 FI | VLESS | Пинг: 5564ms | Скорость: 8.37 Mbps ⚡⚡
2026-02-24 00:10:39 [INFO]    🏆 IT | VLESS | Пинг: 5120ms | Скорость: 7.75 Mbps ⚡⚡
2026-02-24 00:10:39 [INFO]    🏆 PL | VLESS | Пинг: 5350ms | Скорость: 7.93 Mbps ⚡⚡
2026-02-24 00:10:39 [INFO]    🏆 DE | VLESS | Пинг: 5311ms | Скорость: 7.69 Mbps ⚡⚡
2026-02-24 00:10:39 [INFO]    🏆 SE | VLESS | Пинг: 5498ms | Скорость: 8.1 Mbps ⚡⚡
2026-02-24 00:10:39 [INFO]    🏆 PL | VLESS | Пинг: 5188ms | Скорость: 7.36 Mbps ⚡⚡
2026-02-24 00:10:42 [INFO] 📊 Итого в подписке сохранено иностранных серверов: 10
2026-02-24 00:10:42 [INFO] 💾 Файл успешно сохранен: FL1PVPN
