2026-02-22 07:50:05 [INFO] 🚀 START: Smart Selector (Target: 10, ONLY FOREIGN)
2026-02-22 07:50:05 [INFO] 🌐 Загрузка источников (VLESS + VMess)...
2026-02-22 07:50:07 [INFO] 🔍 Уникальных конфигов собрано: 260
2026-02-22 07:50:07 [INFO] ⚡ ЭТАП 1: Замер Пинга и Геолокации. Workers: 40...
2026-02-22 07:50:12 [INFO]    [PING OK] CZ | VLESS | 4799ms
2026-02-22 07:50:12 [INFO]    [PING OK] ES | VLESS | 4586ms
2026-02-22 07:50:13 [INFO]    [PING OK] DE | VLESS | 4084ms
2026-02-22 07:50:13 [INFO]    [PING OK] DE | VLESS | 5423ms
2026-02-22 07:50:14 [INFO]    [PING OK] EE | VLESS | 4065ms
2026-02-22 07:50:14 [INFO]    [PING OK] DE | VLESS | 5924ms
2026-02-22 07:50:14 [INFO]    [PING OK] DE | VLESS | 4255ms
2026-02-22 07:50:14 [INFO]    [PING OK] IT | VLESS | 4116ms
2026-02-22 07:50:15 [INFO]    [PING OK] DE | VLESS | 6791ms
2026-02-22 07:50:15 [INFO]    [PING OK] NL | VLESS | 3339ms
2026-02-22 07:50:16 [INFO]    [PING OK] PL | VLESS | 3257ms
2026-02-22 07:50:16 [INFO]    [PING OK] DE | VLESS | 3369ms
2026-02-22 07:50:16 [INFO]    [PING OK] NL | VLESS | 8751ms
2026-02-22 07:50:17 [INFO]    [PING OK] PL | VLESS | 3130ms
2026-02-22 07:50:17 [INFO]    [PING OK] PL | VLESS | 3448ms
2026-02-22 07:50:17 [INFO]    [PING OK] IT | VLESS | 3544ms
2026-02-22 07:50:17 [INFO]    [PING OK] HU | VLESS | 3412ms
2026-02-22 07:50:17 [INFO]    [PING OK] DE | VLESS | 9297ms
2026-02-22 07:50:17 [INFO]    [PING OK] IT | VLESS | 3532ms
2026-02-22 07:50:17 [INFO]    [PING OK] TR | VLESS | 3444ms
2026-02-22 07:50:17 [INFO]    [PING OK] IT | VLESS | 3938ms
2026-02-22 07:50:18 [INFO]    [PING OK] TR | VLESS | 3512ms
2026-02-22 07:50:18 [INFO]    [PING OK] HU | VLESS | 3503ms
2026-02-22 07:50:18 [INFO]    [PING OK] ES | VLESS | 3780ms
2026-02-22 07:50:19 [INFO]    [PING OK] ES | VLESS | 3682ms
2026-02-22 07:50:19 [INFO]    [PING OK] ES | VLESS | 3748ms
2026-02-22 07:50:19 [INFO]    [PING OK] TR | VLESS | 3625ms
2026-02-22 07:50:19 [INFO]    [PING OK] HU | VLESS | 3664ms
2026-02-22 07:50:20 [INFO]    [PING OK] DE | VLESS | 5910ms
2026-02-22 07:50:20 [INFO]    [PING OK] PL | VLESS | 4289ms
2026-02-22 07:50:20 [INFO]    [PING OK] US | VLESS | 3806ms
2026-02-22 07:50:21 [INFO]    [PING OK] PL | VLESS | 4306ms
2026-02-22 07:50:22 [INFO]    [PING OK] TR | VLESS | 4348ms
2026-02-22 07:50:22 [INFO]    [PING OK] PL | VLESS | 4668ms
2026-02-22 07:50:22 [INFO]    [PING OK] IT | VLESS | 4673ms
2026-02-22 07:50:22 [INFO]    [PING OK] HU | VLESS | 4468ms
2026-02-22 07:50:23 [INFO]    [PING OK] ES | VLESS | 4981ms
2026-02-22 07:50:23 [INFO]    [PING OK] NL | VLESS | 4799ms
2026-02-22 07:50:23 [INFO]    [PING OK] PL | VLESS | 4961ms
2026-02-22 07:50:23 [INFO]    [PING OK] TR | VLESS | 5128ms
2026-02-22 07:50:23 [INFO]    [PING OK] NL | VLESS | 4876ms
2026-02-22 07:50:23 [INFO]    [PING OK] HU | VLESS | 4836ms
2026-02-22 07:50:23 [INFO]    [PING OK] HU | VLESS | 5131ms
2026-02-22 07:50:23 [INFO]    [PING OK] PL | VLESS | 5135ms
2026-02-22 07:50:23 [INFO]    [PING OK] DE | VLESS | 4969ms
2026-02-22 07:50:24 [INFO]    [PING OK] NL | VLESS | 5079ms
2026-02-22 07:50:24 [INFO]    [PING OK] PL | VLESS | 6733ms
2026-02-22 07:50:24 [INFO]    [PING OK] ES | VLESS | 4782ms
2026-02-22 07:50:24 [INFO]    [PING OK] ES | VLESS | 4812ms
2026-02-22 07:50:24 [INFO]    [PING OK] PL | VLESS | 5280ms
2026-02-22 07:50:25 [INFO]    [PING OK] PL | VLESS | 5272ms
2026-02-22 07:50:25 [INFO]    [PING OK] HU | VLESS | 5439ms
2026-02-22 07:50:25 [INFO]    [PING OK] PL | VLESS | 5749ms
2026-02-22 07:50:25 [INFO]    [PING OK] FR | VLESS | 4950ms
2026-02-22 07:50:26 [INFO]    [PING OK] CA | VLESS | 6457ms
2026-02-22 07:50:26 [INFO]    [PING OK] CA | VLESS | 5760ms
2026-02-22 07:50:29 [INFO]    [PING OK] US | VLESS | 5031ms
2026-02-22 07:50:31 [INFO]    [PING OK] US | VLESS | 4943ms
2026-02-22 07:50:32 [INFO]    [PING OK] DE | VLESS | 3523ms
2026-02-22 07:50:34 [INFO]    [PING OK] CA | VLESS | 5816ms
2026-02-22 07:50:38 [INFO]    [PING OK] CA | VLESS | 6269ms
2026-02-22 07:50:39 [INFO] 🏎️ ЭТАП 2: Глубокий замер скорости для 40 иностранных кандидатов...
2026-02-22 07:50:42 [INFO]    🏆 NL | VLESS | Пинг: 3339ms | Скорость: 7.17 Mbps ⚡⚡
2026-02-22 07:50:42 [INFO]    🏆 PL | VLESS | Пинг: 3257ms | Скорость: 6.83 Mbps ⚡⚡
2026-02-22 07:50:42 [INFO]    🏆 DE | VLESS | Пинг: 3369ms | Скорость: 6.87 Mbps ⚡⚡
2026-02-22 07:50:42 [INFO]    🏆 PL | VLESS | Пинг: 3448ms | Скорость: 7.09 Mbps ⚡⚡
2026-02-22 07:50:42 [INFO]    🏆 HU | VLESS | Пинг: 3412ms | Скорость: 6.63 Mbps ⚡⚡
2026-02-22 07:50:43 [INFO]    🏆 TR | VLESS | Пинг: 3625ms | Скорость: 6.76 Mbps ⚡⚡
2026-02-22 07:50:43 [INFO]    🏆 TR | VLESS | Пинг: 3512ms | Скорость: 6.59 Mbps ⚡⚡
2026-02-22 07:50:43 [INFO]    🏆 HU | VLESS | Пинг: 3664ms | Скорость: 6.55 Mbps ⚡⚡
2026-02-22 07:50:43 [INFO]    🏆 TR | VLESS | Пинг: 3444ms | Скорость: 6.26 Mbps ⚡⚡
2026-02-22 07:50:43 [INFO]    🏆 ES | VLESS | Пинг: 3682ms | Скорость: 6.64 Mbps ⚡⚡
2026-02-22 07:50:45 [INFO]    🏆 ES | VLESS | Пинг: 3780ms | Скорость: 11.98 Mbps ⚡⚡
2026-02-22 07:50:45 [INFO]    🏆 ES | VLESS | Пинг: 3748ms | Скорость: 10.77 Mbps ⚡⚡
2026-02-22 07:50:45 [INFO]    🏆 PL | VLESS | Пинг: 4306ms | Скорость: 10.56 Mbps ⚡⚡
2026-02-22 07:50:45 [INFO]    🏆 DE | VLESS | Пинг: 3523ms | Скорость: 3.38 Mbps ⚡⚡
2026-02-22 07:50:46 [INFO]    🏆 IT | VLESS | Пинг: 3532ms | Скорость: 1.22 Mbps 
2026-02-22 07:50:46 [INFO]    🏆 HU | VLESS | Пинг: 3503ms | Скорость: 2.93 Mbps ⚡
2026-02-22 07:50:48 [INFO]    🏆 HU | VLESS | Пинг: 4468ms | Скорость: 8.86 Mbps ⚡⚡
2026-02-22 07:50:48 [INFO]    🏆 PL | VLESS | Пинг: 4668ms | Скорость: 11.36 Mbps ⚡⚡
2026-02-22 07:50:48 [INFO]    🏆 ES | VLESS | Пинг: 4586ms | Скорость: 8.79 Mbps ⚡⚡
2026-02-22 07:50:49 [INFO]    🏆 NL | VLESS | Пинг: 4799ms | Скорость: 8.01 Mbps ⚡⚡
2026-02-22 07:50:49 [INFO]    🏆 NL | VLESS | Пинг: 4876ms | Скорость: 9.52 Mbps ⚡⚡
2026-02-22 07:50:49 [INFO]    🏆 ES | VLESS | Пинг: 4782ms | Скорость: 6.77 Mbps ⚡⚡
2026-02-22 07:50:49 [INFO]    🏆 DE | VLESS | Пинг: 4255ms | Скорость: 2.97 Mbps ⚡
2026-02-22 07:50:49 [INFO]    🏆 HU | VLESS | Пинг: 4836ms | Скорость: 8.1 Mbps ⚡⚡
2026-02-22 07:50:49 [INFO]    🏆 ES | VLESS | Пинг: 4812ms | Скорость: 6.94 Mbps ⚡⚡
2026-02-22 07:50:50 [INFO]    🏆 PL | VLESS | Пинг: 4961ms | Скорость: 12.16 Mbps ⚡⚡
2026-02-22 07:50:51 [INFO]    🏆 DE | VLESS | Пинг: 4969ms | Скорость: 9.04 Mbps ⚡⚡
2026-02-22 07:50:52 [INFO]    🏆 IT | VLESS | Пинг: 4673ms | Скорость: 0.96 Mbps 
2026-02-22 07:50:52 [INFO]    🏆 CZ | VLESS | Пинг: 4799ms | Скорость: 1.74 Mbps ⚡
2026-02-22 07:50:53 [INFO]    🏆 US | VLESS | Пинг: 4943ms | Скорость: 3.0 Mbps ⚡⚡
2026-02-22 07:50:54 [INFO]    🏆 FR | VLESS | Пинг: 4950ms | Скорость: 3.49 Mbps ⚡⚡
2026-02-22 07:50:54 [INFO] 📊 Итого в подписке сохранено иностранных серверов: 10
2026-02-22 07:50:54 [INFO] 💾 Файл успешно сохранен: FL1PVPN
