2026-02-17 12:00:06 [INFO] 🚀 START: Smart VLESS Selector (Target: 10, Strict Mode)
2026-02-17 12:00:06 [INFO] 🌐 Загрузка источников...
2026-02-17 12:00:09 [INFO] 🔍 Уникальных конфигов собрано: 571
2026-02-17 12:00:09 [INFO] ⚡ ЭТАП 1: Быстрый замер Пинга (Workers: 25)...
2026-02-17 12:00:10 [INFO]    [PING OK] NL | 221ms
2026-02-17 12:00:10 [INFO]    [PING OK] US | 900ms
2026-02-17 12:00:14 [INFO]    [PING OK] DE | 661ms
2026-02-17 12:00:19 [INFO]    [PING OK] US | 694ms
2026-02-17 12:00:19 [INFO]    [PING OK] DE | 163ms
2026-02-17 12:00:21 [INFO]    [PING OK] DE | 182ms
2026-02-17 12:00:22 [INFO]    [PING OK] DE | 194ms
2026-02-17 12:00:23 [INFO]    [PING OK] RU | 221ms
2026-02-17 12:00:23 [INFO]    [PING OK] RU | 204ms
2026-02-17 12:00:24 [INFO]    [PING OK] RU | 344ms
2026-02-17 12:00:24 [INFO]    [PING OK] RU | 316ms
2026-02-17 12:00:24 [INFO]    [PING OK] RU | 388ms
2026-02-17 12:00:24 [INFO]    [PING OK] RU | 231ms
2026-02-17 12:00:24 [INFO]    [PING OK] RU | 263ms
2026-02-17 12:00:24 [INFO]    [PING OK] RU | 307ms
2026-02-17 12:00:24 [INFO]    [PING OK] RU | 291ms
2026-02-17 12:00:25 [INFO]    [PING OK] RU | 512ms
2026-02-17 12:00:25 [INFO]    [PING OK] PL | 172ms
2026-02-17 12:00:25 [INFO]    [PING OK] RU | 505ms
2026-02-17 12:00:25 [INFO]    [PING OK] RU | 380ms
2026-02-17 12:00:25 [INFO]    [PING OK] RU | 252ms
2026-02-17 12:00:25 [INFO]    [PING OK] DE | 2635ms
2026-02-17 12:00:25 [INFO]    [PING OK] RU | 322ms
2026-02-17 12:00:26 [INFO]    [PING OK] RU | 608ms
2026-02-17 12:00:26 [INFO]    [PING OK] RU | 211ms
2026-02-17 12:00:26 [INFO]    [PING OK] RU | 847ms
2026-02-17 12:00:26 [INFO]    [PING OK] RU | 323ms
2026-02-17 12:00:26 [INFO]    [PING OK] RU | 283ms
2026-02-17 12:00:26 [INFO]    [PING OK] RU | 214ms
2026-02-17 12:00:26 [INFO]    [PING OK] RU | 604ms
2026-02-17 12:00:26 [INFO]    [PING OK] RU | 1332ms
2026-02-17 12:00:27 [INFO]    [PING OK] RU | 262ms
2026-02-17 12:00:27 [INFO]    [PING OK] RU | 998ms
2026-02-17 12:00:27 [INFO]    [PING OK] RU | 334ms
2026-02-17 12:00:27 [INFO]    [PING OK] RU | 263ms
2026-02-17 12:00:27 [INFO]    [PING OK] RU | 69ms
2026-02-17 12:00:27 [INFO]    [PING OK] RU | 292ms
2026-02-17 12:00:27 [INFO]    [PING OK] RU | 1053ms
2026-02-17 12:00:28 [INFO]    [PING OK] RU | 4201ms
2026-02-17 12:00:28 [INFO]    [PING OK] RU | 243ms
2026-02-17 12:00:28 [INFO]    [PING OK] RU | 383ms
2026-02-17 12:00:28 [INFO]    [PING OK] RU | 100ms
2026-02-17 12:00:28 [INFO]    [PING OK] RU | 323ms
2026-02-17 12:00:28 [INFO]    [PING OK] RU | 433ms
2026-02-17 12:00:28 [INFO]    [PING OK] RU | 327ms
2026-02-17 12:00:28 [INFO]    [PING OK] RU | 303ms
2026-02-17 12:00:28 [INFO]    [PING OK] RU | 121ms
2026-02-17 12:00:29 [INFO]    [PING OK] RU | 3169ms
2026-02-17 12:00:29 [INFO]    [PING OK] RU | 272ms
2026-02-17 12:00:29 [INFO]    [PING OK] RU | 247ms
2026-02-17 12:00:29 [INFO]    [PING OK] RU | 211ms
2026-02-17 12:00:29 [INFO]    [PING OK] RU | 600ms
2026-02-17 12:00:29 [INFO]    [PING OK] RU | 310ms
2026-02-17 12:00:29 [INFO]    [PING OK] RU | 330ms
2026-02-17 12:00:29 [INFO]    [PING OK] RU | 2165ms
2026-02-17 12:00:29 [INFO]    [PING OK] RU | 286ms
2026-02-17 12:00:29 [INFO]    [PING OK] RU | 411ms
2026-02-17 12:00:30 [INFO]    [PING OK] RU | 637ms
2026-02-17 12:00:30 [INFO]    [PING OK] RU | 323ms
2026-02-17 12:00:30 [INFO]    [PING OK] RU | 3404ms
2026-02-17 12:00:30 [INFO]    [PING OK] RU | 1708ms
2026-02-17 12:00:30 [INFO]    [PING OK] RU | 160ms
2026-02-17 12:00:30 [INFO]    [PING OK] RU | 223ms
2026-02-17 12:00:30 [INFO]    [PING OK] RU | 301ms
2026-02-17 12:00:30 [INFO]    [PING OK] RU | 786ms
2026-02-17 12:00:30 [INFO]    [PING OK] RU | 410ms
2026-02-17 12:00:31 [INFO]    [PING OK] RU | 330ms
2026-02-17 12:00:31 [INFO]    [PING OK] RU | 199ms
2026-02-17 12:00:31 [INFO]    [PING OK] RU | 1322ms
2026-02-17 12:00:31 [INFO]    [PING OK] RU | 2204ms
2026-02-17 12:00:31 [INFO]    [PING OK] FI | 217ms
2026-02-17 12:00:31 [INFO]    [PING OK] CY | 192ms
2026-02-17 12:00:31 [INFO]    [PING OK] RU | 4835ms
2026-02-17 12:00:31 [INFO]    [PING OK] RU | 1373ms
2026-02-17 12:00:32 [INFO]    [PING OK] RU | 1557ms
2026-02-17 12:00:32 [INFO]    [PING OK] RU | 1206ms
2026-02-17 12:00:32 [INFO]    [PING OK] RU | 1179ms
2026-02-17 12:00:32 [INFO]    [PING OK] RU | 2307ms
2026-02-17 12:00:32 [INFO]    [PING OK] RU | 1150ms
2026-02-17 12:00:32 [INFO]    [PING OK] RU | 4815ms
2026-02-17 12:00:33 [INFO]    [PING OK] RU | 2319ms
2026-02-17 12:00:36 [INFO]    [PING OK] US | 447ms
2026-02-17 12:00:37 [INFO]    [PING OK] NL | 269ms
2026-02-17 12:00:37 [INFO]    [PING OK] RU | 108ms
2026-02-17 12:00:39 [INFO]    [PING OK] DE | 414ms
2026-02-17 12:00:42 [INFO]    [PING OK] DE | 887ms
2026-02-17 12:00:44 [INFO]    [PING OK] AT | 265ms
2026-02-17 12:00:47 [INFO]    [PING OK] NL | 2486ms
2026-02-17 12:00:48 [INFO]    [PING OK] LT | 179ms
2026-02-17 12:00:55 [INFO]    [PING OK] LT | 156ms
2026-02-17 12:00:55 [INFO]    [PING OK] NL | 496ms
2026-02-17 12:00:57 [INFO]    [PING OK] RU | 124ms
2026-02-17 12:00:59 [INFO]    [PING OK] FI | 1255ms
2026-02-17 12:01:06 [INFO]    [PING OK] PL | 84ms
2026-02-17 12:01:13 [INFO]    [PING OK] AE | 138ms
2026-02-17 12:01:16 [INFO]    [PING OK] RU | 156ms
2026-02-17 12:01:20 [INFO]    [PING OK] LT | 679ms
2026-02-17 12:01:26 [INFO]    [PING OK] DE | 166ms
2026-02-17 12:01:26 [INFO]    [PING OK] NL | 3847ms
2026-02-17 12:01:27 [INFO]    [PING OK] TR | 292ms
2026-02-17 12:01:28 [INFO]    [PING OK] LT | 609ms
2026-02-17 12:01:28 [INFO]    [PING OK] EE | 950ms
2026-02-17 12:01:30 [INFO]    [PING OK] EE | 268ms
2026-02-17 12:01:30 [INFO]    [PING OK] US | 492ms
2026-02-17 12:01:31 [INFO]    [PING OK] LV | 460ms
2026-02-17 12:01:31 [INFO]    [PING OK] MD | 187ms
2026-02-17 12:01:32 [INFO]    [PING OK] LV | 998ms
2026-02-17 12:01:36 [INFO] 🏎️ ЭТАП 2: Глубокий замер скорости для ТОП-10 серверов...
2026-02-17 12:01:42 [INFO]    🏆 PL | Пинг: 84ms | Скорость: 7.91 Mbps ⚡⚡
2026-02-17 12:01:42 [INFO]    🏆 AE | Пинг: 138ms | Скорость: 8.0 Mbps ⚡⚡
2026-02-17 12:01:42 [INFO]    🏆 LT | Пинг: 156ms | Скорость: 8.08 Mbps ⚡⚡
2026-02-17 12:01:42 [INFO]    🏆 DE | Пинг: 163ms | Скорость: 8.09 Mbps ⚡⚡
2026-02-17 12:01:42 [INFO]    🏆 DE | Пинг: 166ms | Скорость: 8.15 Mbps ⚡⚡
2026-02-17 12:01:42 [INFO]    🏆 PL | Пинг: 172ms | Скорость: 8.08 Mbps ⚡⚡
2026-02-17 12:01:42 [INFO]    🏆 LT | Пинг: 179ms | Скорость: 8.05 Mbps ⚡⚡
2026-02-17 12:01:42 [INFO]    🏆 DE | Пинг: 182ms | Скорость: 8.31 Mbps ⚡⚡
2026-02-17 12:01:42 [INFO]    🏆 MD | Пинг: 187ms | Скорость: 8.35 Mbps ⚡⚡
2026-02-17 12:01:42 [INFO]    🏆 RU | Пинг: 69ms | Скорость: 3.49 Mbps ⚡⚡
2026-02-17 12:01:42 [INFO] 🇷🇺 Добавлен RU сервер: 51.250.12.100
2026-02-17 12:01:42 [INFO] 📊 Итого в подписке сохранено: 10 серверов
2026-02-17 12:01:42 [INFO] 💾 Файл успешно сохранен: FL1PVPN
