2026-02-17 05:30:05 [INFO] 🚀 START: Smart VLESS Selector (Target: 10, Strict Mode)
2026-02-17 05:30:05 [INFO] 🌐 Загрузка источников...
2026-02-17 05:30:08 [INFO] 🔍 Уникальных конфигов собрано: 639
2026-02-17 05:30:08 [INFO] ⚡ ЭТАП 1: Быстрый замер Пинга (Workers: 25)...
2026-02-17 05:30:10 [INFO]    [PING OK] RU | 178ms
2026-02-17 05:30:10 [INFO]    [PING OK] DE | 140ms
2026-02-17 05:30:11 [INFO]    [PING OK] DE | 431ms
2026-02-17 05:30:11 [INFO]    [PING OK] DE | 154ms
2026-02-17 05:30:13 [INFO]    [PING OK] DE | 424ms
2026-02-17 05:30:14 [INFO]    [PING OK] DE | 156ms
2026-02-17 05:30:15 [INFO]    [PING OK] FR | 216ms
2026-02-17 05:30:16 [INFO]    [PING OK] NL | 221ms
2026-02-17 05:30:16 [INFO]    [PING OK] DE | 153ms
2026-02-17 05:30:16 [INFO]    [PING OK] US | 989ms
2026-02-17 05:30:20 [INFO]    [PING OK] DE | 170ms
2026-02-17 05:30:21 [INFO]    [PING OK] HU | 377ms
2026-02-17 05:30:21 [INFO]    [PING OK] PL | 150ms
2026-02-17 05:30:21 [INFO]    [PING OK] FI | 197ms
2026-02-17 05:30:22 [INFO]    [PING OK] RU | 198ms
2026-02-17 05:30:22 [INFO]    [PING OK] RU | 321ms
2026-02-17 05:30:22 [INFO]    [PING OK] RU | 967ms
2026-02-17 05:30:22 [INFO]    [PING OK] RU | 213ms
2026-02-17 05:30:23 [INFO]    [PING OK] RU | 178ms
2026-02-17 05:30:23 [INFO]    [PING OK] RU | 58ms
2026-02-17 05:30:23 [INFO]    [PING OK] RU | 274ms
2026-02-17 05:30:23 [INFO]    [PING OK] RU | 993ms
2026-02-17 05:30:23 [INFO]    [PING OK] RU | 63ms
2026-02-17 05:30:24 [INFO]    [PING OK] RU | 334ms
2026-02-17 05:30:24 [INFO]    [PING OK] RU | 323ms
2026-02-17 05:30:24 [INFO]    [PING OK] RU | 670ms
2026-02-17 05:30:24 [INFO]    [PING OK] RU | 279ms
2026-02-17 05:30:24 [INFO]    [PING OK] RU | 810ms
2026-02-17 05:30:25 [INFO]    [PING OK] RU | 83ms
2026-02-17 05:30:25 [INFO]    [PING OK] RU | 232ms
2026-02-17 05:30:25 [INFO]    [PING OK] RU | 247ms
2026-02-17 05:30:25 [INFO]    [PING OK] RU | 273ms
2026-02-17 05:30:25 [INFO]    [PING OK] US | 188ms
2026-02-17 05:30:26 [INFO]    [PING OK] RU | 1814ms
2026-02-17 05:30:26 [INFO]    [PING OK] FI | 132ms
2026-02-17 05:30:26 [INFO]    [PING OK] RU | 4087ms
2026-02-17 05:30:26 [INFO]    [PING OK] RU | 230ms
2026-02-17 05:30:26 [INFO]    [PING OK] RU | 206ms
2026-02-17 05:30:26 [INFO]    [PING OK] DE | 170ms
2026-02-17 05:30:26 [INFO]    [PING OK] RU | 337ms
2026-02-17 05:30:27 [INFO]    [PING OK] RU | 289ms
2026-02-17 05:30:27 [INFO]    [PING OK] FI | 164ms
2026-02-17 05:30:27 [INFO]    [PING OK] RU | 87ms
2026-02-17 05:30:27 [INFO]    [PING OK] RU | 4112ms
2026-02-17 05:30:28 [INFO]    [PING OK] RU | 213ms
2026-02-17 05:30:28 [INFO]    [PING OK] HU | 3468ms
2026-02-17 05:30:28 [INFO]    [PING OK] RU | 508ms
2026-02-17 05:30:28 [INFO]    [PING OK] RU | 310ms
2026-02-17 05:30:28 [INFO]    [PING OK] RU | 230ms
2026-02-17 05:30:28 [INFO]    [PING OK] RU | 901ms
2026-02-17 05:30:29 [INFO]    [PING OK] RU | 1677ms
2026-02-17 05:30:29 [INFO]    [PING OK] RU | 809ms
2026-02-17 05:30:29 [INFO]    [PING OK] RU | 3282ms
2026-02-17 05:30:29 [INFO]    [PING OK] NL | 170ms
2026-02-17 05:30:29 [INFO]    [PING OK] RU | 145ms
2026-02-17 05:30:29 [INFO]    [PING OK] PL | 183ms
2026-02-17 05:30:29 [INFO]    [PING OK] RU | 235ms
2026-02-17 05:30:30 [INFO]    [PING OK] NL | 3790ms
2026-02-17 05:30:30 [INFO]    [PING OK] RU | 340ms
2026-02-17 05:30:30 [INFO]    [PING OK] RU | 302ms
2026-02-17 05:30:30 [INFO]    [PING OK] RU | 224ms
2026-02-17 05:30:30 [INFO]    [PING OK] RU | 4170ms
2026-02-17 05:30:30 [INFO]    [PING OK] FI | 148ms
2026-02-17 05:30:30 [INFO]    [PING OK] RU | 331ms
2026-02-17 05:30:30 [INFO]    [PING OK] RU | 2461ms
2026-02-17 05:30:31 [INFO]    [PING OK] GB | 4560ms
2026-02-17 05:30:31 [INFO]    [PING OK] NL | 210ms
2026-02-17 05:30:31 [INFO]    [PING OK] RU | 257ms
2026-02-17 05:30:31 [INFO]    [PING OK] RU | 102ms
2026-02-17 05:30:31 [INFO]    [PING OK] DE | 1061ms
2026-02-17 05:30:31 [INFO]    [PING OK] RU | 322ms
2026-02-17 05:30:31 [INFO]    [PING OK] RU | 214ms
2026-02-17 05:30:31 [INFO]    [PING OK] GB | 301ms
2026-02-17 05:30:32 [INFO]    [PING OK] RU | 254ms
2026-02-17 05:30:32 [INFO]    [PING OK] RU | 224ms
2026-02-17 05:30:32 [INFO]    [PING OK] DE | 159ms
2026-02-17 05:30:32 [INFO]    [PING OK] RU | 337ms
2026-02-17 05:30:32 [INFO]    [PING OK] RU | 314ms
2026-02-17 05:30:32 [INFO]    [PING OK] RU | 228ms
2026-02-17 05:30:32 [INFO]    [PING OK] RU | 295ms
2026-02-17 05:30:32 [INFO]    [PING OK] RU | 263ms
2026-02-17 05:30:32 [INFO]    [PING OK] RU | 244ms
2026-02-17 05:30:32 [INFO]    [PING OK] RU | 182ms
2026-02-17 05:30:33 [INFO]    [PING OK] RU | 310ms
2026-02-17 05:30:33 [INFO]    [PING OK] RU | 1743ms
2026-02-17 05:30:33 [INFO]    [PING OK] RU | 1428ms
2026-02-17 05:30:34 [INFO]    [PING OK] RU | 1348ms
2026-02-17 05:30:34 [INFO]    [PING OK] US | 1400ms
2026-02-17 05:30:34 [INFO]    [PING OK] RU | 2720ms
2026-02-17 05:30:36 [INFO]    [PING OK] DE | 155ms
2026-02-17 05:30:37 [INFO]    [PING OK] FI | 342ms
2026-02-17 05:30:40 [INFO]    [PING OK] FR | 196ms
2026-02-17 05:30:41 [INFO]    [PING OK] PL | 440ms
2026-02-17 05:30:42 [INFO]    [PING OK] NL | 394ms
2026-02-17 05:30:49 [INFO]    [PING OK] NL | 387ms
2026-02-17 05:30:50 [INFO]    [PING OK] NL | 155ms
2026-02-17 05:30:52 [INFO]    [PING OK] US | 517ms
2026-02-17 05:30:53 [INFO]    [PING OK] AT | 211ms
2026-02-17 05:30:54 [INFO]    [PING OK] LT | 826ms
2026-02-17 05:30:54 [INFO]    [PING OK] NL | 201ms
2026-02-17 05:30:56 [INFO]    [PING OK] US | 546ms
2026-02-17 05:31:00 [INFO]    [PING OK] LT | 1122ms
2026-02-17 05:31:00 [INFO]    [PING OK] CY | 191ms
2026-02-17 05:31:12 [INFO]    [PING OK] FR | 222ms
2026-02-17 05:31:13 [INFO]    [PING OK] TR | 253ms
2026-02-17 05:31:18 [INFO]    [PING OK] FR | 704ms
2026-02-17 05:31:19 [INFO]    [PING OK] PL | 472ms
2026-02-17 05:31:19 [INFO]    [PING OK] LT | 134ms
2026-02-17 05:31:22 [INFO]    [PING OK] NL | 287ms
2026-02-17 05:31:23 [INFO]    [PING OK] US | 718ms
2026-02-17 05:31:25 [INFO]    [PING OK] US | 609ms
2026-02-17 05:31:25 [INFO]    [PING OK] EE | 261ms
2026-02-17 05:31:25 [INFO]    [PING OK] GR | 177ms
2026-02-17 05:31:26 [INFO]    [PING OK] PL | 274ms
2026-02-17 05:31:26 [INFO]    [PING OK] DE | 163ms
2026-02-17 05:31:29 [INFO]    [PING OK] DE | 161ms
2026-02-17 05:31:31 [INFO]    [PING OK] DE | 484ms
2026-02-17 05:31:32 [INFO]    [PING OK] MD | 155ms
2026-02-17 05:31:33 [INFO]    [PING OK] LV | 432ms
2026-02-17 05:31:33 [INFO]    [PING OK] LV | 202ms
2026-02-17 05:31:37 [INFO] 🏎️ ЭТАП 2: Глубокий замер скорости для ТОП-10 серверов...
2026-02-17 05:31:41 [INFO]    🏆 FI | Пинг: 132ms | Скорость: 9.33 Mbps ⚡⚡
2026-02-17 05:31:41 [INFO]    🏆 LT | Пинг: 134ms | Скорость: 9.52 Mbps ⚡⚡
2026-02-17 05:31:41 [INFO]    🏆 DE | Пинг: 140ms | Скорость: 9.35 Mbps ⚡⚡
2026-02-17 05:31:41 [INFO]    🏆 FI | Пинг: 148ms | Скорость: 9.44 Mbps ⚡⚡
2026-02-17 05:31:41 [INFO]    🏆 PL | Пинг: 150ms | Скорость: 9.64 Mbps ⚡⚡
2026-02-17 05:31:41 [INFO]    🏆 DE | Пинг: 153ms | Скорость: 0.0 Mbps 
2026-02-17 05:31:41 [INFO]    🏆 DE | Пинг: 154ms | Скорость: 9.77 Mbps ⚡⚡
2026-02-17 05:31:41 [INFO]    🏆 DE | Пинг: 155ms | Скорость: 10.04 Mbps ⚡⚡
2026-02-17 05:31:41 [INFO]    🏆 NL | Пинг: 155ms | Скорость: 9.97 Mbps ⚡⚡
2026-02-17 05:31:41 [INFO]    🏆 RU | Пинг: 58ms | Скорость: 0.0 Mbps 
2026-02-17 05:31:41 [INFO] 🇷🇺 Добавлен RU сервер: 95.163.211.158
2026-02-17 05:31:41 [INFO] 📊 Итого в подписке сохранено: 10 серверов
2026-02-17 05:31:41 [INFO] 💾 Файл успешно сохранен: FL1PVPN
