2026-02-18 16:40:05 [INFO] 🚀 START: Smart Selector (STRICT: ONLY VLESS+REALITY, ANY SNI, Target: 10)
2026-02-18 16:40:05 [INFO] 🌐 Загрузка источников (отбор только VLESS+Reality)...
2026-02-18 16:40:06 [INFO] 🔍 Найдено серверов VLESS+Reality: 18
2026-02-18 16:40:06 [INFO] ⚡ ЭТАП 1: Быстрый замер Пинга (Workers: 40)...
2026-02-18 16:40:07 [INFO]    [PING OK] RU | VLESS-REALITY | SNI: m.ok.com | 128ms | Src: clck.ru
2026-02-18 16:40:07 [INFO]    [PING OK] RU | VLESS-REALITY | SNI: eh.vk.com | 154ms | Src: clck.ru
2026-02-18 16:40:07 [INFO]    [PING OK] RU | VLESS-REALITY | SNI: bunny.net | 105ms | Src: clck.ru
2026-02-18 16:40:07 [INFO]    [PING OK] RU | VLESS-REALITY | SNI: yandex.ru | 274ms | Src: clck.ru
2026-02-18 16:40:08 [INFO]    [PING OK] RU | VLESS-REALITY | SNI: yandex.ru | 294ms | Src: clck.ru
2026-02-18 16:40:08 [INFO]    [PING OK] RU | VLESS-REALITY | SNI: yandex.ru | 290ms | Src: clck.ru
2026-02-18 16:40:08 [INFO]    [PING OK] RU | VLESS-REALITY | SNI: yandex.ru | 630ms | Src: clck.ru
2026-02-18 16:40:08 [INFO]    [PING OK] RU | VLESS-REALITY | SNI: yandex.ru | 718ms | Src: clck.ru
2026-02-18 16:40:08 [INFO]    [PING OK] RU | VLESS-REALITY | SNI: yandex.ru | 948ms | Src: clck.ru
2026-02-18 16:40:08 [INFO]    [PING OK] RU | VLESS-REALITY | SNI: api-maps.yandex.ru | 1314ms | Src: clck.ru
2026-02-18 16:40:09 [INFO]    [PING OK] RU | VLESS-REALITY | SNI: api-maps.yandex.ru | 1313ms | Src: clck.ru
2026-02-18 16:40:09 [INFO]    [PING OK] RU | VLESS-REALITY | SNI: ads.x5.ru | 1401ms | Src: clck.ru
2026-02-18 16:40:09 [INFO]    [PING OK] RU | VLESS-REALITY | SNI: yandex.ru | 1151ms | Src: clck.ru
2026-02-18 16:40:10 [INFO]    [PING OK] RU | VLESS-REALITY | SNI: api-maps.yandex.ru | 2372ms | Src: clck.ru
2026-02-18 16:40:10 [INFO]    [PING OK] RU | VLESS-REALITY | SNI: ads.x5.ru | 3301ms | Src: clck.ru
2026-02-18 16:40:12 [INFO] 🏎️ ЭТАП 2: Глубокий замер скорости для 5 кандидатов...
2026-02-18 16:40:14 [INFO]    🏆 RU | VLESS-REALITY | Пинг: 154ms | Скор: 18.09 Mbps ⚡⚡ | Src: clck.ru
2026-02-18 16:40:14 [INFO]    🏆 RU | VLESS-REALITY | Пинг: 128ms | Скор: 17.73 Mbps ⚡⚡ | Src: clck.ru
2026-02-18 16:40:14 [INFO]    🏆 RU | VLESS-REALITY | Пинг: 105ms | Скор: 17.49 Mbps ⚡⚡ | Src: clck.ru
2026-02-18 16:40:14 [INFO]    🏆 RU | VLESS-REALITY | Пинг: 274ms | Скор: 13.46 Mbps ⚡⚡ | Src: clck.ru
2026-02-18 16:40:15 [INFO]    🏆 RU | VLESS-REALITY | Пинг: 290ms | Скор: 11.77 Mbps ⚡⚡ | Src: clck.ru
2026-02-18 16:40:15 [INFO] 🇷🇺 Добавлен лучший рабочий RU сервер: 51.250.14.118 со скоростью 17.49 Mbps | Src: clck.ru
2026-02-18 16:40:15 [INFO] 📊 Итого в подписке сохранено: 1 серверов
2026-02-18 16:40:15 [INFO] 💾 Файл успешно сохранен: FL1PVPN
