2026-02-18 01:20:05 [INFO] 🚀 START: Smart VLESS Selector (Target: 10, Strict Mode)
2026-02-18 01:20:05 [INFO] 🌐 Загрузка источников...
2026-02-18 01:20:08 [INFO] 🔍 Уникальных конфигов собрано: 338
2026-02-18 01:20:08 [INFO] ⚡ ЭТАП 1: Быстрый замер Пинга (Workers: 25)...
2026-02-18 01:20:09 [INFO]    [PING OK] LT | 172ms
2026-02-18 01:20:09 [INFO]    [PING OK] FI | 162ms
2026-02-18 01:20:09 [INFO]    [PING OK] PL | 99ms
2026-02-18 01:20:09 [INFO]    [PING OK] LV | 158ms
2026-02-18 01:20:10 [INFO]    [PING OK] RU | 160ms
2026-02-18 01:20:10 [INFO]    [PING OK] RU | 223ms
2026-02-18 01:20:11 [INFO]    [PING OK] NL | 386ms
2026-02-18 01:20:11 [INFO]    [PING OK] LT | 200ms
2026-02-18 01:20:11 [INFO]    [PING OK] DE | 2109ms
2026-02-18 01:20:11 [INFO]    [PING OK] DE | 1786ms
2026-02-18 01:20:11 [INFO]    [PING OK] DE | 1897ms
2026-02-18 01:20:11 [INFO]    [PING OK] LT | 260ms
2026-02-18 01:20:11 [INFO]    [PING OK] LV | 218ms
2026-02-18 01:20:12 [INFO]    [PING OK] DE | 162ms
2026-02-18 01:20:12 [INFO]    [PING OK] IR | 892ms
2026-02-18 01:20:13 [INFO]    [PING OK] RU | 203ms
2026-02-18 01:20:13 [INFO]    [PING OK] FI | 583ms
2026-02-18 01:20:13 [INFO]    [PING OK] RU | 375ms
2026-02-18 01:20:13 [INFO]    [PING OK] RU | 253ms
2026-02-18 01:20:13 [INFO]    [PING OK] RU | 313ms
2026-02-18 01:20:13 [INFO]    [PING OK] RU | 293ms
2026-02-18 01:20:13 [INFO]    [PING OK] RU | 245ms
2026-02-18 01:20:13 [INFO]    [PING OK] RU | 68ms
2026-02-18 01:20:13 [INFO]    [PING OK] RU | 211ms
2026-02-18 01:20:14 [INFO]    [PING OK] RU | 277ms
2026-02-18 01:20:14 [INFO]    [PING OK] RU | 321ms
2026-02-18 01:20:14 [INFO]    [PING OK] RU | 84ms
2026-02-18 01:20:14 [INFO]    [PING OK] RU | 283ms
2026-02-18 01:20:14 [INFO]    [PING OK] RU | 144ms
2026-02-18 01:20:14 [INFO]    [PING OK] RU | 342ms
2026-02-18 01:20:14 [INFO]    [PING OK] RU | 321ms
2026-02-18 01:20:14 [INFO]    [PING OK] RU | 237ms
2026-02-18 01:20:14 [INFO]    [PING OK] RU | 243ms
2026-02-18 01:20:15 [INFO]    [PING OK] RU | 205ms
2026-02-18 01:20:15 [INFO]    [PING OK] RU | 228ms
2026-02-18 01:20:15 [INFO]    [PING OK] RU | 326ms
2026-02-18 01:20:15 [INFO]    [PING OK] RU | 64ms
2026-02-18 01:20:15 [INFO]    [PING OK] RU | 274ms
2026-02-18 01:20:15 [INFO]    [PING OK] RU | 193ms
2026-02-18 01:20:15 [INFO]    [PING OK] RU | 263ms
2026-02-18 01:20:15 [INFO]    [PING OK] RU | 1292ms
2026-02-18 01:20:15 [INFO]    [PING OK] RU | 268ms
2026-02-18 01:20:15 [INFO]    [PING OK] RU | 195ms
2026-02-18 01:20:15 [INFO]    [PING OK] RU | 170ms
2026-02-18 01:20:16 [INFO]    [PING OK] RU | 85ms
2026-02-18 01:20:16 [INFO]    [PING OK] RU | 207ms
2026-02-18 01:20:16 [INFO]    [PING OK] RU | 208ms
2026-02-18 01:20:16 [INFO]    [PING OK] RU | 207ms
2026-02-18 01:20:16 [INFO]    [PING OK] HU | 2735ms
2026-02-18 01:20:16 [INFO]    [PING OK] RU | 245ms
2026-02-18 01:20:16 [INFO]    [PING OK] RU | 1279ms
2026-02-18 01:20:16 [INFO]    [PING OK] RU | 1734ms
2026-02-18 01:20:16 [INFO]    [PING OK] RU | 155ms
2026-02-18 01:20:16 [INFO]    [PING OK] RU | 251ms
2026-02-18 01:20:17 [INFO]    [PING OK] RU | 281ms
2026-02-18 01:20:17 [INFO]    [PING OK] RU | 138ms
2026-02-18 01:20:17 [INFO]    [PING OK] RU | 230ms
2026-02-18 01:20:17 [INFO]    [PING OK] RU | 2673ms
2026-02-18 01:20:17 [INFO]    [PING OK] RU | 268ms
2026-02-18 01:20:17 [INFO]    [PING OK] RU | 287ms
2026-02-18 01:20:17 [INFO]    [PING OK] DE | 304ms
2026-02-18 01:20:17 [INFO]    [PING OK] RU | 306ms
2026-02-18 01:20:17 [INFO]    [PING OK] RU | 97ms
2026-02-18 01:20:17 [INFO]    [PING OK] RU | 53ms
2026-02-18 01:20:17 [INFO]    [PING OK] RU | 81ms
2026-02-18 01:20:17 [INFO]    [PING OK] RU | 78ms
2026-02-18 01:20:17 [INFO]    [PING OK] RU | 245ms
2026-02-18 01:20:18 [INFO]    [PING OK] RU | 220ms
2026-02-18 01:20:18 [INFO]    [PING OK] RU | 211ms
2026-02-18 01:20:18 [INFO]    [PING OK] RU | 334ms
2026-02-18 01:20:18 [INFO]    [PING OK] RU | 245ms
2026-02-18 01:20:18 [INFO]    [PING OK] RU | 259ms
2026-02-18 01:20:18 [INFO]    [PING OK] RU | 202ms
2026-02-18 01:20:18 [INFO]    [PING OK] RU | 322ms
2026-02-18 01:20:18 [INFO]    [PING OK] RU | 785ms
2026-02-18 01:20:18 [INFO]    [PING OK] RU | 304ms
2026-02-18 01:20:18 [INFO]    [PING OK] RU | 156ms
2026-02-18 01:20:18 [INFO]    [PING OK] RU | 233ms
2026-02-18 01:20:18 [INFO]    [PING OK] RU | 194ms
2026-02-18 01:20:18 [INFO]    [PING OK] RU | 347ms
2026-02-18 01:20:18 [INFO]    [PING OK] RU | 190ms
2026-02-18 01:20:18 [INFO]    [PING OK] RU | 1984ms
2026-02-18 01:20:19 [INFO]    [PING OK] RU | 47ms
2026-02-18 01:20:19 [INFO]    [PING OK] RU | 185ms
2026-02-18 01:20:19 [INFO]    [PING OK] RU | 189ms
2026-02-18 01:20:19 [INFO]    [PING OK] RU | 205ms
2026-02-18 01:20:19 [INFO]    [PING OK] RU | 243ms
2026-02-18 01:20:19 [INFO]    [PING OK] RU | 135ms
2026-02-18 01:20:19 [INFO]    [PING OK] RU | 202ms
2026-02-18 01:20:19 [INFO]    [PING OK] RU | 338ms
2026-02-18 01:20:19 [INFO]    [PING OK] RU | 145ms
2026-02-18 01:20:19 [INFO]    [PING OK] RU | 100ms
2026-02-18 01:20:19 [INFO]    [PING OK] RU | 162ms
2026-02-18 01:20:19 [INFO]    [PING OK] RU | 357ms
2026-02-18 01:20:19 [INFO]    [PING OK] RU | 334ms
2026-02-18 01:20:19 [INFO]    [PING OK] RU | 332ms
2026-02-18 01:20:19 [INFO]    [PING OK] RU | 351ms
2026-02-18 01:20:20 [INFO]    [PING OK] RU | 534ms
2026-02-18 01:20:20 [INFO]    [PING OK] US | 446ms
2026-02-18 01:20:21 [INFO]    [PING OK] FI | 117ms
2026-02-18 01:20:21 [INFO]    [PING OK] EE | 244ms
2026-02-18 01:20:22 [INFO]    [PING OK] DE | 182ms
2026-02-18 01:20:23 [INFO]    [PING OK] GB | 4018ms
2026-02-18 01:20:23 [INFO]    [PING OK] TR | 468ms
2026-02-18 01:20:24 [INFO]    [PING OK] DE | 241ms
2026-02-18 01:20:24 [INFO]    [PING OK] RU | 164ms
2026-02-18 01:20:24 [INFO]    [PING OK] ES | 696ms
2026-02-18 01:20:25 [INFO]    [PING OK] LV | 438ms
2026-02-18 01:20:26 [INFO]    [PING OK] DE | 158ms
2026-02-18 01:20:26 [INFO]    [PING OK] PL | 139ms
2026-02-18 01:20:26 [INFO]    [PING OK] RU | 291ms
2026-02-18 01:20:27 [INFO]    [PING OK] FR | 697ms
2026-02-18 01:20:27 [INFO]    [PING OK] FI | 516ms
2026-02-18 01:20:27 [INFO]    [PING OK] MD | 124ms
2026-02-18 01:20:27 [INFO]    [PING OK] UZ | 288ms
2026-02-18 01:20:28 [INFO]    [PING OK] FI | 93ms
2026-02-18 01:20:28 [INFO]    [PING OK] JP | 1122ms
2026-02-18 01:20:28 [INFO]    [PING OK] US | 689ms
2026-02-18 01:20:28 [INFO]    [PING OK] DE | 541ms
2026-02-18 01:20:29 [INFO]    [PING OK] PL | 123ms
2026-02-18 01:20:29 [INFO]    [PING OK] AU | 139ms
2026-02-18 01:20:30 [INFO]    [PING OK] FI | 457ms
2026-02-18 01:20:30 [INFO]    [PING OK] AE | 133ms
2026-02-18 01:20:31 [INFO]    [PING OK] FR | 201ms
2026-02-18 01:20:36 [INFO] 🏎️ ЭТАП 2: Глубокий замер скорости для ТОП-10 серверов...
2026-02-18 01:20:43 [INFO]    🏆 FI | Пинг: 93ms | Скорость: 7.5 Mbps ⚡⚡
2026-02-18 01:20:43 [INFO]    🏆 PL | Пинг: 99ms | Скорость: 7.43 Mbps ⚡⚡
2026-02-18 01:20:43 [INFO]    🏆 FI | Пинг: 117ms | Скорость: 7.51 Mbps ⚡⚡
2026-02-18 01:20:43 [INFO]    🏆 PL | Пинг: 123ms | Скорость: 7.4 Mbps ⚡⚡
2026-02-18 01:20:43 [INFO]    🏆 MD | Пинг: 124ms | Скорость: 7.48 Mbps ⚡⚡
2026-02-18 01:20:43 [INFO]    🏆 AE | Пинг: 133ms | Скорость: 7.42 Mbps ⚡⚡
2026-02-18 01:20:43 [INFO]    🏆 PL | Пинг: 139ms | Скорость: 7.6 Mbps ⚡⚡
2026-02-18 01:20:43 [INFO]    🏆 AU | Пинг: 139ms | Скорость: 0.0 Mbps 
2026-02-18 01:20:43 [INFO]    🏆 LV | Пинг: 158ms | Скорость: 7.86 Mbps ⚡⚡
2026-02-18 01:20:43 [INFO]    🏆 RU | Пинг: 47ms | Скорость: 7.91 Mbps ⚡⚡
2026-02-18 01:20:43 [INFO] 🇷🇺 Добавлен RU сервер: 51.250.12.100
2026-02-18 01:20:43 [INFO] 📊 Итого в подписке сохранено: 10 серверов
2026-02-18 01:20:43 [INFO] 💾 Файл успешно сохранен: FL1PVPN
