2026-02-25 17:20:06 [INFO] 🚀 START: Smart Selector (Target: 10, ONLY FOREIGN)
2026-02-25 17:20:06 [INFO] 🌐 Загрузка источников (VLESS + VMess)...
2026-02-25 17:20:08 [INFO] 🔍 Уникальных конфигов собрано: 156
2026-02-25 17:20:08 [INFO] ⚡ ЭТАП 1: Замер Пинга и Геолокации. Workers: 40...
2026-02-25 17:20:14 [INFO]    [PING OK] DE | VLESS | 4927ms
2026-02-25 17:20:14 [INFO]    [PING OK] NL | VLESS | 4950ms
2026-02-25 17:20:14 [INFO]    [PING OK] NL | VLESS | 4968ms
2026-02-25 17:20:14 [INFO]    [PING OK] NL | VLESS | 5658ms
2026-02-25 17:20:15 [INFO]    [PING OK] DE | VLESS | 4919ms
2026-02-25 17:20:15 [INFO]    [PING OK] NL | VLESS | 6271ms
2026-02-25 17:20:15 [INFO]    [PING OK] NL | VLESS | 6513ms
2026-02-25 17:20:15 [INFO]    [PING OK] DE | VLESS | 5150ms
2026-02-25 17:20:16 [INFO]    [PING OK] US | VLESS | 4792ms
2026-02-25 17:20:16 [INFO]    [PING OK] US | VLESS | 4685ms
2026-02-25 17:20:16 [INFO]    [PING OK] US | VLESS | 4589ms
2026-02-25 17:20:17 [INFO]    [PING OK] US | VLESS | 5172ms
2026-02-25 17:20:17 [INFO]    [PING OK] DE | VLESS | 3681ms
2026-02-25 17:20:17 [INFO]    [PING OK] NL | VLESS | 8562ms
2026-02-25 17:20:18 [INFO]    [PING OK] US | VLESS | 3622ms
2026-02-25 17:20:18 [INFO]    [PING OK] US | VLESS | 3405ms
2026-02-25 17:20:18 [INFO]    [PING OK] US | VLESS | 3227ms
2026-02-25 17:20:19 [INFO]    [PING OK] US | VLESS | 2463ms
2026-02-25 17:20:19 [INFO]    [PING OK] NL | VLESS | 2360ms
2026-02-25 17:20:20 [INFO]    [PING OK] US | VLESS | 4973ms
2026-02-25 17:20:21 [INFO]    [PING OK] CA | VLESS | 5866ms
2026-02-25 17:20:21 [INFO]    [PING OK] US | VLESS | 4639ms
2026-02-25 17:20:22 [INFO]    [PING OK] US | VLESS | 4765ms
2026-02-25 17:20:22 [INFO]    [PING OK] US | VLESS | 3724ms
2026-02-25 17:20:23 [INFO]    [PING OK] US | VLESS | 4290ms
2026-02-25 17:20:23 [INFO]    [PING OK] US | VLESS | 4668ms
2026-02-25 17:20:24 [INFO]    [PING OK] US | VLESS | 4609ms
2026-02-25 17:20:25 [INFO]    [PING OK] US | VLESS | 4136ms
2026-02-25 17:20:25 [INFO]    [PING OK] US | VLESS | 4023ms
2026-02-25 17:20:25 [INFO]    [PING OK] NL | VLESS | 2721ms
2026-02-25 17:20:25 [INFO]    [PING OK] US | VLESS | 3022ms
2026-02-25 17:20:25 [INFO]    [PING OK] NL | VLESS | 1623ms
2026-02-25 17:20:25 [INFO]    [PING OK] LT | VLESS | 2551ms
2026-02-25 17:20:25 [INFO]    [PING OK] TR | VLESS | 6408ms
2026-02-25 17:20:25 [INFO]    [PING OK] US | VLESS | 2981ms
2026-02-25 17:20:25 [INFO]    [PING OK] US | VLESS | 2427ms
2026-02-25 17:20:26 [INFO]    [PING OK] US | VLESS | 3151ms
2026-02-25 17:20:26 [INFO]    [PING OK] TW | VLESS | 3845ms
2026-02-25 17:20:30 [INFO] 🏎️ ЭТАП 2: Глубокий замер скорости для 38 иностранных кандидатов...
2026-02-25 17:20:34 [INFO]    🏆 LT | VLESS | Пинг: 2551ms | Скорость: 6.7 Mbps ⚡⚡
2026-02-25 17:20:34 [INFO]    🏆 NL | VLESS | Пинг: 1623ms | Скорость: 6.31 Mbps ⚡⚡
2026-02-25 17:20:34 [INFO]    🏆 NL | VLESS | Пинг: 2360ms | Скорость: 5.55 Mbps ⚡⚡
2026-02-25 17:20:35 [INFO]    🏆 US | VLESS | Пинг: 3724ms | Скорость: 5.43 Mbps ⚡⚡
2026-02-25 17:20:35 [INFO]    🏆 US | VLESS | Пинг: 3022ms | Скорость: 5.25 Mbps ⚡⚡
2026-02-25 17:20:35 [INFO]    🏆 US | VLESS | Пинг: 3405ms | Скорость: 5.1 Mbps ⚡⚡
2026-02-25 17:20:35 [INFO]    🏆 DE | VLESS | Пинг: 3681ms | Скорость: 4.77 Mbps ⚡⚡
2026-02-25 17:20:36 [INFO]    🏆 US | VLESS | Пинг: 2427ms | Скорость: 3.91 Mbps ⚡⚡
2026-02-25 17:20:36 [INFO]    🏆 TW | VLESS | Пинг: 3845ms | Скорость: 3.8 Mbps ⚡⚡
2026-02-25 17:20:37 [INFO]    🏆 US | VLESS | Пинг: 4136ms | Скорость: 9.97 Mbps ⚡⚡
2026-02-25 17:20:37 [INFO]    🏆 US | VLESS | Пинг: 2463ms | Скорость: 3.13 Mbps ⚡⚡
2026-02-25 17:20:37 [INFO]    🏆 US | VLESS | Пинг: 3151ms | Скорость: 2.95 Mbps ⚡
2026-02-25 17:20:37 [INFO]    🏆 US | VLESS | Пинг: 2981ms | Скорость: 2.92 Mbps ⚡
2026-02-25 17:20:37 [INFO]    🏆 US | VLESS | Пинг: 3227ms | Скорость: 2.31 Mbps ⚡
2026-02-25 17:20:37 [INFO]    🏆 US | VLESS | Пинг: 3622ms | Скорость: 3.25 Mbps ⚡⚡
2026-02-25 17:20:38 [INFO]    🏆 US | VLESS | Пинг: 4685ms | Скорость: 8.5 Mbps ⚡⚡
2026-02-25 17:20:39 [INFO]    🏆 US | VLESS | Пинг: 4290ms | Скорость: 6.05 Mbps ⚡⚡
2026-02-25 17:20:39 [INFO]    🏆 US | VLESS | Пинг: 4589ms | Скорость: 5.69 Mbps ⚡⚡
2026-02-25 17:20:40 [INFO]    🏆 DE | VLESS | Пинг: 4927ms | Скорость: 10.18 Mbps ⚡⚡
2026-02-25 17:20:40 [INFO]    🏆 US | VLESS | Пинг: 4792ms | Скорость: 7.74 Mbps ⚡⚡
2026-02-25 17:20:40 [INFO]    🏆 US | VLESS | Пинг: 4023ms | Скорость: 3.83 Mbps ⚡⚡
2026-02-25 17:20:40 [INFO]    🏆 US | VLESS | Пинг: 4609ms | Скорость: 4.04 Mbps ⚡⚡
2026-02-25 17:20:42 [INFO]    🏆 US | VLESS | Пинг: 4668ms | Скорость: 0.88 Mbps 
2026-02-25 17:20:42 [INFO]    🏆 US | VLESS | Пинг: 4639ms | Скорость: 0.94 Mbps 
2026-02-25 17:20:45 [INFO]    🏆 NL | VLESS | Пинг: 5658ms | Скорость: 3.79 Mbps ⚡⚡
2026-02-25 17:20:45 [INFO] 📊 Итого в подписке сохранено иностранных серверов: 10
2026-02-25 17:20:45 [INFO] 💾 Файл успешно сохранен: FL1PVPN
