2026-02-24 17:00:06 [INFO] 🚀 START: Smart Selector (Target: 10, ONLY FOREIGN)
2026-02-24 17:00:06 [INFO] 🌐 Загрузка источников (VLESS + VMess)...
2026-02-24 17:00:07 [INFO] 🔍 Уникальных конфигов собрано: 220
2026-02-24 17:00:07 [INFO] ⚡ ЭТАП 1: Замер Пинга и Геолокации. Workers: 40...
2026-02-24 17:00:13 [INFO]    [PING OK] HU | VLESS | 4452ms
2026-02-24 17:00:13 [INFO]    [PING OK] IT | VLESS | 4612ms
2026-02-24 17:00:13 [INFO]    [PING OK] IT | VLESS | 4459ms
2026-02-24 17:00:13 [INFO]    [PING OK] ES | VLESS | 4577ms
2026-02-24 17:00:13 [INFO]    [PING OK] TR | VLESS | 4631ms
2026-02-24 17:00:13 [INFO]    [PING OK] DE | VLESS | 4771ms
2026-02-24 17:00:13 [INFO]    [PING OK] PL | VLESS | 4481ms
2026-02-24 17:00:14 [INFO]    [PING OK] ES | VLESS | 4063ms
2026-02-24 17:00:14 [INFO]    [PING OK] LV | VLESS | 5258ms
2026-02-24 17:00:14 [INFO]    [PING OK] PL | VLESS | 5241ms
2026-02-24 17:00:14 [INFO]    [PING OK] LV | VLESS | 4130ms
2026-02-24 17:00:14 [INFO]    [PING OK] US | VLESS | 4764ms
2026-02-24 17:00:14 [INFO]    [PING OK] HU | VLESS | 3745ms
2026-02-24 17:00:15 [INFO]    [PING OK] ES | VLESS | 5843ms
2026-02-24 17:00:16 [INFO]    [PING OK] FI | VLESS | 7700ms
2026-02-24 17:00:16 [INFO]    [PING OK] FI | VLESS | 2589ms
2026-02-24 17:00:16 [INFO]    [PING OK] HU | VLESS | 2685ms
2026-02-24 17:00:16 [INFO]    [PING OK] TR | VLESS | 2873ms
2026-02-24 17:00:17 [INFO]    [PING OK] HU | VLESS | 2828ms
2026-02-24 17:00:17 [INFO]    [PING OK] PL | VLESS | 2894ms
2026-02-24 17:00:17 [INFO]    [PING OK] HU | VLESS | 2511ms
2026-02-24 17:00:17 [INFO]    [PING OK] FI | VLESS | 2798ms
2026-02-24 17:00:18 [INFO]    [PING OK] DE | VLESS | 3188ms
2026-02-24 17:00:18 [INFO]    [PING OK] ES | VLESS | 3144ms
2026-02-24 17:00:18 [INFO]    [PING OK] ES | VLESS | 4474ms
2026-02-24 17:00:19 [INFO]    [PING OK] PL | VLESS | 4424ms
2026-02-24 17:00:19 [INFO]    [PING OK] IT | VLESS | 3477ms
2026-02-24 17:00:20 [INFO]    [PING OK] DE | VLESS | 3943ms
2026-02-24 17:00:20 [INFO]    [PING OK] TR | VLESS | 4114ms
2026-02-24 17:00:20 [INFO]    [PING OK] DE | VLESS | 4040ms
2026-02-24 17:00:20 [INFO]    [PING OK] PL | VLESS | 4481ms
2026-02-24 17:00:21 [INFO]    [PING OK] DE | VLESS | 4056ms
2026-02-24 17:00:22 [INFO]    [PING OK] CA | VLESS | 4416ms
2026-02-24 17:00:22 [INFO]    [PING OK] CA | VLESS | 4579ms
2026-02-24 17:00:22 [INFO]    [PING OK] DE | VLESS | 12092ms
2026-02-24 17:00:22 [INFO]    [PING OK] CA | VLESS | 4977ms
2026-02-24 17:00:23 [INFO]    [PING OK] DE | VLESS | 7826ms
2026-02-24 17:00:23 [INFO]    [PING OK] NL | VLESS | 4738ms
2026-02-24 17:00:23 [INFO]    [PING OK] US | VLESS | 4983ms
2026-02-24 17:00:23 [INFO]    [PING OK] CA | VLESS | 5232ms
2026-02-24 17:00:24 [INFO]    [PING OK] LT | VLESS | 5625ms
2026-02-24 17:00:24 [INFO]    [PING OK] CA | VLESS | 5536ms
2026-02-24 17:00:24 [INFO]    [PING OK] CA | VLESS | 5891ms
2026-02-24 17:00:24 [INFO]    [PING OK] SG | VLESS | 4986ms
2026-02-24 17:00:25 [INFO]    [PING OK] KZ | VLESS | 4972ms
2026-02-24 17:00:25 [INFO]    [PING OK] JP | VLESS | 4752ms
2026-02-24 17:00:25 [INFO]    [PING OK] CA | VLESS | 6327ms
2026-02-24 17:00:26 [INFO]    [PING OK] CA | VLESS | 5120ms
2026-02-24 17:00:26 [INFO]    [PING OK] CA | VLESS | 4754ms
2026-02-24 17:00:26 [INFO]    [PING OK] DE | VLESS | 6304ms
2026-02-24 17:00:26 [INFO]    [PING OK] CA | VLESS | 4540ms
2026-02-24 17:00:26 [INFO]    [PING OK] PL | VLESS | 3869ms
2026-02-24 17:00:26 [INFO]    [PING OK] DE | VLESS | 3985ms
2026-02-24 17:00:27 [INFO]    [PING OK] CA | VLESS | 5794ms
2026-02-24 17:00:27 [INFO]    [PING OK] CA | VLESS | 4310ms
2026-02-24 17:00:28 [INFO]    [PING OK] SG | VLESS | 4310ms
2026-02-24 17:00:28 [INFO]    [PING OK] FI | VLESS | 3809ms
2026-02-24 17:00:29 [INFO]    [PING OK] CA | VLESS | 4139ms
2026-02-24 17:00:29 [INFO]    [PING OK] CA | VLESS | 7910ms
2026-02-24 17:00:29 [INFO]    [PING OK] DE | VLESS | 4197ms
2026-02-24 17:00:29 [INFO]    [PING OK] TR | VLESS | 3941ms
2026-02-24 17:00:29 [INFO]    [PING OK] CA | VLESS | 4511ms
2026-02-24 17:00:30 [INFO]    [PING OK] DE | VLESS | 7316ms
2026-02-24 17:00:30 [INFO]    [PING OK] DE | VLESS | 4114ms
2026-02-24 17:00:30 [INFO]    [PING OK] CA | VLESS | 4354ms
2026-02-24 17:00:30 [INFO]    [PING OK] CA | VLESS | 4308ms
2026-02-24 17:00:30 [INFO]    [PING OK] NL | VLESS | 3854ms
2026-02-24 17:00:30 [INFO]    [PING OK] CA | VLESS | 4112ms
2026-02-24 17:00:30 [INFO]    [PING OK] CA | VLESS | 4146ms
2026-02-24 17:00:31 [INFO]    [PING OK] DE | VLESS | 3351ms
2026-02-24 17:00:31 [INFO]    [PING OK] NL | VLESS | 2013ms
2026-02-24 17:00:31 [INFO]    [PING OK] US | VLESS | 2715ms
2026-02-24 17:00:31 [INFO]    [PING OK] CA | VLESS | 8604ms
2026-02-24 17:00:32 [INFO]    [PING OK] DE | VLESS | 5762ms
2026-02-24 17:00:32 [INFO]    [PING OK] CA | VLESS | 5174ms
2026-02-24 17:00:32 [INFO]    [PING OK] CA | VLESS | 4900ms
2026-02-24 17:00:33 [INFO]    [PING OK] DE | VLESS | 4104ms
2026-02-24 17:00:33 [INFO]    [PING OK] US | VLESS | 8387ms
2026-02-24 17:00:33 [INFO]    [PING OK] CA | VLESS | 5853ms
2026-02-24 17:00:35 [INFO] 🏎️ ЭТАП 2: Глубокий замер скорости для 40 иностранных кандидатов...
2026-02-24 17:00:40 [INFO]    🏆 FI | VLESS | Пинг: 2589ms | Скорость: 5.64 Mbps ⚡⚡
2026-02-24 17:00:40 [INFO]    🏆 NL | VLESS | Пинг: 2013ms | Скорость: 5.53 Mbps ⚡⚡
2026-02-24 17:00:40 [INFO]    🏆 ES | VLESS | Пинг: 3144ms | Скорость: 5.86 Mbps ⚡⚡
2026-02-24 17:00:40 [INFO]    🏆 FI | VLESS | Пинг: 3809ms | Скорость: 5.9 Mbps ⚡⚡
2026-02-24 17:00:40 [INFO]    🏆 HU | VLESS | Пинг: 2685ms | Скорость: 5.58 Mbps ⚡⚡
2026-02-24 17:00:40 [INFO]    🏆 HU | VLESS | Пинг: 2828ms | Скорость: 5.61 Mbps ⚡⚡
2026-02-24 17:00:40 [INFO]    🏆 HU | VLESS | Пинг: 2511ms | Скорость: 5.46 Mbps ⚡⚡
2026-02-24 17:00:40 [INFO]    🏆 PL | VLESS | Пинг: 2894ms | Скорость: 5.73 Mbps ⚡⚡
2026-02-24 17:00:40 [INFO]    🏆 DE | VLESS | Пинг: 3351ms | Скорость: 5.75 Mbps ⚡⚡
2026-02-24 17:00:40 [INFO]    🏆 HU | VLESS | Пинг: 3745ms | Скорость: 5.76 Mbps ⚡⚡
2026-02-24 17:00:40 [INFO]    🏆 FI | VLESS | Пинг: 2798ms | Скорость: 5.43 Mbps ⚡⚡
2026-02-24 17:00:40 [INFO]    🏆 US | VLESS | Пинг: 2715ms | Скорость: 4.97 Mbps ⚡⚡
2026-02-24 17:00:42 [INFO]    🏆 TR | VLESS | Пинг: 2873ms | Скорость: 2.61 Mbps ⚡
2026-02-24 17:00:42 [INFO]    🏆 IT | VLESS | Пинг: 3477ms | Скорость: 0.7 Mbps 
2026-02-24 17:00:44 [INFO]    🏆 NL | VLESS | Пинг: 3854ms | Скорость: 5.33 Mbps ⚡⚡
2026-02-24 17:00:44 [INFO]    🏆 ES | VLESS | Пинг: 4063ms | Скорость: 5.44 Mbps ⚡⚡
2026-02-24 17:00:44 [INFO]    🏆 DE | VLESS | Пинг: 4040ms | Скорость: 5.37 Mbps ⚡⚡
2026-02-24 17:00:44 [INFO]    🏆 DE | VLESS | Пинг: 4114ms | Скорость: 5.55 Mbps ⚡⚡
2026-02-24 17:00:44 [INFO]    🏆 TR | VLESS | Пинг: 3941ms | Скорость: 5.24 Mbps ⚡⚡
2026-02-24 17:00:44 [INFO]    🏆 DE | VLESS | Пинг: 4056ms | Скорость: 5.28 Mbps ⚡⚡
2026-02-24 17:00:45 [INFO]    🏆 DE | VLESS | Пинг: 3943ms | Скорость: 5.16 Mbps ⚡⚡
2026-02-24 17:00:46 [INFO]    🏆 TR | VLESS | Пинг: 4114ms | Скорость: 3.69 Mbps ⚡⚡
2026-02-24 17:00:47 [INFO]    🏆 HU | VLESS | Пинг: 4452ms | Скорость: 8.91 Mbps ⚡⚡
2026-02-24 17:00:48 [INFO]    🏆 DE | VLESS | Пинг: 4197ms | Скорость: 7.66 Mbps ⚡⚡
2026-02-24 17:00:49 [INFO]    🏆 SG | VLESS | Пинг: 4310ms | Скорость: 5.84 Mbps ⚡⚡
2026-02-24 17:00:49 [INFO]    🏆 PL | VLESS | Пинг: 4424ms | Скорость: 5.47 Mbps ⚡⚡
2026-02-24 17:00:49 [INFO]    🏆 CA | VLESS | Пинг: 4416ms | Скорость: 5.01 Mbps ⚡⚡
2026-02-24 17:00:51 [INFO] 📊 Итого в подписке сохранено иностранных серверов: 10
2026-02-24 17:00:51 [INFO] 💾 Файл успешно сохранен: FL1PVPN
