2026-02-27 09:40:05 [INFO] 🚀 START: Smart Selector (Target: 10, ONLY FOREIGN)
2026-02-27 09:40:05 [INFO] 🌐 Загрузка источников (VLESS + VMess)...
2026-02-27 09:40:07 [INFO] 🔍 Уникальных конфигов собрано: 239
2026-02-27 09:40:07 [INFO] ⚡ ЭТАП 1: Замер Пинга и Геолокации. Workers: 40...
2026-02-27 09:40:12 [INFO]    [PING OK] US | VLESS | 4319ms
2026-02-27 09:40:12 [INFO]    [PING OK] NL | VLESS | 4508ms
2026-02-27 09:40:12 [INFO]    [PING OK] PL | VLESS | 4354ms
2026-02-27 09:40:12 [INFO]    [PING OK] DE | VLESS | 4167ms
2026-02-27 09:40:12 [INFO]    [PING OK] DE | VLESS | 5005ms
2026-02-27 09:40:12 [INFO]    [PING OK] IT | VLESS | 4698ms
2026-02-27 09:40:12 [INFO]    [PING OK] DE | VLESS | 4959ms
2026-02-27 09:40:12 [INFO]    [PING OK] FI | VLESS | 4830ms
2026-02-27 09:40:12 [INFO]    [PING OK] TR | VLESS | 4987ms
2026-02-27 09:40:13 [INFO]    [PING OK] FI | VLESS | 5098ms
2026-02-27 09:40:13 [INFO]    [PING OK] FI | VLESS | 4413ms
2026-02-27 09:40:13 [INFO]    [PING OK] DE | VLESS | 4687ms
2026-02-27 09:40:13 [INFO]    [PING OK] DE | VLESS | 4983ms
2026-02-27 09:40:13 [INFO]    [PING OK] DE | VLESS | 4521ms
2026-02-27 09:40:13 [INFO]    [PING OK] PL | VLESS | 4829ms
2026-02-27 09:40:13 [INFO]    [PING OK] PL | VLESS | 4771ms
2026-02-27 09:40:13 [INFO]    [PING OK] TR | VLESS | 4667ms
2026-02-27 09:40:14 [INFO]    [PING OK] HU | VLESS | 4800ms
2026-02-27 09:40:14 [INFO]    [PING OK] LT | VLESS | 3800ms
2026-02-27 09:40:14 [INFO]    [PING OK] LT | VLESS | 6012ms
2026-02-27 09:40:14 [INFO]    [PING OK] NG | VLESS | 5922ms
2026-02-27 09:40:14 [INFO]    [PING OK] DE | VLESS | 6644ms
2026-02-27 09:40:14 [INFO]    [PING OK] ES | VLESS | 4574ms
2026-02-27 09:40:14 [INFO]    [PING OK] DE | VLESS | 6733ms
2026-02-27 09:40:14 [INFO]    [PING OK] DE | VLESS | 4262ms
2026-02-27 09:40:14 [INFO]    [PING OK] PL | VLESS | 4316ms
2026-02-27 09:40:15 [INFO]    [PING OK] ES | VLESS | 4101ms
2026-02-27 09:40:15 [INFO]    [PING OK] DE | VLESS | 4656ms
2026-02-27 09:40:16 [INFO]    [PING OK] IT | VLESS | 8137ms
2026-02-27 09:40:17 [INFO]    [PING OK] FR | VLESS | 3568ms
2026-02-27 09:40:17 [INFO]    [PING OK] HU | VLESS | 3837ms
2026-02-27 09:40:17 [INFO]    [PING OK] LT | VLESS | 3890ms
2026-02-27 09:40:17 [INFO]    [PING OK] HU | VLESS | 3653ms
2026-02-27 09:40:17 [INFO]    [PING OK] CH | VLESS | 3860ms
2026-02-27 09:40:17 [INFO]    [PING OK] IT | VLESS | 3606ms
2026-02-27 09:40:17 [INFO]    [PING OK] PL | VLESS | 3564ms
2026-02-27 09:40:17 [INFO]    [PING OK] PL | VLESS | 3605ms
2026-02-27 09:40:17 [INFO]    [PING OK] DE | VLESS | 3539ms
2026-02-27 09:40:17 [INFO]    [PING OK] US | VLESS | 3686ms
2026-02-27 09:40:18 [INFO]    [PING OK] LT | VLESS | 3789ms
2026-02-27 09:40:18 [INFO]    [PING OK] NL | VLESS | 3918ms
2026-02-27 09:40:18 [INFO]    [PING OK] LV | VLESS | 3401ms
2026-02-27 09:40:18 [INFO]    [PING OK] PL | VLESS | 3375ms
2026-02-27 09:40:18 [INFO]    [PING OK] FI | VLESS | 3553ms
2026-02-27 09:40:18 [INFO]    [PING OK] LV | VLESS | 3431ms
2026-02-27 09:40:18 [INFO]    [PING OK] TR | VLESS | 3430ms
2026-02-27 09:40:18 [INFO]    [PING OK] FI | VLESS | 3388ms
2026-02-27 09:40:19 [INFO]    [PING OK] DE | VLESS | 3436ms
2026-02-27 09:40:19 [INFO]    [PING OK] PL | VLESS | 3446ms
2026-02-27 09:40:19 [INFO]    [PING OK] NL | VLESS | 5703ms
2026-02-27 09:40:19 [INFO]    [PING OK] SE | VLESS | 3411ms
2026-02-27 09:40:19 [INFO]    [PING OK] NL | VLESS | 3904ms
2026-02-27 09:40:19 [INFO]    [PING OK] TR | VLESS | 3723ms
2026-02-27 09:40:19 [INFO]    [PING OK] TR | VLESS | 3593ms
2026-02-27 09:40:20 [INFO]    [PING OK] TR | VLESS | 3446ms
2026-02-27 09:40:20 [INFO]    [PING OK] CA | VLESS | 3442ms
2026-02-27 09:40:20 [INFO]    [PING OK] FI | VLESS | 7232ms
2026-02-27 09:40:21 [INFO]    [PING OK] PL | VLESS | 3596ms
2026-02-27 09:40:21 [INFO]    [PING OK] FI | VLESS | 3614ms
2026-02-27 09:40:22 [INFO]    [PING OK] DE | VLESS | 3880ms
2026-02-27 09:40:22 [INFO]    [PING OK] FR | VLESS | 3990ms
2026-02-27 09:40:22 [INFO]    [PING OK] PL | VLESS | 3867ms
2026-02-27 09:40:22 [INFO]    [PING OK] DE | VLESS | 6403ms
2026-02-27 09:40:22 [INFO]    [PING OK] NL | VLESS | 3802ms
2026-02-27 09:40:22 [INFO]    [PING OK] ES | VLESS | 3775ms
2026-02-27 09:40:23 [INFO]    [PING OK] TR | VLESS | 3802ms
2026-02-27 09:40:23 [INFO]    [PING OK] FR | VLESS | 3854ms
2026-02-27 09:40:23 [INFO]    [PING OK] HK | VLESS | 3980ms
2026-02-27 09:40:23 [INFO]    [PING OK] ES | VLESS | 4031ms
2026-02-27 09:40:23 [INFO]    [PING OK] PL | VLESS | 3796ms
2026-02-27 09:40:23 [INFO]    [PING OK] NL | VLESS | 3554ms
2026-02-27 09:40:23 [INFO]    [PING OK] CA | VLESS | 3696ms
2026-02-27 09:40:23 [INFO]    [PING OK] PL | VLESS | 3689ms
2026-02-27 09:40:23 [INFO]    [PING OK] DE | VLESS | 3638ms
2026-02-27 09:40:24 [INFO]    [PING OK] HU | VLESS | 3458ms
2026-02-27 09:40:24 [INFO]    [PING OK] FI | VLESS | 3776ms
2026-02-27 09:40:24 [INFO]    [PING OK] TR | VLESS | 4072ms
2026-02-27 09:40:24 [INFO]    [PING OK] DE | VLESS | 3970ms
2026-02-27 09:40:24 [INFO]    [PING OK] EE | VLESS | 3841ms
2026-02-27 09:40:25 [INFO]    [PING OK] HK | VLESS | 4036ms
2026-02-27 09:40:26 [INFO]    [PING OK] DE | VLESS | 3747ms
2026-02-27 09:40:26 [INFO]    [PING OK] ES | VLESS | 3585ms
2026-02-27 09:40:26 [INFO]    [PING OK] HU | VLESS | 3502ms
2026-02-27 09:40:26 [INFO]    [PING OK] CA | VLESS | 3767ms
2026-02-27 09:40:27 [INFO]    [PING OK] KZ | VLESS | 3994ms
2026-02-27 09:40:27 [INFO]    [PING OK] DE | VLESS | 3842ms
2026-02-27 09:40:27 [INFO]    [PING OK] DE | VLESS | 3327ms
2026-02-27 09:40:27 [INFO]    [PING OK] FI | VLESS | 3496ms
2026-02-27 09:40:27 [INFO]    [PING OK] PL | VLESS | 3388ms
2026-02-27 09:40:27 [INFO]    [PING OK] ES | VLESS | 3605ms
2026-02-27 09:40:27 [INFO]    [PING OK] PL | VLESS | 3627ms
2026-02-27 09:40:27 [INFO]    [PING OK] PL | VLESS | 3409ms
2026-02-27 09:40:27 [INFO]    [PING OK] NL | VLESS | 3539ms
2026-02-27 09:40:28 [INFO]    [PING OK] LT | VLESS | 4030ms
2026-02-27 09:40:28 [INFO]    [PING OK] PL | VLESS | 3322ms
2026-02-27 09:40:29 [INFO]    [PING OK] TR | VLESS | 4612ms
2026-02-27 09:40:29 [INFO]    [PING OK] EE | VLESS | 3752ms
2026-02-27 09:40:29 [INFO]    [PING OK] US | VLESS | 3756ms
2026-02-27 09:40:29 [INFO]    [PING OK] SE | VLESS | 11607ms
2026-02-27 09:40:29 [INFO]    [PING OK] FI | VLESS | 6161ms
2026-02-27 09:40:29 [INFO]    [PING OK] US | VLESS | 3680ms
2026-02-27 09:40:30 [INFO]    [PING OK] DE | VLESS | 4250ms
2026-02-27 09:40:30 [INFO]    [PING OK] US | VLESS | 4606ms
2026-02-27 09:40:30 [INFO]    [PING OK] NL | VLESS | 3596ms
2026-02-27 09:40:30 [INFO]    [PING OK] DE | VLESS | 3617ms
2026-02-27 09:40:31 [INFO]    [PING OK] FI | VLESS | 4183ms
2026-02-27 09:40:31 [INFO]    [PING OK] FI | VLESS | 3922ms
2026-02-27 09:40:32 [INFO]    [PING OK] AE | VLESS | 4104ms
2026-02-27 09:40:32 [INFO]    [PING OK] DE | VLESS | 3919ms
2026-02-27 09:40:32 [INFO]    [PING OK] EE | VLESS | 3646ms
2026-02-27 09:40:32 [INFO]    [PING OK] FR | VLESS | 3804ms
2026-02-27 09:40:32 [INFO]    [PING OK] PL | VLESS | 3755ms
2026-02-27 09:40:32 [INFO]    [PING OK] PL | VLESS | 3888ms
2026-02-27 09:40:32 [INFO]    [PING OK] PL | VLESS | 3488ms
2026-02-27 09:40:32 [INFO]    [PING OK] SE | VLESS | 9276ms
2026-02-27 09:40:33 [INFO]    [PING OK] DE | VLESS | 3338ms
2026-02-27 09:40:33 [INFO]    [PING OK] DE | VLESS | 2944ms
2026-02-27 09:40:33 [INFO]    [PING OK] NL | VLESS | 2910ms
2026-02-27 09:40:33 [INFO]    [PING OK] DE | VLESS | 3930ms
2026-02-27 09:40:33 [INFO]    [PING OK] DE | VLESS | 3592ms
2026-02-27 09:40:34 [INFO]    [PING OK] SG | VLESS | 3504ms
2026-02-27 09:40:34 [INFO]    [PING OK] CA | VLESS | 3487ms
2026-02-27 09:40:34 [INFO]    [PING OK] DE | VLESS | 1910ms
2026-02-27 09:40:34 [INFO]    [PING OK] US | VLESS | 2821ms
2026-02-27 09:40:34 [INFO]    [PING OK] US | VLESS | 1671ms
2026-02-27 09:40:34 [INFO]    [PING OK] SG | VLESS | 1615ms
2026-02-27 09:40:35 [INFO]    [PING OK] DE | VLESS | 2204ms
2026-02-27 09:40:35 [INFO]    [PING OK] CA | VLESS | 4977ms
2026-02-27 09:40:35 [INFO]    [PING OK] DE | VLESS | 2615ms
2026-02-27 09:40:37 [INFO]    [PING OK] TW | VLESS | 3848ms
2026-02-27 09:40:38 [INFO]    [PING OK] US | VLESS | 780ms
2026-02-27 09:40:39 [INFO] 🏎️ ЭТАП 2: Глубокий замер скорости для 40 иностранных кандидатов...
2026-02-27 09:40:43 [INFO]    🏆 DE | VLESS | Пинг: 3327ms | Скорость: 5.63 Mbps ⚡⚡
2026-02-27 09:40:43 [INFO]    🏆 PL | VLESS | Пинг: 3322ms | Скорость: 5.56 Mbps ⚡⚡
2026-02-27 09:40:43 [INFO]    🏆 DE | VLESS | Пинг: 2944ms | Скорость: 5.49 Mbps ⚡⚡
2026-02-27 09:40:44 [INFO]    🏆 DE | VLESS | Пинг: 3338ms | Скорость: 5.51 Mbps ⚡⚡
2026-02-27 09:40:44 [INFO]    🏆 PL | VLESS | Пинг: 3375ms | Скорость: 5.57 Mbps ⚡⚡
2026-02-27 09:40:44 [INFO]    🏆 FI | VLESS | Пинг: 3388ms | Скорость: 5.58 Mbps ⚡⚡
2026-02-27 09:40:44 [INFO]    🏆 PL | VLESS | Пинг: 3388ms | Скорость: 5.56 Mbps ⚡⚡
2026-02-27 09:40:44 [INFO]    🏆 US | VLESS | Пинг: 780ms | Скорость: 5.22 Mbps ⚡⚡
2026-02-27 09:40:44 [INFO]    🏆 US | VLESS | Пинг: 1671ms | Скорость: 5.14 Mbps ⚡⚡
2026-02-27 09:40:44 [INFO]    🏆 SG | VLESS | Пинг: 1615ms | Скорость: 4.74 Mbps ⚡⚡
2026-02-27 09:40:44 [INFO]    🏆 DE | VLESS | Пинг: 2615ms | Скорость: 4.6 Mbps ⚡⚡
2026-02-27 09:40:45 [INFO]    🏆 DE | VLESS | Пинг: 2204ms | Скорость: 3.8 Mbps ⚡⚡
2026-02-27 09:40:46 [INFO]    🏆 DE | VLESS | Пинг: 1910ms | Скорость: 1.5 Mbps ⚡
2026-02-27 09:40:46 [INFO]    🏆 US | VLESS | Пинг: 2821ms | Скорость: 1.4 Mbps 
2026-02-27 09:40:46 [INFO]    🏆 NL | VLESS | Пинг: 2910ms | Скорость: 2.3 Mbps ⚡
2026-02-27 09:40:47 [INFO]    🏆 PL | VLESS | Пинг: 3409ms | Скорость: 7.33 Mbps ⚡⚡
2026-02-27 09:40:47 [INFO]    🏆 LV | VLESS | Пинг: 3401ms | Скорость: 7.29 Mbps ⚡⚡
2026-02-27 09:40:47 [INFO]    🏆 PL | VLESS | Пинг: 3446ms | Скорость: 7.37 Mbps ⚡⚡
2026-02-27 09:40:47 [INFO]    🏆 TR | VLESS | Пинг: 3430ms | Скорость: 7.06 Mbps ⚡⚡
2026-02-27 09:40:47 [INFO]    🏆 HU | VLESS | Пинг: 3458ms | Скорость: 7.9 Mbps ⚡⚡
2026-02-27 09:40:47 [INFO]    🏆 TR | VLESS | Пинг: 3446ms | Скорость: 7.15 Mbps ⚡⚡
2026-02-27 09:40:47 [INFO]    🏆 LV | VLESS | Пинг: 3431ms | Скорость: 6.58 Mbps ⚡⚡
2026-02-27 09:40:47 [INFO]    🏆 DE | VLESS | Пинг: 3436ms | Скорость: 6.4 Mbps ⚡⚡
2026-02-27 09:40:48 [INFO]    🏆 CA | VLESS | Пинг: 3442ms | Скорость: 6.24 Mbps ⚡⚡
2026-02-27 09:40:48 [INFO]    🏆 CA | VLESS | Пинг: 3487ms | Скорость: 6.43 Mbps ⚡⚡
2026-02-27 09:40:48 [INFO]    🏆 PL | VLESS | Пинг: 3488ms | Скорость: 8.28 Mbps ⚡⚡
2026-02-27 09:40:49 [INFO]    🏆 FI | VLESS | Пинг: 3496ms | Скорость: 7.56 Mbps ⚡⚡
2026-02-27 09:40:49 [INFO]    🏆 HU | VLESS | Пинг: 3502ms | Скорость: 7.6 Mbps ⚡⚡
2026-02-27 09:40:49 [INFO]    🏆 SG | VLESS | Пинг: 3504ms | Скорость: 7.27 Mbps ⚡⚡
2026-02-27 09:40:50 [INFO]    🏆 NL | VLESS | Пинг: 3539ms | Скорость: 10.29 Mbps ⚡⚡
2026-02-27 09:40:50 [INFO]    🏆 DE | VLESS | Пинг: 3539ms | Скорость: 10.09 Mbps ⚡⚡
2026-02-27 09:40:50 [INFO]    🏆 FI | VLESS | Пинг: 3553ms | Скорость: 10.54 Mbps ⚡⚡
2026-02-27 09:40:50 [INFO]    🏆 PL | VLESS | Пинг: 3564ms | Скорость: 11.04 Mbps ⚡⚡
2026-02-27 09:40:51 [INFO]    🏆 DE | VLESS | Пинг: 3592ms | Скорость: 6.2 Mbps ⚡⚡
2026-02-27 09:40:52 [INFO]    🏆 FR | VLESS | Пинг: 3568ms | Скорость: 4.41 Mbps ⚡⚡
2026-02-27 09:40:54 [INFO]    🏆 NL | VLESS | Пинг: 3554ms | Скорость: 0.91 Mbps 
2026-02-27 09:40:54 [INFO]    🏆 ES | VLESS | Пинг: 3585ms | Скорость: 2.55 Mbps ⚡
2026-02-27 09:40:54 [INFO]    🏆 TR | VLESS | Пинг: 3593ms | Скорость: 2.78 Mbps ⚡
2026-02-27 09:40:54 [INFO] 📊 Итого в подписке сохранено иностранных серверов: 10
2026-02-27 09:40:54 [INFO] 💾 Файл успешно сохранен: FL1PVPN
