2026-02-24 10:10:05 [INFO] 🚀 START: Smart Selector (Target: 10, ONLY FOREIGN)
2026-02-24 10:10:05 [INFO] 🌐 Загрузка источников (VLESS + VMess)...
2026-02-24 10:10:17 [INFO] 🔍 Уникальных конфигов собрано: 228
2026-02-24 10:10:17 [INFO] ⚡ ЭТАП 1: Замер Пинга и Геолокации. Workers: 40...
2026-02-24 10:10:22 [INFO]    [PING OK] PL | VLESS | 4575ms
2026-02-24 10:10:22 [INFO]    [PING OK] PL | VLESS | 4420ms
2026-02-24 10:10:22 [INFO]    [PING OK] TR | VLESS | 4838ms
2026-02-24 10:10:23 [INFO]    [PING OK] PL | VLESS | 4552ms
2026-02-24 10:10:23 [INFO]    [PING OK] IT | VLESS | 4358ms
2026-02-24 10:10:23 [INFO]    [PING OK] DE | VLESS | 4458ms
2026-02-24 10:10:23 [INFO]    [PING OK] US | VLESS | 5007ms
2026-02-24 10:10:23 [INFO]    [PING OK] ES | VLESS | 4472ms
2026-02-24 10:10:23 [INFO]    [PING OK] HU | VLESS | 4250ms
2026-02-24 10:10:23 [INFO]    [PING OK] PL | VLESS | 4907ms
2026-02-24 10:10:23 [INFO]    [PING OK] HU | VLESS | 4563ms
2026-02-24 10:10:23 [INFO]    [PING OK] IT | VLESS | 3916ms
2026-02-24 10:10:23 [INFO]    [PING OK] ES | VLESS | 3872ms
2026-02-24 10:10:25 [INFO]    [PING OK] US | VLESS | 6964ms
2026-02-24 10:10:25 [INFO]    [PING OK] ES | VLESS | 3982ms
2026-02-24 10:10:25 [INFO]    [PING OK] NL | VLESS | 4905ms
2026-02-24 10:10:25 [INFO]    [PING OK] IT | VLESS | 3710ms
2026-02-24 10:10:26 [INFO]    [PING OK] FI | VLESS | 3455ms
2026-02-24 10:10:26 [INFO]    [PING OK] PL | VLESS | 3297ms
2026-02-24 10:10:27 [INFO]    [PING OK] PL | VLESS | 3260ms
2026-02-24 10:10:27 [INFO]    [PING OK] NL | VLESS | 6161ms
2026-02-24 10:10:27 [INFO]    [PING OK] ES | VLESS | 3438ms
2026-02-24 10:10:27 [INFO]    [PING OK] LV | VLESS | 3329ms
2026-02-24 10:10:27 [INFO]    [PING OK] HU | VLESS | 2787ms
2026-02-24 10:10:27 [INFO]    [PING OK] LV | VLESS | 3085ms
2026-02-24 10:10:27 [INFO]    [PING OK] ES | VLESS | 3669ms
2026-02-24 10:10:28 [INFO]    [PING OK] NL | VLESS | 7964ms
2026-02-24 10:10:28 [INFO]    [PING OK] HU | VLESS | 2973ms
2026-02-24 10:10:28 [INFO]    [PING OK] HU | VLESS | 2726ms
2026-02-24 10:10:28 [INFO]    [PING OK] FI | VLESS | 2792ms
2026-02-24 10:10:28 [INFO]    [PING OK] DE | VLESS | 5269ms
2026-02-24 10:10:29 [INFO]    [PING OK] NL | VLESS | 8460ms
2026-02-24 10:10:29 [INFO]    [PING OK] PL | VLESS | 3157ms
2026-02-24 10:10:29 [INFO]    [PING OK] TR | VLESS | 3162ms
2026-02-24 10:10:30 [INFO]    [PING OK] DE | VLESS | 3957ms
2026-02-24 10:10:32 [INFO]    [PING OK] PL | VLESS | 5047ms
2026-02-24 10:10:33 [INFO]    [PING OK] HU | VLESS | 5100ms
2026-02-24 10:10:33 [INFO]    [PING OK] US | VLESS | 4894ms
2026-02-24 10:10:33 [INFO]    [PING OK] SG | VLESS | 5256ms
2026-02-24 10:10:34 [INFO]    [PING OK] US | VLESS | 5680ms
2026-02-24 10:10:34 [INFO]    [PING OK] NL | VLESS | 4805ms
2026-02-24 10:10:36 [INFO]    [PING OK] SG | VLESS | 4289ms
2026-02-24 10:10:36 [INFO]    [PING OK] DE | VLESS | 3776ms
2026-02-24 10:10:36 [INFO]    [PING OK] JP | VLESS | 4093ms
2026-02-24 10:10:37 [INFO]    [PING OK] DE | VLESS | 3621ms
2026-02-24 10:10:37 [INFO]    [PING OK] LT | VLESS | 3418ms
2026-02-24 10:10:37 [INFO]    [PING OK] DE | VLESS | 3174ms
2026-02-24 10:10:37 [INFO]    [PING OK] DE | VLESS | 3307ms
2026-02-24 10:10:37 [INFO]    [PING OK] US | VLESS | 3590ms
2026-02-24 10:10:38 [INFO]    [PING OK] DE | VLESS | 3203ms
2026-02-24 10:10:39 [INFO]    [PING OK] EE | VLESS | 3230ms
2026-02-24 10:10:39 [INFO]    [PING OK] DE | VLESS | 3257ms
2026-02-24 10:10:40 [INFO]    [PING OK] DE | VLESS | 3619ms
2026-02-24 10:10:41 [INFO]    [PING OK] NL | VLESS | 2937ms
2026-02-24 10:10:41 [INFO]    [PING OK] DE | VLESS | 2255ms
2026-02-24 10:10:41 [INFO]    [PING OK] DE | VLESS | 2704ms
2026-02-24 10:10:46 [INFO] 🏎️ ЭТАП 2: Глубокий замер скорости для 40 иностранных кандидатов...
2026-02-24 10:10:51 [INFO]    🏆 DE | VLESS | Пинг: 2704ms | Скорость: 5.6 Mbps ⚡⚡
2026-02-24 10:10:51 [INFO]    🏆 HU | VLESS | Пинг: 2726ms | Скорость: 5.59 Mbps ⚡⚡
2026-02-24 10:10:51 [INFO]    🏆 DE | VLESS | Пинг: 3174ms | Скорость: 5.81 Mbps ⚡⚡
2026-02-24 10:10:51 [INFO]    🏆 DE | VLESS | Пинг: 3257ms | Скорость: 5.89 Mbps ⚡⚡
2026-02-24 10:10:51 [INFO]    🏆 PL | VLESS | Пинг: 3260ms | Скорость: 5.86 Mbps ⚡⚡
2026-02-24 10:10:51 [INFO]    🏆 TR | VLESS | Пинг: 3162ms | Скорость: 5.64 Mbps ⚡⚡
2026-02-24 10:10:51 [INFO]    🏆 EE | VLESS | Пинг: 3230ms | Скорость: 5.68 Mbps ⚡⚡
2026-02-24 10:10:51 [INFO]    🏆 PL | VLESS | Пинг: 3157ms | Скорость: 5.5 Mbps ⚡⚡
2026-02-24 10:10:51 [INFO]    🏆 HU | VLESS | Пинг: 2787ms | Скорость: 5.4 Mbps ⚡⚡
2026-02-24 10:10:51 [INFO]    🏆 NL | VLESS | Пинг: 2937ms | Скорость: 5.18 Mbps ⚡⚡
2026-02-24 10:10:51 [INFO]    🏆 DE | VLESS | Пинг: 2255ms | Скорость: 4.99 Mbps ⚡⚡
2026-02-24 10:10:52 [INFO]    🏆 LV | VLESS | Пинг: 3085ms | Скорость: 3.7 Mbps ⚡⚡
2026-02-24 10:10:53 [INFO]    🏆 DE | VLESS | Пинг: 3203ms | Скорость: 2.26 Mbps ⚡
2026-02-24 10:10:54 [INFO]    🏆 LT | VLESS | Пинг: 3418ms | Скорость: 6.47 Mbps ⚡⚡
2026-02-24 10:10:54 [INFO]    🏆 PL | VLESS | Пинг: 3297ms | Скорость: 6.42 Mbps ⚡⚡
2026-02-24 10:10:54 [INFO]    🏆 IT | VLESS | Пинг: 3710ms | Скорость: 7.2 Mbps ⚡⚡
2026-02-24 10:10:54 [INFO]    🏆 DE | VLESS | Пинг: 3307ms | Скорость: 6.47 Mbps ⚡⚡
2026-02-24 10:10:55 [INFO]    🏆 FI | VLESS | Пинг: 3455ms | Скорость: 6.41 Mbps ⚡⚡
2026-02-24 10:10:55 [INFO]    🏆 ES | VLESS | Пинг: 3438ms | Скорость: 6.22 Mbps ⚡⚡
2026-02-24 10:10:55 [INFO]    🏆 ES | VLESS | Пинг: 3669ms | Скорость: 6.4 Mbps ⚡⚡
2026-02-24 10:10:55 [INFO]    🏆 LV | VLESS | Пинг: 3329ms | Скорость: 5.86 Mbps ⚡⚡
2026-02-24 10:10:57 [INFO]    🏆 IT | VLESS | Пинг: 3916ms | Скорость: 7.05 Mbps ⚡⚡
2026-02-24 10:10:57 [INFO]    🏆 DE | VLESS | Пинг: 3776ms | Скорость: 5.52 Mbps ⚡⚡
2026-02-24 10:10:57 [INFO]    🏆 DE | VLESS | Пинг: 3619ms | Скорость: 3.66 Mbps ⚡⚡
2026-02-24 10:10:57 [INFO]    🏆 DE | VLESS | Пинг: 3621ms | Скорость: 2.2 Mbps ⚡
2026-02-24 10:10:57 [INFO]    🏆 US | VLESS | Пинг: 3590ms | Скорость: 0.95 Mbps 
2026-02-24 10:10:58 [INFO]    🏆 DE | VLESS | Пинг: 3957ms | Скорость: 7.23 Mbps ⚡⚡
2026-02-24 10:10:58 [INFO]    🏆 PL | VLESS | Пинг: 4420ms | Скорость: 6.76 Mbps ⚡⚡
2026-02-24 10:10:58 [INFO]    🏆 IT | VLESS | Пинг: 4358ms | Скорость: 6.62 Mbps ⚡⚡
2026-02-24 10:10:58 [INFO]    🏆 HU | VLESS | Пинг: 4250ms | Скорость: 6.33 Mbps ⚡⚡
2026-02-24 10:10:58 [INFO]    🏆 ES | VLESS | Пинг: 3982ms | Скорость: 6.21 Mbps ⚡⚡
2026-02-24 10:10:59 [INFO]    🏆 DE | VLESS | Пинг: 4458ms | Скорость: 6.56 Mbps ⚡⚡
2026-02-24 10:10:59 [INFO]    🏆 SG | VLESS | Пинг: 4289ms | Скорость: 5.98 Mbps ⚡⚡
2026-02-24 10:10:59 [INFO]    🏆 PL | VLESS | Пинг: 4552ms | Скорость: 11.25 Mbps ⚡⚡
2026-02-24 10:11:00 [INFO]    🏆 ES | VLESS | Пинг: 3872ms | Скорость: 2.6 Mbps ⚡
2026-02-24 10:11:02 [INFO]    🏆 ES | VLESS | Пинг: 4472ms | Скорость: 3.18 Mbps ⚡⚡
2026-02-24 10:11:04 [INFO]    🏆 HU | VLESS | Пинг: 4563ms | Скорость: 1.3 Mbps 
2026-02-24 10:11:04 [INFO] 📊 Итого в подписке сохранено иностранных серверов: 10
2026-02-24 10:11:04 [INFO] 💾 Файл успешно сохранен: FL1PVPN
