2026-02-26 21:40:06 [INFO] 🚀 START: Smart Selector (Target: 10, ONLY FOREIGN)
2026-02-26 21:40:06 [INFO] 🌐 Загрузка источников (VLESS + VMess)...
2026-02-26 21:40:07 [INFO] 🔍 Уникальных конфигов собрано: 220
2026-02-26 21:40:07 [INFO] ⚡ ЭТАП 1: Замер Пинга и Геолокации. Workers: 40...
2026-02-26 21:40:13 [INFO]    [PING OK] FI | VLESS | 5037ms
2026-02-26 21:40:13 [INFO]    [PING OK] FI | VLESS | 5159ms
2026-02-26 21:40:14 [INFO]    [PING OK] FI | VLESS | 5258ms
2026-02-26 21:40:14 [INFO]    [PING OK] DE | VLESS | 5130ms
2026-02-26 21:40:15 [INFO]    [PING OK] DE | VLESS | 5745ms
2026-02-26 21:40:15 [INFO]    [PING OK] US | VLESS | 6234ms
2026-02-26 21:40:15 [INFO]    [PING OK] DE | VLESS | 5214ms
2026-02-26 21:40:15 [INFO]    [PING OK] FR | VLESS | 5260ms
2026-02-26 21:40:15 [INFO]    [PING OK] DE | VLESS | 5470ms
2026-02-26 21:40:15 [INFO]    [PING OK] DE | VLESS | 5688ms
2026-02-26 21:40:15 [INFO]    [PING OK] NL | VLESS | 5507ms
2026-02-26 21:40:15 [INFO]    [PING OK] US | VLESS | 6714ms
2026-02-26 21:40:16 [INFO]    [PING OK] FR | VLESS | 6990ms
2026-02-26 21:40:16 [INFO]    [PING OK] DE | VLESS | 5174ms
2026-02-26 21:40:18 [INFO]    [PING OK] NL | VLESS | 4329ms
2026-02-26 21:40:18 [INFO]    [PING OK] DE | VLESS | 4432ms
2026-02-26 21:40:18 [INFO]    [PING OK] US | VLESS | 7442ms
2026-02-26 21:40:19 [INFO]    [PING OK] FI | VLESS | 4525ms
2026-02-26 21:40:19 [INFO]    [PING OK] FR | VLESS | 4379ms
2026-02-26 21:40:19 [INFO]    [PING OK] DE | VLESS | 4441ms
2026-02-26 21:40:19 [INFO]    [PING OK] DE | VLESS | 4553ms
2026-02-26 21:40:20 [INFO]    [PING OK] FI | VLESS | 3913ms
2026-02-26 21:40:20 [INFO]    [PING OK] DE | VLESS | 5054ms
2026-02-26 21:40:20 [INFO]    [PING OK] DE | VLESS | 4432ms
2026-02-26 21:40:20 [INFO]    [PING OK] US | VLESS | 4172ms
2026-02-26 21:40:21 [INFO]    [PING OK] US | VLESS | 4408ms
2026-02-26 21:40:21 [INFO]    [PING OK] US | VLESS | 4334ms
2026-02-26 21:40:22 [INFO]    [PING OK] DE | VLESS | 4578ms
2026-02-26 21:40:24 [INFO]    [PING OK] DE | VLESS | 4704ms
2026-02-26 21:40:24 [INFO]    [PING OK] DE | VLESS | 5361ms
2026-02-26 21:40:24 [INFO]    [PING OK] SE | VLESS | 4644ms
2026-02-26 21:40:24 [INFO]    [PING OK] NL | VLESS | 4550ms
2026-02-26 21:40:24 [INFO]    [PING OK] CH | VLESS | 9086ms
2026-02-26 21:40:24 [INFO]    [PING OK] DE | VLESS | 4649ms
2026-02-26 21:40:25 [INFO]    [PING OK] DE | VLESS | 4801ms
2026-02-26 21:40:25 [INFO]    [PING OK] US | VLESS | 5774ms
2026-02-26 21:40:26 [INFO]    [PING OK] PL | VLESS | 4955ms
2026-02-26 21:40:26 [INFO]    [PING OK] ES | VLESS | 4926ms
2026-02-26 21:40:26 [INFO]    [PING OK] ES | VLESS | 5124ms
2026-02-26 21:40:26 [INFO]    [PING OK] SG | VLESS | 4898ms
2026-02-26 21:40:26 [INFO]    [PING OK] DE | VLESS | 5381ms
2026-02-26 21:40:27 [INFO]    [PING OK] DE | VLESS | 4013ms
2026-02-26 21:40:27 [INFO]    [PING OK] DE | VLESS | 3838ms
2026-02-26 21:40:28 [INFO]    [PING OK] TW | VLESS | 4462ms
2026-02-26 21:40:28 [INFO]    [PING OK] DE | VLESS | 2447ms
2026-02-26 21:40:28 [INFO]    [PING OK] DE | VLESS | 2140ms
2026-02-26 21:40:28 [INFO]    [PING OK] DE | VLESS | 2341ms
2026-02-26 21:40:28 [INFO]    [PING OK] US | VLESS | 2570ms
2026-02-26 21:40:28 [INFO]    [PING OK] SG | VLESS | 2818ms
2026-02-26 21:40:33 [INFO] 🏎️ ЭТАП 2: Глубокий замер скорости для 40 иностранных кандидатов...
2026-02-26 21:40:37 [INFO]    🏆 DE | VLESS | Пинг: 2140ms | Скорость: 5.55 Mbps ⚡⚡
2026-02-26 21:40:37 [INFO]    🏆 DE | VLESS | Пинг: 4432ms | Скорость: 5.75 Mbps ⚡⚡
2026-02-26 21:40:37 [INFO]    🏆 DE | VLESS | Пинг: 3838ms | Скорость: 5.54 Mbps ⚡⚡
2026-02-26 21:40:37 [INFO]    🏆 FI | VLESS | Пинг: 3913ms | Скорость: 5.53 Mbps ⚡⚡
2026-02-26 21:40:38 [INFO]    🏆 DE | VLESS | Пинг: 4013ms | Скорость: 5.29 Mbps ⚡⚡
2026-02-26 21:40:38 [INFO]    🏆 SG | VLESS | Пинг: 2818ms | Скорость: 5.21 Mbps ⚡⚡
2026-02-26 21:40:38 [INFO]    🏆 US | VLESS | Пинг: 4172ms | Скорость: 5.15 Mbps ⚡⚡
2026-02-26 21:40:38 [INFO]    🏆 US | VLESS | Пинг: 2570ms | Скорость: 5.03 Mbps ⚡⚡
2026-02-26 21:40:38 [INFO]    🏆 US | VLESS | Пинг: 4334ms | Скорость: 5.09 Mbps ⚡⚡
2026-02-26 21:40:38 [INFO]    🏆 US | VLESS | Пинг: 4408ms | Скорость: 5.2 Mbps ⚡⚡
2026-02-26 21:40:39 [INFO]    🏆 DE | VLESS | Пинг: 4441ms | Скорость: 16.79 Mbps ⚡⚡
2026-02-26 21:40:39 [INFO]    🏆 FR | VLESS | Пинг: 4379ms | Скорость: 3.69 Mbps ⚡⚡
2026-02-26 21:40:39 [INFO]    🏆 DE | VLESS | Пинг: 4432ms | Скорость: 3.72 Mbps ⚡⚡
2026-02-26 21:40:40 [INFO]    🏆 DE | VLESS | Пинг: 2447ms | Скорость: 2.01 Mbps ⚡
2026-02-26 21:40:41 [INFO]    🏆 NL | VLESS | Пинг: 4550ms | Скорость: 6.49 Mbps ⚡⚡
2026-02-26 21:40:42 [INFO]    🏆 DE | VLESS | Пинг: 4801ms | Скорость: 6.56 Mbps ⚡⚡
2026-02-26 21:40:42 [INFO]    🏆 DE | VLESS | Пинг: 4649ms | Скорость: 6.32 Mbps ⚡⚡
2026-02-26 21:40:42 [INFO]    🏆 SE | VLESS | Пинг: 4644ms | Скорость: 6.34 Mbps ⚡⚡
2026-02-26 21:40:42 [INFO]    🏆 ES | VLESS | Пинг: 4926ms | Скорость: 6.54 Mbps ⚡⚡
2026-02-26 21:40:42 [INFO]    🏆 DE | VLESS | Пинг: 4704ms | Скорость: 6.43 Mbps ⚡⚡
2026-02-26 21:40:42 [INFO]    🏆 SG | VLESS | Пинг: 4898ms | Скорость: 6.01 Mbps ⚡⚡
2026-02-26 21:40:42 [INFO]    🏆 DE | VLESS | Пинг: 4578ms | Скорость: 5.42 Mbps ⚡⚡
2026-02-26 21:40:44 [INFO]    🏆 PL | VLESS | Пинг: 4955ms | Скорость: 5.0 Mbps ⚡⚡
2026-02-26 21:40:44 [INFO]    🏆 TW | VLESS | Пинг: 4462ms | Скорость: 3.44 Mbps ⚡⚡
2026-02-26 21:40:44 [INFO]    🏆 DE | VLESS | Пинг: 5054ms | Скорость: 5.1 Mbps ⚡⚡
2026-02-26 21:40:44 [INFO]    🏆 FI | VLESS | Пинг: 5037ms | Скорость: 5.07 Mbps ⚡⚡
2026-02-26 21:40:44 [INFO]    🏆 ES | VLESS | Пинг: 5124ms | Скорость: 5.7 Mbps ⚡⚡
2026-02-26 21:40:44 [INFO]    🏆 FI | VLESS | Пинг: 4525ms | Скорость: 2.16 Mbps ⚡
2026-02-26 21:40:44 [INFO]    🏆 DE | VLESS | Пинг: 5130ms | Скорость: 8.56 Mbps ⚡⚡
2026-02-26 21:40:45 [INFO]    🏆 DE | VLESS | Пинг: 5174ms | Скорость: 8.21 Mbps ⚡⚡
2026-02-26 21:40:45 [INFO]    🏆 DE | VLESS | Пинг: 5470ms | Скорость: 9.49 Mbps ⚡⚡
2026-02-26 21:40:47 [INFO]    🏆 DE | VLESS | Пинг: 5381ms | Скорость: 5.02 Mbps ⚡⚡
2026-02-26 21:40:48 [INFO]    🏆 FI | VLESS | Пинг: 5258ms | Скорость: 2.0 Mbps ⚡
2026-02-26 21:40:49 [INFO] 📊 Итого в подписке сохранено иностранных серверов: 10
2026-02-26 21:40:49 [INFO] 💾 Файл успешно сохранен: FL1PVPN
