2026-02-18 02:50:05 [INFO] 🚀 START: Smart VLESS Selector (Target: 10, Strict Mode)
2026-02-18 02:50:05 [INFO] 🌐 Загрузка источников...
2026-02-18 02:50:07 [INFO] 🔍 Уникальных конфигов собрано: 323
2026-02-18 02:50:07 [INFO] ⚡ ЭТАП 1: Быстрый замер Пинга (Workers: 25)...
2026-02-18 02:50:08 [INFO]    [PING OK] LT | 143ms
2026-02-18 02:50:08 [INFO]    [PING OK] LV | 130ms
2026-02-18 02:50:09 [INFO]    [PING OK] LT | 147ms
2026-02-18 02:50:09 [INFO]    [PING OK] DE | 872ms
2026-02-18 02:50:09 [INFO]    [PING OK] IR | 920ms
2026-02-18 02:50:09 [INFO]    [PING OK] DE | 151ms
2026-02-18 02:50:10 [INFO]    [PING OK] FI | 136ms
2026-02-18 02:50:10 [INFO]    [PING OK] DE | 698ms
2026-02-18 02:50:10 [INFO]    [PING OK] LV | 167ms
2026-02-18 02:50:10 [INFO]    [PING OK] RU | 311ms
2026-02-18 02:50:10 [INFO]    [PING OK] FI | 253ms
2026-02-18 02:50:10 [INFO]    [PING OK] DE | 150ms
2026-02-18 02:50:11 [INFO]    [PING OK] RU | 162ms
2026-02-18 02:50:11 [INFO]    [PING OK] DE | 674ms
2026-02-18 02:50:11 [INFO]    [PING OK] PL | 139ms
2026-02-18 02:50:12 [INFO]    [PING OK] LT | 157ms
2026-02-18 02:50:12 [INFO]    [PING OK] RU | 188ms
2026-02-18 02:50:12 [INFO]    [PING OK] RU | 91ms
2026-02-18 02:50:12 [INFO]    [PING OK] RU | 162ms
2026-02-18 02:50:13 [INFO]    [PING OK] RU | 238ms
2026-02-18 02:50:13 [INFO]    [PING OK] RU | 103ms
2026-02-18 02:50:13 [INFO]    [PING OK] RU | 243ms
2026-02-18 02:50:13 [INFO]    [PING OK] RU | 127ms
2026-02-18 02:50:13 [INFO]    [PING OK] RU | 301ms
2026-02-18 02:50:13 [INFO]    [PING OK] RU | 79ms
2026-02-18 02:50:13 [INFO]    [PING OK] RU | 226ms
2026-02-18 02:50:13 [INFO]    [PING OK] RU | 854ms
2026-02-18 02:50:14 [INFO]    [PING OK] RU | 235ms
2026-02-18 02:50:14 [INFO]    [PING OK] RU | 197ms
2026-02-18 02:50:14 [INFO]    [PING OK] RU | 61ms
2026-02-18 02:50:14 [INFO]    [PING OK] RU | 206ms
2026-02-18 02:50:14 [INFO]    [PING OK] RU | 201ms
2026-02-18 02:50:14 [INFO]    [PING OK] RU | 350ms
2026-02-18 02:50:14 [INFO]    [PING OK] RU | 328ms
2026-02-18 02:50:14 [INFO]    [PING OK] RU | 261ms
2026-02-18 02:50:15 [INFO]    [PING OK] RU | 721ms
2026-02-18 02:50:15 [INFO]    [PING OK] RU | 754ms
2026-02-18 02:50:15 [INFO]    [PING OK] RU | 120ms
2026-02-18 02:50:15 [INFO]    [PING OK] RU | 2307ms
2026-02-18 02:50:15 [INFO]    [PING OK] RU | 225ms
2026-02-18 02:50:15 [INFO]    [PING OK] RU | 460ms
2026-02-18 02:50:15 [INFO]    [PING OK] RU | 212ms
2026-02-18 02:50:15 [INFO]    [PING OK] RU | 228ms
2026-02-18 02:50:15 [INFO]    [PING OK] RU | 219ms
2026-02-18 02:50:16 [INFO]    [PING OK] RU | 715ms
2026-02-18 02:50:16 [INFO]    [PING OK] RU | 157ms
2026-02-18 02:50:16 [INFO]    [PING OK] RU | 309ms
2026-02-18 02:50:16 [INFO]    [PING OK] RU | 112ms
2026-02-18 02:50:16 [INFO]    [PING OK] RU | 52ms
2026-02-18 02:50:16 [INFO]    [PING OK] RU | 403ms
2026-02-18 02:50:16 [INFO]    [PING OK] RU | 191ms
2026-02-18 02:50:16 [INFO]    [PING OK] RU | 211ms
2026-02-18 02:50:16 [INFO]    [PING OK] RU | 3700ms
2026-02-18 02:50:16 [INFO]    [PING OK] RU | 246ms
2026-02-18 02:50:16 [INFO]    [PING OK] RU | 1737ms
2026-02-18 02:50:16 [INFO]    [PING OK] RU | 251ms
2026-02-18 02:50:16 [INFO]    [PING OK] RU | 94ms
2026-02-18 02:50:16 [INFO]    [PING OK] RU | 178ms
2026-02-18 02:50:17 [INFO]    [PING OK] RU | 226ms
2026-02-18 02:50:17 [INFO]    [PING OK] RU | 99ms
2026-02-18 02:50:17 [INFO]    [PING OK] RU | 219ms
2026-02-18 02:50:17 [INFO]    [PING OK] RU | 92ms
2026-02-18 02:50:17 [INFO]    [PING OK] RU | 1791ms
2026-02-18 02:50:17 [INFO]    [PING OK] RU | 225ms
2026-02-18 02:50:17 [INFO]    [PING OK] RU | 302ms
2026-02-18 02:50:17 [INFO]    [PING OK] RU | 348ms
2026-02-18 02:50:17 [INFO]    [PING OK] RU | 317ms
2026-02-18 02:50:17 [INFO]    [PING OK] RU | 257ms
2026-02-18 02:50:17 [INFO]    [PING OK] RU | 311ms
2026-02-18 02:50:17 [INFO]    [PING OK] RU | 192ms
2026-02-18 02:50:17 [INFO]    [PING OK] RU | 78ms
2026-02-18 02:50:17 [INFO]    [PING OK] RU | 59ms
2026-02-18 02:50:18 [INFO]    [PING OK] RU | 205ms
2026-02-18 02:50:18 [INFO]    [PING OK] RU | 572ms
2026-02-18 02:50:18 [INFO]    [PING OK] RU | 211ms
2026-02-18 02:50:18 [INFO]    [PING OK] RU | 5019ms
2026-02-18 02:50:18 [INFO]    [PING OK] RU | 1088ms
2026-02-18 02:50:18 [INFO]    [PING OK] RU | 151ms
2026-02-18 02:50:18 [INFO]    [PING OK] RU | 327ms
2026-02-18 02:50:18 [INFO]    [PING OK] RU | 242ms
2026-02-18 02:50:18 [INFO]    [PING OK] FI | 150ms
2026-02-18 02:50:18 [INFO]    [PING OK] RU | 517ms
2026-02-18 02:50:18 [INFO]    [PING OK] RU | 199ms
2026-02-18 02:50:18 [INFO]    [PING OK] RU | 268ms
2026-02-18 02:50:19 [INFO]    [PING OK] RU | 146ms
2026-02-18 02:50:19 [INFO]    [PING OK] RU | 212ms
2026-02-18 02:50:19 [INFO]    [PING OK] RU | 155ms
2026-02-18 02:50:19 [INFO]    [PING OK] RU | 75ms
2026-02-18 02:50:19 [INFO]    [PING OK] RU | 197ms
2026-02-18 02:50:19 [INFO]    [PING OK] RU | 598ms
2026-02-18 02:50:19 [INFO]    [PING OK] AT | 223ms
2026-02-18 02:50:20 [INFO]    [PING OK] UZ | 296ms
2026-02-18 02:50:20 [INFO]    [PING OK] RU | 3817ms
2026-02-18 02:50:20 [INFO]    [PING OK] RU | 1538ms
2026-02-18 02:50:20 [INFO]    [PING OK] RU | 1684ms
2026-02-18 02:50:20 [INFO]    [PING OK] RU | 3428ms
2026-02-18 02:50:21 [INFO]    [PING OK] RU | 3575ms
2026-02-18 02:50:22 [INFO]    [PING OK] PL | 114ms
2026-02-18 02:50:22 [INFO]    [PING OK] PL | 133ms
2026-02-18 02:50:23 [INFO]    [PING OK] FR | 558ms
2026-02-18 02:50:23 [INFO]    [PING OK] PL | 126ms
2026-02-18 02:50:24 [INFO]    [PING OK] FR | 198ms
2026-02-18 02:50:25 [INFO]    [PING OK] TR | 518ms
2026-02-18 02:50:26 [INFO]    [PING OK] DE | 235ms
2026-02-18 02:50:26 [INFO]    [PING OK] DE | 195ms
2026-02-18 02:50:26 [INFO]    [PING OK] FI | 136ms
2026-02-18 02:50:26 [INFO]    [PING OK] AU | 134ms
2026-02-18 02:50:26 [INFO]    [PING OK] US | 643ms
2026-02-18 02:50:27 [INFO]    [PING OK] RU | 144ms
2026-02-18 02:50:28 [INFO]    [PING OK] MD | 170ms
2026-02-18 02:50:28 [INFO]    [PING OK] US | 476ms
2026-02-18 02:50:28 [INFO]    [PING OK] AE | 104ms
2026-02-18 02:50:29 [INFO]    [PING OK] DE | 176ms
2026-02-18 02:50:30 [INFO]    [PING OK] FI | 144ms
2026-02-18 02:50:31 [INFO]    [PING OK] LV | 446ms
2026-02-18 02:50:31 [INFO]    [PING OK] ES | 415ms
2026-02-18 02:50:31 [INFO]    [PING OK] DE | 489ms
2026-02-18 02:50:32 [INFO]    [PING OK] JP | 1202ms
2026-02-18 02:50:32 [INFO]    [PING OK] RU | 158ms
2026-02-18 02:50:37 [INFO] 🏎️ ЭТАП 2: Глубокий замер скорости для ТОП-10 серверов...
2026-02-18 02:50:41 [INFO]    🏆 AE | Пинг: 104ms | Скорость: 7.16 Mbps ⚡⚡
2026-02-18 02:50:41 [INFO]    🏆 PL | Пинг: 114ms | Скорость: 7.18 Mbps ⚡⚡
2026-02-18 02:50:41 [INFO]    🏆 PL | Пинг: 126ms | Скорость: 7.29 Mbps ⚡⚡
2026-02-18 02:50:41 [INFO]    🏆 LV | Пинг: 130ms | Скорость: 7.28 Mbps ⚡⚡
2026-02-18 02:50:41 [INFO]    🏆 PL | Пинг: 133ms | Скорость: 7.37 Mbps ⚡⚡
2026-02-18 02:50:41 [INFO]    🏆 AU | Пинг: 134ms | Скорость: 7.22 Mbps ⚡⚡
2026-02-18 02:50:41 [INFO]    🏆 FI | Пинг: 136ms | Скорость: 7.49 Mbps ⚡⚡
2026-02-18 02:50:41 [INFO]    🏆 FI | Пинг: 136ms | Скорость: 7.59 Mbps ⚡⚡
2026-02-18 02:50:41 [INFO]    🏆 PL | Пинг: 139ms | Скорость: 7.61 Mbps ⚡⚡
2026-02-18 02:50:41 [INFO]    🏆 RU | Пинг: 52ms | Скорость: 7.41 Mbps ⚡⚡
2026-02-18 02:50:41 [INFO] 🇷🇺 Добавлен RU сервер: 178.250.243.97
2026-02-18 02:50:41 [INFO] 📊 Итого в подписке сохранено: 10 серверов
2026-02-18 02:50:41 [INFO] 💾 Файл успешно сохранен: FL1PVPN
