2026-02-26 17:00:06 [INFO] 🚀 START: Smart Selector (Target: 10, ONLY FOREIGN)
2026-02-26 17:00:06 [INFO] 🌐 Загрузка источников (VLESS + VMess)...
2026-02-26 17:00:07 [INFO] 🔍 Уникальных конфигов собрано: 304
2026-02-26 17:00:07 [INFO] ⚡ ЭТАП 1: Замер Пинга и Геолокации. Workers: 40...
2026-02-26 17:00:14 [INFO]    [PING OK] DE | VLESS | 5569ms
2026-02-26 17:00:14 [INFO]    [PING OK] SE | VLESS | 5551ms
2026-02-26 17:00:14 [INFO]    [PING OK] ES | VLESS | 5676ms
2026-02-26 17:00:15 [INFO]    [PING OK] NL | VLESS | 5161ms
2026-02-26 17:00:17 [INFO]    [PING OK] DE | VLESS | 8566ms
2026-02-26 17:00:18 [INFO]    [PING OK] TR | VLESS | 4214ms
2026-02-26 17:00:19 [INFO]    [PING OK] DE | VLESS | 4381ms
2026-02-26 17:00:19 [INFO]    [PING OK] NL | VLESS | 5198ms
2026-02-26 17:00:19 [INFO]    [PING OK] DE | VLESS | 4880ms
2026-02-26 17:00:19 [INFO]    [PING OK] DE | VLESS | 9318ms
2026-02-26 17:00:20 [INFO]    [PING OK] NL | VLESS | 4458ms
2026-02-26 17:00:20 [INFO]    [PING OK] PL | VLESS | 4482ms
2026-02-26 17:00:21 [INFO]    [PING OK] DE | VLESS | 4671ms
2026-02-26 17:00:22 [INFO]    [PING OK] US | VLESS | 6795ms
2026-02-26 17:00:23 [INFO]    [PING OK] FR | VLESS | 3608ms
2026-02-26 17:00:23 [INFO]    [PING OK] FI | VLESS | 3706ms
2026-02-26 17:00:23 [INFO]    [PING OK] CA | VLESS | 4183ms
2026-02-26 17:00:23 [INFO]    [PING OK] FI | VLESS | 3613ms
2026-02-26 17:00:23 [INFO]    [PING OK] LT | VLESS | 4891ms
2026-02-26 17:00:24 [INFO]    [PING OK] FI | VLESS | 3344ms
2026-02-26 17:00:24 [INFO]    [PING OK] CH | VLESS | 3815ms
2026-02-26 17:00:24 [INFO]    [PING OK] PL | VLESS | 4035ms
2026-02-26 17:00:24 [INFO]    [PING OK] DE | VLESS | 6263ms
2026-02-26 17:00:25 [INFO]    [PING OK] HK | VLESS | 4458ms
2026-02-26 17:00:25 [INFO]    [PING OK] LV | VLESS | 3627ms
2026-02-26 17:00:25 [INFO]    [PING OK] DE | VLESS | 3749ms
2026-02-26 17:00:25 [INFO]    [PING OK] DE | VLESS | 3741ms
2026-02-26 17:00:26 [INFO]    [PING OK] EE | VLESS | 5107ms
2026-02-26 17:00:26 [INFO]    [PING OK] NL | VLESS | 4457ms
2026-02-26 17:00:27 [INFO]    [PING OK] EE | VLESS | 4450ms
2026-02-26 17:00:27 [INFO]    [PING OK] ES | VLESS | 4427ms
2026-02-26 17:00:28 [INFO]    [PING OK] TR | VLESS | 4228ms
2026-02-26 17:00:29 [INFO]    [PING OK] FI | VLESS | 3595ms
2026-02-26 17:00:29 [INFO]    [PING OK] ES | VLESS | 3979ms
2026-02-26 17:00:29 [INFO]    [PING OK] NL | VLESS | 4831ms
2026-02-26 17:00:29 [INFO]    [PING OK] CA | VLESS | 4123ms
2026-02-26 17:00:29 [INFO]    [PING OK] US | VLESS | 4165ms
2026-02-26 17:00:29 [INFO]    [PING OK] ES | VLESS | 4104ms
2026-02-26 17:00:29 [INFO]    [PING OK] NL | VLESS | 3985ms
2026-02-26 17:00:30 [INFO]    [PING OK] DE | VLESS | 3999ms
2026-02-26 17:00:30 [INFO]    [PING OK] IT | VLESS | 4794ms
2026-02-26 17:00:30 [INFO]    [PING OK] DE | VLESS | 4393ms
2026-02-26 17:00:30 [INFO]    [PING OK] FR | VLESS | 4288ms
2026-02-26 17:00:30 [INFO]    [PING OK] HK | VLESS | 5262ms
2026-02-26 17:00:31 [INFO]    [PING OK] US | VLESS | 5674ms
2026-02-26 17:00:31 [INFO]    [PING OK] TR | VLESS | 4252ms
2026-02-26 17:00:32 [INFO]    [PING OK] US | VLESS | 4181ms
2026-02-26 17:00:32 [INFO]    [PING OK] US | VLESS | 3939ms
2026-02-26 17:00:33 [INFO]    [PING OK] US | VLESS | 4408ms
2026-02-26 17:00:33 [INFO]    [PING OK] DE | VLESS | 4239ms
2026-02-26 17:00:33 [INFO]    [PING OK] DE | VLESS | 4316ms
2026-02-26 17:00:33 [INFO]    [PING OK] DE | VLESS | 4323ms
2026-02-26 17:00:33 [INFO]    [PING OK] PL | VLESS | 4575ms
2026-02-26 17:00:33 [INFO]    [PING OK] TR | VLESS | 4664ms
2026-02-26 17:00:34 [INFO]    [PING OK] DE | VLESS | 4554ms
2026-02-26 17:00:34 [INFO]    [PING OK] ES | VLESS | 4657ms
2026-02-26 17:00:34 [INFO]    [PING OK] FI | VLESS | 5564ms
2026-02-26 17:00:34 [INFO]    [PING OK] IT | VLESS | 4230ms
2026-02-26 17:00:34 [INFO]    [PING OK] DE | VLESS | 4462ms
2026-02-26 17:00:35 [INFO]    [PING OK] CA | VLESS | 4566ms
2026-02-26 17:00:35 [INFO]    [PING OK] LT | VLESS | 6108ms
2026-02-26 17:00:35 [INFO]    [PING OK] CA | VLESS | 4672ms
2026-02-26 17:00:36 [INFO]    [PING OK] DE | VLESS | 4936ms
2026-02-26 17:00:36 [INFO]    [PING OK] LV | VLESS | 5068ms
2026-02-26 17:00:36 [INFO]    [PING OK] US | VLESS | 4808ms
2026-02-26 17:00:36 [INFO]    [PING OK] HU | VLESS | 5313ms
2026-02-26 17:00:37 [INFO]    [PING OK] CA | VLESS | 5054ms
2026-02-26 17:00:37 [INFO]    [PING OK] ES | VLESS | 5157ms
2026-02-26 17:00:37 [INFO]    [PING OK] ES | VLESS | 6146ms
2026-02-26 17:00:38 [INFO]    [PING OK] CA | VLESS | 5158ms
2026-02-26 17:00:39 [INFO]    [PING OK] LV | VLESS | 4941ms
2026-02-26 17:00:39 [INFO]    [PING OK] CA | VLESS | 5239ms
2026-02-26 17:00:39 [INFO]    [PING OK] TR | VLESS | 5179ms
2026-02-26 17:00:39 [INFO]    [PING OK] FR | VLESS | 4061ms
2026-02-26 17:00:39 [INFO]    [PING OK] NL | VLESS | 8002ms
2026-02-26 17:00:39 [INFO]    [PING OK] US | VLESS | 4236ms
2026-02-26 17:00:39 [INFO]    [PING OK] CA | VLESS | 4230ms
2026-02-26 17:00:40 [INFO]    [PING OK] CA | VLESS | 4523ms
2026-02-26 17:00:40 [INFO]    [PING OK] CA | VLESS | 2995ms
2026-02-26 17:00:40 [INFO]    [PING OK] SG | VLESS | 5556ms
2026-02-26 17:00:40 [INFO]    [PING OK] CA | VLESS | 2761ms
2026-02-26 17:00:40 [INFO]    [PING OK] CA | VLESS | 2283ms
2026-02-26 17:00:41 [INFO]    [PING OK] DE | VLESS | 6346ms
2026-02-26 17:00:42 [INFO]    [PING OK] CA | VLESS | 3151ms
2026-02-26 17:00:42 [INFO]    [PING OK] US | VLESS | 4735ms
2026-02-26 17:00:44 [INFO] 🏎️ ЭТАП 2: Глубокий замер скорости для 40 иностранных кандидатов...
2026-02-26 17:00:48 [INFO]    🏆 LV | VLESS | Пинг: 3627ms | Скорость: 6.95 Mbps ⚡⚡
2026-02-26 17:00:48 [INFO]    🏆 DE | VLESS | Пинг: 3741ms | Скорость: 7.03 Mbps ⚡⚡
2026-02-26 17:00:48 [INFO]    🏆 FI | VLESS | Пинг: 3613ms | Скорость: 6.89 Mbps ⚡⚡
2026-02-26 17:00:48 [INFO]    🏆 CH | VLESS | Пинг: 3815ms | Скорость: 7.05 Mbps ⚡⚡
2026-02-26 17:00:48 [INFO]    🏆 FI | VLESS | Пинг: 3595ms | Скорость: 6.62 Mbps ⚡⚡
2026-02-26 17:00:51 [INFO]    🏆 DE | VLESS | Пинг: 3999ms | Скорость: 11.58 Mbps ⚡⚡
2026-02-26 17:00:51 [INFO]    🏆 FR | VLESS | Пинг: 3608ms | Скорость: 1.93 Mbps ⚡
2026-02-26 17:00:51 [INFO]    🏆 DE | VLESS | Пинг: 3749ms | Скорость: 2.95 Mbps ⚡
2026-02-26 17:00:52 [INFO]    🏆 US | VLESS | Пинг: 3939ms | Скорость: 3.06 Mbps ⚡⚡
2026-02-26 17:00:52 [INFO]    🏆 FI | VLESS | Пинг: 3706ms | Скорость: 1.07 Mbps 
2026-02-26 17:00:54 [INFO]    🏆 US | VLESS | Пинг: 4165ms | Скорость: 9.01 Mbps ⚡⚡
2026-02-26 17:00:54 [INFO]    🏆 NL | VLESS | Пинг: 3985ms | Скорость: 3.99 Mbps ⚡⚡
2026-02-26 17:00:55 [INFO]    🏆 TR | VLESS | Пинг: 4214ms | Скорость: 7.36 Mbps ⚡⚡
2026-02-26 17:00:55 [INFO]    🏆 DE | VLESS | Пинг: 4239ms | Скорость: 7.53 Mbps ⚡⚡
2026-02-26 17:00:55 [INFO]    🏆 TR | VLESS | Пинг: 4252ms | Скорость: 7.65 Mbps ⚡⚡
2026-02-26 17:00:55 [INFO]    🏆 ES | VLESS | Пинг: 4104ms | Скорость: 1.2 Mbps 
2026-02-26 17:00:55 [INFO]    🏆 US | VLESS | Пинг: 4236ms | Скорость: 6.31 Mbps ⚡⚡
2026-02-26 17:00:56 [INFO]    🏆 US | VLESS | Пинг: 4181ms | Скорость: 4.93 Mbps ⚡⚡
2026-02-26 17:00:56 [INFO]    🏆 PL | VLESS | Пинг: 4035ms | Скорость: 1.39 Mbps 
2026-02-26 17:00:56 [INFO]    🏆 DE | VLESS | Пинг: 4316ms | Скорость: 10.7 Mbps ⚡⚡
2026-02-26 17:00:56 [INFO]    🏆 TR | VLESS | Пинг: 4228ms | Скорость: 4.59 Mbps ⚡⚡
2026-02-26 17:00:58 [INFO]    🏆 US | VLESS | Пинг: 4408ms | Скорость: 9.34 Mbps ⚡⚡
2026-02-26 17:00:58 [INFO]    🏆 DE | VLESS | Пинг: 4381ms | Скорость: 7.37 Mbps ⚡⚡
2026-02-26 17:00:58 [INFO]    🏆 CA | VLESS | Пинг: 4230ms | Скорость: 0.73 Mbps 
2026-02-26 17:01:03 [INFO] 📊 Итого в подписке сохранено иностранных серверов: 10
2026-02-26 17:01:03 [INFO] 💾 Файл успешно сохранен: FL1PVPN
