2026-02-23 01:20:05 [INFO] 🚀 START: Smart Selector (Target: 10, ONLY FOREIGN)
2026-02-23 01:20:05 [INFO] 🌐 Загрузка источников (VLESS + VMess)...
2026-02-23 01:20:10 [INFO] 🔍 Уникальных конфигов собрано: 658
2026-02-23 01:20:10 [INFO] ⚡ ЭТАП 1: Замер Пинга и Геолокации. Workers: 40...
2026-02-23 01:20:17 [INFO]    [PING OK] EE | VLESS | 4077ms
2026-02-23 01:20:17 [INFO]    [PING OK] DE | VLESS | 4713ms
2026-02-23 01:20:18 [INFO]    [PING OK] HU | VLESS | 3317ms
2026-02-23 01:20:20 [INFO]    [PING OK] ES | VLESS | 3767ms
2026-02-23 01:20:20 [INFO]    [PING OK] FR | VLESS | 3794ms
2026-02-23 01:20:21 [INFO]    [PING OK] DE | VLESS | 4339ms
2026-02-23 01:20:21 [INFO]    [PING OK] PL | VLESS | 3922ms
2026-02-23 01:20:21 [INFO]    [PING OK] ES | VLESS | 4360ms
2026-02-23 01:20:21 [INFO]    [PING OK] TR | VLESS | 4292ms
2026-02-23 01:20:21 [INFO]    [PING OK] DE | VLESS | 3676ms
2026-02-23 01:20:21 [INFO]    [PING OK] PL | VLESS | 3749ms
2026-02-23 01:20:21 [INFO]    [PING OK] US | VLESS | 4198ms
2026-02-23 01:20:22 [INFO]    [PING OK] HU | VLESS | 3936ms
2026-02-23 01:20:22 [INFO]    [PING OK] PL | VLESS | 3953ms
2026-02-23 01:20:22 [INFO]    [PING OK] CA | VLESS | 4276ms
2026-02-23 01:20:22 [INFO]    [PING OK] HU | VLESS | 4069ms
2026-02-23 01:20:23 [INFO]    [PING OK] ES | VLESS | 4453ms
2026-02-23 01:20:23 [INFO]    [PING OK] PL | VLESS | 4052ms
2026-02-23 01:20:23 [INFO]    [PING OK] PL | VLESS | 4519ms
2026-02-23 01:20:24 [INFO]    [PING OK] PL | VLESS | 4582ms
2026-02-23 01:20:25 [INFO]    [PING OK] IT | VLESS | 4852ms
2026-02-23 01:20:26 [INFO]    [PING OK] DE | VLESS | 5132ms
2026-02-23 01:20:26 [INFO]    [PING OK] ES | VLESS | 4963ms
2026-02-23 01:20:26 [INFO]    [PING OK] IT | VLESS | 5100ms
2026-02-23 01:20:27 [INFO]    [PING OK] PL | VLESS | 4927ms
2026-02-23 01:20:27 [INFO]    [PING OK] NL | VLESS | 5044ms
2026-02-23 01:20:28 [INFO]    [PING OK] CA | VLESS | 5357ms
2026-02-23 01:20:28 [INFO]    [PING OK] CA | VLESS | 5380ms
2026-02-23 01:20:28 [INFO]    [PING OK] NL | VLESS | 5270ms
2026-02-23 01:20:30 [INFO]    [PING OK] CA | VLESS | 5484ms
2026-02-23 01:20:31 [INFO]    [PING OK] NL | VLESS | 5592ms
2026-02-23 01:20:31 [INFO]    [PING OK] CA | VLESS | 5905ms
2026-02-23 01:20:31 [INFO]    [PING OK] CA | VLESS | 6184ms
2026-02-23 01:20:32 [INFO]    [PING OK] CA | VLESS | 5820ms
2026-02-23 01:20:32 [INFO]    [PING OK] DE | VLESS | 5629ms
2026-02-23 01:20:33 [INFO]    [PING OK] CA | VLESS | 6239ms
2026-02-23 01:20:33 [INFO]    [PING OK] SE | VLESS | 5277ms
2026-02-23 01:20:33 [INFO]    [PING OK] BY | VLESS | 5549ms
2026-02-23 01:20:33 [INFO]    [PING OK] CA | VLESS | 5580ms
2026-02-23 01:20:34 [INFO]    [PING OK] DE | VLESS | 5261ms
2026-02-23 01:20:34 [INFO]    [PING OK] CA | VLESS | 5863ms
2026-02-23 01:20:34 [INFO]    [PING OK] CA | VLESS | 5228ms
2026-02-23 01:20:34 [INFO]    [PING OK] CA | VLESS | 5446ms
2026-02-23 01:20:35 [INFO]    [PING OK] DE | VLESS | 3920ms
2026-02-23 01:20:36 [INFO]    [PING OK] FI | VLESS | 3605ms
2026-02-23 01:20:36 [INFO]    [PING OK] CA | VLESS | 4409ms
2026-02-23 01:20:36 [INFO]    [PING OK] DE | VLESS | 3535ms
2026-02-23 01:20:36 [INFO]    [PING OK] CA | VLESS | 4278ms
2026-02-23 01:20:36 [INFO]    [PING OK] CA | VLESS | 3830ms
2026-02-23 01:20:37 [INFO]    [PING OK] CA | VLESS | 3670ms
2026-02-23 01:20:37 [INFO]    [PING OK] DE | VLESS | 3131ms
2026-02-23 01:20:37 [INFO]    [PING OK] FR | VLESS | 2462ms
2026-02-23 01:20:37 [INFO]    [PING OK] US | VLESS | 4050ms
2026-02-23 01:20:37 [INFO]    [PING OK] US | VLESS | 2640ms
2026-02-23 01:20:38 [INFO]    [PING OK] JP | VLESS | 2780ms
2026-02-23 01:20:38 [INFO]    [PING OK] SG | VLESS | 1682ms
2026-02-23 01:20:38 [INFO]    [PING OK] CA | VLESS | 4382ms
2026-02-23 01:20:38 [INFO]    [PING OK] DE | VLESS | 1703ms
2026-02-23 01:20:38 [INFO]    [PING OK] FR | VLESS | 1713ms
2026-02-23 01:20:39 [INFO]    [PING OK] CA | VLESS | 3637ms
2026-02-23 01:20:39 [INFO]    [PING OK] FR | VLESS | 1910ms
2026-02-23 01:20:40 [INFO]    [PING OK] DE | VLESS | 2209ms
2026-02-23 01:20:41 [INFO]    [PING OK] KR | VLESS | 4556ms
2026-02-23 01:20:41 [INFO]    [PING OK] DE | VLESS | 2226ms
2026-02-23 01:20:41 [INFO]    [PING OK] CA | VLESS | 2938ms
2026-02-23 01:20:41 [INFO]    [PING OK] NL | VLESS | 2340ms
2026-02-23 01:20:41 [INFO]    [PING OK] CA | VLESS | 3014ms
2026-02-23 01:20:41 [INFO]    [PING OK] JP | VLESS | 3474ms
2026-02-23 01:20:42 [INFO]    [PING OK] CA | VLESS | 2715ms
2026-02-23 01:20:42 [INFO]    [PING OK] PL | VLESS | 2162ms
2026-02-23 01:20:42 [INFO]    [PING OK] CA | VLESS | 2523ms
2026-02-23 01:20:44 [INFO]    [PING OK] SG | VLESS | 2672ms
2026-02-23 01:20:44 [INFO]    [PING OK] DE | VLESS | 2763ms
2026-02-23 01:20:45 [INFO]    [PING OK] CA | VLESS | 3195ms
2026-02-23 01:20:45 [INFO]    [PING OK] EE | VLESS | 3135ms
2026-02-23 01:20:45 [INFO]    [PING OK] LT | VLESS | 3265ms
2026-02-23 01:20:45 [INFO]    [PING OK] FR | VLESS | 3172ms
2026-02-23 01:20:46 [INFO]    [PING OK] DE | VLESS | 3252ms
2026-02-23 01:20:46 [INFO]    [PING OK] DE | VLESS | 3379ms
2026-02-23 01:20:48 [INFO]    [PING OK] US | VLESS | 3980ms
2026-02-23 01:20:48 [INFO]    [PING OK] US | VLESS | 4171ms
2026-02-23 01:20:49 [INFO]    [PING OK] CA | VLESS | 4933ms
2026-02-23 01:20:49 [INFO]    [PING OK] CA | VLESS | 5679ms
2026-02-23 01:20:49 [INFO]    [PING OK] CA | VLESS | 4269ms
2026-02-23 01:20:49 [INFO]    [PING OK] CA | VLESS | 4346ms
2026-02-23 01:20:49 [INFO]    [PING OK] CA | VLESS | 4303ms
2026-02-23 01:20:50 [INFO]    [PING OK] FR | VLESS | 3819ms
2026-02-23 01:20:50 [INFO]    [PING OK] CA | VLESS | 4596ms
2026-02-23 01:20:50 [INFO]    [PING OK] CA | VLESS | 4460ms
2026-02-23 01:20:51 [INFO]    [PING OK] CA | VLESS | 5552ms
2026-02-23 01:20:51 [INFO]    [PING OK] CA | VLESS | 3696ms
2026-02-23 01:20:51 [INFO]    [PING OK] CA | VLESS | 3868ms
2026-02-23 01:20:51 [INFO]    [PING OK] FR | VLESS | 3024ms
2026-02-23 01:20:51 [INFO]    [PING OK] CA | VLESS | 3807ms
2026-02-23 01:20:51 [INFO]    [PING OK] DE | VLESS | 2593ms
2026-02-23 01:20:51 [INFO]    [PING OK] SG | VLESS | 3032ms
2026-02-23 01:20:51 [INFO]    [PING OK] US | VLESS | 3027ms
2026-02-23 01:20:51 [INFO]    [PING OK] CA | VLESS | 5467ms
2026-02-23 01:20:52 [INFO]    [PING OK] CA | VLESS | 3354ms
2026-02-23 01:20:52 [INFO]    [PING OK] FI | VLESS | 2430ms
2026-02-23 01:20:53 [INFO]    [PING OK] TR | VLESS | 2979ms
2026-02-23 01:20:53 [INFO]    [PING OK] DE | VLESS | 5477ms
2026-02-23 01:20:54 [INFO]    [PING OK] DE | VLESS | 3013ms
2026-02-23 01:20:54 [INFO]    [PING OK] CA | VLESS | 3427ms
2026-02-23 01:20:54 [INFO]    [PING OK] CA | VLESS | 8794ms
2026-02-23 01:20:55 [INFO]    [PING OK] DE | VLESS | 3950ms
2026-02-23 01:20:56 [INFO]    [PING OK] CA | VLESS | 4383ms
2026-02-23 01:20:56 [INFO]    [PING OK] CA | VLESS | 4921ms
2026-02-23 01:20:57 [INFO]    [PING OK] CA | VLESS | 4857ms
2026-02-23 01:20:57 [INFO]    [PING OK] CA | VLESS | 4713ms
2026-02-23 01:20:57 [INFO]    [PING OK] CA | VLESS | 4579ms
2026-02-23 01:20:58 [INFO]    [PING OK] SG | VLESS | 3822ms
2026-02-23 01:20:59 [INFO]    [PING OK] LV | VLESS | 3270ms
2026-02-23 01:20:59 [INFO]    [PING OK] US | VLESS | 3055ms
2026-02-23 01:20:59 [INFO]    [PING OK] SG | VLESS | 2859ms
2026-02-23 01:20:59 [INFO]    [PING OK] SG | VLESS | 2601ms
2026-02-23 01:20:59 [INFO]    [PING OK] SG | VLESS | 2642ms
2026-02-23 01:21:00 [INFO]    [PING OK] FR | VLESS | 2217ms
2026-02-23 01:21:00 [INFO]    [PING OK] DE | VLESS | 2167ms
2026-02-23 01:21:00 [INFO]    [PING OK] FR | VLESS | 1705ms
2026-02-23 01:21:01 [INFO]    [PING OK] DE | VLESS | 1508ms
2026-02-23 01:21:01 [INFO]    [PING OK] FR | VLESS | 1195ms
2026-02-23 01:21:01 [INFO]    [PING OK] US | VLESS | 1321ms
2026-02-23 01:21:01 [INFO]    [PING OK] GB | VLESS | 1151ms
2026-02-23 01:21:01 [INFO]    [PING OK] GB | VLESS | 1080ms
2026-02-23 01:21:02 [INFO]    [PING OK] FI | VLESS | 963ms
2026-02-23 01:21:02 [INFO]    [PING OK] TR | VLESS | 7502ms
2026-02-23 01:21:02 [INFO]    [PING OK] CA | VLESS | 1649ms
2026-02-23 01:21:02 [INFO]    [PING OK] CA | VLESS | 3581ms
2026-02-23 01:21:02 [INFO]    [PING OK] CA | VLESS | 2053ms
2026-02-23 01:21:04 [INFO]    [PING OK] CA | VLESS | 2641ms
2026-02-23 01:21:05 [INFO]    [PING OK] PL | VLESS | 3147ms
2026-02-23 01:21:05 [INFO]    [PING OK] CA | VLESS | 3533ms
2026-02-23 01:21:06 [INFO]    [PING OK] CA | VLESS | 3950ms
2026-02-23 01:21:06 [INFO]    [PING OK] CA | VLESS | 4152ms
2026-02-23 01:21:06 [INFO]    [PING OK] NL | VLESS | 3935ms
2026-02-23 01:21:07 [INFO]    [PING OK] DE | VLESS | 3883ms
2026-02-23 01:21:07 [INFO]    [PING OK] DE | VLESS | 3957ms
2026-02-23 01:21:07 [INFO]    [PING OK] NL | VLESS | 3839ms
2026-02-23 01:21:07 [INFO]    [PING OK] DE | VLESS | 4067ms
2026-02-23 01:21:07 [INFO]    [PING OK] CA | VLESS | 4388ms
2026-02-23 01:21:07 [INFO]    [PING OK] CA | VLESS | 4107ms
2026-02-23 01:21:07 [INFO]    [PING OK] DE | VLESS | 4008ms
2026-02-23 01:21:07 [INFO]    [PING OK] CA | VLESS | 4248ms
2026-02-23 01:21:08 [INFO]    [PING OK] CA | VLESS | 4032ms
2026-02-23 01:21:09 [INFO]    [PING OK] DE | VLESS | 4078ms
2026-02-23 01:21:09 [INFO]    [PING OK] FR | VLESS | 3696ms
2026-02-23 01:21:10 [INFO]    [PING OK] NL | VLESS | 3240ms
2026-02-23 01:21:10 [INFO]    [PING OK] DE | VLESS | 3397ms
2026-02-23 01:21:10 [INFO]    [PING OK] DE | VLESS | 3190ms
2026-02-23 01:21:10 [INFO]    [PING OK] FR | VLESS | 2686ms
2026-02-23 01:21:10 [INFO]    [PING OK] DE | VLESS | 2103ms
2026-02-23 01:21:11 [INFO]    [PING OK] DE | VLESS | 4763ms
2026-02-23 01:21:11 [INFO]    [PING OK] FR | VLESS | 988ms
2026-02-23 01:21:11 [INFO]    [PING OK] BR | VLESS | 1964ms
2026-02-23 01:21:11 [INFO]    [PING OK] CA | VLESS | 2980ms
2026-02-23 01:21:11 [INFO]    [PING OK] LV | VLESS | 360ms
2026-02-23 01:21:11 [INFO]    [PING OK] CA | VLESS | 3780ms
2026-02-23 01:21:12 [INFO]    [PING OK] CA | VLESS | 1778ms
2026-02-23 01:21:12 [INFO]    [PING OK] CA | VLESS | 1920ms
2026-02-23 01:21:13 [INFO]    [PING OK] DE | VLESS | 1419ms
2026-02-23 01:21:13 [INFO]    [PING OK] PL | VLESS | 1443ms
2026-02-23 01:21:13 [INFO]    [PING OK] CA | VLESS | 1779ms
2026-02-23 01:21:13 [INFO]    [PING OK] DE | VLESS | 1413ms
2026-02-23 01:21:14 [INFO]    [PING OK] DE | VLESS | 1240ms
2026-02-23 01:21:14 [INFO]    [PING OK] DE | VLESS | 1548ms
2026-02-23 01:21:15 [INFO]    [PING OK] CA | VLESS | 3120ms
2026-02-23 01:21:18 [INFO] 🏎️ ЭТАП 2: Глубокий замер скорости для 40 иностранных кандидатов...
2026-02-23 01:21:22 [INFO]    🏆 FI | VLESS | Пинг: 963ms | Скорость: 6.73 Mbps ⚡⚡
2026-02-23 01:21:22 [INFO]    🏆 DE | VLESS | Пинг: 1419ms | Скорость: 6.91 Mbps ⚡⚡
2026-02-23 01:21:22 [INFO]    🏆 DE | VLESS | Пинг: 1508ms | Скорость: 6.91 Mbps ⚡⚡
2026-02-23 01:21:23 [INFO]    🏆 DE | VLESS | Пинг: 1413ms | Скорость: 6.01 Mbps ⚡⚡
2026-02-23 01:21:23 [INFO]    🏆 DE | VLESS | Пинг: 1548ms | Скорость: 5.22 Mbps ⚡⚡
2026-02-23 01:21:23 [INFO]    🏆 US | VLESS | Пинг: 1321ms | Скорость: 5.03 Mbps ⚡⚡
2026-02-23 01:21:24 [INFO]    🏆 CA | VLESS | Пинг: 1649ms | Скорость: 4.7 Mbps ⚡⚡
2026-02-23 01:21:24 [INFO]    🏆 SG | VLESS | Пинг: 1682ms | Скорость: 4.18 Mbps ⚡⚡
2026-02-23 01:21:25 [INFO]    🏆 DE | VLESS | Пинг: 1240ms | Скорость: 3.61 Mbps ⚡⚡
2026-02-23 01:21:25 [INFO]    🏆 FR | VLESS | Пинг: 988ms | Скорость: 3.47 Mbps ⚡⚡
2026-02-23 01:21:25 [INFO]    🏆 LV | VLESS | Пинг: 360ms | Скорость: 3.26 Mbps ⚡⚡
2026-02-23 01:21:25 [INFO]    🏆 GB | VLESS | Пинг: 1080ms | Скорость: 3.03 Mbps ⚡⚡
2026-02-23 01:21:25 [INFO]    🏆 GB | VLESS | Пинг: 1151ms | Скорость: 2.33 Mbps ⚡
2026-02-23 01:21:25 [INFO]    🏆 FR | VLESS | Пинг: 1195ms | Скорость: 2.94 Mbps ⚡
2026-02-23 01:21:25 [INFO]    🏆 DE | VLESS | Пинг: 1703ms | Скорость: 8.39 Mbps ⚡⚡
2026-02-23 01:21:26 [INFO]    🏆 FR | VLESS | Пинг: 1910ms | Скорость: 11.48 Mbps ⚡⚡
2026-02-23 01:21:26 [INFO]    🏆 FR | VLESS | Пинг: 1713ms | Скорость: 6.89 Mbps ⚡⚡
2026-02-23 01:21:26 [INFO]    🏆 FR | VLESS | Пинг: 1705ms | Скорость: 6.82 Mbps ⚡⚡
2026-02-23 01:21:27 [INFO]    🏆 CA | VLESS | Пинг: 1779ms | Скорость: 6.15 Mbps ⚡⚡
2026-02-23 01:21:27 [INFO]    🏆 DE | VLESS | Пинг: 2103ms | Скорость: 13.95 Mbps ⚡⚡
2026-02-23 01:21:28 [INFO]    🏆 BR | VLESS | Пинг: 1964ms | Скорость: 5.87 Mbps ⚡⚡
2026-02-23 01:21:28 [INFO]    🏆 DE | VLESS | Пинг: 2167ms | Скорость: 8.13 Mbps ⚡⚡
2026-02-23 01:21:28 [INFO]    🏆 DE | VLESS | Пинг: 2226ms | Скорость: 8.32 Mbps ⚡⚡
2026-02-23 01:21:28 [INFO]    🏆 DE | VLESS | Пинг: 2209ms | Скорость: 8.05 Mbps ⚡⚡
2026-02-23 01:21:29 [INFO]    🏆 FR | VLESS | Пинг: 2217ms | Скорость: 8.22 Mbps ⚡⚡
2026-02-23 01:21:29 [INFO]    🏆 FI | VLESS | Пинг: 2430ms | Скорость: 9.35 Mbps ⚡⚡
2026-02-23 01:21:29 [INFO]    🏆 NL | VLESS | Пинг: 2340ms | Скорость: 8.19 Mbps ⚡⚡
2026-02-23 01:21:29 [INFO]    🏆 FR | VLESS | Пинг: 2462ms | Скорость: 10.21 Mbps ⚡⚡
2026-02-23 01:21:29 [INFO]    🏆 DE | VLESS | Пинг: 2593ms | Скорость: 10.13 Mbps ⚡⚡
2026-02-23 01:21:30 [INFO]    🏆 SG | VLESS | Пинг: 2601ms | Скорость: 9.03 Mbps ⚡⚡
2026-02-23 01:21:30 [INFO]    🏆 SG | VLESS | Пинг: 2642ms | Скорость: 16.67 Mbps ⚡⚡
2026-02-23 01:21:30 [INFO]    🏆 SG | VLESS | Пинг: 2672ms | Скорость: 17.86 Mbps ⚡⚡
2026-02-23 01:21:30 [INFO]    🏆 CA | VLESS | Пинг: 1920ms | Скорость: 1.88 Mbps ⚡
2026-02-23 01:21:31 [INFO]    🏆 CA | VLESS | Пинг: 2641ms | Скорость: 8.59 Mbps ⚡⚡
2026-02-23 01:21:31 [INFO]    🏆 US | VLESS | Пинг: 2640ms | Скорость: 6.34 Mbps ⚡⚡
2026-02-23 01:21:31 [INFO] 📊 Итого в подписке сохранено иностранных серверов: 10
2026-02-23 01:21:31 [INFO] 💾 Файл успешно сохранен: FL1PVPN
