2026-02-24 00:50:05 [INFO] 🚀 START: Smart Selector (Target: 10, ONLY FOREIGN)
2026-02-24 00:50:05 [INFO] 🌐 Загрузка источников (VLESS + VMess)...
2026-02-24 00:50:06 [INFO] 🔍 Уникальных конфигов собрано: 161
2026-02-24 00:50:06 [INFO] ⚡ ЭТАП 1: Замер Пинга и Геолокации. Workers: 40...
2026-02-24 00:50:11 [INFO]    [PING OK] IT | VLESS | 4040ms
2026-02-24 00:50:11 [INFO]    [PING OK] DE | VLESS | 4059ms
2026-02-24 00:50:11 [INFO]    [PING OK] ES | VLESS | 4148ms
2026-02-24 00:50:11 [INFO]    [PING OK] EE | VLESS | 4114ms
2026-02-24 00:50:11 [INFO]    [PING OK] HU | VLESS | 4205ms
2026-02-24 00:50:11 [INFO]    [PING OK] ES | VLESS | 4538ms
2026-02-24 00:50:12 [INFO]    [PING OK] HU | VLESS | 4158ms
2026-02-24 00:50:12 [INFO]    [PING OK] TR | VLESS | 4258ms
2026-02-24 00:50:12 [INFO]    [PING OK] ES | VLESS | 4277ms
2026-02-24 00:50:12 [INFO]    [PING OK] US | VLESS | 4260ms
2026-02-24 00:50:12 [INFO]    [PING OK] HU | VLESS | 4215ms
2026-02-24 00:50:13 [INFO]    [PING OK] ES | VLESS | 4037ms
2026-02-24 00:50:14 [INFO]    [PING OK] CA | VLESS | 4743ms
2026-02-24 00:50:14 [INFO]    [PING OK] ES | VLESS | 4452ms
2026-02-24 00:50:14 [INFO]    [PING OK] PL | VLESS | 5893ms
2026-02-24 00:50:15 [INFO]    [PING OK] DE | VLESS | 5195ms
2026-02-24 00:50:15 [INFO]    [PING OK] TR | VLESS | 5602ms
2026-02-24 00:50:15 [INFO]    [PING OK] FI | VLESS | 4960ms
2026-02-24 00:50:16 [INFO]    [PING OK] ES | VLESS | 5187ms
2026-02-24 00:50:16 [INFO]    [PING OK] TR | VLESS | 5400ms
2026-02-24 00:50:17 [INFO]    [PING OK] DE | VLESS | 5159ms
2026-02-24 00:50:17 [INFO]    [PING OK] DE | VLESS | 5451ms
2026-02-24 00:50:17 [INFO]    [PING OK] NL | VLESS | 4949ms
2026-02-24 00:50:17 [INFO]    [PING OK] DE | VLESS | 4929ms
2026-02-24 00:50:17 [INFO]    [PING OK] US | VLESS | 5083ms
2026-02-24 00:50:17 [INFO]    [PING OK] DE | VLESS | 4870ms
2026-02-24 00:50:17 [INFO]    [PING OK] DE | VLESS | 5393ms
2026-02-24 00:50:18 [INFO]    [PING OK] DE | VLESS | 4910ms
2026-02-24 00:50:18 [INFO]    [PING OK] SE | VLESS | 5026ms
2026-02-24 00:50:18 [INFO]    [PING OK] CA | VLESS | 5612ms
2026-02-24 00:50:18 [INFO]    [PING OK] CA | VLESS | 5025ms
2026-02-24 00:50:18 [INFO]    [PING OK] US | VLESS | 5525ms
2026-02-24 00:50:18 [INFO]    [PING OK] SE | VLESS | 4619ms
2026-02-24 00:50:19 [INFO]    [PING OK] NL | VLESS | 5101ms
2026-02-24 00:50:20 [INFO]    [PING OK] SE | VLESS | 4391ms
2026-02-24 00:50:20 [INFO]    [PING OK] DE | VLESS | 4518ms
2026-02-24 00:50:20 [INFO]    [PING OK] DE | VLESS | 4266ms
2026-02-24 00:50:21 [INFO]    [PING OK] DE | VLESS | 4529ms
2026-02-24 00:50:22 [INFO]    [PING OK] SE | VLESS | 4708ms
2026-02-24 00:50:22 [INFO]    [PING OK] DE | VLESS | 4550ms
2026-02-24 00:50:22 [INFO]    [PING OK] SE | VLESS | 4063ms
2026-02-24 00:50:22 [INFO]    [PING OK] DE | VLESS | 4207ms
2026-02-24 00:50:22 [INFO]    [PING OK] DE | VLESS | 4246ms
2026-02-24 00:50:22 [INFO]    [PING OK] DE | VLESS | 3795ms
2026-02-24 00:50:22 [INFO]    [PING OK] DE | VLESS | 4045ms
2026-02-24 00:50:22 [INFO]    [PING OK] SE | VLESS | 3896ms
2026-02-24 00:50:22 [INFO]    [PING OK] DE | VLESS | 4245ms
2026-02-24 00:50:22 [INFO]    [PING OK] DE | VLESS | 4083ms
2026-02-24 00:50:22 [INFO]    [PING OK] DE | VLESS | 2230ms
2026-02-24 00:50:22 [INFO]    [PING OK] SE | VLESS | 4020ms
2026-02-24 00:50:22 [INFO]    [PING OK] CA | VLESS | 4639ms
2026-02-24 00:50:23 [INFO]    [PING OK] SE | VLESS | 2463ms
2026-02-24 00:50:23 [INFO]    [PING OK] SE | VLESS | 1914ms
2026-02-24 00:50:23 [INFO]    [PING OK] CA | VLESS | 6694ms
2026-02-24 00:50:24 [INFO]    [PING OK] CA | VLESS | 8254ms
2026-02-24 00:50:25 [INFO]    [PING OK] US | VLESS | 3682ms
2026-02-24 00:50:27 [INFO]    [PING OK] CA | VLESS | 8509ms
2026-02-24 00:50:27 [INFO] 🏎️ ЭТАП 2: Глубокий замер скорости для 40 иностранных кандидатов...
2026-02-24 00:50:32 [INFO]    🏆 DE | VLESS | Пинг: 2230ms | Скорость: 5.61 Mbps ⚡⚡
2026-02-24 00:50:32 [INFO]    🏆 SE | VLESS | Пинг: 1914ms | Скорость: 5.56 Mbps ⚡⚡
2026-02-24 00:50:32 [INFO]    🏆 SE | VLESS | Пинг: 3896ms | Скорость: 5.66 Mbps ⚡⚡
2026-02-24 00:50:32 [INFO]    🏆 ES | VLESS | Пинг: 4148ms | Скорость: 5.96 Mbps ⚡⚡
2026-02-24 00:50:32 [INFO]    🏆 ES | VLESS | Пинг: 4037ms | Скорость: 5.65 Mbps ⚡⚡
2026-02-24 00:50:32 [INFO]    🏆 IT | VLESS | Пинг: 4040ms | Скорость: 5.7 Mbps ⚡⚡
2026-02-24 00:50:32 [INFO]    🏆 DE | VLESS | Пинг: 3795ms | Скорость: 5.65 Mbps ⚡⚡
2026-02-24 00:50:32 [INFO]    🏆 SE | VLESS | Пинг: 4063ms | Скорость: 5.75 Mbps ⚡⚡
2026-02-24 00:50:32 [INFO]    🏆 SE | VLESS | Пинг: 2463ms | Скорость: 5.33 Mbps ⚡⚡
2026-02-24 00:50:32 [INFO]    🏆 EE | VLESS | Пинг: 4114ms | Скорость: 5.61 Mbps ⚡⚡
2026-02-24 00:50:32 [INFO]    🏆 DE | VLESS | Пинг: 4045ms | Скорость: 5.37 Mbps ⚡⚡
2026-02-24 00:50:34 [INFO]    🏆 DE | VLESS | Пинг: 4059ms | Скорость: 0.82 Mbps 
2026-02-24 00:50:36 [INFO]    🏆 SE | VLESS | Пинг: 4391ms | Скорость: 6.7 Mbps ⚡⚡
2026-02-24 00:50:36 [INFO]    🏆 HU | VLESS | Пинг: 4205ms | Скорость: 5.86 Mbps ⚡⚡
2026-02-24 00:50:36 [INFO]    🏆 HU | VLESS | Пинг: 4158ms | Скорость: 5.77 Mbps ⚡⚡
2026-02-24 00:50:36 [INFO]    🏆 HU | VLESS | Пинг: 4215ms | Скорость: 5.72 Mbps ⚡⚡
2026-02-24 00:50:36 [INFO]    🏆 DE | VLESS | Пинг: 4245ms | Скорость: 5.63 Mbps ⚡⚡
2026-02-24 00:50:36 [INFO]    🏆 ES | VLESS | Пинг: 4277ms | Скорость: 5.86 Mbps ⚡⚡
2026-02-24 00:50:36 [INFO]    🏆 TR | VLESS | Пинг: 4258ms | Скорость: 5.4 Mbps ⚡⚡
2026-02-24 00:50:36 [INFO]    🏆 DE | VLESS | Пинг: 4266ms | Скорость: 5.6 Mbps ⚡⚡
2026-02-24 00:50:36 [INFO]    🏆 ES | VLESS | Пинг: 4452ms | Скорость: 5.8 Mbps ⚡⚡
2026-02-24 00:50:37 [INFO]    🏆 DE | VLESS | Пинг: 4207ms | Скорость: 4.95 Mbps ⚡⚡
2026-02-24 00:50:37 [INFO]    🏆 DE | VLESS | Пинг: 4518ms | Скорость: 5.39 Mbps ⚡⚡
2026-02-24 00:50:38 [INFO]    🏆 DE | VLESS | Пинг: 4529ms | Скорость: 5.69 Mbps ⚡⚡
2026-02-24 00:50:38 [INFO]    🏆 ES | VLESS | Пинг: 4538ms | Скорость: 5.88 Mbps ⚡⚡
2026-02-24 00:50:39 [INFO]    🏆 SE | VLESS | Пинг: 4708ms | Скорость: 8.65 Mbps ⚡⚡
2026-02-24 00:50:39 [INFO]    🏆 FI | VLESS | Пинг: 4960ms | Скорость: 8.98 Mbps ⚡⚡
2026-02-24 00:50:39 [INFO]    🏆 DE | VLESS | Пинг: 4929ms | Скорость: 8.62 Mbps ⚡⚡
2026-02-24 00:50:39 [INFO]    🏆 CA | VLESS | Пинг: 4639ms | Скорость: 8.26 Mbps ⚡⚡
2026-02-24 00:50:40 [INFO]    🏆 DE | VLESS | Пинг: 4910ms | Скорость: 7.16 Mbps ⚡⚡
2026-02-24 00:50:40 [INFO]    🏆 NL | VLESS | Пинг: 4949ms | Скорость: 7.32 Mbps ⚡⚡
2026-02-24 00:50:41 [INFO] 📊 Итого в подписке сохранено иностранных серверов: 10
2026-02-24 00:50:41 [INFO] 💾 Файл успешно сохранен: FL1PVPN
