2026-02-19 19:10:06 [INFO] 🚀 START: Smart VPN Selector (Target: 10, Strict Mode)
2026-02-19 19:10:06 [INFO] 🌐 Загрузка источников...
2026-02-19 19:10:11 [INFO] 🔍 Уникальных конфигов собрано: 1215
2026-02-19 19:10:11 [INFO] ⚡ ЭТАП 1: Быстрый замер Пинга (Workers: 25)...
2026-02-19 19:10:12 [INFO]    [PING OK] TR | 155ms
2026-02-19 19:10:12 [INFO]    [PING OK] TR | 286ms
2026-02-19 19:10:13 [INFO]    [PING OK] NL | 170ms
2026-02-19 19:10:13 [INFO]    [PING OK] RU | 150ms
2026-02-19 19:10:13 [INFO]    [PING OK] RU | 263ms
2026-02-19 19:10:13 [INFO]    [PING OK] DE | 1236ms
2026-02-19 19:10:14 [INFO]    [PING OK] RU | 2012ms
2026-02-19 19:10:15 [INFO]    [PING OK] NO | 2486ms
2026-02-19 19:10:16 [INFO]    [PING OK] RU | 270ms
2026-02-19 19:10:18 [INFO]    [PING OK] US | 2323ms
2026-02-19 19:10:20 [INFO]    [PING OK] DE | 1503ms
2026-02-19 19:10:21 [INFO]    [PING OK] CA | 534ms
2026-02-19 19:10:21 [INFO]    [PING OK] DE | 195ms
2026-02-19 19:10:22 [INFO]    [PING OK] DE | 155ms
2026-02-19 19:10:23 [INFO]    [PING OK] RU | 1458ms
2026-02-19 19:10:24 [INFO]    [PING OK] GB | 215ms
2026-02-19 19:10:25 [INFO]    [PING OK] LT | 1300ms
2026-02-19 19:10:25 [INFO]    [PING OK] RU | 301ms
2026-02-19 19:10:25 [INFO]    [PING OK] RU | 1639ms
2026-02-19 19:10:25 [INFO]    [PING OK] RU | 222ms
2026-02-19 19:10:25 [INFO]    [PING OK] RU | 460ms
2026-02-19 19:10:26 [INFO]    [PING OK] RU | 385ms
2026-02-19 19:10:26 [INFO]    [PING OK] RU | 212ms
2026-02-19 19:10:26 [INFO]    [PING OK] RU | 287ms
2026-02-19 19:10:26 [INFO]    [PING OK] RU | 352ms
2026-02-19 19:10:26 [INFO]    [PING OK] RU | 1305ms
2026-02-19 19:10:26 [INFO]    [PING OK] RU | 296ms
2026-02-19 19:10:27 [INFO]    [PING OK] RU | 365ms
2026-02-19 19:10:27 [INFO]    [PING OK] RU | 195ms
2026-02-19 19:10:27 [INFO]    [PING OK] RU | 299ms
2026-02-19 19:10:27 [INFO]    [PING OK] RU | 398ms
2026-02-19 19:10:27 [INFO]    [PING OK] RU | 238ms
2026-02-19 19:10:27 [INFO]    [PING OK] RU | 1868ms
2026-02-19 19:10:27 [INFO]    [PING OK] RU | 1232ms
2026-02-19 19:10:27 [INFO]    [PING OK] RU | 513ms
2026-02-19 19:10:28 [INFO]    [PING OK] RU | 646ms
2026-02-19 19:10:28 [INFO]    [PING OK] RU | 1170ms
2026-02-19 19:10:28 [INFO]    [PING OK] RU | 252ms
2026-02-19 19:10:28 [INFO]    [PING OK] RU | 626ms
2026-02-19 19:10:28 [INFO]    [PING OK] RU | 1827ms
2026-02-19 19:10:28 [INFO]    [PING OK] RU | 592ms
2026-02-19 19:10:28 [INFO]    [PING OK] RU | 333ms
2026-02-19 19:10:28 [INFO]    [PING OK] RU | 565ms
2026-02-19 19:10:28 [INFO]    [PING OK] RU | 905ms
2026-02-19 19:10:28 [INFO]    [PING OK] RU | 354ms
2026-02-19 19:10:29 [INFO]    [PING OK] RU | 750ms
2026-02-19 19:10:29 [INFO]    [PING OK] RU | 248ms
2026-02-19 19:10:29 [INFO]    [PING OK] RU | 361ms
2026-02-19 19:10:29 [INFO]    [PING OK] RU | 339ms
2026-02-19 19:10:29 [INFO]    [PING OK] RU | 285ms
2026-02-19 19:10:29 [INFO]    [PING OK] RU | 549ms
2026-02-19 19:10:29 [INFO]    [PING OK] RU | 424ms
2026-02-19 19:10:29 [INFO]    [PING OK] RU | 302ms
2026-02-19 19:10:29 [INFO]    [PING OK] RU | 233ms
2026-02-19 19:10:30 [INFO]    [PING OK] RU | 353ms
2026-02-19 19:10:30 [INFO]    [PING OK] RU | 415ms
2026-02-19 19:10:30 [INFO]    [PING OK] RU | 354ms
2026-02-19 19:10:30 [INFO]    [PING OK] RU | 107ms
2026-02-19 19:10:30 [INFO]    [PING OK] RU | 146ms
2026-02-19 19:10:31 [INFO]    [PING OK] RU | 3542ms
2026-02-19 19:10:31 [INFO]    [PING OK] SG | 418ms
2026-02-19 19:10:31 [INFO]    [PING OK] RU | 928ms
2026-02-19 19:10:32 [INFO]    [PING OK] US | 380ms
2026-02-19 19:10:32 [INFO]    [PING OK] DE | 97ms
2026-02-19 19:10:32 [INFO]    [PING OK] HK | 904ms
2026-02-19 19:10:32 [INFO]    [PING OK] US | 369ms
2026-02-19 19:10:32 [INFO]    [PING OK] DE | 111ms
2026-02-19 19:10:32 [INFO]    [PING OK] RU | 2014ms
2026-02-19 19:10:32 [INFO]    [PING OK] US | 367ms
2026-02-19 19:10:32 [INFO]    [PING OK] RU | 2011ms
2026-02-19 19:10:33 [INFO]    [PING OK] NL | 207ms
2026-02-19 19:10:33 [INFO]    [PING OK] RU | 2365ms
2026-02-19 19:10:33 [INFO]    [PING OK] IL | 235ms
2026-02-19 19:10:33 [INFO]    [PING OK] US | 454ms
2026-02-19 19:10:33 [INFO]    [PING OK] US | 365ms
2026-02-19 19:10:34 [INFO]    [PING OK] HK | 1141ms
2026-02-19 19:10:34 [INFO]    [PING OK] MX | 465ms
2026-02-19 19:10:34 [INFO]    [PING OK] GB | 198ms
2026-02-19 19:10:34 [INFO]    [PING OK] US | 510ms
2026-02-19 19:10:34 [INFO]    [PING OK] US | 437ms
2026-02-19 19:10:35 [INFO]    [PING OK] DE | 222ms
2026-02-19 19:10:35 [INFO]    [PING OK] SE | 108ms
2026-02-19 19:10:35 [INFO]    [PING OK] GB | 168ms
2026-02-19 19:10:35 [INFO]    [PING OK] IT | 545ms
2026-02-19 19:10:35 [INFO]    [PING OK] FI | 128ms
2026-02-19 19:10:35 [INFO]    [PING OK] CA | 2759ms
2026-02-19 19:10:35 [INFO]    [PING OK] CA | 315ms
2026-02-19 19:10:36 [INFO]    [PING OK] GB | 905ms
2026-02-19 19:10:36 [INFO]    [PING OK] MD | 161ms
2026-02-19 19:10:36 [INFO]    [PING OK] RU | 123ms
2026-02-19 19:10:36 [INFO]    [PING OK] US | 4816ms
2026-02-19 19:10:36 [INFO]    [PING OK] DE | 144ms
2026-02-19 19:10:37 [INFO]    [PING OK] US | 635ms
2026-02-19 19:10:37 [INFO]    [PING OK] GB | 564ms
2026-02-19 19:10:37 [INFO]    [PING OK] US | 397ms
2026-02-19 19:10:37 [INFO]    [PING OK] SG | 595ms
2026-02-19 19:10:38 [INFO]    [PING OK] UZ | 564ms
2026-02-19 19:10:38 [INFO]    [PING OK] AE | 135ms
2026-02-19 19:10:38 [INFO]    [PING OK] TR | 210ms
2026-02-19 19:10:39 [INFO]    [PING OK] AU | 658ms
2026-02-19 19:10:39 [INFO]    [PING OK] US | 558ms
2026-02-19 19:10:39 [INFO]    [PING OK] NL | 1997ms
2026-02-19 19:10:39 [INFO]    [PING OK] SG | 404ms
2026-02-19 19:10:39 [INFO]    [PING OK] GB | 207ms
2026-02-19 19:10:40 [INFO]    [PING OK] PL | 189ms
2026-02-19 19:10:40 [INFO]    [PING OK] NL | 527ms
2026-02-19 19:10:40 [INFO]    [PING OK] IQ | 673ms
2026-02-19 19:10:40 [INFO]    [PING OK] LV | 191ms
2026-02-19 19:10:40 [INFO]    [PING OK] MD | 1804ms
2026-02-19 19:10:40 [INFO]    [PING OK] GB | 560ms
2026-02-19 19:10:40 [INFO]    [PING OK] BG | 162ms
2026-02-19 19:10:40 [INFO]    [PING OK] FR | 137ms
2026-02-19 19:10:41 [INFO]    [PING OK] AU | 571ms
2026-02-19 19:10:41 [INFO]    [PING OK] JP | 1239ms
2026-02-19 19:10:41 [INFO]    [PING OK] TR | 183ms
2026-02-19 19:10:41 [INFO]    [PING OK] HU | 4487ms
2026-02-19 19:10:41 [INFO]    [PING OK] CY | 188ms
2026-02-19 19:10:42 [INFO]    [PING OK] US | 434ms
2026-02-19 19:10:42 [INFO]    [PING OK] SG | 864ms
2026-02-19 19:10:42 [INFO]    [PING OK] FR | 148ms
2026-02-19 19:10:42 [INFO]    [PING OK] GR | 263ms
2026-02-19 19:10:42 [INFO]    [PING OK] TR | 429ms
2026-02-19 19:10:42 [INFO]    [PING OK] US | 419ms
2026-02-19 19:10:43 [INFO]    [PING OK] GB | 661ms
2026-02-19 19:10:43 [INFO]    [PING OK] AT | 270ms
2026-02-19 19:10:43 [INFO]    [PING OK] GB | 154ms
2026-02-19 19:10:43 [INFO]    [PING OK] AE | 681ms
2026-02-19 19:10:43 [INFO]    [PING OK] GB | 155ms
2026-02-19 19:10:44 [INFO]    [PING OK] DE | 271ms
2026-02-19 19:10:44 [INFO]    [PING OK] US | 395ms
2026-02-19 19:10:45 [INFO]    [PING OK] DK | 286ms
2026-02-19 19:10:53 [INFO]    [PING OK] GB | 165ms
2026-02-19 19:10:55 [INFO]    [PING OK] GB | 1490ms
2026-02-19 19:10:57 [INFO]    [PING OK] JP | 539ms
2026-02-19 19:10:57 [INFO]    [PING OK] GB | 516ms
2026-02-19 19:11:04 [INFO]    [PING OK] US | 249ms
2026-02-19 19:11:04 [INFO]    [PING OK] GB | 160ms
2026-02-19 19:11:06 [INFO]    [PING OK] DE | 126ms
2026-02-19 19:11:06 [INFO]    [PING OK] FR | 125ms
2026-02-19 19:11:06 [INFO]    [PING OK] FR | 341ms
2026-02-19 19:11:08 [INFO]    [PING OK] SG | 3389ms
2026-02-19 19:11:10 [INFO]    [PING OK] GB | 3342ms
2026-02-19 19:11:19 [INFO]    [PING OK] DE | 395ms
2026-02-19 19:11:20 [INFO]    [PING OK] GB | 144ms
2026-02-19 19:11:20 [INFO]    [PING OK] GB | 167ms
2026-02-19 19:11:20 [INFO]    [PING OK] DE | 514ms
2026-02-19 19:11:21 [INFO]    [PING OK] SG | 622ms
2026-02-19 19:11:21 [INFO]    [PING OK] RU | 1727ms
2026-02-19 19:11:23 [INFO]    [PING OK] GB | 309ms
2026-02-19 19:11:24 [INFO]    [PING OK] NL | 500ms
2026-02-19 19:11:24 [INFO]    [PING OK] GB | 4676ms
2026-02-19 19:11:24 [INFO]    [PING OK] RU | 1843ms
2026-02-19 19:11:25 [INFO]    [PING OK] RU | 3996ms
2026-02-19 19:11:25 [INFO]    [PING OK] GB | 155ms
2026-02-19 19:11:25 [INFO]    [PING OK] RU | 1040ms
2026-02-19 19:11:26 [INFO]    [PING OK] GB | 707ms
2026-02-19 19:11:27 [INFO]    [PING OK] GB | 4435ms
2026-02-19 19:11:28 [INFO]    [PING OK] GB | 163ms
2026-02-19 19:11:28 [INFO]    [PING OK] GB | 1152ms
2026-02-19 19:11:28 [INFO]    [PING OK] GB | 144ms
2026-02-19 19:11:30 [INFO]    [PING OK] ES | 4683ms
2026-02-19 19:11:31 [INFO]    [PING OK] GB | 4040ms
2026-02-19 19:11:31 [INFO]    [PING OK] DE | 1770ms
2026-02-19 19:11:32 [INFO]    [PING OK] RU | 2684ms
2026-02-19 19:11:32 [INFO]    [PING OK] RU | 1074ms
2026-02-19 19:11:33 [INFO]    [PING OK] RU | 3407ms
2026-02-19 19:11:34 [INFO]    [PING OK] DE | 560ms
2026-02-19 19:11:37 [INFO]    [PING OK] GB | 781ms
2026-02-19 19:11:38 [INFO]    [PING OK] FI | 1209ms
2026-02-19 19:11:40 [INFO]    [PING OK] DE | 443ms
2026-02-19 19:11:44 [INFO]    [PING OK] SE | 3556ms
2026-02-19 19:11:45 [INFO]    [PING OK] RU | 4643ms
2026-02-19 19:11:48 [INFO]    [PING OK] FR | 4589ms
2026-02-19 19:11:53 [INFO] 🏎️ ЭТАП 2: Глубокий замер скорости для ТОП-10 серверов...
2026-02-19 19:12:00 [INFO]    🏆 DE | Пинг: 97ms | Скорость: 1.02 Mbps 
2026-02-19 19:12:00 [INFO]    🏆 SE | Пинг: 108ms | Скорость: 10.91 Mbps ⚡⚡
2026-02-19 19:12:00 [INFO]    🏆 DE | Пинг: 111ms | Скорость: 9.02 Mbps ⚡⚡
2026-02-19 19:12:00 [INFO]    🏆 FR | Пинг: 125ms | Скорость: 6.14 Mbps ⚡⚡
2026-02-19 19:12:00 [INFO]    🏆 DE | Пинг: 126ms | Скорость: 8.2 Mbps ⚡⚡
2026-02-19 19:12:00 [INFO]    🏆 FI | Пинг: 128ms | Скорость: 9.25 Mbps ⚡⚡
2026-02-19 19:12:00 [INFO]    🏆 AE | Пинг: 135ms | Скорость: 9.25 Mbps ⚡⚡
2026-02-19 19:12:00 [INFO]    🏆 FR | Пинг: 137ms | Скорость: 9.12 Mbps ⚡⚡
2026-02-19 19:12:00 [INFO]    🏆 DE | Пинг: 144ms | Скорость: 4.02 Mbps ⚡⚡
2026-02-19 19:12:00 [INFO]    🏆 RU | Пинг: 107ms | Скорость: 0.0 Mbps 
2026-02-19 19:12:00 [INFO] 🇷🇺 Добавлен RU сервер: 217.16.27.217
2026-02-19 19:12:00 [INFO] 📊 Итого в подписке сохранено: 10 серверов
2026-02-19 19:12:00 [INFO] 💾 Файл успешно сохранен: FL1PVPN
