2026-02-22 18:00:06 [INFO] 🚀 START: Smart Selector (Target: 10, ONLY FOREIGN)
2026-02-22 18:00:06 [INFO] 🌐 Загрузка источников (VLESS + VMess)...
2026-02-22 18:00:08 [INFO] 🔍 Уникальных конфигов собрано: 246
2026-02-22 18:00:08 [INFO] ⚡ ЭТАП 1: Замер Пинга и Геолокации. Workers: 40...
2026-02-22 18:00:14 [INFO]    [PING OK] HU | VLESS | 4763ms
2026-02-22 18:00:14 [INFO]    [PING OK] TR | VLESS | 2909ms
2026-02-22 18:00:14 [INFO]    [PING OK] DE | VLESS | 5301ms
2026-02-22 18:00:15 [INFO]    [PING OK] DE | VLESS | 4283ms
2026-02-22 18:00:15 [INFO]    [PING OK] DE | VLESS | 5060ms
2026-02-22 18:00:15 [INFO]    [PING OK] NL | VLESS | 1798ms
2026-02-22 18:00:16 [INFO]    [PING OK] CZ | VLESS | 5868ms
2026-02-22 18:00:16 [INFO]    [PING OK] DE | VLESS | 6578ms
2026-02-22 18:00:16 [INFO]    [PING OK] DE | VLESS | 6712ms
2026-02-22 18:00:16 [INFO]    [PING OK] DE | VLESS | 6185ms
2026-02-22 18:00:17 [INFO]    [PING OK] NL | VLESS | 2591ms
2026-02-22 18:00:17 [INFO]    [PING OK] ES | VLESS | 2357ms
2026-02-22 18:00:17 [INFO]    [PING OK] ES | VLESS | 2519ms
2026-02-22 18:00:17 [INFO]    [PING OK] PL | VLESS | 2768ms
2026-02-22 18:00:17 [INFO]    [PING OK] HU | VLESS | 2670ms
2026-02-22 18:00:18 [INFO]    [PING OK] PL | VLESS | 2512ms
2026-02-22 18:00:18 [INFO]    [PING OK] ES | VLESS | 2629ms
2026-02-22 18:00:18 [INFO]    [PING OK] TR | VLESS | 2876ms
2026-02-22 18:00:18 [INFO]    [PING OK] DE | VLESS | 8417ms
2026-02-22 18:00:18 [INFO]    [PING OK] TR | VLESS | 3244ms
2026-02-22 18:00:19 [INFO]    [PING OK] PL | VLESS | 3197ms
2026-02-22 18:00:19 [INFO]    [PING OK] DE | VLESS | 5041ms
2026-02-22 18:00:19 [INFO]    [PING OK] PL | VLESS | 3539ms
2026-02-22 18:00:20 [INFO]    [PING OK] TR | VLESS | 3255ms
2026-02-22 18:00:20 [INFO]    [PING OK] IT | VLESS | 3375ms
2026-02-22 18:00:20 [INFO]    [PING OK] PL | VLESS | 3343ms
2026-02-22 18:00:20 [INFO]    [PING OK] HU | VLESS | 3549ms
2026-02-22 18:00:21 [INFO]    [PING OK] DE | VLESS | 6558ms
2026-02-22 18:00:21 [INFO]    [PING OK] DE | VLESS | 3840ms
2026-02-22 18:00:22 [INFO]    [PING OK] ES | VLESS | 4102ms
2026-02-22 18:00:22 [INFO]    [PING OK] IT | VLESS | 3981ms
2026-02-22 18:00:22 [INFO]    [PING OK] HU | VLESS | 4456ms
2026-02-22 18:00:22 [INFO]    [PING OK] HU | VLESS | 4235ms
2026-02-22 18:00:23 [INFO]    [PING OK] IT | VLESS | 4142ms
2026-02-22 18:00:23 [INFO]    [PING OK] ES | VLESS | 5357ms
2026-02-22 18:00:23 [INFO]    [PING OK] HU | VLESS | 4526ms
2026-02-22 18:00:23 [INFO]    [PING OK] PL | VLESS | 5079ms
2026-02-22 18:00:24 [INFO]    [PING OK] NL | VLESS | 4543ms
2026-02-22 18:00:24 [INFO]    [PING OK] PL | VLESS | 4745ms
2026-02-22 18:00:24 [INFO]    [PING OK] NL | VLESS | 4315ms
2026-02-22 18:00:24 [INFO]    [PING OK] HU | VLESS | 4657ms
2026-02-22 18:00:24 [INFO]    [PING OK] HU | VLESS | 4597ms
2026-02-22 18:00:25 [INFO]    [PING OK] PL | VLESS | 5188ms
2026-02-22 18:00:26 [INFO]    [PING OK] IN | VLESS | 5509ms
2026-02-22 18:00:27 [INFO]    [PING OK] CA | VLESS | 7446ms
2026-02-22 18:00:27 [INFO]    [PING OK] NL | VLESS | 5612ms
2026-02-22 18:00:28 [INFO]    [PING OK] TR | VLESS | 5359ms
2026-02-22 18:00:31 [INFO]    [PING OK] DE | VLESS | 4537ms
2026-02-22 18:00:32 [INFO]    [PING OK] US | VLESS | 4582ms
2026-02-22 18:00:32 [INFO]    [PING OK] CA | VLESS | 7891ms
2026-02-22 18:00:33 [INFO]    [PING OK] CA | VLESS | 3148ms
2026-02-22 18:00:33 [INFO]    [PING OK] SE | VLESS | 2698ms
2026-02-22 18:00:34 [INFO]    [PING OK] CA | VLESS | 7665ms
2026-02-22 18:00:34 [INFO]    [PING OK] NL | VLESS | 3514ms
2026-02-22 18:00:34 [INFO]    [PING OK] CA | VLESS | 8972ms
2026-02-22 18:00:35 [INFO]    [PING OK] US | VLESS | 976ms
2026-02-22 18:00:35 [INFO]    [PING OK] US | VLESS | 1667ms
2026-02-22 18:00:35 [INFO]    [PING OK] DE | VLESS | 2188ms
2026-02-22 18:00:35 [INFO]    [PING OK] CA | VLESS | 3852ms
2026-02-22 18:00:39 [INFO] 🏎️ ЭТАП 2: Глубокий замер скорости для 40 иностранных кандидатов...
2026-02-22 18:00:42 [INFO]    🏆 NL | VLESS | Пинг: 1798ms | Скорость: 9.73 Mbps ⚡⚡
2026-02-22 18:00:43 [INFO]    🏆 NL | VLESS | Пинг: 2591ms | Скорость: 7.52 Mbps ⚡⚡
2026-02-22 18:00:43 [INFO]    🏆 US | VLESS | Пинг: 976ms | Скорость: 7.05 Mbps ⚡⚡
2026-02-22 18:00:43 [INFO]    🏆 SE | VLESS | Пинг: 2698ms | Скорость: 7.73 Mbps ⚡⚡
2026-02-22 18:00:43 [INFO]    🏆 PL | VLESS | Пинг: 2512ms | Скорость: 6.38 Mbps ⚡⚡
2026-02-22 18:00:43 [INFO]    🏆 PL | VLESS | Пинг: 2768ms | Скорость: 6.62 Mbps ⚡⚡
2026-02-22 18:00:43 [INFO]    🏆 ES | VLESS | Пинг: 2629ms | Скорость: 6.37 Mbps ⚡⚡
2026-02-22 18:00:43 [INFO]    🏆 TR | VLESS | Пинг: 2909ms | Скорость: 6.55 Mbps ⚡⚡
2026-02-22 18:00:43 [INFO]    🏆 US | VLESS | Пинг: 1667ms | Скорость: 5.95 Mbps ⚡⚡
2026-02-22 18:00:44 [INFO]    🏆 TR | VLESS | Пинг: 2876ms | Скорость: 6.42 Mbps ⚡⚡
2026-02-22 18:00:44 [INFO]    🏆 DE | VLESS | Пинг: 2188ms | Скорость: 5.38 Mbps ⚡⚡
2026-02-22 18:00:44 [INFO]    🏆 ES | VLESS | Пинг: 2519ms | Скорость: 5.48 Mbps ⚡⚡
2026-02-22 18:00:44 [INFO]    🏆 HU | VLESS | Пинг: 2670ms | Скорость: 5.43 Mbps ⚡⚡
2026-02-22 18:00:45 [INFO]    🏆 ES | VLESS | Пинг: 2357ms | Скорость: 4.57 Mbps ⚡⚡
2026-02-22 18:00:46 [INFO]    🏆 TR | VLESS | Пинг: 3255ms | Скорость: 8.98 Mbps ⚡⚡
2026-02-22 18:00:46 [INFO]    🏆 PL | VLESS | Пинг: 3197ms | Скорость: 6.5 Mbps ⚡⚡
2026-02-22 18:00:46 [INFO]    🏆 IT | VLESS | Пинг: 3375ms | Скорость: 9.92 Mbps ⚡⚡
2026-02-22 18:00:46 [INFO]    🏆 PL | VLESS | Пинг: 3539ms | Скорость: 10.08 Mbps ⚡⚡
2026-02-22 18:00:46 [INFO]    🏆 HU | VLESS | Пинг: 3549ms | Скорость: 10.08 Mbps ⚡⚡
2026-02-22 18:00:46 [INFO]    🏆 DE | VLESS | Пинг: 3840ms | Скорость: 10.21 Mbps ⚡⚡
2026-02-22 18:00:47 [INFO]    🏆 PL | VLESS | Пинг: 3343ms | Скорость: 5.39 Mbps ⚡⚡
2026-02-22 18:00:48 [INFO]    🏆 NL | VLESS | Пинг: 4315ms | Скорость: 12.52 Mbps ⚡⚡
2026-02-22 18:00:49 [INFO]    🏆 NL | VLESS | Пинг: 4543ms | Скорость: 11.19 Mbps ⚡⚡
2026-02-22 18:00:49 [INFO]    🏆 HU | VLESS | Пинг: 4526ms | Скорость: 10.78 Mbps ⚡⚡
2026-02-22 18:00:49 [INFO]    🏆 HU | VLESS | Пинг: 4597ms | Скорость: 19.63 Mbps ⚡⚡
2026-02-22 18:00:49 [INFO]    🏆 HU | VLESS | Пинг: 4657ms | Скорость: 14.71 Mbps ⚡⚡
2026-02-22 18:00:50 [INFO]    🏆 HU | VLESS | Пинг: 4235ms | Скорость: 4.08 Mbps ⚡⚡
2026-02-22 18:00:51 [INFO]    🏆 IT | VLESS | Пинг: 3981ms | Скорость: 1.14 Mbps 
2026-02-22 18:00:51 [INFO]    🏆 ES | VLESS | Пинг: 4102ms | Скорость: 3.2 Mbps ⚡⚡
2026-02-22 18:00:52 [INFO]    🏆 PL | VLESS | Пинг: 4745ms | Скорость: 5.44 Mbps ⚡⚡
2026-02-22 18:00:53 [INFO]    🏆 HU | VLESS | Пинг: 4456ms | Скорость: 1.53 Mbps ⚡
2026-02-22 18:00:53 [INFO]    🏆 US | VLESS | Пинг: 4582ms | Скорость: 1.76 Mbps ⚡
2026-02-22 18:00:56 [INFO]    🏆 HU | VLESS | Пинг: 4763ms | Скорость: 1.03 Mbps 
2026-02-22 18:00:56 [INFO] 📊 Итого в подписке сохранено иностранных серверов: 10
2026-02-22 18:00:56 [INFO] 💾 Файл успешно сохранен: FL1PVPN
