2026-02-27 16:00:05 [INFO] 🚀 START: Smart Selector (Target: 10, ONLY FOREIGN)
2026-02-27 16:00:05 [INFO] 🌐 Загрузка источников (VLESS + VMess)...
2026-02-27 16:00:07 [INFO] 🔍 Уникальных конфигов собрано: 454
2026-02-27 16:00:07 [INFO] ⚡ ЭТАП 1: Замер Пинга и Геолокации. Workers: 40...
2026-02-27 16:00:12 [INFO]    [PING OK] FI | VLESS | 4591ms
2026-02-27 16:00:12 [INFO]    [PING OK] PL | VLESS | 4897ms
2026-02-27 16:00:13 [INFO]    [PING OK] LT | VLESS | 4895ms
2026-02-27 16:00:13 [INFO]    [PING OK] PL | VLESS | 5182ms
2026-02-27 16:00:14 [INFO]    [PING OK] FI | VLESS | 4946ms
2026-02-27 16:00:14 [INFO]    [PING OK] TR | VLESS | 4949ms
2026-02-27 16:00:14 [INFO]    [PING OK] LV | VLESS | 5104ms
2026-02-27 16:00:14 [INFO]    [PING OK] DE | VLESS | 4627ms
2026-02-27 16:00:14 [INFO]    [PING OK] DE | VLESS | 6521ms
2026-02-27 16:00:15 [INFO]    [PING OK] CH | VLESS | 6600ms
2026-02-27 16:00:15 [INFO]    [PING OK] CH | VLESS | 6981ms
2026-02-27 16:00:15 [INFO]    [PING OK] NL | VLESS | 4323ms
2026-02-27 16:00:15 [INFO]    [PING OK] DE | VLESS | 4566ms
2026-02-27 16:00:16 [INFO]    [PING OK] DE | VLESS | 7287ms
2026-02-27 16:00:17 [INFO]    [PING OK] FR | VLESS | 7325ms
2026-02-27 16:00:19 [INFO]    [PING OK] TR | VLESS | 4906ms
2026-02-27 16:00:19 [INFO]    [PING OK] EE | VLESS | 5337ms
2026-02-27 16:00:19 [INFO]    [PING OK] LV | VLESS | 5159ms
2026-02-27 16:00:20 [INFO]    [PING OK] NL | VLESS | 5908ms
2026-02-27 16:00:20 [INFO]    [PING OK] NL | VLESS | 6707ms
2026-02-27 16:00:20 [INFO]    [PING OK] US | VLESS | 5744ms
2026-02-27 16:00:20 [INFO]    [PING OK] KZ | VLESS | 4801ms
2026-02-27 16:00:21 [INFO]    [PING OK] DE | VLESS | 4156ms
2026-02-27 16:00:22 [INFO]    [PING OK] TR | VLESS | 4578ms
2026-02-27 16:00:22 [INFO]    [PING OK] DE | VLESS | 4030ms
2026-02-27 16:00:23 [INFO]    [PING OK] FI | VLESS | 8380ms
2026-02-27 16:00:23 [INFO]    [PING OK] NL | VLESS | 7085ms
2026-02-27 16:00:23 [INFO]    [PING OK] NL | VLESS | 5163ms
2026-02-27 16:00:24 [INFO]    [PING OK] TR | VLESS | 4548ms
2026-02-27 16:00:24 [INFO]    [PING OK] PL | VLESS | 4601ms
2026-02-27 16:00:25 [INFO]    [PING OK] ES | VLESS | 4907ms
2026-02-27 16:00:25 [INFO]    [PING OK] DE | VLESS | 5179ms
2026-02-27 16:00:25 [INFO]    [PING OK] FR | VLESS | 4649ms
2026-02-27 16:00:28 [INFO]    [PING OK] NL | VLESS | 5349ms
2026-02-27 16:00:28 [INFO]    [PING OK] FI | VLESS | 5014ms
2026-02-27 16:00:28 [INFO]    [PING OK] PL | VLESS | 5140ms
2026-02-27 16:00:28 [INFO]    [PING OK] PL | VLESS | 4815ms
2026-02-27 16:00:28 [INFO]    [PING OK] FI | VLESS | 4958ms
2026-02-27 16:00:28 [INFO]    [PING OK] IT | VLESS | 4996ms
2026-02-27 16:00:28 [INFO]    [PING OK] LT | VLESS | 4799ms
2026-02-27 16:00:29 [INFO]    [PING OK] PL | VLESS | 4771ms
2026-02-27 16:00:29 [INFO]    [PING OK] FI | VLESS | 4972ms
2026-02-27 16:00:29 [INFO]    [PING OK] NL | VLESS | 4566ms
2026-02-27 16:00:31 [INFO]    [PING OK] PL | VLESS | 4941ms
2026-02-27 16:00:31 [INFO]    [PING OK] FR | VLESS | 6388ms
2026-02-27 16:00:31 [INFO]    [PING OK] PL | VLESS | 5027ms
2026-02-27 16:00:33 [INFO]    [PING OK] HU | VLESS | 4905ms
2026-02-27 16:00:33 [INFO]    [PING OK] PL | VLESS | 4581ms
2026-02-27 16:00:33 [INFO]    [PING OK] FI | VLESS | 4967ms
2026-02-27 16:00:34 [INFO]    [PING OK] PL | VLESS | 4656ms
2026-02-27 16:00:34 [INFO]    [PING OK] US | VLESS | 4797ms
2026-02-27 16:00:34 [INFO]    [PING OK] PL | VLESS | 4886ms
2026-02-27 16:00:35 [INFO]    [PING OK] DE | VLESS | 5850ms
2026-02-27 16:00:37 [INFO]    [PING OK] NL | VLESS | 5563ms
2026-02-27 16:00:37 [INFO]    [PING OK] ES | VLESS | 5103ms
2026-02-27 16:00:39 [INFO]    [PING OK] TR | VLESS | 5678ms
2026-02-27 16:00:39 [INFO]    [PING OK] PL | VLESS | 3754ms
2026-02-27 16:00:40 [INFO]    [PING OK] HU | VLESS | 3424ms
2026-02-27 16:00:40 [INFO]    [PING OK] US | VLESS | 6626ms
2026-02-27 16:00:40 [INFO]    [PING OK] SE | VLESS | 6435ms
2026-02-27 16:00:43 [INFO]    [PING OK] EE | VLESS | 4142ms
2026-02-27 16:00:45 [INFO]    [PING OK] NL | VLESS | 2370ms
2026-02-27 16:00:45 [INFO]    [PING OK] NL | VLESS | 2068ms
2026-02-27 16:00:45 [INFO]    [PING OK] DE | VLESS | 2825ms
2026-02-27 16:00:46 [INFO]    [PING OK] SG | VLESS | 2860ms
2026-02-27 16:00:47 [INFO]    [PING OK] NL | VLESS | 8972ms
2026-02-27 16:00:50 [INFO] 🏎️ ЭТАП 2: Глубокий замер скорости для 40 иностранных кандидатов...
2026-02-27 16:00:54 [INFO]    🏆 PL | VLESS | Пинг: 3754ms | Скорость: 5.34 Mbps ⚡⚡
2026-02-27 16:00:54 [INFO]    🏆 DE | VLESS | Пинг: 4156ms | Скорость: 5.38 Mbps ⚡⚡
2026-02-27 16:00:54 [INFO]    🏆 EE | VLESS | Пинг: 4142ms | Скорость: 5.48 Mbps ⚡⚡
2026-02-27 16:00:54 [INFO]    🏆 NL | VLESS | Пинг: 4323ms | Скорость: 5.39 Mbps ⚡⚡
2026-02-27 16:00:55 [INFO]    🏆 TR | VLESS | Пинг: 4578ms | Скорость: 5.4 Mbps ⚡⚡
2026-02-27 16:00:55 [INFO]    🏆 NL | VLESS | Пинг: 2370ms | Скорость: 5.0 Mbps ⚡⚡
2026-02-27 16:00:55 [INFO]    🏆 TR | VLESS | Пинг: 4548ms | Скорость: 5.21 Mbps ⚡⚡
2026-02-27 16:00:55 [INFO]    🏆 DE | VLESS | Пинг: 4030ms | Скорость: 5.03 Mbps ⚡⚡
2026-02-27 16:00:55 [INFO]    🏆 PL | VLESS | Пинг: 4581ms | Скорость: 5.12 Mbps ⚡⚡
2026-02-27 16:00:55 [INFO]    🏆 NL | VLESS | Пинг: 2068ms | Скорость: 4.66 Mbps ⚡⚡
2026-02-27 16:00:55 [INFO]    🏆 DE | VLESS | Пинг: 4566ms | Скорость: 4.64 Mbps ⚡⚡
2026-02-27 16:00:55 [INFO]    🏆 HU | VLESS | Пинг: 3424ms | Скорость: 4.2 Mbps ⚡⚡
2026-02-27 16:00:57 [INFO]    🏆 DE | VLESS | Пинг: 2825ms | Скорость: 1.93 Mbps ⚡
2026-02-27 16:00:57 [INFO]    🏆 FI | VLESS | Пинг: 4591ms | Скорость: 10.7 Mbps ⚡⚡
2026-02-27 16:00:58 [INFO]    🏆 PL | VLESS | Пинг: 4771ms | Скорость: 8.49 Mbps ⚡⚡
2026-02-27 16:00:58 [INFO]    🏆 PL | VLESS | Пинг: 4656ms | Скорость: 7.8 Mbps ⚡⚡
2026-02-27 16:00:58 [INFO]    🏆 FR | VLESS | Пинг: 4649ms | Скорость: 7.14 Mbps ⚡⚡
2026-02-27 16:00:58 [INFO]    🏆 PL | VLESS | Пинг: 4897ms | Скорость: 9.8 Mbps ⚡⚡
2026-02-27 16:00:58 [INFO]    🏆 KZ | VLESS | Пинг: 4801ms | Скорость: 6.62 Mbps ⚡⚡
2026-02-27 16:00:59 [INFO]    🏆 PL | VLESS | Пинг: 4815ms | Скорость: 5.55 Mbps ⚡⚡
2026-02-27 16:01:00 [INFO]    🏆 PL | VLESS | Пинг: 4941ms | Скорость: 12.83 Mbps ⚡⚡
2026-02-27 16:01:01 [INFO]    🏆 HU | VLESS | Пинг: 4905ms | Скорость: 6.24 Mbps ⚡⚡
2026-02-27 16:01:01 [INFO]    🏆 LT | VLESS | Пинг: 4799ms | Скорость: 3.55 Mbps ⚡⚡
2026-02-27 16:01:01 [INFO]    🏆 FI | VLESS | Пинг: 4958ms | Скорость: 8.52 Mbps ⚡⚡
2026-02-27 16:01:01 [INFO]    🏆 FI | VLESS | Пинг: 4972ms | Скорость: 10.97 Mbps ⚡⚡
2026-02-27 16:01:02 [INFO]    🏆 FI | VLESS | Пинг: 4967ms | Скорость: 7.26 Mbps ⚡⚡
2026-02-27 16:01:04 [INFO]    🏆 ES | VLESS | Пинг: 4907ms | Скорость: 1.8 Mbps ⚡
2026-02-27 16:01:04 [INFO]    🏆 TR | VLESS | Пинг: 4906ms | Скорость: 2.69 Mbps ⚡
2026-02-27 16:01:04 [INFO]    🏆 PL | VLESS | Пинг: 5027ms | Скорость: 8.1 Mbps ⚡⚡
2026-02-27 16:01:05 [INFO]    🏆 TR | VLESS | Пинг: 4949ms | Скорость: 1.19 Mbps 
2026-02-27 16:01:06 [INFO]    🏆 IT | VLESS | Пинг: 4996ms | Скорость: 1.28 Mbps 
2026-02-27 16:01:08 [INFO] 📊 Итого в подписке сохранено иностранных серверов: 10
2026-02-27 16:01:08 [INFO] 💾 Файл успешно сохранен: FL1PVPN
