2026-02-16 21:30:06 [INFO] 🚀 START: Smart VLESS Selector (Target: 10, Strict Mode)
2026-02-16 21:30:06 [INFO] 🌐 Загрузка источников...
2026-02-16 21:30:08 [INFO] 🔍 Уникальных конфигов собрано: 562
2026-02-16 21:30:08 [INFO] ⚡ ЭТАП 1: Быстрый замер Пинга (Workers: 25)...
2026-02-16 21:30:10 [INFO]    [PING OK] DE | 193ms
2026-02-16 21:30:10 [INFO]    [PING OK] DE | 180ms
2026-02-16 21:30:15 [INFO]    [PING OK] DE | 161ms
2026-02-16 21:30:16 [INFO]    [PING OK] US | 810ms
2026-02-16 21:30:17 [INFO]    [PING OK] RU | 276ms
2026-02-16 21:30:17 [INFO]    [PING OK] RU | 259ms
2026-02-16 21:30:17 [INFO]    [PING OK] RU | 581ms
2026-02-16 21:30:17 [INFO]    [PING OK] RU | 331ms
2026-02-16 21:30:17 [INFO]    [PING OK] RU | 153ms
2026-02-16 21:30:17 [INFO]    [PING OK] PL | 176ms
2026-02-16 21:30:18 [INFO]    [PING OK] RU | 252ms
2026-02-16 21:30:18 [INFO]    [PING OK] RU | 256ms
2026-02-16 21:30:18 [INFO]    [PING OK] RU | 203ms
2026-02-16 21:30:18 [INFO]    [PING OK] FI | 163ms
2026-02-16 21:30:18 [INFO]    [PING OK] RU | 102ms
2026-02-16 21:30:18 [INFO]    [PING OK] RU | 227ms
2026-02-16 21:30:19 [INFO]    [PING OK] RU | 112ms
2026-02-16 21:30:19 [INFO]    [PING OK] RU | 215ms
2026-02-16 21:30:19 [INFO]    [PING OK] PL | 151ms
2026-02-16 21:30:19 [INFO]    [PING OK] US | 174ms
2026-02-16 21:30:19 [INFO]    [PING OK] RU | 328ms
2026-02-16 21:30:20 [INFO]    [PING OK] RU | 105ms
2026-02-16 21:30:20 [INFO]    [PING OK] RU | 276ms
2026-02-16 21:30:20 [INFO]    [PING OK] RU | 241ms
2026-02-16 21:30:20 [INFO]    [PING OK] RU | 208ms
2026-02-16 21:30:20 [INFO]    [PING OK] RU | 114ms
2026-02-16 21:30:20 [INFO]    [PING OK] RU | 290ms
2026-02-16 21:30:20 [INFO]    [PING OK] RU | 208ms
2026-02-16 21:30:20 [INFO]    [PING OK] RU | 777ms
2026-02-16 21:30:21 [INFO]    [PING OK] EE | 408ms
2026-02-16 21:30:21 [INFO]    [PING OK] RU | 178ms
2026-02-16 21:30:21 [INFO]    [PING OK] RU | 282ms
2026-02-16 21:30:21 [INFO]    [PING OK] RU | 255ms
2026-02-16 21:30:21 [INFO]    [PING OK] NL | 191ms
2026-02-16 21:30:21 [INFO]    [PING OK] RU | 305ms
2026-02-16 21:30:21 [INFO]    [PING OK] RU | 104ms
2026-02-16 21:30:21 [INFO]    [PING OK] RU | 62ms
2026-02-16 21:30:21 [INFO]    [PING OK] RU | 266ms
2026-02-16 21:30:21 [INFO]    [PING OK] RU | 279ms
2026-02-16 21:30:21 [INFO]    [PING OK] RU | 315ms
2026-02-16 21:30:22 [INFO]    [PING OK] RU | 56ms
2026-02-16 21:30:22 [INFO]    [PING OK] RU | 321ms
2026-02-16 21:30:22 [INFO]    [PING OK] RU | 51ms
2026-02-16 21:30:22 [INFO]    [PING OK] RU | 132ms
2026-02-16 21:30:22 [INFO]    [PING OK] RU | 112ms
2026-02-16 21:30:22 [INFO]    [PING OK] RU | 302ms
2026-02-16 21:30:22 [INFO]    [PING OK] RU | 300ms
2026-02-16 21:30:22 [INFO]    [PING OK] RU | 184ms
2026-02-16 21:30:22 [INFO]    [PING OK] RU | 295ms
2026-02-16 21:30:23 [INFO]    [PING OK] FI | 429ms
2026-02-16 21:30:23 [INFO]    [PING OK] DE | 181ms
2026-02-16 21:30:23 [INFO]    [PING OK] RU | 220ms
2026-02-16 21:30:23 [INFO]    [PING OK] RU | 915ms
2026-02-16 21:30:23 [INFO]    [PING OK] RU | 196ms
2026-02-16 21:30:23 [INFO]    [PING OK] DE | 518ms
2026-02-16 21:30:23 [INFO]    [PING OK] DE | 166ms
2026-02-16 21:30:23 [INFO]    [PING OK] RU | 346ms
2026-02-16 21:30:23 [INFO]    [PING OK] RU | 208ms
2026-02-16 21:30:24 [INFO]    [PING OK] RU | 319ms
2026-02-16 21:30:24 [INFO]    [PING OK] RU | 3250ms
2026-02-16 21:30:24 [INFO]    [PING OK] GB | 3354ms
2026-02-16 21:30:24 [INFO]    [PING OK] RU | 233ms
2026-02-16 21:30:24 [INFO]    [PING OK] RU | 2400ms
2026-02-16 21:30:24 [INFO]    [PING OK] RU | 71ms
2026-02-16 21:30:24 [INFO]    [PING OK] RU | 274ms
2026-02-16 21:30:24 [INFO]    [PING OK] RU | 242ms
2026-02-16 21:30:24 [INFO]    [PING OK] RU | 275ms
2026-02-16 21:30:24 [INFO]    [PING OK] RU | 316ms
2026-02-16 21:30:25 [INFO]    [PING OK] RU | 121ms
2026-02-16 21:30:25 [INFO]    [PING OK] RU | 185ms
2026-02-16 21:30:25 [INFO]    [PING OK] RU | 223ms
2026-02-16 21:30:25 [INFO]    [PING OK] RU | 210ms
2026-02-16 21:30:25 [INFO]    [PING OK] RU | 201ms
2026-02-16 21:30:25 [INFO]    [PING OK] RU | 3093ms
2026-02-16 21:30:25 [INFO]    [PING OK] RU | 207ms
2026-02-16 21:30:25 [INFO]    [PING OK] RU | 333ms
2026-02-16 21:30:25 [INFO]    [PING OK] RU | 306ms
2026-02-16 21:30:26 [INFO]    [PING OK] RU | 218ms
2026-02-16 21:30:26 [INFO]    [PING OK] GR | 136ms
2026-02-16 21:30:26 [INFO]    [PING OK] RU | 580ms
2026-02-16 21:30:26 [INFO]    [PING OK] PL | 941ms
2026-02-16 21:30:26 [INFO]    [PING OK] RU | 805ms
2026-02-16 21:30:26 [INFO]    [PING OK] RU | 329ms
2026-02-16 21:30:26 [INFO]    [PING OK] RU | 820ms
2026-02-16 21:30:26 [INFO]    [PING OK] RU | 600ms
2026-02-16 21:30:26 [INFO]    [PING OK] RU | 1265ms
2026-02-16 21:30:26 [INFO]    [PING OK] PL | 113ms
2026-02-16 21:30:27 [INFO]    [PING OK] RU | 4450ms
2026-02-16 21:30:27 [INFO]    [PING OK] NL | 293ms
2026-02-16 21:30:28 [INFO]    [PING OK] US | 460ms
2026-02-16 21:30:30 [INFO]    [PING OK] DE | 477ms
2026-02-16 21:30:31 [INFO]    [PING OK] SE | 355ms
2026-02-16 21:30:31 [INFO]    [PING OK] PL | 118ms
2026-02-16 21:30:32 [INFO]    [PING OK] NL | 200ms
2026-02-16 21:30:34 [INFO]    [PING OK] DE | 182ms
2026-02-16 21:30:37 [INFO]    [PING OK] DE | 154ms
2026-02-16 21:30:40 [INFO]    [PING OK] FR | 527ms
2026-02-16 21:30:41 [INFO]    [PING OK] US | 975ms
2026-02-16 21:30:43 [INFO]    [PING OK] DE | 216ms
2026-02-16 21:30:43 [INFO]    [PING OK] PL | 339ms
2026-02-16 21:30:45 [INFO]    [PING OK] TR | 265ms
2026-02-16 21:30:45 [INFO]    [PING OK] PL | 103ms
2026-02-16 21:30:47 [INFO]    [PING OK] PL | 584ms
2026-02-16 21:30:48 [INFO]    [PING OK] FI | 246ms
2026-02-16 21:30:48 [INFO]    [PING OK] FR | 183ms
2026-02-16 21:30:49 [INFO]    [PING OK] FR | 225ms
2026-02-16 21:30:50 [INFO]    [PING OK] US | 823ms
2026-02-16 21:30:50 [INFO]    [PING OK] AT | 207ms
2026-02-16 21:30:52 [INFO]    [PING OK] RU | 275ms
2026-02-16 21:30:52 [INFO]    [PING OK] DE | 144ms
2026-02-16 21:30:53 [INFO]    [PING OK] DE | 175ms
2026-02-16 21:30:54 [INFO]    [PING OK] DE | 148ms
2026-02-16 21:30:54 [INFO]    [PING OK] US | 557ms
2026-02-16 21:31:01 [INFO]    [PING OK] US | 578ms
2026-02-16 21:31:03 [INFO]    [PING OK] KZ | 679ms
2026-02-16 21:31:03 [INFO]    [PING OK] RU | 148ms
2026-02-16 21:31:04 [INFO]    [PING OK] PL | 408ms
2026-02-16 21:31:11 [INFO]    [PING OK] US | 1222ms
2026-02-16 21:31:14 [INFO]    [PING OK] FR | 201ms
2026-02-16 21:31:15 [INFO]    [PING OK] GB | 462ms
2026-02-16 21:31:17 [INFO]    [PING OK] FI | 124ms
2026-02-16 21:31:20 [INFO]    [PING OK] TR | 286ms
2026-02-16 21:31:20 [INFO]    [PING OK] US | 716ms
2026-02-16 21:31:23 [INFO]    [PING OK] LV | 192ms
2026-02-16 21:31:23 [INFO]    [PING OK] MD | 247ms
2026-02-16 21:31:23 [INFO]    [PING OK] LV | 439ms
2026-02-16 21:31:27 [INFO] 🏎️ ЭТАП 2: Глубокий замер скорости для ТОП-10 серверов...
2026-02-16 21:31:30 [INFO]    🏆 PL | Пинг: 103ms | Скорость: 8.97 Mbps ⚡⚡
2026-02-16 21:31:30 [INFO]    🏆 PL | Пинг: 113ms | Скорость: 8.82 Mbps ⚡⚡
2026-02-16 21:31:30 [INFO]    🏆 PL | Пинг: 118ms | Скорость: 8.74 Mbps ⚡⚡
2026-02-16 21:31:30 [INFO]    🏆 FI | Пинг: 124ms | Скорость: 8.76 Mbps ⚡⚡
2026-02-16 21:31:30 [INFO]    🏆 GR | Пинг: 136ms | Скорость: 8.8 Mbps ⚡⚡
2026-02-16 21:31:30 [INFO]    🏆 DE | Пинг: 144ms | Скорость: 9.1 Mbps ⚡⚡
2026-02-16 21:31:30 [INFO]    🏆 DE | Пинг: 148ms | Скорость: 8.92 Mbps ⚡⚡
2026-02-16 21:31:30 [INFO]    🏆 PL | Пинг: 151ms | Скорость: 9.44 Mbps ⚡⚡
2026-02-16 21:31:30 [INFO]    🏆 DE | Пинг: 154ms | Скорость: 9.32 Mbps ⚡⚡
2026-02-16 21:31:30 [INFO]    🏆 RU | Пинг: 51ms | Скорость: 9.31 Mbps ⚡⚡
2026-02-16 21:31:30 [INFO] 🇷🇺 Добавлен RU сервер: 87.242.103.184
2026-02-16 21:31:30 [INFO] 📊 Итого в подписке сохранено: 10 серверов
2026-02-16 21:31:30 [INFO] 💾 Файл успешно сохранен: FL1PVPN
