2026-02-18 18:50:05 [INFO] 🚀 START: Smart VLESS Selector (Target: 10, Strict Mode)
2026-02-18 18:50:05 [INFO] 🌐 Загрузка источников...
2026-02-18 18:50:09 [INFO] 🔍 Уникальных конфигов собрано: 678
2026-02-18 18:50:09 [INFO] ⚡ ЭТАП 1: Быстрый замер Пинга (Workers: 25)...
2026-02-18 18:50:10 [INFO]    [PING OK] IT | 610ms
2026-02-18 18:50:10 [INFO]    [PING OK] IT | 578ms
2026-02-18 18:50:11 [INFO]    [PING OK] RU | 1133ms
2026-02-18 18:50:12 [INFO]    [PING OK] RU | 2926ms
2026-02-18 18:50:13 [INFO]    [PING OK] RU | 3274ms
2026-02-18 18:50:16 [INFO]    [PING OK] DE | 159ms
2026-02-18 18:50:16 [INFO]    [PING OK] RU | 409ms
2026-02-18 18:50:17 [INFO]    [PING OK] RU | 308ms
2026-02-18 18:50:17 [INFO]    [PING OK] TR | 1206ms
2026-02-18 18:50:17 [INFO]    [PING OK] DE | 155ms
2026-02-18 18:50:17 [INFO]    [PING OK] RU | 609ms
2026-02-18 18:50:18 [INFO]    [PING OK] RU | 308ms
2026-02-18 18:50:19 [INFO]    [PING OK] RU | 144ms
2026-02-18 18:50:19 [INFO]    [PING OK] TR | 116ms
2026-02-18 18:50:20 [INFO]    [PING OK] RU | 563ms
2026-02-18 18:50:20 [INFO]    [PING OK] IT | 3576ms
2026-02-18 18:50:20 [INFO]    [PING OK] DE | 652ms
2026-02-18 18:50:21 [INFO]    [PING OK] RU | 272ms
2026-02-18 18:50:21 [INFO]    [PING OK] RU | 310ms
2026-02-18 18:50:21 [INFO]    [PING OK] RU | 360ms
2026-02-18 18:50:22 [INFO]    [PING OK] RU | 243ms
2026-02-18 18:50:22 [INFO]    [PING OK] RU | 765ms
2026-02-18 18:50:22 [INFO]    [PING OK] RU | 633ms
2026-02-18 18:50:22 [INFO]    [PING OK] RU | 346ms
2026-02-18 18:50:22 [INFO]    [PING OK] RU | 269ms
2026-02-18 18:50:23 [INFO]    [PING OK] RU | 330ms
2026-02-18 18:50:23 [INFO]    [PING OK] RU | 293ms
2026-02-18 18:50:23 [INFO]    [PING OK] RU | 287ms
2026-02-18 18:50:23 [INFO]    [PING OK] RU | 312ms
2026-02-18 18:50:23 [INFO]    [PING OK] RU | 405ms
2026-02-18 18:50:23 [INFO]    [PING OK] RU | 227ms
2026-02-18 18:50:23 [INFO]    [PING OK] RU | 2324ms
2026-02-18 18:50:24 [INFO]    [PING OK] RU | 2321ms
2026-02-18 18:50:24 [INFO]    [PING OK] RU | 3328ms
2026-02-18 18:50:24 [INFO]    [PING OK] RU | 288ms
2026-02-18 18:50:24 [INFO]    [PING OK] RU | 364ms
2026-02-18 18:50:24 [INFO]    [PING OK] RU | 317ms
2026-02-18 18:50:24 [INFO]    [PING OK] RU | 281ms
2026-02-18 18:50:24 [INFO]    [PING OK] RU | 2520ms
2026-02-18 18:50:24 [INFO]    [PING OK] RU | 2913ms
2026-02-18 18:50:24 [INFO]    [PING OK] RU | 235ms
2026-02-18 18:50:24 [INFO]    [PING OK] RU | 3915ms
2026-02-18 18:50:24 [INFO]    [PING OK] RU | 3264ms
2026-02-18 18:50:25 [INFO]    [PING OK] RU | 308ms
2026-02-18 18:50:25 [INFO]    [PING OK] NL | 308ms
2026-02-18 18:50:25 [INFO]    [PING OK] RU | 1144ms
2026-02-18 18:50:25 [INFO]    [PING OK] RU | 459ms
2026-02-18 18:50:25 [INFO]    [PING OK] RU | 289ms
2026-02-18 18:50:25 [INFO]    [PING OK] RU | 1632ms
2026-02-18 18:50:26 [INFO]    [PING OK] RU | 691ms
2026-02-18 18:50:26 [INFO]    [PING OK] RU | 1507ms
2026-02-18 18:50:26 [INFO]    [PING OK] RU | 1124ms
2026-02-18 18:50:26 [INFO]    [PING OK] RU | 385ms
2026-02-18 18:50:27 [INFO]    [PING OK] RU | 1725ms
2026-02-18 18:50:27 [INFO]    [PING OK] RU | 2700ms
2026-02-18 18:50:27 [INFO]    [PING OK] RU | 157ms
2026-02-18 18:50:27 [INFO]    [PING OK] RU | 1568ms
2026-02-18 18:50:28 [INFO]    [PING OK] RU | 2927ms
2026-02-18 18:50:28 [INFO]    [PING OK] RU | 1562ms
2026-02-18 18:50:28 [INFO]    [PING OK] LV | 394ms
2026-02-18 18:50:28 [INFO]    [PING OK] RU | 1089ms
2026-02-18 18:50:28 [INFO]    [PING OK] RU | 3394ms
2026-02-18 18:50:29 [INFO]    [PING OK] RU | 3397ms
2026-02-18 18:50:29 [INFO]    [PING OK] RU | 2293ms
2026-02-18 18:50:29 [INFO]    [PING OK] RU | 4643ms
2026-02-18 18:50:29 [INFO]    [PING OK] RU | 2996ms
2026-02-18 18:50:30 [INFO]    [PING OK] IN | 810ms
2026-02-18 18:50:30 [INFO]    [PING OK] PL | 130ms
2026-02-18 18:50:31 [INFO]    [PING OK] AL | 294ms
2026-02-18 18:50:32 [INFO]    [PING OK] ES | 209ms
2026-02-18 18:50:32 [INFO]    [PING OK] JP | 1188ms
2026-02-18 18:50:32 [INFO]    [PING OK] RU | 183ms
2026-02-18 18:50:32 [INFO]    [PING OK] DE | 247ms
2026-02-18 18:50:33 [INFO]    [PING OK] FI | 269ms
2026-02-18 18:50:33 [INFO]    [PING OK] DE | 630ms
2026-02-18 18:50:34 [INFO]    [PING OK] CY | 381ms
2026-02-18 18:50:34 [INFO]    [PING OK] UZ | 464ms
2026-02-18 18:50:35 [INFO]    [PING OK] NL | 309ms
2026-02-18 18:50:35 [INFO]    [PING OK] AU | 634ms
2026-02-18 18:50:37 [INFO]    [PING OK] DE | 189ms
2026-02-18 18:50:37 [INFO]    [PING OK] NL | 209ms
2026-02-18 18:50:37 [INFO]    [PING OK] AT | 233ms
2026-02-18 18:50:38 [INFO]    [PING OK] FR | 809ms
2026-02-18 18:50:38 [INFO]    [PING OK] US | 648ms
2026-02-18 18:50:40 [INFO]    [PING OK] FI | 4333ms
2026-02-18 18:51:06 [INFO] 🏎️ ЭТАП 2: Глубокий замер скорости для ТОП-10 серверов...
2026-02-18 18:51:13 [INFO]    🏆 TR | Пинг: 116ms | Скорость: 11.91 Mbps ⚡⚡
2026-02-18 18:51:13 [INFO]    🏆 PL | Пинг: 130ms | Скорость: 12.32 Mbps ⚡⚡
2026-02-18 18:51:13 [INFO]    🏆 DE | Пинг: 155ms | Скорость: 2.95 Mbps ⚡
2026-02-18 18:51:13 [INFO]    🏆 DE | Пинг: 159ms | Скорость: 5.31 Mbps ⚡⚡
2026-02-18 18:51:13 [INFO]    🏆 DE | Пинг: 189ms | Скорость: 0.0 Mbps 
2026-02-18 18:51:13 [INFO]    🏆 ES | Пинг: 209ms | Скорость: 0.0 Mbps 
2026-02-18 18:51:13 [INFO]    🏆 NL | Пинг: 209ms | Скорость: 6.47 Mbps ⚡⚡
2026-02-18 18:51:13 [INFO]    🏆 AT | Пинг: 233ms | Скорость: 8.93 Mbps ⚡⚡
2026-02-18 18:51:13 [INFO]    🏆 DE | Пинг: 247ms | Скорость: 0.0 Mbps 
2026-02-18 18:51:13 [INFO]    🏆 RU | Пинг: 144ms | Скорость: 11.95 Mbps ⚡⚡
2026-02-18 18:51:13 [INFO] 🇷🇺 Добавлен RU сервер: 89.232.177.29
2026-02-18 18:51:13 [INFO] 📊 Итого в подписке сохранено: 10 серверов
2026-02-18 18:51:13 [INFO] 💾 Файл успешно сохранен: FL1PVPN
