2026-02-22 11:10:06 [INFO] 🚀 START: Smart Selector (Target: 10, ONLY FOREIGN)
2026-02-22 11:10:06 [INFO] 🌐 Загрузка источников (VLESS + VMess)...
2026-02-22 11:10:08 [INFO] 🔍 Уникальных конфигов собрано: 257
2026-02-22 11:10:08 [INFO] ⚡ ЭТАП 1: Замер Пинга и Геолокации. Workers: 40...
2026-02-22 11:10:14 [INFO]    [PING OK] DE | VLESS | 4560ms
2026-02-22 11:10:14 [INFO]    [PING OK] DE | VLESS | 4788ms
2026-02-22 11:10:15 [INFO]    [PING OK] ES | VLESS | 4184ms
2026-02-22 11:10:15 [INFO]    [PING OK] HU | VLESS | 4007ms
2026-02-22 11:10:16 [INFO]    [PING OK] DE | VLESS | 6061ms
2026-02-22 11:10:17 [INFO]    [PING OK] DE | VLESS | 6741ms
2026-02-22 11:10:18 [INFO]    [PING OK] IT | VLESS | 3825ms
2026-02-22 11:10:18 [INFO]    [PING OK] NL | VLESS | 3703ms
2026-02-22 11:10:18 [INFO]    [PING OK] NL | VLESS | 3821ms
2026-02-22 11:10:18 [INFO]    [PING OK] HU | VLESS | 4040ms
2026-02-22 11:10:19 [INFO]    [PING OK] PL | VLESS | 3938ms
2026-02-22 11:10:19 [INFO]    [PING OK] TR | VLESS | 4458ms
2026-02-22 11:10:19 [INFO]    [PING OK] PL | VLESS | 3664ms
2026-02-22 11:10:19 [INFO]    [PING OK] PL | VLESS | 4405ms
2026-02-22 11:10:19 [INFO]    [PING OK] TR | VLESS | 3696ms
2026-02-22 11:10:19 [INFO]    [PING OK] ES | VLESS | 3724ms
2026-02-22 11:10:19 [INFO]    [PING OK] DE | VLESS | 9011ms
2026-02-22 11:10:19 [INFO]    [PING OK] PL | VLESS | 3742ms
2026-02-22 11:10:20 [INFO]    [PING OK] HU | VLESS | 3463ms
2026-02-22 11:10:20 [INFO]    [PING OK] NL | VLESS | 3590ms
2026-02-22 11:10:20 [INFO]    [PING OK] DE | VLESS | 8674ms
2026-02-22 11:10:20 [INFO]    [PING OK] ES | VLESS | 3440ms
2026-02-22 11:10:20 [INFO]    [PING OK] ES | VLESS | 3531ms
2026-02-22 11:10:20 [INFO]    [PING OK] NL | VLESS | 3338ms
2026-02-22 11:10:21 [INFO]    [PING OK] ES | VLESS | 4288ms
2026-02-22 11:10:21 [INFO]    [PING OK] ES | VLESS | 3170ms
2026-02-22 11:10:23 [INFO]    [PING OK] PL | VLESS | 3476ms
2026-02-22 11:10:23 [INFO]    [PING OK] NL | VLESS | 3537ms
2026-02-22 11:10:23 [INFO]    [PING OK] PL | VLESS | 3444ms
2026-02-22 11:10:23 [INFO]    [PING OK] HU | VLESS | 3485ms
2026-02-22 11:10:23 [INFO]    [PING OK] HU | VLESS | 3518ms
2026-02-22 11:10:24 [INFO]    [PING OK] PL | VLESS | 7261ms
2026-02-22 11:10:24 [INFO]    [PING OK] PL | VLESS | 3528ms
2026-02-22 11:10:24 [INFO]    [PING OK] HU | VLESS | 3452ms
2026-02-22 11:10:24 [INFO]    [PING OK] PL | VLESS | 3432ms
2026-02-22 11:10:24 [INFO]    [PING OK] PL | VLESS | 4534ms
2026-02-22 11:10:24 [INFO]    [PING OK] PL | VLESS | 3468ms
2026-02-22 11:10:24 [INFO]    [PING OK] CA | VLESS | 3778ms
2026-02-22 11:10:25 [INFO]    [PING OK] IT | VLESS | 4995ms
2026-02-22 11:10:25 [INFO]    [PING OK] TR | VLESS | 4762ms
2026-02-22 11:10:25 [INFO]    [PING OK] CA | VLESS | 3904ms
2026-02-22 11:10:25 [INFO]    [PING OK] PL | VLESS | 3585ms
2026-02-22 11:10:25 [INFO]    [PING OK] PL | VLESS | 4821ms
2026-02-22 11:10:26 [INFO]    [PING OK] DE | VLESS | 5308ms
2026-02-22 11:10:27 [INFO]    [PING OK] EE | VLESS | 5271ms
2026-02-22 11:10:28 [INFO]    [PING OK] PL | VLESS | 5507ms
2026-02-22 11:10:29 [INFO]    [PING OK] DE | VLESS | 5098ms
2026-02-22 11:10:29 [INFO]    [PING OK] CA | VLESS | 5074ms
2026-02-22 11:10:30 [INFO]    [PING OK] NL | VLESS | 5492ms
2026-02-22 11:10:30 [INFO]    [PING OK] CA | VLESS | 5497ms
2026-02-22 11:10:30 [INFO]    [PING OK] DE | VLESS | 5172ms
2026-02-22 11:10:31 [INFO]    [PING OK] CA | VLESS | 5666ms
2026-02-22 11:10:32 [INFO]    [PING OK] CA | VLESS | 5136ms
2026-02-22 11:10:33 [INFO]    [PING OK] CA | VLESS | 5042ms
2026-02-22 11:10:34 [INFO]    [PING OK] CA | VLESS | 4307ms
2026-02-22 11:10:34 [INFO]    [PING OK] US | VLESS | 4077ms
2026-02-22 11:10:34 [INFO]    [PING OK] CA | VLESS | 6549ms
2026-02-22 11:10:35 [INFO]    [PING OK] SE | VLESS | 2974ms
2026-02-22 11:10:35 [INFO]    [PING OK] CA | VLESS | 3470ms
2026-02-22 11:10:36 [INFO]    [PING OK] FI | VLESS | 1595ms
2026-02-22 11:10:36 [INFO]    [PING OK] NL | VLESS | 1086ms
2026-02-22 11:10:36 [INFO]    [PING OK] JP | VLESS | 3133ms
2026-02-22 11:10:36 [INFO]    [PING OK] CA | VLESS | 3984ms
2026-02-22 11:10:36 [INFO]    [PING OK] CA | VLESS | 3966ms
2026-02-22 11:10:36 [INFO]    [PING OK] CA | VLESS | 3023ms
2026-02-22 11:10:37 [INFO]    [PING OK] CA | VLESS | 2543ms
2026-02-22 11:10:37 [INFO]    [PING OK] CA | VLESS | 2273ms
2026-02-22 11:10:40 [INFO] 🏎️ ЭТАП 2: Глубокий замер скорости для 40 иностранных кандидатов...
2026-02-22 11:10:44 [INFO]    🏆 NL | VLESS | Пинг: 1086ms | Скорость: 6.01 Mbps ⚡⚡
2026-02-22 11:10:44 [INFO]    🏆 HU | VLESS | Пинг: 3463ms | Скорость: 6.43 Mbps ⚡⚡
2026-02-22 11:10:44 [INFO]    🏆 NL | VLESS | Пинг: 3338ms | Скорость: 6.24 Mbps ⚡⚡
2026-02-22 11:10:44 [INFO]    🏆 PL | VLESS | Пинг: 3444ms | Скорость: 6.31 Mbps ⚡⚡
2026-02-22 11:10:44 [INFO]    🏆 SE | VLESS | Пинг: 2974ms | Скорость: 5.99 Mbps ⚡⚡
2026-02-22 11:10:44 [INFO]    🏆 HU | VLESS | Пинг: 3452ms | Скорость: 6.32 Mbps ⚡⚡
2026-02-22 11:10:44 [INFO]    🏆 PL | VLESS | Пинг: 3432ms | Скорость: 6.16 Mbps ⚡⚡
2026-02-22 11:10:45 [INFO]    🏆 PL | VLESS | Пинг: 3468ms | Скорость: 6.27 Mbps ⚡⚡
2026-02-22 11:10:45 [INFO]    🏆 ES | VLESS | Пинг: 3170ms | Скорость: 5.89 Mbps ⚡⚡
2026-02-22 11:10:46 [INFO]    🏆 JP | VLESS | Пинг: 3133ms | Скорость: 3.87 Mbps ⚡⚡
2026-02-22 11:10:47 [INFO]    🏆 ES | VLESS | Пинг: 3440ms | Скорость: 3.76 Mbps ⚡⚡
2026-02-22 11:10:47 [INFO]    🏆 FI | VLESS | Пинг: 1595ms | Скорость: 2.73 Mbps ⚡
2026-02-22 11:10:48 [INFO]    🏆 PL | VLESS | Пинг: 3528ms | Скорость: 6.44 Mbps ⚡⚡
2026-02-22 11:10:48 [INFO]    🏆 PL | VLESS | Пинг: 3476ms | Скорость: 6.4 Mbps ⚡⚡
2026-02-22 11:10:48 [INFO]    🏆 NL | VLESS | Пинг: 3537ms | Скорость: 6.57 Mbps ⚡⚡
2026-02-22 11:10:48 [INFO]    🏆 ES | VLESS | Пинг: 3531ms | Скорость: 6.23 Mbps ⚡⚡
2026-02-22 11:10:48 [INFO]    🏆 HU | VLESS | Пинг: 3485ms | Скорость: 6.16 Mbps ⚡⚡
2026-02-22 11:10:49 [INFO]    🏆 TR | VLESS | Пинг: 3696ms | Скорость: 6.27 Mbps ⚡⚡
2026-02-22 11:10:49 [INFO]    🏆 NL | VLESS | Пинг: 3590ms | Скорость: 5.99 Mbps ⚡⚡
2026-02-22 11:10:49 [INFO]    🏆 PL | VLESS | Пинг: 3664ms | Скорость: 6.07 Mbps ⚡⚡
2026-02-22 11:10:50 [INFO]    🏆 NL | VLESS | Пинг: 3703ms | Скорость: 6.86 Mbps ⚡⚡
2026-02-22 11:10:50 [INFO]    🏆 ES | VLESS | Пинг: 3724ms | Скорость: 6.7 Mbps ⚡⚡
2026-02-22 11:10:51 [INFO]    🏆 PL | VLESS | Пинг: 3742ms | Скорость: 7.67 Mbps ⚡⚡
2026-02-22 11:10:51 [INFO]    🏆 CA | VLESS | Пинг: 3470ms | Скорость: 0.67 Mbps 
2026-02-22 11:10:51 [INFO]    🏆 HU | VLESS | Пинг: 3518ms | Скорость: 1.72 Mbps ⚡
2026-02-22 11:10:52 [INFO]    🏆 NL | VLESS | Пинг: 3821ms | Скорость: 8.05 Mbps ⚡⚡
2026-02-22 11:10:52 [INFO]    🏆 HU | VLESS | Пинг: 4007ms | Скорость: 8.88 Mbps ⚡⚡
2026-02-22 11:10:52 [INFO]    🏆 HU | VLESS | Пинг: 4040ms | Скорость: 9.21 Mbps ⚡⚡
2026-02-22 11:10:52 [INFO]    🏆 US | VLESS | Пинг: 4077ms | Скорость: 7.52 Mbps ⚡⚡
2026-02-22 11:10:53 [INFO]    🏆 ES | VLESS | Пинг: 4184ms | Скорость: 12.11 Mbps ⚡⚡
2026-02-22 11:10:54 [INFO]    🏆 CA | VLESS | Пинг: 3778ms | Скорость: 1.09 Mbps 
2026-02-22 11:10:55 [INFO]    🏆 IT | VLESS | Пинг: 3825ms | Скорость: 3.23 Mbps ⚡⚡
2026-02-22 11:10:55 [INFO]    🏆 CA | VLESS | Пинг: 3904ms | Скорость: 0.71 Mbps 
2026-02-22 11:10:55 [INFO]    🏆 PL | VLESS | Пинг: 3938ms | Скорость: 1.57 Mbps ⚡
2026-02-22 11:10:55 [INFO]    🏆 CA | VLESS | Пинг: 3984ms | Скорость: 0.87 Mbps 
2026-02-22 11:10:55 [INFO] 📊 Итого в подписке сохранено иностранных серверов: 10
2026-02-22 11:10:55 [INFO] 💾 Файл успешно сохранен: FL1PVPN
