2026-02-24 16:40:07 [INFO] 🚀 START: Smart Selector (Target: 10, ONLY FOREIGN)
2026-02-24 16:40:07 [INFO] 🌐 Загрузка источников (VLESS + VMess)...
2026-02-24 16:40:42 [WARNING] ⚠️ Ошибка источника https://raw.githubusercontent....: HTTPSConnectionPool(host='raw.githubusercontent.com', port=443): Read timed out.
2026-02-24 16:40:43 [INFO] 🔍 Уникальных конфигов собрано: 128
2026-02-24 16:40:43 [INFO] ⚡ ЭТАП 1: Замер Пинга и Геолокации. Workers: 40...
2026-02-24 16:40:49 [INFO]    [PING OK] PL | VLESS | 5140ms
2026-02-24 16:40:49 [INFO]    [PING OK] PL | VLESS | 5181ms
2026-02-24 16:40:49 [INFO]    [PING OK] ES | VLESS | 4985ms
2026-02-24 16:40:49 [INFO]    [PING OK] ES | VLESS | 5042ms
2026-02-24 16:40:49 [INFO]    [PING OK] DE | VLESS | 5206ms
2026-02-24 16:40:49 [INFO]    [PING OK] PL | VLESS | 5332ms
2026-02-24 16:40:49 [INFO]    [PING OK] PL | VLESS | 5481ms
2026-02-24 16:40:49 [INFO]    [PING OK] PL | VLESS | 5443ms
2026-02-24 16:40:50 [INFO]    [PING OK] DE | VLESS | 5809ms
2026-02-24 16:40:50 [INFO]    [PING OK] DE | VLESS | 4712ms
2026-02-24 16:40:50 [INFO]    [PING OK] CA | VLESS | 5370ms
2026-02-24 16:40:50 [INFO]    [PING OK] NL | VLESS | 4720ms
2026-02-24 16:40:50 [INFO]    [PING OK] CA | VLESS | 5378ms
2026-02-24 16:40:50 [INFO]    [PING OK] KZ | VLESS | 5813ms
2026-02-24 16:40:50 [INFO]    [PING OK] US | VLESS | 5070ms
2026-02-24 16:40:50 [INFO]    [PING OK] US | VLESS | 5977ms
2026-02-24 16:40:50 [INFO]    [PING OK] CA | VLESS | 4669ms
2026-02-24 16:40:51 [INFO]    [PING OK] DE | VLESS | 4635ms
2026-02-24 16:40:51 [INFO]    [PING OK] NL | VLESS | 4822ms
2026-02-24 16:40:51 [INFO]    [PING OK] NL | VLESS | 4927ms
2026-02-24 16:40:51 [INFO]    [PING OK] SG | VLESS | 4542ms
2026-02-24 16:40:51 [INFO]    [PING OK] US | VLESS | 4691ms
2026-02-24 16:40:51 [INFO]    [PING OK] CA | VLESS | 5096ms
2026-02-24 16:40:52 [INFO]    [PING OK] CA | VLESS | 4648ms
2026-02-24 16:40:53 [INFO]    [PING OK] CA | VLESS | 6813ms
2026-02-24 16:40:53 [INFO]    [PING OK] CA | VLESS | 4481ms
2026-02-24 16:40:54 [INFO]    [PING OK] CA | VLESS | 4455ms
2026-02-24 16:40:55 [INFO]    [PING OK] DE | VLESS | 4648ms
2026-02-24 16:40:55 [INFO]    [PING OK] CA | VLESS | 5073ms
2026-02-24 16:40:55 [INFO]    [PING OK] CA | VLESS | 5125ms
2026-02-24 16:40:55 [INFO]    [PING OK] LT | VLESS | 4499ms
2026-02-24 16:40:55 [INFO]    [PING OK] CA | VLESS | 4613ms
2026-02-24 16:40:55 [INFO]    [PING OK] DE | VLESS | 4571ms
2026-02-24 16:40:56 [INFO]    [PING OK] CA | VLESS | 4592ms
2026-02-24 16:40:56 [INFO]    [PING OK] CA | VLESS | 5369ms
2026-02-24 16:40:56 [INFO]    [PING OK] CA | VLESS | 4789ms
2026-02-24 16:40:57 [INFO]    [PING OK] LT | VLESS | 2233ms
2026-02-24 16:40:57 [INFO]    [PING OK] DE | VLESS | 2386ms
2026-02-24 16:40:57 [INFO]    [PING OK] CA | VLESS | 7011ms
2026-02-24 16:40:58 [INFO]    [PING OK] CA | VLESS | 2986ms
2026-02-24 16:40:58 [INFO]    [PING OK] CA | VLESS | 5779ms
2026-02-24 16:41:00 [INFO]    [PING OK] SG | VLESS | 8001ms
2026-02-24 16:41:00 [INFO]    [PING OK] US | VLESS | 9587ms
2026-02-24 16:41:01 [INFO]    [PING OK] DE | VLESS | 5533ms
2026-02-24 16:41:02 [INFO] 🏎️ ЭТАП 2: Глубокий замер скорости для 40 иностранных кандидатов...
2026-02-24 16:41:07 [INFO]    🏆 DE | VLESS | Пинг: 2386ms | Скорость: 4.84 Mbps ⚡⚡
2026-02-24 16:41:07 [INFO]    🏆 LT | VLESS | Пинг: 4499ms | Скорость: 4.66 Mbps ⚡⚡
2026-02-24 16:41:07 [INFO]    🏆 DE | VLESS | Пинг: 4648ms | Скорость: 4.79 Mbps ⚡⚡
2026-02-24 16:41:07 [INFO]    🏆 LT | VLESS | Пинг: 2233ms | Скорость: 4.58 Mbps ⚡⚡
2026-02-24 16:41:07 [INFO]    🏆 US | VLESS | Пинг: 4691ms | Скорость: 4.8 Mbps ⚡⚡
2026-02-24 16:41:07 [INFO]    🏆 DE | VLESS | Пинг: 4571ms | Скорость: 4.29 Mbps ⚡⚡
2026-02-24 16:41:08 [INFO]    🏆 CA | VLESS | Пинг: 4455ms | Скорость: 0.74 Mbps 
2026-02-24 16:41:08 [INFO]    🏆 CA | VLESS | Пинг: 4481ms | Скорость: 1.24 Mbps 
2026-02-24 16:41:09 [INFO]    🏆 CA | VLESS | Пинг: 4592ms | Скорость: 1.49 Mbps 
2026-02-24 16:41:11 [INFO]    🏆 DE | VLESS | Пинг: 4712ms | Скорость: 6.15 Mbps ⚡⚡
2026-02-24 16:41:11 [INFO]    🏆 NL | VLESS | Пинг: 4720ms | Скорость: 6.34 Mbps ⚡⚡
2026-02-24 16:41:11 [INFO]    🏆 NL | VLESS | Пинг: 4822ms | Скорость: 6.43 Mbps ⚡⚡
2026-02-24 16:41:11 [INFO]    🏆 NL | VLESS | Пинг: 4927ms | Скорость: 6.19 Mbps ⚡⚡
2026-02-24 16:41:11 [INFO]    🏆 ES | VLESS | Пинг: 5042ms | Скорость: 6.64 Mbps ⚡⚡
2026-02-24 16:41:11 [INFO]    🏆 ES | VLESS | Пинг: 4985ms | Скорость: 6.47 Mbps ⚡⚡
2026-02-24 16:41:14 [INFO]    🏆 CA | VLESS | Пинг: 5073ms | Скорость: 0.7 Mbps 
2026-02-24 16:41:14 [INFO]    🏆 PL | VLESS | Пинг: 5332ms | Скорость: 4.51 Mbps ⚡⚡
2026-02-24 16:41:14 [INFO]    🏆 PL | VLESS | Пинг: 5443ms | Скорость: 8.17 Mbps ⚡⚡
2026-02-24 16:41:14 [INFO]    🏆 PL | VLESS | Пинг: 5181ms | Скорость: 4.1 Mbps ⚡⚡
2026-02-24 16:41:15 [INFO]    🏆 PL | VLESS | Пинг: 5140ms | Скорость: 1.97 Mbps ⚡
2026-02-24 16:41:15 [INFO]    🏆 CA | VLESS | Пинг: 5125ms | Скорость: 0.73 Mbps 
2026-02-24 16:41:15 [INFO]    🏆 DE | VLESS | Пинг: 5206ms | Скорость: 0.84 Mbps 
2026-02-24 16:41:16 [INFO]    🏆 DE | VLESS | Пинг: 5809ms | Скорость: 4.99 Mbps ⚡⚡
2026-02-24 16:41:16 [INFO]    🏆 PL | VLESS | Пинг: 5481ms | Скорость: 4.46 Mbps ⚡⚡
2026-02-24 16:41:17 [INFO]    🏆 CA | VLESS | Пинг: 5370ms | Скорость: 0.77 Mbps 
2026-02-24 16:41:17 [INFO]    🏆 CA | VLESS | Пинг: 5369ms | Скорость: 1.01 Mbps 
2026-02-24 16:41:18 [INFO]    🏆 US | VLESS | Пинг: 5977ms | Скорость: 6.24 Mbps ⚡⚡
2026-02-24 16:41:18 [INFO] 📊 Итого в подписке сохранено иностранных серверов: 10
2026-02-24 16:41:18 [INFO] 💾 Файл успешно сохранен: FL1PVPN
