2026-02-27 08:40:06 [INFO] 🚀 START: Smart Selector (Target: 10, ONLY FOREIGN)
2026-02-27 08:40:06 [INFO] 🌐 Загрузка источников (VLESS + VMess)...
2026-02-27 08:40:07 [INFO] 🔍 Уникальных конфигов собрано: 427
2026-02-27 08:40:07 [INFO] ⚡ ЭТАП 1: Замер Пинга и Геолокации. Workers: 40...
2026-02-27 08:40:13 [INFO]    [PING OK] PL | VLESS | 4551ms
2026-02-27 08:40:13 [INFO]    [PING OK] LT | VLESS | 4654ms
2026-02-27 08:40:13 [INFO]    [PING OK] NL | VLESS | 4614ms
2026-02-27 08:40:13 [INFO]    [PING OK] FI | VLESS | 4741ms
2026-02-27 08:40:13 [INFO]    [PING OK] FI | VLESS | 5103ms
2026-02-27 08:40:13 [INFO]    [PING OK] US | VLESS | 4820ms
2026-02-27 08:40:13 [INFO]    [PING OK] PL | VLESS | 4917ms
2026-02-27 08:40:13 [INFO]    [PING OK] LT | VLESS | 4959ms
2026-02-27 08:40:13 [INFO]    [PING OK] EE | VLESS | 4460ms
2026-02-27 08:40:13 [INFO]    [PING OK] BE | VLESS | 4181ms
2026-02-27 08:40:14 [INFO]    [PING OK] FI | VLESS | 4886ms
2026-02-27 08:40:14 [INFO]    [PING OK] NL | VLESS | 4908ms
2026-02-27 08:40:14 [INFO]    [PING OK] DE | VLESS | 4965ms
2026-02-27 08:40:14 [INFO]    [PING OK] ES | VLESS | 4355ms
2026-02-27 08:40:14 [INFO]    [PING OK] FI | VLESS | 5423ms
2026-02-27 08:40:14 [INFO]    [PING OK] ES | VLESS | 5137ms
2026-02-27 08:40:14 [INFO]    [PING OK] CA | VLESS | 4893ms
2026-02-27 08:40:14 [INFO]    [PING OK] CH | VLESS | 4125ms
2026-02-27 08:40:14 [INFO]    [PING OK] DE | VLESS | 5539ms
2026-02-27 08:40:15 [INFO]    [PING OK] FI | VLESS | 5682ms
2026-02-27 08:40:17 [INFO]    [PING OK] FI | VLESS | 8398ms
2026-02-27 08:40:17 [INFO]    [PING OK] LV | VLESS | 3378ms
2026-02-27 08:40:17 [INFO]    [PING OK] DE | VLESS | 6760ms
2026-02-27 08:40:17 [INFO]    [PING OK] FI | VLESS | 3358ms
2026-02-27 08:40:17 [INFO]    [PING OK] ES | VLESS | 3487ms
2026-02-27 08:40:18 [INFO]    [PING OK] DE | VLESS | 3333ms
2026-02-27 08:40:18 [INFO]    [PING OK] LT | VLESS | 4170ms
2026-02-27 08:40:18 [INFO]    [PING OK] US | VLESS | 3637ms
2026-02-27 08:40:18 [INFO]    [PING OK] FI | VLESS | 3569ms
2026-02-27 08:40:18 [INFO]    [PING OK] TR | VLESS | 3801ms
2026-02-27 08:40:18 [INFO]    [PING OK] NL | VLESS | 3753ms
2026-02-27 08:40:19 [INFO]    [PING OK] PL | VLESS | 4013ms
2026-02-27 08:40:19 [INFO]    [PING OK] FI | VLESS | 8530ms
2026-02-27 08:40:19 [INFO]    [PING OK] NL | VLESS | 3935ms
2026-02-27 08:40:19 [INFO]    [PING OK] ES | VLESS | 4483ms
2026-02-27 08:40:19 [INFO]    [PING OK] TR | VLESS | 4114ms
2026-02-27 08:40:19 [INFO]    [PING OK] DE | VLESS | 8230ms
2026-02-27 08:40:19 [INFO]    [PING OK] CA | VLESS | 3959ms
2026-02-27 08:40:19 [INFO]    [PING OK] IT | VLESS | 4099ms
2026-02-27 08:40:20 [INFO]    [PING OK] FI | VLESS | 4013ms
2026-02-27 08:40:23 [INFO]    [PING OK] TR | VLESS | 4817ms
2026-02-27 08:40:23 [INFO]    [PING OK] ES | VLESS | 4225ms
2026-02-27 08:40:23 [INFO]    [PING OK] HK | VLESS | 4579ms
2026-02-27 08:40:23 [INFO]    [PING OK] TR | VLESS | 4656ms
2026-02-27 08:40:24 [INFO]    [PING OK] PL | VLESS | 4292ms
2026-02-27 08:40:24 [INFO]    [PING OK] CA | VLESS | 4732ms
2026-02-27 08:40:24 [INFO]    [PING OK] FI | VLESS | 5008ms
2026-02-27 08:40:25 [INFO]    [PING OK] ES | VLESS | 5668ms
2026-02-27 08:40:25 [INFO]    [PING OK] LT | VLESS | 4381ms
2026-02-27 08:40:26 [INFO]    [PING OK] PL | VLESS | 4038ms
2026-02-27 08:40:26 [INFO]    [PING OK] FI | VLESS | 4297ms
2026-02-27 08:40:26 [INFO]    [PING OK] PL | VLESS | 4504ms
2026-02-27 08:40:26 [INFO]    [PING OK] EE | VLESS | 4578ms
2026-02-27 08:40:28 [INFO]    [PING OK] HU | VLESS | 4961ms
2026-02-27 08:40:28 [INFO]    [PING OK] PL | VLESS | 4811ms
2026-02-27 08:40:29 [INFO]    [PING OK] FI | VLESS | 5150ms
2026-02-27 08:40:29 [INFO]    [PING OK] SE | VLESS | 5083ms
2026-02-27 08:40:29 [INFO]    [PING OK] SE | VLESS | 4897ms
2026-02-27 08:40:29 [INFO]    [PING OK] NL | VLESS | 4634ms
2026-02-27 08:40:29 [INFO]    [PING OK] TR | VLESS | 5131ms
2026-02-27 08:40:29 [INFO]    [PING OK] KZ | VLESS | 4784ms
2026-02-27 08:40:30 [INFO]    [PING OK] DE | VLESS | 4141ms
2026-02-27 08:40:30 [INFO]    [PING OK] DE | VLESS | 4424ms
2026-02-27 08:40:30 [INFO]    [PING OK] HU | VLESS | 4542ms
2026-02-27 08:40:30 [INFO]    [PING OK] DE | VLESS | 4507ms
2026-02-27 08:40:31 [INFO]    [PING OK] HU | VLESS | 4456ms
2026-02-27 08:40:31 [INFO]    [PING OK] DE | VLESS | 3772ms
2026-02-27 08:40:31 [INFO]    [PING OK] NO | VLESS | 3623ms
2026-02-27 08:40:31 [INFO]    [PING OK] NO | VLESS | 8124ms
2026-02-27 08:40:31 [INFO]    [PING OK] NL | VLESS | 5619ms
2026-02-27 08:40:32 [INFO]    [PING OK] CH | VLESS | 3907ms
2026-02-27 08:40:32 [INFO]    [PING OK] FR | VLESS | 3872ms
2026-02-27 08:40:32 [INFO]    [PING OK] FR | VLESS | 6572ms
2026-02-27 08:40:33 [INFO]    [PING OK] PL | VLESS | 3859ms
2026-02-27 08:40:33 [INFO]    [PING OK] HK | VLESS | 4138ms
2026-02-27 08:40:33 [INFO]    [PING OK] FI | VLESS | 3999ms
2026-02-27 08:40:33 [INFO]    [PING OK] FI | VLESS | 3569ms
2026-02-27 08:40:34 [INFO]    [PING OK] LV | VLESS | 3824ms
2026-02-27 08:40:34 [INFO]    [PING OK] PL | VLESS | 4124ms
2026-02-27 08:40:35 [INFO]    [PING OK] IT | VLESS | 3985ms
2026-02-27 08:40:35 [INFO]    [PING OK] US | VLESS | 3948ms
2026-02-27 08:40:35 [INFO]    [PING OK] CH | VLESS | 4237ms
2026-02-27 08:40:36 [INFO]    [PING OK] FI | VLESS | 5876ms
2026-02-27 08:40:36 [INFO]    [PING OK] DE | VLESS | 4506ms
2026-02-27 08:40:36 [INFO]    [PING OK] RO | VLESS | 5831ms
2026-02-27 08:40:37 [INFO]    [PING OK] FR | VLESS | 4337ms
2026-02-27 08:40:37 [INFO]    [PING OK] DE | VLESS | 7700ms
2026-02-27 08:40:38 [INFO]    [PING OK] PL | VLESS | 4385ms
2026-02-27 08:40:38 [INFO]    [PING OK] DE | VLESS | 4257ms
2026-02-27 08:40:38 [INFO]    [PING OK] NG | VLESS | 5613ms
2026-02-27 08:40:39 [INFO]    [PING OK] HU | VLESS | 4470ms
2026-02-27 08:40:39 [INFO]    [PING OK] SE | VLESS | 4103ms
2026-02-27 08:40:39 [INFO]    [PING OK] US | VLESS | 3333ms
2026-02-27 08:40:39 [INFO]    [PING OK] NL | VLESS | 3809ms
2026-02-27 08:40:39 [INFO]    [PING OK] TR | VLESS | 4067ms
2026-02-27 08:40:40 [INFO]    [PING OK] DE | VLESS | 3567ms
2026-02-27 08:40:40 [INFO]    [PING OK] PL | VLESS | 3783ms
2026-02-27 08:40:41 [INFO]    [PING OK] FI | VLESS | 4942ms
2026-02-27 08:40:41 [INFO]    [PING OK] TR | VLESS | 3825ms
2026-02-27 08:40:41 [INFO]    [PING OK] NL | VLESS | 7336ms
2026-02-27 08:40:42 [INFO]    [PING OK] NL | VLESS | 4231ms
2026-02-27 08:40:42 [INFO]    [PING OK] FI | VLESS | 3950ms
2026-02-27 08:40:43 [INFO]    [PING OK] NL | VLESS | 4480ms
2026-02-27 08:40:43 [INFO]    [PING OK] DE | VLESS | 4370ms
2026-02-27 08:40:43 [INFO]    [PING OK] HU | VLESS | 3902ms
2026-02-27 08:40:44 [INFO]    [PING OK] PL | VLESS | 4530ms
2026-02-27 08:40:44 [INFO]    [PING OK] TR | VLESS | 3766ms
2026-02-27 08:40:44 [INFO]    [PING OK] PL | VLESS | 3912ms
2026-02-27 08:40:45 [INFO]    [PING OK] CA | VLESS | 4282ms
2026-02-27 08:40:45 [INFO]    [PING OK] PL | VLESS | 3916ms
2026-02-27 08:40:47 [INFO]    [PING OK] DE | VLESS | 3818ms
2026-02-27 08:40:48 [INFO]    [PING OK] PL | VLESS | 4181ms
2026-02-27 08:40:48 [INFO]    [PING OK] FI | VLESS | 4303ms
2026-02-27 08:40:48 [INFO]    [PING OK] ES | VLESS | 4110ms
2026-02-27 08:40:48 [INFO]    [PING OK] PL | VLESS | 4406ms
2026-02-27 08:40:49 [INFO]    [PING OK] US | VLESS | 3902ms
2026-02-27 08:40:49 [INFO]    [PING OK] DE | VLESS | 3746ms
2026-02-27 08:40:50 [INFO]    [PING OK] DE | VLESS | 3510ms
2026-02-27 08:40:51 [INFO]    [PING OK] US | VLESS | 3453ms
2026-02-27 08:40:52 [INFO]    [PING OK] DE | VLESS | 3878ms
2026-02-27 08:40:53 [INFO]    [PING OK] CA | VLESS | 4012ms
2026-02-27 08:40:53 [INFO]    [PING OK] DE | VLESS | 3899ms
2026-02-27 08:40:53 [INFO]    [PING OK] US | VLESS | 4087ms
2026-02-27 08:40:53 [INFO]    [PING OK] DE | VLESS | 4069ms
2026-02-27 08:40:53 [INFO]    [PING OK] DE | VLESS | 8467ms
2026-02-27 08:40:54 [INFO]    [PING OK] NL | VLESS | 4136ms
2026-02-27 08:40:54 [INFO]    [PING OK] LV | VLESS | 3766ms
2026-02-27 08:40:54 [INFO]    [PING OK] FI | VLESS | 5274ms
2026-02-27 08:40:54 [INFO]    [PING OK] US | VLESS | 3484ms
2026-02-27 08:40:54 [INFO]    [PING OK] SG | VLESS | 3617ms
2026-02-27 08:40:54 [INFO]    [PING OK] SG | VLESS | 3315ms
2026-02-27 08:40:54 [INFO]    [PING OK] US | VLESS | 3582ms
2026-02-27 08:40:54 [INFO]    [PING OK] DE | VLESS | 1650ms
2026-02-27 08:40:54 [INFO]    [PING OK] DE | VLESS | 3624ms
2026-02-27 08:40:55 [INFO]    [PING OK] DE | VLESS | 3339ms
2026-02-27 08:40:56 [INFO]    [PING OK] SG | VLESS | 1492ms
2026-02-27 08:40:58 [INFO] 🏎️ ЭТАП 2: Глубокий замер скорости для 40 иностранных кандидатов...
2026-02-27 08:41:03 [INFO]    🏆 LV | VLESS | Пинг: 3378ms | Скорость: 6.01 Mbps ⚡⚡
2026-02-27 08:41:03 [INFO]    🏆 FI | VLESS | Пинг: 3569ms | Скорость: 6.21 Mbps ⚡⚡
2026-02-27 08:41:03 [INFO]    🏆 DE | VLESS | Пинг: 3333ms | Скорость: 5.85 Mbps ⚡⚡
2026-02-27 08:41:03 [INFO]    🏆 DE | VLESS | Пинг: 3510ms | Скорость: 5.76 Mbps ⚡⚡
2026-02-27 08:41:03 [INFO]    🏆 FI | VLESS | Пинг: 3358ms | Скорость: 5.63 Mbps ⚡⚡
2026-02-27 08:41:03 [INFO]    🏆 DE | VLESS | Пинг: 3567ms | Скорость: 5.48 Mbps ⚡⚡
2026-02-27 08:41:03 [INFO]    🏆 FI | VLESS | Пинг: 3569ms | Скорость: 5.53 Mbps ⚡⚡
2026-02-27 08:41:03 [INFO]    🏆 ES | VLESS | Пинг: 3487ms | Скорость: 5.19 Mbps ⚡⚡
2026-02-27 08:41:03 [INFO]    🏆 US | VLESS | Пинг: 3484ms | Скорость: 5.07 Mbps ⚡⚡
2026-02-27 08:41:03 [INFO]    🏆 SG | VLESS | Пинг: 1492ms | Скорость: 4.84 Mbps ⚡⚡
2026-02-27 08:41:03 [INFO]    🏆 US | VLESS | Пинг: 3453ms | Скорость: 4.99 Mbps ⚡⚡
2026-02-27 08:41:03 [INFO]    🏆 SG | VLESS | Пинг: 3315ms | Скорость: 4.81 Mbps ⚡⚡
2026-02-27 08:41:05 [INFO]    🏆 DE | VLESS | Пинг: 1650ms | Скорость: 2.17 Mbps ⚡
2026-02-27 08:41:05 [INFO]    🏆 US | VLESS | Пинг: 3333ms | Скорость: 1.38 Mbps 
2026-02-27 08:41:05 [INFO]    🏆 DE | VLESS | Пинг: 3339ms | Скорость: 1.24 Mbps 
2026-02-27 08:41:06 [INFO]    🏆 DE | VLESS | Пинг: 3746ms | Скорость: 10.37 Mbps ⚡⚡
2026-02-27 08:41:06 [INFO]    🏆 LV | VLESS | Пинг: 3766ms | Скорость: 10.27 Mbps ⚡⚡
2026-02-27 08:41:06 [INFO]    🏆 PL | VLESS | Пинг: 3783ms | Скорость: 10.21 Mbps ⚡⚡
2026-02-27 08:41:06 [INFO]    🏆 TR | VLESS | Пинг: 3766ms | Скорость: 9.11 Mbps ⚡⚡
2026-02-27 08:41:06 [INFO]    🏆 TR | VLESS | Пинг: 3801ms | Скорость: 9.88 Mbps ⚡⚡
2026-02-27 08:41:07 [INFO]    🏆 US | VLESS | Пинг: 3582ms | Скорость: 6.49 Mbps ⚡⚡
2026-02-27 08:41:08 [INFO]    🏆 DE | VLESS | Пинг: 3772ms | Скорость: 5.58 Mbps ⚡⚡
2026-02-27 08:41:08 [INFO]    🏆 NL | VLESS | Пинг: 3809ms | Скорость: 9.18 Mbps ⚡⚡
2026-02-27 08:41:08 [INFO]    🏆 DE | VLESS | Пинг: 3818ms | Скорость: 9.27 Mbps ⚡⚡
2026-02-27 08:41:09 [INFO]    🏆 LV | VLESS | Пинг: 3824ms | Скорость: 7.7 Mbps ⚡⚡
2026-02-27 08:41:09 [INFO]    🏆 TR | VLESS | Пинг: 3825ms | Скорость: 8.26 Mbps ⚡⚡
2026-02-27 08:41:09 [INFO]    🏆 FR | VLESS | Пинг: 3872ms | Скорость: 8.86 Mbps ⚡⚡
2026-02-27 08:41:09 [INFO]    🏆 PL | VLESS | Пинг: 3859ms | Скорость: 8.77 Mbps ⚡⚡
2026-02-27 08:41:09 [INFO]    🏆 DE | VLESS | Пинг: 3899ms | Скорость: 9.71 Mbps ⚡⚡
2026-02-27 08:41:09 [INFO]    🏆 DE | VLESS | Пинг: 3878ms | Скорость: 9.01 Mbps ⚡⚡
2026-02-27 08:41:10 [INFO]    🏆 SG | VLESS | Пинг: 3617ms | Скорость: 2.02 Mbps ⚡
2026-02-27 08:41:10 [INFO]    🏆 DE | VLESS | Пинг: 3624ms | Скорость: 2.07 Mbps ⚡
2026-02-27 08:41:10 [INFO]    🏆 HU | VLESS | Пинг: 3902ms | Скорость: 7.7 Mbps ⚡⚡
2026-02-27 08:41:10 [INFO]    🏆 CH | VLESS | Пинг: 3907ms | Скорость: 8.6 Mbps ⚡⚡
2026-02-27 08:41:10 [INFO]    🏆 PL | VLESS | Пинг: 3912ms | Скорость: 8.64 Mbps ⚡⚡
2026-02-27 08:41:10 [INFO]    🏆 PL | VLESS | Пинг: 3916ms | Скорость: 10.92 Mbps ⚡⚡
2026-02-27 08:41:11 [INFO]    🏆 US | VLESS | Пинг: 3902ms | Скорость: 5.29 Mbps ⚡⚡
2026-02-27 08:41:11 [INFO] 📊 Итого в подписке сохранено иностранных серверов: 10
2026-02-27 08:41:11 [INFO] 💾 Файл успешно сохранен: FL1PVPN
