2026-02-23 04:20:05 [INFO] 🚀 START: Smart Selector (Target: 10, ONLY FOREIGN)
2026-02-23 04:20:05 [INFO] 🌐 Загрузка источников (VLESS + VMess)...
2026-02-23 04:20:06 [INFO] 🔍 Уникальных конфигов собрано: 228
2026-02-23 04:20:06 [INFO] ⚡ ЭТАП 1: Замер Пинга и Геолокации. Workers: 40...
2026-02-23 04:20:12 [INFO]    [PING OK] CZ | VLESS | 4262ms
2026-02-23 04:20:12 [INFO]    [PING OK] DE | VLESS | 4461ms
2026-02-23 04:20:12 [INFO]    [PING OK] DE | VLESS | 4739ms
2026-02-23 04:20:12 [INFO]    [PING OK] DE | VLESS | 5024ms
2026-02-23 04:20:13 [INFO]    [PING OK] HU | VLESS | 3606ms
2026-02-23 04:20:13 [INFO]    [PING OK] DE | VLESS | 4067ms
2026-02-23 04:20:13 [INFO]    [PING OK] DE | VLESS | 5944ms
2026-02-23 04:20:16 [INFO]    [PING OK] TR | VLESS | 3950ms
2026-02-23 04:20:17 [INFO]    [PING OK] IT | VLESS | 4072ms
2026-02-23 04:20:17 [INFO]    [PING OK] HU | VLESS | 3955ms
2026-02-23 04:20:17 [INFO]    [PING OK] HU | VLESS | 4073ms
2026-02-23 04:20:17 [INFO]    [PING OK] ES | VLESS | 4043ms
2026-02-23 04:20:17 [INFO]    [PING OK] CA | VLESS | 4627ms
2026-02-23 04:20:17 [INFO]    [PING OK] NL | VLESS | 4126ms
2026-02-23 04:20:19 [INFO]    [PING OK] PL | VLESS | 4089ms
2026-02-23 04:20:19 [INFO]    [PING OK] ES | VLESS | 3998ms
2026-02-23 04:20:19 [INFO]    [PING OK] PL | VLESS | 4006ms
2026-02-23 04:20:19 [INFO]    [PING OK] CA | VLESS | 4159ms
2026-02-23 04:20:19 [INFO]    [PING OK] ES | VLESS | 4112ms
2026-02-23 04:20:20 [INFO]    [PING OK] DE | VLESS | 5244ms
2026-02-23 04:20:20 [INFO]    [PING OK] CA | VLESS | 7833ms
2026-02-23 04:20:20 [INFO]    [PING OK] US | VLESS | 6327ms
2026-02-23 04:20:21 [INFO]    [PING OK] DE | VLESS | 6556ms
2026-02-23 04:20:21 [INFO]    [PING OK] PL | VLESS | 4362ms
2026-02-23 04:20:21 [INFO]    [PING OK] IT | VLESS | 4683ms
2026-02-23 04:20:22 [INFO]    [PING OK] DE | VLESS | 4641ms
2026-02-23 04:20:22 [INFO]    [PING OK] DE | VLESS | 5326ms
2026-02-23 04:20:23 [INFO]    [PING OK] CA | VLESS | 4625ms
2026-02-23 04:20:23 [INFO]    [PING OK] CA | VLESS | 4620ms
2026-02-23 04:20:23 [INFO]    [PING OK] CA | VLESS | 4857ms
2026-02-23 04:20:23 [INFO]    [PING OK] CA | VLESS | 5026ms
2026-02-23 04:20:23 [INFO]    [PING OK] CA | VLESS | 5013ms
2026-02-23 04:20:24 [INFO]    [PING OK] DE | VLESS | 4366ms
2026-02-23 04:20:25 [INFO]    [PING OK] CA | VLESS | 4536ms
2026-02-23 04:20:26 [INFO]    [PING OK] CA | VLESS | 6715ms
2026-02-23 04:20:26 [INFO]    [PING OK] US | VLESS | 4699ms
2026-02-23 04:20:26 [INFO]    [PING OK] CA | VLESS | 4650ms
2026-02-23 04:20:27 [INFO]    [PING OK] DE | VLESS | 4086ms
2026-02-23 04:20:27 [INFO]    [PING OK] CA | VLESS | 4821ms
2026-02-23 04:20:27 [INFO]    [PING OK] CA | VLESS | 4383ms
2026-02-23 04:20:27 [INFO]    [PING OK] CA | VLESS | 4785ms
2026-02-23 04:20:27 [INFO]    [PING OK] CA | VLESS | 3821ms
2026-02-23 04:20:27 [INFO]    [PING OK] DE | VLESS | 3551ms
2026-02-23 04:20:27 [INFO]    [PING OK] CA | VLESS | 4506ms
2026-02-23 04:20:27 [INFO]    [PING OK] DE | VLESS | 3668ms
2026-02-23 04:20:28 [INFO]    [PING OK] CA | VLESS | 4027ms
2026-02-23 04:20:28 [INFO]    [PING OK] BY | VLESS | 3407ms
2026-02-23 04:20:28 [INFO]    [PING OK] CA | VLESS | 4139ms
2026-02-23 04:20:28 [INFO]    [PING OK] CA | VLESS | 4256ms
2026-02-23 04:20:28 [INFO]    [PING OK] CA | VLESS | 3584ms
2026-02-23 04:20:28 [INFO]    [PING OK] CA | VLESS | 3616ms
2026-02-23 04:20:29 [INFO]    [PING OK] CA | VLESS | 4930ms
2026-02-23 04:20:29 [INFO]    [PING OK] CA | VLESS | 6515ms
2026-02-23 04:20:29 [INFO]    [PING OK] CA | VLESS | 3615ms
2026-02-23 04:20:29 [INFO]    [PING OK] CA | VLESS | 6539ms
2026-02-23 04:20:30 [INFO]    [PING OK] CA | VLESS | 6795ms
2026-02-23 04:20:30 [INFO]    [PING OK] NL | VLESS | 3622ms
2026-02-23 04:20:30 [INFO]    [PING OK] CA | VLESS | 12176ms
2026-02-23 04:20:31 [INFO]    [PING OK] CA | VLESS | 4239ms
2026-02-23 04:20:32 [INFO]    [PING OK] CA | VLESS | 3913ms
2026-02-23 04:20:32 [INFO]    [PING OK] CA | VLESS | 4051ms
2026-02-23 04:20:32 [INFO]    [PING OK] CA | VLESS | 4920ms
2026-02-23 04:20:32 [INFO]    [PING OK] CA | VLESS | 4848ms
2026-02-23 04:20:32 [INFO]    [PING OK] CA | VLESS | 4233ms
2026-02-23 04:20:32 [INFO]    [PING OK] CA | VLESS | 3488ms
2026-02-23 04:20:32 [INFO]    [PING OK] CA | VLESS | 4049ms
2026-02-23 04:20:32 [INFO]    [PING OK] CA | VLESS | 4084ms
2026-02-23 04:20:32 [INFO]    [PING OK] CA | VLESS | 3507ms
2026-02-23 04:20:32 [INFO]    [PING OK] CA | VLESS | 3695ms
2026-02-23 04:20:32 [INFO]    [PING OK] CA | VLESS | 3976ms
2026-02-23 04:20:32 [INFO]    [PING OK] CA | VLESS | 3632ms
2026-02-23 04:20:32 [INFO]    [PING OK] CA | VLESS | 3603ms
2026-02-23 04:20:33 [INFO]    [PING OK] CA | VLESS | 4548ms
2026-02-23 04:20:36 [INFO] 🏎️ ЭТАП 2: Глубокий замер скорости для 40 иностранных кандидатов...
2026-02-23 04:20:40 [INFO]    🏆 DE | VLESS | Пинг: 3551ms | Скорость: 7.1 Mbps ⚡⚡
2026-02-23 04:20:40 [INFO]    🏆 DE | VLESS | Пинг: 3668ms | Скорость: 7.42 Mbps ⚡⚡
2026-02-23 04:20:40 [INFO]    🏆 NL | VLESS | Пинг: 3622ms | Скорость: 7.27 Mbps ⚡⚡
2026-02-23 04:20:40 [INFO]    🏆 HU | VLESS | Пинг: 3606ms | Скорость: 7.12 Mbps ⚡⚡
2026-02-23 04:20:41 [INFO]    🏆 CA | VLESS | Пинг: 3603ms | Скорость: 5.39 Mbps ⚡⚡
2026-02-23 04:20:41 [INFO]    🏆 CA | VLESS | Пинг: 3488ms | Скорость: 4.75 Mbps ⚡⚡
2026-02-23 04:20:42 [INFO]    🏆 BY | VLESS | Пинг: 3407ms | Скорость: 4.25 Mbps ⚡⚡
2026-02-23 04:20:42 [INFO]    🏆 CA | VLESS | Пинг: 3615ms | Скорость: 4.12 Mbps ⚡⚡
2026-02-23 04:20:42 [INFO]    🏆 CA | VLESS | Пинг: 3632ms | Скорость: 3.97 Mbps ⚡⚡
2026-02-23 04:20:43 [INFO]    🏆 CA | VLESS | Пинг: 3695ms | Скорость: 3.57 Mbps ⚡⚡
2026-02-23 04:20:43 [INFO]    🏆 CA | VLESS | Пинг: 3584ms | Скорость: 3.35 Mbps ⚡⚡
2026-02-23 04:20:43 [INFO]    🏆 CA | VLESS | Пинг: 3507ms | Скорость: 3.32 Mbps ⚡⚡
2026-02-23 04:20:45 [INFO]    🏆 HU | VLESS | Пинг: 3955ms | Скорость: 5.18 Mbps ⚡⚡
2026-02-23 04:20:45 [INFO]    🏆 ES | VLESS | Пинг: 3998ms | Скорость: 5.15 Mbps ⚡⚡
2026-02-23 04:20:45 [INFO]    🏆 TR | VLESS | Пинг: 3950ms | Скорость: 5.07 Mbps ⚡⚡
2026-02-23 04:20:45 [INFO]    🏆 PL | VLESS | Пинг: 4006ms | Скорость: 6.1 Mbps ⚡⚡
2026-02-23 04:20:45 [INFO]    🏆 CA | VLESS | Пинг: 3976ms | Скорость: 4.73 Mbps ⚡⚡
2026-02-23 04:20:45 [INFO]    🏆 ES | VLESS | Пинг: 4043ms | Скорость: 6.37 Mbps ⚡⚡
2026-02-23 04:20:45 [INFO]    🏆 IT | VLESS | Пинг: 4072ms | Скорость: 8.33 Mbps ⚡⚡
2026-02-23 04:20:45 [INFO]    🏆 CA | VLESS | Пинг: 4027ms | Скорость: 5.62 Mbps ⚡⚡
2026-02-23 04:20:46 [INFO]    🏆 CA | VLESS | Пинг: 4049ms | Скорость: 5.4 Mbps ⚡⚡
2026-02-23 04:20:46 [INFO]    🏆 DE | VLESS | Пинг: 4086ms | Скорость: 9.71 Mbps ⚡⚡
2026-02-23 04:20:46 [INFO]    🏆 HU | VLESS | Пинг: 4073ms | Скорость: 6.89 Mbps ⚡⚡
2026-02-23 04:20:47 [INFO]    🏆 PL | VLESS | Пинг: 4089ms | Скорость: 6.31 Mbps ⚡⚡
2026-02-23 04:20:48 [INFO]    🏆 ES | VLESS | Пинг: 4112ms | Скорость: 7.38 Mbps ⚡⚡
2026-02-23 04:20:48 [INFO]    🏆 NL | VLESS | Пинг: 4126ms | Скорость: 7.37 Mbps ⚡⚡
2026-02-23 04:20:49 [INFO]    🏆 CZ | VLESS | Пинг: 4262ms | Скорость: 7.63 Mbps ⚡⚡
2026-02-23 04:20:49 [INFO]    🏆 CA | VLESS | Пинг: 4139ms | Скорость: 5.91 Mbps ⚡⚡
2026-02-23 04:20:49 [INFO]    🏆 PL | VLESS | Пинг: 4362ms | Скорость: 7.76 Mbps ⚡⚡
2026-02-23 04:20:49 [INFO]    🏆 DE | VLESS | Пинг: 4366ms | Скорость: 7.88 Mbps ⚡⚡
2026-02-23 04:20:49 [INFO]    🏆 CA | VLESS | Пинг: 4159ms | Скорость: 6.12 Mbps ⚡⚡
2026-02-23 04:20:49 [INFO]    🏆 CA | VLESS | Пинг: 4239ms | Скорость: 6.27 Mbps ⚡⚡
2026-02-23 04:20:49 [INFO]    🏆 CA | VLESS | Пинг: 4084ms | Скорость: 3.73 Mbps ⚡⚡
2026-02-23 04:20:51 [INFO]    🏆 CA | VLESS | Пинг: 4256ms | Скорость: 4.24 Mbps ⚡⚡
2026-02-23 04:20:51 [INFO] 📊 Итого в подписке сохранено иностранных серверов: 10
2026-02-23 04:20:51 [INFO] 💾 Файл успешно сохранен: FL1PVPN
