2026-02-15 23:13:47 [INFO] 🚀 START: Smart VLESS Selector (Target: 10, Strict Mode)
2026-02-15 23:13:47 [INFO] 🌐 Загрузка источников...
2026-02-15 23:13:50 [INFO] 🔍 Уникальных конфигов собрано: 337
2026-02-15 23:13:50 [INFO] ⚡ ЭТАП 1: Быстрый замер Пинга (Workers: 25)...
2026-02-15 23:13:51 [INFO]    [PING OK] GR | 78ms
2026-02-15 23:13:51 [INFO]    [PING OK] NL | 198ms
2026-02-15 23:13:51 [INFO]    [PING OK] NL | 159ms
2026-02-15 23:13:52 [INFO]    [PING OK] NL | 336ms
2026-02-15 23:13:52 [INFO]    [PING OK] DE | 186ms
2026-02-15 23:13:52 [INFO]    [PING OK] SG | 1550ms
2026-02-15 23:13:53 [INFO]    [PING OK] BE | 309ms
2026-02-15 23:13:53 [INFO]    [PING OK] DE | 151ms
2026-02-15 23:13:54 [INFO]    [PING OK] PL | 105ms
2026-02-15 23:13:55 [INFO]    [PING OK] DE | 582ms
2026-02-15 23:13:55 [INFO]    [PING OK] DE | 155ms
2026-02-15 23:13:56 [INFO]    [PING OK] FR | 210ms
2026-02-15 23:13:57 [INFO]    [PING OK] KZ | 1169ms
2026-02-15 23:13:57 [INFO]    [PING OK] CH | 172ms
2026-02-15 23:14:00 [INFO]    [PING OK] RU | 157ms
2026-02-15 23:14:00 [INFO]    [PING OK] US | 1566ms
2026-02-15 23:14:01 [INFO]    [PING OK] DE | 176ms
2026-02-15 23:14:01 [INFO]    [PING OK] FR | 182ms
2026-02-15 23:14:01 [INFO]    [PING OK] NL | 184ms
2026-02-15 23:14:03 [INFO]    [PING OK] RU | 76ms
2026-02-15 23:14:03 [INFO]    [PING OK] RU | 81ms
2026-02-15 23:14:03 [INFO]    [PING OK] RU | 331ms
2026-02-15 23:14:03 [INFO]    [PING OK] RU | 253ms
2026-02-15 23:14:03 [INFO]    [PING OK] RU | 215ms
2026-02-15 23:14:03 [INFO]    [PING OK] RU | 178ms
2026-02-15 23:14:04 [INFO]    [PING OK] PL | 154ms
2026-02-15 23:14:04 [INFO]    [PING OK] RU | 312ms
2026-02-15 23:14:04 [INFO]    [PING OK] RU | 98ms
2026-02-15 23:14:04 [INFO]    [PING OK] RU | 214ms
2026-02-15 23:14:04 [INFO]    [PING OK] RU | 275ms
2026-02-15 23:14:04 [INFO]    [PING OK] RU | 150ms
2026-02-15 23:14:05 [INFO]    [PING OK] RU | 254ms
2026-02-15 23:14:05 [INFO]    [PING OK] RU | 61ms
2026-02-15 23:14:05 [INFO]    [PING OK] RU | 187ms
2026-02-15 23:14:05 [INFO]    [PING OK] RU | 817ms
2026-02-15 23:14:05 [INFO]    [PING OK] RU | 271ms
2026-02-15 23:14:05 [INFO]    [PING OK] RU | 295ms
2026-02-15 23:14:05 [INFO]    [PING OK] RU | 305ms
2026-02-15 23:14:05 [INFO]    [PING OK] RU | 507ms
2026-02-15 23:14:06 [INFO]    [PING OK] RU | 241ms
2026-02-15 23:14:06 [INFO]    [PING OK] RU | 133ms
2026-02-15 23:14:06 [INFO]    [PING OK] RU | 258ms
2026-02-15 23:14:06 [INFO]    [PING OK] RU | 643ms
2026-02-15 23:14:06 [INFO]    [PING OK] RU | 331ms
2026-02-15 23:14:06 [INFO]    [PING OK] PL | 194ms
2026-02-15 23:14:06 [INFO]    [PING OK] RU | 75ms
2026-02-15 23:14:06 [INFO]    [PING OK] RU | 252ms
2026-02-15 23:14:06 [INFO]    [PING OK] RU | 269ms
2026-02-15 23:14:07 [INFO]    [PING OK] RU | 167ms
2026-02-15 23:14:07 [INFO]    [PING OK] RU | 287ms
2026-02-15 23:14:07 [INFO]    [PING OK] RU | 75ms
2026-02-15 23:14:07 [INFO]    [PING OK] RU | 197ms
2026-02-15 23:14:07 [INFO]    [PING OK] RU | 217ms
2026-02-15 23:14:07 [INFO]    [PING OK] RU | 98ms
2026-02-15 23:14:07 [INFO]    [PING OK] RU | 174ms
2026-02-15 23:14:07 [INFO]    [PING OK] RU | 503ms
2026-02-15 23:14:07 [INFO]    [PING OK] RU | 173ms
2026-02-15 23:14:07 [INFO]    [PING OK] RU | 204ms
2026-02-15 23:14:07 [INFO]    [PING OK] RU | 131ms
2026-02-15 23:14:07 [INFO]    [PING OK] HU | 311ms
2026-02-15 23:14:07 [INFO]    [PING OK] RU | 182ms
2026-02-15 23:14:08 [INFO]    [PING OK] NL | 195ms
2026-02-15 23:14:08 [INFO]    [PING OK] RU | 64ms
2026-02-15 23:14:08 [INFO]    [PING OK] RU | 211ms
2026-02-15 23:14:08 [INFO]    [PING OK] NL | 1345ms
2026-02-15 23:14:08 [INFO]    [PING OK] RU | 206ms
2026-02-15 23:14:08 [INFO]    [PING OK] RU | 94ms
2026-02-15 23:14:08 [INFO]    [PING OK] RU | 295ms
2026-02-15 23:14:08 [INFO]    [PING OK] RU | 89ms
2026-02-15 23:14:08 [INFO]    [PING OK] RU | 331ms
2026-02-15 23:14:09 [INFO]    [PING OK] RU | 491ms
2026-02-15 23:14:09 [INFO]    [PING OK] RU | 90ms
2026-02-15 23:14:09 [INFO]    [PING OK] RU | 195ms
2026-02-15 23:14:09 [INFO]    [PING OK] RU | 200ms
2026-02-15 23:14:09 [INFO]    [PING OK] RU | 67ms
2026-02-15 23:14:09 [INFO]    [PING OK] RU | 199ms
2026-02-15 23:14:09 [INFO]    [PING OK] RU | 620ms
2026-02-15 23:14:09 [INFO]    [PING OK] RU | 88ms
2026-02-15 23:14:09 [INFO]    [PING OK] RU | 54ms
2026-02-15 23:14:09 [INFO]    [PING OK] RU | 68ms
2026-02-15 23:14:09 [INFO]    [PING OK] RU | 151ms
2026-02-15 23:14:10 [INFO]    [PING OK] RU | 2032ms
2026-02-15 23:14:10 [INFO]    [PING OK] RU | 305ms
2026-02-15 23:14:10 [INFO]    [PING OK] RU | 115ms
2026-02-15 23:14:10 [INFO]    [PING OK] RU | 97ms
2026-02-15 23:14:10 [INFO]    [PING OK] RU | 72ms
2026-02-15 23:14:10 [INFO]    [PING OK] RU | 357ms
2026-02-15 23:14:10 [INFO]    [PING OK] RU | 143ms
2026-02-15 23:14:10 [INFO]    [PING OK] RU | 61ms
2026-02-15 23:14:10 [INFO]    [PING OK] RU | 235ms
2026-02-15 23:14:10 [INFO]    [PING OK] RU | 188ms
2026-02-15 23:14:11 [INFO]    [PING OK] RU | 268ms
2026-02-15 23:14:11 [INFO]    [PING OK] RU | 201ms
2026-02-15 23:14:11 [INFO]    [PING OK] RU | 202ms
2026-02-15 23:14:11 [INFO]    [PING OK] PL | 1177ms
2026-02-15 23:14:11 [INFO]    [PING OK] RU | 187ms
2026-02-15 23:14:11 [INFO]    [PING OK] RU | 215ms
2026-02-15 23:14:11 [INFO]    [PING OK] RU | 88ms
2026-02-15 23:14:11 [INFO]    [PING OK] RU | 317ms
2026-02-15 23:14:11 [INFO]    [PING OK] RU | 378ms
2026-02-15 23:14:11 [INFO]    [PING OK] RU | 609ms
2026-02-15 23:14:11 [INFO]    [PING OK] RU | 611ms
2026-02-15 23:14:11 [INFO]    [PING OK] GB | 287ms
2026-02-15 23:14:11 [INFO]    [PING OK] RU | 210ms
2026-02-15 23:14:11 [INFO]    [PING OK] RU | 283ms
2026-02-15 23:14:11 [INFO]    [PING OK] RU | 269ms
2026-02-15 23:14:12 [INFO]    [PING OK] RU | 1455ms
2026-02-15 23:14:12 [INFO]    [PING OK] RU | 283ms
2026-02-15 23:14:12 [INFO]    [PING OK] RU | 200ms
2026-02-15 23:14:12 [INFO]    [PING OK] RU | 336ms
2026-02-15 23:14:12 [INFO]    [PING OK] DE | 223ms
2026-02-15 23:14:12 [INFO]    [PING OK] LV | 156ms
2026-02-15 23:14:12 [INFO]    [PING OK] DE | 157ms
2026-02-15 23:14:13 [INFO]    [PING OK] NL | 479ms
2026-02-15 23:14:13 [INFO]    [PING OK] MY | 860ms
2026-02-15 23:14:13 [INFO]    [PING OK] KZ | 194ms
2026-02-15 23:14:14 [INFO]    [PING OK] RU | 4890ms
2026-02-15 23:14:14 [INFO]    [PING OK] GB | 554ms
2026-02-15 23:14:14 [INFO]    [PING OK] FR | 567ms
2026-02-15 23:14:14 [INFO]    [PING OK] NL | 195ms
2026-02-15 23:14:14 [INFO]    [PING OK] CY | 807ms
2026-02-15 23:14:14 [INFO]    [PING OK] RU | 500ms
2026-02-15 23:14:15 [INFO]    [PING OK] JP | 2067ms
2026-02-15 23:14:15 [INFO]    [PING OK] GB | 272ms
2026-02-15 23:14:15 [INFO]    [PING OK] TR | 472ms
2026-02-15 23:14:15 [INFO]    [PING OK] GB | 614ms
2026-02-15 23:14:15 [INFO]    [PING OK] CY | 375ms
2026-02-15 23:14:15 [INFO]    [PING OK] ES | 811ms
2026-02-15 23:14:16 [INFO]    [PING OK] NL | 210ms
2026-02-15 23:14:16 [INFO]    [PING OK] CY | 798ms
2026-02-15 23:14:16 [INFO]    [PING OK] DE | 294ms
2026-02-15 23:14:16 [INFO]    [PING OK] NL | 244ms
2026-02-15 23:14:16 [INFO]    [PING OK] PL | 153ms
2026-02-15 23:14:16 [INFO]    [PING OK] FI | 154ms
2026-02-15 23:14:16 [INFO]    [PING OK] IQ | 192ms
2026-02-15 23:14:17 [INFO]    [PING OK] DE | 160ms
2026-02-15 23:14:17 [INFO]    [PING OK] DE | 164ms
2026-02-15 23:14:17 [INFO]    [PING OK] CY | 804ms
2026-02-15 23:14:18 [INFO]    [PING OK] RU | 273ms
2026-02-15 23:14:18 [INFO]    [PING OK] DE | 202ms
2026-02-15 23:14:19 [INFO]    [PING OK] LV | 1569ms
2026-02-15 23:14:23 [INFO] 🏎️ ЭТАП 2: Глубокий замер скорости для ТОП-10 серверов...
2026-02-15 23:14:26 [INFO]    🏆 GR | Пинг: 78ms | Скорость: 11.23 Mbps ⚡⚡
2026-02-15 23:14:26 [INFO]    🏆 PL | Пинг: 105ms | Скорость: 9.7 Mbps ⚡⚡
2026-02-15 23:14:26 [INFO]    🏆 DE | Пинг: 151ms | Скорость: 10.18 Mbps ⚡⚡
2026-02-15 23:14:26 [INFO]    🏆 PL | Пинг: 153ms | Скорость: 9.92 Mbps ⚡⚡
2026-02-15 23:14:26 [INFO]    🏆 PL | Пинг: 154ms | Скорость: 8.01 Mbps ⚡⚡
2026-02-15 23:14:26 [INFO]    🏆 FI | Пинг: 154ms | Скорость: 10.58 Mbps ⚡⚡
2026-02-15 23:14:26 [INFO]    🏆 DE | Пинг: 155ms | Скорость: 8.57 Mbps ⚡⚡
2026-02-15 23:14:26 [INFO]    🏆 LV | Пинг: 156ms | Скорость: 8.85 Mbps ⚡⚡
2026-02-15 23:14:26 [INFO]    🏆 DE | Пинг: 157ms | Скорость: 10.66 Mbps ⚡⚡
2026-02-15 23:14:26 [INFO]    🏆 RU | Пинг: 54ms | Скорость: 10.72 Mbps ⚡⚡
2026-02-15 23:14:26 [INFO] 🇷🇺 Добавлен RU сервер: 87.242.103.184
2026-02-15 23:14:26 [INFO] 📊 Итого в подписке сохранено: 10 серверов
2026-02-15 23:14:26 [INFO] 💾 Файл успешно сохранен: FL1PVPN
