2026-02-18 15:40:06 [INFO] 🚀 START: Smart Selector (STRICT: ONLY VLESS+REALITY & WHITE SNI, Target: 10)
2026-02-18 15:40:06 [INFO] 🌐 Загрузка источников и жесткая фильтрация...
2026-02-18 15:40:08 [INFO] 🔍 Найдено серверов VLESS+Reality с белыми SNI: 53
2026-02-18 15:40:08 [INFO] ⚡ ЭТАП 1: Быстрый замер Пинга (Workers: 40)...
2026-02-18 15:40:09 [INFO]    [PING OK] RU | VLESS-REALITY | SNI: yandex.ru | 722ms | Src: Vless-Reality-White-Lists-Rus-Mobile-2.txt
2026-02-18 15:40:10 [INFO]    [PING OK] RU | VLESS-REALITY | SNI: yandex.ru | 746ms | Src: Vless-Reality-White-Lists-Rus-Mobile-2.txt
2026-02-18 15:40:10 [INFO]    [PING OK] RU | VLESS-REALITY | SNI: yandex.ru | 686ms | Src: Vless-Reality-White-Lists-Rus-Mobile-2.txt
2026-02-18 15:40:10 [INFO]    [PING OK] RU | VLESS-REALITY | SNI: yandex.ru | 710ms | Src: clck.ru
2026-02-18 15:40:10 [INFO]    [PING OK] RU | VLESS-REALITY | SNI: yandex.ru | 716ms | Src: Vless-Reality-White-Lists-Rus-Mobile-2.txt
2026-02-18 15:40:10 [INFO]    [PING OK] RU | VLESS-REALITY | SNI: api-maps.yandex.ru | 766ms | Src: clck.ru
2026-02-18 15:40:10 [INFO]    [PING OK] IT | VLESS-REALITY | SNI: gmail.com | 888ms | Src: BLACK_VLESS_RUS_mobile.txt
2026-02-18 15:40:10 [INFO]    [PING OK] RU | VLESS-REALITY | SNI: yandex.ru | 713ms | Src: Vless-Reality-White-Lists-Rus-Mobile-2.txt
2026-02-18 15:40:10 [INFO]    [PING OK] RU | VLESS-REALITY | SNI: m.vk.com | 645ms | Src: Vless-Reality-White-Lists-Rus-Mobile-2.txt
2026-02-18 15:40:10 [INFO]    [PING OK] RU | VLESS-REALITY | SNI: yandex.ru | 753ms | Src: clck.ru
2026-02-18 15:40:10 [INFO]    [PING OK] RU | VLESS-REALITY | SNI: yandex.ru | 263ms | Src: Vless-Reality-White-Lists-Rus-Mobile-2.txt
2026-02-18 15:40:10 [INFO]    [PING OK] RU | VLESS-REALITY | SNI: yandex.ru | 845ms | Src: clck.ru
2026-02-18 15:40:10 [INFO]    [PING OK] RU | VLESS-REALITY | SNI: api-maps.yandex.ru | 1869ms | Src: clck.ru
2026-02-18 15:40:10 [INFO]    [PING OK] RU | VLESS-REALITY | SNI: api-maps.yandex.ru | 1347ms | Src: Vless-Reality-White-Lists-Rus-Mobile-2.txt
2026-02-18 15:40:10 [INFO]    [PING OK] RU | VLESS-REALITY | SNI: yandex.ru | 396ms | Src: Vless-Reality-White-Lists-Rus-Mobile-2.txt
2026-02-18 15:40:10 [INFO]    [PING OK] RU | VLESS-REALITY | SNI: yandex.ru | 267ms | Src: Vless-Reality-White-Lists-Rus-Mobile-2.txt
2026-02-18 15:40:10 [INFO]    [PING OK] RU | VLESS-REALITY | SNI: api-maps.yandex.ru | 1718ms | Src: Vless-Reality-White-Lists-Rus-Mobile-2.txt
2026-02-18 15:40:11 [INFO]    [PING OK] RU | VLESS-REALITY | SNI: yandex.ru | 336ms | Src: Vless-Reality-White-Lists-Rus-Mobile-2.txt
2026-02-18 15:40:11 [INFO]    [PING OK] RU | VLESS-REALITY | SNI: eh.vk.com | 195ms | Src: clck.ru
2026-02-18 15:40:11 [INFO]    [PING OK] RU | VLESS-REALITY | SNI: yandex.ru | 312ms | Src: Vless-Reality-White-Lists-Rus-Mobile-2.txt
2026-02-18 15:40:11 [INFO]    [PING OK] RU | VLESS-REALITY | SNI: api-maps.yandex.ru | 2222ms | Src: clck.ru
2026-02-18 15:40:12 [INFO]    [PING OK] RU | VLESS-REALITY | SNI: api-maps.yandex.ru | 2860ms | Src: WHITE-CIDR-RU-all.txt
2026-02-18 15:40:12 [INFO]    [PING OK] RU | VLESS-REALITY | SNI: eh.vk.com | 3492ms | Src: Vless-Reality-White-Lists-Rus-Mobile-2.txt
2026-02-18 15:40:12 [INFO]    [PING OK] RU | VLESS-REALITY | SNI: api-maps.yandex.ru | 2803ms | Src: WHITE-CIDR-RU-all.txt
2026-02-18 15:40:12 [INFO]    [PING OK] RU | VLESS-REALITY | SNI: api-maps.yandex.ru | 3538ms | Src: clck.ru
2026-02-18 15:40:13 [INFO]    [PING OK] RU | VLESS-REALITY | SNI: api-maps.yandex.ru | 2326ms | Src: WHITE-CIDR-RU-all.txt
2026-02-18 15:40:13 [INFO]    [PING OK] RU | VLESS-REALITY | SNI: api-maps.yandex.ru | 2920ms | Src: WHITE-CIDR-RU-all.txt
2026-02-18 15:40:14 [INFO]    [PING OK] RU | VLESS-REALITY | SNI: api-maps.yandex.ru | 4729ms | Src: clck.ru
2026-02-18 15:40:16 [INFO] 🏎️ ЭТАП 2: Глубокий замер скорости для 6 кандидатов...
2026-02-18 15:40:17 [INFO]    🏆 RU | VLESS-REALITY | Пинг: 195ms | Скор: 18.47 Mbps ⚡⚡ | Src: clck.ru
2026-02-18 15:40:18 [INFO]    🏆 RU | VLESS-REALITY | Пинг: 267ms | Скор: 12.02 Mbps ⚡⚡ | Src: Vless-Reality-White-Lists-Rus-Mobile-2.txt
2026-02-18 15:40:18 [INFO]    🏆 RU | VLESS-REALITY | Пинг: 312ms | Скор: 10.88 Mbps ⚡⚡ | Src: Vless-Reality-White-Lists-Rus-Mobile-2.txt
2026-02-18 15:40:18 [INFO]    🏆 RU | VLESS-REALITY | Пинг: 336ms | Скор: 9.4 Mbps ⚡⚡ | Src: Vless-Reality-White-Lists-Rus-Mobile-2.txt
2026-02-18 15:40:22 [INFO]    🏆 IT | VLESS-REALITY | Пинг: 888ms | Скор: 0.67 Mbps  | Src: BLACK_VLESS_RUS_mobile.txt
2026-02-18 15:40:23 [INFO]    🏆 RU | VLESS-REALITY | Пинг: 263ms | Скор: 0.64 Mbps  | Src: Vless-Reality-White-Lists-Rus-Mobile-2.txt
2026-02-18 15:40:23 [INFO] 🇷🇺 Добавлен лучший рабочий RU сервер: 185.39.206.226 со скоростью 18.47 Mbps | Src: clck.ru
2026-02-18 15:40:23 [INFO] 📊 Итого в подписке сохранено: 2 серверов
2026-02-18 15:40:23 [INFO] 💾 Файл успешно сохранен: FL1PVPN
