2026-02-24 04:10:06 [INFO] 🚀 START: Smart Selector (Target: 10, ONLY FOREIGN)
2026-02-24 04:10:06 [INFO] 🌐 Загрузка источников (VLESS + VMess)...
2026-02-24 04:10:07 [INFO] 🔍 Уникальных конфигов собрано: 259
2026-02-24 04:10:07 [INFO] ⚡ ЭТАП 1: Замер Пинга и Геолокации. Workers: 40...
2026-02-24 04:10:13 [INFO]    [PING OK] HU | VLESS | 5080ms
2026-02-24 04:10:13 [INFO]    [PING OK] TR | VLESS | 5209ms
2026-02-24 04:10:14 [INFO]    [PING OK] DE | VLESS | 5501ms
2026-02-24 04:10:14 [INFO]    [PING OK] IT | VLESS | 4530ms
2026-02-24 04:10:14 [INFO]    [PING OK] PL | VLESS | 4737ms
2026-02-24 04:10:14 [INFO]    [PING OK] DE | VLESS | 4196ms
2026-02-24 04:10:15 [INFO]    [PING OK] NL | VLESS | 5564ms
2026-02-24 04:10:15 [INFO]    [PING OK] CA | VLESS | 4764ms
2026-02-24 04:10:15 [INFO]    [PING OK] FI | VLESS | 4349ms
2026-02-24 04:10:15 [INFO]    [PING OK] CA | VLESS | 4287ms
2026-02-24 04:10:15 [INFO]    [PING OK] EE | VLESS | 6919ms
2026-02-24 04:10:16 [INFO]    [PING OK] DE | VLESS | 4061ms
2026-02-24 04:10:17 [INFO]    [PING OK] HU | VLESS | 3993ms
2026-02-24 04:10:18 [INFO]    [PING OK] TR | VLESS | 4166ms
2026-02-24 04:10:18 [INFO]    [PING OK] PL | VLESS | 3966ms
2026-02-24 04:10:18 [INFO]    [PING OK] ES | VLESS | 4421ms
2026-02-24 04:10:19 [INFO]    [PING OK] TR | VLESS | 4253ms
2026-02-24 04:10:19 [INFO]    [PING OK] DE | VLESS | 4582ms
2026-02-24 04:10:19 [INFO]    [PING OK] ES | VLESS | 4620ms
2026-02-24 04:10:19 [INFO]    [PING OK] ES | VLESS | 4321ms
2026-02-24 04:10:20 [INFO]    [PING OK] PL | VLESS | 4355ms
2026-02-24 04:10:21 [INFO]    [PING OK] NL | VLESS | 6344ms
2026-02-24 04:10:21 [INFO]    [PING OK] HU | VLESS | 4504ms
2026-02-24 04:10:21 [INFO]    [PING OK] ES | VLESS | 4624ms
2026-02-24 04:10:21 [INFO]    [PING OK] NL | VLESS | 5867ms
2026-02-24 04:10:22 [INFO]    [PING OK] TR | VLESS | 5246ms
2026-02-24 04:10:23 [INFO]    [PING OK] PL | VLESS | 4675ms
2026-02-24 04:10:23 [INFO]    [PING OK] HU | VLESS | 4724ms
2026-02-24 04:10:23 [INFO]    [PING OK] HU | VLESS | 4774ms
2026-02-24 04:10:23 [INFO]    [PING OK] ES | VLESS | 4601ms
2026-02-24 04:10:24 [INFO]    [PING OK] DE | VLESS | 4543ms
2026-02-24 04:10:24 [INFO]    [PING OK] IT | VLESS | 4479ms
2026-02-24 04:10:25 [INFO]    [PING OK] IT | VLESS | 4288ms
2026-02-24 04:10:25 [INFO]    [PING OK] PL | VLESS | 4278ms
2026-02-24 04:10:26 [INFO]    [PING OK] ES | VLESS | 4249ms
2026-02-24 04:10:26 [INFO]    [PING OK] DE | VLESS | 4477ms
2026-02-24 04:10:27 [INFO]    [PING OK] LV | VLESS | 4162ms
2026-02-24 04:10:27 [INFO]    [PING OK] DE | VLESS | 4267ms
2026-02-24 04:10:27 [INFO]    [PING OK] DE | VLESS | 4355ms
2026-02-24 04:10:29 [INFO]    [PING OK] CA | VLESS | 4787ms
2026-02-24 04:10:30 [INFO]    [PING OK] SG | VLESS | 5735ms
2026-02-24 04:10:30 [INFO]    [PING OK] DE | VLESS | 5198ms
2026-02-24 04:10:31 [INFO]    [PING OK] SG | VLESS | 5531ms
2026-02-24 04:10:31 [INFO]    [PING OK] DE | VLESS | 5352ms
2026-02-24 04:10:31 [INFO]    [PING OK] CA | VLESS | 8493ms
2026-02-24 04:10:31 [INFO]    [PING OK] CA | VLESS | 6586ms
2026-02-24 04:10:32 [INFO]    [PING OK] CA | VLESS | 6109ms
2026-02-24 04:10:32 [INFO]    [PING OK] CA | VLESS | 5125ms
2026-02-24 04:10:32 [INFO]    [PING OK] SE | VLESS | 5527ms
2026-02-24 04:10:32 [INFO]    [PING OK] CA | VLESS | 5255ms
2026-02-24 04:10:32 [INFO]    [PING OK] CA | VLESS | 5652ms
2026-02-24 04:10:32 [INFO]    [PING OK] SE | VLESS | 4977ms
2026-02-24 04:10:32 [INFO]    [PING OK] SE | VLESS | 4749ms
2026-02-24 04:10:33 [INFO]    [PING OK] DE | VLESS | 4668ms
2026-02-24 04:10:33 [INFO]    [PING OK] US | VLESS | 4518ms
2026-02-24 04:10:33 [INFO]    [PING OK] DE | VLESS | 4663ms
2026-02-24 04:10:33 [INFO]    [PING OK] DE | VLESS | 4484ms
2026-02-24 04:10:34 [INFO]    [PING OK] DE | VLESS | 4272ms
2026-02-24 04:10:34 [INFO]    [PING OK] CA | VLESS | 4932ms
2026-02-24 04:10:34 [INFO]    [PING OK] SE | VLESS | 3784ms
2026-02-24 04:10:34 [INFO]    [PING OK] SE | VLESS | 3693ms
2026-02-24 04:10:34 [INFO]    [PING OK] CA | VLESS | 4018ms
2026-02-24 04:10:34 [INFO]    [PING OK] DE | VLESS | 3566ms
2026-02-24 04:10:34 [INFO]    [PING OK] CA | VLESS | 4296ms
2026-02-24 04:10:35 [INFO]    [PING OK] CA | VLESS | 3027ms
2026-02-24 04:10:35 [INFO]    [PING OK] CA | VLESS | 4021ms
2026-02-24 04:10:35 [INFO]    [PING OK] SE | VLESS | 2091ms
2026-02-24 04:10:35 [INFO]    [PING OK] CA | VLESS | 8835ms
2026-02-24 04:10:40 [INFO]    [PING OK] CA | VLESS | 7457ms
2026-02-24 04:10:40 [INFO] 🏎️ ЭТАП 2: Глубокий замер скорости для 40 иностранных кандидатов...
2026-02-24 04:10:45 [INFO]    🏆 PL | VLESS | Пинг: 3966ms | Скорость: 5.23 Mbps ⚡⚡
2026-02-24 04:10:45 [INFO]    🏆 TR | VLESS | Пинг: 4166ms | Скорость: 5.24 Mbps ⚡⚡
2026-02-24 04:10:45 [INFO]    🏆 TR | VLESS | Пинг: 4253ms | Скорость: 5.27 Mbps ⚡⚡
2026-02-24 04:10:45 [INFO]    🏆 ES | VLESS | Пинг: 4249ms | Скорость: 5.33 Mbps ⚡⚡
2026-02-24 04:10:45 [INFO]    🏆 DE | VLESS | Пинг: 4061ms | Скорость: 5.15 Mbps ⚡⚡
2026-02-24 04:10:45 [INFO]    🏆 DE | VLESS | Пинг: 4196ms | Скорость: 5.15 Mbps ⚡⚡
2026-02-24 04:10:45 [INFO]    🏆 LV | VLESS | Пинг: 4162ms | Скорость: 5.09 Mbps ⚡⚡
2026-02-24 04:10:45 [INFO]    🏆 CA | VLESS | Пинг: 3027ms | Скорость: 4.66 Mbps ⚡⚡
2026-02-24 04:10:45 [INFO]    🏆 CA | VLESS | Пинг: 4021ms | Скорость: 4.61 Mbps ⚡⚡
2026-02-24 04:10:45 [INFO]    🏆 SE | VLESS | Пинг: 2091ms | Скорость: 4.41 Mbps ⚡⚡
2026-02-24 04:10:45 [INFO]    🏆 HU | VLESS | Пинг: 3993ms | Скорость: 4.45 Mbps ⚡⚡
2026-02-24 04:10:49 [INFO]    🏆 DE | VLESS | Пинг: 4267ms | Скорость: 6.19 Mbps ⚡⚡
2026-02-24 04:10:49 [INFO]    🏆 FI | VLESS | Пинг: 4349ms | Скорость: 5.93 Mbps ⚡⚡
2026-02-24 04:10:49 [INFO]    🏆 IT | VLESS | Пинг: 4288ms | Скорость: 5.73 Mbps ⚡⚡
2026-02-24 04:10:49 [INFO]    🏆 ES | VLESS | Пинг: 4421ms | Скорость: 5.99 Mbps ⚡⚡
2026-02-24 04:10:49 [INFO]    🏆 PL | VLESS | Пинг: 4278ms | Скорость: 5.69 Mbps ⚡⚡
2026-02-24 04:10:49 [INFO]    🏆 DE | VLESS | Пинг: 4484ms | Скорость: 6.48 Mbps ⚡⚡
2026-02-24 04:10:49 [INFO]    🏆 IT | VLESS | Пинг: 4479ms | Скорость: 6.29 Mbps ⚡⚡
2026-02-24 04:10:49 [INFO]    🏆 DE | VLESS | Пинг: 4355ms | Скорость: 5.69 Mbps ⚡⚡
2026-02-24 04:10:49 [INFO]    🏆 ES | VLESS | Пинг: 4321ms | Скорость: 5.57 Mbps ⚡⚡
2026-02-24 04:10:49 [INFO]    🏆 DE | VLESS | Пинг: 4272ms | Скорость: 5.44 Mbps ⚡⚡
2026-02-24 04:10:49 [INFO]    🏆 DE | VLESS | Пинг: 4477ms | Скорость: 6.13 Mbps ⚡⚡
2026-02-24 04:10:49 [INFO]    🏆 CA | VLESS | Пинг: 4287ms | Скорость: 5.43 Mbps ⚡⚡
2026-02-24 04:10:49 [INFO]    🏆 PL | VLESS | Пинг: 4355ms | Скорость: 5.24 Mbps ⚡⚡
2026-02-24 04:10:51 [INFO]    🏆 HU | VLESS | Пинг: 4504ms | Скорость: 6.28 Mbps ⚡⚡
2026-02-24 04:10:51 [INFO]    🏆 US | VLESS | Пинг: 4518ms | Скорость: 13.06 Mbps ⚡⚡
2026-02-24 04:10:52 [INFO]    🏆 IT | VLESS | Пинг: 4530ms | Скорость: 9.52 Mbps ⚡⚡
2026-02-24 04:10:52 [INFO]    🏆 DE | VLESS | Пинг: 4582ms | Скорость: 8.16 Mbps ⚡⚡
2026-02-24 04:10:52 [INFO]    🏆 ES | VLESS | Пинг: 4601ms | Скорость: 7.93 Mbps ⚡⚡
2026-02-24 04:10:52 [INFO]    🏆 ES | VLESS | Пинг: 4620ms | Скорость: 7.97 Mbps ⚡⚡
2026-02-24 04:10:52 [INFO]    🏆 DE | VLESS | Пинг: 4543ms | Скорость: 7.71 Mbps ⚡⚡
2026-02-24 04:10:52 [INFO]    🏆 DE | VLESS | Пинг: 4668ms | Скорость: 8.11 Mbps ⚡⚡
2026-02-24 04:10:52 [INFO]    🏆 PL | VLESS | Пинг: 4675ms | Скорость: 8.07 Mbps ⚡⚡
2026-02-24 04:10:52 [INFO]    🏆 ES | VLESS | Пинг: 4624ms | Скорость: 7.93 Mbps ⚡⚡
2026-02-24 04:10:53 [INFO] 📊 Итого в подписке сохранено иностранных серверов: 10
2026-02-24 04:10:53 [INFO] 💾 Файл успешно сохранен: FL1PVPN
