2026-02-23 06:00:05 [INFO] 🚀 START: Smart Selector (Target: 10, ONLY FOREIGN)
2026-02-23 06:00:05 [INFO] 🌐 Загрузка источников (VLESS + VMess)...
2026-02-23 06:00:08 [INFO] 🔍 Уникальных конфигов собрано: 228
2026-02-23 06:00:08 [INFO] ⚡ ЭТАП 1: Замер Пинга и Геолокации. Workers: 40...
2026-02-23 06:00:13 [INFO]    [PING OK] DE | VLESS | 4577ms
2026-02-23 06:00:13 [INFO]    [PING OK] NL | VLESS | 4931ms
2026-02-23 06:00:14 [INFO]    [PING OK] DE | VLESS | 5589ms
2026-02-23 06:00:14 [INFO]    [PING OK] NL | VLESS | 2384ms
2026-02-23 06:00:15 [INFO]    [PING OK] DE | VLESS | 5518ms
2026-02-23 06:00:15 [INFO]    [PING OK] CZ | VLESS | 6108ms
2026-02-23 06:00:15 [INFO]    [PING OK] NL | VLESS | 7068ms
2026-02-23 06:00:16 [INFO]    [PING OK] IT | VLESS | 2007ms
2026-02-23 06:00:16 [INFO]    [PING OK] HU | VLESS | 2028ms
2026-02-23 06:00:16 [INFO]    [PING OK] HU | VLESS | 2260ms
2026-02-23 06:00:16 [INFO]    [PING OK] PL | VLESS | 2164ms
2026-02-23 06:00:16 [INFO]    [PING OK] PL | VLESS | 2039ms
2026-02-23 06:00:16 [INFO]    [PING OK] ES | VLESS | 2085ms
2026-02-23 06:00:16 [INFO]    [PING OK] EE | VLESS | 2073ms
2026-02-23 06:00:16 [INFO]    [PING OK] PL | VLESS | 2099ms
2026-02-23 06:00:16 [INFO]    [PING OK] DE | VLESS | 2798ms
2026-02-23 06:00:16 [INFO]    [PING OK] DE | VLESS | 8121ms
2026-02-23 06:00:16 [INFO]    [PING OK] PL | VLESS | 2060ms
2026-02-23 06:00:17 [INFO]    [PING OK] DE | VLESS | 2966ms
2026-02-23 06:00:17 [INFO]    [PING OK] HU | VLESS | 2136ms
2026-02-23 06:00:17 [INFO]    [PING OK] ES | VLESS | 2130ms
2026-02-23 06:00:17 [INFO]    [PING OK] PL | VLESS | 2008ms
2026-02-23 06:00:17 [INFO]    [PING OK] DE | VLESS | 2208ms
2026-02-23 06:00:17 [INFO]    [PING OK] PL | VLESS | 1877ms
2026-02-23 06:00:17 [INFO]    [PING OK] HU | VLESS | 2052ms
2026-02-23 06:00:17 [INFO]    [PING OK] HU | VLESS | 1936ms
2026-02-23 06:00:17 [INFO]    [PING OK] IT | VLESS | 1986ms
2026-02-23 06:00:17 [INFO]    [PING OK] DE | VLESS | 2177ms
2026-02-23 06:00:19 [INFO]    [PING OK] PL | VLESS | 2090ms
2026-02-23 06:00:19 [INFO]    [PING OK] DE | VLESS | 9802ms
2026-02-23 06:00:19 [INFO]    [PING OK] DE | VLESS | 10225ms
2026-02-23 06:00:19 [INFO]    [PING OK] IT | VLESS | 2544ms
2026-02-23 06:00:20 [INFO]    [PING OK] EE | VLESS | 3367ms
2026-02-23 06:00:20 [INFO]    [PING OK] PL | VLESS | 2790ms
2026-02-23 06:00:20 [INFO]    [PING OK] ES | VLESS | 2951ms
2026-02-23 06:00:21 [INFO]    [PING OK] DE | VLESS | 3140ms
2026-02-23 06:00:21 [INFO]    [PING OK] TR | VLESS | 3130ms
2026-02-23 06:00:21 [INFO]    [PING OK] ES | VLESS | 3283ms
2026-02-23 06:00:21 [INFO]    [PING OK] CA | VLESS | 6826ms
2026-02-23 06:00:21 [INFO]    [PING OK] TR | VLESS | 3461ms
2026-02-23 06:00:22 [INFO]    [PING OK] HU | VLESS | 3999ms
2026-02-23 06:00:22 [INFO]    [PING OK] TR | VLESS | 4326ms
2026-02-23 06:00:23 [INFO]    [PING OK] DE | VLESS | 4269ms
2026-02-23 06:00:23 [INFO]    [PING OK] DE | VLESS | 5059ms
2026-02-23 06:00:23 [INFO]    [PING OK] ES | VLESS | 4618ms
2026-02-23 06:00:23 [INFO]    [PING OK] ES | VLESS | 5260ms
2026-02-23 06:00:23 [INFO]    [PING OK] ES | VLESS | 5059ms
2026-02-23 06:00:23 [INFO]    [PING OK] TR | VLESS | 4818ms
2026-02-23 06:00:24 [INFO]    [PING OK] FI | VLESS | 4725ms
2026-02-23 06:00:24 [INFO]    [PING OK] CA | VLESS | 4813ms
2026-02-23 06:00:24 [INFO]    [PING OK] CA | VLESS | 4877ms
2026-02-23 06:00:24 [INFO]    [PING OK] CA | VLESS | 5170ms
2026-02-23 06:00:25 [INFO]    [PING OK] CA | VLESS | 5518ms
2026-02-23 06:00:25 [INFO]    [PING OK] CA | VLESS | 4850ms
2026-02-23 06:00:26 [INFO]    [PING OK] CA | VLESS | 4837ms
2026-02-23 06:00:26 [INFO]    [PING OK] CA | VLESS | 5546ms
2026-02-23 06:00:27 [INFO]    [PING OK] CA | VLESS | 6160ms
2026-02-23 06:00:27 [INFO]    [PING OK] DE | VLESS | 5249ms
2026-02-23 06:00:27 [INFO]    [PING OK] CA | VLESS | 6670ms
2026-02-23 06:00:28 [INFO]    [PING OK] CA | VLESS | 5470ms
2026-02-23 06:00:28 [INFO]    [PING OK] CA | VLESS | 5819ms
2026-02-23 06:00:28 [INFO]    [PING OK] CA | VLESS | 5483ms
2026-02-23 06:00:28 [INFO]    [PING OK] CA | VLESS | 5609ms
2026-02-23 06:00:29 [INFO]    [PING OK] CA | VLESS | 8341ms
2026-02-23 06:00:29 [INFO]    [PING OK] CA | VLESS | 7148ms
2026-02-23 06:00:29 [INFO]    [PING OK] CA | VLESS | 6054ms
2026-02-23 06:00:29 [INFO]    [PING OK] CA | VLESS | 5360ms
2026-02-23 06:00:29 [INFO]    [PING OK] CA | VLESS | 6200ms
2026-02-23 06:00:29 [INFO]    [PING OK] CA | VLESS | 5553ms
2026-02-23 06:00:30 [INFO]    [PING OK] CA | VLESS | 4879ms
2026-02-23 06:00:30 [INFO]    [PING OK] CA | VLESS | 5345ms
2026-02-23 06:00:30 [INFO]    [PING OK] NL | VLESS | 3339ms
2026-02-23 06:00:30 [INFO]    [PING OK] DE | VLESS | 2929ms
2026-02-23 06:00:30 [INFO]    [PING OK] DE | VLESS | 2324ms
2026-02-23 06:00:31 [INFO]    [PING OK] CA | VLESS | 2930ms
2026-02-23 06:00:31 [INFO]    [PING OK] CA | VLESS | 3616ms
2026-02-23 06:00:31 [INFO]    [PING OK] CA | VLESS | 2869ms
2026-02-23 06:00:32 [INFO]    [PING OK] US | VLESS | 8366ms
2026-02-23 06:00:33 [INFO]    [PING OK] CA | VLESS | 4851ms
2026-02-23 06:00:34 [INFO]    [PING OK] CA | VLESS | 5924ms
2026-02-23 06:00:35 [INFO] 🏎️ ЭТАП 2: Глубокий замер скорости для 40 иностранных кандидатов...
2026-02-23 06:00:39 [INFO]    🏆 IT | VLESS | Пинг: 2007ms | Скорость: 6.55 Mbps ⚡⚡
2026-02-23 06:00:39 [INFO]    🏆 PL | VLESS | Пинг: 2039ms | Скорость: 6.52 Mbps ⚡⚡
2026-02-23 06:00:39 [INFO]    🏆 PL | VLESS | Пинг: 2060ms | Скорость: 6.54 Mbps ⚡⚡
2026-02-23 06:00:39 [INFO]    🏆 PL | VLESS | Пинг: 1877ms | Скорость: 6.39 Mbps ⚡⚡
2026-02-23 06:00:39 [INFO]    🏆 ES | VLESS | Пинг: 2085ms | Скорость: 6.66 Mbps ⚡⚡
2026-02-23 06:00:39 [INFO]    🏆 PL | VLESS | Пинг: 2099ms | Скорость: 6.75 Mbps ⚡⚡
2026-02-23 06:00:39 [INFO]    🏆 ES | VLESS | Пинг: 2130ms | Скорость: 6.59 Mbps ⚡⚡
2026-02-23 06:00:39 [INFO]    🏆 EE | VLESS | Пинг: 2073ms | Скорость: 6.49 Mbps ⚡⚡
2026-02-23 06:00:39 [INFO]    🏆 HU | VLESS | Пинг: 2136ms | Скорость: 6.66 Mbps ⚡⚡
2026-02-23 06:00:39 [INFO]    🏆 IT | VLESS | Пинг: 1986ms | Скорость: 6.19 Mbps ⚡⚡
2026-02-23 06:00:39 [INFO]    🏆 HU | VLESS | Пинг: 2028ms | Скорость: 6.21 Mbps ⚡⚡
2026-02-23 06:00:39 [INFO]    🏆 PL | VLESS | Пинг: 2008ms | Скорость: 6.2 Mbps ⚡⚡
2026-02-23 06:00:39 [INFO]    🏆 PL | VLESS | Пинг: 2090ms | Скорость: 6.35 Mbps ⚡⚡
2026-02-23 06:00:39 [INFO]    🏆 HU | VLESS | Пинг: 2052ms | Скорость: 5.7 Mbps ⚡⚡
2026-02-23 06:00:42 [INFO]    🏆 HU | VLESS | Пинг: 1936ms | Скорость: 2.85 Mbps ⚡
2026-02-23 06:00:43 [INFO]    🏆 NL | VLESS | Пинг: 2384ms | Скорость: 5.63 Mbps ⚡⚡
2026-02-23 06:00:43 [INFO]    🏆 PL | VLESS | Пинг: 2790ms | Скорость: 5.58 Mbps ⚡⚡
2026-02-23 06:00:44 [INFO]    🏆 DE | VLESS | Пинг: 2177ms | Скорость: 5.4 Mbps ⚡⚡
2026-02-23 06:00:44 [INFO]    🏆 IT | VLESS | Пинг: 2544ms | Скорость: 5.54 Mbps ⚡⚡
2026-02-23 06:00:44 [INFO]    🏆 DE | VLESS | Пинг: 2324ms | Скорость: 5.33 Mbps ⚡⚡
2026-02-23 06:00:44 [INFO]    🏆 HU | VLESS | Пинг: 2260ms | Скорость: 5.4 Mbps ⚡⚡
2026-02-23 06:00:44 [INFO]    🏆 ES | VLESS | Пинг: 2951ms | Скорость: 5.53 Mbps ⚡⚡
2026-02-23 06:00:44 [INFO]    🏆 DE | VLESS | Пинг: 2929ms | Скорость: 5.39 Mbps ⚡⚡
2026-02-23 06:00:44 [INFO]    🏆 CA | VLESS | Пинг: 2869ms | Скорость: 4.72 Mbps ⚡⚡
2026-02-23 06:00:45 [INFO]    🏆 PL | VLESS | Пинг: 2164ms | Скорость: 3.96 Mbps ⚡⚡
2026-02-23 06:00:45 [INFO]    🏆 DE | VLESS | Пинг: 2208ms | Скорость: 3.53 Mbps ⚡⚡
2026-02-23 06:00:47 [INFO]    🏆 DE | VLESS | Пинг: 4269ms | Скорость: 8.83 Mbps ⚡⚡
2026-02-23 06:00:47 [INFO]    🏆 ES | VLESS | Пинг: 3283ms | Скорость: 8.44 Mbps ⚡⚡
2026-02-23 06:00:47 [INFO]    🏆 HU | VLESS | Пинг: 3999ms | Скорость: 8.61 Mbps ⚡⚡
2026-02-23 06:00:47 [INFO]    🏆 DE | VLESS | Пинг: 4577ms | Скорость: 8.83 Mbps ⚡⚡
2026-02-23 06:00:47 [INFO]    🏆 DE | VLESS | Пинг: 3140ms | Скорость: 5.96 Mbps ⚡⚡
2026-02-23 06:00:47 [INFO]    🏆 TR | VLESS | Пинг: 4326ms | Скорость: 6.83 Mbps ⚡⚡
2026-02-23 06:00:47 [INFO]    🏆 CA | VLESS | Пинг: 3616ms | Скорость: 6.36 Mbps ⚡⚡
2026-02-23 06:00:48 [INFO]    🏆 TR | VLESS | Пинг: 3461ms | Скорость: 5.57 Mbps ⚡⚡
2026-02-23 06:00:50 [INFO]    🏆 NL | VLESS | Пинг: 3339ms | Скорость: 2.78 Mbps ⚡
2026-02-23 06:00:50 [INFO] 📊 Итого в подписке сохранено иностранных серверов: 10
2026-02-23 06:00:50 [INFO] 💾 Файл успешно сохранен: FL1PVPN
