2026-02-27 14:20:06 [INFO] 🚀 START: Smart Selector (Target: 10, ONLY FOREIGN)
2026-02-27 14:20:06 [INFO] 🌐 Загрузка источников (VLESS + VMess)...
2026-02-27 14:20:07 [INFO] 🔍 Уникальных конфигов собрано: 283
2026-02-27 14:20:07 [INFO] ⚡ ЭТАП 1: Замер Пинга и Геолокации. Workers: 40...
2026-02-27 14:20:12 [INFO]    [PING OK] IT | VLESS | 4066ms
2026-02-27 14:20:12 [INFO]    [PING OK] FI | VLESS | 4225ms
2026-02-27 14:20:13 [INFO]    [PING OK] FI | VLESS | 4140ms
2026-02-27 14:20:13 [INFO]    [PING OK] DE | VLESS | 4483ms
2026-02-27 14:20:13 [INFO]    [PING OK] HU | VLESS | 4661ms
2026-02-27 14:20:13 [INFO]    [PING OK] DE | VLESS | 4434ms
2026-02-27 14:20:13 [INFO]    [PING OK] FI | VLESS | 4332ms
2026-02-27 14:20:13 [INFO]    [PING OK] ES | VLESS | 4478ms
2026-02-27 14:20:13 [INFO]    [PING OK] FI | VLESS | 4404ms
2026-02-27 14:20:13 [INFO]    [PING OK] FI | VLESS | 4473ms
2026-02-27 14:20:13 [INFO]    [PING OK] NL | VLESS | 4211ms
2026-02-27 14:20:13 [INFO]    [PING OK] DE | VLESS | 4779ms
2026-02-27 14:20:13 [INFO]    [PING OK] FI | VLESS | 4442ms
2026-02-27 14:20:13 [INFO]    [PING OK] PL | VLESS | 4766ms
2026-02-27 14:20:14 [INFO]    [PING OK] HU | VLESS | 4997ms
2026-02-27 14:20:14 [INFO]    [PING OK] TR | VLESS | 4115ms
2026-02-27 14:20:14 [INFO]    [PING OK] FI | VLESS | 4678ms
2026-02-27 14:20:14 [INFO]    [PING OK] NL | VLESS | 5460ms
2026-02-27 14:20:14 [INFO]    [PING OK] ES | VLESS | 5592ms
2026-02-27 14:20:15 [INFO]    [PING OK] DE | VLESS | 4417ms
2026-02-27 14:20:15 [INFO]    [PING OK] FI | VLESS | 5102ms
2026-02-27 14:20:15 [INFO]    [PING OK] FI | VLESS | 4367ms
2026-02-27 14:20:16 [INFO]    [PING OK] DE | VLESS | 4465ms
2026-02-27 14:20:16 [INFO]    [PING OK] US | VLESS | 5653ms
2026-02-27 14:20:17 [INFO]    [PING OK] HU | VLESS | 7943ms
2026-02-27 14:20:18 [INFO]    [PING OK] TR | VLESS | 4842ms
2026-02-27 14:20:18 [INFO]    [PING OK] NL | VLESS | 4550ms
2026-02-27 14:20:18 [INFO]    [PING OK] PL | VLESS | 5383ms
2026-02-27 14:20:19 [INFO]    [PING OK] HU | VLESS | 4318ms
2026-02-27 14:20:19 [INFO]    [PING OK] ES | VLESS | 4426ms
2026-02-27 14:20:19 [INFO]    [PING OK] DE | VLESS | 4667ms
2026-02-27 14:20:19 [INFO]    [PING OK] IT | VLESS | 3739ms
2026-02-27 14:20:19 [INFO]    [PING OK] PL | VLESS | 3747ms
2026-02-27 14:20:19 [INFO]    [PING OK] FI | VLESS | 3487ms
2026-02-27 14:20:19 [INFO]    [PING OK] LV | VLESS | 5089ms
2026-02-27 14:20:19 [INFO]    [PING OK] TR | VLESS | 3287ms
2026-02-27 14:20:19 [INFO]    [PING OK] PL | VLESS | 3332ms
2026-02-27 14:20:19 [INFO]    [PING OK] US | VLESS | 3542ms
2026-02-27 14:20:20 [INFO]    [PING OK] ES | VLESS | 4538ms
2026-02-27 14:20:20 [INFO]    [PING OK] IT | VLESS | 3519ms
2026-02-27 14:20:20 [INFO]    [PING OK] CH | VLESS | 3238ms
2026-02-27 14:20:20 [INFO]    [PING OK] DE | VLESS | 3059ms
2026-02-27 14:20:21 [INFO]    [PING OK] EE | VLESS | 3718ms
2026-02-27 14:20:22 [INFO]    [PING OK] US | VLESS | 3117ms
2026-02-27 14:20:23 [INFO]    [PING OK] ES | VLESS | 3064ms
2026-02-27 14:20:23 [INFO]    [PING OK] TR | VLESS | 3317ms
2026-02-27 14:20:23 [INFO]    [PING OK] PL | VLESS | 3019ms
2026-02-27 14:20:23 [INFO]    [PING OK] PL | VLESS | 3098ms
2026-02-27 14:20:23 [INFO]    [PING OK] CA | VLESS | 3124ms
2026-02-27 14:20:23 [INFO]    [PING OK] US | VLESS | 3026ms
2026-02-27 14:20:24 [INFO]    [PING OK] EE | VLESS | 3016ms
2026-02-27 14:20:24 [INFO]    [PING OK] NL | VLESS | 2925ms
2026-02-27 14:20:24 [INFO]    [PING OK] DE | VLESS | 3028ms
2026-02-27 14:20:24 [INFO]    [PING OK] PL | VLESS | 3065ms
2026-02-27 14:20:25 [INFO]    [PING OK] DE | VLESS | 4309ms
2026-02-27 14:20:25 [INFO]    [PING OK] US | VLESS | 3388ms
2026-02-27 14:20:26 [INFO]    [PING OK] LT | VLESS | 3943ms
2026-02-27 14:20:26 [INFO]    [PING OK] DE | VLESS | 5779ms
2026-02-27 14:20:26 [INFO]    [PING OK] DE | VLESS | 6139ms
2026-02-27 14:20:26 [INFO]    [PING OK] TR | VLESS | 3688ms
2026-02-27 14:20:26 [INFO]    [PING OK] PL | VLESS | 4345ms
2026-02-27 14:20:26 [INFO]    [PING OK] EE | VLESS | 3766ms
2026-02-27 14:20:27 [INFO]    [PING OK] DE | VLESS | 3673ms
2026-02-27 14:20:27 [INFO]    [PING OK] FI | VLESS | 3828ms
2026-02-27 14:20:28 [INFO]    [PING OK] DE | VLESS | 3740ms
2026-02-27 14:20:28 [INFO]    [PING OK] DE | VLESS | 4045ms
2026-02-27 14:20:28 [INFO]    [PING OK] HU | VLESS | 4015ms
2026-02-27 14:20:28 [INFO]    [PING OK] TR | VLESS | 4057ms
2026-02-27 14:20:28 [INFO]    [PING OK] HU | VLESS | 4070ms
2026-02-27 14:20:28 [INFO]    [PING OK] LV | VLESS | 3940ms
2026-02-27 14:20:28 [INFO]    [PING OK] PL | VLESS | 3459ms
2026-02-27 14:20:29 [INFO]    [PING OK] KZ | VLESS | 3417ms
2026-02-27 14:20:29 [INFO]    [PING OK] FR | VLESS | 6242ms
2026-02-27 14:20:30 [INFO]    [PING OK] AE | VLESS | 3384ms
2026-02-27 14:20:31 [INFO]    [PING OK] PL | VLESS | 3523ms
2026-02-27 14:20:31 [INFO]    [PING OK] NG | VLESS | 3884ms
2026-02-27 14:20:31 [INFO]    [PING OK] TR | VLESS | 4339ms
2026-02-27 14:20:31 [INFO]    [PING OK] DE | VLESS | 3469ms
2026-02-27 14:20:31 [INFO]    [PING OK] DE | VLESS | 3543ms
2026-02-27 14:20:32 [INFO]    [PING OK] DE | VLESS | 12003ms
2026-02-27 14:20:32 [INFO]    [PING OK] DE | VLESS | 4794ms
2026-02-27 14:20:32 [INFO]    [PING OK] NL | VLESS | 3511ms
2026-02-27 14:20:32 [INFO]    [PING OK] DE | VLESS | 4531ms
2026-02-27 14:20:32 [INFO]    [PING OK] DE | VLESS | 3414ms
2026-02-27 14:20:32 [INFO]    [PING OK] DE | VLESS | 3400ms
2026-02-27 14:20:33 [INFO]    [PING OK] NL | VLESS | 3543ms
2026-02-27 14:20:33 [INFO]    [PING OK] DE | VLESS | 3169ms
2026-02-27 14:20:33 [INFO]    [PING OK] DE | VLESS | 3041ms
2026-02-27 14:20:33 [INFO]    [PING OK] DE | VLESS | 3455ms
2026-02-27 14:20:33 [INFO]    [PING OK] FI | VLESS | 3318ms
2026-02-27 14:20:33 [INFO]    [PING OK] DE | VLESS | 3287ms
2026-02-27 14:20:35 [INFO]    [PING OK] DE | VLESS | 3685ms
2026-02-27 14:20:35 [INFO]    [PING OK] NL | VLESS | 3755ms
2026-02-27 14:20:35 [INFO]    [PING OK] FI | VLESS | 3792ms
2026-02-27 14:20:35 [INFO]    [PING OK] NL | VLESS | 3566ms
2026-02-27 14:20:36 [INFO]    [PING OK] LV | VLESS | 3930ms
2026-02-27 14:20:36 [INFO]    [PING OK] DE | VLESS | 3784ms
2026-02-27 14:20:36 [INFO]    [PING OK] LV | VLESS | 3785ms
2026-02-27 14:20:36 [INFO]    [PING OK] PL | VLESS | 3797ms
2026-02-27 14:20:37 [INFO]    [PING OK] DE | VLESS | 4497ms
2026-02-27 14:20:37 [INFO]    [PING OK] PL | VLESS | 4919ms
2026-02-27 14:20:38 [INFO]    [PING OK] DE | VLESS | 4916ms
2026-02-27 14:20:38 [INFO]    [PING OK] DE | VLESS | 4816ms
2026-02-27 14:20:38 [INFO]    [PING OK] CA | VLESS | 4900ms
2026-02-27 14:20:38 [INFO]    [PING OK] NL | VLESS | 4380ms
2026-02-27 14:20:38 [INFO]    [PING OK] US | VLESS | 5003ms
2026-02-27 14:20:38 [INFO]    [PING OK] NL | VLESS | 4723ms
2026-02-27 14:20:38 [INFO]    [PING OK] LT | VLESS | 4893ms
2026-02-27 14:20:38 [INFO]    [PING OK] LT | VLESS | 4267ms
2026-02-27 14:20:38 [INFO]    [PING OK] DE | VLESS | 4246ms
2026-02-27 14:20:39 [INFO]    [PING OK] DE | VLESS | 4890ms
2026-02-27 14:20:39 [INFO]    [PING OK] NL | VLESS | 5267ms
2026-02-27 14:20:39 [INFO]    [PING OK] DE | VLESS | 4645ms
2026-02-27 14:20:40 [INFO]    [PING OK] DE | VLESS | 4026ms
2026-02-27 14:20:40 [INFO]    [PING OK] LV | VLESS | 3993ms
2026-02-27 14:20:40 [INFO]    [PING OK] DE | VLESS | 4569ms
2026-02-27 14:20:40 [INFO]    [PING OK] SG | VLESS | 4729ms
2026-02-27 14:20:41 [INFO]    [PING OK] NL | VLESS | 7047ms
2026-02-27 14:20:41 [INFO]    [PING OK] DE | VLESS | 2686ms
2026-02-27 14:20:41 [INFO]    [PING OK] DE | VLESS | 4564ms
2026-02-27 14:20:41 [INFO]    [PING OK] DE | VLESS | 1368ms
2026-02-27 14:20:41 [INFO]    [PING OK] SG | VLESS | 3414ms
2026-02-27 14:20:41 [INFO]    [PING OK] DE | VLESS | 3240ms
2026-02-27 14:20:41 [INFO]    [PING OK] US | VLESS | 3055ms
2026-02-27 14:20:41 [INFO]    [PING OK] TW | VLESS | 4160ms
2026-02-27 14:20:41 [INFO]    [PING OK] DE | VLESS | 2827ms
2026-02-27 14:20:42 [INFO]    [PING OK] CA | VLESS | 4037ms
2026-02-27 14:20:42 [INFO]    [PING OK] SG | VLESS | 2480ms
2026-02-27 14:20:46 [INFO] 🏎️ ЭТАП 2: Глубокий замер скорости для 40 иностранных кандидатов...
2026-02-27 14:20:49 [INFO]    🏆 EE | VLESS | Пинг: 3016ms | Скорость: 7.33 Mbps ⚡⚡
2026-02-27 14:20:49 [INFO]    🏆 PL | VLESS | Пинг: 3019ms | Скорость: 7.24 Mbps ⚡⚡
2026-02-27 14:20:49 [INFO]    🏆 DE | VLESS | Пинг: 3028ms | Скорость: 7.31 Mbps ⚡⚡
2026-02-27 14:20:49 [INFO]    🏆 DE | VLESS | Пинг: 3041ms | Скорость: 7.26 Mbps ⚡⚡
2026-02-27 14:20:49 [INFO]    🏆 DE | VLESS | Пинг: 1368ms | Скорость: 6.94 Mbps ⚡⚡
2026-02-27 14:20:49 [INFO]    🏆 DE | VLESS | Пинг: 3059ms | Скорость: 7.28 Mbps ⚡⚡
2026-02-27 14:20:50 [INFO]    🏆 ES | VLESS | Пинг: 3064ms | Скорость: 6.96 Mbps ⚡⚡
2026-02-27 14:20:50 [INFO]    🏆 NL | VLESS | Пинг: 2925ms | Скорость: 5.15 Mbps ⚡⚡
2026-02-27 14:20:51 [INFO]    🏆 PL | VLESS | Пинг: 3065ms | Скорость: 5.0 Mbps ⚡⚡
2026-02-27 14:20:51 [INFO]    🏆 DE | VLESS | Пинг: 2827ms | Скорость: 4.68 Mbps ⚡⚡
2026-02-27 14:20:51 [INFO]    🏆 US | VLESS | Пинг: 3055ms | Скорость: 4.48 Mbps ⚡⚡
2026-02-27 14:20:53 [INFO]    🏆 SG | VLESS | Пинг: 2480ms | Скорость: 1.31 Mbps 
2026-02-27 14:20:53 [INFO]    🏆 DE | VLESS | Пинг: 3169ms | Скорость: 7.66 Mbps ⚡⚡
2026-02-27 14:20:53 [INFO]    🏆 DE | VLESS | Пинг: 3287ms | Скорость: 7.92 Mbps ⚡⚡
2026-02-27 14:20:53 [INFO]    🏆 FI | VLESS | Пинг: 3318ms | Скорость: 10.66 Mbps ⚡⚡
2026-02-27 14:20:53 [INFO]    🏆 TR | VLESS | Пинг: 3287ms | Скорость: 7.45 Mbps ⚡⚡
2026-02-27 14:20:53 [INFO]    🏆 US | VLESS | Пинг: 3117ms | Скорость: 6.78 Mbps ⚡⚡
2026-02-27 14:20:53 [INFO]    🏆 TR | VLESS | Пинг: 3317ms | Скорость: 9.3 Mbps ⚡⚡
2026-02-27 14:20:53 [INFO]    🏆 CA | VLESS | Пинг: 3124ms | Скорость: 6.27 Mbps ⚡⚡
2026-02-27 14:20:54 [INFO]    🏆 PL | VLESS | Пинг: 3332ms | Скорость: 7.2 Mbps ⚡⚡
2026-02-27 14:20:54 [INFO]    🏆 DE | VLESS | Пинг: 3400ms | Скорость: 8.58 Mbps ⚡⚡
2026-02-27 14:20:55 [INFO]    🏆 DE | VLESS | Пинг: 3414ms | Скорость: 12.39 Mbps ⚡⚡
2026-02-27 14:20:55 [INFO]    🏆 AE | VLESS | Пинг: 3384ms | Скорость: 5.78 Mbps ⚡⚡
2026-02-27 14:20:56 [INFO]    🏆 DE | VLESS | Пинг: 3455ms | Скорость: 8.72 Mbps ⚡⚡
2026-02-27 14:20:56 [INFO]    🏆 FI | VLESS | Пинг: 3487ms | Скорость: 9.42 Mbps ⚡⚡
2026-02-27 14:20:56 [INFO]    🏆 DE | VLESS | Пинг: 3469ms | Скорость: 9.16 Mbps ⚡⚡
2026-02-27 14:20:56 [INFO]    🏆 PL | VLESS | Пинг: 3459ms | Скорость: 8.66 Mbps ⚡⚡
2026-02-27 14:20:56 [INFO]    🏆 SG | VLESS | Пинг: 3414ms | Скорость: 8.07 Mbps ⚡⚡
2026-02-27 14:20:56 [INFO]    🏆 KZ | VLESS | Пинг: 3417ms | Скорость: 8.19 Mbps ⚡⚡
2026-02-27 14:20:56 [INFO]    🏆 CH | VLESS | Пинг: 3238ms | Скорость: 1.38 Mbps 
2026-02-27 14:20:56 [INFO]    🏆 PL | VLESS | Пинг: 3523ms | Скорость: 11.88 Mbps ⚡⚡
2026-02-27 14:20:57 [INFO]    🏆 DE | VLESS | Пинг: 3543ms | Скорость: 12.99 Mbps ⚡⚡
2026-02-27 14:20:58 [INFO]    🏆 US | VLESS | Пинг: 3388ms | Скорость: 1.32 Mbps 
2026-02-27 14:20:58 [INFO] 📊 Итого в подписке сохранено иностранных серверов: 10
2026-02-27 14:20:58 [INFO] 💾 Файл успешно сохранен: FL1PVPN
