2026-02-16 15:58:21 [INFO] 🚀 START: Smart VLESS Selector (Target: 10, Strict Mode)
2026-02-16 15:58:21 [INFO] 🌐 Загрузка источников...
2026-02-16 15:58:24 [INFO] 🔍 Уникальных конфигов собрано: 373
2026-02-16 15:58:24 [INFO] ⚡ ЭТАП 1: Быстрый замер Пинга (Workers: 25)...
2026-02-16 15:58:25 [INFO]    [PING OK] DE | 451ms
2026-02-16 15:58:26 [INFO]    [PING OK] DE | 1350ms
2026-02-16 15:58:31 [INFO]    [PING OK] DE | 176ms
2026-02-16 15:58:31 [INFO]    [PING OK] DE | 240ms
2026-02-16 15:58:31 [INFO]    [PING OK] FI | 4883ms
2026-02-16 15:58:31 [INFO]    [PING OK] DE | 207ms
2026-02-16 15:58:33 [INFO]    [PING OK] NL | 164ms
2026-02-16 15:58:34 [INFO]    [PING OK] RU | 173ms
2026-02-16 15:58:34 [INFO]    [PING OK] DE | 193ms
2026-02-16 15:58:35 [INFO]    [PING OK] NL | 369ms
2026-02-16 15:58:35 [INFO]    [PING OK] DE | 483ms
2026-02-16 15:58:36 [INFO]    [PING OK] RU | 120ms
2026-02-16 15:58:37 [INFO]    [PING OK] NL | 175ms
2026-02-16 15:58:37 [INFO]    [PING OK] RU | 395ms
2026-02-16 15:58:37 [INFO]    [PING OK] RU | 361ms
2026-02-16 15:58:37 [INFO]    [PING OK] RU | 74ms
2026-02-16 15:58:38 [INFO]    [PING OK] RU | 185ms
2026-02-16 15:58:38 [INFO]    [PING OK] US | 3313ms
2026-02-16 15:58:38 [INFO]    [PING OK] RU | 309ms
2026-02-16 15:58:38 [INFO]    [PING OK] RU | 149ms
2026-02-16 15:58:38 [INFO]    [PING OK] RU | 293ms
2026-02-16 15:58:38 [INFO]    [PING OK] RU | 121ms
2026-02-16 15:58:38 [INFO]    [PING OK] RU | 360ms
2026-02-16 15:58:38 [INFO]    [PING OK] RU | 127ms
2026-02-16 15:58:38 [INFO]    [PING OK] RU | 190ms
2026-02-16 15:58:39 [INFO]    [PING OK] RU | 164ms
2026-02-16 15:58:39 [INFO]    [PING OK] RU | 133ms
2026-02-16 15:58:40 [INFO]    [PING OK] RU | 251ms
2026-02-16 15:58:40 [INFO]    [PING OK] RU | 224ms
2026-02-16 15:58:40 [INFO]    [PING OK] RU | 879ms
2026-02-16 15:58:41 [INFO]    [PING OK] RU | 179ms
2026-02-16 15:58:41 [INFO]    [PING OK] RU | 2293ms
2026-02-16 15:58:41 [INFO]    [PING OK] RU | 307ms
2026-02-16 15:58:41 [INFO]    [PING OK] RU | 1265ms
2026-02-16 15:58:41 [INFO]    [PING OK] PL | 287ms
2026-02-16 15:58:42 [INFO]    [PING OK] RU | 551ms
2026-02-16 15:58:42 [INFO]    [PING OK] RU | 407ms
2026-02-16 15:58:42 [INFO]    [PING OK] RU | 456ms
2026-02-16 15:58:42 [INFO]    [PING OK] RU | 148ms
2026-02-16 15:58:42 [INFO]    [PING OK] RU | 3133ms
2026-02-16 15:58:42 [INFO]    [PING OK] DE | 191ms
2026-02-16 15:58:42 [INFO]    [PING OK] RU | 145ms
2026-02-16 15:58:42 [INFO]    [PING OK] RU | 81ms
2026-02-16 15:58:42 [INFO]    [PING OK] RU | 4287ms
2026-02-16 15:58:43 [INFO]    [PING OK] US | 178ms
2026-02-16 15:58:43 [INFO]    [PING OK] RU | 3372ms
2026-02-16 15:58:43 [INFO]    [PING OK] RU | 666ms
2026-02-16 15:58:43 [INFO]    [PING OK] RU | 279ms
2026-02-16 15:58:43 [INFO]    [PING OK] RU | 4424ms
2026-02-16 15:58:43 [INFO]    [PING OK] RU | 139ms
2026-02-16 15:58:43 [INFO]    [PING OK] RU | 1452ms
2026-02-16 15:58:44 [INFO]    [PING OK] RU | 2227ms
2026-02-16 15:58:44 [INFO]    [PING OK] RU | 282ms
2026-02-16 15:58:44 [INFO]    [PING OK] RU | 382ms
2026-02-16 15:58:44 [INFO]    [PING OK] RU | 251ms
2026-02-16 15:58:44 [INFO]    [PING OK] RU | 228ms
2026-02-16 15:58:44 [INFO]    [PING OK] RU | 268ms
2026-02-16 15:58:44 [INFO]    [PING OK] RU | 220ms
2026-02-16 15:58:44 [INFO]    [PING OK] RU | 215ms
2026-02-16 15:58:44 [INFO]    [PING OK] EE | 118ms
2026-02-16 15:58:44 [INFO]    [PING OK] RU | 398ms
2026-02-16 15:58:45 [INFO]    [PING OK] RU | 365ms
2026-02-16 15:58:45 [INFO]    [PING OK] RU | 214ms
2026-02-16 15:58:45 [INFO]    [PING OK] PL | 2113ms
2026-02-16 15:58:45 [INFO]    [PING OK] RU | 380ms
2026-02-16 15:58:45 [INFO]    [PING OK] RU | 138ms
2026-02-16 15:58:45 [INFO]    [PING OK] RU | 4641ms
2026-02-16 15:58:45 [INFO]    [PING OK] RU | 141ms
2026-02-16 15:58:45 [INFO]    [PING OK] RU | 388ms
2026-02-16 15:58:45 [INFO]    [PING OK] RU | 130ms
2026-02-16 15:58:46 [INFO]    [PING OK] RU | 141ms
2026-02-16 15:58:46 [INFO]    [PING OK] RU | 725ms
2026-02-16 15:58:46 [INFO]    [PING OK] RU | 250ms
2026-02-16 15:58:46 [INFO]    [PING OK] RU | 84ms
2026-02-16 15:58:46 [INFO]    [PING OK] DE | 174ms
2026-02-16 15:58:46 [INFO]    [PING OK] RU | 1818ms
2026-02-16 15:58:46 [INFO]    [PING OK] RU | 292ms
2026-02-16 15:58:46 [INFO]    [PING OK] RU | 276ms
2026-02-16 15:58:46 [INFO]    [PING OK] RU | 4055ms
2026-02-16 15:58:46 [INFO]    [PING OK] RU | 136ms
2026-02-16 15:58:46 [INFO]    [PING OK] RU | 74ms
2026-02-16 15:58:47 [INFO]    [PING OK] RU | 2027ms
2026-02-16 15:58:47 [INFO]    [PING OK] PL | 2131ms
2026-02-16 15:58:47 [INFO]    [PING OK] RU | 128ms
2026-02-16 15:58:47 [INFO]    [PING OK] RU | 217ms
2026-02-16 15:58:47 [INFO]    [PING OK] RU | 367ms
2026-02-16 15:58:47 [INFO]    [PING OK] RU | 294ms
2026-02-16 15:58:47 [INFO]    [PING OK] RU | 130ms
2026-02-16 15:58:47 [INFO]    [PING OK] RU | 269ms
2026-02-16 15:58:47 [INFO]    [PING OK] RU | 311ms
2026-02-16 15:58:47 [INFO]    [PING OK] RU | 132ms
2026-02-16 15:58:48 [INFO]    [PING OK] RU | 140ms
2026-02-16 15:58:48 [INFO]    [PING OK] RU | 455ms
2026-02-16 15:58:48 [INFO]    [PING OK] RU | 4480ms
2026-02-16 15:58:48 [INFO]    [PING OK] RU | 253ms
2026-02-16 15:58:48 [INFO]    [PING OK] RU | 317ms
2026-02-16 15:58:48 [INFO]    [PING OK] RU | 296ms
2026-02-16 15:58:48 [INFO]    [PING OK] RU | 232ms
2026-02-16 15:58:48 [INFO]    [PING OK] RU | 2733ms
2026-02-16 15:58:48 [INFO]    [PING OK] RU | 135ms
2026-02-16 15:58:48 [INFO]    [PING OK] RU | 3348ms
2026-02-16 15:58:48 [INFO]    [PING OK] RU | 227ms
2026-02-16 15:58:48 [INFO]    [PING OK] RU | 197ms
2026-02-16 15:58:48 [INFO]    [PING OK] RU | 161ms
2026-02-16 15:58:48 [INFO]    [PING OK] RU | 227ms
2026-02-16 15:58:49 [INFO]    [PING OK] RU | 4026ms
2026-02-16 15:58:49 [INFO]    [PING OK] RU | 449ms
2026-02-16 15:58:49 [INFO]    [PING OK] RU | 505ms
2026-02-16 15:58:49 [INFO]    [PING OK] RU | 129ms
2026-02-16 15:58:49 [INFO]    [PING OK] RU | 237ms
2026-02-16 15:58:49 [INFO]    [PING OK] RU | 257ms
2026-02-16 15:58:49 [INFO]    [PING OK] RU | 311ms
2026-02-16 15:58:49 [INFO]    [PING OK] RU | 214ms
2026-02-16 15:58:49 [INFO]    [PING OK] RU | 189ms
2026-02-16 15:58:49 [INFO]    [PING OK] RU | 241ms
2026-02-16 15:58:49 [INFO]    [PING OK] RU | 596ms
2026-02-16 15:58:50 [INFO]    [PING OK] RU | 323ms
2026-02-16 15:58:50 [INFO]    [PING OK] RU | 1076ms
2026-02-16 15:58:50 [INFO]    [PING OK] RU | 1180ms
2026-02-16 15:58:50 [INFO]    [PING OK] RU | 124ms
2026-02-16 15:58:50 [INFO]    [PING OK] RU | 144ms
2026-02-16 15:58:50 [INFO]    [PING OK] RU | 266ms
2026-02-16 15:58:50 [INFO]    [PING OK] NL | 204ms
2026-02-16 15:58:50 [INFO]    [PING OK] RU | 4112ms
2026-02-16 15:58:50 [INFO]    [PING OK] RU | 346ms
2026-02-16 15:58:50 [INFO]    [PING OK] RU | 152ms
2026-02-16 15:58:50 [INFO]    [PING OK] RU | 171ms
2026-02-16 15:58:50 [INFO]    [PING OK] RU | 197ms
2026-02-16 15:58:50 [INFO]    [PING OK] RU | 375ms
2026-02-16 15:58:51 [INFO]    [PING OK] RU | 445ms
2026-02-16 15:58:51 [INFO]    [PING OK] RU | 1715ms
2026-02-16 15:58:51 [INFO]    [PING OK] RU | 1665ms
2026-02-16 15:58:51 [INFO]    [PING OK] DE | 129ms
2026-02-16 15:58:51 [INFO]    [PING OK] DE | 153ms
2026-02-16 15:58:52 [INFO]    [PING OK] RU | 4823ms
2026-02-16 15:58:52 [INFO]    [PING OK] RU | 394ms
2026-02-16 15:58:53 [INFO]    [PING OK] RU | 1412ms
2026-02-16 15:58:53 [INFO]    [PING OK] LV | 174ms
2026-02-16 15:58:54 [INFO]    [PING OK] TR | 455ms
2026-02-16 15:58:55 [INFO]    [PING OK] IN | 796ms
2026-02-16 15:58:56 [INFO]    [PING OK] GB | 275ms
2026-02-16 15:58:56 [INFO]    [PING OK] LV | 455ms
2026-02-16 15:58:56 [INFO]    [PING OK] DE | 214ms
2026-02-16 15:58:57 [INFO]    [PING OK] FI | 162ms
2026-02-16 15:58:57 [INFO]    [PING OK] US | 555ms
2026-02-16 15:58:57 [INFO]    [PING OK] JP | 1028ms
2026-02-16 15:58:58 [INFO]    [PING OK] TR | 480ms
2026-02-16 15:58:58 [INFO]    [PING OK] KR | 1099ms
2026-02-16 15:58:58 [INFO]    [PING OK] RU | 2294ms
2026-02-16 15:58:58 [INFO]    [PING OK] DE | 285ms
2026-02-16 15:58:59 [INFO]    [PING OK] RU | 709ms
2026-02-16 15:58:59 [INFO]    [PING OK] LT | 1580ms
2026-02-16 15:58:59 [INFO]    [PING OK] FI | 188ms
2026-02-16 15:58:59 [INFO]    [PING OK] DE | 492ms
2026-02-16 15:58:59 [INFO]    [PING OK] AE | 1189ms
2026-02-16 15:59:00 [INFO]    [PING OK] HK | 970ms
2026-02-16 15:59:01 [INFO]    [PING OK] NL | 2592ms
2026-02-16 15:59:04 [INFO] 🏎️ ЭТАП 2: Глубокий замер скорости для ТОП-10 серверов...
2026-02-16 15:59:11 [INFO]    🏆 EE | Пинг: 118ms | Скорость: 9.3 Mbps ⚡⚡
2026-02-16 15:59:11 [INFO]    🏆 DE | Пинг: 129ms | Скорость: 0.0 Mbps 
2026-02-16 15:59:11 [INFO]    🏆 DE | Пинг: 153ms | Скорость: 8.53 Mbps ⚡⚡
2026-02-16 15:59:11 [INFO]    🏆 FI | Пинг: 162ms | Скорость: 0.0 Mbps 
2026-02-16 15:59:11 [INFO]    🏆 NL | Пинг: 164ms | Скорость: 8.75 Mbps ⚡⚡
2026-02-16 15:59:11 [INFO]    🏆 DE | Пинг: 174ms | Скорость: 9.66 Mbps ⚡⚡
2026-02-16 15:59:11 [INFO]    🏆 LV | Пинг: 174ms | Скорость: 6.4 Mbps ⚡⚡
2026-02-16 15:59:11 [INFO]    🏆 NL | Пинг: 175ms | Скорость: 9.51 Mbps ⚡⚡
2026-02-16 15:59:11 [INFO]    🏆 DE | Пинг: 176ms | Скорость: 9.58 Mbps ⚡⚡
2026-02-16 15:59:11 [INFO]    🏆 RU | Пинг: 74ms | Скорость: 10.31 Mbps ⚡⚡
2026-02-16 15:59:11 [INFO] 🇷🇺 Добавлен RU сервер: 51.250.12.100
2026-02-16 15:59:11 [INFO] 📊 Итого в подписке сохранено: 10 серверов
2026-02-16 15:59:11 [INFO] 💾 Файл успешно сохранен: FL1PVPN
