2026-02-26 21:50:05 [INFO] 🚀 START: Smart Selector (Target: 10, ONLY FOREIGN)
2026-02-26 21:50:05 [INFO] 🌐 Загрузка источников (VLESS + VMess)...
2026-02-26 21:50:06 [INFO] 🔍 Уникальных конфигов собрано: 220
2026-02-26 21:50:06 [INFO] ⚡ ЭТАП 1: Замер Пинга и Геолокации. Workers: 40...
2026-02-26 21:50:12 [INFO]    [PING OK] US | VLESS | 4543ms
2026-02-26 21:50:12 [INFO]    [PING OK] FI | VLESS | 4455ms
2026-02-26 21:50:12 [INFO]    [PING OK] FR | VLESS | 4388ms
2026-02-26 21:50:12 [INFO]    [PING OK] DE | VLESS | 4979ms
2026-02-26 21:50:12 [INFO]    [PING OK] FI | VLESS | 4542ms
2026-02-26 21:50:12 [INFO]    [PING OK] DE | VLESS | 4501ms
2026-02-26 21:50:12 [INFO]    [PING OK] US | VLESS | 4550ms
2026-02-26 21:50:13 [INFO]    [PING OK] DE | VLESS | 4225ms
2026-02-26 21:50:13 [INFO]    [PING OK] DE | VLESS | 3978ms
2026-02-26 21:50:13 [INFO]    [PING OK] DE | VLESS | 4627ms
2026-02-26 21:50:13 [INFO]    [PING OK] DE | VLESS | 4555ms
2026-02-26 21:50:13 [INFO]    [PING OK] DE | VLESS | 4012ms
2026-02-26 21:50:13 [INFO]    [PING OK] NL | VLESS | 4183ms
2026-02-26 21:50:14 [INFO]    [PING OK] FI | VLESS | 5273ms
2026-02-26 21:50:14 [INFO]    [PING OK] FI | VLESS | 5824ms
2026-02-26 21:50:15 [INFO]    [PING OK] US | VLESS | 7010ms
2026-02-26 21:50:16 [INFO]    [PING OK] DE | VLESS | 3498ms
2026-02-26 21:50:17 [INFO]    [PING OK] DE | VLESS | 3753ms
2026-02-26 21:50:17 [INFO]    [PING OK] DE | VLESS | 4314ms
2026-02-26 21:50:17 [INFO]    [PING OK] DE | VLESS | 4126ms
2026-02-26 21:50:17 [INFO]    [PING OK] US | VLESS | 3694ms
2026-02-26 21:50:17 [INFO]    [PING OK] FI | VLESS | 3588ms
2026-02-26 21:50:17 [INFO]    [PING OK] DE | VLESS | 3534ms
2026-02-26 21:50:17 [INFO]    [PING OK] NL | VLESS | 3615ms
2026-02-26 21:50:17 [INFO]    [PING OK] NL | VLESS | 3377ms
2026-02-26 21:50:17 [INFO]    [PING OK] SE | VLESS | 3530ms
2026-02-26 21:50:17 [INFO]    [PING OK] DE | VLESS | 3360ms
2026-02-26 21:50:18 [INFO]    [PING OK] DE | VLESS | 3543ms
2026-02-26 21:50:18 [INFO]    [PING OK] FR | VLESS | 5858ms
2026-02-26 21:50:18 [INFO]    [PING OK] DE | VLESS | 3432ms
2026-02-26 21:50:18 [INFO]    [PING OK] FI | VLESS | 3343ms
2026-02-26 21:50:20 [INFO]    [PING OK] US | VLESS | 6119ms
2026-02-26 21:50:21 [INFO]    [PING OK] CH | VLESS | 6649ms
2026-02-26 21:50:21 [INFO]    [PING OK] DE | VLESS | 3692ms
2026-02-26 21:50:22 [INFO]    [PING OK] ES | VLESS | 3271ms
2026-02-26 21:50:22 [INFO]    [PING OK] US | VLESS | 6440ms
2026-02-26 21:50:22 [INFO]    [PING OK] US | VLESS | 3518ms
2026-02-26 21:50:22 [INFO]    [PING OK] FR | VLESS | 6782ms
2026-02-26 21:50:22 [INFO]    [PING OK] DE | VLESS | 3613ms
2026-02-26 21:50:22 [INFO]    [PING OK] NL | VLESS | 3397ms
2026-02-26 21:50:23 [INFO]    [PING OK] DE | VLESS | 5244ms
2026-02-26 21:50:23 [INFO]    [PING OK] SG | VLESS | 3855ms
2026-02-26 21:50:23 [INFO]    [PING OK] TR | VLESS | 3929ms
2026-02-26 21:50:26 [INFO]    [PING OK] DE | VLESS | 4005ms
2026-02-26 21:50:26 [INFO]    [PING OK] PL | VLESS | 3534ms
2026-02-26 21:50:26 [INFO]    [PING OK] DE | VLESS | 3708ms
2026-02-26 21:50:26 [INFO]    [PING OK] US | VLESS | 4091ms
2026-02-26 21:50:26 [INFO]    [PING OK] DE | VLESS | 3099ms
2026-02-26 21:50:26 [INFO]    [PING OK] DE | VLESS | 3555ms
2026-02-26 21:50:26 [INFO]    [PING OK] ES | VLESS | 2863ms
2026-02-26 21:50:26 [INFO]    [PING OK] DE | VLESS | 3484ms
2026-02-26 21:50:27 [INFO]    [PING OK] TW | VLESS | 5270ms
2026-02-26 21:50:31 [INFO] 🏎️ ЭТАП 2: Глубокий замер скорости для 40 иностранных кандидатов...
2026-02-26 21:50:35 [INFO]    🏆 SE | VLESS | Пинг: 3530ms | Скорость: 5.62 Mbps ⚡⚡
2026-02-26 21:50:36 [INFO]    🏆 DE | VLESS | Пинг: 3099ms | Скорость: 5.33 Mbps ⚡⚡
2026-02-26 21:50:36 [INFO]    🏆 NL | VLESS | Пинг: 3377ms | Скорость: 5.3 Mbps ⚡⚡
2026-02-26 21:50:36 [INFO]    🏆 PL | VLESS | Пинг: 3534ms | Скорость: 5.51 Mbps ⚡⚡
2026-02-26 21:50:36 [INFO]    🏆 DE | VLESS | Пинг: 3360ms | Скорость: 5.27 Mbps ⚡⚡
2026-02-26 21:50:36 [INFO]    🏆 DE | VLESS | Пинг: 3534ms | Скорость: 5.4 Mbps ⚡⚡
2026-02-26 21:50:36 [INFO]    🏆 ES | VLESS | Пинг: 2863ms | Скорость: 5.06 Mbps ⚡⚡
2026-02-26 21:50:36 [INFO]    🏆 DE | VLESS | Пинг: 3543ms | Скорость: 5.39 Mbps ⚡⚡
2026-02-26 21:50:36 [INFO]    🏆 DE | VLESS | Пинг: 3498ms | Скорость: 5.22 Mbps ⚡⚡
2026-02-26 21:50:36 [INFO]    🏆 ES | VLESS | Пинг: 3271ms | Скорость: 5.02 Mbps ⚡⚡
2026-02-26 21:50:36 [INFO]    🏆 NL | VLESS | Пинг: 3397ms | Скорость: 5.08 Mbps ⚡⚡
2026-02-26 21:50:36 [INFO]    🏆 DE | VLESS | Пинг: 3432ms | Скорость: 5.11 Mbps ⚡⚡
2026-02-26 21:50:37 [INFO]    🏆 DE | VLESS | Пинг: 3484ms | Скорость: 4.09 Mbps ⚡⚡
2026-02-26 21:50:38 [INFO]    🏆 FI | VLESS | Пинг: 3343ms | Скорость: 3.38 Mbps ⚡⚡
2026-02-26 21:50:39 [INFO]    🏆 DE | VLESS | Пинг: 3978ms | Скорость: 6.82 Mbps ⚡⚡
2026-02-26 21:50:39 [INFO]    🏆 DE | VLESS | Пинг: 3613ms | Скорость: 6.38 Mbps ⚡⚡
2026-02-26 21:50:40 [INFO]    🏆 DE | VLESS | Пинг: 3692ms | Скорость: 6.26 Mbps ⚡⚡
2026-02-26 21:50:40 [INFO]    🏆 DE | VLESS | Пинг: 4012ms | Скорость: 6.56 Mbps ⚡⚡
2026-02-26 21:50:40 [INFO]    🏆 NL | VLESS | Пинг: 3615ms | Скорость: 5.74 Mbps ⚡⚡
2026-02-26 21:50:40 [INFO]    🏆 FI | VLESS | Пинг: 3588ms | Скорость: 5.28 Mbps ⚡⚡
2026-02-26 21:50:40 [INFO]    🏆 DE | VLESS | Пинг: 4005ms | Скорость: 5.46 Mbps ⚡⚡
2026-02-26 21:50:40 [INFO]    🏆 US | VLESS | Пинг: 3694ms | Скорость: 5.38 Mbps ⚡⚡
2026-02-26 21:50:40 [INFO]    🏆 DE | VLESS | Пинг: 3708ms | Скорость: 5.07 Mbps ⚡⚡
2026-02-26 21:50:40 [INFO]    🏆 US | VLESS | Пинг: 4091ms | Скорость: 6.86 Mbps ⚡⚡
2026-02-26 21:50:40 [INFO]    🏆 SG | VLESS | Пинг: 3855ms | Скорость: 5.04 Mbps ⚡⚡
2026-02-26 21:50:41 [INFO]    🏆 TR | VLESS | Пинг: 3929ms | Скорость: 4.84 Mbps ⚡⚡
2026-02-26 21:50:41 [INFO]    🏆 DE | VLESS | Пинг: 4126ms | Скорость: 6.67 Mbps ⚡⚡
2026-02-26 21:50:42 [INFO]    🏆 DE | VLESS | Пинг: 4314ms | Скорость: 11.3 Mbps ⚡⚡
2026-02-26 21:50:42 [INFO]    🏆 DE | VLESS | Пинг: 4225ms | Скорость: 10.57 Mbps ⚡⚡
2026-02-26 21:50:42 [INFO]    🏆 FR | VLESS | Пинг: 4388ms | Скорость: 10.85 Mbps ⚡⚡
2026-02-26 21:50:42 [INFO]    🏆 FI | VLESS | Пинг: 4455ms | Скорость: 11.36 Mbps ⚡⚡
2026-02-26 21:50:42 [INFO]    🏆 NL | VLESS | Пинг: 4183ms | Скорость: 9.24 Mbps ⚡⚡
2026-02-26 21:50:42 [INFO]    🏆 DE | VLESS | Пинг: 4501ms | Скорость: 11.64 Mbps ⚡⚡
2026-02-26 21:50:42 [INFO]    🏆 FI | VLESS | Пинг: 4542ms | Скорость: 11.52 Mbps ⚡⚡
2026-02-26 21:50:43 [INFO]    🏆 US | VLESS | Пинг: 4543ms | Скорость: 8.7 Mbps ⚡⚡
2026-02-26 21:50:46 [INFO]    🏆 US | VLESS | Пинг: 4550ms | Скорость: 4.29 Mbps ⚡⚡
2026-02-26 21:50:47 [INFO] 📊 Итого в подписке сохранено иностранных серверов: 10
2026-02-26 21:50:47 [INFO] 💾 Файл успешно сохранен: FL1PVPN
