2026-02-26 15:40:06 [INFO] 🚀 START: Smart Selector (Target: 10, ONLY FOREIGN)
2026-02-26 15:40:06 [INFO] 🌐 Загрузка источников (VLESS + VMess)...
2026-02-26 15:40:07 [INFO] 🔍 Уникальных конфигов собрано: 304
2026-02-26 15:40:07 [INFO] ⚡ ЭТАП 1: Замер Пинга и Геолокации. Workers: 40...
2026-02-26 15:40:13 [INFO]    [PING OK] FI | VLESS | 4943ms
2026-02-26 15:40:13 [INFO]    [PING OK] PL | VLESS | 5262ms
2026-02-26 15:40:13 [INFO]    [PING OK] PL | VLESS | 5127ms
2026-02-26 15:40:14 [INFO]    [PING OK] NL | VLESS | 5328ms
2026-02-26 15:40:14 [INFO]    [PING OK] FI | VLESS | 5528ms
2026-02-26 15:40:14 [INFO]    [PING OK] PL | VLESS | 5314ms
2026-02-26 15:40:14 [INFO]    [PING OK] NL | VLESS | 5263ms
2026-02-26 15:40:14 [INFO]    [PING OK] DE | VLESS | 5083ms
2026-02-26 15:40:14 [INFO]    [PING OK] PL | VLESS | 5225ms
2026-02-26 15:40:14 [INFO]    [PING OK] PL | VLESS | 4849ms
2026-02-26 15:40:14 [INFO]    [PING OK] PL | VLESS | 5104ms
2026-02-26 15:40:15 [INFO]    [PING OK] NL | VLESS | 4930ms
2026-02-26 15:40:15 [INFO]    [PING OK] DE | VLESS | 5097ms
2026-02-26 15:40:15 [INFO]    [PING OK] LV | VLESS | 5179ms
2026-02-26 15:40:15 [INFO]    [PING OK] PL | VLESS | 4873ms
2026-02-26 15:40:15 [INFO]    [PING OK] DE | VLESS | 5043ms
2026-02-26 15:40:16 [INFO]    [PING OK] ES | VLESS | 5940ms
2026-02-26 15:40:16 [INFO]    [PING OK] NL | VLESS | 6024ms
2026-02-26 15:40:16 [INFO]    [PING OK] FI | VLESS | 7972ms
2026-02-26 15:40:16 [INFO]    [PING OK] PL | VLESS | 4317ms
2026-02-26 15:40:17 [INFO]    [PING OK] NL | VLESS | 6716ms
2026-02-26 15:40:17 [INFO]    [PING OK] US | VLESS | 5019ms
2026-02-26 15:40:18 [INFO]    [PING OK] PL | VLESS | 4372ms
2026-02-26 15:40:19 [INFO]    [PING OK] DE | VLESS | 4564ms
2026-02-26 15:40:19 [INFO]    [PING OK] FI | VLESS | 4320ms
2026-02-26 15:40:19 [INFO]    [PING OK] PL | VLESS | 4443ms
2026-02-26 15:40:19 [INFO]    [PING OK] US | VLESS | 4419ms
2026-02-26 15:40:19 [INFO]    [PING OK] PL | VLESS | 4389ms
2026-02-26 15:40:19 [INFO]    [PING OK] PL | VLESS | 4387ms
2026-02-26 15:40:20 [INFO]    [PING OK] DE | VLESS | 4976ms
2026-02-26 15:40:20 [INFO]    [PING OK] US | VLESS | 4198ms
2026-02-26 15:40:20 [INFO]    [PING OK] DE | VLESS | 4625ms
2026-02-26 15:40:20 [INFO]    [PING OK] NL | VLESS | 4725ms
2026-02-26 15:40:21 [INFO]    [PING OK] DE | VLESS | 6223ms
2026-02-26 15:40:21 [INFO]    [PING OK] PL | VLESS | 4042ms
2026-02-26 15:40:21 [INFO]    [PING OK] PL | VLESS | 4202ms
2026-02-26 15:40:21 [INFO]    [PING OK] TR | VLESS | 4628ms
2026-02-26 15:40:21 [INFO]    [PING OK] IT | VLESS | 4587ms
2026-02-26 15:40:21 [INFO]    [PING OK] US | VLESS | 4314ms
2026-02-26 15:40:22 [INFO]    [PING OK] DE | VLESS | 4504ms
2026-02-26 15:40:23 [INFO]    [PING OK] DE | VLESS | 4041ms
2026-02-26 15:40:23 [INFO]    [PING OK] DE | VLESS | 4615ms
2026-02-26 15:40:24 [INFO]    [PING OK] DE | VLESS | 4483ms
2026-02-26 15:40:24 [INFO]    [PING OK] ES | VLESS | 7736ms
2026-02-26 15:40:24 [INFO]    [PING OK] DE | VLESS | 4279ms
2026-02-26 15:40:24 [INFO]    [PING OK] US | VLESS | 4568ms
2026-02-26 15:40:24 [INFO]    [PING OK] PL | VLESS | 4430ms
2026-02-26 15:40:25 [INFO]    [PING OK] CH | VLESS | 4816ms
2026-02-26 15:40:25 [INFO]    [PING OK] CA | VLESS | 4715ms
2026-02-26 15:40:25 [INFO]    [PING OK] TR | VLESS | 4098ms
2026-02-26 15:40:25 [INFO]    [PING OK] FI | VLESS | 4122ms
2026-02-26 15:40:25 [INFO]    [PING OK] FI | VLESS | 4474ms
2026-02-26 15:40:25 [INFO]    [PING OK] IT | VLESS | 3841ms
2026-02-26 15:40:25 [INFO]    [PING OK] ES | VLESS | 4087ms
2026-02-26 15:40:26 [INFO]    [PING OK] PL | VLESS | 3691ms
2026-02-26 15:40:26 [INFO]    [PING OK] FR | VLESS | 4148ms
2026-02-26 15:40:26 [INFO]    [PING OK] DE | VLESS | 4182ms
2026-02-26 15:40:27 [INFO]    [PING OK] NL | VLESS | 7420ms
2026-02-26 15:40:27 [INFO]    [PING OK] US | VLESS | 4094ms
2026-02-26 15:40:27 [INFO]    [PING OK] NL | VLESS | 4171ms
2026-02-26 15:40:27 [INFO]    [PING OK] CA | VLESS | 3907ms
2026-02-26 15:40:29 [INFO]    [PING OK] EE | VLESS | 4448ms
2026-02-26 15:40:30 [INFO]    [PING OK] ES | VLESS | 5297ms
2026-02-26 15:40:30 [INFO]    [PING OK] NL | VLESS | 4506ms
2026-02-26 15:40:30 [INFO]    [PING OK] FI | VLESS | 5054ms
2026-02-26 15:40:31 [INFO]    [PING OK] FR | VLESS | 4339ms
2026-02-26 15:40:31 [INFO]    [PING OK] DE | VLESS | 4334ms
2026-02-26 15:40:31 [INFO]    [PING OK] CH | VLESS | 5414ms
2026-02-26 15:40:31 [INFO]    [PING OK] DE | VLESS | 5120ms
2026-02-26 15:40:31 [INFO]    [PING OK] TR | VLESS | 4573ms
2026-02-26 15:40:31 [INFO]    [PING OK] DE | VLESS | 3805ms
2026-02-26 15:40:31 [INFO]    [PING OK] FI | VLESS | 4129ms
2026-02-26 15:40:31 [INFO]    [PING OK] DE | VLESS | 3877ms
2026-02-26 15:40:31 [INFO]    [PING OK] ES | VLESS | 4190ms
2026-02-26 15:40:32 [INFO]    [PING OK] HK | VLESS | 4777ms
2026-02-26 15:40:32 [INFO]    [PING OK] NL | VLESS | 3794ms
2026-02-26 15:40:32 [INFO]    [PING OK] FI | VLESS | 5819ms
2026-02-26 15:40:32 [INFO]    [PING OK] NL | VLESS | 4305ms
2026-02-26 15:40:33 [INFO]    [PING OK] US | VLESS | 3959ms
2026-02-26 15:40:35 [INFO]    [PING OK] TR | VLESS | 4624ms
2026-02-26 15:40:35 [INFO]    [PING OK] HU | VLESS | 4728ms
2026-02-26 15:40:35 [INFO]    [PING OK] US | VLESS | 4743ms
2026-02-26 15:40:35 [INFO]    [PING OK] IT | VLESS | 4292ms
2026-02-26 15:40:35 [INFO]    [PING OK] DE | VLESS | 4507ms
2026-02-26 15:40:36 [INFO]    [PING OK] ES | VLESS | 4881ms
2026-02-26 15:40:37 [INFO]    [PING OK] HK | VLESS | 5341ms
2026-02-26 15:40:37 [INFO]    [PING OK] US | VLESS | 5372ms
2026-02-26 15:40:38 [INFO]    [PING OK] US | VLESS | 5679ms
2026-02-26 15:40:39 [INFO]    [PING OK] FI | VLESS | 5883ms
2026-02-26 15:40:39 [INFO]    [PING OK] FI | VLESS | 8125ms
2026-02-26 15:40:40 [INFO]    [PING OK] GB | VLESS | 5377ms
2026-02-26 15:40:40 [INFO]    [PING OK] PL | VLESS | 3609ms
2026-02-26 15:40:40 [INFO]    [PING OK] US | VLESS | 3211ms
2026-02-26 15:40:41 [INFO]    [PING OK] DE | VLESS | 4128ms
2026-02-26 15:40:45 [INFO]    [PING OK] DE | VLESS | 7675ms
2026-02-26 15:40:46 [INFO] 🏎️ ЭТАП 2: Глубокий замер скорости для 40 иностранных кандидатов...
2026-02-26 15:40:49 [INFO]    🏆 PL | VLESS | Пинг: 3609ms | Скорость: 7.54 Mbps ⚡⚡
2026-02-26 15:40:49 [INFO]    🏆 PL | VLESS | Пинг: 3691ms | Скорость: 7.07 Mbps ⚡⚡
2026-02-26 15:40:49 [INFO]    🏆 DE | VLESS | Пинг: 3805ms | Скорость: 7.21 Mbps ⚡⚡
2026-02-26 15:40:49 [INFO]    🏆 DE | VLESS | Пинг: 3877ms | Скорость: 6.97 Mbps ⚡⚡
2026-02-26 15:40:49 [INFO]    🏆 US | VLESS | Пинг: 3211ms | Скорость: 6.38 Mbps ⚡⚡
2026-02-26 15:40:49 [INFO]    🏆 DE | VLESS | Пинг: 4041ms | Скорость: 6.75 Mbps ⚡⚡
2026-02-26 15:40:50 [INFO]    🏆 US | VLESS | Пинг: 4094ms | Скорость: 5.09 Mbps ⚡⚡
2026-02-26 15:40:51 [INFO]    🏆 PL | VLESS | Пинг: 4042ms | Скорость: 4.35 Mbps ⚡⚡
2026-02-26 15:40:52 [INFO]    🏆 FR | VLESS | Пинг: 4148ms | Скорость: 11.27 Mbps ⚡⚡
2026-02-26 15:40:52 [INFO]    🏆 FI | VLESS | Пинг: 4129ms | Скорость: 10.94 Mbps ⚡⚡
2026-02-26 15:40:52 [INFO]    🏆 CA | VLESS | Пинг: 3907ms | Скорость: 3.66 Mbps ⚡⚡
2026-02-26 15:40:52 [INFO]    🏆 NL | VLESS | Пинг: 3794ms | Скорость: 1.69 Mbps ⚡
2026-02-26 15:40:52 [INFO]    🏆 US | VLESS | Пинг: 3959ms | Скорость: 1.55 Mbps ⚡
2026-02-26 15:40:53 [INFO]    🏆 ES | VLESS | Пинг: 4087ms | Скорость: 1.84 Mbps ⚡
2026-02-26 15:40:53 [INFO]    🏆 DE | VLESS | Пинг: 4182ms | Скорость: 7.56 Mbps ⚡⚡
2026-02-26 15:40:53 [INFO]    🏆 PL | VLESS | Пинг: 4202ms | Скорость: 12.93 Mbps ⚡⚡
2026-02-26 15:40:55 [INFO]    🏆 PL | VLESS | Пинг: 4372ms | Скорость: 14.92 Mbps ⚡⚡
2026-02-26 15:40:56 [INFO]    🏆 PL | VLESS | Пинг: 4387ms | Скорость: 9.2 Mbps ⚡⚡
2026-02-26 15:40:56 [INFO]    🏆 US | VLESS | Пинг: 4314ms | Скорость: 7.22 Mbps ⚡⚡
2026-02-26 15:40:56 [INFO]    🏆 PL | VLESS | Пинг: 4389ms | Скорость: 8.57 Mbps ⚡⚡
2026-02-26 15:40:56 [INFO]    🏆 US | VLESS | Пинг: 4419ms | Скорость: 8.31 Mbps ⚡⚡
2026-02-26 15:40:57 [INFO]    🏆 US | VLESS | Пинг: 4198ms | Скорость: 1.08 Mbps 
2026-02-26 15:40:57 [INFO]    🏆 PL | VLESS | Пинг: 4443ms | Скорость: 10.84 Mbps ⚡⚡
2026-02-26 15:40:58 [INFO]    🏆 PL | VLESS | Пинг: 4430ms | Скорость: 8.11 Mbps ⚡⚡
2026-02-26 15:40:58 [INFO]    🏆 IT | VLESS | Пинг: 4292ms | Скорость: 1.19 Mbps 
2026-02-26 15:40:59 [INFO]    🏆 DE | VLESS | Пинг: 4334ms | Скорость: 3.95 Mbps ⚡⚡
2026-02-26 15:40:59 [INFO]    🏆 DE | VLESS | Пинг: 4483ms | Скорость: 7.91 Mbps ⚡⚡
2026-02-26 15:40:59 [INFO]    🏆 PL | VLESS | Пинг: 4317ms | Скорость: 1.27 Mbps 
2026-02-26 15:40:59 [INFO]    🏆 FI | VLESS | Пинг: 4320ms | Скорость: 2.22 Mbps ⚡
2026-02-26 15:41:02 [INFO]    🏆 EE | VLESS | Пинг: 4448ms | Скорость: 2.67 Mbps ⚡
2026-02-26 15:41:02 [INFO] 📊 Итого в подписке сохранено иностранных серверов: 10
2026-02-26 15:41:02 [INFO] 💾 Файл успешно сохранен: FL1PVPN
