2026-02-15 08:17:37 [INFO] 🚀 START: Smart VLESS Selector (Target: 10, Strict Mode)
2026-02-15 08:17:37 [INFO] 🌐 Загрузка источников...
2026-02-15 08:17:39 [INFO] 🔍 Уникальных конфигов собрано: 379
2026-02-15 08:17:39 [INFO] ⚡ ЭТАП 1: Быстрый замер Пинга (Workers: 25)...
2026-02-15 08:17:41 [INFO]    [PING OK] DE | 135ms
2026-02-15 08:17:41 [INFO]    [PING OK] DE | 201ms
2026-02-15 08:17:42 [INFO]    [PING OK] NL | 232ms
2026-02-15 08:17:43 [INFO]    [PING OK] DE | 1637ms
2026-02-15 08:17:43 [INFO]    [PING OK] DE | 176ms
2026-02-15 08:17:44 [INFO]    [PING OK] LT | 122ms
2026-02-15 08:17:44 [INFO]    [PING OK] ES | 573ms
2026-02-15 08:17:44 [INFO]    [PING OK] US | 493ms
2026-02-15 08:17:45 [INFO]    [PING OK] NL | 396ms
2026-02-15 08:17:46 [INFO]    [PING OK] DE | 162ms
2026-02-15 08:17:47 [INFO]    [PING OK] CH | 171ms
2026-02-15 08:17:48 [INFO]    [PING OK] NL | 331ms
2026-02-15 08:17:48 [INFO]    [PING OK] EE | 142ms
2026-02-15 08:17:49 [INFO]    [PING OK] KZ | 878ms
2026-02-15 08:17:49 [INFO]    [PING OK] NL | 328ms
2026-02-15 08:17:50 [INFO]    [PING OK] NL | 198ms
2026-02-15 08:17:50 [INFO]    [PING OK] PL | 146ms
2026-02-15 08:17:51 [INFO]    [PING OK] US | 453ms
2026-02-15 08:17:52 [INFO]    [PING OK] DE | 142ms
2026-02-15 08:17:53 [INFO]    [PING OK] BE | 1511ms
2026-02-15 08:17:53 [INFO]    [PING OK] DE | 301ms
2026-02-15 08:17:54 [INFO]    [PING OK] RU | 305ms
2026-02-15 08:17:54 [INFO]    [PING OK] RU | 225ms
2026-02-15 08:17:54 [INFO]    [PING OK] RU | 92ms
2026-02-15 08:17:54 [INFO]    [PING OK] RU | 296ms
2026-02-15 08:17:55 [INFO]    [PING OK] RU | 1134ms
2026-02-15 08:17:55 [INFO]    [PING OK] NL | 193ms
2026-02-15 08:17:55 [INFO]    [PING OK] RU | 342ms
2026-02-15 08:17:55 [INFO]    [PING OK] RU | 61ms
2026-02-15 08:17:55 [INFO]    [PING OK] RU | 199ms
2026-02-15 08:17:55 [INFO]    [PING OK] RU | 574ms
2026-02-15 08:17:56 [INFO]    [PING OK] RU | 435ms
2026-02-15 08:17:56 [INFO]    [PING OK] DE | 3740ms
2026-02-15 08:17:56 [INFO]    [PING OK] PL | 157ms
2026-02-15 08:17:56 [INFO]    [PING OK] RU | 631ms
2026-02-15 08:17:57 [INFO]    [PING OK] RU | 312ms
2026-02-15 08:17:57 [INFO]    [PING OK] RU | 327ms
2026-02-15 08:17:58 [INFO]    [PING OK] RU | 206ms
2026-02-15 08:17:58 [INFO]    [PING OK] RU | 255ms
2026-02-15 08:17:58 [INFO]    [PING OK] RU | 383ms
2026-02-15 08:17:59 [INFO]    [PING OK] HU | 600ms
2026-02-15 08:17:59 [INFO]    [PING OK] FI | 2768ms
2026-02-15 08:17:59 [INFO]    [PING OK] RU | 304ms
2026-02-15 08:17:59 [INFO]    [PING OK] RU | 1842ms
2026-02-15 08:18:00 [INFO]    [PING OK] RU | 146ms
2026-02-15 08:18:00 [INFO]    [PING OK] RU | 214ms
2026-02-15 08:18:00 [INFO]    [PING OK] RU | 1053ms
2026-02-15 08:18:00 [INFO]    [PING OK] RU | 4103ms
2026-02-15 08:18:00 [INFO]    [PING OK] PL | 155ms
2026-02-15 08:18:00 [INFO]    [PING OK] RU | 3408ms
2026-02-15 08:18:00 [INFO]    [PING OK] RU | 58ms
2026-02-15 08:18:00 [INFO]    [PING OK] HU | 456ms
2026-02-15 08:18:01 [INFO]    [PING OK] RU | 355ms
2026-02-15 08:18:01 [INFO]    [PING OK] GB | 2883ms
2026-02-15 08:18:01 [INFO]    [PING OK] RU | 188ms
2026-02-15 08:18:01 [INFO]    [PING OK] RU | 144ms
2026-02-15 08:18:01 [INFO]    [PING OK] RU | 129ms
2026-02-15 08:18:01 [INFO]    [PING OK] RU | 312ms
2026-02-15 08:18:01 [INFO]    [PING OK] RU | 218ms
2026-02-15 08:18:01 [INFO]    [PING OK] RU | 208ms
2026-02-15 08:18:01 [INFO]    [PING OK] RU | 270ms
2026-02-15 08:18:02 [INFO]    [PING OK] RU | 2087ms
2026-02-15 08:18:02 [INFO]    [PING OK] RU | 293ms
2026-02-15 08:18:02 [INFO]    [PING OK] RU | 489ms
2026-02-15 08:18:02 [INFO]    [PING OK] RU | 941ms
2026-02-15 08:18:03 [INFO]    [PING OK] RU | 889ms
2026-02-15 08:18:03 [INFO]    [PING OK] RU | 3459ms
2026-02-15 08:18:03 [INFO]    [PING OK] RU | 1742ms
2026-02-15 08:18:03 [INFO]    [PING OK] RU | 278ms
2026-02-15 08:18:03 [INFO]    [PING OK] RU | 253ms
2026-02-15 08:18:03 [INFO]    [PING OK] RU | 292ms
2026-02-15 08:18:04 [INFO]    [PING OK] RU | 3560ms
2026-02-15 08:18:04 [INFO]    [PING OK] RU | 221ms
2026-02-15 08:18:04 [INFO]    [PING OK] RU | 293ms
2026-02-15 08:18:04 [INFO]    [PING OK] RU | 343ms
2026-02-15 08:18:04 [INFO]    [PING OK] RU | 1198ms
2026-02-15 08:18:04 [INFO]    [PING OK] RU | 225ms
2026-02-15 08:18:04 [INFO]    [PING OK] RU | 275ms
2026-02-15 08:18:04 [INFO]    [PING OK] RU | 454ms
2026-02-15 08:18:04 [INFO]    [PING OK] RU | 3890ms
2026-02-15 08:18:04 [INFO]    [PING OK] RU | 460ms
2026-02-15 08:18:04 [INFO]    [PING OK] RU | 983ms
2026-02-15 08:18:04 [INFO]    [PING OK] RU | 235ms
2026-02-15 08:18:05 [INFO]    [PING OK] RU | 312ms
2026-02-15 08:18:05 [INFO]    [PING OK] RU | 292ms
2026-02-15 08:18:05 [INFO]    [PING OK] RU | 275ms
2026-02-15 08:18:05 [INFO]    [PING OK] RU | 417ms
2026-02-15 08:18:05 [INFO]    [PING OK] RU | 1942ms
2026-02-15 08:18:05 [INFO]    [PING OK] RU | 208ms
2026-02-15 08:18:05 [INFO]    [PING OK] RU | 384ms
2026-02-15 08:18:05 [INFO]    [PING OK] RU | 508ms
2026-02-15 08:18:05 [INFO]    [PING OK] RU | 331ms
2026-02-15 08:18:05 [INFO]    [PING OK] FI | 216ms
2026-02-15 08:18:06 [INFO]    [PING OK] US | 534ms
2026-02-15 08:18:06 [INFO]    [PING OK] NL | 185ms
2026-02-15 08:18:06 [INFO]    [PING OK] RU | 1745ms
2026-02-15 08:18:07 [INFO]    [PING OK] RU | 2686ms
2026-02-15 08:18:07 [INFO]    [PING OK] LV | 350ms
2026-02-15 08:18:08 [INFO]    [PING OK] SG | 257ms
2026-02-15 08:18:08 [INFO]    [PING OK] TR | 455ms
2026-02-15 08:18:08 [INFO]    [PING OK] JP | 1131ms
2026-02-15 08:18:09 [INFO]    [PING OK] SC | 1033ms
2026-02-15 08:18:09 [INFO]    [PING OK] MD | 180ms
2026-02-15 08:18:09 [INFO]    [PING OK] NL | 196ms
2026-02-15 08:18:09 [INFO]    [PING OK] NL | 137ms
2026-02-15 08:18:10 [INFO]    [PING OK] NL | 202ms
2026-02-15 08:18:10 [INFO]    [PING OK] CY | 785ms
2026-02-15 08:18:10 [INFO]    [PING OK] TR | 1521ms
2026-02-15 08:18:10 [INFO]    [PING OK] DE | 497ms
2026-02-15 08:18:10 [INFO]    [PING OK] NL | 190ms
2026-02-15 08:18:10 [INFO]    [PING OK] NL | 128ms
2026-02-15 08:18:11 [INFO]    [PING OK] FI | 163ms
2026-02-15 08:18:11 [INFO]    [PING OK] IQ | 238ms
2026-02-15 08:18:11 [INFO]    [PING OK] DE | 142ms
2026-02-15 08:18:11 [INFO]    [PING OK] DE | 590ms
2026-02-15 08:18:12 [INFO]    [PING OK] RU | 326ms
2026-02-15 08:18:16 [INFO] 🏎️ ЭТАП 2: Глубокий замер скорости для ТОП-10 серверов...
2026-02-15 08:18:24 [INFO]    🏆 LT | Пинг: 122ms | Скорость: 10.28 Mbps ⚡⚡
2026-02-15 08:18:24 [INFO]    🏆 NL | Пинг: 128ms | Скорость: 9.7 Mbps ⚡⚡
2026-02-15 08:18:24 [INFO]    🏆 DE | Пинг: 135ms | Скорость: 8.0 Mbps ⚡⚡
2026-02-15 08:18:24 [INFO]    🏆 NL | Пинг: 137ms | Скорость: 9.11 Mbps ⚡⚡
2026-02-15 08:18:24 [INFO]    🏆 EE | Пинг: 142ms | Скорость: 8.74 Mbps ⚡⚡
2026-02-15 08:18:24 [INFO]    🏆 DE | Пинг: 142ms | Скорость: 9.31 Mbps ⚡⚡
2026-02-15 08:18:24 [INFO]    🏆 DE | Пинг: 142ms | Скорость: 0.0 Mbps 
2026-02-15 08:18:24 [INFO]    🏆 PL | Пинг: 146ms | Скорость: 9.43 Mbps ⚡⚡
2026-02-15 08:18:24 [INFO]    🏆 PL | Пинг: 155ms | Скорость: 8.89 Mbps ⚡⚡
2026-02-15 08:18:24 [INFO]    🏆 RU | Пинг: 58ms | Скорость: 9.08 Mbps ⚡⚡
2026-02-15 08:18:24 [INFO] 🇷🇺 Добавлен RU сервер: 87.242.103.184
2026-02-15 08:18:24 [INFO] 📊 Итого в подписке сохранено: 10 серверов
2026-02-15 08:18:24 [INFO] 💾 Файл успешно сохранен: FL1PVPN
