2026-02-24 01:40:06 [INFO] 🚀 START: Smart Selector (Target: 10, ONLY FOREIGN)
2026-02-24 01:40:06 [INFO] 🌐 Загрузка источников (VLESS + VMess)...
2026-02-24 01:40:07 [INFO] 🔍 Уникальных конфигов собрано: 258
2026-02-24 01:40:07 [INFO] ⚡ ЭТАП 1: Замер Пинга и Геолокации. Workers: 40...
2026-02-24 01:40:13 [INFO]    [PING OK] DE | VLESS | 4561ms
2026-02-24 01:40:13 [INFO]    [PING OK] NL | VLESS | 4538ms
2026-02-24 01:40:13 [INFO]    [PING OK] HU | VLESS | 4362ms
2026-02-24 01:40:13 [INFO]    [PING OK] DE | VLESS | 5073ms
2026-02-24 01:40:13 [INFO]    [PING OK] LV | VLESS | 4019ms
2026-02-24 01:40:14 [INFO]    [PING OK] PL | VLESS | 4590ms
2026-02-24 01:40:14 [INFO]    [PING OK] US | VLESS | 4977ms
2026-02-24 01:40:14 [INFO]    [PING OK] PL | VLESS | 4030ms
2026-02-24 01:40:15 [INFO]    [PING OK] IN | VLESS | 4227ms
2026-02-24 01:40:15 [INFO]    [PING OK] NL | VLESS | 6407ms
2026-02-24 01:40:15 [INFO]    [PING OK] ES | VLESS | 3789ms
2026-02-24 01:40:15 [INFO]    [PING OK] PL | VLESS | 4056ms
2026-02-24 01:40:18 [INFO]    [PING OK] ES | VLESS | 4486ms
2026-02-24 01:40:18 [INFO]    [PING OK] DE | VLESS | 4168ms
2026-02-24 01:40:18 [INFO]    [PING OK] FI | VLESS | 4103ms
2026-02-24 01:40:18 [INFO]    [PING OK] TR | VLESS | 4032ms
2026-02-24 01:40:18 [INFO]    [PING OK] SE | VLESS | 4457ms
2026-02-24 01:40:18 [INFO]    [PING OK] PL | VLESS | 4591ms
2026-02-24 01:40:18 [INFO]    [PING OK] ES | VLESS | 3861ms
2026-02-24 01:40:18 [INFO]    [PING OK] TR | VLESS | 4415ms
2026-02-24 01:40:19 [INFO]    [PING OK] HU | VLESS | 4101ms
2026-02-24 01:40:19 [INFO]    [PING OK] FI | VLESS | 4516ms
2026-02-24 01:40:19 [INFO]    [PING OK] DE | VLESS | 4467ms
2026-02-24 01:40:19 [INFO]    [PING OK] HU | VLESS | 4290ms
2026-02-24 01:40:19 [INFO]    [PING OK] TR | VLESS | 4615ms
2026-02-24 01:40:19 [INFO]    [PING OK] DE | VLESS | 4596ms
2026-02-24 01:40:19 [INFO]    [PING OK] TR | VLESS | 4222ms
2026-02-24 01:40:19 [INFO]    [PING OK] IT | VLESS | 4527ms
2026-02-24 01:40:20 [INFO]    [PING OK] EE | VLESS | 3923ms
2026-02-24 01:40:20 [INFO]    [PING OK] HU | VLESS | 4042ms
2026-02-24 01:40:21 [INFO]    [PING OK] NL | VLESS | 3947ms
2026-02-24 01:40:21 [INFO]    [PING OK] IT | VLESS | 3939ms
2026-02-24 01:40:23 [INFO]    [PING OK] ES | VLESS | 4550ms
2026-02-24 01:40:24 [INFO]    [PING OK] NL | VLESS | 4785ms
2026-02-24 01:40:24 [INFO]    [PING OK] DE | VLESS | 4717ms
2026-02-24 01:40:24 [INFO]    [PING OK] HU | VLESS | 4787ms
2026-02-24 01:40:24 [INFO]    [PING OK] ES | VLESS | 4732ms
2026-02-24 01:40:24 [INFO]    [PING OK] PL | VLESS | 4894ms
2026-02-24 01:40:24 [INFO]    [PING OK] ES | VLESS | 5310ms
2026-02-24 01:40:24 [INFO]    [PING OK] DE | VLESS | 4592ms
2026-02-24 01:40:25 [INFO]    [PING OK] IN | VLESS | 5086ms
2026-02-24 01:40:25 [INFO]    [PING OK] DE | VLESS | 5030ms
2026-02-24 01:40:25 [INFO]    [PING OK] ES | VLESS | 4762ms
2026-02-24 01:40:25 [INFO]    [PING OK] DE | VLESS | 4331ms
2026-02-24 01:40:25 [INFO]    [PING OK] LV | VLESS | 4810ms
2026-02-24 01:40:25 [INFO]    [PING OK] DE | VLESS | 4590ms
2026-02-24 01:40:25 [INFO]    [PING OK] HU | VLESS | 4306ms
2026-02-24 01:40:26 [INFO]    [PING OK] ES | VLESS | 4403ms
2026-02-24 01:40:30 [INFO]    [PING OK] US | VLESS | 5489ms
2026-02-24 01:40:30 [INFO]    [PING OK] DE | VLESS | 5672ms
2026-02-24 01:40:30 [INFO]    [PING OK] SG | VLESS | 5589ms
2026-02-24 01:40:30 [INFO]    [PING OK] DE | VLESS | 5643ms
2026-02-24 01:40:31 [INFO]    [PING OK] DE | VLESS | 5557ms
2026-02-24 01:40:31 [INFO]    [PING OK] DE | VLESS | 5297ms
2026-02-24 01:40:31 [INFO]    [PING OK] DE | VLESS | 5294ms
2026-02-24 01:40:33 [INFO]    [PING OK] SE | VLESS | 4603ms
2026-02-24 01:40:33 [INFO]    [PING OK] DE | VLESS | 4354ms
2026-02-24 01:40:33 [INFO]    [PING OK] CA | VLESS | 5579ms
2026-02-24 01:40:33 [INFO]    [PING OK] CA | VLESS | 5827ms
2026-02-24 01:40:33 [INFO]    [PING OK] DE | VLESS | 4306ms
2026-02-24 01:40:34 [INFO]    [PING OK] DE | VLESS | 4370ms
2026-02-24 01:40:34 [INFO]    [PING OK] DE | VLESS | 3624ms
2026-02-24 01:40:34 [INFO]    [PING OK] SE | VLESS | 3075ms
2026-02-24 01:40:34 [INFO]    [PING OK] CA | VLESS | 5194ms
2026-02-24 01:40:35 [INFO]    [PING OK] DE | VLESS | 1976ms
2026-02-24 01:40:35 [INFO]    [PING OK] US | VLESS | 3407ms
2026-02-24 01:40:35 [INFO]    [PING OK] CA | VLESS | 3770ms
2026-02-24 01:40:35 [INFO]    [PING OK] DE | VLESS | 2850ms
2026-02-24 01:40:35 [INFO]    [PING OK] GB | VLESS | 3628ms
2026-02-24 01:40:35 [INFO]    [PING OK] SE | VLESS | 1662ms
2026-02-24 01:40:35 [INFO]    [PING OK] NL | VLESS | 2349ms
2026-02-24 01:40:35 [INFO]    [PING OK] SE | VLESS | 2320ms
2026-02-24 01:40:36 [INFO]    [PING OK] CA | VLESS | 1962ms
2026-02-24 01:40:36 [INFO]    [PING OK] CA | VLESS | 5553ms
2026-02-24 01:40:39 [INFO] 🏎️ ЭТАП 2: Глубокий замер скорости для 40 иностранных кандидатов...
2026-02-24 01:40:43 [INFO]    🏆 IT | VLESS | Пинг: 3939ms | Скорость: 5.53 Mbps ⚡⚡
2026-02-24 01:40:43 [INFO]    🏆 DE | VLESS | Пинг: 1976ms | Скорость: 5.24 Mbps ⚡⚡
2026-02-24 01:40:44 [INFO]    🏆 EE | VLESS | Пинг: 3923ms | Скорость: 5.35 Mbps ⚡⚡
2026-02-24 01:40:44 [INFO]    🏆 ES | VLESS | Пинг: 3789ms | Скорость: 5.19 Mbps ⚡⚡
2026-02-24 01:40:44 [INFO]    🏆 ES | VLESS | Пинг: 3861ms | Скорость: 5.23 Mbps ⚡⚡
2026-02-24 01:40:44 [INFO]    🏆 SE | VLESS | Пинг: 1662ms | Скорость: 4.92 Mbps ⚡⚡
2026-02-24 01:40:44 [INFO]    🏆 DE | VLESS | Пинг: 2850ms | Скорость: 4.91 Mbps ⚡⚡
2026-02-24 01:40:44 [INFO]    🏆 DE | VLESS | Пинг: 3624ms | Скорость: 4.76 Mbps ⚡⚡
2026-02-24 01:40:44 [INFO]    🏆 NL | VLESS | Пинг: 2349ms | Скорость: 4.69 Mbps ⚡⚡
2026-02-24 01:40:44 [INFO]    🏆 US | VLESS | Пинг: 3407ms | Скорость: 4.46 Mbps ⚡⚡
2026-02-24 01:40:44 [INFO]    🏆 SE | VLESS | Пинг: 3075ms | Скорость: 4.43 Mbps ⚡⚡
2026-02-24 01:40:44 [INFO]    🏆 CA | VLESS | Пинг: 3770ms | Скорость: 4.41 Mbps ⚡⚡
2026-02-24 01:40:45 [INFO]    🏆 SE | VLESS | Пинг: 2320ms | Скорость: 4.12 Mbps ⚡⚡
2026-02-24 01:40:47 [INFO]    🏆 LV | VLESS | Пинг: 4019ms | Скорость: 8.2 Mbps ⚡⚡
2026-02-24 01:40:47 [INFO]    🏆 PL | VLESS | Пинг: 4030ms | Скорость: 7.8 Mbps ⚡⚡
2026-02-24 01:40:47 [INFO]    🏆 HU | VLESS | Пинг: 4042ms | Скорость: 7.39 Mbps ⚡⚡
2026-02-24 01:40:47 [INFO]    🏆 PL | VLESS | Пинг: 4056ms | Скорость: 7.46 Mbps ⚡⚡
2026-02-24 01:40:47 [INFO]    🏆 HU | VLESS | Пинг: 4101ms | Скорость: 7.32 Mbps ⚡⚡
2026-02-24 01:40:47 [INFO]    🏆 DE | VLESS | Пинг: 4168ms | Скорость: 7.56 Mbps ⚡⚡
2026-02-24 01:40:47 [INFO]    🏆 TR | VLESS | Пинг: 4032ms | Скорость: 7.06 Mbps ⚡⚡
2026-02-24 01:40:48 [INFO]    🏆 FI | VLESS | Пинг: 4103ms | Скорость: 6.64 Mbps ⚡⚡
2026-02-24 01:40:48 [INFO]    🏆 TR | VLESS | Пинг: 4222ms | Скорость: 6.87 Mbps ⚡⚡
2026-02-24 01:40:48 [INFO]    🏆 HU | VLESS | Пинг: 4306ms | Скорость: 6.89 Mbps ⚡⚡
2026-02-24 01:40:48 [INFO]    🏆 HU | VLESS | Пинг: 4290ms | Скорость: 6.89 Mbps ⚡⚡
2026-02-24 01:40:48 [INFO]    🏆 IN | VLESS | Пинг: 4227ms | Скорость: 5.59 Mbps ⚡⚡
2026-02-24 01:40:49 [INFO]    🏆 DE | VLESS | Пинг: 4354ms | Скорость: 13.04 Mbps ⚡⚡
2026-02-24 01:40:50 [INFO]    🏆 DE | VLESS | Пинг: 4370ms | Скорость: 11.8 Mbps ⚡⚡
2026-02-24 01:40:50 [INFO]    🏆 HU | VLESS | Пинг: 4362ms | Скорость: 9.63 Mbps ⚡⚡
2026-02-24 01:40:50 [INFO]    🏆 FI | VLESS | Пинг: 4516ms | Скорость: 12.11 Mbps ⚡⚡
2026-02-24 01:40:50 [INFO]    🏆 TR | VLESS | Пинг: 4415ms | Скорость: 9.65 Mbps ⚡⚡
2026-02-24 01:40:50 [INFO]    🏆 ES | VLESS | Пинг: 4403ms | Скорость: 9.78 Mbps ⚡⚡
2026-02-24 01:40:50 [INFO]    🏆 IT | VLESS | Пинг: 4527ms | Скорость: 11.83 Mbps ⚡⚡
2026-02-24 01:40:50 [INFO]    🏆 ES | VLESS | Пинг: 4486ms | Скорость: 10.24 Mbps ⚡⚡
2026-02-24 01:40:50 [INFO]    🏆 DE | VLESS | Пинг: 4467ms | Скорость: 10.29 Mbps ⚡⚡
2026-02-24 01:40:51 [INFO] 📊 Итого в подписке сохранено иностранных серверов: 10
2026-02-24 01:40:51 [INFO] 💾 Файл успешно сохранен: FL1PVPN
