2026-02-26 20:30:06 [INFO] 🚀 START: Smart Selector (Target: 10, ONLY FOREIGN)
2026-02-26 20:30:06 [INFO] 🌐 Загрузка источников (VLESS + VMess)...
2026-02-26 20:30:08 [INFO] 🔍 Уникальных конфигов собрано: 221
2026-02-26 20:30:08 [INFO] ⚡ ЭТАП 1: Замер Пинга и Геолокации. Workers: 40...
2026-02-26 20:30:13 [INFO]    [PING OK] DE | VLESS | 4326ms
2026-02-26 20:30:13 [INFO]    [PING OK] DE | VLESS | 4451ms
2026-02-26 20:30:13 [INFO]    [PING OK] DE | VLESS | 4472ms
2026-02-26 20:30:13 [INFO]    [PING OK] CH | VLESS | 4520ms
2026-02-26 20:30:13 [INFO]    [PING OK] DE | VLESS | 4579ms
2026-02-26 20:30:13 [INFO]    [PING OK] FI | VLESS | 4319ms
2026-02-26 20:30:13 [INFO]    [PING OK] NL | VLESS | 4548ms
2026-02-26 20:30:13 [INFO]    [PING OK] NL | VLESS | 4590ms
2026-02-26 20:30:13 [INFO]    [PING OK] NL | VLESS | 4133ms
2026-02-26 20:30:13 [INFO]    [PING OK] TR | VLESS | 3965ms
2026-02-26 20:30:13 [INFO]    [PING OK] LV | VLESS | 4213ms
2026-02-26 20:30:13 [INFO]    [PING OK] ES | VLESS | 5017ms
2026-02-26 20:30:14 [INFO]    [PING OK] FI | VLESS | 5061ms
2026-02-26 20:30:15 [INFO]    [PING OK] HK | VLESS | 3955ms
2026-02-26 20:30:15 [INFO]    [PING OK] DE | VLESS | 4239ms
2026-02-26 20:30:16 [INFO]    [PING OK] DE | VLESS | 4204ms
2026-02-26 20:30:16 [INFO]    [PING OK] ES | VLESS | 4203ms
2026-02-26 20:30:17 [INFO]    [PING OK] CA | VLESS | 4246ms
2026-02-26 20:30:18 [INFO]    [PING OK] US | VLESS | 9275ms
2026-02-26 20:30:18 [INFO]    [PING OK] FR | VLESS | 4238ms
2026-02-26 20:30:18 [INFO]    [PING OK] FI | VLESS | 4333ms
2026-02-26 20:30:18 [INFO]    [PING OK] CA | VLESS | 4466ms
2026-02-26 20:30:18 [INFO]    [PING OK] LV | VLESS | 3955ms
2026-02-26 20:30:18 [INFO]    [PING OK] PL | VLESS | 3340ms
2026-02-26 20:30:19 [INFO]    [PING OK] US | VLESS | 4330ms
2026-02-26 20:30:19 [INFO]    [PING OK] TR | VLESS | 4308ms
2026-02-26 20:30:19 [INFO]    [PING OK] TR | VLESS | 3624ms
2026-02-26 20:30:19 [INFO]    [PING OK] NL | VLESS | 3880ms
2026-02-26 20:30:19 [INFO]    [PING OK] HK | VLESS | 4534ms
2026-02-26 20:30:19 [INFO]    [PING OK] PL | VLESS | 3656ms
2026-02-26 20:30:19 [INFO]    [PING OK] HU | VLESS | 4362ms
2026-02-26 20:30:19 [INFO]    [PING OK] CH | VLESS | 3449ms
2026-02-26 20:30:19 [INFO]    [PING OK] US | VLESS | 3994ms
2026-02-26 20:30:19 [INFO]    [PING OK] NL | VLESS | 3421ms
2026-02-26 20:30:20 [INFO]    [PING OK] LT | VLESS | 3384ms
2026-02-26 20:30:20 [INFO]    [PING OK] ES | VLESS | 3083ms
2026-02-26 20:30:22 [INFO]    [PING OK] US | VLESS | 3322ms
2026-02-26 20:30:22 [INFO]    [PING OK] LT | VLESS | 3451ms
2026-02-26 20:30:22 [INFO]    [PING OK] NL | VLESS | 3282ms
2026-02-26 20:30:22 [INFO]    [PING OK] US | VLESS | 3359ms
2026-02-26 20:30:23 [INFO]    [PING OK] FI | VLESS | 3391ms
2026-02-26 20:30:23 [INFO]    [PING OK] NL | VLESS | 3427ms
2026-02-26 20:30:23 [INFO]    [PING OK] DE | VLESS | 3334ms
2026-02-26 20:30:23 [INFO]    [PING OK] PL | VLESS | 3471ms
2026-02-26 20:30:23 [INFO]    [PING OK] DE | VLESS | 3347ms
2026-02-26 20:30:23 [INFO]    [PING OK] NL | VLESS | 3934ms
2026-02-26 20:30:23 [INFO]    [PING OK] IT | VLESS | 3288ms
2026-02-26 20:30:24 [INFO]    [PING OK] DE | VLESS | 3365ms
2026-02-26 20:30:24 [INFO]    [PING OK] FR | VLESS | 3394ms
2026-02-26 20:30:24 [INFO]    [PING OK] ES | VLESS | 2991ms
2026-02-26 20:30:24 [INFO]    [PING OK] ES | VLESS | 3180ms
2026-02-26 20:30:24 [INFO]    [PING OK] IT | VLESS | 3533ms
2026-02-26 20:30:24 [INFO]    [PING OK] NL | VLESS | 3797ms
2026-02-26 20:30:24 [INFO]    [PING OK] DE | VLESS | 4045ms
2026-02-26 20:30:24 [INFO]    [PING OK] DE | VLESS | 3434ms
2026-02-26 20:30:25 [INFO]    [PING OK] NL | VLESS | 3411ms
2026-02-26 20:30:25 [INFO]    [PING OK] ES | VLESS | 4599ms
2026-02-26 20:30:26 [INFO]    [PING OK] DE | VLESS | 3869ms
2026-02-26 20:30:27 [INFO]    [PING OK] SG | VLESS | 4032ms
2026-02-26 20:30:29 [INFO]    [PING OK] DE | VLESS | 5044ms
2026-02-26 20:30:30 [INFO]    [PING OK] TR | VLESS | 5407ms
2026-02-26 20:30:30 [INFO]    [PING OK] PL | VLESS | 2544ms
2026-02-26 20:30:31 [INFO]    [PING OK] PL | VLESS | 1821ms
2026-02-26 20:30:31 [INFO]    [PING OK] LV | VLESS | 7111ms
2026-02-26 20:30:31 [INFO]    [PING OK] SG | VLESS | 2414ms
2026-02-26 20:30:31 [INFO]    [PING OK] TR | VLESS | 2951ms
2026-02-26 20:30:33 [INFO]    [PING OK] DE | VLESS | 3267ms
2026-02-26 20:30:34 [INFO]    [PING OK] TW | VLESS | 7250ms
2026-02-26 20:30:40 [INFO] 🏎️ ЭТАП 2: Глубокий замер скорости для 40 иностранных кандидатов...
2026-02-26 20:30:43 [INFO]    🏆 PL | VLESS | Пинг: 2544ms | Скорость: 7.51 Mbps ⚡⚡
2026-02-26 20:30:43 [INFO]    🏆 PL | VLESS | Пинг: 1821ms | Скорость: 7.28 Mbps ⚡⚡
2026-02-26 20:30:43 [INFO]    🏆 US | VLESS | Пинг: 3322ms | Скорость: 7.52 Mbps ⚡⚡
2026-02-26 20:30:43 [INFO]    🏆 DE | VLESS | Пинг: 3334ms | Скорость: 7.46 Mbps ⚡⚡
2026-02-26 20:30:43 [INFO]    🏆 DE | VLESS | Пинг: 3347ms | Скорость: 7.47 Mbps ⚡⚡
2026-02-26 20:30:44 [INFO]    🏆 NL | VLESS | Пинг: 3282ms | Скорость: 6.59 Mbps ⚡⚡
2026-02-26 20:30:44 [INFO]    🏆 SG | VLESS | Пинг: 2414ms | Скорость: 6.26 Mbps ⚡⚡
2026-02-26 20:30:44 [INFO]    🏆 US | VLESS | Пинг: 3359ms | Скорость: 6.78 Mbps ⚡⚡
2026-02-26 20:30:45 [INFO]    🏆 PL | VLESS | Пинг: 3340ms | Скорость: 5.3 Mbps ⚡⚡
2026-02-26 20:30:45 [INFO]    🏆 ES | VLESS | Пинг: 2991ms | Скорость: 4.91 Mbps ⚡⚡
2026-02-26 20:30:45 [INFO]    🏆 ES | VLESS | Пинг: 3083ms | Скорость: 4.42 Mbps ⚡⚡
2026-02-26 20:30:46 [INFO]    🏆 DE | VLESS | Пинг: 3365ms | Скорость: 12.29 Mbps ⚡⚡
2026-02-26 20:30:46 [INFO]    🏆 FR | VLESS | Пинг: 3394ms | Скорость: 12.31 Mbps ⚡⚡
2026-02-26 20:30:47 [INFO]    🏆 TR | VLESS | Пинг: 2951ms | Скорость: 2.67 Mbps ⚡
2026-02-26 20:30:47 [INFO]    🏆 CH | VLESS | Пинг: 3449ms | Скорость: 9.01 Mbps ⚡⚡
2026-02-26 20:30:47 [INFO]    🏆 NL | VLESS | Пинг: 3411ms | Скорость: 6.47 Mbps ⚡⚡
2026-02-26 20:30:49 [INFO]    🏆 DE | VLESS | Пинг: 3869ms | Скорость: 18.59 Mbps ⚡⚡
2026-02-26 20:30:49 [INFO]    🏆 PL | VLESS | Пинг: 3471ms | Скорость: 5.93 Mbps ⚡⚡
2026-02-26 20:30:49 [INFO]    🏆 PL | VLESS | Пинг: 3656ms | Скорость: 7.27 Mbps ⚡⚡
2026-02-26 20:30:50 [INFO]    🏆 LT | VLESS | Пинг: 3384ms | Скорость: 1.94 Mbps ⚡
2026-02-26 20:30:50 [INFO]    🏆 IT | VLESS | Пинг: 3533ms | Скорость: 4.63 Mbps ⚡⚡
2026-02-26 20:30:50 [INFO]    🏆 NL | VLESS | Пинг: 3427ms | Скорость: 3.08 Mbps ⚡⚡
2026-02-26 20:30:51 [INFO]    🏆 DE | VLESS | Пинг: 3434ms | Скорость: 2.21 Mbps ⚡
2026-02-26 20:30:51 [INFO]    🏆 NL | VLESS | Пинг: 3421ms | Скорость: 3.04 Mbps ⚡⚡
2026-02-26 20:30:51 [INFO]    🏆 LT | VLESS | Пинг: 3451ms | Скорость: 3.63 Mbps ⚡⚡
2026-02-26 20:30:51 [INFO]    🏆 LV | VLESS | Пинг: 3955ms | Скорость: 9.72 Mbps ⚡⚡
2026-02-26 20:30:52 [INFO]    🏆 NL | VLESS | Пинг: 4133ms | Скорость: 22.49 Mbps ⚡⚡
2026-02-26 20:30:52 [INFO]    🏆 NL | VLESS | Пинг: 3934ms | Скорость: 4.89 Mbps ⚡⚡
2026-02-26 20:30:52 [INFO]    🏆 NL | VLESS | Пинг: 3880ms | Скорость: 4.25 Mbps ⚡⚡
2026-02-26 20:30:52 [INFO]    🏆 TR | VLESS | Пинг: 3965ms | Скорость: 6.67 Mbps ⚡⚡
2026-02-26 20:30:53 [INFO]    🏆 US | VLESS | Пинг: 3994ms | Скорость: 6.5 Mbps ⚡⚡
2026-02-26 20:30:53 [INFO]    🏆 SG | VLESS | Пинг: 4032ms | Скорость: 8.61 Mbps ⚡⚡
2026-02-26 20:30:54 [INFO]    🏆 NL | VLESS | Пинг: 3797ms | Скорость: 1.72 Mbps ⚡
2026-02-26 20:30:54 [INFO]    🏆 DE | VLESS | Пинг: 4045ms | Скорость: 6.51 Mbps ⚡⚡
2026-02-26 20:30:56 [INFO] 📊 Итого в подписке сохранено иностранных серверов: 10
2026-02-26 20:30:56 [INFO] 💾 Файл успешно сохранен: FL1PVPN
