2026-02-19 13:10:06 [INFO] 🚀 START: Smart VPN Selector (Target: 10, Strict Mode)
2026-02-19 13:10:06 [INFO] 🌐 Загрузка источников...
2026-02-19 13:10:09 [INFO] 🔍 Уникальных конфигов собрано: 1221
2026-02-19 13:10:09 [INFO] ⚡ ЭТАП 1: Быстрый замер Пинга (Workers: 25)...
2026-02-19 13:10:10 [INFO]    [PING OK] DE | 169ms
2026-02-19 13:10:10 [INFO]    [PING OK] RU | 225ms
2026-02-19 13:10:10 [INFO]    [PING OK] DE | 216ms
2026-02-19 13:10:11 [INFO]    [PING OK] DE | 204ms
2026-02-19 13:10:12 [INFO]    [PING OK] RU | 1633ms
2026-02-19 13:10:12 [INFO]    [PING OK] TR | 147ms
2026-02-19 13:10:12 [INFO]    [PING OK] LV | 1948ms
2026-02-19 13:10:12 [INFO]    [PING OK] RU | 2336ms
2026-02-19 13:10:14 [INFO]    [PING OK] RU | 138ms
2026-02-19 13:10:15 [INFO]    [PING OK] RU | 2692ms
2026-02-19 13:10:15 [INFO]    [PING OK] RU | 2798ms
2026-02-19 13:10:15 [INFO]    [PING OK] NO | 2189ms
2026-02-19 13:10:16 [INFO]    [PING OK] RU | 241ms
2026-02-19 13:10:16 [INFO]    [PING OK] TR | 307ms
2026-02-19 13:10:16 [INFO]    [PING OK] DE | 3452ms
2026-02-19 13:10:17 [INFO]    [PING OK] RU | 211ms
2026-02-19 13:10:18 [INFO]    [PING OK] TR | 157ms
2026-02-19 13:10:18 [INFO]    [PING OK] LT | 2807ms
2026-02-19 13:10:22 [INFO]    [PING OK] RU | 354ms
2026-02-19 13:10:22 [INFO]    [PING OK] RU | 328ms
2026-02-19 13:10:22 [INFO]    [PING OK] RU | 221ms
2026-02-19 13:10:23 [INFO]    [PING OK] RU | 261ms
2026-02-19 13:10:23 [INFO]    [PING OK] RU | 970ms
2026-02-19 13:10:23 [INFO]    [PING OK] RU | 1253ms
2026-02-19 13:10:24 [INFO]    [PING OK] RU | 254ms
2026-02-19 13:10:24 [INFO]    [PING OK] RU | 1017ms
2026-02-19 13:10:24 [INFO]    [PING OK] RU | 288ms
2026-02-19 13:10:24 [INFO]    [PING OK] RU | 1378ms
2026-02-19 13:10:24 [INFO]    [PING OK] RU | 462ms
2026-02-19 13:10:24 [INFO]    [PING OK] RU | 3188ms
2026-02-19 13:10:24 [INFO]    [PING OK] RU | 356ms
2026-02-19 13:10:25 [INFO]    [PING OK] RU | 268ms
2026-02-19 13:10:25 [INFO]    [PING OK] RU | 3814ms
2026-02-19 13:10:26 [INFO]    [PING OK] RU | 306ms
2026-02-19 13:10:26 [INFO]    [PING OK] RU | 361ms
2026-02-19 13:10:26 [INFO]    [PING OK] RU | 110ms
2026-02-19 13:10:26 [INFO]    [PING OK] RU | 378ms
2026-02-19 13:10:26 [INFO]    [PING OK] RU | 483ms
2026-02-19 13:10:26 [INFO]    [PING OK] RU | 434ms
2026-02-19 13:10:27 [INFO]    [PING OK] RU | 301ms
2026-02-19 13:10:27 [INFO]    [PING OK] RU | 298ms
2026-02-19 13:10:28 [INFO]    [PING OK] RU | 2698ms
2026-02-19 13:10:28 [INFO]    [PING OK] RU | 351ms
2026-02-19 13:10:28 [INFO]    [PING OK] RU | 1290ms
2026-02-19 13:10:28 [INFO]    [PING OK] RU | 221ms
2026-02-19 13:10:28 [INFO]    [PING OK] RU | 1318ms
2026-02-19 13:10:28 [INFO]    [PING OK] RU | 232ms
2026-02-19 13:10:28 [INFO]    [PING OK] RU | 1264ms
2026-02-19 13:10:29 [INFO]    [PING OK] RU | 2495ms
2026-02-19 13:10:29 [INFO]    [PING OK] RU | 310ms
2026-02-19 13:10:29 [INFO]    [PING OK] RU | 882ms
2026-02-19 13:10:29 [INFO]    [PING OK] RU | 714ms
2026-02-19 13:10:29 [INFO]    [PING OK] RU | 295ms
2026-02-19 13:10:30 [INFO]    [PING OK] RU | 300ms
2026-02-19 13:10:30 [INFO]    [PING OK] RU | 1260ms
2026-02-19 13:10:30 [INFO]    [PING OK] RU | 295ms
2026-02-19 13:10:30 [INFO]    [PING OK] RU | 191ms
2026-02-19 13:10:30 [INFO]    [PING OK] RU | 2755ms
2026-02-19 13:10:31 [INFO]    [PING OK] RU | 1843ms
2026-02-19 13:10:31 [INFO]    [PING OK] RU | 114ms
2026-02-19 13:10:31 [INFO]    [PING OK] RU | 171ms
2026-02-19 13:10:32 [INFO]    [PING OK] SG | 440ms
2026-02-19 13:10:32 [INFO]    [PING OK] DE | 1455ms
2026-02-19 13:10:32 [INFO]    [PING OK] NL | 360ms
2026-02-19 13:10:32 [INFO]    [PING OK] FI | 164ms
2026-02-19 13:10:32 [INFO]    [PING OK] US | 406ms
2026-02-19 13:10:32 [INFO]    [PING OK] US | 1008ms
2026-02-19 13:10:33 [INFO]    [PING OK] DE | 3717ms
2026-02-19 13:10:33 [INFO]    [PING OK] RU | 2868ms
2026-02-19 13:10:33 [INFO]    [PING OK] PL | 146ms
2026-02-19 13:10:33 [INFO]    [PING OK] RU | 2518ms
2026-02-19 13:10:34 [INFO]    [PING OK] RU | 3239ms
2026-02-19 13:10:34 [INFO]    [PING OK] US | 1904ms
2026-02-19 13:10:34 [INFO]    [PING OK] AU | 673ms
2026-02-19 13:10:34 [INFO]    [PING OK] US | 382ms
2026-02-19 13:10:34 [INFO]    [PING OK] GB | 2537ms
2026-02-19 13:10:35 [INFO]    [PING OK] DE | 132ms
2026-02-19 13:10:35 [INFO]    [PING OK] IQ | 1656ms
2026-02-19 13:10:35 [INFO]    [PING OK] RU | 123ms
2026-02-19 13:10:35 [INFO]    [PING OK] US | 387ms
2026-02-19 13:10:36 [INFO]    [PING OK] GB | 229ms
2026-02-19 13:10:36 [INFO]    [PING OK] LV | 445ms
2026-02-19 13:10:36 [INFO]    [PING OK] AT | 250ms
2026-02-19 13:10:36 [INFO]    [PING OK] NL | 203ms
2026-02-19 13:10:36 [INFO]    [PING OK] US | 416ms
2026-02-19 13:10:37 [INFO]    [PING OK] US | 660ms
2026-02-19 13:10:37 [INFO]    [PING OK] SG | 601ms
2026-02-19 13:10:37 [INFO]    [PING OK] MD | 173ms
2026-02-19 13:10:37 [INFO]    [PING OK] GB | 168ms
2026-02-19 13:10:38 [INFO]    [PING OK] US | 403ms
2026-02-19 13:10:38 [INFO]    [PING OK] HK | 1378ms
2026-02-19 13:10:38 [INFO]    [PING OK] GB | 200ms
2026-02-19 13:10:38 [INFO]    [PING OK] US | 391ms
2026-02-19 13:10:39 [INFO]    [PING OK] FR | 139ms
2026-02-19 13:10:39 [INFO]    [PING OK] MX | 339ms
2026-02-19 13:10:39 [INFO]    [PING OK] GR | 173ms
2026-02-19 13:10:39 [INFO]    [PING OK] GB | 141ms
2026-02-19 13:10:39 [INFO]    [PING OK] CA | 305ms
2026-02-19 13:10:40 [INFO]    [PING OK] HU | 2399ms
2026-02-19 13:10:40 [INFO]    [PING OK] NL | 210ms
2026-02-19 13:10:40 [INFO]    [PING OK] GB | 149ms
2026-02-19 13:10:40 [INFO]    [PING OK] US | 248ms
2026-02-19 13:10:41 [INFO]    [PING OK] TR | 311ms
2026-02-19 13:10:41 [INFO]    [PING OK] BG | 212ms
2026-02-19 13:10:41 [INFO]    [PING OK] US | 264ms
2026-02-19 13:10:41 [INFO]    [PING OK] FR | 116ms
2026-02-19 13:10:42 [INFO]    [PING OK] DE | 220ms
2026-02-19 13:10:42 [INFO]    [PING OK] GB | 535ms
2026-02-19 13:10:42 [INFO]    [PING OK] US | 402ms
2026-02-19 13:10:42 [INFO]    [PING OK] US | 473ms
2026-02-19 13:10:42 [INFO]    [PING OK] SG | 636ms
2026-02-19 13:10:43 [INFO]    [PING OK] RU | 297ms
2026-02-19 13:10:43 [INFO]    [PING OK] GB | 573ms
2026-02-19 13:10:43 [INFO]    [PING OK] UZ | 302ms
2026-02-19 13:10:43 [INFO]    [PING OK] DE | 129ms
2026-02-19 13:10:44 [INFO]    [PING OK] IL | 242ms
2026-02-19 13:10:44 [INFO]    [PING OK] US | 827ms
2026-02-19 13:10:44 [INFO]    [PING OK] HK | 927ms
2026-02-19 13:10:44 [INFO]    [PING OK] JP | 1116ms
2026-02-19 13:10:44 [INFO]    [PING OK] KH | 577ms
2026-02-19 13:10:52 [INFO]    [PING OK] DE | 100ms
2026-02-19 13:10:53 [INFO]    [PING OK] GB | 178ms
2026-02-19 13:10:58 [INFO]    [PING OK] GB | 787ms
2026-02-19 13:10:59 [INFO]    [PING OK] DE | 114ms
2026-02-19 13:10:59 [INFO]    [PING OK] DE | 115ms
2026-02-19 13:11:00 [INFO]    [PING OK] DE | 251ms
2026-02-19 13:11:01 [INFO]    [PING OK] GB | 743ms
2026-02-19 13:11:04 [INFO]    [PING OK] DE | 492ms
2026-02-19 13:11:04 [INFO]    [PING OK] SG | 2539ms
2026-02-19 13:11:07 [INFO]    [PING OK] DE | 147ms
2026-02-19 13:11:09 [INFO]    [PING OK] FR | 130ms
2026-02-19 13:11:11 [INFO]    [PING OK] DE | 148ms
2026-02-19 13:11:14 [INFO]    [PING OK] DE | 150ms
2026-02-19 13:11:16 [INFO]    [PING OK] US | 236ms
2026-02-19 13:11:17 [INFO]    [PING OK] BR | 516ms
2026-02-19 13:11:18 [INFO]    [PING OK] DE | 125ms
2026-02-19 13:11:19 [INFO]    [PING OK] DE | 143ms
2026-02-19 13:11:19 [INFO]    [PING OK] JP | 2506ms
2026-02-19 13:11:20 [INFO]    [PING OK] GB | 174ms
2026-02-19 13:11:22 [INFO]    [PING OK] SG | 429ms
2026-02-19 13:11:22 [INFO]    [PING OK] DE | 144ms
2026-02-19 13:11:23 [INFO]    [PING OK] FR | 130ms
2026-02-19 13:11:24 [INFO]    [PING OK] GB | 183ms
2026-02-19 13:11:24 [INFO]    [PING OK] GB | 463ms
2026-02-19 13:11:24 [INFO]    [PING OK] GB | 343ms
2026-02-19 13:11:25 [INFO]    [PING OK] SE | 125ms
2026-02-19 13:11:25 [INFO]    [PING OK] GB | 132ms
2026-02-19 13:11:25 [INFO]    [PING OK] GB | 133ms
2026-02-19 13:11:26 [INFO]    [PING OK] GB | 195ms
2026-02-19 13:11:28 [INFO]    [PING OK] NO | 1549ms
2026-02-19 13:11:28 [INFO]    [PING OK] HK | 780ms
2026-02-19 13:11:29 [INFO]    [PING OK] RU | 162ms
2026-02-19 13:11:29 [INFO]    [PING OK] GB | 139ms
2026-02-19 13:11:29 [INFO]    [PING OK] DE | 203ms
2026-02-19 13:11:30 [INFO]    [PING OK] GB | 162ms
2026-02-19 13:11:31 [INFO]    [PING OK] SG | 3007ms
2026-02-19 13:11:31 [INFO]    [PING OK] DE | 1085ms
2026-02-19 13:11:32 [INFO]    [PING OK] US | 1314ms
2026-02-19 13:11:32 [INFO]    [PING OK] GB | 169ms
2026-02-19 13:11:33 [INFO]    [PING OK] GB | 1526ms
2026-02-19 13:11:36 [INFO]    [PING OK] SC | 4749ms
2026-02-19 13:11:37 [INFO]    [PING OK] GB | 4232ms
2026-02-19 13:11:37 [INFO]    [PING OK] RU | 148ms
2026-02-19 13:11:39 [INFO]    [PING OK] GB | 284ms
2026-02-19 13:11:39 [INFO]    [PING OK] FI | 231ms
2026-02-19 13:11:39 [INFO]    [PING OK] RU | 2847ms
2026-02-19 13:11:40 [INFO]    [PING OK] TW | 4385ms
2026-02-19 13:11:41 [INFO]    [PING OK] DE | 750ms
2026-02-19 13:11:42 [INFO]    [PING OK] DE | 1942ms
2026-02-19 13:11:43 [INFO]    [PING OK] RU | 1964ms
2026-02-19 13:11:43 [INFO]    [PING OK] NL | 1973ms
2026-02-19 13:11:45 [INFO]    [PING OK] RU | 334ms
2026-02-19 13:11:47 [INFO]    [PING OK] RU | 635ms
2026-02-19 13:12:00 [INFO] 🏎️ ЭТАП 2: Глубокий замер скорости для ТОП-10 серверов...
2026-02-19 13:12:05 [INFO]    🏆 DE | Пинг: 100ms | Скорость: 8.43 Mbps ⚡⚡
2026-02-19 13:12:05 [INFO]    🏆 DE | Пинг: 114ms | Скорость: 8.52 Mbps ⚡⚡
2026-02-19 13:12:05 [INFO]    🏆 DE | Пинг: 115ms | Скорость: 8.28 Mbps ⚡⚡
2026-02-19 13:12:05 [INFO]    🏆 FR | Пинг: 116ms | Скорость: 8.41 Mbps ⚡⚡
2026-02-19 13:12:05 [INFO]    🏆 DE | Пинг: 125ms | Скорость: 8.64 Mbps ⚡⚡
2026-02-19 13:12:05 [INFO]    🏆 SE | Пинг: 125ms | Скорость: 8.56 Mbps ⚡⚡
2026-02-19 13:12:05 [INFO]    🏆 DE | Пинг: 129ms | Скорость: 8.44 Mbps ⚡⚡
2026-02-19 13:12:05 [INFO]    🏆 FR | Пинг: 130ms | Скорость: 5.04 Mbps ⚡⚡
2026-02-19 13:12:05 [INFO]    🏆 FR | Пинг: 130ms | Скорость: 6.24 Mbps ⚡⚡
2026-02-19 13:12:05 [INFO]    🏆 RU | Пинг: 110ms | Скорость: 9.35 Mbps ⚡⚡
2026-02-19 13:12:05 [INFO] 🇷🇺 Добавлен RU сервер: 87.242.103.184
2026-02-19 13:12:05 [INFO] 📊 Итого в подписке сохранено: 10 серверов
2026-02-19 13:12:05 [INFO] 💾 Файл успешно сохранен: FL1PVPN
