2026-02-22 06:20:06 [INFO] 🚀 START: Smart Selector (Target: 10, ONLY FOREIGN)
2026-02-22 06:20:06 [INFO] 🌐 Загрузка источников (VLESS + VMess)...
2026-02-22 06:20:12 [INFO] 🔍 Уникальных конфигов собрано: 255
2026-02-22 06:20:12 [INFO] ⚡ ЭТАП 1: Замер Пинга и Геолокации. Workers: 40...
2026-02-22 06:20:17 [INFO]    [PING OK] HU | VLESS | 4084ms
2026-02-22 06:20:17 [INFO]    [PING OK] CZ | VLESS | 4704ms
2026-02-22 06:20:17 [INFO]    [PING OK] HU | VLESS | 4102ms
2026-02-22 06:20:18 [INFO]    [PING OK] NL | VLESS | 5212ms
2026-02-22 06:20:19 [INFO]    [PING OK] TR | VLESS | 3800ms
2026-02-22 06:20:19 [INFO]    [PING OK] NL | VLESS | 6382ms
2026-02-22 06:20:20 [INFO]    [PING OK] DE | VLESS | 5216ms
2026-02-22 06:20:21 [INFO]    [PING OK] PL | VLESS | 3815ms
2026-02-22 06:20:22 [INFO]    [PING OK] PL | VLESS | 3894ms
2026-02-22 06:20:22 [INFO]    [PING OK] TR | VLESS | 3966ms
2026-02-22 06:20:22 [INFO]    [PING OK] PL | VLESS | 4189ms
2026-02-22 06:20:22 [INFO]    [PING OK] ES | VLESS | 4301ms
2026-02-22 06:20:23 [INFO]    [PING OK] PL | VLESS | 4055ms
2026-02-22 06:20:23 [INFO]    [PING OK] ES | VLESS | 3986ms
2026-02-22 06:20:23 [INFO]    [PING OK] TR | VLESS | 3910ms
2026-02-22 06:20:23 [INFO]    [PING OK] IT | VLESS | 4411ms
2026-02-22 06:20:23 [INFO]    [PING OK] PL | VLESS | 4065ms
2026-02-22 06:20:24 [INFO]    [PING OK] TR | VLESS | 3720ms
2026-02-22 06:20:25 [INFO]    [PING OK] TR | VLESS | 3774ms
2026-02-22 06:20:25 [INFO]    [PING OK] PL | VLESS | 3559ms
2026-02-22 06:20:26 [INFO]    [PING OK] HU | VLESS | 4252ms
2026-02-22 06:20:27 [INFO]    [PING OK] NL | VLESS | 4209ms
2026-02-22 06:20:27 [INFO]    [PING OK] ES | VLESS | 4305ms
2026-02-22 06:20:27 [INFO]    [PING OK] HU | VLESS | 4187ms
2026-02-22 06:20:28 [INFO]    [PING OK] HU | VLESS | 4326ms
2026-02-22 06:20:28 [INFO]    [PING OK] DE | VLESS | 5047ms
2026-02-22 06:20:28 [INFO]    [PING OK] PL | VLESS | 5444ms
2026-02-22 06:20:28 [INFO]    [PING OK] PL | VLESS | 5017ms
2026-02-22 06:20:28 [INFO]    [PING OK] DE | VLESS | 4567ms
2026-02-22 06:20:28 [INFO]    [PING OK] ES | VLESS | 4479ms
2026-02-22 06:20:28 [INFO]    [PING OK] PL | VLESS | 4365ms
2026-02-22 06:20:29 [INFO]    [PING OK] CA | VLESS | 4782ms
2026-02-22 06:20:30 [INFO]    [PING OK] CA | VLESS | 4955ms
2026-02-22 06:20:30 [INFO]    [PING OK] CA | VLESS | 4826ms
2026-02-22 06:20:31 [INFO]    [PING OK] DE | VLESS | 4745ms
2026-02-22 06:20:32 [INFO]    [PING OK] CA | VLESS | 5653ms
2026-02-22 06:20:32 [INFO]    [PING OK] CA | VLESS | 4768ms
2026-02-22 06:20:33 [INFO]    [PING OK] FR | VLESS | 6095ms
2026-02-22 06:20:33 [INFO]    [PING OK] US | VLESS | 4732ms
2026-02-22 06:20:34 [INFO]    [PING OK] CA | VLESS | 5031ms
2026-02-22 06:20:34 [INFO]    [PING OK] US | VLESS | 4207ms
2026-02-22 06:20:35 [INFO]    [PING OK] CA | VLESS | 5092ms
2026-02-22 06:20:36 [INFO]    [PING OK] GB | VLESS | 3678ms
2026-02-22 06:20:37 [INFO]    [PING OK] US | VLESS | 4701ms
2026-02-22 06:20:37 [INFO]    [PING OK] DE | VLESS | 2218ms
2026-02-22 06:20:37 [INFO]    [PING OK] FR | VLESS | 2574ms
2026-02-22 06:20:37 [INFO]    [PING OK] NL | VLESS | 1079ms
2026-02-22 06:20:38 [INFO]    [PING OK] US | VLESS | 4239ms
2026-02-22 06:20:38 [INFO]    [PING OK] CA | VLESS | 6952ms
2026-02-22 06:20:39 [INFO]    [PING OK] DE | VLESS | 6068ms
2026-02-22 06:20:40 [INFO]    [PING OK] DE | VLESS | 2299ms
2026-02-22 06:20:40 [INFO]    [PING OK] NL | VLESS | 1604ms
2026-02-22 06:20:42 [INFO]    [PING OK] CA | VLESS | 4999ms
2026-02-22 06:20:45 [INFO] 🏎️ ЭТАП 2: Глубокий замер скорости для 40 иностранных кандидатов...
2026-02-22 06:20:49 [INFO]    🏆 DE | VLESS | Пинг: 2218ms | Скорость: 6.23 Mbps ⚡⚡
2026-02-22 06:20:49 [INFO]    🏆 NL | VLESS | Пинг: 1079ms | Скорость: 5.99 Mbps ⚡⚡
2026-02-22 06:20:49 [INFO]    🏆 TR | VLESS | Пинг: 3966ms | Скорость: 6.54 Mbps ⚡⚡
2026-02-22 06:20:49 [INFO]    🏆 GB | VLESS | Пинг: 3678ms | Скорость: 6.17 Mbps ⚡⚡
2026-02-22 06:20:49 [INFO]    🏆 PL | VLESS | Пинг: 3894ms | Скорость: 6.42 Mbps ⚡⚡
2026-02-22 06:20:49 [INFO]    🏆 PL | VLESS | Пинг: 3815ms | Скорость: 6.31 Mbps ⚡⚡
2026-02-22 06:20:49 [INFO]    🏆 TR | VLESS | Пинг: 3800ms | Скорость: 6.16 Mbps ⚡⚡
2026-02-22 06:20:49 [INFO]    🏆 TR | VLESS | Пинг: 3720ms | Скорость: 6.14 Mbps ⚡⚡
2026-02-22 06:20:49 [INFO]    🏆 ES | VLESS | Пинг: 3986ms | Скорость: 6.4 Mbps ⚡⚡
2026-02-22 06:20:49 [INFO]    🏆 TR | VLESS | Пинг: 3910ms | Скорость: 6.24 Mbps ⚡⚡
2026-02-22 06:20:49 [INFO]    🏆 PL | VLESS | Пинг: 3559ms | Скорость: 6.06 Mbps ⚡⚡
2026-02-22 06:20:50 [INFO]    🏆 FR | VLESS | Пинг: 2574ms | Скорость: 4.68 Mbps ⚡⚡
2026-02-22 06:20:52 [INFO]    🏆 DE | VLESS | Пинг: 2299ms | Скорость: 2.06 Mbps ⚡
2026-02-22 06:20:52 [INFO]    🏆 TR | VLESS | Пинг: 3774ms | Скорость: 1.19 Mbps 
2026-02-22 06:20:53 [INFO]    🏆 PL | VLESS | Пинг: 4055ms | Скорость: 7.79 Mbps ⚡⚡
2026-02-22 06:20:53 [INFO]    🏆 HU | VLESS | Пинг: 4252ms | Скорость: 7.18 Mbps ⚡⚡
2026-02-22 06:20:53 [INFO]    🏆 NL | VLESS | Пинг: 4209ms | Скорость: 7.17 Mbps ⚡⚡
2026-02-22 06:20:53 [INFO]    🏆 HU | VLESS | Пинг: 4084ms | Скорость: 6.81 Mbps ⚡⚡
2026-02-22 06:20:53 [INFO]    🏆 HU | VLESS | Пинг: 4102ms | Скорость: 6.79 Mbps ⚡⚡
2026-02-22 06:20:53 [INFO]    🏆 HU | VLESS | Пинг: 4187ms | Скорость: 6.81 Mbps ⚡⚡
2026-02-22 06:20:53 [INFO]    🏆 ES | VLESS | Пинг: 4305ms | Скорость: 7.6 Mbps ⚡⚡
2026-02-22 06:20:53 [INFO]    🏆 US | VLESS | Пинг: 4207ms | Скорость: 6.12 Mbps ⚡⚡
2026-02-22 06:20:54 [INFO]    🏆 HU | VLESS | Пинг: 4326ms | Скорость: 7.98 Mbps ⚡⚡
2026-02-22 06:20:54 [INFO]    🏆 ES | VLESS | Пинг: 4301ms | Скорость: 4.99 Mbps ⚡⚡
2026-02-22 06:20:55 [INFO]    🏆 ES | VLESS | Пинг: 4479ms | Скорость: 10.56 Mbps ⚡⚡
2026-02-22 06:20:56 [INFO]    🏆 PL | VLESS | Пинг: 4065ms | Скорость: 1.42 Mbps 
2026-02-22 06:20:57 [INFO]    🏆 DE | VLESS | Пинг: 4567ms | Скорость: 7.03 Mbps ⚡⚡
2026-02-22 06:20:57 [INFO]    🏆 DE | VLESS | Пинг: 4745ms | Скорость: 6.45 Mbps ⚡⚡
2026-02-22 06:20:57 [INFO]    🏆 US | VLESS | Пинг: 4732ms | Скорость: 6.18 Mbps ⚡⚡
2026-02-22 06:20:57 [INFO]    🏆 CA | VLESS | Пинг: 4782ms | Скорость: 7.0 Mbps ⚡⚡
2026-02-22 06:20:57 [INFO]    🏆 CA | VLESS | Пинг: 4955ms | Скорость: 7.33 Mbps ⚡⚡
2026-02-22 06:20:57 [INFO]    🏆 CA | VLESS | Пинг: 4826ms | Скорость: 7.18 Mbps ⚡⚡
2026-02-22 06:20:57 [INFO]    🏆 US | VLESS | Пинг: 4701ms | Скорость: 5.61 Mbps ⚡⚡
2026-02-22 06:21:00 [INFO]    🏆 CZ | VLESS | Пинг: 4704ms | Скорость: 1.59 Mbps ⚡
2026-02-22 06:21:00 [INFO] 📊 Итого в подписке сохранено иностранных серверов: 10
2026-02-22 06:21:00 [INFO] 💾 Файл успешно сохранен: FL1PVPN
