2026-02-24 19:30:05 [INFO] 🚀 START: Smart Selector (Target: 10, ONLY FOREIGN)
2026-02-24 19:30:05 [INFO] 🌐 Загрузка источников (VLESS + VMess)...
2026-02-24 19:30:06 [INFO] 🔍 Уникальных конфигов собрано: 186
2026-02-24 19:30:06 [INFO] ⚡ ЭТАП 1: Замер Пинга и Геолокации. Workers: 40...
2026-02-24 19:30:11 [INFO]    [PING OK] HU | VLESS | 4413ms
2026-02-24 19:30:11 [INFO]    [PING OK] DE | VLESS | 4753ms
2026-02-24 19:30:11 [INFO]    [PING OK] HU | VLESS | 4610ms
2026-02-24 19:30:12 [INFO]    [PING OK] HU | VLESS | 4846ms
2026-02-24 19:30:12 [INFO]    [PING OK] ES | VLESS | 4737ms
2026-02-24 19:30:12 [INFO]    [PING OK] ES | VLESS | 4541ms
2026-02-24 19:30:12 [INFO]    [PING OK] ES | VLESS | 4327ms
2026-02-24 19:30:12 [INFO]    [PING OK] PL | VLESS | 4775ms
2026-02-24 19:30:12 [INFO]    [PING OK] IT | VLESS | 4024ms
2026-02-24 19:30:12 [INFO]    [PING OK] ES | VLESS | 4576ms
2026-02-24 19:30:12 [INFO]    [PING OK] PL | VLESS | 4390ms
2026-02-24 19:30:12 [INFO]    [PING OK] ES | VLESS | 4492ms
2026-02-24 19:30:12 [INFO]    [PING OK] TR | VLESS | 4645ms
2026-02-24 19:30:12 [INFO]    [PING OK] ES | VLESS | 5030ms
2026-02-24 19:30:12 [INFO]    [PING OK] TR | VLESS | 4661ms
2026-02-24 19:30:12 [INFO]    [PING OK] TR | VLESS | 4542ms
2026-02-24 19:30:12 [INFO]    [PING OK] DE | VLESS | 3560ms
2026-02-24 19:30:12 [INFO]    [PING OK] PL | VLESS | 4156ms
2026-02-24 19:30:12 [INFO]    [PING OK] IT | VLESS | 3653ms
2026-02-24 19:30:12 [INFO]    [PING OK] FI | VLESS | 5105ms
2026-02-24 19:30:13 [INFO]    [PING OK] IT | VLESS | 3435ms
2026-02-24 19:30:13 [INFO]    [PING OK] FI | VLESS | 3834ms
2026-02-24 19:30:13 [INFO]    [PING OK] PL | VLESS | 4867ms
2026-02-24 19:30:13 [INFO]    [PING OK] PL | VLESS | 5353ms
2026-02-24 19:30:14 [INFO]    [PING OK] DE | VLESS | 6798ms
2026-02-24 19:30:14 [INFO]    [PING OK] US | VLESS | 7071ms
2026-02-24 19:30:15 [INFO]    [PING OK] TR | VLESS | 4037ms
2026-02-24 19:30:17 [INFO]    [PING OK] US | VLESS | 4451ms
2026-02-24 19:30:17 [INFO]    [PING OK] ES | VLESS | 4684ms
2026-02-24 19:30:17 [INFO]    [PING OK] PL | VLESS | 4521ms
2026-02-24 19:30:17 [INFO]    [PING OK] PL | VLESS | 4549ms
2026-02-24 19:30:17 [INFO]    [PING OK] DE | VLESS | 9667ms
2026-02-24 19:30:17 [INFO]    [PING OK] CA | VLESS | 4547ms
2026-02-24 19:30:17 [INFO]    [PING OK] NL | VLESS | 4581ms
2026-02-24 19:30:18 [INFO]    [PING OK] CA | VLESS | 4995ms
2026-02-24 19:30:18 [INFO]    [PING OK] CA | VLESS | 4747ms
2026-02-24 19:30:18 [INFO]    [PING OK] NL | VLESS | 4903ms
2026-02-24 19:30:18 [INFO]    [PING OK] KZ | VLESS | 4748ms
2026-02-24 19:30:18 [INFO]    [PING OK] CA | VLESS | 4946ms
2026-02-24 19:30:18 [INFO]    [PING OK] CA | VLESS | 4941ms
2026-02-24 19:30:18 [INFO]    [PING OK] PL | VLESS | 4940ms
2026-02-24 19:30:18 [INFO]    [PING OK] SG | VLESS | 5332ms
2026-02-24 19:30:18 [INFO]    [PING OK] CA | VLESS | 5166ms
2026-02-24 19:30:18 [INFO]    [PING OK] CA | VLESS | 5645ms
2026-02-24 19:30:19 [INFO]    [PING OK] DE | VLESS | 6975ms
2026-02-24 19:30:20 [INFO]    [PING OK] CA | VLESS | 5104ms
2026-02-24 19:30:21 [INFO]    [PING OK] CA | VLESS | 5463ms
2026-02-24 19:30:22 [INFO]    [PING OK] US | VLESS | 5324ms
2026-02-24 19:30:22 [INFO]    [PING OK] US | VLESS | 5831ms
2026-02-24 19:30:22 [INFO]    [PING OK] NL | VLESS | 5291ms
2026-02-24 19:30:23 [INFO]    [PING OK] US | VLESS | 4911ms
2026-02-24 19:30:23 [INFO]    [PING OK] CA | VLESS | 5883ms
2026-02-24 19:30:23 [INFO]    [PING OK] FI | VLESS | 3149ms
2026-02-24 19:30:23 [INFO]    [PING OK] TR | VLESS | 2420ms
2026-02-24 19:30:23 [INFO]    [PING OK] CA | VLESS | 5485ms
2026-02-24 19:30:23 [INFO]    [PING OK] CA | VLESS | 4361ms
2026-02-24 19:30:23 [INFO]    [PING OK] CA | VLESS | 4135ms
2026-02-24 19:30:23 [INFO]    [PING OK] CA | VLESS | 2779ms
2026-02-24 19:30:24 [INFO]    [PING OK] CA | VLESS | 6627ms
2026-02-24 19:30:24 [INFO]    [PING OK] CA | VLESS | 4542ms
2026-02-24 19:30:24 [INFO]    [PING OK] US | VLESS | 6146ms
2026-02-24 19:30:26 [INFO]    [PING OK] CA | VLESS | 8256ms
2026-02-24 19:30:28 [INFO] 🏎️ ЭТАП 2: Глубокий замер скорости для 40 иностранных кандидатов...
2026-02-24 19:30:31 [INFO]    🏆 FI | VLESS | Пинг: 3149ms | Скорость: 7.93 Mbps ⚡⚡
2026-02-24 19:30:31 [INFO]    🏆 DE | VLESS | Пинг: 3560ms | Скорость: 8.06 Mbps ⚡⚡
2026-02-24 19:30:31 [INFO]    🏆 TR | VLESS | Пинг: 2420ms | Скорость: 7.44 Mbps ⚡⚡
2026-02-24 19:30:31 [INFO]    🏆 ES | VLESS | Пинг: 4327ms | Скорость: 7.46 Mbps ⚡⚡
2026-02-24 19:30:31 [INFO]    🏆 TR | VLESS | Пинг: 4037ms | Скорость: 6.84 Mbps ⚡⚡
2026-02-24 19:30:32 [INFO]    🏆 IT | VLESS | Пинг: 3435ms | Скорость: 6.37 Mbps ⚡⚡
2026-02-24 19:30:33 [INFO]    🏆 US | VLESS | Пинг: 4451ms | Скорость: 11.98 Mbps ⚡⚡
2026-02-24 19:30:34 [INFO]    🏆 PL | VLESS | Пинг: 4390ms | Скорость: 3.88 Mbps ⚡⚡
2026-02-24 19:30:34 [INFO]    🏆 HU | VLESS | Пинг: 4413ms | Скорость: 3.87 Mbps ⚡⚡
2026-02-24 19:30:34 [INFO]    🏆 PL | VLESS | Пинг: 4521ms | Скорость: 8.44 Mbps ⚡⚡
2026-02-24 19:30:34 [INFO]    🏆 ES | VLESS | Пинг: 4492ms | Скорость: 8.28 Mbps ⚡⚡
2026-02-24 19:30:34 [INFO]    🏆 ES | VLESS | Пинг: 4541ms | Скорость: 8.58 Mbps ⚡⚡
2026-02-24 19:30:34 [INFO]    🏆 PL | VLESS | Пинг: 4156ms | Скорость: 3.44 Mbps ⚡⚡
2026-02-24 19:30:35 [INFO]    🏆 IT | VLESS | Пинг: 3653ms | Скорость: 0.86 Mbps 
2026-02-24 19:30:35 [INFO]    🏆 TR | VLESS | Пинг: 4542ms | Скорость: 6.89 Mbps ⚡⚡
2026-02-24 19:30:36 [INFO]    🏆 PL | VLESS | Пинг: 4549ms | Скорость: 6.86 Mbps ⚡⚡
2026-02-24 19:30:36 [INFO]    🏆 ES | VLESS | Пинг: 4576ms | Скорость: 7.81 Mbps ⚡⚡
2026-02-24 19:30:38 [INFO]    🏆 NL | VLESS | Пинг: 4581ms | Скорость: 6.36 Mbps ⚡⚡
2026-02-24 19:30:38 [INFO]    🏆 HU | VLESS | Пинг: 4610ms | Скорость: 6.33 Mbps ⚡⚡
2026-02-24 19:30:38 [INFO]    🏆 TR | VLESS | Пинг: 4645ms | Скорость: 6.4 Mbps ⚡⚡
2026-02-24 19:30:38 [INFO]    🏆 ES | VLESS | Пинг: 4684ms | Скорость: 6.3 Mbps ⚡⚡
2026-02-24 19:30:38 [INFO]    🏆 KZ | VLESS | Пинг: 4748ms | Скорость: 7.78 Mbps ⚡⚡
2026-02-24 19:30:38 [INFO]    🏆 HU | VLESS | Пинг: 4846ms | Скорость: 8.22 Mbps ⚡⚡
2026-02-24 19:30:39 [INFO]    🏆 US | VLESS | Пинг: 4911ms | Скорость: 7.3 Mbps ⚡⚡
2026-02-24 19:30:40 [INFO]    🏆 CA | VLESS | Пинг: 4747ms | Скорость: 4.68 Mbps ⚡⚡
2026-02-24 19:30:41 [INFO]    🏆 TR | VLESS | Пинг: 4661ms | Скорость: 2.09 Mbps ⚡
2026-02-24 19:30:41 [INFO]    🏆 ES | VLESS | Пинг: 4737ms | Скорость: 0.98 Mbps 
2026-02-24 19:30:42 [INFO]    🏆 PL | VLESS | Пинг: 4775ms | Скорость: 2.26 Mbps ⚡
2026-02-24 19:30:44 [INFO] 📊 Итого в подписке сохранено иностранных серверов: 10
2026-02-24 19:30:44 [INFO] 💾 Файл успешно сохранен: FL1PVPN
