2026-02-22 19:10:05 [INFO] 🚀 START: Smart Selector (Target: 10, ONLY FOREIGN)
2026-02-22 19:10:05 [INFO] 🌐 Загрузка источников (VLESS + VMess)...
2026-02-22 19:10:08 [INFO] 🔍 Уникальных конфигов собрано: 247
2026-02-22 19:10:08 [INFO] ⚡ ЭТАП 1: Замер Пинга и Геолокации. Workers: 40...
2026-02-22 19:10:14 [INFO]    [PING OK] CZ | VLESS | 5076ms
2026-02-22 19:10:14 [INFO]    [PING OK] IT | VLESS | 3744ms
2026-02-22 19:10:14 [INFO]    [PING OK] TR | VLESS | 3761ms
2026-02-22 19:10:15 [INFO]    [PING OK] DE | VLESS | 5635ms
2026-02-22 19:10:15 [INFO]    [PING OK] NL | VLESS | 6021ms
2026-02-22 19:10:15 [INFO]    [PING OK] DE | VLESS | 6061ms
2026-02-22 19:10:16 [INFO]    [PING OK] HU | VLESS | 2882ms
2026-02-22 19:10:17 [INFO]    [PING OK] DE | VLESS | 7298ms
2026-02-22 19:10:18 [INFO]    [PING OK] DE | VLESS | 8344ms
2026-02-22 19:10:18 [INFO]    [PING OK] ES | VLESS | 3123ms
2026-02-22 19:10:18 [INFO]    [PING OK] TR | VLESS | 3062ms
2026-02-22 19:10:18 [INFO]    [PING OK] HU | VLESS | 3115ms
2026-02-22 19:10:18 [INFO]    [PING OK] HU | VLESS | 2993ms
2026-02-22 19:10:18 [INFO]    [PING OK] HU | VLESS | 3090ms
2026-02-22 19:10:18 [INFO]    [PING OK] DE | VLESS | 9364ms
2026-02-22 19:10:18 [INFO]    [PING OK] ES | VLESS | 3036ms
2026-02-22 19:10:19 [INFO]    [PING OK] DE | VLESS | 9095ms
2026-02-22 19:10:19 [INFO]    [PING OK] ES | VLESS | 3240ms
2026-02-22 19:10:19 [INFO]    [PING OK] DE | VLESS | 3112ms
2026-02-22 19:10:19 [INFO]    [PING OK] NL | VLESS | 2933ms
2026-02-22 19:10:19 [INFO]    [PING OK] ES | VLESS | 3038ms
2026-02-22 19:10:19 [INFO]    [PING OK] PL | VLESS | 3205ms
2026-02-22 19:10:19 [INFO]    [PING OK] IT | VLESS | 2828ms
2026-02-22 19:10:19 [INFO]    [PING OK] ES | VLESS | 3039ms
2026-02-22 19:10:19 [INFO]    [PING OK] PL | VLESS | 8014ms
2026-02-22 19:10:19 [INFO]    [PING OK] PL | VLESS | 2934ms
2026-02-22 19:10:20 [INFO]    [PING OK] HU | VLESS | 4183ms
2026-02-22 19:10:20 [INFO]    [PING OK] NL | VLESS | 2642ms
2026-02-22 19:10:20 [INFO]    [PING OK] DE | VLESS | 4025ms
2026-02-22 19:10:21 [INFO]    [PING OK] PL | VLESS | 3272ms
2026-02-22 19:10:21 [INFO]    [PING OK] NL | VLESS | 3597ms
2026-02-22 19:10:22 [INFO]    [PING OK] IT | VLESS | 3677ms
2026-02-22 19:10:22 [INFO]    [PING OK] ES | VLESS | 3644ms
2026-02-22 19:10:22 [INFO]    [PING OK] US | VLESS | 7209ms
2026-02-22 19:10:23 [INFO]    [PING OK] TR | VLESS | 4122ms
2026-02-22 19:10:23 [INFO]    [PING OK] TR | VLESS | 4185ms
2026-02-22 19:10:24 [INFO]    [PING OK] PL | VLESS | 4403ms
2026-02-22 19:10:24 [INFO]    [PING OK] PL | VLESS | 5089ms
2026-02-22 19:10:24 [INFO]    [PING OK] HU | VLESS | 4692ms
2026-02-22 19:10:25 [INFO]    [PING OK] ES | VLESS | 4581ms
2026-02-22 19:10:25 [INFO]    [PING OK] PL | VLESS | 4959ms
2026-02-22 19:10:25 [INFO]    [PING OK] HU | VLESS | 4678ms
2026-02-22 19:10:25 [INFO]    [PING OK] HU | VLESS | 4885ms
2026-02-22 19:10:25 [INFO]    [PING OK] PL | VLESS | 4649ms
2026-02-22 19:10:28 [INFO]    [PING OK] CA | VLESS | 8020ms
2026-02-22 19:10:29 [INFO]    [PING OK] US | VLESS | 3836ms
2026-02-22 19:10:29 [INFO]    [PING OK] TR | VLESS | 3582ms
2026-02-22 19:10:29 [INFO]    [PING OK] CA | VLESS | 7494ms
2026-02-22 19:10:29 [INFO]    [PING OK] DE | VLESS | 5054ms
2026-02-22 19:10:30 [INFO]    [PING OK] EE | VLESS | 1302ms
2026-02-22 19:10:31 [INFO]    [PING OK] DE | VLESS | 5529ms
2026-02-22 19:10:32 [INFO]    [PING OK] EE | VLESS | 1897ms
2026-02-22 19:10:36 [INFO]    [PING OK] CA | VLESS | 2904ms
2026-02-22 19:10:38 [INFO]    [PING OK] CA | VLESS | 5654ms
2026-02-22 19:10:38 [INFO] 🏎️ ЭТАП 2: Глубокий замер скорости для 40 иностранных кандидатов...
2026-02-22 19:10:41 [INFO]    🏆 EE | VLESS | Пинг: 1302ms | Скорость: 9.33 Mbps ⚡⚡
2026-02-22 19:10:41 [INFO]    🏆 EE | VLESS | Пинг: 1897ms | Скорость: 9.34 Mbps ⚡⚡
2026-02-22 19:10:42 [INFO]    🏆 NL | VLESS | Пинг: 2642ms | Скорость: 8.13 Mbps ⚡⚡
2026-02-22 19:10:42 [INFO]    🏆 DE | VLESS | Пинг: 3112ms | Скорость: 7.29 Mbps ⚡⚡
2026-02-22 19:10:42 [INFO]    🏆 HU | VLESS | Пинг: 3090ms | Скорость: 7.25 Mbps ⚡⚡
2026-02-22 19:10:42 [INFO]    🏆 HU | VLESS | Пинг: 2993ms | Скорость: 6.89 Mbps ⚡⚡
2026-02-22 19:10:42 [INFO]    🏆 HU | VLESS | Пинг: 2882ms | Скорость: 6.68 Mbps ⚡⚡
2026-02-22 19:10:42 [INFO]    🏆 ES | VLESS | Пинг: 3038ms | Скорость: 6.84 Mbps ⚡⚡
2026-02-22 19:10:42 [INFO]    🏆 ES | VLESS | Пинг: 3036ms | Скорость: 6.77 Mbps ⚡⚡
2026-02-22 19:10:42 [INFO]    🏆 TR | VLESS | Пинг: 3062ms | Скорость: 6.78 Mbps ⚡⚡
2026-02-22 19:10:43 [INFO]    🏆 ES | VLESS | Пинг: 3039ms | Скорость: 5.93 Mbps ⚡⚡
2026-02-22 19:10:43 [INFO]    🏆 NL | VLESS | Пинг: 2933ms | Скорость: 4.91 Mbps ⚡⚡
2026-02-22 19:10:44 [INFO]    🏆 PL | VLESS | Пинг: 3205ms | Скорость: 12.49 Mbps ⚡⚡
2026-02-22 19:10:44 [INFO]    🏆 HU | VLESS | Пинг: 3115ms | Скорость: 10.06 Mbps ⚡⚡
2026-02-22 19:10:45 [INFO]    🏆 NL | VLESS | Пинг: 3597ms | Скорость: 11.87 Mbps ⚡⚡
2026-02-22 19:10:45 [INFO]    🏆 ES | VLESS | Пинг: 3240ms | Скорость: 9.07 Mbps ⚡⚡
2026-02-22 19:10:45 [INFO]    🏆 PL | VLESS | Пинг: 3272ms | Скорость: 8.49 Mbps ⚡⚡
2026-02-22 19:10:45 [INFO]    🏆 PL | VLESS | Пинг: 2934ms | Скорость: 1.57 Mbps ⚡
2026-02-22 19:10:46 [INFO]    🏆 US | VLESS | Пинг: 3836ms | Скорость: 7.1 Mbps ⚡⚡
2026-02-22 19:10:46 [INFO]    🏆 TR | VLESS | Пинг: 3582ms | Скорость: 5.62 Mbps ⚡⚡
2026-02-22 19:10:47 [INFO]    🏆 TR | VLESS | Пинг: 3761ms | Скорость: 5.81 Mbps ⚡⚡
2026-02-22 19:10:48 [INFO]    🏆 TR | VLESS | Пинг: 4122ms | Скорость: 6.69 Mbps ⚡⚡
2026-02-22 19:10:48 [INFO]    🏆 TR | VLESS | Пинг: 4185ms | Скорость: 8.17 Mbps ⚡⚡
2026-02-22 19:10:48 [INFO]    🏆 PL | VLESS | Пинг: 4649ms | Скорость: 9.93 Mbps ⚡⚡
2026-02-22 19:10:48 [INFO]    🏆 PL | VLESS | Пинг: 4403ms | Скорость: 8.07 Mbps ⚡⚡
2026-02-22 19:10:49 [INFO]    🏆 HU | VLESS | Пинг: 4885ms | Скорость: 14.24 Mbps ⚡⚡
2026-02-22 19:10:49 [INFO]    🏆 HU | VLESS | Пинг: 4678ms | Скорость: 7.48 Mbps ⚡⚡
2026-02-22 19:10:49 [INFO]    🏆 IT | VLESS | Пинг: 3744ms | Скорость: 0.84 Mbps 
2026-02-22 19:10:49 [INFO]    🏆 IT | VLESS | Пинг: 3677ms | Скорость: 0.79 Mbps 
2026-02-22 19:10:52 [INFO]    🏆 PL | VLESS | Пинг: 4959ms | Скорость: 4.42 Mbps ⚡⚡
2026-02-22 19:10:53 [INFO]    🏆 HU | VLESS | Пинг: 4692ms | Скорость: 2.56 Mbps ⚡
2026-02-22 19:10:54 [INFO]    🏆 DE | VLESS | Пинг: 5054ms | Скорость: 3.27 Mbps ⚡⚡
2026-02-22 19:10:55 [INFO] 📊 Итого в подписке сохранено иностранных серверов: 10
2026-02-22 19:10:55 [INFO] 💾 Файл успешно сохранен: FL1PVPN
