2026-02-26 07:50:06 [INFO] 🚀 START: Smart Selector (Target: 10, ONLY FOREIGN)
2026-02-26 07:50:06 [INFO] 🌐 Загрузка источников (VLESS + VMess)...
2026-02-26 07:50:07 [INFO] 🔍 Уникальных конфигов собрано: 410
2026-02-26 07:50:07 [INFO] ⚡ ЭТАП 1: Замер Пинга и Геолокации. Workers: 40...
2026-02-26 07:50:12 [INFO]    [PING OK] HU | VLESS | 4229ms
2026-02-26 07:50:12 [INFO]    [PING OK] DE | VLESS | 4191ms
2026-02-26 07:50:12 [INFO]    [PING OK] PL | VLESS | 4425ms
2026-02-26 07:50:12 [INFO]    [PING OK] DE | VLESS | 4133ms
2026-02-26 07:50:13 [INFO]    [PING OK] CA | VLESS | 4296ms
2026-02-26 07:50:13 [INFO]    [PING OK] NL | VLESS | 4421ms
2026-02-26 07:50:13 [INFO]    [PING OK] DE | VLESS | 4250ms
2026-02-26 07:50:13 [INFO]    [PING OK] CH | VLESS | 4309ms
2026-02-26 07:50:13 [INFO]    [PING OK] FI | VLESS | 4971ms
2026-02-26 07:50:13 [INFO]    [PING OK] FI | VLESS | 3657ms
2026-02-26 07:50:13 [INFO]    [PING OK] NL | VLESS | 3893ms
2026-02-26 07:50:13 [INFO]    [PING OK] PL | VLESS | 3918ms
2026-02-26 07:50:13 [INFO]    [PING OK] LT | VLESS | 4332ms
2026-02-26 07:50:13 [INFO]    [PING OK] LT | VLESS | 3801ms
2026-02-26 07:50:13 [INFO]    [PING OK] NL | VLESS | 4072ms
2026-02-26 07:50:13 [INFO]    [PING OK] DE | VLESS | 3720ms
2026-02-26 07:50:13 [INFO]    [PING OK] PL | VLESS | 3415ms
2026-02-26 07:50:14 [INFO]    [PING OK] NL | VLESS | 3402ms
2026-02-26 07:50:14 [INFO]    [PING OK] DE | VLESS | 6326ms
2026-02-26 07:50:14 [INFO]    [PING OK] US | VLESS | 4509ms
2026-02-26 07:50:15 [INFO]    [PING OK] HU | VLESS | 3298ms
2026-02-26 07:50:15 [INFO]    [PING OK] LT | VLESS | 3813ms
2026-02-26 07:50:16 [INFO]    [PING OK] NO | VLESS | 7803ms
2026-02-26 07:50:16 [INFO]    [PING OK] PL | VLESS | 3608ms
2026-02-26 07:50:17 [INFO]    [PING OK] PL | VLESS | 3600ms
2026-02-26 07:50:17 [INFO]    [PING OK] FR | VLESS | 3411ms
2026-02-26 07:50:17 [INFO]    [PING OK] NL | VLESS | 3579ms
2026-02-26 07:50:17 [INFO]    [PING OK] PL | VLESS | 3937ms
2026-02-26 07:50:17 [INFO]    [PING OK] SE | VLESS | 4175ms
2026-02-26 07:50:18 [INFO]    [PING OK] TR | VLESS | 3683ms
2026-02-26 07:50:18 [INFO]    [PING OK] NL | VLESS | 3572ms
2026-02-26 07:50:18 [INFO]    [PING OK] DE | VLESS | 3533ms
2026-02-26 07:50:18 [INFO]    [PING OK] NO | VLESS | 4189ms
2026-02-26 07:50:18 [INFO]    [PING OK] NL | VLESS | 3678ms
2026-02-26 07:50:18 [INFO]    [PING OK] DE | VLESS | 3464ms
2026-02-26 07:50:19 [INFO]    [PING OK] DE | VLESS | 4341ms
2026-02-26 07:50:19 [INFO]    [PING OK] TR | VLESS | 3489ms
2026-02-26 07:50:19 [INFO]    [PING OK] NL | VLESS | 4668ms
2026-02-26 07:50:20 [INFO]    [PING OK] NL | VLESS | 3495ms
2026-02-26 07:50:20 [INFO]    [PING OK] EE | VLESS | 3450ms
2026-02-26 07:50:20 [INFO]    [PING OK] DE | VLESS | 5760ms
2026-02-26 07:50:21 [INFO]    [PING OK] NL | VLESS | 3300ms
2026-02-26 07:50:21 [INFO]    [PING OK] PL | VLESS | 3487ms
2026-02-26 07:50:21 [INFO]    [PING OK] FI | VLESS | 3268ms
2026-02-26 07:50:22 [INFO]    [PING OK] FI | VLESS | 3036ms
2026-02-26 07:50:22 [INFO]    [PING OK] PL | VLESS | 3202ms
2026-02-26 07:50:22 [INFO]    [PING OK] US | VLESS | 3022ms
2026-02-26 07:50:22 [INFO]    [PING OK] DE | VLESS | 2756ms
2026-02-26 07:50:22 [INFO]    [PING OK] NL | VLESS | 2449ms
2026-02-26 07:50:22 [INFO]    [PING OK] LV | VLESS | 2461ms
2026-02-26 07:50:23 [INFO]    [PING OK] DE | VLESS | 2547ms
2026-02-26 07:50:23 [INFO]    [PING OK] DE | VLESS | 2635ms
2026-02-26 07:50:23 [INFO]    [PING OK] FI | VLESS | 3899ms
2026-02-26 07:50:23 [INFO]    [PING OK] PL | VLESS | 2660ms
2026-02-26 07:50:25 [INFO]    [PING OK] FI | VLESS | 5865ms
2026-02-26 07:50:25 [INFO]    [PING OK] FI | VLESS | 5403ms
2026-02-26 07:50:25 [INFO]    [PING OK] TR | VLESS | 2592ms
2026-02-26 07:50:25 [INFO]    [PING OK] BE | VLESS | 2725ms
2026-02-26 07:50:25 [INFO]    [PING OK] LV | VLESS | 2514ms
2026-02-26 07:50:25 [INFO]    [PING OK] US | VLESS | 2699ms
2026-02-26 07:50:25 [INFO]    [PING OK] ES | VLESS | 2696ms
2026-02-26 07:50:25 [INFO]    [PING OK] NL | VLESS | 2690ms
2026-02-26 07:50:26 [INFO]    [PING OK] IT | VLESS | 3135ms
2026-02-26 07:50:26 [INFO]    [PING OK] FI | VLESS | 2640ms
2026-02-26 07:50:26 [INFO]    [PING OK] DE | VLESS | 2655ms
2026-02-26 07:50:26 [INFO]    [PING OK] ES | VLESS | 2609ms
2026-02-26 07:50:26 [INFO]    [PING OK] IT | VLESS | 2769ms
2026-02-26 07:50:26 [INFO]    [PING OK] NL | VLESS | 2628ms
2026-02-26 07:50:26 [INFO]    [PING OK] NL | VLESS | 7204ms
2026-02-26 07:50:27 [INFO]    [PING OK] FI | VLESS | 2459ms
2026-02-26 07:50:27 [INFO]    [PING OK] DE | VLESS | 2906ms
2026-02-26 07:50:28 [INFO]    [PING OK] TR | VLESS | 3103ms
2026-02-26 07:50:29 [INFO]    [PING OK] IT | VLESS | 2957ms
2026-02-26 07:50:29 [INFO]    [PING OK] TR | VLESS | 3158ms
2026-02-26 07:50:29 [INFO]    [PING OK] PL | VLESS | 2850ms
2026-02-26 07:50:29 [INFO]    [PING OK] IT | VLESS | 2917ms
2026-02-26 07:50:29 [INFO]    [PING OK] DE | VLESS | 3101ms
2026-02-26 07:50:30 [INFO]    [PING OK] LT | VLESS | 6141ms
2026-02-26 07:50:30 [INFO]    [PING OK] NL | VLESS | 7496ms
2026-02-26 07:50:30 [INFO]    [PING OK] SE | VLESS | 3208ms
2026-02-26 07:50:30 [INFO]    [PING OK] LT | VLESS | 6233ms
2026-02-26 07:50:30 [INFO]    [PING OK] DE | VLESS | 4232ms
2026-02-26 07:50:30 [INFO]    [PING OK] TR | VLESS | 3071ms
2026-02-26 07:50:30 [INFO]    [PING OK] NL | VLESS | 3410ms
2026-02-26 07:50:31 [INFO]    [PING OK] IT | VLESS | 3308ms
2026-02-26 07:50:31 [INFO]    [PING OK] FI | VLESS | 3277ms
2026-02-26 07:50:31 [INFO]    [PING OK] DE | VLESS | 3442ms
2026-02-26 07:50:31 [INFO]    [PING OK] DE | VLESS | 3319ms
2026-02-26 07:50:31 [INFO]    [PING OK] NL | VLESS | 3210ms
2026-02-26 07:50:31 [INFO]    [PING OK] PL | VLESS | 3451ms
2026-02-26 07:50:31 [INFO]    [PING OK] CH | VLESS | 3489ms
2026-02-26 07:50:32 [INFO]    [PING OK] NL | VLESS | 3335ms
2026-02-26 07:50:32 [INFO]    [PING OK] NL | VLESS | 3666ms
2026-02-26 07:50:32 [INFO]    [PING OK] DE | VLESS | 3949ms
2026-02-26 07:50:33 [INFO]    [PING OK] FI | VLESS | 3727ms
2026-02-26 07:50:34 [INFO]    [PING OK] DE | VLESS | 6577ms
2026-02-26 07:50:34 [INFO]    [PING OK] US | VLESS | 3865ms
2026-02-26 07:50:34 [INFO]    [PING OK] PL | VLESS | 3891ms
2026-02-26 07:50:34 [INFO]    [PING OK] FI | VLESS | 3877ms
2026-02-26 07:50:34 [INFO]    [PING OK] NL | VLESS | 5195ms
2026-02-26 07:50:34 [INFO]    [PING OK] CA | VLESS | 3918ms
2026-02-26 07:50:34 [INFO]    [PING OK] DE | VLESS | 3828ms
2026-02-26 07:50:34 [INFO]    [PING OK] NG | VLESS | 4024ms
2026-02-26 07:50:35 [INFO]    [PING OK] FR | VLESS | 3853ms
2026-02-26 07:50:35 [INFO]    [PING OK] PL | VLESS | 3691ms
2026-02-26 07:50:35 [INFO]    [PING OK] NL | VLESS | 3543ms
2026-02-26 07:50:36 [INFO]    [PING OK] DE | VLESS | 3423ms
2026-02-26 07:50:36 [INFO]    [PING OK] NL | VLESS | 3453ms
2026-02-26 07:50:36 [INFO]    [PING OK] FI | VLESS | 3153ms
2026-02-26 07:50:36 [INFO]    [PING OK] DE | VLESS | 3264ms
2026-02-26 07:50:36 [INFO]    [PING OK] US | VLESS | 5709ms
2026-02-26 07:50:37 [INFO]    [PING OK] FR | VLESS | 3217ms
2026-02-26 07:50:37 [INFO]    [PING OK] ES | VLESS | 3213ms
2026-02-26 07:50:38 [INFO]    [PING OK] PL | VLESS | 3127ms
2026-02-26 07:50:38 [INFO]    [PING OK] NL | VLESS | 3365ms
2026-02-26 07:50:38 [INFO]    [PING OK] PL | VLESS | 3176ms
2026-02-26 07:50:38 [INFO]    [PING OK] LT | VLESS | 3352ms
2026-02-26 07:50:38 [INFO]    [PING OK] FR | VLESS | 3142ms
2026-02-26 07:50:38 [INFO]    [PING OK] ES | VLESS | 3128ms
2026-02-26 07:50:38 [INFO]    [PING OK] NL | VLESS | 3098ms
2026-02-26 07:50:39 [INFO]    [PING OK] PL | VLESS | 3356ms
2026-02-26 07:50:39 [INFO]    [PING OK] DE | VLESS | 5678ms
2026-02-26 07:50:39 [INFO]    [PING OK] NL | VLESS | 3138ms
2026-02-26 07:50:39 [INFO]    [PING OK] FI | VLESS | 3370ms
2026-02-26 07:50:40 [INFO]    [PING OK] TR | VLESS | 3106ms
2026-02-26 07:50:40 [INFO]    [PING OK] HU | VLESS | 3814ms
2026-02-26 07:50:40 [INFO]    [PING OK] HK | VLESS | 3748ms
2026-02-26 07:50:40 [INFO]    [PING OK] DE | VLESS | 3384ms
2026-02-26 07:50:40 [INFO]    [PING OK] US | VLESS | 3696ms
2026-02-26 07:50:41 [INFO]    [PING OK] PL | VLESS | 3646ms
2026-02-26 07:50:41 [INFO]    [PING OK] DE | VLESS | 4813ms
2026-02-26 07:50:41 [INFO]    [PING OK] FR | VLESS | 3658ms
2026-02-26 07:50:43 [INFO]    [PING OK] ES | VLESS | 3871ms
2026-02-26 07:50:43 [INFO]    [PING OK] KZ | VLESS | 4331ms
2026-02-26 07:50:44 [INFO]    [PING OK] FI | VLESS | 3584ms
2026-02-26 07:50:44 [INFO]    [PING OK] US | VLESS | 4161ms
2026-02-26 07:50:44 [INFO]    [PING OK] DE | VLESS | 5370ms
2026-02-26 07:50:44 [INFO]    [PING OK] NL | VLESS | 4408ms
2026-02-26 07:50:44 [INFO]    [PING OK] HK | VLESS | 4208ms
2026-02-26 07:50:44 [INFO]    [PING OK] PL | VLESS | 3959ms
2026-02-26 07:50:44 [INFO]    [PING OK] DE | VLESS | 4077ms
2026-02-26 07:50:44 [INFO]    [PING OK] ES | VLESS | 4280ms
2026-02-26 07:50:45 [INFO]    [PING OK] HU | VLESS | 4278ms
2026-02-26 07:50:45 [INFO]    [PING OK] AE | VLESS | 4232ms
2026-02-26 07:50:45 [INFO]    [PING OK] TR | VLESS | 4450ms
2026-02-26 07:50:45 [INFO]    [PING OK] EE | VLESS | 4027ms
2026-02-26 07:50:45 [INFO]    [PING OK] SE | VLESS | 4015ms
2026-02-26 07:50:45 [INFO]    [PING OK] ES | VLESS | 5338ms
2026-02-26 07:50:46 [INFO]    [PING OK] DE | VLESS | 3925ms
2026-02-26 07:50:46 [INFO]    [PING OK] US | VLESS | 4075ms
2026-02-26 07:50:47 [INFO]    [PING OK] DE | VLESS | 7703ms
2026-02-26 07:50:47 [INFO]    [PING OK] SG | VLESS | 4781ms
2026-02-26 07:50:47 [INFO]    [PING OK] US | VLESS | 4374ms
2026-02-26 07:50:49 [INFO]    [PING OK] LV | VLESS | 4544ms
2026-02-26 07:50:50 [INFO]    [PING OK] DE | VLESS | 4350ms
2026-02-26 07:50:50 [INFO]    [PING OK] GB | VLESS | 4415ms
2026-02-26 07:50:50 [INFO]    [PING OK] DE | VLESS | 4452ms
2026-02-26 07:50:50 [INFO]    [PING OK] GB | VLESS | 4061ms
2026-02-26 07:50:51 [INFO]    [PING OK] GB | VLESS | 3316ms
2026-02-26 07:50:51 [INFO]    [PING OK] FR | VLESS | 1662ms
2026-02-26 07:50:51 [INFO]    [PING OK] DE | VLESS | 1680ms
2026-02-26 07:50:57 [INFO] 🏎️ ЭТАП 2: Глубокий замер скорости для 40 иностранных кандидатов...
2026-02-26 07:51:01 [INFO]    🏆 NL | VLESS | Пинг: 2449ms | Скорость: 5.42 Mbps ⚡⚡
2026-02-26 07:51:01 [INFO]    🏆 LV | VLESS | Пинг: 2461ms | Скорость: 5.35 Mbps ⚡⚡
2026-02-26 07:51:01 [INFO]    🏆 FI | VLESS | Пинг: 2459ms | Скорость: 5.33 Mbps ⚡⚡
2026-02-26 07:51:01 [INFO]    🏆 PL | VLESS | Пинг: 2660ms | Скорость: 5.43 Mbps ⚡⚡
2026-02-26 07:51:01 [INFO]    🏆 DE | VLESS | Пинг: 1680ms | Скорость: 5.16 Mbps ⚡⚡
2026-02-26 07:51:01 [INFO]    🏆 ES | VLESS | Пинг: 2609ms | Скорость: 5.29 Mbps ⚡⚡
2026-02-26 07:51:01 [INFO]    🏆 DE | VLESS | Пинг: 2655ms | Скорость: 5.38 Mbps ⚡⚡
2026-02-26 07:51:01 [INFO]    🏆 DE | VLESS | Пинг: 2635ms | Скорость: 5.3 Mbps ⚡⚡
2026-02-26 07:51:01 [INFO]    🏆 TR | VLESS | Пинг: 2592ms | Скорость: 5.2 Mbps ⚡⚡
2026-02-26 07:51:01 [INFO]    🏆 NL | VLESS | Пинг: 2690ms | Скорость: 5.38 Mbps ⚡⚡
2026-02-26 07:51:01 [INFO]    🏆 DE | VLESS | Пинг: 2547ms | Скорость: 5.17 Mbps ⚡⚡
2026-02-26 07:51:01 [INFO]    🏆 FI | VLESS | Пинг: 2640ms | Скорость: 5.31 Mbps ⚡⚡
2026-02-26 07:51:03 [INFO]    🏆 FR | VLESS | Пинг: 1662ms | Скорость: 2.22 Mbps ⚡
2026-02-26 07:51:03 [INFO]    🏆 LV | VLESS | Пинг: 2514ms | Скорость: 2.83 Mbps ⚡
2026-02-26 07:51:03 [INFO]    🏆 NL | VLESS | Пинг: 2628ms | Скорость: 2.49 Mbps ⚡
2026-02-26 07:51:04 [INFO]    🏆 BE | VLESS | Пинг: 2725ms | Скорость: 8.47 Mbps ⚡⚡
2026-02-26 07:51:05 [INFO]    🏆 FI | VLESS | Пинг: 3036ms | Скорость: 8.21 Mbps ⚡⚡
2026-02-26 07:51:05 [INFO]    🏆 IT | VLESS | Пинг: 2917ms | Скорость: 8.12 Mbps ⚡⚡
2026-02-26 07:51:05 [INFO]    🏆 DE | VLESS | Пинг: 2756ms | Скорость: 7.83 Mbps ⚡⚡
2026-02-26 07:51:05 [INFO]    🏆 IT | VLESS | Пинг: 2769ms | Скорость: 7.64 Mbps ⚡⚡
2026-02-26 07:51:05 [INFO]    🏆 IT | VLESS | Пинг: 2957ms | Скорость: 7.75 Mbps ⚡⚡
2026-02-26 07:51:05 [INFO]    🏆 TR | VLESS | Пинг: 3071ms | Скорость: 7.56 Mbps ⚡⚡
2026-02-26 07:51:06 [INFO]    🏆 ES | VLESS | Пинг: 2696ms | Скорость: 4.69 Mbps ⚡⚡
2026-02-26 07:51:06 [INFO]    🏆 PL | VLESS | Пинг: 2850ms | Скорость: 4.87 Mbps ⚡⚡
2026-02-26 07:51:06 [INFO]    🏆 DE | VLESS | Пинг: 3101ms | Скорость: 9.84 Mbps ⚡⚡
2026-02-26 07:51:06 [INFO]    🏆 NL | VLESS | Пинг: 3098ms | Скорость: 9.39 Mbps ⚡⚡
2026-02-26 07:51:06 [INFO]    🏆 TR | VLESS | Пинг: 3103ms | Скорость: 9.12 Mbps ⚡⚡
2026-02-26 07:51:07 [INFO]    🏆 TR | VLESS | Пинг: 3106ms | Скорость: 8.55 Mbps ⚡⚡
2026-02-26 07:51:08 [INFO]    🏆 US | VLESS | Пинг: 2699ms | Скорость: 1.15 Mbps 
2026-02-26 07:51:08 [INFO]    🏆 US | VLESS | Пинг: 3022ms | Скорость: 1.07 Mbps 
2026-02-26 07:51:08 [INFO]    🏆 PL | VLESS | Пинг: 3127ms | Скорость: 7.02 Mbps ⚡⚡
2026-02-26 07:51:08 [INFO]    🏆 NL | VLESS | Пинг: 3138ms | Скорость: 7.21 Mbps ⚡⚡
2026-02-26 07:51:08 [INFO]    🏆 IT | VLESS | Пинг: 3135ms | Скорость: 7.12 Mbps ⚡⚡
2026-02-26 07:51:08 [INFO]    🏆 ES | VLESS | Пинг: 3128ms | Скорость: 6.93 Mbps ⚡⚡
2026-02-26 07:51:08 [INFO]    🏆 FI | VLESS | Пинг: 3153ms | Скорость: 7.34 Mbps ⚡⚡
2026-02-26 07:51:08 [INFO]    🏆 FR | VLESS | Пинг: 3142ms | Скорость: 6.99 Mbps ⚡⚡
2026-02-26 07:51:09 [INFO]    🏆 PL | VLESS | Пинг: 3202ms | Скорость: 9.42 Mbps ⚡⚡
2026-02-26 07:51:09 [INFO]    🏆 PL | VLESS | Пинг: 3176ms | Скорость: 9.15 Mbps ⚡⚡
2026-02-26 07:51:09 [INFO]    🏆 TR | VLESS | Пинг: 3158ms | Скорость: 8.97 Mbps ⚡⚡
2026-02-26 07:51:09 [INFO] 📊 Итого в подписке сохранено иностранных серверов: 10
2026-02-26 07:51:09 [INFO] 💾 Файл успешно сохранен: FL1PVPN
