2026-02-21 18:10:06 [INFO] 🚀 START: Smart Selector (Target: 10, ONLY FOREIGN)
2026-02-21 18:10:06 [INFO] 🌐 Загрузка источников (VLESS + VMess)...
2026-02-21 18:10:14 [INFO] 🔍 Уникальных конфигов собрано: 256
2026-02-21 18:10:14 [INFO] ⚡ ЭТАП 1: Замер Пинга и Геолокации. Workers: 40...
2026-02-21 18:10:19 [INFO]    [PING OK] IT | VLESS | 4665ms
2026-02-21 18:10:19 [INFO]    [PING OK] ES | VLESS | 4458ms
2026-02-21 18:10:20 [INFO]    [PING OK] TR | VLESS | 4802ms
2026-02-21 18:10:20 [INFO]    [PING OK] CZ | VLESS | 4636ms
2026-02-21 18:10:20 [INFO]    [PING OK] HU | VLESS | 4065ms
2026-02-21 18:10:20 [INFO]    [PING OK] DE | VLESS | 4874ms
2026-02-21 18:10:21 [INFO]    [PING OK] DE | VLESS | 4776ms
2026-02-21 18:10:21 [INFO]    [PING OK] HU | VLESS | 3574ms
2026-02-21 18:10:21 [INFO]    [PING OK] NL | VLESS | 6941ms
2026-02-21 18:10:22 [INFO]    [PING OK] ES | VLESS | 3392ms
2026-02-21 18:10:22 [INFO]    [PING OK] DE | VLESS | 7130ms
2026-02-21 18:10:22 [INFO]    [PING OK] HU | VLESS | 3615ms
2026-02-21 18:10:23 [INFO]    [PING OK] PL | VLESS | 3629ms
2026-02-21 18:10:23 [INFO]    [PING OK] ES | VLESS | 3468ms
2026-02-21 18:10:23 [INFO]    [PING OK] PL | VLESS | 3426ms
2026-02-21 18:10:23 [INFO]    [PING OK] TR | VLESS | 3815ms
2026-02-21 18:10:24 [INFO]    [PING OK] IT | VLESS | 3908ms
2026-02-21 18:10:24 [INFO]    [PING OK] IT | VLESS | 3515ms
2026-02-21 18:10:24 [INFO]    [PING OK] PL | VLESS | 3961ms
2026-02-21 18:10:24 [INFO]    [PING OK] HU | VLESS | 3542ms
2026-02-21 18:10:24 [INFO]    [PING OK] IT | VLESS | 3778ms
2026-02-21 18:10:24 [INFO]    [PING OK] TR | VLESS | 3557ms
2026-02-21 18:10:24 [INFO]    [PING OK] TR | VLESS | 3961ms
2026-02-21 18:10:24 [INFO]    [PING OK] IT | VLESS | 3515ms
2026-02-21 18:10:24 [INFO]    [PING OK] DE | VLESS | 9308ms
2026-02-21 18:10:25 [INFO]    [PING OK] TR | VLESS | 3494ms
2026-02-21 18:10:25 [INFO]    [PING OK] DE | VLESS | 3449ms
2026-02-21 18:10:25 [INFO]    [PING OK] ES | VLESS | 3670ms
2026-02-21 18:10:25 [INFO]    [PING OK] NL | VLESS | 3369ms
2026-02-21 18:10:25 [INFO]    [PING OK] PL | VLESS | 3896ms
2026-02-21 18:10:25 [INFO]    [PING OK] EE | VLESS | 4005ms
2026-02-21 18:10:26 [INFO]    [PING OK] ES | VLESS | 2760ms
2026-02-21 18:10:26 [INFO]    [PING OK] HU | VLESS | 2956ms
2026-02-21 18:10:26 [INFO]    [PING OK] HU | VLESS | 3111ms
2026-02-21 18:10:26 [INFO]    [PING OK] PL | VLESS | 3014ms
2026-02-21 18:10:26 [INFO]    [PING OK] TR | VLESS | 5416ms
2026-02-21 18:10:26 [INFO]    [PING OK] IT | VLESS | 3197ms
2026-02-21 18:10:27 [INFO]    [PING OK] ES | VLESS | 3384ms
2026-02-21 18:10:27 [INFO]    [PING OK] TR | VLESS | 4032ms
2026-02-21 18:10:28 [INFO]    [PING OK] DE | VLESS | 6841ms
2026-02-21 18:10:28 [INFO]    [PING OK] ES | VLESS | 3817ms
2026-02-21 18:10:28 [INFO]    [PING OK] PL | VLESS | 3729ms
2026-02-21 18:10:28 [INFO]    [PING OK] PL | VLESS | 4522ms
2026-02-21 18:10:29 [INFO]    [PING OK] ES | VLESS | 4085ms
2026-02-21 18:10:29 [INFO]    [PING OK] PL | VLESS | 4436ms
2026-02-21 18:10:29 [INFO]    [PING OK] TR | VLESS | 4513ms
2026-02-21 18:10:30 [INFO]    [PING OK] FI | VLESS | 4351ms
2026-02-21 18:10:30 [INFO]    [PING OK] ES | VLESS | 4713ms
2026-02-21 18:10:30 [INFO]    [PING OK] TR | VLESS | 4705ms
2026-02-21 18:10:30 [INFO]    [PING OK] HU | VLESS | 4494ms
2026-02-21 18:10:30 [INFO]    [PING OK] DE | VLESS | 4753ms
2026-02-21 18:10:30 [INFO]    [PING OK] DE | VLESS | 4958ms
2026-02-21 18:10:31 [INFO]    [PING OK] EE | VLESS | 4671ms
2026-02-21 18:10:31 [INFO]    [PING OK] CA | VLESS | 4978ms
2026-02-21 18:10:32 [INFO]    [PING OK] CA | VLESS | 5286ms
2026-02-21 18:10:32 [INFO]    [PING OK] DE | VLESS | 6425ms
2026-02-21 18:10:34 [INFO]    [PING OK] CA | VLESS | 7458ms
2026-02-21 18:10:34 [INFO]    [PING OK] PL | VLESS | 8615ms
2026-02-21 18:10:35 [INFO]    [PING OK] CA | VLESS | 9253ms
2026-02-21 18:10:35 [INFO]    [PING OK] CA | VLESS | 5682ms
2026-02-21 18:10:35 [INFO]    [PING OK] CA | VLESS | 8688ms
2026-02-21 18:10:36 [INFO]    [PING OK] CA | VLESS | 5769ms
2026-02-21 18:10:36 [INFO]    [PING OK] GB | VLESS | 6275ms
2026-02-21 18:10:37 [INFO]    [PING OK] CA | VLESS | 6370ms
2026-02-21 18:10:37 [INFO]    [PING OK] CA | VLESS | 6415ms
2026-02-21 18:10:37 [INFO]    [PING OK] LV | VLESS | 7334ms
2026-02-21 18:10:37 [INFO]    [PING OK] CA | VLESS | 6421ms
2026-02-21 18:10:37 [INFO]    [PING OK] CA | VLESS | 6375ms
2026-02-21 18:10:37 [INFO]    [PING OK] CA | VLESS | 6477ms
2026-02-21 18:10:37 [INFO]    [PING OK] CA | VLESS | 6152ms
2026-02-21 18:10:38 [INFO]    [PING OK] CA | VLESS | 5741ms
2026-02-21 18:10:38 [INFO]    [PING OK] CA | VLESS | 7075ms
2026-02-21 18:10:39 [INFO]    [PING OK] FR | VLESS | 9009ms
2026-02-21 18:10:39 [INFO]    [PING OK] DE | VLESS | 3229ms
2026-02-21 18:10:39 [INFO]    [PING OK] CA | VLESS | 4100ms
2026-02-21 18:10:39 [INFO]    [PING OK] CA | VLESS | 3217ms
2026-02-21 18:10:40 [INFO]    [PING OK] CA | VLESS | 3759ms
2026-02-21 18:10:40 [INFO]    [PING OK] CA | VLESS | 2836ms
2026-02-21 18:10:40 [INFO]    [PING OK] CA | VLESS | 2666ms
2026-02-21 18:10:40 [INFO]    [PING OK] CA | VLESS | 2910ms
2026-02-21 18:10:40 [INFO]    [PING OK] CA | VLESS | 3182ms
2026-02-21 18:10:40 [INFO]    [PING OK] CA | VLESS | 4196ms
2026-02-21 18:10:41 [INFO]    [PING OK] US | VLESS | 5355ms
2026-02-21 18:10:42 [INFO]    [PING OK] DE | VLESS | 5348ms
2026-02-21 18:10:44 [INFO] 🏎️ ЭТАП 2: Глубокий замер скорости для 40 иностранных кандидатов...
2026-02-21 18:10:48 [INFO]    🏆 PL | VLESS | Пинг: 3014ms | Скорость: 6.78 Mbps ⚡⚡
2026-02-21 18:10:48 [INFO]    🏆 HU | VLESS | Пинг: 3111ms | Скорость: 6.81 Mbps ⚡⚡
2026-02-21 18:10:48 [INFO]    🏆 NL | VLESS | Пинг: 3369ms | Скорость: 6.94 Mbps ⚡⚡
2026-02-21 18:10:48 [INFO]    🏆 PL | VLESS | Пинг: 3426ms | Скорость: 6.84 Mbps ⚡⚡
2026-02-21 18:10:48 [INFO]    🏆 ES | VLESS | Пинг: 3392ms | Скорость: 6.76 Mbps ⚡⚡
2026-02-21 18:10:48 [INFO]    🏆 HU | VLESS | Пинг: 2956ms | Скорость: 6.31 Mbps ⚡⚡
2026-02-21 18:10:48 [INFO]    🏆 DE | VLESS | Пинг: 3229ms | Скорость: 6.39 Mbps ⚡⚡
2026-02-21 18:10:48 [INFO]    🏆 CA | VLESS | Пинг: 3217ms | Скорость: 5.91 Mbps ⚡⚡
2026-02-21 18:10:50 [INFO]    🏆 CA | VLESS | Пинг: 3182ms | Скорость: 3.95 Mbps ⚡⚡
2026-02-21 18:10:50 [INFO]    🏆 CA | VLESS | Пинг: 2836ms | Скорость: 3.78 Mbps ⚡⚡
2026-02-21 18:10:51 [INFO]    🏆 ES | VLESS | Пинг: 2760ms | Скорость: 1.48 Mbps 
2026-02-21 18:10:51 [INFO]    🏆 ES | VLESS | Пинг: 3468ms | Скорость: 7.09 Mbps ⚡⚡
2026-02-21 18:10:52 [INFO]    🏆 HU | VLESS | Пинг: 3615ms | Скорость: 8.16 Mbps ⚡⚡
2026-02-21 18:10:52 [INFO]    🏆 TR | VLESS | Пинг: 3557ms | Скорость: 7.13 Mbps ⚡⚡
2026-02-21 18:10:52 [INFO]    🏆 TR | VLESS | Пинг: 3494ms | Скорость: 6.53 Mbps ⚡⚡
2026-02-21 18:10:53 [INFO]    🏆 PL | VLESS | Пинг: 3629ms | Скорость: 5.9 Mbps ⚡⚡
2026-02-21 18:10:53 [INFO]    🏆 PL | VLESS | Пинг: 3729ms | Скорость: 9.99 Mbps ⚡⚡
2026-02-21 18:10:55 [INFO]    🏆 CA | VLESS | Пинг: 3759ms | Скорость: 6.72 Mbps ⚡⚡
2026-02-21 18:10:55 [INFO]    🏆 HU | VLESS | Пинг: 3542ms | Скорость: 2.49 Mbps ⚡
2026-02-21 18:10:55 [INFO]    🏆 PL | VLESS | Пинг: 3896ms | Скорость: 8.02 Mbps ⚡⚡
2026-02-21 18:10:55 [INFO]    🏆 EE | VLESS | Пинг: 4005ms | Скорость: 13.92 Mbps ⚡⚡
2026-02-21 18:10:55 [INFO]    🏆 HU | VLESS | Пинг: 3574ms | Скорость: 1.47 Mbps 
2026-02-21 18:10:56 [INFO]    🏆 IT | VLESS | Пинг: 3778ms | Скорость: 5.38 Mbps ⚡⚡
2026-02-21 18:10:57 [INFO]    🏆 ES | VLESS | Пинг: 3670ms | Скорость: 1.09 Mbps 
2026-02-21 18:10:57 [INFO]    🏆 ES | VLESS | Пинг: 4085ms | Скорость: 10.24 Mbps ⚡⚡
2026-02-21 18:10:59 [INFO]    🏆 TR | VLESS | Пинг: 3815ms | Скорость: 0.68 Mbps 
2026-02-21 18:10:59 [INFO]    🏆 HU | VLESS | Пинг: 4065ms | Скорость: 6.32 Mbps ⚡⚡
2026-02-21 18:10:59 [INFO]    🏆 PL | VLESS | Пинг: 3961ms | Скорость: 2.51 Mbps ⚡
2026-02-21 18:11:01 [INFO]    🏆 TR | VLESS | Пинг: 4032ms | Скорость: 0.68 Mbps 
2026-02-21 18:11:02 [INFO]    🏆 CA | VLESS | Пинг: 4100ms | Скорость: 0.67 Mbps 
2026-02-21 18:11:02 [INFO] 📊 Итого в подписке сохранено иностранных серверов: 10
2026-02-21 18:11:02 [INFO] 💾 Файл успешно сохранен: FL1PVPN
