2026-02-18 11:50:06 [INFO] 🚀 START: Smart VLESS Selector (Target: 10, Strict Mode)
2026-02-18 11:50:06 [INFO] 🌐 Загрузка источников...
2026-02-18 11:50:08 [INFO] 🔍 Уникальных конфигов собрано: 315
2026-02-18 11:50:08 [INFO] ⚡ ЭТАП 1: Быстрый замер Пинга (Workers: 25)...
2026-02-18 11:50:09 [INFO]    [PING OK] DE | 156ms
2026-02-18 11:50:10 [INFO]    [PING OK] DE | 153ms
2026-02-18 11:50:11 [INFO]    [PING OK] RU | 320ms
2026-02-18 11:50:12 [INFO]    [PING OK] DE | 3434ms
2026-02-18 11:50:13 [INFO]    [PING OK] US | 4042ms
2026-02-18 11:50:13 [INFO]    [PING OK] RU | 4760ms
2026-02-18 11:50:14 [INFO]    [PING OK] DE | 157ms
2026-02-18 11:50:16 [INFO]    [PING OK] DE | 970ms
2026-02-18 11:50:16 [INFO]    [PING OK] RU | 419ms
2026-02-18 11:50:17 [INFO]    [PING OK] IT | 727ms
2026-02-18 11:50:18 [INFO]    [PING OK] RU | 231ms
2026-02-18 11:50:18 [INFO]    [PING OK] RU | 259ms
2026-02-18 11:50:18 [INFO]    [PING OK] RU | 369ms
2026-02-18 11:50:18 [INFO]    [PING OK] RU | 336ms
2026-02-18 11:50:18 [INFO]    [PING OK] RU | 330ms
2026-02-18 11:50:19 [INFO]    [PING OK] RU | 341ms
2026-02-18 11:50:19 [INFO]    [PING OK] RU | 430ms
2026-02-18 11:50:19 [INFO]    [PING OK] RU | 185ms
2026-02-18 11:50:19 [INFO]    [PING OK] RU | 588ms
2026-02-18 11:50:19 [INFO]    [PING OK] RU | 260ms
2026-02-18 11:50:19 [INFO]    [PING OK] RU | 311ms
2026-02-18 11:50:19 [INFO]    [PING OK] RU | 486ms
2026-02-18 11:50:20 [INFO]    [PING OK] RU | 261ms
2026-02-18 11:50:20 [INFO]    [PING OK] RU | 363ms
2026-02-18 11:50:20 [INFO]    [PING OK] RU | 261ms
2026-02-18 11:50:20 [INFO]    [PING OK] RU | 417ms
2026-02-18 11:50:20 [INFO]    [PING OK] RU | 585ms
2026-02-18 11:50:20 [INFO]    [PING OK] RU | 231ms
2026-02-18 11:50:20 [INFO]    [PING OK] RU | 256ms
2026-02-18 11:50:20 [INFO]    [PING OK] RU | 551ms
2026-02-18 11:50:20 [INFO]    [PING OK] RU | 278ms
2026-02-18 11:50:20 [INFO]    [PING OK] RU | 290ms
2026-02-18 11:50:20 [INFO]    [PING OK] RU | 381ms
2026-02-18 11:50:21 [INFO]    [PING OK] RU | 312ms
2026-02-18 11:50:21 [INFO]    [PING OK] RU | 404ms
2026-02-18 11:50:21 [INFO]    [PING OK] RU | 489ms
2026-02-18 11:50:21 [INFO]    [PING OK] RU | 66ms
2026-02-18 11:50:21 [INFO]    [PING OK] RU | 355ms
2026-02-18 11:50:21 [INFO]    [PING OK] RU | 211ms
2026-02-18 11:50:21 [INFO]    [PING OK] RU | 265ms
2026-02-18 11:50:21 [INFO]    [PING OK] RU | 197ms
2026-02-18 11:50:22 [INFO]    [PING OK] RU | 431ms
2026-02-18 11:50:22 [INFO]    [PING OK] RU | 274ms
2026-02-18 11:50:22 [INFO]    [PING OK] RU | 92ms
2026-02-18 11:50:22 [INFO]    [PING OK] RU | 699ms
2026-02-18 11:50:22 [INFO]    [PING OK] RU | 460ms
2026-02-18 11:50:22 [INFO]    [PING OK] RU | 261ms
2026-02-18 11:50:22 [INFO]    [PING OK] RU | 332ms
2026-02-18 11:50:22 [INFO]    [PING OK] US | 219ms
2026-02-18 11:50:22 [INFO]    [PING OK] RU | 417ms
2026-02-18 11:50:22 [INFO]    [PING OK] NL | 529ms
2026-02-18 11:50:23 [INFO]    [PING OK] RU | 345ms
2026-02-18 11:50:24 [INFO]    [PING OK] RU | 3967ms
2026-02-18 11:50:24 [INFO]    [PING OK] RU | 625ms
2026-02-18 11:50:24 [INFO]    [PING OK] RU | 957ms
2026-02-18 11:50:24 [INFO]    [PING OK] DE | 1428ms
2026-02-18 11:50:25 [INFO]    [PING OK] RU | 1384ms
2026-02-18 11:50:25 [INFO]    [PING OK] RU | 2435ms
2026-02-18 11:50:26 [INFO]    [PING OK] RU | 906ms
2026-02-18 11:50:26 [INFO]    [PING OK] RU | 2697ms
2026-02-18 11:50:26 [INFO]    [PING OK] RU | 158ms
2026-02-18 11:50:26 [INFO]    [PING OK] RU | 2653ms
2026-02-18 11:50:26 [INFO]    [PING OK] RU | 852ms
2026-02-18 11:50:27 [INFO]    [PING OK] RU | 3738ms
2026-02-18 11:50:27 [INFO]    [PING OK] RU | 4884ms
2026-02-18 11:50:27 [INFO]    [PING OK] RU | 1878ms
2026-02-18 11:50:27 [INFO]    [PING OK] RU | 3540ms
2026-02-18 11:50:27 [INFO]    [PING OK] RU | 94ms
2026-02-18 11:50:27 [INFO]    [PING OK] RU | 151ms
2026-02-18 11:50:28 [INFO]    [PING OK] RU | 4733ms
2026-02-18 11:50:28 [INFO]    [PING OK] RU | 3368ms
2026-02-18 11:50:28 [INFO]    [PING OK] AT | 251ms
2026-02-18 11:50:28 [INFO]    [PING OK] RU | 1839ms
2026-02-18 11:50:29 [INFO]    [PING OK] DE | 682ms
2026-02-18 11:50:29 [INFO]    [PING OK] RU | 168ms
2026-02-18 11:50:29 [INFO]    [PING OK] FI | 190ms
2026-02-18 11:50:29 [INFO]    [PING OK] DE | 545ms
2026-02-18 11:50:29 [INFO]    [PING OK] HU | 1385ms
2026-02-18 11:50:30 [INFO]    [PING OK] US | 646ms
2026-02-18 11:50:30 [INFO]    [PING OK] DE | 205ms
2026-02-18 11:50:30 [INFO]    [PING OK] RU | 4253ms
2026-02-18 11:50:31 [INFO]    [PING OK] RU | 3771ms
2026-02-18 11:50:31 [INFO]    [PING OK] RU | 4805ms
2026-02-18 11:50:33 [INFO]    [PING OK] NL | 216ms
2026-02-18 11:50:34 [INFO]    [PING OK] NL | 3031ms
2026-02-18 11:50:35 [INFO]    [PING OK] AE | 191ms
2026-02-18 11:50:36 [INFO]    [PING OK] LV | 332ms
2026-02-18 11:50:36 [INFO]    [PING OK] UZ | 405ms
2026-02-18 11:50:36 [INFO]    [PING OK] MD | 160ms
2026-02-18 11:50:36 [INFO]    [PING OK] NL | 1700ms
2026-02-18 11:50:37 [INFO]    [PING OK] PL | 110ms
2026-02-18 11:50:37 [INFO]    [PING OK] FI | 177ms
2026-02-18 11:50:38 [INFO]    [PING OK] PL | 127ms
2026-02-18 11:50:38 [INFO]    [PING OK] JP | 1602ms
2026-02-18 11:50:39 [INFO]    [PING OK] US | 1660ms
2026-02-18 11:50:40 [INFO]    [PING OK] FI | 243ms
2026-02-18 11:50:44 [INFO] 🏎️ ЭТАП 2: Глубокий замер скорости для ТОП-10 серверов...
2026-02-18 11:50:51 [INFO]    🏆 PL | Пинг: 110ms | Скорость: 0.0 Mbps 
2026-02-18 11:50:51 [INFO]    🏆 PL | Пинг: 127ms | Скорость: 10.96 Mbps ⚡⚡
2026-02-18 11:50:51 [INFO]    🏆 DE | Пинг: 153ms | Скорость: 11.33 Mbps ⚡⚡
2026-02-18 11:50:51 [INFO]    🏆 DE | Пинг: 156ms | Скорость: 0.0 Mbps 
2026-02-18 11:50:51 [INFO]    🏆 DE | Пинг: 157ms | Скорость: 11.13 Mbps ⚡⚡
2026-02-18 11:50:51 [INFO]    🏆 MD | Пинг: 160ms | Скорость: 8.76 Mbps ⚡⚡
2026-02-18 11:50:51 [INFO]    🏆 FI | Пинг: 177ms | Скорость: 11.56 Mbps ⚡⚡
2026-02-18 11:50:51 [INFO]    🏆 FI | Пинг: 190ms | Скорость: 0.0 Mbps 
2026-02-18 11:50:51 [INFO]    🏆 AE | Пинг: 191ms | Скорость: 11.45 Mbps ⚡⚡
2026-02-18 11:50:51 [INFO]    🏆 RU | Пинг: 66ms | Скорость: 0.0 Mbps 
2026-02-18 11:50:51 [INFO] 🇷🇺 Добавлен RU сервер: 87.242.103.184
2026-02-18 11:50:51 [INFO] 📊 Итого в подписке сохранено: 10 серверов
2026-02-18 11:50:51 [INFO] 💾 Файл успешно сохранен: FL1PVPN
