2026-02-19 19:20:05 [INFO] 🚀 START: Smart VPN Selector (Target: 10, Strict Mode)
2026-02-19 19:20:05 [INFO] 🌐 Загрузка источников...
2026-02-19 19:20:09 [INFO] 🔍 Уникальных конфигов собрано: 1215
2026-02-19 19:20:09 [INFO] ⚡ ЭТАП 1: Быстрый замер Пинга (Workers: 25)...
2026-02-19 19:20:10 [INFO]    [PING OK] RU | 264ms
2026-02-19 19:20:10 [INFO]    [PING OK] RU | 319ms
2026-02-19 19:20:10 [INFO]    [PING OK] TR | 665ms
2026-02-19 19:20:11 [INFO]    [PING OK] TR | 1102ms
2026-02-19 19:20:11 [INFO]    [PING OK] DE | 483ms
2026-02-19 19:20:13 [INFO]    [PING OK] LT | 1888ms
2026-02-19 19:20:16 [INFO]    [PING OK] RU | 3751ms
2026-02-19 19:20:19 [INFO]    [PING OK] RU | 160ms
2026-02-19 19:20:19 [INFO]    [PING OK] GB | 203ms
2026-02-19 19:20:20 [INFO]    [PING OK] DE | 450ms
2026-02-19 19:20:21 [INFO]    [PING OK] US | 1070ms
2026-02-19 19:20:21 [INFO]    [PING OK] TR | 1138ms
2026-02-19 19:20:22 [INFO]    [PING OK] RU | 4909ms
2026-02-19 19:20:22 [INFO]    [PING OK] RU | 382ms
2026-02-19 19:20:23 [INFO]    [PING OK] DE | 1868ms
2026-02-19 19:20:24 [INFO]    [PING OK] RU | 202ms
2026-02-19 19:20:24 [INFO]    [PING OK] RU | 217ms
2026-02-19 19:20:24 [INFO]    [PING OK] RU | 238ms
2026-02-19 19:20:24 [INFO]    [PING OK] RU | 87ms
2026-02-19 19:20:24 [INFO]    [PING OK] RU | 298ms
2026-02-19 19:20:24 [INFO]    [PING OK] RU | 459ms
2026-02-19 19:20:24 [INFO]    [PING OK] RU | 237ms
2026-02-19 19:20:24 [INFO]    [PING OK] RU | 871ms
2026-02-19 19:20:25 [INFO]    [PING OK] RU | 130ms
2026-02-19 19:20:25 [INFO]    [PING OK] RU | 275ms
2026-02-19 19:20:25 [INFO]    [PING OK] RU | 235ms
2026-02-19 19:20:25 [INFO]    [PING OK] RU | 402ms
2026-02-19 19:20:25 [INFO]    [PING OK] RU | 388ms
2026-02-19 19:20:25 [INFO]    [PING OK] RU | 283ms
2026-02-19 19:20:25 [INFO]    [PING OK] RU | 232ms
2026-02-19 19:20:25 [INFO]    [PING OK] RU | 321ms
2026-02-19 19:20:25 [INFO]    [PING OK] RU | 255ms
2026-02-19 19:20:26 [INFO]    [PING OK] RU | 325ms
2026-02-19 19:20:26 [INFO]    [PING OK] RU | 296ms
2026-02-19 19:20:26 [INFO]    [PING OK] RU | 335ms
2026-02-19 19:20:26 [INFO]    [PING OK] RU | 243ms
2026-02-19 19:20:26 [INFO]    [PING OK] RU | 499ms
2026-02-19 19:20:26 [INFO]    [PING OK] RU | 618ms
2026-02-19 19:20:27 [INFO]    [PING OK] RU | 300ms
2026-02-19 19:20:27 [INFO]    [PING OK] RU | 1068ms
2026-02-19 19:20:27 [INFO]    [PING OK] RU | 339ms
2026-02-19 19:20:27 [INFO]    [PING OK] RU | 240ms
2026-02-19 19:20:27 [INFO]    [PING OK] RU | 343ms
2026-02-19 19:20:27 [INFO]    [PING OK] RU | 823ms
2026-02-19 19:20:28 [INFO]    [PING OK] RU | 345ms
2026-02-19 19:20:28 [INFO]    [PING OK] RU | 2002ms
2026-02-19 19:20:28 [INFO]    [PING OK] RU | 342ms
2026-02-19 19:20:28 [INFO]    [PING OK] RU | 1332ms
2026-02-19 19:20:28 [INFO]    [PING OK] RU | 277ms
2026-02-19 19:20:28 [INFO]    [PING OK] RU | 1644ms
2026-02-19 19:20:28 [INFO]    [PING OK] RU | 1295ms
2026-02-19 19:20:28 [INFO]    [PING OK] RU | 567ms
2026-02-19 19:20:28 [INFO]    [PING OK] RU | 1652ms
2026-02-19 19:20:29 [INFO]    [PING OK] RU | 321ms
2026-02-19 19:20:29 [INFO]    [PING OK] RU | 701ms
2026-02-19 19:20:29 [INFO]    [PING OK] RU | 122ms
2026-02-19 19:20:29 [INFO]    [PING OK] RU | 1379ms
2026-02-19 19:20:29 [INFO]    [PING OK] RU | 175ms
2026-02-19 19:20:29 [INFO]    [PING OK] RU | 2214ms
2026-02-19 19:20:29 [INFO]    [PING OK] GB | 152ms
2026-02-19 19:20:29 [INFO]    [PING OK] RU | 1024ms
2026-02-19 19:20:30 [INFO]    [PING OK] RU | 1002ms
2026-02-19 19:20:30 [INFO]    [PING OK] RU | 2933ms
2026-02-19 19:20:30 [INFO]    [PING OK] MD | 202ms
2026-02-19 19:20:30 [INFO]    [PING OK] RU | 2635ms
2026-02-19 19:20:31 [INFO]    [PING OK] GB | 538ms
2026-02-19 19:20:31 [INFO]    [PING OK] JP | 418ms
2026-02-19 19:20:31 [INFO]    [PING OK] CY | 1022ms
2026-02-19 19:20:31 [INFO]    [PING OK] GB | 1224ms
2026-02-19 19:20:31 [INFO]    [PING OK] HU | 325ms
2026-02-19 19:20:31 [INFO]    [PING OK] HK | 1263ms
2026-02-19 19:20:32 [INFO]    [PING OK] GB | 148ms
2026-02-19 19:20:32 [INFO]    [PING OK] MX | 330ms
2026-02-19 19:20:32 [INFO]    [PING OK] US | 711ms
2026-02-19 19:20:33 [INFO]    [PING OK] RU | 3722ms
2026-02-19 19:20:33 [INFO]    [PING OK] SE | 137ms
2026-02-19 19:20:33 [INFO]    [PING OK] DE | 234ms
2026-02-19 19:20:33 [INFO]    [PING OK] TR | 273ms
2026-02-19 19:20:33 [INFO]    [PING OK] GB | 374ms
2026-02-19 19:20:34 [INFO]    [PING OK] US | 424ms
2026-02-19 19:20:34 [INFO]    [PING OK] FR | 278ms
2026-02-19 19:20:34 [INFO]    [PING OK] FI | 4890ms
2026-02-19 19:20:34 [INFO]    [PING OK] US | 341ms
2026-02-19 19:20:35 [INFO]    [PING OK] LV | 1225ms
2026-02-19 19:20:35 [INFO]    [PING OK] US | 3450ms
2026-02-19 19:20:35 [INFO]    [PING OK] US | 1831ms
2026-02-19 19:20:35 [INFO]    [PING OK] NL | 238ms
2026-02-19 19:20:35 [INFO]    [PING OK] SG | 1036ms
2026-02-19 19:20:35 [INFO]    [PING OK] DE | 151ms
2026-02-19 19:20:36 [INFO]    [PING OK] SG | 2329ms
2026-02-19 19:20:36 [INFO]    [PING OK] LV | 457ms
2026-02-19 19:20:37 [INFO]    [PING OK] US | 526ms
2026-02-19 19:20:37 [INFO]    [PING OK] AU | 593ms
2026-02-19 19:20:38 [INFO]    [PING OK] UZ | 555ms
2026-02-19 19:20:38 [INFO]    [PING OK] SG | 506ms
2026-02-19 19:20:38 [INFO]    [PING OK] US | 430ms
2026-02-19 19:20:39 [INFO]    [PING OK] US | 5025ms
2026-02-19 19:20:40 [INFO]    [PING OK] MD | 3292ms
2026-02-19 19:20:40 [INFO]    [PING OK] IL | 267ms
2026-02-19 19:20:40 [INFO]    [PING OK] AU | 1233ms
2026-02-19 19:20:40 [INFO]    [PING OK] US | 423ms
2026-02-19 19:20:40 [INFO]    [PING OK] GB | 152ms
2026-02-19 19:20:41 [INFO]    [PING OK] US | 380ms
2026-02-19 19:20:41 [INFO]    [PING OK] NL | 232ms
2026-02-19 19:20:42 [INFO]    [PING OK] NL | 286ms
2026-02-19 19:20:42 [INFO]    [PING OK] US | 428ms
2026-02-19 19:20:42 [INFO]    [PING OK] US | 694ms
2026-02-19 19:20:42 [INFO]    [PING OK] GR | 219ms
2026-02-19 19:20:42 [INFO]    [PING OK] GB | 2400ms
2026-02-19 19:20:42 [INFO]    [PING OK] HK | 909ms
2026-02-19 19:20:42 [INFO]    [PING OK] CA | 342ms
2026-02-19 19:20:42 [INFO]    [PING OK] US | 926ms
2026-02-19 19:20:42 [INFO]    [PING OK] GB | 236ms
2026-02-19 19:20:43 [INFO]    [PING OK] FR | 178ms
2026-02-19 19:20:43 [INFO]    [PING OK] IT | 551ms
2026-02-19 19:20:43 [INFO]    [PING OK] DE | 233ms
2026-02-19 19:20:43 [INFO]    [PING OK] US | 378ms
2026-02-19 19:20:43 [INFO]    [PING OK] DE | 120ms
2026-02-19 19:20:43 [INFO]    [PING OK] US | 1043ms
2026-02-19 19:20:44 [INFO]    [PING OK] US | 378ms
2026-02-19 19:20:44 [INFO]    [PING OK] BG | 111ms
2026-02-19 19:20:44 [INFO]    [PING OK] DE | 145ms
2026-02-19 19:20:44 [INFO]    [PING OK] GB | 561ms
2026-02-19 19:20:48 [INFO]    [PING OK] GB | 4871ms
2026-02-19 19:20:51 [INFO]    [PING OK] FR | 147ms
2026-02-19 19:20:56 [INFO]    [PING OK] GB | 168ms
2026-02-19 19:21:00 [INFO]    [PING OK] FR | 136ms
2026-02-19 19:21:06 [INFO]    [PING OK] DE | 337ms
2026-02-19 19:21:07 [INFO]    [PING OK] DE | 258ms
2026-02-19 19:21:08 [INFO]    [PING OK] US | 277ms
2026-02-19 19:21:09 [INFO]    [PING OK] GB | 2730ms
2026-02-19 19:21:19 [INFO]    [PING OK] GB | 433ms
2026-02-19 19:21:19 [INFO]    [PING OK] GB | 194ms
2026-02-19 19:21:20 [INFO]    [PING OK] JP | 1041ms
2026-02-19 19:21:22 [INFO]    [PING OK] NO | 1893ms
2026-02-19 19:21:22 [INFO]    [PING OK] GB | 125ms
2026-02-19 19:21:22 [INFO]    [PING OK] GB | 402ms
2026-02-19 19:21:22 [INFO]    [PING OK] GB | 2275ms
2026-02-19 19:21:23 [INFO]    [PING OK] GB | 139ms
2026-02-19 19:21:23 [INFO]    [PING OK] GB | 172ms
2026-02-19 19:21:25 [INFO]    [PING OK] GB | 1116ms
2026-02-19 19:21:25 [INFO]    [PING OK] DE | 714ms
2026-02-19 19:21:26 [INFO]    [PING OK] TW | 1981ms
2026-02-19 19:21:28 [INFO]    [PING OK] GB | 259ms
2026-02-19 19:21:28 [INFO]    [PING OK] GB | 940ms
2026-02-19 19:21:28 [INFO]    [PING OK] RU | 1210ms
2026-02-19 19:21:29 [INFO]    [PING OK] US | 549ms
2026-02-19 19:21:29 [INFO]    [PING OK] TR | 331ms
2026-02-19 19:21:29 [INFO]    [PING OK] GB | 125ms
2026-02-19 19:21:30 [INFO]    [PING OK] DE | 855ms
2026-02-19 19:21:30 [INFO]    [PING OK] DE | 1407ms
2026-02-19 19:21:31 [INFO]    [PING OK] GB | 210ms
2026-02-19 19:21:32 [INFO]    [PING OK] RU | 1024ms
2026-02-19 19:21:35 [INFO]    [PING OK] RU | 5015ms
2026-02-19 19:21:36 [INFO]    [PING OK] RU | 5004ms
2026-02-19 19:21:37 [INFO]    [PING OK] RU | 287ms
2026-02-19 19:21:37 [INFO]    [PING OK] RU | 1478ms
2026-02-19 19:21:38 [INFO]    [PING OK] NL | 352ms
2026-02-19 19:21:38 [INFO]    [PING OK] DE | 413ms
2026-02-19 19:21:41 [INFO]    [PING OK] DE | 259ms
2026-02-19 19:21:42 [INFO]    [PING OK] ES | 421ms
2026-02-19 19:21:43 [INFO]    [PING OK] RU | 3479ms
2026-02-19 19:21:45 [INFO]    [PING OK] RU | 1120ms
2026-02-19 19:21:49 [INFO]    [PING OK] DE | 2882ms
2026-02-19 19:21:53 [INFO] 🏎️ ЭТАП 2: Глубокий замер скорости для ТОП-10 серверов...
2026-02-19 19:22:00 [INFO]    🏆 BG | Пинг: 111ms | Скорость: 2.4 Mbps ⚡
2026-02-19 19:22:00 [INFO]    🏆 DE | Пинг: 120ms | Скорость: 0.0 Mbps 
2026-02-19 19:22:00 [INFO]    🏆 GB | Пинг: 125ms | Скорость: 11.35 Mbps ⚡⚡
2026-02-19 19:22:00 [INFO]    🏆 GB | Пинг: 125ms | Скорость: 11.35 Mbps ⚡⚡
2026-02-19 19:22:00 [INFO]    🏆 FR | Пинг: 136ms | Скорость: 5.43 Mbps ⚡⚡
2026-02-19 19:22:00 [INFO]    🏆 SE | Пинг: 137ms | Скорость: 0.0 Mbps 
2026-02-19 19:22:00 [INFO]    🏆 GB | Пинг: 139ms | Скорость: 11.68 Mbps ⚡⚡
2026-02-19 19:22:00 [INFO]    🏆 DE | Пинг: 145ms | Скорость: 0.0 Mbps 
2026-02-19 19:22:00 [INFO]    🏆 FR | Пинг: 147ms | Скорость: 5.65 Mbps ⚡⚡
2026-02-19 19:22:00 [INFO]    🏆 RU | Пинг: 87ms | Скорость: 0.0 Mbps 
2026-02-19 19:22:00 [INFO] 🇷🇺 Добавлен RU сервер: 109.120.191.46
2026-02-19 19:22:00 [INFO] 📊 Итого в подписке сохранено: 10 серверов
2026-02-19 19:22:00 [INFO] 💾 Файл успешно сохранен: FL1PVPN
