2026-02-26 00:10:05 [INFO] 🚀 START: Smart Selector (Target: 10, ONLY FOREIGN)
2026-02-26 00:10:05 [INFO] 🌐 Загрузка источников (VLESS + VMess)...
2026-02-26 00:10:07 [INFO] 🔍 Уникальных конфигов собрано: 142
2026-02-26 00:10:07 [INFO] ⚡ ЭТАП 1: Замер Пинга и Геолокации. Workers: 40...
2026-02-26 00:10:12 [INFO]    [PING OK] DE | VLESS | 4590ms
2026-02-26 00:10:12 [INFO]    [PING OK] DE | VLESS | 4247ms
2026-02-26 00:10:12 [INFO]    [PING OK] DE | VLESS | 4458ms
2026-02-26 00:10:12 [INFO]    [PING OK] NL | VLESS | 4691ms
2026-02-26 00:10:12 [INFO]    [PING OK] NL | VLESS | 4777ms
2026-02-26 00:10:12 [INFO]    [PING OK] DE | VLESS | 4459ms
2026-02-26 00:10:13 [INFO]    [PING OK] DE | VLESS | 4498ms
2026-02-26 00:10:13 [INFO]    [PING OK] NL | VLESS | 4681ms
2026-02-26 00:10:13 [INFO]    [PING OK] NL | VLESS | 4847ms
2026-02-26 00:10:13 [INFO]    [PING OK] US | VLESS | 4722ms
2026-02-26 00:10:13 [INFO]    [PING OK] FI | VLESS | 4760ms
2026-02-26 00:10:13 [INFO]    [PING OK] DE | VLESS | 4676ms
2026-02-26 00:10:14 [INFO]    [PING OK] DE | VLESS | 4031ms
2026-02-26 00:10:14 [INFO]    [PING OK] DE | VLESS | 3557ms
2026-02-26 00:10:14 [INFO]    [PING OK] DE | VLESS | 4187ms
2026-02-26 00:10:14 [INFO]    [PING OK] NL | VLESS | 4539ms
2026-02-26 00:10:14 [INFO]    [PING OK] NL | VLESS | 3423ms
2026-02-26 00:10:14 [INFO]    [PING OK] NL | VLESS | 3807ms
2026-02-26 00:10:14 [INFO]    [PING OK] US | VLESS | 3878ms
2026-02-26 00:10:14 [INFO]    [PING OK] NL | VLESS | 3480ms
2026-02-26 00:10:18 [INFO]    [PING OK] NL | VLESS | 4980ms
2026-02-26 00:10:18 [INFO]    [PING OK] NL | VLESS | 4859ms
2026-02-26 00:10:18 [INFO]    [PING OK] NL | VLESS | 4916ms
2026-02-26 00:10:18 [INFO]    [PING OK] DE | VLESS | 4806ms
2026-02-26 00:10:19 [INFO]    [PING OK] FR | VLESS | 7989ms
2026-02-26 00:10:19 [INFO]    [PING OK] DE | VLESS | 4712ms
2026-02-26 00:10:20 [INFO]    [PING OK] SG | VLESS | 5543ms
2026-02-26 00:10:20 [INFO]    [PING OK] SG | VLESS | 5578ms
2026-02-26 00:10:20 [INFO]    [PING OK] FR | VLESS | 4898ms
2026-02-26 00:10:21 [INFO]    [PING OK] DE | VLESS | 4850ms
2026-02-26 00:10:21 [INFO]    [PING OK] LV | VLESS | 5256ms
2026-02-26 00:10:22 [INFO]    [PING OK] CA | VLESS | 8654ms
2026-02-26 00:10:22 [INFO]    [PING OK] SG | VLESS | 5110ms
2026-02-26 00:10:23 [INFO]    [PING OK] LV | VLESS | 4605ms
2026-02-26 00:10:23 [INFO]    [PING OK] US | VLESS | 4571ms
2026-02-26 00:10:23 [INFO]    [PING OK] CA | VLESS | 9540ms
2026-02-26 00:10:23 [INFO]    [PING OK] GB | VLESS | 4205ms
2026-02-26 00:10:23 [INFO]    [PING OK] CA | VLESS | 6110ms
2026-02-26 00:10:23 [INFO]    [PING OK] NL | VLESS | 3739ms
2026-02-26 00:10:24 [INFO]    [PING OK] GB | VLESS | 1830ms
2026-02-26 00:10:24 [INFO]    [PING OK] TW | VLESS | 3958ms
2026-02-26 00:10:24 [INFO]    [PING OK] CA | VLESS | 9217ms
2026-02-26 00:10:25 [INFO]    [PING OK] SG | VLESS | 5389ms
2026-02-26 00:10:26 [INFO]    [PING OK] CA | VLESS | 7995ms
2026-02-26 00:10:28 [INFO] 🏎️ ЭТАП 2: Глубокий замер скорости для 40 иностранных кандидатов...
2026-02-26 00:10:34 [INFO]    🏆 NL | VLESS | Пинг: 3807ms | Скорость: 4.48 Mbps ⚡⚡
2026-02-26 00:10:34 [INFO]    🏆 DE | VLESS | Пинг: 4031ms | Скорость: 4.52 Mbps ⚡⚡
2026-02-26 00:10:34 [INFO]    🏆 DE | VLESS | Пинг: 4187ms | Скорость: 4.52 Mbps ⚡⚡
2026-02-26 00:10:34 [INFO]    🏆 GB | VLESS | Пинг: 1830ms | Скорость: 4.35 Mbps ⚡⚡
2026-02-26 00:10:34 [INFO]    🏆 NL | VLESS | Пинг: 3480ms | Скорость: 4.35 Mbps ⚡⚡
2026-02-26 00:10:34 [INFO]    🏆 DE | VLESS | Пинг: 4459ms | Скорость: 4.59 Mbps ⚡⚡
2026-02-26 00:10:34 [INFO]    🏆 NL | VLESS | Пинг: 3739ms | Скорость: 4.38 Mbps ⚡⚡
2026-02-26 00:10:34 [INFO]    🏆 GB | VLESS | Пинг: 4205ms | Скорость: 4.49 Mbps ⚡⚡
2026-02-26 00:10:34 [INFO]    🏆 DE | VLESS | Пинг: 4247ms | Скорость: 4.5 Mbps ⚡⚡
2026-02-26 00:10:34 [INFO]    🏆 DE | VLESS | Пинг: 4458ms | Скорость: 4.55 Mbps ⚡⚡
2026-02-26 00:10:34 [INFO]    🏆 NL | VLESS | Пинг: 3423ms | Скорость: 4.32 Mbps ⚡⚡
2026-02-26 00:10:34 [INFO]    🏆 DE | VLESS | Пинг: 4498ms | Скорость: 4.61 Mbps ⚡⚡
2026-02-26 00:10:34 [INFO]    🏆 DE | VLESS | Пинг: 3557ms | Скорость: 4.32 Mbps ⚡⚡
2026-02-26 00:10:34 [INFO]    🏆 TW | VLESS | Пинг: 3958ms | Скорость: 4.01 Mbps ⚡⚡
2026-02-26 00:10:38 [INFO]    🏆 LV | VLESS | Пинг: 4605ms | Скорость: 6.24 Mbps ⚡⚡
2026-02-26 00:10:38 [INFO]    🏆 NL | VLESS | Пинг: 4777ms | Скорость: 6.27 Mbps ⚡⚡
2026-02-26 00:10:38 [INFO]    🏆 NL | VLESS | Пинг: 4681ms | Скорость: 6.13 Mbps ⚡⚡
2026-02-26 00:10:38 [INFO]    🏆 DE | VLESS | Пинг: 4850ms | Скорость: 6.75 Mbps ⚡⚡
2026-02-26 00:10:38 [INFO]    🏆 NL | VLESS | Пинг: 4691ms | Скорость: 5.97 Mbps ⚡⚡
2026-02-26 00:10:38 [INFO]    🏆 DE | VLESS | Пинг: 4806ms | Скорость: 5.97 Mbps ⚡⚡
2026-02-26 00:10:38 [INFO]    🏆 US | VLESS | Пинг: 4722ms | Скорость: 6.08 Mbps ⚡⚡
2026-02-26 00:10:38 [INFO]    🏆 DE | VLESS | Пинг: 4676ms | Скорость: 6.0 Mbps ⚡⚡
2026-02-26 00:10:38 [INFO]    🏆 NL | VLESS | Пинг: 4539ms | Скорость: 5.87 Mbps ⚡⚡
2026-02-26 00:10:38 [INFO]    🏆 DE | VLESS | Пинг: 4590ms | Скорость: 5.91 Mbps ⚡⚡
2026-02-26 00:10:38 [INFO]    🏆 DE | VLESS | Пинг: 4712ms | Скорость: 5.91 Mbps ⚡⚡
2026-02-26 00:10:38 [INFO]    🏆 NL | VLESS | Пинг: 4847ms | Скорость: 5.83 Mbps ⚡⚡
2026-02-26 00:10:38 [INFO]    🏆 FI | VLESS | Пинг: 4760ms | Скорость: 5.65 Mbps ⚡⚡
2026-02-26 00:10:40 [INFO]    🏆 NL | VLESS | Пинг: 4859ms | Скорость: 5.78 Mbps ⚡⚡
2026-02-26 00:10:41 [INFO]    🏆 US | VLESS | Пинг: 4571ms | Скорость: 1.28 Mbps 
2026-02-26 00:10:41 [INFO]    🏆 FR | VLESS | Пинг: 4898ms | Скорость: 8.82 Mbps ⚡⚡
2026-02-26 00:10:41 [INFO]    🏆 LV | VLESS | Пинг: 5256ms | Скорость: 9.27 Mbps ⚡⚡
2026-02-26 00:10:41 [INFO]    🏆 NL | VLESS | Пинг: 4916ms | Скорость: 8.7 Mbps ⚡⚡
2026-02-26 00:10:41 [INFO]    🏆 NL | VLESS | Пинг: 4980ms | Скорость: 8.88 Mbps ⚡⚡
2026-02-26 00:10:42 [INFO]    🏆 SG | VLESS | Пинг: 5578ms | Скорость: 5.76 Mbps ⚡⚡
2026-02-26 00:10:45 [INFO]    🏆 SG | VLESS | Пинг: 5389ms | Скорость: 1.46 Mbps 
2026-02-26 00:10:45 [INFO]    🏆 SG | VLESS | Пинг: 5543ms | Скорость: 1.57 Mbps ⚡
2026-02-26 00:10:45 [INFO] 📊 Итого в подписке сохранено иностранных серверов: 10
2026-02-26 00:10:45 [INFO] 💾 Файл успешно сохранен: FL1PVPN
