2026-02-26 02:00:06 [INFO] 🚀 START: Smart Selector (Target: 10, ONLY FOREIGN)
2026-02-26 02:00:06 [INFO] 🌐 Загрузка источников (VLESS + VMess)...
2026-02-26 02:00:07 [INFO] 🔍 Уникальных конфигов собрано: 138
2026-02-26 02:00:07 [INFO] ⚡ ЭТАП 1: Замер Пинга и Геолокации. Workers: 40...
2026-02-26 02:00:13 [INFO]    [PING OK] DE | VLESS | 4638ms
2026-02-26 02:00:13 [INFO]    [PING OK] NL | VLESS | 4842ms
2026-02-26 02:00:13 [INFO]    [PING OK] DE | VLESS | 4937ms
2026-02-26 02:00:13 [INFO]    [PING OK] US | VLESS | 4885ms
2026-02-26 02:00:13 [INFO]    [PING OK] DE | VLESS | 4986ms
2026-02-26 02:00:13 [INFO]    [PING OK] FI | VLESS | 5054ms
2026-02-26 02:00:13 [INFO]    [PING OK] NL | VLESS | 5081ms
2026-02-26 02:00:14 [INFO]    [PING OK] DE | VLESS | 4798ms
2026-02-26 02:00:14 [INFO]    [PING OK] DE | VLESS | 5483ms
2026-02-26 02:00:14 [INFO]    [PING OK] NL | VLESS | 5094ms
2026-02-26 02:00:14 [INFO]    [PING OK] US | VLESS | 5335ms
2026-02-26 02:00:14 [INFO]    [PING OK] US | VLESS | 5820ms
2026-02-26 02:00:14 [INFO]    [PING OK] NL | VLESS | 4819ms
2026-02-26 02:00:14 [INFO]    [PING OK] DE | VLESS | 4700ms
2026-02-26 02:00:14 [INFO]    [PING OK] DE | VLESS | 5582ms
2026-02-26 02:00:14 [INFO]    [PING OK] US | VLESS | 5815ms
2026-02-26 02:00:15 [INFO]    [PING OK] NL | VLESS | 3835ms
2026-02-26 02:00:15 [INFO]    [PING OK] NL | VLESS | 3823ms
2026-02-26 02:00:15 [INFO]    [PING OK] NL | VLESS | 4550ms
2026-02-26 02:00:15 [INFO]    [PING OK] DE | VLESS | 3940ms
2026-02-26 02:00:15 [INFO]    [PING OK] NL | VLESS | 4318ms
2026-02-26 02:00:15 [INFO]    [PING OK] NL | VLESS | 4093ms
2026-02-26 02:00:18 [INFO]    [PING OK] NL | VLESS | 5275ms
2026-02-26 02:00:20 [INFO]    [PING OK] DE | VLESS | 5206ms
2026-02-26 02:00:20 [INFO]    [PING OK] SG | VLESS | 5512ms
2026-02-26 02:00:20 [INFO]    [PING OK] FR | VLESS | 3995ms
2026-02-26 02:00:20 [INFO]    [PING OK] GB | VLESS | 5131ms
2026-02-26 02:00:20 [INFO]    [PING OK] GB | VLESS | 4615ms
2026-02-26 02:00:22 [INFO]    [PING OK] SG | VLESS | 7601ms
2026-02-26 02:00:25 [INFO] 🏎️ ЭТАП 2: Глубокий замер скорости для 29 иностранных кандидатов...
2026-02-26 02:00:30 [INFO]    🏆 NL | VLESS | Пинг: 3835ms | Скорость: 5.14 Mbps ⚡⚡
2026-02-26 02:00:30 [INFO]    🏆 NL | VLESS | Пинг: 3823ms | Скорость: 5.02 Mbps ⚡⚡
2026-02-26 02:00:30 [INFO]    🏆 NL | VLESS | Пинг: 4550ms | Скорость: 5.14 Mbps ⚡⚡
2026-02-26 02:00:30 [INFO]    🏆 NL | VLESS | Пинг: 4842ms | Скорость: 5.46 Mbps ⚡⚡
2026-02-26 02:00:30 [INFO]    🏆 FR | VLESS | Пинг: 3995ms | Скорость: 5.03 Mbps ⚡⚡
2026-02-26 02:00:30 [INFO]    🏆 DE | VLESS | Пинг: 4798ms | Скорость: 5.25 Mbps ⚡⚡
2026-02-26 02:00:30 [INFO]    🏆 DE | VLESS | Пинг: 4700ms | Скорость: 5.24 Mbps ⚡⚡
2026-02-26 02:00:30 [INFO]    🏆 NL | VLESS | Пинг: 4819ms | Скорость: 5.23 Mbps ⚡⚡
2026-02-26 02:00:30 [INFO]    🏆 NL | VLESS | Пинг: 4318ms | Скорость: 5.07 Mbps ⚡⚡
2026-02-26 02:00:30 [INFO]    🏆 DE | VLESS | Пинг: 4937ms | Скорость: 5.3 Mbps ⚡⚡
2026-02-26 02:00:30 [INFO]    🏆 DE | VLESS | Пинг: 3940ms | Скорость: 4.96 Mbps ⚡⚡
2026-02-26 02:00:30 [INFO]    🏆 US | VLESS | Пинг: 4885ms | Скорость: 5.25 Mbps ⚡⚡
2026-02-26 02:00:30 [INFO]    🏆 DE | VLESS | Пинг: 4638ms | Скорость: 5.1 Mbps ⚡⚡
2026-02-26 02:00:30 [INFO]    🏆 GB | VLESS | Пинг: 4615ms | Скорость: 5.04 Mbps ⚡⚡
2026-02-26 02:00:30 [INFO]    🏆 NL | VLESS | Пинг: 4093ms | Скорость: 4.95 Mbps ⚡⚡
2026-02-26 02:00:34 [INFO]    🏆 DE | VLESS | Пинг: 4986ms | Скорость: 5.84 Mbps ⚡⚡
2026-02-26 02:00:34 [INFO]    🏆 GB | VLESS | Пинг: 5131ms | Скорость: 6.1 Mbps ⚡⚡
2026-02-26 02:00:34 [INFO]    🏆 NL | VLESS | Пинг: 5081ms | Скорость: 5.86 Mbps ⚡⚡
2026-02-26 02:00:34 [INFO]    🏆 NL | VLESS | Пинг: 5094ms | Скорость: 5.81 Mbps ⚡⚡
2026-02-26 02:00:34 [INFO]    🏆 US | VLESS | Пинг: 5820ms | Скорость: 5.99 Mbps ⚡⚡
2026-02-26 02:00:34 [INFO]    🏆 DE | VLESS | Пинг: 5483ms | Скорость: 6.13 Mbps ⚡⚡
2026-02-26 02:00:34 [INFO]    🏆 NL | VLESS | Пинг: 5275ms | Скорость: 5.89 Mbps ⚡⚡
2026-02-26 02:00:34 [INFO]    🏆 US | VLESS | Пинг: 5815ms | Скорость: 5.97 Mbps ⚡⚡
2026-02-26 02:00:34 [INFO]    🏆 DE | VLESS | Пинг: 5206ms | Скорость: 5.73 Mbps ⚡⚡
2026-02-26 02:00:34 [INFO]    🏆 US | VLESS | Пинг: 5335ms | Скорость: 5.24 Mbps ⚡⚡
2026-02-26 02:00:37 [INFO]    🏆 FI | VLESS | Пинг: 5054ms | Скорость: 1.63 Mbps ⚡
2026-02-26 02:00:37 [INFO]    🏆 SG | VLESS | Пинг: 5512ms | Скорость: 1.66 Mbps ⚡
2026-02-26 02:00:38 [INFO] 📊 Итого в подписке сохранено иностранных серверов: 10
2026-02-26 02:00:38 [INFO] 💾 Файл успешно сохранен: FL1PVPN
