2026-02-27 00:40:06 [INFO] 🚀 START: Smart Selector (Target: 10, ONLY FOREIGN)
2026-02-27 00:40:06 [INFO] 🌐 Загрузка источников (VLESS + VMess)...
2026-02-27 00:40:07 [INFO] 🔍 Уникальных конфигов собрано: 165
2026-02-27 00:40:07 [INFO] ⚡ ЭТАП 1: Замер Пинга и Геолокации. Workers: 40...
2026-02-27 00:40:13 [INFO]    [PING OK] FI | VLESS | 5033ms
2026-02-27 00:40:13 [INFO]    [PING OK] FI | VLESS | 5010ms
2026-02-27 00:40:13 [INFO]    [PING OK] FI | VLESS | 4993ms
2026-02-27 00:40:13 [INFO]    [PING OK] FI | VLESS | 5174ms
2026-02-27 00:40:13 [INFO]    [PING OK] DE | VLESS | 4936ms
2026-02-27 00:40:13 [INFO]    [PING OK] DE | VLESS | 4988ms
2026-02-27 00:40:13 [INFO]    [PING OK] DE | VLESS | 5010ms
2026-02-27 00:40:14 [INFO]    [PING OK] NL | VLESS | 5116ms
2026-02-27 00:40:14 [INFO]    [PING OK] FI | VLESS | 5168ms
2026-02-27 00:40:14 [INFO]    [PING OK] US | VLESS | 5425ms
2026-02-27 00:40:14 [INFO]    [PING OK] DE | VLESS | 4617ms
2026-02-27 00:40:15 [INFO]    [PING OK] DE | VLESS | 5632ms
2026-02-27 00:40:15 [INFO]    [PING OK] PL | VLESS | 4309ms
2026-02-27 00:40:15 [INFO]    [PING OK] FI | VLESS | 3863ms
2026-02-27 00:40:15 [INFO]    [PING OK] DE | VLESS | 4930ms
2026-02-27 00:40:15 [INFO]    [PING OK] US | VLESS | 6194ms
2026-02-27 00:40:16 [INFO]    [PING OK] NL | VLESS | 4013ms
2026-02-27 00:40:16 [INFO]    [PING OK] PL | VLESS | 4130ms
2026-02-27 00:40:16 [INFO]    [PING OK] US | VLESS | 6058ms
2026-02-27 00:40:17 [INFO]    [PING OK] NL | VLESS | 4182ms
2026-02-27 00:40:17 [INFO]    [PING OK] US | VLESS | 4230ms
2026-02-27 00:40:18 [INFO]    [PING OK] DE | VLESS | 4908ms
2026-02-27 00:40:18 [INFO]    [PING OK] FR | VLESS | 5901ms
2026-02-27 00:40:18 [INFO]    [PING OK] DE | VLESS | 4910ms
2026-02-27 00:40:19 [INFO]    [PING OK] SE | VLESS | 4662ms
2026-02-27 00:40:19 [INFO]    [PING OK] DE | VLESS | 4497ms
2026-02-27 00:40:19 [INFO]    [PING OK] CH | VLESS | 4447ms
2026-02-27 00:40:19 [INFO]    [PING OK] FI | VLESS | 4488ms
2026-02-27 00:40:19 [INFO]    [PING OK] CH | VLESS | 4778ms
2026-02-27 00:40:20 [INFO]    [PING OK] US | VLESS | 4760ms
2026-02-27 00:40:20 [INFO]    [PING OK] DE | VLESS | 4271ms
2026-02-27 00:40:20 [INFO]    [PING OK] FI | VLESS | 4774ms
2026-02-27 00:40:20 [INFO]    [PING OK] FR | VLESS | 4359ms
2026-02-27 00:40:20 [INFO]    [PING OK] DE | VLESS | 4224ms
2026-02-27 00:40:20 [INFO]    [PING OK] US | VLESS | 4728ms
2026-02-27 00:40:20 [INFO]    [PING OK] DE | VLESS | 4317ms
2026-02-27 00:40:20 [INFO]    [PING OK] NL | VLESS | 4484ms
2026-02-27 00:40:20 [INFO]    [PING OK] DE | VLESS | 3986ms
2026-02-27 00:40:20 [INFO]    [PING OK] DE | VLESS | 4628ms
2026-02-27 00:40:20 [INFO]    [PING OK] PL | VLESS | 4052ms
2026-02-27 00:40:20 [INFO]    [PING OK] US | VLESS | 4879ms
2026-02-27 00:40:21 [INFO]    [PING OK] US | VLESS | 4351ms
2026-02-27 00:40:21 [INFO]    [PING OK] FI | VLESS | 5284ms
2026-02-27 00:40:21 [INFO]    [PING OK] DE | VLESS | 4803ms
2026-02-27 00:40:21 [INFO]    [PING OK] NL | VLESS | 4353ms
2026-02-27 00:40:21 [INFO]    [PING OK] PL | VLESS | 3995ms
2026-02-27 00:40:21 [INFO]    [PING OK] PL | VLESS | 4277ms
2026-02-27 00:40:21 [INFO]    [PING OK] DE | VLESS | 4218ms
2026-02-27 00:40:23 [INFO]    [PING OK] NL | VLESS | 3033ms
2026-02-27 00:40:23 [INFO]    [PING OK] SG | VLESS | 3520ms
2026-02-27 00:40:23 [INFO]    [PING OK] DE | VLESS | 2584ms
2026-02-27 00:40:23 [INFO]    [PING OK] DE | VLESS | 2624ms
2026-02-27 00:40:23 [INFO]    [PING OK] SG | VLESS | 3108ms
2026-02-27 00:40:23 [INFO]    [PING OK] DE | VLESS | 2487ms
2026-02-27 00:40:23 [INFO]    [PING OK] TR | VLESS | 3362ms
2026-02-27 00:40:23 [INFO]    [PING OK] LV | VLESS | 2484ms
2026-02-27 00:40:23 [INFO]    [PING OK] DE | VLESS | 2408ms
2026-02-27 00:40:23 [INFO]    [PING OK] DE | VLESS | 2232ms
2026-02-27 00:40:23 [INFO]    [PING OK] DE | VLESS | 2018ms
2026-02-27 00:40:23 [INFO]    [PING OK] DE | VLESS | 2911ms
2026-02-27 00:40:23 [INFO]    [PING OK] US | VLESS | 1814ms
2026-02-27 00:40:23 [INFO]    [PING OK] SG | VLESS | 2995ms
2026-02-27 00:40:23 [INFO]    [PING OK] KR | VLESS | 2128ms
2026-02-27 00:40:23 [INFO]    [PING OK] NL | VLESS | 2593ms
2026-02-27 00:40:24 [INFO]    [PING OK] TW | VLESS | 2498ms
2026-02-27 00:40:28 [INFO] 🏎️ ЭТАП 2: Глубокий замер скорости для 40 иностранных кандидатов...
2026-02-27 00:40:32 [INFO]    🏆 DE | VLESS | Пинг: 2584ms | Скорость: 5.64 Mbps ⚡⚡
2026-02-27 00:40:32 [INFO]    🏆 US | VLESS | Пинг: 1814ms | Скорость: 5.51 Mbps ⚡⚡
2026-02-27 00:40:32 [INFO]    🏆 NL | VLESS | Пинг: 3033ms | Скорость: 5.81 Mbps ⚡⚡
2026-02-27 00:40:32 [INFO]    🏆 DE | VLESS | Пинг: 2232ms | Скорость: 5.52 Mbps ⚡⚡
2026-02-27 00:40:32 [INFO]    🏆 DE | VLESS | Пинг: 2408ms | Скорость: 5.51 Mbps ⚡⚡
2026-02-27 00:40:32 [INFO]    🏆 LV | VLESS | Пинг: 2484ms | Скорость: 5.48 Mbps ⚡⚡
2026-02-27 00:40:32 [INFO]    🏆 DE | VLESS | Пинг: 2624ms | Скорость: 5.62 Mbps ⚡⚡
2026-02-27 00:40:32 [INFO]    🏆 DE | VLESS | Пинг: 2911ms | Скорость: 5.62 Mbps ⚡⚡
2026-02-27 00:40:32 [INFO]    🏆 DE | VLESS | Пинг: 2487ms | Скорость: 5.43 Mbps ⚡⚡
2026-02-27 00:40:33 [INFO]    🏆 DE | VLESS | Пинг: 2018ms | Скорость: 5.06 Mbps ⚡⚡
2026-02-27 00:40:33 [INFO]    🏆 SG | VLESS | Пинг: 3108ms | Скорость: 5.24 Mbps ⚡⚡
2026-02-27 00:40:34 [INFO]    🏆 TW | VLESS | Пинг: 2498ms | Скорость: 3.85 Mbps ⚡⚡
2026-02-27 00:40:35 [INFO]    🏆 SG | VLESS | Пинг: 2995ms | Скорость: 1.29 Mbps 
2026-02-27 00:40:36 [INFO]    🏆 PL | VLESS | Пинг: 4052ms | Скорость: 6.09 Mbps ⚡⚡
2026-02-27 00:40:36 [INFO]    🏆 DE | VLESS | Пинг: 4224ms | Скорость: 6.5 Mbps ⚡⚡
2026-02-27 00:40:36 [INFO]    🏆 FI | VLESS | Пинг: 3863ms | Скорость: 5.96 Mbps ⚡⚡
2026-02-27 00:40:36 [INFO]    🏆 DE | VLESS | Пинг: 4218ms | Скорость: 6.39 Mbps ⚡⚡
2026-02-27 00:40:36 [INFO]    🏆 DE | VLESS | Пинг: 3986ms | Скорость: 5.92 Mbps ⚡⚡
2026-02-27 00:40:36 [INFO]    🏆 NL | VLESS | Пинг: 4182ms | Скорость: 5.91 Mbps ⚡⚡
2026-02-27 00:40:36 [INFO]    🏆 NL | VLESS | Пинг: 4013ms | Скорость: 5.86 Mbps ⚡⚡
2026-02-27 00:40:36 [INFO]    🏆 PL | VLESS | Пинг: 3995ms | Скорость: 5.82 Mbps ⚡⚡
2026-02-27 00:40:37 [INFO]    🏆 SG | VLESS | Пинг: 3520ms | Скорость: 5.64 Mbps ⚡⚡
2026-02-27 00:40:38 [INFO]    🏆 PL | VLESS | Пинг: 4130ms | Скорость: 3.93 Mbps ⚡⚡
2026-02-27 00:40:39 [INFO]    🏆 DE | VLESS | Пинг: 4271ms | Скорость: 6.86 Mbps ⚡⚡
2026-02-27 00:40:39 [INFO]    🏆 PL | VLESS | Пинг: 4277ms | Скорость: 6.85 Mbps ⚡⚡
2026-02-27 00:40:39 [INFO]    🏆 US | VLESS | Пинг: 4230ms | Скорость: 4.85 Mbps ⚡⚡
2026-02-27 00:40:39 [INFO]    🏆 PL | VLESS | Пинг: 4309ms | Скорость: 6.69 Mbps ⚡⚡
2026-02-27 00:40:39 [INFO]    🏆 TR | VLESS | Пинг: 3362ms | Скорость: 1.48 Mbps 
2026-02-27 00:40:40 [INFO]    🏆 DE | VLESS | Пинг: 4317ms | Скорость: 6.51 Mbps ⚡⚡
2026-02-27 00:40:40 [INFO]    🏆 FR | VLESS | Пинг: 4359ms | Скорость: 6.52 Mbps ⚡⚡
2026-02-27 00:40:40 [INFO]    🏆 NL | VLESS | Пинг: 4484ms | Скорость: 6.69 Mbps ⚡⚡
2026-02-27 00:40:40 [INFO]    🏆 DE | VLESS | Пинг: 4497ms | Скорость: 6.68 Mbps ⚡⚡
2026-02-27 00:40:40 [INFO]    🏆 DE | VLESS | Пинг: 4617ms | Скорость: 6.78 Mbps ⚡⚡
2026-02-27 00:40:40 [INFO]    🏆 FI | VLESS | Пинг: 4488ms | Скорость: 6.64 Mbps ⚡⚡
2026-02-27 00:40:40 [INFO]    🏆 NL | VLESS | Пинг: 4353ms | Скорость: 6.45 Mbps ⚡⚡
2026-02-27 00:40:40 [INFO]    🏆 CH | VLESS | Пинг: 4447ms | Скорость: 6.53 Mbps ⚡⚡
2026-02-27 00:40:40 [INFO]    🏆 US | VLESS | Пинг: 4351ms | Скорость: 6.31 Mbps ⚡⚡
2026-02-27 00:40:40 [INFO]    🏆 DE | VLESS | Пинг: 4628ms | Скорость: 14.63 Mbps ⚡⚡
2026-02-27 00:40:40 [INFO] 📊 Итого в подписке сохранено иностранных серверов: 10
2026-02-27 00:40:40 [INFO] 💾 Файл успешно сохранен: FL1PVPN
