2026-02-19 09:00:06 [INFO] 🚀 START: Smart VLESS Selector (Target: 10, Strict Mode)
2026-02-19 09:00:06 [INFO] 🌐 Загрузка источников...
2026-02-19 09:00:09 [INFO] 🔍 Уникальных конфигов собрано: 914
2026-02-19 09:00:09 [INFO] ⚡ ЭТАП 1: Быстрый замер Пинга (Workers: 25)...
2026-02-19 09:00:10 [INFO]    [PING OK] RU | 417ms
2026-02-19 09:00:11 [INFO]    [PING OK] RU | 415ms
2026-02-19 09:00:11 [INFO]    [PING OK] RU | 810ms
2026-02-19 09:00:12 [INFO]    [PING OK] TR | 117ms
2026-02-19 09:00:12 [INFO]    [PING OK] IT | 569ms
2026-02-19 09:00:13 [INFO]    [PING OK] SE | 491ms
2026-02-19 09:00:14 [INFO]    [PING OK] LT | 426ms
2026-02-19 09:00:14 [INFO]    [PING OK] DE | 157ms
2026-02-19 09:00:15 [INFO]    [PING OK] DE | 2001ms
2026-02-19 09:00:15 [INFO]    [PING OK] DE | 185ms
2026-02-19 09:00:16 [INFO]    [PING OK] RU | 142ms
2026-02-19 09:00:16 [INFO]    [PING OK] DE | 221ms
2026-02-19 09:00:17 [INFO]    [PING OK] TR | 119ms
2026-02-19 09:00:17 [INFO]    [PING OK] RU | 596ms
2026-02-19 09:00:18 [INFO]    [PING OK] TR | 293ms
2026-02-19 09:00:18 [INFO]    [PING OK] RU | 1755ms
2026-02-19 09:00:23 [INFO]    [PING OK] NL | 4291ms
2026-02-19 09:00:23 [INFO]    [PING OK] RU | 257ms
2026-02-19 09:00:24 [INFO]    [PING OK] RU | 242ms
2026-02-19 09:00:24 [INFO]    [PING OK] RU | 297ms
2026-02-19 09:00:24 [INFO]    [PING OK] RU | 254ms
2026-02-19 09:00:24 [INFO]    [PING OK] RU | 228ms
2026-02-19 09:00:25 [INFO]    [PING OK] RU | 342ms
2026-02-19 09:00:25 [INFO]    [PING OK] RU | 327ms
2026-02-19 09:00:25 [INFO]    [PING OK] RU | 365ms
2026-02-19 09:00:25 [INFO]    [PING OK] RU | 291ms
2026-02-19 09:00:25 [INFO]    [PING OK] RU | 387ms
2026-02-19 09:00:26 [INFO]    [PING OK] RU | 389ms
2026-02-19 09:00:26 [INFO]    [PING OK] RU | 301ms
2026-02-19 09:00:26 [INFO]    [PING OK] RU | 1998ms
2026-02-19 09:00:26 [INFO]    [PING OK] RU | 313ms
2026-02-19 09:00:26 [INFO]    [PING OK] RU | 269ms
2026-02-19 09:00:26 [INFO]    [PING OK] RU | 357ms
2026-02-19 09:00:26 [INFO]    [PING OK] RU | 2103ms
2026-02-19 09:00:26 [INFO]    [PING OK] RU | 803ms
2026-02-19 09:00:27 [INFO]    [PING OK] RU | 287ms
2026-02-19 09:00:27 [INFO]    [PING OK] RU | 345ms
2026-02-19 09:00:27 [INFO]    [PING OK] RU | 1894ms
2026-02-19 09:00:27 [INFO]    [PING OK] RU | 717ms
2026-02-19 09:00:28 [INFO]    [PING OK] RU | 272ms
2026-02-19 09:00:28 [INFO]    [PING OK] RU | 239ms
2026-02-19 09:00:28 [INFO]    [PING OK] RU | 1542ms
2026-02-19 09:00:28 [INFO]    [PING OK] RU | 143ms
2026-02-19 09:00:28 [INFO]    [PING OK] RU | 283ms
2026-02-19 09:00:29 [INFO]    [PING OK] RU | 195ms
2026-02-19 09:00:29 [INFO]    [PING OK] RU | 266ms
2026-02-19 09:00:29 [INFO]    [PING OK] RU | 261ms
2026-02-19 09:00:29 [INFO]    [PING OK] RU | 208ms
2026-02-19 09:00:29 [INFO]    [PING OK] RU | 358ms
2026-02-19 09:00:29 [INFO]    [PING OK] RU | 233ms
2026-02-19 09:00:30 [INFO]    [PING OK] RU | 244ms
2026-02-19 09:00:30 [INFO]    [PING OK] RU | 1717ms
2026-02-19 09:00:30 [INFO]    [PING OK] RU | 620ms
2026-02-19 09:00:30 [INFO]    [PING OK] RU | 4393ms
2026-02-19 09:00:31 [INFO]    [PING OK] RU | 853ms
2026-02-19 09:00:31 [INFO]    [PING OK] RU | 1036ms
2026-02-19 09:00:32 [INFO]    [PING OK] RU | 2076ms
2026-02-19 09:00:32 [INFO]    [PING OK] RU | 2469ms
2026-02-19 09:00:33 [INFO]    [PING OK] RU | 1073ms
2026-02-19 09:00:33 [INFO]    [PING OK] RU | 499ms
2026-02-19 09:00:34 [INFO]    [PING OK] RU | 4053ms
2026-02-19 09:00:35 [INFO]    [PING OK] RU | 2188ms
2026-02-19 09:00:36 [INFO]    [PING OK] RU | 2778ms
2026-02-19 09:00:36 [INFO]    [PING OK] RU | 142ms
2026-02-19 09:00:36 [INFO]    [PING OK] RU | 2957ms
2026-02-19 09:00:37 [INFO]    [PING OK] RU | 366ms
2026-02-19 09:00:37 [INFO]    [PING OK] CA | 433ms
2026-02-19 09:00:37 [INFO]    [PING OK] AE | 187ms
2026-02-19 09:00:37 [INFO]    [PING OK] RU | 4838ms
2026-02-19 09:00:38 [INFO]    [PING OK] ES | 232ms
2026-02-19 09:00:38 [INFO]    [PING OK] FR | 862ms
2026-02-19 09:00:39 [INFO]    [PING OK] US | 633ms
2026-02-19 09:00:39 [INFO]    [PING OK] NL | 213ms
2026-02-19 09:00:40 [INFO]    [PING OK] IT | 567ms
2026-02-19 09:00:40 [INFO]    [PING OK] DE | 4987ms
2026-02-19 09:00:43 [INFO]    [PING OK] UZ | 267ms
2026-02-19 09:00:44 [INFO]    [PING OK] PL | 114ms
2026-02-19 09:00:45 [INFO]    [PING OK] DE | 205ms
2026-02-19 09:00:45 [INFO]    [PING OK] JP | 1656ms
2026-02-19 09:00:45 [INFO]    [PING OK] LV | 344ms
2026-02-19 09:00:46 [INFO]    [PING OK] MD | 145ms
2026-02-19 09:00:46 [INFO]    [PING OK] AT | 230ms
2026-02-19 09:00:47 [INFO]    [PING OK] SE | 112ms
2026-02-19 09:00:48 [INFO]    [PING OK] NL | 356ms
2026-02-19 09:00:49 [INFO]    [PING OK] FI | 176ms
2026-02-19 09:01:02 [INFO]    [PING OK] SG | 1624ms
2026-02-19 09:01:07 [INFO]    [PING OK] US | 1142ms
2026-02-19 09:01:12 [INFO]    [PING OK] SE | 117ms
2026-02-19 09:01:15 [INFO]    [PING OK] SG | 620ms
2026-02-19 09:01:16 [INFO]    [PING OK] RU | 202ms
2026-02-19 09:01:19 [INFO]    [PING OK] RU | 229ms
2026-02-19 09:01:19 [INFO]    [PING OK] DE | 546ms
2026-02-19 09:01:19 [INFO]    [PING OK] DE | 3598ms
2026-02-19 09:01:21 [INFO]    [PING OK] RU | 1367ms
2026-02-19 09:01:23 [INFO]    [PING OK] RU | 199ms
2026-02-19 09:01:26 [INFO]    [PING OK] SC | 3155ms
2026-02-19 09:01:29 [INFO]    [PING OK] DE | 399ms
2026-02-19 09:01:30 [INFO]    [PING OK] FI | 1024ms
2026-02-19 09:01:31 [INFO]    [PING OK] US | 780ms
2026-02-19 09:01:33 [INFO]    [PING OK] RU | 2229ms
2026-02-19 09:01:36 [INFO] 🏎️ ЭТАП 2: Глубокий замер скорости для ТОП-10 серверов...
2026-02-19 09:01:47 [INFO]    🏆 SE | Пинг: 112ms | Скорость: 9.49 Mbps ⚡⚡
2026-02-19 09:01:47 [INFO]    🏆 PL | Пинг: 114ms | Скорость: 9.73 Mbps ⚡⚡
2026-02-19 09:01:47 [INFO]    🏆 TR | Пинг: 117ms | Скорость: 9.59 Mbps ⚡⚡
2026-02-19 09:01:47 [INFO]    🏆 SE | Пинг: 117ms | Скорость: 0.0 Mbps 
2026-02-19 09:01:47 [INFO]    🏆 TR | Пинг: 119ms | Скорость: 9.8 Mbps ⚡⚡
2026-02-19 09:01:47 [INFO]    🏆 MD | Пинг: 145ms | Скорость: 9.81 Mbps ⚡⚡
2026-02-19 09:01:47 [INFO]    🏆 DE | Пинг: 157ms | Скорость: 9.92 Mbps ⚡⚡
2026-02-19 09:01:47 [INFO]    🏆 FI | Пинг: 176ms | Скорость: 10.32 Mbps ⚡⚡
2026-02-19 09:01:47 [INFO]    🏆 DE | Пинг: 185ms | Скорость: 0.71 Mbps 
2026-02-19 09:01:47 [INFO]    🏆 RU | Пинг: 142ms | Скорость: 10.55 Mbps ⚡⚡
2026-02-19 09:01:47 [INFO] 🇷🇺 Добавлен RU сервер: 176.123.160.4
2026-02-19 09:01:47 [INFO] 📊 Итого в подписке сохранено: 10 серверов
2026-02-19 09:01:47 [INFO] 💾 Файл успешно сохранен: FL1PVPN
