2026-02-26 22:00:06 [INFO] 🚀 START: Smart Selector (Target: 10, ONLY FOREIGN)
2026-02-26 22:00:06 [INFO] 🌐 Загрузка источников (VLESS + VMess)...
2026-02-26 22:00:07 [INFO] 🔍 Уникальных конфигов собрано: 221
2026-02-26 22:00:07 [INFO] ⚡ ЭТАП 1: Замер Пинга и Геолокации. Workers: 40...
2026-02-26 22:00:13 [INFO]    [PING OK] FI | VLESS | 4750ms
2026-02-26 22:00:13 [INFO]    [PING OK] DE | VLESS | 4946ms
2026-02-26 22:00:13 [INFO]    [PING OK] DE | VLESS | 5175ms
2026-02-26 22:00:14 [INFO]    [PING OK] FI | VLESS | 4838ms
2026-02-26 22:00:14 [INFO]    [PING OK] DE | VLESS | 4988ms
2026-02-26 22:00:14 [INFO]    [PING OK] DE | VLESS | 6119ms
2026-02-26 22:00:14 [INFO]    [PING OK] PL | VLESS | 6081ms
2026-02-26 22:00:15 [INFO]    [PING OK] FI | VLESS | 5354ms
2026-02-26 22:00:15 [INFO]    [PING OK] DE | VLESS | 4787ms
2026-02-26 22:00:16 [INFO]    [PING OK] FI | VLESS | 5848ms
2026-02-26 22:00:16 [INFO]    [PING OK] DE | VLESS | 4692ms
2026-02-26 22:00:16 [INFO]    [PING OK] DE | VLESS | 4557ms
2026-02-26 22:00:17 [INFO]    [PING OK] FI | VLESS | 4788ms
2026-02-26 22:00:17 [INFO]    [PING OK] FI | VLESS | 4605ms
2026-02-26 22:00:18 [INFO]    [PING OK] DE | VLESS | 5107ms
2026-02-26 22:00:19 [INFO]    [PING OK] NL | VLESS | 4869ms
2026-02-26 22:00:19 [INFO]    [PING OK] US | VLESS | 5319ms
2026-02-26 22:00:19 [INFO]    [PING OK] DE | VLESS | 4752ms
2026-02-26 22:00:19 [INFO]    [PING OK] DE | VLESS | 4913ms
2026-02-26 22:00:19 [INFO]    [PING OK] FI | VLESS | 5486ms
2026-02-26 22:00:20 [INFO]    [PING OK] DE | VLESS | 4906ms
2026-02-26 22:00:21 [INFO]    [PING OK] SE | VLESS | 5402ms
2026-02-26 22:00:22 [INFO]    [PING OK] FR | VLESS | 7087ms
2026-02-26 22:00:22 [INFO]    [PING OK] NL | VLESS | 5347ms
2026-02-26 22:00:22 [INFO]    [PING OK] FR | VLESS | 6310ms
2026-02-26 22:00:22 [INFO]    [PING OK] US | VLESS | 7723ms
2026-02-26 22:00:22 [INFO]    [PING OK] US | VLESS | 5236ms
2026-02-26 22:00:23 [INFO]    [PING OK] DE | VLESS | 5380ms
2026-02-26 22:00:25 [INFO]    [PING OK] NL | VLESS | 4719ms
2026-02-26 22:00:25 [INFO]    [PING OK] LV | VLESS | 4263ms
2026-02-26 22:00:25 [INFO]    [PING OK] TW | VLESS | 5429ms
2026-02-26 22:00:25 [INFO]    [PING OK] ES | VLESS | 4289ms
2026-02-26 22:00:26 [INFO]    [PING OK] DE | VLESS | 4131ms
2026-02-26 22:00:26 [INFO]    [PING OK] TR | VLESS | 2297ms
2026-02-26 22:00:26 [INFO]    [PING OK] DE | VLESS | 2352ms
2026-02-26 22:00:26 [INFO]    [PING OK] SG | VLESS | 2536ms
2026-02-26 22:00:26 [INFO]    [PING OK] TR | VLESS | 2363ms
2026-02-26 22:00:31 [INFO] 🏎️ ЭТАП 2: Глубокий замер скорости для 37 иностранных кандидатов...
2026-02-26 22:00:35 [INFO]    🏆 DE | VLESS | Пинг: 4752ms | Скорость: 6.02 Mbps ⚡⚡
2026-02-26 22:00:35 [INFO]    🏆 DE | VLESS | Пинг: 4787ms | Скорость: 5.98 Mbps ⚡⚡
2026-02-26 22:00:35 [INFO]    🏆 ES | VLESS | Пинг: 4289ms | Скорость: 5.66 Mbps ⚡⚡
2026-02-26 22:00:35 [INFO]    🏆 DE | VLESS | Пинг: 4557ms | Скорость: 5.69 Mbps ⚡⚡
2026-02-26 22:00:35 [INFO]    🏆 FI | VLESS | Пинг: 4750ms | Скорость: 5.7 Mbps ⚡⚡
2026-02-26 22:00:35 [INFO]    🏆 DE | VLESS | Пинг: 4692ms | Скорость: 5.72 Mbps ⚡⚡
2026-02-26 22:00:35 [INFO]    🏆 DE | VLESS | Пинг: 2352ms | Скорость: 5.35 Mbps ⚡⚡
2026-02-26 22:00:35 [INFO]    🏆 FI | VLESS | Пинг: 4605ms | Скорость: 5.43 Mbps ⚡⚡
2026-02-26 22:00:35 [INFO]    🏆 NL | VLESS | Пинг: 4719ms | Скорость: 5.39 Mbps ⚡⚡
2026-02-26 22:00:35 [INFO]    🏆 SG | VLESS | Пинг: 2536ms | Скорость: 5.16 Mbps ⚡⚡
2026-02-26 22:00:36 [INFO]    🏆 FI | VLESS | Пинг: 4788ms | Скорость: 5.09 Mbps ⚡⚡
2026-02-26 22:00:36 [INFO]    🏆 TR | VLESS | Пинг: 2363ms | Скорость: 4.51 Mbps ⚡⚡
2026-02-26 22:00:36 [INFO]    🏆 LV | VLESS | Пинг: 4263ms | Скорость: 4.26 Mbps ⚡⚡
2026-02-26 22:00:37 [INFO]    🏆 DE | VLESS | Пинг: 4131ms | Скорость: 2.34 Mbps ⚡
2026-02-26 22:00:39 [INFO]    🏆 NL | VLESS | Пинг: 4869ms | Скорость: 6.03 Mbps ⚡⚡
2026-02-26 22:00:39 [INFO]    🏆 DE | VLESS | Пинг: 4913ms | Скорость: 6.16 Mbps ⚡⚡
2026-02-26 22:00:39 [INFO]    🏆 DE | VLESS | Пинг: 4946ms | Скорость: 6.02 Mbps ⚡⚡
2026-02-26 22:00:39 [INFO]    🏆 DE | VLESS | Пинг: 4988ms | Скорость: 5.89 Mbps ⚡⚡
2026-02-26 22:00:39 [INFO]    🏆 DE | VLESS | Пинг: 4906ms | Скорость: 5.67 Mbps ⚡⚡
2026-02-26 22:00:39 [INFO]    🏆 DE | VLESS | Пинг: 5107ms | Скорость: 5.8 Mbps ⚡⚡
2026-02-26 22:00:39 [INFO]    🏆 FI | VLESS | Пинг: 4838ms | Скорость: 5.77 Mbps ⚡⚡
2026-02-26 22:00:39 [INFO]    🏆 DE | VLESS | Пинг: 5175ms | Скорость: 5.83 Mbps ⚡⚡
2026-02-26 22:00:40 [INFO]    🏆 US | VLESS | Пинг: 5319ms | Скорость: 5.66 Mbps ⚡⚡
2026-02-26 22:00:40 [INFO]    🏆 DE | VLESS | Пинг: 5380ms | Скорость: 6.45 Mbps ⚡⚡
2026-02-26 22:00:40 [INFO]    🏆 US | VLESS | Пинг: 5236ms | Скорость: 5.31 Mbps ⚡⚡
2026-02-26 22:00:40 [INFO]    🏆 SE | VLESS | Пинг: 5402ms | Скорость: 6.97 Mbps ⚡⚡
2026-02-26 22:00:41 [INFO]    🏆 NL | VLESS | Пинг: 5347ms | Скорость: 4.4 Mbps ⚡⚡
2026-02-26 22:00:41 [INFO]    🏆 FI | VLESS | Пинг: 5354ms | Скорость: 4.48 Mbps ⚡⚡
2026-02-26 22:00:41 [INFO]    🏆 FI | VLESS | Пинг: 5486ms | Скорость: 12.82 Mbps ⚡⚡
2026-02-26 22:00:42 [INFO]    🏆 DE | VLESS | Пинг: 6119ms | Скорость: 11.56 Mbps ⚡⚡
2026-02-26 22:00:44 [INFO]    🏆 TW | VLESS | Пинг: 5429ms | Скорость: 1.73 Mbps ⚡
2026-02-26 22:00:44 [INFO]    🏆 FR | VLESS | Пинг: 7087ms | Скорость: 4.75 Mbps ⚡⚡
2026-02-26 22:00:44 [INFO] 📊 Итого в подписке сохранено иностранных серверов: 10
2026-02-26 22:00:44 [INFO] 💾 Файл успешно сохранен: FL1PVPN
