2026-02-18 08:30:06 [INFO] 🚀 START: Smart VLESS Selector (Target: 10, Strict Mode)
2026-02-18 08:30:06 [INFO] 🌐 Загрузка источников...
2026-02-18 08:30:08 [INFO] 🔍 Уникальных конфигов собрано: 298
2026-02-18 08:30:08 [INFO] ⚡ ЭТАП 1: Быстрый замер Пинга (Workers: 25)...
2026-02-18 08:30:09 [INFO]    [PING OK] RU | 155ms
2026-02-18 08:30:10 [INFO]    [PING OK] CY | 276ms
2026-02-18 08:30:10 [INFO]    [PING OK] RU | 526ms
2026-02-18 08:30:10 [INFO]    [PING OK] LV | 236ms
2026-02-18 08:30:11 [INFO]    [PING OK] DE | 1297ms
2026-02-18 08:30:11 [INFO]    [PING OK] IT | 550ms
2026-02-18 08:30:12 [INFO]    [PING OK] IT | 569ms
2026-02-18 08:30:13 [INFO]    [PING OK] US | 542ms
2026-02-18 08:30:13 [INFO]    [PING OK] BG | 259ms
2026-02-18 08:30:14 [INFO]    [PING OK] DE | 1714ms
2026-02-18 08:30:16 [INFO]    [PING OK] KR | 819ms
2026-02-18 08:30:17 [INFO]    [PING OK] DE | 184ms
2026-02-18 08:30:17 [INFO]    [PING OK] DE | 170ms
2026-02-18 08:30:18 [INFO]    [PING OK] IT | 572ms
2026-02-18 08:30:18 [INFO]    [PING OK] DE | 151ms
2026-02-18 08:30:19 [INFO]    [PING OK] IT | 551ms
2026-02-18 08:30:20 [INFO]    [PING OK] LT | 1194ms
2026-02-18 08:30:20 [INFO]    [PING OK] RU | 204ms
2026-02-18 08:30:21 [INFO]    [PING OK] RU | 218ms
2026-02-18 08:30:21 [INFO]    [PING OK] RU | 610ms
2026-02-18 08:30:22 [INFO]    [PING OK] RU | 139ms
2026-02-18 08:30:22 [INFO]    [PING OK] RU | 140ms
2026-02-18 08:30:22 [INFO]    [PING OK] RU | 201ms
2026-02-18 08:30:22 [INFO]    [PING OK] RU | 1536ms
2026-02-18 08:30:22 [INFO]    [PING OK] RU | 549ms
2026-02-18 08:30:22 [INFO]    [PING OK] RU | 289ms
2026-02-18 08:30:22 [INFO]    [PING OK] RU | 309ms
2026-02-18 08:30:23 [INFO]    [PING OK] RU | 260ms
2026-02-18 08:30:23 [INFO]    [PING OK] RU | 2023ms
2026-02-18 08:30:23 [INFO]    [PING OK] RU | 2195ms
2026-02-18 08:30:23 [INFO]    [PING OK] RU | 238ms
2026-02-18 08:30:23 [INFO]    [PING OK] RU | 463ms
2026-02-18 08:30:23 [INFO]    [PING OK] RU | 302ms
2026-02-18 08:30:23 [INFO]    [PING OK] RU | 376ms
2026-02-18 08:30:24 [INFO]    [PING OK] RU | 473ms
2026-02-18 08:30:24 [INFO]    [PING OK] RU | 576ms
2026-02-18 08:30:24 [INFO]    [PING OK] RU | 269ms
2026-02-18 08:30:24 [INFO]    [PING OK] RU | 242ms
2026-02-18 08:30:25 [INFO]    [PING OK] RU | 354ms
2026-02-18 08:30:25 [INFO]    [PING OK] RU | 287ms
2026-02-18 08:30:25 [INFO]    [PING OK] RU | 247ms
2026-02-18 08:30:25 [INFO]    [PING OK] RU | 221ms
2026-02-18 08:30:25 [INFO]    [PING OK] RU | 273ms
2026-02-18 08:30:25 [INFO]    [PING OK] RU | 1302ms
2026-02-18 08:30:25 [INFO]    [PING OK] RU | 56ms
2026-02-18 08:30:25 [INFO]    [PING OK] RU | 288ms
2026-02-18 08:30:25 [INFO]    [PING OK] RU | 1331ms
2026-02-18 08:30:25 [INFO]    [PING OK] RU | 410ms
2026-02-18 08:30:26 [INFO]    [PING OK] RU | 322ms
2026-02-18 08:30:26 [INFO]    [PING OK] RU | 390ms
2026-02-18 08:30:26 [INFO]    [PING OK] RU | 308ms
2026-02-18 08:30:26 [INFO]    [PING OK] RU | 242ms
2026-02-18 08:30:26 [INFO]    [PING OK] RU | 130ms
2026-02-18 08:30:26 [INFO]    [PING OK] RU | 293ms
2026-02-18 08:30:26 [INFO]    [PING OK] RU | 152ms
2026-02-18 08:30:26 [INFO]    [PING OK] RU | 2839ms
2026-02-18 08:30:26 [INFO]    [PING OK] RU | 352ms
2026-02-18 08:30:26 [INFO]    [PING OK] RU | 220ms
2026-02-18 08:30:26 [INFO]    [PING OK] DE | 448ms
2026-02-18 08:30:26 [INFO]    [PING OK] RU | 420ms
2026-02-18 08:30:26 [INFO]    [PING OK] RU | 290ms
2026-02-18 08:30:26 [INFO]    [PING OK] RU | 1475ms
2026-02-18 08:30:27 [INFO]    [PING OK] RU | 322ms
2026-02-18 08:30:27 [INFO]    [PING OK] RU | 321ms
2026-02-18 08:30:27 [INFO]    [PING OK] RU | 696ms
2026-02-18 08:30:27 [INFO]    [PING OK] RU | 213ms
2026-02-18 08:30:27 [INFO]    [PING OK] RU | 375ms
2026-02-18 08:30:27 [INFO]    [PING OK] RU | 93ms
2026-02-18 08:30:27 [INFO]    [PING OK] RU | 273ms
2026-02-18 08:30:28 [INFO]    [PING OK] RU | 1163ms
2026-02-18 08:30:28 [INFO]    [PING OK] IQ | 404ms
2026-02-18 08:30:28 [INFO]    [PING OK] RU | 878ms
2026-02-18 08:30:28 [INFO]    [PING OK] UZ | 310ms
2026-02-18 08:30:28 [INFO]    [PING OK] RU | 1230ms
2026-02-18 08:30:28 [INFO]    [PING OK] RU | 1312ms
2026-02-18 08:30:29 [INFO]    [PING OK] FI | 200ms
2026-02-18 08:30:29 [INFO]    [PING OK] RU | 1751ms
2026-02-18 08:30:29 [INFO]    [PING OK] NL | 265ms
2026-02-18 08:30:29 [INFO]    [PING OK] DE | 512ms
2026-02-18 08:30:31 [INFO]    [PING OK] RU | 3545ms
2026-02-18 08:30:31 [INFO]    [PING OK] AT | 236ms
2026-02-18 08:30:31 [INFO]    [PING OK] RU | 4863ms
2026-02-18 08:30:31 [INFO]    [PING OK] DE | 200ms
2026-02-18 08:30:32 [INFO]    [PING OK] DE | 205ms
2026-02-18 08:30:32 [INFO]    [PING OK] FI | 163ms
2026-02-18 08:30:33 [INFO]    [PING OK] LV | 370ms
2026-02-18 08:30:33 [INFO]    [PING OK] NL | 772ms
2026-02-18 08:30:33 [INFO]    [PING OK] US | 649ms
2026-02-18 08:30:34 [INFO]    [PING OK] IR | 631ms
2026-02-18 08:30:34 [INFO]    [PING OK] FI | 4472ms
2026-02-18 08:30:35 [INFO]    [PING OK] PL | 121ms
2026-02-18 08:30:35 [INFO]    [PING OK] FI | 164ms
2026-02-18 08:30:36 [INFO]    [PING OK] NL | 223ms
2026-02-18 08:30:36 [INFO]    [PING OK] RU | 150ms
2026-02-18 08:30:37 [INFO]    [PING OK] JP | 411ms
2026-02-18 08:30:38 [INFO]    [PING OK] MD | 197ms
2026-02-18 08:30:40 [INFO]    [PING OK] DE | 330ms
2026-02-18 08:30:40 [INFO]    [PING OK] AE | 164ms
2026-02-18 08:30:45 [INFO] 🏎️ ЭТАП 2: Глубокий замер скорости для ТОП-10 серверов...
2026-02-18 08:30:49 [INFO]    🏆 PL | Пинг: 121ms | Скорость: 0.0 Mbps 
2026-02-18 08:30:49 [INFO]    🏆 DE | Пинг: 151ms | Скорость: 8.28 Mbps ⚡⚡
2026-02-18 08:30:49 [INFO]    🏆 FI | Пинг: 163ms | Скорость: 8.44 Mbps ⚡⚡
2026-02-18 08:30:49 [INFO]    🏆 FI | Пинг: 164ms | Скорость: 8.2 Mbps ⚡⚡
2026-02-18 08:30:49 [INFO]    🏆 AE | Пинг: 164ms | Скорость: 8.29 Mbps ⚡⚡
2026-02-18 08:30:49 [INFO]    🏆 DE | Пинг: 170ms | Скорость: 8.53 Mbps ⚡⚡
2026-02-18 08:30:49 [INFO]    🏆 DE | Пинг: 184ms | Скорость: 8.65 Mbps ⚡⚡
2026-02-18 08:30:49 [INFO]    🏆 MD | Пинг: 197ms | Скорость: 8.47 Mbps ⚡⚡
2026-02-18 08:30:49 [INFO]    🏆 FI | Пинг: 200ms | Скорость: 8.7 Mbps ⚡⚡
2026-02-18 08:30:49 [INFO]    🏆 RU | Пинг: 56ms | Скорость: 7.64 Mbps ⚡⚡
2026-02-18 08:30:49 [INFO] 🇷🇺 Добавлен RU сервер: 87.242.103.184
2026-02-18 08:30:49 [INFO] 📊 Итого в подписке сохранено: 10 серверов
2026-02-18 08:30:49 [INFO] 💾 Файл успешно сохранен: FL1PVPN
