2026-02-25 07:40:06 [INFO] 🚀 START: Smart Selector (Target: 10, ONLY FOREIGN)
2026-02-25 07:40:06 [INFO] 🌐 Загрузка источников (VLESS + VMess)...
2026-02-25 07:40:06 [INFO] 🔍 Уникальных конфигов собрано: 165
2026-02-25 07:40:06 [INFO] ⚡ ЭТАП 1: Замер Пинга и Геолокации. Workers: 40...
2026-02-25 07:40:11 [INFO]    [PING OK] FI | VLESS | 4308ms
2026-02-25 07:40:11 [INFO]    [PING OK] FI | VLESS | 4211ms
2026-02-25 07:40:12 [INFO]    [PING OK] DE | VLESS | 4293ms
2026-02-25 07:40:12 [INFO]    [PING OK] NL | VLESS | 3939ms
2026-02-25 07:40:12 [INFO]    [PING OK] US | VLESS | 4019ms
2026-02-25 07:40:12 [INFO]    [PING OK] FI | VLESS | 4090ms
2026-02-25 07:40:12 [INFO]    [PING OK] US | VLESS | 4372ms
2026-02-25 07:40:12 [INFO]    [PING OK] NL | VLESS | 4326ms
2026-02-25 07:40:12 [INFO]    [PING OK] DE | VLESS | 4251ms
2026-02-25 07:40:12 [INFO]    [PING OK] DE | VLESS | 4121ms
2026-02-25 07:40:12 [INFO]    [PING OK] FI | VLESS | 4045ms
2026-02-25 07:40:12 [INFO]    [PING OK] DE | VLESS | 4699ms
2026-02-25 07:40:12 [INFO]    [PING OK] NL | VLESS | 3857ms
2026-02-25 07:40:12 [INFO]    [PING OK] DE | VLESS | 4067ms
2026-02-25 07:40:13 [INFO]    [PING OK] NL | VLESS | 3801ms
2026-02-25 07:40:13 [INFO]    [PING OK] FI | VLESS | 4014ms
2026-02-25 07:40:13 [INFO]    [PING OK] DE | VLESS | 4030ms
2026-02-25 07:40:13 [INFO]    [PING OK] DE | VLESS | 5628ms
2026-02-25 07:40:13 [INFO]    [PING OK] DE | VLESS | 5373ms
2026-02-25 07:40:13 [INFO]    [PING OK] NL | VLESS | 5693ms
2026-02-25 07:40:13 [INFO]    [PING OK] NL | VLESS | 5786ms
2026-02-25 07:40:13 [INFO]    [PING OK] NL | VLESS | 3465ms
2026-02-25 07:40:16 [INFO]    [PING OK] FI | VLESS | 6370ms
2026-02-25 07:40:16 [INFO]    [PING OK] NL | VLESS | 3763ms
2026-02-25 07:40:16 [INFO]    [PING OK] FI | VLESS | 3788ms
2026-02-25 07:40:16 [INFO]    [PING OK] US | VLESS | 4093ms
2026-02-25 07:40:17 [INFO]    [PING OK] FI | VLESS | 3715ms
2026-02-25 07:40:17 [INFO]    [PING OK] NL | VLESS | 3962ms
2026-02-25 07:40:17 [INFO]    [PING OK] FI | VLESS | 4042ms
2026-02-25 07:40:17 [INFO]    [PING OK] FI | VLESS | 3555ms
2026-02-25 07:40:17 [INFO]    [PING OK] DE | VLESS | 3824ms
2026-02-25 07:40:17 [INFO]    [PING OK] NL | VLESS | 3739ms
2026-02-25 07:40:17 [INFO]    [PING OK] NL | VLESS | 3562ms
2026-02-25 07:40:17 [INFO]    [PING OK] DE | VLESS | 3936ms
2026-02-25 07:40:17 [INFO]    [PING OK] US | VLESS | 3842ms
2026-02-25 07:40:17 [INFO]    [PING OK] FI | VLESS | 3962ms
2026-02-25 07:40:18 [INFO]    [PING OK] FI | VLESS | 3826ms
2026-02-25 07:40:18 [INFO]    [PING OK] CA | VLESS | 4190ms
2026-02-25 07:40:18 [INFO]    [PING OK] FR | VLESS | 3613ms
2026-02-25 07:40:19 [INFO]    [PING OK] DE | VLESS | 3832ms
2026-02-25 07:40:20 [INFO]    [PING OK] NL | VLESS | 4255ms
2026-02-25 07:40:20 [INFO]    [PING OK] DE | VLESS | 4063ms
2026-02-25 07:40:22 [INFO]    [PING OK] DE | VLESS | 4876ms
2026-02-25 07:40:22 [INFO]    [PING OK] NL | VLESS | 4803ms
2026-02-25 07:40:22 [INFO]    [PING OK] US | VLESS | 4501ms
2026-02-25 07:40:23 [INFO]    [PING OK] US | VLESS | 6764ms
2026-02-25 07:40:23 [INFO]    [PING OK] KZ | VLESS | 4615ms
2026-02-25 07:40:23 [INFO]    [PING OK] SG | VLESS | 5375ms
2026-02-25 07:40:23 [INFO]    [PING OK] CA | VLESS | 5144ms
2026-02-25 07:40:23 [INFO]    [PING OK] LV | VLESS | 6027ms
2026-02-25 07:40:23 [INFO]    [PING OK] RS | VLESS | 4738ms
2026-02-25 07:40:23 [INFO]    [PING OK] DE | VLESS | 4725ms
2026-02-25 07:40:23 [INFO]    [PING OK] CA | VLESS | 5035ms
2026-02-25 07:40:24 [INFO]    [PING OK] GB | VLESS | 5764ms
2026-02-25 07:40:24 [INFO]    [PING OK] DE | VLESS | 4125ms
2026-02-25 07:40:24 [INFO]    [PING OK] DE | VLESS | 3499ms
2026-02-25 07:40:24 [INFO]    [PING OK] CA | VLESS | 4719ms
2026-02-25 07:40:24 [INFO]    [PING OK] SG | VLESS | 5516ms
2026-02-25 07:40:24 [INFO]    [PING OK] DE | VLESS | 2939ms
2026-02-25 07:40:24 [INFO]    [PING OK] NL | VLESS | 2035ms
2026-02-25 07:40:24 [INFO]    [PING OK] GB | VLESS | 2344ms
2026-02-25 07:40:24 [INFO]    [PING OK] SE | VLESS | 1631ms
2026-02-25 07:40:24 [INFO]    [PING OK] SG | VLESS | 2427ms
2026-02-25 07:40:25 [INFO]    [PING OK] CA | VLESS | 3226ms
2026-02-25 07:40:25 [INFO]    [PING OK] SG | VLESS | 3189ms
2026-02-25 07:40:25 [INFO]    [PING OK] CA | VLESS | 3336ms
2026-02-25 07:40:25 [INFO]    [PING OK] TW | VLESS | 4056ms
2026-02-25 07:40:26 [INFO]    [PING OK] CA | VLESS | 2591ms
2026-02-25 07:40:26 [INFO]    [PING OK] CA | VLESS | 3024ms
2026-02-25 07:40:29 [INFO] 🏎️ ЭТАП 2: Глубокий замер скорости для 40 иностранных кандидатов...
2026-02-25 07:40:33 [INFO]    🏆 NL | VLESS | Пинг: 2035ms | Скорость: 5.4 Mbps ⚡⚡
2026-02-25 07:40:34 [INFO]    🏆 SE | VLESS | Пинг: 1631ms | Скорость: 5.21 Mbps ⚡⚡
2026-02-25 07:40:34 [INFO]    🏆 GB | VLESS | Пинг: 2344ms | Скорость: 5.28 Mbps ⚡⚡
2026-02-25 07:40:34 [INFO]    🏆 NL | VLESS | Пинг: 3465ms | Скорость: 5.49 Mbps ⚡⚡
2026-02-25 07:40:34 [INFO]    🏆 DE | VLESS | Пинг: 3499ms | Скорость: 5.41 Mbps ⚡⚡
2026-02-25 07:40:34 [INFO]    🏆 DE | VLESS | Пинг: 2939ms | Скорость: 5.23 Mbps ⚡⚡
2026-02-25 07:40:34 [INFO]    🏆 FR | VLESS | Пинг: 3613ms | Скорость: 5.42 Mbps ⚡⚡
2026-02-25 07:40:34 [INFO]    🏆 FI | VLESS | Пинг: 3555ms | Скорость: 5.07 Mbps ⚡⚡
2026-02-25 07:40:34 [INFO]    🏆 SG | VLESS | Пинг: 2427ms | Скорость: 4.77 Mbps ⚡⚡
2026-02-25 07:40:34 [INFO]    🏆 NL | VLESS | Пинг: 3562ms | Скорость: 4.52 Mbps ⚡⚡
2026-02-25 07:40:36 [INFO]    🏆 CA | VLESS | Пинг: 3226ms | Скорость: 0.93 Mbps 
2026-02-25 07:40:37 [INFO]    🏆 FI | VLESS | Пинг: 3715ms | Скорость: 6.26 Mbps ⚡⚡
2026-02-25 07:40:38 [INFO]    🏆 DE | VLESS | Пинг: 3832ms | Скорость: 6.33 Mbps ⚡⚡
2026-02-25 07:40:38 [INFO]    🏆 NL | VLESS | Пинг: 3857ms | Скорость: 6.41 Mbps ⚡⚡
2026-02-25 07:40:38 [INFO]    🏆 NL | VLESS | Пинг: 3739ms | Скорость: 6.14 Mbps ⚡⚡
2026-02-25 07:40:38 [INFO]    🏆 DE | VLESS | Пинг: 3936ms | Скорость: 6.54 Mbps ⚡⚡
2026-02-25 07:40:38 [INFO]    🏆 NL | VLESS | Пинг: 3939ms | Скорость: 6.55 Mbps ⚡⚡
2026-02-25 07:40:38 [INFO]    🏆 FI | VLESS | Пинг: 3826ms | Скорость: 6.01 Mbps ⚡⚡
2026-02-25 07:40:38 [INFO]    🏆 FI | VLESS | Пинг: 3788ms | Скорость: 5.32 Mbps ⚡⚡
2026-02-25 07:40:38 [INFO]    🏆 NL | VLESS | Пинг: 3962ms | Скорость: 6.8 Mbps ⚡⚡
2026-02-25 07:40:38 [INFO]    🏆 US | VLESS | Пинг: 3842ms | Скорость: 5.46 Mbps ⚡⚡
2026-02-25 07:40:38 [INFO]    🏆 DE | VLESS | Пинг: 3824ms | Скорость: 4.91 Mbps ⚡⚡
2026-02-25 07:40:39 [INFO]    🏆 NL | VLESS | Пинг: 3801ms | Скорость: 4.49 Mbps ⚡⚡
2026-02-25 07:40:39 [INFO]    🏆 NL | VLESS | Пинг: 3763ms | Скорость: 4.3 Mbps ⚡⚡
2026-02-25 07:40:40 [INFO]    🏆 FI | VLESS | Пинг: 4014ms | Скорость: 5.7 Mbps ⚡⚡
2026-02-25 07:40:41 [INFO]    🏆 FI | VLESS | Пинг: 4045ms | Скорость: 9.19 Mbps ⚡⚡
2026-02-25 07:40:41 [INFO]    🏆 DE | VLESS | Пинг: 4030ms | Скорость: 8.72 Mbps ⚡⚡
2026-02-25 07:40:41 [INFO]    🏆 FI | VLESS | Пинг: 3962ms | Скорость: 4.74 Mbps ⚡⚡
2026-02-25 07:40:41 [INFO]    🏆 US | VLESS | Пинг: 4019ms | Скорость: 7.52 Mbps ⚡⚡
2026-02-25 07:40:41 [INFO]    🏆 FI | VLESS | Пинг: 4090ms | Скорость: 9.73 Mbps ⚡⚡
2026-02-25 07:40:41 [INFO]    🏆 DE | VLESS | Пинг: 4121ms | Скорость: 9.65 Mbps ⚡⚡
2026-02-25 07:40:41 [INFO]    🏆 DE | VLESS | Пинг: 4063ms | Скорость: 7.5 Mbps ⚡⚡
2026-02-25 07:40:45 [INFO]    🏆 TW | VLESS | Пинг: 4056ms | Скорость: 1.1 Mbps 
2026-02-25 07:40:46 [INFO] 📊 Итого в подписке сохранено иностранных серверов: 10
2026-02-25 07:40:46 [INFO] 💾 Файл успешно сохранен: FL1PVPN
