2026-02-24 16:30:06 [INFO] 🚀 START: Smart Selector (Target: 10, ONLY FOREIGN)
2026-02-24 16:30:06 [INFO] 🌐 Загрузка источников (VLESS + VMess)...
2026-02-24 16:30:07 [INFO] 🔍 Уникальных конфигов собрано: 220
2026-02-24 16:30:07 [INFO] ⚡ ЭТАП 1: Замер Пинга и Геолокации. Workers: 40...
2026-02-24 16:30:13 [INFO]    [PING OK] DE | VLESS | 4807ms
2026-02-24 16:30:13 [INFO]    [PING OK] PL | VLESS | 5055ms
2026-02-24 16:30:13 [INFO]    [PING OK] HU | VLESS | 5052ms
2026-02-24 16:30:13 [INFO]    [PING OK] TR | VLESS | 5072ms
2026-02-24 16:30:13 [INFO]    [PING OK] ES | VLESS | 4906ms
2026-02-24 16:30:13 [INFO]    [PING OK] IT | VLESS | 4817ms
2026-02-24 16:30:13 [INFO]    [PING OK] ES | VLESS | 4711ms
2026-02-24 16:30:13 [INFO]    [PING OK] TR | VLESS | 4815ms
2026-02-24 16:30:13 [INFO]    [PING OK] DE | VLESS | 4958ms
2026-02-24 16:30:13 [INFO]    [PING OK] DE | VLESS | 4528ms
2026-02-24 16:30:13 [INFO]    [PING OK] LV | VLESS | 5551ms
2026-02-24 16:30:14 [INFO]    [PING OK] HU | VLESS | 4023ms
2026-02-24 16:30:14 [INFO]    [PING OK] HU | VLESS | 4290ms
2026-02-24 16:30:14 [INFO]    [PING OK] FI | VLESS | 4892ms
2026-02-24 16:30:15 [INFO]    [PING OK] PL | VLESS | 4329ms
2026-02-24 16:30:15 [INFO]    [PING OK] DE | VLESS | 6207ms
2026-02-24 16:30:16 [INFO]    [PING OK] CA | VLESS | 7027ms
2026-02-24 16:30:16 [INFO]    [PING OK] ES | VLESS | 3139ms
2026-02-24 16:30:16 [INFO]    [PING OK] IT | VLESS | 2976ms
2026-02-24 16:30:16 [INFO]    [PING OK] PL | VLESS | 3173ms
2026-02-24 16:30:16 [INFO]    [PING OK] FI | VLESS | 5915ms
2026-02-24 16:30:16 [INFO]    [PING OK] GB | VLESS | 5900ms
2026-02-24 16:30:17 [INFO]    [PING OK] ES | VLESS | 3094ms
2026-02-24 16:30:17 [INFO]    [PING OK] IT | VLESS | 3048ms
2026-02-24 16:30:17 [INFO]    [PING OK] DE | VLESS | 3192ms
2026-02-24 16:30:17 [INFO]    [PING OK] PL | VLESS | 3466ms
2026-02-24 16:30:18 [INFO]    [PING OK] ES | VLESS | 3243ms
2026-02-24 16:30:18 [INFO]    [PING OK] LV | VLESS | 3536ms
2026-02-24 16:30:18 [INFO]    [PING OK] ES | VLESS | 7015ms
2026-02-24 16:30:18 [INFO]    [PING OK] DE | VLESS | 3501ms
2026-02-24 16:30:18 [INFO]    [PING OK] US | VLESS | 3925ms
2026-02-24 16:30:19 [INFO]    [PING OK] HU | VLESS | 3808ms
2026-02-24 16:30:19 [INFO]    [PING OK] TR | VLESS | 3797ms
2026-02-24 16:30:19 [INFO]    [PING OK] PL | VLESS | 3989ms
2026-02-24 16:30:19 [INFO]    [PING OK] PL | VLESS | 4189ms
2026-02-24 16:30:21 [INFO]    [PING OK] DE | VLESS | 5870ms
2026-02-24 16:30:22 [INFO]    [PING OK] NL | VLESS | 4310ms
2026-02-24 16:30:22 [INFO]    [PING OK] DE | VLESS | 4828ms
2026-02-24 16:30:22 [INFO]    [PING OK] DE | VLESS | 4665ms
2026-02-24 16:30:22 [INFO]    [PING OK] DE | VLESS | 4462ms
2026-02-24 16:30:23 [INFO]    [PING OK] NL | VLESS | 4936ms
2026-02-24 16:30:23 [INFO]    [PING OK] SG | VLESS | 5022ms
2026-02-24 16:30:23 [INFO]    [PING OK] DE | VLESS | 4726ms
2026-02-24 16:30:23 [INFO]    [PING OK] CA | VLESS | 5172ms
2026-02-24 16:30:24 [INFO]    [PING OK] CA | VLESS | 4996ms
2026-02-24 16:30:24 [INFO]    [PING OK] EE | VLESS | 4928ms
2026-02-24 16:30:24 [INFO]    [PING OK] JP | VLESS | 5421ms
2026-02-24 16:30:25 [INFO]    [PING OK] DE | VLESS | 5077ms
2026-02-24 16:30:25 [INFO]    [PING OK] CA | VLESS | 7813ms
2026-02-24 16:30:25 [INFO]    [PING OK] CA | VLESS | 5303ms
2026-02-24 16:30:25 [INFO]    [PING OK] CA | VLESS | 5048ms
2026-02-24 16:30:25 [INFO]    [PING OK] KZ | VLESS | 5302ms
2026-02-24 16:30:26 [INFO]    [PING OK] US | VLESS | 5200ms
2026-02-24 16:30:26 [INFO]    [PING OK] CA | VLESS | 5078ms
2026-02-24 16:30:27 [INFO]    [PING OK] DE | VLESS | 5117ms
2026-02-24 16:30:27 [INFO]    [PING OK] CA | VLESS | 6053ms
2026-02-24 16:30:27 [INFO]    [PING OK] CA | VLESS | 5135ms
2026-02-24 16:30:27 [INFO]    [PING OK] DE | VLESS | 5199ms
2026-02-24 16:30:27 [INFO]    [PING OK] LT | VLESS | 5367ms
2026-02-24 16:30:28 [INFO]    [PING OK] TR | VLESS | 5108ms
2026-02-24 16:30:28 [INFO]    [PING OK] CA | VLESS | 5123ms
2026-02-24 16:30:28 [INFO]    [PING OK] DE | VLESS | 3183ms
2026-02-24 16:30:28 [INFO]    [PING OK] CA | VLESS | 4697ms
2026-02-24 16:30:29 [INFO]    [PING OK] LT | VLESS | 4035ms
2026-02-24 16:30:29 [INFO]    [PING OK] US | VLESS | 4737ms
2026-02-24 16:30:29 [INFO]    [PING OK] CA | VLESS | 8781ms
2026-02-24 16:30:29 [INFO]    [PING OK] CA | VLESS | 2463ms
2026-02-24 16:30:31 [INFO]    [PING OK] GB | VLESS | 4153ms
2026-02-24 16:30:31 [INFO]    [PING OK] CA | VLESS | 4820ms
2026-02-24 16:30:33 [INFO] 🏎️ ЭТАП 2: Глубокий замер скорости для 40 иностранных кандидатов...
2026-02-24 16:30:37 [INFO]    🏆 DE | VLESS | Пинг: 3183ms | Скорость: 6.49 Mbps ⚡⚡
2026-02-24 16:30:37 [INFO]    🏆 HU | VLESS | Пинг: 3808ms | Скорость: 6.77 Mbps ⚡⚡
2026-02-24 16:30:37 [INFO]    🏆 DE | VLESS | Пинг: 3501ms | Скорость: 6.61 Mbps ⚡⚡
2026-02-24 16:30:37 [INFO]    🏆 PL | VLESS | Пинг: 3173ms | Скорость: 6.4 Mbps ⚡⚡
2026-02-24 16:30:37 [INFO]    🏆 ES | VLESS | Пинг: 3094ms | Скорость: 6.31 Mbps ⚡⚡
2026-02-24 16:30:37 [INFO]    🏆 ES | VLESS | Пинг: 3139ms | Скорость: 6.36 Mbps ⚡⚡
2026-02-24 16:30:37 [INFO]    🏆 PL | VLESS | Пинг: 3466ms | Скорость: 6.32 Mbps ⚡⚡
2026-02-24 16:30:37 [INFO]    🏆 TR | VLESS | Пинг: 3797ms | Скорость: 6.37 Mbps ⚡⚡
2026-02-24 16:30:39 [INFO]    🏆 ES | VLESS | Пинг: 3243ms | Скорость: 4.34 Mbps ⚡⚡
2026-02-24 16:30:40 [INFO]    🏆 US | VLESS | Пинг: 3925ms | Скорость: 3.78 Mbps ⚡⚡
2026-02-24 16:30:40 [INFO]    🏆 IT | VLESS | Пинг: 3048ms | Скорость: 1.2 Mbps 
2026-02-24 16:30:42 [INFO]    🏆 PL | VLESS | Пинг: 3989ms | Скорость: 5.3 Mbps ⚡⚡
2026-02-24 16:30:42 [INFO]    🏆 HU | VLESS | Пинг: 4290ms | Скорость: 5.4 Mbps ⚡⚡
2026-02-24 16:30:42 [INFO]    🏆 LT | VLESS | Пинг: 4035ms | Скорость: 5.31 Mbps ⚡⚡
2026-02-24 16:30:42 [INFO]    🏆 DE | VLESS | Пинг: 4528ms | Скорость: 6.17 Mbps ⚡⚡
2026-02-24 16:30:42 [INFO]    🏆 PL | VLESS | Пинг: 4329ms | Скорость: 5.46 Mbps ⚡⚡
2026-02-24 16:30:42 [INFO]    🏆 HU | VLESS | Пинг: 4023ms | Скорость: 5.26 Mbps ⚡⚡
2026-02-24 16:30:42 [INFO]    🏆 DE | VLESS | Пинг: 4665ms | Скорость: 6.02 Mbps ⚡⚡
2026-02-24 16:30:42 [INFO]    🏆 PL | VLESS | Пинг: 4189ms | Скорость: 5.08 Mbps ⚡⚡
2026-02-24 16:30:44 [INFO]    🏆 NL | VLESS | Пинг: 4310ms | Скорость: 3.75 Mbps ⚡⚡
2026-02-24 16:30:45 [INFO]    🏆 DE | VLESS | Пинг: 4462ms | Скорость: 2.64 Mbps ⚡
2026-02-24 16:30:45 [INFO]    🏆 DE | VLESS | Пинг: 4726ms | Скорость: 5.6 Mbps ⚡⚡
2026-02-24 16:30:45 [INFO]    🏆 US | VLESS | Пинг: 4737ms | Скорость: 5.71 Mbps ⚡⚡
2026-02-24 16:30:45 [INFO]    🏆 DE | VLESS | Пинг: 4807ms | Скорость: 8.67 Mbps ⚡⚡
2026-02-24 16:30:46 [INFO]    🏆 EE | VLESS | Пинг: 4928ms | Скорость: 6.3 Mbps ⚡⚡
2026-02-24 16:30:46 [INFO]    🏆 DE | VLESS | Пинг: 4958ms | Скорость: 12.66 Mbps ⚡⚡
2026-02-24 16:30:46 [INFO]    🏆 NL | VLESS | Пинг: 4936ms | Скорость: 6.42 Mbps ⚡⚡
2026-02-24 16:30:46 [INFO]    🏆 TR | VLESS | Пинг: 4815ms | Скорость: 6.04 Mbps ⚡⚡
2026-02-24 16:30:46 [INFO]    🏆 ES | VLESS | Пинг: 4906ms | Скорость: 5.64 Mbps ⚡⚡
2026-02-24 16:30:46 [INFO]    🏆 ES | VLESS | Пинг: 4711ms | Скорость: 2.46 Mbps ⚡
2026-02-24 16:30:49 [INFO]    🏆 IT | VLESS | Пинг: 4817ms | Скорость: 1.02 Mbps 
2026-02-24 16:30:49 [INFO]    🏆 DE | VLESS | Пинг: 4828ms | Скорость: 0.91 Mbps 
2026-02-24 16:30:49 [INFO]    🏆 FI | VLESS | Пинг: 4892ms | Скорость: 1.5 Mbps ⚡
2026-02-24 16:30:49 [INFO] 📊 Итого в подписке сохранено иностранных серверов: 10
2026-02-24 16:30:49 [INFO] 💾 Файл успешно сохранен: FL1PVPN
