2026-02-21 22:30:06 [INFO] 🚀 START: Smart Selector (Target: 10, ONLY FOREIGN)
2026-02-21 22:30:06 [INFO] 🌐 Загрузка источников (VLESS + VMess)...
2026-02-21 22:30:09 [INFO] 🔍 Уникальных конфигов собрано: 254
2026-02-21 22:30:09 [INFO] ⚡ ЭТАП 1: Замер Пинга и Геолокации. Workers: 40...
2026-02-21 22:30:15 [INFO]    [PING OK] PL | VLESS | 3998ms
2026-02-21 22:30:15 [INFO]    [PING OK] IT | VLESS | 4604ms
2026-02-21 22:30:15 [INFO]    [PING OK] PL | VLESS | 4588ms
2026-02-21 22:30:15 [INFO]    [PING OK] TR | VLESS | 4882ms
2026-02-21 22:30:15 [INFO]    [PING OK] PL | VLESS | 4004ms
2026-02-21 22:30:15 [INFO]    [PING OK] IT | VLESS | 4221ms
2026-02-21 22:30:16 [INFO]    [PING OK] ES | VLESS | 4050ms
2026-02-21 22:30:16 [INFO]    [PING OK] PL | VLESS | 4448ms
2026-02-21 22:30:20 [INFO]    [PING OK] PL | VLESS | 4557ms
2026-02-21 22:30:20 [INFO]    [PING OK] IT | VLESS | 4573ms
2026-02-21 22:30:20 [INFO]    [PING OK] PL | VLESS | 4636ms
2026-02-21 22:30:20 [INFO]    [PING OK] TR | VLESS | 4921ms
2026-02-21 22:30:20 [INFO]    [PING OK] HU | VLESS | 4849ms
2026-02-21 22:30:20 [INFO]    [PING OK] HU | VLESS | 4590ms
2026-02-21 22:30:20 [INFO]    [PING OK] ES | VLESS | 4974ms
2026-02-21 22:30:20 [INFO]    [PING OK] HU | VLESS | 4939ms
2026-02-21 22:30:20 [INFO]    [PING OK] ES | VLESS | 5037ms
2026-02-21 22:30:20 [INFO]    [PING OK] US | VLESS | 5204ms
2026-02-21 22:30:21 [INFO]    [PING OK] TR | VLESS | 4764ms
2026-02-21 22:30:21 [INFO]    [PING OK] ES | VLESS | 4608ms
2026-02-21 22:30:21 [INFO]    [PING OK] ES | VLESS | 4125ms
2026-02-21 22:30:21 [INFO]    [PING OK] ES | VLESS | 4428ms
2026-02-21 22:30:21 [INFO]    [PING OK] TR | VLESS | 3828ms
2026-02-21 22:30:21 [INFO]    [PING OK] CA | VLESS | 4823ms
2026-02-21 22:30:21 [INFO]    [PING OK] ES | VLESS | 4294ms
2026-02-21 22:30:21 [INFO]    [PING OK] TR | VLESS | 4518ms
2026-02-21 22:30:21 [INFO]    [PING OK] DE | VLESS | 6066ms
2026-02-21 22:30:21 [INFO]    [PING OK] ES | VLESS | 4396ms
2026-02-21 22:30:21 [INFO]    [PING OK] HU | VLESS | 4262ms
2026-02-21 22:30:21 [INFO]    [PING OK] NL | VLESS | 3945ms
2026-02-21 22:30:22 [INFO]    [PING OK] TR | VLESS | 4524ms
2026-02-21 22:30:22 [INFO]    [PING OK] DE | VLESS | 5345ms
2026-02-21 22:30:24 [INFO]    [PING OK] EE | VLESS | 6955ms
2026-02-21 22:30:24 [INFO]    [PING OK] DE | VLESS | 4922ms
2026-02-21 22:30:25 [INFO]    [PING OK] DE | VLESS | 4866ms
2026-02-21 22:30:25 [INFO]    [PING OK] PL | VLESS | 5417ms
2026-02-21 22:30:25 [INFO]    [PING OK] CA | VLESS | 5190ms
2026-02-21 22:30:26 [INFO]    [PING OK] DE | VLESS | 5216ms
2026-02-21 22:30:26 [INFO]    [PING OK] HU | VLESS | 5669ms
2026-02-21 22:30:26 [INFO]    [PING OK] PL | VLESS | 5529ms
2026-02-21 22:30:27 [INFO]    [PING OK] DE | VLESS | 5571ms
2026-02-21 22:30:27 [INFO]    [PING OK] NL | VLESS | 5711ms
2026-02-21 22:30:27 [INFO]    [PING OK] DE | VLESS | 6006ms
2026-02-21 22:30:27 [INFO]    [PING OK] PL | VLESS | 6255ms
2026-02-21 22:30:27 [INFO]    [PING OK] DE | VLESS | 5799ms
2026-02-21 22:30:28 [INFO]    [PING OK] CA | VLESS | 5849ms
2026-02-21 22:30:28 [INFO]    [PING OK] CA | VLESS | 5973ms
2026-02-21 22:30:28 [INFO]    [PING OK] LV | VLESS | 5866ms
2026-02-21 22:30:29 [INFO]    [PING OK] CA | VLESS | 8007ms
2026-02-21 22:30:31 [INFO]    [PING OK] KZ | VLESS | 6589ms
2026-02-21 22:30:31 [INFO]    [PING OK] CA | VLESS | 5727ms
2026-02-21 22:30:31 [INFO]    [PING OK] GB | VLESS | 6263ms
2026-02-21 22:30:32 [INFO]    [PING OK] CA | VLESS | 5913ms
2026-02-21 22:30:32 [INFO]    [PING OK] CA | VLESS | 5928ms
2026-02-21 22:30:32 [INFO]    [PING OK] CA | VLESS | 5579ms
2026-02-21 22:30:33 [INFO]    [PING OK] CA | VLESS | 5696ms
2026-02-21 22:30:33 [INFO]    [PING OK] CA | VLESS | 5487ms
2026-02-21 22:30:33 [INFO]    [PING OK] CA | VLESS | 5282ms
2026-02-21 22:30:33 [INFO]    [PING OK] CA | VLESS | 5325ms
2026-02-21 22:30:33 [INFO]    [PING OK] CA | VLESS | 5566ms
2026-02-21 22:30:33 [INFO]    [PING OK] CA | VLESS | 5590ms
2026-02-21 22:30:33 [INFO]    [PING OK] CA | VLESS | 5419ms
2026-02-21 22:30:33 [INFO]    [PING OK] CA | VLESS | 5712ms
2026-02-21 22:30:33 [INFO]    [PING OK] CA | VLESS | 6449ms
2026-02-21 22:30:33 [INFO]    [PING OK] CA | VLESS | 5108ms
2026-02-21 22:30:33 [INFO]    [PING OK] CA | VLESS | 5406ms
2026-02-21 22:30:33 [INFO]    [PING OK] CA | VLESS | 5091ms
2026-02-21 22:30:33 [INFO]    [PING OK] CA | VLESS | 5088ms
2026-02-21 22:30:33 [INFO]    [PING OK] CA | VLESS | 5181ms
2026-02-21 22:30:33 [INFO]    [PING OK] CA | VLESS | 4476ms
2026-02-21 22:30:33 [INFO]    [PING OK] CA | VLESS | 5402ms
2026-02-21 22:30:33 [INFO]    [PING OK] DE | VLESS | 1534ms
2026-02-21 22:30:34 [INFO]    [PING OK] CA | VLESS | 2604ms
2026-02-21 22:30:34 [INFO]    [PING OK] CA | VLESS | 1999ms
2026-02-21 22:30:34 [INFO]    [PING OK] CA | VLESS | 2003ms
2026-02-21 22:30:34 [INFO]    [PING OK] CA | VLESS | 2325ms
2026-02-21 22:30:35 [INFO]    [PING OK] DE | VLESS | 3502ms
2026-02-21 22:30:35 [INFO]    [PING OK] CA | VLESS | 3324ms
2026-02-21 22:30:37 [INFO] 🏎️ ЭТАП 2: Глубокий замер скорости для 40 иностранных кандидатов...
2026-02-21 22:30:41 [INFO]    🏆 DE | VLESS | Пинг: 1534ms | Скорость: 6.84 Mbps ⚡⚡
2026-02-21 22:30:41 [INFO]    🏆 NL | VLESS | Пинг: 3945ms | Скорость: 6.79 Mbps ⚡⚡
2026-02-21 22:30:42 [INFO]    🏆 PL | VLESS | Пинг: 4004ms | Скорость: 6.25 Mbps ⚡⚡
2026-02-21 22:30:42 [INFO]    🏆 HU | VLESS | Пинг: 4262ms | Скорость: 6.49 Mbps ⚡⚡
2026-02-21 22:30:42 [INFO]    🏆 PL | VLESS | Пинг: 3998ms | Скорость: 6.09 Mbps ⚡⚡
2026-02-21 22:30:42 [INFO]    🏆 ES | VLESS | Пинг: 4050ms | Скорость: 6.27 Mbps ⚡⚡
2026-02-21 22:30:42 [INFO]    🏆 ES | VLESS | Пинг: 4125ms | Скорость: 5.96 Mbps ⚡⚡
2026-02-21 22:30:42 [INFO]    🏆 TR | VLESS | Пинг: 3828ms | Скорость: 5.4 Mbps ⚡⚡
2026-02-21 22:30:42 [INFO]    🏆 CA | VLESS | Пинг: 2003ms | Скорость: 4.81 Mbps ⚡⚡
2026-02-21 22:30:42 [INFO]    🏆 CA | VLESS | Пинг: 1999ms | Скорость: 4.64 Mbps ⚡⚡
2026-02-21 22:30:42 [INFO]    🏆 CA | VLESS | Пинг: 2604ms | Скорость: 4.62 Mbps ⚡⚡
2026-02-21 22:30:43 [INFO]    🏆 CA | VLESS | Пинг: 2325ms | Скорость: 4.6 Mbps ⚡⚡
2026-02-21 22:30:44 [INFO]    🏆 ES | VLESS | Пинг: 4294ms | Скорость: 7.95 Mbps ⚡⚡
2026-02-21 22:30:44 [INFO]    🏆 IT | VLESS | Пинг: 4221ms | Скорость: 0.71 Mbps 
2026-02-21 22:30:45 [INFO]    🏆 CA | VLESS | Пинг: 3324ms | Скорость: 1.07 Mbps 
2026-02-21 22:30:45 [INFO]    🏆 ES | VLESS | Пинг: 4396ms | Скорость: 7.28 Mbps ⚡⚡
2026-02-21 22:30:45 [INFO]    🏆 PL | VLESS | Пинг: 4448ms | Скорость: 8.3 Mbps ⚡⚡
2026-02-21 22:30:45 [INFO]    🏆 ES | VLESS | Пинг: 4428ms | Скорость: 8.05 Mbps ⚡⚡
2026-02-21 22:30:45 [INFO]    🏆 PL | VLESS | Пинг: 4557ms | Скорость: 9.37 Mbps ⚡⚡
2026-02-21 22:30:45 [INFO]    🏆 TR | VLESS | Пинг: 4524ms | Скорость: 8.54 Mbps ⚡⚡
2026-02-21 22:30:45 [INFO]    🏆 TR | VLESS | Пинг: 4518ms | Скорость: 7.49 Mbps ⚡⚡
2026-02-21 22:30:45 [INFO]    🏆 PL | VLESS | Пинг: 4588ms | Скорость: 8.74 Mbps ⚡⚡
2026-02-21 22:30:45 [INFO]    🏆 HU | VLESS | Пинг: 4590ms | Скорость: 9.19 Mbps ⚡⚡
2026-02-21 22:30:45 [INFO]    🏆 CA | VLESS | Пинг: 4476ms | Скорость: 6.57 Mbps ⚡⚡
2026-02-21 22:30:46 [INFO]    🏆 ES | VLESS | Пинг: 4608ms | Скорость: 8.47 Mbps ⚡⚡
2026-02-21 22:30:47 [INFO]    🏆 PL | VLESS | Пинг: 4636ms | Скорость: 11.55 Mbps ⚡⚡
2026-02-21 22:30:48 [INFO]    🏆 HU | VLESS | Пинг: 4939ms | Скорость: 10.38 Mbps ⚡⚡
2026-02-21 22:30:48 [INFO]    🏆 ES | VLESS | Пинг: 4974ms | Скорость: 11.27 Mbps ⚡⚡
2026-02-21 22:30:48 [INFO]    🏆 ES | VLESS | Пинг: 5037ms | Скорость: 11.41 Mbps ⚡⚡
2026-02-21 22:30:48 [INFO]    🏆 CA | VLESS | Пинг: 4823ms | Скорость: 6.73 Mbps ⚡⚡
2026-02-21 22:30:49 [INFO]    🏆 HU | VLESS | Пинг: 4849ms | Скорость: 6.3 Mbps ⚡⚡
2026-02-21 22:30:51 [INFO]    🏆 TR | VLESS | Пинг: 4921ms | Скорость: 4.08 Mbps ⚡⚡
2026-02-21 22:30:51 [INFO]    🏆 TR | VLESS | Пинг: 4882ms | Скорость: 3.74 Mbps ⚡⚡
2026-02-21 22:30:51 [INFO]    🏆 TR | VLESS | Пинг: 4764ms | Скорость: 1.52 Mbps ⚡
2026-02-21 22:30:51 [INFO]    🏆 DE | VLESS | Пинг: 4866ms | Скорость: 0.87 Mbps 
2026-02-21 22:30:52 [INFO]    🏆 DE | VLESS | Пинг: 4922ms | Скорость: 0.85 Mbps 
2026-02-21 22:30:52 [INFO] 📊 Итого в подписке сохранено иностранных серверов: 10
2026-02-21 22:30:52 [INFO] 💾 Файл успешно сохранен: FL1PVPN
