2026-02-27 10:20:06 [INFO] 🚀 START: Smart Selector (Target: 10, ONLY FOREIGN)
2026-02-27 10:20:06 [INFO] 🌐 Загрузка источников (VLESS + VMess)...
2026-02-27 10:20:07 [INFO] 🔍 Уникальных конфигов собрано: 239
2026-02-27 10:20:07 [INFO] ⚡ ЭТАП 1: Замер Пинга и Геолокации. Workers: 40...
2026-02-27 10:20:12 [INFO]    [PING OK] DE | VLESS | 4204ms
2026-02-27 10:20:12 [INFO]    [PING OK] DE | VLESS | 4312ms
2026-02-27 10:20:12 [INFO]    [PING OK] FI | VLESS | 4530ms
2026-02-27 10:20:13 [INFO]    [PING OK] FI | VLESS | 4153ms
2026-02-27 10:20:13 [INFO]    [PING OK] FI | VLESS | 4708ms
2026-02-27 10:20:13 [INFO]    [PING OK] FI | VLESS | 4621ms
2026-02-27 10:20:13 [INFO]    [PING OK] DE | VLESS | 4176ms
2026-02-27 10:20:13 [INFO]    [PING OK] FI | VLESS | 4425ms
2026-02-27 10:20:13 [INFO]    [PING OK] FR | VLESS | 4793ms
2026-02-27 10:20:13 [INFO]    [PING OK] FI | VLESS | 5024ms
2026-02-27 10:20:13 [INFO]    [PING OK] FI | VLESS | 4382ms
2026-02-27 10:20:13 [INFO]    [PING OK] FI | VLESS | 4007ms
2026-02-27 10:20:13 [INFO]    [PING OK] DE | VLESS | 5266ms
2026-02-27 10:20:14 [INFO]    [PING OK] HK | VLESS | 4066ms
2026-02-27 10:20:14 [INFO]    [PING OK] LV | VLESS | 4431ms
2026-02-27 10:20:14 [INFO]    [PING OK] PL | VLESS | 4984ms
2026-02-27 10:20:14 [INFO]    [PING OK] CH | VLESS | 3745ms
2026-02-27 10:20:14 [INFO]    [PING OK] ES | VLESS | 3533ms
2026-02-27 10:20:14 [INFO]    [PING OK] DE | VLESS | 3682ms
2026-02-27 10:20:14 [INFO]    [PING OK] LV | VLESS | 3893ms
2026-02-27 10:20:14 [INFO]    [PING OK] FI | VLESS | 4895ms
2026-02-27 10:20:14 [INFO]    [PING OK] PL | VLESS | 2963ms
2026-02-27 10:20:15 [INFO]    [PING OK] DE | VLESS | 4466ms
2026-02-27 10:20:15 [INFO]    [PING OK] FI | VLESS | 5546ms
2026-02-27 10:20:17 [INFO]    [PING OK] US | VLESS | 3369ms
2026-02-27 10:20:17 [INFO]    [PING OK] EE | VLESS | 3452ms
2026-02-27 10:20:17 [INFO]    [PING OK] FI | VLESS | 3467ms
2026-02-27 10:20:17 [INFO]    [PING OK] IT | VLESS | 3746ms
2026-02-27 10:20:17 [INFO]    [PING OK] NL | VLESS | 6479ms
2026-02-27 10:20:18 [INFO]    [PING OK] PL | VLESS | 3643ms
2026-02-27 10:20:18 [INFO]    [PING OK] US | VLESS | 3763ms
2026-02-27 10:20:18 [INFO]    [PING OK] LT | VLESS | 4012ms
2026-02-27 10:20:18 [INFO]    [PING OK] DE | VLESS | 4305ms
2026-02-27 10:20:18 [INFO]    [PING OK] NL | VLESS | 4617ms
2026-02-27 10:20:18 [INFO]    [PING OK] HU | VLESS | 3940ms
2026-02-27 10:20:19 [INFO]    [PING OK] HU | VLESS | 3781ms
2026-02-27 10:20:19 [INFO]    [PING OK] DE | VLESS | 4007ms
2026-02-27 10:20:19 [INFO]    [PING OK] FI | VLESS | 4494ms
2026-02-27 10:20:19 [INFO]    [PING OK] LT | VLESS | 4511ms
2026-02-27 10:20:20 [INFO]    [PING OK] ES | VLESS | 4266ms
2026-02-27 10:20:20 [INFO]    [PING OK] TR | VLESS | 4195ms
2026-02-27 10:20:20 [INFO]    [PING OK] ES | VLESS | 4813ms
2026-02-27 10:20:21 [INFO]    [PING OK] US | VLESS | 5167ms
2026-02-27 10:20:21 [INFO]    [PING OK] CA | VLESS | 4619ms
2026-02-27 10:20:21 [INFO]    [PING OK] HU | VLESS | 4794ms
2026-02-27 10:20:22 [INFO]    [PING OK] LT | VLESS | 5128ms
2026-02-27 10:20:22 [INFO]    [PING OK] FR | VLESS | 4105ms
2026-02-27 10:20:22 [INFO]    [PING OK] NL | VLESS | 4309ms
2026-02-27 10:20:22 [INFO]    [PING OK] NL | VLESS | 4312ms
2026-02-27 10:20:23 [INFO]    [PING OK] TR | VLESS | 4120ms
2026-02-27 10:20:23 [INFO]    [PING OK] PL | VLESS | 4374ms
2026-02-27 10:20:23 [INFO]    [PING OK] TR | VLESS | 4465ms
2026-02-27 10:20:23 [INFO]    [PING OK] PL | VLESS | 3959ms
2026-02-27 10:20:23 [INFO]    [PING OK] NL | VLESS | 4184ms
2026-02-27 10:20:23 [INFO]    [PING OK] HU | VLESS | 4155ms
2026-02-27 10:20:23 [INFO]    [PING OK] ES | VLESS | 3700ms
2026-02-27 10:20:23 [INFO]    [PING OK] CH | VLESS | 3629ms
2026-02-27 10:20:23 [INFO]    [PING OK] US | VLESS | 3667ms
2026-02-27 10:20:23 [INFO]    [PING OK] FI | VLESS | 4334ms
2026-02-27 10:20:24 [INFO]    [PING OK] KZ | VLESS | 3671ms
2026-02-27 10:20:24 [INFO]    [PING OK] CA | VLESS | 3788ms
2026-02-27 10:20:24 [INFO]    [PING OK] NL | VLESS | 8041ms
2026-02-27 10:20:24 [INFO]    [PING OK] TR | VLESS | 3702ms
2026-02-27 10:20:25 [INFO]    [PING OK] DE | VLESS | 6671ms
2026-02-27 10:20:25 [INFO]    [PING OK] DE | VLESS | 4146ms
2026-02-27 10:20:25 [INFO]    [PING OK] TR | VLESS | 4084ms
2026-02-27 10:20:25 [INFO]    [PING OK] TR | VLESS | 3918ms
2026-02-27 10:20:26 [INFO]    [PING OK] US | VLESS | 3925ms
2026-02-27 10:20:26 [INFO]    [PING OK] ES | VLESS | 4151ms
2026-02-27 10:20:27 [INFO]    [PING OK] SE | VLESS | 7649ms
2026-02-27 10:20:27 [INFO]    [PING OK] DE | VLESS | 4501ms
2026-02-27 10:20:27 [INFO]    [PING OK] TR | VLESS | 4335ms
2026-02-27 10:20:28 [INFO]    [PING OK] PL | VLESS | 3907ms
2026-02-27 10:20:28 [INFO]    [PING OK] FI | VLESS | 4133ms
2026-02-27 10:20:28 [INFO]    [PING OK] FI | VLESS | 4161ms
2026-02-27 10:20:28 [INFO]    [PING OK] HU | VLESS | 4257ms
2026-02-27 10:20:28 [INFO]    [PING OK] PL | VLESS | 4162ms
2026-02-27 10:20:28 [INFO]    [PING OK] ES | VLESS | 4169ms
2026-02-27 10:20:29 [INFO]    [PING OK] DE | VLESS | 4900ms
2026-02-27 10:20:29 [INFO]    [PING OK] PL | VLESS | 4432ms
2026-02-27 10:20:29 [INFO]    [PING OK] DE | VLESS | 5043ms
2026-02-27 10:20:29 [INFO]    [PING OK] ES | VLESS | 4649ms
2026-02-27 10:20:30 [INFO]    [PING OK] PL | VLESS | 4155ms
2026-02-27 10:20:30 [INFO]    [PING OK] EE | VLESS | 4563ms
2026-02-27 10:20:30 [INFO]    [PING OK] DE | VLESS | 4815ms
2026-02-27 10:20:31 [INFO]    [PING OK] TR | VLESS | 4341ms
2026-02-27 10:20:31 [INFO]    [PING OK] DE | VLESS | 4547ms
2026-02-27 10:20:31 [INFO]    [PING OK] DE | VLESS | 4359ms
2026-02-27 10:20:32 [INFO]    [PING OK] FI | VLESS | 4717ms
2026-02-27 10:20:32 [INFO]    [PING OK] NL | VLESS | 6410ms
2026-02-27 10:20:32 [INFO]    [PING OK] PL | VLESS | 4597ms
2026-02-27 10:20:32 [INFO]    [PING OK] DE | VLESS | 4660ms
2026-02-27 10:20:33 [INFO]    [PING OK] DE | VLESS | 4730ms
2026-02-27 10:20:33 [INFO]    [PING OK] NG | VLESS | 5917ms
2026-02-27 10:20:33 [INFO]    [PING OK] FI | VLESS | 4620ms
2026-02-27 10:20:33 [INFO]    [PING OK] SE | VLESS | 4692ms
2026-02-27 10:20:34 [INFO]    [PING OK] DE | VLESS | 1041ms
2026-02-27 10:20:34 [INFO]    [PING OK] DE | VLESS | 3729ms
2026-02-27 10:20:34 [INFO]    [PING OK] DE | VLESS | 4853ms
2026-02-27 10:20:34 [INFO]    [PING OK] SG | VLESS | 2261ms
2026-02-27 10:20:34 [INFO]    [PING OK] NL | VLESS | 5368ms
2026-02-27 10:20:34 [INFO]    [PING OK] SG | VLESS | 1133ms
2026-02-27 10:20:34 [INFO]    [PING OK] US | VLESS | 1167ms
2026-02-27 10:20:34 [INFO]    [PING OK] DE | VLESS | 3952ms
2026-02-27 10:20:34 [INFO]    [PING OK] TW | VLESS | 4566ms
2026-02-27 10:20:35 [INFO]    [PING OK] US | VLESS | 3956ms
2026-02-27 10:20:36 [INFO]    [PING OK] DE | VLESS | 5776ms
2026-02-27 10:20:36 [INFO]    [PING OK] DE | VLESS | 4111ms
2026-02-27 10:20:39 [INFO] 🏎️ ЭТАП 2: Глубокий замер скорости для 40 иностранных кандидатов...
2026-02-27 10:20:42 [INFO]    🏆 EE | VLESS | Пинг: 3452ms | Скорость: 6.69 Mbps ⚡⚡
2026-02-27 10:20:42 [INFO]    🏆 FI | VLESS | Пинг: 3467ms | Скорость: 6.68 Mbps ⚡⚡
2026-02-27 10:20:43 [INFO]    🏆 KZ | VLESS | Пинг: 3671ms | Скорость: 6.71 Mbps ⚡⚡
2026-02-27 10:20:43 [INFO]    🏆 PL | VLESS | Пинг: 3643ms | Скорость: 6.5 Mbps ⚡⚡
2026-02-27 10:20:43 [INFO]    🏆 ES | VLESS | Пинг: 3533ms | Скорость: 6.33 Mbps ⚡⚡
2026-02-27 10:20:43 [INFO]    🏆 CH | VLESS | Пинг: 3629ms | Скорость: 6.12 Mbps ⚡⚡
2026-02-27 10:20:43 [INFO]    🏆 SG | VLESS | Пинг: 2261ms | Скорость: 5.88 Mbps ⚡⚡
2026-02-27 10:20:43 [INFO]    🏆 ES | VLESS | Пинг: 3700ms | Скорость: 6.31 Mbps ⚡⚡
2026-02-27 10:20:43 [INFO]    🏆 US | VLESS | Пинг: 3369ms | Скорость: 5.77 Mbps ⚡⚡
2026-02-27 10:20:43 [INFO]    🏆 DE | VLESS | Пинг: 3682ms | Скорость: 5.87 Mbps ⚡⚡
2026-02-27 10:20:44 [INFO]    🏆 SG | VLESS | Пинг: 1133ms | Скорость: 4.4 Mbps ⚡⚡
2026-02-27 10:20:44 [INFO]    🏆 US | VLESS | Пинг: 1167ms | Скорость: 4.03 Mbps ⚡⚡
2026-02-27 10:20:45 [INFO]    🏆 DE | VLESS | Пинг: 1041ms | Скорость: 1.11 Mbps 
2026-02-27 10:20:46 [INFO]    🏆 US | VLESS | Пинг: 3667ms | Скорость: 1.07 Mbps 
2026-02-27 10:20:46 [INFO]    🏆 PL | VLESS | Пинг: 3907ms | Скорость: 7.05 Mbps ⚡⚡
2026-02-27 10:20:46 [INFO]    🏆 TR | VLESS | Пинг: 3702ms | Скорость: 6.11 Mbps ⚡⚡
2026-02-27 10:20:47 [INFO]    🏆 CH | VLESS | Пинг: 3745ms | Скорость: 5.91 Mbps ⚡⚡
2026-02-27 10:20:47 [INFO]    🏆 HU | VLESS | Пинг: 3781ms | Скорость: 5.87 Mbps ⚡⚡
2026-02-27 10:20:47 [INFO]    🏆 TR | VLESS | Пинг: 3918ms | Скорость: 5.86 Mbps ⚡⚡
2026-02-27 10:20:47 [INFO]    🏆 CA | VLESS | Пинг: 3788ms | Скорость: 5.28 Mbps ⚡⚡
2026-02-27 10:20:47 [INFO]    🏆 DE | VLESS | Пинг: 3729ms | Скорость: 4.67 Mbps ⚡⚡
2026-02-27 10:20:48 [INFO]    🏆 LV | VLESS | Пинг: 3893ms | Скорость: 4.8 Mbps ⚡⚡
2026-02-27 10:20:48 [INFO]    🏆 HU | VLESS | Пинг: 3940ms | Скорость: 5.94 Mbps ⚡⚡
2026-02-27 10:20:48 [INFO]    🏆 US | VLESS | Пинг: 3925ms | Скорость: 5.21 Mbps ⚡⚡
2026-02-27 10:20:49 [INFO]    🏆 PL | VLESS | Пинг: 3959ms | Скорость: 7.6 Mbps ⚡⚡
2026-02-27 10:20:49 [INFO]    🏆 FI | VLESS | Пинг: 4007ms | Скорость: 10.36 Mbps ⚡⚡
2026-02-27 10:20:49 [INFO]    🏆 DE | VLESS | Пинг: 4007ms | Скорость: 10.74 Mbps ⚡⚡
2026-02-27 10:20:49 [INFO]    🏆 US | VLESS | Пинг: 3763ms | Скорость: 3.11 Mbps ⚡⚡
2026-02-27 10:20:50 [INFO]    🏆 FR | VLESS | Пинг: 4105ms | Скорость: 12.87 Mbps ⚡⚡
2026-02-27 10:20:50 [INFO]    🏆 TR | VLESS | Пинг: 4084ms | Скорость: 10.54 Mbps ⚡⚡
2026-02-27 10:20:50 [INFO]    🏆 IT | VLESS | Пинг: 3746ms | Скорость: 0.88 Mbps 
2026-02-27 10:20:50 [INFO]    🏆 DE | VLESS | Пинг: 4111ms | Скорость: 12.02 Mbps ⚡⚡
2026-02-27 10:20:50 [INFO]    🏆 TR | VLESS | Пинг: 4120ms | Скорость: 10.16 Mbps ⚡⚡
2026-02-27 10:20:51 [INFO]    🏆 FI | VLESS | Пинг: 4133ms | Скорость: 14.92 Mbps ⚡⚡
2026-02-27 10:20:52 [INFO]    🏆 DE | VLESS | Пинг: 4146ms | Скорость: 8.19 Mbps ⚡⚡
2026-02-27 10:20:52 [INFO]    🏆 DE | VLESS | Пинг: 3952ms | Скорость: 2.02 Mbps ⚡
2026-02-27 10:20:52 [INFO]    🏆 US | VLESS | Пинг: 3956ms | Скорость: 2.18 Mbps ⚡
2026-02-27 10:20:55 [INFO] 📊 Итого в подписке сохранено иностранных серверов: 10
2026-02-27 10:20:55 [INFO] 💾 Файл успешно сохранен: FL1PVPN
