2026-02-23 06:20:05 [INFO] 🚀 START: Smart Selector (Target: 10, ONLY FOREIGN)
2026-02-23 06:20:05 [INFO] 🌐 Загрузка источников (VLESS + VMess)...
2026-02-23 06:20:08 [INFO] 🔍 Уникальных конфигов собрано: 228
2026-02-23 06:20:08 [INFO] ⚡ ЭТАП 1: Замер Пинга и Геолокации. Workers: 40...
2026-02-23 06:20:13 [INFO]    [PING OK] DE | VLESS | 3762ms
2026-02-23 06:20:13 [INFO]    [PING OK] CZ | VLESS | 3906ms
2026-02-23 06:20:13 [INFO]    [PING OK] DE | VLESS | 4063ms
2026-02-23 06:20:14 [INFO]    [PING OK] ES | VLESS | 3241ms
2026-02-23 06:20:14 [INFO]    [PING OK] ES | VLESS | 3091ms
2026-02-23 06:20:14 [INFO]    [PING OK] DE | VLESS | 4649ms
2026-02-23 06:20:17 [INFO]    [PING OK] DE | VLESS | 6277ms
2026-02-23 06:20:17 [INFO]    [PING OK] PL | VLESS | 3428ms
2026-02-23 06:20:17 [INFO]    [PING OK] HU | VLESS | 3382ms
2026-02-23 06:20:17 [INFO]    [PING OK] PL | VLESS | 3417ms
2026-02-23 06:20:17 [INFO]    [PING OK] ES | VLESS | 3264ms
2026-02-23 06:20:17 [INFO]    [PING OK] DE | VLESS | 3732ms
2026-02-23 06:20:17 [INFO]    [PING OK] DE | VLESS | 8083ms
2026-02-23 06:20:18 [INFO]    [PING OK] HU | VLESS | 3496ms
2026-02-23 06:20:18 [INFO]    [PING OK] US | VLESS | 3717ms
2026-02-23 06:20:18 [INFO]    [PING OK] DE | VLESS | 4177ms
2026-02-23 06:20:18 [INFO]    [PING OK] DE | VLESS | 4193ms
2026-02-23 06:20:18 [INFO]    [PING OK] ES | VLESS | 3501ms
2026-02-23 06:20:18 [INFO]    [PING OK] FR | VLESS | 3714ms
2026-02-23 06:20:18 [INFO]    [PING OK] PL | VLESS | 3410ms
2026-02-23 06:20:18 [INFO]    [PING OK] TR | VLESS | 3686ms
2026-02-23 06:20:18 [INFO]    [PING OK] PL | VLESS | 3627ms
2026-02-23 06:20:18 [INFO]    [PING OK] DE | VLESS | 3966ms
2026-02-23 06:20:18 [INFO]    [PING OK] IT | VLESS | 3461ms
2026-02-23 06:20:19 [INFO]    [PING OK] IT | VLESS | 3652ms
2026-02-23 06:20:19 [INFO]    [PING OK] HU | VLESS | 3738ms
2026-02-23 06:20:20 [INFO]    [PING OK] HU | VLESS | 3644ms
2026-02-23 06:20:21 [INFO]    [PING OK] ES | VLESS | 3907ms
2026-02-23 06:20:21 [INFO]    [PING OK] PL | VLESS | 3879ms
2026-02-23 06:20:22 [INFO]    [PING OK] CA | VLESS | 4014ms
2026-02-23 06:20:22 [INFO]    [PING OK] IT | VLESS | 4074ms
2026-02-23 06:20:22 [INFO]    [PING OK] PL | VLESS | 4131ms
2026-02-23 06:20:22 [INFO]    [PING OK] HU | VLESS | 4148ms
2026-02-23 06:20:22 [INFO]    [PING OK] DE | VLESS | 4859ms
2026-02-23 06:20:22 [INFO]    [PING OK] DE | VLESS | 7149ms
2026-02-23 06:20:23 [INFO]    [PING OK] HU | VLESS | 4248ms
2026-02-23 06:20:23 [INFO]    [PING OK] TR | VLESS | 4106ms
2026-02-23 06:20:23 [INFO]    [PING OK] TR | VLESS | 4161ms
2026-02-23 06:20:23 [INFO]    [PING OK] ES | VLESS | 4169ms
2026-02-23 06:20:23 [INFO]    [PING OK] TR | VLESS | 4062ms
2026-02-23 06:20:23 [INFO]    [PING OK] ES | VLESS | 4625ms
2026-02-23 06:20:23 [INFO]    [PING OK] PL | VLESS | 4377ms
2026-02-23 06:20:24 [INFO]    [PING OK] CA | VLESS | 4683ms
2026-02-23 06:20:24 [INFO]    [PING OK] PL | VLESS | 6775ms
2026-02-23 06:20:25 [INFO]    [PING OK] DE | VLESS | 4853ms
2026-02-23 06:20:25 [INFO]    [PING OK] DE | VLESS | 6191ms
2026-02-23 06:20:25 [INFO]    [PING OK] CA | VLESS | 5119ms
2026-02-23 06:20:25 [INFO]    [PING OK] CA | VLESS | 5171ms
2026-02-23 06:20:25 [INFO]    [PING OK] CA | VLESS | 5305ms
2026-02-23 06:20:26 [INFO]    [PING OK] CA | VLESS | 6574ms
2026-02-23 06:20:28 [INFO]    [PING OK] CA | VLESS | 5138ms
2026-02-23 06:20:28 [INFO]    [PING OK] CA | VLESS | 5012ms
2026-02-23 06:20:28 [INFO]    [PING OK] CA | VLESS | 6242ms
2026-02-23 06:20:28 [INFO]    [PING OK] CA | VLESS | 6239ms
2026-02-23 06:20:28 [INFO]    [PING OK] NL | VLESS | 4364ms
2026-02-23 06:20:28 [INFO]    [PING OK] CA | VLESS | 4771ms
2026-02-23 06:20:28 [INFO]    [PING OK] CA | VLESS | 5947ms
2026-02-23 06:20:28 [INFO]    [PING OK] CA | VLESS | 4965ms
2026-02-23 06:20:29 [INFO]    [PING OK] CA | VLESS | 6250ms
2026-02-23 06:20:30 [INFO]    [PING OK] DE | VLESS | 4290ms
2026-02-23 06:20:30 [INFO]    [PING OK] CA | VLESS | 4393ms
2026-02-23 06:20:30 [INFO]    [PING OK] NL | VLESS | 4093ms
2026-02-23 06:20:30 [INFO]    [PING OK] BY | VLESS | 4002ms
2026-02-23 06:20:31 [INFO]    [PING OK] CA | VLESS | 3922ms
2026-02-23 06:20:31 [INFO]    [PING OK] CA | VLESS | 4139ms
2026-02-23 06:20:31 [INFO]    [PING OK] CA | VLESS | 4195ms
2026-02-23 06:20:31 [INFO]    [PING OK] CA | VLESS | 5108ms
2026-02-23 06:20:31 [INFO]    [PING OK] CA | VLESS | 4071ms
2026-02-23 06:20:32 [INFO]    [PING OK] DE | VLESS | 3548ms
2026-02-23 06:20:32 [INFO]    [PING OK] DE | VLESS | 3097ms
2026-02-23 06:20:32 [INFO]    [PING OK] CA | VLESS | 3620ms
2026-02-23 06:20:32 [INFO]    [PING OK] CA | VLESS | 3792ms
2026-02-23 06:20:32 [INFO]    [PING OK] CA | VLESS | 2361ms
2026-02-23 06:20:33 [INFO]    [PING OK] CA | VLESS | 3952ms
2026-02-23 06:20:34 [INFO]    [PING OK] CA | VLESS | 4926ms
2026-02-23 06:20:34 [INFO]    [PING OK] CA | VLESS | 4808ms
2026-02-23 06:20:35 [INFO]    [PING OK] CA | VLESS | 6570ms
2026-02-23 06:20:35 [INFO]    [PING OK] DE | VLESS | 7830ms
2026-02-23 06:20:37 [INFO] 🏎️ ЭТАП 2: Глубокий замер скорости для 40 иностранных кандидатов...
2026-02-23 06:20:41 [INFO]    🏆 ES | VLESS | Пинг: 3091ms | Скорость: 5.91 Mbps ⚡⚡
2026-02-23 06:20:41 [INFO]    🏆 DE | VLESS | Пинг: 3548ms | Скорость: 6.16 Mbps ⚡⚡
2026-02-23 06:20:41 [INFO]    🏆 PL | VLESS | Пинг: 3417ms | Скорость: 6.09 Mbps ⚡⚡
2026-02-23 06:20:41 [INFO]    🏆 PL | VLESS | Пинг: 3428ms | Скорость: 6.14 Mbps ⚡⚡
2026-02-23 06:20:41 [INFO]    🏆 PL | VLESS | Пинг: 3410ms | Скорость: 6.09 Mbps ⚡⚡
2026-02-23 06:20:41 [INFO]    🏆 DE | VLESS | Пинг: 3097ms | Скорость: 5.88 Mbps ⚡⚡
2026-02-23 06:20:41 [INFO]    🏆 HU | VLESS | Пинг: 3382ms | Скорость: 6.03 Mbps ⚡⚡
2026-02-23 06:20:41 [INFO]    🏆 IT | VLESS | Пинг: 3461ms | Скорость: 6.15 Mbps ⚡⚡
2026-02-23 06:20:41 [INFO]    🏆 ES | VLESS | Пинг: 3501ms | Скорость: 5.84 Mbps ⚡⚡
2026-02-23 06:20:41 [INFO]    🏆 ES | VLESS | Пинг: 3264ms | Скорость: 5.33 Mbps ⚡⚡
2026-02-23 06:20:42 [INFO]    🏆 ES | VLESS | Пинг: 3241ms | Скорость: 4.81 Mbps ⚡⚡
2026-02-23 06:20:42 [INFO]    🏆 HU | VLESS | Пинг: 3496ms | Скорость: 4.66 Mbps ⚡⚡
2026-02-23 06:20:42 [INFO]    🏆 CA | VLESS | Пинг: 2361ms | Скорость: 4.36 Mbps ⚡⚡
2026-02-23 06:20:42 [INFO]    🏆 CA | VLESS | Пинг: 3620ms | Скорость: 4.36 Mbps ⚡⚡
2026-02-23 06:20:44 [INFO]    🏆 PL | VLESS | Пинг: 3627ms | Скорость: 1.11 Mbps 
2026-02-23 06:20:44 [INFO]    🏆 IT | VLESS | Пинг: 3652ms | Скорость: 8.06 Mbps ⚡⚡
2026-02-23 06:20:44 [INFO]    🏆 FR | VLESS | Пинг: 3714ms | Скорость: 8.03 Mbps ⚡⚡
2026-02-23 06:20:44 [INFO]    🏆 HU | VLESS | Пинг: 3644ms | Скорость: 8.01 Mbps ⚡⚡
2026-02-23 06:20:44 [INFO]    🏆 HU | VLESS | Пинг: 3738ms | Скорость: 7.93 Mbps ⚡⚡
2026-02-23 06:20:44 [INFO]    🏆 PL | VLESS | Пинг: 3879ms | Скорость: 8.84 Mbps ⚡⚡
2026-02-23 06:20:44 [INFO]    🏆 ES | VLESS | Пинг: 3907ms | Скорость: 10.87 Mbps ⚡⚡
2026-02-23 06:20:46 [INFO]    🏆 US | VLESS | Пинг: 3717ms | Скорость: 4.49 Mbps ⚡⚡
2026-02-23 06:20:46 [INFO]    🏆 CZ | VLESS | Пинг: 3906ms | Скорость: 5.06 Mbps ⚡⚡
2026-02-23 06:20:46 [INFO]    🏆 TR | VLESS | Пинг: 3686ms | Скорость: 4.18 Mbps ⚡⚡
2026-02-23 06:20:47 [INFO]    🏆 CA | VLESS | Пинг: 3922ms | Скорость: 5.09 Mbps ⚡⚡
2026-02-23 06:20:47 [INFO]    🏆 CA | VLESS | Пинг: 3952ms | Скорость: 5.29 Mbps ⚡⚡
2026-02-23 06:20:47 [INFO]    🏆 IT | VLESS | Пинг: 4074ms | Скорость: 8.85 Mbps ⚡⚡
2026-02-23 06:20:47 [INFO]    🏆 BY | VLESS | Пинг: 4002ms | Скорость: 7.63 Mbps ⚡⚡
2026-02-23 06:20:48 [INFO]    🏆 DE | VLESS | Пинг: 3732ms | Скорость: 1.11 Mbps 
2026-02-23 06:20:48 [INFO]    🏆 TR | VLESS | Пинг: 4062ms | Скорость: 7.13 Mbps ⚡⚡
2026-02-23 06:20:48 [INFO]    🏆 PL | VLESS | Пинг: 4131ms | Скорость: 13.73 Mbps ⚡⚡
2026-02-23 06:20:48 [INFO]    🏆 TR | VLESS | Пинг: 4106ms | Скорость: 7.88 Mbps ⚡⚡
2026-02-23 06:20:50 [INFO]    🏆 CA | VLESS | Пинг: 4071ms | Скорость: 4.05 Mbps ⚡⚡
2026-02-23 06:20:50 [INFO]    🏆 CA | VLESS | Пинг: 4139ms | Скорость: 6.21 Mbps ⚡⚡
2026-02-23 06:20:50 [INFO]    🏆 DE | VLESS | Пинг: 3966ms | Скорость: 2.85 Mbps ⚡
2026-02-23 06:20:51 [INFO]    🏆 DE | VLESS | Пинг: 4063ms | Скорость: 2.21 Mbps ⚡
2026-02-23 06:20:52 [INFO]    🏆 NL | VLESS | Пинг: 4093ms | Скорость: 1.53 Mbps ⚡
2026-02-23 06:20:52 [INFO] 📊 Итого в подписке сохранено иностранных серверов: 10
2026-02-23 06:20:52 [INFO] 💾 Файл успешно сохранен: FL1PVPN
