2026-02-27 13:10:06 [INFO] 🚀 START: Smart Selector (Target: 10, ONLY FOREIGN)
2026-02-27 13:10:06 [INFO] 🌐 Загрузка источников (VLESS + VMess)...
2026-02-27 13:10:07 [INFO] 🔍 Уникальных конфигов собрано: 241
2026-02-27 13:10:07 [INFO] ⚡ ЭТАП 1: Замер Пинга и Геолокации. Workers: 40...
2026-02-27 13:10:13 [INFO]    [PING OK] FI | VLESS | 4646ms
2026-02-27 13:10:13 [INFO]    [PING OK] ES | VLESS | 4557ms
2026-02-27 13:10:13 [INFO]    [PING OK] DE | VLESS | 4681ms
2026-02-27 13:10:13 [INFO]    [PING OK] PL | VLESS | 4368ms
2026-02-27 13:10:13 [INFO]    [PING OK] DE | VLESS | 4898ms
2026-02-27 13:10:13 [INFO]    [PING OK] FI | VLESS | 4371ms
2026-02-27 13:10:14 [INFO]    [PING OK] FI | VLESS | 5055ms
2026-02-27 13:10:14 [INFO]    [PING OK] NL | VLESS | 4920ms
2026-02-27 13:10:14 [INFO]    [PING OK] FI | VLESS | 4199ms
2026-02-27 13:10:14 [INFO]    [PING OK] FI | VLESS | 4793ms
2026-02-27 13:10:14 [INFO]    [PING OK] PL | VLESS | 4413ms
2026-02-27 13:10:14 [INFO]    [PING OK] PL | VLESS | 4918ms
2026-02-27 13:10:14 [INFO]    [PING OK] TR | VLESS | 4967ms
2026-02-27 13:10:14 [INFO]    [PING OK] DE | VLESS | 4593ms
2026-02-27 13:10:14 [INFO]    [PING OK] DE | VLESS | 4085ms
2026-02-27 13:10:14 [INFO]    [PING OK] TR | VLESS | 4653ms
2026-02-27 13:10:14 [INFO]    [PING OK] HU | VLESS | 4958ms
2026-02-27 13:10:15 [INFO]    [PING OK] EE | VLESS | 6409ms
2026-02-27 13:10:15 [INFO]    [PING OK] TR | VLESS | 4312ms
2026-02-27 13:10:16 [INFO]    [PING OK] HU | VLESS | 6210ms
2026-02-27 13:10:17 [INFO]    [PING OK] LT | VLESS | 5208ms
2026-02-27 13:10:17 [INFO]    [PING OK] IT | VLESS | 4404ms
2026-02-27 13:10:17 [INFO]    [PING OK] FI | VLESS | 9276ms
2026-02-27 13:10:18 [INFO]    [PING OK] NL | VLESS | 4182ms
2026-02-27 13:10:18 [INFO]    [PING OK] DE | VLESS | 4132ms
2026-02-27 13:10:18 [INFO]    [PING OK] HU | VLESS | 4133ms
2026-02-27 13:10:18 [INFO]    [PING OK] FI | VLESS | 7877ms
2026-02-27 13:10:18 [INFO]    [PING OK] FI | VLESS | 4184ms
2026-02-27 13:10:18 [INFO]    [PING OK] CA | VLESS | 4159ms
2026-02-27 13:10:18 [INFO]    [PING OK] NL | VLESS | 3900ms
2026-02-27 13:10:18 [INFO]    [PING OK] HU | VLESS | 3994ms
2026-02-27 13:10:19 [INFO]    [PING OK] ES | VLESS | 3802ms
2026-02-27 13:10:19 [INFO]    [PING OK] TR | VLESS | 4071ms
2026-02-27 13:10:19 [INFO]    [PING OK] DE | VLESS | 3956ms
2026-02-27 13:10:19 [INFO]    [PING OK] FI | VLESS | 4279ms
2026-02-27 13:10:19 [INFO]    [PING OK] HK | VLESS | 4827ms
2026-02-27 13:10:20 [INFO]    [PING OK] ES | VLESS | 3244ms
2026-02-27 13:10:20 [INFO]    [PING OK] LV | VLESS | 3435ms
2026-02-27 13:10:20 [INFO]    [PING OK] PL | VLESS | 3738ms
2026-02-27 13:10:20 [INFO]    [PING OK] FI | VLESS | 3482ms
2026-02-27 13:10:20 [INFO]    [PING OK] PL | VLESS | 3494ms
2026-02-27 13:10:20 [INFO]    [PING OK] PL | VLESS | 3508ms
2026-02-27 13:10:21 [INFO]    [PING OK] FI | VLESS | 3451ms
2026-02-27 13:10:21 [INFO]    [PING OK] PL | VLESS | 3809ms
2026-02-27 13:10:21 [INFO]    [PING OK] LV | VLESS | 3495ms
2026-02-27 13:10:22 [INFO]    [PING OK] FI | VLESS | 3687ms
2026-02-27 13:10:23 [INFO]    [PING OK] TR | VLESS | 3482ms
2026-02-27 13:10:23 [INFO]    [PING OK] TR | VLESS | 3688ms
2026-02-27 13:10:23 [INFO]    [PING OK] FI | VLESS | 3710ms
2026-02-27 13:10:23 [INFO]    [PING OK] AE | VLESS | 4121ms
2026-02-27 13:10:23 [INFO]    [PING OK] PL | VLESS | 3407ms
2026-02-27 13:10:23 [INFO]    [PING OK] ES | VLESS | 3878ms
2026-02-27 13:10:23 [INFO]    [PING OK] US | VLESS | 3708ms
2026-02-27 13:10:23 [INFO]    [PING OK] ES | VLESS | 4022ms
2026-02-27 13:10:24 [INFO]    [PING OK] CH | VLESS | 4787ms
2026-02-27 13:10:24 [INFO]    [PING OK] TR | VLESS | 2962ms
2026-02-27 13:10:24 [INFO]    [PING OK] EE | VLESS | 4581ms
2026-02-27 13:10:24 [INFO]    [PING OK] PL | VLESS | 3102ms
2026-02-27 13:10:24 [INFO]    [PING OK] US | VLESS | 3306ms
2026-02-27 13:10:24 [INFO]    [PING OK] LT | VLESS | 5723ms
2026-02-27 13:10:24 [INFO]    [PING OK] US | VLESS | 3424ms
2026-02-27 13:10:24 [INFO]    [PING OK] DE | VLESS | 3323ms
2026-02-27 13:10:25 [INFO]    [PING OK] DE | VLESS | 3345ms
2026-02-27 13:10:25 [INFO]    [PING OK] KZ | VLESS | 3462ms
2026-02-27 13:10:26 [INFO]    [PING OK] US | VLESS | 3397ms
2026-02-27 13:10:27 [INFO]    [PING OK] PL | VLESS | 3164ms
2026-02-27 13:10:27 [INFO]    [PING OK] PL | VLESS | 3115ms
2026-02-27 13:10:27 [INFO]    [PING OK] DE | VLESS | 3431ms
2026-02-27 13:10:28 [INFO]    [PING OK] DE | VLESS | 3089ms
2026-02-27 13:10:28 [INFO]    [PING OK] PL | VLESS | 3952ms
2026-02-27 13:10:28 [INFO]    [PING OK] FR | VLESS | 3225ms
2026-02-27 13:10:29 [INFO]    [PING OK] PL | VLESS | 3257ms
2026-02-27 13:10:29 [INFO]    [PING OK] HU | VLESS | 3230ms
2026-02-27 13:10:29 [INFO]    [PING OK] SE | VLESS | 7200ms
2026-02-27 13:10:29 [INFO]    [PING OK] CA | VLESS | 3334ms
2026-02-27 13:10:31 [INFO]    [PING OK] HU | VLESS | 3389ms
2026-02-27 13:10:31 [INFO]    [PING OK] PL | VLESS | 3305ms
2026-02-27 13:10:31 [INFO]    [PING OK] DE | VLESS | 3339ms
2026-02-27 13:10:31 [INFO]    [PING OK] DE | VLESS | 3519ms
2026-02-27 13:10:31 [INFO]    [PING OK] EE | VLESS | 3449ms
2026-02-27 13:10:31 [INFO]    [PING OK] NL | VLESS | 5586ms
2026-02-27 13:10:32 [INFO]    [PING OK] CH | VLESS | 6795ms
2026-02-27 13:10:32 [INFO]    [PING OK] DE | VLESS | 4514ms
2026-02-27 13:10:32 [INFO]    [PING OK] NG | VLESS | 3727ms
2026-02-27 13:10:32 [INFO]    [PING OK] FR | VLESS | 3976ms
2026-02-27 13:10:32 [INFO]    [PING OK] DE | VLESS | 3344ms
2026-02-27 13:10:33 [INFO]    [PING OK] DE | VLESS | 3574ms
2026-02-27 13:10:33 [INFO]    [PING OK] DE | VLESS | 3315ms
2026-02-27 13:10:34 [INFO]    [PING OK] NL | VLESS | 7072ms
2026-02-27 13:10:35 [INFO]    [PING OK] DE | VLESS | 3064ms
2026-02-27 13:10:35 [INFO]    [PING OK] NL | VLESS | 2167ms
2026-02-27 13:10:35 [INFO]    [PING OK] DE | VLESS | 1937ms
2026-02-27 13:10:35 [INFO]    [PING OK] SG | VLESS | 3646ms
2026-02-27 13:10:35 [INFO]    [PING OK] CA | VLESS | 7031ms
2026-02-27 13:10:36 [INFO]    [PING OK] DE | VLESS | 3249ms
2026-02-27 13:10:36 [INFO]    [PING OK] CA | VLESS | 2505ms
2026-02-27 13:10:36 [INFO]    [PING OK] SG | VLESS | 3011ms
2026-02-27 13:10:36 [INFO]    [PING OK] DE | VLESS | 2700ms
2026-02-27 13:10:36 [INFO]    [PING OK] DE | VLESS | 2897ms
2026-02-27 13:10:37 [INFO]    [PING OK] CA | VLESS | 3962ms
2026-02-27 13:10:37 [INFO]    [PING OK] TW | VLESS | 4233ms
2026-02-27 13:10:40 [INFO] 🏎️ ЭТАП 2: Глубокий замер скорости для 40 иностранных кандидатов...
2026-02-27 13:10:44 [INFO]    🏆 DE | VLESS | Пинг: 1937ms | Скорость: 6.89 Mbps ⚡⚡
2026-02-27 13:10:44 [INFO]    🏆 PL | VLESS | Пинг: 3102ms | Скорость: 6.67 Mbps ⚡⚡
2026-02-27 13:10:44 [INFO]    🏆 DE | VLESS | Пинг: 3089ms | Скорость: 6.6 Mbps ⚡⚡
2026-02-27 13:10:44 [INFO]    🏆 TR | VLESS | Пинг: 2962ms | Скорость: 5.92 Mbps ⚡⚡
2026-02-27 13:10:44 [INFO]    🏆 PL | VLESS | Пинг: 3115ms | Скорость: 6.05 Mbps ⚡⚡
2026-02-27 13:10:45 [INFO]    🏆 PL | VLESS | Пинг: 3164ms | Скорость: 5.84 Mbps ⚡⚡
2026-02-27 13:10:45 [INFO]    🏆 HU | VLESS | Пинг: 3230ms | Скорость: 5.89 Mbps ⚡⚡
2026-02-27 13:10:45 [INFO]    🏆 ES | VLESS | Пинг: 3244ms | Скорость: 5.95 Mbps ⚡⚡
2026-02-27 13:10:45 [INFO]    🏆 CA | VLESS | Пинг: 2505ms | Скорость: 4.73 Mbps ⚡⚡
2026-02-27 13:10:45 [INFO]    🏆 DE | VLESS | Пинг: 2700ms | Скорость: 4.67 Mbps ⚡⚡
2026-02-27 13:10:45 [INFO]    🏆 SG | VLESS | Пинг: 3011ms | Скорость: 4.49 Mbps ⚡⚡
2026-02-27 13:10:47 [INFO]    🏆 NL | VLESS | Пинг: 2167ms | Скорость: 3.52 Mbps ⚡⚡
2026-02-27 13:10:47 [INFO]    🏆 DE | VLESS | Пинг: 3344ms | Скорость: 13.91 Mbps ⚡⚡
2026-02-27 13:10:47 [INFO]    🏆 DE | VLESS | Пинг: 3064ms | Скорость: 0.94 Mbps 
2026-02-27 13:10:47 [INFO]    🏆 DE | VLESS | Пинг: 2897ms | Скорость: 2.23 Mbps ⚡
2026-02-27 13:10:47 [INFO]    🏆 PL | VLESS | Пинг: 3305ms | Скорость: 7.65 Mbps ⚡⚡
2026-02-27 13:10:48 [INFO]    🏆 DE | VLESS | Пинг: 3323ms | Скорость: 8.44 Mbps ⚡⚡
2026-02-27 13:10:48 [INFO]    🏆 US | VLESS | Пинг: 3306ms | Скорость: 7.44 Mbps ⚡⚡
2026-02-27 13:10:48 [INFO]    🏆 HU | VLESS | Пинг: 3389ms | Скорость: 10.62 Mbps ⚡⚡
2026-02-27 13:10:48 [INFO]    🏆 US | VLESS | Пинг: 3397ms | Скорость: 10.83 Mbps ⚡⚡
2026-02-27 13:10:49 [INFO]    🏆 PL | VLESS | Пинг: 3257ms | Скорость: 5.27 Mbps ⚡⚡
2026-02-27 13:10:50 [INFO]    🏆 CA | VLESS | Пинг: 3334ms | Скорость: 4.58 Mbps ⚡⚡
2026-02-27 13:10:50 [INFO]    🏆 PL | VLESS | Пинг: 3407ms | Скорость: 7.8 Mbps ⚡⚡
2026-02-27 13:10:50 [INFO]    🏆 DE | VLESS | Пинг: 3431ms | Скорость: 8.61 Mbps ⚡⚡
2026-02-27 13:10:50 [INFO]    🏆 EE | VLESS | Пинг: 3449ms | Скорость: 9.17 Mbps ⚡⚡
2026-02-27 13:10:51 [INFO]    🏆 DE | VLESS | Пинг: 3249ms | Скорость: 1.03 Mbps 
2026-02-27 13:10:51 [INFO]    🏆 DE | VLESS | Пинг: 3345ms | Скорость: 4.08 Mbps ⚡⚡
2026-02-27 13:10:51 [INFO]    🏆 FI | VLESS | Пинг: 3482ms | Скорость: 9.26 Mbps ⚡⚡
2026-02-27 13:10:51 [INFO]    🏆 KZ | VLESS | Пинг: 3462ms | Скорость: 8.33 Mbps ⚡⚡
2026-02-27 13:10:51 [INFO]    🏆 PL | VLESS | Пинг: 3494ms | Скорость: 8.92 Mbps ⚡⚡
2026-02-27 13:10:51 [INFO]    🏆 TR | VLESS | Пинг: 3482ms | Скорость: 8.62 Mbps ⚡⚡
2026-02-27 13:10:51 [INFO]    🏆 LV | VLESS | Пинг: 3495ms | Скорость: 10.3 Mbps ⚡⚡
2026-02-27 13:10:51 [INFO]    🏆 DE | VLESS | Пинг: 3339ms | Скорость: 2.03 Mbps ⚡
2026-02-27 13:10:52 [INFO]    🏆 PL | VLESS | Пинг: 3508ms | Скорость: 12.5 Mbps ⚡⚡
2026-02-27 13:10:53 [INFO]    🏆 DE | VLESS | Пинг: 3519ms | Скорость: 7.79 Mbps ⚡⚡
2026-02-27 13:10:53 [INFO]    🏆 LV | VLESS | Пинг: 3435ms | Скорость: 3.72 Mbps ⚡⚡
2026-02-27 13:10:54 [INFO] 📊 Итого в подписке сохранено иностранных серверов: 10
2026-02-27 13:10:54 [INFO] 💾 Файл успешно сохранен: FL1PVPN
