2026-02-19 06:20:05 [INFO] 🚀 START: Smart VLESS Selector (Target: 10, Strict Mode)
2026-02-19 06:20:05 [INFO] 🌐 Загрузка источников...
2026-02-19 06:20:08 [INFO] 🔍 Уникальных конфигов собрано: 647
2026-02-19 06:20:08 [INFO] ⚡ ЭТАП 1: Быстрый замер Пинга (Workers: 25)...
2026-02-19 06:20:10 [INFO]    [PING OK] DE | 164ms
2026-02-19 06:20:11 [INFO]    [PING OK] DE | 1855ms
2026-02-19 06:20:13 [INFO]    [PING OK] TR | 114ms
2026-02-19 06:20:14 [INFO]    [PING OK] IT | 558ms
2026-02-19 06:20:15 [INFO]    [PING OK] AT | 883ms
2026-02-19 06:20:15 [INFO]    [PING OK] DE | 161ms
2026-02-19 06:20:16 [INFO]    [PING OK] DE | 801ms
2026-02-19 06:20:17 [INFO]    [PING OK] RU | 160ms
2026-02-19 06:20:21 [INFO]    [PING OK] FR | 530ms
2026-02-19 06:20:22 [INFO]    [PING OK] RU | 235ms
2026-02-19 06:20:22 [INFO]    [PING OK] RU | 273ms
2026-02-19 06:20:22 [INFO]    [PING OK] RU | 317ms
2026-02-19 06:20:22 [INFO]    [PING OK] RU | 291ms
2026-02-19 06:20:22 [INFO]    [PING OK] RU | 294ms
2026-02-19 06:20:23 [INFO]    [PING OK] RU | 253ms
2026-02-19 06:20:23 [INFO]    [PING OK] RU | 275ms
2026-02-19 06:20:23 [INFO]    [PING OK] RU | 269ms
2026-02-19 06:20:24 [INFO]    [PING OK] RU | 210ms
2026-02-19 06:20:24 [INFO]    [PING OK] RU | 351ms
2026-02-19 06:20:25 [INFO]    [PING OK] RU | 239ms
2026-02-19 06:20:25 [INFO]    [PING OK] RU | 300ms
2026-02-19 06:20:25 [INFO]    [PING OK] RU | 251ms
2026-02-19 06:20:25 [INFO]    [PING OK] US | 4984ms
2026-02-19 06:20:25 [INFO]    [PING OK] RU | 2062ms
2026-02-19 06:20:25 [INFO]    [PING OK] RU | 2313ms
2026-02-19 06:20:25 [INFO]    [PING OK] RU | 218ms
2026-02-19 06:20:26 [INFO]    [PING OK] RU | 3397ms
2026-02-19 06:20:26 [INFO]    [PING OK] RU | 287ms
2026-02-19 06:20:26 [INFO]    [PING OK] RU | 346ms
2026-02-19 06:20:26 [INFO]    [PING OK] RU | 756ms
2026-02-19 06:20:26 [INFO]    [PING OK] RU | 299ms
2026-02-19 06:20:26 [INFO]    [PING OK] RU | 901ms
2026-02-19 06:20:26 [INFO]    [PING OK] RU | 215ms
2026-02-19 06:20:26 [INFO]    [PING OK] RU | 278ms
2026-02-19 06:20:27 [INFO]    [PING OK] DE | 1855ms
2026-02-19 06:20:27 [INFO]    [PING OK] RU | 204ms
2026-02-19 06:20:27 [INFO]    [PING OK] RU | 305ms
2026-02-19 06:20:27 [INFO]    [PING OK] RU | 298ms
2026-02-19 06:20:27 [INFO]    [PING OK] RU | 208ms
2026-02-19 06:20:27 [INFO]    [PING OK] RU | 68ms
2026-02-19 06:20:28 [INFO]    [PING OK] RU | 213ms
2026-02-19 06:20:28 [INFO]    [PING OK] RU | 1290ms
2026-02-19 06:20:28 [INFO]    [PING OK] RU | 991ms
2026-02-19 06:20:29 [INFO]    [PING OK] RU | 214ms
2026-02-19 06:20:29 [INFO]    [PING OK] RU | 974ms
2026-02-19 06:20:29 [INFO]    [PING OK] RU | 264ms
2026-02-19 06:20:30 [INFO]    [PING OK] RU | 277ms
2026-02-19 06:20:30 [INFO]    [PING OK] RU | 184ms
2026-02-19 06:20:30 [INFO]    [PING OK] RU | 275ms
2026-02-19 06:20:30 [INFO]    [PING OK] DE | 4371ms
2026-02-19 06:20:30 [INFO]    [PING OK] RU | 4824ms
2026-02-19 06:20:31 [INFO]    [PING OK] RU | 3524ms
2026-02-19 06:20:31 [INFO]    [PING OK] RU | 3167ms
2026-02-19 06:20:32 [INFO]    [PING OK] RU | 205ms
2026-02-19 06:20:32 [INFO]    [PING OK] RU | 830ms
2026-02-19 06:20:32 [INFO]    [PING OK] RU | 91ms
2026-02-19 06:20:32 [INFO]    [PING OK] CA | 419ms
2026-02-19 06:20:32 [INFO]    [PING OK] RU | 1347ms
2026-02-19 06:20:32 [INFO]    [PING OK] CA | 422ms
2026-02-19 06:20:32 [INFO]    [PING OK] NL | 211ms
2026-02-19 06:20:33 [INFO]    [PING OK] MD | 147ms
2026-02-19 06:20:33 [INFO]    [PING OK] AT | 206ms
2026-02-19 06:20:33 [INFO]    [PING OK] FI | 162ms
2026-02-19 06:20:34 [INFO]    [PING OK] RU | 4717ms
2026-02-19 06:20:34 [INFO]    [PING OK] LV | 440ms
2026-02-19 06:20:34 [INFO]    [PING OK] FI | 130ms
2026-02-19 06:20:34 [INFO]    [PING OK] NL | 283ms
2026-02-19 06:20:35 [INFO]    [PING OK] US | 615ms
2026-02-19 06:20:36 [INFO]    [PING OK] FR | 809ms
2026-02-19 06:20:36 [INFO]    [PING OK] RU | 4767ms
2026-02-19 06:20:36 [INFO]    [PING OK] HU | 348ms
2026-02-19 06:20:37 [INFO]    [PING OK] LV | 196ms
2026-02-19 06:20:37 [INFO]    [PING OK] CY | 179ms
2026-02-19 06:20:39 [INFO]    [PING OK] IT | 561ms
2026-02-19 06:20:39 [INFO]    [PING OK] FI | 106ms
2026-02-19 06:20:40 [INFO]    [PING OK] UZ | 294ms
2026-02-19 06:20:40 [INFO]    [PING OK] DE | 228ms
2026-02-19 06:20:40 [INFO]    [PING OK] JP | 842ms
2026-02-19 06:20:51 [INFO]    [PING OK] US | 577ms
2026-02-19 06:20:58 [INFO]    [PING OK] SG | 455ms
2026-02-19 06:21:09 [INFO] 🏎️ ЭТАП 2: Глубокий замер скорости для ТОП-10 серверов...
2026-02-19 06:21:13 [INFO]    🏆 FI | Пинг: 106ms | Скорость: 8.74 Mbps ⚡⚡
2026-02-19 06:21:13 [INFO]    🏆 TR | Пинг: 114ms | Скорость: 8.97 Mbps ⚡⚡
2026-02-19 06:21:13 [INFO]    🏆 FI | Пинг: 130ms | Скорость: 8.99 Mbps ⚡⚡
2026-02-19 06:21:13 [INFO]    🏆 MD | Пинг: 147ms | Скорость: 8.72 Mbps ⚡⚡
2026-02-19 06:21:13 [INFO]    🏆 DE | Пинг: 161ms | Скорость: 8.93 Mbps ⚡⚡
2026-02-19 06:21:13 [INFO]    🏆 FI | Пинг: 162ms | Скорость: 8.93 Mbps ⚡⚡
2026-02-19 06:21:13 [INFO]    🏆 DE | Пинг: 164ms | Скорость: 0.0 Mbps 
2026-02-19 06:21:13 [INFO]    🏆 CY | Пинг: 179ms | Скорость: 9.32 Mbps ⚡⚡
2026-02-19 06:21:13 [INFO]    🏆 LV | Пинг: 196ms | Скорость: 9.14 Mbps ⚡⚡
2026-02-19 06:21:13 [INFO]    🏆 RU | Пинг: 68ms | Скорость: 9.06 Mbps ⚡⚡
2026-02-19 06:21:13 [INFO] 🇷🇺 Добавлен RU сервер: 87.242.103.184
2026-02-19 06:21:13 [INFO] 📊 Итого в подписке сохранено: 10 серверов
2026-02-19 06:21:13 [INFO] 💾 Файл успешно сохранен: FL1PVPN
