2026-02-26 01:00:06 [INFO] 🚀 START: Smart Selector (Target: 10, ONLY FOREIGN)
2026-02-26 01:00:06 [INFO] 🌐 Загрузка источников (VLESS + VMess)...
2026-02-26 01:00:08 [INFO] 🔍 Уникальных конфигов собрано: 143
2026-02-26 01:00:08 [INFO] ⚡ ЭТАП 1: Замер Пинга и Геолокации. Workers: 40...
2026-02-26 01:00:14 [INFO]    [PING OK] NL | VLESS | 5227ms
2026-02-26 01:00:14 [INFO]    [PING OK] NL | VLESS | 5279ms
2026-02-26 01:00:14 [INFO]    [PING OK] NL | VLESS | 5069ms
2026-02-26 01:00:14 [INFO]    [PING OK] DE | VLESS | 5410ms
2026-02-26 01:00:14 [INFO]    [PING OK] NL | VLESS | 5417ms
2026-02-26 01:00:14 [INFO]    [PING OK] DE | VLESS | 5315ms
2026-02-26 01:00:14 [INFO]    [PING OK] DE | VLESS | 5315ms
2026-02-26 01:00:14 [INFO]    [PING OK] NL | VLESS | 5124ms
2026-02-26 01:00:14 [INFO]    [PING OK] DE | VLESS | 4944ms
2026-02-26 01:00:14 [INFO]    [PING OK] DE | VLESS | 5714ms
2026-02-26 01:00:14 [INFO]    [PING OK] NL | VLESS | 5197ms
2026-02-26 01:00:14 [INFO]    [PING OK] NL | VLESS | 5593ms
2026-02-26 01:00:15 [INFO]    [PING OK] DE | VLESS | 5446ms
2026-02-26 01:00:15 [INFO]    [PING OK] DE | VLESS | 5057ms
2026-02-26 01:00:15 [INFO]    [PING OK] DE | VLESS | 4790ms
2026-02-26 01:00:15 [INFO]    [PING OK] DE | VLESS | 4763ms
2026-02-26 01:00:15 [INFO]    [PING OK] FI | VLESS | 4807ms
2026-02-26 01:00:16 [INFO]    [PING OK] DE | VLESS | 5031ms
2026-02-26 01:00:16 [INFO]    [PING OK] US | VLESS | 4985ms
2026-02-26 01:00:16 [INFO]    [PING OK] NL | VLESS | 4504ms
2026-02-26 01:00:17 [INFO]    [PING OK] NL | VLESS | 5141ms
2026-02-26 01:00:18 [INFO]    [PING OK] NL | VLESS | 5332ms
2026-02-26 01:00:20 [INFO]    [PING OK] LV | VLESS | 5399ms
2026-02-26 01:00:21 [INFO]    [PING OK] DE | VLESS | 5425ms
2026-02-26 01:00:21 [INFO]    [PING OK] GB | VLESS | 5524ms
2026-02-26 01:00:21 [INFO]    [PING OK] LV | VLESS | 5461ms
2026-02-26 01:00:21 [INFO]    [PING OK] US | VLESS | 5300ms
2026-02-26 01:00:21 [INFO]    [PING OK] US | VLESS | 4942ms
2026-02-26 01:00:21 [INFO]    [PING OK] CA | VLESS | 5812ms
2026-02-26 01:00:21 [INFO]    [PING OK] DE | VLESS | 2217ms
2026-02-26 01:00:21 [INFO]    [PING OK] GB | VLESS | 2505ms
2026-02-26 01:00:22 [INFO]    [PING OK] US | VLESS | 2133ms
2026-02-26 01:00:23 [INFO]    [PING OK] CA | VLESS | 6997ms
2026-02-26 01:00:24 [INFO]    [PING OK] CA | VLESS | 8834ms
2026-02-26 01:00:25 [INFO]    [PING OK] CA | VLESS | 9592ms
2026-02-26 01:00:25 [INFO]    [PING OK] CA | VLESS | 9961ms
2026-02-26 01:00:26 [INFO]    [PING OK] CA | VLESS | 5825ms
2026-02-26 01:00:26 [INFO] 🏎️ ЭТАП 2: Глубокий замер скорости для 37 иностранных кандидатов...
2026-02-26 01:00:31 [INFO]    🏆 DE | VLESS | Пинг: 4763ms | Скорость: 5.54 Mbps ⚡⚡
2026-02-26 01:00:31 [INFO]    🏆 NL | VLESS | Пинг: 5141ms | Скорость: 5.86 Mbps ⚡⚡
2026-02-26 01:00:31 [INFO]    🏆 DE | VLESS | Пинг: 2217ms | Скорость: 5.35 Mbps ⚡⚡
2026-02-26 01:00:31 [INFO]    🏆 US | VLESS | Пинг: 2133ms | Скорость: 5.35 Mbps ⚡⚡
2026-02-26 01:00:31 [INFO]    🏆 NL | VLESS | Пинг: 4504ms | Скорость: 5.43 Mbps ⚡⚡
2026-02-26 01:00:31 [INFO]    🏆 DE | VLESS | Пинг: 4790ms | Скорость: 5.42 Mbps ⚡⚡
2026-02-26 01:00:31 [INFO]    🏆 NL | VLESS | Пинг: 5124ms | Скорость: 5.7 Mbps ⚡⚡
2026-02-26 01:00:31 [INFO]    🏆 DE | VLESS | Пинг: 4944ms | Скорость: 5.39 Mbps ⚡⚡
2026-02-26 01:00:31 [INFO]    🏆 GB | VLESS | Пинг: 2505ms | Скорость: 5.29 Mbps ⚡⚡
2026-02-26 01:00:31 [INFO]    🏆 DE | VLESS | Пинг: 5057ms | Скорость: 5.46 Mbps ⚡⚡
2026-02-26 01:00:31 [INFO]    🏆 NL | VLESS | Пинг: 5069ms | Скорость: 5.53 Mbps ⚡⚡
2026-02-26 01:00:31 [INFO]    🏆 US | VLESS | Пинг: 4942ms | Скорость: 5.24 Mbps ⚡⚡
2026-02-26 01:00:31 [INFO]    🏆 US | VLESS | Пинг: 4985ms | Скорость: 5.24 Mbps ⚡⚡
2026-02-26 01:00:31 [INFO]    🏆 FI | VLESS | Пинг: 4807ms | Скорость: 4.7 Mbps ⚡⚡
2026-02-26 01:00:35 [INFO]    🏆 NL | VLESS | Пинг: 5227ms | Скорость: 5.91 Mbps ⚡⚡
2026-02-26 01:00:35 [INFO]    🏆 DE | VLESS | Пинг: 5315ms | Скорость: 5.6 Mbps ⚡⚡
2026-02-26 01:00:35 [INFO]    🏆 NL | VLESS | Пинг: 5197ms | Скорость: 5.63 Mbps ⚡⚡
2026-02-26 01:00:35 [INFO]    🏆 NL | VLESS | Пинг: 5279ms | Скорость: 5.5 Mbps ⚡⚡
2026-02-26 01:00:35 [INFO]    🏆 LV | VLESS | Пинг: 5461ms | Скорость: 5.84 Mbps ⚡⚡
2026-02-26 01:00:35 [INFO]    🏆 LV | VLESS | Пинг: 5399ms | Скорость: 5.63 Mbps ⚡⚡
2026-02-26 01:00:35 [INFO]    🏆 NL | VLESS | Пинг: 5332ms | Скорость: 5.62 Mbps ⚡⚡
2026-02-26 01:00:35 [INFO]    🏆 GB | VLESS | Пинг: 5524ms | Скорость: 6.37 Mbps ⚡⚡
2026-02-26 01:00:35 [INFO]    🏆 DE | VLESS | Пинг: 5425ms | Скорость: 5.65 Mbps ⚡⚡
2026-02-26 01:00:35 [INFO]    🏆 DE | VLESS | Пинг: 5410ms | Скорость: 5.53 Mbps ⚡⚡
2026-02-26 01:00:35 [INFO]    🏆 DE | VLESS | Пинг: 5446ms | Скорость: 5.64 Mbps ⚡⚡
2026-02-26 01:00:35 [INFO]    🏆 NL | VLESS | Пинг: 5417ms | Скорость: 5.53 Mbps ⚡⚡
2026-02-26 01:00:35 [INFO]    🏆 US | VLESS | Пинг: 5300ms | Скорость: 5.35 Mbps ⚡⚡
2026-02-26 01:00:35 [INFO]    🏆 DE | VLESS | Пинг: 5315ms | Скорость: 5.28 Mbps ⚡⚡
2026-02-26 01:00:37 [INFO]    🏆 NL | VLESS | Пинг: 5593ms | Скорость: 7.85 Mbps ⚡⚡
2026-02-26 01:00:37 [INFO]    🏆 DE | VLESS | Пинг: 5714ms | Скорость: 12.35 Mbps ⚡⚡
2026-02-26 01:00:39 [INFO] 📊 Итого в подписке сохранено иностранных серверов: 10
2026-02-26 01:00:39 [INFO] 💾 Файл успешно сохранен: FL1PVPN
