2026-02-27 16:50:06 [INFO] 🚀 START: Smart Selector (Target: 10, ONLY FOREIGN)
2026-02-27 16:50:06 [INFO] 🌐 Загрузка источников (VLESS + VMess)...
2026-02-27 16:50:08 [INFO] 🔍 Уникальных конфигов собрано: 459
2026-02-27 16:50:08 [INFO] ⚡ ЭТАП 1: Замер Пинга и Геолокации. Workers: 40...
2026-02-27 16:50:14 [INFO]    [PING OK] DE | VLESS | 5133ms
2026-02-27 16:50:14 [INFO]    [PING OK] FI | VLESS | 4744ms
2026-02-27 16:50:14 [INFO]    [PING OK] FI | VLESS | 5425ms
2026-02-27 16:50:14 [INFO]    [PING OK] NL | VLESS | 5131ms
2026-02-27 16:50:14 [INFO]    [PING OK] LT | VLESS | 4949ms
2026-02-27 16:50:14 [INFO]    [PING OK] NL | VLESS | 5128ms
2026-02-27 16:50:15 [INFO]    [PING OK] FI | VLESS | 5939ms
2026-02-27 16:50:15 [INFO]    [PING OK] PL | VLESS | 4507ms
2026-02-27 16:50:15 [INFO]    [PING OK] HU | VLESS | 5625ms
2026-02-27 16:50:15 [INFO]    [PING OK] LT | VLESS | 5698ms
2026-02-27 16:50:15 [INFO]    [PING OK] FR | VLESS | 4902ms
2026-02-27 16:50:17 [INFO]    [PING OK] FI | VLESS | 4306ms
2026-02-27 16:50:17 [INFO]    [PING OK] TR | VLESS | 5336ms
2026-02-27 16:50:19 [INFO]    [PING OK] FI | VLESS | 5138ms
2026-02-27 16:50:20 [INFO]    [PING OK] PL | VLESS | 5630ms
2026-02-27 16:50:20 [INFO]    [PING OK] NL | VLESS | 5570ms
2026-02-27 16:50:20 [INFO]    [PING OK] PL | VLESS | 5089ms
2026-02-27 16:50:20 [INFO]    [PING OK] PL | VLESS | 5423ms
2026-02-27 16:50:22 [INFO]    [PING OK] KZ | VLESS | 4065ms
2026-02-27 16:50:22 [INFO]    [PING OK] RO | VLESS | 4235ms
2026-02-27 16:50:25 [INFO]    [PING OK] DE | VLESS | 4864ms
2026-02-27 16:50:25 [INFO]    [PING OK] DE | VLESS | 5120ms
2026-02-27 16:50:25 [INFO]    [PING OK] CH | VLESS | 5057ms
2026-02-27 16:50:25 [INFO]    [PING OK] FI | VLESS | 4926ms
2026-02-27 16:50:26 [INFO]    [PING OK] NL | VLESS | 5251ms
2026-02-27 16:50:26 [INFO]    [PING OK] US | VLESS | 5790ms
2026-02-27 16:50:26 [INFO]    [PING OK] FR | VLESS | 5626ms
2026-02-27 16:50:27 [INFO]    [PING OK] HU | VLESS | 4789ms
2026-02-27 16:50:27 [INFO]    [PING OK] NL | VLESS | 4235ms
2026-02-27 16:50:27 [INFO]    [PING OK] PL | VLESS | 4488ms
2026-02-27 16:50:28 [INFO]    [PING OK] TR | VLESS | 4136ms
2026-02-27 16:50:29 [INFO]    [PING OK] NO | VLESS | 4027ms
2026-02-27 16:50:31 [INFO]    [PING OK] DE | VLESS | 4111ms
2026-02-27 16:50:31 [INFO]    [PING OK] PL | VLESS | 4375ms
2026-02-27 16:50:31 [INFO]    [PING OK] DE | VLESS | 4741ms
2026-02-27 16:50:32 [INFO]    [PING OK] DE | VLESS | 3397ms
2026-02-27 16:50:32 [INFO]    [PING OK] EE | VLESS | 3679ms
2026-02-27 16:50:32 [INFO]    [PING OK] DE | VLESS | 3901ms
2026-02-27 16:50:35 [INFO]    [PING OK] PL | VLESS | 3804ms
2026-02-27 16:50:35 [INFO]    [PING OK] SE | VLESS | 3780ms
2026-02-27 16:50:35 [INFO]    [PING OK] HU | VLESS | 3758ms
2026-02-27 16:50:36 [INFO]    [PING OK] FI | VLESS | 3641ms
2026-02-27 16:50:36 [INFO]    [PING OK] EE | VLESS | 3758ms
2026-02-27 16:50:36 [INFO]    [PING OK] NL | VLESS | 3489ms
2026-02-27 16:50:37 [INFO]    [PING OK] US | VLESS | 3695ms
2026-02-27 16:50:37 [INFO]    [PING OK] DE | VLESS | 5860ms
2026-02-27 16:50:37 [INFO]    [PING OK] LV | VLESS | 3655ms
2026-02-27 16:50:38 [INFO]    [PING OK] PL | VLESS | 3373ms
2026-02-27 16:50:38 [INFO]    [PING OK] NL | VLESS | 5767ms
2026-02-27 16:50:40 [INFO]    [PING OK] PL | VLESS | 3978ms
2026-02-27 16:50:40 [INFO]    [PING OK] ES | VLESS | 3815ms
2026-02-27 16:50:41 [INFO]    [PING OK] HU | VLESS | 3941ms
2026-02-27 16:50:41 [INFO]    [PING OK] US | VLESS | 4192ms
2026-02-27 16:50:41 [INFO]    [PING OK] ES | VLESS | 4183ms
2026-02-27 16:50:41 [INFO]    [PING OK] TR | VLESS | 4157ms
2026-02-27 16:50:41 [INFO]    [PING OK] FI | VLESS | 4292ms
2026-02-27 16:50:41 [INFO]    [PING OK] NL | VLESS | 4859ms
2026-02-27 16:50:42 [INFO]    [PING OK] TR | VLESS | 4083ms
2026-02-27 16:50:43 [INFO]    [PING OK] NL | VLESS | 4615ms
2026-02-27 16:50:46 [INFO]    [PING OK] SE | VLESS | 4395ms
2026-02-27 16:50:46 [INFO]    [PING OK] PL | VLESS | 4823ms
2026-02-27 16:50:46 [INFO]    [PING OK] FI | VLESS | 4311ms
2026-02-27 16:50:46 [INFO]    [PING OK] NL | VLESS | 3846ms
2026-02-27 16:50:47 [INFO]    [PING OK] FR | VLESS | 3537ms
2026-02-27 16:50:47 [INFO]    [PING OK] DE | VLESS | 3930ms
2026-02-27 16:50:49 [INFO]    [PING OK] AE | VLESS | 5132ms
2026-02-27 16:50:51 [INFO]    [PING OK] PL | VLESS | 4298ms
2026-02-27 16:50:51 [INFO]    [PING OK] LT | VLESS | 4425ms
2026-02-27 16:50:52 [INFO]    [PING OK] DE | VLESS | 4433ms
2026-02-27 16:50:52 [INFO]    [PING OK] NG | VLESS | 5196ms
2026-02-27 16:50:52 [INFO]    [PING OK] DE | VLESS | 4878ms
2026-02-27 16:50:52 [INFO]    [PING OK] NL | VLESS | 4201ms
2026-02-27 16:50:53 [INFO]    [PING OK] DE | VLESS | 4280ms
2026-02-27 16:50:53 [INFO]    [PING OK] US | VLESS | 3486ms
2026-02-27 16:50:54 [INFO]    [PING OK] SG | VLESS | 3693ms
2026-02-27 16:50:54 [INFO]    [PING OK] DE | VLESS | 2746ms
2026-02-27 16:50:54 [INFO]    [PING OK] DE | VLESS | 2489ms
2026-02-27 16:50:54 [INFO]    [PING OK] DE | VLESS | 2420ms
2026-02-27 16:50:54 [INFO]    [PING OK] CA | VLESS | 8863ms
2026-02-27 16:50:54 [INFO]    [PING OK] DE | VLESS | 2188ms
2026-02-27 16:50:55 [INFO]    [PING OK] DE | VLESS | 1721ms
2026-02-27 16:50:55 [INFO]    [PING OK] FI | VLESS | 1761ms
2026-02-27 16:50:55 [INFO]    [PING OK] NL | VLESS | 2470ms
2026-02-27 16:50:55 [INFO]    [PING OK] DE | VLESS | 3623ms
2026-02-27 16:50:55 [INFO]    [PING OK] DE | VLESS | 2404ms
2026-02-27 16:50:55 [INFO]    [PING OK] SG | VLESS | 2463ms
2026-02-27 16:50:56 [INFO]    [PING OK] CA | VLESS | 6144ms
2026-02-27 16:50:56 [INFO]    [PING OK] KR | VLESS | 3234ms
2026-02-27 16:50:56 [INFO]    [PING OK] DE | VLESS | 4457ms
2026-02-27 16:50:58 [INFO]    [PING OK] DE | VLESS | 5843ms
2026-02-27 16:50:59 [INFO] 🏎️ ЭТАП 2: Глубокий замер скорости для 40 иностранных кандидатов...
2026-02-27 16:51:03 [INFO]    🏆 DE | VLESS | Пинг: 1721ms | Скорость: 7.28 Mbps ⚡⚡
2026-02-27 16:51:03 [INFO]    🏆 DE | VLESS | Пинг: 2188ms | Скорость: 7.03 Mbps ⚡⚡
2026-02-27 16:51:03 [INFO]    🏆 FR | VLESS | Пинг: 3537ms | Скорость: 6.98 Mbps ⚡⚡
2026-02-27 16:51:03 [INFO]    🏆 PL | VLESS | Пинг: 3373ms | Скорость: 6.68 Mbps ⚡⚡
2026-02-27 16:51:03 [INFO]    🏆 DE | VLESS | Пинг: 3397ms | Скорость: 6.51 Mbps ⚡⚡
2026-02-27 16:51:04 [INFO]    🏆 DE | VLESS | Пинг: 2420ms | Скорость: 5.88 Mbps ⚡⚡
2026-02-27 16:51:04 [INFO]    🏆 DE | VLESS | Пинг: 2746ms | Скорость: 5.96 Mbps ⚡⚡
2026-02-27 16:51:04 [INFO]    🏆 NL | VLESS | Пинг: 3489ms | Скорость: 5.38 Mbps ⚡⚡
2026-02-27 16:51:05 [INFO]    🏆 FI | VLESS | Пинг: 1761ms | Скорость: 4.62 Mbps ⚡⚡
2026-02-27 16:51:05 [INFO]    🏆 DE | VLESS | Пинг: 2489ms | Скорость: 4.51 Mbps ⚡⚡
2026-02-27 16:51:05 [INFO]    🏆 DE | VLESS | Пинг: 2404ms | Скорость: 4.43 Mbps ⚡⚡
2026-02-27 16:51:05 [INFO]    🏆 NL | VLESS | Пинг: 2470ms | Скорость: 4.01 Mbps ⚡⚡
2026-02-27 16:51:06 [INFO]    🏆 US | VLESS | Пинг: 3486ms | Скорость: 3.52 Mbps ⚡⚡
2026-02-27 16:51:06 [INFO]    🏆 EE | VLESS | Пинг: 3758ms | Скорость: 10.19 Mbps ⚡⚡
2026-02-27 16:51:07 [INFO]    🏆 HU | VLESS | Пинг: 3758ms | Скорость: 8.56 Mbps ⚡⚡
2026-02-27 16:51:07 [INFO]    🏆 NL | VLESS | Пинг: 3846ms | Скорость: 14.41 Mbps ⚡⚡
2026-02-27 16:51:07 [INFO]    🏆 PL | VLESS | Пинг: 3804ms | Скорость: 12.6 Mbps ⚡⚡
2026-02-27 16:51:07 [INFO]    🏆 ES | VLESS | Пинг: 3815ms | Скорость: 11.43 Mbps ⚡⚡
2026-02-27 16:51:08 [INFO]    🏆 FI | VLESS | Пинг: 3641ms | Скорость: 5.29 Mbps ⚡⚡
2026-02-27 16:51:08 [INFO]    🏆 DE | VLESS | Пинг: 3623ms | Скорость: 4.39 Mbps ⚡⚡
2026-02-27 16:51:10 [INFO]    🏆 HU | VLESS | Пинг: 3941ms | Скорость: 8.62 Mbps ⚡⚡
2026-02-27 16:51:10 [INFO]    🏆 KZ | VLESS | Пинг: 4065ms | Скорость: 10.37 Mbps ⚡⚡
2026-02-27 16:51:10 [INFO]    🏆 PL | VLESS | Пинг: 3978ms | Скорость: 9.4 Mbps ⚡⚡
2026-02-27 16:51:10 [INFO]    🏆 TR | VLESS | Пинг: 4083ms | Скорость: 8.94 Mbps ⚡⚡
2026-02-27 16:51:10 [INFO]    🏆 TR | VLESS | Пинг: 4157ms | Скорость: 13.4 Mbps ⚡⚡
2026-02-27 16:51:10 [INFO]    🏆 LV | VLESS | Пинг: 3655ms | Скорость: 2.12 Mbps ⚡
2026-02-27 16:51:10 [INFO]    🏆 EE | VLESS | Пинг: 3679ms | Скорость: 0.94 Mbps 
2026-02-27 16:51:11 [INFO]    🏆 ES | VLESS | Пинг: 4183ms | Скорость: 9.14 Mbps ⚡⚡
2026-02-27 16:51:12 [INFO]    🏆 DE | VLESS | Пинг: 3930ms | Скорость: 3.95 Mbps ⚡⚡
2026-02-27 16:51:16 [INFO]    🏆 NL | VLESS | Пинг: 4201ms | Скорость: 3.45 Mbps ⚡⚡
2026-02-27 16:51:16 [INFO] 📊 Итого в подписке сохранено иностранных серверов: 10
2026-02-27 16:51:16 [INFO] 💾 Файл успешно сохранен: FL1PVPN
