2026-02-18 01:50:06 [INFO] 🚀 START: Smart VLESS Selector (Target: 10, Strict Mode)
2026-02-18 01:50:06 [INFO] 🌐 Загрузка источников...
2026-02-18 01:50:08 [INFO] 🔍 Уникальных конфигов собрано: 323
2026-02-18 01:50:08 [INFO] ⚡ ЭТАП 1: Быстрый замер Пинга (Workers: 25)...
2026-02-18 01:50:09 [INFO]    [PING OK] NL | 160ms
2026-02-18 01:50:09 [INFO]    [PING OK] RU | 254ms
2026-02-18 01:50:09 [INFO]    [PING OK] DE | 151ms
2026-02-18 01:50:09 [INFO]    [PING OK] LV | 175ms
2026-02-18 01:50:09 [INFO]    [PING OK] FI | 262ms
2026-02-18 01:50:09 [INFO]    [PING OK] LT | 156ms
2026-02-18 01:50:10 [INFO]    [PING OK] DE | 762ms
2026-02-18 01:50:10 [INFO]    [PING OK] LV | 188ms
2026-02-18 01:50:10 [INFO]    [PING OK] DE | 145ms
2026-02-18 01:50:10 [INFO]    [PING OK] DE | 521ms
2026-02-18 01:50:11 [INFO]    [PING OK] FI | 135ms
2026-02-18 01:50:11 [INFO]    [PING OK] PL | 85ms
2026-02-18 01:50:11 [INFO]    [PING OK] IR | 412ms
2026-02-18 01:50:12 [INFO]    [PING OK] LT | 172ms
2026-02-18 01:50:13 [INFO]    [PING OK] LT | 149ms
2026-02-18 01:50:13 [INFO]    [PING OK] RU | 103ms
2026-02-18 01:50:13 [INFO]    [PING OK] RU | 56ms
2026-02-18 01:50:13 [INFO]    [PING OK] RU | 114ms
2026-02-18 01:50:13 [INFO]    [PING OK] RU | 293ms
2026-02-18 01:50:13 [INFO]    [PING OK] RU | 192ms
2026-02-18 01:50:13 [INFO]    [PING OK] RU | 310ms
2026-02-18 01:50:13 [INFO]    [PING OK] RU | 195ms
2026-02-18 01:50:13 [INFO]    [PING OK] RU | 208ms
2026-02-18 01:50:13 [INFO]    [PING OK] RU | 227ms
2026-02-18 01:50:14 [INFO]    [PING OK] RU | 154ms
2026-02-18 01:50:14 [INFO]    [PING OK] RU | 101ms
2026-02-18 01:50:14 [INFO]    [PING OK] DE | 202ms
2026-02-18 01:50:14 [INFO]    [PING OK] RU | 332ms
2026-02-18 01:50:14 [INFO]    [PING OK] RU | 217ms
2026-02-18 01:50:14 [INFO]    [PING OK] RU | 298ms
2026-02-18 01:50:14 [INFO]    [PING OK] RU | 251ms
2026-02-18 01:50:14 [INFO]    [PING OK] RU | 276ms
2026-02-18 01:50:14 [INFO]    [PING OK] RU | 240ms
2026-02-18 01:50:14 [INFO]    [PING OK] RU | 290ms
2026-02-18 01:50:14 [INFO]    [PING OK] RU | 182ms
2026-02-18 01:50:14 [INFO]    [PING OK] RU | 79ms
2026-02-18 01:50:15 [INFO]    [PING OK] RU | 320ms
2026-02-18 01:50:15 [INFO]    [PING OK] RU | 205ms
2026-02-18 01:50:15 [INFO]    [PING OK] RU | 221ms
2026-02-18 01:50:15 [INFO]    [PING OK] RU | 213ms
2026-02-18 01:50:15 [INFO]    [PING OK] RU | 72ms
2026-02-18 01:50:15 [INFO]    [PING OK] RU | 85ms
2026-02-18 01:50:15 [INFO]    [PING OK] RU | 341ms
2026-02-18 01:50:15 [INFO]    [PING OK] RU | 305ms
2026-02-18 01:50:15 [INFO]    [PING OK] RU | 221ms
2026-02-18 01:50:15 [INFO]    [PING OK] RU | 243ms
2026-02-18 01:50:15 [INFO]    [PING OK] RU | 217ms
2026-02-18 01:50:15 [INFO]    [PING OK] RU | 167ms
2026-02-18 01:50:16 [INFO]    [PING OK] RU | 290ms
2026-02-18 01:50:16 [INFO]    [PING OK] RU | 316ms
2026-02-18 01:50:16 [INFO]    [PING OK] RU | 210ms
2026-02-18 01:50:16 [INFO]    [PING OK] RU | 214ms
2026-02-18 01:50:16 [INFO]    [PING OK] RU | 139ms
2026-02-18 01:50:16 [INFO]    [PING OK] RU | 185ms
2026-02-18 01:50:16 [INFO]    [PING OK] RU | 343ms
2026-02-18 01:50:16 [INFO]    [PING OK] RU | 191ms
2026-02-18 01:50:16 [INFO]    [PING OK] RU | 273ms
2026-02-18 01:50:16 [INFO]    [PING OK] RU | 260ms
2026-02-18 01:50:16 [INFO]    [PING OK] DE | 250ms
2026-02-18 01:50:16 [INFO]    [PING OK] RU | 355ms
2026-02-18 01:50:16 [INFO]    [PING OK] RU | 228ms
2026-02-18 01:50:16 [INFO]    [PING OK] RU | 3251ms
2026-02-18 01:50:17 [INFO]    [PING OK] RU | 780ms
2026-02-18 01:50:17 [INFO]    [PING OK] RU | 68ms
2026-02-18 01:50:17 [INFO]    [PING OK] RU | 258ms
2026-02-18 01:50:17 [INFO]    [PING OK] RU | 225ms
2026-02-18 01:50:17 [INFO]    [PING OK] HU | 348ms
2026-02-18 01:50:17 [INFO]    [PING OK] RU | 152ms
2026-02-18 01:50:17 [INFO]    [PING OK] RU | 873ms
2026-02-18 01:50:17 [INFO]    [PING OK] RU | 261ms
2026-02-18 01:50:17 [INFO]    [PING OK] RU | 204ms
2026-02-18 01:50:17 [INFO]    [PING OK] RU | 273ms
2026-02-18 01:50:17 [INFO]    [PING OK] RU | 277ms
2026-02-18 01:50:17 [INFO]    [PING OK] RU | 219ms
2026-02-18 01:50:18 [INFO]    [PING OK] RU | 290ms
2026-02-18 01:50:18 [INFO]    [PING OK] RU | 77ms
2026-02-18 01:50:18 [INFO]    [PING OK] RU | 45ms
2026-02-18 01:50:18 [INFO]    [PING OK] RU | 1370ms
2026-02-18 01:50:18 [INFO]    [PING OK] RU | 59ms
2026-02-18 01:50:18 [INFO]    [PING OK] RU | 308ms
2026-02-18 01:50:18 [INFO]    [PING OK] RU | 196ms
2026-02-18 01:50:18 [INFO]    [PING OK] RU | 225ms
2026-02-18 01:50:18 [INFO]    [PING OK] RU | 332ms
2026-02-18 01:50:18 [INFO]    [PING OK] RU | 204ms
2026-02-18 01:50:18 [INFO]    [PING OK] RU | 70ms
2026-02-18 01:50:19 [INFO]    [PING OK] RU | 187ms
2026-02-18 01:50:19 [INFO]    [PING OK] RU | 396ms
2026-02-18 01:50:19 [INFO]    [PING OK] RU | 331ms
2026-02-18 01:50:19 [INFO]    [PING OK] RU | 205ms
2026-02-18 01:50:19 [INFO]    [PING OK] RU | 61ms
2026-02-18 01:50:19 [INFO]    [PING OK] DE | 269ms
2026-02-18 01:50:19 [INFO]    [PING OK] RU | 340ms
2026-02-18 01:50:19 [INFO]    [PING OK] RU | 132ms
2026-02-18 01:50:19 [INFO]    [PING OK] RU | 259ms
2026-02-18 01:50:19 [INFO]    [PING OK] RU | 189ms
2026-02-18 01:50:19 [INFO]    [PING OK] RU | 248ms
2026-02-18 01:50:19 [INFO]    [PING OK] RU | 70ms
2026-02-18 01:50:19 [INFO]    [PING OK] RU | 3863ms
2026-02-18 01:50:19 [INFO]    [PING OK] RU | 189ms
2026-02-18 01:50:20 [INFO]    [PING OK] RU | 332ms
2026-02-18 01:50:20 [INFO]    [PING OK] RU | 172ms
2026-02-18 01:50:20 [INFO]    [PING OK] RU | 508ms
2026-02-18 01:50:20 [INFO]    [PING OK] RU | 167ms
2026-02-18 01:50:20 [INFO]    [PING OK] RU | 182ms
2026-02-18 01:50:20 [INFO]    [PING OK] RU | 472ms
2026-02-18 01:50:20 [INFO]    [PING OK] FI | 162ms
2026-02-18 01:50:21 [INFO]    [PING OK] LV | 468ms
2026-02-18 01:50:21 [INFO]    [PING OK] MD | 132ms
2026-02-18 01:50:22 [INFO]    [PING OK] PL | 107ms
2026-02-18 01:50:23 [INFO]    [PING OK] RU | 141ms
2026-02-18 01:50:23 [INFO]    [PING OK] FI | 205ms
2026-02-18 01:50:24 [INFO]    [PING OK] ES | 446ms
2026-02-18 01:50:25 [INFO]    [PING OK] AE | 221ms
2026-02-18 01:50:25 [INFO]    [PING OK] JP | 408ms
2026-02-18 01:50:26 [INFO]    [PING OK] FR | 185ms
2026-02-18 01:50:27 [INFO]    [PING OK] DE | 188ms
2026-02-18 01:50:27 [INFO]    [PING OK] US | 446ms
2026-02-18 01:50:28 [INFO]    [PING OK] UZ | 259ms
2026-02-18 01:50:28 [INFO]    [PING OK] DE | 236ms
2026-02-18 01:50:28 [INFO]    [PING OK] FR | 333ms
2026-02-18 01:50:28 [INFO]    [PING OK] FI | 126ms
2026-02-18 01:50:29 [INFO]    [PING OK] DE | 514ms
2026-02-18 01:50:29 [INFO]    [PING OK] US | 694ms
2026-02-18 01:50:29 [INFO]    [PING OK] NL | 209ms
2026-02-18 01:50:30 [INFO]    [PING OK] PL | 106ms
2026-02-18 01:50:30 [INFO]    [PING OK] PL | 103ms
2026-02-18 01:50:30 [INFO]    [PING OK] RU | 137ms
2026-02-18 01:50:31 [INFO]    [PING OK] FI | 387ms
2026-02-18 01:50:31 [INFO]    [PING OK] DE | 214ms
2026-02-18 01:50:31 [INFO]    [PING OK] AU | 141ms
2026-02-18 01:50:36 [INFO] 🏎️ ЭТАП 2: Глубокий замер скорости для ТОП-10 серверов...
2026-02-18 01:50:43 [INFO]    🏆 PL | Пинг: 85ms | Скорость: 8.62 Mbps ⚡⚡
2026-02-18 01:50:43 [INFO]    🏆 PL | Пинг: 103ms | Скорость: 0.0 Mbps 
2026-02-18 01:50:43 [INFO]    🏆 PL | Пинг: 106ms | Скорость: 8.49 Mbps ⚡⚡
2026-02-18 01:50:43 [INFO]    🏆 PL | Пинг: 107ms | Скорость: 8.62 Mbps ⚡⚡
2026-02-18 01:50:43 [INFO]    🏆 FI | Пинг: 126ms | Скорость: 0.0 Mbps 
2026-02-18 01:50:43 [INFO]    🏆 MD | Пинг: 132ms | Скорость: 8.91 Mbps ⚡⚡
2026-02-18 01:50:43 [INFO]    🏆 FI | Пинг: 135ms | Скорость: 9.13 Mbps ⚡⚡
2026-02-18 01:50:43 [INFO]    🏆 AU | Пинг: 141ms | Скорость: 0.96 Mbps 
2026-02-18 01:50:43 [INFO]    🏆 DE | Пинг: 145ms | Скорость: 9.08 Mbps ⚡⚡
2026-02-18 01:50:43 [INFO]    🏆 RU | Пинг: 45ms | Скорость: 9.11 Mbps ⚡⚡
2026-02-18 01:50:43 [INFO] 🇷🇺 Добавлен RU сервер: 87.242.103.184
2026-02-18 01:50:43 [INFO] 📊 Итого в подписке сохранено: 10 серверов
2026-02-18 01:50:43 [INFO] 💾 Файл успешно сохранен: FL1PVPN
