2026-02-19 19:30:06 [INFO] 🚀 START: Smart VPN Selector (Target: 10, Strict Mode)
2026-02-19 19:30:06 [INFO] 🌐 Загрузка источников...
2026-02-19 19:30:09 [INFO] 🔍 Уникальных конфигов собрано: 1215
2026-02-19 19:30:09 [INFO] ⚡ ЭТАП 1: Быстрый замер Пинга (Workers: 25)...
2026-02-19 19:30:10 [INFO]    [PING OK] DE | 187ms
2026-02-19 19:30:12 [INFO]    [PING OK] LT | 1457ms
2026-02-19 19:30:12 [INFO]    [PING OK] TR | 1169ms
2026-02-19 19:30:16 [INFO]    [PING OK] RU | 150ms
2026-02-19 19:30:17 [INFO]    [PING OK] RU | 517ms
2026-02-19 19:30:17 [INFO]    [PING OK] DE | 143ms
2026-02-19 19:30:18 [INFO]    [PING OK] TR | 175ms
2026-02-19 19:30:19 [INFO]    [PING OK] RU | 398ms
2026-02-19 19:30:19 [INFO]    [PING OK] RU | 4792ms
2026-02-19 19:30:20 [INFO]    [PING OK] RU | 277ms
2026-02-19 19:30:20 [INFO]    [PING OK] DE | 3103ms
2026-02-19 19:30:21 [INFO]    [PING OK] RU | 124ms
2026-02-19 19:30:23 [INFO]    [PING OK] DE | 153ms
2026-02-19 19:30:23 [INFO]    [PING OK] RU | 216ms
2026-02-19 19:30:24 [INFO]    [PING OK] RU | 289ms
2026-02-19 19:30:24 [INFO]    [PING OK] RU | 323ms
2026-02-19 19:30:24 [INFO]    [PING OK] CA | 3208ms
2026-02-19 19:30:25 [INFO]    [PING OK] RU | 1302ms
2026-02-19 19:30:25 [INFO]    [PING OK] RU | 211ms
2026-02-19 19:30:25 [INFO]    [PING OK] RU | 800ms
2026-02-19 19:30:25 [INFO]    [PING OK] RU | 329ms
2026-02-19 19:30:26 [INFO]    [PING OK] RU | 611ms
2026-02-19 19:30:26 [INFO]    [PING OK] RU | 236ms
2026-02-19 19:30:26 [INFO]    [PING OK] RU | 221ms
2026-02-19 19:30:26 [INFO]    [PING OK] RU | 217ms
2026-02-19 19:30:26 [INFO]    [PING OK] RU | 303ms
2026-02-19 19:30:27 [INFO]    [PING OK] RU | 542ms
2026-02-19 19:30:27 [INFO]    [PING OK] RU | 55ms
2026-02-19 19:30:27 [INFO]    [PING OK] RU | 253ms
2026-02-19 19:30:27 [INFO]    [PING OK] RU | 283ms
2026-02-19 19:30:27 [INFO]    [PING OK] RU | 344ms
2026-02-19 19:30:27 [INFO]    [PING OK] RU | 545ms
2026-02-19 19:30:28 [INFO]    [PING OK] RU | 1980ms
2026-02-19 19:30:28 [INFO]    [PING OK] RU | 3126ms
2026-02-19 19:30:28 [INFO]    [PING OK] RU | 2228ms
2026-02-19 19:30:29 [INFO]    [PING OK] RU | 249ms
2026-02-19 19:30:29 [INFO]    [PING OK] RU | 1485ms
2026-02-19 19:30:29 [INFO]    [PING OK] RU | 209ms
2026-02-19 19:30:29 [INFO]    [PING OK] RU | 283ms
2026-02-19 19:30:29 [INFO]    [PING OK] RU | 1713ms
2026-02-19 19:30:29 [INFO]    [PING OK] RU | 1299ms
2026-02-19 19:30:29 [INFO]    [PING OK] RU | 249ms
2026-02-19 19:30:29 [INFO]    [PING OK] RU | 2207ms
2026-02-19 19:30:29 [INFO]    [PING OK] RU | 2967ms
2026-02-19 19:30:30 [INFO]    [PING OK] RU | 467ms
2026-02-19 19:30:30 [INFO]    [PING OK] RU | 215ms
2026-02-19 19:30:30 [INFO]    [PING OK] RU | 585ms
2026-02-19 19:30:30 [INFO]    [PING OK] RU | 310ms
2026-02-19 19:30:30 [INFO]    [PING OK] RU | 116ms
2026-02-19 19:30:30 [INFO]    [PING OK] RU | 1354ms
2026-02-19 19:30:30 [INFO]    [PING OK] RU | 2103ms
2026-02-19 19:30:30 [INFO]    [PING OK] RU | 722ms
2026-02-19 19:30:31 [INFO]    [PING OK] RU | 412ms
2026-02-19 19:30:31 [INFO]    [PING OK] RU | 52ms
2026-02-19 19:30:31 [INFO]    [PING OK] UZ | 616ms
2026-02-19 19:30:31 [INFO]    [PING OK] RU | 1871ms
2026-02-19 19:30:31 [INFO]    [PING OK] DE | 125ms
2026-02-19 19:30:31 [INFO]    [PING OK] RU | 1163ms
2026-02-19 19:30:31 [INFO]    [PING OK] RU | 1380ms
2026-02-19 19:30:31 [INFO]    [PING OK] RU | 1021ms
2026-02-19 19:30:31 [INFO]    [PING OK] MX | 328ms
2026-02-19 19:30:32 [INFO]    [PING OK] RU | 3351ms
2026-02-19 19:30:32 [INFO]    [PING OK] GB | 561ms
2026-02-19 19:30:32 [INFO]    [PING OK] TR | 171ms
2026-02-19 19:30:32 [INFO]    [PING OK] AU | 658ms
2026-02-19 19:30:32 [INFO]    [PING OK] PL | 118ms
2026-02-19 19:30:32 [INFO]    [PING OK] BG | 110ms
2026-02-19 19:30:33 [INFO]    [PING OK] US | 398ms
2026-02-19 19:30:33 [INFO]    [PING OK] SG | 751ms
2026-02-19 19:30:33 [INFO]    [PING OK] RU | 4219ms
2026-02-19 19:30:33 [INFO]    [PING OK] US | 352ms
2026-02-19 19:30:33 [INFO]    [PING OK] US | 978ms
2026-02-19 19:30:33 [INFO]    [PING OK] TR | 211ms
2026-02-19 19:30:33 [INFO]    [PING OK] US | 447ms
2026-02-19 19:30:34 [INFO]    [PING OK] GB | 1392ms
2026-02-19 19:30:34 [INFO]    [PING OK] NL | 209ms
2026-02-19 19:30:34 [INFO]    [PING OK] SG | 3423ms
2026-02-19 19:30:35 [INFO]    [PING OK] GB | 156ms
2026-02-19 19:30:35 [INFO]    [PING OK] IQ | 755ms
2026-02-19 19:30:35 [INFO]    [PING OK] SE | 207ms
2026-02-19 19:30:35 [INFO]    [PING OK] CA | 360ms
2026-02-19 19:30:36 [INFO]    [PING OK] GR | 197ms
2026-02-19 19:30:36 [INFO]    [PING OK] DE | 220ms
2026-02-19 19:30:37 [INFO]    [PING OK] FI | 177ms
2026-02-19 19:30:37 [INFO]    [PING OK] US | 399ms
2026-02-19 19:30:37 [INFO]    [PING OK] US | 4883ms
2026-02-19 19:30:37 [INFO]    [PING OK] CY | 421ms
2026-02-19 19:30:37 [INFO]    [PING OK] US | 3831ms
2026-02-19 19:30:38 [INFO]    [PING OK] US | 481ms
2026-02-19 19:30:38 [INFO]    [PING OK] AE | 1205ms
2026-02-19 19:30:38 [INFO]    [PING OK] US | 548ms
2026-02-19 19:30:39 [INFO]    [PING OK] SG | 607ms
2026-02-19 19:30:39 [INFO]    [PING OK] US | 395ms
2026-02-19 19:30:39 [INFO]    [PING OK] IT | 559ms
2026-02-19 19:30:40 [INFO]    [PING OK] DE | 243ms
2026-02-19 19:30:40 [INFO]    [PING OK] HU | 1348ms
2026-02-19 19:30:40 [INFO]    [PING OK] GB | 580ms
2026-02-19 19:30:40 [INFO]    [PING OK] IL | 246ms
2026-02-19 19:30:40 [INFO]    [PING OK] DE | 214ms
2026-02-19 19:30:40 [INFO]    [PING OK] FR | 140ms
2026-02-19 19:30:41 [INFO]    [PING OK] US | 386ms
2026-02-19 19:30:41 [INFO]    [PING OK] GB | 165ms
2026-02-19 19:30:41 [INFO]    [PING OK] FR | 356ms
2026-02-19 19:30:41 [INFO]    [PING OK] AU | 592ms
2026-02-19 19:30:42 [INFO]    [PING OK] US | 417ms
2026-02-19 19:30:42 [INFO]    [PING OK] GB | 1657ms
2026-02-19 19:30:42 [INFO]    [PING OK] LV | 224ms
2026-02-19 19:30:42 [INFO]    [PING OK] GB | 152ms
2026-02-19 19:30:42 [INFO]    [PING OK] SG | 1420ms
2026-02-19 19:30:42 [INFO]    [PING OK] MD | 152ms
2026-02-19 19:30:43 [INFO]    [PING OK] NL | 3302ms
2026-02-19 19:30:43 [INFO]    [PING OK] MD | 208ms
2026-02-19 19:30:43 [INFO]    [PING OK] HK | 1047ms
2026-02-19 19:30:44 [INFO]    [PING OK] GB | 2452ms
2026-02-19 19:30:44 [INFO]    [PING OK] NL | 997ms
2026-02-19 19:30:45 [INFO]    [PING OK] US | 404ms
2026-02-19 19:30:45 [INFO]    [PING OK] US | 643ms
2026-02-19 19:30:45 [INFO]    [PING OK] PL | 137ms
2026-02-19 19:30:45 [INFO]    [PING OK] JP | 1156ms
2026-02-19 19:30:46 [INFO]    [PING OK] US | 681ms
2026-02-19 19:30:47 [INFO]    [PING OK] MD | 1857ms
2026-02-19 19:30:47 [INFO]    [PING OK] GB | 4318ms
2026-02-19 19:30:54 [INFO]    [PING OK] US | 237ms
2026-02-19 19:30:58 [INFO]    [PING OK] GB | 1994ms
2026-02-19 19:30:58 [INFO]    [PING OK] GB | 368ms
2026-02-19 19:31:00 [INFO]    [PING OK] GB | 149ms
2026-02-19 19:31:01 [INFO]    [PING OK] DE | 188ms
2026-02-19 19:31:09 [INFO]    [PING OK] FR | 326ms
2026-02-19 19:31:11 [INFO]    [PING OK] GB | 185ms
2026-02-19 19:31:12 [INFO]    [PING OK] JP | 3846ms
2026-02-19 19:31:15 [INFO]    [PING OK] SG | 3623ms
2026-02-19 19:31:15 [INFO]    [PING OK] FR | 156ms
2026-02-19 19:31:17 [INFO]    [PING OK] GB | 242ms
2026-02-19 19:31:21 [INFO]    [PING OK] DE | 123ms
2026-02-19 19:31:22 [INFO]    [PING OK] GB | 323ms
2026-02-19 19:31:23 [INFO]    [PING OK] GB | 167ms
2026-02-19 19:31:23 [INFO]    [PING OK] GB | 166ms
2026-02-19 19:31:23 [INFO]    [PING OK] RU | 336ms
2026-02-19 19:31:23 [INFO]    [PING OK] JP | 923ms
2026-02-19 19:31:23 [INFO]    [PING OK] GB | 147ms
2026-02-19 19:31:24 [INFO]    [PING OK] RU | 244ms
2026-02-19 19:31:24 [INFO]    [PING OK] GB | 148ms
2026-02-19 19:31:25 [INFO]    [PING OK] GB | 2862ms
2026-02-19 19:31:26 [INFO]    [PING OK] NO | 833ms
2026-02-19 19:31:27 [INFO]    [PING OK] GB | 145ms
2026-02-19 19:31:27 [INFO]    [PING OK] GB | 147ms
2026-02-19 19:31:28 [INFO]    [PING OK] ES | 1603ms
2026-02-19 19:31:29 [INFO]    [PING OK] GB | 1699ms
2026-02-19 19:31:30 [INFO]    [PING OK] RU | 3570ms
2026-02-19 19:31:30 [INFO]    [PING OK] GB | 3323ms
2026-02-19 19:31:30 [INFO]    [PING OK] GB | 164ms
2026-02-19 19:31:30 [INFO]    [PING OK] GB | 1996ms
2026-02-19 19:31:31 [INFO]    [PING OK] FI | 273ms
2026-02-19 19:31:34 [INFO]    [PING OK] DE | 2082ms
2026-02-19 19:31:34 [INFO]    [PING OK] RU | 3495ms
2026-02-19 19:31:37 [INFO]    [PING OK] DE | 1510ms
2026-02-19 19:31:38 [INFO]    [PING OK] NL | 437ms
2026-02-19 19:31:38 [INFO]    [PING OK] HK | 2424ms
2026-02-19 19:31:42 [INFO]    [PING OK] RU | 2141ms
2026-02-19 19:31:42 [INFO]    [PING OK] GB | 227ms
2026-02-19 19:31:42 [INFO]    [PING OK] RU | 2201ms
2026-02-19 19:31:44 [INFO]    [PING OK] DE | 1422ms
2026-02-19 19:31:45 [INFO]    [PING OK] DE | 3125ms
2026-02-19 19:31:46 [INFO]    [PING OK] RU | 2590ms
2026-02-19 19:31:46 [INFO]    [PING OK] RU | 1768ms
2026-02-19 19:31:49 [INFO]    [PING OK] RU | 486ms
2026-02-19 19:31:50 [INFO]    [PING OK] RU | 1453ms
2026-02-19 19:31:52 [INFO]    [PING OK] DE | 3561ms
2026-02-19 19:31:55 [INFO]    [PING OK] SE | 4188ms
2026-02-19 19:31:56 [INFO] 🏎️ ЭТАП 2: Глубокий замер скорости для ТОП-10 серверов...
2026-02-19 19:32:03 [INFO]    🏆 BG | Пинг: 110ms | Скорость: 1.58 Mbps ⚡
2026-02-19 19:32:03 [INFO]    🏆 PL | Пинг: 118ms | Скорость: 0.0 Mbps 
2026-02-19 19:32:03 [INFO]    🏆 DE | Пинг: 123ms | Скорость: 8.52 Mbps ⚡⚡
2026-02-19 19:32:03 [INFO]    🏆 DE | Пинг: 125ms | Скорость: 3.71 Mbps ⚡⚡
2026-02-19 19:32:03 [INFO]    🏆 PL | Пинг: 137ms | Скорость: 9.12 Mbps ⚡⚡
2026-02-19 19:32:03 [INFO]    🏆 FR | Пинг: 140ms | Скорость: 9.19 Mbps ⚡⚡
2026-02-19 19:32:03 [INFO]    🏆 DE | Пинг: 143ms | Скорость: 9.4 Mbps ⚡⚡
2026-02-19 19:32:03 [INFO]    🏆 GB | Пинг: 145ms | Скорость: 9.43 Mbps ⚡⚡
2026-02-19 19:32:03 [INFO]    🏆 GB | Пинг: 147ms | Скорость: 9.33 Mbps ⚡⚡
2026-02-19 19:32:03 [INFO]    🏆 RU | Пинг: 52ms | Скорость: 9.59 Mbps ⚡⚡
2026-02-19 19:32:03 [INFO] 🇷🇺 Добавлен RU сервер: 212.192.14.234
2026-02-19 19:32:03 [INFO] 📊 Итого в подписке сохранено: 10 серверов
2026-02-19 19:32:03 [INFO] 💾 Файл успешно сохранен: FL1PVPN
