2026-02-17 02:20:06 [INFO] 🚀 START: Smart VLESS Selector (Target: 10, Strict Mode)
2026-02-17 02:20:06 [INFO] 🌐 Загрузка источников...
2026-02-17 02:20:08 [INFO] 🔍 Уникальных конфигов собрано: 676
2026-02-17 02:20:08 [INFO] ⚡ ЭТАП 1: Быстрый замер Пинга (Workers: 25)...
2026-02-17 02:20:10 [INFO]    [PING OK] DE | 234ms
2026-02-17 02:20:11 [INFO]    [PING OK] DE | 811ms
2026-02-17 02:20:12 [INFO]    [PING OK] DE | 2155ms
2026-02-17 02:20:16 [INFO]    [PING OK] FR | 199ms
2026-02-17 02:20:17 [INFO]    [PING OK] DE | 175ms
2026-02-17 02:20:17 [INFO]    [PING OK] DE | 663ms
2026-02-17 02:20:18 [INFO]    [PING OK] DE | 155ms
2026-02-17 02:20:18 [INFO]    [PING OK] DE | 280ms
2026-02-17 02:20:18 [INFO]    [PING OK] DE | 168ms
2026-02-17 02:20:19 [INFO]    [PING OK] NL | 166ms
2026-02-17 02:20:19 [INFO]    [PING OK] RU | 175ms
2026-02-17 02:20:20 [INFO]    [PING OK] DE | 133ms
2026-02-17 02:20:20 [INFO]    [PING OK] US | 163ms
2026-02-17 02:20:20 [INFO]    [PING OK] DE | 183ms
2026-02-17 02:20:20 [INFO]    [PING OK] RU | 70ms
2026-02-17 02:20:20 [INFO]    [PING OK] RU | 300ms
2026-02-17 02:20:20 [INFO]    [PING OK] RU | 194ms
2026-02-17 02:20:20 [INFO]    [PING OK] RU | 82ms
2026-02-17 02:20:21 [INFO]    [PING OK] RU | 296ms
2026-02-17 02:20:21 [INFO]    [PING OK] PL | 168ms
2026-02-17 02:20:21 [INFO]    [PING OK] RU | 57ms
2026-02-17 02:20:21 [INFO]    [PING OK] RU | 79ms
2026-02-17 02:20:21 [INFO]    [PING OK] RU | 70ms
2026-02-17 02:20:21 [INFO]    [PING OK] RU | 226ms
2026-02-17 02:20:21 [INFO]    [PING OK] RU | 307ms
2026-02-17 02:20:22 [INFO]    [PING OK] HU | 364ms
2026-02-17 02:20:22 [INFO]    [PING OK] RU | 277ms
2026-02-17 02:20:22 [INFO]    [PING OK] RU | 205ms
2026-02-17 02:20:22 [INFO]    [PING OK] RU | 226ms
2026-02-17 02:20:22 [INFO]    [PING OK] RU | 50ms
2026-02-17 02:20:22 [INFO]    [PING OK] RU | 56ms
2026-02-17 02:20:22 [INFO]    [PING OK] RU | 74ms
2026-02-17 02:20:22 [INFO]    [PING OK] RU | 282ms
2026-02-17 02:20:23 [INFO]    [PING OK] RU | 87ms
2026-02-17 02:20:23 [INFO]    [PING OK] RU | 117ms
2026-02-17 02:20:23 [INFO]    [PING OK] RU | 169ms
2026-02-17 02:20:23 [INFO]    [PING OK] RU | 51ms
2026-02-17 02:20:23 [INFO]    [PING OK] RU | 1294ms
2026-02-17 02:20:23 [INFO]    [PING OK] PL | 150ms
2026-02-17 02:20:24 [INFO]    [PING OK] NL | 157ms
2026-02-17 02:20:24 [INFO]    [PING OK] RU | 214ms
2026-02-17 02:20:24 [INFO]    [PING OK] RU | 186ms
2026-02-17 02:20:24 [INFO]    [PING OK] RU | 108ms
2026-02-17 02:20:24 [INFO]    [PING OK] RU | 193ms
2026-02-17 02:20:24 [INFO]    [PING OK] RU | 204ms
2026-02-17 02:20:24 [INFO]    [PING OK] RU | 251ms
2026-02-17 02:20:24 [INFO]    [PING OK] RU | 75ms
2026-02-17 02:20:24 [INFO]    [PING OK] HU | 344ms
2026-02-17 02:20:24 [INFO]    [PING OK] RU | 1194ms
2026-02-17 02:20:25 [INFO]    [PING OK] DE | 160ms
2026-02-17 02:20:25 [INFO]    [PING OK] RU | 90ms
2026-02-17 02:20:25 [INFO]    [PING OK] RU | 2107ms
2026-02-17 02:20:25 [INFO]    [PING OK] RU | 790ms
2026-02-17 02:20:25 [INFO]    [PING OK] RU | 238ms
2026-02-17 02:20:25 [INFO]    [PING OK] RU | 446ms
2026-02-17 02:20:25 [INFO]    [PING OK] RU | 226ms
2026-02-17 02:20:25 [INFO]    [PING OK] RU | 85ms
2026-02-17 02:20:25 [INFO]    [PING OK] RU | 624ms
2026-02-17 02:20:25 [INFO]    [PING OK] RU | 334ms
2026-02-17 02:20:26 [INFO]    [PING OK] EE | 409ms
2026-02-17 02:20:26 [INFO]    [PING OK] RU | 176ms
2026-02-17 02:20:26 [INFO]    [PING OK] RU | 398ms
2026-02-17 02:20:26 [INFO]    [PING OK] RU | 233ms
2026-02-17 02:20:26 [INFO]    [PING OK] RU | 221ms
2026-02-17 02:20:26 [INFO]    [PING OK] RU | 120ms
2026-02-17 02:20:26 [INFO]    [PING OK] RU | 250ms
2026-02-17 02:20:26 [INFO]    [PING OK] RU | 241ms
2026-02-17 02:20:26 [INFO]    [PING OK] RU | 245ms
2026-02-17 02:20:26 [INFO]    [PING OK] RU | 102ms
2026-02-17 02:20:26 [INFO]    [PING OK] RU | 575ms
2026-02-17 02:20:27 [INFO]    [PING OK] RU | 222ms
2026-02-17 02:20:27 [INFO]    [PING OK] RU | 230ms
2026-02-17 02:20:27 [INFO]    [PING OK] RU | 64ms
2026-02-17 02:20:27 [INFO]    [PING OK] RU | 264ms
2026-02-17 02:20:27 [INFO]    [PING OK] RU | 225ms
2026-02-17 02:20:27 [INFO]    [PING OK] PL | 146ms
2026-02-17 02:20:27 [INFO]    [PING OK] HU | 350ms
2026-02-17 02:20:27 [INFO]    [PING OK] GB | 284ms
2026-02-17 02:20:27 [INFO]    [PING OK] RU | 210ms
2026-02-17 02:20:27 [INFO]    [PING OK] RU | 66ms
2026-02-17 02:20:27 [INFO]    [PING OK] RU | 151ms
2026-02-17 02:20:27 [INFO]    [PING OK] RU | 246ms
2026-02-17 02:20:27 [INFO]    [PING OK] RU | 150ms
2026-02-17 02:20:27 [INFO]    [PING OK] RU | 320ms
2026-02-17 02:20:27 [INFO]    [PING OK] RU | 282ms
2026-02-17 02:20:28 [INFO]    [PING OK] RU | 186ms
2026-02-17 02:20:28 [INFO]    [PING OK] RU | 48ms
2026-02-17 02:20:28 [INFO]    [PING OK] RU | 214ms
2026-02-17 02:20:28 [INFO]    [PING OK] RU | 295ms
2026-02-17 02:20:28 [INFO]    [PING OK] GB | 268ms
2026-02-17 02:20:28 [INFO]    [PING OK] RU | 265ms
2026-02-17 02:20:28 [INFO]    [PING OK] RU | 302ms
2026-02-17 02:20:28 [INFO]    [PING OK] RU | 246ms
2026-02-17 02:20:28 [INFO]    [PING OK] RU | 198ms
2026-02-17 02:20:28 [INFO]    [PING OK] RU | 300ms
2026-02-17 02:20:28 [INFO]    [PING OK] NL | 187ms
2026-02-17 02:20:28 [INFO]    [PING OK] RU | 133ms
2026-02-17 02:20:28 [INFO]    [PING OK] GB | 248ms
2026-02-17 02:20:28 [INFO]    [PING OK] NL | 1142ms
2026-02-17 02:20:28 [INFO]    [PING OK] RU | 75ms
2026-02-17 02:20:28 [INFO]    [PING OK] RU | 236ms
2026-02-17 02:20:29 [INFO]    [PING OK] RU | 1287ms
2026-02-17 02:20:29 [INFO]    [PING OK] RU | 254ms
2026-02-17 02:20:29 [INFO]    [PING OK] RU | 210ms
2026-02-17 02:20:29 [INFO]    [PING OK] RU | 308ms
2026-02-17 02:20:29 [INFO]    [PING OK] RU | 246ms
2026-02-17 02:20:29 [INFO]    [PING OK] RU | 276ms
2026-02-17 02:20:29 [INFO]    [PING OK] RU | 990ms
2026-02-17 02:20:29 [INFO]    [PING OK] SE | 191ms
2026-02-17 02:20:30 [INFO]    [PING OK] US | 453ms
2026-02-17 02:20:34 [INFO]    [PING OK] CY | 185ms
2026-02-17 02:20:36 [INFO]    [PING OK] DE | 152ms
2026-02-17 02:20:36 [INFO]    [PING OK] FR | 1156ms
2026-02-17 02:20:40 [INFO]    [PING OK] FI | 123ms
2026-02-17 02:20:40 [INFO]    [PING OK] LT | 147ms
2026-02-17 02:20:41 [INFO]    [PING OK] DE | 145ms
2026-02-17 02:20:42 [INFO]    [PING OK] NL | 194ms
2026-02-17 02:20:43 [INFO]    [PING OK] RU | 145ms
2026-02-17 02:20:46 [INFO]    [PING OK] US | 522ms
2026-02-17 02:20:47 [INFO]    [PING OK] PL | 103ms
2026-02-17 02:20:48 [INFO]    [PING OK] US | 546ms
2026-02-17 02:20:48 [INFO]    [PING OK] LT | 150ms
2026-02-17 02:20:50 [INFO]    [PING OK] LT | 127ms
2026-02-17 02:20:53 [INFO]    [PING OK] NL | 199ms
2026-02-17 02:20:56 [INFO]    [PING OK] FI | 243ms
2026-02-17 02:20:57 [INFO]    [PING OK] PL | 612ms
2026-02-17 02:20:58 [INFO]    [PING OK] TR | 275ms
2026-02-17 02:20:59 [INFO]    [PING OK] DE | 263ms
2026-02-17 02:20:59 [INFO]    [PING OK] NL | 158ms
2026-02-17 02:20:59 [INFO]    [PING OK] US | 638ms
2026-02-17 02:21:00 [INFO]    [PING OK] FR | 187ms
2026-02-17 02:21:02 [INFO]    [PING OK] AT | 206ms
2026-02-17 02:21:06 [INFO]    [PING OK] DE | 194ms
2026-02-17 02:21:07 [INFO]    [PING OK] PL | 293ms
2026-02-17 02:21:08 [INFO]    [PING OK] BG | 234ms
2026-02-17 02:21:09 [INFO]    [PING OK] US | 277ms
2026-02-17 02:21:09 [INFO]    [PING OK] US | 582ms
2026-02-17 02:21:09 [INFO]    [PING OK] RU | 212ms
2026-02-17 02:21:10 [INFO]    [PING OK] RU | 291ms
2026-02-17 02:21:11 [INFO]    [PING OK] PL | 760ms
2026-02-17 02:21:14 [INFO]    [PING OK] GR | 126ms
2026-02-17 02:21:17 [INFO]    [PING OK] FR | 239ms
2026-02-17 02:21:17 [INFO]    [PING OK] NL | 483ms
2026-02-17 02:21:17 [INFO]    [PING OK] NL | 158ms
2026-02-17 02:21:19 [INFO]    [PING OK] DE | 485ms
2026-02-17 02:21:20 [INFO]    [PING OK] RU | 145ms
2026-02-17 02:21:20 [INFO]    [PING OK] FR | 535ms
2026-02-17 02:21:21 [INFO]    [PING OK] PL | 90ms
2026-02-17 02:21:22 [INFO]    [PING OK] FR | 176ms
2026-02-17 02:21:23 [INFO]    [PING OK] US | 1496ms
2026-02-17 02:21:23 [INFO]    [PING OK] EE | 293ms
2026-02-17 02:21:27 [INFO]    [PING OK] RU | 255ms
2026-02-17 02:21:27 [INFO]    [PING OK] DE | 153ms
2026-02-17 02:21:27 [INFO]    [PING OK] PL | 302ms
2026-02-17 02:21:28 [INFO]    [PING OK] LV | 342ms
2026-02-17 02:21:28 [INFO]    [PING OK] LV | 198ms
2026-02-17 02:21:29 [INFO]    [PING OK] MD | 1151ms
2026-02-17 02:21:32 [INFO] 🏎️ ЭТАП 2: Глубокий замер скорости для ТОП-10 серверов...
2026-02-17 02:21:36 [INFO]    🏆 PL | Пинг: 90ms | Скорость: 8.43 Mbps ⚡⚡
2026-02-17 02:21:36 [INFO]    🏆 PL | Пинг: 103ms | Скорость: 8.49 Mbps ⚡⚡
2026-02-17 02:21:36 [INFO]    🏆 FI | Пинг: 123ms | Скорость: 8.4 Mbps ⚡⚡
2026-02-17 02:21:36 [INFO]    🏆 GR | Пинг: 126ms | Скорость: 8.52 Mbps ⚡⚡
2026-02-17 02:21:36 [INFO]    🏆 LT | Пинг: 127ms | Скорость: 8.57 Mbps ⚡⚡
2026-02-17 02:21:36 [INFO]    🏆 DE | Пинг: 133ms | Скорость: 8.54 Mbps ⚡⚡
2026-02-17 02:21:36 [INFO]    🏆 DE | Пинг: 145ms | Скорость: 6.28 Mbps ⚡⚡
2026-02-17 02:21:36 [INFO]    🏆 PL | Пинг: 146ms | Скорость: 8.77 Mbps ⚡⚡
2026-02-17 02:21:36 [INFO]    🏆 LT | Пинг: 147ms | Скорость: 8.71 Mbps ⚡⚡
2026-02-17 02:21:36 [INFO]    🏆 RU | Пинг: 48ms | Скорость: 8.95 Mbps ⚡⚡
2026-02-17 02:21:36 [INFO] 🇷🇺 Добавлен RU сервер: 85.192.32.30
2026-02-17 02:21:36 [INFO] 📊 Итого в подписке сохранено: 10 серверов
2026-02-17 02:21:36 [INFO] 💾 Файл успешно сохранен: FL1PVPN
