2026-02-25 09:10:06 [INFO] 🚀 START: Smart Selector (Target: 10, ONLY FOREIGN)
2026-02-25 09:10:06 [INFO] 🌐 Загрузка источников (VLESS + VMess)...
2026-02-25 09:10:07 [INFO] 🔍 Уникальных конфигов собрано: 168
2026-02-25 09:10:07 [INFO] ⚡ ЭТАП 1: Замер Пинга и Геолокации. Workers: 40...
2026-02-25 09:10:12 [INFO]    [PING OK] FI | VLESS | 4789ms
2026-02-25 09:10:12 [INFO]    [PING OK] NL | VLESS | 4534ms
2026-02-25 09:10:13 [INFO]    [PING OK] NL | VLESS | 4665ms
2026-02-25 09:10:13 [INFO]    [PING OK] NL | VLESS | 4580ms
2026-02-25 09:10:13 [INFO]    [PING OK] FI | VLESS | 4877ms
2026-02-25 09:10:13 [INFO]    [PING OK] FI | VLESS | 4924ms
2026-02-25 09:10:13 [INFO]    [PING OK] FI | VLESS | 4959ms
2026-02-25 09:10:13 [INFO]    [PING OK] NL | VLESS | 5220ms
2026-02-25 09:10:13 [INFO]    [PING OK] DE | VLESS | 4068ms
2026-02-25 09:10:13 [INFO]    [PING OK] DE | VLESS | 5083ms
2026-02-25 09:10:13 [INFO]    [PING OK] FI | VLESS | 4356ms
2026-02-25 09:10:13 [INFO]    [PING OK] DE | VLESS | 4136ms
2026-02-25 09:10:14 [INFO]    [PING OK] DE | VLESS | 4349ms
2026-02-25 09:10:14 [INFO]    [PING OK] DE | VLESS | 6170ms
2026-02-25 09:10:15 [INFO]    [PING OK] NL | VLESS | 3319ms
2026-02-25 09:10:15 [INFO]    [PING OK] FI | VLESS | 3269ms
2026-02-25 09:10:16 [INFO]    [PING OK] NL | VLESS | 7444ms
2026-02-25 09:10:17 [INFO]    [PING OK] FI | VLESS | 3831ms
2026-02-25 09:10:17 [INFO]    [PING OK] FI | VLESS | 8468ms
2026-02-25 09:10:17 [INFO]    [PING OK] FI | VLESS | 3954ms
2026-02-25 09:10:18 [INFO]    [PING OK] US | VLESS | 4037ms
2026-02-25 09:10:18 [INFO]    [PING OK] FI | VLESS | 4288ms
2026-02-25 09:10:19 [INFO]    [PING OK] NL | VLESS | 4275ms
2026-02-25 09:10:19 [INFO]    [PING OK] CA | VLESS | 4141ms
2026-02-25 09:10:19 [INFO]    [PING OK] DE | VLESS | 4611ms
2026-02-25 09:10:19 [INFO]    [PING OK] KZ | VLESS | 4495ms
2026-02-25 09:10:20 [INFO]    [PING OK] DE | VLESS | 6255ms
2026-02-25 09:10:20 [INFO]    [PING OK] GB | VLESS | 4636ms
2026-02-25 09:10:20 [INFO]    [PING OK] CA | VLESS | 5011ms
2026-02-25 09:10:21 [INFO]    [PING OK] NL | VLESS | 6055ms
2026-02-25 09:10:21 [INFO]    [PING OK] FR | VLESS | 4902ms
2026-02-25 09:10:21 [INFO]    [PING OK] DE | VLESS | 4898ms
2026-02-25 09:10:21 [INFO]    [PING OK] DE | VLESS | 7241ms
2026-02-25 09:10:22 [INFO]    [PING OK] DE | VLESS | 7278ms
2026-02-25 09:10:22 [INFO]    [PING OK] SG | VLESS | 7155ms
2026-02-25 09:10:22 [INFO]    [PING OK] NL | VLESS | 5065ms
2026-02-25 09:10:23 [INFO]    [PING OK] CA | VLESS | 5356ms
2026-02-25 09:10:24 [INFO]    [PING OK] US | VLESS | 4987ms
2026-02-25 09:10:24 [INFO]    [PING OK] DE | VLESS | 5245ms
2026-02-25 09:10:24 [INFO]    [PING OK] DE | VLESS | 4840ms
2026-02-25 09:10:24 [INFO]    [PING OK] LV | VLESS | 4364ms
2026-02-25 09:10:24 [INFO]    [PING OK] NL | VLESS | 4384ms
2026-02-25 09:10:24 [INFO]    [PING OK] US | VLESS | 4229ms
2026-02-25 09:10:25 [INFO]    [PING OK] CA | VLESS | 4632ms
2026-02-25 09:10:25 [INFO]    [PING OK] SG | VLESS | 9046ms
2026-02-25 09:10:25 [INFO]    [PING OK] NL | VLESS | 4113ms
2026-02-25 09:10:25 [INFO]    [PING OK] CA | VLESS | 6784ms
2026-02-25 09:10:25 [INFO]    [PING OK] GB | VLESS | 3690ms
2026-02-25 09:10:25 [INFO]    [PING OK] CA | VLESS | 4770ms
2026-02-25 09:10:25 [INFO]    [PING OK] CA | VLESS | 4168ms
2026-02-25 09:10:25 [INFO]    [PING OK] CA | VLESS | 3836ms
2026-02-25 09:10:25 [INFO]    [PING OK] CA | VLESS | 4139ms
2026-02-25 09:10:25 [INFO]    [PING OK] DE | VLESS | 2871ms
2026-02-25 09:10:25 [INFO]    [PING OK] LV | VLESS | 1755ms
2026-02-25 09:10:25 [INFO]    [PING OK] SE | VLESS | 1397ms
2026-02-25 09:10:26 [INFO]    [PING OK] SG | VLESS | 1951ms
2026-02-25 09:10:26 [INFO]    [PING OK] TW | VLESS | 3112ms
2026-02-25 09:10:26 [INFO]    [PING OK] US | VLESS | 2563ms
2026-02-25 09:10:27 [INFO]    [PING OK] CA | VLESS | 2915ms
2026-02-25 09:10:27 [INFO]    [PING OK] SG | VLESS | 3427ms
2026-02-25 09:10:28 [INFO]    [PING OK] US | VLESS | 7435ms
2026-02-25 09:10:30 [INFO] 🏎️ ЭТАП 2: Глубокий замер скорости для 40 иностранных кандидатов...
2026-02-25 09:10:35 [INFO]    🏆 LV | VLESS | Пинг: 1755ms | Скорость: 5.7 Mbps ⚡⚡
2026-02-25 09:10:35 [INFO]    🏆 DE | VLESS | Пинг: 2871ms | Скорость: 5.65 Mbps ⚡⚡
2026-02-25 09:10:35 [INFO]    🏆 GB | VLESS | Пинг: 3690ms | Скорость: 5.74 Mbps ⚡⚡
2026-02-25 09:10:35 [INFO]    🏆 SE | VLESS | Пинг: 1397ms | Скорость: 5.1 Mbps ⚡⚡
2026-02-25 09:10:35 [INFO]    🏆 FI | VLESS | Пинг: 3269ms | Скорость: 5.32 Mbps ⚡⚡
2026-02-25 09:10:35 [INFO]    🏆 SG | VLESS | Пинг: 1951ms | Скорость: 5.08 Mbps ⚡⚡
2026-02-25 09:10:35 [INFO]    🏆 FI | VLESS | Пинг: 3954ms | Скорость: 5.37 Mbps ⚡⚡
2026-02-25 09:10:35 [INFO]    🏆 US | VLESS | Пинг: 4037ms | Скорость: 5.31 Mbps ⚡⚡
2026-02-25 09:10:37 [INFO]    🏆 TW | VLESS | Пинг: 3112ms | Скорость: 3.54 Mbps ⚡⚡
2026-02-25 09:10:37 [INFO]    🏆 SG | VLESS | Пинг: 3427ms | Скорость: 0.8 Mbps 
2026-02-25 09:10:37 [INFO]    🏆 NL | VLESS | Пинг: 3319ms | Скорость: 1.73 Mbps ⚡
2026-02-25 09:10:37 [INFO]    🏆 DE | VLESS | Пинг: 4068ms | Скорость: 10.55 Mbps ⚡⚡
2026-02-25 09:10:37 [INFO]    🏆 CA | VLESS | Пинг: 3836ms | Скорость: 1.23 Mbps 
2026-02-25 09:10:39 [INFO]    🏆 DE | VLESS | Пинг: 4136ms | Скорость: 6.19 Mbps ⚡⚡
2026-02-25 09:10:39 [INFO]    🏆 US | VLESS | Пинг: 4229ms | Скорость: 6.38 Mbps ⚡⚡
2026-02-25 09:10:39 [INFO]    🏆 LV | VLESS | Пинг: 4364ms | Скорость: 12.51 Mbps ⚡⚡
2026-02-25 09:10:41 [INFO]    🏆 NL | VLESS | Пинг: 4534ms | Скорость: 6.66 Mbps ⚡⚡
2026-02-25 09:10:41 [INFO]    🏆 NL | VLESS | Пинг: 4384ms | Скорость: 6.36 Mbps ⚡⚡
2026-02-25 09:10:41 [INFO]    🏆 DE | VLESS | Пинг: 4349ms | Скорость: 3.8 Mbps ⚡⚡
2026-02-25 09:10:41 [INFO]    🏆 KZ | VLESS | Пинг: 4495ms | Скорость: 5.75 Mbps ⚡⚡
2026-02-25 09:10:42 [INFO]    🏆 DE | VLESS | Пинг: 4611ms | Скорость: 6.63 Mbps ⚡⚡
2026-02-25 09:10:42 [INFO]    🏆 NL | VLESS | Пинг: 4580ms | Скорость: 5.58 Mbps ⚡⚡
2026-02-25 09:10:42 [INFO]    🏆 NL | VLESS | Пинг: 4665ms | Скорость: 7.35 Mbps ⚡⚡
2026-02-25 09:10:43 [INFO]    🏆 DE | VLESS | Пинг: 4840ms | Скорость: 7.76 Mbps ⚡⚡
2026-02-25 09:10:43 [INFO]    🏆 FI | VLESS | Пинг: 4789ms | Скорость: 7.53 Mbps ⚡⚡
2026-02-25 09:10:43 [INFO]    🏆 DE | VLESS | Пинг: 4898ms | Скорость: 7.84 Mbps ⚡⚡
2026-02-25 09:10:43 [INFO]    🏆 GB | VLESS | Пинг: 4636ms | Скорость: 5.94 Mbps ⚡⚡
2026-02-25 09:10:44 [INFO]    🏆 CA | VLESS | Пинг: 4770ms | Скорость: 4.92 Mbps ⚡⚡
2026-02-25 09:10:45 [INFO] 📊 Итого в подписке сохранено иностранных серверов: 10
2026-02-25 09:10:45 [INFO] 💾 Файл успешно сохранен: FL1PVPN
