2026-02-26 21:30:06 [INFO] 🚀 START: Smart Selector (Target: 10, ONLY FOREIGN)
2026-02-26 21:30:06 [INFO] 🌐 Загрузка источников (VLESS + VMess)...
2026-02-26 21:30:07 [INFO] 🔍 Уникальных конфигов собрано: 221
2026-02-26 21:30:07 [INFO] ⚡ ЭТАП 1: Замер Пинга и Геолокации. Workers: 40...
2026-02-26 21:30:12 [INFO]    [PING OK] DE | VLESS | 3941ms
2026-02-26 21:30:12 [INFO]    [PING OK] DE | VLESS | 4383ms
2026-02-26 21:30:13 [INFO]    [PING OK] DE | VLESS | 3990ms
2026-02-26 21:30:13 [INFO]    [PING OK] DE | VLESS | 4087ms
2026-02-26 21:30:13 [INFO]    [PING OK] US | VLESS | 4158ms
2026-02-26 21:30:13 [INFO]    [PING OK] US | VLESS | 4395ms
2026-02-26 21:30:13 [INFO]    [PING OK] DE | VLESS | 3484ms
2026-02-26 21:30:13 [INFO]    [PING OK] NL | VLESS | 3961ms
2026-02-26 21:30:13 [INFO]    [PING OK] FR | VLESS | 5127ms
2026-02-26 21:30:13 [INFO]    [PING OK] DE | VLESS | 3454ms
2026-02-26 21:30:14 [INFO]    [PING OK] NL | VLESS | 3350ms
2026-02-26 21:30:14 [INFO]    [PING OK] US | VLESS | 5107ms
2026-02-26 21:30:16 [INFO]    [PING OK] US | VLESS | 5027ms
2026-02-26 21:30:16 [INFO]    [PING OK] NL | VLESS | 3906ms
2026-02-26 21:30:17 [INFO]    [PING OK] FI | VLESS | 4063ms
2026-02-26 21:30:17 [INFO]    [PING OK] SE | VLESS | 4071ms
2026-02-26 21:30:17 [INFO]    [PING OK] DE | VLESS | 4175ms
2026-02-26 21:30:17 [INFO]    [PING OK] FI | VLESS | 3982ms
2026-02-26 21:30:18 [INFO]    [PING OK] FI | VLESS | 3946ms
2026-02-26 21:30:18 [INFO]    [PING OK] US | VLESS | 4148ms
2026-02-26 21:30:18 [INFO]    [PING OK] FR | VLESS | 4372ms
2026-02-26 21:30:18 [INFO]    [PING OK] DE | VLESS | 3997ms
2026-02-26 21:30:18 [INFO]    [PING OK] FR | VLESS | 4003ms
2026-02-26 21:30:18 [INFO]    [PING OK] DE | VLESS | 3950ms
2026-02-26 21:30:18 [INFO]    [PING OK] DE | VLESS | 5103ms
2026-02-26 21:30:19 [INFO]    [PING OK] US | VLESS | 3956ms
2026-02-26 21:30:19 [INFO]    [PING OK] DE | VLESS | 5637ms
2026-02-26 21:30:19 [INFO]    [PING OK] NL | VLESS | 4008ms
2026-02-26 21:30:20 [INFO]    [PING OK] DE | VLESS | 3857ms
2026-02-26 21:30:21 [INFO]    [PING OK] DE | VLESS | 4019ms
2026-02-26 21:30:21 [INFO]    [PING OK] NL | VLESS | 7457ms
2026-02-26 21:30:22 [INFO]    [PING OK] DE | VLESS | 4165ms
2026-02-26 21:30:22 [INFO]    [PING OK] FI | VLESS | 3874ms
2026-02-26 21:30:22 [INFO]    [PING OK] DE | VLESS | 4717ms
2026-02-26 21:30:23 [INFO]    [PING OK] DE | VLESS | 3957ms
2026-02-26 21:30:23 [INFO]    [PING OK] NL | VLESS | 4061ms
2026-02-26 21:30:23 [INFO]    [PING OK] DE | VLESS | 4281ms
2026-02-26 21:30:23 [INFO]    [PING OK] DE | VLESS | 3616ms
2026-02-26 21:30:24 [INFO]    [PING OK] DE | VLESS | 3579ms
2026-02-26 21:30:25 [INFO]    [PING OK] US | VLESS | 3831ms
2026-02-26 21:30:26 [INFO]    [PING OK] DE | VLESS | 4107ms
2026-02-26 21:30:27 [INFO]    [PING OK] DE | VLESS | 4052ms
2026-02-26 21:30:27 [INFO]    [PING OK] DE | VLESS | 4294ms
2026-02-26 21:30:27 [INFO]    [PING OK] ES | VLESS | 4227ms
2026-02-26 21:30:28 [INFO]    [PING OK] DE | VLESS | 4577ms
2026-02-26 21:30:28 [INFO]    [PING OK] NL | VLESS | 4662ms
2026-02-26 21:30:28 [INFO]    [PING OK] DE | VLESS | 4455ms
2026-02-26 21:30:28 [INFO]    [PING OK] SG | VLESS | 4535ms
2026-02-26 21:30:29 [INFO]    [PING OK] LT | VLESS | 10640ms
2026-02-26 21:30:29 [INFO]    [PING OK] DE | VLESS | 4004ms
2026-02-26 21:30:29 [INFO]    [PING OK] LV | VLESS | 6403ms
2026-02-26 21:30:30 [INFO]    [PING OK] TR | VLESS | 3051ms
2026-02-26 21:30:30 [INFO]    [PING OK] TW | VLESS | 3332ms
2026-02-26 21:30:35 [INFO] 🏎️ ЭТАП 2: Глубокий замер скорости для 40 иностранных кандидатов...
2026-02-26 21:30:39 [INFO]    🏆 NL | VLESS | Пинг: 3906ms | Скорость: 5.46 Mbps ⚡⚡
2026-02-26 21:30:39 [INFO]    🏆 DE | VLESS | Пинг: 3941ms | Скорость: 5.47 Mbps ⚡⚡
2026-02-26 21:30:39 [INFO]    🏆 DE | VLESS | Пинг: 3484ms | Скорость: 5.23 Mbps ⚡⚡
2026-02-26 21:30:39 [INFO]    🏆 DE | VLESS | Пинг: 3454ms | Скорость: 5.29 Mbps ⚡⚡
2026-02-26 21:30:39 [INFO]    🏆 NL | VLESS | Пинг: 3350ms | Скорость: 5.14 Mbps ⚡⚡
2026-02-26 21:30:39 [INFO]    🏆 DE | VLESS | Пинг: 3579ms | Скорость: 5.16 Mbps ⚡⚡
2026-02-26 21:30:39 [INFO]    🏆 US | VLESS | Пинг: 3956ms | Скорость: 5.35 Mbps ⚡⚡
2026-02-26 21:30:39 [INFO]    🏆 US | VLESS | Пинг: 3831ms | Скорость: 5.05 Mbps ⚡⚡
2026-02-26 21:30:40 [INFO]    🏆 DE | VLESS | Пинг: 3857ms | Скорость: 5.07 Mbps ⚡⚡
2026-02-26 21:30:40 [INFO]    🏆 DE | VLESS | Пинг: 3616ms | Скорость: 4.81 Mbps ⚡⚡
2026-02-26 21:30:40 [INFO]    🏆 DE | VLESS | Пинг: 3950ms | Скорость: 4.82 Mbps ⚡⚡
2026-02-26 21:30:40 [INFO]    🏆 TR | VLESS | Пинг: 3051ms | Скорость: 4.15 Mbps ⚡⚡
2026-02-26 21:30:41 [INFO]    🏆 TW | VLESS | Пинг: 3332ms | Скорость: 0.96 Mbps 
2026-02-26 21:30:42 [INFO]    🏆 FI | VLESS | Пинг: 3946ms | Скорость: 2.64 Mbps ⚡
2026-02-26 21:30:44 [INFO]    🏆 DE | VLESS | Пинг: 4004ms | Скорость: 5.54 Mbps ⚡⚡
2026-02-26 21:30:44 [INFO]    🏆 DE | VLESS | Пинг: 3997ms | Скорость: 5.4 Mbps ⚡⚡
2026-02-26 21:30:44 [INFO]    🏆 DE | VLESS | Пинг: 3990ms | Скорость: 5.26 Mbps ⚡⚡
2026-02-26 21:30:44 [INFO]    🏆 SE | VLESS | Пинг: 4071ms | Скорость: 6.9 Mbps ⚡⚡
2026-02-26 21:30:44 [INFO]    🏆 NL | VLESS | Пинг: 4008ms | Скорость: 5.45 Mbps ⚡⚡
2026-02-26 21:30:44 [INFO]    🏆 DE | VLESS | Пинг: 4019ms | Скорость: 5.62 Mbps ⚡⚡
2026-02-26 21:30:44 [INFO]    🏆 NL | VLESS | Пинг: 4061ms | Скорость: 5.79 Mbps ⚡⚡
2026-02-26 21:30:44 [INFO]    🏆 FI | VLESS | Пинг: 4063ms | Скорость: 5.86 Mbps ⚡⚡
2026-02-26 21:30:44 [INFO]    🏆 FI | VLESS | Пинг: 3982ms | Скорость: 5.17 Mbps ⚡⚡
2026-02-26 21:30:44 [INFO]    🏆 NL | VLESS | Пинг: 3961ms | Скорость: 4.99 Mbps ⚡⚡
2026-02-26 21:30:46 [INFO]    🏆 FR | VLESS | Пинг: 4003ms | Скорость: 3.68 Mbps ⚡⚡
2026-02-26 21:30:46 [INFO]    🏆 DE | VLESS | Пинг: 4087ms | Скорость: 5.33 Mbps ⚡⚡
2026-02-26 21:30:46 [INFO]    🏆 DE | VLESS | Пинг: 4107ms | Скорость: 5.7 Mbps ⚡⚡
2026-02-26 21:30:46 [INFO]    🏆 DE | VLESS | Пинг: 4052ms | Скорость: 1.78 Mbps ⚡
2026-02-26 21:30:47 [INFO]    🏆 DE | VLESS | Пинг: 4383ms | Скорость: 8.52 Mbps ⚡⚡
2026-02-26 21:30:47 [INFO]    🏆 DE | VLESS | Пинг: 4175ms | Скорость: 7.45 Mbps ⚡⚡
2026-02-26 21:30:47 [INFO]    🏆 DE | VLESS | Пинг: 4281ms | Скорость: 7.45 Mbps ⚡⚡
2026-02-26 21:30:47 [INFO]    🏆 DE | VLESS | Пинг: 4165ms | Скорость: 7.25 Mbps ⚡⚡
2026-02-26 21:30:47 [INFO]    🏆 ES | VLESS | Пинг: 4227ms | Скорость: 7.26 Mbps ⚡⚡
2026-02-26 21:30:47 [INFO]    🏆 US | VLESS | Пинг: 4148ms | Скорость: 6.66 Mbps ⚡⚡
2026-02-26 21:30:48 [INFO]    🏆 US | VLESS | Пинг: 4395ms | Скорость: 7.18 Mbps ⚡⚡
2026-02-26 21:30:49 [INFO]    🏆 US | VLESS | Пинг: 4158ms | Скорость: 4.7 Mbps ⚡⚡
2026-02-26 21:30:50 [INFO]    🏆 FR | VLESS | Пинг: 4372ms | Скорость: 3.52 Mbps ⚡⚡
2026-02-26 21:30:50 [INFO] 📊 Итого в подписке сохранено иностранных серверов: 10
2026-02-26 21:30:50 [INFO] 💾 Файл успешно сохранен: FL1PVPN
