2026-02-15 09:27:46 [INFO] 🚀 START: Smart VLESS Selector (Target: 10, Strict Mode)
2026-02-15 09:27:46 [INFO] 🌐 Загрузка источников...
2026-02-15 09:27:48 [INFO] 🔍 Уникальных конфигов собрано: 379
2026-02-15 09:27:48 [INFO] ⚡ ЭТАП 1: Быстрый замер Пинга (Workers: 25)...
2026-02-15 09:27:50 [INFO]    [PING OK] NL | 166ms
2026-02-15 09:27:50 [INFO]    [PING OK] DE | 237ms
2026-02-15 09:27:50 [INFO]    [PING OK] NL | 286ms
2026-02-15 09:27:50 [INFO]    [PING OK] NL | 694ms
2026-02-15 09:27:51 [INFO]    [PING OK] SG | 1566ms
2026-02-15 09:27:51 [INFO]    [PING OK] NL | 501ms
2026-02-15 09:27:51 [INFO]    [PING OK] DE | 180ms
2026-02-15 09:27:52 [INFO]    [PING OK] BE | 2450ms
2026-02-15 09:27:52 [INFO]    [PING OK] CH | 182ms
2026-02-15 09:27:53 [INFO]    [PING OK] EE | 412ms
2026-02-15 09:27:54 [INFO]    [PING OK] PL | 131ms
2026-02-15 09:27:55 [INFO]    [PING OK] PL | 213ms
2026-02-15 09:27:55 [INFO]    [PING OK] ZA | 417ms
2026-02-15 09:27:56 [INFO]    [PING OK] PL | 228ms
2026-02-15 09:27:57 [INFO]    [PING OK] RU | 3123ms
2026-02-15 09:27:57 [INFO]    [PING OK] US | 502ms
2026-02-15 09:27:57 [INFO]    [PING OK] DE | 149ms
2026-02-15 09:27:57 [INFO]    [PING OK] ES | 662ms
2026-02-15 09:27:59 [INFO]    [PING OK] EE | 141ms
2026-02-15 09:28:00 [INFO]    [PING OK] RU | 93ms
2026-02-15 09:28:00 [INFO]    [PING OK] RU | 319ms
2026-02-15 09:28:01 [INFO]    [PING OK] PL | 179ms
2026-02-15 09:28:01 [INFO]    [PING OK] PL | 181ms
2026-02-15 09:28:02 [INFO]    [PING OK] RU | 200ms
2026-02-15 09:28:02 [INFO]    [PING OK] RU | 1258ms
2026-02-15 09:28:02 [INFO]    [PING OK] RU | 102ms
2026-02-15 09:28:02 [INFO]    [PING OK] RU | 226ms
2026-02-15 09:28:03 [INFO]    [PING OK] RU | 757ms
2026-02-15 09:28:03 [INFO]    [PING OK] RU | 271ms
2026-02-15 09:28:03 [INFO]    [PING OK] RU | 604ms
2026-02-15 09:28:04 [INFO]    [PING OK] RU | 3704ms
2026-02-15 09:28:04 [INFO]    [PING OK] RU | 258ms
2026-02-15 09:28:04 [INFO]    [PING OK] RU | 122ms
2026-02-15 09:28:04 [INFO]    [PING OK] RU | 2950ms
2026-02-15 09:28:04 [INFO]    [PING OK] RU | 140ms
2026-02-15 09:28:05 [INFO]    [PING OK] RU | 75ms
2026-02-15 09:28:05 [INFO]    [PING OK] RU | 191ms
2026-02-15 09:28:05 [INFO]    [PING OK] GB | 2667ms
2026-02-15 09:28:05 [INFO]    [PING OK] RU | 4657ms
2026-02-15 09:28:05 [INFO]    [PING OK] RU | 331ms
2026-02-15 09:28:06 [INFO]    [PING OK] RU | 1919ms
2026-02-15 09:28:06 [INFO]    [PING OK] RU | 1635ms
2026-02-15 09:28:06 [INFO]    [PING OK] RU | 2983ms
2026-02-15 09:28:06 [INFO]    [PING OK] RU | 257ms
2026-02-15 09:28:06 [INFO]    [PING OK] RU | 58ms
2026-02-15 09:28:07 [INFO]    [PING OK] RU | 325ms
2026-02-15 09:28:07 [INFO]    [PING OK] RU | 479ms
2026-02-15 09:28:07 [INFO]    [PING OK] RU | 93ms
2026-02-15 09:28:07 [INFO]    [PING OK] RU | 377ms
2026-02-15 09:28:08 [INFO]    [PING OK] NL | 194ms
2026-02-15 09:28:08 [INFO]    [PING OK] RU | 285ms
2026-02-15 09:28:08 [INFO]    [PING OK] RU | 186ms
2026-02-15 09:28:08 [INFO]    [PING OK] RU | 648ms
2026-02-15 09:28:09 [INFO]    [PING OK] FI | 1107ms
2026-02-15 09:28:09 [INFO]    [PING OK] RU | 635ms
2026-02-15 09:28:09 [INFO]    [PING OK] RU | 624ms
2026-02-15 09:28:09 [INFO]    [PING OK] RU | 371ms
2026-02-15 09:28:09 [INFO]    [PING OK] RU | 929ms
2026-02-15 09:28:10 [INFO]    [PING OK] RU | 314ms
2026-02-15 09:28:10 [INFO]    [PING OK] HU | 334ms
2026-02-15 09:28:10 [INFO]    [PING OK] RU | 285ms
2026-02-15 09:28:10 [INFO]    [PING OK] RU | 2028ms
2026-02-15 09:28:10 [INFO]    [PING OK] RU | 256ms
2026-02-15 09:28:10 [INFO]    [PING OK] RU | 304ms
2026-02-15 09:28:10 [INFO]    [PING OK] FI | 967ms
2026-02-15 09:28:10 [INFO]    [PING OK] RU | 292ms
2026-02-15 09:28:10 [INFO]    [PING OK] RU | 734ms
2026-02-15 09:28:11 [INFO]    [PING OK] RU | 255ms
2026-02-15 09:28:11 [INFO]    [PING OK] RU | 2187ms
2026-02-15 09:28:11 [INFO]    [PING OK] RU | 5038ms
2026-02-15 09:28:11 [INFO]    [PING OK] RU | 211ms
2026-02-15 09:28:11 [INFO]    [PING OK] RU | 326ms
2026-02-15 09:28:11 [INFO]    [PING OK] RU | 548ms
2026-02-15 09:28:11 [INFO]    [PING OK] RU | 361ms
2026-02-15 09:28:11 [INFO]    [PING OK] RU | 4114ms
2026-02-15 09:28:11 [INFO]    [PING OK] RU | 590ms
2026-02-15 09:28:11 [INFO]    [PING OK] RU | 1085ms
2026-02-15 09:28:12 [INFO]    [PING OK] RU | 399ms
2026-02-15 09:28:12 [INFO]    [PING OK] RU | 2510ms
2026-02-15 09:28:12 [INFO]    [PING OK] RU | 701ms
2026-02-15 09:28:12 [INFO]    [PING OK] RU | 269ms
2026-02-15 09:28:12 [INFO]    [PING OK] RU | 482ms
2026-02-15 09:28:12 [INFO]    [PING OK] NL | 176ms
2026-02-15 09:28:13 [INFO]    [PING OK] DE | 499ms
2026-02-15 09:28:13 [INFO]    [PING OK] NL | 224ms
2026-02-15 09:28:13 [INFO]    [PING OK] RU | 1447ms
2026-02-15 09:28:13 [INFO]    [PING OK] RU | 2779ms
2026-02-15 09:28:14 [INFO]    [PING OK] RU | 2815ms
2026-02-15 09:28:14 [INFO]    [PING OK] JP | 440ms
2026-02-15 09:28:14 [INFO]    [PING OK] SC | 1103ms
2026-02-15 09:28:14 [INFO]    [PING OK] US | 522ms
2026-02-15 09:28:14 [INFO]    [PING OK] CY | 804ms
2026-02-15 09:28:15 [INFO]    [PING OK] DE | 126ms
2026-02-15 09:28:15 [INFO]    [PING OK] NL | 177ms
2026-02-15 09:28:15 [INFO]    [PING OK] NL | 375ms
2026-02-15 09:28:15 [INFO]    [PING OK] MD | 197ms
2026-02-15 09:28:16 [INFO]    [PING OK] FI | 1219ms
2026-02-15 09:28:16 [INFO]    [PING OK] NL | 122ms
2026-02-15 09:28:16 [INFO]    [PING OK] IQ | 226ms
2026-02-15 09:28:16 [INFO]    [PING OK] TR | 483ms
2026-02-15 09:28:16 [INFO]    [PING OK] TR | 462ms
2026-02-15 09:28:16 [INFO]    [PING OK] NL | 2138ms
2026-02-15 09:28:17 [INFO]    [PING OK] DE | 1018ms
2026-02-15 09:28:17 [INFO]    [PING OK] LV | 434ms
2026-02-15 09:28:17 [INFO]    [PING OK] GB | 284ms
2026-02-15 09:28:18 [INFO]    [PING OK] FI | 148ms
2026-02-15 09:28:18 [INFO]    [PING OK] NL | 215ms
2026-02-15 09:28:18 [INFO]    [PING OK] RU | 1555ms
2026-02-15 09:28:19 [INFO]    [PING OK] ES | 537ms
2026-02-15 09:28:22 [INFO]    [PING OK] NL | 4866ms
2026-02-15 09:28:24 [INFO] 🏎️ ЭТАП 2: Глубокий замер скорости для ТОП-10 серверов...
2026-02-15 09:28:27 [INFO]    🏆 NL | Пинг: 122ms | Скорость: 7.71 Mbps ⚡⚡
2026-02-15 09:28:27 [INFO]    🏆 DE | Пинг: 126ms | Скорость: 7.95 Mbps ⚡⚡
2026-02-15 09:28:27 [INFO]    🏆 PL | Пинг: 131ms | Скорость: 7.84 Mbps ⚡⚡
2026-02-15 09:28:27 [INFO]    🏆 EE | Пинг: 141ms | Скорость: 8.24 Mbps ⚡⚡
2026-02-15 09:28:27 [INFO]    🏆 FI | Пинг: 148ms | Скорость: 7.99 Mbps ⚡⚡
2026-02-15 09:28:27 [INFO]    🏆 DE | Пинг: 149ms | Скорость: 8.06 Mbps ⚡⚡
2026-02-15 09:28:27 [INFO]    🏆 NL | Пинг: 166ms | Скорость: 8.22 Mbps ⚡⚡
2026-02-15 09:28:27 [INFO]    🏆 NL | Пинг: 176ms | Скорость: 8.65 Mbps ⚡⚡
2026-02-15 09:28:27 [INFO]    🏆 NL | Пинг: 177ms | Скорость: 8.62 Mbps ⚡⚡
2026-02-15 09:28:27 [INFO]    🏆 RU | Пинг: 58ms | Скорость: 8.69 Mbps ⚡⚡
2026-02-15 09:28:27 [INFO] 🇷🇺 Добавлен RU сервер: 51.250.42.70
2026-02-15 09:28:27 [INFO] 📊 Итого в подписке сохранено: 10 серверов
2026-02-15 09:28:27 [INFO] 💾 Файл успешно сохранен: FL1PVPN
