2026-02-18 18:20:06 [INFO] 🚀 START: Smart VLESS Selector (Target: 10, Strict Mode)
2026-02-18 18:20:06 [INFO] 🌐 Загрузка источников...
2026-02-18 18:20:11 [INFO] 🔍 Уникальных конфигов собрано: 680
2026-02-18 18:20:11 [INFO] ⚡ ЭТАП 1: Быстрый замер Пинга (Workers: 25)...
2026-02-18 18:20:12 [INFO]    [PING OK] RU | 217ms
2026-02-18 18:20:12 [INFO]    [PING OK] LV | 181ms
2026-02-18 18:20:12 [INFO]    [PING OK] RU | 542ms
2026-02-18 18:20:13 [INFO]    [PING OK] IT | 561ms
2026-02-18 18:20:16 [INFO]    [PING OK] RU | 1359ms
2026-02-18 18:20:16 [INFO]    [PING OK] DE | 166ms
2026-02-18 18:20:16 [INFO]    [PING OK] RU | 3153ms
2026-02-18 18:20:16 [INFO]    [PING OK] IT | 535ms
2026-02-18 18:20:17 [INFO]    [PING OK] IT | 614ms
2026-02-18 18:20:18 [INFO]    [PING OK] DE | 3706ms
2026-02-18 18:20:19 [INFO]    [PING OK] RU | 71ms
2026-02-18 18:20:19 [INFO]    [PING OK] DE | 412ms
2026-02-18 18:20:19 [INFO]    [PING OK] RU | 356ms
2026-02-18 18:20:19 [INFO]    [PING OK] US | 1869ms
2026-02-18 18:20:20 [INFO]    [PING OK] TR | 298ms
2026-02-18 18:20:20 [INFO]    [PING OK] RU | 270ms
2026-02-18 18:20:20 [INFO]    [PING OK] RU | 282ms
2026-02-18 18:20:20 [INFO]    [PING OK] DE | 2738ms
2026-02-18 18:20:21 [INFO]    [PING OK] TR | 160ms
2026-02-18 18:20:22 [INFO]    [PING OK] RU | 165ms
2026-02-18 18:20:22 [INFO]    [PING OK] TR | 116ms
2026-02-18 18:20:23 [INFO]    [PING OK] RU | 798ms
2026-02-18 18:20:24 [INFO]    [PING OK] RU | 699ms
2026-02-18 18:20:24 [INFO]    [PING OK] RU | 322ms
2026-02-18 18:20:24 [INFO]    [PING OK] RU | 217ms
2026-02-18 18:20:24 [INFO]    [PING OK] RU | 238ms
2026-02-18 18:20:24 [INFO]    [PING OK] RU | 1687ms
2026-02-18 18:20:25 [INFO]    [PING OK] RU | 296ms
2026-02-18 18:20:26 [INFO]    [PING OK] RU | 71ms
2026-02-18 18:20:26 [INFO]    [PING OK] RU | 1329ms
2026-02-18 18:20:26 [INFO]    [PING OK] RU | 1535ms
2026-02-18 18:20:26 [INFO]    [PING OK] RU | 530ms
2026-02-18 18:20:26 [INFO]    [PING OK] RU | 429ms
2026-02-18 18:20:26 [INFO]    [PING OK] RU | 913ms
2026-02-18 18:20:26 [INFO]    [PING OK] RU | 237ms
2026-02-18 18:20:26 [INFO]    [PING OK] RU | 1871ms
2026-02-18 18:20:27 [INFO]    [PING OK] RU | 1325ms
2026-02-18 18:20:27 [INFO]    [PING OK] RU | 266ms
2026-02-18 18:20:27 [INFO]    [PING OK] RU | 910ms
2026-02-18 18:20:27 [INFO]    [PING OK] RU | 2652ms
2026-02-18 18:20:27 [INFO]    [PING OK] RU | 251ms
2026-02-18 18:20:27 [INFO]    [PING OK] RU | 2039ms
2026-02-18 18:20:27 [INFO]    [PING OK] RU | 503ms
2026-02-18 18:20:27 [INFO]    [PING OK] RU | 395ms
2026-02-18 18:20:27 [INFO]    [PING OK] RU | 2874ms
2026-02-18 18:20:27 [INFO]    [PING OK] RU | 1001ms
2026-02-18 18:20:28 [INFO]    [PING OK] NL | 484ms
2026-02-18 18:20:28 [INFO]    [PING OK] RU | 293ms
2026-02-18 18:20:28 [INFO]    [PING OK] RU | 839ms
2026-02-18 18:20:28 [INFO]    [PING OK] RU | 1636ms
2026-02-18 18:20:28 [INFO]    [PING OK] RU | 377ms
2026-02-18 18:20:28 [INFO]    [PING OK] RU | 1380ms
2026-02-18 18:20:28 [INFO]    [PING OK] RU | 976ms
2026-02-18 18:20:28 [INFO]    [PING OK] RU | 309ms
2026-02-18 18:20:28 [INFO]    [PING OK] RU | 291ms
2026-02-18 18:20:28 [INFO]    [PING OK] RU | 324ms
2026-02-18 18:20:28 [INFO]    [PING OK] RU | 861ms
2026-02-18 18:20:29 [INFO]    [PING OK] RU | 691ms
2026-02-18 18:20:29 [INFO]    [PING OK] RU | 326ms
2026-02-18 18:20:29 [INFO]    [PING OK] RU | 241ms
2026-02-18 18:20:29 [INFO]    [PING OK] RU | 390ms
2026-02-18 18:20:30 [INFO]    [PING OK] RU | 1379ms
2026-02-18 18:20:30 [INFO]    [PING OK] RU | 3846ms
2026-02-18 18:20:30 [INFO]    [PING OK] RU | 851ms
2026-02-18 18:20:30 [INFO]    [PING OK] RU | 160ms
2026-02-18 18:20:30 [INFO]    [PING OK] RU | 1330ms
2026-02-18 18:20:30 [INFO]    [PING OK] RU | 95ms
2026-02-18 18:20:30 [INFO]    [PING OK] RU | 1323ms
2026-02-18 18:20:30 [INFO]    [PING OK] RU | 1654ms
2026-02-18 18:20:30 [INFO]    [PING OK] RU | 1341ms
2026-02-18 18:20:30 [INFO]    [PING OK] RU | 454ms
2026-02-18 18:20:31 [INFO]    [PING OK] DE | 229ms
2026-02-18 18:20:32 [INFO]    [PING OK] RU | 4259ms
2026-02-18 18:20:32 [INFO]    [PING OK] RU | 2451ms
2026-02-18 18:20:32 [INFO]    [PING OK] IN | 732ms
2026-02-18 18:20:33 [INFO]    [PING OK] DE | 2022ms
2026-02-18 18:20:34 [INFO]    [PING OK] PL | 117ms
2026-02-18 18:20:34 [INFO]    [PING OK] RU | 4731ms
2026-02-18 18:20:35 [INFO]    [PING OK] AU | 136ms
2026-02-18 18:20:35 [INFO]    [PING OK] NL | 188ms
2026-02-18 18:20:35 [INFO]    [PING OK] FI | 158ms
2026-02-18 18:20:36 [INFO]    [PING OK] UZ | 421ms
2026-02-18 18:20:36 [INFO]    [PING OK] IQ | 1371ms
2026-02-18 18:20:36 [INFO]    [PING OK] LV | 325ms
2026-02-18 18:20:36 [INFO]    [PING OK] JP | 414ms
2026-02-18 18:20:37 [INFO]    [PING OK] DE | 175ms
2026-02-18 18:20:37 [INFO]    [PING OK] CY | 429ms
2026-02-18 18:20:38 [INFO]    [PING OK] US | 659ms
2026-02-18 18:20:38 [INFO]    [PING OK] AT | 238ms
2026-02-18 18:20:38 [INFO]    [PING OK] AL | 311ms
2026-02-18 18:20:40 [INFO]    [PING OK] NL | 220ms
2026-02-18 18:20:42 [INFO]    [PING OK] FR | 827ms
2026-02-18 18:21:13 [INFO] 🏎️ ЭТАП 2: Глубокий замер скорости для ТОП-10 серверов...
2026-02-18 18:21:20 [INFO]    🏆 TR | Пинг: 116ms | Скорость: 11.06 Mbps ⚡⚡
2026-02-18 18:21:20 [INFO]    🏆 PL | Пинг: 117ms | Скорость: 0.0 Mbps 
2026-02-18 18:21:20 [INFO]    🏆 AU | Пинг: 136ms | Скорость: 0.0 Mbps 
2026-02-18 18:21:20 [INFO]    🏆 FI | Пинг: 158ms | Скорость: 11.22 Mbps ⚡⚡
2026-02-18 18:21:20 [INFO]    🏆 TR | Пинг: 160ms | Скорость: 0.0 Mbps 
2026-02-18 18:21:20 [INFO]    🏆 DE | Пинг: 166ms | Скорость: 11.59 Mbps ⚡⚡
2026-02-18 18:21:20 [INFO]    🏆 DE | Пинг: 175ms | Скорость: 0.0 Mbps 
2026-02-18 18:21:20 [INFO]    🏆 LV | Пинг: 181ms | Скорость: 2.35 Mbps ⚡
2026-02-18 18:21:20 [INFO]    🏆 NL | Пинг: 188ms | Скорость: 11.6 Mbps ⚡⚡
2026-02-18 18:21:20 [INFO]    🏆 RU | Пинг: 71ms | Скорость: 11.76 Mbps ⚡⚡
2026-02-18 18:21:20 [INFO] 🇷🇺 Добавлен RU сервер: 85.239.47.127
2026-02-18 18:21:20 [INFO] 📊 Итого в подписке сохранено: 10 серверов
2026-02-18 18:21:20 [INFO] 💾 Файл успешно сохранен: FL1PVPN
