2026-02-17 12:40:06 [INFO] 🚀 START: Smart VLESS Selector (Target: 10, Strict Mode)
2026-02-17 12:40:06 [INFO] 🌐 Загрузка источников...
2026-02-17 12:40:08 [INFO] 🔍 Уникальных конфигов собрано: 541
2026-02-17 12:40:08 [INFO] ⚡ ЭТАП 1: Быстрый замер Пинга (Workers: 25)...
2026-02-17 12:40:10 [INFO]    [PING OK] NL | 155ms
2026-02-17 12:40:12 [INFO]    [PING OK] DE | 165ms
2026-02-17 12:40:14 [INFO]    [PING OK] NL | 239ms
2026-02-17 12:40:15 [INFO]    [PING OK] DE | 195ms
2026-02-17 12:40:20 [INFO]    [PING OK] DE | 1304ms
2026-02-17 12:40:21 [INFO]    [PING OK] DE | 164ms
2026-02-17 12:40:26 [INFO]    [PING OK] RU | 118ms
2026-02-17 12:40:26 [INFO]    [PING OK] RU | 306ms
2026-02-17 12:40:27 [INFO]    [PING OK] RU | 251ms
2026-02-17 12:40:27 [INFO]    [PING OK] RU | 145ms
2026-02-17 12:40:28 [INFO]    [PING OK] RU | 270ms
2026-02-17 12:40:28 [INFO]    [PING OK] RU | 658ms
2026-02-17 12:40:28 [INFO]    [PING OK] RU | 318ms
2026-02-17 12:40:28 [INFO]    [PING OK] RU | 657ms
2026-02-17 12:40:28 [INFO]    [PING OK] RU | 176ms
2026-02-17 12:40:28 [INFO]    [PING OK] RU | 322ms
2026-02-17 12:40:28 [INFO]    [PING OK] RU | 290ms
2026-02-17 12:40:28 [INFO]    [PING OK] RU | 229ms
2026-02-17 12:40:29 [INFO]    [PING OK] RU | 1695ms
2026-02-17 12:40:29 [INFO]    [PING OK] PL | 277ms
2026-02-17 12:40:29 [INFO]    [PING OK] RU | 1378ms
2026-02-17 12:40:29 [INFO]    [PING OK] RU | 1813ms
2026-02-17 12:40:29 [INFO]    [PING OK] RU | 331ms
2026-02-17 12:40:29 [INFO]    [PING OK] RU | 963ms
2026-02-17 12:40:29 [INFO]    [PING OK] RU | 181ms
2026-02-17 12:40:29 [INFO]    [PING OK] RU | 234ms
2026-02-17 12:40:29 [INFO]    [PING OK] RU | 235ms
2026-02-17 12:40:29 [INFO]    [PING OK] RU | 2747ms
2026-02-17 12:40:29 [INFO]    [PING OK] RU | 791ms
2026-02-17 12:40:29 [INFO]    [PING OK] RU | 334ms
2026-02-17 12:40:29 [INFO]    [PING OK] RU | 456ms
2026-02-17 12:40:30 [INFO]    [PING OK] RU | 320ms
2026-02-17 12:40:30 [INFO]    [PING OK] RU | 338ms
2026-02-17 12:40:30 [INFO]    [PING OK] RU | 236ms
2026-02-17 12:40:30 [INFO]    [PING OK] RU | 290ms
2026-02-17 12:40:30 [INFO]    [PING OK] RU | 856ms
2026-02-17 12:40:30 [INFO]    [PING OK] RU | 280ms
2026-02-17 12:40:30 [INFO]    [PING OK] RU | 302ms
2026-02-17 12:40:31 [INFO]    [PING OK] RU | 313ms
2026-02-17 12:40:31 [INFO]    [PING OK] RU | 67ms
2026-02-17 12:40:31 [INFO]    [PING OK] RU | 1219ms
2026-02-17 12:40:31 [INFO]    [PING OK] RU | 305ms
2026-02-17 12:40:31 [INFO]    [PING OK] RU | 286ms
2026-02-17 12:40:31 [INFO]    [PING OK] RU | 199ms
2026-02-17 12:40:31 [INFO]    [PING OK] RU | 164ms
2026-02-17 12:40:31 [INFO]    [PING OK] RU | 168ms
2026-02-17 12:40:31 [INFO]    [PING OK] RU | 643ms
2026-02-17 12:40:32 [INFO]    [PING OK] RU | 230ms
2026-02-17 12:40:32 [INFO]    [PING OK] RU | 217ms
2026-02-17 12:40:32 [INFO]    [PING OK] RU | 252ms
2026-02-17 12:40:32 [INFO]    [PING OK] RU | 215ms
2026-02-17 12:40:32 [INFO]    [PING OK] RU | 453ms
2026-02-17 12:40:32 [INFO]    [PING OK] RU | 453ms
2026-02-17 12:40:32 [INFO]    [PING OK] RU | 311ms
2026-02-17 12:40:32 [INFO]    [PING OK] RU | 202ms
2026-02-17 12:40:32 [INFO]    [PING OK] RU | 2666ms
2026-02-17 12:40:32 [INFO]    [PING OK] RU | 411ms
2026-02-17 12:40:33 [INFO]    [PING OK] RU | 364ms
2026-02-17 12:40:33 [INFO]    [PING OK] RU | 657ms
2026-02-17 12:40:33 [INFO]    [PING OK] RU | 2797ms
2026-02-17 12:40:33 [INFO]    [PING OK] RU | 261ms
2026-02-17 12:40:33 [INFO]    [PING OK] RU | 2141ms
2026-02-17 12:40:33 [INFO]    [PING OK] RU | 133ms
2026-02-17 12:40:33 [INFO]    [PING OK] RU | 352ms
2026-02-17 12:40:34 [INFO]    [PING OK] RU | 4201ms
2026-02-17 12:40:34 [INFO]    [PING OK] RU | 295ms
2026-02-17 12:40:34 [INFO]    [PING OK] RU | 1580ms
2026-02-17 12:40:34 [INFO]    [PING OK] RU | 911ms
2026-02-17 12:40:34 [INFO]    [PING OK] RU | 787ms
2026-02-17 12:40:35 [INFO]    [PING OK] RU | 4395ms
2026-02-17 12:40:35 [INFO]    [PING OK] US | 865ms
2026-02-17 12:40:35 [INFO]    [PING OK] RU | 2970ms
2026-02-17 12:40:36 [INFO]    [PING OK] RU | 2559ms
2026-02-17 12:40:36 [INFO]    [PING OK] RU | 2725ms
2026-02-17 12:40:37 [INFO]    [PING OK] RU | 149ms
2026-02-17 12:40:37 [INFO]    [PING OK] RU | 3474ms
2026-02-17 12:40:40 [INFO]    [PING OK] TR | 263ms
2026-02-17 12:40:41 [INFO]    [PING OK] NL | 493ms
2026-02-17 12:40:48 [INFO]    [PING OK] LT | 167ms
2026-02-17 12:40:52 [INFO]    [PING OK] DE | 175ms
2026-02-17 12:40:53 [INFO]    [PING OK] RU | 219ms
2026-02-17 12:41:01 [INFO]    [PING OK] LT | 1877ms
2026-02-17 12:41:07 [INFO]    [PING OK] FI | 1850ms
2026-02-17 12:41:10 [INFO]    [PING OK] AE | 280ms
2026-02-17 12:41:12 [INFO]    [PING OK] US | 446ms
2026-02-17 12:41:14 [INFO]    [PING OK] LT | 159ms
2026-02-17 12:41:16 [INFO]    [PING OK] DE | 182ms
2026-02-17 12:41:17 [INFO]    [PING OK] PL | 467ms
2026-02-17 12:41:19 [INFO]    [PING OK] ES | 477ms
2026-02-17 12:41:20 [INFO]    [PING OK] RU | 182ms
2026-02-17 12:41:21 [INFO]    [PING OK] US | 1149ms
2026-02-17 12:41:21 [INFO]    [PING OK] PL | 135ms
2026-02-17 12:41:24 [INFO]    [PING OK] LT | 155ms
2026-02-17 12:41:35 [INFO]    [PING OK] EE | 259ms
2026-02-17 12:41:35 [INFO]    [PING OK] AT | 256ms
2026-02-17 12:41:37 [INFO]    [PING OK] CY | 185ms
2026-02-17 12:41:40 [INFO]    [PING OK] LV | 296ms
2026-02-17 12:41:41 [INFO]    [PING OK] LV | 196ms
2026-02-17 12:41:41 [INFO]    [PING OK] MD | 2493ms
2026-02-17 12:41:45 [INFO] 🏎️ ЭТАП 2: Глубокий замер скорости для ТОП-10 серверов...
2026-02-17 12:41:49 [INFO]    🏆 PL | Пинг: 135ms | Скорость: 6.73 Mbps ⚡⚡
2026-02-17 12:41:49 [INFO]    🏆 NL | Пинг: 155ms | Скорость: 6.7 Mbps ⚡⚡
2026-02-17 12:41:49 [INFO]    🏆 LT | Пинг: 155ms | Скорость: 6.7 Mbps ⚡⚡
2026-02-17 12:41:49 [INFO]    🏆 LT | Пинг: 159ms | Скорость: 6.67 Mbps ⚡⚡
2026-02-17 12:41:49 [INFO]    🏆 DE | Пинг: 164ms | Скорость: 6.77 Mbps ⚡⚡
2026-02-17 12:41:49 [INFO]    🏆 DE | Пинг: 165ms | Скорость: 6.92 Mbps ⚡⚡
2026-02-17 12:41:49 [INFO]    🏆 LT | Пинг: 167ms | Скорость: 6.99 Mbps ⚡⚡
2026-02-17 12:41:49 [INFO]    🏆 DE | Пинг: 175ms | Скорость: 7.17 Mbps ⚡⚡
2026-02-17 12:41:49 [INFO]    🏆 DE | Пинг: 182ms | Скорость: 6.96 Mbps ⚡⚡
2026-02-17 12:41:49 [INFO]    🏆 RU | Пинг: 67ms | Скорость: 7.04 Mbps ⚡⚡
2026-02-17 12:41:49 [INFO] 🇷🇺 Добавлен RU сервер: 87.242.103.184
2026-02-17 12:41:49 [INFO] 📊 Итого в подписке сохранено: 10 серверов
2026-02-17 12:41:49 [INFO] 💾 Файл успешно сохранен: FL1PVPN
