2026-02-23 14:50:06 [INFO] 🚀 START: Smart Selector (Target: 10, ONLY FOREIGN)
2026-02-23 14:50:06 [INFO] 🌐 Загрузка источников (VLESS + VMess)...
2026-02-23 14:50:07 [INFO] 🔍 Уникальных конфигов собрано: 227
2026-02-23 14:50:07 [INFO] ⚡ ЭТАП 1: Замер Пинга и Геолокации. Workers: 40...
2026-02-23 14:50:15 [INFO]    [PING OK] EE | VLESS | 4748ms
2026-02-23 14:50:18 [INFO]    [PING OK] TR | VLESS | 4470ms
2026-02-23 14:50:18 [INFO]    [PING OK] ES | VLESS | 4842ms
2026-02-23 14:50:18 [INFO]    [PING OK] HU | VLESS | 4306ms
2026-02-23 14:50:18 [INFO]    [PING OK] PL | VLESS | 4510ms
2026-02-23 14:50:18 [INFO]    [PING OK] HU | VLESS | 3655ms
2026-02-23 14:50:18 [INFO]    [PING OK] HU | VLESS | 4154ms
2026-02-23 14:50:18 [INFO]    [PING OK] ES | VLESS | 4100ms
2026-02-23 14:50:18 [INFO]    [PING OK] ES | VLESS | 4103ms
2026-02-23 14:50:18 [INFO]    [PING OK] ES | VLESS | 4132ms
2026-02-23 14:50:18 [INFO]    [PING OK] TR | VLESS | 3679ms
2026-02-23 14:50:19 [INFO]    [PING OK] HU | VLESS | 4133ms
2026-02-23 14:50:19 [INFO]    [PING OK] ES | VLESS | 4333ms
2026-02-23 14:50:19 [INFO]    [PING OK] HU | VLESS | 3601ms
2026-02-23 14:50:19 [INFO]    [PING OK] FI | VLESS | 3776ms
2026-02-23 14:50:19 [INFO]    [PING OK] ES | VLESS | 3405ms
2026-02-23 14:50:19 [INFO]    [PING OK] IT | VLESS | 2969ms
2026-02-23 14:50:20 [INFO]    [PING OK] DE | VLESS | 3361ms
2026-02-23 14:50:20 [INFO]    [PING OK] DE | VLESS | 3367ms
2026-02-23 14:50:21 [INFO]    [PING OK] TR | VLESS | 3455ms
2026-02-23 14:50:21 [INFO]    [PING OK] PL | VLESS | 3653ms
2026-02-23 14:50:22 [INFO]    [PING OK] JP | VLESS | 8184ms
2026-02-23 14:50:23 [INFO]    [PING OK] CA | VLESS | 4812ms
2026-02-23 14:50:23 [INFO]    [PING OK] DE | VLESS | 4320ms
2026-02-23 14:50:23 [INFO]    [PING OK] DE | VLESS | 4404ms
2026-02-23 14:50:24 [INFO]    [PING OK] NL | VLESS | 4613ms
2026-02-23 14:50:24 [INFO]    [PING OK] TR | VLESS | 4790ms
2026-02-23 14:50:24 [INFO]    [PING OK] SE | VLESS | 4552ms
2026-02-23 14:50:24 [INFO]    [PING OK] DE | VLESS | 4576ms
2026-02-23 14:50:24 [INFO]    [PING OK] CA | VLESS | 4811ms
2026-02-23 14:50:24 [INFO]    [PING OK] CA | VLESS | 4796ms
2026-02-23 14:50:25 [INFO]    [PING OK] DE | VLESS | 4770ms
2026-02-23 14:50:26 [INFO]    [PING OK] DE | VLESS | 5064ms
2026-02-23 14:50:28 [INFO]    [PING OK] CA | VLESS | 5436ms
2026-02-23 14:50:28 [INFO]    [PING OK] DE | VLESS | 7627ms
2026-02-23 14:50:28 [INFO]    [PING OK] NL | VLESS | 5467ms
2026-02-23 14:50:28 [INFO]    [PING OK] SE | VLESS | 5380ms
2026-02-23 14:50:28 [INFO]    [PING OK] CA | VLESS | 5672ms
2026-02-23 14:50:29 [INFO]    [PING OK] SE | VLESS | 5216ms
2026-02-23 14:50:29 [INFO]    [PING OK] CA | VLESS | 5859ms
2026-02-23 14:50:29 [INFO]    [PING OK] CA | VLESS | 5207ms
2026-02-23 14:50:30 [INFO]    [PING OK] HK | VLESS | 5662ms
2026-02-23 14:50:30 [INFO]    [PING OK] JP | VLESS | 1634ms
2026-02-23 14:50:30 [INFO]    [PING OK] SE | VLESS | 2182ms
2026-02-23 14:50:34 [INFO] 🏎️ ЭТАП 2: Глубокий замер скорости для 40 иностранных кандидатов...
2026-02-23 14:50:38 [INFO]    🏆 HU | VLESS | Пинг: 3655ms | Скорость: 7.44 Mbps ⚡⚡
2026-02-23 14:50:38 [INFO]    🏆 ES | VLESS | Пинг: 3405ms | Скорость: 7.22 Mbps ⚡⚡
2026-02-23 14:50:38 [INFO]    🏆 ES | VLESS | Пинг: 4103ms | Скорость: 7.55 Mbps ⚡⚡
2026-02-23 14:50:38 [INFO]    🏆 ES | VLESS | Пинг: 4100ms | Скорость: 7.48 Mbps ⚡⚡
2026-02-23 14:50:38 [INFO]    🏆 IT | VLESS | Пинг: 2969ms | Скорость: 7.05 Mbps ⚡⚡
2026-02-23 14:50:38 [INFO]    🏆 TR | VLESS | Пинг: 3455ms | Скорость: 7.11 Mbps ⚡⚡
2026-02-23 14:50:38 [INFO]    🏆 PL | VLESS | Пинг: 3653ms | Скорость: 6.93 Mbps ⚡⚡
2026-02-23 14:50:38 [INFO]    🏆 ES | VLESS | Пинг: 4132ms | Скорость: 6.35 Mbps ⚡⚡
2026-02-23 14:50:39 [INFO]    🏆 JP | VLESS | Пинг: 1634ms | Скорость: 5.12 Mbps ⚡⚡
2026-02-23 14:50:41 [INFO]    🏆 DE | VLESS | Пинг: 4404ms | Скорость: 9.16 Mbps ⚡⚡
2026-02-23 14:50:41 [INFO]    🏆 SE | VLESS | Пинг: 4552ms | Скорость: 11.47 Mbps ⚡⚡
2026-02-23 14:50:41 [INFO]    🏆 HU | VLESS | Пинг: 4154ms | Скорость: 8.15 Mbps ⚡⚡
2026-02-23 14:50:41 [INFO]    🏆 DE | VLESS | Пинг: 4320ms | Скорость: 8.04 Mbps ⚡⚡
2026-02-23 14:50:41 [INFO]    🏆 TR | VLESS | Пинг: 4470ms | Скорость: 8.24 Mbps ⚡⚡
2026-02-23 14:50:41 [INFO]    🏆 HU | VLESS | Пинг: 3601ms | Скорость: 1.37 Mbps 
2026-02-23 14:50:42 [INFO]    🏆 NL | VLESS | Пинг: 4613ms | Скорость: 9.17 Mbps ⚡⚡
2026-02-23 14:50:42 [INFO]    🏆 HU | VLESS | Пинг: 4133ms | Скорость: 5.95 Mbps ⚡⚡
2026-02-23 14:50:43 [INFO]    🏆 PL | VLESS | Пинг: 4510ms | Скорость: 4.9 Mbps ⚡⚡
2026-02-23 14:50:44 [INFO]    🏆 DE | VLESS | Пинг: 4770ms | Скорость: 8.83 Mbps ⚡⚡
2026-02-23 14:50:44 [INFO]    🏆 EE | VLESS | Пинг: 4748ms | Скорость: 7.76 Mbps ⚡⚡
2026-02-23 14:50:44 [INFO]    🏆 CA | VLESS | Пинг: 4796ms | Скорость: 8.2 Mbps ⚡⚡
2026-02-23 14:50:44 [INFO]    🏆 TR | VLESS | Пинг: 4790ms | Скорость: 7.96 Mbps ⚡⚡
2026-02-23 14:50:45 [INFO]    🏆 ES | VLESS | Пинг: 4333ms | Скорость: 1.03 Mbps 
2026-02-23 14:50:45 [INFO]    🏆 ES | VLESS | Пинг: 4842ms | Скорость: 6.4 Mbps ⚡⚡
2026-02-23 14:50:46 [INFO]    🏆 DE | VLESS | Пинг: 5064ms | Скорость: 4.92 Mbps ⚡⚡
2026-02-23 14:50:49 [INFO]    🏆 CA | VLESS | Пинг: 5436ms | Скорость: 0.69 Mbps 
2026-02-23 14:50:51 [INFO] 📊 Итого в подписке сохранено иностранных серверов: 10
2026-02-23 14:50:51 [INFO] 💾 Файл успешно сохранен: FL1PVPN
