2026-02-25 21:40:05 [INFO] 🚀 START: Smart Selector (Target: 10, ONLY FOREIGN)
2026-02-25 21:40:05 [INFO] 🌐 Загрузка источников (VLESS + VMess)...
2026-02-25 21:40:07 [INFO] 🔍 Уникальных конфигов собрано: 134
2026-02-25 21:40:07 [INFO] ⚡ ЭТАП 1: Замер Пинга и Геолокации. Workers: 40...
2026-02-25 21:40:12 [INFO]    [PING OK] DE | VLESS | 4381ms
2026-02-25 21:40:12 [INFO]    [PING OK] DE | VLESS | 4627ms
2026-02-25 21:40:12 [INFO]    [PING OK] NL | VLESS | 4593ms
2026-02-25 21:40:12 [INFO]    [PING OK] DE | VLESS | 4656ms
2026-02-25 21:40:12 [INFO]    [PING OK] NL | VLESS | 4748ms
2026-02-25 21:40:12 [INFO]    [PING OK] DE | VLESS | 4592ms
2026-02-25 21:40:12 [INFO]    [PING OK] DE | VLESS | 4516ms
2026-02-25 21:40:12 [INFO]    [PING OK] FI | VLESS | 4422ms
2026-02-25 21:40:13 [INFO]    [PING OK] NL | VLESS | 5128ms
2026-02-25 21:40:13 [INFO]    [PING OK] DE | VLESS | 4624ms
2026-02-25 21:40:13 [INFO]    [PING OK] DE | VLESS | 4910ms
2026-02-25 21:40:13 [INFO]    [PING OK] DE | VLESS | 5165ms
2026-02-25 21:40:13 [INFO]    [PING OK] NL | VLESS | 3937ms
2026-02-25 21:40:13 [INFO]    [PING OK] DE | VLESS | 5448ms
2026-02-25 21:40:13 [INFO]    [PING OK] FR | VLESS | 4784ms
2026-02-25 21:40:13 [INFO]    [PING OK] DE | VLESS | 4864ms
2026-02-25 21:40:13 [INFO]    [PING OK] DE | VLESS | 4776ms
2026-02-25 21:40:13 [INFO]    [PING OK] NL | VLESS | 4583ms
2026-02-25 21:40:13 [INFO]    [PING OK] NL | VLESS | 4068ms
2026-02-25 21:40:13 [INFO]    [PING OK] NL | VLESS | 4304ms
2026-02-25 21:40:13 [INFO]    [PING OK] NL | VLESS | 3673ms
2026-02-25 21:40:13 [INFO]    [PING OK] NL | VLESS | 4476ms
2026-02-25 21:40:13 [INFO]    [PING OK] US | VLESS | 3761ms
2026-02-25 21:40:14 [INFO]    [PING OK] DE | VLESS | 4596ms
2026-02-25 21:40:14 [INFO]    [PING OK] FI | VLESS | 3619ms
2026-02-25 21:40:14 [INFO]    [PING OK] DE | VLESS | 4537ms
2026-02-25 21:40:14 [INFO]    [PING OK] DE | VLESS | 3520ms
2026-02-25 21:40:17 [INFO]    [PING OK] NL | VLESS | 4554ms
2026-02-25 21:40:17 [INFO]    [PING OK] NL | VLESS | 4421ms
2026-02-25 21:40:18 [INFO]    [PING OK] DE | VLESS | 4432ms
2026-02-25 21:40:18 [INFO]    [PING OK] FR | VLESS | 4044ms
2026-02-25 21:40:18 [INFO]    [PING OK] CA | VLESS | 4943ms
2026-02-25 21:40:19 [INFO]    [PING OK] GB | VLESS | 5170ms
2026-02-25 21:40:19 [INFO]    [PING OK] NL | VLESS | 3640ms
2026-02-25 21:40:19 [INFO]    [PING OK] DE | VLESS | 3633ms
2026-02-25 21:40:19 [INFO]    [PING OK] NL | VLESS | 3554ms
2026-02-25 21:40:20 [INFO]    [PING OK] GB | VLESS | 3460ms
2026-02-25 21:40:20 [INFO]    [PING OK] US | VLESS | 3350ms
2026-02-25 21:40:20 [INFO]    [PING OK] DE | VLESS | 2664ms
2026-02-25 21:40:21 [INFO]    [PING OK] LV | VLESS | 2279ms
2026-02-25 21:40:21 [INFO]    [PING OK] DE | VLESS | 1975ms
2026-02-25 21:40:21 [INFO]    [PING OK] US | VLESS | 2113ms
2026-02-25 21:40:21 [INFO]    [PING OK] SG | VLESS | 7060ms
2026-02-25 21:40:26 [INFO] 🏎️ ЭТАП 2: Глубокий замер скорости для 40 иностранных кандидатов...
2026-02-25 21:40:30 [INFO]    🏆 DE | VLESS | Пинг: 1975ms | Скорость: 5.63 Mbps ⚡⚡
2026-02-25 21:40:30 [INFO]    🏆 DE | VLESS | Пинг: 2664ms | Скорость: 5.61 Mbps ⚡⚡
2026-02-25 21:40:30 [INFO]    🏆 GB | VLESS | Пинг: 3460ms | Скорость: 5.56 Mbps ⚡⚡
2026-02-25 21:40:30 [INFO]    🏆 NL | VLESS | Пинг: 3673ms | Скорость: 5.7 Mbps ⚡⚡
2026-02-25 21:40:30 [INFO]    🏆 LV | VLESS | Пинг: 2279ms | Скорость: 5.43 Mbps ⚡⚡
2026-02-25 21:40:30 [INFO]    🏆 DE | VLESS | Пинг: 3633ms | Скорость: 5.68 Mbps ⚡⚡
2026-02-25 21:40:30 [INFO]    🏆 DE | VLESS | Пинг: 3520ms | Скорость: 5.51 Mbps ⚡⚡
2026-02-25 21:40:30 [INFO]    🏆 NL | VLESS | Пинг: 3640ms | Скорость: 5.6 Mbps ⚡⚡
2026-02-25 21:40:30 [INFO]    🏆 NL | VLESS | Пинг: 3937ms | Скорость: 5.68 Mbps ⚡⚡
2026-02-25 21:40:30 [INFO]    🏆 US | VLESS | Пинг: 2113ms | Скорость: 5.33 Mbps ⚡⚡
2026-02-25 21:40:30 [INFO]    🏆 FI | VLESS | Пинг: 3619ms | Скорость: 5.53 Mbps ⚡⚡
2026-02-25 21:40:30 [INFO]    🏆 US | VLESS | Пинг: 3761ms | Скорость: 5.39 Mbps ⚡⚡
2026-02-25 21:40:31 [INFO]    🏆 NL | VLESS | Пинг: 3554ms | Скорость: 4.2 Mbps ⚡⚡
2026-02-25 21:40:33 [INFO]    🏆 FR | VLESS | Пинг: 4044ms | Скорость: 3.03 Mbps ⚡⚡
2026-02-25 21:40:34 [INFO]    🏆 NL | VLESS | Пинг: 4304ms | Скорость: 5.92 Mbps ⚡⚡
2026-02-25 21:40:34 [INFO]    🏆 NL | VLESS | Пинг: 4068ms | Скорость: 5.9 Mbps ⚡⚡
2026-02-25 21:40:34 [INFO]    🏆 DE | VLESS | Пинг: 4537ms | Скорость: 6.34 Mbps ⚡⚡
2026-02-25 21:40:34 [INFO]    🏆 FI | VLESS | Пинг: 4422ms | Скорость: 6.03 Mbps ⚡⚡
2026-02-25 21:40:34 [INFO]    🏆 DE | VLESS | Пинг: 4592ms | Скорость: 6.18 Mbps ⚡⚡
2026-02-25 21:40:34 [INFO]    🏆 NL | VLESS | Пинг: 4476ms | Скорость: 6.02 Mbps ⚡⚡
2026-02-25 21:40:34 [INFO]    🏆 NL | VLESS | Пинг: 4583ms | Скорость: 6.14 Mbps ⚡⚡
2026-02-25 21:40:34 [INFO]    🏆 DE | VLESS | Пинг: 4516ms | Скорость: 5.97 Mbps ⚡⚡
2026-02-25 21:40:34 [INFO]    🏆 DE | VLESS | Пинг: 4381ms | Скорость: 5.79 Mbps ⚡⚡
2026-02-25 21:40:34 [INFO]    🏆 NL | VLESS | Пинг: 4554ms | Скорость: 5.98 Mbps ⚡⚡
2026-02-25 21:40:34 [INFO]    🏆 NL | VLESS | Пинг: 4421ms | Скорость: 5.77 Mbps ⚡⚡
2026-02-25 21:40:36 [INFO]    🏆 DE | VLESS | Пинг: 4624ms | Скорость: 8.21 Mbps ⚡⚡
2026-02-25 21:40:37 [INFO]    🏆 DE | VLESS | Пинг: 4864ms | Скорость: 8.83 Mbps ⚡⚡
2026-02-25 21:40:37 [INFO]    🏆 NL | VLESS | Пинг: 4748ms | Скорость: 8.35 Mbps ⚡⚡
2026-02-25 21:40:37 [INFO]    🏆 DE | VLESS | Пинг: 4776ms | Скорость: 8.31 Mbps ⚡⚡
2026-02-25 21:40:37 [INFO]    🏆 DE | VLESS | Пинг: 4627ms | Скорость: 8.15 Mbps ⚡⚡
2026-02-25 21:40:39 [INFO]    🏆 DE | VLESS | Пинг: 4910ms | Скорость: 5.25 Mbps ⚡⚡
2026-02-25 21:40:41 [INFO]    🏆 NL | VLESS | Пинг: 5128ms | Скорость: 1.56 Mbps ⚡
2026-02-25 21:40:41 [INFO] 📊 Итого в подписке сохранено иностранных серверов: 10
2026-02-25 21:40:41 [INFO] 💾 Файл успешно сохранен: FL1PVPN
