2026-02-24 12:40:06 [INFO] 🚀 START: Smart Selector (Target: 10, ONLY FOREIGN)
2026-02-24 12:40:06 [INFO] 🌐 Загрузка источников (VLESS + VMess)...
2026-02-24 12:40:06 [INFO] 🔍 Уникальных конфигов собрано: 217
2026-02-24 12:40:06 [INFO] ⚡ ЭТАП 1: Замер Пинга и Геолокации. Workers: 40...
2026-02-24 12:40:12 [INFO]    [PING OK] HU | VLESS | 4447ms
2026-02-24 12:40:12 [INFO]    [PING OK] ES | VLESS | 4482ms
2026-02-24 12:40:13 [INFO]    [PING OK] DE | VLESS | 4572ms
2026-02-24 12:40:13 [INFO]    [PING OK] IT | VLESS | 4682ms
2026-02-24 12:40:13 [INFO]    [PING OK] DE | VLESS | 4630ms
2026-02-24 12:40:13 [INFO]    [PING OK] TR | VLESS | 4056ms
2026-02-24 12:40:13 [INFO]    [PING OK] LV | VLESS | 3990ms
2026-02-24 12:40:13 [INFO]    [PING OK] DE | VLESS | 5683ms
2026-02-24 12:40:14 [INFO]    [PING OK] TR | VLESS | 4909ms
2026-02-24 12:40:14 [INFO]    [PING OK] TR | VLESS | 4258ms
2026-02-24 12:40:14 [INFO]    [PING OK] ES | VLESS | 4281ms
2026-02-24 12:40:14 [INFO]    [PING OK] ES | VLESS | 4602ms
2026-02-24 12:40:17 [INFO]    [PING OK] PL | VLESS | 4964ms
2026-02-24 12:40:17 [INFO]    [PING OK] HU | VLESS | 4297ms
2026-02-24 12:40:17 [INFO]    [PING OK] IT | VLESS | 4602ms
2026-02-24 12:40:18 [INFO]    [PING OK] TR | VLESS | 4678ms
2026-02-24 12:40:18 [INFO]    [PING OK] PL | VLESS | 4447ms
2026-02-24 12:40:18 [INFO]    [PING OK] ES | VLESS | 4374ms
2026-02-24 12:40:18 [INFO]    [PING OK] IT | VLESS | 4483ms
2026-02-24 12:40:18 [INFO]    [PING OK] FI | VLESS | 4597ms
2026-02-24 12:40:18 [INFO]    [PING OK] DE | VLESS | 4653ms
2026-02-24 12:40:19 [INFO]    [PING OK] ES | VLESS | 4625ms
2026-02-24 12:40:19 [INFO]    [PING OK] LV | VLESS | 5265ms
2026-02-24 12:40:19 [INFO]    [PING OK] PL | VLESS | 4426ms
2026-02-24 12:40:19 [INFO]    [PING OK] DE | VLESS | 4112ms
2026-02-24 12:40:19 [INFO]    [PING OK] PL | VLESS | 4244ms
2026-02-24 12:40:19 [INFO]    [PING OK] ES | VLESS | 4238ms
2026-02-24 12:40:20 [INFO]    [PING OK] HU | VLESS | 4363ms
2026-02-24 12:40:20 [INFO]    [PING OK] ES | VLESS | 4196ms
2026-02-24 12:40:20 [INFO]    [PING OK] PL | VLESS | 4244ms
2026-02-24 12:40:21 [INFO]    [PING OK] FI | VLESS | 4411ms
2026-02-24 12:40:21 [INFO]    [PING OK] FI | VLESS | 4720ms
2026-02-24 12:40:21 [INFO]    [PING OK] HU | VLESS | 4633ms
2026-02-24 12:40:22 [INFO]    [PING OK] DE | VLESS | 4716ms
2026-02-24 12:40:23 [INFO]    [PING OK] DE | VLESS | 5222ms
2026-02-24 12:40:24 [INFO]    [PING OK] DE | VLESS | 4785ms
2026-02-24 12:40:25 [INFO]    [PING OK] NL | VLESS | 4623ms
2026-02-24 12:40:26 [INFO]    [PING OK] EE | VLESS | 12421ms
2026-02-24 12:40:26 [INFO]    [PING OK] DE | VLESS | 4346ms
2026-02-24 12:40:26 [INFO]    [PING OK] NL | VLESS | 6448ms
2026-02-24 12:40:27 [INFO]    [PING OK] JP | VLESS | 4542ms
2026-02-24 12:40:27 [INFO]    [PING OK] LT | VLESS | 3863ms
2026-02-24 12:40:27 [INFO]    [PING OK] DE | VLESS | 3619ms
2026-02-24 12:40:28 [INFO]    [PING OK] TR | VLESS | 3647ms
2026-02-24 12:40:28 [INFO]    [PING OK] LT | VLESS | 3692ms
2026-02-24 12:40:28 [INFO]    [PING OK] GB | VLESS | 4608ms
2026-02-24 12:40:28 [INFO]    [PING OK] DE | VLESS | 3735ms
2026-02-24 12:40:29 [INFO]    [PING OK] US | VLESS | 3203ms
2026-02-24 12:40:29 [INFO]    [PING OK] DE | VLESS | 2458ms
2026-02-24 12:40:30 [INFO]    [PING OK] FI | VLESS | 2168ms
2026-02-24 12:40:30 [INFO]    [PING OK] NL | VLESS | 2124ms
2026-02-24 12:40:30 [INFO]    [PING OK] SG | VLESS | 2709ms
2026-02-24 12:40:30 [INFO]    [PING OK] EE | VLESS | 1406ms
2026-02-24 12:40:30 [INFO]    [PING OK] US | VLESS | 6641ms
2026-02-24 12:40:35 [INFO] 🏎️ ЭТАП 2: Глубокий замер скорости для 40 иностранных кандидатов...
2026-02-24 12:40:39 [INFO]    🏆 FI | VLESS | Пинг: 2168ms | Скорость: 6.14 Mbps ⚡⚡
2026-02-24 12:40:39 [INFO]    🏆 EE | VLESS | Пинг: 1406ms | Скорость: 6.14 Mbps ⚡⚡
2026-02-24 12:40:39 [INFO]    🏆 DE | VLESS | Пинг: 3619ms | Скорость: 6.31 Mbps ⚡⚡
2026-02-24 12:40:39 [INFO]    🏆 DE | VLESS | Пинг: 2458ms | Скорость: 6.01 Mbps ⚡⚡
2026-02-24 12:40:39 [INFO]    🏆 LT | VLESS | Пинг: 3692ms | Скорость: 6.23 Mbps ⚡⚡
2026-02-24 12:40:39 [INFO]    🏆 LT | VLESS | Пинг: 3863ms | Скорость: 6.3 Mbps ⚡⚡
2026-02-24 12:40:39 [INFO]    🏆 SG | VLESS | Пинг: 2709ms | Скорость: 5.84 Mbps ⚡⚡
2026-02-24 12:40:40 [INFO]    🏆 ES | VLESS | Пинг: 4196ms | Скорость: 5.11 Mbps ⚡⚡
2026-02-24 12:40:41 [INFO]    🏆 TR | VLESS | Пинг: 4056ms | Скорость: 3.59 Mbps ⚡⚡
2026-02-24 12:40:42 [INFO]    🏆 DE | VLESS | Пинг: 3735ms | Скорость: 2.95 Mbps ⚡
2026-02-24 12:40:42 [INFO]    🏆 DE | VLESS | Пинг: 4346ms | Скорость: 7.51 Mbps ⚡⚡
2026-02-24 12:40:42 [INFO]    🏆 PL | VLESS | Пинг: 4244ms | Скорость: 7.0 Mbps ⚡⚡
2026-02-24 12:40:42 [INFO]    🏆 HU | VLESS | Пинг: 4297ms | Скорость: 7.45 Mbps ⚡⚡
2026-02-24 12:40:42 [INFO]    🏆 HU | VLESS | Пинг: 4363ms | Скорость: 7.63 Mbps ⚡⚡
2026-02-24 12:40:42 [INFO]    🏆 ES | VLESS | Пинг: 4238ms | Скорость: 6.93 Mbps ⚡⚡
2026-02-24 12:40:43 [INFO]    🏆 PL | VLESS | Пинг: 4244ms | Скорость: 6.78 Mbps ⚡⚡
2026-02-24 12:40:43 [INFO]    🏆 TR | VLESS | Пинг: 4258ms | Скорость: 6.75 Mbps ⚡⚡
2026-02-24 12:40:43 [INFO]    🏆 PL | VLESS | Пинг: 4426ms | Скорость: 9.66 Mbps ⚡⚡
2026-02-24 12:40:45 [INFO]    🏆 ES | VLESS | Пинг: 4482ms | Скорость: 9.03 Mbps ⚡⚡
2026-02-24 12:40:46 [INFO]    🏆 DE | VLESS | Пинг: 4572ms | Скорость: 8.4 Mbps ⚡⚡
2026-02-24 12:40:46 [INFO]    🏆 NL | VLESS | Пинг: 4623ms | Скорость: 8.74 Mbps ⚡⚡
2026-02-24 12:40:46 [INFO]    🏆 FI | VLESS | Пинг: 4597ms | Скорость: 7.59 Mbps ⚡⚡
2026-02-24 12:40:46 [INFO]    🏆 ES | VLESS | Пинг: 4625ms | Скорость: 8.24 Mbps ⚡⚡
2026-02-24 12:40:46 [INFO]    🏆 PL | VLESS | Пинг: 4447ms | Скорость: 6.01 Mbps ⚡⚡
2026-02-24 12:40:46 [INFO]    🏆 IT | VLESS | Пинг: 4483ms | Скорость: 6.08 Mbps ⚡⚡
2026-02-24 12:40:46 [INFO]    🏆 FI | VLESS | Пинг: 4411ms | Скорость: 3.21 Mbps ⚡⚡
2026-02-24 12:40:47 [INFO]    🏆 IT | VLESS | Пинг: 4602ms | Скорость: 6.01 Mbps ⚡⚡
2026-02-24 12:40:47 [INFO]    🏆 HU | VLESS | Пинг: 4633ms | Скорость: 18.22 Mbps ⚡⚡
2026-02-24 12:40:47 [INFO]    🏆 JP | VLESS | Пинг: 4542ms | Скорость: 4.84 Mbps ⚡⚡
2026-02-24 12:40:49 [INFO]    🏆 ES | VLESS | Пинг: 4602ms | Скорость: 1.28 Mbps 
2026-02-24 12:40:54 [INFO] 📊 Итого в подписке сохранено иностранных серверов: 10
2026-02-24 12:40:54 [INFO] 💾 Файл успешно сохранен: FL1PVPN
