2026-02-27 13:20:05 [INFO] 🚀 START: Smart Selector (Target: 10, ONLY FOREIGN)
2026-02-27 13:20:05 [INFO] 🌐 Загрузка источников (VLESS + VMess)...
2026-02-27 13:20:07 [INFO] 🔍 Уникальных конфигов собрано: 242
2026-02-27 13:20:07 [INFO] ⚡ ЭТАП 1: Замер Пинга и Геолокации. Workers: 40...
2026-02-27 13:20:12 [INFO]    [PING OK] FI | VLESS | 4386ms
2026-02-27 13:20:12 [INFO]    [PING OK] FI | VLESS | 4374ms
2026-02-27 13:20:12 [INFO]    [PING OK] ES | VLESS | 4380ms
2026-02-27 13:20:12 [INFO]    [PING OK] FI | VLESS | 4538ms
2026-02-27 13:20:12 [INFO]    [PING OK] NL | VLESS | 4575ms
2026-02-27 13:20:12 [INFO]    [PING OK] CH | VLESS | 4485ms
2026-02-27 13:20:12 [INFO]    [PING OK] FI | VLESS | 4382ms
2026-02-27 13:20:12 [INFO]    [PING OK] TR | VLESS | 4533ms
2026-02-27 13:20:13 [INFO]    [PING OK] FI | VLESS | 4140ms
2026-02-27 13:20:13 [INFO]    [PING OK] FI | VLESS | 4324ms
2026-02-27 13:20:13 [INFO]    [PING OK] HK | VLESS | 4566ms
2026-02-27 13:20:13 [INFO]    [PING OK] DE | VLESS | 4609ms
2026-02-27 13:20:13 [INFO]    [PING OK] HU | VLESS | 3806ms
2026-02-27 13:20:13 [INFO]    [PING OK] IT | VLESS | 3670ms
2026-02-27 13:20:13 [INFO]    [PING OK] FI | VLESS | 3827ms
2026-02-27 13:20:13 [INFO]    [PING OK] PL | VLESS | 3377ms
2026-02-27 13:20:13 [INFO]    [PING OK] NL | VLESS | 3722ms
2026-02-27 13:20:13 [INFO]    [PING OK] PL | VLESS | 3426ms
2026-02-27 13:20:14 [INFO]    [PING OK] HU | VLESS | 3818ms
2026-02-27 13:20:14 [INFO]    [PING OK] TR | VLESS | 3710ms
2026-02-27 13:20:14 [INFO]    [PING OK] US | VLESS | 4399ms
2026-02-27 13:20:15 [INFO]    [PING OK] HU | VLESS | 5837ms
2026-02-27 13:20:15 [INFO]    [PING OK] HU | VLESS | 6618ms
2026-02-27 13:20:17 [INFO]    [PING OK] PL | VLESS | 4463ms
2026-02-27 13:20:18 [INFO]    [PING OK] ES | VLESS | 4251ms
2026-02-27 13:20:18 [INFO]    [PING OK] ES | VLESS | 4337ms
2026-02-27 13:20:18 [INFO]    [PING OK] CH | VLESS | 4676ms
2026-02-27 13:20:18 [INFO]    [PING OK] ES | VLESS | 4487ms
2026-02-27 13:20:18 [INFO]    [PING OK] FI | VLESS | 5044ms
2026-02-27 13:20:19 [INFO]    [PING OK] PL | VLESS | 3971ms
2026-02-27 13:20:19 [INFO]    [PING OK] PL | VLESS | 3828ms
2026-02-27 13:20:19 [INFO]    [PING OK] TR | VLESS | 4151ms
2026-02-27 13:20:20 [INFO]    [PING OK] FI | VLESS | 3462ms
2026-02-27 13:20:20 [INFO]    [PING OK] CA | VLESS | 4622ms
2026-02-27 13:20:20 [INFO]    [PING OK] CA | VLESS | 4607ms
2026-02-27 13:20:21 [INFO]    [PING OK] NL | VLESS | 3941ms
2026-02-27 13:20:21 [INFO]    [PING OK] NL | VLESS | 7826ms
2026-02-27 13:20:21 [INFO]    [PING OK] PL | VLESS | 3651ms
2026-02-27 13:20:21 [INFO]    [PING OK] PL | VLESS | 3807ms
2026-02-27 13:20:21 [INFO]    [PING OK] US | VLESS | 3761ms
2026-02-27 13:20:22 [INFO]    [PING OK] DE | VLESS | 3390ms
2026-02-27 13:20:22 [INFO]    [PING OK] DE | VLESS | 3598ms
2026-02-27 13:20:22 [INFO]    [PING OK] HU | VLESS | 3751ms
2026-02-27 13:20:22 [INFO]    [PING OK] HU | VLESS | 3509ms
2026-02-27 13:20:22 [INFO]    [PING OK] PL | VLESS | 3571ms
2026-02-27 13:20:22 [INFO]    [PING OK] DE | VLESS | 7042ms
2026-02-27 13:20:22 [INFO]    [PING OK] DE | VLESS | 3273ms
2026-02-27 13:20:22 [INFO]    [PING OK] AE | VLESS | 4041ms
2026-02-27 13:20:23 [INFO]    [PING OK] ES | VLESS | 3348ms
2026-02-27 13:20:23 [INFO]    [PING OK] US | VLESS | 7807ms
2026-02-27 13:20:23 [INFO]    [PING OK] ES | VLESS | 3222ms
2026-02-27 13:20:24 [INFO]    [PING OK] TR | VLESS | 3347ms
2026-02-27 13:20:25 [INFO]    [PING OK] FI | VLESS | 5444ms
2026-02-27 13:20:25 [INFO]    [PING OK] LV | VLESS | 4105ms
2026-02-27 13:20:25 [INFO]    [PING OK] KZ | VLESS | 6555ms
2026-02-27 13:20:25 [INFO]    [PING OK] LT | VLESS | 4074ms
2026-02-27 13:20:25 [INFO]    [PING OK] US | VLESS | 3208ms
2026-02-27 13:20:25 [INFO]    [PING OK] DE | VLESS | 7001ms
2026-02-27 13:20:26 [INFO]    [PING OK] PL | VLESS | 3317ms
2026-02-27 13:20:26 [INFO]    [PING OK] TR | VLESS | 3852ms
2026-02-27 13:20:26 [INFO]    [PING OK] NL | VLESS | 7487ms
2026-02-27 13:20:26 [INFO]    [PING OK] DE | VLESS | 3717ms
2026-02-27 13:20:27 [INFO]    [PING OK] SE | VLESS | 3735ms
2026-02-27 13:20:27 [INFO]    [PING OK] PL | VLESS | 3601ms
2026-02-27 13:20:27 [INFO]    [PING OK] US | VLESS | 3628ms
2026-02-27 13:20:28 [INFO]    [PING OK] DE | VLESS | 3781ms
2026-02-27 13:20:29 [INFO]    [PING OK] US | VLESS | 4764ms
2026-02-27 13:20:29 [INFO]    [PING OK] FR | VLESS | 5631ms
2026-02-27 13:20:29 [INFO]    [PING OK] FR | VLESS | 4142ms
2026-02-27 13:20:29 [INFO]    [PING OK] TR | VLESS | 3979ms
2026-02-27 13:20:29 [INFO]    [PING OK] DE | VLESS | 4182ms
2026-02-27 13:20:29 [INFO]    [PING OK] DE | VLESS | 3871ms
2026-02-27 13:20:29 [INFO]    [PING OK] FR | VLESS | 6890ms
2026-02-27 13:20:29 [INFO]    [PING OK] PL | VLESS | 3515ms
2026-02-27 13:20:30 [INFO]    [PING OK] DE | VLESS | 3488ms
2026-02-27 13:20:30 [INFO]    [PING OK] FI | VLESS | 6785ms
2026-02-27 13:20:30 [INFO]    [PING OK] PL | VLESS | 3459ms
2026-02-27 13:20:31 [INFO]    [PING OK] FI | VLESS | 3317ms
2026-02-27 13:20:32 [INFO]    [PING OK] NG | VLESS | 7506ms
2026-02-27 13:20:33 [INFO]    [PING OK] DE | VLESS | 3560ms
2026-02-27 13:20:33 [INFO]    [PING OK] DE | VLESS | 3553ms
2026-02-27 13:20:34 [INFO]    [PING OK] CA | VLESS | 3895ms
2026-02-27 13:20:34 [INFO]    [PING OK] SG | VLESS | 3529ms
2026-02-27 13:20:34 [INFO]    [PING OK] DE | VLESS | 1961ms
2026-02-27 13:20:34 [INFO]    [PING OK] SG | VLESS | 3370ms
2026-02-27 13:20:34 [INFO]    [PING OK] NL | VLESS | 1876ms
2026-02-27 13:20:34 [INFO]    [PING OK] DE | VLESS | 2536ms
2026-02-27 13:20:34 [INFO]    [PING OK] DE | VLESS | 2721ms
2026-02-27 13:20:34 [INFO]    [PING OK] DE | VLESS | 3084ms
2026-02-27 13:20:35 [INFO]    [PING OK] DE | VLESS | 3234ms
2026-02-27 13:20:35 [INFO]    [PING OK] CA | VLESS | 3566ms
2026-02-27 13:20:36 [INFO]    [PING OK] DE | VLESS | 6233ms
2026-02-27 13:20:37 [INFO]    [PING OK] DE | VLESS | 7656ms
2026-02-27 13:20:39 [INFO] 🏎️ ЭТАП 2: Глубокий замер скорости для 40 иностранных кандидатов...
2026-02-27 13:20:43 [INFO]    🏆 DE | VLESS | Пинг: 1961ms | Скорость: 6.2 Mbps ⚡⚡
2026-02-27 13:20:43 [INFO]    🏆 PL | VLESS | Пинг: 3317ms | Скорость: 6.25 Mbps ⚡⚡
2026-02-27 13:20:43 [INFO]    🏆 PL | VLESS | Пинг: 3377ms | Скорость: 6.56 Mbps ⚡⚡
2026-02-27 13:20:43 [INFO]    🏆 DE | VLESS | Пинг: 3273ms | Скорость: 6.27 Mbps ⚡⚡
2026-02-27 13:20:43 [INFO]    🏆 ES | VLESS | Пинг: 3222ms | Скорость: 6.02 Mbps ⚡⚡
2026-02-27 13:20:43 [INFO]    🏆 TR | VLESS | Пинг: 3347ms | Скорость: 5.99 Mbps ⚡⚡
2026-02-27 13:20:43 [INFO]    🏆 US | VLESS | Пинг: 3208ms | Скорость: 5.66 Mbps ⚡⚡
2026-02-27 13:20:43 [INFO]    🏆 ES | VLESS | Пинг: 3348ms | Скорость: 5.82 Mbps ⚡⚡
2026-02-27 13:20:43 [INFO]    🏆 SG | VLESS | Пинг: 3370ms | Скорость: 5.65 Mbps ⚡⚡
2026-02-27 13:20:44 [INFO]    🏆 DE | VLESS | Пинг: 3084ms | Скорость: 5.0 Mbps ⚡⚡
2026-02-27 13:20:44 [INFO]    🏆 DE | VLESS | Пинг: 3234ms | Скорость: 4.48 Mbps ⚡⚡
2026-02-27 13:20:46 [INFO]    🏆 DE | VLESS | Пинг: 2536ms | Скорость: 1.14 Mbps 
2026-02-27 13:20:46 [INFO]    🏆 DE | VLESS | Пинг: 2721ms | Скорость: 1.87 Mbps ⚡
2026-02-27 13:20:46 [INFO]    🏆 FI | VLESS | Пинг: 3317ms | Скорость: 3.27 Mbps ⚡⚡
2026-02-27 13:20:46 [INFO]    🏆 PL | VLESS | Пинг: 3426ms | Скорость: 9.13 Mbps ⚡⚡
2026-02-27 13:20:46 [INFO]    🏆 PL | VLESS | Пинг: 3459ms | Скорость: 8.34 Mbps ⚡⚡
2026-02-27 13:20:46 [INFO]    🏆 PL | VLESS | Пинг: 3515ms | Скорость: 8.92 Mbps ⚡⚡
2026-02-27 13:20:46 [INFO]    🏆 DE | VLESS | Пинг: 3560ms | Скорость: 8.95 Mbps ⚡⚡
2026-02-27 13:20:46 [INFO]    🏆 DE | VLESS | Пинг: 3553ms | Скорость: 8.74 Mbps ⚡⚡
2026-02-27 13:20:46 [INFO]    🏆 SG | VLESS | Пинг: 3529ms | Скорость: 7.83 Mbps ⚡⚡
2026-02-27 13:20:47 [INFO]    🏆 PL | VLESS | Пинг: 3571ms | Скорость: 10.1 Mbps ⚡⚡
2026-02-27 13:20:48 [INFO]    🏆 DE | VLESS | Пинг: 3598ms | Скорость: 12.47 Mbps ⚡⚡
2026-02-27 13:20:48 [INFO]    🏆 PL | VLESS | Пинг: 3651ms | Скорость: 13.51 Mbps ⚡⚡
2026-02-27 13:20:49 [INFO]    🏆 SE | VLESS | Пинг: 3735ms | Скорость: 11.99 Mbps ⚡⚡
2026-02-27 13:20:49 [INFO]    🏆 DE | VLESS | Пинг: 3717ms | Скорость: 11.36 Mbps ⚡⚡
2026-02-27 13:20:49 [INFO]    🏆 TR | VLESS | Пинг: 3710ms | Скорость: 9.97 Mbps ⚡⚡
2026-02-27 13:20:49 [INFO]    🏆 HU | VLESS | Пинг: 3751ms | Скорость: 11.08 Mbps ⚡⚡
2026-02-27 13:20:49 [INFO]    🏆 DE | VLESS | Пинг: 3488ms | Скорость: 3.71 Mbps ⚡⚡
2026-02-27 13:20:49 [INFO]    🏆 DE | VLESS | Пинг: 3781ms | Скорость: 11.72 Mbps ⚡⚡
2026-02-27 13:20:49 [INFO]    🏆 US | VLESS | Пинг: 3761ms | Скорость: 9.89 Mbps ⚡⚡
2026-02-27 13:20:50 [INFO]    🏆 DE | VLESS | Пинг: 3390ms | Скорость: 2.47 Mbps ⚡
2026-02-27 13:20:50 [INFO]    🏆 NL | VLESS | Пинг: 3722ms | Скорость: 7.76 Mbps ⚡⚡
2026-02-27 13:20:50 [INFO]    🏆 HU | VLESS | Пинг: 3509ms | Скорость: 1.76 Mbps ⚡
2026-02-27 13:20:54 [INFO]    🏆 HU | VLESS | Пинг: 3806ms | Скорость: 3.84 Mbps ⚡⚡
2026-02-27 13:20:54 [INFO] 📊 Итого в подписке сохранено иностранных серверов: 10
2026-02-27 13:20:54 [INFO] 💾 Файл успешно сохранен: FL1PVPN
