2026-02-22 15:10:05 [INFO] 🚀 START: Smart Selector (Target: 10, ONLY FOREIGN)
2026-02-22 15:10:05 [INFO] 🌐 Загрузка источников (VLESS + VMess)...
2026-02-22 15:10:08 [INFO] 🔍 Уникальных конфигов собрано: 263
2026-02-22 15:10:08 [INFO] ⚡ ЭТАП 1: Замер Пинга и Геолокации. Workers: 40...
2026-02-22 15:10:14 [INFO]    [PING OK] IT | VLESS | 3384ms
2026-02-22 15:10:14 [INFO]    [PING OK] HU | VLESS | 3411ms
2026-02-22 15:10:14 [INFO]    [PING OK] DE | VLESS | 4546ms
2026-02-22 15:10:15 [INFO]    [PING OK] HU | VLESS | 2974ms
2026-02-22 15:10:15 [INFO]    [PING OK] ES | VLESS | 3343ms
2026-02-22 15:10:18 [INFO]    [PING OK] NL | VLESS | 3811ms
2026-02-22 15:10:18 [INFO]    [PING OK] PL | VLESS | 4457ms
2026-02-22 15:10:18 [INFO]    [PING OK] PL | VLESS | 4221ms
2026-02-22 15:10:18 [INFO]    [PING OK] US | VLESS | 4494ms
2026-02-22 15:10:18 [INFO]    [PING OK] DE | VLESS | 9997ms
2026-02-22 15:10:19 [INFO]    [PING OK] DE | VLESS | 4133ms
2026-02-22 15:10:19 [INFO]    [PING OK] ES | VLESS | 4240ms
2026-02-22 15:10:19 [INFO]    [PING OK] HU | VLESS | 4424ms
2026-02-22 15:10:19 [INFO]    [PING OK] PL | VLESS | 4465ms
2026-02-22 15:10:19 [INFO]    [PING OK] PL | VLESS | 4326ms
2026-02-22 15:10:20 [INFO]    [PING OK] PL | VLESS | 4408ms
2026-02-22 15:10:20 [INFO]    [PING OK] NL | VLESS | 4686ms
2026-02-22 15:10:20 [INFO]    [PING OK] PL | VLESS | 5590ms
2026-02-22 15:10:21 [INFO]    [PING OK] TR | VLESS | 5866ms
2026-02-22 15:10:21 [INFO]    [PING OK] IT | VLESS | 4933ms
2026-02-22 15:10:21 [INFO]    [PING OK] HU | VLESS | 4931ms
2026-02-22 15:10:23 [INFO]    [PING OK] NL | VLESS | 4769ms
2026-02-22 15:10:23 [INFO]    [PING OK] PL | VLESS | 5263ms
2026-02-22 15:10:24 [INFO]    [PING OK] DE | VLESS | 5357ms
2026-02-22 15:10:24 [INFO]    [PING OK] PL | VLESS | 5010ms
2026-02-22 15:10:24 [INFO]    [PING OK] PL | VLESS | 5250ms
2026-02-22 15:10:24 [INFO]    [PING OK] HU | VLESS | 4965ms
2026-02-22 15:10:25 [INFO]    [PING OK] PL | VLESS | 4688ms
2026-02-22 15:10:25 [INFO]    [PING OK] DE | VLESS | 5019ms
2026-02-22 15:10:27 [INFO]    [PING OK] NL | VLESS | 5231ms
2026-02-22 15:10:28 [INFO]    [PING OK] DE | VLESS | 8413ms
2026-02-22 15:10:28 [INFO]    [PING OK] US | VLESS | 7399ms
2026-02-22 15:10:28 [INFO]    [PING OK] JP | VLESS | 7222ms
2026-02-22 15:10:29 [INFO]    [PING OK] DE | VLESS | 4929ms
2026-02-22 15:10:30 [INFO]    [PING OK] DE | VLESS | 4673ms
2026-02-22 15:10:31 [INFO]    [PING OK] CA | VLESS | 9129ms
2026-02-22 15:10:31 [INFO]    [PING OK] SE | VLESS | 4220ms
2026-02-22 15:10:31 [INFO]    [PING OK] CA | VLESS | 5674ms
2026-02-22 15:10:33 [INFO]    [PING OK] NL | VLESS | 2217ms
2026-02-22 15:10:33 [INFO]    [PING OK] DE | VLESS | 2252ms
2026-02-22 15:10:33 [INFO]    [PING OK] CA | VLESS | 3977ms
2026-02-22 15:10:34 [INFO]    [PING OK] NL | VLESS | 7936ms
2026-02-22 15:10:35 [INFO]    [PING OK] CA | VLESS | 7730ms
2026-02-22 15:10:38 [INFO] 🏎️ ЭТАП 2: Глубокий замер скорости для 40 иностранных кандидатов...
2026-02-22 15:10:42 [INFO]    🏆 NL | VLESS | Пинг: 3811ms | Скорость: 5.64 Mbps ⚡⚡
2026-02-22 15:10:42 [INFO]    🏆 DE | VLESS | Пинг: 4133ms | Скорость: 5.64 Mbps ⚡⚡
2026-02-22 15:10:42 [INFO]    🏆 IT | VLESS | Пинг: 3384ms | Скорость: 5.53 Mbps ⚡⚡
2026-02-22 15:10:42 [INFO]    🏆 ES | VLESS | Пинг: 3343ms | Скорость: 5.5 Mbps ⚡⚡
2026-02-22 15:10:42 [INFO]    🏆 NL | VLESS | Пинг: 2217ms | Скорость: 5.43 Mbps ⚡⚡
2026-02-22 15:10:42 [INFO]    🏆 DE | VLESS | Пинг: 2252ms | Скорость: 5.43 Mbps ⚡⚡
2026-02-22 15:10:42 [INFO]    🏆 HU | VLESS | Пинг: 2974ms | Скорость: 5.36 Mbps ⚡⚡
2026-02-22 15:10:42 [INFO]    🏆 ES | VLESS | Пинг: 4240ms | Скорость: 5.56 Mbps ⚡⚡
2026-02-22 15:10:42 [INFO]    🏆 PL | VLESS | Пинг: 4221ms | Скорость: 5.48 Mbps ⚡⚡
2026-02-22 15:10:42 [INFO]    🏆 HU | VLESS | Пинг: 3411ms | Скорость: 5.35 Mbps ⚡⚡
2026-02-22 15:10:42 [INFO]    🏆 PL | VLESS | Пинг: 4408ms | Скорость: 5.47 Mbps ⚡⚡
2026-02-22 15:10:45 [INFO]    🏆 HU | VLESS | Пинг: 4424ms | Скорость: 2.67 Mbps ⚡
2026-02-22 15:10:47 [INFO]    🏆 HU | VLESS | Пинг: 4931ms | Скорость: 5.86 Mbps ⚡⚡
2026-02-22 15:10:47 [INFO]    🏆 NL | VLESS | Пинг: 4686ms | Скорость: 5.6 Mbps ⚡⚡
2026-02-22 15:10:47 [INFO]    🏆 PL | VLESS | Пинг: 4688ms | Скорость: 5.71 Mbps ⚡⚡
2026-02-22 15:10:47 [INFO]    🏆 NL | VLESS | Пинг: 4769ms | Скорость: 5.67 Mbps ⚡⚡
2026-02-22 15:10:47 [INFO]    🏆 DE | VLESS | Пинг: 4929ms | Скорость: 5.72 Mbps ⚡⚡
2026-02-22 15:10:47 [INFO]    🏆 HU | VLESS | Пинг: 4965ms | Скорость: 5.98 Mbps ⚡⚡
2026-02-22 15:10:47 [INFO]    🏆 DE | VLESS | Пинг: 4673ms | Скорость: 5.52 Mbps ⚡⚡
2026-02-22 15:10:47 [INFO]    🏆 PL | VLESS | Пинг: 4457ms | Скорость: 5.52 Mbps ⚡⚡
2026-02-22 15:10:47 [INFO]    🏆 IT | VLESS | Пинг: 4933ms | Скорость: 5.73 Mbps ⚡⚡
2026-02-22 15:10:49 [INFO]    🏆 DE | VLESS | Пинг: 4546ms | Скорость: 1.07 Mbps 
2026-02-22 15:10:49 [INFO]    🏆 US | VLESS | Пинг: 4494ms | Скорость: 3.14 Mbps ⚡⚡
2026-02-22 15:10:49 [INFO]    🏆 PL | VLESS | Пинг: 5010ms | Скорость: 3.22 Mbps ⚡⚡
2026-02-22 15:10:49 [INFO]    🏆 PL | VLESS | Пинг: 5250ms | Скорость: 9.83 Mbps ⚡⚡
2026-02-22 15:10:50 [INFO]    🏆 NL | VLESS | Пинг: 5231ms | Скорость: 4.84 Mbps ⚡⚡
2026-02-22 15:10:51 [INFO]    🏆 DE | VLESS | Пинг: 5019ms | Скорость: 1.6 Mbps ⚡
2026-02-22 15:10:53 [INFO]    🏆 PL | VLESS | Пинг: 5590ms | Скорость: 2.64 Mbps ⚡
2026-02-22 15:10:53 [INFO]    🏆 JP | VLESS | Пинг: 7222ms | Скорость: 2.31 Mbps ⚡
2026-02-22 15:10:54 [INFO] 📊 Итого в подписке сохранено иностранных серверов: 10
2026-02-22 15:10:54 [INFO] 💾 Файл успешно сохранен: FL1PVPN
