2026-02-16 09:32:07 [INFO] 🚀 START: Smart VLESS Selector (Target: 10, Strict Mode)
2026-02-16 09:32:07 [INFO] 🌐 Загрузка источников...
2026-02-16 09:32:10 [INFO] 🔍 Уникальных конфигов собрано: 434
2026-02-16 09:32:10 [INFO] ⚡ ЭТАП 1: Быстрый замер Пинга (Workers: 25)...
2026-02-16 09:32:11 [INFO]    [PING OK] DE | 174ms
2026-02-16 09:32:11 [INFO]    [PING OK] FR | 292ms
2026-02-16 09:32:12 [INFO]    [PING OK] US | 372ms
2026-02-16 09:32:12 [INFO]    [PING OK] DE | 1535ms
2026-02-16 09:32:12 [INFO]    [PING OK] ES | 1774ms
2026-02-16 09:32:13 [INFO]    [PING OK] DE | 179ms
2026-02-16 09:32:15 [INFO]    [PING OK] US | 600ms
2026-02-16 09:32:15 [INFO]    [PING OK] DE | 495ms
2026-02-16 09:32:16 [INFO]    [PING OK] DE | 167ms
2026-02-16 09:32:17 [INFO]    [PING OK] NL | 152ms
2026-02-16 09:32:17 [INFO]    [PING OK] GR | 144ms
2026-02-16 09:32:18 [INFO]    [PING OK] DE | 179ms
2026-02-16 09:32:18 [INFO]    [PING OK] DE | 144ms
2026-02-16 09:32:19 [INFO]    [PING OK] FR | 245ms
2026-02-16 09:32:22 [INFO]    [PING OK] DE | 1209ms
2026-02-16 09:32:23 [INFO]    [PING OK] US | 1261ms
2026-02-16 09:32:25 [INFO]    [PING OK] RU | 1427ms
2026-02-16 09:32:25 [INFO]    [PING OK] RU | 185ms
2026-02-16 09:32:26 [INFO]    [PING OK] RU | 271ms
2026-02-16 09:32:26 [INFO]    [PING OK] RU | 332ms
2026-02-16 09:32:26 [INFO]    [PING OK] RU | 280ms
2026-02-16 09:32:26 [INFO]    [PING OK] RU | 231ms
2026-02-16 09:32:26 [INFO]    [PING OK] RU | 57ms
2026-02-16 09:32:27 [INFO]    [PING OK] RU | 308ms
2026-02-16 09:32:27 [INFO]    [PING OK] RU | 295ms
2026-02-16 09:32:27 [INFO]    [PING OK] NL | 1557ms
2026-02-16 09:32:28 [INFO]    [PING OK] RU | 241ms
2026-02-16 09:32:28 [INFO]    [PING OK] RU | 137ms
2026-02-16 09:32:28 [INFO]    [PING OK] RU | 3791ms
2026-02-16 09:32:29 [INFO]    [PING OK] RU | 57ms
2026-02-16 09:32:29 [INFO]    [PING OK] RU | 1164ms
2026-02-16 09:32:29 [INFO]    [PING OK] RU | 2215ms
2026-02-16 09:32:30 [INFO]    [PING OK] RU | 1082ms
2026-02-16 09:32:30 [INFO]    [PING OK] RU | 165ms
2026-02-16 09:32:30 [INFO]    [PING OK] RU | 1104ms
2026-02-16 09:32:30 [INFO]    [PING OK] RU | 1303ms
2026-02-16 09:32:30 [INFO]    [PING OK] RU | 2795ms
2026-02-16 09:32:31 [INFO]    [PING OK] RU | 234ms
2026-02-16 09:32:31 [INFO]    [PING OK] RU | 1252ms
2026-02-16 09:32:32 [INFO]    [PING OK] RU | 107ms
2026-02-16 09:32:32 [INFO]    [PING OK] RU | 279ms
2026-02-16 09:32:32 [INFO]    [PING OK] RU | 295ms
2026-02-16 09:32:32 [INFO]    [PING OK] RU | 444ms
2026-02-16 09:32:33 [INFO]    [PING OK] RU | 356ms
2026-02-16 09:32:33 [INFO]    [PING OK] RU | 164ms
2026-02-16 09:32:33 [INFO]    [PING OK] RU | 2434ms
2026-02-16 09:32:33 [INFO]    [PING OK] PL | 187ms
2026-02-16 09:32:33 [INFO]    [PING OK] RU | 441ms
2026-02-16 09:32:34 [INFO]    [PING OK] NL | 192ms
2026-02-16 09:32:34 [INFO]    [PING OK] GB | 336ms
2026-02-16 09:32:34 [INFO]    [PING OK] RU | 100ms
2026-02-16 09:32:34 [INFO]    [PING OK] RU | 181ms
2026-02-16 09:32:35 [INFO]    [PING OK] PL | 170ms
2026-02-16 09:32:35 [INFO]    [PING OK] RU | 218ms
2026-02-16 09:32:35 [INFO]    [PING OK] RU | 214ms
2026-02-16 09:32:35 [INFO]    [PING OK] RU | 226ms
2026-02-16 09:32:35 [INFO]    [PING OK] RU | 2869ms
2026-02-16 09:32:35 [INFO]    [PING OK] RU | 301ms
2026-02-16 09:32:35 [INFO]    [PING OK] RU | 711ms
2026-02-16 09:32:36 [INFO]    [PING OK] RU | 406ms
2026-02-16 09:32:36 [INFO]    [PING OK] DE | 179ms
2026-02-16 09:32:36 [INFO]    [PING OK] PL | 175ms
2026-02-16 09:32:36 [INFO]    [PING OK] RU | 419ms
2026-02-16 09:32:37 [INFO]    [PING OK] RU | 258ms
2026-02-16 09:32:37 [INFO]    [PING OK] RU | 2764ms
2026-02-16 09:32:38 [INFO]    [PING OK] RU | 575ms
2026-02-16 09:32:38 [INFO]    [PING OK] RU | 256ms
2026-02-16 09:32:38 [INFO]    [PING OK] RU | 232ms
2026-02-16 09:32:38 [INFO]    [PING OK] RU | 236ms
2026-02-16 09:32:38 [INFO]    [PING OK] RU | 196ms
2026-02-16 09:32:38 [INFO]    [PING OK] RU | 89ms
2026-02-16 09:32:38 [INFO]    [PING OK] RU | 4564ms
2026-02-16 09:32:39 [INFO]    [PING OK] RU | 206ms
2026-02-16 09:32:39 [INFO]    [PING OK] RU | 331ms
2026-02-16 09:32:39 [INFO]    [PING OK] RU | 4338ms
2026-02-16 09:32:39 [INFO]    [PING OK] RU | 1451ms
2026-02-16 09:32:39 [INFO]    [PING OK] RU | 291ms
2026-02-16 09:32:40 [INFO]    [PING OK] RU | 224ms
2026-02-16 09:32:40 [INFO]    [PING OK] RU | 1259ms
2026-02-16 09:32:40 [INFO]    [PING OK] RU | 190ms
2026-02-16 09:32:40 [INFO]    [PING OK] RU | 267ms
2026-02-16 09:32:40 [INFO]    [PING OK] RU | 336ms
2026-02-16 09:32:41 [INFO]    [PING OK] RU | 230ms
2026-02-16 09:32:41 [INFO]    [PING OK] RU | 4311ms
2026-02-16 09:32:42 [INFO]    [PING OK] RU | 288ms
2026-02-16 09:32:42 [INFO]    [PING OK] RU | 4910ms
2026-02-16 09:32:42 [INFO]    [PING OK] RU | 1684ms
2026-02-16 09:32:42 [INFO]    [PING OK] RU | 276ms
2026-02-16 09:32:42 [INFO]    [PING OK] RU | 297ms
2026-02-16 09:32:43 [INFO]    [PING OK] RU | 4314ms
2026-02-16 09:32:43 [INFO]    [PING OK] RU | 1369ms
2026-02-16 09:32:43 [INFO]    [PING OK] RU | 2945ms
2026-02-16 09:32:43 [INFO]    [PING OK] RU | 2045ms
2026-02-16 09:32:43 [INFO]    [PING OK] RU | 359ms
2026-02-16 09:32:44 [INFO]    [PING OK] RU | 4415ms
2026-02-16 09:32:44 [INFO]    [PING OK] GB | 182ms
2026-02-16 09:32:44 [INFO]    [PING OK] NL | 206ms
2026-02-16 09:32:44 [INFO]    [PING OK] SG | 244ms
2026-02-16 09:32:45 [INFO]    [PING OK] RU | 2770ms
2026-02-16 09:32:45 [INFO]    [PING OK] CY | 408ms
2026-02-16 09:32:46 [INFO]    [PING OK] LV | 164ms
2026-02-16 09:32:46 [INFO]    [PING OK] MD | 227ms
2026-02-16 09:32:46 [INFO]    [PING OK] DE | 577ms
2026-02-16 09:32:47 [INFO]    [PING OK] US | 435ms
2026-02-16 09:32:47 [INFO]    [PING OK] PL | 146ms
2026-02-16 09:32:47 [INFO]    [PING OK] NL | 398ms
2026-02-16 09:32:48 [INFO]    [PING OK] DE | 212ms
2026-02-16 09:32:48 [INFO]    [PING OK] DE | 235ms
2026-02-16 09:32:49 [INFO]    [PING OK] JP | 882ms
2026-02-16 09:32:49 [INFO]    [PING OK] GB | 397ms
2026-02-16 09:32:49 [INFO]    [PING OK] DE | 160ms
2026-02-16 09:32:50 [INFO]    [PING OK] FI | 4114ms
2026-02-16 09:32:51 [INFO]    [PING OK] TR | 477ms
2026-02-16 09:32:51 [INFO]    [PING OK] LV | 324ms
2026-02-16 09:32:51 [INFO]    [PING OK] NL | 525ms
2026-02-16 09:32:51 [INFO]    [PING OK] DE | 505ms
2026-02-16 09:32:51 [INFO]    [PING OK] GB | 410ms
2026-02-16 09:32:52 [INFO]    [PING OK] NL | 223ms
2026-02-16 09:32:52 [INFO]    [PING OK] RU | 1640ms
2026-02-16 09:32:53 [INFO]    [PING OK] DE | 515ms
2026-02-16 09:32:53 [INFO]    [PING OK] RU | 461ms
2026-02-16 09:32:53 [INFO]    [PING OK] RU | 3011ms
2026-02-16 09:32:54 [INFO]    [PING OK] TR | 448ms
2026-02-16 09:32:55 [INFO]    [PING OK] CY | 378ms
2026-02-16 09:32:56 [INFO]    [PING OK] DE | 3327ms
2026-02-16 09:32:56 [INFO]    [PING OK] NL | 342ms
2026-02-16 09:32:56 [INFO]    [PING OK] DE | 191ms
2026-02-16 09:32:56 [INFO]    [PING OK] CH | 657ms
2026-02-16 09:33:04 [INFO] 🏎️ ЭТАП 2: Глубокий замер скорости для ТОП-10 серверов...
2026-02-16 09:33:11 [INFO]    🏆 GR | Пинг: 144ms | Скорость: 8.14 Mbps ⚡⚡
2026-02-16 09:33:11 [INFO]    🏆 DE | Пинг: 144ms | Скорость: 8.29 Mbps ⚡⚡
2026-02-16 09:33:11 [INFO]    🏆 PL | Пинг: 146ms | Скорость: 8.87 Mbps ⚡⚡
2026-02-16 09:33:11 [INFO]    🏆 NL | Пинг: 152ms | Скорость: 8.38 Mbps ⚡⚡
2026-02-16 09:33:11 [INFO]    🏆 DE | Пинг: 160ms | Скорость: 0.0 Mbps 
2026-02-16 09:33:11 [INFO]    🏆 LV | Пинг: 164ms | Скорость: 8.69 Mbps ⚡⚡
2026-02-16 09:33:11 [INFO]    🏆 DE | Пинг: 167ms | Скорость: 8.6 Mbps ⚡⚡
2026-02-16 09:33:11 [INFO]    🏆 PL | Пинг: 170ms | Скорость: 9.3 Mbps ⚡⚡
2026-02-16 09:33:11 [INFO]    🏆 DE | Пинг: 174ms | Скорость: 8.39 Mbps ⚡⚡
2026-02-16 09:33:11 [INFO]    🏆 RU | Пинг: 57ms | Скорость: 8.78 Mbps ⚡⚡
2026-02-16 09:33:11 [INFO] 🇷🇺 Добавлен RU сервер: 87.242.103.184
2026-02-16 09:33:11 [INFO] 📊 Итого в подписке сохранено: 10 серверов
2026-02-16 09:33:11 [INFO] 💾 Файл успешно сохранен: FL1PVPN
