2026-02-19 07:00:05 [INFO] 🚀 START: Smart VLESS Selector (Target: 10, Strict Mode)
2026-02-19 07:00:05 [INFO] 🌐 Загрузка источников...
2026-02-19 07:00:08 [INFO] 🔍 Уникальных конфигов собрано: 688
2026-02-19 07:00:08 [INFO] ⚡ ЭТАП 1: Быстрый замер Пинга (Workers: 25)...
2026-02-19 07:00:09 [INFO]    [PING OK] TR | 101ms
2026-02-19 07:00:09 [INFO]    [PING OK] DE | 273ms
2026-02-19 07:00:09 [INFO]    [PING OK] RU | 129ms
2026-02-19 07:00:10 [INFO]    [PING OK] FR | 517ms
2026-02-19 07:00:12 [INFO]    [PING OK] DE | 507ms
2026-02-19 07:00:14 [INFO]    [PING OK] DE | 975ms
2026-02-19 07:00:16 [INFO]    [PING OK] IT | 541ms
2026-02-19 07:00:16 [INFO]    [PING OK] DE | 152ms
2026-02-19 07:00:16 [INFO]    [PING OK] DE | 422ms
2026-02-19 07:00:17 [INFO]    [PING OK] FR | 1602ms
2026-02-19 07:00:18 [INFO]    [PING OK] RU | 215ms
2026-02-19 07:00:21 [INFO]    [PING OK] RU | 231ms
2026-02-19 07:00:21 [INFO]    [PING OK] RU | 347ms
2026-02-19 07:00:22 [INFO]    [PING OK] RU | 275ms
2026-02-19 07:00:22 [INFO]    [PING OK] RU | 1782ms
2026-02-19 07:00:22 [INFO]    [PING OK] RU | 67ms
2026-02-19 07:00:22 [INFO]    [PING OK] RU | 297ms
2026-02-19 07:00:23 [INFO]    [PING OK] RU | 232ms
2026-02-19 07:00:23 [INFO]    [PING OK] RU | 672ms
2026-02-19 07:00:23 [INFO]    [PING OK] RU | 266ms
2026-02-19 07:00:23 [INFO]    [PING OK] RU | 868ms
2026-02-19 07:00:24 [INFO]    [PING OK] RU | 1311ms
2026-02-19 07:00:24 [INFO]    [PING OK] RU | 239ms
2026-02-19 07:00:24 [INFO]    [PING OK] RU | 3104ms
2026-02-19 07:00:24 [INFO]    [PING OK] RU | 345ms
2026-02-19 07:00:24 [INFO]    [PING OK] RU | 257ms
2026-02-19 07:00:25 [INFO]    [PING OK] RU | 905ms
2026-02-19 07:00:25 [INFO]    [PING OK] RU | 401ms
2026-02-19 07:00:25 [INFO]    [PING OK] RU | 237ms
2026-02-19 07:00:25 [INFO]    [PING OK] RU | 4715ms
2026-02-19 07:00:25 [INFO]    [PING OK] RU | 228ms
2026-02-19 07:00:25 [INFO]    [PING OK] RU | 247ms
2026-02-19 07:00:25 [INFO]    [PING OK] RU | 243ms
2026-02-19 07:00:26 [INFO]    [PING OK] RU | 258ms
2026-02-19 07:00:26 [INFO]    [PING OK] RU | 334ms
2026-02-19 07:00:26 [INFO]    [PING OK] RU | 285ms
2026-02-19 07:00:26 [INFO]    [PING OK] RU | 246ms
2026-02-19 07:00:26 [INFO]    [PING OK] RU | 281ms
2026-02-19 07:00:26 [INFO]    [PING OK] RU | 204ms
2026-02-19 07:00:26 [INFO]    [PING OK] RU | 340ms
2026-02-19 07:00:27 [INFO]    [PING OK] RU | 312ms
2026-02-19 07:00:27 [INFO]    [PING OK] RU | 394ms
2026-02-19 07:00:27 [INFO]    [PING OK] RU | 1938ms
2026-02-19 07:00:27 [INFO]    [PING OK] RU | 280ms
2026-02-19 07:00:27 [INFO]    [PING OK] RU | 226ms
2026-02-19 07:00:28 [INFO]    [PING OK] RU | 338ms
2026-02-19 07:00:28 [INFO]    [PING OK] RU | 229ms
2026-02-19 07:00:28 [INFO]    [PING OK] RU | 321ms
2026-02-19 07:00:28 [INFO]    [PING OK] RU | 1148ms
2026-02-19 07:00:28 [INFO]    [PING OK] RU | 966ms
2026-02-19 07:00:29 [INFO]    [PING OK] RU | 191ms
2026-02-19 07:00:29 [INFO]    [PING OK] RU | 2496ms
2026-02-19 07:00:29 [INFO]    [PING OK] RU | 1914ms
2026-02-19 07:00:29 [INFO]    [PING OK] RU | 4485ms
2026-02-19 07:00:29 [INFO]    [PING OK] RU | 1647ms
2026-02-19 07:00:29 [INFO]    [PING OK] RU | 933ms
2026-02-19 07:00:30 [INFO]    [PING OK] FI | 125ms
2026-02-19 07:00:30 [INFO]    [PING OK] RU | 1313ms
2026-02-19 07:00:30 [INFO]    [PING OK] US | 180ms
2026-02-19 07:00:30 [INFO]    [PING OK] FI | 196ms
2026-02-19 07:00:30 [INFO]    [PING OK] JP | 817ms
2026-02-19 07:00:31 [INFO]    [PING OK] RU | 1671ms
2026-02-19 07:00:31 [INFO]    [PING OK] NL | 215ms
2026-02-19 07:00:31 [INFO]    [PING OK] US | 509ms
2026-02-19 07:00:31 [INFO]    [PING OK] FI | 154ms
2026-02-19 07:00:31 [INFO]    [PING OK] RU | 2229ms
2026-02-19 07:00:31 [INFO]    [PING OK] RU | 499ms
2026-02-19 07:00:31 [INFO]    [PING OK] RU | 466ms
2026-02-19 07:00:32 [INFO]    [PING OK] US | 373ms
2026-02-19 07:00:32 [INFO]    [PING OK] NL | 201ms
2026-02-19 07:00:32 [INFO]    [PING OK] CA | 442ms
2026-02-19 07:00:32 [INFO]    [PING OK] NL | 192ms
2026-02-19 07:00:32 [INFO]    [PING OK] US | 179ms
2026-02-19 07:00:32 [INFO]    [PING OK] NL | 182ms
2026-02-19 07:00:32 [INFO]    [PING OK] NL | 216ms
2026-02-19 07:00:32 [INFO]    [PING OK] DE | 182ms
2026-02-19 07:00:32 [INFO]    [PING OK] RU | 479ms
2026-02-19 07:00:33 [INFO]    [PING OK] US | 653ms
2026-02-19 07:00:33 [INFO]    [PING OK] US | 689ms
2026-02-19 07:00:33 [INFO]    [PING OK] DE | 214ms
2026-02-19 07:00:33 [INFO]    [PING OK] RU | 312ms
2026-02-19 07:00:33 [INFO]    [PING OK] IT | 251ms
2026-02-19 07:00:33 [INFO]    [PING OK] RU | 494ms
2026-02-19 07:00:33 [INFO]    [PING OK] FI | 137ms
2026-02-19 07:00:33 [INFO]    [PING OK] RU | 3970ms
2026-02-19 07:00:33 [INFO]    [PING OK] CH | 220ms
2026-02-19 07:00:33 [INFO]    [PING OK] LV | 176ms
2026-02-19 07:00:33 [INFO]    [PING OK] RU | 107ms
2026-02-19 07:00:33 [INFO]    [PING OK] US | 1193ms
2026-02-19 07:00:33 [INFO]    [PING OK] JP | 641ms
2026-02-19 07:00:34 [INFO]    [PING OK] US | 674ms
2026-02-19 07:00:34 [INFO]    [PING OK] RU | 349ms
2026-02-19 07:00:34 [INFO]    [PING OK] NL | 1250ms
2026-02-19 07:00:34 [INFO]    [PING OK] NL | 679ms
2026-02-19 07:00:34 [INFO]    [PING OK] CA | 420ms
2026-02-19 07:00:34 [INFO]    [PING OK] US | 674ms
2026-02-19 07:00:34 [INFO]    [PING OK] FI | 117ms
2026-02-19 07:00:34 [INFO]    [PING OK] CA | 403ms
2026-02-19 07:00:34 [INFO]    [PING OK] DE | 227ms
2026-02-19 07:00:34 [INFO]    [PING OK] LV | 171ms
2026-02-19 07:00:34 [INFO]    [PING OK] NL | 207ms
2026-02-19 07:00:35 [INFO]    [PING OK] IT | 543ms
2026-02-19 07:00:36 [INFO]    [PING OK] UZ | 292ms
2026-02-19 07:00:36 [INFO]    [PING OK] CY | 196ms
2026-02-19 07:00:36 [INFO]    [PING OK] FR | 1951ms
2026-02-19 07:00:36 [INFO]    [PING OK] RU | 3048ms
2026-02-19 07:00:37 [INFO]    [PING OK] JP | 1148ms
2026-02-19 07:00:37 [INFO]    [PING OK] AT | 212ms
2026-02-19 07:00:37 [INFO]    [PING OK] US | 645ms
2026-02-19 07:00:38 [INFO]    [PING OK] MD | 159ms
2026-02-19 07:00:38 [INFO]    [PING OK] NL | 1882ms
2026-02-19 07:00:39 [INFO]    [PING OK] FI | 159ms
2026-02-19 07:00:40 [INFO]    [PING OK] FI | 221ms
2026-02-19 07:00:40 [INFO]    [PING OK] LV | 433ms
2026-02-19 07:00:41 [INFO]    [PING OK] FI | 131ms
2026-02-19 07:00:41 [INFO]    [PING OK] HU | 342ms
2026-02-19 07:00:42 [INFO]    [PING OK] US | 974ms
2026-02-19 07:00:43 [INFO]    [PING OK] TR | 2367ms
2026-02-19 07:00:58 [INFO]    [PING OK] US | 2352ms
2026-02-19 07:01:04 [INFO]    [PING OK] SG | 454ms
2026-02-19 07:01:10 [INFO] 🏎️ ЭТАП 2: Глубокий замер скорости для ТОП-10 серверов...
2026-02-19 07:01:13 [INFO]    🏆 TR | Пинг: 101ms | Скорость: 8.66 Mbps ⚡⚡
2026-02-19 07:01:13 [INFO]    🏆 FI | Пинг: 117ms | Скорость: 8.81 Mbps ⚡⚡
2026-02-19 07:01:13 [INFO]    🏆 FI | Пинг: 125ms | Скорость: 8.71 Mbps ⚡⚡
2026-02-19 07:01:13 [INFO]    🏆 FI | Пинг: 131ms | Скорость: 8.62 Mbps ⚡⚡
2026-02-19 07:01:13 [INFO]    🏆 FI | Пинг: 137ms | Скорость: 8.71 Mbps ⚡⚡
2026-02-19 07:01:13 [INFO]    🏆 DE | Пинг: 152ms | Скорость: 8.94 Mbps ⚡⚡
2026-02-19 07:01:13 [INFO]    🏆 FI | Пинг: 154ms | Скорость: 8.35 Mbps ⚡⚡
2026-02-19 07:01:13 [INFO]    🏆 MD | Пинг: 159ms | Скорость: 9.01 Mbps ⚡⚡
2026-02-19 07:01:13 [INFO]    🏆 FI | Пинг: 159ms | Скорость: 9.37 Mbps ⚡⚡
2026-02-19 07:01:13 [INFO]    🏆 RU | Пинг: 67ms | Скорость: 9.13 Mbps ⚡⚡
2026-02-19 07:01:13 [INFO] 🇷🇺 Добавлен RU сервер: 87.242.103.184
2026-02-19 07:01:13 [INFO] 📊 Итого в подписке сохранено: 10 серверов
2026-02-19 07:01:13 [INFO] 💾 Файл успешно сохранен: FL1PVPN
