2026-02-17 07:30:06 [INFO] 🚀 START: Smart VLESS Selector (Target: 10, Strict Mode)
2026-02-17 07:30:06 [INFO] 🌐 Загрузка источников...
2026-02-17 07:30:08 [INFO] 🔍 Уникальных конфигов собрано: 669
2026-02-17 07:30:08 [INFO] ⚡ ЭТАП 1: Быстрый замер Пинга (Workers: 25)...
2026-02-17 07:30:09 [INFO]    [PING OK] DE | 252ms
2026-02-17 07:30:11 [INFO]    [PING OK] DE | 148ms
2026-02-17 07:30:13 [INFO]    [PING OK] US | 696ms
2026-02-17 07:30:15 [INFO]    [PING OK] DE | 526ms
2026-02-17 07:30:16 [INFO]    [PING OK] DE | 160ms
2026-02-17 07:30:17 [INFO]    [PING OK] RU | 227ms
2026-02-17 07:30:18 [INFO]    [PING OK] DE | 1304ms
2026-02-17 07:30:18 [INFO]    [PING OK] FR | 188ms
2026-02-17 07:30:19 [INFO]    [PING OK] US | 530ms
2026-02-17 07:30:20 [INFO]    [PING OK] FR | 274ms
2026-02-17 07:30:20 [INFO]    [PING OK] NL | 150ms
2026-02-17 07:30:21 [INFO]    [PING OK] RU | 239ms
2026-02-17 07:30:22 [INFO]    [PING OK] RU | 103ms
2026-02-17 07:30:22 [INFO]    [PING OK] DE | 184ms
2026-02-17 07:30:22 [INFO]    [PING OK] NL | 187ms
2026-02-17 07:30:22 [INFO]    [PING OK] DE | 203ms
2026-02-17 07:30:22 [INFO]    [PING OK] DE | 169ms
2026-02-17 07:30:22 [INFO]    [PING OK] RU | 71ms
2026-02-17 07:30:22 [INFO]    [PING OK] RU | 104ms
2026-02-17 07:30:23 [INFO]    [PING OK] RU | 406ms
2026-02-17 07:30:23 [INFO]    [PING OK] RU | 168ms
2026-02-17 07:30:23 [INFO]    [PING OK] RU | 87ms
2026-02-17 07:30:23 [INFO]    [PING OK] US | 583ms
2026-02-17 07:30:23 [INFO]    [PING OK] DE | 166ms
2026-02-17 07:30:23 [INFO]    [PING OK] NL | 213ms
2026-02-17 07:30:23 [INFO]    [PING OK] RU | 170ms
2026-02-17 07:30:23 [INFO]    [PING OK] RU | 526ms
2026-02-17 07:30:24 [INFO]    [PING OK] RU | 127ms
2026-02-17 07:30:24 [INFO]    [PING OK] EE | 1124ms
2026-02-17 07:30:24 [INFO]    [PING OK] RU | 173ms
2026-02-17 07:30:24 [INFO]    [PING OK] RU | 202ms
2026-02-17 07:30:24 [INFO]    [PING OK] RU | 267ms
2026-02-17 07:30:24 [INFO]    [PING OK] US | 178ms
2026-02-17 07:30:24 [INFO]    [PING OK] RU | 128ms
2026-02-17 07:30:24 [INFO]    [PING OK] RU | 61ms
2026-02-17 07:30:24 [INFO]    [PING OK] FI | 188ms
2026-02-17 07:30:24 [INFO]    [PING OK] FI | 112ms
2026-02-17 07:30:25 [INFO]    [PING OK] NL | 175ms
2026-02-17 07:30:25 [INFO]    [PING OK] US | 194ms
2026-02-17 07:30:25 [INFO]    [PING OK] US | 549ms
2026-02-17 07:30:25 [INFO]    [PING OK] PL | 179ms
2026-02-17 07:30:25 [INFO]    [PING OK] RU | 310ms
2026-02-17 07:30:25 [INFO]    [PING OK] RU | 529ms
2026-02-17 07:30:25 [INFO]    [PING OK] NL | 225ms
2026-02-17 07:30:25 [INFO]    [PING OK] CA | 427ms
2026-02-17 07:30:26 [INFO]    [PING OK] RU | 189ms
2026-02-17 07:30:26 [INFO]    [PING OK] CA | 420ms
2026-02-17 07:30:26 [INFO]    [PING OK] CA | 424ms
2026-02-17 07:30:26 [INFO]    [PING OK] US | 393ms
2026-02-17 07:30:26 [INFO]    [PING OK] RU | 217ms
2026-02-17 07:30:26 [INFO]    [PING OK] RU | 535ms
2026-02-17 07:30:26 [INFO]    [PING OK] RU | 206ms
2026-02-17 07:30:26 [INFO]    [PING OK] RU | 146ms
2026-02-17 07:30:26 [INFO]    [PING OK] FI | 158ms
2026-02-17 07:30:27 [INFO]    [PING OK] RU | 320ms
2026-02-17 07:30:27 [INFO]    [PING OK] RU | 153ms
2026-02-17 07:30:27 [INFO]    [PING OK] RU | 492ms
2026-02-17 07:30:27 [INFO]    [PING OK] RU | 507ms
2026-02-17 07:30:27 [INFO]    [PING OK] RU | 109ms
2026-02-17 07:30:27 [INFO]    [PING OK] RU | 571ms
2026-02-17 07:30:27 [INFO]    [PING OK] RU | 1433ms
2026-02-17 07:30:27 [INFO]    [PING OK] US | 590ms
2026-02-17 07:30:27 [INFO]    [PING OK] FI | 601ms
2026-02-17 07:30:27 [INFO]    [PING OK] RU | 313ms
2026-02-17 07:30:27 [INFO]    [PING OK] IT | 219ms
2026-02-17 07:30:27 [INFO]    [PING OK] RU | 100ms
2026-02-17 07:30:28 [INFO]    [PING OK] RU | 387ms
2026-02-17 07:30:28 [INFO]    [PING OK] DE | 165ms
2026-02-17 07:30:28 [INFO]    [PING OK] RU | 136ms
2026-02-17 07:30:28 [INFO]    [PING OK] RU | 118ms
2026-02-17 07:30:28 [INFO]    [PING OK] RU | 215ms
2026-02-17 07:30:28 [INFO]    [PING OK] PL | 152ms
2026-02-17 07:30:28 [INFO]    [PING OK] US | 608ms
2026-02-17 07:30:28 [INFO]    [PING OK] RU | 482ms
2026-02-17 07:30:28 [INFO]    [PING OK] RU | 499ms
2026-02-17 07:30:28 [INFO]    [PING OK] FI | 251ms
2026-02-17 07:30:28 [INFO]    [PING OK] RU | 218ms
2026-02-17 07:30:28 [INFO]    [PING OK] RU | 230ms
2026-02-17 07:30:29 [INFO]    [PING OK] US | 5002ms
2026-02-17 07:30:29 [INFO]    [PING OK] RU | 269ms
2026-02-17 07:30:29 [INFO]    [PING OK] US | 364ms
2026-02-17 07:30:29 [INFO]    [PING OK] RU | 296ms
2026-02-17 07:30:29 [INFO]    [PING OK] NL | 164ms
2026-02-17 07:30:29 [INFO]    [PING OK] RU | 405ms
2026-02-17 07:30:29 [INFO]    [PING OK] NL | 213ms
2026-02-17 07:30:29 [INFO]    [PING OK] JP | 660ms
2026-02-17 07:30:29 [INFO]    [PING OK] RU | 486ms
2026-02-17 07:30:29 [INFO]    [PING OK] CH | 207ms
2026-02-17 07:30:29 [INFO]    [PING OK] RU | 207ms
2026-02-17 07:30:29 [INFO]    [PING OK] RU | 370ms
2026-02-17 07:30:29 [INFO]    [PING OK] RU | 187ms
2026-02-17 07:30:30 [INFO]    [PING OK] RU | 230ms
2026-02-17 07:30:30 [INFO]    [PING OK] US | 1239ms
2026-02-17 07:30:30 [INFO]    [PING OK] HU | 337ms
2026-02-17 07:30:30 [INFO]    [PING OK] DE | 888ms
2026-02-17 07:30:30 [INFO]    [PING OK] RU | 516ms
2026-02-17 07:30:30 [INFO]    [PING OK] RU | 411ms
2026-02-17 07:30:30 [INFO]    [PING OK] US | 161ms
2026-02-17 07:30:30 [INFO]    [PING OK] LV | 167ms
2026-02-17 07:30:30 [INFO]    [PING OK] FI | 256ms
2026-02-17 07:30:30 [INFO]    [PING OK] US | 162ms
2026-02-17 07:30:30 [INFO]    [PING OK] IT | 225ms
2026-02-17 07:30:31 [INFO]    [PING OK] RU | 476ms
2026-02-17 07:30:31 [INFO]    [PING OK] IT | 239ms
2026-02-17 07:30:31 [INFO]    [PING OK] US | 180ms
2026-02-17 07:30:31 [INFO]    [PING OK] RU | 166ms
2026-02-17 07:30:31 [INFO]    [PING OK] NL | 209ms
2026-02-17 07:30:31 [INFO]    [PING OK] DE | 161ms
2026-02-17 07:30:31 [INFO]    [PING OK] RU | 631ms
2026-02-17 07:30:31 [INFO]    [PING OK] US | 4364ms
2026-02-17 07:30:32 [INFO]    [PING OK] RU | 238ms
2026-02-17 07:30:32 [INFO]    [PING OK] NL | 205ms
2026-02-17 07:30:32 [INFO]    [PING OK] RU | 297ms
2026-02-17 07:30:32 [INFO]    [PING OK] RU | 330ms
2026-02-17 07:30:32 [INFO]    [PING OK] RU | 1137ms
2026-02-17 07:30:32 [INFO]    [PING OK] FI | 105ms
2026-02-17 07:30:32 [INFO]    [PING OK] RU | 214ms
2026-02-17 07:30:32 [INFO]    [PING OK] JP | 828ms
2026-02-17 07:30:32 [INFO]    [PING OK] RU | 283ms
2026-02-17 07:30:32 [INFO]    [PING OK] RU | 215ms
2026-02-17 07:30:32 [INFO]    [PING OK] RU | 139ms
2026-02-17 07:30:32 [INFO]    [PING OK] RU | 314ms
2026-02-17 07:30:33 [INFO]    [PING OK] RU | 234ms
2026-02-17 07:30:33 [INFO]    [PING OK] RU | 195ms
2026-02-17 07:30:33 [INFO]    [PING OK] RU | 297ms
2026-02-17 07:30:33 [INFO]    [PING OK] RU | 216ms
2026-02-17 07:30:33 [INFO]    [PING OK] RU | 189ms
2026-02-17 07:30:33 [INFO]    [PING OK] RU | 302ms
2026-02-17 07:30:33 [INFO]    [PING OK] GB | 498ms
2026-02-17 07:30:33 [INFO]    [PING OK] RU | 336ms
2026-02-17 07:30:33 [INFO]    [PING OK] RU | 826ms
2026-02-17 07:30:33 [INFO]    [PING OK] RU | 1323ms
2026-02-17 07:30:33 [INFO]    [PING OK] RU | 314ms
2026-02-17 07:30:33 [INFO]    [PING OK] RU | 1596ms
2026-02-17 07:30:34 [INFO]    [PING OK] RU | 4229ms
2026-02-17 07:30:34 [INFO]    [PING OK] RU | 2318ms
2026-02-17 07:30:34 [INFO]    [PING OK] RU | 270ms
2026-02-17 07:30:34 [INFO]    [PING OK] RU | 879ms
2026-02-17 07:30:34 [INFO]    [PING OK] RU | 806ms
2026-02-17 07:30:34 [INFO]    [PING OK] RU | 189ms
2026-02-17 07:30:34 [INFO]    [PING OK] RU | 91ms
2026-02-17 07:30:34 [INFO]    [PING OK] RU | 291ms
2026-02-17 07:30:34 [INFO]    [PING OK] RU | 208ms
2026-02-17 07:30:34 [INFO]    [PING OK] PL | 153ms
2026-02-17 07:30:34 [INFO]    [PING OK] RU | 264ms
2026-02-17 07:30:34 [INFO]    [PING OK] RU | 246ms
2026-02-17 07:30:35 [INFO]    [PING OK] RU | 353ms
2026-02-17 07:30:35 [INFO]    [PING OK] RU | 229ms
2026-02-17 07:30:35 [INFO]    [PING OK] RU | 4032ms
2026-02-17 07:30:35 [INFO]    [PING OK] DE | 186ms
2026-02-17 07:30:35 [INFO]    [PING OK] FR | 257ms
2026-02-17 07:30:35 [INFO]    [PING OK] RU | 883ms
2026-02-17 07:30:36 [INFO]    [PING OK] RU | 3241ms
2026-02-17 07:30:36 [INFO]    [PING OK] RU | 3252ms
2026-02-17 07:30:37 [INFO]    [PING OK] RU | 432ms
2026-02-17 07:30:42 [INFO]    [PING OK] US | 1056ms
2026-02-17 07:30:42 [INFO]    [PING OK] NL | 502ms
2026-02-17 07:30:44 [INFO]    [PING OK] RU | 107ms
2026-02-17 07:30:44 [INFO]    [PING OK] TR | 256ms
2026-02-17 07:30:52 [INFO]    [PING OK] FR | 663ms
2026-02-17 07:30:54 [INFO]    [PING OK] DE | 155ms
2026-02-17 07:30:58 [INFO]    [PING OK] LT | 134ms
2026-02-17 07:31:03 [INFO]    [PING OK] DE | 213ms
2026-02-17 07:31:04 [INFO]    [PING OK] LT | 3840ms
2026-02-17 07:31:04 [INFO]    [PING OK] DE | 1985ms
2026-02-17 07:31:05 [INFO]    [PING OK] RU | 112ms
2026-02-17 07:31:05 [INFO]    [PING OK] GR | 113ms
2026-02-17 07:31:06 [INFO]    [PING OK] PL | 657ms
2026-02-17 07:31:07 [INFO]    [PING OK] DE | 232ms
2026-02-17 07:31:09 [INFO]    [PING OK] PL | 89ms
2026-02-17 07:31:09 [INFO]    [PING OK] NL | 331ms
2026-02-17 07:31:11 [INFO]    [PING OK] EE | 257ms
2026-02-17 07:31:12 [INFO]    [PING OK] DE | 233ms
2026-02-17 07:31:13 [INFO]    [PING OK] AT | 763ms
2026-02-17 07:31:13 [INFO]    [PING OK] PL | 607ms
2026-02-17 07:31:15 [INFO]    [PING OK] CY | 177ms
2026-02-17 07:31:17 [INFO]    [PING OK] US | 441ms
2026-02-17 07:31:19 [INFO]    [PING OK] RU | 121ms
2026-02-17 07:31:21 [INFO]    [PING OK] LT | 140ms
2026-02-17 07:31:22 [INFO]    [PING OK] NL | 433ms
2026-02-17 07:31:29 [INFO]    [PING OK] NL | 360ms
2026-02-17 07:31:29 [INFO]    [PING OK] NL | 293ms
2026-02-17 07:31:30 [INFO]    [PING OK] US | 560ms
2026-02-17 07:31:30 [INFO]    [PING OK] NL | 224ms
2026-02-17 07:31:30 [INFO]    [PING OK] US | 763ms
2026-02-17 07:31:31 [INFO]    [PING OK] PL | 204ms
2026-02-17 07:31:32 [INFO]    [PING OK] US | 621ms
2026-02-17 07:31:33 [INFO]    [PING OK] LT | 145ms
2026-02-17 07:31:33 [INFO]    [PING OK] LV | 521ms
2026-02-17 07:31:34 [INFO]    [PING OK] LV | 171ms
2026-02-17 07:31:34 [INFO]    [PING OK] MD | 240ms
2026-02-17 07:31:38 [INFO] 🏎️ ЭТАП 2: Глубокий замер скорости для ТОП-10 серверов...
2026-02-17 07:31:42 [INFO]    🏆 PL | Пинг: 89ms | Скорость: 8.18 Mbps ⚡⚡
2026-02-17 07:31:42 [INFO]    🏆 FI | Пинг: 105ms | Скорость: 8.28 Mbps ⚡⚡
2026-02-17 07:31:42 [INFO]    🏆 FI | Пинг: 112ms | Скорость: 8.33 Mbps ⚡⚡
2026-02-17 07:31:42 [INFO]    🏆 GR | Пинг: 113ms | Скорость: 8.34 Mbps ⚡⚡
2026-02-17 07:31:42 [INFO]    🏆 LT | Пинг: 134ms | Скорость: 8.41 Mbps ⚡⚡
2026-02-17 07:31:42 [INFO]    🏆 LT | Пинг: 140ms | Скорость: 8.5 Mbps ⚡⚡
2026-02-17 07:31:42 [INFO]    🏆 LT | Пинг: 145ms | Скорость: 8.57 Mbps ⚡⚡
2026-02-17 07:31:42 [INFO]    🏆 DE | Пинг: 148ms | Скорость: 8.7 Mbps ⚡⚡
2026-02-17 07:31:42 [INFO]    🏆 NL | Пинг: 150ms | Скорость: 8.53 Mbps ⚡⚡
2026-02-17 07:31:42 [INFO]    🏆 RU | Пинг: 61ms | Скорость: 0.0 Mbps 
2026-02-17 07:31:42 [INFO] 🇷🇺 Добавлен RU сервер: 83.166.255.72
2026-02-17 07:31:42 [INFO] 📊 Итого в подписке сохранено: 10 серверов
2026-02-17 07:31:42 [INFO] 💾 Файл успешно сохранен: FL1PVPN
