2026-02-23 19:30:06 [INFO] 🚀 START: Smart Selector (Target: 10, ONLY FOREIGN)
2026-02-23 19:30:06 [INFO] 🌐 Загрузка источников (VLESS + VMess)...
2026-02-23 19:30:08 [INFO] 🔍 Уникальных конфигов собрано: 230
2026-02-23 19:30:08 [INFO] ⚡ ЭТАП 1: Замер Пинга и Геолокации. Workers: 40...
2026-02-23 19:30:14 [INFO]    [PING OK] DE | VLESS | 4711ms
2026-02-23 19:30:14 [INFO]    [PING OK] TR | VLESS | 4603ms
2026-02-23 19:30:14 [INFO]    [PING OK] TR | VLESS | 4748ms
2026-02-23 19:30:14 [INFO]    [PING OK] PL | VLESS | 4837ms
2026-02-23 19:30:14 [INFO]    [PING OK] ES | VLESS | 4735ms
2026-02-23 19:30:14 [INFO]    [PING OK] IT | VLESS | 4691ms
2026-02-23 19:30:14 [INFO]    [PING OK] TR | VLESS | 4468ms
2026-02-23 19:30:14 [INFO]    [PING OK] HU | VLESS | 4706ms
2026-02-23 19:30:14 [INFO]    [PING OK] ES | VLESS | 4868ms
2026-02-23 19:30:15 [INFO]    [PING OK] NL | VLESS | 4557ms
2026-02-23 19:30:15 [INFO]    [PING OK] HU | VLESS | 4959ms
2026-02-23 19:30:15 [INFO]    [PING OK] US | VLESS | 4752ms
2026-02-23 19:30:15 [INFO]    [PING OK] PL | VLESS | 5380ms
2026-02-23 19:30:15 [INFO]    [PING OK] ES | VLESS | 4492ms
2026-02-23 19:30:15 [INFO]    [PING OK] NL | VLESS | 4586ms
2026-02-23 19:30:15 [INFO]    [PING OK] IN | VLESS | 4825ms
2026-02-23 19:30:15 [INFO]    [PING OK] HU | VLESS | 4633ms
2026-02-23 19:30:15 [INFO]    [PING OK] TR | VLESS | 3983ms
2026-02-23 19:30:15 [INFO]    [PING OK] NL | VLESS | 4014ms
2026-02-23 19:30:15 [INFO]    [PING OK] CA | VLESS | 5254ms
2026-02-23 19:30:15 [INFO]    [PING OK] ES | VLESS | 4166ms
2026-02-23 19:30:17 [INFO]    [PING OK] DE | VLESS | 3670ms
2026-02-23 19:30:17 [INFO]    [PING OK] DE | VLESS | 7833ms
2026-02-23 19:30:17 [INFO]    [PING OK] IT | VLESS | 3889ms
2026-02-23 19:30:19 [INFO]    [PING OK] CA | VLESS | 3819ms
2026-02-23 19:30:19 [INFO]    [PING OK] US | VLESS | 3990ms
2026-02-23 19:30:19 [INFO]    [PING OK] FI | VLESS | 3940ms
2026-02-23 19:30:19 [INFO]    [PING OK] ES | VLESS | 4043ms
2026-02-23 19:30:19 [INFO]    [PING OK] HU | VLESS | 3865ms
2026-02-23 19:30:19 [INFO]    [PING OK] LV | VLESS | 4020ms
2026-02-23 19:30:19 [INFO]    [PING OK] JP | VLESS | 3879ms
2026-02-23 19:30:20 [INFO]    [PING OK] NL | VLESS | 4049ms
2026-02-23 19:30:20 [INFO]    [PING OK] FI | VLESS | 3787ms
2026-02-23 19:30:20 [INFO]    [PING OK] DE | VLESS | 4475ms
2026-02-23 19:30:20 [INFO]    [PING OK] JP | VLESS | 4088ms
2026-02-23 19:30:20 [INFO]    [PING OK] ES | VLESS | 3750ms
2026-02-23 19:30:20 [INFO]    [PING OK] FI | VLESS | 3988ms
2026-02-23 19:30:20 [INFO]    [PING OK] CA | VLESS | 4307ms
2026-02-23 19:30:20 [INFO]    [PING OK] US | VLESS | 9377ms
2026-02-23 19:30:20 [INFO]    [PING OK] IT | VLESS | 3720ms
2026-02-23 19:30:21 [INFO]    [PING OK] PL | VLESS | 3565ms
2026-02-23 19:30:21 [INFO]    [PING OK] JP | VLESS | 4304ms
2026-02-23 19:30:22 [INFO]    [PING OK] NL | VLESS | 3865ms
2026-02-23 19:30:23 [INFO]    [PING OK] DE | VLESS | 5901ms
2026-02-23 19:30:23 [INFO]    [PING OK] FI | VLESS | 4383ms
2026-02-23 19:30:24 [INFO]    [PING OK] NL | VLESS | 7990ms
2026-02-23 19:30:24 [INFO]    [PING OK] NL | VLESS | 4716ms
2026-02-23 19:30:25 [INFO]    [PING OK] FI | VLESS | 5248ms
2026-02-23 19:30:25 [INFO]    [PING OK] EE | VLESS | 4952ms
2026-02-23 19:30:26 [INFO]    [PING OK] JP | VLESS | 5131ms
2026-02-23 19:30:26 [INFO]    [PING OK] DE | VLESS | 5080ms
2026-02-23 19:30:26 [INFO]    [PING OK] CH | VLESS | 5244ms
2026-02-23 19:30:26 [INFO]    [PING OK] NL | VLESS | 5382ms
2026-02-23 19:30:26 [INFO]    [PING OK] US | VLESS | 5337ms
2026-02-23 19:30:26 [INFO]    [PING OK] LT | VLESS | 5144ms
2026-02-23 19:30:26 [INFO]    [PING OK] NL | VLESS | 5034ms
2026-02-23 19:30:26 [INFO]    [PING OK] NL | VLESS | 5423ms
2026-02-23 19:30:26 [INFO]    [PING OK] SE | VLESS | 4866ms
2026-02-23 19:30:26 [INFO]    [PING OK] DE | VLESS | 5170ms
2026-02-23 19:30:26 [INFO]    [PING OK] NL | VLESS | 5376ms
2026-02-23 19:30:27 [INFO]    [PING OK] SE | VLESS | 5527ms
2026-02-23 19:30:27 [INFO]    [PING OK] SE | VLESS | 5367ms
2026-02-23 19:30:27 [INFO]    [PING OK] US | VLESS | 5844ms
2026-02-23 19:30:28 [INFO]    [PING OK] CA | VLESS | 5783ms
2026-02-23 19:30:29 [INFO]    [PING OK] SE | VLESS | 5107ms
2026-02-23 19:30:29 [INFO]    [PING OK] DE | VLESS | 6294ms
2026-02-23 19:30:29 [INFO]    [PING OK] FI | VLESS | 5598ms
2026-02-23 19:30:30 [INFO]    [PING OK] SE | VLESS | 5266ms
2026-02-23 19:30:30 [INFO]    [PING OK] CA | VLESS | 6288ms
2026-02-23 19:30:30 [INFO]    [PING OK] DE | VLESS | 5500ms
2026-02-23 19:30:31 [INFO]    [PING OK] SE | VLESS | 5342ms
2026-02-23 19:30:31 [INFO]    [PING OK] SE | VLESS | 5467ms
2026-02-23 19:30:32 [INFO]    [PING OK] CA | VLESS | 5921ms
2026-02-23 19:30:32 [INFO]    [PING OK] SE | VLESS | 5274ms
2026-02-23 19:30:32 [INFO]    [PING OK] CA | VLESS | 5806ms
2026-02-23 19:30:32 [INFO]    [PING OK] SE | VLESS | 4976ms
2026-02-23 19:30:32 [INFO]    [PING OK] SE | VLESS | 5309ms
2026-02-23 19:30:32 [INFO]    [PING OK] CA | VLESS | 4884ms
2026-02-23 19:30:32 [INFO]    [PING OK] SE | VLESS | 4385ms
2026-02-23 19:30:33 [INFO]    [PING OK] CA | VLESS | 7656ms
2026-02-23 19:30:33 [INFO]    [PING OK] FI | VLESS | 3554ms
2026-02-23 19:30:33 [INFO]    [PING OK] SE | VLESS | 3973ms
2026-02-23 19:30:33 [INFO]    [PING OK] SE | VLESS | 3582ms
2026-02-23 19:30:33 [INFO]    [PING OK] DE | VLESS | 3673ms
2026-02-23 19:30:33 [INFO]    [PING OK] SE | VLESS | 3224ms
2026-02-23 19:30:33 [INFO]    [PING OK] SE | VLESS | 2163ms
2026-02-23 19:30:33 [INFO]    [PING OK] CA | VLESS | 3380ms
2026-02-23 19:30:35 [INFO]    [PING OK] US | VLESS | 5081ms
2026-02-23 19:30:35 [INFO]    [PING OK] CA | VLESS | 9194ms
2026-02-23 19:30:36 [INFO]    [PING OK] CA | VLESS | 6147ms
2026-02-23 19:30:38 [INFO] 🏎️ ЭТАП 2: Глубокий замер скорости для 40 иностранных кандидатов...
2026-02-23 19:30:42 [INFO]    🏆 FI | VLESS | Пинг: 3554ms | Скорость: 6.56 Mbps ⚡⚡
2026-02-23 19:30:42 [INFO]    🏆 FI | VLESS | Пинг: 3787ms | Скорость: 6.8 Mbps ⚡⚡
2026-02-23 19:30:42 [INFO]    🏆 NL | VLESS | Пинг: 3865ms | Скорость: 6.94 Mbps ⚡⚡
2026-02-23 19:30:42 [INFO]    🏆 PL | VLESS | Пинг: 3565ms | Скорость: 5.77 Mbps ⚡⚡
2026-02-23 19:30:43 [INFO]    🏆 JP | VLESS | Пинг: 3879ms | Скорость: 4.78 Mbps ⚡⚡
2026-02-23 19:30:43 [INFO]    🏆 CA | VLESS | Пинг: 3819ms | Скорость: 4.61 Mbps ⚡⚡
2026-02-23 19:30:43 [INFO]    🏆 CA | VLESS | Пинг: 3380ms | Скорость: 4.18 Mbps ⚡⚡
2026-02-23 19:30:45 [INFO]    🏆 IT | VLESS | Пинг: 3720ms | Скорость: 1.84 Mbps ⚡
2026-02-23 19:30:45 [INFO]    🏆 ES | VLESS | Пинг: 3750ms | Скорость: 0.68 Mbps 
2026-02-23 19:30:45 [INFO]    🏆 HU | VLESS | Пинг: 3865ms | Скорость: 1.55 Mbps ⚡
2026-02-23 19:30:45 [INFO]    🏆 SE | VLESS | Пинг: 3973ms | Скорость: 6.58 Mbps ⚡⚡
2026-02-23 19:30:46 [INFO]    🏆 NL | VLESS | Пинг: 4014ms | Скорость: 11.37 Mbps ⚡⚡
2026-02-23 19:30:46 [INFO]    🏆 LV | VLESS | Пинг: 4020ms | Скорость: 12.33 Mbps ⚡⚡
2026-02-23 19:30:46 [INFO]    🏆 TR | VLESS | Пинг: 3983ms | Скорость: 6.68 Mbps ⚡⚡
2026-02-23 19:30:46 [INFO]    🏆 US | VLESS | Пинг: 3990ms | Скорость: 6.93 Mbps ⚡⚡
2026-02-23 19:30:47 [INFO]    🏆 FI | VLESS | Пинг: 3988ms | Скорость: 4.88 Mbps ⚡⚡
2026-02-23 19:30:48 [INFO]    🏆 NL | VLESS | Пинг: 4049ms | Скорость: 8.9 Mbps ⚡⚡
2026-02-23 19:30:48 [INFO]    🏆 ES | VLESS | Пинг: 4043ms | Скорость: 5.63 Mbps ⚡⚡
2026-02-23 19:30:49 [INFO]    🏆 IT | VLESS | Пинг: 3889ms | Скорость: 2.09 Mbps ⚡
2026-02-23 19:30:49 [INFO]    🏆 NL | VLESS | Пинг: 4557ms | Скорость: 10.09 Mbps ⚡⚡
2026-02-23 19:30:49 [INFO]    🏆 NL | VLESS | Пинг: 4586ms | Скорость: 11.02 Mbps ⚡⚡
2026-02-23 19:30:49 [INFO]    🏆 FI | VLESS | Пинг: 4383ms | Скорость: 6.66 Mbps ⚡⚡
2026-02-23 19:30:49 [INFO]    🏆 TR | VLESS | Пинг: 4468ms | Скорость: 7.3 Mbps ⚡⚡
2026-02-23 19:30:49 [INFO]    🏆 ES | VLESS | Пинг: 4492ms | Скорость: 7.57 Mbps ⚡⚡
2026-02-23 19:30:49 [INFO]    🏆 JP | VLESS | Пинг: 4088ms | Скорость: 5.57 Mbps ⚡⚡
2026-02-23 19:30:50 [INFO]    🏆 JP | VLESS | Пинг: 4304ms | Скорость: 4.94 Mbps ⚡⚡
2026-02-23 19:30:50 [INFO]    🏆 HU | VLESS | Пинг: 4633ms | Скорость: 10.93 Mbps ⚡⚡
2026-02-23 19:30:50 [INFO]    🏆 TR | VLESS | Пинг: 4603ms | Скорость: 9.54 Mbps ⚡⚡
2026-02-23 19:30:51 [INFO]    🏆 HU | VLESS | Пинг: 4706ms | Скорость: 12.32 Mbps ⚡⚡
2026-02-23 19:30:51 [INFO]    🏆 IT | VLESS | Пинг: 4691ms | Скорость: 7.05 Mbps ⚡⚡
2026-02-23 19:30:52 [INFO]    🏆 ES | VLESS | Пинг: 4166ms | Скорость: 0.98 Mbps 
2026-02-23 19:30:52 [INFO] 📊 Итого в подписке сохранено иностранных серверов: 10
2026-02-23 19:30:52 [INFO] 💾 Файл успешно сохранен: FL1PVPN
