2026-02-25 15:10:06 [INFO] 🚀 START: Smart Selector (Target: 10, ONLY FOREIGN)
2026-02-25 15:10:06 [INFO] 🌐 Загрузка источников (VLESS + VMess)...
2026-02-25 15:10:07 [INFO] 🔍 Уникальных конфигов собрано: 201
2026-02-25 15:10:07 [INFO] ⚡ ЭТАП 1: Замер Пинга и Геолокации. Workers: 40...
2026-02-25 15:10:13 [INFO]    [PING OK] DE | VLESS | 4868ms
2026-02-25 15:10:13 [INFO]    [PING OK] DE | VLESS | 4697ms
2026-02-25 15:10:14 [INFO]    [PING OK] DE | VLESS | 5024ms
2026-02-25 15:10:14 [INFO]    [PING OK] NL | VLESS | 5027ms
2026-02-25 15:10:14 [INFO]    [PING OK] DE | VLESS | 4950ms
2026-02-25 15:10:14 [INFO]    [PING OK] DE | VLESS | 4762ms
2026-02-25 15:10:14 [INFO]    [PING OK] DE | VLESS | 4733ms
2026-02-25 15:10:14 [INFO]    [PING OK] DE | VLESS | 4860ms
2026-02-25 15:10:15 [INFO]    [PING OK] DE | VLESS | 5478ms
2026-02-25 15:10:16 [INFO]    [PING OK] DE | VLESS | 7221ms
2026-02-25 15:10:17 [INFO]    [PING OK] NL | VLESS | 4179ms
2026-02-25 15:10:19 [INFO]    [PING OK] FR | VLESS | 5068ms
2026-02-25 15:10:21 [INFO]    [PING OK] GB | VLESS | 5333ms
2026-02-25 15:10:22 [INFO]    [PING OK] DE | VLESS | 5582ms
2026-02-25 15:10:22 [INFO]    [PING OK] NL | VLESS | 5425ms
2026-02-25 15:10:22 [INFO]    [PING OK] US | VLESS | 5434ms
2026-02-25 15:10:24 [INFO]    [PING OK] NL | VLESS | 9279ms
2026-02-25 15:10:24 [INFO]    [PING OK] US | VLESS | 5674ms
2026-02-25 15:10:25 [INFO]    [PING OK] NL | VLESS | 5516ms
2026-02-25 15:10:25 [INFO]    [PING OK] NL | VLESS | 5066ms
2026-02-25 15:10:25 [INFO]    [PING OK] TR | VLESS | 5008ms
2026-02-25 15:10:25 [INFO]    [PING OK] US | VLESS | 5009ms
2026-02-25 15:10:26 [INFO]    [PING OK] LT | VLESS | 4039ms
2026-02-25 15:10:26 [INFO]    [PING OK] DE | VLESS | 3795ms
2026-02-25 15:10:26 [INFO]    [PING OK] US | VLESS | 5898ms
2026-02-25 15:10:26 [INFO]    [PING OK] DE | VLESS | 3565ms
2026-02-25 15:10:27 [INFO]    [PING OK] US | VLESS | 2526ms
2026-02-25 15:10:27 [INFO]    [PING OK] US | VLESS | 2575ms
2026-02-25 15:10:27 [INFO]    [PING OK] US | VLESS | 2906ms
2026-02-25 15:10:28 [INFO]    [PING OK] US | VLESS | 3625ms
2026-02-25 15:10:28 [INFO]    [PING OK] US | VLESS | 7843ms
2026-02-25 15:10:28 [INFO]    [PING OK] US | VLESS | 9924ms
2026-02-25 15:10:29 [INFO]    [PING OK] US | VLESS | 4841ms
2026-02-25 15:10:32 [INFO] 🏎️ ЭТАП 2: Глубокий замер скорости для 33 иностранных кандидатов...
2026-02-25 15:10:35 [INFO]    🏆 NL | VLESS | Пинг: 4179ms | Скорость: 7.44 Mbps ⚡⚡
2026-02-25 15:10:35 [INFO]    🏆 DE | VLESS | Пинг: 3565ms | Скорость: 7.16 Mbps ⚡⚡
2026-02-25 15:10:36 [INFO]    🏆 US | VLESS | Пинг: 2575ms | Скорость: 6.42 Mbps ⚡⚡
2026-02-25 15:10:36 [INFO]    🏆 DE | VLESS | Пинг: 4733ms | Скорость: 6.36 Mbps ⚡⚡
2026-02-25 15:10:37 [INFO]    🏆 DE | VLESS | Пинг: 3795ms | Скорость: 4.62 Mbps ⚡⚡
2026-02-25 15:10:37 [INFO]    🏆 LT | VLESS | Пинг: 4039ms | Скорость: 4.43 Mbps ⚡⚡
2026-02-25 15:10:38 [INFO]    🏆 US | VLESS | Пинг: 2526ms | Скорость: 3.95 Mbps ⚡⚡
2026-02-25 15:10:38 [INFO]    🏆 US | VLESS | Пинг: 3625ms | Скорость: 3.6 Mbps ⚡⚡
2026-02-25 15:10:39 [INFO]    🏆 US | VLESS | Пинг: 2906ms | Скорость: 3.36 Mbps ⚡⚡
2026-02-25 15:10:39 [INFO]    🏆 US | VLESS | Пинг: 4841ms | Скорость: 1.99 Mbps ⚡
2026-02-25 15:10:39 [INFO]    🏆 DE | VLESS | Пинг: 4860ms | Скорость: 2.27 Mbps ⚡
2026-02-25 15:10:40 [INFO]    🏆 NL | VLESS | Пинг: 5066ms | Скорость: 8.28 Mbps ⚡⚡
2026-02-25 15:10:40 [INFO]    🏆 GB | VLESS | Пинг: 5333ms | Скорость: 7.83 Mbps ⚡⚡
2026-02-25 15:10:40 [INFO]    🏆 NL | VLESS | Пинг: 5516ms | Скорость: 10.29 Mbps ⚡⚡
2026-02-25 15:10:41 [INFO]    🏆 NL | VLESS | Пинг: 5027ms | Скорость: 4.53 Mbps ⚡⚡
2026-02-25 15:10:42 [INFO]    🏆 US | VLESS | Пинг: 5009ms | Скорость: 3.4 Mbps ⚡⚡
2026-02-25 15:10:42 [INFO]    🏆 TR | VLESS | Пинг: 5008ms | Скорость: 0.79 Mbps 
2026-02-25 15:10:42 [INFO]    🏆 US | VLESS | Пинг: 5434ms | Скорость: 4.28 Mbps ⚡⚡
2026-02-25 15:10:44 [INFO]    🏆 DE | VLESS | Пинг: 5478ms | Скорость: 2.53 Mbps ⚡
2026-02-25 15:10:44 [INFO]    🏆 US | VLESS | Пинг: 5898ms | Скорость: 4.43 Mbps ⚡⚡
2026-02-25 15:10:44 [INFO]    🏆 US | VLESS | Пинг: 5674ms | Скорость: 3.99 Mbps ⚡⚡
2026-02-25 15:10:45 [INFO]    🏆 US | VLESS | Пинг: 7843ms | Скорость: 4.32 Mbps ⚡⚡
2026-02-25 15:10:45 [INFO] 📊 Итого в подписке сохранено иностранных серверов: 10
2026-02-25 15:10:45 [INFO] 💾 Файл успешно сохранен: FL1PVPN
