2026-02-18 08:40:06 [INFO] 🚀 START: Smart VLESS Selector (Target: 10, Strict Mode)
2026-02-18 08:40:06 [INFO] 🌐 Загрузка источников...
2026-02-18 08:40:08 [INFO] 🔍 Уникальных конфигов собрано: 298
2026-02-18 08:40:08 [INFO] ⚡ ЭТАП 1: Быстрый замер Пинга (Workers: 25)...
2026-02-18 08:40:10 [INFO]    [PING OK] IT | 547ms
2026-02-18 08:40:10 [INFO]    [PING OK] IT | 607ms
2026-02-18 08:40:10 [INFO]    [PING OK] RU | 128ms
2026-02-18 08:40:11 [INFO]    [PING OK] IT | 550ms
2026-02-18 08:40:11 [INFO]    [PING OK] DE | 1270ms
2026-02-18 08:40:11 [INFO]    [PING OK] LV | 1211ms
2026-02-18 08:40:11 [INFO]    [PING OK] KR | 872ms
2026-02-18 08:40:12 [INFO]    [PING OK] DE | 156ms
2026-02-18 08:40:12 [INFO]    [PING OK] IT | 545ms
2026-02-18 08:40:14 [INFO]    [PING OK] DE | 174ms
2026-02-18 08:40:15 [INFO]    [PING OK] BG | 292ms
2026-02-18 08:40:15 [INFO]    [PING OK] LT | 163ms
2026-02-18 08:40:16 [INFO]    [PING OK] DE | 159ms
2026-02-18 08:40:17 [INFO]    [PING OK] RU | 166ms
2026-02-18 08:40:17 [INFO]    [PING OK] DE | 157ms
2026-02-18 08:40:18 [INFO]    [PING OK] CY | 343ms
2026-02-18 08:40:20 [INFO]    [PING OK] RU | 859ms
2026-02-18 08:40:21 [INFO]    [PING OK] RU | 212ms
2026-02-18 08:40:21 [INFO]    [PING OK] RU | 228ms
2026-02-18 08:40:21 [INFO]    [PING OK] RU | 109ms
2026-02-18 08:40:21 [INFO]    [PING OK] RU | 1172ms
2026-02-18 08:40:21 [INFO]    [PING OK] RU | 1276ms
2026-02-18 08:40:21 [INFO]    [PING OK] RU | 1463ms
2026-02-18 08:40:21 [INFO]    [PING OK] RU | 2135ms
2026-02-18 08:40:21 [INFO]    [PING OK] RU | 1591ms
2026-02-18 08:40:22 [INFO]    [PING OK] RU | 271ms
2026-02-18 08:40:22 [INFO]    [PING OK] RU | 202ms
2026-02-18 08:40:22 [INFO]    [PING OK] RU | 135ms
2026-02-18 08:40:22 [INFO]    [PING OK] RU | 305ms
2026-02-18 08:40:22 [INFO]    [PING OK] RU | 281ms
2026-02-18 08:40:22 [INFO]    [PING OK] RU | 577ms
2026-02-18 08:40:22 [INFO]    [PING OK] RU | 883ms
2026-02-18 08:40:22 [INFO]    [PING OK] RU | 344ms
2026-02-18 08:40:22 [INFO]    [PING OK] RU | 225ms
2026-02-18 08:40:22 [INFO]    [PING OK] RU | 229ms
2026-02-18 08:40:23 [INFO]    [PING OK] RU | 299ms
2026-02-18 08:40:23 [INFO]    [PING OK] RU | 249ms
2026-02-18 08:40:23 [INFO]    [PING OK] RU | 343ms
2026-02-18 08:40:23 [INFO]    [PING OK] RU | 94ms
2026-02-18 08:40:23 [INFO]    [PING OK] RU | 264ms
2026-02-18 08:40:23 [INFO]    [PING OK] RU | 1698ms
2026-02-18 08:40:23 [INFO]    [PING OK] RU | 1223ms
2026-02-18 08:40:23 [INFO]    [PING OK] RU | 1613ms
2026-02-18 08:40:23 [INFO]    [PING OK] RU | 375ms
2026-02-18 08:40:23 [INFO]    [PING OK] RU | 301ms
2026-02-18 08:40:23 [INFO]    [PING OK] RU | 260ms
2026-02-18 08:40:24 [INFO]    [PING OK] RU | 168ms
2026-02-18 08:40:24 [INFO]    [PING OK] RU | 1642ms
2026-02-18 08:40:24 [INFO]    [PING OK] RU | 292ms
2026-02-18 08:40:24 [INFO]    [PING OK] RU | 862ms
2026-02-18 08:40:24 [INFO]    [PING OK] RU | 316ms
2026-02-18 08:40:24 [INFO]    [PING OK] RU | 216ms
2026-02-18 08:40:24 [INFO]    [PING OK] RU | 463ms
2026-02-18 08:40:24 [INFO]    [PING OK] RU | 465ms
2026-02-18 08:40:24 [INFO]    [PING OK] RU | 341ms
2026-02-18 08:40:24 [INFO]    [PING OK] RU | 1714ms
2026-02-18 08:40:25 [INFO]    [PING OK] RU | 323ms
2026-02-18 08:40:25 [INFO]    [PING OK] RU | 187ms
2026-02-18 08:40:25 [INFO]    [PING OK] RU | 208ms
2026-02-18 08:40:25 [INFO]    [PING OK] RU | 394ms
2026-02-18 08:40:25 [INFO]    [PING OK] RU | 329ms
2026-02-18 08:40:25 [INFO]    [PING OK] RU | 253ms
2026-02-18 08:40:25 [INFO]    [PING OK] RU | 715ms
2026-02-18 08:40:25 [INFO]    [PING OK] RU | 312ms
2026-02-18 08:40:25 [INFO]    [PING OK] FI | 766ms
2026-02-18 08:40:25 [INFO]    [PING OK] RU | 270ms
2026-02-18 08:40:25 [INFO]    [PING OK] RU | 142ms
2026-02-18 08:40:26 [INFO]    [PING OK] RU | 198ms
2026-02-18 08:40:26 [INFO]    [PING OK] RU | 592ms
2026-02-18 08:40:26 [INFO]    [PING OK] RU | 893ms
2026-02-18 08:40:26 [INFO]    [PING OK] RU | 904ms
2026-02-18 08:40:26 [INFO]    [PING OK] RU | 2364ms
2026-02-18 08:40:26 [INFO]    [PING OK] RU | 2590ms
2026-02-18 08:40:26 [INFO]    [PING OK] US | 638ms
2026-02-18 08:40:26 [INFO]    [PING OK] RU | 1217ms
2026-02-18 08:40:26 [INFO]    [PING OK] RU | 1942ms
2026-02-18 08:40:27 [INFO]    [PING OK] RU | 1249ms
2026-02-18 08:40:27 [INFO]    [PING OK] RU | 1707ms
2026-02-18 08:40:27 [INFO]    [PING OK] RU | 216ms
2026-02-18 08:40:27 [INFO]    [PING OK] DE | 187ms
2026-02-18 08:40:27 [INFO]    [PING OK] NL | 328ms
2026-02-18 08:40:28 [INFO]    [PING OK] RU | 2451ms
2026-02-18 08:40:28 [INFO]    [PING OK] IR | 508ms
2026-02-18 08:40:28 [INFO]    [PING OK] FI | 179ms
2026-02-18 08:40:28 [INFO]    [PING OK] HU | 302ms
2026-02-18 08:40:29 [INFO]    [PING OK] RU | 3766ms
2026-02-18 08:40:29 [INFO]    [PING OK] PL | 127ms
2026-02-18 08:40:30 [INFO]    [PING OK] AT | 228ms
2026-02-18 08:40:30 [INFO]    [PING OK] RU | 4120ms
2026-02-18 08:40:30 [INFO]    [PING OK] JP | 1114ms
2026-02-18 08:40:31 [INFO]    [PING OK] DE | 548ms
2026-02-18 08:40:31 [INFO]    [PING OK] US | 2710ms
2026-02-18 08:40:32 [INFO]    [PING OK] DE | 211ms
2026-02-18 08:40:32 [INFO]    [PING OK] PL | 150ms
2026-02-18 08:40:33 [INFO]    [PING OK] NL | 570ms
2026-02-18 08:40:34 [INFO]    [PING OK] FI | 150ms
2026-02-18 08:40:34 [INFO]    [PING OK] MD | 143ms
2026-02-18 08:40:35 [INFO]    [PING OK] UZ | 292ms
2026-02-18 08:40:36 [INFO]    [PING OK] FI | 451ms
2026-02-18 08:40:37 [INFO]    [PING OK] NL | 204ms
2026-02-18 08:40:37 [INFO]    [PING OK] DE | 242ms
2026-02-18 08:40:37 [INFO]    [PING OK] IQ | 233ms
2026-02-18 08:40:38 [INFO]    [PING OK] AE | 252ms
2026-02-18 08:40:38 [INFO]    [PING OK] DE | 538ms
2026-02-18 08:40:43 [INFO] 🏎️ ЭТАП 2: Глубокий замер скорости для ТОП-10 серверов...
2026-02-18 08:40:50 [INFO]    🏆 PL | Пинг: 127ms | Скорость: 7.58 Mbps ⚡⚡
2026-02-18 08:40:50 [INFO]    🏆 MD | Пинг: 143ms | Скорость: 2.04 Mbps ⚡
2026-02-18 08:40:50 [INFO]    🏆 PL | Пинг: 150ms | Скорость: 7.65 Mbps ⚡⚡
2026-02-18 08:40:50 [INFO]    🏆 FI | Пинг: 150ms | Скорость: 7.74 Mbps ⚡⚡
2026-02-18 08:40:50 [INFO]    🏆 DE | Пинг: 156ms | Скорость: 5.84 Mbps ⚡⚡
2026-02-18 08:40:50 [INFO]    🏆 DE | Пинг: 157ms | Скорость: 7.76 Mbps ⚡⚡
2026-02-18 08:40:50 [INFO]    🏆 DE | Пинг: 159ms | Скорость: 8.05 Mbps ⚡⚡
2026-02-18 08:40:50 [INFO]    🏆 LT | Пинг: 163ms | Скорость: 7.96 Mbps ⚡⚡
2026-02-18 08:40:50 [INFO]    🏆 DE | Пинг: 174ms | Скорость: 8.13 Mbps ⚡⚡
2026-02-18 08:40:50 [INFO]    🏆 RU | Пинг: 94ms | Скорость: 0.0 Mbps 
2026-02-18 08:40:50 [INFO] 🇷🇺 Добавлен RU сервер: 87.242.103.184
2026-02-18 08:40:50 [INFO] 📊 Итого в подписке сохранено: 10 серверов
2026-02-18 08:40:50 [INFO] 💾 Файл успешно сохранен: FL1PVPN
