2026-02-26 01:50:05 [INFO] 🚀 START: Smart Selector (Target: 10, ONLY FOREIGN)
2026-02-26 01:50:05 [INFO] 🌐 Загрузка источников (VLESS + VMess)...
2026-02-26 01:50:06 [INFO] 🔍 Уникальных конфигов собрано: 138
2026-02-26 01:50:06 [INFO] ⚡ ЭТАП 1: Замер Пинга и Геолокации. Workers: 40...
2026-02-26 01:50:12 [INFO]    [PING OK] DE | VLESS | 4833ms
2026-02-26 01:50:12 [INFO]    [PING OK] NL | VLESS | 4868ms
2026-02-26 01:50:12 [INFO]    [PING OK] NL | VLESS | 4922ms
2026-02-26 01:50:12 [INFO]    [PING OK] NL | VLESS | 5075ms
2026-02-26 01:50:12 [INFO]    [PING OK] DE | VLESS | 4819ms
2026-02-26 01:50:12 [INFO]    [PING OK] NL | VLESS | 5083ms
2026-02-26 01:50:13 [INFO]    [PING OK] DE | VLESS | 5167ms
2026-02-26 01:50:13 [INFO]    [PING OK] DE | VLESS | 4996ms
2026-02-26 01:50:13 [INFO]    [PING OK] NL | VLESS | 5436ms
2026-02-26 01:50:13 [INFO]    [PING OK] DE | VLESS | 4645ms
2026-02-26 01:50:13 [INFO]    [PING OK] NL | VLESS | 5299ms
2026-02-26 01:50:13 [INFO]    [PING OK] NL | VLESS | 5124ms
2026-02-26 01:50:13 [INFO]    [PING OK] DE | VLESS | 4544ms
2026-02-26 01:50:13 [INFO]    [PING OK] DE | VLESS | 4396ms
2026-02-26 01:50:13 [INFO]    [PING OK] DE | VLESS | 4863ms
2026-02-26 01:50:13 [INFO]    [PING OK] NL | VLESS | 4384ms
2026-02-26 01:50:13 [INFO]    [PING OK] DE | VLESS | 4892ms
2026-02-26 01:50:14 [INFO]    [PING OK] NL | VLESS | 3551ms
2026-02-26 01:50:14 [INFO]    [PING OK] NL | VLESS | 3664ms
2026-02-26 01:50:14 [INFO]    [PING OK] US | VLESS | 4187ms
2026-02-26 01:50:14 [INFO]    [PING OK] NL | VLESS | 4292ms
2026-02-26 01:50:14 [INFO]    [PING OK] NL | VLESS | 4081ms
2026-02-26 01:50:16 [INFO]    [PING OK] US | VLESS | 5008ms
2026-02-26 01:50:16 [INFO]    [PING OK] DE | VLESS | 4694ms
2026-02-26 01:50:18 [INFO]    [PING OK] LV | VLESS | 5067ms
2026-02-26 01:50:18 [INFO]    [PING OK] US | VLESS | 5050ms
2026-02-26 01:50:18 [INFO]    [PING OK] NL | VLESS | 4826ms
2026-02-26 01:50:18 [INFO]    [PING OK] LV | VLESS | 4921ms
2026-02-26 01:50:19 [INFO]    [PING OK] DE | VLESS | 1742ms
2026-02-26 01:50:21 [INFO]    [PING OK] CA | VLESS | 3163ms
2026-02-26 01:50:21 [INFO]    [PING OK] GB | VLESS | 7223ms
2026-02-26 01:50:23 [INFO]    [PING OK] CA | VLESS | 7084ms
2026-02-26 01:50:24 [INFO] 🏎️ ЭТАП 2: Глубокий замер скорости для 32 иностранных кандидатов...
2026-02-26 01:50:29 [INFO]    🏆 DE | VLESS | Пинг: 4694ms | Скорость: 5.1 Mbps ⚡⚡
2026-02-26 01:50:29 [INFO]    🏆 DE | VLESS | Пинг: 4833ms | Скорость: 5.18 Mbps ⚡⚡
2026-02-26 01:50:29 [INFO]    🏆 NL | VLESS | Пинг: 3664ms | Скорость: 4.87 Mbps ⚡⚡
2026-02-26 01:50:29 [INFO]    🏆 NL | VLESS | Пинг: 4081ms | Скорость: 4.9 Mbps ⚡⚡
2026-02-26 01:50:29 [INFO]    🏆 DE | VLESS | Пинг: 4819ms | Скорость: 5.0 Mbps ⚡⚡
2026-02-26 01:50:29 [INFO]    🏆 DE | VLESS | Пинг: 4645ms | Скорость: 4.96 Mbps ⚡⚡
2026-02-26 01:50:29 [INFO]    🏆 DE | VLESS | Пинг: 1742ms | Скорость: 4.75 Mbps ⚡⚡
2026-02-26 01:50:29 [INFO]    🏆 NL | VLESS | Пинг: 4384ms | Скорость: 4.8 Mbps ⚡⚡
2026-02-26 01:50:29 [INFO]    🏆 NL | VLESS | Пинг: 4826ms | Скорость: 4.99 Mbps ⚡⚡
2026-02-26 01:50:29 [INFO]    🏆 DE | VLESS | Пинг: 4396ms | Скорость: 4.79 Mbps ⚡⚡
2026-02-26 01:50:29 [INFO]    🏆 NL | VLESS | Пинг: 4292ms | Скорость: 4.69 Mbps ⚡⚡
2026-02-26 01:50:29 [INFO]    🏆 NL | VLESS | Пинг: 3551ms | Скорость: 4.66 Mbps ⚡⚡
2026-02-26 01:50:29 [INFO]    🏆 DE | VLESS | Пинг: 4544ms | Скорость: 4.72 Mbps ⚡⚡
2026-02-26 01:50:29 [INFO]    🏆 US | VLESS | Пинг: 4187ms | Скорость: 4.33 Mbps ⚡⚡
2026-02-26 01:50:31 [INFO]    🏆 DE | VLESS | Пинг: 4863ms | Скорость: 10.12 Mbps ⚡⚡
2026-02-26 01:50:33 [INFO]    🏆 DE | VLESS | Пинг: 4892ms | Скорость: 5.46 Mbps ⚡⚡
2026-02-26 01:50:33 [INFO]    🏆 NL | VLESS | Пинг: 5075ms | Скорость: 5.63 Mbps ⚡⚡
2026-02-26 01:50:33 [INFO]    🏆 NL | VLESS | Пинг: 4922ms | Скорость: 5.43 Mbps ⚡⚡
2026-02-26 01:50:33 [INFO]    🏆 NL | VLESS | Пинг: 4868ms | Скорость: 5.36 Mbps ⚡⚡
2026-02-26 01:50:33 [INFO]    🏆 NL | VLESS | Пинг: 5083ms | Скорость: 5.7 Mbps ⚡⚡
2026-02-26 01:50:33 [INFO]    🏆 LV | VLESS | Пинг: 4921ms | Скорость: 5.39 Mbps ⚡⚡
2026-02-26 01:50:33 [INFO]    🏆 NL | VLESS | Пинг: 5124ms | Скорость: 5.69 Mbps ⚡⚡
2026-02-26 01:50:33 [INFO]    🏆 US | VLESS | Пинг: 5008ms | Скорость: 5.39 Mbps ⚡⚡
2026-02-26 01:50:33 [INFO]    🏆 DE | VLESS | Пинг: 5167ms | Скорость: 5.64 Mbps ⚡⚡
2026-02-26 01:50:33 [INFO]    🏆 LV | VLESS | Пинг: 5067ms | Скорость: 5.52 Mbps ⚡⚡
2026-02-26 01:50:33 [INFO]    🏆 US | VLESS | Пинг: 5050ms | Скорость: 5.37 Mbps ⚡⚡
2026-02-26 01:50:33 [INFO]    🏆 DE | VLESS | Пинг: 4996ms | Скорость: 5.4 Mbps ⚡⚡
2026-02-26 01:50:33 [INFO]    🏆 NL | VLESS | Пинг: 5299ms | Скорость: 5.62 Mbps ⚡⚡
2026-02-26 01:50:33 [INFO]    🏆 NL | VLESS | Пинг: 5436ms | Скорость: 6.03 Mbps ⚡⚡
2026-02-26 01:50:35 [INFO]    🏆 GB | VLESS | Пинг: 7223ms | Скорость: 13.44 Mbps ⚡⚡
2026-02-26 01:50:35 [INFO] 📊 Итого в подписке сохранено иностранных серверов: 10
2026-02-26 01:50:35 [INFO] 💾 Файл успешно сохранен: FL1PVPN
