2026-02-25 16:00:06 [INFO] 🚀 START: Smart Selector (Target: 10, ONLY FOREIGN)
2026-02-25 16:00:06 [INFO] 🌐 Загрузка источников (VLESS + VMess)...
2026-02-25 16:00:07 [INFO] 🔍 Уникальных конфигов собрано: 154
2026-02-25 16:00:07 [INFO] ⚡ ЭТАП 1: Замер Пинга и Геолокации. Workers: 40...
2026-02-25 16:00:12 [INFO]    [PING OK] NL | VLESS | 4233ms
2026-02-25 16:00:12 [INFO]    [PING OK] DE | VLESS | 4407ms
2026-02-25 16:00:12 [INFO]    [PING OK] DE | VLESS | 4463ms
2026-02-25 16:00:12 [INFO]    [PING OK] NL | VLESS | 4352ms
2026-02-25 16:00:13 [INFO]    [PING OK] DE | VLESS | 4361ms
2026-02-25 16:00:13 [INFO]    [PING OK] DE | VLESS | 4363ms
2026-02-25 16:00:13 [INFO]    [PING OK] NL | VLESS | 4680ms
2026-02-25 16:00:13 [INFO]    [PING OK] NL | VLESS | 4162ms
2026-02-25 16:00:13 [INFO]    [PING OK] DE | VLESS | 4218ms
2026-02-25 16:00:13 [INFO]    [PING OK] DE | VLESS | 3647ms
2026-02-25 16:00:13 [INFO]    [PING OK] NL | VLESS | 4240ms
2026-02-25 16:00:13 [INFO]    [PING OK] NL | VLESS | 3175ms
2026-02-25 16:00:14 [INFO]    [PING OK] US | VLESS | 2577ms
2026-02-25 16:00:14 [INFO]    [PING OK] US | VLESS | 945ms
2026-02-25 16:00:14 [INFO]    [PING OK] NL | VLESS | 4459ms
2026-02-25 16:00:15 [INFO]    [PING OK] NL | VLESS | 1560ms
2026-02-25 16:00:16 [INFO]    [PING OK] US | VLESS | 1047ms
2026-02-25 16:00:16 [INFO]    [PING OK] TW | VLESS | 2319ms
2026-02-25 16:00:16 [INFO]    [PING OK] NL | VLESS | 7847ms
2026-02-25 16:00:17 [INFO]    [PING OK] US | VLESS | 2216ms
2026-02-25 16:00:17 [INFO]    [PING OK] NL | VLESS | 8557ms
2026-02-25 16:00:17 [INFO]    [PING OK] US | VLESS | 1161ms
2026-02-25 16:00:17 [INFO]    [PING OK] DE | VLESS | 7140ms
2026-02-25 16:00:19 [INFO]    [PING OK] US | VLESS | 2101ms
2026-02-25 16:00:21 [INFO]    [PING OK] US | VLESS | 4364ms
2026-02-25 16:00:21 [INFO]    [PING OK] US | VLESS | 5554ms
2026-02-25 16:00:21 [INFO]    [PING OK] US | VLESS | 7226ms
2026-02-25 16:00:22 [INFO]    [PING OK] GB | VLESS | 4627ms
2026-02-25 16:00:24 [INFO]    [PING OK] NL | VLESS | 5177ms
2026-02-25 16:00:24 [INFO]    [PING OK] DE | VLESS | 3941ms
2026-02-25 16:00:24 [INFO]    [PING OK] US | VLESS | 6424ms
2026-02-25 16:00:24 [INFO]    [PING OK] NL | VLESS | 2913ms
2026-02-25 16:00:24 [INFO]    [PING OK] LT | VLESS | 2995ms
2026-02-25 16:00:25 [INFO]    [PING OK] US | VLESS | 3449ms
2026-02-25 16:00:25 [INFO]    [PING OK] TR | VLESS | 2544ms
2026-02-25 16:00:25 [INFO]    [PING OK] NL | VLESS | 2280ms
2026-02-25 16:00:25 [INFO]    [PING OK] US | VLESS | 6575ms
2026-02-25 16:00:25 [INFO]    [PING OK] DE | VLESS | 2045ms
2026-02-25 16:00:26 [INFO]    [PING OK] TW | VLESS | 2991ms
2026-02-25 16:00:26 [INFO]    [PING OK] DE | VLESS | 4912ms
2026-02-25 16:00:26 [INFO]    [PING OK] US | VLESS | 4591ms
2026-02-25 16:00:26 [INFO]    [PING OK] US | VLESS | 4489ms
2026-02-25 16:00:26 [INFO]    [PING OK] US | VLESS | 6001ms
2026-02-25 16:00:28 [INFO]    [PING OK] US | VLESS | 5641ms
2026-02-25 16:00:28 [INFO]    [PING OK] US | VLESS | 3205ms
2026-02-25 16:00:30 [INFO] 🏎️ ЭТАП 2: Глубокий замер скорости для 40 иностранных кандидатов...
2026-02-25 16:00:35 [INFO]    🏆 NL | VLESS | Пинг: 1560ms | Скорость: 5.09 Mbps ⚡⚡
2026-02-25 16:00:35 [INFO]    🏆 NL | VLESS | Пинг: 2280ms | Скорость: 5.07 Mbps ⚡⚡
2026-02-25 16:00:35 [INFO]    🏆 LT | VLESS | Пинг: 2995ms | Скорость: 5.02 Mbps ⚡⚡
2026-02-25 16:00:35 [INFO]    🏆 TR | VLESS | Пинг: 2544ms | Скорость: 4.96 Mbps ⚡⚡
2026-02-25 16:00:35 [INFO]    🏆 NL | VLESS | Пинг: 2913ms | Скорость: 4.89 Mbps ⚡⚡
2026-02-25 16:00:35 [INFO]    🏆 US | VLESS | Пинг: 2101ms | Скорость: 4.69 Mbps ⚡⚡
2026-02-25 16:00:35 [INFO]    🏆 DE | VLESS | Пинг: 2045ms | Скорость: 4.58 Mbps ⚡⚡
2026-02-25 16:00:35 [INFO]    🏆 US | VLESS | Пинг: 1161ms | Скорость: 4.53 Mbps ⚡⚡
2026-02-25 16:00:35 [INFO]    🏆 US | VLESS | Пинг: 2216ms | Скорость: 4.55 Mbps ⚡⚡
2026-02-25 16:00:36 [INFO]    🏆 TW | VLESS | Пинг: 2319ms | Скорость: 3.69 Mbps ⚡⚡
2026-02-25 16:00:36 [INFO]    🏆 US | VLESS | Пинг: 2577ms | Скорость: 3.45 Mbps ⚡⚡
2026-02-25 16:00:37 [INFO]    🏆 US | VLESS | Пинг: 1047ms | Скорость: 2.55 Mbps ⚡
2026-02-25 16:00:37 [INFO]    🏆 US | VLESS | Пинг: 945ms | Скорость: 2.64 Mbps ⚡
2026-02-25 16:00:37 [INFO]    🏆 TW | VLESS | Пинг: 2991ms | Скорость: 0.81 Mbps 
2026-02-25 16:00:37 [INFO]    🏆 NL | VLESS | Пинг: 3175ms | Скорость: 0.91 Mbps 
2026-02-25 16:00:39 [INFO]    🏆 DE | VLESS | Пинг: 4363ms | Скорость: 11.11 Mbps ⚡⚡
2026-02-25 16:00:39 [INFO]    🏆 DE | VLESS | Пинг: 4218ms | Скорость: 5.78 Mbps ⚡⚡
2026-02-25 16:00:40 [INFO]    🏆 DE | VLESS | Пинг: 4407ms | Скорость: 8.8 Mbps ⚡⚡
2026-02-25 16:00:40 [INFO]    🏆 US | VLESS | Пинг: 3449ms | Скорость: 3.87 Mbps ⚡⚡
2026-02-25 16:00:41 [INFO]    🏆 NL | VLESS | Пинг: 4233ms | Скорость: 3.95 Mbps ⚡⚡
2026-02-25 16:00:41 [INFO]    🏆 NL | VLESS | Пинг: 5177ms | Скорость: 13.21 Mbps ⚡⚡
2026-02-25 16:00:42 [INFO]    🏆 NL | VLESS | Пинг: 4162ms | Скорость: 1.95 Mbps ⚡
2026-02-25 16:00:42 [INFO]    🏆 NL | VLESS | Пинг: 4240ms | Скорость: 3.17 Mbps ⚡⚡
2026-02-25 16:00:42 [INFO]    🏆 GB | VLESS | Пинг: 4627ms | Скорость: 7.14 Mbps ⚡⚡
2026-02-25 16:00:43 [INFO]    🏆 US | VLESS | Пинг: 6001ms | Скорость: 8.99 Mbps ⚡⚡
2026-02-25 16:00:43 [INFO]    🏆 US | VLESS | Пинг: 4364ms | Скорость: 2.21 Mbps ⚡
2026-02-25 16:00:44 [INFO]    🏆 US | VLESS | Пинг: 5554ms | Скорость: 5.93 Mbps ⚡⚡
2026-02-25 16:00:46 [INFO]    🏆 DE | VLESS | Пинг: 4912ms | Скорость: 1.04 Mbps 
2026-02-25 16:00:48 [INFO] 📊 Итого в подписке сохранено иностранных серверов: 10
2026-02-25 16:00:48 [INFO] 💾 Файл успешно сохранен: FL1PVPN
