2026-02-19 17:20:05 [INFO] 🚀 START: Smart VPN Selector (Target: 10, Strict Mode)
2026-02-19 17:20:05 [INFO] 🌐 Загрузка источников...
2026-02-19 17:20:09 [INFO] 🔍 Уникальных конфигов собрано: 1204
2026-02-19 17:20:09 [INFO] ⚡ ЭТАП 1: Быстрый замер Пинга (Workers: 25)...
2026-02-19 17:20:10 [INFO]    [PING OK] RU | 586ms
2026-02-19 17:20:12 [INFO]    [PING OK] RU | 171ms
2026-02-19 17:20:12 [INFO]    [PING OK] DE | 2776ms
2026-02-19 17:20:15 [INFO]    [PING OK] RU | 118ms
2026-02-19 17:20:16 [INFO]    [PING OK] DE | 173ms
2026-02-19 17:20:18 [INFO]    [PING OK] DE | 3413ms
2026-02-19 17:20:20 [INFO]    [PING OK] DE | 203ms
2026-02-19 17:20:22 [INFO]    [PING OK] RU | 265ms
2026-02-19 17:20:22 [INFO]    [PING OK] DE | 1568ms
2026-02-19 17:20:22 [INFO]    [PING OK] RU | 993ms
2026-02-19 17:20:22 [INFO]    [PING OK] RU | 393ms
2026-02-19 17:20:23 [INFO]    [PING OK] RU | 265ms
2026-02-19 17:20:23 [INFO]    [PING OK] RU | 322ms
2026-02-19 17:20:23 [INFO]    [PING OK] RU | 186ms
2026-02-19 17:20:23 [INFO]    [PING OK] RU | 297ms
2026-02-19 17:20:23 [INFO]    [PING OK] RU | 222ms
2026-02-19 17:20:24 [INFO]    [PING OK] RU | 154ms
2026-02-19 17:20:24 [INFO]    [PING OK] RU | 203ms
2026-02-19 17:20:24 [INFO]    [PING OK] RU | 504ms
2026-02-19 17:20:24 [INFO]    [PING OK] RU | 369ms
2026-02-19 17:20:24 [INFO]    [PING OK] RU | 238ms
2026-02-19 17:20:25 [INFO]    [PING OK] RU | 645ms
2026-02-19 17:20:25 [INFO]    [PING OK] RU | 293ms
2026-02-19 17:20:25 [INFO]    [PING OK] RU | 1438ms
2026-02-19 17:20:25 [INFO]    [PING OK] RU | 848ms
2026-02-19 17:20:25 [INFO]    [PING OK] RU | 2319ms
2026-02-19 17:20:25 [INFO]    [PING OK] RU | 793ms
2026-02-19 17:20:25 [INFO]    [PING OK] RU | 221ms
2026-02-19 17:20:26 [INFO]    [PING OK] NO | 3916ms
2026-02-19 17:20:26 [INFO]    [PING OK] RU | 229ms
2026-02-19 17:20:26 [INFO]    [PING OK] RU | 277ms
2026-02-19 17:20:26 [INFO]    [PING OK] RU | 267ms
2026-02-19 17:20:26 [INFO]    [PING OK] RU | 258ms
2026-02-19 17:20:26 [INFO]    [PING OK] RU | 214ms
2026-02-19 17:20:27 [INFO]    [PING OK] RU | 333ms
2026-02-19 17:20:27 [INFO]    [PING OK] RU | 341ms
2026-02-19 17:20:27 [INFO]    [PING OK] RU | 342ms
2026-02-19 17:20:27 [INFO]    [PING OK] RU | 702ms
2026-02-19 17:20:27 [INFO]    [PING OK] RU | 367ms
2026-02-19 17:20:27 [INFO]    [PING OK] RU | 320ms
2026-02-19 17:20:27 [INFO]    [PING OK] RU | 367ms
2026-02-19 17:20:27 [INFO]    [PING OK] RU | 347ms
2026-02-19 17:20:27 [INFO]    [PING OK] RU | 374ms
2026-02-19 17:20:28 [INFO]    [PING OK] RU | 3734ms
2026-02-19 17:20:28 [INFO]    [PING OK] RU | 138ms
2026-02-19 17:20:28 [INFO]    [PING OK] RU | 140ms
2026-02-19 17:20:28 [INFO]    [PING OK] RU | 553ms
2026-02-19 17:20:28 [INFO]    [PING OK] RU | 1282ms
2026-02-19 17:20:28 [INFO]    [PING OK] HU | 330ms
2026-02-19 17:20:28 [INFO]    [PING OK] RU | 1845ms
2026-02-19 17:20:28 [INFO]    [PING OK] RU | 1943ms
2026-02-19 17:20:29 [INFO]    [PING OK] RU | 918ms
2026-02-19 17:20:29 [INFO]    [PING OK] RU | 867ms
2026-02-19 17:20:29 [INFO]    [PING OK] US | 405ms
2026-02-19 17:20:29 [INFO]    [PING OK] DE | 143ms
2026-02-19 17:20:29 [INFO]    [PING OK] RU | 3503ms
2026-02-19 17:20:29 [INFO]    [PING OK] FI | 285ms
2026-02-19 17:20:29 [INFO]    [PING OK] GB | 261ms
2026-02-19 17:20:29 [INFO]    [PING OK] DE | 118ms
2026-02-19 17:20:29 [INFO]    [PING OK] SG | 649ms
2026-02-19 17:20:29 [INFO]    [PING OK] US | 418ms
2026-02-19 17:20:29 [INFO]    [PING OK] PL | 154ms
2026-02-19 17:20:30 [INFO]    [PING OK] RU | 2136ms
2026-02-19 17:20:30 [INFO]    [PING OK] GB | 895ms
2026-02-19 17:20:31 [INFO]    [PING OK] GB | 897ms
2026-02-19 17:20:31 [INFO]    [PING OK] RU | 3213ms
2026-02-19 17:20:31 [INFO]    [PING OK] FR | 140ms
2026-02-19 17:20:31 [INFO]    [PING OK] AE | 231ms
2026-02-19 17:20:31 [INFO]    [PING OK] NL | 205ms
2026-02-19 17:20:31 [INFO]    [PING OK] GB | 166ms
2026-02-19 17:20:31 [INFO]    [PING OK] GB | 149ms
2026-02-19 17:20:31 [INFO]    [PING OK] US | 393ms
2026-02-19 17:20:32 [INFO]    [PING OK] GR | 195ms
2026-02-19 17:20:32 [INFO]    [PING OK] US | 857ms
2026-02-19 17:20:33 [INFO]    [PING OK] US | 598ms
2026-02-19 17:20:33 [INFO]    [PING OK] MX | 381ms
2026-02-19 17:20:33 [INFO]    [PING OK] GB | 168ms
2026-02-19 17:20:33 [INFO]    [PING OK] FR | 153ms
2026-02-19 17:20:33 [INFO]    [PING OK] GB | 165ms
2026-02-19 17:20:34 [INFO]    [PING OK] US | 447ms
2026-02-19 17:20:34 [INFO]    [PING OK] LV | 323ms
2026-02-19 17:20:35 [INFO]    [PING OK] US | 618ms
2026-02-19 17:20:35 [INFO]    [PING OK] US | 383ms
2026-02-19 17:20:35 [INFO]    [PING OK] IT | 561ms
2026-02-19 17:20:35 [INFO]    [PING OK] AT | 1251ms
2026-02-19 17:20:35 [INFO]    [PING OK] US | 992ms
2026-02-19 17:20:36 [INFO]    [PING OK] DE | 585ms
2026-02-19 17:20:36 [INFO]    [PING OK] MD | 352ms
2026-02-19 17:20:36 [INFO]    [PING OK] IL | 272ms
2026-02-19 17:20:36 [INFO]    [PING OK] NL | 218ms
2026-02-19 17:20:36 [INFO]    [PING OK] GB | 202ms
2026-02-19 17:20:37 [INFO]    [PING OK] CA | 336ms
2026-02-19 17:20:37 [INFO]    [PING OK] DE | 242ms
2026-02-19 17:20:37 [INFO]    [PING OK] US | 477ms
2026-02-19 17:20:37 [INFO]    [PING OK] IQ | 853ms
2026-02-19 17:20:37 [INFO]    [PING OK] NL | 214ms
2026-02-19 17:20:38 [INFO]    [PING OK] RU | 108ms
2026-02-19 17:20:38 [INFO]    [PING OK] US | 473ms
2026-02-19 17:20:38 [INFO]    [PING OK] SE | 370ms
2026-02-19 17:20:38 [INFO]    [PING OK] HK | 1143ms
2026-02-19 17:20:38 [INFO]    [PING OK] CY | 217ms
2026-02-19 17:20:39 [INFO]    [PING OK] AE | 374ms
2026-02-19 17:20:39 [INFO]    [PING OK] UZ | 573ms
2026-02-19 17:20:39 [INFO]    [PING OK] SG | 579ms
2026-02-19 17:20:39 [INFO]    [PING OK] US | 499ms
2026-02-19 17:20:40 [INFO]    [PING OK] US | 368ms
2026-02-19 17:20:40 [INFO]    [PING OK] JP | 1124ms
2026-02-19 17:20:40 [INFO]    [PING OK] SG | 676ms
2026-02-19 17:20:40 [INFO]    [PING OK] AU | 584ms
2026-02-19 17:20:40 [INFO]    [PING OK] US | 427ms
2026-02-19 17:20:41 [INFO]    [PING OK] GB | 4540ms
2026-02-19 17:20:41 [INFO]    [PING OK] SG | 476ms
2026-02-19 17:20:43 [INFO]    [PING OK] GB | 4650ms
2026-02-19 17:20:45 [INFO]    [PING OK] BG | 4528ms
2026-02-19 17:20:45 [INFO]    [PING OK] MD | 5010ms
2026-02-19 17:20:48 [INFO]    [PING OK] GB | 150ms
2026-02-19 17:20:49 [INFO]    [PING OK] GB | 135ms
2026-02-19 17:20:58 [INFO]    [PING OK] FR | 144ms
2026-02-19 17:21:02 [INFO]    [PING OK] US | 251ms
2026-02-19 17:21:03 [INFO]    [PING OK] DE | 130ms
2026-02-19 17:21:03 [INFO]    [PING OK] FR | 231ms
2026-02-19 17:21:09 [INFO]    [PING OK] GB | 189ms
2026-02-19 17:21:12 [INFO]    [PING OK] GB | 291ms
2026-02-19 17:21:13 [INFO]    [PING OK] DE | 4115ms
2026-02-19 17:21:17 [INFO]    [PING OK] GB | 167ms
2026-02-19 17:21:17 [INFO]    [PING OK] GB | 2211ms
2026-02-19 17:21:18 [INFO]    [PING OK] DE | 508ms
2026-02-19 17:21:19 [INFO]    [PING OK] GB | 163ms
2026-02-19 17:21:20 [INFO]    [PING OK] GB | 200ms
2026-02-19 17:21:21 [INFO]    [PING OK] GB | 677ms
2026-02-19 17:21:22 [INFO]    [PING OK] GB | 155ms
2026-02-19 17:21:22 [INFO]    [PING OK] FI | 276ms
2026-02-19 17:21:24 [INFO]    [PING OK] SE | 122ms
2026-02-19 17:21:25 [INFO]    [PING OK] NO | 1721ms
2026-02-19 17:21:25 [INFO]    [PING OK] GB | 352ms
2026-02-19 17:21:27 [INFO]    [PING OK] GB | 139ms
2026-02-19 17:21:27 [INFO]    [PING OK] TR | 256ms
2026-02-19 17:21:27 [INFO]    [PING OK] RU | 3777ms
2026-02-19 17:21:28 [INFO]    [PING OK] GB | 520ms
2026-02-19 17:21:29 [INFO]    [PING OK] GB | 314ms
2026-02-19 17:21:29 [INFO]    [PING OK] GB | 2421ms
2026-02-19 17:21:29 [INFO]    [PING OK] RU | 391ms
2026-02-19 17:21:30 [INFO]    [PING OK] DE | 3715ms
2026-02-19 17:21:30 [INFO]    [PING OK] RU | 651ms
2026-02-19 17:21:30 [INFO]    [PING OK] RU | 4840ms
2026-02-19 17:21:31 [INFO]    [PING OK] GB | 150ms
2026-02-19 17:21:31 [INFO]    [PING OK] RU | 364ms
2026-02-19 17:21:32 [INFO]    [PING OK] TW | 2768ms
2026-02-19 17:21:32 [INFO]    [PING OK] DE | 3066ms
2026-02-19 17:21:33 [INFO]    [PING OK] DE | 1067ms
2026-02-19 17:21:34 [INFO]    [PING OK] RU | 2580ms
2026-02-19 17:21:34 [INFO]    [PING OK] RU | 504ms
2026-02-19 17:21:35 [INFO]    [PING OK] GB | 155ms
2026-02-19 17:21:36 [INFO]    [PING OK] DE | 2060ms
2026-02-19 17:21:39 [INFO]    [PING OK] US | 565ms
2026-02-19 17:21:39 [INFO]    [PING OK] RU | 3548ms
2026-02-19 17:21:39 [INFO]    [PING OK] TW | 3282ms
2026-02-19 17:21:41 [INFO]    [PING OK] RU | 248ms
2026-02-19 17:21:42 [INFO]    [PING OK] NL | 306ms
2026-02-19 17:21:43 [INFO]    [PING OK] RU | 4434ms
2026-02-19 17:22:02 [INFO] 🏎️ ЭТАП 2: Глубокий замер скорости для ТОП-10 серверов...
2026-02-19 17:22:09 [INFO]    🏆 DE | Пинг: 118ms | Скорость: 7.69 Mbps ⚡⚡
2026-02-19 17:22:09 [INFO]    🏆 SE | Пинг: 122ms | Скорость: 7.62 Mbps ⚡⚡
2026-02-19 17:22:09 [INFO]    🏆 DE | Пинг: 130ms | Скорость: 5.76 Mbps ⚡⚡
2026-02-19 17:22:09 [INFO]    🏆 GB | Пинг: 135ms | Скорость: 7.74 Mbps ⚡⚡
2026-02-19 17:22:09 [INFO]    🏆 GB | Пинг: 139ms | Скорость: 7.84 Mbps ⚡⚡
2026-02-19 17:22:09 [INFO]    🏆 FR | Пинг: 140ms | Скорость: 8.03 Mbps ⚡⚡
2026-02-19 17:22:09 [INFO]    🏆 DE | Пинг: 143ms | Скорость: 7.99 Mbps ⚡⚡
2026-02-19 17:22:09 [INFO]    🏆 FR | Пинг: 144ms | Скорость: 1.13 Mbps 
2026-02-19 17:22:09 [INFO]    🏆 GB | Пинг: 149ms | Скорость: 8.18 Mbps ⚡⚡
2026-02-19 17:22:09 [INFO]    🏆 RU | Пинг: 108ms | Скорость: 8.33 Mbps ⚡⚡
2026-02-19 17:22:09 [INFO] 🇷🇺 Добавлен RU сервер: 212.192.14.234
2026-02-19 17:22:09 [INFO] 📊 Итого в подписке сохранено: 10 серверов
2026-02-19 17:22:09 [INFO] 💾 Файл успешно сохранен: FL1PVPN
