2026-02-25 22:40:05 [INFO] 🚀 START: Smart Selector (Target: 10, ONLY FOREIGN)
2026-02-25 22:40:05 [INFO] 🌐 Загрузка источников (VLESS + VMess)...
2026-02-25 22:40:07 [INFO] 🔍 Уникальных конфигов собрано: 135
2026-02-25 22:40:07 [INFO] ⚡ ЭТАП 1: Замер Пинга и Геолокации. Workers: 40...
2026-02-25 22:40:13 [INFO]    [PING OK] DE | VLESS | 4967ms
2026-02-25 22:40:13 [INFO]    [PING OK] DE | VLESS | 4907ms
2026-02-25 22:40:13 [INFO]    [PING OK] US | VLESS | 4843ms
2026-02-25 22:40:13 [INFO]    [PING OK] DE | VLESS | 4843ms
2026-02-25 22:40:13 [INFO]    [PING OK] NL | VLESS | 4837ms
2026-02-25 22:40:13 [INFO]    [PING OK] NL | VLESS | 5133ms
2026-02-25 22:40:13 [INFO]    [PING OK] FI | VLESS | 5186ms
2026-02-25 22:40:13 [INFO]    [PING OK] US | VLESS | 5160ms
2026-02-25 22:40:13 [INFO]    [PING OK] CA | VLESS | 5192ms
2026-02-25 22:40:14 [INFO]    [PING OK] DE | VLESS | 5133ms
2026-02-25 22:40:14 [INFO]    [PING OK] NL | VLESS | 5545ms
2026-02-25 22:40:14 [INFO]    [PING OK] NL | VLESS | 5718ms
2026-02-25 22:40:14 [INFO]    [PING OK] NL | VLESS | 5928ms
2026-02-25 22:40:14 [INFO]    [PING OK] NL | VLESS | 4689ms
2026-02-25 22:40:14 [INFO]    [PING OK] FR | VLESS | 5095ms
2026-02-25 22:40:14 [INFO]    [PING OK] US | VLESS | 4767ms
2026-02-25 22:40:14 [INFO]    [PING OK] NL | VLESS | 4533ms
2026-02-25 22:40:14 [INFO]    [PING OK] DE | VLESS | 5094ms
2026-02-25 22:40:14 [INFO]    [PING OK] DE | VLESS | 5069ms
2026-02-25 22:40:14 [INFO]    [PING OK] DE | VLESS | 5395ms
2026-02-25 22:40:15 [INFO]    [PING OK] NL | VLESS | 4979ms
2026-02-25 22:40:15 [INFO]    [PING OK] DE | VLESS | 5142ms
2026-02-25 22:40:15 [INFO]    [PING OK] NL | VLESS | 4602ms
2026-02-25 22:40:16 [INFO]    [PING OK] DE | VLESS | 4938ms
2026-02-25 22:40:16 [INFO]    [PING OK] DE | VLESS | 5468ms
2026-02-25 22:40:20 [INFO]    [PING OK] DE | VLESS | 5728ms
2026-02-25 22:40:20 [INFO]    [PING OK] GB | VLESS | 5426ms
2026-02-25 22:40:20 [INFO]    [PING OK] NL | VLESS | 5591ms
2026-02-25 22:40:21 [INFO]    [PING OK] DE | VLESS | 4476ms
2026-02-25 22:40:21 [INFO]    [PING OK] LV | VLESS | 4435ms
2026-02-25 22:40:21 [INFO]    [PING OK] LV | VLESS | 2080ms
2026-02-25 22:40:21 [INFO]    [PING OK] DE | VLESS | 2310ms
2026-02-25 22:40:21 [INFO]    [PING OK] GB | VLESS | 2235ms
2026-02-25 22:40:22 [INFO]    [PING OK] TW | VLESS | 6040ms
2026-02-25 22:40:23 [INFO]    [PING OK] SG | VLESS | 7207ms
2026-02-25 22:40:24 [INFO]    [PING OK] CA | VLESS | 6261ms
2026-02-25 22:40:26 [INFO] 🏎️ ЭТАП 2: Глубокий замер скорости для 36 иностранных кандидатов...
2026-02-25 22:40:31 [INFO]    🏆 DE | VLESS | Пинг: 4843ms | Скорость: 5.1 Mbps ⚡⚡
2026-02-25 22:40:31 [INFO]    🏆 DE | VLESS | Пинг: 4476ms | Скорость: 4.86 Mbps ⚡⚡
2026-02-25 22:40:31 [INFO]    🏆 LV | VLESS | Пинг: 2080ms | Скорость: 4.81 Mbps ⚡⚡
2026-02-25 22:40:31 [INFO]    🏆 NL | VLESS | Пинг: 4837ms | Скорость: 4.98 Mbps ⚡⚡
2026-02-25 22:40:31 [INFO]    🏆 DE | VLESS | Пинг: 4938ms | Скорость: 5.06 Mbps ⚡⚡
2026-02-25 22:40:31 [INFO]    🏆 NL | VLESS | Пинг: 4689ms | Скорость: 4.92 Mbps ⚡⚡
2026-02-25 22:40:31 [INFO]    🏆 DE | VLESS | Пинг: 2310ms | Скорость: 4.83 Mbps ⚡⚡
2026-02-25 22:40:31 [INFO]    🏆 NL | VLESS | Пинг: 4602ms | Скорость: 4.91 Mbps ⚡⚡
2026-02-25 22:40:31 [INFO]    🏆 GB | VLESS | Пинг: 2235ms | Скорость: 4.74 Mbps ⚡⚡
2026-02-25 22:40:31 [INFO]    🏆 NL | VLESS | Пинг: 4533ms | Скорость: 4.84 Mbps ⚡⚡
2026-02-25 22:40:31 [INFO]    🏆 LV | VLESS | Пинг: 4435ms | Скорость: 4.81 Mbps ⚡⚡
2026-02-25 22:40:31 [INFO]    🏆 DE | VLESS | Пинг: 4907ms | Скорость: 5.04 Mbps ⚡⚡
2026-02-25 22:40:31 [INFO]    🏆 DE | VLESS | Пинг: 4967ms | Скорость: 4.73 Mbps ⚡⚡
2026-02-25 22:40:31 [INFO]    🏆 US | VLESS | Пинг: 4767ms | Скорость: 4.44 Mbps ⚡⚡
2026-02-25 22:40:33 [INFO]    🏆 US | VLESS | Пинг: 4843ms | Скорость: 1.39 Mbps 
2026-02-25 22:40:35 [INFO]    🏆 DE | VLESS | Пинг: 5142ms | Скорость: 5.06 Mbps ⚡⚡
2026-02-25 22:40:35 [INFO]    🏆 FI | VLESS | Пинг: 5186ms | Скорость: 5.12 Mbps ⚡⚡
2026-02-25 22:40:35 [INFO]    🏆 DE | VLESS | Пинг: 5133ms | Скорость: 5.15 Mbps ⚡⚡
2026-02-25 22:40:35 [INFO]    🏆 US | VLESS | Пинг: 5160ms | Скорость: 5.17 Mbps ⚡⚡
2026-02-25 22:40:36 [INFO]    🏆 FR | VLESS | Пинг: 5095ms | Скорость: 5.11 Mbps ⚡⚡
2026-02-25 22:40:36 [INFO]    🏆 DE | VLESS | Пинг: 5094ms | Скорость: 5.02 Mbps ⚡⚡
2026-02-25 22:40:36 [INFO]    🏆 NL | VLESS | Пинг: 5545ms | Скорость: 5.56 Mbps ⚡⚡
2026-02-25 22:40:36 [INFO]    🏆 DE | VLESS | Пинг: 5468ms | Скорость: 5.33 Mbps ⚡⚡
2026-02-25 22:40:36 [INFO]    🏆 DE | VLESS | Пинг: 5069ms | Скорость: 4.94 Mbps ⚡⚡
2026-02-25 22:40:36 [INFO]    🏆 DE | VLESS | Пинг: 5395ms | Скорость: 5.06 Mbps ⚡⚡
2026-02-25 22:40:36 [INFO]    🏆 NL | VLESS | Пинг: 5133ms | Скорость: 4.98 Mbps ⚡⚡
2026-02-25 22:40:36 [INFO]    🏆 GB | VLESS | Пинг: 5426ms | Скорость: 4.89 Mbps ⚡⚡
2026-02-25 22:40:37 [INFO]    🏆 NL | VLESS | Пинг: 5591ms | Скорость: 5.93 Mbps ⚡⚡
2026-02-25 22:40:38 [INFO]    🏆 NL | VLESS | Пинг: 4979ms | Скорость: 2.34 Mbps ⚡
2026-02-25 22:40:38 [INFO]    🏆 NL | VLESS | Пинг: 5718ms | Скорость: 11.37 Mbps ⚡⚡
2026-02-25 22:40:38 [INFO]    🏆 NL | VLESS | Пинг: 5928ms | Скорость: 13.07 Mbps ⚡⚡
2026-02-25 22:40:39 [INFO]    🏆 DE | VLESS | Пинг: 5728ms | Скорость: 7.35 Mbps ⚡⚡
2026-02-25 22:40:42 [INFO]    🏆 TW | VLESS | Пинг: 6040ms | Скорость: 1.41 Mbps 
2026-02-25 22:40:42 [INFO] 📊 Итого в подписке сохранено иностранных серверов: 10
2026-02-25 22:40:43 [INFO] 💾 Файл успешно сохранен: FL1PVPN
