2026-02-22 09:50:06 [INFO] 🚀 START: Smart Selector (Target: 10, ONLY FOREIGN)
2026-02-22 09:50:06 [INFO] 🌐 Загрузка источников (VLESS + VMess)...
2026-02-22 09:50:09 [INFO] 🔍 Уникальных конфигов собрано: 263
2026-02-22 09:50:09 [INFO] ⚡ ЭТАП 1: Замер Пинга и Геолокации. Workers: 40...
2026-02-22 09:50:15 [INFO]    [PING OK] DE | VLESS | 5182ms
2026-02-22 09:50:15 [INFO]    [PING OK] CZ | VLESS | 5279ms
2026-02-22 09:50:15 [INFO]    [PING OK] DE | VLESS | 5300ms
2026-02-22 09:50:15 [INFO]    [PING OK] DE | VLESS | 5326ms
2026-02-22 09:50:17 [INFO]    [PING OK] DE | VLESS | 6221ms
2026-02-22 09:50:18 [INFO]    [PING OK] NL | VLESS | 4635ms
2026-02-22 09:50:18 [INFO]    [PING OK] DE | VLESS | 8220ms
2026-02-22 09:50:18 [INFO]    [PING OK] IT | VLESS | 4565ms
2026-02-22 09:50:18 [INFO]    [PING OK] PL | VLESS | 4756ms
2026-02-22 09:50:20 [INFO]    [PING OK] HU | VLESS | 5123ms
2026-02-22 09:50:20 [INFO]    [PING OK] TR | VLESS | 5057ms
2026-02-22 09:50:20 [INFO]    [PING OK] HU | VLESS | 5114ms
2026-02-22 09:50:20 [INFO]    [PING OK] TR | VLESS | 4897ms
2026-02-22 09:50:21 [INFO]    [PING OK] HU | VLESS | 4984ms
2026-02-22 09:50:21 [INFO]    [PING OK] TR | VLESS | 5780ms
2026-02-22 09:50:21 [INFO]    [PING OK] HU | VLESS | 5238ms
2026-02-22 09:50:21 [INFO]    [PING OK] IT | VLESS | 5617ms
2026-02-22 09:50:21 [INFO]    [PING OK] NL | VLESS | 5072ms
2026-02-22 09:50:22 [INFO]    [PING OK] DE | VLESS | 5399ms
2026-02-22 09:50:22 [INFO]    [PING OK] HU | VLESS | 4385ms
2026-02-22 09:50:22 [INFO]    [PING OK] ES | VLESS | 4326ms
2026-02-22 09:50:23 [INFO]    [PING OK] CA | VLESS | 7363ms
2026-02-22 09:50:23 [INFO]    [PING OK] ES | VLESS | 5745ms
2026-02-22 09:50:23 [INFO]    [PING OK] IT | VLESS | 6864ms
2026-02-22 09:50:23 [INFO]    [PING OK] DE | VLESS | 4568ms
2026-02-22 09:50:24 [INFO]    [PING OK] PL | VLESS | 4629ms
2026-02-22 09:50:24 [INFO]    [PING OK] HU | VLESS | 4623ms
2026-02-22 09:50:24 [INFO]    [PING OK] PL | VLESS | 6561ms
2026-02-22 09:50:24 [INFO]    [PING OK] PL | VLESS | 4561ms
2026-02-22 09:50:24 [INFO]    [PING OK] HU | VLESS | 4734ms
2026-02-22 09:50:25 [INFO]    [PING OK] PL | VLESS | 5451ms
2026-02-22 09:50:25 [INFO]    [PING OK] PL | VLESS | 5111ms
2026-02-22 09:50:25 [INFO]    [PING OK] TR | VLESS | 4833ms
2026-02-22 09:50:27 [INFO]    [PING OK] FR | VLESS | 5053ms
2026-02-22 09:50:27 [INFO]    [PING OK] DE | VLESS | 5497ms
2026-02-22 09:50:28 [INFO]    [PING OK] CA | VLESS | 5794ms
2026-02-22 09:50:29 [INFO]    [PING OK] CA | VLESS | 6722ms
2026-02-22 09:50:29 [INFO]    [PING OK] CA | VLESS | 5938ms
2026-02-22 09:50:30 [INFO]    [PING OK] DE | VLESS | 6261ms
2026-02-22 09:50:30 [INFO]    [PING OK] CA | VLESS | 6420ms
2026-02-22 09:50:32 [INFO]    [PING OK] DE | VLESS | 6452ms
2026-02-22 09:50:32 [INFO]    [PING OK] CA | VLESS | 6020ms
2026-02-22 09:50:32 [INFO]    [PING OK] FR | VLESS | 5217ms
2026-02-22 09:50:32 [INFO]    [PING OK] CA | VLESS | 5980ms
2026-02-22 09:50:33 [INFO]    [PING OK] US | VLESS | 5197ms
2026-02-22 09:50:33 [INFO]    [PING OK] DE | VLESS | 2777ms
2026-02-22 09:50:33 [INFO]    [PING OK] US | VLESS | 1758ms
2026-02-22 09:50:33 [INFO]    [PING OK] CA | VLESS | 2891ms
2026-02-22 09:50:34 [INFO]    [PING OK] CA | VLESS | 3195ms
2026-02-22 09:50:36 [INFO]    [PING OK] CA | VLESS | 8651ms
2026-02-22 09:50:38 [INFO] 🏎️ ЭТАП 2: Глубокий замер скорости для 40 иностранных кандидатов...
2026-02-22 09:50:42 [INFO]    🏆 HU | VLESS | Пинг: 4623ms | Скорость: 6.25 Mbps ⚡⚡
2026-02-22 09:50:42 [INFO]    🏆 NL | VLESS | Пинг: 4635ms | Скорость: 6.28 Mbps ⚡⚡
2026-02-22 09:50:42 [INFO]    🏆 PL | VLESS | Пинг: 4629ms | Скорость: 6.27 Mbps ⚡⚡
2026-02-22 09:50:42 [INFO]    🏆 PL | VLESS | Пинг: 4756ms | Скорость: 6.39 Mbps ⚡⚡
2026-02-22 09:50:42 [INFO]    🏆 DE | VLESS | Пинг: 4568ms | Скорость: 6.11 Mbps ⚡⚡
2026-02-22 09:50:42 [INFO]    🏆 HU | VLESS | Пинг: 4734ms | Скорость: 6.23 Mbps ⚡⚡
2026-02-22 09:50:42 [INFO]    🏆 HU | VLESS | Пинг: 4385ms | Скорость: 6.03 Mbps ⚡⚡
2026-02-22 09:50:42 [INFO]    🏆 ES | VLESS | Пинг: 4326ms | Скорость: 5.99 Mbps ⚡⚡
2026-02-22 09:50:42 [INFO]    🏆 PL | VLESS | Пинг: 4561ms | Скорость: 6.06 Mbps ⚡⚡
2026-02-22 09:50:42 [INFO]    🏆 US | VLESS | Пинг: 1758ms | Скорость: 5.67 Mbps ⚡⚡
2026-02-22 09:50:45 [INFO]    🏆 CA | VLESS | Пинг: 2891ms | Скорость: 0.72 Mbps 
2026-02-22 09:50:45 [INFO]    🏆 CA | VLESS | Пинг: 3195ms | Скорость: 0.67 Mbps 
2026-02-22 09:50:45 [INFO]    🏆 IT | VLESS | Пинг: 4565ms | Скорость: 0.84 Mbps 
2026-02-22 09:50:45 [INFO]    🏆 TR | VLESS | Пинг: 4833ms | Скорость: 1.74 Mbps ⚡
2026-02-22 09:50:45 [INFO]    🏆 NL | VLESS | Пинг: 5072ms | Скорость: 7.93 Mbps ⚡⚡
2026-02-22 09:50:45 [INFO]    🏆 PL | VLESS | Пинг: 5111ms | Скорость: 7.7 Mbps ⚡⚡
2026-02-22 09:50:45 [INFO]    🏆 HU | VLESS | Пинг: 4984ms | Скорость: 7.28 Mbps ⚡⚡
2026-02-22 09:50:46 [INFO]    🏆 HU | VLESS | Пинг: 5114ms | Скорость: 7.38 Mbps ⚡⚡
2026-02-22 09:50:46 [INFO]    🏆 TR | VLESS | Пинг: 5057ms | Скорость: 6.81 Mbps ⚡⚡
2026-02-22 09:50:46 [INFO]    🏆 TR | VLESS | Пинг: 4897ms | Скорость: 6.62 Mbps ⚡⚡
2026-02-22 09:50:46 [INFO]    🏆 HU | VLESS | Пинг: 5123ms | Скорость: 6.44 Mbps ⚡⚡
2026-02-22 09:50:46 [INFO]    🏆 DE | VLESS | Пинг: 5182ms | Скорость: 6.3 Mbps ⚡⚡
2026-02-22 09:50:47 [INFO]    🏆 US | VLESS | Пинг: 5197ms | Скорость: 5.42 Mbps ⚡⚡
2026-02-22 09:50:48 [INFO]    🏆 DE | VLESS | Пинг: 5300ms | Скорость: 7.82 Mbps ⚡⚡
2026-02-22 09:50:48 [INFO]    🏆 DE | VLESS | Пинг: 5497ms | Скорость: 9.03 Mbps ⚡⚡
2026-02-22 09:50:49 [INFO]    🏆 HU | VLESS | Пинг: 5238ms | Скорость: 5.91 Mbps ⚡⚡
2026-02-22 09:50:49 [INFO]    🏆 FR | VLESS | Пинг: 5053ms | Скорость: 1.51 Mbps ⚡
2026-02-22 09:50:51 [INFO]    🏆 FR | VLESS | Пинг: 5217ms | Скорость: 2.56 Mbps ⚡
2026-02-22 09:50:52 [INFO]    🏆 CZ | VLESS | Пинг: 5279ms | Скорость: 3.27 Mbps ⚡⚡
2026-02-22 09:50:53 [INFO]    🏆 CA | VLESS | Пинг: 5794ms | Скорость: 0.91 Mbps 
2026-02-22 09:50:53 [INFO]    🏆 ES | VLESS | Пинг: 5745ms | Скорость: 0.74 Mbps 
2026-02-22 09:50:53 [INFO]    🏆 CA | VLESS | Пинг: 5980ms | Скорость: 0.91 Mbps 
2026-02-22 09:50:55 [INFO]    🏆 CA | VLESS | Пинг: 6020ms | Скорость: 1.25 Mbps 
2026-02-22 09:50:55 [INFO] 📊 Итого в подписке сохранено иностранных серверов: 10
2026-02-22 09:50:55 [INFO] 💾 Файл успешно сохранен: FL1PVPN
