2026-02-15 10:48:30 [INFO] 🚀 START: Smart VLESS Selector (Target: 10, Strict Mode)
2026-02-15 10:48:30 [INFO] 🌐 Загрузка источников...
2026-02-15 10:48:32 [INFO] 🔍 Уникальных конфигов собрано: 414
2026-02-15 10:48:32 [INFO] ⚡ ЭТАП 1: Быстрый замер Пинга (Workers: 25)...
2026-02-15 10:48:33 [INFO]    [PING OK] DE | 175ms
2026-02-15 10:48:34 [INFO]    [PING OK] US | 442ms
2026-02-15 10:48:34 [INFO]    [PING OK] CH | 269ms
2026-02-15 10:48:36 [INFO]    [PING OK] NL | 231ms
2026-02-15 10:48:36 [INFO]    [PING OK] ES | 420ms
2026-02-15 10:48:36 [INFO]    [PING OK] SG | 386ms
2026-02-15 10:48:37 [INFO]    [PING OK] RU | 107ms
2026-02-15 10:48:37 [INFO]    [PING OK] DE | 132ms
2026-02-15 10:48:37 [INFO]    [PING OK] NL | 161ms
2026-02-15 10:48:39 [INFO]    [PING OK] EE | 152ms
2026-02-15 10:48:39 [INFO]    [PING OK] NL | 350ms
2026-02-15 10:48:40 [INFO]    [PING OK] PL | 121ms
2026-02-15 10:48:40 [INFO]    [PING OK] PL | 148ms
2026-02-15 10:48:41 [INFO]    [PING OK] NL | 359ms
2026-02-15 10:48:42 [INFO]    [PING OK] BE | 353ms
2026-02-15 10:48:44 [INFO]    [PING OK] ZA | 437ms
2026-02-15 10:48:44 [INFO]    [PING OK] DE | 142ms
2026-02-15 10:48:45 [INFO]    [PING OK] RU | 88ms
2026-02-15 10:48:45 [INFO]    [PING OK] PL | 185ms
2026-02-15 10:48:46 [INFO]    [PING OK] RU | 174ms
2026-02-15 10:48:46 [INFO]    [PING OK] RU | 478ms
2026-02-15 10:48:46 [INFO]    [PING OK] RU | 275ms
2026-02-15 10:48:46 [INFO]    [PING OK] RU | 273ms
2026-02-15 10:48:46 [INFO]    [PING OK] RU | 108ms
2026-02-15 10:48:46 [INFO]    [PING OK] RU | 196ms
2026-02-15 10:48:46 [INFO]    [PING OK] RU | 278ms
2026-02-15 10:48:46 [INFO]    [PING OK] FI | 389ms
2026-02-15 10:48:46 [INFO]    [PING OK] RU | 205ms
2026-02-15 10:48:47 [INFO]    [PING OK] RU | 304ms
2026-02-15 10:48:47 [INFO]    [PING OK] US | 200ms
2026-02-15 10:48:47 [INFO]    [PING OK] RU | 904ms
2026-02-15 10:48:47 [INFO]    [PING OK] RU | 241ms
2026-02-15 10:48:47 [INFO]    [PING OK] RU | 186ms
2026-02-15 10:48:48 [INFO]    [PING OK] RU | 331ms
2026-02-15 10:48:48 [INFO]    [PING OK] RU | 242ms
2026-02-15 10:48:48 [INFO]    [PING OK] RU | 318ms
2026-02-15 10:48:48 [INFO]    [PING OK] RU | 272ms
2026-02-15 10:48:48 [INFO]    [PING OK] RU | 264ms
2026-02-15 10:48:48 [INFO]    [PING OK] RU | 285ms
2026-02-15 10:48:48 [INFO]    [PING OK] RU | 290ms
2026-02-15 10:48:48 [INFO]    [PING OK] HU | 2361ms
2026-02-15 10:48:49 [INFO]    [PING OK] PL | 156ms
2026-02-15 10:48:49 [INFO]    [PING OK] PL | 185ms
2026-02-15 10:48:49 [INFO]    [PING OK] RU | 131ms
2026-02-15 10:48:49 [INFO]    [PING OK] RU | 560ms
2026-02-15 10:48:49 [INFO]    [PING OK] RU | 538ms
2026-02-15 10:48:49 [INFO]    [PING OK] RU | 245ms
2026-02-15 10:48:49 [INFO]    [PING OK] RU | 202ms
2026-02-15 10:48:50 [INFO]    [PING OK] NL | 427ms
2026-02-15 10:48:50 [INFO]    [PING OK] RU | 244ms
2026-02-15 10:48:50 [INFO]    [PING OK] RU | 516ms
2026-02-15 10:48:50 [INFO]    [PING OK] PL | 157ms
2026-02-15 10:48:51 [INFO]    [PING OK] RU | 1393ms
2026-02-15 10:48:51 [INFO]    [PING OK] RU | 2598ms
2026-02-15 10:48:51 [INFO]    [PING OK] RU | 1035ms
2026-02-15 10:48:51 [INFO]    [PING OK] RU | 473ms
2026-02-15 10:48:51 [INFO]    [PING OK] RU | 887ms
2026-02-15 10:48:51 [INFO]    [PING OK] RU | 760ms
2026-02-15 10:48:51 [INFO]    [PING OK] RU | 2320ms
2026-02-15 10:48:52 [INFO]    [PING OK] DE | 651ms
2026-02-15 10:48:52 [INFO]    [PING OK] RU | 478ms
2026-02-15 10:48:52 [INFO]    [PING OK] RU | 4672ms
2026-02-15 10:48:52 [INFO]    [PING OK] RU | 608ms
2026-02-15 10:48:52 [INFO]    [PING OK] RU | 270ms
2026-02-15 10:48:52 [INFO]    [PING OK] RU | 243ms
2026-02-15 10:48:52 [INFO]    [PING OK] RU | 2647ms
2026-02-15 10:48:52 [INFO]    [PING OK] RU | 3546ms
2026-02-15 10:48:52 [INFO]    [PING OK] RU | 383ms
2026-02-15 10:48:52 [INFO]    [PING OK] HU | 335ms
2026-02-15 10:48:52 [INFO]    [PING OK] RU | 223ms
2026-02-15 10:48:52 [INFO]    [PING OK] RU | 104ms
2026-02-15 10:48:53 [INFO]    [PING OK] RU | 245ms
2026-02-15 10:48:53 [INFO]    [PING OK] RU | 211ms
2026-02-15 10:48:53 [INFO]    [PING OK] RU | 1434ms
2026-02-15 10:48:53 [INFO]    [PING OK] NL | 1074ms
2026-02-15 10:48:53 [INFO]    [PING OK] NL | 255ms
2026-02-15 10:48:54 [INFO]    [PING OK] RU | 262ms
2026-02-15 10:48:54 [INFO]    [PING OK] RU | 396ms
2026-02-15 10:48:54 [INFO]    [PING OK] RU | 720ms
2026-02-15 10:48:54 [INFO]    [PING OK] HU | 1374ms
2026-02-15 10:48:54 [INFO]    [PING OK] RU | 1255ms
2026-02-15 10:48:54 [INFO]    [PING OK] RU | 700ms
2026-02-15 10:48:54 [INFO]    [PING OK] RU | 90ms
2026-02-15 10:48:54 [INFO]    [PING OK] US | 157ms
2026-02-15 10:48:54 [INFO]    [PING OK] RU | 317ms
2026-02-15 10:48:55 [INFO]    [PING OK] RU | 193ms
2026-02-15 10:48:55 [INFO]    [PING OK] NL | 1344ms
2026-02-15 10:48:55 [INFO]    [PING OK] RU | 271ms
2026-02-15 10:48:55 [INFO]    [PING OK] RU | 245ms
2026-02-15 10:48:55 [INFO]    [PING OK] RU | 415ms
2026-02-15 10:48:55 [INFO]    [PING OK] RU | 198ms
2026-02-15 10:48:55 [INFO]    [PING OK] RU | 265ms
2026-02-15 10:48:56 [INFO]    [PING OK] RU | 374ms
2026-02-15 10:48:56 [INFO]    [PING OK] RU | 292ms
2026-02-15 10:48:56 [INFO]    [PING OK] RU | 190ms
2026-02-15 10:48:56 [INFO]    [PING OK] RU | 1258ms
2026-02-15 10:48:56 [INFO]    [PING OK] RU | 2766ms
2026-02-15 10:48:57 [INFO]    [PING OK] RU | 414ms
2026-02-15 10:48:57 [INFO]    [PING OK] RU | 1430ms
2026-02-15 10:48:57 [INFO]    [PING OK] RU | 297ms
2026-02-15 10:48:57 [INFO]    [PING OK] EE | 3440ms
2026-02-15 10:48:57 [INFO]    [PING OK] RU | 554ms
2026-02-15 10:48:57 [INFO]    [PING OK] RU | 1232ms
2026-02-15 10:48:57 [INFO]    [PING OK] RU | 352ms
2026-02-15 10:48:57 [INFO]    [PING OK] RU | 1261ms
2026-02-15 10:48:57 [INFO]    [PING OK] RU | 4804ms
2026-02-15 10:48:57 [INFO]    [PING OK] RU | 458ms
2026-02-15 10:48:58 [INFO]    [PING OK] RU | 1128ms
2026-02-15 10:48:58 [INFO]    [PING OK] RU | 200ms
2026-02-15 10:48:58 [INFO]    [PING OK] RU | 87ms
2026-02-15 10:48:58 [INFO]    [PING OK] RU | 364ms
2026-02-15 10:48:58 [INFO]    [PING OK] RU | 232ms
2026-02-15 10:48:58 [INFO]    [PING OK] CA | 417ms
2026-02-15 10:48:58 [INFO]    [PING OK] RU | 671ms
2026-02-15 10:48:58 [INFO]    [PING OK] RU | 536ms
2026-02-15 10:48:59 [INFO]    [PING OK] RU | 1564ms
2026-02-15 10:48:59 [INFO]    [PING OK] RU | 2024ms
2026-02-15 10:48:59 [INFO]    [PING OK] RU | 459ms
2026-02-15 10:48:59 [INFO]    [PING OK] RU | 654ms
2026-02-15 10:48:59 [INFO]    [PING OK] RU | 78ms
2026-02-15 10:48:59 [INFO]    [PING OK] RU | 2179ms
2026-02-15 10:49:00 [INFO]    [PING OK] NL | 201ms
2026-02-15 10:49:00 [INFO]    [PING OK] RU | 298ms
2026-02-15 10:49:00 [INFO]    [PING OK] DE | 386ms
2026-02-15 10:49:00 [INFO]    [PING OK] ES | 683ms
2026-02-15 10:49:00 [INFO]    [PING OK] NL | 155ms
2026-02-15 10:49:00 [INFO]    [PING OK] FI | 297ms
2026-02-15 10:49:01 [INFO]    [PING OK] RU | 1426ms
2026-02-15 10:49:01 [INFO]    [PING OK] RU | 1864ms
2026-02-15 10:49:01 [INFO]    [PING OK] NL | 200ms
2026-02-15 10:49:01 [INFO]    [PING OK] NL | 192ms
2026-02-15 10:49:02 [INFO]    [PING OK] RU | 4283ms
2026-02-15 10:49:03 [INFO]    [PING OK] FI | 191ms
2026-02-15 10:49:04 [INFO]    [PING OK] US | 3755ms
2026-02-15 10:49:04 [INFO]    [PING OK] NL | 498ms
2026-02-15 10:49:05 [INFO]    [PING OK] IQ | 2432ms
2026-02-15 10:49:05 [INFO]    [PING OK] TR | 497ms
2026-02-15 10:49:06 [INFO]    [PING OK] LV | 310ms
2026-02-15 10:49:06 [INFO]    [PING OK] NL | 157ms
2026-02-15 10:49:06 [INFO]    [PING OK] TR | 448ms
2026-02-15 10:49:07 [INFO]    [PING OK] DE | 173ms
2026-02-15 10:49:07 [INFO]    [PING OK] MD | 163ms
2026-02-15 10:49:07 [INFO]    [PING OK] RU | 378ms
2026-02-15 10:49:07 [INFO]    [PING OK] DE | 505ms
2026-02-15 10:49:07 [INFO]    [PING OK] SC | 1013ms
2026-02-15 10:49:14 [INFO] 🏎️ ЭТАП 2: Глубокий замер скорости для ТОП-10 серверов...
2026-02-15 10:49:21 [INFO]    🏆 PL | Пинг: 121ms | Скорость: 9.67 Mbps ⚡⚡
2026-02-15 10:49:21 [INFO]    🏆 DE | Пинг: 132ms | Скорость: 0.0 Mbps 
2026-02-15 10:49:21 [INFO]    🏆 DE | Пинг: 142ms | Скорость: 0.0 Mbps 
2026-02-15 10:49:21 [INFO]    🏆 PL | Пинг: 148ms | Скорость: 10.0 Mbps ⚡⚡
2026-02-15 10:49:21 [INFO]    🏆 EE | Пинг: 152ms | Скорость: 9.72 Mbps ⚡⚡
2026-02-15 10:49:21 [INFO]    🏆 NL | Пинг: 155ms | Скорость: 10.13 Mbps ⚡⚡
2026-02-15 10:49:21 [INFO]    🏆 PL | Пинг: 156ms | Скорость: 0.0 Mbps 
2026-02-15 10:49:21 [INFO]    🏆 PL | Пинг: 157ms | Скорость: 0.0 Mbps 
2026-02-15 10:49:21 [INFO]    🏆 US | Пинг: 157ms | Скорость: 9.83 Mbps ⚡⚡
2026-02-15 10:49:21 [INFO]    🏆 RU | Пинг: 78ms | Скорость: 9.97 Mbps ⚡⚡
2026-02-15 10:49:21 [INFO] 🇷🇺 Добавлен RU сервер: 51.250.42.70
2026-02-15 10:49:21 [INFO] 📊 Итого в подписке сохранено: 10 серверов
2026-02-15 10:49:21 [INFO] 💾 Файл успешно сохранен: FL1PVPN
