2026-02-25 11:40:05 [INFO] 🚀 START: Smart Selector (Target: 10, ONLY FOREIGN)
2026-02-25 11:40:05 [INFO] 🌐 Загрузка источников (VLESS + VMess)...
2026-02-25 11:40:06 [INFO] 🔍 Уникальных конфигов собрано: 199
2026-02-25 11:40:06 [INFO] ⚡ ЭТАП 1: Замер Пинга и Геолокации. Workers: 40...
2026-02-25 11:40:12 [INFO]    [PING OK] FI | VLESS | 4860ms
2026-02-25 11:40:12 [INFO]    [PING OK] DE | VLESS | 5016ms
2026-02-25 11:40:12 [INFO]    [PING OK] NL | VLESS | 4836ms
2026-02-25 11:40:13 [INFO]    [PING OK] FI | VLESS | 5273ms
2026-02-25 11:40:13 [INFO]    [PING OK] DE | VLESS | 4946ms
2026-02-25 11:40:13 [INFO]    [PING OK] NL | VLESS | 5263ms
2026-02-25 11:40:13 [INFO]    [PING OK] NL | VLESS | 5609ms
2026-02-25 11:40:13 [INFO]    [PING OK] DE | VLESS | 4650ms
2026-02-25 11:40:14 [INFO]    [PING OK] FI | VLESS | 4075ms
2026-02-25 11:40:15 [INFO]    [PING OK] FI | VLESS | 5572ms
2026-02-25 11:40:16 [INFO]    [PING OK] US | VLESS | 3641ms
2026-02-25 11:40:16 [INFO]    [PING OK] DE | VLESS | 9107ms
2026-02-25 11:40:17 [INFO]    [PING OK] DE | VLESS | 5993ms
2026-02-25 11:40:17 [INFO]    [PING OK] FI | VLESS | 3365ms
2026-02-25 11:40:17 [INFO]    [PING OK] FI | VLESS | 3599ms
2026-02-25 11:40:17 [INFO]    [PING OK] DE | VLESS | 7463ms
2026-02-25 11:40:18 [INFO]    [PING OK] US | VLESS | 3959ms
2026-02-25 11:40:18 [INFO]    [PING OK] NL | VLESS | 4179ms
2026-02-25 11:40:18 [INFO]    [PING OK] NL | VLESS | 3998ms
2026-02-25 11:40:18 [INFO]    [PING OK] DE | VLESS | 4970ms
2026-02-25 11:40:18 [INFO]    [PING OK] NL | VLESS | 3965ms
2026-02-25 11:40:19 [INFO]    [PING OK] DE | VLESS | 4097ms
2026-02-25 11:40:19 [INFO]    [PING OK] SE | VLESS | 4228ms
2026-02-25 11:40:20 [INFO]    [PING OK] DE | VLESS | 6829ms
2026-02-25 11:40:20 [INFO]    [PING OK] US | VLESS | 4356ms
2026-02-25 11:40:21 [INFO]    [PING OK] US | VLESS | 6333ms
2026-02-25 11:40:22 [INFO]    [PING OK] US | VLESS | 6671ms
2026-02-25 11:40:22 [INFO]    [PING OK] US | VLESS | 5014ms
2026-02-25 11:40:22 [INFO]    [PING OK] LV | VLESS | 4287ms
2026-02-25 11:40:23 [INFO]    [PING OK] DE | VLESS | 4217ms
2026-02-25 11:40:23 [INFO]    [PING OK] DE | VLESS | 4460ms
2026-02-25 11:40:23 [INFO]    [PING OK] DE | VLESS | 4615ms
2026-02-25 11:40:23 [INFO]    [PING OK] US | VLESS | 4575ms
2026-02-25 11:40:23 [INFO]    [PING OK] KZ | VLESS | 4254ms
2026-02-25 11:40:24 [INFO]    [PING OK] DE | VLESS | 4102ms
2026-02-25 11:40:24 [INFO]    [PING OK] US | VLESS | 4269ms
2026-02-25 11:40:24 [INFO]    [PING OK] DE | VLESS | 4527ms
2026-02-25 11:40:24 [INFO]    [PING OK] US | VLESS | 6576ms
2026-02-25 11:40:24 [INFO]    [PING OK] CA | VLESS | 5823ms
2026-02-25 11:40:24 [INFO]    [PING OK] TR | VLESS | 4299ms
2026-02-25 11:40:25 [INFO]    [PING OK] US | VLESS | 4373ms
2026-02-25 11:40:25 [INFO]    [PING OK] TW | VLESS | 4939ms
2026-02-25 11:40:26 [INFO]    [PING OK] TW | VLESS | 5117ms
2026-02-25 11:40:27 [INFO]    [PING OK] US | VLESS | 6230ms
2026-02-25 11:40:27 [INFO]    [PING OK] DE | VLESS | 4265ms
2026-02-25 11:40:27 [INFO]    [PING OK] GB | VLESS | 3866ms
2026-02-25 11:40:27 [INFO]    [PING OK] US | VLESS | 3976ms
2026-02-25 11:40:27 [INFO]    [PING OK] US | VLESS | 3896ms
2026-02-25 11:40:27 [INFO]    [PING OK] DE | VLESS | 3531ms
2026-02-25 11:40:27 [INFO]    [PING OK] US | VLESS | 3720ms
2026-02-25 11:40:28 [INFO]    [PING OK] LV | VLESS | 2511ms
2026-02-25 11:40:28 [INFO]    [PING OK] LT | VLESS | 1766ms
2026-02-25 11:40:28 [INFO]    [PING OK] US | VLESS | 3287ms
2026-02-25 11:40:28 [INFO]    [PING OK] US | VLESS | 2991ms
2026-02-25 11:40:28 [INFO]    [PING OK] US | VLESS | 3305ms
2026-02-25 11:40:28 [INFO]    [PING OK] US | VLESS | 1721ms
2026-02-25 11:40:28 [INFO]    [PING OK] US | VLESS | 1811ms
2026-02-25 11:40:28 [INFO]    [PING OK] US | VLESS | 3407ms
2026-02-25 11:40:30 [INFO]    [PING OK] US | VLESS | 5519ms
2026-02-25 11:40:30 [INFO]    [PING OK] US | VLESS | 7686ms
2026-02-25 11:40:31 [INFO]    [PING OK] NL | VLESS | 7423ms
2026-02-25 11:40:31 [INFO]    [PING OK] CA | VLESS | 7809ms
2026-02-25 11:40:31 [INFO]    [PING OK] GB | VLESS | 9243ms
2026-02-25 11:40:32 [INFO] 🏎️ ЭТАП 2: Глубокий замер скорости для 40 иностранных кандидатов...
2026-02-25 11:40:37 [INFO]    🏆 LT | VLESS | Пинг: 1766ms | Скорость: 4.84 Mbps ⚡⚡
2026-02-25 11:40:37 [INFO]    🏆 FI | VLESS | Пинг: 3599ms | Скорость: 5.01 Mbps ⚡⚡
2026-02-25 11:40:38 [INFO]    🏆 FI | VLESS | Пинг: 3365ms | Скорость: 4.71 Mbps ⚡⚡
2026-02-25 11:40:38 [INFO]    🏆 GB | VLESS | Пинг: 3866ms | Скорость: 4.77 Mbps ⚡⚡
2026-02-25 11:40:38 [INFO]    🏆 US | VLESS | Пинг: 1811ms | Скорость: 4.43 Mbps ⚡⚡
2026-02-25 11:40:38 [INFO]    🏆 US | VLESS | Пинг: 3641ms | Скорость: 4.6 Mbps ⚡⚡
2026-02-25 11:40:38 [INFO]    🏆 US | VLESS | Пинг: 3896ms | Скорость: 4.66 Mbps ⚡⚡
2026-02-25 11:40:38 [INFO]    🏆 DE | VLESS | Пинг: 3531ms | Скорость: 4.52 Mbps ⚡⚡
2026-02-25 11:40:38 [INFO]    🏆 US | VLESS | Пинг: 3720ms | Скорость: 4.52 Mbps ⚡⚡
2026-02-25 11:40:38 [INFO]    🏆 US | VLESS | Пинг: 2991ms | Скорость: 4.36 Mbps ⚡⚡
2026-02-25 11:40:38 [INFO]    🏆 US | VLESS | Пинг: 3305ms | Скорость: 4.37 Mbps ⚡⚡
2026-02-25 11:40:38 [INFO]    🏆 US | VLESS | Пинг: 3287ms | Скорость: 4.35 Mbps ⚡⚡
2026-02-25 11:40:39 [INFO]    🏆 US | VLESS | Пинг: 1721ms | Скорость: 2.6 Mbps ⚡
2026-02-25 11:40:39 [INFO]    🏆 US | VLESS | Пинг: 3407ms | Скорость: 2.9 Mbps ⚡
2026-02-25 11:40:41 [INFO]    🏆 NL | VLESS | Пинг: 3965ms | Скорость: 6.66 Mbps ⚡⚡
2026-02-25 11:40:41 [INFO]    🏆 FI | VLESS | Пинг: 4075ms | Скорость: 6.78 Mbps ⚡⚡
2026-02-25 11:40:42 [INFO]    🏆 US | VLESS | Пинг: 3959ms | Скорость: 5.81 Mbps ⚡⚡
2026-02-25 11:40:42 [INFO]    🏆 NL | VLESS | Пинг: 3998ms | Скорость: 6.15 Mbps ⚡⚡
2026-02-25 11:40:42 [INFO]    🏆 US | VLESS | Пинг: 3976ms | Скорость: 5.77 Mbps ⚡⚡
2026-02-25 11:40:42 [INFO]    🏆 DE | VLESS | Пинг: 4102ms | Скорость: 6.04 Mbps ⚡⚡
2026-02-25 11:40:42 [INFO]    🏆 DE | VLESS | Пинг: 4217ms | Скорость: 6.15 Mbps ⚡⚡
2026-02-25 11:40:42 [INFO]    🏆 DE | VLESS | Пинг: 4265ms | Скорость: 6.17 Mbps ⚡⚡
2026-02-25 11:40:42 [INFO]    🏆 US | VLESS | Пинг: 4269ms | Скорость: 5.98 Mbps ⚡⚡
2026-02-25 11:40:42 [INFO]    🏆 KZ | VLESS | Пинг: 4254ms | Скорость: 5.79 Mbps ⚡⚡
2026-02-25 11:40:44 [INFO]    🏆 SE | VLESS | Пинг: 4228ms | Скорость: 3.64 Mbps ⚡⚡
2026-02-25 11:40:44 [INFO]    🏆 US | VLESS | Пинг: 4373ms | Скорость: 8.91 Mbps ⚡⚡
2026-02-25 11:40:45 [INFO]    🏆 DE | VLESS | Пинг: 4527ms | Скорость: 7.81 Mbps ⚡⚡
2026-02-25 11:40:45 [INFO]    🏆 DE | VLESS | Пинг: 4650ms | Скорость: 8.52 Mbps ⚡⚡
2026-02-25 11:40:45 [INFO]    🏆 DE | VLESS | Пинг: 4460ms | Скорость: 7.76 Mbps ⚡⚡
2026-02-25 11:40:45 [INFO]    🏆 NL | VLESS | Пинг: 4836ms | Скорость: 8.29 Mbps ⚡⚡
2026-02-25 11:40:45 [INFO]    🏆 DE | VLESS | Пинг: 4615ms | Скорость: 6.9 Mbps ⚡⚡
2026-02-25 11:40:46 [INFO]    🏆 TR | VLESS | Пинг: 4299ms | Скорость: 0.7 Mbps 
2026-02-25 11:40:46 [INFO]    🏆 US | VLESS | Пинг: 4356ms | Скорость: 4.58 Mbps ⚡⚡
2026-02-25 11:40:48 [INFO]    🏆 US | VLESS | Пинг: 4575ms | Скорость: 2.79 Mbps ⚡
2026-02-25 11:40:49 [INFO]    🏆 TW | VLESS | Пинг: 4939ms | Скорость: 2.85 Mbps ⚡
2026-02-25 11:40:49 [INFO] 📊 Итого в подписке сохранено иностранных серверов: 10
2026-02-25 11:40:49 [INFO] 💾 Файл успешно сохранен: FL1PVPN
