2026-02-17 05:50:06 [INFO] 🚀 START: Smart VLESS Selector (Target: 10, Strict Mode)
2026-02-17 05:50:06 [INFO] 🌐 Загрузка источников...
2026-02-17 05:50:09 [INFO] 🔍 Уникальных конфигов собрано: 639
2026-02-17 05:50:09 [INFO] ⚡ ЭТАП 1: Быстрый замер Пинга (Workers: 25)...
2026-02-17 05:50:10 [INFO]    [PING OK] DE | 240ms
2026-02-17 05:50:11 [INFO]    [PING OK] DE | 1224ms
2026-02-17 05:50:11 [INFO]    [PING OK] DE | 1322ms
2026-02-17 05:50:12 [INFO]    [PING OK] DE | 186ms
2026-02-17 05:50:12 [INFO]    [PING OK] DE | 2204ms
2026-02-17 05:50:13 [INFO]    [PING OK] DE | 163ms
2026-02-17 05:50:16 [INFO]    [PING OK] DE | 184ms
2026-02-17 05:50:16 [INFO]    [PING OK] DE | 562ms
2026-02-17 05:50:17 [INFO]    [PING OK] DE | 130ms
2026-02-17 05:50:18 [INFO]    [PING OK] FR | 264ms
2026-02-17 05:50:18 [INFO]    [PING OK] NL | 2900ms
2026-02-17 05:50:22 [INFO]    [PING OK] RU | 208ms
2026-02-17 05:50:22 [INFO]    [PING OK] FI | 271ms
2026-02-17 05:50:22 [INFO]    [PING OK] RU | 316ms
2026-02-17 05:50:22 [INFO]    [PING OK] RU | 68ms
2026-02-17 05:50:22 [INFO]    [PING OK] RU | 108ms
2026-02-17 05:50:23 [INFO]    [PING OK] RU | 429ms
2026-02-17 05:50:23 [INFO]    [PING OK] RU | 107ms
2026-02-17 05:50:23 [INFO]    [PING OK] RU | 591ms
2026-02-17 05:50:24 [INFO]    [PING OK] RU | 277ms
2026-02-17 05:50:24 [INFO]    [PING OK] RU | 319ms
2026-02-17 05:50:24 [INFO]    [PING OK] RU | 957ms
2026-02-17 05:50:24 [INFO]    [PING OK] RU | 282ms
2026-02-17 05:50:25 [INFO]    [PING OK] US | 173ms
2026-02-17 05:50:25 [INFO]    [PING OK] RU | 2370ms
2026-02-17 05:50:25 [INFO]    [PING OK] FI | 154ms
2026-02-17 05:50:25 [INFO]    [PING OK] RU | 226ms
2026-02-17 05:50:25 [INFO]    [PING OK] RU | 252ms
2026-02-17 05:50:25 [INFO]    [PING OK] RU | 344ms
2026-02-17 05:50:26 [INFO]    [PING OK] RU | 2360ms
2026-02-17 05:50:26 [INFO]    [PING OK] RU | 268ms
2026-02-17 05:50:26 [INFO]    [PING OK] FI | 232ms
2026-02-17 05:50:26 [INFO]    [PING OK] RU | 529ms
2026-02-17 05:50:26 [INFO]    [PING OK] NL | 1401ms
2026-02-17 05:50:27 [INFO]    [PING OK] RU | 363ms
2026-02-17 05:50:27 [INFO]    [PING OK] HU | 1383ms
2026-02-17 05:50:27 [INFO]    [PING OK] RU | 211ms
2026-02-17 05:50:27 [INFO]    [PING OK] HU | 359ms
2026-02-17 05:50:27 [INFO]    [PING OK] RU | 894ms
2026-02-17 05:50:28 [INFO]    [PING OK] PL | 175ms
2026-02-17 05:50:28 [INFO]    [PING OK] RU | 120ms
2026-02-17 05:50:28 [INFO]    [PING OK] RU | 2393ms
2026-02-17 05:50:29 [INFO]    [PING OK] RU | 1801ms
2026-02-17 05:50:29 [INFO]    [PING OK] RU | 249ms
2026-02-17 05:50:29 [INFO]    [PING OK] RU | 1794ms
2026-02-17 05:50:29 [INFO]    [PING OK] RU | 200ms
2026-02-17 05:50:29 [INFO]    [PING OK] RU | 1351ms
2026-02-17 05:50:29 [INFO]    [PING OK] RU | 1749ms
2026-02-17 05:50:29 [INFO]    [PING OK] RU | 2979ms
2026-02-17 05:50:29 [INFO]    [PING OK] RU | 4192ms
2026-02-17 05:50:29 [INFO]    [PING OK] RU | 303ms
2026-02-17 05:50:30 [INFO]    [PING OK] PL | 187ms
2026-02-17 05:50:30 [INFO]    [PING OK] RU | 277ms
2026-02-17 05:50:30 [INFO]    [PING OK] RU | 241ms
2026-02-17 05:50:30 [INFO]    [PING OK] RU | 1276ms
2026-02-17 05:50:30 [INFO]    [PING OK] RU | 282ms
2026-02-17 05:50:30 [INFO]    [PING OK] NL | 178ms
2026-02-17 05:50:31 [INFO]    [PING OK] RU | 792ms
2026-02-17 05:50:31 [INFO]    [PING OK] RU | 262ms
2026-02-17 05:50:31 [INFO]    [PING OK] RU | 229ms
2026-02-17 05:50:32 [INFO]    [PING OK] DE | 1154ms
2026-02-17 05:50:32 [INFO]    [PING OK] DE | 148ms
2026-02-17 05:50:32 [INFO]    [PING OK] RU | 329ms
2026-02-17 05:50:32 [INFO]    [PING OK] FI | 204ms
2026-02-17 05:50:32 [INFO]    [PING OK] RU | 2718ms
2026-02-17 05:50:33 [INFO]    [PING OK] RU | 331ms
2026-02-17 05:50:33 [INFO]    [PING OK] RU | 207ms
2026-02-17 05:50:33 [INFO]    [PING OK] DE | 158ms
2026-02-17 05:50:33 [INFO]    [PING OK] RU | 237ms
2026-02-17 05:50:33 [INFO]    [PING OK] RU | 253ms
2026-02-17 05:50:33 [INFO]    [PING OK] RU | 287ms
2026-02-17 05:50:34 [INFO]    [PING OK] RU | 865ms
2026-02-17 05:50:34 [INFO]    [PING OK] RU | 281ms
2026-02-17 05:50:34 [INFO]    [PING OK] RU | 197ms
2026-02-17 05:50:34 [INFO]    [PING OK] RU | 278ms
2026-02-17 05:50:34 [INFO]    [PING OK] RU | 213ms
2026-02-17 05:50:34 [INFO]    [PING OK] RU | 908ms
2026-02-17 05:50:34 [INFO]    [PING OK] HU | 2459ms
2026-02-17 05:50:34 [INFO]    [PING OK] RU | 56ms
2026-02-17 05:50:34 [INFO]    [PING OK] RU | 184ms
2026-02-17 05:50:34 [INFO]    [PING OK] RU | 3918ms
2026-02-17 05:50:35 [INFO]    [PING OK] RU | 246ms
2026-02-17 05:50:35 [INFO]    [PING OK] RU | 197ms
2026-02-17 05:50:35 [INFO]    [PING OK] RU | 232ms
2026-02-17 05:50:35 [INFO]    [PING OK] RU | 3870ms
2026-02-17 05:50:35 [INFO]    [PING OK] RU | 943ms
2026-02-17 05:50:35 [INFO]    [PING OK] FR | 212ms
2026-02-17 05:50:36 [INFO]    [PING OK] RU | 1252ms
2026-02-17 05:50:36 [INFO]    [PING OK] RU | 4876ms
2026-02-17 05:50:37 [INFO]    [PING OK] RU | 3120ms
2026-02-17 05:50:37 [INFO]    [PING OK] GR | 119ms
2026-02-17 05:50:37 [INFO]    [PING OK] NL | 185ms
2026-02-17 05:50:44 [INFO]    [PING OK] US | 696ms
2026-02-17 05:50:47 [INFO]    [PING OK] FR | 201ms
2026-02-17 05:50:48 [INFO]    [PING OK] CY | 169ms
2026-02-17 05:50:51 [INFO]    [PING OK] NL | 417ms
2026-02-17 05:50:53 [INFO]    [PING OK] TR | 368ms
2026-02-17 05:50:53 [INFO]    [PING OK] US | 637ms
2026-02-17 05:51:04 [INFO]    [PING OK] LT | 159ms
2026-02-17 05:51:05 [INFO]    [PING OK] EE | 203ms
2026-02-17 05:51:05 [INFO]    [PING OK] LT | 1160ms
2026-02-17 05:51:06 [INFO]    [PING OK] US | 1404ms
2026-02-17 05:51:08 [INFO]    [PING OK] AT | 204ms
2026-02-17 05:51:12 [INFO]    [PING OK] US | 528ms
2026-02-17 05:51:16 [INFO]    [PING OK] IR | 537ms
2026-02-17 05:51:17 [INFO]    [PING OK] PL | 532ms
2026-02-17 05:51:17 [INFO]    [PING OK] US | 628ms
2026-02-17 05:51:18 [INFO]    [PING OK] NL | 202ms
2026-02-17 05:51:19 [INFO]    [PING OK] PL | 204ms
2026-02-17 05:51:21 [INFO]    [PING OK] DE | 160ms
2026-02-17 05:51:24 [INFO]    [PING OK] DE | 153ms
2026-02-17 05:51:25 [INFO]    [PING OK] US | 806ms
2026-02-17 05:51:25 [INFO]    [PING OK] LT | 637ms
2026-02-17 05:51:26 [INFO]    [PING OK] NL | 179ms
2026-02-17 05:51:26 [INFO]    [PING OK] FI | 378ms
2026-02-17 05:51:27 [INFO]    [PING OK] FR | 503ms
2026-02-17 05:51:27 [INFO]    [PING OK] NL | 156ms
2026-02-17 05:51:28 [INFO]    [PING OK] DE | 170ms
2026-02-17 05:51:35 [INFO]    [PING OK] LV | 190ms
2026-02-17 05:51:36 [INFO]    [PING OK] MD | 172ms
2026-02-17 05:51:41 [INFO] 🏎️ ЭТАП 2: Глубокий замер скорости для ТОП-10 серверов...
2026-02-17 05:51:45 [INFO]    🏆 GR | Пинг: 119ms | Скорость: 8.09 Mbps ⚡⚡
2026-02-17 05:51:45 [INFO]    🏆 DE | Пинг: 130ms | Скорость: 8.06 Mbps ⚡⚡
2026-02-17 05:51:45 [INFO]    🏆 DE | Пинг: 148ms | Скорость: 8.19 Mbps ⚡⚡
2026-02-17 05:51:45 [INFO]    🏆 DE | Пинг: 153ms | Скорость: 8.37 Mbps ⚡⚡
2026-02-17 05:51:45 [INFO]    🏆 FI | Пинг: 154ms | Скорость: 8.2 Mbps ⚡⚡
2026-02-17 05:51:45 [INFO]    🏆 NL | Пинг: 156ms | Скорость: 8.43 Mbps ⚡⚡
2026-02-17 05:51:45 [INFO]    🏆 DE | Пинг: 158ms | Скорость: 8.28 Mbps ⚡⚡
2026-02-17 05:51:45 [INFO]    🏆 LT | Пинг: 159ms | Скорость: 8.51 Mbps ⚡⚡
2026-02-17 05:51:45 [INFO]    🏆 DE | Пинг: 160ms | Скорость: 8.49 Mbps ⚡⚡
2026-02-17 05:51:45 [INFO]    🏆 RU | Пинг: 56ms | Скорость: 0.0 Mbps 
2026-02-17 05:51:45 [INFO] 🇷🇺 Добавлен RU сервер: 83.166.255.72
2026-02-17 05:51:45 [INFO] 📊 Итого в подписке сохранено: 10 серверов
2026-02-17 05:51:45 [INFO] 💾 Файл успешно сохранен: FL1PVPN
