2026-02-18 17:20:06 [INFO] 🚀 START: Smart VLESS Selector (Target: 10, Strict Mode)
2026-02-18 17:20:06 [INFO] 🌐 Загрузка источников...
2026-02-18 17:20:06 [INFO] 🔍 Уникальных конфигов собрано: 16
2026-02-18 17:20:06 [INFO] ⚡ ЭТАП 1: Быстрый замер Пинга (Workers: 25)...
2026-02-18 17:20:07 [INFO]    [PING OK] RU | 180ms
2026-02-18 17:20:07 [INFO]    [PING OK] RU | 297ms
2026-02-18 17:20:07 [INFO]    [PING OK] RU | 321ms
2026-02-18 17:20:08 [INFO]    [PING OK] RU | 1154ms
2026-02-18 17:20:08 [INFO]    [PING OK] RU | 1021ms
2026-02-18 17:20:08 [INFO]    [PING OK] RU | 1077ms
2026-02-18 17:20:09 [INFO]    [PING OK] RU | 1071ms
2026-02-18 17:20:09 [INFO]    [PING OK] RU | 1517ms
2026-02-18 17:20:09 [INFO]    [PING OK] RU | 1729ms
2026-02-18 17:20:09 [INFO]    [PING OK] RU | 1882ms
2026-02-18 17:20:09 [INFO]    [PING OK] RU | 1979ms
2026-02-18 17:20:09 [INFO]    [PING OK] RU | 1974ms
2026-02-18 17:20:10 [INFO]    [PING OK] RU | 2630ms
2026-02-18 17:20:10 [INFO]    [PING OK] RU | 2961ms
2026-02-18 17:20:12 [INFO] 🏎️ ЭТАП 2: Глубокий замер скорости для ТОП-1 серверов...
2026-02-18 17:20:14 [INFO]    🏆 RU | Пинг: 180ms | Скорость: 25.73 Mbps ⚡⚡
2026-02-18 17:20:14 [INFO] 🇷🇺 Добавлен RU сервер: 185.39.206.226
2026-02-18 17:20:14 [INFO] 📊 Итого в подписке сохранено: 1 серверов
2026-02-18 17:20:14 [INFO] 💾 Файл успешно сохранен: FL1PVPN
