2026-02-21 16:10:05 [INFO] 🚀 START: Smart Selector (Target: 10, ONLY FOREIGN)
2026-02-21 16:10:05 [INFO] 🌐 Загрузка источников (VLESS + VMess)...
2026-02-21 16:10:07 [INFO] 🔍 Уникальных конфигов собрано: 212
2026-02-21 16:10:07 [INFO] ⚡ ЭТАП 1: Замер Пинга и Геолокации. Workers: 40...
2026-02-21 16:10:13 [INFO]    [PING OK] CZ | VLESS | 4488ms
2026-02-21 16:10:13 [INFO]    [PING OK] HU | VLESS | 4635ms
2026-02-21 16:10:13 [INFO]    [PING OK] IT | VLESS | 4596ms
2026-02-21 16:10:13 [INFO]    [PING OK] ES | VLESS | 4330ms
2026-02-21 16:10:14 [INFO]    [PING OK] DE | VLESS | 5408ms
2026-02-21 16:10:14 [INFO]    [PING OK] DE | VLESS | 5697ms
2026-02-21 16:10:14 [INFO]    [PING OK] DE | VLESS | 5868ms
2026-02-21 16:10:14 [INFO]    [PING OK] IT | VLESS | 4369ms
2026-02-21 16:10:15 [INFO]    [PING OK] DE | VLESS | 5149ms
2026-02-21 16:10:15 [INFO]    [PING OK] TR | VLESS | 4390ms
2026-02-21 16:10:15 [INFO]    [PING OK] FI | VLESS | 6729ms
2026-02-21 16:10:15 [INFO]    [PING OK] ES | VLESS | 4103ms
2026-02-21 16:10:17 [INFO]    [PING OK] HU | VLESS | 3944ms
2026-02-21 16:10:17 [INFO]    [PING OK] DE | VLESS | 9196ms
2026-02-21 16:10:17 [INFO]    [PING OK] PL | VLESS | 3785ms
2026-02-21 16:10:17 [INFO]    [PING OK] ES | VLESS | 3642ms
2026-02-21 16:10:18 [INFO]    [PING OK] TR | VLESS | 3940ms
2026-02-21 16:10:18 [INFO]    [PING OK] DE | VLESS | 9478ms
2026-02-21 16:10:18 [INFO]    [PING OK] DE | VLESS | 8688ms
2026-02-21 16:10:18 [INFO]    [PING OK] HU | VLESS | 3759ms
2026-02-21 16:10:18 [INFO]    [PING OK] TR | VLESS | 3709ms
2026-02-21 16:10:18 [INFO]    [PING OK] IT | VLESS | 3540ms
2026-02-21 16:10:18 [INFO]    [PING OK] IT | VLESS | 3969ms
2026-02-21 16:10:19 [INFO]    [PING OK] DE | VLESS | 5035ms
2026-02-21 16:10:19 [INFO]    [PING OK] ES | VLESS | 3906ms
2026-02-21 16:10:19 [INFO]    [PING OK] IT | VLESS | 3964ms
2026-02-21 16:10:19 [INFO]    [PING OK] PL | VLESS | 5235ms
2026-02-21 16:10:19 [INFO]    [PING OK] ES | VLESS | 3413ms
2026-02-21 16:10:19 [INFO]    [PING OK] HU | VLESS | 3638ms
2026-02-21 16:10:20 [INFO]    [PING OK] ES | VLESS | 3741ms
2026-02-21 16:10:20 [INFO]    [PING OK] EE | VLESS | 4079ms
2026-02-21 16:10:22 [INFO]    [PING OK] TR | VLESS | 4019ms
2026-02-21 16:10:22 [INFO]    [PING OK] HU | VLESS | 3773ms
2026-02-21 16:10:22 [INFO]    [PING OK] PL | VLESS | 4003ms
2026-02-21 16:10:22 [INFO]    [PING OK] ES | VLESS | 4113ms
2026-02-21 16:10:23 [INFO]    [PING OK] DE | VLESS | 4402ms
2026-02-21 16:10:23 [INFO]    [PING OK] TR | VLESS | 3633ms
2026-02-21 16:10:23 [INFO]    [PING OK] TR | VLESS | 4528ms
2026-02-21 16:10:23 [INFO]    [PING OK] ES | VLESS | 4080ms
2026-02-21 16:10:24 [INFO]    [PING OK] IT | VLESS | 3662ms
2026-02-21 16:10:24 [INFO]    [PING OK] DE | VLESS | 3923ms
2026-02-21 16:10:24 [INFO]    [PING OK] PL | VLESS | 3678ms
2026-02-21 16:10:24 [INFO]    [PING OK] DE | VLESS | 5185ms
2026-02-21 16:10:25 [INFO]    [PING OK] TR | VLESS | 4766ms
2026-02-21 16:10:25 [INFO]    [PING OK] DE | VLESS | 8764ms
2026-02-21 16:10:26 [INFO]    [PING OK] PL | VLESS | 3595ms
2026-02-21 16:10:27 [INFO]    [PING OK] TR | VLESS | 3959ms
2026-02-21 16:10:27 [INFO]    [PING OK] PL | VLESS | 3703ms
2026-02-21 16:10:27 [INFO]    [PING OK] PL | VLESS | 4210ms
2026-02-21 16:10:28 [INFO]    [PING OK] PL | VLESS | 4312ms
2026-02-21 16:10:29 [INFO]    [PING OK] TR | VLESS | 3656ms
2026-02-21 16:10:29 [INFO]    [PING OK] CA | VLESS | 4468ms
2026-02-21 16:10:30 [INFO]    [PING OK] PL | VLESS | 5184ms
2026-02-21 16:10:30 [INFO]    [PING OK] DE | VLESS | 3983ms
2026-02-21 16:10:31 [INFO]    [PING OK] PL | VLESS | 1748ms
2026-02-21 16:10:31 [INFO]    [PING OK] PL | VLESS | 1927ms
2026-02-21 16:10:32 [INFO]    [PING OK] PL | VLESS | 3700ms
2026-02-21 16:10:34 [INFO]    [PING OK] EE | VLESS | 4742ms
2026-02-21 16:10:34 [INFO] 🏎️ ЭТАП 2: Глубокий замер скорости для 40 иностранных кандидатов...
2026-02-21 16:10:37 [INFO]    🏆 PL | VLESS | Пинг: 1927ms | Скорость: 7.19 Mbps ⚡⚡
2026-02-21 16:10:37 [INFO]    🏆 PL | VLESS | Пинг: 1748ms | Скорость: 6.94 Mbps ⚡⚡
2026-02-21 16:10:37 [INFO]    🏆 PL | VLESS | Пинг: 3595ms | Скорость: 7.0 Mbps ⚡⚡
2026-02-21 16:10:38 [INFO]    🏆 PL | VLESS | Пинг: 3703ms | Скорость: 7.24 Mbps ⚡⚡
2026-02-21 16:10:38 [INFO]    🏆 ES | VLESS | Пинг: 3642ms | Скорость: 6.95 Mbps ⚡⚡
2026-02-21 16:10:38 [INFO]    🏆 HU | VLESS | Пинг: 3638ms | Скорость: 6.79 Mbps ⚡⚡
2026-02-21 16:10:39 [INFO]    🏆 TR | VLESS | Пинг: 3633ms | Скорость: 4.26 Mbps ⚡⚡
2026-02-21 16:10:40 [INFO]    🏆 ES | VLESS | Пинг: 3413ms | Скорость: 3.89 Mbps ⚡⚡
2026-02-21 16:10:40 [INFO]    🏆 HU | VLESS | Пинг: 3759ms | Скорость: 11.35 Mbps ⚡⚡
2026-02-21 16:10:40 [INFO]    🏆 HU | VLESS | Пинг: 3773ms | Скорость: 11.27 Mbps ⚡⚡
2026-02-21 16:10:40 [INFO]    🏆 HU | VLESS | Пинг: 3944ms | Скорость: 14.47 Mbps ⚡⚡
2026-02-21 16:10:41 [INFO]    🏆 TR | VLESS | Пинг: 3940ms | Скорость: 8.98 Mbps ⚡⚡
2026-02-21 16:10:41 [INFO]    🏆 TR | VLESS | Пинг: 3656ms | Скорость: 3.1 Mbps ⚡⚡
2026-02-21 16:10:41 [INFO]    🏆 ES | VLESS | Пинг: 3741ms | Скорость: 2.95 Mbps ⚡
2026-02-21 16:10:42 [INFO]    🏆 PL | VLESS | Пинг: 4003ms | Скорость: 17.35 Mbps ⚡⚡
2026-02-21 16:10:43 [INFO]    🏆 TR | VLESS | Пинг: 4019ms | Скорость: 15.71 Mbps ⚡⚡
2026-02-21 16:10:43 [INFO]    🏆 ES | VLESS | Пинг: 4113ms | Скорость: 11.81 Mbps ⚡⚡
2026-02-21 16:10:43 [INFO]    🏆 ES | VLESS | Пинг: 4103ms | Скорость: 11.57 Mbps ⚡⚡
2026-02-21 16:10:44 [INFO]    🏆 ES | VLESS | Пинг: 3906ms | Скорость: 2.63 Mbps ⚡
2026-02-21 16:10:44 [INFO]    🏆 PL | VLESS | Пинг: 4312ms | Скорость: 7.22 Mbps ⚡⚡
2026-02-21 16:10:44 [INFO]    🏆 PL | VLESS | Пинг: 3785ms | Скорость: 2.8 Mbps ⚡
2026-02-21 16:10:46 [INFO]    🏆 ES | VLESS | Пинг: 4330ms | Скорость: 7.27 Mbps ⚡⚡
2026-02-21 16:10:47 [INFO]    🏆 TR | VLESS | Пинг: 4390ms | Скорость: 5.7 Mbps ⚡⚡
2026-02-21 16:10:48 [INFO]    🏆 ES | VLESS | Пинг: 4080ms | Скорость: 1.51 Mbps ⚡
2026-02-21 16:10:49 [INFO]    🏆 CA | VLESS | Пинг: 4468ms | Скорость: 4.29 Mbps ⚡⚡
2026-02-21 16:10:49 [INFO] 📊 Итого в подписке сохранено иностранных серверов: 10
2026-02-21 16:10:49 [INFO] 💾 Файл успешно сохранен: FL1PVPN
