2026-02-25 01:20:06 [INFO] 🚀 START: Smart Selector (Target: 10, ONLY FOREIGN)
2026-02-25 01:20:06 [INFO] 🌐 Загрузка источников (VLESS + VMess)...
2026-02-25 01:20:07 [INFO] 🔍 Уникальных конфигов собрано: 195
2026-02-25 01:20:07 [INFO] ⚡ ЭТАП 1: Замер Пинга и Геолокации. Workers: 40...
2026-02-25 01:20:13 [INFO]    [PING OK] DE | VLESS | 4631ms
2026-02-25 01:20:13 [INFO]    [PING OK] NL | VLESS | 4725ms
2026-02-25 01:20:14 [INFO]    [PING OK] NL | VLESS | 4987ms
2026-02-25 01:20:14 [INFO]    [PING OK] US | VLESS | 5014ms
2026-02-25 01:20:14 [INFO]    [PING OK] US | VLESS | 4124ms
2026-02-25 01:20:14 [INFO]    [PING OK] NL | VLESS | 4264ms
2026-02-25 01:20:15 [INFO]    [PING OK] DE | VLESS | 4368ms
2026-02-25 01:20:15 [INFO]    [PING OK] FI | VLESS | 4343ms
2026-02-25 01:20:18 [INFO]    [PING OK] FI | VLESS | 5984ms
2026-02-25 01:20:18 [INFO]    [PING OK] FI | VLESS | 9759ms
2026-02-25 01:20:19 [INFO]    [PING OK] FI | VLESS | 4969ms
2026-02-25 01:20:19 [INFO]    [PING OK] DE | VLESS | 4616ms
2026-02-25 01:20:19 [INFO]    [PING OK] FI | VLESS | 4952ms
2026-02-25 01:20:19 [INFO]    [PING OK] DE | VLESS | 4895ms
2026-02-25 01:20:19 [INFO]    [PING OK] DE | VLESS | 4771ms
2026-02-25 01:20:19 [INFO]    [PING OK] DE | VLESS | 5049ms
2026-02-25 01:20:19 [INFO]    [PING OK] FI | VLESS | 5201ms
2026-02-25 01:20:20 [INFO]    [PING OK] FR | VLESS | 4624ms
2026-02-25 01:20:20 [INFO]    [PING OK] DE | VLESS | 4847ms
2026-02-25 01:20:20 [INFO]    [PING OK] NL | VLESS | 5288ms
2026-02-25 01:20:20 [INFO]    [PING OK] NL | VLESS | 4275ms
2026-02-25 01:20:21 [INFO]    [PING OK] FI | VLESS | 4539ms
2026-02-25 01:20:21 [INFO]    [PING OK] NL | VLESS | 4449ms
2026-02-25 01:20:22 [INFO]    [PING OK] NL | VLESS | 7701ms
2026-02-25 01:20:23 [INFO]    [PING OK] DE | VLESS | 5272ms
2026-02-25 01:20:25 [INFO]    [PING OK] US | VLESS | 5027ms
2026-02-25 01:20:25 [INFO]    [PING OK] DE | VLESS | 4591ms
2026-02-25 01:20:25 [INFO]    [PING OK] DE | VLESS | 4743ms
2026-02-25 01:20:26 [INFO]    [PING OK] DE | VLESS | 4748ms
2026-02-25 01:20:26 [INFO]    [PING OK] US | VLESS | 5797ms
2026-02-25 01:20:26 [INFO]    [PING OK] SG | VLESS | 4353ms
2026-02-25 01:20:27 [INFO]    [PING OK] TR | VLESS | 3878ms
2026-02-25 01:20:27 [INFO]    [PING OK] LV | VLESS | 3295ms
2026-02-25 01:20:27 [INFO]    [PING OK] DE | VLESS | 2905ms
2026-02-25 01:20:27 [INFO]    [PING OK] TR | VLESS | 3046ms
2026-02-25 01:20:28 [INFO]    [PING OK] NL | VLESS | 3138ms
2026-02-25 01:20:28 [INFO]    [PING OK] CA | VLESS | 7283ms
2026-02-25 01:20:28 [INFO]    [PING OK] CA | VLESS | 4698ms
2026-02-25 01:20:28 [INFO]    [PING OK] EE | VLESS | 1461ms
2026-02-25 01:20:28 [INFO]    [PING OK] RS | VLESS | 1715ms
2026-02-25 01:20:28 [INFO]    [PING OK] SG | VLESS | 2399ms
2026-02-25 01:20:29 [INFO]    [PING OK] CA | VLESS | 4272ms
2026-02-25 01:20:29 [INFO]    [PING OK] TW | VLESS | 3054ms
2026-02-25 01:20:31 [INFO]    [PING OK] CA | VLESS | 8935ms
2026-02-25 01:20:32 [INFO]    [PING OK] CA | VLESS | 7116ms
2026-02-25 01:20:33 [INFO]    [PING OK] CA | VLESS | 7057ms
2026-02-25 01:20:33 [INFO] 🏎️ ЭТАП 2: Глубокий замер скорости для 40 иностранных кандидатов...
2026-02-25 01:20:37 [INFO]    🏆 NL | VLESS | Пинг: 3138ms | Скорость: 5.77 Mbps ⚡⚡
2026-02-25 01:20:37 [INFO]    🏆 EE | VLESS | Пинг: 1461ms | Скорость: 5.65 Mbps ⚡⚡
2026-02-25 01:20:37 [INFO]    🏆 NL | VLESS | Пинг: 4264ms | Скорость: 5.97 Mbps ⚡⚡
2026-02-25 01:20:37 [INFO]    🏆 DE | VLESS | Пинг: 2905ms | Скорость: 5.51 Mbps ⚡⚡
2026-02-25 01:20:37 [INFO]    🏆 NL | VLESS | Пинг: 4275ms | Скорость: 5.69 Mbps ⚡⚡
2026-02-25 01:20:37 [INFO]    🏆 FI | VLESS | Пинг: 4343ms | Скорость: 5.59 Mbps ⚡⚡
2026-02-25 01:20:37 [INFO]    🏆 RS | VLESS | Пинг: 1715ms | Скорость: 5.3 Mbps ⚡⚡
2026-02-25 01:20:37 [INFO]    🏆 TR | VLESS | Пинг: 3046ms | Скорость: 5.24 Mbps ⚡⚡
2026-02-25 01:20:37 [INFO]    🏆 US | VLESS | Пинг: 4124ms | Скорость: 5.31 Mbps ⚡⚡
2026-02-25 01:20:37 [INFO]    🏆 SG | VLESS | Пинг: 4353ms | Скорость: 5.47 Mbps ⚡⚡
2026-02-25 01:20:37 [INFO]    🏆 TR | VLESS | Пинг: 3878ms | Скорость: 5.26 Mbps ⚡⚡
2026-02-25 01:20:38 [INFO]    🏆 SG | VLESS | Пинг: 2399ms | Скорость: 4.79 Mbps ⚡⚡
2026-02-25 01:20:40 [INFO]    🏆 TW | VLESS | Пинг: 3054ms | Скорость: 0.91 Mbps 
2026-02-25 01:20:41 [INFO]    🏆 NL | VLESS | Пинг: 4449ms | Скорость: 6.79 Mbps ⚡⚡
2026-02-25 01:20:41 [INFO]    🏆 DE | VLESS | Пинг: 4368ms | Скорость: 6.83 Mbps ⚡⚡
2026-02-25 01:20:41 [INFO]    🏆 DE | VLESS | Пинг: 4591ms | Скорость: 6.62 Mbps ⚡⚡
2026-02-25 01:20:41 [INFO]    🏆 FI | VLESS | Пинг: 4539ms | Скорость: 6.37 Mbps ⚡⚡
2026-02-25 01:20:41 [INFO]    🏆 DE | VLESS | Пинг: 4743ms | Скорость: 6.76 Mbps ⚡⚡
2026-02-25 01:20:41 [INFO]    🏆 DE | VLESS | Пинг: 4847ms | Скорость: 6.79 Mbps ⚡⚡
2026-02-25 01:20:41 [INFO]    🏆 NL | VLESS | Пинг: 4725ms | Скорость: 6.58 Mbps ⚡⚡
2026-02-25 01:20:41 [INFO]    🏆 DE | VLESS | Пинг: 4631ms | Скорость: 6.55 Mbps ⚡⚡
2026-02-25 01:20:41 [INFO]    🏆 FR | VLESS | Пинг: 4624ms | Скорость: 6.44 Mbps ⚡⚡
2026-02-25 01:20:41 [INFO]    🏆 DE | VLESS | Пинг: 4771ms | Скорость: 6.62 Mbps ⚡⚡
2026-02-25 01:20:41 [INFO]    🏆 DE | VLESS | Пинг: 4616ms | Скорость: 6.34 Mbps ⚡⚡
2026-02-25 01:20:41 [INFO]    🏆 DE | VLESS | Пинг: 4895ms | Скорость: 7.05 Mbps ⚡⚡
2026-02-25 01:20:41 [INFO]    🏆 DE | VLESS | Пинг: 4748ms | Скорость: 6.36 Mbps ⚡⚡
2026-02-25 01:20:43 [INFO]    🏆 NL | VLESS | Пинг: 4987ms | Скорость: 15.28 Mbps ⚡⚡
2026-02-25 01:20:43 [INFO]    🏆 FI | VLESS | Пинг: 4969ms | Скорость: 15.43 Mbps ⚡⚡
2026-02-25 01:20:44 [INFO]    🏆 DE | VLESS | Пинг: 5049ms | Скорость: 9.42 Mbps ⚡⚡
2026-02-25 01:20:44 [INFO]    🏆 FI | VLESS | Пинг: 5201ms | Скорость: 9.26 Mbps ⚡⚡
2026-02-25 01:20:44 [INFO]    🏆 US | VLESS | Пинг: 5027ms | Скорость: 8.06 Mbps ⚡⚡
2026-02-25 01:20:44 [INFO]    🏆 NL | VLESS | Пинг: 5288ms | Скорость: 8.63 Mbps ⚡⚡
2026-02-25 01:20:44 [INFO]    🏆 US | VLESS | Пинг: 5014ms | Скорость: 7.91 Mbps ⚡⚡
2026-02-25 01:20:46 [INFO]    🏆 US | VLESS | Пинг: 5797ms | Скорость: 4.93 Mbps ⚡⚡
2026-02-25 01:20:46 [INFO]    🏆 FI | VLESS | Пинг: 4952ms | Скорость: 3.47 Mbps ⚡⚡
2026-02-25 01:20:46 [INFO] 📊 Итого в подписке сохранено иностранных серверов: 10
2026-02-25 01:20:46 [INFO] 💾 Файл успешно сохранен: FL1PVPN
