2026-02-17 22:50:06 [INFO] 🚀 START: Smart VLESS Selector (Target: 10, Strict Mode)
2026-02-17 22:50:06 [INFO] 🌐 Загрузка источников...
2026-02-17 22:50:08 [INFO] 🔍 Уникальных конфигов собрано: 351
2026-02-17 22:50:08 [INFO] ⚡ ЭТАП 1: Быстрый замер Пинга (Workers: 25)...
2026-02-17 22:50:09 [INFO]    [PING OK] LV | 171ms
2026-02-17 22:50:09 [INFO]    [PING OK] DE | 194ms
2026-02-17 22:50:09 [INFO]    [PING OK] LT | 184ms
2026-02-17 22:50:09 [INFO]    [PING OK] DE | 186ms
2026-02-17 22:50:10 [INFO]    [PING OK] US | 406ms
2026-02-17 22:50:10 [INFO]    [PING OK] FI | 138ms
2026-02-17 22:50:11 [INFO]    [PING OK] LT | 158ms
2026-02-17 22:50:11 [INFO]    [PING OK] DE | 1765ms
2026-02-17 22:50:11 [INFO]    [PING OK] LV | 188ms
2026-02-17 22:50:11 [INFO]    [PING OK] DE | 156ms
2026-02-17 22:50:11 [INFO]    [PING OK] DE | 136ms
2026-02-17 22:50:12 [INFO]    [PING OK] DE | 135ms
2026-02-17 22:50:12 [INFO]    [PING OK] FI | 1253ms
2026-02-17 22:50:12 [INFO]    [PING OK] NL | 173ms
2026-02-17 22:50:13 [INFO]    [PING OK] LT | 147ms
2026-02-17 22:50:13 [INFO]    [PING OK] FI | 563ms
2026-02-17 22:50:13 [INFO]    [PING OK] PL | 92ms
2026-02-17 22:50:13 [INFO]    [PING OK] RU | 223ms
2026-02-17 22:50:13 [INFO]    [PING OK] DE | 808ms
2026-02-17 22:50:14 [INFO]    [PING OK] RU | 159ms
2026-02-17 22:50:14 [INFO]    [PING OK] RU | 247ms
2026-02-17 22:50:14 [INFO]    [PING OK] RU | 251ms
2026-02-17 22:50:14 [INFO]    [PING OK] RU | 274ms
2026-02-17 22:50:14 [INFO]    [PING OK] RU | 239ms
2026-02-17 22:50:14 [INFO]    [PING OK] RU | 224ms
2026-02-17 22:50:14 [INFO]    [PING OK] RU | 239ms
2026-02-17 22:50:14 [INFO]    [PING OK] RU | 173ms
2026-02-17 22:50:14 [INFO]    [PING OK] RU | 317ms
2026-02-17 22:50:14 [INFO]    [PING OK] RU | 207ms
2026-02-17 22:50:14 [INFO]    [PING OK] RU | 492ms
2026-02-17 22:50:14 [INFO]    [PING OK] RU | 450ms
2026-02-17 22:50:15 [INFO]    [PING OK] RU | 255ms
2026-02-17 22:50:15 [INFO]    [PING OK] RU | 267ms
2026-02-17 22:50:15 [INFO]    [PING OK] RU | 70ms
2026-02-17 22:50:15 [INFO]    [PING OK] RU | 215ms
2026-02-17 22:50:15 [INFO]    [PING OK] RU | 119ms
2026-02-17 22:50:15 [INFO]    [PING OK] RU | 107ms
2026-02-17 22:50:15 [INFO]    [PING OK] RU | 118ms
2026-02-17 22:50:15 [INFO]    [PING OK] RU | 230ms
2026-02-17 22:50:15 [INFO]    [PING OK] RU | 254ms
2026-02-17 22:50:15 [INFO]    [PING OK] RU | 123ms
2026-02-17 22:50:15 [INFO]    [PING OK] RU | 202ms
2026-02-17 22:50:15 [INFO]    [PING OK] RU | 84ms
2026-02-17 22:50:15 [INFO]    [PING OK] RU | 111ms
2026-02-17 22:50:15 [INFO]    [PING OK] HU | 352ms
2026-02-17 22:50:15 [INFO]    [PING OK] RU | 320ms
2026-02-17 22:50:15 [INFO]    [PING OK] RU | 274ms
2026-02-17 22:50:15 [INFO]    [PING OK] RU | 88ms
2026-02-17 22:50:16 [INFO]    [PING OK] RU | 913ms
2026-02-17 22:50:16 [INFO]    [PING OK] RU | 347ms
2026-02-17 22:50:16 [INFO]    [PING OK] RU | 383ms
2026-02-17 22:50:16 [INFO]    [PING OK] RU | 222ms
2026-02-17 22:50:16 [INFO]    [PING OK] RU | 217ms
2026-02-17 22:50:16 [INFO]    [PING OK] RU | 389ms
2026-02-17 22:50:16 [INFO]    [PING OK] RU | 226ms
2026-02-17 22:50:16 [INFO]    [PING OK] RU | 330ms
2026-02-17 22:50:16 [INFO]    [PING OK] RU | 271ms
2026-02-17 22:50:16 [INFO]    [PING OK] RU | 256ms
2026-02-17 22:50:16 [INFO]    [PING OK] RU | 82ms
2026-02-17 22:50:16 [INFO]    [PING OK] RU | 81ms
2026-02-17 22:50:16 [INFO]    [PING OK] RU | 186ms
2026-02-17 22:50:16 [INFO]    [PING OK] RU | 101ms
2026-02-17 22:50:16 [INFO]    [PING OK] RU | 231ms
2026-02-17 22:50:16 [INFO]    [PING OK] RU | 150ms
2026-02-17 22:50:16 [INFO]    [PING OK] RU | 310ms
2026-02-17 22:50:17 [INFO]    [PING OK] RU | 187ms
2026-02-17 22:50:17 [INFO]    [PING OK] RU | 246ms
2026-02-17 22:50:17 [INFO]    [PING OK] RU | 238ms
2026-02-17 22:50:17 [INFO]    [PING OK] RU | 41ms
2026-02-17 22:50:17 [INFO]    [PING OK] RU | 202ms
2026-02-17 22:50:17 [INFO]    [PING OK] RU | 373ms
2026-02-17 22:50:17 [INFO]    [PING OK] RU | 254ms
2026-02-17 22:50:17 [INFO]    [PING OK] RU | 196ms
2026-02-17 22:50:17 [INFO]    [PING OK] RU | 295ms
2026-02-17 22:50:17 [INFO]    [PING OK] RU | 262ms
2026-02-17 22:50:17 [INFO]    [PING OK] RU | 239ms
2026-02-17 22:50:17 [INFO]    [PING OK] RU | 2706ms
2026-02-17 22:50:17 [INFO]    [PING OK] RU | 3251ms
2026-02-17 22:50:17 [INFO]    [PING OK] RU | 215ms
2026-02-17 22:50:18 [INFO]    [PING OK] RU | 322ms
2026-02-17 22:50:18 [INFO]    [PING OK] RU | 211ms
2026-02-17 22:50:18 [INFO]    [PING OK] RU | 107ms
2026-02-17 22:50:18 [INFO]    [PING OK] RU | 343ms
2026-02-17 22:50:18 [INFO]    [PING OK] RU | 226ms
2026-02-17 22:50:18 [INFO]    [PING OK] RU | 318ms
2026-02-17 22:50:18 [INFO]    [PING OK] RU | 218ms
2026-02-17 22:50:18 [INFO]    [PING OK] RU | 1911ms
2026-02-17 22:50:18 [INFO]    [PING OK] RU | 864ms
2026-02-17 22:50:18 [INFO]    [PING OK] RU | 347ms
2026-02-17 22:50:18 [INFO]    [PING OK] RU | 241ms
2026-02-17 22:50:18 [INFO]    [PING OK] RU | 133ms
2026-02-17 22:50:18 [INFO]    [PING OK] RU | 524ms
2026-02-17 22:50:18 [INFO]    [PING OK] RU | 232ms
2026-02-17 22:50:18 [INFO]    [PING OK] RU | 85ms
2026-02-17 22:50:18 [INFO]    [PING OK] RU | 39ms
2026-02-17 22:50:19 [INFO]    [PING OK] RU | 526ms
2026-02-17 22:50:19 [INFO]    [PING OK] RU | 249ms
2026-02-17 22:50:19 [INFO]    [PING OK] RU | 258ms
2026-02-17 22:50:19 [INFO]    [PING OK] RU | 3328ms
2026-02-17 22:50:19 [INFO]    [PING OK] RU | 1297ms
2026-02-17 22:50:19 [INFO]    [PING OK] RU | 318ms
2026-02-17 22:50:19 [INFO]    [PING OK] RU | 151ms
2026-02-17 22:50:19 [INFO]    [PING OK] RU | 319ms
2026-02-17 22:50:19 [INFO]    [PING OK] US | 221ms
2026-02-17 22:50:19 [INFO]    [PING OK] DE | 468ms
2026-02-17 22:50:19 [INFO]    [PING OK] RU | 211ms
2026-02-17 22:50:19 [INFO]    [PING OK] RU | 282ms
2026-02-17 22:50:19 [INFO]    [PING OK] RU | 224ms
2026-02-17 22:50:19 [INFO]    [PING OK] RU | 174ms
2026-02-17 22:50:19 [INFO]    [PING OK] RU | 172ms
2026-02-17 22:50:19 [INFO]    [PING OK] RU | 385ms
2026-02-17 22:50:19 [INFO]    [PING OK] RU | 348ms
2026-02-17 22:50:19 [INFO]    [PING OK] RU | 313ms
2026-02-17 22:50:20 [INFO]    [PING OK] RU | 248ms
2026-02-17 22:50:20 [INFO]    [PING OK] RU | 215ms
2026-02-17 22:50:20 [INFO]    [PING OK] RU | 306ms
2026-02-17 22:50:20 [INFO]    [PING OK] RU | 278ms
2026-02-17 22:50:20 [INFO]    [PING OK] RU | 933ms
2026-02-17 22:50:20 [INFO]    [PING OK] RU | 165ms
2026-02-17 22:50:20 [INFO]    [PING OK] RU | 212ms
2026-02-17 22:50:20 [INFO]    [PING OK] RU | 80ms
2026-02-17 22:50:20 [INFO]    [PING OK] IQ | 166ms
2026-02-17 22:50:21 [INFO]    [PING OK] RU | 583ms
2026-02-17 22:50:21 [INFO]    [PING OK] RU | 728ms
2026-02-17 22:50:21 [INFO]    [PING OK] JP | 416ms
2026-02-17 22:50:21 [INFO]    [PING OK] RU | 4636ms
2026-02-17 22:50:22 [INFO]    [PING OK] GB | 186ms
2026-02-17 22:50:22 [INFO]    [PING OK] FI | 363ms
2026-02-17 22:50:22 [INFO]    [PING OK] US | 998ms
2026-02-17 22:50:22 [INFO]    [PING OK] RU | 4372ms
2026-02-17 22:50:23 [INFO]    [PING OK] UZ | 275ms
2026-02-17 22:50:24 [INFO]    [PING OK] DE | 214ms
2026-02-17 22:50:26 [INFO]    [PING OK] LV | 477ms
2026-02-17 22:50:26 [INFO]    [PING OK] RU | 178ms
2026-02-17 22:50:27 [INFO]    [PING OK] FR | 207ms
2026-02-17 22:50:27 [INFO]    [PING OK] FI | 1084ms
2026-02-17 22:50:28 [INFO]    [PING OK] FR | 661ms
2026-02-17 22:50:29 [INFO]    [PING OK] PL | 146ms
2026-02-17 22:50:29 [INFO]    [PING OK] FI | 229ms
2026-02-17 22:50:30 [INFO]    [PING OK] US | 452ms
2026-02-17 22:50:31 [INFO]    [PING OK] RU | 175ms
2026-02-17 22:50:31 [INFO]    [PING OK] HU | 391ms
2026-02-17 22:50:32 [INFO]    [PING OK] DE | 187ms
2026-02-17 22:50:32 [INFO]    [PING OK] TR | 493ms
2026-02-17 22:50:32 [INFO]    [PING OK] RU | 332ms
2026-02-17 22:50:32 [INFO]    [PING OK] DE | 477ms
2026-02-17 22:50:33 [INFO]    [PING OK] PL | 247ms
2026-02-17 22:50:33 [INFO]    [PING OK] AE | 168ms
2026-02-17 22:50:34 [INFO]    [PING OK] NL | 201ms
2026-02-17 22:50:43 [INFO] 🏎️ ЭТАП 2: Глубокий замер скорости для ТОП-10 серверов...
2026-02-17 22:50:50 [INFO]    🏆 PL | Пинг: 92ms | Скорость: 8.27 Mbps ⚡⚡
2026-02-17 22:50:50 [INFO]    🏆 DE | Пинг: 135ms | Скорость: 8.16 Mbps ⚡⚡
2026-02-17 22:50:50 [INFO]    🏆 DE | Пинг: 136ms | Скорость: 8.13 Mbps ⚡⚡
2026-02-17 22:50:50 [INFO]    🏆 FI | Пинг: 138ms | Скорость: 1.98 Mbps ⚡
2026-02-17 22:50:50 [INFO]    🏆 PL | Пинг: 146ms | Скорость: 0.0 Mbps 
2026-02-17 22:50:50 [INFO]    🏆 LT | Пинг: 147ms | Скорость: 8.49 Mbps ⚡⚡
2026-02-17 22:50:50 [INFO]    🏆 DE | Пинг: 156ms | Скорость: 8.47 Mbps ⚡⚡
2026-02-17 22:50:50 [INFO]    🏆 LT | Пинг: 158ms | Скорость: 8.57 Mbps ⚡⚡
2026-02-17 22:50:50 [INFO]    🏆 IQ | Пинг: 166ms | Скорость: 8.56 Mbps ⚡⚡
2026-02-17 22:50:50 [INFO]    🏆 RU | Пинг: 39ms | Скорость: 8.52 Mbps ⚡⚡
2026-02-17 22:50:50 [INFO] 🇷🇺 Добавлен RU сервер: 85.192.32.30
2026-02-17 22:50:50 [INFO] 📊 Итого в подписке сохранено: 10 серверов
2026-02-17 22:50:50 [INFO] 💾 Файл успешно сохранен: FL1PVPN
