2026-02-27 02:10:06 [INFO] 🚀 START: Smart Selector (Target: 10, ONLY FOREIGN)
2026-02-27 02:10:06 [INFO] 🌐 Загрузка источников (VLESS + VMess)...
2026-02-27 02:10:07 [INFO] 🔍 Уникальных конфигов собрано: 190
2026-02-27 02:10:07 [INFO] ⚡ ЭТАП 1: Замер Пинга и Геолокации. Workers: 40...
2026-02-27 02:10:12 [INFO]    [PING OK] FI | VLESS | 4363ms
2026-02-27 02:10:12 [INFO]    [PING OK] FI | VLESS | 4256ms
2026-02-27 02:10:12 [INFO]    [PING OK] FI | VLESS | 4296ms
2026-02-27 02:10:13 [INFO]    [PING OK] DE | VLESS | 4486ms
2026-02-27 02:10:13 [INFO]    [PING OK] IT | VLESS | 4371ms
2026-02-27 02:10:13 [INFO]    [PING OK] FI | VLESS | 4533ms
2026-02-27 02:10:13 [INFO]    [PING OK] FI | VLESS | 4106ms
2026-02-27 02:10:13 [INFO]    [PING OK] DE | VLESS | 4454ms
2026-02-27 02:10:13 [INFO]    [PING OK] DE | VLESS | 4765ms
2026-02-27 02:10:13 [INFO]    [PING OK] NL | VLESS | 4345ms
2026-02-27 02:10:13 [INFO]    [PING OK] FI | VLESS | 4680ms
2026-02-27 02:10:13 [INFO]    [PING OK] DE | VLESS | 4556ms
2026-02-27 02:10:13 [INFO]    [PING OK] FI | VLESS | 4174ms
2026-02-27 02:10:13 [INFO]    [PING OK] FI | VLESS | 4368ms
2026-02-27 02:10:13 [INFO]    [PING OK] TR | VLESS | 4594ms
2026-02-27 02:10:14 [INFO]    [PING OK] FI | VLESS | 4198ms
2026-02-27 02:10:14 [INFO]    [PING OK] LT | VLESS | 5079ms
2026-02-27 02:10:14 [INFO]    [PING OK] FI | VLESS | 3964ms
2026-02-27 02:10:15 [INFO]    [PING OK] FR | VLESS | 4235ms
2026-02-27 02:10:15 [INFO]    [PING OK] FI | VLESS | 4262ms
2026-02-27 02:10:18 [INFO]    [PING OK] DE | VLESS | 4599ms
2026-02-27 02:10:18 [INFO]    [PING OK] DE | VLESS | 4757ms
2026-02-27 02:10:18 [INFO]    [PING OK] HK | VLESS | 4955ms
2026-02-27 02:10:19 [INFO]    [PING OK] DE | VLESS | 4712ms
2026-02-27 02:10:19 [INFO]    [PING OK] HK | VLESS | 4932ms
2026-02-27 02:10:19 [INFO]    [PING OK] CA | VLESS | 5556ms
2026-02-27 02:10:19 [INFO]    [PING OK] CH | VLESS | 4969ms
2026-02-27 02:10:19 [INFO]    [PING OK] DE | VLESS | 4611ms
2026-02-27 02:10:20 [INFO]    [PING OK] DE | VLESS | 4631ms
2026-02-27 02:10:20 [INFO]    [PING OK] NL | VLESS | 4401ms
2026-02-27 02:10:20 [INFO]    [PING OK] DE | VLESS | 4238ms
2026-02-27 02:10:20 [INFO]    [PING OK] CA | VLESS | 4088ms
2026-02-27 02:10:20 [INFO]    [PING OK] DE | VLESS | 4543ms
2026-02-27 02:10:20 [INFO]    [PING OK] DE | VLESS | 4028ms
2026-02-27 02:10:20 [INFO]    [PING OK] US | VLESS | 4682ms
2026-02-27 02:10:22 [INFO]    [PING OK] US | VLESS | 4005ms
2026-02-27 02:10:22 [INFO]    [PING OK] NL | VLESS | 4018ms
2026-02-27 02:10:23 [INFO]    [PING OK] CA | VLESS | 4057ms
2026-02-27 02:10:23 [INFO]    [PING OK] ES | VLESS | 4287ms
2026-02-27 02:10:23 [INFO]    [PING OK] ES | VLESS | 4017ms
2026-02-27 02:10:23 [INFO]    [PING OK] PL | VLESS | 4035ms
2026-02-27 02:10:23 [INFO]    [PING OK] NL | VLESS | 7223ms
2026-02-27 02:10:23 [INFO]    [PING OK] ES | VLESS | 4348ms
2026-02-27 02:10:24 [INFO]    [PING OK] TR | VLESS | 4846ms
2026-02-27 02:10:24 [INFO]    [PING OK] ES | VLESS | 4321ms
2026-02-27 02:10:24 [INFO]    [PING OK] CH | VLESS | 4236ms
2026-02-27 02:10:24 [INFO]    [PING OK] PL | VLESS | 4513ms
2026-02-27 02:10:24 [INFO]    [PING OK] DE | VLESS | 4092ms
2026-02-27 02:10:24 [INFO]    [PING OK] FI | VLESS | 4198ms
2026-02-27 02:10:24 [INFO]    [PING OK] US | VLESS | 4493ms
2026-02-27 02:10:24 [INFO]    [PING OK] DE | VLESS | 4447ms
2026-02-27 02:10:24 [INFO]    [PING OK] ES | VLESS | 4191ms
2026-02-27 02:10:25 [INFO]    [PING OK] DE | VLESS | 4373ms
2026-02-27 02:10:25 [INFO]    [PING OK] CA | VLESS | 4307ms
2026-02-27 02:10:25 [INFO]    [PING OK] PL | VLESS | 4145ms
2026-02-27 02:10:25 [INFO]    [PING OK] HU | VLESS | 5897ms
2026-02-27 02:10:25 [INFO]    [PING OK] US | VLESS | 4253ms
2026-02-27 02:10:25 [INFO]    [PING OK] DE | VLESS | 3348ms
2026-02-27 02:10:25 [INFO]    [PING OK] DE | VLESS | 3128ms
2026-02-27 02:10:26 [INFO]    [PING OK] DE | VLESS | 3215ms
2026-02-27 02:10:26 [INFO]    [PING OK] LV | VLESS | 3098ms
2026-02-27 02:10:26 [INFO]    [PING OK] NL | VLESS | 2935ms
2026-02-27 02:10:26 [INFO]    [PING OK] DE | VLESS | 2634ms
2026-02-27 02:10:26 [INFO]    [PING OK] DE | VLESS | 2282ms
2026-02-27 02:10:26 [INFO]    [PING OK] DE | VLESS | 1659ms
2026-02-27 02:10:26 [INFO]    [PING OK] DE | VLESS | 1376ms
2026-02-27 02:10:26 [INFO]    [PING OK] SG | VLESS | 2754ms
2026-02-27 02:10:26 [INFO]    [PING OK] US | VLESS | 2199ms
2026-02-27 02:10:26 [INFO]    [PING OK] SG | VLESS | 2315ms
2026-02-27 02:10:27 [INFO]    [PING OK] SG | VLESS | 2242ms
2026-02-27 02:10:27 [INFO]    [PING OK] TW | VLESS | 2940ms
2026-02-27 02:10:28 [INFO]    [PING OK] NL | VLESS | 3027ms
2026-02-27 02:10:31 [INFO] 🏎️ ЭТАП 2: Глубокий замер скорости для 40 иностранных кандидатов...
2026-02-27 02:10:36 [INFO]    🏆 DE | VLESS | Пинг: 1376ms | Скорость: 5.29 Mbps ⚡⚡
2026-02-27 02:10:36 [INFO]    🏆 DE | VLESS | Пинг: 3215ms | Скорость: 5.53 Mbps ⚡⚡
2026-02-27 02:10:36 [INFO]    🏆 LV | VLESS | Пинг: 3098ms | Скорость: 5.52 Mbps ⚡⚡
2026-02-27 02:10:36 [INFO]    🏆 DE | VLESS | Пинг: 1659ms | Скорость: 5.17 Mbps ⚡⚡
2026-02-27 02:10:36 [INFO]    🏆 DE | VLESS | Пинг: 2282ms | Скорость: 5.18 Mbps ⚡⚡
2026-02-27 02:10:36 [INFO]    🏆 DE | VLESS | Пинг: 3128ms | Скорость: 5.45 Mbps ⚡⚡
2026-02-27 02:10:36 [INFO]    🏆 DE | VLESS | Пинг: 3348ms | Скорость: 5.47 Mbps ⚡⚡
2026-02-27 02:10:36 [INFO]    🏆 SG | VLESS | Пинг: 2315ms | Скорость: 5.18 Mbps ⚡⚡
2026-02-27 02:10:36 [INFO]    🏆 NL | VLESS | Пинг: 2935ms | Скорость: 5.17 Mbps ⚡⚡
2026-02-27 02:10:36 [INFO]    🏆 SG | VLESS | Пинг: 2754ms | Скорость: 4.91 Mbps ⚡⚡
2026-02-27 02:10:36 [INFO]    🏆 DE | VLESS | Пинг: 2634ms | Скорость: 4.91 Mbps ⚡⚡
2026-02-27 02:10:37 [INFO]    🏆 US | VLESS | Пинг: 2199ms | Скорость: 3.69 Mbps ⚡⚡
2026-02-27 02:10:38 [INFO]    🏆 SG | VLESS | Пинг: 2242ms | Скорость: 1.43 Mbps 
2026-02-27 02:10:39 [INFO]    🏆 US | VLESS | Пинг: 4005ms | Скорость: 7.91 Mbps ⚡⚡
2026-02-27 02:10:39 [INFO]    🏆 NL | VLESS | Пинг: 4018ms | Скорость: 7.81 Mbps ⚡⚡
2026-02-27 02:10:39 [INFO]    🏆 FI | VLESS | Пинг: 3964ms | Скорость: 7.76 Mbps ⚡⚡
2026-02-27 02:10:39 [INFO]    🏆 PL | VLESS | Пинг: 4035ms | Скорость: 7.8 Mbps ⚡⚡
2026-02-27 02:10:39 [INFO]    🏆 ES | VLESS | Пинг: 4017ms | Скорость: 7.53 Mbps ⚡⚡
2026-02-27 02:10:39 [INFO]    🏆 DE | VLESS | Пинг: 4092ms | Скорость: 7.77 Mbps ⚡⚡
2026-02-27 02:10:39 [INFO]    🏆 FI | VLESS | Пинг: 4106ms | Скорость: 8.12 Mbps ⚡⚡
2026-02-27 02:10:39 [INFO]    🏆 FI | VLESS | Пинг: 4174ms | Скорость: 8.17 Mbps ⚡⚡
2026-02-27 02:10:39 [INFO]    🏆 PL | VLESS | Пинг: 4145ms | Скорость: 8.07 Mbps ⚡⚡
2026-02-27 02:10:39 [INFO]    🏆 CA | VLESS | Пинг: 4057ms | Скорость: 6.76 Mbps ⚡⚡
2026-02-27 02:10:40 [INFO]    🏆 CA | VLESS | Пинг: 4088ms | Скорость: 5.45 Mbps ⚡⚡
2026-02-27 02:10:41 [INFO]    🏆 ES | VLESS | Пинг: 4191ms | Скорость: 6.22 Mbps ⚡⚡
2026-02-27 02:10:41 [INFO]    🏆 FI | VLESS | Пинг: 4198ms | Скорость: 7.83 Mbps ⚡⚡
2026-02-27 02:10:43 [INFO]    🏆 CH | VLESS | Пинг: 4236ms | Скорость: 6.77 Mbps ⚡⚡
2026-02-27 02:10:43 [INFO]    🏆 FR | VLESS | Пинг: 4235ms | Скорость: 6.73 Mbps ⚡⚡
2026-02-27 02:10:43 [INFO]    🏆 FI | VLESS | Пинг: 4262ms | Скорость: 6.98 Mbps ⚡⚡
2026-02-27 02:10:43 [INFO]    🏆 FI | VLESS | Пинг: 4296ms | Скорость: 7.16 Mbps ⚡⚡
2026-02-27 02:10:43 [INFO]    🏆 DE | VLESS | Пинг: 4238ms | Скорость: 6.77 Mbps ⚡⚡
2026-02-27 02:10:43 [INFO]    🏆 ES | VLESS | Пинг: 4321ms | Скорость: 7.58 Mbps ⚡⚡
2026-02-27 02:10:43 [INFO]    🏆 FI | VLESS | Пинг: 4256ms | Скорость: 6.78 Mbps ⚡⚡
2026-02-27 02:10:43 [INFO]    🏆 ES | VLESS | Пинг: 4287ms | Скорость: 6.82 Mbps ⚡⚡
2026-02-27 02:10:43 [INFO]    🏆 CA | VLESS | Пинг: 4307ms | Скорость: 6.71 Mbps ⚡⚡
2026-02-27 02:10:43 [INFO]    🏆 US | VLESS | Пинг: 4253ms | Скорость: 6.19 Mbps ⚡⚡
2026-02-27 02:10:44 [INFO]    🏆 FI | VLESS | Пинг: 4198ms | Скорость: 4.92 Mbps ⚡⚡
2026-02-27 02:10:44 [INFO] 📊 Итого в подписке сохранено иностранных серверов: 10
2026-02-27 02:10:44 [INFO] 💾 Файл успешно сохранен: FL1PVPN
