2026-02-24 09:00:05 [INFO] 🚀 START: Smart Selector (Target: 10, ONLY FOREIGN)
2026-02-24 09:00:05 [INFO] 🌐 Загрузка источников (VLESS + VMess)...
2026-02-24 09:00:08 [INFO] 🔍 Уникальных конфигов собрано: 230
2026-02-24 09:00:08 [INFO] ⚡ ЭТАП 1: Замер Пинга и Геолокации. Workers: 40...
2026-02-24 09:00:14 [INFO]    [PING OK] PL | VLESS | 4609ms
2026-02-24 09:00:14 [INFO]    [PING OK] PL | VLESS | 4760ms
2026-02-24 09:00:14 [INFO]    [PING OK] LV | VLESS | 4185ms
2026-02-24 09:00:14 [INFO]    [PING OK] TR | VLESS | 4901ms
2026-02-24 09:00:14 [INFO]    [PING OK] ES | VLESS | 4629ms
2026-02-24 09:00:14 [INFO]    [PING OK] DE | VLESS | 4938ms
2026-02-24 09:00:14 [INFO]    [PING OK] ES | VLESS | 4091ms
2026-02-24 09:00:15 [INFO]    [PING OK] IT | VLESS | 3898ms
2026-02-24 09:00:15 [INFO]    [PING OK] HU | VLESS | 3730ms
2026-02-24 09:00:15 [INFO]    [PING OK] NL | VLESS | 5350ms
2026-02-24 09:00:15 [INFO]    [PING OK] IT | VLESS | 3941ms
2026-02-24 09:00:15 [INFO]    [PING OK] NL | VLESS | 4685ms
2026-02-24 09:00:15 [INFO]    [PING OK] NL | VLESS | 4181ms
2026-02-24 09:00:15 [INFO]    [PING OK] LV | VLESS | 5369ms
2026-02-24 09:00:16 [INFO]    [PING OK] DE | VLESS | 6850ms
2026-02-24 09:00:17 [INFO]    [PING OK] HU | VLESS | 3865ms
2026-02-24 09:00:18 [INFO]    [PING OK] ES | VLESS | 4147ms
2026-02-24 09:00:20 [INFO]    [PING OK] NL | VLESS | 6963ms
2026-02-24 09:00:20 [INFO]    [PING OK] ES | VLESS | 4910ms
2026-02-24 09:00:20 [INFO]    [PING OK] TR | VLESS | 4862ms
2026-02-24 09:00:20 [INFO]    [PING OK] ES | VLESS | 4896ms
2026-02-24 09:00:20 [INFO]    [PING OK] HU | VLESS | 5076ms
2026-02-24 09:00:20 [INFO]    [PING OK] ES | VLESS | 5071ms
2026-02-24 09:00:20 [INFO]    [PING OK] DE | VLESS | 4948ms
2026-02-24 09:00:21 [INFO]    [PING OK] NL | VLESS | 5950ms
2026-02-24 09:00:21 [INFO]    [PING OK] NL | VLESS | 4585ms
2026-02-24 09:00:22 [INFO]    [PING OK] ES | VLESS | 5398ms
2026-02-24 09:00:22 [INFO]    [PING OK] FI | VLESS | 4575ms
2026-02-24 09:00:23 [INFO]    [PING OK] DE | VLESS | 6537ms
2026-02-24 09:00:23 [INFO]    [PING OK] NL | VLESS | 8235ms
2026-02-24 09:00:24 [INFO]    [PING OK] CZ | VLESS | 4121ms
2026-02-24 09:00:25 [INFO]    [PING OK] DE | VLESS | 4577ms
2026-02-24 09:00:25 [INFO]    [PING OK] DE | VLESS | 4435ms
2026-02-24 09:00:27 [INFO]    [PING OK] NL | VLESS | 4446ms
2026-02-24 09:00:28 [INFO]    [PING OK] SG | VLESS | 5227ms
2026-02-24 09:00:28 [INFO]    [PING OK] DE | VLESS | 4604ms
2026-02-24 09:00:29 [INFO]    [PING OK] US | VLESS | 4672ms
2026-02-24 09:00:32 [INFO]    [PING OK] SE | VLESS | 3377ms
2026-02-24 09:00:32 [INFO]    [PING OK] US | VLESS | 5581ms
2026-02-24 09:00:32 [INFO]    [PING OK] DE | VLESS | 2919ms
2026-02-24 09:00:32 [INFO]    [PING OK] TR | VLESS | 3411ms
2026-02-24 09:00:33 [INFO]    [PING OK] DE | VLESS | 2786ms
2026-02-24 09:00:33 [INFO]    [PING OK] DE | VLESS | 5440ms
2026-02-24 09:00:34 [INFO]    [PING OK] DE | VLESS | 2987ms
2026-02-24 09:00:38 [INFO]    [PING OK] DE | VLESS | 4245ms
2026-02-24 09:00:41 [INFO] 🏎️ ЭТАП 2: Глубокий замер скорости для 40 иностранных кандидатов...
2026-02-24 09:00:45 [INFO]    🏆 DE | VLESS | Пинг: 2919ms | Скорость: 6.03 Mbps ⚡⚡
2026-02-24 09:00:45 [INFO]    🏆 DE | VLESS | Пинг: 2786ms | Скорость: 6.03 Mbps ⚡⚡
2026-02-24 09:00:45 [INFO]    🏆 DE | VLESS | Пинг: 4245ms | Скорость: 6.33 Mbps ⚡⚡
2026-02-24 09:00:45 [INFO]    🏆 IT | VLESS | Пинг: 3898ms | Скорость: 6.15 Mbps ⚡⚡
2026-02-24 09:00:45 [INFO]    🏆 ES | VLESS | Пинг: 4091ms | Скорость: 6.1 Mbps ⚡⚡
2026-02-24 09:00:45 [INFO]    🏆 IT | VLESS | Пинг: 3941ms | Скорость: 6.12 Mbps ⚡⚡
2026-02-24 09:00:45 [INFO]    🏆 HU | VLESS | Пинг: 3865ms | Скорость: 5.94 Mbps ⚡⚡
2026-02-24 09:00:45 [INFO]    🏆 DE | VLESS | Пинг: 2987ms | Скорость: 5.39 Mbps ⚡⚡
2026-02-24 09:00:45 [INFO]    🏆 ES | VLESS | Пинг: 4147ms | Скорость: 5.34 Mbps ⚡⚡
2026-02-24 09:00:46 [INFO]    🏆 CZ | VLESS | Пинг: 4121ms | Скорость: 4.96 Mbps ⚡⚡
2026-02-24 09:00:47 [INFO]    🏆 NL | VLESS | Пинг: 4446ms | Скорость: 15.99 Mbps ⚡⚡
2026-02-24 09:00:47 [INFO]    🏆 DE | VLESS | Пинг: 4435ms | Скорость: 6.88 Mbps ⚡⚡
2026-02-24 09:00:48 [INFO]    🏆 PL | VLESS | Пинг: 4609ms | Скорость: 10.51 Mbps ⚡⚡
2026-02-24 09:00:48 [INFO]    🏆 HU | VLESS | Пинг: 3730ms | Скорость: 1.59 Mbps ⚡
2026-02-24 09:00:48 [INFO]    🏆 DE | VLESS | Пинг: 4604ms | Скорость: 10.35 Mbps ⚡⚡
2026-02-24 09:00:48 [INFO]    🏆 DE | VLESS | Пинг: 4577ms | Скорость: 9.44 Mbps ⚡⚡
2026-02-24 09:00:48 [INFO]    🏆 TR | VLESS | Пинг: 4862ms | Скорость: 9.84 Mbps ⚡⚡
2026-02-24 09:00:48 [INFO]    🏆 US | VLESS | Пинг: 4672ms | Скорость: 9.52 Mbps ⚡⚡
2026-02-24 09:00:49 [INFO]    🏆 PL | VLESS | Пинг: 4760ms | Скорость: 7.36 Mbps ⚡⚡
2026-02-24 09:00:49 [INFO]    🏆 TR | VLESS | Пинг: 4901ms | Скорость: 8.37 Mbps ⚡⚡
2026-02-24 09:00:50 [INFO]    🏆 ES | VLESS | Пинг: 4910ms | Скорость: 8.27 Mbps ⚡⚡
2026-02-24 09:00:50 [INFO]    🏆 DE | VLESS | Пинг: 4948ms | Скорость: 11.77 Mbps ⚡⚡
2026-02-24 09:00:50 [INFO]    🏆 HU | VLESS | Пинг: 5076ms | Скорость: 11.44 Mbps ⚡⚡
2026-02-24 09:00:50 [INFO]    🏆 ES | VLESS | Пинг: 5071ms | Скорость: 10.21 Mbps ⚡⚡
2026-02-24 09:00:51 [INFO]    🏆 SG | VLESS | Пинг: 5227ms | Скорость: 7.95 Mbps ⚡⚡
2026-02-24 09:00:51 [INFO]    🏆 LV | VLESS | Пинг: 5369ms | Скорость: 7.94 Mbps ⚡⚡
2026-02-24 09:00:52 [INFO]    🏆 NL | VLESS | Пинг: 5350ms | Скорость: 6.34 Mbps ⚡⚡
2026-02-24 09:00:52 [INFO]    🏆 ES | VLESS | Пинг: 4896ms | Скорость: 1.14 Mbps 
2026-02-24 09:00:55 [INFO]    🏆 ES | VLESS | Пинг: 5398ms | Скорость: 2.17 Mbps ⚡
2026-02-24 09:00:55 [INFO] 📊 Итого в подписке сохранено иностранных серверов: 10
2026-02-24 09:00:55 [INFO] 💾 Файл успешно сохранен: FL1PVPN
