2026-02-23 03:20:05 [INFO] 🚀 START: Smart Selector (Target: 10, ONLY FOREIGN)
2026-02-23 03:20:05 [INFO] 🌐 Загрузка источников (VLESS + VMess)...
2026-02-23 03:20:08 [INFO] 🔍 Уникальных конфигов собрано: 229
2026-02-23 03:20:08 [INFO] ⚡ ЭТАП 1: Замер Пинга и Геолокации. Workers: 40...
2026-02-23 03:20:13 [INFO]    [PING OK] DE | VLESS | 4443ms
2026-02-23 03:20:13 [INFO]    [PING OK] CZ | VLESS | 4112ms
2026-02-23 03:20:16 [INFO]    [PING OK] DE | VLESS | 6047ms
2026-02-23 03:20:17 [INFO]    [PING OK] DE | VLESS | 5700ms
2026-02-23 03:20:18 [INFO]    [PING OK] ES | VLESS | 4506ms
2026-02-23 03:20:18 [INFO]    [PING OK] ES | VLESS | 4388ms
2026-02-23 03:20:18 [INFO]    [PING OK] PL | VLESS | 4502ms
2026-02-23 03:20:18 [INFO]    [PING OK] HU | VLESS | 4366ms
2026-02-23 03:20:19 [INFO]    [PING OK] DE | VLESS | 4343ms
2026-02-23 03:20:19 [INFO]    [PING OK] ES | VLESS | 4216ms
2026-02-23 03:20:19 [INFO]    [PING OK] DE | VLESS | 4320ms
2026-02-23 03:20:19 [INFO]    [PING OK] CA | VLESS | 4382ms
2026-02-23 03:20:19 [INFO]    [PING OK] HU | VLESS | 4553ms
2026-02-23 03:20:19 [INFO]    [PING OK] DE | VLESS | 4662ms
2026-02-23 03:20:20 [INFO]    [PING OK] ES | VLESS | 3186ms
2026-02-23 03:20:20 [INFO]    [PING OK] PL | VLESS | 3116ms
2026-02-23 03:20:20 [INFO]    [PING OK] CA | VLESS | 6162ms
2026-02-23 03:20:22 [INFO]    [PING OK] US | VLESS | 7835ms
2026-02-23 03:20:22 [INFO]    [PING OK] DE | VLESS | 8631ms
2026-02-23 03:20:23 [INFO]    [PING OK] TR | VLESS | 4588ms
2026-02-23 03:20:23 [INFO]    [PING OK] ES | VLESS | 4550ms
2026-02-23 03:20:23 [INFO]    [PING OK] NL | VLESS | 4410ms
2026-02-23 03:20:23 [INFO]    [PING OK] PL | VLESS | 4545ms
2026-02-23 03:20:24 [INFO]    [PING OK] IT | VLESS | 4745ms
2026-02-23 03:20:24 [INFO]    [PING OK] CA | VLESS | 4994ms
2026-02-23 03:20:24 [INFO]    [PING OK] CA | VLESS | 5008ms
2026-02-23 03:20:25 [INFO]    [PING OK] CA | VLESS | 5276ms
2026-02-23 03:20:25 [INFO]    [PING OK] CA | VLESS | 5229ms
2026-02-23 03:20:25 [INFO]    [PING OK] CA | VLESS | 5213ms
2026-02-23 03:20:25 [INFO]    [PING OK] CA | VLESS | 5434ms
2026-02-23 03:20:25 [INFO]    [PING OK] GB | VLESS | 4763ms
2026-02-23 03:20:27 [INFO]    [PING OK] CA | VLESS | 7766ms
2026-02-23 03:20:27 [INFO]    [PING OK] CA | VLESS | 4929ms
2026-02-23 03:20:27 [INFO]    [PING OK] CA | VLESS | 7912ms
2026-02-23 03:20:27 [INFO]    [PING OK] US | VLESS | 5494ms
2026-02-23 03:20:28 [INFO]    [PING OK] DE | VLESS | 5057ms
2026-02-23 03:20:28 [INFO]    [PING OK] CA | VLESS | 5171ms
2026-02-23 03:20:29 [INFO]    [PING OK] CA | VLESS | 5176ms
2026-02-23 03:20:29 [INFO]    [PING OK] CA | VLESS | 5735ms
2026-02-23 03:20:29 [INFO]    [PING OK] CA | VLESS | 5336ms
2026-02-23 03:20:30 [INFO]    [PING OK] SE | VLESS | 4656ms
2026-02-23 03:20:30 [INFO]    [PING OK] CA | VLESS | 4592ms
2026-02-23 03:20:30 [INFO]    [PING OK] CA | VLESS | 4876ms
2026-02-23 03:20:30 [INFO]    [PING OK] DE | VLESS | 4733ms
2026-02-23 03:20:30 [INFO]    [PING OK] FI | VLESS | 4728ms
2026-02-23 03:20:31 [INFO]    [PING OK] CA | VLESS | 8443ms
2026-02-23 03:20:31 [INFO]    [PING OK] CA | VLESS | 6962ms
2026-02-23 03:20:31 [INFO]    [PING OK] CA | VLESS | 7106ms
2026-02-23 03:20:32 [INFO]    [PING OK] CA | VLESS | 6713ms
2026-02-23 03:20:32 [INFO]    [PING OK] CA | VLESS | 6094ms
2026-02-23 03:20:32 [INFO]    [PING OK] BY | VLESS | 4186ms
2026-02-23 03:20:32 [INFO]    [PING OK] NL | VLESS | 4077ms
2026-02-23 03:20:32 [INFO]    [PING OK] CA | VLESS | 4174ms
2026-02-23 03:20:32 [INFO]    [PING OK] CA | VLESS | 4491ms
2026-02-23 03:20:32 [INFO]    [PING OK] CA | VLESS | 7223ms
2026-02-23 03:20:33 [INFO]    [PING OK] CA | VLESS | 4350ms
2026-02-23 03:20:33 [INFO]    [PING OK] CA | VLESS | 8593ms
2026-02-23 03:20:33 [INFO]    [PING OK] DE | VLESS | 3826ms
2026-02-23 03:20:33 [INFO]    [PING OK] CA | VLESS | 4500ms
2026-02-23 03:20:33 [INFO]    [PING OK] CA | VLESS | 4112ms
2026-02-23 03:20:33 [INFO]    [PING OK] CA | VLESS | 7566ms
2026-02-23 03:20:33 [INFO]    [PING OK] CA | VLESS | 4121ms
2026-02-23 03:20:33 [INFO]    [PING OK] CA | VLESS | 4299ms
2026-02-23 03:20:33 [INFO]    [PING OK] CA | VLESS | 4245ms
2026-02-23 03:20:33 [INFO]    [PING OK] CA | VLESS | 4923ms
2026-02-23 03:20:33 [INFO]    [PING OK] DE | VLESS | 2088ms
2026-02-23 03:20:33 [INFO]    [PING OK] CA | VLESS | 3906ms
2026-02-23 03:20:33 [INFO]    [PING OK] DE | VLESS | 1392ms
2026-02-23 03:20:33 [INFO]    [PING OK] CA | VLESS | 3718ms
2026-02-23 03:20:33 [INFO]    [PING OK] CA | VLESS | 2735ms
2026-02-23 03:20:34 [INFO]    [PING OK] CA | VLESS | 2267ms
2026-02-23 03:20:34 [INFO]    [PING OK] CA | VLESS | 3131ms
2026-02-23 03:20:34 [INFO]    [PING OK] CA | VLESS | 2850ms
2026-02-23 03:20:34 [INFO]    [PING OK] CA | VLESS | 4513ms
2026-02-23 03:20:35 [INFO]    [PING OK] CA | VLESS | 3774ms
2026-02-23 03:20:36 [INFO]    [PING OK] CA | VLESS | 4017ms
2026-02-23 03:20:38 [INFO] 🏎️ ЭТАП 2: Глубокий замер скорости для 40 иностранных кандидатов...
2026-02-23 03:20:42 [INFO]    🏆 DE | VLESS | Пинг: 3826ms | Скорость: 6.77 Mbps ⚡⚡
2026-02-23 03:20:42 [INFO]    🏆 DE | VLESS | Пинг: 1392ms | Скорость: 6.54 Mbps ⚡⚡
2026-02-23 03:20:42 [INFO]    🏆 PL | VLESS | Пинг: 3116ms | Скорость: 6.29 Mbps ⚡⚡
2026-02-23 03:20:42 [INFO]    🏆 DE | VLESS | Пинг: 2088ms | Скорость: 6.25 Mbps ⚡⚡
2026-02-23 03:20:42 [INFO]    🏆 ES | VLESS | Пинг: 3186ms | Скорость: 6.29 Mbps ⚡⚡
2026-02-23 03:20:43 [INFO]    🏆 CA | VLESS | Пинг: 4017ms | Скорость: 4.72 Mbps ⚡⚡
2026-02-23 03:20:43 [INFO]    🏆 CA | VLESS | Пинг: 2735ms | Скорость: 4.53 Mbps ⚡⚡
2026-02-23 03:20:43 [INFO]    🏆 CA | VLESS | Пинг: 2850ms | Скорость: 4.46 Mbps ⚡⚡
2026-02-23 03:20:43 [INFO]    🏆 CA | VLESS | Пинг: 3131ms | Скорость: 4.39 Mbps ⚡⚡
2026-02-23 03:20:43 [INFO]    🏆 NL | VLESS | Пинг: 4077ms | Скорость: 4.54 Mbps ⚡⚡
2026-02-23 03:20:43 [INFO]    🏆 CZ | VLESS | Пинг: 4112ms | Скорость: 4.45 Mbps ⚡⚡
2026-02-23 03:20:44 [INFO]    🏆 CA | VLESS | Пинг: 2267ms | Скорость: 4.08 Mbps ⚡⚡
2026-02-23 03:20:44 [INFO]    🏆 CA | VLESS | Пинг: 3718ms | Скорость: 4.05 Mbps ⚡⚡
2026-02-23 03:20:45 [INFO]    🏆 BY | VLESS | Пинг: 4186ms | Скорость: 8.7 Mbps ⚡⚡
2026-02-23 03:20:45 [INFO]    🏆 ES | VLESS | Пинг: 4216ms | Скорость: 8.63 Mbps ⚡⚡
2026-02-23 03:20:46 [INFO]    🏆 DE | VLESS | Пинг: 4320ms | Скорость: 8.54 Mbps ⚡⚡
2026-02-23 03:20:46 [INFO]    🏆 CA | VLESS | Пинг: 4112ms | Скорость: 5.42 Mbps ⚡⚡
2026-02-23 03:20:46 [INFO]    🏆 DE | VLESS | Пинг: 4343ms | Скорость: 8.45 Mbps ⚡⚡
2026-02-23 03:20:46 [INFO]    🏆 HU | VLESS | Пинг: 4366ms | Скорость: 8.72 Mbps ⚡⚡
2026-02-23 03:20:46 [INFO]    🏆 ES | VLESS | Пинг: 4388ms | Скорость: 8.81 Mbps ⚡⚡
2026-02-23 03:20:47 [INFO]    🏆 DE | VLESS | Пинг: 4443ms | Скорость: 8.86 Mbps ⚡⚡
2026-02-23 03:20:47 [INFO]    🏆 NL | VLESS | Пинг: 4410ms | Скорость: 7.99 Mbps ⚡⚡
2026-02-23 03:20:47 [INFO]    🏆 CA | VLESS | Пинг: 4174ms | Скорость: 4.64 Mbps ⚡⚡
2026-02-23 03:20:47 [INFO]    🏆 CA | VLESS | Пинг: 4382ms | Скорость: 6.45 Mbps ⚡⚡
2026-02-23 03:20:49 [INFO]    🏆 PL | VLESS | Пинг: 4545ms | Скорость: 10.28 Mbps ⚡⚡
2026-02-23 03:20:49 [INFO]    🏆 CA | VLESS | Пинг: 4500ms | Скорость: 5.99 Mbps ⚡⚡
2026-02-23 03:20:49 [INFO]    🏆 PL | VLESS | Пинг: 4502ms | Скорость: 9.29 Mbps ⚡⚡
2026-02-23 03:20:49 [INFO]    🏆 ES | VLESS | Пинг: 4506ms | Скорость: 9.44 Mbps ⚡⚡
2026-02-23 03:20:49 [INFO]    🏆 HU | VLESS | Пинг: 4553ms | Скорость: 10.27 Mbps ⚡⚡
2026-02-23 03:20:49 [INFO]    🏆 CA | VLESS | Пинг: 4491ms | Скорость: 5.72 Mbps ⚡⚡
2026-02-23 03:20:50 [INFO]    🏆 ES | VLESS | Пинг: 4550ms | Скорость: 7.65 Mbps ⚡⚡
2026-02-23 03:20:52 [INFO]    🏆 TR | VLESS | Пинг: 4588ms | Скорость: 4.59 Mbps ⚡⚡
2026-02-23 03:20:52 [INFO] 📊 Итого в подписке сохранено иностранных серверов: 10
2026-02-23 03:20:52 [INFO] 💾 Файл успешно сохранен: FL1PVPN
