2026-02-17 01:50:06 [INFO] 🚀 START: Smart VLESS Selector (Target: 10, Strict Mode)
2026-02-17 01:50:06 [INFO] 🌐 Загрузка источников...
2026-02-17 01:50:08 [INFO] 🔍 Уникальных конфигов собрано: 676
2026-02-17 01:50:08 [INFO] ⚡ ЭТАП 1: Быстрый замер Пинга (Workers: 25)...
2026-02-17 01:50:09 [INFO]    [PING OK] RU | 218ms
2026-02-17 01:50:09 [INFO]    [PING OK] DE | 166ms
2026-02-17 01:50:09 [INFO]    [PING OK] DE | 189ms
2026-02-17 01:50:10 [INFO]    [PING OK] NL | 184ms
2026-02-17 01:50:10 [INFO]    [PING OK] DE | 136ms
2026-02-17 01:50:11 [INFO]    [PING OK] DE | 919ms
2026-02-17 01:50:11 [INFO]    [PING OK] DE | 165ms
2026-02-17 01:50:12 [INFO]    [PING OK] DE | 293ms
2026-02-17 01:50:12 [INFO]    [PING OK] FR | 241ms
2026-02-17 01:50:13 [INFO]    [PING OK] DE | 550ms
2026-02-17 01:50:16 [INFO]    [PING OK] US | 988ms
2026-02-17 01:50:17 [INFO]    [PING OK] DE | 510ms
2026-02-17 01:50:18 [INFO]    [PING OK] RU | 108ms
2026-02-17 01:50:20 [INFO]    [PING OK] DE | 175ms
2026-02-17 01:50:20 [INFO]    [PING OK] RU | 66ms
2026-02-17 01:50:20 [INFO]    [PING OK] DE | 182ms
2026-02-17 01:50:20 [INFO]    [PING OK] RU | 180ms
2026-02-17 01:50:20 [INFO]    [PING OK] PL | 154ms
2026-02-17 01:50:20 [INFO]    [PING OK] RU | 121ms
2026-02-17 01:50:20 [INFO]    [PING OK] RU | 215ms
2026-02-17 01:50:21 [INFO]    [PING OK] RU | 125ms
2026-02-17 01:50:21 [INFO]    [PING OK] RU | 221ms
2026-02-17 01:50:21 [INFO]    [PING OK] RU | 168ms
2026-02-17 01:50:21 [INFO]    [PING OK] RU | 241ms
2026-02-17 01:50:22 [INFO]    [PING OK] HU | 356ms
2026-02-17 01:50:22 [INFO]    [PING OK] RU | 274ms
2026-02-17 01:50:22 [INFO]    [PING OK] RU | 101ms
2026-02-17 01:50:22 [INFO]    [PING OK] RU | 136ms
2026-02-17 01:50:22 [INFO]    [PING OK] RU | 192ms
2026-02-17 01:50:22 [INFO]    [PING OK] RU | 103ms
2026-02-17 01:50:22 [INFO]    [PING OK] RU | 94ms
2026-02-17 01:50:22 [INFO]    [PING OK] RU | 590ms
2026-02-17 01:50:22 [INFO]    [PING OK] RU | 86ms
2026-02-17 01:50:22 [INFO]    [PING OK] RU | 224ms
2026-02-17 01:50:23 [INFO]    [PING OK] RU | 108ms
2026-02-17 01:50:23 [INFO]    [PING OK] RU | 302ms
2026-02-17 01:50:23 [INFO]    [PING OK] RU | 311ms
2026-02-17 01:50:23 [INFO]    [PING OK] RU | 74ms
2026-02-17 01:50:23 [INFO]    [PING OK] HU | 342ms
2026-02-17 01:50:23 [INFO]    [PING OK] RU | 227ms
2026-02-17 01:50:23 [INFO]    [PING OK] RU | 59ms
2026-02-17 01:50:23 [INFO]    [PING OK] EE | 384ms
2026-02-17 01:50:23 [INFO]    [PING OK] RU | 303ms
2026-02-17 01:50:24 [INFO]    [PING OK] US | 190ms
2026-02-17 01:50:24 [INFO]    [PING OK] DE | 181ms
2026-02-17 01:50:24 [INFO]    [PING OK] RU | 269ms
2026-02-17 01:50:24 [INFO]    [PING OK] RU | 158ms
2026-02-17 01:50:24 [INFO]    [PING OK] RU | 2092ms
2026-02-17 01:50:24 [INFO]    [PING OK] RU | 134ms
2026-02-17 01:50:24 [INFO]    [PING OK] RU | 75ms
2026-02-17 01:50:24 [INFO]    [PING OK] RU | 272ms
2026-02-17 01:50:24 [INFO]    [PING OK] RU | 612ms
2026-02-17 01:50:24 [INFO]    [PING OK] RU | 1183ms
2026-02-17 01:50:24 [INFO]    [PING OK] RU | 2243ms
2026-02-17 01:50:24 [INFO]    [PING OK] RU | 81ms
2026-02-17 01:50:24 [INFO]    [PING OK] RU | 57ms
2026-02-17 01:50:24 [INFO]    [PING OK] PL | 147ms
2026-02-17 01:50:25 [INFO]    [PING OK] RU | 97ms
2026-02-17 01:50:25 [INFO]    [PING OK] RU | 210ms
2026-02-17 01:50:25 [INFO]    [PING OK] RU | 158ms
2026-02-17 01:50:25 [INFO]    [PING OK] RU | 220ms
2026-02-17 01:50:25 [INFO]    [PING OK] RU | 269ms
2026-02-17 01:50:25 [INFO]    [PING OK] GB | 288ms
2026-02-17 01:50:25 [INFO]    [PING OK] RU | 155ms
2026-02-17 01:50:25 [INFO]    [PING OK] RU | 66ms
2026-02-17 01:50:25 [INFO]    [PING OK] PL | 149ms
2026-02-17 01:50:25 [INFO]    [PING OK] RU | 49ms
2026-02-17 01:50:25 [INFO]    [PING OK] RU | 231ms
2026-02-17 01:50:25 [INFO]    [PING OK] RU | 222ms
2026-02-17 01:50:26 [INFO]    [PING OK] NL | 171ms
2026-02-17 01:50:26 [INFO]    [PING OK] RU | 107ms
2026-02-17 01:50:26 [INFO]    [PING OK] HU | 340ms
2026-02-17 01:50:26 [INFO]    [PING OK] RU | 250ms
2026-02-17 01:50:26 [INFO]    [PING OK] RU | 227ms
2026-02-17 01:50:26 [INFO]    [PING OK] RU | 307ms
2026-02-17 01:50:26 [INFO]    [PING OK] RU | 180ms
2026-02-17 01:50:26 [INFO]    [PING OK] RU | 205ms
2026-02-17 01:50:26 [INFO]    [PING OK] RU | 248ms
2026-02-17 01:50:26 [INFO]    [PING OK] RU | 68ms
2026-02-17 01:50:26 [INFO]    [PING OK] RU | 1778ms
2026-02-17 01:50:26 [INFO]    [PING OK] RU | 222ms
2026-02-17 01:50:27 [INFO]    [PING OK] RU | 229ms
2026-02-17 01:50:27 [INFO]    [PING OK] RU | 62ms
2026-02-17 01:50:27 [INFO]    [PING OK] GB | 291ms
2026-02-17 01:50:27 [INFO]    [PING OK] RU | 350ms
2026-02-17 01:50:27 [INFO]    [PING OK] RU | 41ms
2026-02-17 01:50:27 [INFO]    [PING OK] RU | 231ms
2026-02-17 01:50:27 [INFO]    [PING OK] RU | 228ms
2026-02-17 01:50:27 [INFO]    [PING OK] RU | 273ms
2026-02-17 01:50:27 [INFO]    [PING OK] RU | 225ms
2026-02-17 01:50:27 [INFO]    [PING OK] RU | 222ms
2026-02-17 01:50:27 [INFO]    [PING OK] RU | 3090ms
2026-02-17 01:50:27 [INFO]    [PING OK] RU | 316ms
2026-02-17 01:50:27 [INFO]    [PING OK] NL | 1117ms
2026-02-17 01:50:27 [INFO]    [PING OK] RU | 227ms
2026-02-17 01:50:27 [INFO]    [PING OK] RU | 239ms
2026-02-17 01:50:28 [INFO]    [PING OK] RU | 273ms
2026-02-17 01:50:28 [INFO]    [PING OK] RU | 284ms
2026-02-17 01:50:28 [INFO]    [PING OK] RU | 223ms
2026-02-17 01:50:28 [INFO]    [PING OK] RU | 295ms
2026-02-17 01:50:28 [INFO]    [PING OK] RU | 191ms
2026-02-17 01:50:28 [INFO]    [PING OK] GB | 255ms
2026-02-17 01:50:28 [INFO]    [PING OK] RU | 293ms
2026-02-17 01:50:28 [INFO]    [PING OK] RU | 2786ms
2026-02-17 01:50:28 [INFO]    [PING OK] RU | 220ms
2026-02-17 01:50:28 [INFO]    [PING OK] RU | 134ms
2026-02-17 01:50:28 [INFO]    [PING OK] NL | 221ms
2026-02-17 01:50:28 [INFO]    [PING OK] RU | 222ms
2026-02-17 01:50:29 [INFO]    [PING OK] RU | 224ms
2026-02-17 01:50:29 [INFO]    [PING OK] RU | 231ms
2026-02-17 01:50:29 [INFO]    [PING OK] RU | 162ms
2026-02-17 01:50:29 [INFO]    [PING OK] RU | 313ms
2026-02-17 01:50:29 [INFO]    [PING OK] RU | 196ms
2026-02-17 01:50:29 [INFO]    [PING OK] BG | 236ms
2026-02-17 01:50:30 [INFO]    [PING OK] RU | 2087ms
2026-02-17 01:50:30 [INFO]    [PING OK] PL | 274ms
2026-02-17 01:50:32 [INFO]    [PING OK] DE | 149ms
2026-02-17 01:50:33 [INFO]    [PING OK] NL | 167ms
2026-02-17 01:50:35 [INFO]    [PING OK] LT | 143ms
2026-02-17 01:50:35 [INFO]    [PING OK] FR | 189ms
2026-02-17 01:50:36 [INFO]    [PING OK] US | 554ms
2026-02-17 01:50:36 [INFO]    [PING OK] NL | 276ms
2026-02-17 01:50:39 [INFO]    [PING OK] NL | 593ms
2026-02-17 01:50:42 [INFO]    [PING OK] US | 531ms
2026-02-17 01:50:43 [INFO]    [PING OK] DE | 146ms
2026-02-17 01:50:44 [INFO]    [PING OK] FR | 175ms
2026-02-17 01:50:45 [INFO]    [PING OK] RU | 203ms
2026-02-17 01:50:46 [INFO]    [PING OK] PL | 123ms
2026-02-17 01:50:47 [INFO]    [PING OK] PL | 475ms
2026-02-17 01:50:48 [INFO]    [PING OK] FR | 849ms
2026-02-17 01:50:49 [INFO]    [PING OK] RU | 174ms
2026-02-17 01:50:49 [INFO]    [PING OK] AT | 200ms
2026-02-17 01:50:50 [INFO]    [PING OK] SE | 209ms
2026-02-17 01:50:51 [INFO]    [PING OK] CY | 179ms
2026-02-17 01:50:54 [INFO]    [PING OK] US | 1155ms
2026-02-17 01:50:55 [INFO]    [PING OK] NL | 179ms
2026-02-17 01:50:55 [INFO]    [PING OK] US | 538ms
2026-02-17 01:50:55 [INFO]    [PING OK] PL | 126ms
2026-02-17 01:50:58 [INFO]    [PING OK] DE | 115ms
2026-02-17 01:51:00 [INFO]    [PING OK] FR | 210ms
2026-02-17 01:51:01 [INFO]    [PING OK] PL | 278ms
2026-02-17 01:51:01 [INFO]    [PING OK] FI | 193ms
2026-02-17 01:51:03 [INFO]    [PING OK] TR | 263ms
2026-02-17 01:51:05 [INFO]    [PING OK] DE | 153ms
2026-02-17 01:51:07 [INFO]    [PING OK] DE | 228ms
2026-02-17 01:51:08 [INFO]    [PING OK] FI | 227ms
2026-02-17 01:51:11 [INFO]    [PING OK] RU | 227ms
2026-02-17 01:51:12 [INFO]    [PING OK] RU | 213ms
2026-02-17 01:51:14 [INFO]    [PING OK] LT | 134ms
2026-02-17 01:51:16 [INFO]    [PING OK] PL | 472ms
2026-02-17 01:51:19 [INFO]    [PING OK] FR | 1305ms
2026-02-17 01:51:19 [INFO]    [PING OK] US | 617ms
2026-02-17 01:51:20 [INFO]    [PING OK] NL | 172ms
2026-02-17 01:51:20 [INFO]    [PING OK] LT | 152ms
2026-02-17 01:51:21 [INFO]    [PING OK] US | 3829ms
2026-02-17 01:51:21 [INFO]    [PING OK] RU | 133ms
2026-02-17 01:51:22 [INFO]    [PING OK] DE | 171ms
2026-02-17 01:51:22 [INFO]    [PING OK] EE | 251ms
2026-02-17 01:51:25 [INFO]    [PING OK] GR | 71ms
2026-02-17 01:51:25 [INFO]    [PING OK] RU | 150ms
2026-02-17 01:51:25 [INFO]    [PING OK] US | 444ms
2026-02-17 01:51:26 [INFO]    [PING OK] GB | 189ms
2026-02-17 01:51:27 [INFO]    [PING OK] MD | 160ms
2026-02-17 01:51:27 [INFO]    [PING OK] LV | 203ms
2026-02-17 01:51:32 [INFO] 🏎️ ЭТАП 2: Глубокий замер скорости для ТОП-10 серверов...
2026-02-17 01:51:35 [INFO]    🏆 GR | Пинг: 71ms | Скорость: 8.84 Mbps ⚡⚡
2026-02-17 01:51:35 [INFO]    🏆 DE | Пинг: 115ms | Скорость: 8.57 Mbps ⚡⚡
2026-02-17 01:51:35 [INFO]    🏆 PL | Пинг: 123ms | Скорость: 8.53 Mbps ⚡⚡
2026-02-17 01:51:35 [INFO]    🏆 PL | Пинг: 126ms | Скорость: 8.55 Mbps ⚡⚡
2026-02-17 01:51:35 [INFO]    🏆 LT | Пинг: 134ms | Скорость: 8.72 Mbps ⚡⚡
2026-02-17 01:51:35 [INFO]    🏆 DE | Пинг: 136ms | Скорость: 8.78 Mbps ⚡⚡
2026-02-17 01:51:35 [INFO]    🏆 LT | Пинг: 143ms | Скорость: 8.62 Mbps ⚡⚡
2026-02-17 01:51:35 [INFO]    🏆 DE | Пинг: 146ms | Скорость: 9.07 Mbps ⚡⚡
2026-02-17 01:51:35 [INFO]    🏆 PL | Пинг: 147ms | Скорость: 9.01 Mbps ⚡⚡
2026-02-17 01:51:35 [INFO]    🏆 RU | Пинг: 41ms | Скорость: 8.9 Mbps ⚡⚡
2026-02-17 01:51:35 [INFO] 🇷🇺 Добавлен RU сервер: 85.192.32.30
2026-02-17 01:51:35 [INFO] 📊 Итого в подписке сохранено: 10 серверов
2026-02-17 01:51:35 [INFO] 💾 Файл успешно сохранен: FL1PVPN
