2026-02-26 04:40:05 [INFO] 🚀 START: Smart Selector (Target: 10, ONLY FOREIGN)
2026-02-26 04:40:05 [INFO] 🌐 Загрузка источников (VLESS + VMess)...
2026-02-26 04:40:07 [INFO] 🔍 Уникальных конфигов собрано: 615
2026-02-26 04:40:07 [INFO] ⚡ ЭТАП 1: Замер Пинга и Геолокации. Workers: 40...
2026-02-26 04:40:12 [INFO]    [PING OK] NO | VLESS | 4203ms
2026-02-26 04:40:13 [INFO]    [PING OK] PL | VLESS | 4789ms
2026-02-26 04:40:13 [INFO]    [PING OK] NL | VLESS | 4835ms
2026-02-26 04:40:13 [INFO]    [PING OK] DE | VLESS | 4880ms
2026-02-26 04:40:13 [INFO]    [PING OK] DE | VLESS | 5009ms
2026-02-26 04:40:13 [INFO]    [PING OK] DE | VLESS | 5172ms
2026-02-26 04:40:13 [INFO]    [PING OK] NL | VLESS | 4535ms
2026-02-26 04:40:13 [INFO]    [PING OK] NL | VLESS | 4486ms
2026-02-26 04:40:13 [INFO]    [PING OK] JP | VLESS | 5264ms
2026-02-26 04:40:13 [INFO]    [PING OK] PL | VLESS | 4508ms
2026-02-26 04:40:13 [INFO]    [PING OK] CA | VLESS | 5491ms
2026-02-26 04:40:13 [INFO]    [PING OK] PL | VLESS | 4890ms
2026-02-26 04:40:14 [INFO]    [PING OK] DE | VLESS | 5207ms
2026-02-26 04:40:14 [INFO]    [PING OK] NL | VLESS | 5257ms
2026-02-26 04:40:14 [INFO]    [PING OK] PL | VLESS | 5375ms
2026-02-26 04:40:15 [INFO]    [PING OK] DE | VLESS | 5192ms
2026-02-26 04:40:15 [INFO]    [PING OK] JP | VLESS | 5320ms
2026-02-26 04:40:17 [INFO]    [PING OK] NL | VLESS | 8032ms
2026-02-26 04:40:17 [INFO]    [PING OK] PL | VLESS | 3712ms
2026-02-26 04:40:17 [INFO]    [PING OK] NL | VLESS | 3955ms
2026-02-26 04:40:18 [INFO]    [PING OK] LT | VLESS | 4295ms
2026-02-26 04:40:18 [INFO]    [PING OK] NL | VLESS | 3669ms
2026-02-26 04:40:18 [INFO]    [PING OK] DE | VLESS | 4439ms
2026-02-26 04:40:18 [INFO]    [PING OK] HU | VLESS | 3802ms
2026-02-26 04:40:18 [INFO]    [PING OK] DE | VLESS | 3427ms
2026-02-26 04:40:18 [INFO]    [PING OK] PL | VLESS | 4045ms
2026-02-26 04:40:18 [INFO]    [PING OK] NL | VLESS | 3815ms
2026-02-26 04:40:18 [INFO]    [PING OK] NL | VLESS | 3806ms
2026-02-26 04:40:19 [INFO]    [PING OK] PL | VLESS | 3640ms
2026-02-26 04:40:19 [INFO]    [PING OK] FI | VLESS | 3847ms
2026-02-26 04:40:20 [INFO]    [PING OK] IT | VLESS | 4132ms
2026-02-26 04:40:21 [INFO]    [PING OK] PL | VLESS | 5128ms
2026-02-26 04:40:21 [INFO]    [PING OK] PL | VLESS | 4044ms
2026-02-26 04:40:23 [INFO]    [PING OK] PL | VLESS | 4780ms
2026-02-26 04:40:23 [INFO]    [PING OK] NL | VLESS | 4851ms
2026-02-26 04:40:23 [INFO]    [PING OK] NL | VLESS | 5006ms
2026-02-26 04:40:23 [INFO]    [PING OK] NL | VLESS | 4895ms
2026-02-26 04:40:23 [INFO]    [PING OK] DE | VLESS | 4945ms
2026-02-26 04:40:23 [INFO]    [PING OK] FI | VLESS | 4921ms
2026-02-26 04:40:23 [INFO]    [PING OK] TR | VLESS | 4960ms
2026-02-26 04:40:24 [INFO]    [PING OK] TR | VLESS | 4874ms
2026-02-26 04:40:24 [INFO]    [PING OK] DE | VLESS | 4748ms
2026-02-26 04:40:24 [INFO]    [PING OK] DE | VLESS | 4570ms
2026-02-26 04:40:25 [INFO]    [PING OK] HU | VLESS | 4700ms
2026-02-26 04:40:25 [INFO]    [PING OK] NL | VLESS | 4801ms
2026-02-26 04:40:26 [INFO]    [PING OK] DE | VLESS | 4811ms
2026-02-26 04:40:26 [INFO]    [PING OK] NL | VLESS | 4582ms
2026-02-26 04:40:26 [INFO]    [PING OK] JP | VLESS | 4911ms
2026-02-26 04:40:27 [INFO]    [PING OK] US | VLESS | 4952ms
2026-02-26 04:40:27 [INFO]    [PING OK] DE | VLESS | 5131ms
2026-02-26 04:40:28 [INFO]    [PING OK] US | VLESS | 5036ms
2026-02-26 04:40:28 [INFO]    [PING OK] DE | VLESS | 4869ms
2026-02-26 04:40:29 [INFO]    [PING OK] NL | VLESS | 4610ms
2026-02-26 04:40:29 [INFO]    [PING OK] NL | VLESS | 4540ms
2026-02-26 04:40:29 [INFO]    [PING OK] PL | VLESS | 4590ms
2026-02-26 04:40:29 [INFO]    [PING OK] CH | VLESS | 4325ms
2026-02-26 04:40:29 [INFO]    [PING OK] PL | VLESS | 4673ms
2026-02-26 04:40:30 [INFO]    [PING OK] JP | VLESS | 4811ms
2026-02-26 04:40:30 [INFO]    [PING OK] NL | VLESS | 3856ms
2026-02-26 04:40:30 [INFO]    [PING OK] NL | VLESS | 3866ms
2026-02-26 04:40:30 [INFO]    [PING OK] HU | VLESS | 3926ms
2026-02-26 04:40:31 [INFO]    [PING OK] HK | VLESS | 5221ms
2026-02-26 04:40:31 [INFO]    [PING OK] LT | VLESS | 4435ms
2026-02-26 04:40:31 [INFO]    [PING OK] NL | VLESS | 4342ms
2026-02-26 04:40:31 [INFO]    [PING OK] PL | VLESS | 6979ms
2026-02-26 04:40:31 [INFO]    [PING OK] NL | VLESS | 4440ms
2026-02-26 04:40:32 [INFO]    [PING OK] NL | VLESS | 4435ms
2026-02-26 04:40:32 [INFO]    [PING OK] PL | VLESS | 4428ms
2026-02-26 04:40:33 [INFO]    [PING OK] NL | VLESS | 4626ms
2026-02-26 04:40:34 [INFO]    [PING OK] JP | VLESS | 4543ms
2026-02-26 04:40:34 [INFO]    [PING OK] LT | VLESS | 5088ms
2026-02-26 04:40:35 [INFO]    [PING OK] FI | VLESS | 4463ms
2026-02-26 04:40:35 [INFO]    [PING OK] NL | VLESS | 4680ms
2026-02-26 04:40:35 [INFO]    [PING OK] LT | VLESS | 4539ms
2026-02-26 04:40:35 [INFO]    [PING OK] FI | VLESS | 4894ms
2026-02-26 04:40:35 [INFO]    [PING OK] US | VLESS | 4289ms
2026-02-26 04:40:36 [INFO]    [PING OK] PL | VLESS | 4575ms
2026-02-26 04:40:36 [INFO]    [PING OK] PL | VLESS | 4600ms
2026-02-26 04:40:36 [INFO]    [PING OK] PL | VLESS | 4310ms
2026-02-26 04:40:36 [INFO]    [PING OK] DE | VLESS | 4478ms
2026-02-26 04:40:37 [INFO]    [PING OK] PL | VLESS | 4831ms
2026-02-26 04:40:37 [INFO]    [PING OK] ES | VLESS | 4413ms
2026-02-26 04:40:37 [INFO]    [PING OK] DE | VLESS | 4612ms
2026-02-26 04:40:37 [INFO]    [PING OK] PL | VLESS | 9189ms
2026-02-26 04:40:37 [INFO]    [PING OK] DE | VLESS | 5198ms
2026-02-26 04:40:37 [INFO]    [PING OK] FI | VLESS | 4583ms
2026-02-26 04:40:37 [INFO]    [PING OK] NL | VLESS | 5003ms
2026-02-26 04:40:38 [INFO]    [PING OK] DE | VLESS | 5205ms
2026-02-26 04:40:38 [INFO]    [PING OK] PL | VLESS | 5196ms
2026-02-26 04:40:38 [INFO]    [PING OK] FI | VLESS | 5033ms
2026-02-26 04:40:39 [INFO]    [PING OK] IT | VLESS | 5433ms
2026-02-26 04:40:40 [INFO]    [PING OK] US | VLESS | 5301ms
2026-02-26 04:40:41 [INFO]    [PING OK] NL | VLESS | 5051ms
2026-02-26 04:40:41 [INFO]    [PING OK] PL | VLESS | 5478ms
2026-02-26 04:40:41 [INFO]    [PING OK] TR | VLESS | 5193ms
2026-02-26 04:40:41 [INFO]    [PING OK] NL | VLESS | 4915ms
2026-02-26 04:40:42 [INFO]    [PING OK] NL | VLESS | 5023ms
2026-02-26 04:40:42 [INFO]    [PING OK] FI | VLESS | 4987ms
2026-02-26 04:40:42 [INFO]    [PING OK] NG | VLESS | 5326ms
2026-02-26 04:40:43 [INFO]    [PING OK] FR | VLESS | 4245ms
2026-02-26 04:40:43 [INFO]    [PING OK] FI | VLESS | 4429ms
2026-02-26 04:40:43 [INFO]    [PING OK] PL | VLESS | 4187ms
2026-02-26 04:40:43 [INFO]    [PING OK] PL | VLESS | 5589ms
2026-02-26 04:40:43 [INFO]    [PING OK] NL | VLESS | 4074ms
2026-02-26 04:40:43 [INFO]    [PING OK] NL | VLESS | 4394ms
2026-02-26 04:40:43 [INFO]    [PING OK] NL | VLESS | 4195ms
2026-02-26 04:40:43 [INFO]    [PING OK] TR | VLESS | 4344ms
2026-02-26 04:40:44 [INFO]    [PING OK] PL | VLESS | 4081ms
2026-02-26 04:40:44 [INFO]    [PING OK] DE | VLESS | 4725ms
2026-02-26 04:40:44 [INFO]    [PING OK] JP | VLESS | 4921ms
2026-02-26 04:40:45 [INFO]    [PING OK] PL | VLESS | 4262ms
2026-02-26 04:40:45 [INFO]    [PING OK] NL | VLESS | 4642ms
2026-02-26 04:40:45 [INFO]    [PING OK] US | VLESS | 4694ms
2026-02-26 04:40:45 [INFO]    [PING OK] DE | VLESS | 4885ms
2026-02-26 04:40:46 [INFO]    [PING OK] FI | VLESS | 4128ms
2026-02-26 04:40:46 [INFO]    [PING OK] NL | VLESS | 4346ms
2026-02-26 04:40:47 [INFO]    [PING OK] NL | VLESS | 4735ms
2026-02-26 04:40:47 [INFO]    [PING OK] PL | VLESS | 4341ms
2026-02-26 04:40:47 [INFO]    [PING OK] NL | VLESS | 4794ms
2026-02-26 04:40:47 [INFO]    [PING OK] PL | VLESS | 4222ms
2026-02-26 04:40:47 [INFO]    [PING OK] CA | VLESS | 4547ms
2026-02-26 04:40:47 [INFO]    [PING OK] ES | VLESS | 4525ms
2026-02-26 04:40:47 [INFO]    [PING OK] TR | VLESS | 4799ms
2026-02-26 04:40:48 [INFO]    [PING OK] NL | VLESS | 4757ms
2026-02-26 04:40:48 [INFO]    [PING OK] US | VLESS | 4989ms
2026-02-26 04:40:48 [INFO]    [PING OK] FI | VLESS | 4413ms
2026-02-26 04:40:48 [INFO]    [PING OK] PL | VLESS | 4661ms
2026-02-26 04:40:49 [INFO]    [PING OK] TR | VLESS | 4267ms
2026-02-26 04:40:49 [INFO]    [PING OK] NL | VLESS | 4779ms
2026-02-26 04:40:49 [INFO]    [PING OK] DE | VLESS | 4033ms
2026-02-26 04:40:49 [INFO]    [PING OK] IT | VLESS | 4117ms
2026-02-26 04:40:49 [INFO]    [PING OK] LT | VLESS | 5133ms
2026-02-26 04:40:49 [INFO]    [PING OK] PL | VLESS | 4621ms
2026-02-26 04:40:49 [INFO]    [PING OK] FR | VLESS | 4013ms
2026-02-26 04:40:49 [INFO]    [PING OK] ES | VLESS | 4262ms
2026-02-26 04:40:50 [INFO]    [PING OK] JP | VLESS | 5303ms
2026-02-26 04:40:50 [INFO]    [PING OK] TR | VLESS | 4438ms
2026-02-26 04:40:50 [INFO]    [PING OK] FI | VLESS | 4028ms
2026-02-26 04:40:51 [INFO]    [PING OK] DE | VLESS | 3882ms
2026-02-26 04:40:51 [INFO]    [PING OK] DE | VLESS | 3894ms
2026-02-26 04:40:51 [INFO]    [PING OK] LV | VLESS | 3524ms
2026-02-26 04:40:53 [INFO]    [PING OK] FI | VLESS | 3886ms
2026-02-26 04:40:53 [INFO]    [PING OK] DE | VLESS | 3993ms
2026-02-26 04:40:53 [INFO]    [PING OK] HU | VLESS | 4034ms
2026-02-26 04:40:53 [INFO]    [PING OK] DE | VLESS | 4178ms
2026-02-26 04:40:53 [INFO]    [PING OK] CH | VLESS | 6322ms
2026-02-26 04:40:53 [INFO]    [PING OK] DE | VLESS | 4940ms
2026-02-26 04:40:54 [INFO]    [PING OK] FI | VLESS | 4209ms
2026-02-26 04:40:54 [INFO]    [PING OK] NL | VLESS | 4280ms
2026-02-26 04:40:54 [INFO]    [PING OK] ES | VLESS | 4277ms
2026-02-26 04:40:55 [INFO]    [PING OK] NL | VLESS | 4030ms
2026-02-26 04:40:55 [INFO]    [PING OK] PL | VLESS | 4140ms
2026-02-26 04:40:55 [INFO]    [PING OK] DE | VLESS | 4441ms
2026-02-26 04:40:55 [INFO]    [PING OK] US | VLESS | 4547ms
2026-02-26 04:40:56 [INFO]    [PING OK] IT | VLESS | 4087ms
2026-02-26 04:40:56 [INFO]    [PING OK] NL | VLESS | 4138ms
2026-02-26 04:40:56 [INFO]    [PING OK] IT | VLESS | 4056ms
2026-02-26 04:40:57 [INFO]    [PING OK] KZ | VLESS | 6023ms
2026-02-26 04:40:57 [INFO]    [PING OK] FI | VLESS | 6480ms
2026-02-26 04:40:57 [INFO]    [PING OK] PL | VLESS | 6734ms
2026-02-26 04:40:58 [INFO]    [PING OK] DE | VLESS | 3676ms
2026-02-26 04:40:58 [INFO]    [PING OK] DE | VLESS | 6200ms
2026-02-26 04:40:58 [INFO]    [PING OK] JP | VLESS | 4139ms
2026-02-26 04:40:58 [INFO]    [PING OK] FI | VLESS | 3787ms
2026-02-26 04:40:59 [INFO]    [PING OK] FI | VLESS | 4156ms
2026-02-26 04:40:59 [INFO]    [PING OK] US | VLESS | 4273ms
2026-02-26 04:40:59 [INFO]    [PING OK] PL | VLESS | 4184ms
2026-02-26 04:40:59 [INFO]    [PING OK] AE | VLESS | 4084ms
2026-02-26 04:41:00 [INFO]    [PING OK] PL | VLESS | 6770ms
2026-02-26 04:41:00 [INFO]    [PING OK] NO | VLESS | 4157ms
2026-02-26 04:41:00 [INFO]    [PING OK] FI | VLESS | 4159ms
2026-02-26 04:41:00 [INFO]    [PING OK] DE | VLESS | 4242ms
2026-02-26 04:41:00 [INFO]    [PING OK] US | VLESS | 4830ms
2026-02-26 04:41:00 [INFO]    [PING OK] NL | VLESS | 4424ms
2026-02-26 04:41:01 [INFO]    [PING OK] NL | VLESS | 4098ms
2026-02-26 04:41:01 [INFO]    [PING OK] IT | VLESS | 4206ms
2026-02-26 04:41:01 [INFO]    [PING OK] ES | VLESS | 4126ms
2026-02-26 04:41:02 [INFO]    [PING OK] ES | VLESS | 4276ms
2026-02-26 04:41:02 [INFO]    [PING OK] TR | VLESS | 4234ms
2026-02-26 04:41:02 [INFO]    [PING OK] FR | VLESS | 4101ms
2026-02-26 04:41:02 [INFO]    [PING OK] EE | VLESS | 4409ms
2026-02-26 04:41:02 [INFO]    [PING OK] ES | VLESS | 4547ms
2026-02-26 04:41:03 [INFO]    [PING OK] EE | VLESS | 4162ms
2026-02-26 04:41:03 [INFO]    [PING OK] NL | VLESS | 4278ms
2026-02-26 04:41:03 [INFO]    [PING OK] NL | VLESS | 4292ms
2026-02-26 04:41:03 [INFO]    [PING OK] IT | VLESS | 4437ms
2026-02-26 04:41:04 [INFO]    [PING OK] NL | VLESS | 4378ms
2026-02-26 04:41:04 [INFO]    [PING OK] PL | VLESS | 5456ms
2026-02-26 04:41:04 [INFO]    [PING OK] DE | VLESS | 4463ms
2026-02-26 04:41:04 [INFO]    [PING OK] NL | VLESS | 4112ms
2026-02-26 04:41:05 [INFO]    [PING OK] US | VLESS | 4673ms
2026-02-26 04:41:05 [INFO]    [PING OK] NL | VLESS | 4631ms
2026-02-26 04:41:06 [INFO]    [PING OK] HK | VLESS | 5028ms
2026-02-26 04:41:06 [INFO]    [PING OK] PL | VLESS | 4952ms
2026-02-26 04:41:06 [INFO]    [PING OK] DE | VLESS | 4634ms
2026-02-26 04:41:06 [INFO]    [PING OK] US | VLESS | 4430ms
2026-02-26 04:41:06 [INFO]    [PING OK] PL | VLESS | 4145ms
2026-02-26 04:41:07 [INFO]    [PING OK] DE | VLESS | 4474ms
2026-02-26 04:41:07 [INFO]    [PING OK] FI | VLESS | 4635ms
2026-02-26 04:41:07 [INFO]    [PING OK] NL | VLESS | 4713ms
2026-02-26 04:41:07 [INFO]    [PING OK] NL | VLESS | 4329ms
2026-02-26 04:41:07 [INFO]    [PING OK] PL | VLESS | 4111ms
2026-02-26 04:41:07 [INFO]    [PING OK] LV | VLESS | 4772ms
2026-02-26 04:41:07 [INFO]    [PING OK] KZ | VLESS | 4626ms
2026-02-26 04:41:08 [INFO]    [PING OK] NL | VLESS | 4520ms
2026-02-26 04:41:08 [INFO]    [PING OK] US | VLESS | 4147ms
2026-02-26 04:41:08 [INFO]    [PING OK] DE | VLESS | 4132ms
2026-02-26 04:41:09 [INFO]    [PING OK] PL | VLESS | 4877ms
2026-02-26 04:41:09 [INFO]    [PING OK] US | VLESS | 5179ms
2026-02-26 04:41:09 [INFO]    [PING OK] DE | VLESS | 5508ms
2026-02-26 04:41:10 [INFO]    [PING OK] SE | VLESS | 5716ms
2026-02-26 04:41:10 [INFO]    [PING OK] FI | VLESS | 5351ms
2026-02-26 04:41:10 [INFO]    [PING OK] NL | VLESS | 5229ms
2026-02-26 04:41:10 [INFO]    [PING OK] FI | VLESS | 4684ms
2026-02-26 04:41:11 [INFO]    [PING OK] KZ | VLESS | 4614ms
2026-02-26 04:41:11 [INFO]    [PING OK] FI | VLESS | 4338ms
2026-02-26 04:41:11 [INFO]    [PING OK] LV | VLESS | 4578ms
2026-02-26 04:41:11 [INFO]    [PING OK] SE | VLESS | 4884ms
2026-02-26 04:41:11 [INFO]    [PING OK] EE | VLESS | 4888ms
2026-02-26 04:41:12 [INFO]    [PING OK] US | VLESS | 5690ms
2026-02-26 04:41:14 [INFO]    [PING OK] NL | VLESS | 5312ms
2026-02-26 04:41:14 [INFO]    [PING OK] LV | VLESS | 4535ms
2026-02-26 04:41:15 [INFO]    [PING OK] NL | VLESS | 4889ms
2026-02-26 04:41:15 [INFO]    [PING OK] SG | VLESS | 4965ms
2026-02-26 04:41:15 [INFO]    [PING OK] DE | VLESS | 3973ms
2026-02-26 04:41:15 [INFO]    [PING OK] TW | VLESS | 5038ms
2026-02-26 04:41:15 [INFO]    [PING OK] LV | VLESS | 5967ms
2026-02-26 04:41:15 [INFO]    [PING OK] FR | VLESS | 4191ms
2026-02-26 04:41:16 [INFO]    [PING OK] DE | VLESS | 3295ms
2026-02-26 04:41:16 [INFO]    [PING OK] US | VLESS | 2462ms
2026-02-26 04:41:18 [INFO]    [PING OK] SG | VLESS | 5957ms
2026-02-26 04:41:21 [INFO] 🏎️ ЭТАП 2: Глубокий замер скорости для 40 иностранных кандидатов...
2026-02-26 04:41:25 [INFO]    🏆 DE | VLESS | Пинг: 3295ms | Скорость: 6.06 Mbps ⚡⚡
2026-02-26 04:41:25 [INFO]    🏆 NL | VLESS | Пинг: 3866ms | Скорость: 6.48 Mbps ⚡⚡
2026-02-26 04:41:25 [INFO]    🏆 DE | VLESS | Пинг: 3676ms | Скорость: 6.07 Mbps ⚡⚡
2026-02-26 04:41:25 [INFO]    🏆 FI | VLESS | Пинг: 3787ms | Скорость: 6.04 Mbps ⚡⚡
2026-02-26 04:41:25 [INFO]    🏆 PL | VLESS | Пинг: 3640ms | Скорость: 5.9 Mbps ⚡⚡
2026-02-26 04:41:25 [INFO]    🏆 NL | VLESS | Пинг: 3806ms | Скорость: 6.06 Mbps ⚡⚡
2026-02-26 04:41:25 [INFO]    🏆 NL | VLESS | Пинг: 3815ms | Скорость: 6.16 Mbps ⚡⚡
2026-02-26 04:41:25 [INFO]    🏆 DE | VLESS | Пинг: 3427ms | Скорость: 5.83 Mbps ⚡⚡
2026-02-26 04:41:25 [INFO]    🏆 PL | VLESS | Пинг: 3712ms | Скорость: 5.92 Mbps ⚡⚡
2026-02-26 04:41:25 [INFO]    🏆 HU | VLESS | Пинг: 3802ms | Скорость: 6.02 Mbps ⚡⚡
2026-02-26 04:41:25 [INFO]    🏆 NL | VLESS | Пинг: 3669ms | Скорость: 5.76 Mbps ⚡⚡
2026-02-26 04:41:25 [INFO]    🏆 FI | VLESS | Пинг: 3847ms | Скорость: 6.01 Mbps ⚡⚡
2026-02-26 04:41:25 [INFO]    🏆 LV | VLESS | Пинг: 3524ms | Скорость: 5.7 Mbps ⚡⚡
2026-02-26 04:41:25 [INFO]    🏆 NL | VLESS | Пинг: 3856ms | Скорость: 5.96 Mbps ⚡⚡
2026-02-26 04:41:26 [INFO]    🏆 US | VLESS | Пинг: 2462ms | Скорость: 4.47 Mbps ⚡⚡
2026-02-26 04:41:28 [INFO]    🏆 FI | VLESS | Пинг: 3886ms | Скорость: 7.73 Mbps ⚡⚡
2026-02-26 04:41:28 [INFO]    🏆 DE | VLESS | Пинг: 3882ms | Скорость: 7.66 Mbps ⚡⚡
2026-02-26 04:41:28 [INFO]    🏆 DE | VLESS | Пинг: 3894ms | Скорость: 7.29 Mbps ⚡⚡
2026-02-26 04:41:29 [INFO]    🏆 FI | VLESS | Пинг: 4028ms | Скорость: 6.98 Mbps ⚡⚡
2026-02-26 04:41:29 [INFO]    🏆 NL | VLESS | Пинг: 4030ms | Скорость: 6.87 Mbps ⚡⚡
2026-02-26 04:41:29 [INFO]    🏆 HU | VLESS | Пинг: 3926ms | Скорость: 6.8 Mbps ⚡⚡
2026-02-26 04:41:29 [INFO]    🏆 DE | VLESS | Пинг: 3993ms | Скорость: 6.79 Mbps ⚡⚡
2026-02-26 04:41:29 [INFO]    🏆 DE | VLESS | Пинг: 3973ms | Скорость: 6.78 Mbps ⚡⚡
2026-02-26 04:41:29 [INFO]    🏆 PL | VLESS | Пинг: 4044ms | Скорость: 6.83 Mbps ⚡⚡
2026-02-26 04:41:29 [INFO]    🏆 HU | VLESS | Пинг: 4034ms | Скорость: 6.81 Mbps ⚡⚡
2026-02-26 04:41:29 [INFO]    🏆 DE | VLESS | Пинг: 4033ms | Скорость: 6.7 Mbps ⚡⚡
2026-02-26 04:41:29 [INFO]    🏆 PL | VLESS | Пинг: 4045ms | Скорость: 6.72 Mbps ⚡⚡
2026-02-26 04:41:29 [INFO]    🏆 FR | VLESS | Пинг: 4013ms | Скорость: 6.49 Mbps ⚡⚡
2026-02-26 04:41:29 [INFO]    🏆 IT | VLESS | Пинг: 4056ms | Скорость: 8.99 Mbps ⚡⚡
2026-02-26 04:41:31 [INFO]    🏆 PL | VLESS | Пинг: 4081ms | Скорость: 13.33 Mbps ⚡⚡
2026-02-26 04:41:31 [INFO]    🏆 NL | VLESS | Пинг: 4074ms | Скорость: 12.73 Mbps ⚡⚡
2026-02-26 04:41:31 [INFO]    🏆 IT | VLESS | Пинг: 4087ms | Скорость: 11.32 Mbps ⚡⚡
2026-02-26 04:41:31 [INFO]    🏆 PL | VLESS | Пинг: 4111ms | Скорость: 10.63 Mbps ⚡⚡
2026-02-26 04:41:31 [INFO]    🏆 NL | VLESS | Пинг: 4098ms | Скорость: 10.41 Mbps ⚡⚡
2026-02-26 04:41:32 [INFO]    🏆 IT | VLESS | Пинг: 4117ms | Скорость: 10.37 Mbps ⚡⚡
2026-02-26 04:41:32 [INFO]    🏆 ES | VLESS | Пинг: 4126ms | Скорость: 9.72 Mbps ⚡⚡
2026-02-26 04:41:32 [INFO]    🏆 AE | VLESS | Пинг: 4084ms | Скорость: 7.77 Mbps ⚡⚡
2026-02-26 04:41:32 [INFO]    🏆 NL | VLESS | Пинг: 4112ms | Скорость: 8.89 Mbps ⚡⚡
2026-02-26 04:41:33 [INFO] 📊 Итого в подписке сохранено иностранных серверов: 10
2026-02-26 04:41:33 [INFO] 💾 Файл успешно сохранен: FL1PVPN
