2026-02-16 08:27:45 [INFO] 🚀 START: Smart VLESS Selector (Target: 10, Strict Mode)
2026-02-16 08:27:45 [INFO] 🌐 Загрузка источников...
2026-02-16 08:27:48 [INFO] 🔍 Уникальных конфигов собрано: 434
2026-02-16 08:27:48 [INFO] ⚡ ЭТАП 1: Быстрый замер Пинга (Workers: 25)...
2026-02-16 08:27:49 [INFO]    [PING OK] FR | 430ms
2026-02-16 08:27:51 [INFO]    [PING OK] FR | 254ms
2026-02-16 08:27:53 [INFO]    [PING OK] DE | 187ms
2026-02-16 08:27:56 [INFO]    [PING OK] ES | 1210ms
2026-02-16 08:27:57 [INFO]    [PING OK] DE | 143ms
2026-02-16 08:27:59 [INFO]    [PING OK] DE | 196ms
2026-02-16 08:28:00 [INFO]    [PING OK] DE | 184ms
2026-02-16 08:28:00 [INFO]    [PING OK] US | 3258ms
2026-02-16 08:28:02 [INFO]    [PING OK] DE | 211ms
2026-02-16 08:28:02 [INFO]    [PING OK] NL | 140ms
2026-02-16 08:28:03 [INFO]    [PING OK] GR | 100ms
2026-02-16 08:28:04 [INFO]    [PING OK] DE | 135ms
2026-02-16 08:28:05 [INFO]    [PING OK] RU | 159ms
2026-02-16 08:28:05 [INFO]    [PING OK] US | 1301ms
2026-02-16 08:28:06 [INFO]    [PING OK] RU | 1060ms
2026-02-16 08:28:06 [INFO]    [PING OK] RU | 1298ms
2026-02-16 08:28:06 [INFO]    [PING OK] RU | 197ms
2026-02-16 08:28:06 [INFO]    [PING OK] RU | 390ms
2026-02-16 08:28:06 [INFO]    [PING OK] RU | 212ms
2026-02-16 08:28:06 [INFO]    [PING OK] PL | 164ms
2026-02-16 08:28:07 [INFO]    [PING OK] RU | 165ms
2026-02-16 08:28:07 [INFO]    [PING OK] RU | 269ms
2026-02-16 08:28:07 [INFO]    [PING OK] RU | 317ms
2026-02-16 08:28:07 [INFO]    [PING OK] FI | 447ms
2026-02-16 08:28:07 [INFO]    [PING OK] RU | 73ms
2026-02-16 08:28:07 [INFO]    [PING OK] PL | 181ms
2026-02-16 08:28:07 [INFO]    [PING OK] RU | 239ms
2026-02-16 08:28:08 [INFO]    [PING OK] EE | 978ms
2026-02-16 08:28:08 [INFO]    [PING OK] RU | 830ms
2026-02-16 08:28:08 [INFO]    [PING OK] RU | 259ms
2026-02-16 08:28:08 [INFO]    [PING OK] RU | 266ms
2026-02-16 08:28:08 [INFO]    [PING OK] RU | 232ms
2026-02-16 08:28:08 [INFO]    [PING OK] RU | 228ms
2026-02-16 08:28:08 [INFO]    [PING OK] RU | 625ms
2026-02-16 08:28:08 [INFO]    [PING OK] RU | 641ms
2026-02-16 08:28:09 [INFO]    [PING OK] RU | 254ms
2026-02-16 08:28:09 [INFO]    [PING OK] RU | 250ms
2026-02-16 08:28:09 [INFO]    [PING OK] RU | 411ms
2026-02-16 08:28:09 [INFO]    [PING OK] RU | 182ms
2026-02-16 08:28:09 [INFO]    [PING OK] NL | 1344ms
2026-02-16 08:28:09 [INFO]    [PING OK] RU | 249ms
2026-02-16 08:28:10 [INFO]    [PING OK] RU | 108ms
2026-02-16 08:28:10 [INFO]    [PING OK] RU | 273ms
2026-02-16 08:28:10 [INFO]    [PING OK] RU | 2337ms
2026-02-16 08:28:10 [INFO]    [PING OK] RU | 3112ms
2026-02-16 08:28:10 [INFO]    [PING OK] RU | 135ms
2026-02-16 08:28:11 [INFO]    [PING OK] PL | 153ms
2026-02-16 08:28:11 [INFO]    [PING OK] RU | 3930ms
2026-02-16 08:28:11 [INFO]    [PING OK] RU | 457ms
2026-02-16 08:28:11 [INFO]    [PING OK] RU | 2442ms
2026-02-16 08:28:11 [INFO]    [PING OK] RU | 72ms
2026-02-16 08:28:12 [INFO]    [PING OK] GB | 315ms
2026-02-16 08:28:12 [INFO]    [PING OK] RU | 152ms
2026-02-16 08:28:12 [INFO]    [PING OK] RU | 330ms
2026-02-16 08:28:12 [INFO]    [PING OK] RU | 178ms
2026-02-16 08:28:12 [INFO]    [PING OK] RU | 305ms
2026-02-16 08:28:12 [INFO]    [PING OK] RU | 4472ms
2026-02-16 08:28:12 [INFO]    [PING OK] RU | 114ms
2026-02-16 08:28:12 [INFO]    [PING OK] RU | 1900ms
2026-02-16 08:28:13 [INFO]    [PING OK] RU | 266ms
2026-02-16 08:28:13 [INFO]    [PING OK] RU | 166ms
2026-02-16 08:28:13 [INFO]    [PING OK] RU | 196ms
2026-02-16 08:28:13 [INFO]    [PING OK] RU | 354ms
2026-02-16 08:28:13 [INFO]    [PING OK] RU | 322ms
2026-02-16 08:28:13 [INFO]    [PING OK] RU | 83ms
2026-02-16 08:28:13 [INFO]    [PING OK] RU | 377ms
2026-02-16 08:28:13 [INFO]    [PING OK] RU | 524ms
2026-02-16 08:28:14 [INFO]    [PING OK] RU | 1196ms
2026-02-16 08:28:14 [INFO]    [PING OK] RU | 2213ms
2026-02-16 08:28:14 [INFO]    [PING OK] DE | 158ms
2026-02-16 08:28:14 [INFO]    [PING OK] RU | 453ms
2026-02-16 08:28:14 [INFO]    [PING OK] RU | 4194ms
2026-02-16 08:28:14 [INFO]    [PING OK] RU | 249ms
2026-02-16 08:28:14 [INFO]    [PING OK] RU | 360ms
2026-02-16 08:28:15 [INFO]    [PING OK] RU | 309ms
2026-02-16 08:28:15 [INFO]    [PING OK] RU | 365ms
2026-02-16 08:28:15 [INFO]    [PING OK] RU | 245ms
2026-02-16 08:28:15 [INFO]    [PING OK] RU | 212ms
2026-02-16 08:28:15 [INFO]    [PING OK] RU | 275ms
2026-02-16 08:28:15 [INFO]    [PING OK] RU | 1451ms
2026-02-16 08:28:15 [INFO]    [PING OK] RU | 292ms
2026-02-16 08:28:15 [INFO]    [PING OK] RU | 426ms
2026-02-16 08:28:16 [INFO]    [PING OK] RU | 3252ms
2026-02-16 08:28:16 [INFO]    [PING OK] RU | 3202ms
2026-02-16 08:28:16 [INFO]    [PING OK] RU | 2835ms
2026-02-16 08:28:16 [INFO]    [PING OK] RU | 228ms
2026-02-16 08:28:16 [INFO]    [PING OK] RU | 182ms
2026-02-16 08:28:16 [INFO]    [PING OK] RU | 1164ms
2026-02-16 08:28:16 [INFO]    [PING OK] RU | 1301ms
2026-02-16 08:28:16 [INFO]    [PING OK] RU | 261ms
2026-02-16 08:28:16 [INFO]    [PING OK] RU | 754ms
2026-02-16 08:28:16 [INFO]    [PING OK] RU | 177ms
2026-02-16 08:28:16 [INFO]    [PING OK] RU | 189ms
2026-02-16 08:28:17 [INFO]    [PING OK] RU | 255ms
2026-02-16 08:28:17 [INFO]    [PING OK] RU | 316ms
2026-02-16 08:28:17 [INFO]    [PING OK] RU | 286ms
2026-02-16 08:28:17 [INFO]    [PING OK] RU | 274ms
2026-02-16 08:28:18 [INFO]    [PING OK] RU | 899ms
2026-02-16 08:28:18 [INFO]    [PING OK] RU | 2830ms
2026-02-16 08:28:18 [INFO]    [PING OK] RU | 2079ms
2026-02-16 08:28:18 [INFO]    [PING OK] RU | 228ms
2026-02-16 08:28:18 [INFO]    [PING OK] RU | 1009ms
2026-02-16 08:28:18 [INFO]    [PING OK] RU | 290ms
2026-02-16 08:28:18 [INFO]    [PING OK] RU | 263ms
2026-02-16 08:28:18 [INFO]    [PING OK] RU | 2355ms
2026-02-16 08:28:18 [INFO]    [PING OK] RU | 162ms
2026-02-16 08:28:18 [INFO]    [PING OK] RU | 222ms
2026-02-16 08:28:19 [INFO]    [PING OK] RU | 188ms
2026-02-16 08:28:19 [INFO]    [PING OK] RU | 254ms
2026-02-16 08:28:19 [INFO]    [PING OK] RU | 1262ms
2026-02-16 08:28:19 [INFO]    [PING OK] RU | 250ms
2026-02-16 08:28:19 [INFO]    [PING OK] RU | 280ms
2026-02-16 08:28:19 [INFO]    [PING OK] RU | 237ms
2026-02-16 08:28:20 [INFO]    [PING OK] RU | 257ms
2026-02-16 08:28:20 [INFO]    [PING OK] RU | 914ms
2026-02-16 08:28:20 [INFO]    [PING OK] RU | 480ms
2026-02-16 08:28:20 [INFO]    [PING OK] RU | 4255ms
2026-02-16 08:28:20 [INFO]    [PING OK] RU | 357ms
2026-02-16 08:28:20 [INFO]    [PING OK] RU | 3409ms
2026-02-16 08:28:20 [INFO]    [PING OK] RU | 706ms
2026-02-16 08:28:20 [INFO]    [PING OK] RU | 411ms
2026-02-16 08:28:20 [INFO]    [PING OK] RU | 580ms
2026-02-16 08:28:20 [INFO]    [PING OK] RU | 258ms
2026-02-16 08:28:21 [INFO]    [PING OK] RU | 269ms
2026-02-16 08:28:21 [INFO]    [PING OK] RU | 293ms
2026-02-16 08:28:21 [INFO]    [PING OK] RU | 765ms
2026-02-16 08:28:21 [INFO]    [PING OK] RU | 264ms
2026-02-16 08:28:21 [INFO]    [PING OK] RU | 1755ms
2026-02-16 08:28:21 [INFO]    [PING OK] RU | 4469ms
2026-02-16 08:28:21 [INFO]    [PING OK] RU | 211ms
2026-02-16 08:28:21 [INFO]    [PING OK] RU | 77ms
2026-02-16 08:28:21 [INFO]    [PING OK] RU | 336ms
2026-02-16 08:28:21 [INFO]    [PING OK] RU | 780ms
2026-02-16 08:28:22 [INFO]    [PING OK] RU | 533ms
2026-02-16 08:28:22 [INFO]    [PING OK] NL | 211ms
2026-02-16 08:28:22 [INFO]    [PING OK] RU | 1250ms
2026-02-16 08:28:22 [INFO]    [PING OK] NL | 152ms
2026-02-16 08:28:23 [INFO]    [PING OK] JP | 1227ms
2026-02-16 08:28:23 [INFO]    [PING OK] FI | 210ms
2026-02-16 08:28:24 [INFO]    [PING OK] DE | 807ms
2026-02-16 08:28:24 [INFO]    [PING OK] RU | 2627ms
2026-02-16 08:28:24 [INFO]    [PING OK] DE | 208ms
2026-02-16 08:28:25 [INFO]    [PING OK] GB | 570ms
2026-02-16 08:28:27 [INFO]    [PING OK] MD | 144ms
2026-02-16 08:28:27 [INFO]    [PING OK] SG | 3352ms
2026-02-16 08:28:27 [INFO]    [PING OK] DE | 511ms
2026-02-16 08:28:28 [INFO]    [PING OK] GB | 4330ms
2026-02-16 08:28:28 [INFO]    [PING OK] DE | 3433ms
2026-02-16 08:28:28 [INFO]    [PING OK] US | 444ms
2026-02-16 08:28:29 [INFO]    [PING OK] TR | 506ms
2026-02-16 08:28:29 [INFO]    [PING OK] CH | 531ms
2026-02-16 08:28:30 [INFO]    [PING OK] DE | 151ms
2026-02-16 08:28:30 [INFO]    [PING OK] TR | 460ms
2026-02-16 08:28:30 [INFO]    [PING OK] NL | 192ms
2026-02-16 08:28:30 [INFO]    [PING OK] DE | 501ms
2026-02-16 08:28:31 [INFO]    [PING OK] GB | 162ms
2026-02-16 08:28:31 [INFO]    [PING OK] LV | 171ms
2026-02-16 08:28:32 [INFO]    [PING OK] NL | 393ms
2026-02-16 08:28:32 [INFO]    [PING OK] PL | 119ms
2026-02-16 08:28:32 [INFO]    [PING OK] RU | 299ms
2026-02-16 08:28:33 [INFO]    [PING OK] DE | 165ms
2026-02-16 08:28:34 [INFO]    [PING OK] DE | 813ms
2026-02-16 08:28:34 [INFO]    [PING OK] FI | 432ms
2026-02-16 08:28:34 [INFO]    [PING OK] DE | 339ms
2026-02-16 08:28:34 [INFO]    [PING OK] NL | 368ms
2026-02-16 08:28:34 [INFO]    [PING OK] CY | 382ms
2026-02-16 08:28:35 [INFO]    [PING OK] CY | 606ms
2026-02-16 08:28:36 [INFO]    [PING OK] RU | 1814ms
2026-02-16 08:28:37 [INFO]    [PING OK] RU | 4073ms
2026-02-16 08:28:38 [INFO]    [PING OK] IQ | 3630ms
2026-02-16 08:28:40 [INFO] 🏎️ ЭТАП 2: Глубокий замер скорости для ТОП-10 серверов...
2026-02-16 08:28:48 [INFO]    🏆 GR | Пинг: 100ms | Скорость: 8.53 Mbps ⚡⚡
2026-02-16 08:28:48 [INFO]    🏆 PL | Пинг: 119ms | Скорость: 8.32 Mbps ⚡⚡
2026-02-16 08:28:48 [INFO]    🏆 DE | Пинг: 135ms | Скорость: 8.43 Mbps ⚡⚡
2026-02-16 08:28:48 [INFO]    🏆 NL | Пинг: 140ms | Скорость: 8.54 Mbps ⚡⚡
2026-02-16 08:28:48 [INFO]    🏆 DE | Пинг: 143ms | Скорость: 8.73 Mbps ⚡⚡
2026-02-16 08:28:48 [INFO]    🏆 MD | Пинг: 144ms | Скорость: 8.68 Mbps ⚡⚡
2026-02-16 08:28:48 [INFO]    🏆 DE | Пинг: 151ms | Скорость: 0.0 Mbps 
2026-02-16 08:28:48 [INFO]    🏆 NL | Пинг: 152ms | Скорость: 0.0 Mbps 
2026-02-16 08:28:48 [INFO]    🏆 PL | Пинг: 153ms | Скорость: 8.83 Mbps ⚡⚡
2026-02-16 08:28:48 [INFO]    🏆 RU | Пинг: 72ms | Скорость: 8.87 Mbps ⚡⚡
2026-02-16 08:28:48 [INFO] 🇷🇺 Добавлен RU сервер: 95.163.211.158
2026-02-16 08:28:48 [INFO] 📊 Итого в подписке сохранено: 10 серверов
2026-02-16 08:28:48 [INFO] 💾 Файл успешно сохранен: FL1PVPN
