2026-02-19 02:40:06 [INFO] 🚀 START: Smart VLESS Selector (Target: 10, Strict Mode)
2026-02-19 02:40:06 [INFO] 🌐 Загрузка источников...
2026-02-19 02:40:09 [INFO] 🔍 Уникальных конфигов собрано: 701
2026-02-19 02:40:09 [INFO] ⚡ ЭТАП 1: Быстрый замер Пинга (Workers: 25)...
2026-02-19 02:40:10 [INFO]    [PING OK] LV | 164ms
2026-02-19 02:40:10 [INFO]    [PING OK] RU | 289ms
2026-02-19 02:40:10 [INFO]    [PING OK] RU | 484ms
2026-02-19 02:40:11 [INFO]    [PING OK] JP | 987ms
2026-02-19 02:40:11 [INFO]    [PING OK] SE | 166ms
2026-02-19 02:40:12 [INFO]    [PING OK] US | 604ms
2026-02-19 02:40:12 [INFO]    [PING OK] RU | 102ms
2026-02-19 02:40:13 [INFO]    [PING OK] LT | 2423ms
2026-02-19 02:40:13 [INFO]    [PING OK] US | 792ms
2026-02-19 02:40:14 [INFO]    [PING OK] DE | 132ms
2026-02-19 02:40:15 [INFO]    [PING OK] DE | 483ms
2026-02-19 02:40:15 [INFO]    [PING OK] DE | 768ms
2026-02-19 02:40:16 [INFO]    [PING OK] DE | 318ms
2026-02-19 02:40:17 [INFO]    [PING OK] US | 2930ms
2026-02-19 02:40:17 [INFO]    [PING OK] DE | 175ms
2026-02-19 02:40:19 [INFO]    [PING OK] RU | 184ms
2026-02-19 02:40:19 [INFO]    [PING OK] IT | 573ms
2026-02-19 02:40:20 [INFO]    [PING OK] RU | 146ms
2026-02-19 02:40:21 [INFO]    [PING OK] RU | 221ms
2026-02-19 02:40:21 [INFO]    [PING OK] RU | 195ms
2026-02-19 02:40:21 [INFO]    [PING OK] RU | 799ms
2026-02-19 02:40:21 [INFO]    [PING OK] RU | 316ms
2026-02-19 02:40:22 [INFO]    [PING OK] RU | 489ms
2026-02-19 02:40:22 [INFO]    [PING OK] RU | 357ms
2026-02-19 02:40:22 [INFO]    [PING OK] RU | 661ms
2026-02-19 02:40:23 [INFO]    [PING OK] RU | 253ms
2026-02-19 02:40:23 [INFO]    [PING OK] RU | 185ms
2026-02-19 02:40:23 [INFO]    [PING OK] RU | 251ms
2026-02-19 02:40:23 [INFO]    [PING OK] RU | 213ms
2026-02-19 02:40:23 [INFO]    [PING OK] RU | 2534ms
2026-02-19 02:40:24 [INFO]    [PING OK] RU | 1287ms
2026-02-19 02:40:24 [INFO]    [PING OK] RU | 296ms
2026-02-19 02:40:24 [INFO]    [PING OK] RU | 295ms
2026-02-19 02:40:24 [INFO]    [PING OK] RU | 286ms
2026-02-19 02:40:24 [INFO]    [PING OK] RU | 89ms
2026-02-19 02:40:24 [INFO]    [PING OK] RU | 186ms
2026-02-19 02:40:24 [INFO]    [PING OK] RU | 114ms
2026-02-19 02:40:24 [INFO]    [PING OK] RU | 195ms
2026-02-19 02:40:25 [INFO]    [PING OK] RU | 230ms
2026-02-19 02:40:25 [INFO]    [PING OK] RU | 456ms
2026-02-19 02:40:25 [INFO]    [PING OK] RU | 306ms
2026-02-19 02:40:25 [INFO]    [PING OK] RU | 272ms
2026-02-19 02:40:25 [INFO]    [PING OK] RU | 1740ms
2026-02-19 02:40:25 [INFO]    [PING OK] RU | 1578ms
2026-02-19 02:40:25 [INFO]    [PING OK] RU | 265ms
2026-02-19 02:40:25 [INFO]    [PING OK] RU | 329ms
2026-02-19 02:40:25 [INFO]    [PING OK] RU | 577ms
2026-02-19 02:40:25 [INFO]    [PING OK] RU | 247ms
2026-02-19 02:40:26 [INFO]    [PING OK] RU | 316ms
2026-02-19 02:40:26 [INFO]    [PING OK] RU | 209ms
2026-02-19 02:40:26 [INFO]    [PING OK] RU | 142ms
2026-02-19 02:40:26 [INFO]    [PING OK] RU | 228ms
2026-02-19 02:40:26 [INFO]    [PING OK] RU | 218ms
2026-02-19 02:40:26 [INFO]    [PING OK] RU | 1142ms
2026-02-19 02:40:26 [INFO]    [PING OK] RU | 238ms
2026-02-19 02:40:26 [INFO]    [PING OK] RU | 182ms
2026-02-19 02:40:26 [INFO]    [PING OK] RU | 230ms
2026-02-19 02:40:26 [INFO]    [PING OK] DE | 272ms
2026-02-19 02:40:27 [INFO]    [PING OK] RU | 235ms
2026-02-19 02:40:27 [INFO]    [PING OK] RU | 231ms
2026-02-19 02:40:27 [INFO]    [PING OK] RU | 212ms
2026-02-19 02:40:27 [INFO]    [PING OK] RU | 50ms
2026-02-19 02:40:27 [INFO]    [PING OK] RU | 434ms
2026-02-19 02:40:27 [INFO]    [PING OK] DE | 1890ms
2026-02-19 02:40:27 [INFO]    [PING OK] RU | 93ms
2026-02-19 02:40:27 [INFO]    [PING OK] RU | 230ms
2026-02-19 02:40:27 [INFO]    [PING OK] RU | 487ms
2026-02-19 02:40:27 [INFO]    [PING OK] RU | 222ms
2026-02-19 02:40:27 [INFO]    [PING OK] RU | 148ms
2026-02-19 02:40:28 [INFO]    [PING OK] RU | 277ms
2026-02-19 02:40:28 [INFO]    [PING OK] RU | 191ms
2026-02-19 02:40:28 [INFO]    [PING OK] RU | 57ms
2026-02-19 02:40:28 [INFO]    [PING OK] RU | 152ms
2026-02-19 02:40:28 [INFO]    [PING OK] RU | 741ms
2026-02-19 02:40:28 [INFO]    [PING OK] RU | 286ms
2026-02-19 02:40:28 [INFO]    [PING OK] RU | 566ms
2026-02-19 02:40:28 [INFO]    [PING OK] RU | 286ms
2026-02-19 02:40:28 [INFO]    [PING OK] RU | 649ms
2026-02-19 02:40:29 [INFO]    [PING OK] MD | 181ms
2026-02-19 02:40:29 [INFO]    [PING OK] RU | 4423ms
2026-02-19 02:40:29 [INFO]    [PING OK] DE | 210ms
2026-02-19 02:40:30 [INFO]    [PING OK] NL | 219ms
2026-02-19 02:40:30 [INFO]    [PING OK] FR | 808ms
2026-02-19 02:40:30 [INFO]    [PING OK] US | 403ms
2026-02-19 02:40:31 [INFO]    [PING OK] CY | 405ms
2026-02-19 02:40:31 [INFO]    [PING OK] RU | 4285ms
2026-02-19 02:40:31 [INFO]    [PING OK] RU | 4156ms
2026-02-19 02:40:32 [INFO]    [PING OK] US | 629ms
2026-02-19 02:40:33 [INFO]    [PING OK] NL | 195ms
2026-02-19 02:40:33 [INFO]    [PING OK] AT | 215ms
2026-02-19 02:40:33 [INFO]    [PING OK] CZ | 604ms
2026-02-19 02:40:34 [INFO]    [PING OK] LV | 314ms
2026-02-19 02:40:34 [INFO]    [PING OK] NL | 209ms
2026-02-19 02:40:36 [INFO]    [PING OK] IT | 519ms
2026-02-19 02:40:36 [INFO]    [PING OK] HU | 313ms
2026-02-19 02:40:37 [INFO]    [PING OK] UZ | 282ms
2026-02-19 02:40:37 [INFO]    [PING OK] NL | 188ms
2026-02-19 02:40:37 [INFO]    [PING OK] FI | 120ms
2026-02-19 02:40:39 [INFO]    [PING OK] CY | 414ms
2026-02-19 02:40:40 [INFO]    [PING OK] DE | 166ms
2026-02-19 02:41:06 [INFO] 🏎️ ЭТАП 2: Глубокий замер скорости для ТОП-10 серверов...
2026-02-19 02:41:10 [INFO]    🏆 FI | Пинг: 120ms | Скорость: 7.94 Mbps ⚡⚡
2026-02-19 02:41:10 [INFO]    🏆 DE | Пинг: 132ms | Скорость: 7.73 Mbps ⚡⚡
2026-02-19 02:41:10 [INFO]    🏆 LV | Пинг: 164ms | Скорость: 7.96 Mbps ⚡⚡
2026-02-19 02:41:10 [INFO]    🏆 SE | Пинг: 166ms | Скорость: 7.99 Mbps ⚡⚡
2026-02-19 02:41:10 [INFO]    🏆 DE | Пинг: 166ms | Скорость: 8.02 Mbps ⚡⚡
2026-02-19 02:41:10 [INFO]    🏆 DE | Пинг: 175ms | Скорость: 7.83 Mbps ⚡⚡
2026-02-19 02:41:10 [INFO]    🏆 MD | Пинг: 181ms | Скорость: 6.19 Mbps ⚡⚡
2026-02-19 02:41:10 [INFO]    🏆 NL | Пинг: 188ms | Скорость: 7.86 Mbps ⚡⚡
2026-02-19 02:41:10 [INFO]    🏆 NL | Пинг: 195ms | Скорость: 0.0 Mbps 
2026-02-19 02:41:10 [INFO]    🏆 RU | Пинг: 50ms | Скорость: 8.07 Mbps ⚡⚡
2026-02-19 02:41:10 [INFO] 🇷🇺 Добавлен RU сервер: 87.242.103.184
2026-02-19 02:41:10 [INFO] 📊 Итого в подписке сохранено: 10 серверов
2026-02-19 02:41:10 [INFO] 💾 Файл успешно сохранен: FL1PVPN
