2026-02-16 00:57:59 [INFO] 🚀 START: Smart VLESS Selector (Target: 10, Strict Mode)
2026-02-16 00:57:59 [INFO] 🌐 Загрузка источников...
2026-02-16 00:58:02 [INFO] 🔍 Уникальных конфигов собрано: 367
2026-02-16 00:58:02 [INFO] ⚡ ЭТАП 1: Быстрый замер Пинга (Workers: 25)...
2026-02-16 00:58:03 [INFO]    [PING OK] RU | 199ms
2026-02-16 00:58:03 [INFO]    [PING OK] NL | 157ms
2026-02-16 00:58:03 [INFO]    [PING OK] BE | 216ms
2026-02-16 00:58:04 [INFO]    [PING OK] KZ | 1466ms
2026-02-16 00:58:05 [INFO]    [PING OK] DE | 349ms
2026-02-16 00:58:05 [INFO]    [PING OK] FR | 2599ms
2026-02-16 00:58:06 [INFO]    [PING OK] CH | 180ms
2026-02-16 00:58:06 [INFO]    [PING OK] DE | 138ms
2026-02-16 00:58:06 [INFO]    [PING OK] DE | 168ms
2026-02-16 00:58:08 [INFO]    [PING OK] NL | 147ms
2026-02-16 00:58:08 [INFO]    [PING OK] US | 803ms
2026-02-16 00:58:09 [INFO]    [PING OK] FR | 211ms
2026-02-16 00:58:09 [INFO]    [PING OK] DE | 576ms
2026-02-16 00:58:09 [INFO]    [PING OK] PL | 106ms
2026-02-16 00:58:09 [INFO]    [PING OK] NL | 162ms
2026-02-16 00:58:10 [INFO]    [PING OK] SG | 363ms
2026-02-16 00:58:11 [INFO]    [PING OK] DE | 162ms
2026-02-16 00:58:12 [INFO]    [PING OK] GR | 92ms
2026-02-16 00:58:13 [INFO]    [PING OK] DE | 168ms
2026-02-16 00:58:13 [INFO]    [PING OK] NL | 137ms
2026-02-16 00:58:13 [INFO]    [PING OK] RU | 53ms
2026-02-16 00:58:13 [INFO]    [PING OK] FR | 187ms
2026-02-16 00:58:14 [INFO]    [PING OK] RU | 85ms
2026-02-16 00:58:14 [INFO]    [PING OK] RU | 67ms
2026-02-16 00:58:14 [INFO]    [PING OK] RU | 231ms
2026-02-16 00:58:14 [INFO]    [PING OK] RU | 123ms
2026-02-16 00:58:14 [INFO]    [PING OK] RU | 236ms
2026-02-16 00:58:14 [INFO]    [PING OK] RU | 137ms
2026-02-16 00:58:15 [INFO]    [PING OK] RU | 150ms
2026-02-16 00:58:15 [INFO]    [PING OK] RU | 198ms
2026-02-16 00:58:15 [INFO]    [PING OK] RU | 1811ms
2026-02-16 00:58:15 [INFO]    [PING OK] DE | 146ms
2026-02-16 00:58:15 [INFO]    [PING OK] RU | 77ms
2026-02-16 00:58:15 [INFO]    [PING OK] RU | 70ms
2026-02-16 00:58:15 [INFO]    [PING OK] RU | 211ms
2026-02-16 00:58:15 [INFO]    [PING OK] RU | 86ms
2026-02-16 00:58:16 [INFO]    [PING OK] RU | 65ms
2026-02-16 00:58:16 [INFO]    [PING OK] RU | 75ms
2026-02-16 00:58:16 [INFO]    [PING OK] RU | 245ms
2026-02-16 00:58:16 [INFO]    [PING OK] RU | 336ms
2026-02-16 00:58:16 [INFO]    [PING OK] RU | 133ms
2026-02-16 00:58:16 [INFO]    [PING OK] RU | 133ms
2026-02-16 00:58:16 [INFO]    [PING OK] RU | 57ms
2026-02-16 00:58:16 [INFO]    [PING OK] RU | 79ms
2026-02-16 00:58:16 [INFO]    [PING OK] RU | 198ms
2026-02-16 00:58:16 [INFO]    [PING OK] RU | 42ms
2026-02-16 00:58:16 [INFO]    [PING OK] RU | 65ms
2026-02-16 00:58:17 [INFO]    [PING OK] RU | 223ms
2026-02-16 00:58:17 [INFO]    [PING OK] RU | 122ms
2026-02-16 00:58:17 [INFO]    [PING OK] RU | 150ms
2026-02-16 00:58:17 [INFO]    [PING OK] RU | 159ms
2026-02-16 00:58:17 [INFO]    [PING OK] RU | 68ms
2026-02-16 00:58:17 [INFO]    [PING OK] RU | 267ms
2026-02-16 00:58:17 [INFO]    [PING OK] RU | 284ms
2026-02-16 00:58:17 [INFO]    [PING OK] RU | 2461ms
2026-02-16 00:58:17 [INFO]    [PING OK] RU | 79ms
2026-02-16 00:58:18 [INFO]    [PING OK] RU | 62ms
2026-02-16 00:58:18 [INFO]    [PING OK] RU | 52ms
2026-02-16 00:58:18 [INFO]    [PING OK] RU | 87ms
2026-02-16 00:58:18 [INFO]    [PING OK] RU | 104ms
2026-02-16 00:58:18 [INFO]    [PING OK] HU | 306ms
2026-02-16 00:58:18 [INFO]    [PING OK] RU | 99ms
2026-02-16 00:58:18 [INFO]    [PING OK] RU | 197ms
2026-02-16 00:58:18 [INFO]    [PING OK] RU | 518ms
2026-02-16 00:58:18 [INFO]    [PING OK] RU | 361ms
2026-02-16 00:58:18 [INFO]    [PING OK] RU | 112ms
2026-02-16 00:58:18 [INFO]    [PING OK] HU | 314ms
2026-02-16 00:58:19 [INFO]    [PING OK] HU | 312ms
2026-02-16 00:58:19 [INFO]    [PING OK] RU | 167ms
2026-02-16 00:58:19 [INFO]    [PING OK] RU | 160ms
2026-02-16 00:58:19 [INFO]    [PING OK] RU | 252ms
2026-02-16 00:58:19 [INFO]    [PING OK] PL | 184ms
2026-02-16 00:58:19 [INFO]    [PING OK] RU | 206ms
2026-02-16 00:58:19 [INFO]    [PING OK] RU | 2310ms
2026-02-16 00:58:19 [INFO]    [PING OK] RU | 2598ms
2026-02-16 00:58:20 [INFO]    [PING OK] PL | 167ms
2026-02-16 00:58:20 [INFO]    [PING OK] NL | 1203ms
2026-02-16 00:58:20 [INFO]    [PING OK] RU | 110ms
2026-02-16 00:58:20 [INFO]    [PING OK] RU | 63ms
2026-02-16 00:58:20 [INFO]    [PING OK] RU | 80ms
2026-02-16 00:58:20 [INFO]    [PING OK] RU | 149ms
2026-02-16 00:58:20 [INFO]    [PING OK] RU | 138ms
2026-02-16 00:58:20 [INFO]    [PING OK] GB | 289ms
2026-02-16 00:58:20 [INFO]    [PING OK] RU | 207ms
2026-02-16 00:58:20 [INFO]    [PING OK] RU | 267ms
2026-02-16 00:58:20 [INFO]    [PING OK] RU | 224ms
2026-02-16 00:58:20 [INFO]    [PING OK] RU | 36ms
2026-02-16 00:58:21 [INFO]    [PING OK] RU | 104ms
2026-02-16 00:58:21 [INFO]    [PING OK] DE | 530ms
2026-02-16 00:58:21 [INFO]    [PING OK] RU | 194ms
2026-02-16 00:58:21 [INFO]    [PING OK] RU | 205ms
2026-02-16 00:58:21 [INFO]    [PING OK] RU | 171ms
2026-02-16 00:58:21 [INFO]    [PING OK] RU | 160ms
2026-02-16 00:58:21 [INFO]    [PING OK] RU | 227ms
2026-02-16 00:58:21 [INFO]    [PING OK] RU | 220ms
2026-02-16 00:58:21 [INFO]    [PING OK] RU | 356ms
2026-02-16 00:58:21 [INFO]    [PING OK] RU | 343ms
2026-02-16 00:58:21 [INFO]    [PING OK] RU | 221ms
2026-02-16 00:58:22 [INFO]    [PING OK] RU | 283ms
2026-02-16 00:58:22 [INFO]    [PING OK] RU | 255ms
2026-02-16 00:58:22 [INFO]    [PING OK] RU | 152ms
2026-02-16 00:58:22 [INFO]    [PING OK] RU | 241ms
2026-02-16 00:58:22 [INFO]    [PING OK] RU | 277ms
2026-02-16 00:58:22 [INFO]    [PING OK] RU | 302ms
2026-02-16 00:58:22 [INFO]    [PING OK] RU | 1026ms
2026-02-16 00:58:22 [INFO]    [PING OK] RU | 83ms
2026-02-16 00:58:22 [INFO]    [PING OK] RU | 343ms
2026-02-16 00:58:22 [INFO]    [PING OK] MD | 156ms
2026-02-16 00:58:22 [INFO]    [PING OK] GB | 277ms
2026-02-16 00:58:22 [INFO]    [PING OK] RU | 382ms
2026-02-16 00:58:23 [INFO]    [PING OK] DE | 173ms
2026-02-16 00:58:23 [INFO]    [PING OK] IQ | 152ms
2026-02-16 00:58:23 [INFO]    [PING OK] NL | 447ms
2026-02-16 00:58:24 [INFO]    [PING OK] DE | 192ms
2026-02-16 00:58:24 [INFO]    [PING OK] MD | 398ms
2026-02-16 00:58:24 [INFO]    [PING OK] GB | 532ms
2026-02-16 00:58:24 [INFO]    [PING OK] NL | 221ms
2026-02-16 00:58:24 [INFO]    [PING OK] RU | 176ms
2026-02-16 00:58:24 [INFO]    [PING OK] TR | 431ms
2026-02-16 00:58:24 [INFO]    [PING OK] DE | 158ms
2026-02-16 00:58:25 [INFO]    [PING OK] NL | 182ms
2026-02-16 00:58:25 [INFO]    [PING OK] NL | 167ms
2026-02-16 00:58:26 [INFO]    [PING OK] DE | 489ms
2026-02-16 00:58:26 [INFO]    [PING OK] FR | 857ms
2026-02-16 00:58:26 [INFO]    [PING OK] FI | 154ms
2026-02-16 00:58:27 [INFO]    [PING OK] LV | 164ms
2026-02-16 00:58:27 [INFO]    [PING OK] LV | 366ms
2026-02-16 00:58:27 [INFO]    [PING OK] ES | 1033ms
2026-02-16 00:58:27 [INFO]    [PING OK] GB | 3242ms
2026-02-16 00:58:28 [INFO]    [PING OK] DE | 145ms
2026-02-16 00:58:28 [INFO]    [PING OK] RU | 358ms
2026-02-16 00:58:28 [INFO]    [PING OK] SG | 123ms
2026-02-16 00:58:28 [INFO]    [PING OK] JP | 1156ms
2026-02-16 00:58:29 [INFO]    [PING OK] DE | 500ms
2026-02-16 00:58:33 [INFO] 🏎️ ЭТАП 2: Глубокий замер скорости для ТОП-10 серверов...
2026-02-16 00:58:37 [INFO]    🏆 GR | Пинг: 92ms | Скорость: 8.91 Mbps ⚡⚡
2026-02-16 00:58:37 [INFO]    🏆 PL | Пинг: 106ms | Скорость: 8.98 Mbps ⚡⚡
2026-02-16 00:58:37 [INFO]    🏆 SG | Пинг: 123ms | Скорость: 9.3 Mbps ⚡⚡
2026-02-16 00:58:37 [INFO]    🏆 NL | Пинг: 137ms | Скорость: 9.2 Mbps ⚡⚡
2026-02-16 00:58:37 [INFO]    🏆 DE | Пинг: 138ms | Скорость: 9.3 Mbps ⚡⚡
2026-02-16 00:58:37 [INFO]    🏆 DE | Пинг: 145ms | Скорость: 8.07 Mbps ⚡⚡
2026-02-16 00:58:37 [INFO]    🏆 DE | Пинг: 146ms | Скорость: 9.24 Mbps ⚡⚡
2026-02-16 00:58:37 [INFO]    🏆 NL | Пинг: 147ms | Скорость: 9.79 Mbps ⚡⚡
2026-02-16 00:58:37 [INFO]    🏆 IQ | Пинг: 152ms | Скорость: 9.66 Mbps ⚡⚡
2026-02-16 00:58:37 [INFO]    🏆 RU | Пинг: 36ms | Скорость: 0.0 Mbps 
2026-02-16 00:58:37 [INFO] 🇷🇺 Добавлен RU сервер: 95.163.211.158
2026-02-16 00:58:37 [INFO] 📊 Итого в подписке сохранено: 10 серверов
2026-02-16 00:58:37 [INFO] 💾 Файл успешно сохранен: FL1PVPN
