2026-02-25 08:20:05 [INFO] 🚀 START: Smart Selector (Target: 10, ONLY FOREIGN)
2026-02-25 08:20:05 [INFO] 🌐 Загрузка источников (VLESS + VMess)...
2026-02-25 08:20:06 [INFO] 🔍 Уникальных конфигов собрано: 165
2026-02-25 08:20:06 [INFO] ⚡ ЭТАП 1: Замер Пинга и Геолокации. Workers: 40...
2026-02-25 08:20:12 [INFO]    [PING OK] FI | VLESS | 4295ms
2026-02-25 08:20:12 [INFO]    [PING OK] DE | VLESS | 4121ms
2026-02-25 08:20:12 [INFO]    [PING OK] DE | VLESS | 4311ms
2026-02-25 08:20:12 [INFO]    [PING OK] DE | VLESS | 4484ms
2026-02-25 08:20:12 [INFO]    [PING OK] DE | VLESS | 4465ms
2026-02-25 08:20:12 [INFO]    [PING OK] FI | VLESS | 4706ms
2026-02-25 08:20:12 [INFO]    [PING OK] US | VLESS | 4572ms
2026-02-25 08:20:12 [INFO]    [PING OK] FI | VLESS | 4458ms
2026-02-25 08:20:13 [INFO]    [PING OK] NL | VLESS | 4532ms
2026-02-25 08:20:13 [INFO]    [PING OK] NL | VLESS | 4772ms
2026-02-25 08:20:13 [INFO]    [PING OK] NL | VLESS | 4578ms
2026-02-25 08:20:13 [INFO]    [PING OK] FI | VLESS | 4376ms
2026-02-25 08:20:13 [INFO]    [PING OK] FI | VLESS | 4063ms
2026-02-25 08:20:13 [INFO]    [PING OK] NL | VLESS | 6056ms
2026-02-25 08:20:14 [INFO]    [PING OK] US | VLESS | 4169ms
2026-02-25 08:20:14 [INFO]    [PING OK] NL | VLESS | 4229ms
2026-02-25 08:20:15 [INFO]    [PING OK] DE | VLESS | 6268ms
2026-02-25 08:20:15 [INFO]    [PING OK] FI | VLESS | 3885ms
2026-02-25 08:20:16 [INFO]    [PING OK] NL | VLESS | 3088ms
2026-02-25 08:20:16 [INFO]    [PING OK] DE | VLESS | 3027ms
2026-02-25 08:20:16 [INFO]    [PING OK] NL | VLESS | 3068ms
2026-02-25 08:20:16 [INFO]    [PING OK] DE | VLESS | 2877ms
2026-02-25 08:20:16 [INFO]    [PING OK] DE | VLESS | 3179ms
2026-02-25 08:20:16 [INFO]    [PING OK] NL | VLESS | 3130ms
2026-02-25 08:20:16 [INFO]    [PING OK] FI | VLESS | 2995ms
2026-02-25 08:20:17 [INFO]    [PING OK] US | VLESS | 3036ms
2026-02-25 08:20:18 [INFO]    [PING OK] FI | VLESS | 5338ms
2026-02-25 08:20:19 [INFO]    [PING OK] DE | VLESS | 8252ms
2026-02-25 08:20:19 [INFO]    [PING OK] DE | VLESS | 3586ms
2026-02-25 08:20:19 [INFO]    [PING OK] CA | VLESS | 3971ms
2026-02-25 08:20:19 [INFO]    [PING OK] SE | VLESS | 3976ms
2026-02-25 08:20:20 [INFO]    [PING OK] DE | VLESS | 6991ms
2026-02-25 08:20:21 [INFO]    [PING OK] CA | VLESS | 4972ms
2026-02-25 08:20:23 [INFO]    [PING OK] LV | VLESS | 6256ms
2026-02-25 08:20:23 [INFO]    [PING OK] US | VLESS | 6165ms
2026-02-25 08:20:23 [INFO]    [PING OK] SG | VLESS | 5688ms
2026-02-25 08:20:23 [INFO]    [PING OK] CA | VLESS | 6322ms
2026-02-25 08:20:23 [INFO]    [PING OK] CA | VLESS | 6287ms
2026-02-25 08:20:23 [INFO]    [PING OK] CA | VLESS | 7008ms
2026-02-25 08:20:23 [INFO]    [PING OK] GB | VLESS | 6276ms
2026-02-25 08:20:24 [INFO]    [PING OK] KZ | VLESS | 6381ms
2026-02-25 08:20:24 [INFO]    [PING OK] CA | VLESS | 5973ms
2026-02-25 08:20:24 [INFO]    [PING OK] US | VLESS | 5985ms
2026-02-25 08:20:24 [INFO]    [PING OK] CA | VLESS | 6098ms
2026-02-25 08:20:24 [INFO]    [PING OK] DE | VLESS | 6077ms
2026-02-25 08:20:24 [INFO]    [PING OK] CA | VLESS | 6864ms
2026-02-25 08:20:24 [INFO]    [PING OK] SG | VLESS | 6282ms
2026-02-25 08:20:24 [INFO]    [PING OK] SG | VLESS | 6443ms
2026-02-25 08:20:24 [INFO]    [PING OK] DE | VLESS | 5340ms
2026-02-25 08:20:25 [INFO]    [PING OK] DE | VLESS | 5315ms
2026-02-25 08:20:25 [INFO]    [PING OK] US | VLESS | 5276ms
2026-02-25 08:20:25 [INFO]    [PING OK] NL | VLESS | 4389ms
2026-02-25 08:20:25 [INFO]    [PING OK] NL | VLESS | 4154ms
2026-02-25 08:20:25 [INFO]    [PING OK] LV | VLESS | 4114ms
2026-02-25 08:20:25 [INFO]    [PING OK] TW | VLESS | 5755ms
2026-02-25 08:20:25 [INFO]    [PING OK] CA | VLESS | 5516ms
2026-02-25 08:20:25 [INFO]    [PING OK] US | VLESS | 4381ms
2026-02-25 08:20:25 [INFO]    [PING OK] NL | VLESS | 3713ms
2026-02-25 08:20:25 [INFO]    [PING OK] TW | VLESS | 4759ms
2026-02-25 08:20:25 [INFO]    [PING OK] CY | VLESS | 1495ms
2026-02-25 08:20:25 [INFO]    [PING OK] CA | VLESS | 4612ms
2026-02-25 08:20:26 [INFO]    [PING OK] CA | VLESS | 4065ms
2026-02-25 08:20:26 [INFO]    [PING OK] KZ | VLESS | 1985ms
2026-02-25 08:20:26 [INFO]    [PING OK] DE | VLESS | 1205ms
2026-02-25 08:20:26 [INFO]    [PING OK] SG | VLESS | 1446ms
2026-02-25 08:20:27 [INFO]    [PING OK] SG | VLESS | 7030ms
2026-02-25 08:20:30 [INFO]    [PING OK] CA | VLESS | 5846ms
2026-02-25 08:20:30 [INFO] 🏎️ ЭТАП 2: Глубокий замер скорости для 40 иностранных кандидатов...
2026-02-25 08:20:36 [INFO]    🏆 DE | VLESS | Пинг: 1205ms | Скорость: 4.27 Mbps ⚡⚡
2026-02-25 08:20:36 [INFO]    🏆 NL | VLESS | Пинг: 3130ms | Скорость: 4.35 Mbps ⚡⚡
2026-02-25 08:20:36 [INFO]    🏆 DE | VLESS | Пинг: 2877ms | Скорость: 4.28 Mbps ⚡⚡
2026-02-25 08:20:36 [INFO]    🏆 NL | VLESS | Пинг: 3068ms | Скорость: 4.33 Mbps ⚡⚡
2026-02-25 08:20:36 [INFO]    🏆 NL | VLESS | Пинг: 3088ms | Скорость: 4.27 Mbps ⚡⚡
2026-02-25 08:20:36 [INFO]    🏆 FI | VLESS | Пинг: 2995ms | Скорость: 4.12 Mbps ⚡⚡
2026-02-25 08:20:36 [INFO]    🏆 US | VLESS | Пинг: 3036ms | Скорость: 4.07 Mbps ⚡⚡
2026-02-25 08:20:36 [INFO]    🏆 SG | VLESS | Пинг: 1446ms | Скорость: 4.01 Mbps ⚡⚡
2026-02-25 08:20:36 [INFO]    🏆 DE | VLESS | Пинг: 3027ms | Скорость: 4.08 Mbps ⚡⚡
2026-02-25 08:20:36 [INFO]    🏆 DE | VLESS | Пинг: 3586ms | Скорость: 4.17 Mbps ⚡⚡
2026-02-25 08:20:36 [INFO]    🏆 NL | VLESS | Пинг: 3713ms | Скорость: 4.09 Mbps ⚡⚡
2026-02-25 08:20:36 [INFO]    🏆 FI | VLESS | Пинг: 3885ms | Скорость: 4.12 Mbps ⚡⚡
2026-02-25 08:20:36 [INFO]    🏆 KZ | VLESS | Пинг: 1985ms | Скорость: 3.88 Mbps ⚡⚡
2026-02-25 08:20:37 [INFO]    🏆 CY | VLESS | Пинг: 1495ms | Скорость: 3.5 Mbps ⚡⚡
2026-02-25 08:20:37 [INFO]    🏆 DE | VLESS | Пинг: 3179ms | Скорость: 1.22 Mbps 
2026-02-25 08:20:39 [INFO]    🏆 FI | VLESS | Пинг: 4063ms | Скорость: 8.53 Mbps ⚡⚡
2026-02-25 08:20:39 [INFO]    🏆 LV | VLESS | Пинг: 4114ms | Скорость: 7.18 Mbps ⚡⚡
2026-02-25 08:20:40 [INFO]    🏆 SE | VLESS | Пинг: 3976ms | Скорость: 6.58 Mbps ⚡⚡
2026-02-25 08:20:40 [INFO]    🏆 NL | VLESS | Пинг: 4154ms | Скорость: 6.9 Mbps ⚡⚡
2026-02-25 08:20:40 [INFO]    🏆 DE | VLESS | Пинг: 4121ms | Скорость: 6.72 Mbps ⚡⚡
2026-02-25 08:20:40 [INFO]    🏆 NL | VLESS | Пинг: 4229ms | Скорость: 6.88 Mbps ⚡⚡
2026-02-25 08:20:41 [INFO]    🏆 NL | VLESS | Пинг: 4389ms | Скорость: 6.75 Mbps ⚡⚡
2026-02-25 08:20:41 [INFO]    🏆 US | VLESS | Пинг: 4169ms | Скорость: 5.33 Mbps ⚡⚡
2026-02-25 08:20:41 [INFO]    🏆 US | VLESS | Пинг: 4381ms | Скорость: 5.45 Mbps ⚡⚡
2026-02-25 08:20:41 [INFO]    🏆 CA | VLESS | Пинг: 3971ms | Скорость: 4.86 Mbps ⚡⚡
2026-02-25 08:20:41 [INFO]    🏆 FI | VLESS | Пинг: 4458ms | Скорость: 6.83 Mbps ⚡⚡
2026-02-25 08:20:41 [INFO]    🏆 CA | VLESS | Пинг: 4065ms | Скорость: 4.68 Mbps ⚡⚡
2026-02-25 08:20:41 [INFO]    🏆 FI | VLESS | Пинг: 4376ms | Скорость: 4.77 Mbps ⚡⚡
2026-02-25 08:20:41 [INFO]    🏆 FI | VLESS | Пинг: 4295ms | Скорость: 4.62 Mbps ⚡⚡
2026-02-25 08:20:42 [INFO]    🏆 DE | VLESS | Пинг: 4484ms | Скорость: 10.72 Mbps ⚡⚡
2026-02-25 08:20:42 [INFO]    🏆 DE | VLESS | Пинг: 4465ms | Скорость: 8.15 Mbps ⚡⚡
2026-02-25 08:20:42 [INFO]    🏆 US | VLESS | Пинг: 4572ms | Скорость: 10.4 Mbps ⚡⚡
2026-02-25 08:20:43 [INFO]    🏆 NL | VLESS | Пинг: 4772ms | Скорость: 13.11 Mbps ⚡⚡
2026-02-25 08:20:44 [INFO]    🏆 CA | VLESS | Пинг: 4612ms | Скорость: 5.33 Mbps ⚡⚡
2026-02-25 08:20:45 [INFO]    🏆 NL | VLESS | Пинг: 4532ms | Скорость: 4.15 Mbps ⚡⚡
2026-02-25 08:20:46 [INFO]    🏆 TW | VLESS | Пинг: 4759ms | Скорость: 4.24 Mbps ⚡⚡
2026-02-25 08:20:46 [INFO] 📊 Итого в подписке сохранено иностранных серверов: 10
2026-02-25 08:20:46 [INFO] 💾 Файл успешно сохранен: FL1PVPN
