2026-02-26 00:40:05 [INFO] 🚀 START: Smart Selector (Target: 10, ONLY FOREIGN)
2026-02-26 00:40:05 [INFO] 🌐 Загрузка источников (VLESS + VMess)...
2026-02-26 00:40:06 [INFO] 🔍 Уникальных конфигов собрано: 132
2026-02-26 00:40:06 [INFO] ⚡ ЭТАП 1: Замер Пинга и Геолокации. Workers: 40...
2026-02-26 00:40:12 [INFO]    [PING OK] DE | VLESS | 4264ms
2026-02-26 00:40:12 [INFO]    [PING OK] NL | VLESS | 4339ms
2026-02-26 00:40:12 [INFO]    [PING OK] NL | VLESS | 4347ms
2026-02-26 00:40:12 [INFO]    [PING OK] NL | VLESS | 4518ms
2026-02-26 00:40:12 [INFO]    [PING OK] FI | VLESS | 4312ms
2026-02-26 00:40:12 [INFO]    [PING OK] NL | VLESS | 4531ms
2026-02-26 00:40:12 [INFO]    [PING OK] NL | VLESS | 4655ms
2026-02-26 00:40:12 [INFO]    [PING OK] NL | VLESS | 4580ms
2026-02-26 00:40:12 [INFO]    [PING OK] US | VLESS | 4394ms
2026-02-26 00:40:12 [INFO]    [PING OK] NL | VLESS | 4349ms
2026-02-26 00:40:12 [INFO]    [PING OK] DE | VLESS | 4688ms
2026-02-26 00:40:12 [INFO]    [PING OK] NL | VLESS | 4573ms
2026-02-26 00:40:12 [INFO]    [PING OK] US | VLESS | 4250ms
2026-02-26 00:40:12 [INFO]    [PING OK] CA | VLESS | 4766ms
2026-02-26 00:40:12 [INFO]    [PING OK] US | VLESS | 4226ms
2026-02-26 00:40:12 [INFO]    [PING OK] DE | VLESS | 4638ms
2026-02-26 00:40:12 [INFO]    [PING OK] FI | VLESS | 4517ms
2026-02-26 00:40:13 [INFO]    [PING OK] DE | VLESS | 4426ms
2026-02-26 00:40:13 [INFO]    [PING OK] FI | VLESS | 4307ms
2026-02-26 00:40:13 [INFO]    [PING OK] DE | VLESS | 4579ms
2026-02-26 00:40:13 [INFO]    [PING OK] DE | VLESS | 4363ms
2026-02-26 00:40:14 [INFO]    [PING OK] US | VLESS | 4075ms
2026-02-26 00:40:14 [INFO]    [PING OK] FI | VLESS | 4290ms
2026-02-26 00:40:14 [INFO]    [PING OK] DE | VLESS | 4171ms
2026-02-26 00:40:15 [INFO]    [PING OK] NL | VLESS | 4542ms
2026-02-26 00:40:16 [INFO]    [PING OK] NL | VLESS | 4909ms
2026-02-26 00:40:16 [INFO]    [PING OK] NL | VLESS | 5326ms
2026-02-26 00:40:19 [INFO]    [PING OK] DE | VLESS | 6209ms
2026-02-26 00:40:19 [INFO]    [PING OK] DE | VLESS | 5793ms
2026-02-26 00:40:19 [INFO]    [PING OK] LV | VLESS | 5915ms
2026-02-26 00:40:19 [INFO]    [PING OK] US | VLESS | 6188ms
2026-02-26 00:40:19 [INFO]    [PING OK] NL | VLESS | 5447ms
2026-02-26 00:40:19 [INFO]    [PING OK] US | VLESS | 5385ms
2026-02-26 00:40:19 [INFO]    [PING OK] US | VLESS | 5976ms
2026-02-26 00:40:19 [INFO]    [PING OK] DE | VLESS | 4630ms
2026-02-26 00:40:19 [INFO]    [PING OK] FR | VLESS | 3167ms
2026-02-26 00:40:20 [INFO]    [PING OK] DE | VLESS | 1876ms
2026-02-26 00:40:20 [INFO]    [PING OK] SG | VLESS | 6747ms
2026-02-26 00:40:20 [INFO]    [PING OK] DE | VLESS | 1826ms
2026-02-26 00:40:20 [INFO]    [PING OK] CA | VLESS | 7317ms
2026-02-26 00:40:20 [INFO]    [PING OK] CA | VLESS | 6734ms
2026-02-26 00:40:22 [INFO]    [PING OK] CA | VLESS | 9298ms
2026-02-26 00:40:24 [INFO] 🏎️ ЭТАП 2: Глубокий замер скорости для 40 иностранных кандидатов...
2026-02-26 00:40:29 [INFO]    🏆 DE | VLESS | Пинг: 1826ms | Скорость: 5.01 Mbps ⚡⚡
2026-02-26 00:40:29 [INFO]    🏆 DE | VLESS | Пинг: 1876ms | Скорость: 4.98 Mbps ⚡⚡
2026-02-26 00:40:29 [INFO]    🏆 FR | VLESS | Пинг: 3167ms | Скорость: 5.04 Mbps ⚡⚡
2026-02-26 00:40:29 [INFO]    🏆 US | VLESS | Пинг: 4226ms | Скорость: 5.05 Mbps ⚡⚡
2026-02-26 00:40:29 [INFO]    🏆 US | VLESS | Пинг: 4250ms | Скорость: 5.03 Mbps ⚡⚡
2026-02-26 00:40:29 [INFO]    🏆 FI | VLESS | Пинг: 4290ms | Скорость: 5.1 Mbps ⚡⚡
2026-02-26 00:40:29 [INFO]    🏆 DE | VLESS | Пинг: 4264ms | Скорость: 5.01 Mbps ⚡⚡
2026-02-26 00:40:29 [INFO]    🏆 NL | VLESS | Пинг: 4347ms | Скорость: 5.1 Mbps ⚡⚡
2026-02-26 00:40:29 [INFO]    🏆 DE | VLESS | Пинг: 4171ms | Скорость: 4.87 Mbps ⚡⚡
2026-02-26 00:40:29 [INFO]    🏆 DE | VLESS | Пинг: 4363ms | Скорость: 5.12 Mbps ⚡⚡
2026-02-26 00:40:29 [INFO]    🏆 FI | VLESS | Пинг: 4307ms | Скорость: 4.98 Mbps ⚡⚡
2026-02-26 00:40:29 [INFO]    🏆 US | VLESS | Пинг: 4075ms | Скорость: 4.79 Mbps ⚡⚡
2026-02-26 00:40:29 [INFO]    🏆 NL | VLESS | Пинг: 4339ms | Скорость: 5.0 Mbps ⚡⚡
2026-02-26 00:40:29 [INFO]    🏆 NL | VLESS | Пинг: 4349ms | Скорость: 5.04 Mbps ⚡⚡
2026-02-26 00:40:31 [INFO]    🏆 FI | VLESS | Пинг: 4312ms | Скорость: 3.37 Mbps ⚡⚡
2026-02-26 00:40:33 [INFO]    🏆 FI | VLESS | Пинг: 4517ms | Скорость: 5.68 Mbps ⚡⚡
2026-02-26 00:40:33 [INFO]    🏆 DE | VLESS | Пинг: 4579ms | Скорость: 5.93 Mbps ⚡⚡
2026-02-26 00:40:33 [INFO]    🏆 NL | VLESS | Пинг: 4518ms | Скорость: 5.77 Mbps ⚡⚡
2026-02-26 00:40:33 [INFO]    🏆 US | VLESS | Пинг: 4394ms | Скорость: 5.66 Mbps ⚡⚡
2026-02-26 00:40:33 [INFO]    🏆 NL | VLESS | Пинг: 4580ms | Скорость: 5.98 Mbps ⚡⚡
2026-02-26 00:40:34 [INFO]    🏆 DE | VLESS | Пинг: 4638ms | Скорость: 5.84 Mbps ⚡⚡
2026-02-26 00:40:34 [INFO]    🏆 NL | VLESS | Пинг: 4531ms | Скорость: 5.51 Mbps ⚡⚡
2026-02-26 00:40:34 [INFO]    🏆 DE | VLESS | Пинг: 4688ms | Скорость: 5.77 Mbps ⚡⚡
2026-02-26 00:40:34 [INFO]    🏆 NL | VLESS | Пинг: 4573ms | Скорость: 5.62 Mbps ⚡⚡
2026-02-26 00:40:34 [INFO]    🏆 NL | VLESS | Пинг: 4655ms | Скорость: 5.79 Mbps ⚡⚡
2026-02-26 00:40:34 [INFO]    🏆 NL | VLESS | Пинг: 4542ms | Скорость: 5.56 Mbps ⚡⚡
2026-02-26 00:40:36 [INFO]    🏆 NL | VLESS | Пинг: 4909ms | Скорость: 5.59 Mbps ⚡⚡
2026-02-26 00:40:37 [INFO]    🏆 NL | VLESS | Пинг: 5326ms | Скорость: 7.52 Mbps ⚡⚡
2026-02-26 00:40:37 [INFO]    🏆 DE | VLESS | Пинг: 5793ms | Скорость: 7.71 Mbps ⚡⚡
2026-02-26 00:40:37 [INFO]    🏆 NL | VLESS | Пинг: 5447ms | Скорость: 7.56 Mbps ⚡⚡
2026-02-26 00:40:37 [INFO]    🏆 DE | VLESS | Пинг: 6209ms | Скорость: 7.87 Mbps ⚡⚡
2026-02-26 00:40:37 [INFO]    🏆 US | VLESS | Пинг: 5385ms | Скорость: 7.29 Mbps ⚡⚡
2026-02-26 00:40:38 [INFO]    🏆 LV | VLESS | Пинг: 5915ms | Скорость: 4.9 Mbps ⚡⚡
2026-02-26 00:40:40 [INFO]    🏆 US | VLESS | Пинг: 5976ms | Скорость: 2.43 Mbps ⚡
2026-02-26 00:40:40 [INFO]    🏆 US | VLESS | Пинг: 6188ms | Скорость: 0.87 Mbps 
2026-02-26 00:40:40 [INFO] 📊 Итого в подписке сохранено иностранных серверов: 10
2026-02-26 00:40:40 [INFO] 💾 Файл успешно сохранен: FL1PVPN
