2026-02-21 17:00:05 [INFO] 🚀 START: Smart Selector (Target: 10, ONLY FOREIGN)
2026-02-21 17:00:05 [INFO] 🌐 Загрузка источников (VLESS + VMess)...
2026-02-21 17:00:06 [INFO] 🔍 Уникальных конфигов собрано: 209
2026-02-21 17:00:06 [INFO] ⚡ ЭТАП 1: Замер Пинга и Геолокации. Workers: 40...
2026-02-21 17:00:12 [INFO]    [PING OK] DE | VLESS | 4709ms
2026-02-21 17:00:12 [INFO]    [PING OK] PL | VLESS | 4855ms
2026-02-21 17:00:13 [INFO]    [PING OK] DE | VLESS | 4650ms
2026-02-21 17:00:15 [INFO]    [PING OK] PL | VLESS | 2410ms
2026-02-21 17:00:15 [INFO]    [PING OK] HU | VLESS | 2548ms
2026-02-21 17:00:15 [INFO]    [PING OK] DE | VLESS | 5270ms
2026-02-21 17:00:15 [INFO]    [PING OK] DE | VLESS | 5704ms
2026-02-21 17:00:15 [INFO]    [PING OK] IT | VLESS | 2663ms
2026-02-21 17:00:15 [INFO]    [PING OK] IT | VLESS | 2625ms
2026-02-21 17:00:15 [INFO]    [PING OK] ES | VLESS | 2539ms
2026-02-21 17:00:15 [INFO]    [PING OK] TR | VLESS | 2613ms
2026-02-21 17:00:15 [INFO]    [PING OK] ES | VLESS | 2679ms
2026-02-21 17:00:16 [INFO]    [PING OK] TR | VLESS | 2658ms
2026-02-21 17:00:16 [INFO]    [PING OK] NL | VLESS | 7911ms
2026-02-21 17:00:16 [INFO]    [PING OK] TR | VLESS | 3368ms
2026-02-21 17:00:16 [INFO]    [PING OK] DE | VLESS | 3851ms
2026-02-21 17:00:16 [INFO]    [PING OK] IT | VLESS | 3098ms
2026-02-21 17:00:16 [INFO]    [PING OK] DE | VLESS | 9082ms
2026-02-21 17:00:16 [INFO]    [PING OK] PL | VLESS | 3009ms
2026-02-21 17:00:17 [INFO]    [PING OK] PL | VLESS | 3085ms
2026-02-21 17:00:17 [INFO]    [PING OK] DE | VLESS | 8233ms
2026-02-21 17:00:17 [INFO]    [PING OK] TR | VLESS | 3647ms
2026-02-21 17:00:18 [INFO]    [PING OK] TR | VLESS | 3549ms
2026-02-21 17:00:18 [INFO]    [PING OK] IT | VLESS | 3264ms
2026-02-21 17:00:18 [INFO]    [PING OK] IT | VLESS | 3412ms
2026-02-21 17:00:20 [INFO]    [PING OK] ES | VLESS | 4160ms
2026-02-21 17:00:20 [INFO]    [PING OK] TR | VLESS | 3970ms
2026-02-21 17:00:20 [INFO]    [PING OK] HU | VLESS | 3820ms
2026-02-21 17:00:20 [INFO]    [PING OK] ES | VLESS | 4016ms
2026-02-21 17:00:21 [INFO]    [PING OK] ES | VLESS | 4556ms
2026-02-21 17:00:21 [INFO]    [PING OK] DE | VLESS | 4558ms
2026-02-21 17:00:21 [INFO]    [PING OK] IT | VLESS | 4498ms
2026-02-21 17:00:21 [INFO]    [PING OK] HU | VLESS | 4108ms
2026-02-21 17:00:21 [INFO]    [PING OK] HU | VLESS | 4327ms
2026-02-21 17:00:22 [INFO]    [PING OK] TR | VLESS | 3592ms
2026-02-21 17:00:22 [INFO]    [PING OK] PL | VLESS | 3843ms
2026-02-21 17:00:22 [INFO]    [PING OK] ES | VLESS | 3676ms
2026-02-21 17:00:23 [INFO]    [PING OK] ES | VLESS | 4116ms
2026-02-21 17:00:24 [INFO]    [PING OK] ES | VLESS | 4129ms
2026-02-21 17:00:24 [INFO]    [PING OK] HU | VLESS | 3534ms
2026-02-21 17:00:24 [INFO]    [PING OK] HU | VLESS | 3810ms
2026-02-21 17:00:24 [INFO]    [PING OK] ES | VLESS | 3670ms
2026-02-21 17:00:25 [INFO]    [PING OK] HU | VLESS | 3782ms
2026-02-21 17:00:26 [INFO]    [PING OK] TR | VLESS | 3933ms
2026-02-21 17:00:26 [INFO]    [PING OK] EE | VLESS | 5065ms
2026-02-21 17:00:26 [INFO]    [PING OK] PL | VLESS | 4812ms
2026-02-21 17:00:26 [INFO]    [PING OK] IT | VLESS | 7720ms
2026-02-21 17:00:27 [INFO]    [PING OK] DE | VLESS | 3988ms
2026-02-21 17:00:27 [INFO]    [PING OK] CA | VLESS | 8325ms
2026-02-21 17:00:28 [INFO]    [PING OK] TR | VLESS | 5949ms
2026-02-21 17:00:30 [INFO]    [PING OK] DE | VLESS | 4872ms
2026-02-21 17:00:31 [INFO]    [PING OK] PL | VLESS | 5898ms
2026-02-21 17:00:33 [INFO] 🏎️ ЭТАП 2: Глубокий замер скорости для 40 иностранных кандидатов...
2026-02-21 17:00:36 [INFO]    🏆 ES | VLESS | Пинг: 2539ms | Скорость: 8.26 Mbps ⚡⚡
2026-02-21 17:00:37 [INFO]    🏆 HU | VLESS | Пинг: 3534ms | Скорость: 7.0 Mbps ⚡⚡
2026-02-21 17:00:37 [INFO]    🏆 ES | VLESS | Пинг: 2679ms | Скорость: 6.36 Mbps ⚡⚡
2026-02-21 17:00:38 [INFO]    🏆 PL | VLESS | Пинг: 2410ms | Скорость: 4.87 Mbps ⚡⚡
2026-02-21 17:00:39 [INFO]    🏆 PL | VLESS | Пинг: 3009ms | Скорость: 3.78 Mbps ⚡⚡
2026-02-21 17:00:40 [INFO]    🏆 TR | VLESS | Пинг: 3592ms | Скорость: 11.54 Mbps ⚡⚡
2026-02-21 17:00:40 [INFO]    🏆 PL | VLESS | Пинг: 3085ms | Скорость: 3.69 Mbps ⚡⚡
2026-02-21 17:00:40 [INFO]    🏆 ES | VLESS | Пинг: 3670ms | Скорость: 14.56 Mbps ⚡⚡
2026-02-21 17:00:40 [INFO]    🏆 TR | VLESS | Пинг: 2658ms | Скорость: 3.19 Mbps ⚡⚡
2026-02-21 17:00:40 [INFO]    🏆 HU | VLESS | Пинг: 2548ms | Скорость: 3.09 Mbps ⚡⚡
2026-02-21 17:00:40 [INFO]    🏆 IT | VLESS | Пинг: 3412ms | Скорость: 1.33 Mbps 
2026-02-21 17:00:40 [INFO]    🏆 IT | VLESS | Пинг: 3264ms | Скорость: 0.77 Mbps 
2026-02-21 17:00:41 [INFO]    🏆 IT | VLESS | Пинг: 3098ms | Скорость: 2.0 Mbps ⚡
2026-02-21 17:00:41 [INFO]    🏆 ES | VLESS | Пинг: 3676ms | Скорость: 10.56 Mbps ⚡⚡
2026-02-21 17:00:42 [INFO]    🏆 HU | VLESS | Пинг: 3820ms | Скорость: 10.64 Mbps ⚡⚡
2026-02-21 17:00:42 [INFO]    🏆 HU | VLESS | Пинг: 3810ms | Скорость: 9.26 Mbps ⚡⚡
2026-02-21 17:00:43 [INFO]    🏆 ES | VLESS | Пинг: 4160ms | Скорость: 12.11 Mbps ⚡⚡
2026-02-21 17:00:43 [INFO]    🏆 TR | VLESS | Пинг: 3549ms | Скорость: 2.09 Mbps ⚡
2026-02-21 17:00:43 [INFO]    🏆 TR | VLESS | Пинг: 3933ms | Скорость: 8.41 Mbps ⚡⚡
2026-02-21 17:00:43 [INFO]    🏆 TR | VLESS | Пинг: 3970ms | Скорость: 8.96 Mbps ⚡⚡
2026-02-21 17:00:44 [INFO]    🏆 HU | VLESS | Пинг: 4108ms | Скорость: 7.2 Mbps ⚡⚡
2026-02-21 17:00:46 [INFO]    🏆 ES | VLESS | Пинг: 4556ms | Скорость: 11.86 Mbps ⚡⚡
2026-02-21 17:00:46 [INFO]    🏆 HU | VLESS | Пинг: 3782ms | Скорость: 1.01 Mbps 
2026-02-21 17:00:46 [INFO]    🏆 PL | VLESS | Пинг: 3843ms | Скорость: 1.46 Mbps 
2026-02-21 17:00:47 [INFO]    🏆 HU | VLESS | Пинг: 4327ms | Скорость: 4.57 Mbps ⚡⚡
2026-02-21 17:00:47 [INFO]    🏆 ES | VLESS | Пинг: 4116ms | Скорость: 2.33 Mbps ⚡
2026-02-21 17:00:49 [INFO]    🏆 ES | VLESS | Пинг: 4129ms | Скорость: 1.8 Mbps ⚡
2026-02-21 17:00:51 [INFO] 📊 Итого в подписке сохранено иностранных серверов: 10
2026-02-21 17:00:51 [INFO] 💾 Файл успешно сохранен: FL1PVPN
