2026-02-27 05:40:06 [INFO] 🚀 START: Smart Selector (Target: 10, ONLY FOREIGN)
2026-02-27 05:40:06 [INFO] 🌐 Загрузка источников (VLESS + VMess)...
2026-02-27 05:40:07 [INFO] 🔍 Уникальных конфигов собрано: 227
2026-02-27 05:40:07 [INFO] ⚡ ЭТАП 1: Замер Пинга и Геолокации. Workers: 40...
2026-02-27 05:40:13 [INFO]    [PING OK] NL | VLESS | 4724ms
2026-02-27 05:40:13 [INFO]    [PING OK] DE | VLESS | 4721ms
2026-02-27 05:40:13 [INFO]    [PING OK] CH | VLESS | 4720ms
2026-02-27 05:40:13 [INFO]    [PING OK] DE | VLESS | 4954ms
2026-02-27 05:40:13 [INFO]    [PING OK] FI | VLESS | 4718ms
2026-02-27 05:40:13 [INFO]    [PING OK] DE | VLESS | 4643ms
2026-02-27 05:40:13 [INFO]    [PING OK] FI | VLESS | 5145ms
2026-02-27 05:40:13 [INFO]    [PING OK] FI | VLESS | 4798ms
2026-02-27 05:40:13 [INFO]    [PING OK] FI | VLESS | 4921ms
2026-02-27 05:40:13 [INFO]    [PING OK] FI | VLESS | 5127ms
2026-02-27 05:40:13 [INFO]    [PING OK] TR | VLESS | 4774ms
2026-02-27 05:40:13 [INFO]    [PING OK] FR | VLESS | 5017ms
2026-02-27 05:40:13 [INFO]    [PING OK] TR | VLESS | 4368ms
2026-02-27 05:40:13 [INFO]    [PING OK] DE | VLESS | 4332ms
2026-02-27 05:40:13 [INFO]    [PING OK] FI | VLESS | 4152ms
2026-02-27 05:40:13 [INFO]    [PING OK] FI | VLESS | 4136ms
2026-02-27 05:40:14 [INFO]    [PING OK] DE | VLESS | 3901ms
2026-02-27 05:40:14 [INFO]    [PING OK] CA | VLESS | 4214ms
2026-02-27 05:40:14 [INFO]    [PING OK] US | VLESS | 4002ms
2026-02-27 05:40:14 [INFO]    [PING OK] DE | VLESS | 3809ms
2026-02-27 05:40:14 [INFO]    [PING OK] NL | VLESS | 5376ms
2026-02-27 05:40:14 [INFO]    [PING OK] FI | VLESS | 6090ms
2026-02-27 05:40:14 [INFO]    [PING OK] FI | VLESS | 3908ms
2026-02-27 05:40:17 [INFO]    [PING OK] DE | VLESS | 3492ms
2026-02-27 05:40:18 [INFO]    [PING OK] DE | VLESS | 3874ms
2026-02-27 05:40:18 [INFO]    [PING OK] FI | VLESS | 3990ms
2026-02-27 05:40:18 [INFO]    [PING OK] TR | VLESS | 3966ms
2026-02-27 05:40:18 [INFO]    [PING OK] CH | VLESS | 3850ms
2026-02-27 05:40:18 [INFO]    [PING OK] ES | VLESS | 3959ms
2026-02-27 05:40:18 [INFO]    [PING OK] US | VLESS | 4092ms
2026-02-27 05:40:18 [INFO]    [PING OK] DE | VLESS | 3868ms
2026-02-27 05:40:18 [INFO]    [PING OK] US | VLESS | 4170ms
2026-02-27 05:40:18 [INFO]    [PING OK] ES | VLESS | 3899ms
2026-02-27 05:40:18 [INFO]    [PING OK] US | VLESS | 3656ms
2026-02-27 05:40:18 [INFO]    [PING OK] PL | VLESS | 3915ms
2026-02-27 05:40:18 [INFO]    [PING OK] DE | VLESS | 3767ms
2026-02-27 05:40:18 [INFO]    [PING OK] HK | VLESS | 4056ms
2026-02-27 05:40:18 [INFO]    [PING OK] FI | VLESS | 3704ms
2026-02-27 05:40:18 [INFO]    [PING OK] HU | VLESS | 4062ms
2026-02-27 05:40:18 [INFO]    [PING OK] TR | VLESS | 3755ms
2026-02-27 05:40:18 [INFO]    [PING OK] PL | VLESS | 3652ms
2026-02-27 05:40:19 [INFO]    [PING OK] LV | VLESS | 3600ms
2026-02-27 05:40:19 [INFO]    [PING OK] FR | VLESS | 3502ms
2026-02-27 05:40:19 [INFO]    [PING OK] US | VLESS | 5245ms
2026-02-27 05:40:19 [INFO]    [PING OK] DE | VLESS | 3574ms
2026-02-27 05:40:19 [INFO]    [PING OK] FI | VLESS | 3348ms
2026-02-27 05:40:19 [INFO]    [PING OK] DE | VLESS | 5163ms
2026-02-27 05:40:19 [INFO]    [PING OK] NL | VLESS | 5429ms
2026-02-27 05:40:19 [INFO]    [PING OK] FR | VLESS | 3549ms
2026-02-27 05:40:19 [INFO]    [PING OK] DE | VLESS | 4193ms
2026-02-27 05:40:20 [INFO]    [PING OK] FR | VLESS | 3398ms
2026-02-27 05:40:20 [INFO]    [PING OK] DE | VLESS | 3310ms
2026-02-27 05:40:22 [INFO]    [PING OK] FI | VLESS | 3564ms
2026-02-27 05:40:22 [INFO]    [PING OK] IT | VLESS | 4057ms
2026-02-27 05:40:22 [INFO]    [PING OK] LT | VLESS | 3643ms
2026-02-27 05:40:22 [INFO]    [PING OK] CA | VLESS | 3742ms
2026-02-27 05:40:22 [INFO]    [PING OK] IT | VLESS | 3530ms
2026-02-27 05:40:23 [INFO]    [PING OK] PL | VLESS | 3658ms
2026-02-27 05:40:23 [INFO]    [PING OK] IT | VLESS | 3664ms
2026-02-27 05:40:23 [INFO]    [PING OK] ES | VLESS | 3709ms
2026-02-27 05:40:23 [INFO]    [PING OK] LT | VLESS | 3605ms
2026-02-27 05:40:23 [INFO]    [PING OK] DE | VLESS | 3663ms
2026-02-27 05:40:23 [INFO]    [PING OK] ES | VLESS | 3591ms
2026-02-27 05:40:23 [INFO]    [PING OK] DE | VLESS | 3956ms
2026-02-27 05:40:23 [INFO]    [PING OK] HU | VLESS | 3891ms
2026-02-27 05:40:23 [INFO]    [PING OK] NL | VLESS | 3504ms
2026-02-27 05:40:23 [INFO]    [PING OK] FI | VLESS | 3469ms
2026-02-27 05:40:24 [INFO]    [PING OK] ES | VLESS | 3978ms
2026-02-27 05:40:24 [INFO]    [PING OK] PL | VLESS | 3546ms
2026-02-27 05:40:24 [INFO]    [PING OK] LV | VLESS | 3541ms
2026-02-27 05:40:24 [INFO]    [PING OK] NL | VLESS | 3563ms
2026-02-27 05:40:24 [INFO]    [PING OK] PL | VLESS | 3841ms
2026-02-27 05:40:24 [INFO]    [PING OK] DE | VLESS | 3809ms
2026-02-27 05:40:24 [INFO]    [PING OK] LT | VLESS | 4022ms
2026-02-27 05:40:24 [INFO]    [PING OK] HU | VLESS | 3848ms
2026-02-27 05:40:24 [INFO]    [PING OK] PL | VLESS | 3626ms
2026-02-27 05:40:25 [INFO]    [PING OK] PL | VLESS | 3589ms
2026-02-27 05:40:25 [INFO]    [PING OK] NL | VLESS | 6277ms
2026-02-27 05:40:26 [INFO]    [PING OK] PL | VLESS | 6927ms
2026-02-27 05:40:26 [INFO]    [PING OK] NL | VLESS | 6997ms
2026-02-27 05:40:27 [INFO]    [PING OK] DE | VLESS | 4051ms
2026-02-27 05:40:27 [INFO]    [PING OK] PL | VLESS | 4119ms
2026-02-27 05:40:28 [INFO]    [PING OK] NL | VLESS | 4339ms
2026-02-27 05:40:28 [INFO]    [PING OK] PL | VLESS | 4279ms
2026-02-27 05:40:28 [INFO]    [PING OK] DE | VLESS | 3928ms
2026-02-27 05:40:28 [INFO]    [PING OK] PL | VLESS | 4504ms
2026-02-27 05:40:28 [INFO]    [PING OK] DE | VLESS | 4112ms
2026-02-27 05:40:28 [INFO]    [PING OK] LT | VLESS | 4182ms
2026-02-27 05:40:28 [INFO]    [PING OK] NL | VLESS | 3856ms
2026-02-27 05:40:28 [INFO]    [PING OK] PL | VLESS | 4014ms
2026-02-27 05:40:28 [INFO]    [PING OK] PL | VLESS | 4048ms
2026-02-27 05:40:28 [INFO]    [PING OK] NL | VLESS | 4127ms
2026-02-27 05:40:28 [INFO]    [PING OK] PL | VLESS | 4089ms
2026-02-27 05:40:28 [INFO]    [PING OK] PL | VLESS | 3659ms
2026-02-27 05:40:28 [INFO]    [PING OK] FI | VLESS | 3776ms
2026-02-27 05:40:28 [INFO]    [PING OK] CA | VLESS | 4226ms
2026-02-27 05:40:28 [INFO]    [PING OK] LV | VLESS | 4031ms
2026-02-27 05:40:29 [INFO]    [PING OK] HU | VLESS | 3653ms
2026-02-27 05:40:29 [INFO]    [PING OK] NL | VLESS | 3657ms
2026-02-27 05:40:29 [INFO]    [PING OK] HU | VLESS | 3617ms
2026-02-27 05:40:30 [INFO]    [PING OK] NL | VLESS | 4007ms
2026-02-27 05:40:30 [INFO]    [PING OK] FI | VLESS | 5016ms
2026-02-27 05:40:30 [INFO]    [PING OK] HU | VLESS | 3517ms
2026-02-27 05:40:30 [INFO]    [PING OK] NL | VLESS | 4056ms
2026-02-27 05:40:31 [INFO]    [PING OK] NL | VLESS | 3409ms
2026-02-27 05:40:32 [INFO]    [PING OK] DE | VLESS | 3609ms
2026-02-27 05:40:32 [INFO]    [PING OK] NL | VLESS | 3742ms
2026-02-27 05:40:32 [INFO]    [PING OK] NL | VLESS | 3409ms
2026-02-27 05:40:32 [INFO]    [PING OK] US | VLESS | 3741ms
2026-02-27 05:40:32 [INFO]    [PING OK] NL | VLESS | 7047ms
2026-02-27 05:40:32 [INFO]    [PING OK] NL | VLESS | 4310ms
2026-02-27 05:40:32 [INFO]    [PING OK] DE | VLESS | 3458ms
2026-02-27 05:40:32 [INFO]    [PING OK] DE | VLESS | 3375ms
2026-02-27 05:40:33 [INFO]    [PING OK] SG | VLESS | 3774ms
2026-02-27 05:40:33 [INFO]    [PING OK] DE | VLESS | 3212ms
2026-02-27 05:40:33 [INFO]    [PING OK] SG | VLESS | 3597ms
2026-02-27 05:40:33 [INFO]    [PING OK] SG | VLESS | 3449ms
2026-02-27 05:40:33 [INFO]    [PING OK] DE | VLESS | 3204ms
2026-02-27 05:40:33 [INFO]    [PING OK] NL | VLESS | 3257ms
2026-02-27 05:40:33 [INFO]    [PING OK] US | VLESS | 3445ms
2026-02-27 05:40:33 [INFO]    [PING OK] DE | VLESS | 4066ms
2026-02-27 05:40:33 [INFO]    [PING OK] LV | VLESS | 2880ms
2026-02-27 05:40:33 [INFO]    [PING OK] DE | VLESS | 1636ms
2026-02-27 05:40:33 [INFO]    [PING OK] DE | VLESS | 1920ms
2026-02-27 05:40:33 [INFO]    [PING OK] DE | VLESS | 1967ms
2026-02-27 05:40:33 [INFO]    [PING OK] US | VLESS | 2810ms
2026-02-27 05:40:33 [INFO]    [PING OK] US | VLESS | 1999ms
2026-02-27 05:40:34 [INFO]    [PING OK] DE | VLESS | 2240ms
2026-02-27 05:40:34 [INFO]    [PING OK] DE | VLESS | 2768ms
2026-02-27 05:40:34 [INFO]    [PING OK] FI | VLESS | 473ms
2026-02-27 05:40:37 [INFO] 🏎️ ЭТАП 2: Глубокий замер скорости для 40 иностранных кандидатов...
2026-02-27 05:40:42 [INFO]    🏆 FI | VLESS | Пинг: 473ms | Скорость: 5.09 Mbps ⚡⚡
2026-02-27 05:40:42 [INFO]    🏆 DE | VLESS | Пинг: 1636ms | Скорость: 4.95 Mbps ⚡⚡
2026-02-27 05:40:42 [INFO]    🏆 DE | VLESS | Пинг: 1920ms | Скорость: 4.97 Mbps ⚡⚡
2026-02-27 05:40:42 [INFO]    🏆 DE | VLESS | Пинг: 3310ms | Скорость: 5.06 Mbps ⚡⚡
2026-02-27 05:40:42 [INFO]    🏆 DE | VLESS | Пинг: 3375ms | Скорость: 5.02 Mbps ⚡⚡
2026-02-27 05:40:42 [INFO]    🏆 NL | VLESS | Пинг: 3257ms | Скорость: 4.92 Mbps ⚡⚡
2026-02-27 05:40:42 [INFO]    🏆 LV | VLESS | Пинг: 2880ms | Скорость: 4.78 Mbps ⚡⚡
2026-02-27 05:40:42 [INFO]    🏆 US | VLESS | Пинг: 1999ms | Скорость: 4.64 Mbps ⚡⚡
2026-02-27 05:40:43 [INFO]    🏆 DE | VLESS | Пинг: 3204ms | Скорость: 4.62 Mbps ⚡⚡
2026-02-27 05:40:43 [INFO]    🏆 US | VLESS | Пинг: 2810ms | Скорость: 4.51 Mbps ⚡⚡
2026-02-27 05:40:43 [INFO]    🏆 DE | VLESS | Пинг: 2768ms | Скорость: 4.45 Mbps ⚡⚡
2026-02-27 05:40:44 [INFO]    🏆 FR | VLESS | Пинг: 3398ms | Скорость: 5.56 Mbps ⚡⚡
2026-02-27 05:40:44 [INFO]    🏆 DE | VLESS | Пинг: 3212ms | Скорость: 2.71 Mbps ⚡
2026-02-27 05:40:44 [INFO]    🏆 NL | VLESS | Пинг: 3409ms | Скорость: 12.75 Mbps ⚡⚡
2026-02-27 05:40:46 [INFO]    🏆 US | VLESS | Пинг: 3445ms | Скорость: 6.23 Mbps ⚡⚡
2026-02-27 05:40:46 [INFO]    🏆 DE | VLESS | Пинг: 3492ms | Скорость: 6.31 Mbps ⚡⚡
2026-02-27 05:40:46 [INFO]    🏆 LV | VLESS | Пинг: 3541ms | Скорость: 6.92 Mbps ⚡⚡
2026-02-27 05:40:46 [INFO]    🏆 NL | VLESS | Пинг: 3504ms | Скорость: 6.39 Mbps ⚡⚡
2026-02-27 05:40:46 [INFO]    🏆 DE | VLESS | Пинг: 3458ms | Скорость: 5.92 Mbps ⚡⚡
2026-02-27 05:40:46 [INFO]    🏆 IT | VLESS | Пинг: 3530ms | Скорость: 6.48 Mbps ⚡⚡
2026-02-27 05:40:46 [INFO]    🏆 PL | VLESS | Пинг: 3546ms | Скорость: 6.56 Mbps ⚡⚡
2026-02-27 05:40:46 [INFO]    🏆 HU | VLESS | Пинг: 3517ms | Скорость: 6.3 Mbps ⚡⚡
2026-02-27 05:40:47 [INFO]    🏆 FI | VLESS | Пинг: 3469ms | Скорость: 5.11 Mbps ⚡⚡
2026-02-27 05:40:48 [INFO]    🏆 NL | VLESS | Пинг: 3563ms | Скорость: 7.42 Mbps ⚡⚡
2026-02-27 05:40:48 [INFO]    🏆 FR | VLESS | Пинг: 3549ms | Скорость: 7.17 Mbps ⚡⚡
2026-02-27 05:40:48 [INFO]    🏆 DE | VLESS | Пинг: 3574ms | Скорость: 11.61 Mbps ⚡⚡
2026-02-27 05:40:49 [INFO]    🏆 DE | VLESS | Пинг: 3609ms | Скорость: 11.61 Mbps ⚡⚡
2026-02-27 05:40:49 [INFO]    🏆 ES | VLESS | Пинг: 3591ms | Скорость: 10.64 Mbps ⚡⚡
2026-02-27 05:40:49 [INFO]    🏆 HU | VLESS | Пинг: 3617ms | Скорость: 11.55 Mbps ⚡⚡
2026-02-27 05:40:49 [INFO]    🏆 SG | VLESS | Пинг: 3449ms | Скорость: 1.1 Mbps 
2026-02-27 05:40:50 [INFO]    🏆 SG | VLESS | Пинг: 3597ms | Скорость: 7.42 Mbps ⚡⚡
2026-02-27 05:40:51 [INFO]    🏆 LV | VLESS | Пинг: 3600ms | Скорость: 5.49 Mbps ⚡⚡
2026-02-27 05:40:53 [INFO]    🏆 LT | VLESS | Пинг: 3605ms | Скорость: 1.03 Mbps 
2026-02-27 05:40:53 [INFO] 📊 Итого в подписке сохранено иностранных серверов: 10
2026-02-27 05:40:53 [INFO] 💾 Файл успешно сохранен: FL1PVPN
