2026-02-16 23:20:06 [INFO] 🚀 START: Smart VLESS Selector (Target: 10, Strict Mode)
2026-02-16 23:20:06 [INFO] 🌐 Загрузка источников...
2026-02-16 23:20:10 [INFO] 🔍 Уникальных конфигов собрано: 604
2026-02-16 23:20:10 [INFO] ⚡ ЭТАП 1: Быстрый замер Пинга (Workers: 25)...
2026-02-16 23:20:11 [INFO]    [PING OK] SG | 173ms
2026-02-16 23:20:12 [INFO]    [PING OK] FI | 143ms
2026-02-16 23:20:12 [INFO]    [PING OK] DE | 178ms
2026-02-16 23:20:12 [INFO]    [PING OK] GB | 178ms
2026-02-16 23:20:13 [INFO]    [PING OK] DE | 153ms
2026-02-16 23:20:13 [INFO]    [PING OK] RU | 149ms
2026-02-16 23:20:14 [INFO]    [PING OK] DE | 925ms
2026-02-16 23:20:14 [INFO]    [PING OK] US | 707ms
2026-02-16 23:20:15 [INFO]    [PING OK] RU | 139ms
2026-02-16 23:20:17 [INFO]    [PING OK] DE | 223ms
2026-02-16 23:20:18 [INFO]    [PING OK] DE | 181ms
2026-02-16 23:20:18 [INFO]    [PING OK] NL | 161ms
2026-02-16 23:20:19 [INFO]    [PING OK] KZ | 581ms
2026-02-16 23:20:19 [INFO]    [PING OK] FR | 223ms
2026-02-16 23:20:20 [INFO]    [PING OK] DE | 158ms
2026-02-16 23:20:20 [INFO]    [PING OK] DE | 486ms
2026-02-16 23:20:22 [INFO]    [PING OK] FR | 214ms
2026-02-16 23:20:22 [INFO]    [PING OK] DE | 218ms
2026-02-16 23:20:23 [INFO]    [PING OK] DE | 161ms
2026-02-16 23:20:23 [INFO]    [PING OK] RU | 133ms
2026-02-16 23:20:23 [INFO]    [PING OK] RU | 344ms
2026-02-16 23:20:23 [INFO]    [PING OK] RU | 276ms
2026-02-16 23:20:23 [INFO]    [PING OK] RU | 167ms
2026-02-16 23:20:23 [INFO]    [PING OK] RU | 173ms
2026-02-16 23:20:23 [INFO]    [PING OK] RU | 59ms
2026-02-16 23:20:23 [INFO]    [PING OK] RU | 245ms
2026-02-16 23:20:23 [INFO]    [PING OK] RU | 518ms
2026-02-16 23:20:23 [INFO]    [PING OK] RU | 284ms
2026-02-16 23:20:24 [INFO]    [PING OK] RU | 183ms
2026-02-16 23:20:24 [INFO]    [PING OK] RU | 119ms
2026-02-16 23:20:24 [INFO]    [PING OK] RU | 231ms
2026-02-16 23:20:24 [INFO]    [PING OK] RU | 231ms
2026-02-16 23:20:24 [INFO]    [PING OK] RU | 130ms
2026-02-16 23:20:24 [INFO]    [PING OK] DE | 149ms
2026-02-16 23:20:24 [INFO]    [PING OK] RU | 94ms
2026-02-16 23:20:24 [INFO]    [PING OK] RU | 186ms
2026-02-16 23:20:24 [INFO]    [PING OK] RU | 162ms
2026-02-16 23:20:24 [INFO]    [PING OK] RU | 130ms
2026-02-16 23:20:24 [INFO]    [PING OK] RU | 257ms
2026-02-16 23:20:24 [INFO]    [PING OK] RU | 139ms
2026-02-16 23:20:25 [INFO]    [PING OK] RU | 263ms
2026-02-16 23:20:25 [INFO]    [PING OK] RU | 1171ms
2026-02-16 23:20:25 [INFO]    [PING OK] HU | 338ms
2026-02-16 23:20:25 [INFO]    [PING OK] RU | 75ms
2026-02-16 23:20:25 [INFO]    [PING OK] NL | 168ms
2026-02-16 23:20:25 [INFO]    [PING OK] RU | 310ms
2026-02-16 23:20:25 [INFO]    [PING OK] RU | 225ms
2026-02-16 23:20:25 [INFO]    [PING OK] RU | 237ms
2026-02-16 23:20:25 [INFO]    [PING OK] RU | 96ms
2026-02-16 23:20:25 [INFO]    [PING OK] GB | 260ms
2026-02-16 23:20:25 [INFO]    [PING OK] RU | 217ms
2026-02-16 23:20:25 [INFO]    [PING OK] RU | 303ms
2026-02-16 23:20:25 [INFO]    [PING OK] RU | 235ms
2026-02-16 23:20:25 [INFO]    [PING OK] US | 1261ms
2026-02-16 23:20:25 [INFO]    [PING OK] RU | 163ms
2026-02-16 23:20:26 [INFO]    [PING OK] RU | 187ms
2026-02-16 23:20:26 [INFO]    [PING OK] HU | 341ms
2026-02-16 23:20:26 [INFO]    [PING OK] RU | 77ms
2026-02-16 23:20:26 [INFO]    [PING OK] RU | 376ms
2026-02-16 23:20:26 [INFO]    [PING OK] RU | 225ms
2026-02-16 23:20:26 [INFO]    [PING OK] RU | 292ms
2026-02-16 23:20:26 [INFO]    [PING OK] RU | 124ms
2026-02-16 23:20:26 [INFO]    [PING OK] RU | 291ms
2026-02-16 23:20:26 [INFO]    [PING OK] RU | 157ms
2026-02-16 23:20:26 [INFO]    [PING OK] RU | 232ms
2026-02-16 23:20:27 [INFO]    [PING OK] RU | 136ms
2026-02-16 23:20:27 [INFO]    [PING OK] RU | 564ms
2026-02-16 23:20:27 [INFO]    [PING OK] RU | 63ms
2026-02-16 23:20:27 [INFO]    [PING OK] RU | 174ms
2026-02-16 23:20:27 [INFO]    [PING OK] RU | 832ms
2026-02-16 23:20:27 [INFO]    [PING OK] PL | 158ms
2026-02-16 23:20:27 [INFO]    [PING OK] RU | 124ms
2026-02-16 23:20:27 [INFO]    [PING OK] RU | 139ms
2026-02-16 23:20:27 [INFO]    [PING OK] RU | 167ms
2026-02-16 23:20:27 [INFO]    [PING OK] HU | 335ms
2026-02-16 23:20:27 [INFO]    [PING OK] RU | 260ms
2026-02-16 23:20:27 [INFO]    [PING OK] RU | 461ms
2026-02-16 23:20:27 [INFO]    [PING OK] RU | 193ms
2026-02-16 23:20:27 [INFO]    [PING OK] RU | 78ms
2026-02-16 23:20:28 [INFO]    [PING OK] EE | 124ms
2026-02-16 23:20:28 [INFO]    [PING OK] RU | 83ms
2026-02-16 23:20:28 [INFO]    [PING OK] RU | 52ms
2026-02-16 23:20:28 [INFO]    [PING OK] RU | 121ms
2026-02-16 23:20:28 [INFO]    [PING OK] RU | 339ms
2026-02-16 23:20:28 [INFO]    [PING OK] RU | 77ms
2026-02-16 23:20:28 [INFO]    [PING OK] RU | 232ms
2026-02-16 23:20:28 [INFO]    [PING OK] RU | 246ms
2026-02-16 23:20:28 [INFO]    [PING OK] RU | 333ms
2026-02-16 23:20:28 [INFO]    [PING OK] RU | 339ms
2026-02-16 23:20:28 [INFO]    [PING OK] RU | 205ms
2026-02-16 23:20:29 [INFO]    [PING OK] RU | 843ms
2026-02-16 23:20:29 [INFO]    [PING OK] RU | 145ms
2026-02-16 23:20:29 [INFO]    [PING OK] RU | 335ms
2026-02-16 23:20:29 [INFO]    [PING OK] RU | 57ms
2026-02-16 23:20:29 [INFO]    [PING OK] RU | 100ms
2026-02-16 23:20:29 [INFO]    [PING OK] RU | 4137ms
2026-02-16 23:20:29 [INFO]    [PING OK] RU | 149ms
2026-02-16 23:20:29 [INFO]    [PING OK] RU | 679ms
2026-02-16 23:20:29 [INFO]    [PING OK] RU | 85ms
2026-02-16 23:20:29 [INFO]    [PING OK] PL | 163ms
2026-02-16 23:20:29 [INFO]    [PING OK] PL | 153ms
2026-02-16 23:20:29 [INFO]    [PING OK] RU | 221ms
2026-02-16 23:20:30 [INFO]    [PING OK] RU | 234ms
2026-02-16 23:20:30 [INFO]    [PING OK] RU | 2079ms
2026-02-16 23:20:30 [INFO]    [PING OK] RU | 64ms
2026-02-16 23:20:30 [INFO]    [PING OK] RU | 219ms
2026-02-16 23:20:30 [INFO]    [PING OK] RU | 60ms
2026-02-16 23:20:30 [INFO]    [PING OK] RU | 211ms
2026-02-16 23:20:30 [INFO]    [PING OK] RU | 1236ms
2026-02-16 23:20:30 [INFO]    [PING OK] RU | 80ms
2026-02-16 23:20:30 [INFO]    [PING OK] RU | 146ms
2026-02-16 23:20:30 [INFO]    [PING OK] RU | 322ms
2026-02-16 23:20:30 [INFO]    [PING OK] RU | 403ms
2026-02-16 23:20:30 [INFO]    [PING OK] RU | 209ms
2026-02-16 23:20:30 [INFO]    [PING OK] RU | 200ms
2026-02-16 23:20:30 [INFO]    [PING OK] RU | 317ms
2026-02-16 23:20:30 [INFO]    [PING OK] GB | 280ms
2026-02-16 23:20:31 [INFO]    [PING OK] RU | 303ms
2026-02-16 23:20:31 [INFO]    [PING OK] RU | 371ms
2026-02-16 23:20:31 [INFO]    [PING OK] RU | 148ms
2026-02-16 23:20:31 [INFO]    [PING OK] RU | 392ms
2026-02-16 23:20:31 [INFO]    [PING OK] RU | 303ms
2026-02-16 23:20:31 [INFO]    [PING OK] RU | 250ms
2026-02-16 23:20:31 [INFO]    [PING OK] NL | 191ms
2026-02-16 23:20:31 [INFO]    [PING OK] RU | 283ms
2026-02-16 23:20:31 [INFO]    [PING OK] RU | 218ms
2026-02-16 23:20:31 [INFO]    [PING OK] RU | 227ms
2026-02-16 23:20:31 [INFO]    [PING OK] RU | 299ms
2026-02-16 23:20:31 [INFO]    [PING OK] RU | 315ms
2026-02-16 23:20:31 [INFO]    [PING OK] RU | 216ms
2026-02-16 23:20:32 [INFO]    [PING OK] NL | 1288ms
2026-02-16 23:20:32 [INFO]    [PING OK] PL | 115ms
2026-02-16 23:20:32 [INFO]    [PING OK] GR | 75ms
2026-02-16 23:20:32 [INFO]    [PING OK] NL | 193ms
2026-02-16 23:20:33 [INFO]    [PING OK] AT | 509ms
2026-02-16 23:20:33 [INFO]    [PING OK] PL | 345ms
2026-02-16 23:20:35 [INFO]    [PING OK] TR | 285ms
2026-02-16 23:20:35 [INFO]    [PING OK] RU | 4951ms
2026-02-16 23:20:36 [INFO]    [PING OK] FR | 170ms
2026-02-16 23:20:37 [INFO]    [PING OK] DE | 156ms
2026-02-16 23:20:40 [INFO]    [PING OK] PL | 279ms
2026-02-16 23:20:45 [INFO]    [PING OK] DE | 175ms
2026-02-16 23:20:47 [INFO]    [PING OK] DE | 404ms
2026-02-16 23:20:49 [INFO]    [PING OK] US | 571ms
2026-02-16 23:20:50 [INFO]    [PING OK] SE | 253ms
2026-02-16 23:20:51 [INFO]    [PING OK] DE | 153ms
2026-02-16 23:20:51 [INFO]    [PING OK] PL | 449ms
2026-02-16 23:20:51 [INFO]    [PING OK] DE | 155ms
2026-02-16 23:20:53 [INFO]    [PING OK] DE | 163ms
2026-02-16 23:20:54 [INFO]    [PING OK] PL | 116ms
2026-02-16 23:20:54 [INFO]    [PING OK] TR | 269ms
2026-02-16 23:20:57 [INFO]    [PING OK] FI | 208ms
2026-02-16 23:20:58 [INFO]    [PING OK] US | 529ms
2026-02-16 23:21:01 [INFO]    [PING OK] GB | 447ms
2026-02-16 23:21:01 [INFO]    [PING OK] NL | 281ms
2026-02-16 23:21:02 [INFO]    [PING OK] FI | 237ms
2026-02-16 23:21:03 [INFO]    [PING OK] US | 1511ms
2026-02-16 23:21:08 [INFO]    [PING OK] US | 442ms
2026-02-16 23:21:08 [INFO]    [PING OK] DE | 177ms
2026-02-16 23:21:09 [INFO]    [PING OK] DE | 506ms
2026-02-16 23:21:10 [INFO]    [PING OK] NL | 404ms
2026-02-16 23:21:12 [INFO]    [PING OK] FR | 226ms
2026-02-16 23:21:15 [INFO]    [PING OK] PL | 121ms
2026-02-16 23:21:18 [INFO]    [PING OK] US | 613ms
2026-02-16 23:21:18 [INFO]    [PING OK] US | 1363ms
2026-02-16 23:21:23 [INFO]    [PING OK] RU | 251ms
2026-02-16 23:21:25 [INFO]    [PING OK] MD | 164ms
2026-02-16 23:21:25 [INFO]    [PING OK] LV | 431ms
2026-02-16 23:21:25 [INFO]    [PING OK] LV | 199ms
2026-02-16 23:21:29 [INFO] 🏎️ ЭТАП 2: Глубокий замер скорости для ТОП-10 серверов...
2026-02-16 23:21:33 [INFO]    🏆 GR | Пинг: 75ms | Скорость: 7.94 Mbps ⚡⚡
2026-02-16 23:21:33 [INFO]    🏆 PL | Пинг: 115ms | Скорость: 8.17 Mbps ⚡⚡
2026-02-16 23:21:33 [INFO]    🏆 PL | Пинг: 116ms | Скорость: 8.01 Mbps ⚡⚡
2026-02-16 23:21:33 [INFO]    🏆 PL | Пинг: 121ms | Скорость: 8.15 Mbps ⚡⚡
2026-02-16 23:21:33 [INFO]    🏆 EE | Пинг: 124ms | Скорость: 8.1 Mbps ⚡⚡
2026-02-16 23:21:33 [INFO]    🏆 FI | Пинг: 143ms | Скорость: 0.0 Mbps 
2026-02-16 23:21:33 [INFO]    🏆 DE | Пинг: 149ms | Скорость: 8.51 Mbps ⚡⚡
2026-02-16 23:21:33 [INFO]    🏆 DE | Пинг: 153ms | Скорость: 8.34 Mbps ⚡⚡
2026-02-16 23:21:33 [INFO]    🏆 PL | Пинг: 153ms | Скорость: 8.29 Mbps ⚡⚡
2026-02-16 23:21:33 [INFO]    🏆 RU | Пинг: 52ms | Скорость: 8.4 Mbps ⚡⚡
2026-02-16 23:21:33 [INFO] 🇷🇺 Добавлен RU сервер: 51.250.12.100
2026-02-16 23:21:33 [INFO] 📊 Итого в подписке сохранено: 10 серверов
2026-02-16 23:21:33 [INFO] 💾 Файл успешно сохранен: FL1PVPN
