2026-02-19 21:20:06 [INFO] 🚀 START: Smart VPN Selector (Target: 10, Strict Mode)
2026-02-19 21:20:06 [INFO] 🌐 Загрузка источников...
2026-02-19 21:20:10 [INFO] 🔍 Уникальных конфигов собрано: 1260
2026-02-19 21:20:10 [INFO] ⚡ ЭТАП 1: Быстрый замер Пинга (Workers: 25)...
2026-02-19 21:20:11 [INFO]    [PING OK] DE | 197ms
2026-02-19 21:20:11 [INFO]    [PING OK] DE | 185ms
2026-02-19 21:20:12 [INFO]    [PING OK] RU | 126ms
2026-02-19 21:20:13 [INFO]    [PING OK] RU | 1749ms
2026-02-19 21:20:14 [INFO]    [PING OK] DE | 139ms
2026-02-19 21:20:15 [INFO]    [PING OK] HK | 3478ms
2026-02-19 21:20:16 [INFO]    [PING OK] RU | 242ms
2026-02-19 21:20:17 [INFO]    [PING OK] DE | 197ms
2026-02-19 21:20:18 [INFO]    [PING OK] LV | 185ms
2026-02-19 21:20:20 [INFO]    [PING OK] DE | 2110ms
2026-02-19 21:20:23 [INFO]    [PING OK] RU | 150ms
2026-02-19 21:20:23 [INFO]    [PING OK] DE | 835ms
2026-02-19 21:20:24 [INFO]    [PING OK] US | 1770ms
2026-02-19 21:20:25 [INFO]    [PING OK] RU | 352ms
2026-02-19 21:20:25 [INFO]    [PING OK] RU | 173ms
2026-02-19 21:20:26 [INFO]    [PING OK] RU | 230ms
2026-02-19 21:20:26 [INFO]    [PING OK] RU | 216ms
2026-02-19 21:20:26 [INFO]    [PING OK] RU | 105ms
2026-02-19 21:20:26 [INFO]    [PING OK] HU | 529ms
2026-02-19 21:20:27 [INFO]    [PING OK] RU | 337ms
2026-02-19 21:20:27 [INFO]    [PING OK] RU | 248ms
2026-02-19 21:20:27 [INFO]    [PING OK] NL | 632ms
2026-02-19 21:20:27 [INFO]    [PING OK] RU | 195ms
2026-02-19 21:20:27 [INFO]    [PING OK] RU | 108ms
2026-02-19 21:20:27 [INFO]    [PING OK] RU | 171ms
2026-02-19 21:20:27 [INFO]    [PING OK] RU | 237ms
2026-02-19 21:20:28 [INFO]    [PING OK] RU | 255ms
2026-02-19 21:20:28 [INFO]    [PING OK] RU | 114ms
2026-02-19 21:20:28 [INFO]    [PING OK] RU | 352ms
2026-02-19 21:20:28 [INFO]    [PING OK] RU | 425ms
2026-02-19 21:20:28 [INFO]    [PING OK] RU | 111ms
2026-02-19 21:20:28 [INFO]    [PING OK] RU | 209ms
2026-02-19 21:20:28 [INFO]    [PING OK] RU | 252ms
2026-02-19 21:20:28 [INFO]    [PING OK] RU | 247ms
2026-02-19 21:20:28 [INFO]    [PING OK] RU | 159ms
2026-02-19 21:20:28 [INFO]    [PING OK] RU | 209ms
2026-02-19 21:20:28 [INFO]    [PING OK] RU | 227ms
2026-02-19 21:20:28 [INFO]    [PING OK] RU | 109ms
2026-02-19 21:20:29 [INFO]    [PING OK] RU | 40ms
2026-02-19 21:20:29 [INFO]    [PING OK] RU | 168ms
2026-02-19 21:20:29 [INFO]    [PING OK] RU | 204ms
2026-02-19 21:20:29 [INFO]    [PING OK] RU | 227ms
2026-02-19 21:20:29 [INFO]    [PING OK] RU | 328ms
2026-02-19 21:20:29 [INFO]    [PING OK] RU | 138ms
2026-02-19 21:20:29 [INFO]    [PING OK] RU | 231ms
2026-02-19 21:20:29 [INFO]    [PING OK] RU | 147ms
2026-02-19 21:20:29 [INFO]    [PING OK] GB | 145ms
2026-02-19 21:20:29 [INFO]    [PING OK] RU | 329ms
2026-02-19 21:20:29 [INFO]    [PING OK] RU | 249ms
2026-02-19 21:20:29 [INFO]    [PING OK] HU | 576ms
2026-02-19 21:20:29 [INFO]    [PING OK] RU | 301ms
2026-02-19 21:20:29 [INFO]    [PING OK] RU | 198ms
2026-02-19 21:20:30 [INFO]    [PING OK] RU | 279ms
2026-02-19 21:20:30 [INFO]    [PING OK] RU | 1022ms
2026-02-19 21:20:30 [INFO]    [PING OK] RU | 332ms
2026-02-19 21:20:30 [INFO]    [PING OK] RU | 255ms
2026-02-19 21:20:30 [INFO]    [PING OK] RU | 160ms
2026-02-19 21:20:30 [INFO]    [PING OK] RU | 311ms
2026-02-19 21:20:30 [INFO]    [PING OK] RU | 332ms
2026-02-19 21:20:30 [INFO]    [PING OK] RU | 118ms
2026-02-19 21:20:30 [INFO]    [PING OK] RU | 258ms
2026-02-19 21:20:30 [INFO]    [PING OK] RU | 296ms
2026-02-19 21:20:30 [INFO]    [PING OK] RU | 228ms
2026-02-19 21:20:30 [INFO]    [PING OK] RU | 2981ms
2026-02-19 21:20:30 [INFO]    [PING OK] RU | 126ms
2026-02-19 21:20:30 [INFO]    [PING OK] RU | 215ms
2026-02-19 21:20:30 [INFO]    [PING OK] RU | 107ms
2026-02-19 21:20:31 [INFO]    [PING OK] RU | 115ms
2026-02-19 21:20:31 [INFO]    [PING OK] RU | 277ms
2026-02-19 21:20:31 [INFO]    [PING OK] RU | 193ms
2026-02-19 21:20:31 [INFO]    [PING OK] RU | 132ms
2026-02-19 21:20:31 [INFO]    [PING OK] RU | 186ms
2026-02-19 21:20:31 [INFO]    [PING OK] RU | 479ms
2026-02-19 21:20:31 [INFO]    [PING OK] RU | 216ms
2026-02-19 21:20:31 [INFO]    [PING OK] RU | 250ms
2026-02-19 21:20:31 [INFO]    [PING OK] RU | 132ms
2026-02-19 21:20:31 [INFO]    [PING OK] RU | 106ms
2026-02-19 21:20:31 [INFO]    [PING OK] RU | 168ms
2026-02-19 21:20:31 [INFO]    [PING OK] RU | 97ms
2026-02-19 21:20:31 [INFO]    [PING OK] HU | 278ms
2026-02-19 21:20:32 [INFO]    [PING OK] RU | 81ms
2026-02-19 21:20:32 [INFO]    [PING OK] HU | 308ms
2026-02-19 21:20:32 [INFO]    [PING OK] RU | 193ms
2026-02-19 21:20:32 [INFO]    [PING OK] RU | 226ms
2026-02-19 21:20:32 [INFO]    [PING OK] RU | 319ms
2026-02-19 21:20:32 [INFO]    [PING OK] RU | 420ms
2026-02-19 21:20:32 [INFO]    [PING OK] RU | 257ms
2026-02-19 21:20:32 [INFO]    [PING OK] RU | 139ms
2026-02-19 21:20:32 [INFO]    [PING OK] RU | 289ms
2026-02-19 21:20:32 [INFO]    [PING OK] RU | 208ms
2026-02-19 21:20:32 [INFO]    [PING OK] RU | 224ms
2026-02-19 21:20:32 [INFO]    [PING OK] RU | 107ms
2026-02-19 21:20:32 [INFO]    [PING OK] RU | 225ms
2026-02-19 21:20:32 [INFO]    [PING OK] RU | 350ms
2026-02-19 21:20:32 [INFO]    [PING OK] RU | 133ms
2026-02-19 21:20:32 [INFO]    [PING OK] RU | 108ms
2026-02-19 21:20:33 [INFO]    [PING OK] RU | 238ms
2026-02-19 21:20:33 [INFO]    [PING OK] RU | 224ms
2026-02-19 21:20:33 [INFO]    [PING OK] RU | 325ms
2026-02-19 21:20:33 [INFO]    [PING OK] RU | 352ms
2026-02-19 21:20:33 [INFO]    [PING OK] RU | 303ms
2026-02-19 21:20:33 [INFO]    [PING OK] RU | 268ms
2026-02-19 21:20:33 [INFO]    [PING OK] RU | 490ms
2026-02-19 21:20:33 [INFO]    [PING OK] RU | 117ms
2026-02-19 21:20:33 [INFO]    [PING OK] RU | 457ms
2026-02-19 21:20:33 [INFO]    [PING OK] RU | 300ms
2026-02-19 21:20:33 [INFO]    [PING OK] RU | 2320ms
2026-02-19 21:20:33 [INFO]    [PING OK] RU | 304ms
2026-02-19 21:20:33 [INFO]    [PING OK] RU | 2045ms
2026-02-19 21:20:33 [INFO]    [PING OK] IL | 253ms
2026-02-19 21:20:34 [INFO]    [PING OK] PL | 120ms
2026-02-19 21:20:34 [INFO]    [PING OK] RU | 797ms
2026-02-19 21:20:34 [INFO]    [PING OK] RU | 952ms
2026-02-19 21:20:34 [INFO]    [PING OK] CY | 183ms
2026-02-19 21:20:34 [INFO]    [PING OK] TR | 181ms
2026-02-19 21:20:34 [INFO]    [PING OK] US | 546ms
2026-02-19 21:20:34 [INFO]    [PING OK] NL | 204ms
2026-02-19 21:20:35 [INFO]    [PING OK] FI | 116ms
2026-02-19 21:20:35 [INFO]    [PING OK] US | 448ms
2026-02-19 21:20:35 [INFO]    [PING OK] GR | 195ms
2026-02-19 21:20:35 [INFO]    [PING OK] RU | 2131ms
2026-02-19 21:20:35 [INFO]    [PING OK] SG | 643ms
2026-02-19 21:20:35 [INFO]    [PING OK] MX | 353ms
2026-02-19 21:20:35 [INFO]    [PING OK] RU | 2839ms
2026-02-19 21:20:35 [INFO]    [PING OK] CY | 403ms
2026-02-19 21:20:36 [INFO]    [PING OK] KH | 1619ms
2026-02-19 21:20:36 [INFO]    [PING OK] DE | 218ms
2026-02-19 21:20:36 [INFO]    [PING OK] DE | 163ms
2026-02-19 21:20:36 [INFO]    [PING OK] HK | 1233ms
2026-02-19 21:20:36 [INFO]    [PING OK] FR | 153ms
2026-02-19 21:20:36 [INFO]    [PING OK] IQ | 623ms
2026-02-19 21:20:37 [INFO]    [PING OK] US | 1751ms
2026-02-19 21:20:37 [INFO]    [PING OK] US | 460ms
2026-02-19 21:20:37 [INFO]    [PING OK] DE | 113ms
2026-02-19 21:20:37 [INFO]    [PING OK] FR | 323ms
2026-02-19 21:20:37 [INFO]    [PING OK] BG | 109ms
2026-02-19 21:20:38 [INFO]    [PING OK] HK | 806ms
2026-02-19 21:20:38 [INFO]    [PING OK] JP | 834ms
2026-02-19 21:20:38 [INFO]    [PING OK] US | 376ms
2026-02-19 21:20:38 [INFO]    [PING OK] US | 448ms
2026-02-19 21:20:38 [INFO]    [PING OK] GB | 145ms
2026-02-19 21:20:38 [INFO]    [PING OK] GB | 431ms
2026-02-19 21:20:38 [INFO]    [PING OK] GB | 176ms
2026-02-19 21:20:39 [INFO]    [PING OK] IT | 577ms
2026-02-19 21:20:39 [INFO]    [PING OK] US | 995ms
2026-02-19 21:20:40 [INFO]    [PING OK] GB | 608ms
2026-02-19 21:20:40 [INFO]    [PING OK] US | 634ms
2026-02-19 21:20:40 [INFO]    [PING OK] AT | 262ms
2026-02-19 21:20:40 [INFO]    [PING OK] AU | 595ms
2026-02-19 21:20:40 [INFO]    [PING OK] SE | 124ms
2026-02-19 21:20:40 [INFO]    [PING OK] US | 461ms
2026-02-19 21:20:41 [INFO]    [PING OK] US | 632ms
2026-02-19 21:20:41 [INFO]    [PING OK] MD | 143ms
2026-02-19 21:20:41 [INFO]    [PING OK] DE | 206ms
2026-02-19 21:20:41 [INFO]    [PING OK] SG | 484ms
2026-02-19 21:20:42 [INFO]    [PING OK] GB | 2119ms
2026-02-19 21:20:42 [INFO]    [PING OK] CA | 366ms
2026-02-19 21:20:42 [INFO]    [PING OK] PL | 641ms
2026-02-19 21:20:43 [INFO]    [PING OK] GB | 168ms
2026-02-19 21:20:43 [INFO]    [PING OK] US | 368ms
2026-02-19 21:20:43 [INFO]    [PING OK] SG | 647ms
2026-02-19 21:20:43 [INFO]    [PING OK] GB | 142ms
2026-02-19 21:20:44 [INFO]    [PING OK] US | 435ms
2026-02-19 21:20:44 [INFO]    [PING OK] US | 377ms
2026-02-19 21:20:44 [INFO]    [PING OK] DE | 114ms
2026-02-19 21:20:44 [INFO]    [PING OK] US | 351ms
2026-02-19 21:20:44 [INFO]    [PING OK] US | 430ms
2026-02-19 21:20:44 [INFO]    [PING OK] UZ | 289ms
2026-02-19 21:20:44 [INFO]    [PING OK] US | 380ms
2026-02-19 21:20:44 [INFO]    [PING OK] LV | 444ms
2026-02-19 21:20:44 [INFO]    [PING OK] GB | 540ms
2026-02-19 21:20:45 [INFO]    [PING OK] TR | 235ms
2026-02-19 21:20:45 [INFO]    [PING OK] PL | 116ms
2026-02-19 21:20:45 [INFO]    [PING OK] DE | 225ms
2026-02-19 21:20:45 [INFO]    [PING OK] US | 429ms
2026-02-19 21:20:46 [INFO]    [PING OK] RU | 1065ms
2026-02-19 21:20:56 [INFO]    [PING OK] GB | 165ms
2026-02-19 21:21:00 [INFO]    [PING OK] GB | 924ms
2026-02-19 21:21:04 [INFO]    [PING OK] SG | 3186ms
2026-02-19 21:21:07 [INFO]    [PING OK] US | 242ms
2026-02-19 21:21:09 [INFO]    [PING OK] GB | 180ms
2026-02-19 21:21:10 [INFO]    [PING OK] SG | 574ms
2026-02-19 21:21:11 [INFO]    [PING OK] DE | 132ms
2026-02-19 21:21:14 [INFO]    [PING OK] FR | 136ms
2026-02-19 21:21:14 [INFO]    [PING OK] GB | 161ms
2026-02-19 21:21:19 [INFO]    [PING OK] GB | 2324ms
2026-02-19 21:21:19 [INFO]    [PING OK] DE | 500ms
2026-02-19 21:21:19 [INFO]    [PING OK] FR | 140ms
2026-02-19 21:21:22 [INFO]    [PING OK] GB | 151ms
2026-02-19 21:21:22 [INFO]    [PING OK] GB | 490ms
2026-02-19 21:21:22 [INFO]    [PING OK] GB | 154ms
2026-02-19 21:21:22 [INFO]    [PING OK] GB | 161ms
2026-02-19 21:21:22 [INFO]    [PING OK] GB | 153ms
2026-02-19 21:21:22 [INFO]    [PING OK] GB | 157ms
2026-02-19 21:21:23 [INFO]    [PING OK] GB | 133ms
2026-02-19 21:21:23 [INFO]    [PING OK] GB | 521ms
2026-02-19 21:21:23 [INFO]    [PING OK] GB | 284ms
2026-02-19 21:21:23 [INFO]    [PING OK] GB | 134ms
2026-02-19 21:21:24 [INFO]    [PING OK] US | 551ms
2026-02-19 21:21:24 [INFO]    [PING OK] RU | 251ms
2026-02-19 21:21:24 [INFO]    [PING OK] GB | 160ms
2026-02-19 21:21:25 [INFO]    [PING OK] DE | 469ms
2026-02-19 21:21:25 [INFO]    [PING OK] TW | 2806ms
2026-02-19 21:21:25 [INFO]    [PING OK] GB | 475ms
2026-02-19 21:21:25 [INFO]    [PING OK] GB | 1731ms
2026-02-19 21:21:26 [INFO]    [PING OK] NO | 609ms
2026-02-19 21:21:27 [INFO]    [PING OK] DE | 1110ms
2026-02-19 21:21:27 [INFO]    [PING OK] RU | 1342ms
2026-02-19 21:21:28 [INFO]    [PING OK] DE | 601ms
2026-02-19 21:21:28 [INFO]    [PING OK] SC | 1180ms
2026-02-19 21:21:28 [INFO]    [PING OK] FI | 193ms
2026-02-19 21:21:28 [INFO]    [PING OK] RU | 324ms
2026-02-19 21:21:29 [INFO]    [PING OK] TR | 272ms
2026-02-19 21:21:29 [INFO]    [PING OK] SG | 608ms
2026-02-19 21:21:30 [INFO]    [PING OK] RU | 1021ms
2026-02-19 21:21:30 [INFO]    [PING OK] RU | 960ms
2026-02-19 21:21:30 [INFO]    [PING OK] RU | 241ms
2026-02-19 21:21:30 [INFO]    [PING OK] HK | 790ms
2026-02-19 21:21:31 [INFO]    [PING OK] RU | 422ms
2026-02-19 21:21:32 [INFO]    [PING OK] RU | 72ms
2026-02-19 21:21:32 [INFO]    [PING OK] NL | 452ms
2026-02-19 21:21:32 [INFO]    [PING OK] JP | 1732ms
2026-02-19 21:21:33 [INFO]    [PING OK] RU | 2473ms
2026-02-19 21:21:33 [INFO]    [PING OK] RU | 1267ms
2026-02-19 21:21:33 [INFO]    [PING OK] RU | 187ms
2026-02-19 21:21:34 [INFO]    [PING OK] RU | 653ms
2026-02-19 21:21:34 [INFO]    [PING OK] RU | 145ms
2026-02-19 21:21:35 [INFO]    [PING OK] RU | 118ms
2026-02-19 21:21:36 [INFO]    [PING OK] TW | 1673ms
2026-02-19 21:21:36 [INFO]    [PING OK] ES | 3158ms
2026-02-19 21:21:36 [INFO]    [PING OK] RU | 62ms
2026-02-19 21:21:36 [INFO]    [PING OK] RU | 3295ms
2026-02-19 21:21:36 [INFO]    [PING OK] GB | 145ms
2026-02-19 21:21:37 [INFO]    [PING OK] RU | 1612ms
2026-02-19 21:21:37 [INFO]    [PING OK] DE | 1701ms
2026-02-19 21:21:39 [INFO]    [PING OK] RU | 794ms
2026-02-19 21:21:39 [INFO]    [PING OK] SE | 89ms
2026-02-19 21:21:40 [INFO]    [PING OK] GB | 978ms
2026-02-19 21:21:42 [INFO]    [PING OK] RU | 152ms
2026-02-19 21:21:44 [INFO]    [PING OK] DE | 302ms
2026-02-19 21:21:47 [INFO]    [PING OK] RU | 532ms
2026-02-19 21:21:49 [INFO]    [PING OK] RU | 4726ms
2026-02-19 21:21:51 [INFO] 🏎️ ЭТАП 2: Глубокий замер скорости для ТОП-10 серверов...
2026-02-19 21:21:58 [INFO]    🏆 SE | Пинг: 89ms | Скорость: 10.03 Mbps ⚡⚡
2026-02-19 21:21:58 [INFO]    🏆 BG | Пинг: 109ms | Скорость: 3.52 Mbps ⚡⚡
2026-02-19 21:21:58 [INFO]    🏆 DE | Пинг: 113ms | Скорость: 9.34 Mbps ⚡⚡
2026-02-19 21:21:58 [INFO]    🏆 DE | Пинг: 114ms | Скорость: 9.29 Mbps ⚡⚡
2026-02-19 21:21:58 [INFO]    🏆 FI | Пинг: 116ms | Скорость: 10.03 Mbps ⚡⚡
2026-02-19 21:21:58 [INFO]    🏆 PL | Пинг: 116ms | Скорость: 10.07 Mbps ⚡⚡
2026-02-19 21:21:58 [INFO]    🏆 PL | Пинг: 120ms | Скорость: 0.0 Mbps 
2026-02-19 21:21:58 [INFO]    🏆 SE | Пинг: 124ms | Скорость: 0.0 Mbps 
2026-02-19 21:21:58 [INFO]    🏆 DE | Пинг: 132ms | Скорость: 7.92 Mbps ⚡⚡
2026-02-19 21:21:58 [INFO]    🏆 RU | Пинг: 40ms | Скорость: 0.0 Mbps 
2026-02-19 21:21:58 [INFO] 🇷🇺 Добавлен RU сервер: 87.242.103.184
2026-02-19 21:21:58 [INFO] 📊 Итого в подписке сохранено: 10 серверов
2026-02-19 21:21:58 [INFO] 💾 Файл успешно сохранен: FL1PVPN
