2026-02-15 23:44:45 [INFO] 🚀 START: Smart VLESS Selector (Target: 10, Strict Mode)
2026-02-15 23:44:45 [INFO] 🌐 Загрузка источников...
2026-02-15 23:44:47 [INFO] 🔍 Уникальных конфигов собрано: 337
2026-02-15 23:44:47 [INFO] ⚡ ЭТАП 1: Быстрый замер Пинга (Workers: 25)...
2026-02-15 23:44:48 [INFO]    [PING OK] NL | 144ms
2026-02-15 23:44:48 [INFO]    [PING OK] DE | 201ms
2026-02-15 23:44:48 [INFO]    [PING OK] BE | 314ms
2026-02-15 23:44:49 [INFO]    [PING OK] FR | 189ms
2026-02-15 23:44:49 [INFO]    [PING OK] NL | 159ms
2026-02-15 23:44:49 [INFO]    [PING OK] NL | 197ms
2026-02-15 23:44:49 [INFO]    [PING OK] DE | 1241ms
2026-02-15 23:44:49 [INFO]    [PING OK] DE | 1361ms
2026-02-15 23:44:51 [INFO]    [PING OK] US | 573ms
2026-02-15 23:44:55 [INFO]    [PING OK] CH | 222ms
2026-02-15 23:44:57 [INFO]    [PING OK] DE | 204ms
2026-02-15 23:44:57 [INFO]    [PING OK] PL | 109ms
2026-02-15 23:44:58 [INFO]    [PING OK] KZ | 763ms
2026-02-15 23:44:59 [INFO]    [PING OK] FR | 213ms
2026-02-15 23:44:59 [INFO]    [PING OK] GR | 76ms
2026-02-15 23:44:59 [INFO]    [PING OK] RU | 130ms
2026-02-15 23:44:59 [INFO]    [PING OK] SG | 754ms
2026-02-15 23:44:59 [INFO]    [PING OK] RU | 78ms
2026-02-15 23:44:59 [INFO]    [PING OK] RU | 70ms
2026-02-15 23:45:00 [INFO]    [PING OK] RU | 313ms
2026-02-15 23:45:00 [INFO]    [PING OK] RU | 190ms
2026-02-15 23:45:00 [INFO]    [PING OK] RU | 156ms
2026-02-15 23:45:00 [INFO]    [PING OK] RU | 231ms
2026-02-15 23:45:00 [INFO]    [PING OK] RU | 66ms
2026-02-15 23:45:00 [INFO]    [PING OK] NL | 183ms
2026-02-15 23:45:00 [INFO]    [PING OK] RU | 528ms
2026-02-15 23:45:00 [INFO]    [PING OK] RU | 102ms
2026-02-15 23:45:00 [INFO]    [PING OK] RU | 250ms
2026-02-15 23:45:01 [INFO]    [PING OK] RU | 193ms
2026-02-15 23:45:01 [INFO]    [PING OK] RU | 77ms
2026-02-15 23:45:01 [INFO]    [PING OK] RU | 324ms
2026-02-15 23:45:01 [INFO]    [PING OK] RU | 160ms
2026-02-15 23:45:01 [INFO]    [PING OK] RU | 100ms
2026-02-15 23:45:01 [INFO]    [PING OK] RU | 266ms
2026-02-15 23:45:01 [INFO]    [PING OK] RU | 313ms
2026-02-15 23:45:01 [INFO]    [PING OK] RU | 183ms
2026-02-15 23:45:01 [INFO]    [PING OK] PL | 184ms
2026-02-15 23:45:01 [INFO]    [PING OK] RU | 241ms
2026-02-15 23:45:01 [INFO]    [PING OK] RU | 151ms
2026-02-15 23:45:01 [INFO]    [PING OK] RU | 209ms
2026-02-15 23:45:02 [INFO]    [PING OK] RU | 150ms
2026-02-15 23:45:02 [INFO]    [PING OK] RU | 267ms
2026-02-15 23:45:02 [INFO]    [PING OK] RU | 479ms
2026-02-15 23:45:02 [INFO]    [PING OK] RU | 77ms
2026-02-15 23:45:02 [INFO]    [PING OK] RU | 132ms
2026-02-15 23:45:02 [INFO]    [PING OK] RU | 263ms
2026-02-15 23:45:02 [INFO]    [PING OK] RU | 359ms
2026-02-15 23:45:02 [INFO]    [PING OK] RU | 231ms
2026-02-15 23:45:02 [INFO]    [PING OK] RU | 223ms
2026-02-15 23:45:02 [INFO]    [PING OK] PL | 181ms
2026-02-15 23:45:02 [INFO]    [PING OK] RU | 124ms
2026-02-15 23:45:02 [INFO]    [PING OK] RU | 184ms
2026-02-15 23:45:02 [INFO]    [PING OK] RU | 276ms
2026-02-15 23:45:02 [INFO]    [PING OK] RU | 360ms
2026-02-15 23:45:02 [INFO]    [PING OK] RU | 307ms
2026-02-15 23:45:02 [INFO]    [PING OK] RU | 148ms
2026-02-15 23:45:03 [INFO]    [PING OK] RU | 204ms
2026-02-15 23:45:03 [INFO]    [PING OK] RU | 154ms
2026-02-15 23:45:03 [INFO]    [PING OK] RU | 326ms
2026-02-15 23:45:03 [INFO]    [PING OK] RU | 50ms
2026-02-15 23:45:03 [INFO]    [PING OK] RU | 86ms
2026-02-15 23:45:03 [INFO]    [PING OK] RU | 249ms
2026-02-15 23:45:03 [INFO]    [PING OK] RU | 254ms
2026-02-15 23:45:03 [INFO]    [PING OK] RU | 218ms
2026-02-15 23:45:03 [INFO]    [PING OK] PL | 163ms
2026-02-15 23:45:04 [INFO]    [PING OK] RU | 228ms
2026-02-15 23:45:04 [INFO]    [PING OK] RU | 348ms
2026-02-15 23:45:04 [INFO]    [PING OK] RU | 307ms
2026-02-15 23:45:04 [INFO]    [PING OK] RU | 336ms
2026-02-15 23:45:04 [INFO]    [PING OK] RU | 3915ms
2026-02-15 23:45:04 [INFO]    [PING OK] RU | 242ms
2026-02-15 23:45:04 [INFO]    [PING OK] RU | 151ms
2026-02-15 23:45:04 [INFO]    [PING OK] RU | 177ms
2026-02-15 23:45:04 [INFO]    [PING OK] RU | 164ms
2026-02-15 23:45:04 [INFO]    [PING OK] NL | 1159ms
2026-02-15 23:45:04 [INFO]    [PING OK] RU | 46ms
2026-02-15 23:45:04 [INFO]    [PING OK] RU | 179ms
2026-02-15 23:45:04 [INFO]    [PING OK] RU | 95ms
2026-02-15 23:45:04 [INFO]    [PING OK] RU | 50ms
2026-02-15 23:45:05 [INFO]    [PING OK] RU | 295ms
2026-02-15 23:45:05 [INFO]    [PING OK] RU | 222ms
2026-02-15 23:45:05 [INFO]    [PING OK] RU | 406ms
2026-02-15 23:45:05 [INFO]    [PING OK] HU | 313ms
2026-02-15 23:45:05 [INFO]    [PING OK] RU | 227ms
2026-02-15 23:45:05 [INFO]    [PING OK] RU | 95ms
2026-02-15 23:45:05 [INFO]    [PING OK] RU | 512ms
2026-02-15 23:45:05 [INFO]    [PING OK] RU | 61ms
2026-02-15 23:45:05 [INFO]    [PING OK] RU | 225ms
2026-02-15 23:45:06 [INFO]    [PING OK] RU | 265ms
2026-02-15 23:45:06 [INFO]    [PING OK] RU | 203ms
2026-02-15 23:45:06 [INFO]    [PING OK] RU | 249ms
2026-02-15 23:45:06 [INFO]    [PING OK] RU | 77ms
2026-02-15 23:45:06 [INFO]    [PING OK] RU | 329ms
2026-02-15 23:45:06 [INFO]    [PING OK] RU | 196ms
2026-02-15 23:45:06 [INFO]    [PING OK] RU | 267ms
2026-02-15 23:45:06 [INFO]    [PING OK] RU | 193ms
2026-02-15 23:45:06 [INFO]    [PING OK] RU | 65ms
2026-02-15 23:45:06 [INFO]    [PING OK] GB | 314ms
2026-02-15 23:45:06 [INFO]    [PING OK] RU | 329ms
2026-02-15 23:45:06 [INFO]    [PING OK] RU | 210ms
2026-02-15 23:45:07 [INFO]    [PING OK] RU | 264ms
2026-02-15 23:45:07 [INFO]    [PING OK] RU | 260ms
2026-02-15 23:45:07 [INFO]    [PING OK] RU | 323ms
2026-02-15 23:45:07 [INFO]    [PING OK] RU | 384ms
2026-02-15 23:45:07 [INFO]    [PING OK] RU | 186ms
2026-02-15 23:45:07 [INFO]    [PING OK] RU | 427ms
2026-02-15 23:45:07 [INFO]    [PING OK] RU | 364ms
2026-02-15 23:45:08 [INFO]    [PING OK] RU | 399ms
2026-02-15 23:45:08 [INFO]    [PING OK] PL | 131ms
2026-02-15 23:45:08 [INFO]    [PING OK] GB | 546ms
2026-02-15 23:45:08 [INFO]    [PING OK] JP | 1240ms
2026-02-15 23:45:09 [INFO]    [PING OK] DE | 242ms
2026-02-15 23:45:09 [INFO]    [PING OK] ES | 970ms
2026-02-15 23:45:09 [INFO]    [PING OK] CY | 798ms
2026-02-15 23:45:09 [INFO]    [PING OK] FR | 469ms
2026-02-15 23:45:10 [INFO]    [PING OK] DE | 137ms
2026-02-15 23:45:10 [INFO]    [PING OK] DE | 145ms
2026-02-15 23:45:10 [INFO]    [PING OK] RU | 3398ms
2026-02-15 23:45:11 [INFO]    [PING OK] NL | 199ms
2026-02-15 23:45:11 [INFO]    [PING OK] TR | 432ms
2026-02-15 23:45:11 [INFO]    [PING OK] RU | 115ms
2026-02-15 23:45:11 [INFO]    [PING OK] GB | 262ms
2026-02-15 23:45:11 [INFO]    [PING OK] NL | 343ms
2026-02-15 23:45:11 [INFO]    [PING OK] DE | 183ms
2026-02-15 23:45:11 [INFO]    [PING OK] CY | 384ms
2026-02-15 23:45:11 [INFO]    [PING OK] LV | 174ms
2026-02-15 23:45:11 [INFO]    [PING OK] KZ | 199ms
2026-02-15 23:45:12 [INFO]    [PING OK] LV | 441ms
2026-02-15 23:45:12 [INFO]    [PING OK] NL | 174ms
2026-02-15 23:45:12 [INFO]    [PING OK] FI | 137ms
2026-02-15 23:45:12 [INFO]    [PING OK] DE | 264ms
2026-02-15 23:45:12 [INFO]    [PING OK] NL | 192ms
2026-02-15 23:45:12 [INFO]    [PING OK] IQ | 169ms
2026-02-15 23:45:13 [INFO]    [PING OK] DE | 230ms
2026-02-15 23:45:13 [INFO]    [PING OK] DE | 487ms
2026-02-15 23:45:13 [INFO]    [PING OK] CY | 791ms
2026-02-15 23:45:13 [INFO]    [PING OK] GB | 530ms
2026-02-15 23:45:13 [INFO]    [PING OK] MY | 894ms
2026-02-15 23:45:13 [INFO]    [PING OK] CY | 773ms
2026-02-15 23:45:19 [INFO] 🏎️ ЭТАП 2: Глубокий замер скорости для ТОП-10 серверов...
2026-02-15 23:45:23 [INFO]    🏆 GR | Пинг: 76ms | Скорость: 8.0 Mbps ⚡⚡
2026-02-15 23:45:23 [INFO]    🏆 PL | Пинг: 109ms | Скорость: 7.91 Mbps ⚡⚡
2026-02-15 23:45:23 [INFO]    🏆 PL | Пинг: 131ms | Скорость: 8.08 Mbps ⚡⚡
2026-02-15 23:45:23 [INFO]    🏆 DE | Пинг: 137ms | Скорость: 5.37 Mbps ⚡⚡
2026-02-15 23:45:23 [INFO]    🏆 FI | Пинг: 137ms | Скорость: 8.36 Mbps ⚡⚡
2026-02-15 23:45:23 [INFO]    🏆 NL | Пинг: 144ms | Скорость: 8.07 Mbps ⚡⚡
2026-02-15 23:45:23 [INFO]    🏆 DE | Пинг: 145ms | Скорость: 8.13 Mbps ⚡⚡
2026-02-15 23:45:23 [INFO]    🏆 NL | Пинг: 159ms | Скорость: 8.42 Mbps ⚡⚡
2026-02-15 23:45:23 [INFO]    🏆 PL | Пинг: 163ms | Скорость: 8.43 Mbps ⚡⚡
2026-02-15 23:45:23 [INFO]    🏆 RU | Пинг: 46ms | Скорость: 8.56 Mbps ⚡⚡
2026-02-15 23:45:23 [INFO] 🇷🇺 Добавлен RU сервер: 51.250.12.100
2026-02-15 23:45:23 [INFO] 📊 Итого в подписке сохранено: 10 серверов
2026-02-15 23:45:23 [INFO] 💾 Файл успешно сохранен: FL1PVPN
