2026-02-22 03:20:06 [INFO] 🚀 START: Smart Selector (Target: 10, ONLY FOREIGN)
2026-02-22 03:20:06 [INFO] 🌐 Загрузка источников (VLESS + VMess)...
2026-02-22 03:20:08 [INFO] 🔍 Уникальных конфигов собрано: 257
2026-02-22 03:20:08 [INFO] ⚡ ЭТАП 1: Замер Пинга и Геолокации. Workers: 40...
2026-02-22 03:20:14 [INFO]    [PING OK] CZ | VLESS | 5348ms
2026-02-22 03:20:14 [INFO]    [PING OK] ES | VLESS | 5412ms
2026-02-22 03:20:16 [INFO]    [PING OK] PL | VLESS | 5285ms
2026-02-22 03:20:16 [INFO]    [PING OK] IT | VLESS | 4999ms
2026-02-22 03:20:16 [INFO]    [PING OK] PL | VLESS | 5020ms
2026-02-22 03:20:17 [INFO]    [PING OK] PL | VLESS | 4662ms
2026-02-22 03:20:17 [INFO]    [PING OK] ES | VLESS | 4454ms
2026-02-22 03:20:20 [INFO]    [PING OK] ES | VLESS | 4962ms
2026-02-22 03:20:20 [INFO]    [PING OK] TR | VLESS | 5510ms
2026-02-22 03:20:21 [INFO]    [PING OK] DE | VLESS | 4916ms
2026-02-22 03:20:21 [INFO]    [PING OK] PL | VLESS | 4972ms
2026-02-22 03:20:21 [INFO]    [PING OK] IT | VLESS | 4916ms
2026-02-22 03:20:21 [INFO]    [PING OK] PL | VLESS | 4604ms
2026-02-22 03:20:21 [INFO]    [PING OK] HU | VLESS | 5179ms
2026-02-22 03:20:21 [INFO]    [PING OK] PL | VLESS | 4621ms
2026-02-22 03:20:22 [INFO]    [PING OK] ES | VLESS | 5008ms
2026-02-22 03:20:23 [INFO]    [PING OK] PL | VLESS | 4855ms
2026-02-22 03:20:23 [INFO]    [PING OK] DE | VLESS | 5206ms
2026-02-22 03:20:23 [INFO]    [PING OK] EE | VLESS | 4924ms
2026-02-22 03:20:23 [INFO]    [PING OK] DE | VLESS | 5027ms
2026-02-22 03:20:24 [INFO]    [PING OK] DE | VLESS | 4999ms
2026-02-22 03:20:24 [INFO]    [PING OK] PL | VLESS | 5002ms
2026-02-22 03:20:24 [INFO]    [PING OK] PL | VLESS | 4696ms
2026-02-22 03:20:25 [INFO]    [PING OK] EE | VLESS | 5061ms
2026-02-22 03:20:25 [INFO]    [PING OK] NL | VLESS | 5232ms
2026-02-22 03:20:26 [INFO]    [PING OK] DE | VLESS | 5399ms
2026-02-22 03:20:26 [INFO]    [PING OK] NL | VLESS | 5373ms
2026-02-22 03:20:26 [INFO]    [PING OK] DE | VLESS | 5242ms
2026-02-22 03:20:27 [INFO]    [PING OK] US | VLESS | 5279ms
2026-02-22 03:20:29 [INFO]    [PING OK] DE | VLESS | 5534ms
2026-02-22 03:20:29 [INFO]    [PING OK] CA | VLESS | 6560ms
2026-02-22 03:20:29 [INFO]    [PING OK] DE | VLESS | 5009ms
2026-02-22 03:20:29 [INFO]    [PING OK] CA | VLESS | 5859ms
2026-02-22 03:20:29 [INFO]    [PING OK] DE | VLESS | 5075ms
2026-02-22 03:20:30 [INFO]    [PING OK] DE | VLESS | 4922ms
2026-02-22 03:20:31 [INFO]    [PING OK] US | VLESS | 4449ms
2026-02-22 03:20:31 [INFO]    [PING OK] DE | VLESS | 4390ms
2026-02-22 03:20:31 [INFO]    [PING OK] CA | VLESS | 6373ms
2026-02-22 03:20:32 [INFO]    [PING OK] CA | VLESS | 8824ms
2026-02-22 03:20:32 [INFO]    [PING OK] DE | VLESS | 4109ms
2026-02-22 03:20:33 [INFO]    [PING OK] CA | VLESS | 4481ms
2026-02-22 03:20:33 [INFO]    [PING OK] CA | VLESS | 7465ms
2026-02-22 03:20:34 [INFO]    [PING OK] FR | VLESS | 5106ms
2026-02-22 03:20:34 [INFO]    [PING OK] US | VLESS | 3809ms
2026-02-22 03:20:35 [INFO]    [PING OK] CA | VLESS | 8374ms
2026-02-22 03:20:35 [INFO]    [PING OK] NL | VLESS | 2797ms
2026-02-22 03:20:35 [INFO]    [PING OK] DE | VLESS | 2640ms
2026-02-22 03:20:35 [INFO]    [PING OK] FR | VLESS | 2446ms
2026-02-22 03:20:35 [INFO]    [PING OK] US | VLESS | 3082ms
2026-02-22 03:20:35 [INFO]    [PING OK] CA | VLESS | 5475ms
2026-02-22 03:20:36 [INFO]    [PING OK] US | VLESS | 1733ms
2026-02-22 03:20:36 [INFO]    [PING OK] CA | VLESS | 7222ms
2026-02-22 03:20:36 [INFO]    [PING OK] CA | VLESS | 4577ms
2026-02-22 03:20:36 [INFO]    [PING OK] CA | VLESS | 6709ms
2026-02-22 03:20:36 [INFO]    [PING OK] CA | VLESS | 2760ms
2026-02-22 03:20:36 [INFO]    [PING OK] CA | VLESS | 6265ms
2026-02-22 03:20:39 [INFO]    [PING OK] CA | VLESS | 5462ms
2026-02-22 03:20:40 [INFO] 🏎️ ЭТАП 2: Глубокий замер скорости для 40 иностранных кандидатов...
2026-02-22 03:20:45 [INFO]    🏆 NL | VLESS | Пинг: 2797ms | Скорость: 5.47 Mbps ⚡⚡
2026-02-22 03:20:45 [INFO]    🏆 PL | VLESS | Пинг: 4604ms | Скорость: 5.7 Mbps ⚡⚡
2026-02-22 03:20:45 [INFO]    🏆 PL | VLESS | Пинг: 4621ms | Скорость: 5.71 Mbps ⚡⚡
2026-02-22 03:20:45 [INFO]    🏆 DE | VLESS | Пинг: 4390ms | Скорость: 5.49 Mbps ⚡⚡
2026-02-22 03:20:45 [INFO]    🏆 ES | VLESS | Пинг: 4454ms | Скорость: 5.49 Mbps ⚡⚡
2026-02-22 03:20:45 [INFO]    🏆 DE | VLESS | Пинг: 2640ms | Скорость: 5.14 Mbps ⚡⚡
2026-02-22 03:20:45 [INFO]    🏆 US | VLESS | Пинг: 4449ms | Скорость: 5.25 Mbps ⚡⚡
2026-02-22 03:20:45 [INFO]    🏆 US | VLESS | Пинг: 1733ms | Скорость: 4.95 Mbps ⚡⚡
2026-02-22 03:20:47 [INFO]    🏆 PL | VLESS | Пинг: 4696ms | Скорость: 6.44 Mbps ⚡⚡
2026-02-22 03:20:47 [INFO]    🏆 PL | VLESS | Пинг: 4662ms | Скорость: 6.25 Mbps ⚡⚡
2026-02-22 03:20:47 [INFO]    🏆 CA | VLESS | Пинг: 4481ms | Скорость: 3.42 Mbps ⚡⚡
2026-02-22 03:20:47 [INFO]    🏆 FR | VLESS | Пинг: 2446ms | Скорость: 0.72 Mbps 
2026-02-22 03:20:49 [INFO]    🏆 DE | VLESS | Пинг: 4916ms | Скорость: 5.73 Mbps ⚡⚡
2026-02-22 03:20:49 [INFO]    🏆 ES | VLESS | Пинг: 5008ms | Скорость: 6.28 Mbps ⚡⚡
2026-02-22 03:20:49 [INFO]    🏆 PL | VLESS | Пинг: 4972ms | Скорость: 6.05 Mbps ⚡⚡
2026-02-22 03:20:49 [INFO]    🏆 DE | VLESS | Пинг: 4922ms | Скорость: 5.65 Mbps ⚡⚡
2026-02-22 03:20:49 [INFO]    🏆 PL | VLESS | Пинг: 4855ms | Скорость: 5.54 Mbps ⚡⚡
2026-02-22 03:20:49 [INFO]    🏆 PL | VLESS | Пинг: 5002ms | Скорость: 6.17 Mbps ⚡⚡
2026-02-22 03:20:49 [INFO]    🏆 DE | VLESS | Пинг: 4999ms | Скорость: 6.06 Mbps ⚡⚡
2026-02-22 03:20:49 [INFO]    🏆 ES | VLESS | Пинг: 4962ms | Скорость: 5.71 Mbps ⚡⚡
2026-02-22 03:20:49 [INFO]    🏆 EE | VLESS | Пинг: 4924ms | Скорость: 5.53 Mbps ⚡⚡
2026-02-22 03:20:50 [INFO]    🏆 IT | VLESS | Пинг: 4999ms | Скорость: 4.55 Mbps ⚡⚡
2026-02-22 03:20:50 [INFO]    🏆 IT | VLESS | Пинг: 4916ms | Скорость: 4.04 Mbps ⚡⚡
2026-02-22 03:20:51 [INFO]    🏆 PL | VLESS | Пинг: 5020ms | Скорость: 6.11 Mbps ⚡⚡
2026-02-22 03:20:51 [INFO]    🏆 DE | VLESS | Пинг: 5009ms | Скорость: 5.88 Mbps ⚡⚡
2026-02-22 03:20:51 [INFO]    🏆 DE | VLESS | Пинг: 5027ms | Скорость: 5.84 Mbps ⚡⚡
2026-02-22 03:20:52 [INFO]    🏆 NL | VLESS | Пинг: 5232ms | Скорость: 7.63 Mbps ⚡⚡
2026-02-22 03:20:52 [INFO]    🏆 DE | VLESS | Пинг: 5242ms | Скорость: 7.49 Mbps ⚡⚡
2026-02-22 03:20:52 [INFO]    🏆 PL | VLESS | Пинг: 5285ms | Скорость: 7.87 Mbps ⚡⚡
2026-02-22 03:20:52 [INFO]    🏆 HU | VLESS | Пинг: 5179ms | Скорость: 7.42 Mbps ⚡⚡
2026-02-22 03:20:53 [INFO]    🏆 DE | VLESS | Пинг: 5075ms | Скорость: 7.02 Mbps ⚡⚡
2026-02-22 03:20:53 [INFO]    🏆 US | VLESS | Пинг: 5279ms | Скорость: 7.26 Mbps ⚡⚡
2026-02-22 03:20:56 [INFO]    🏆 FR | VLESS | Пинг: 5106ms | Скорость: 2.36 Mbps ⚡
2026-02-22 03:20:56 [INFO] 📊 Итого в подписке сохранено иностранных серверов: 10
2026-02-22 03:20:56 [INFO] 💾 Файл успешно сохранен: FL1PVPN
