2026-02-26 10:40:05 [INFO] 🚀 START: Smart Selector (Target: 10, ONLY FOREIGN)
2026-02-26 10:40:05 [INFO] 🌐 Загрузка источников (VLESS + VMess)...
2026-02-26 10:40:07 [INFO] 🔍 Уникальных конфигов собрано: 408
2026-02-26 10:40:07 [INFO] ⚡ ЭТАП 1: Замер Пинга и Геолокации. Workers: 40...
2026-02-26 10:40:13 [INFO]    [PING OK] DE | VLESS | 4604ms
2026-02-26 10:40:13 [INFO]    [PING OK] PL | VLESS | 4603ms
2026-02-26 10:40:13 [INFO]    [PING OK] LT | VLESS | 4184ms
2026-02-26 10:40:13 [INFO]    [PING OK] EE | VLESS | 4774ms
2026-02-26 10:40:13 [INFO]    [PING OK] NL | VLESS | 4668ms
2026-02-26 10:40:13 [INFO]    [PING OK] NL | VLESS | 4743ms
2026-02-26 10:40:13 [INFO]    [PING OK] DE | VLESS | 4934ms
2026-02-26 10:40:13 [INFO]    [PING OK] NL | VLESS | 4738ms
2026-02-26 10:40:13 [INFO]    [PING OK] NL | VLESS | 4949ms
2026-02-26 10:40:13 [INFO]    [PING OK] NL | VLESS | 5222ms
2026-02-26 10:40:14 [INFO]    [PING OK] FI | VLESS | 4737ms
2026-02-26 10:40:15 [INFO]    [PING OK] DE | VLESS | 4743ms
2026-02-26 10:40:15 [INFO]    [PING OK] DE | VLESS | 4671ms
2026-02-26 10:40:15 [INFO]    [PING OK] NL | VLESS | 4625ms
2026-02-26 10:40:15 [INFO]    [PING OK] NL | VLESS | 6906ms
2026-02-26 10:40:15 [INFO]    [PING OK] ES | VLESS | 4750ms
2026-02-26 10:40:16 [INFO]    [PING OK] DE | VLESS | 4564ms
2026-02-26 10:40:16 [INFO]    [PING OK] FI | VLESS | 4327ms
2026-02-26 10:40:16 [INFO]    [PING OK] DE | VLESS | 5744ms
2026-02-26 10:40:16 [INFO]    [PING OK] NL | VLESS | 4453ms
2026-02-26 10:40:17 [INFO]    [PING OK] DE | VLESS | 5013ms
2026-02-26 10:40:18 [INFO]    [PING OK] PL | VLESS | 4710ms
2026-02-26 10:40:18 [INFO]    [PING OK] FI | VLESS | 4469ms
2026-02-26 10:40:18 [INFO]    [PING OK] FI | VLESS | 4375ms
2026-02-26 10:40:18 [INFO]    [PING OK] NL | VLESS | 4891ms
2026-02-26 10:40:19 [INFO]    [PING OK] DE | VLESS | 4347ms
2026-02-26 10:40:19 [INFO]    [PING OK] PL | VLESS | 4902ms
2026-02-26 10:40:19 [INFO]    [PING OK] CA | VLESS | 4870ms
2026-02-26 10:40:20 [INFO]    [PING OK] NL | VLESS | 5955ms
2026-02-26 10:40:21 [INFO]    [PING OK] DE | VLESS | 5353ms
2026-02-26 10:40:21 [INFO]    [PING OK] EE | VLESS | 4538ms
2026-02-26 10:40:21 [INFO]    [PING OK] FR | VLESS | 4111ms
2026-02-26 10:40:22 [INFO]    [PING OK] HK | VLESS | 4742ms
2026-02-26 10:40:22 [INFO]    [PING OK] FI | VLESS | 5090ms
2026-02-26 10:40:23 [INFO]    [PING OK] EE | VLESS | 4513ms
2026-02-26 10:40:23 [INFO]    [PING OK] DE | VLESS | 5039ms
2026-02-26 10:40:25 [INFO]    [PING OK] DE | VLESS | 4808ms
2026-02-26 10:40:25 [INFO]    [PING OK] CH | VLESS | 4573ms
2026-02-26 10:40:25 [INFO]    [PING OK] DE | VLESS | 5031ms
2026-02-26 10:40:25 [INFO]    [PING OK] DE | VLESS | 5440ms
2026-02-26 10:40:25 [INFO]    [PING OK] DE | VLESS | 4593ms
2026-02-26 10:40:26 [INFO]    [PING OK] US | VLESS | 4502ms
2026-02-26 10:40:26 [INFO]    [PING OK] FI | VLESS | 4325ms
2026-02-26 10:40:26 [INFO]    [PING OK] DE | VLESS | 4809ms
2026-02-26 10:40:26 [INFO]    [PING OK] DE | VLESS | 4433ms
2026-02-26 10:40:27 [INFO]    [PING OK] NL | VLESS | 7460ms
2026-02-26 10:40:27 [INFO]    [PING OK] PL | VLESS | 4668ms
2026-02-26 10:40:27 [INFO]    [PING OK] FI | VLESS | 4510ms
2026-02-26 10:40:27 [INFO]    [PING OK] HU | VLESS | 5861ms
2026-02-26 10:40:27 [INFO]    [PING OK] FI | VLESS | 4811ms
2026-02-26 10:40:28 [INFO]    [PING OK] CA | VLESS | 4972ms
2026-02-26 10:40:28 [INFO]    [PING OK] NL | VLESS | 4437ms
2026-02-26 10:40:28 [INFO]    [PING OK] US | VLESS | 4686ms
2026-02-26 10:40:29 [INFO]    [PING OK] SE | VLESS | 6546ms
2026-02-26 10:40:30 [INFO]    [PING OK] US | VLESS | 4807ms
2026-02-26 10:40:30 [INFO]    [PING OK] NL | VLESS | 4282ms
2026-02-26 10:40:30 [INFO]    [PING OK] PL | VLESS | 4412ms
2026-02-26 10:40:30 [INFO]    [PING OK] NL | VLESS | 4398ms
2026-02-26 10:40:31 [INFO]    [PING OK] NL | VLESS | 4917ms
2026-02-26 10:40:31 [INFO]    [PING OK] LT | VLESS | 4095ms
2026-02-26 10:40:31 [INFO]    [PING OK] TR | VLESS | 3645ms
2026-02-26 10:40:32 [INFO]    [PING OK] HK | VLESS | 4094ms
2026-02-26 10:40:32 [INFO]    [PING OK] NL | VLESS | 4472ms
2026-02-26 10:40:32 [INFO]    [PING OK] IT | VLESS | 3082ms
2026-02-26 10:40:33 [INFO]    [PING OK] NL | VLESS | 3396ms
2026-02-26 10:40:34 [INFO]    [PING OK] TR | VLESS | 3927ms
2026-02-26 10:40:34 [INFO]    [PING OK] NL | VLESS | 3527ms
2026-02-26 10:40:34 [INFO]    [PING OK] PL | VLESS | 3617ms
2026-02-26 10:40:34 [INFO]    [PING OK] US | VLESS | 5038ms
2026-02-26 10:40:34 [INFO]    [PING OK] PL | VLESS | 3703ms
2026-02-26 10:40:35 [INFO]    [PING OK] NO | VLESS | 5234ms
2026-02-26 10:40:35 [INFO]    [PING OK] DE | VLESS | 3567ms
2026-02-26 10:40:35 [INFO]    [PING OK] NL | VLESS | 4325ms
2026-02-26 10:40:36 [INFO]    [PING OK] IT | VLESS | 3951ms
2026-02-26 10:40:36 [INFO]    [PING OK] DE | VLESS | 3922ms
2026-02-26 10:40:36 [INFO]    [PING OK] PL | VLESS | 3897ms
2026-02-26 10:40:36 [INFO]    [PING OK] NL | VLESS | 3891ms
2026-02-26 10:40:36 [INFO]    [PING OK] DE | VLESS | 3601ms
2026-02-26 10:40:36 [INFO]    [PING OK] NL | VLESS | 3747ms
2026-02-26 10:40:36 [INFO]    [PING OK] NL | VLESS | 4049ms
2026-02-26 10:40:37 [INFO]    [PING OK] DE | VLESS | 3555ms
2026-02-26 10:40:37 [INFO]    [PING OK] IT | VLESS | 3754ms
2026-02-26 10:40:37 [INFO]    [PING OK] PL | VLESS | 3759ms
2026-02-26 10:40:37 [INFO]    [PING OK] TR | VLESS | 3663ms
2026-02-26 10:40:37 [INFO]    [PING OK] FI | VLESS | 3602ms
2026-02-26 10:40:38 [INFO]    [PING OK] DE | VLESS | 3786ms
2026-02-26 10:40:38 [INFO]    [PING OK] TR | VLESS | 3822ms
2026-02-26 10:40:39 [INFO]    [PING OK] FI | VLESS | 3966ms
2026-02-26 10:40:39 [INFO]    [PING OK] FR | VLESS | 3984ms
2026-02-26 10:40:39 [INFO]    [PING OK] DE | VLESS | 3814ms
2026-02-26 10:40:39 [INFO]    [PING OK] PL | VLESS | 4021ms
2026-02-26 10:40:39 [INFO]    [PING OK] DE | VLESS | 3795ms
2026-02-26 10:40:39 [INFO]    [PING OK] FI | VLESS | 4162ms
2026-02-26 10:40:40 [INFO]    [PING OK] PL | VLESS | 3888ms
2026-02-26 10:40:40 [INFO]    [PING OK] FR | VLESS | 4050ms
2026-02-26 10:40:41 [INFO]    [PING OK] FI | VLESS | 4232ms
2026-02-26 10:40:41 [INFO]    [PING OK] FI | VLESS | 4072ms
2026-02-26 10:40:41 [INFO]    [PING OK] FR | VLESS | 4245ms
2026-02-26 10:40:41 [INFO]    [PING OK] DE | VLESS | 4151ms
2026-02-26 10:40:42 [INFO]    [PING OK] KZ | VLESS | 4349ms
2026-02-26 10:40:42 [INFO]    [PING OK] DE | VLESS | 4520ms
2026-02-26 10:40:42 [INFO]    [PING OK] GB | VLESS | 4119ms
2026-02-26 10:40:42 [INFO]    [PING OK] AE | VLESS | 5384ms
2026-02-26 10:40:42 [INFO]    [PING OK] PL | VLESS | 4247ms
2026-02-26 10:40:43 [INFO]    [PING OK] DE | VLESS | 4441ms
2026-02-26 10:40:43 [INFO]    [PING OK] GB | VLESS | 4527ms
2026-02-26 10:40:45 [INFO]    [PING OK] LV | VLESS | 4649ms
2026-02-26 10:40:45 [INFO]    [PING OK] US | VLESS | 4568ms
2026-02-26 10:40:45 [INFO]    [PING OK] US | VLESS | 4671ms
2026-02-26 10:40:45 [INFO]    [PING OK] CA | VLESS | 5056ms
2026-02-26 10:40:46 [INFO]    [PING OK] CA | VLESS | 5007ms
2026-02-26 10:40:46 [INFO]    [PING OK] FR | VLESS | 3597ms
2026-02-26 10:40:46 [INFO]    [PING OK] GB | VLESS | 2634ms
2026-02-26 10:40:47 [INFO]    [PING OK] CA | VLESS | 4240ms
2026-02-26 10:40:47 [INFO]    [PING OK] CA | VLESS | 4063ms
2026-02-26 10:40:48 [INFO]    [PING OK] CA | VLESS | 7544ms
2026-02-26 10:40:48 [INFO]    [PING OK] LV | VLESS | 3915ms
2026-02-26 10:40:52 [INFO] 🏎️ ЭТАП 2: Глубокий замер скорости для 40 иностранных кандидатов...
2026-02-26 10:40:55 [INFO]    🏆 NL | VLESS | Пинг: 3396ms | Скорость: 8.91 Mbps ⚡⚡
2026-02-26 10:40:55 [INFO]    🏆 DE | VLESS | Пинг: 3555ms | Скорость: 6.35 Mbps ⚡⚡
2026-02-26 10:40:56 [INFO]    🏆 NL | VLESS | Пинг: 3527ms | Скорость: 6.25 Mbps ⚡⚡
2026-02-26 10:40:56 [INFO]    🏆 NL | VLESS | Пинг: 3747ms | Скорость: 6.49 Mbps ⚡⚡
2026-02-26 10:40:56 [INFO]    🏆 TR | VLESS | Пинг: 3663ms | Скорость: 6.43 Mbps ⚡⚡
2026-02-26 10:40:56 [INFO]    🏆 DE | VLESS | Пинг: 3567ms | Скорость: 6.07 Mbps ⚡⚡
2026-02-26 10:40:56 [INFO]    🏆 TR | VLESS | Пинг: 3645ms | Скорость: 6.23 Mbps ⚡⚡
2026-02-26 10:40:56 [INFO]    🏆 PL | VLESS | Пинг: 3703ms | Скорость: 5.61 Mbps ⚡⚡
2026-02-26 10:40:57 [INFO]    🏆 PL | VLESS | Пинг: 3759ms | Скорость: 9.77 Mbps ⚡⚡
2026-02-26 10:40:58 [INFO]    🏆 PL | VLESS | Пинг: 3617ms | Скорость: 3.88 Mbps ⚡⚡
2026-02-26 10:40:58 [INFO]    🏆 IT | VLESS | Пинг: 3082ms | Скорость: 0.81 Mbps 
2026-02-26 10:40:58 [INFO]    🏆 FR | VLESS | Пинг: 3597ms | Скорость: 2.18 Mbps ⚡
2026-02-26 10:40:58 [INFO]    🏆 FI | VLESS | Пинг: 3602ms | Скорость: 2.32 Mbps ⚡
2026-02-26 10:40:59 [INFO]    🏆 IT | VLESS | Пинг: 3754ms | Скорость: 1.35 Mbps 
2026-02-26 10:40:59 [INFO]    🏆 PL | VLESS | Пинг: 3888ms | Скорость: 6.73 Mbps ⚡⚡
2026-02-26 10:40:59 [INFO]    🏆 DE | VLESS | Пинг: 3795ms | Скорость: 6.35 Mbps ⚡⚡
2026-02-26 10:41:00 [INFO]    🏆 PL | VLESS | Пинг: 3897ms | Скорость: 6.74 Mbps ⚡⚡
2026-02-26 10:41:00 [INFO]    🏆 DE | VLESS | Пинг: 3814ms | Скорость: 6.14 Mbps ⚡⚡
2026-02-26 10:41:00 [INFO]    🏆 DE | VLESS | Пинг: 3922ms | Скорость: 6.87 Mbps ⚡⚡
2026-02-26 10:41:00 [INFO]    🏆 TR | VLESS | Пинг: 3822ms | Скорость: 6.02 Mbps ⚡⚡
2026-02-26 10:41:00 [INFO]    🏆 DE | VLESS | Пинг: 3786ms | Скорость: 5.14 Mbps ⚡⚡
2026-02-26 10:41:01 [INFO]    🏆 FR | VLESS | Пинг: 3984ms | Скорость: 9.23 Mbps ⚡⚡
2026-02-26 10:41:02 [INFO]    🏆 FI | VLESS | Пинг: 4072ms | Скорость: 13.24 Mbps ⚡⚡
2026-02-26 10:41:02 [INFO]    🏆 NL | VLESS | Пинг: 3891ms | Скорость: 1.77 Mbps ⚡
2026-02-26 10:41:03 [INFO]    🏆 PL | VLESS | Пинг: 4021ms | Скорость: 6.16 Mbps ⚡⚡
2026-02-26 10:41:03 [INFO]    🏆 FR | VLESS | Пинг: 4050ms | Скорость: 8.31 Mbps ⚡⚡
2026-02-26 10:41:03 [INFO]    🏆 DE | VLESS | Пинг: 4151ms | Скорость: 11.57 Mbps ⚡⚡
2026-02-26 10:41:03 [INFO]    🏆 GB | VLESS | Пинг: 4119ms | Скорость: 9.3 Mbps ⚡⚡
2026-02-26 10:41:04 [INFO]    🏆 CA | VLESS | Пинг: 4063ms | Скорость: 5.99 Mbps ⚡⚡
2026-02-26 10:41:04 [INFO]    🏆 HK | VLESS | Пинг: 4094ms | Скорость: 6.07 Mbps ⚡⚡
2026-02-26 10:41:04 [INFO]    🏆 TR | VLESS | Пинг: 3927ms | Скорость: 1.35 Mbps 
2026-02-26 10:41:04 [INFO]    🏆 IT | VLESS | Пинг: 3951ms | Скорость: 1.33 Mbps 
2026-02-26 10:41:05 [INFO]    🏆 FI | VLESS | Пинг: 3966ms | Скорость: 0.73 Mbps 
2026-02-26 10:41:09 [INFO] 📊 Итого в подписке сохранено иностранных серверов: 10
2026-02-26 10:41:09 [INFO] 💾 Файл успешно сохранен: FL1PVPN
