2026-02-23 17:30:06 [INFO] 🚀 START: Smart Selector (Target: 10, ONLY FOREIGN)
2026-02-23 17:30:06 [INFO] 🌐 Загрузка источников (VLESS + VMess)...
2026-02-23 17:30:08 [INFO] 🔍 Уникальных конфигов собрано: 177
2026-02-23 17:30:08 [INFO] ⚡ ЭТАП 1: Замер Пинга и Геолокации. Workers: 40...
2026-02-23 17:30:13 [INFO]    [PING OK] PL | VLESS | 4704ms
2026-02-23 17:30:13 [INFO]    [PING OK] IT | VLESS | 4376ms
2026-02-23 17:30:13 [INFO]    [PING OK] HU | VLESS | 4478ms
2026-02-23 17:30:13 [INFO]    [PING OK] HU | VLESS | 4485ms
2026-02-23 17:30:13 [INFO]    [PING OK] ES | VLESS | 4871ms
2026-02-23 17:30:14 [INFO]    [PING OK] PL | VLESS | 4794ms
2026-02-23 17:30:14 [INFO]    [PING OK] ES | VLESS | 4692ms
2026-02-23 17:30:14 [INFO]    [PING OK] TR | VLESS | 4739ms
2026-02-23 17:30:14 [INFO]    [PING OK] HU | VLESS | 4374ms
2026-02-23 17:30:14 [INFO]    [PING OK] PL | VLESS | 4475ms
2026-02-23 17:30:14 [INFO]    [PING OK] ES | VLESS | 5027ms
2026-02-23 17:30:14 [INFO]    [PING OK] HU | VLESS | 5319ms
2026-02-23 17:30:14 [INFO]    [PING OK] PL | VLESS | 4259ms
2026-02-23 17:30:15 [INFO]    [PING OK] IT | VLESS | 4131ms
2026-02-23 17:30:15 [INFO]    [PING OK] ES | VLESS | 4735ms
2026-02-23 17:30:15 [INFO]    [PING OK] TR | VLESS | 4554ms
2026-02-23 17:30:15 [INFO]    [PING OK] DE | VLESS | 4330ms
2026-02-23 17:30:15 [INFO]    [PING OK] FI | VLESS | 5600ms
2026-02-23 17:30:15 [INFO]    [PING OK] ES | VLESS | 4241ms
2026-02-23 17:30:15 [INFO]    [PING OK] ES | VLESS | 4930ms
2026-02-23 17:30:16 [INFO]    [PING OK] HU | VLESS | 7012ms
2026-02-23 17:30:16 [INFO]    [PING OK] ES | VLESS | 4476ms
2026-02-23 17:30:17 [INFO]    [PING OK] PL | VLESS | 5034ms
2026-02-23 17:30:20 [INFO]    [PING OK] SE | VLESS | 4889ms
2026-02-23 17:30:20 [INFO]    [PING OK] CA | VLESS | 5381ms
2026-02-23 17:30:20 [INFO]    [PING OK] SE | VLESS | 5087ms
2026-02-23 17:30:20 [INFO]    [PING OK] NL | VLESS | 5329ms
2026-02-23 17:30:21 [INFO]    [PING OK] JP | VLESS | 5554ms
2026-02-23 17:30:21 [INFO]    [PING OK] HK | VLESS | 5797ms
2026-02-23 17:30:23 [INFO]    [PING OK] CA | VLESS | 4769ms
2026-02-23 17:30:23 [INFO]    [PING OK] DE | VLESS | 4540ms
2026-02-23 17:30:23 [INFO]    [PING OK] SE | VLESS | 4408ms
2026-02-23 17:30:23 [INFO]    [PING OK] CA | VLESS | 4705ms
2026-02-23 17:30:23 [INFO]    [PING OK] DE | VLESS | 8087ms
2026-02-23 17:30:24 [INFO]    [PING OK] DE | VLESS | 2859ms
2026-02-23 17:30:24 [INFO]    [PING OK] DE | VLESS | 3241ms
2026-02-23 17:30:24 [INFO]    [PING OK] SE | VLESS | 9427ms
2026-02-23 17:30:24 [INFO]    [PING OK] SE | VLESS | 1359ms
2026-02-23 17:30:24 [INFO]    [PING OK] SE | VLESS | 3374ms
2026-02-23 17:30:24 [INFO]    [PING OK] GB | VLESS | 2787ms
2026-02-23 17:30:24 [INFO]    [PING OK] CA | VLESS | 4197ms
2026-02-23 17:30:24 [INFO]    [PING OK] SE | VLESS | 1742ms
2026-02-23 17:30:24 [INFO]    [PING OK] CA | VLESS | 3742ms
2026-02-23 17:30:24 [INFO]    [PING OK] US | VLESS | 3996ms
2026-02-23 17:30:27 [INFO]    [PING OK] SE | VLESS | 7471ms
2026-02-23 17:30:29 [INFO] 🏎️ ЭТАП 2: Глубокий замер скорости для 40 иностранных кандидатов...
2026-02-23 17:30:33 [INFO]    🏆 DE | VLESS | Пинг: 2859ms | Скорость: 5.22 Mbps ⚡⚡
2026-02-23 17:30:33 [INFO]    🏆 PL | VLESS | Пинг: 4259ms | Скорость: 5.31 Mbps ⚡⚡
2026-02-23 17:30:33 [INFO]    🏆 IT | VLESS | Пинг: 4376ms | Скорость: 5.41 Mbps ⚡⚡
2026-02-23 17:30:33 [INFO]    🏆 ES | VLESS | Пинг: 4241ms | Скорость: 5.22 Mbps ⚡⚡
2026-02-23 17:30:34 [INFO]    🏆 IT | VLESS | Пинг: 4131ms | Скорость: 5.12 Mbps ⚡⚡
2026-02-23 17:30:34 [INFO]    🏆 SE | VLESS | Пинг: 3374ms | Скорость: 4.95 Mbps ⚡⚡
2026-02-23 17:30:34 [INFO]    🏆 GB | VLESS | Пинг: 2787ms | Скорость: 4.59 Mbps ⚡⚡
2026-02-23 17:30:35 [INFO]    🏆 HU | VLESS | Пинг: 4374ms | Скорость: 3.78 Mbps ⚡⚡
2026-02-23 17:30:35 [INFO]    🏆 US | VLESS | Пинг: 3996ms | Скорость: 3.43 Mbps ⚡⚡
2026-02-23 17:30:36 [INFO]    🏆 DE | VLESS | Пинг: 4330ms | Скорость: 3.19 Mbps ⚡⚡
2026-02-23 17:30:36 [INFO]    🏆 PL | VLESS | Пинг: 4475ms | Скорость: 8.3 Mbps ⚡⚡
2026-02-23 17:30:37 [INFO]    🏆 SE | VLESS | Пинг: 4408ms | Скорость: 4.89 Mbps ⚡⚡
2026-02-23 17:30:37 [INFO]    🏆 HU | VLESS | Пинг: 4478ms | Скорость: 6.33 Mbps ⚡⚡
2026-02-23 17:30:38 [INFO]    🏆 ES | VLESS | Пинг: 4692ms | Скорость: 6.34 Mbps ⚡⚡
2026-02-23 17:30:38 [INFO]    🏆 HU | VLESS | Пинг: 4485ms | Скорость: 6.0 Mbps ⚡⚡
2026-02-23 17:30:39 [INFO]    🏆 PL | VLESS | Пинг: 4794ms | Скорость: 9.32 Mbps ⚡⚡
2026-02-23 17:30:39 [INFO]    🏆 TR | VLESS | Пинг: 4554ms | Скорость: 4.05 Mbps ⚡⚡
2026-02-23 17:30:40 [INFO]    🏆 PL | VLESS | Пинг: 5034ms | Скорость: 11.27 Mbps ⚡⚡
2026-02-23 17:30:40 [INFO]    🏆 HU | VLESS | Пинг: 5319ms | Скорость: 13.21 Mbps ⚡⚡
2026-02-23 17:30:40 [INFO]    🏆 ES | VLESS | Пинг: 4476ms | Скорость: 1.24 Mbps 
2026-02-23 17:30:41 [INFO]    🏆 ES | VLESS | Пинг: 5027ms | Скорость: 8.14 Mbps ⚡⚡
2026-02-23 17:30:42 [INFO]    🏆 TR | VLESS | Пинг: 4739ms | Скорость: 0.69 Mbps 
2026-02-23 17:30:43 [INFO]    🏆 ES | VLESS | Пинг: 4871ms | Скорость: 0.78 Mbps 
2026-02-23 17:30:45 [INFO]    🏆 NL | VLESS | Пинг: 5329ms | Скорость: 1.07 Mbps 
2026-02-23 17:30:45 [INFO]    🏆 JP | VLESS | Пинг: 5554ms | Скорость: 0.83 Mbps 
2026-02-23 17:30:45 [INFO] 📊 Итого в подписке сохранено иностранных серверов: 10
2026-02-23 17:30:45 [INFO] 💾 Файл успешно сохранен: FL1PVPN
