2026-02-22 04:50:05 [INFO] 🚀 START: Smart Selector (Target: 10, ONLY FOREIGN)
2026-02-22 04:50:05 [INFO] 🌐 Загрузка источников (VLESS + VMess)...
2026-02-22 04:50:08 [INFO] 🔍 Уникальных конфигов собрано: 260
2026-02-22 04:50:08 [INFO] ⚡ ЭТАП 1: Замер Пинга и Геолокации. Workers: 40...
2026-02-22 04:50:14 [INFO]    [PING OK] ES | VLESS | 4703ms
2026-02-22 04:50:15 [INFO]    [PING OK] PL | VLESS | 4293ms
2026-02-22 04:50:15 [INFO]    [PING OK] DE | VLESS | 5215ms
2026-02-22 04:50:15 [INFO]    [PING OK] PL | VLESS | 4865ms
2026-02-22 04:50:18 [INFO]    [PING OK] IT | VLESS | 3967ms
2026-02-22 04:50:18 [INFO]    [PING OK] ES | VLESS | 3912ms
2026-02-22 04:50:19 [INFO]    [PING OK] TR | VLESS | 3965ms
2026-02-22 04:50:19 [INFO]    [PING OK] PL | VLESS | 4276ms
2026-02-22 04:50:19 [INFO]    [PING OK] PL | VLESS | 4078ms
2026-02-22 04:50:19 [INFO]    [PING OK] HU | VLESS | 3705ms
2026-02-22 04:50:19 [INFO]    [PING OK] EE | VLESS | 4071ms
2026-02-22 04:50:19 [INFO]    [PING OK] DE | VLESS | 4425ms
2026-02-22 04:50:19 [INFO]    [PING OK] TR | VLESS | 4695ms
2026-02-22 04:50:19 [INFO]    [PING OK] ES | VLESS | 3984ms
2026-02-22 04:50:20 [INFO]    [PING OK] ES | VLESS | 3962ms
2026-02-22 04:50:20 [INFO]    [PING OK] PL | VLESS | 4009ms
2026-02-22 04:50:20 [INFO]    [PING OK] HU | VLESS | 4033ms
2026-02-22 04:50:20 [INFO]    [PING OK] PL | VLESS | 3868ms
2026-02-22 04:50:20 [INFO]    [PING OK] ES | VLESS | 4085ms
2026-02-22 04:50:20 [INFO]    [PING OK] US | VLESS | 4173ms
2026-02-22 04:50:20 [INFO]    [PING OK] PL | VLESS | 3365ms
2026-02-22 04:50:20 [INFO]    [PING OK] TR | VLESS | 4185ms
2026-02-22 04:50:20 [INFO]    [PING OK] DE | VLESS | 5114ms
2026-02-22 04:50:21 [INFO]    [PING OK] ES | VLESS | 3587ms
2026-02-22 04:50:21 [INFO]    [PING OK] IT | VLESS | 3300ms
2026-02-22 04:50:21 [INFO]    [PING OK] HU | VLESS | 3452ms
2026-02-22 04:50:21 [INFO]    [PING OK] CA | VLESS | 5557ms
2026-02-22 04:50:21 [INFO]    [PING OK] CA | VLESS | 4453ms
2026-02-22 04:50:23 [INFO]    [PING OK] PL | VLESS | 3905ms
2026-02-22 04:50:23 [INFO]    [PING OK] DE | VLESS | 4304ms
2026-02-22 04:50:24 [INFO]    [PING OK] ES | VLESS | 4316ms
2026-02-22 04:50:25 [INFO]    [PING OK] NL | VLESS | 4245ms
2026-02-22 04:50:25 [INFO]    [PING OK] CA | VLESS | 4302ms
2026-02-22 04:50:25 [INFO]    [PING OK] PL | VLESS | 7421ms
2026-02-22 04:50:25 [INFO]    [PING OK] DE | VLESS | 4542ms
2026-02-22 04:50:25 [INFO]    [PING OK] NL | VLESS | 4508ms
2026-02-22 04:50:25 [INFO]    [PING OK] PL | VLESS | 4829ms
2026-02-22 04:50:26 [INFO]    [PING OK] CA | VLESS | 5028ms
2026-02-22 04:50:27 [INFO]    [PING OK] CA | VLESS | 5304ms
2026-02-22 04:50:27 [INFO]    [PING OK] CA | VLESS | 5267ms
2026-02-22 04:50:28 [INFO]    [PING OK] CA | VLESS | 5691ms
2026-02-22 04:50:28 [INFO]    [PING OK] US | VLESS | 4799ms
2026-02-22 04:50:28 [INFO]    [PING OK] DE | VLESS | 5038ms
2026-02-22 04:50:30 [INFO]    [PING OK] FR | VLESS | 5142ms
2026-02-22 04:50:31 [INFO]    [PING OK] CA | VLESS | 6303ms
2026-02-22 04:50:31 [INFO]    [PING OK] CA | VLESS | 5976ms
2026-02-22 04:50:32 [INFO]    [PING OK] US | VLESS | 3914ms
2026-02-22 04:50:33 [INFO]    [PING OK] CA | VLESS | 6027ms
2026-02-22 04:50:33 [INFO]    [PING OK] CA | VLESS | 4329ms
2026-02-22 04:50:33 [INFO]    [PING OK] CA | VLESS | 7171ms
2026-02-22 04:50:33 [INFO]    [PING OK] CA | VLESS | 5764ms
2026-02-22 04:50:33 [INFO]    [PING OK] NL | VLESS | 3800ms
2026-02-22 04:50:33 [INFO]    [PING OK] NL | VLESS | 3644ms
2026-02-22 04:50:34 [INFO]    [PING OK] CA | VLESS | 4933ms
2026-02-22 04:50:35 [INFO]    [PING OK] DE | VLESS | 2844ms
2026-02-22 04:50:35 [INFO]    [PING OK] FR | VLESS | 2585ms
2026-02-22 04:50:35 [INFO]    [PING OK] CA | VLESS | 3432ms
2026-02-22 04:50:35 [INFO]    [PING OK] US | VLESS | 2399ms
2026-02-22 04:50:36 [INFO]    [PING OK] DE | VLESS | 2215ms
2026-02-22 04:50:36 [INFO]    [PING OK] CA | VLESS | 1919ms
2026-02-22 04:50:36 [INFO]    [PING OK] CA | VLESS | 5410ms
2026-02-22 04:50:37 [INFO]    [PING OK] CA | VLESS | 3211ms
2026-02-22 04:50:37 [INFO]    [PING OK] CA | VLESS | 8813ms
2026-02-22 04:50:37 [INFO]    [PING OK] CA | VLESS | 6343ms
2026-02-22 04:50:38 [INFO]    [PING OK] CA | VLESS | 5062ms
2026-02-22 04:50:38 [INFO]    [PING OK] CA | VLESS | 6660ms
2026-02-22 04:50:40 [INFO] 🏎️ ЭТАП 2: Глубокий замер скорости для 40 иностранных кандидатов...
2026-02-22 04:50:45 [INFO]    🏆 DE | VLESS | Пинг: 2844ms | Скорость: 5.26 Mbps ⚡⚡
2026-02-22 04:50:45 [INFO]    🏆 HU | VLESS | Пинг: 3705ms | Скорость: 5.48 Mbps ⚡⚡
2026-02-22 04:50:45 [INFO]    🏆 DE | VLESS | Пинг: 2215ms | Скорость: 5.21 Mbps ⚡⚡
2026-02-22 04:50:45 [INFO]    🏆 HU | VLESS | Пинг: 3452ms | Скорость: 5.34 Mbps ⚡⚡
2026-02-22 04:50:45 [INFO]    🏆 ES | VLESS | Пинг: 3587ms | Скорость: 5.34 Mbps ⚡⚡
2026-02-22 04:50:45 [INFO]    🏆 PL | VLESS | Пинг: 3365ms | Скорость: 5.13 Mbps ⚡⚡
2026-02-22 04:50:45 [INFO]    🏆 US | VLESS | Пинг: 2399ms | Скорость: 4.82 Mbps ⚡⚡
2026-02-22 04:50:47 [INFO]    🏆 CA | VLESS | Пинг: 1919ms | Скорость: 0.67 Mbps 
2026-02-22 04:50:47 [INFO]    🏆 IT | VLESS | Пинг: 3300ms | Скорость: 2.9 Mbps ⚡
2026-02-22 04:50:47 [INFO]    🏆 FR | VLESS | Пинг: 2585ms | Скорость: 3.06 Mbps ⚡⚡
2026-02-22 04:50:47 [INFO]    🏆 PL | VLESS | Пинг: 3868ms | Скорость: 3.33 Mbps ⚡⚡
2026-02-22 04:50:47 [INFO]    🏆 NL | VLESS | Пинг: 3644ms | Скорость: 0.67 Mbps 
2026-02-22 04:50:47 [INFO]    🏆 NL | VLESS | Пинг: 3800ms | Скорость: 1.86 Mbps ⚡
2026-02-22 04:50:48 [INFO]    🏆 ES | VLESS | Пинг: 3912ms | Скорость: 7.28 Mbps ⚡⚡
2026-02-22 04:50:48 [INFO]    🏆 ES | VLESS | Пинг: 3984ms | Скорость: 7.67 Mbps ⚡⚡
2026-02-22 04:50:48 [INFO]    🏆 PL | VLESS | Пинг: 3905ms | Скорость: 7.21 Mbps ⚡⚡
2026-02-22 04:50:48 [INFO]    🏆 PL | VLESS | Пинг: 4009ms | Скорость: 7.97 Mbps ⚡⚡
2026-02-22 04:50:48 [INFO]    🏆 ES | VLESS | Пинг: 3962ms | Скорость: 7.07 Mbps ⚡⚡
2026-02-22 04:50:49 [INFO]    🏆 TR | VLESS | Пинг: 3965ms | Скорость: 7.09 Mbps ⚡⚡
2026-02-22 04:50:49 [INFO]    🏆 IT | VLESS | Пинг: 3967ms | Скорость: 7.08 Mbps ⚡⚡
2026-02-22 04:50:49 [INFO]    🏆 US | VLESS | Пинг: 3914ms | Скорость: 5.4 Mbps ⚡⚡
2026-02-22 04:50:51 [INFO]    🏆 PL | VLESS | Пинг: 4078ms | Скорость: 6.59 Mbps ⚡⚡
2026-02-22 04:50:51 [INFO]    🏆 EE | VLESS | Пинг: 4071ms | Скорость: 6.21 Mbps ⚡⚡
2026-02-22 04:50:51 [INFO]    🏆 HU | VLESS | Пинг: 4033ms | Скорость: 6.05 Mbps ⚡⚡
2026-02-22 04:50:51 [INFO]    🏆 NL | VLESS | Пинг: 4245ms | Скорость: 6.36 Mbps ⚡⚡
2026-02-22 04:50:51 [INFO]    🏆 ES | VLESS | Пинг: 4085ms | Скорость: 6.0 Mbps ⚡⚡
2026-02-22 04:50:51 [INFO]    🏆 TR | VLESS | Пинг: 4185ms | Скорость: 6.07 Mbps ⚡⚡
2026-02-22 04:50:52 [INFO]    🏆 PL | VLESS | Пинг: 4293ms | Скорость: 7.59 Mbps ⚡⚡
2026-02-22 04:50:52 [INFO]    🏆 DE | VLESS | Пинг: 4304ms | Скорость: 7.55 Mbps ⚡⚡
2026-02-22 04:50:52 [INFO]    🏆 PL | VLESS | Пинг: 4276ms | Скорость: 7.44 Mbps ⚡⚡
2026-02-22 04:50:52 [INFO]    🏆 ES | VLESS | Пинг: 4316ms | Скорость: 7.5 Mbps ⚡⚡
2026-02-22 04:50:52 [INFO]    🏆 DE | VLESS | Пинг: 4425ms | Скорость: 7.4 Mbps ⚡⚡
2026-02-22 04:50:52 [INFO]    🏆 CA | VLESS | Пинг: 4302ms | Скорость: 6.84 Mbps ⚡⚡
2026-02-22 04:50:53 [INFO]    🏆 US | VLESS | Пинг: 4173ms | Скорость: 4.24 Mbps ⚡⚡
2026-02-22 04:50:53 [INFO]    🏆 NL | VLESS | Пинг: 4508ms | Скорость: 18.56 Mbps ⚡⚡
2026-02-22 04:50:58 [INFO] 📊 Итого в подписке сохранено иностранных серверов: 10
2026-02-22 04:50:58 [INFO] 💾 Файл успешно сохранен: FL1PVPN
