2026-02-19 01:10:06 [INFO] 🚀 START: Smart VLESS Selector (Target: 10, Strict Mode)
2026-02-19 01:10:06 [INFO] 🌐 Загрузка источников...
2026-02-19 01:10:09 [INFO] 🔍 Уникальных конфигов собрано: 723
2026-02-19 01:10:09 [INFO] ⚡ ЭТАП 1: Быстрый замер Пинга (Workers: 25)...
2026-02-19 01:10:10 [INFO]    [PING OK] RU | 289ms
2026-02-19 01:10:11 [INFO]    [PING OK] RU | 232ms
2026-02-19 01:10:11 [INFO]    [PING OK] IT | 767ms
2026-02-19 01:10:11 [INFO]    [PING OK] RU | 417ms
2026-02-19 01:10:11 [INFO]    [PING OK] DE | 800ms
2026-02-19 01:10:11 [INFO]    [PING OK] RU | 204ms
2026-02-19 01:10:11 [INFO]    [PING OK] US | 948ms
2026-02-19 01:10:11 [INFO]    [PING OK] DE | 617ms
2026-02-19 01:10:12 [INFO]    [PING OK] DE | 1778ms
2026-02-19 01:10:12 [INFO]    [PING OK] DE | 1862ms
2026-02-19 01:10:12 [INFO]    [PING OK] AT | 863ms
2026-02-19 01:10:14 [INFO]    [PING OK] US | 510ms
2026-02-19 01:10:16 [INFO]    [PING OK] RU | 159ms
2026-02-19 01:10:17 [INFO]    [PING OK] DE | 144ms
2026-02-19 01:10:17 [INFO]    [PING OK] TR | 261ms
2026-02-19 01:10:18 [INFO]    [PING OK] DE | 245ms
2026-02-19 01:10:18 [INFO]    [PING OK] DE | 145ms
2026-02-19 01:10:19 [INFO]    [PING OK] RU | 120ms
2026-02-19 01:10:21 [INFO]    [PING OK] RU | 260ms
2026-02-19 01:10:21 [INFO]    [PING OK] RU | 79ms
2026-02-19 01:10:22 [INFO]    [PING OK] RU | 63ms
2026-02-19 01:10:22 [INFO]    [PING OK] RU | 148ms
2026-02-19 01:10:22 [INFO]    [PING OK] RU | 269ms
2026-02-19 01:10:22 [INFO]    [PING OK] RU | 248ms
2026-02-19 01:10:23 [INFO]    [PING OK] RU | 234ms
2026-02-19 01:10:23 [INFO]    [PING OK] RU | 68ms
2026-02-19 01:10:23 [INFO]    [PING OK] RU | 193ms
2026-02-19 01:10:23 [INFO]    [PING OK] RU | 269ms
2026-02-19 01:10:24 [INFO]    [PING OK] RU | 207ms
2026-02-19 01:10:24 [INFO]    [PING OK] RU | 201ms
2026-02-19 01:10:25 [INFO]    [PING OK] RU | 310ms
2026-02-19 01:10:25 [INFO]    [PING OK] RU | 198ms
2026-02-19 01:10:25 [INFO]    [PING OK] RU | 226ms
2026-02-19 01:10:25 [INFO]    [PING OK] RU | 235ms
2026-02-19 01:10:25 [INFO]    [PING OK] RU | 253ms
2026-02-19 01:10:25 [INFO]    [PING OK] RU | 202ms
2026-02-19 01:10:25 [INFO]    [PING OK] RU | 158ms
2026-02-19 01:10:26 [INFO]    [PING OK] RU | 146ms
2026-02-19 01:10:26 [INFO]    [PING OK] RU | 65ms
2026-02-19 01:10:26 [INFO]    [PING OK] RU | 194ms
2026-02-19 01:10:26 [INFO]    [PING OK] RU | 3398ms
2026-02-19 01:10:26 [INFO]    [PING OK] RU | 484ms
2026-02-19 01:10:26 [INFO]    [PING OK] RU | 235ms
2026-02-19 01:10:26 [INFO]    [PING OK] RU | 269ms
2026-02-19 01:10:27 [INFO]    [PING OK] RU | 224ms
2026-02-19 01:10:27 [INFO]    [PING OK] RU | 212ms
2026-02-19 01:10:27 [INFO]    [PING OK] RU | 253ms
2026-02-19 01:10:27 [INFO]    [PING OK] RU | 393ms
2026-02-19 01:10:27 [INFO]    [PING OK] DE | 370ms
2026-02-19 01:10:27 [INFO]    [PING OK] RU | 197ms
2026-02-19 01:10:27 [INFO]    [PING OK] RU | 227ms
2026-02-19 01:10:27 [INFO]    [PING OK] US | 211ms
2026-02-19 01:10:27 [INFO]    [PING OK] RU | 285ms
2026-02-19 01:10:28 [INFO]    [PING OK] RU | 243ms
2026-02-19 01:10:28 [INFO]    [PING OK] RU | 143ms
2026-02-19 01:10:28 [INFO]    [PING OK] RU | 197ms
2026-02-19 01:10:28 [INFO]    [PING OK] RU | 239ms
2026-02-19 01:10:28 [INFO]    [PING OK] RU | 4826ms
2026-02-19 01:10:28 [INFO]    [PING OK] RU | 270ms
2026-02-19 01:10:28 [INFO]    [PING OK] RU | 253ms
2026-02-19 01:10:28 [INFO]    [PING OK] RU | 203ms
2026-02-19 01:10:28 [INFO]    [PING OK] RU | 394ms
2026-02-19 01:10:29 [INFO]    [PING OK] RU | 233ms
2026-02-19 01:10:29 [INFO]    [PING OK] RU | 249ms
2026-02-19 01:10:29 [INFO]    [PING OK] RU | 96ms
2026-02-19 01:10:29 [INFO]    [PING OK] RU | 237ms
2026-02-19 01:10:29 [INFO]    [PING OK] RU | 214ms
2026-02-19 01:10:29 [INFO]    [PING OK] RU | 130ms
2026-02-19 01:10:29 [INFO]    [PING OK] RU | 159ms
2026-02-19 01:10:29 [INFO]    [PING OK] RU | 288ms
2026-02-19 01:10:29 [INFO]    [PING OK] RU | 71ms
2026-02-19 01:10:29 [INFO]    [PING OK] RU | 150ms
2026-02-19 01:10:29 [INFO]    [PING OK] RU | 192ms
2026-02-19 01:10:29 [INFO]    [PING OK] RU | 1425ms
2026-02-19 01:10:29 [INFO]    [PING OK] RU | 262ms
2026-02-19 01:10:29 [INFO]    [PING OK] RU | 159ms
2026-02-19 01:10:29 [INFO]    [PING OK] RU | 179ms
2026-02-19 01:10:30 [INFO]    [PING OK] RU | 312ms
2026-02-19 01:10:30 [INFO]    [PING OK] RU | 236ms
2026-02-19 01:10:30 [INFO]    [PING OK] ES | 260ms
2026-02-19 01:10:31 [INFO]    [PING OK] FR | 837ms
2026-02-19 01:10:31 [INFO]    [PING OK] RU | 3018ms
2026-02-19 01:10:33 [INFO]    [PING OK] IN | 863ms
2026-02-19 01:10:35 [INFO]    [PING OK] US | 365ms
2026-02-19 01:10:35 [INFO]    [PING OK] US | 679ms
2026-02-19 01:10:37 [INFO]    [PING OK] NL | 208ms
2026-02-19 01:10:37 [INFO]    [PING OK] AT | 230ms
2026-02-19 01:10:38 [INFO]    [PING OK] LV | 442ms
2026-02-19 01:10:38 [INFO]    [PING OK] JP | 422ms
2026-02-19 01:10:38 [INFO]    [PING OK] MD | 360ms
2026-02-19 01:10:39 [INFO]    [PING OK] DE | 205ms
2026-02-19 01:10:40 [INFO]    [PING OK] UZ | 1401ms
2026-02-19 01:10:40 [INFO]    [PING OK] PL | 112ms
2026-02-19 01:10:41 [INFO]    [PING OK] FI | 118ms
2026-02-19 01:10:42 [INFO]    [PING OK] IT | 561ms
2026-02-19 01:10:43 [INFO]    [PING OK] HU | 321ms
2026-02-19 01:10:44 [INFO]    [PING OK] LV | 98ms
2026-02-19 01:11:14 [INFO] 🏎️ ЭТАП 2: Глубокий замер скорости для ТОП-10 серверов...
2026-02-19 01:11:18 [INFO]    🏆 LV | Пинг: 98ms | Скорость: 9.5 Mbps ⚡⚡
2026-02-19 01:11:18 [INFO]    🏆 PL | Пинг: 112ms | Скорость: 9.53 Mbps ⚡⚡
2026-02-19 01:11:18 [INFO]    🏆 FI | Пинг: 118ms | Скорость: 9.58 Mbps ⚡⚡
2026-02-19 01:11:18 [INFO]    🏆 DE | Пинг: 144ms | Скорость: 9.43 Mbps ⚡⚡
2026-02-19 01:11:18 [INFO]    🏆 DE | Пинг: 145ms | Скорость: 9.56 Mbps ⚡⚡
2026-02-19 01:11:18 [INFO]    🏆 DE | Пинг: 205ms | Скорость: 9.82 Mbps ⚡⚡
2026-02-19 01:11:18 [INFO]    🏆 NL | Пинг: 208ms | Скорость: 0.0 Mbps 
2026-02-19 01:11:18 [INFO]    🏆 US | Пинг: 211ms | Скорость: 0.0 Mbps 
2026-02-19 01:11:18 [INFO]    🏆 AT | Пинг: 230ms | Скорость: 0.0 Mbps 
2026-02-19 01:11:18 [INFO]    🏆 RU | Пинг: 63ms | Скорость: 9.91 Mbps ⚡⚡
2026-02-19 01:11:18 [INFO] 🇷🇺 Добавлен RU сервер: 109.120.190.78
2026-02-19 01:11:18 [INFO] 📊 Итого в подписке сохранено: 10 серверов
2026-02-19 01:11:18 [INFO] 💾 Файл успешно сохранен: FL1PVPN
