2026-02-18 05:00:06 [INFO] 🚀 START: Smart VLESS Selector (Target: 10, Strict Mode)
2026-02-18 05:00:06 [INFO] 🌐 Загрузка источников...
2026-02-18 05:00:08 [INFO] 🔍 Уникальных конфигов собрано: 378
2026-02-18 05:00:08 [INFO] ⚡ ЭТАП 1: Быстрый замер Пинга (Workers: 25)...
2026-02-18 05:00:10 [INFO]    [PING OK] RU | 334ms
2026-02-18 05:00:10 [INFO]    [PING OK] LV | 348ms
2026-02-18 05:00:11 [INFO]    [PING OK] DE | 1216ms
2026-02-18 05:00:11 [INFO]    [PING OK] IT | 542ms
2026-02-18 05:00:11 [INFO]    [PING OK] RU | 133ms
2026-02-18 05:00:12 [INFO]    [PING OK] BG | 292ms
2026-02-18 05:00:14 [INFO]    [PING OK] DE | 158ms
2026-02-18 05:00:16 [INFO]    [PING OK] NL | 182ms
2026-02-18 05:00:16 [INFO]    [PING OK] IN | 3446ms
2026-02-18 05:00:16 [INFO]    [PING OK] DE | 163ms
2026-02-18 05:00:17 [INFO]    [PING OK] RU | 166ms
2026-02-18 05:00:19 [INFO]    [PING OK] DE | 403ms
2026-02-18 05:00:19 [INFO]    [PING OK] RU | 196ms
2026-02-18 05:00:19 [INFO]    [PING OK] RU | 225ms
2026-02-18 05:00:20 [INFO]    [PING OK] RU | 178ms
2026-02-18 05:00:20 [INFO]    [PING OK] RU | 163ms
2026-02-18 05:00:20 [INFO]    [PING OK] RU | 80ms
2026-02-18 05:00:20 [INFO]    [PING OK] US | 3350ms
2026-02-18 05:00:20 [INFO]    [PING OK] RU | 687ms
2026-02-18 05:00:20 [INFO]    [PING OK] RU | 202ms
2026-02-18 05:00:20 [INFO]    [PING OK] RU | 119ms
2026-02-18 05:00:20 [INFO]    [PING OK] RU | 222ms
2026-02-18 05:00:21 [INFO]    [PING OK] RU | 64ms
2026-02-18 05:00:21 [INFO]    [PING OK] RU | 323ms
2026-02-18 05:00:21 [INFO]    [PING OK] RU | 1011ms
2026-02-18 05:00:21 [INFO]    [PING OK] RU | 341ms
2026-02-18 05:00:21 [INFO]    [PING OK] RU | 203ms
2026-02-18 05:00:21 [INFO]    [PING OK] RU | 357ms
2026-02-18 05:00:21 [INFO]    [PING OK] RU | 266ms
2026-02-18 05:00:21 [INFO]    [PING OK] RU | 743ms
2026-02-18 05:00:21 [INFO]    [PING OK] RU | 159ms
2026-02-18 05:00:21 [INFO]    [PING OK] RU | 161ms
2026-02-18 05:00:22 [INFO]    [PING OK] RU | 257ms
2026-02-18 05:00:22 [INFO]    [PING OK] RU | 81ms
2026-02-18 05:00:22 [INFO]    [PING OK] RU | 216ms
2026-02-18 05:00:22 [INFO]    [PING OK] RU | 99ms
2026-02-18 05:00:22 [INFO]    [PING OK] RU | 263ms
2026-02-18 05:00:22 [INFO]    [PING OK] RU | 129ms
2026-02-18 05:00:22 [INFO]    [PING OK] RU | 324ms
2026-02-18 05:00:22 [INFO]    [PING OK] RU | 414ms
2026-02-18 05:00:22 [INFO]    [PING OK] RU | 224ms
2026-02-18 05:00:22 [INFO]    [PING OK] RU | 398ms
2026-02-18 05:00:22 [INFO]    [PING OK] RU | 602ms
2026-02-18 05:00:22 [INFO]    [PING OK] RU | 95ms
2026-02-18 05:00:23 [INFO]    [PING OK] RU | 242ms
2026-02-18 05:00:23 [INFO]    [PING OK] RU | 213ms
2026-02-18 05:00:23 [INFO]    [PING OK] RU | 202ms
2026-02-18 05:00:23 [INFO]    [PING OK] RU | 240ms
2026-02-18 05:00:23 [INFO]    [PING OK] RU | 54ms
2026-02-18 05:00:23 [INFO]    [PING OK] RU | 36ms
2026-02-18 05:00:23 [INFO]    [PING OK] RU | 337ms
2026-02-18 05:00:23 [INFO]    [PING OK] RU | 206ms
2026-02-18 05:00:23 [INFO]    [PING OK] RU | 210ms
2026-02-18 05:00:23 [INFO]    [PING OK] RU | 242ms
2026-02-18 05:00:23 [INFO]    [PING OK] RU | 226ms
2026-02-18 05:00:23 [INFO]    [PING OK] RU | 31ms
2026-02-18 05:00:23 [INFO]    [PING OK] RU | 762ms
2026-02-18 05:00:23 [INFO]    [PING OK] RU | 368ms
2026-02-18 05:00:24 [INFO]    [PING OK] RU | 75ms
2026-02-18 05:00:24 [INFO]    [PING OK] RU | 101ms
2026-02-18 05:00:24 [INFO]    [PING OK] RU | 3033ms
2026-02-18 05:00:24 [INFO]    [PING OK] RU | 205ms
2026-02-18 05:00:24 [INFO]    [PING OK] RU | 94ms
2026-02-18 05:00:24 [INFO]    [PING OK] RU | 123ms
2026-02-18 05:00:24 [INFO]    [PING OK] RU | 262ms
2026-02-18 05:00:24 [INFO]    [PING OK] RU | 170ms
2026-02-18 05:00:24 [INFO]    [PING OK] RU | 167ms
2026-02-18 05:00:24 [INFO]    [PING OK] RU | 51ms
2026-02-18 05:00:24 [INFO]    [PING OK] RU | 80ms
2026-02-18 05:00:24 [INFO]    [PING OK] RU | 295ms
2026-02-18 05:00:25 [INFO]    [PING OK] RU | 46ms
2026-02-18 05:00:25 [INFO]    [PING OK] RU | 316ms
2026-02-18 05:00:25 [INFO]    [PING OK] RU | 345ms
2026-02-18 05:00:25 [INFO]    [PING OK] RU | 87ms
2026-02-18 05:00:25 [INFO]    [PING OK] RU | 52ms
2026-02-18 05:00:25 [INFO]    [PING OK] RU | 216ms
2026-02-18 05:00:25 [INFO]    [PING OK] RU | 109ms
2026-02-18 05:00:25 [INFO]    [PING OK] RU | 230ms
2026-02-18 05:00:25 [INFO]    [PING OK] RU | 83ms
2026-02-18 05:00:25 [INFO]    [PING OK] RU | 163ms
2026-02-18 05:00:25 [INFO]    [PING OK] RU | 320ms
2026-02-18 05:00:26 [INFO]    [PING OK] RU | 95ms
2026-02-18 05:00:26 [INFO]    [PING OK] RU | 102ms
2026-02-18 05:00:26 [INFO]    [PING OK] RU | 159ms
2026-02-18 05:00:26 [INFO]    [PING OK] RU | 4918ms
2026-02-18 05:00:26 [INFO]    [PING OK] RU | 140ms
2026-02-18 05:00:26 [INFO]    [PING OK] RU | 439ms
2026-02-18 05:00:26 [INFO]    [PING OK] RU | 660ms
2026-02-18 05:00:26 [INFO]    [PING OK] RU | 238ms
2026-02-18 05:00:26 [INFO]    [PING OK] RU | 169ms
2026-02-18 05:00:26 [INFO]    [PING OK] RU | 230ms
2026-02-18 05:00:27 [INFO]    [PING OK] RU | 71ms
2026-02-18 05:00:27 [INFO]    [PING OK] RU | 88ms
2026-02-18 05:00:27 [INFO]    [PING OK] RU | 57ms
2026-02-18 05:00:27 [INFO]    [PING OK] RU | 4043ms
2026-02-18 05:00:27 [INFO]    [PING OK] RU | 83ms
2026-02-18 05:00:27 [INFO]    [PING OK] RU | 112ms
2026-02-18 05:00:27 [INFO]    [PING OK] RU | 180ms
2026-02-18 05:00:27 [INFO]    [PING OK] RU | 455ms
2026-02-18 05:00:27 [INFO]    [PING OK] RU | 55ms
2026-02-18 05:00:27 [INFO]    [PING OK] RU | 809ms
2026-02-18 05:00:28 [INFO]    [PING OK] RU | 337ms
2026-02-18 05:00:28 [INFO]    [PING OK] RU | 318ms
2026-02-18 05:00:28 [INFO]    [PING OK] RU | 739ms
2026-02-18 05:00:28 [INFO]    [PING OK] RU | 746ms
2026-02-18 05:00:28 [INFO]    [PING OK] RU | 268ms
2026-02-18 05:00:29 [INFO]    [PING OK] RU | 331ms
2026-02-18 05:00:29 [INFO]    [PING OK] RU | 87ms
2026-02-18 05:00:29 [INFO]    [PING OK] RU | 367ms
2026-02-18 05:00:29 [INFO]    [PING OK] RU | 4594ms
2026-02-18 05:00:29 [INFO]    [PING OK] RU | 359ms
2026-02-18 05:00:29 [INFO]    [PING OK] RU | 130ms
2026-02-18 05:00:29 [INFO]    [PING OK] RU | 146ms
2026-02-18 05:00:29 [INFO]    [PING OK] RU | 1389ms
2026-02-18 05:00:30 [INFO]    [PING OK] RU | 352ms
2026-02-18 05:00:30 [INFO]    [PING OK] RU | 255ms
2026-02-18 05:00:30 [INFO]    [PING OK] RU | 343ms
2026-02-18 05:00:30 [INFO]    [PING OK] RU | 1227ms
2026-02-18 05:00:30 [INFO]    [PING OK] RU | 171ms
2026-02-18 05:00:30 [INFO]    [PING OK] RU | 146ms
2026-02-18 05:00:30 [INFO]    [PING OK] RU | 139ms
2026-02-18 05:00:31 [INFO]    [PING OK] PL | 139ms
2026-02-18 05:00:31 [INFO]    [PING OK] DE | 168ms
2026-02-18 05:00:31 [INFO]    [PING OK] US | 646ms
2026-02-18 05:00:31 [INFO]    [PING OK] FI | 207ms
2026-02-18 05:00:31 [INFO]    [PING OK] RU | 2118ms
2026-02-18 05:00:32 [INFO]    [PING OK] NL | 208ms
2026-02-18 05:00:32 [INFO]    [PING OK] MD | 267ms
2026-02-18 05:00:33 [INFO]    [PING OK] AT | 240ms
2026-02-18 05:00:34 [INFO]    [PING OK] RU | 234ms
2026-02-18 05:00:34 [INFO]    [PING OK] FI | 428ms
2026-02-18 05:00:34 [INFO]    [PING OK] PL | 133ms
2026-02-18 05:00:34 [INFO]    [PING OK] DE | 264ms
2026-02-18 05:00:34 [INFO]    [PING OK] UZ | 278ms
2026-02-18 05:00:35 [INFO]    [PING OK] DE | 129ms
2026-02-18 05:00:36 [INFO]    [PING OK] FI | 247ms
2026-02-18 05:00:36 [INFO]    [PING OK] DE | 221ms
2026-02-18 05:00:37 [INFO]    [PING OK] LV | 374ms
2026-02-18 05:00:37 [INFO]    [PING OK] PL | 124ms
2026-02-18 05:00:38 [INFO]    [PING OK] FI | 154ms
2026-02-18 05:00:38 [INFO]    [PING OK] FI | 122ms
2026-02-18 05:00:39 [INFO]    [PING OK] DE | 482ms
2026-02-18 05:00:39 [INFO]    [PING OK] US | 472ms
2026-02-18 05:00:40 [INFO]    [PING OK] DE | 285ms
2026-02-18 05:00:40 [INFO]    [PING OK] FR | 166ms
2026-02-18 05:00:41 [INFO]    [PING OK] NL | 445ms
2026-02-18 05:00:41 [INFO]    [PING OK] JP | 2064ms
2026-02-18 05:00:41 [INFO]    [PING OK] AE | 213ms
2026-02-18 05:00:44 [INFO]    [PING OK] FI | 4298ms
2026-02-18 05:00:46 [INFO] 🏎️ ЭТАП 2: Глубокий замер скорости для ТОП-10 серверов...
2026-02-18 05:00:50 [INFO]    🏆 FI | Пинг: 122ms | Скорость: 9.37 Mbps ⚡⚡
2026-02-18 05:00:50 [INFO]    🏆 PL | Пинг: 124ms | Скорость: 9.3 Mbps ⚡⚡
2026-02-18 05:00:50 [INFO]    🏆 DE | Пинг: 129ms | Скорость: 0.0 Mbps 
2026-02-18 05:00:50 [INFO]    🏆 PL | Пинг: 133ms | Скорость: 0.0 Mbps 
2026-02-18 05:00:50 [INFO]    🏆 PL | Пинг: 139ms | Скорость: 9.63 Mbps ⚡⚡
2026-02-18 05:00:50 [INFO]    🏆 FI | Пинг: 154ms | Скорость: 9.4 Mbps ⚡⚡
2026-02-18 05:00:50 [INFO]    🏆 DE | Пинг: 158ms | Скорость: 9.94 Mbps ⚡⚡
2026-02-18 05:00:50 [INFO]    🏆 DE | Пинг: 163ms | Скорость: 9.52 Mbps ⚡⚡
2026-02-18 05:00:50 [INFO]    🏆 FR | Пинг: 166ms | Скорость: 0.0 Mbps 
2026-02-18 05:00:50 [INFO]    🏆 RU | Пинг: 31ms | Скорость: 9.83 Mbps ⚡⚡
2026-02-18 05:00:50 [INFO] 🇷🇺 Добавлен RU сервер: 37.139.35.37
2026-02-18 05:00:50 [INFO] 📊 Итого в подписке сохранено: 10 серверов
2026-02-18 05:00:50 [INFO] 💾 Файл успешно сохранен: FL1PVPN
