2026-02-19 11:00:06 [INFO] 🚀 START: Smart VPN Selector (Target: 10, Strict Mode)
2026-02-19 11:00:06 [INFO] 🌐 Загрузка источников...
2026-02-19 11:00:10 [INFO] 🔍 Уникальных конфигов собрано: 1215
2026-02-19 11:00:10 [INFO] ⚡ ЭТАП 1: Быстрый замер Пинга (Workers: 25)...
2026-02-19 11:00:11 [INFO]    [PING OK] RU | 255ms
2026-02-19 11:00:11 [INFO]    [PING OK] DE | 192ms
2026-02-19 11:00:11 [INFO]    [PING OK] RU | 293ms
2026-02-19 11:00:11 [INFO]    [PING OK] DE | 145ms
2026-02-19 11:00:12 [INFO]    [PING OK] TR | 263ms
2026-02-19 11:00:12 [INFO]    [PING OK] LV | 203ms
2026-02-19 11:00:13 [INFO]    [PING OK] RU | 162ms
2026-02-19 11:00:13 [INFO]    [PING OK] SG | 455ms
2026-02-19 11:00:15 [INFO]    [PING OK] RU | 1602ms
2026-02-19 11:00:17 [INFO]    [PING OK] RU | 1612ms
2026-02-19 11:00:17 [INFO]    [PING OK] IT | 565ms
2026-02-19 11:00:17 [INFO]    [PING OK] TR | 1250ms
2026-02-19 11:00:21 [INFO]    [PING OK] RU | 2746ms
2026-02-19 11:00:21 [INFO]    [PING OK] RU | 241ms
2026-02-19 11:00:22 [INFO]    [PING OK] DE | 335ms
2026-02-19 11:00:23 [INFO]    [PING OK] LT | 3809ms
2026-02-19 11:00:23 [INFO]    [PING OK] US | 609ms
2026-02-19 11:00:23 [INFO]    [PING OK] TR | 111ms
2026-02-19 11:00:24 [INFO]    [PING OK] RU | 186ms
2026-02-19 11:00:24 [INFO]    [PING OK] RU | 287ms
2026-02-19 11:00:24 [INFO]    [PING OK] RU | 1206ms
2026-02-19 11:00:24 [INFO]    [PING OK] RU | 231ms
2026-02-19 11:00:25 [INFO]    [PING OK] RU | 781ms
2026-02-19 11:00:25 [INFO]    [PING OK] RU | 359ms
2026-02-19 11:00:26 [INFO]    [PING OK] RU | 204ms
2026-02-19 11:00:26 [INFO]    [PING OK] RU | 840ms
2026-02-19 11:00:26 [INFO]    [PING OK] RU | 379ms
2026-02-19 11:00:26 [INFO]    [PING OK] RU | 741ms
2026-02-19 11:00:26 [INFO]    [PING OK] RU | 276ms
2026-02-19 11:00:27 [INFO]    [PING OK] RU | 275ms
2026-02-19 11:00:27 [INFO]    [PING OK] RU | 537ms
2026-02-19 11:00:27 [INFO]    [PING OK] RU | 209ms
2026-02-19 11:00:27 [INFO]    [PING OK] RU | 1002ms
2026-02-19 11:00:27 [INFO]    [PING OK] RU | 276ms
2026-02-19 11:00:27 [INFO]    [PING OK] RU | 3136ms
2026-02-19 11:00:27 [INFO]    [PING OK] RU | 271ms
2026-02-19 11:00:27 [INFO]    [PING OK] RU | 227ms
2026-02-19 11:00:27 [INFO]    [PING OK] RU | 254ms
2026-02-19 11:00:28 [INFO]    [PING OK] RU | 280ms
2026-02-19 11:00:28 [INFO]    [PING OK] RU | 932ms
2026-02-19 11:00:28 [INFO]    [PING OK] RU | 1274ms
2026-02-19 11:00:28 [INFO]    [PING OK] RU | 222ms
2026-02-19 11:00:28 [INFO]    [PING OK] RU | 245ms
2026-02-19 11:00:28 [INFO]    [PING OK] RU | 3479ms
2026-02-19 11:00:28 [INFO]    [PING OK] RU | 1412ms
2026-02-19 11:00:28 [INFO]    [PING OK] RU | 939ms
2026-02-19 11:00:29 [INFO]    [PING OK] RU | 300ms
2026-02-19 11:00:29 [INFO]    [PING OK] RU | 287ms
2026-02-19 11:00:29 [INFO]    [PING OK] RU | 306ms
2026-02-19 11:00:29 [INFO]    [PING OK] RU | 290ms
2026-02-19 11:00:29 [INFO]    [PING OK] RU | 213ms
2026-02-19 11:00:29 [INFO]    [PING OK] RU | 258ms
2026-02-19 11:00:30 [INFO]    [PING OK] RU | 345ms
2026-02-19 11:00:30 [INFO]    [PING OK] RU | 938ms
2026-02-19 11:00:30 [INFO]    [PING OK] RU | 441ms
2026-02-19 11:00:30 [INFO]    [PING OK] RU | 275ms
2026-02-19 11:00:31 [INFO]    [PING OK] RU | 3023ms
2026-02-19 11:00:32 [INFO]    [PING OK] RU | 270ms
2026-02-19 11:00:32 [INFO]    [PING OK] RU | 2495ms
2026-02-19 11:00:33 [INFO]    [PING OK] RU | 4946ms
2026-02-19 11:00:33 [INFO]    [PING OK] RU | 289ms
2026-02-19 11:00:33 [INFO]    [PING OK] RU | 1665ms
2026-02-19 11:00:33 [INFO]    [PING OK] RU | 131ms
2026-02-19 11:00:33 [INFO]    [PING OK] RU | 118ms
2026-02-19 11:00:34 [INFO]    [PING OK] TR | 197ms
2026-02-19 11:00:34 [INFO]    [PING OK] US | 660ms
2026-02-19 11:00:35 [INFO]    [PING OK] RU | 4963ms
2026-02-19 11:00:35 [INFO]    [PING OK] SG | 430ms
2026-02-19 11:00:36 [INFO]    [PING OK] GB | 167ms
2026-02-19 11:00:36 [INFO]    [PING OK] GB | 557ms
2026-02-19 11:00:37 [INFO]    [PING OK] US | 432ms
2026-02-19 11:00:38 [INFO]    [PING OK] UZ | 286ms
2026-02-19 11:00:38 [INFO]    [PING OK] AE | 3764ms
2026-02-19 11:00:38 [INFO]    [PING OK] US | 515ms
2026-02-19 11:00:39 [INFO]    [PING OK] SG | 410ms
2026-02-19 11:00:39 [INFO]    [PING OK] US | 454ms
2026-02-19 11:00:40 [INFO]    [PING OK] LV | 470ms
2026-02-19 11:00:40 [INFO]    [PING OK] US | 481ms
2026-02-19 11:00:40 [INFO]    [PING OK] GB | 572ms
2026-02-19 11:00:40 [INFO]    [PING OK] MD | 171ms
2026-02-19 11:00:40 [INFO]    [PING OK] US | 3974ms
2026-02-19 11:00:41 [INFO]    [PING OK] RU | 57ms
2026-02-19 11:00:41 [INFO]    [PING OK] IT | 542ms
2026-02-19 11:00:41 [INFO]    [PING OK] SG | 642ms
2026-02-19 11:00:41 [INFO]    [PING OK] PL | 173ms
2026-02-19 11:00:41 [INFO]    [PING OK] DE | 380ms
2026-02-19 11:00:41 [INFO]    [PING OK] FR | 158ms
2026-02-19 11:00:42 [INFO]    [PING OK] US | 606ms
2026-02-19 11:00:43 [INFO]    [PING OK] US | 635ms
2026-02-19 11:00:43 [INFO]    [PING OK] AU | 591ms
2026-02-19 11:00:43 [INFO]    [PING OK] FR | 144ms
2026-02-19 11:00:43 [INFO]    [PING OK] MX | 406ms
2026-02-19 11:00:44 [INFO]    [PING OK] GB | 2273ms
2026-02-19 11:00:44 [INFO]    [PING OK] SE | 125ms
2026-02-19 11:00:44 [INFO]    [PING OK] DE | 147ms
2026-02-19 11:00:45 [INFO]    [PING OK] GB | 166ms
2026-02-19 11:00:45 [INFO]    [PING OK] DE | 1109ms
2026-02-19 11:00:45 [INFO]    [PING OK] JP | 2442ms
2026-02-19 11:00:46 [INFO]    [PING OK] US | 424ms
2026-02-19 11:00:46 [INFO]    [PING OK] BG | 115ms
2026-02-19 11:00:46 [INFO]    [PING OK] US | 477ms
2026-02-19 11:00:46 [INFO]    [PING OK] US | 387ms
2026-02-19 11:00:47 [INFO]    [PING OK] AT | 232ms
2026-02-19 11:00:47 [INFO]    [PING OK] LT | 295ms
2026-02-19 11:00:48 [INFO]    [PING OK] US | 378ms
2026-02-19 11:00:48 [INFO]    [PING OK] FI | 166ms
2026-02-19 11:00:48 [INFO]    [PING OK] FR | 173ms
2026-02-19 11:00:48 [INFO]    [PING OK] GB | 1172ms
2026-02-19 11:00:48 [INFO]    [PING OK] NL | 224ms
2026-02-19 11:00:49 [INFO]    [PING OK] GB | 159ms
2026-02-19 11:00:49 [INFO]    [PING OK] US | 386ms
2026-02-19 11:00:50 [INFO]    [PING OK] CH | 632ms
2026-02-19 11:00:50 [INFO]    [PING OK] HK | 1095ms
2026-02-19 11:00:50 [INFO]    [PING OK] HK | 1297ms
2026-02-19 11:00:50 [INFO]    [PING OK] DE | 132ms
2026-02-19 11:00:50 [INFO]    [PING OK] US | 405ms
2026-02-19 11:00:58 [INFO]    [PING OK] DE | 145ms
2026-02-19 11:01:02 [INFO]    [PING OK] DE | 139ms
2026-02-19 11:01:03 [INFO]    [PING OK] DE | 156ms
2026-02-19 11:01:07 [INFO]    [PING OK] GB | 207ms
2026-02-19 11:01:10 [INFO]    [PING OK] SG | 2643ms
2026-02-19 11:01:12 [INFO]    [PING OK] DE | 188ms
2026-02-19 11:01:13 [INFO]    [PING OK] GB | 1721ms
2026-02-19 11:01:14 [INFO]    [PING OK] DE | 414ms
2026-02-19 11:01:16 [INFO]    [PING OK] US | 243ms
2026-02-19 11:01:17 [INFO]    [PING OK] GB | 168ms
2026-02-19 11:01:18 [INFO]    [PING OK] JP | 4746ms
2026-02-19 11:01:21 [INFO]    [PING OK] FR | 119ms
2026-02-19 11:01:22 [INFO]    [PING OK] JP | 1544ms
2026-02-19 11:01:24 [INFO]    [PING OK] DE | 169ms
2026-02-19 11:01:26 [INFO]    [PING OK] DE | 148ms
2026-02-19 11:01:26 [INFO]    [PING OK] BR | 584ms
2026-02-19 11:01:27 [INFO]    [PING OK] FR | 133ms
2026-02-19 11:01:28 [INFO]    [PING OK] GB | 139ms
2026-02-19 11:01:29 [INFO]    [PING OK] GB | 161ms
2026-02-19 11:01:29 [INFO]    [PING OK] NL | 1203ms
2026-02-19 11:01:29 [INFO]    [PING OK] GB | 143ms
2026-02-19 11:01:31 [INFO]    [PING OK] GB | 1556ms
2026-02-19 11:01:32 [INFO]    [PING OK] DE | 4070ms
2026-02-19 11:01:32 [INFO]    [PING OK] DE | 730ms
2026-02-19 11:01:33 [INFO]    [PING OK] GB | 159ms
2026-02-19 11:01:33 [INFO]    [PING OK] GB | 168ms
2026-02-19 11:01:34 [INFO]    [PING OK] GB | 163ms
2026-02-19 11:01:35 [INFO]    [PING OK] GB | 169ms
2026-02-19 11:01:35 [INFO]    [PING OK] DE | 211ms
2026-02-19 11:01:35 [INFO]    [PING OK] RU | 3537ms
2026-02-19 11:01:35 [INFO]    [PING OK] US | 564ms
2026-02-19 11:01:36 [INFO]    [PING OK] GB | 213ms
2026-02-19 11:01:38 [INFO]    [PING OK] GB | 1046ms
2026-02-19 11:01:39 [INFO]    [PING OK] GB | 1072ms
2026-02-19 11:01:39 [INFO]    [PING OK] GB | 1260ms
2026-02-19 11:01:40 [INFO]    [PING OK] RU | 2886ms
2026-02-19 11:01:42 [INFO]    [PING OK] SC | 1745ms
2026-02-19 11:01:42 [INFO]    [PING OK] DE | 2885ms
2026-02-19 11:01:43 [INFO]    [PING OK] RU | 489ms
2026-02-19 11:01:43 [INFO]    [PING OK] GB | 174ms
2026-02-19 11:01:44 [INFO]    [PING OK] GB | 161ms
2026-02-19 11:01:44 [INFO]    [PING OK] SE | 131ms
2026-02-19 11:01:46 [INFO]    [PING OK] SG | 613ms
2026-02-19 11:01:47 [INFO]    [PING OK] GB | 1838ms
2026-02-19 11:01:49 [INFO]    [PING OK] NL | 497ms
2026-02-19 11:01:53 [INFO]    [PING OK] DE | 1496ms
2026-02-19 11:01:53 [INFO]    [PING OK] RU | 1746ms
2026-02-19 11:01:54 [INFO]    [PING OK] FI | 1707ms
2026-02-19 11:01:59 [INFO] 🏎️ ЭТАП 2: Глубокий замер скорости для ТОП-10 серверов...
2026-02-19 11:02:05 [INFO]    🏆 TR | Пинг: 111ms | Скорость: 0.0 Mbps 
2026-02-19 11:02:05 [INFO]    🏆 BG | Пинг: 115ms | Скорость: 4.84 Mbps ⚡⚡
2026-02-19 11:02:05 [INFO]    🏆 FR | Пинг: 119ms | Скорость: 3.67 Mbps ⚡⚡
2026-02-19 11:02:05 [INFO]    🏆 SE | Пинг: 125ms | Скорость: 0.0 Mbps 
2026-02-19 11:02:05 [INFO]    🏆 SE | Пинг: 131ms | Скорость: 11.6 Mbps ⚡⚡
2026-02-19 11:02:05 [INFO]    🏆 DE | Пинг: 132ms | Скорость: 7.0 Mbps ⚡⚡
2026-02-19 11:02:05 [INFO]    🏆 FR | Пинг: 133ms | Скорость: 3.85 Mbps ⚡⚡
2026-02-19 11:02:05 [INFO]    🏆 DE | Пинг: 139ms | Скорость: 11.56 Mbps ⚡⚡
2026-02-19 11:02:05 [INFO]    🏆 GB | Пинг: 139ms | Скорость: 11.54 Mbps ⚡⚡
2026-02-19 11:02:05 [INFO]    🏆 RU | Пинг: 57ms | Скорость: 11.86 Mbps ⚡⚡
2026-02-19 11:02:05 [INFO] 🇷🇺 Добавлен RU сервер: 212.192.14.234
2026-02-19 11:02:05 [INFO] 📊 Итого в подписке сохранено: 10 серверов
2026-02-19 11:02:05 [INFO] 💾 Файл успешно сохранен: FL1PVPN
