2026-02-22 05:50:06 [INFO] 🚀 START: Smart Selector (Target: 10, ONLY FOREIGN)
2026-02-22 05:50:06 [INFO] 🌐 Загрузка источников (VLESS + VMess)...
2026-02-22 05:50:09 [INFO] 🔍 Уникальных конфигов собрано: 255
2026-02-22 05:50:09 [INFO] ⚡ ЭТАП 1: Замер Пинга и Геолокации. Workers: 40...
2026-02-22 05:50:15 [INFO]    [PING OK] NL | VLESS | 4404ms
2026-02-22 05:50:15 [INFO]    [PING OK] CZ | VLESS | 5355ms
2026-02-22 05:50:16 [INFO]    [PING OK] DE | VLESS | 5619ms
2026-02-22 05:50:16 [INFO]    [PING OK] TR | VLESS | 4428ms
2026-02-22 05:50:17 [INFO]    [PING OK] DE | VLESS | 6649ms
2026-02-22 05:50:17 [INFO]    [PING OK] TR | VLESS | 4160ms
2026-02-22 05:50:17 [INFO]    [PING OK] DE | VLESS | 7201ms
2026-02-22 05:50:20 [INFO]    [PING OK] ES | VLESS | 4479ms
2026-02-22 05:50:21 [INFO]    [PING OK] IT | VLESS | 4836ms
2026-02-22 05:50:21 [INFO]    [PING OK] HU | VLESS | 5157ms
2026-02-22 05:50:21 [INFO]    [PING OK] TR | VLESS | 4974ms
2026-02-22 05:50:21 [INFO]    [PING OK] DE | VLESS | 5715ms
2026-02-22 05:50:21 [INFO]    [PING OK] PL | VLESS | 4294ms
2026-02-22 05:50:21 [INFO]    [PING OK] DE | VLESS | 4244ms
2026-02-22 05:50:21 [INFO]    [PING OK] ES | VLESS | 4159ms
2026-02-22 05:50:22 [INFO]    [PING OK] PL | VLESS | 4493ms
2026-02-22 05:50:22 [INFO]    [PING OK] IT | VLESS | 5380ms
2026-02-22 05:50:22 [INFO]    [PING OK] PL | VLESS | 4590ms
2026-02-22 05:50:22 [INFO]    [PING OK] HU | VLESS | 3600ms
2026-02-22 05:50:22 [INFO]    [PING OK] PL | VLESS | 3557ms
2026-02-22 05:50:23 [INFO]    [PING OK] EE | VLESS | 3580ms
2026-02-22 05:50:23 [INFO]    [PING OK] PL | VLESS | 3816ms
2026-02-22 05:50:24 [INFO]    [PING OK] CA | VLESS | 6360ms
2026-02-22 05:50:25 [INFO]    [PING OK] DE | VLESS | 4752ms
2026-02-22 05:50:25 [INFO]    [PING OK] NL | VLESS | 4562ms
2026-02-22 05:50:26 [INFO]    [PING OK] PL | VLESS | 5147ms
2026-02-22 05:50:26 [INFO]    [PING OK] DE | VLESS | 5487ms
2026-02-22 05:50:27 [INFO]    [PING OK] IT | VLESS | 5348ms
2026-02-22 05:50:27 [INFO]    [PING OK] CA | VLESS | 5651ms
2026-02-22 05:50:28 [INFO]    [PING OK] CA | VLESS | 5681ms
2026-02-22 05:50:28 [INFO]    [PING OK] CA | VLESS | 5549ms
2026-02-22 05:50:28 [INFO]    [PING OK] PL | VLESS | 8911ms
2026-02-22 05:50:28 [INFO]    [PING OK] CA | VLESS | 5823ms
2026-02-22 05:50:29 [INFO]    [PING OK] FR | VLESS | 6111ms
2026-02-22 05:50:29 [INFO]    [PING OK] CA | VLESS | 6813ms
2026-02-22 05:50:30 [INFO]    [PING OK] PL | VLESS | 8271ms
2026-02-22 05:50:30 [INFO]    [PING OK] DE | VLESS | 5111ms
2026-02-22 05:50:31 [INFO]    [PING OK] DE | VLESS | 5854ms
2026-02-22 05:50:33 [INFO]    [PING OK] DE | VLESS | 4653ms
2026-02-22 05:50:33 [INFO]    [PING OK] CA | VLESS | 9106ms
2026-02-22 05:50:33 [INFO]    [PING OK] DE | VLESS | 4941ms
2026-02-22 05:50:33 [INFO]    [PING OK] DE | VLESS | 5120ms
2026-02-22 05:50:33 [INFO]    [PING OK] CA | VLESS | 7890ms
2026-02-22 05:50:34 [INFO]    [PING OK] FR | VLESS | 4996ms
2026-02-22 05:50:34 [INFO]    [PING OK] DE | VLESS | 5981ms
2026-02-22 05:50:34 [INFO]    [PING OK] CA | VLESS | 6633ms
2026-02-22 05:50:35 [INFO]    [PING OK] NL | VLESS | 3976ms
2026-02-22 05:50:35 [INFO]    [PING OK] CA | VLESS | 6771ms
2026-02-22 05:50:36 [INFO]    [PING OK] US | VLESS | 3598ms
2026-02-22 05:50:36 [INFO]    [PING OK] DE | VLESS | 2898ms
2026-02-22 05:50:36 [INFO]    [PING OK] LV | VLESS | 2657ms
2026-02-22 05:50:40 [INFO]    [PING OK] CA | VLESS | 4913ms
2026-02-22 05:50:41 [INFO]    [PING OK] CA | VLESS | 6090ms
2026-02-22 05:50:41 [INFO] 🏎️ ЭТАП 2: Глубокий замер скорости для 40 иностранных кандидатов...
2026-02-22 05:50:45 [INFO]    🏆 DE | VLESS | Пинг: 2898ms | Скорость: 6.21 Mbps ⚡⚡
2026-02-22 05:50:45 [INFO]    🏆 NL | VLESS | Пинг: 3976ms | Скорость: 6.36 Mbps ⚡⚡
2026-02-22 05:50:45 [INFO]    🏆 PL | VLESS | Пинг: 3557ms | Скорость: 6.14 Mbps ⚡⚡
2026-02-22 05:50:46 [INFO]    🏆 ES | VLESS | Пинг: 4159ms | Скорость: 6.29 Mbps ⚡⚡
2026-02-22 05:50:46 [INFO]    🏆 HU | VLESS | Пинг: 3600ms | Скорость: 6.12 Mbps ⚡⚡
2026-02-22 05:50:46 [INFO]    🏆 PL | VLESS | Пинг: 4294ms | Скорость: 6.15 Mbps ⚡⚡
2026-02-22 05:50:46 [INFO]    🏆 ES | VLESS | Пинг: 4479ms | Скорость: 6.29 Mbps ⚡⚡
2026-02-22 05:50:46 [INFO]    🏆 TR | VLESS | Пинг: 4160ms | Скорость: 6.03 Mbps ⚡⚡
2026-02-22 05:50:46 [INFO]    🏆 US | VLESS | Пинг: 3598ms | Скорость: 5.67 Mbps ⚡⚡
2026-02-22 05:50:46 [INFO]    🏆 TR | VLESS | Пинг: 4428ms | Скорость: 5.94 Mbps ⚡⚡
2026-02-22 05:50:47 [INFO]    🏆 LV | VLESS | Пинг: 2657ms | Скорость: 4.25 Mbps ⚡⚡
2026-02-22 05:50:49 [INFO]    🏆 NL | VLESS | Пинг: 4562ms | Скорость: 8.45 Mbps ⚡⚡
2026-02-22 05:50:49 [INFO]    🏆 PL | VLESS | Пинг: 4493ms | Скорость: 7.92 Mbps ⚡⚡
2026-02-22 05:50:49 [INFO]    🏆 DE | VLESS | Пинг: 4941ms | Скорость: 8.61 Mbps ⚡⚡
2026-02-22 05:50:49 [INFO]    🏆 PL | VLESS | Пинг: 5147ms | Скорость: 9.26 Mbps ⚡⚡
2026-02-22 05:50:49 [INFO]    🏆 DE | VLESS | Пинг: 5111ms | Скорость: 8.64 Mbps ⚡⚡
2026-02-22 05:50:49 [INFO]    🏆 DE | VLESS | Пинг: 5120ms | Скорость: 9.01 Mbps ⚡⚡
2026-02-22 05:50:49 [INFO]    🏆 DE | VLESS | Пинг: 4752ms | Скорость: 7.2 Mbps ⚡⚡
2026-02-22 05:50:49 [INFO]    🏆 HU | VLESS | Пинг: 5157ms | Скорость: 13.75 Mbps ⚡⚡
2026-02-22 05:50:52 [INFO]    🏆 DE | VLESS | Пинг: 5619ms | Скорость: 9.34 Mbps ⚡⚡
2026-02-22 05:50:52 [INFO]    🏆 CA | VLESS | Пинг: 5549ms | Скорость: 8.59 Mbps ⚡⚡
2026-02-22 05:50:52 [INFO]    🏆 CA | VLESS | Пинг: 5651ms | Скорость: 8.58 Mbps ⚡⚡
2026-02-22 05:50:52 [INFO]    🏆 CA | VLESS | Пинг: 5681ms | Скорость: 8.56 Mbps ⚡⚡
2026-02-22 05:50:52 [INFO]    🏆 PL | VLESS | Пинг: 4590ms | Скорость: 0.79 Mbps 
2026-02-22 05:50:53 [INFO]    🏆 TR | VLESS | Пинг: 4974ms | Скорость: 0.89 Mbps 
2026-02-22 05:50:53 [INFO]    🏆 IT | VLESS | Пинг: 4836ms | Скорость: 1.34 Mbps 
2026-02-22 05:50:55 [INFO]    🏆 CZ | VLESS | Пинг: 5355ms | Скорость: 3.5 Mbps ⚡⚡
2026-02-22 05:50:57 [INFO] 📊 Итого в подписке сохранено иностранных серверов: 10
2026-02-22 05:50:57 [INFO] 💾 Файл успешно сохранен: FL1PVPN
