2026-02-26 03:30:05 [INFO] 🚀 START: Smart Selector (Target: 10, ONLY FOREIGN)
2026-02-26 03:30:05 [INFO] 🌐 Загрузка источников (VLESS + VMess)...
2026-02-26 03:30:06 [INFO] 🔍 Уникальных конфигов собрано: 132
2026-02-26 03:30:06 [INFO] ⚡ ЭТАП 1: Замер Пинга и Геолокации. Workers: 40...
2026-02-26 03:30:12 [INFO]    [PING OK] DE | VLESS | 4689ms
2026-02-26 03:30:12 [INFO]    [PING OK] FI | VLESS | 5018ms
2026-02-26 03:30:12 [INFO]    [PING OK] NL | VLESS | 5118ms
2026-02-26 03:30:12 [INFO]    [PING OK] DE | VLESS | 4879ms
2026-02-26 03:30:13 [INFO]    [PING OK] US | VLESS | 5315ms
2026-02-26 03:30:13 [INFO]    [PING OK] US | VLESS | 5672ms
2026-02-26 03:30:13 [INFO]    [PING OK] DE | VLESS | 4411ms
2026-02-26 03:30:13 [INFO]    [PING OK] DE | VLESS | 5422ms
2026-02-26 03:30:13 [INFO]    [PING OK] FI | VLESS | 5308ms
2026-02-26 03:30:13 [INFO]    [PING OK] NL | VLESS | 5049ms
2026-02-26 03:30:13 [INFO]    [PING OK] NL | VLESS | 5238ms
2026-02-26 03:30:13 [INFO]    [PING OK] US | VLESS | 5520ms
2026-02-26 03:30:13 [INFO]    [PING OK] DE | VLESS | 5169ms
2026-02-26 03:30:14 [INFO]    [PING OK] NL | VLESS | 4807ms
2026-02-26 03:30:14 [INFO]    [PING OK] DE | VLESS | 5180ms
2026-02-26 03:30:14 [INFO]    [PING OK] DE | VLESS | 5027ms
2026-02-26 03:30:15 [INFO]    [PING OK] DE | VLESS | 5393ms
2026-02-26 03:30:16 [INFO]    [PING OK] CA | VLESS | 5819ms
2026-02-26 03:30:16 [INFO]    [PING OK] CA | VLESS | 5544ms
2026-02-26 03:30:16 [INFO]    [PING OK] DE | VLESS | 5021ms
2026-02-26 03:30:16 [INFO]    [PING OK] US | VLESS | 5161ms
2026-02-26 03:30:17 [INFO]    [PING OK] CA | VLESS | 5885ms
2026-02-26 03:30:18 [INFO]    [PING OK] DE | VLESS | 4476ms
2026-02-26 03:30:19 [INFO]    [PING OK] DE | VLESS | 1868ms
2026-02-26 03:30:19 [INFO]    [PING OK] TW | VLESS | 4977ms
2026-02-26 03:30:20 [INFO]    [PING OK] US | VLESS | 2985ms
2026-02-26 03:30:21 [INFO]    [PING OK] NL | VLESS | 5829ms
2026-02-26 03:30:21 [INFO]    [PING OK] SG | VLESS | 9749ms
2026-02-26 03:30:23 [INFO] 🏎️ ЭТАП 2: Глубокий замер скорости для 28 иностранных кандидатов...
2026-02-26 03:30:28 [INFO]    🏆 DE | VLESS | Пинг: 1868ms | Скорость: 5.55 Mbps ⚡⚡
2026-02-26 03:30:28 [INFO]    🏆 DE | VLESS | Пинг: 4689ms | Скорость: 5.3 Mbps ⚡⚡
2026-02-26 03:30:28 [INFO]    🏆 DE | VLESS | Пинг: 4879ms | Скорость: 5.28 Mbps ⚡⚡
2026-02-26 03:30:28 [INFO]    🏆 DE | VLESS | Пинг: 4411ms | Скорость: 5.14 Mbps ⚡⚡
2026-02-26 03:30:28 [INFO]    🏆 NL | VLESS | Пинг: 4807ms | Скорость: 5.25 Mbps ⚡⚡
2026-02-26 03:30:28 [INFO]    🏆 DE | VLESS | Пинг: 4476ms | Скорость: 5.19 Mbps ⚡⚡
2026-02-26 03:30:28 [INFO]    🏆 DE | VLESS | Пинг: 5027ms | Скорость: 5.21 Mbps ⚡⚡
2026-02-26 03:30:28 [INFO]    🏆 US | VLESS | Пинг: 2985ms | Скорость: 5.02 Mbps ⚡⚡
2026-02-26 03:30:28 [INFO]    🏆 DE | VLESS | Пинг: 5021ms | Скорость: 5.21 Mbps ⚡⚡
2026-02-26 03:30:28 [INFO]    🏆 NL | VLESS | Пинг: 5049ms | Скорость: 5.21 Mbps ⚡⚡
2026-02-26 03:30:28 [INFO]    🏆 DE | VLESS | Пинг: 5169ms | Скорость: 5.21 Mbps ⚡⚡
2026-02-26 03:30:28 [INFO]    🏆 FI | VLESS | Пинг: 5018ms | Скорость: 5.0 Mbps ⚡⚡
2026-02-26 03:30:28 [INFO]    🏆 NL | VLESS | Пинг: 5118ms | Скорость: 5.02 Mbps ⚡⚡
2026-02-26 03:30:30 [INFO]    🏆 TW | VLESS | Пинг: 4977ms | Скорость: 3.58 Mbps ⚡⚡
2026-02-26 03:30:30 [INFO]    🏆 US | VLESS | Пинг: 5161ms | Скорость: 1.2 Mbps 
2026-02-26 03:30:30 [INFO]    🏆 DE | VLESS | Пинг: 5180ms | Скорость: 10.83 Mbps ⚡⚡
2026-02-26 03:30:32 [INFO]    🏆 NL | VLESS | Пинг: 5238ms | Скорость: 7.08 Mbps ⚡⚡
2026-02-26 03:30:32 [INFO]    🏆 US | VLESS | Пинг: 5672ms | Скорость: 7.44 Mbps ⚡⚡
2026-02-26 03:30:32 [INFO]    🏆 FI | VLESS | Пинг: 5308ms | Скорость: 7.1 Mbps ⚡⚡
2026-02-26 03:30:32 [INFO]    🏆 NL | VLESS | Пинг: 5829ms | Скорость: 7.67 Mbps ⚡⚡
2026-02-26 03:30:32 [INFO]    🏆 US | VLESS | Пинг: 5315ms | Скорость: 7.22 Mbps ⚡⚡
2026-02-26 03:30:32 [INFO]    🏆 DE | VLESS | Пинг: 5393ms | Скорость: 7.13 Mbps ⚡⚡
2026-02-26 03:30:32 [INFO]    🏆 DE | VLESS | Пинг: 5422ms | Скорость: 6.18 Mbps ⚡⚡
2026-02-26 03:30:33 [INFO] 📊 Итого в подписке сохранено иностранных серверов: 10
2026-02-26 03:30:33 [INFO] 💾 Файл успешно сохранен: FL1PVPN
