2026-02-17 22:40:06 [INFO] 🚀 START: Smart VLESS Selector (Target: 10, Strict Mode)
2026-02-17 22:40:06 [INFO] 🌐 Загрузка источников...
2026-02-17 22:40:09 [INFO] 🔍 Уникальных конфигов собрано: 351
2026-02-17 22:40:09 [INFO] ⚡ ЭТАП 1: Быстрый замер Пинга (Workers: 25)...
2026-02-17 22:40:10 [INFO]    [PING OK] NL | 169ms
2026-02-17 22:40:10 [INFO]    [PING OK] PL | 107ms
2026-02-17 22:40:10 [INFO]    [PING OK] LV | 220ms
2026-02-17 22:40:10 [INFO]    [PING OK] US | 371ms
2026-02-17 22:40:10 [INFO]    [PING OK] DE | 250ms
2026-02-17 22:40:10 [INFO]    [PING OK] LT | 158ms
2026-02-17 22:40:11 [INFO]    [PING OK] DE | 211ms
2026-02-17 22:40:11 [INFO]    [PING OK] LV | 295ms
2026-02-17 22:40:12 [INFO]    [PING OK] FI | 242ms
2026-02-17 22:40:12 [INFO]    [PING OK] LT | 230ms
2026-02-17 22:40:12 [INFO]    [PING OK] LT | 155ms
2026-02-17 22:40:13 [INFO]    [PING OK] FI | 196ms
2026-02-17 22:40:13 [INFO]    [PING OK] DE | 281ms
2026-02-17 22:40:14 [INFO]    [PING OK] NL | 154ms
2026-02-17 22:40:14 [INFO]    [PING OK] DE | 165ms
2026-02-17 22:40:14 [INFO]    [PING OK] DE | 143ms
2026-02-17 22:40:15 [INFO]    [PING OK] DE | 154ms
2026-02-17 22:40:15 [INFO]    [PING OK] DE | 3872ms
2026-02-17 22:40:15 [INFO]    [PING OK] RU | 216ms
2026-02-17 22:40:15 [INFO]    [PING OK] RU | 209ms
2026-02-17 22:40:16 [INFO]    [PING OK] RU | 73ms
2026-02-17 22:40:16 [INFO]    [PING OK] RU | 211ms
2026-02-17 22:40:16 [INFO]    [PING OK] RU | 241ms
2026-02-17 22:40:16 [INFO]    [PING OK] RU | 63ms
2026-02-17 22:40:16 [INFO]    [PING OK] RU | 238ms
2026-02-17 22:40:16 [INFO]    [PING OK] RU | 191ms
2026-02-17 22:40:16 [INFO]    [PING OK] RU | 183ms
2026-02-17 22:40:16 [INFO]    [PING OK] RU | 193ms
2026-02-17 22:40:16 [INFO]    [PING OK] RU | 91ms
2026-02-17 22:40:16 [INFO]    [PING OK] RU | 276ms
2026-02-17 22:40:16 [INFO]    [PING OK] RU | 181ms
2026-02-17 22:40:16 [INFO]    [PING OK] RU | 258ms
2026-02-17 22:40:16 [INFO]    [PING OK] RU | 219ms
2026-02-17 22:40:16 [INFO]    [PING OK] RU | 305ms
2026-02-17 22:40:16 [INFO]    [PING OK] RU | 1160ms
2026-02-17 22:40:16 [INFO]    [PING OK] RU | 277ms
2026-02-17 22:40:16 [INFO]    [PING OK] RU | 92ms
2026-02-17 22:40:16 [INFO]    [PING OK] RU | 204ms
2026-02-17 22:40:16 [INFO]    [PING OK] RU | 243ms
2026-02-17 22:40:17 [INFO]    [PING OK] RU | 391ms
2026-02-17 22:40:17 [INFO]    [PING OK] RU | 178ms
2026-02-17 22:40:17 [INFO]    [PING OK] RU | 242ms
2026-02-17 22:40:17 [INFO]    [PING OK] RU | 163ms
2026-02-17 22:40:17 [INFO]    [PING OK] RU | 1093ms
2026-02-17 22:40:17 [INFO]    [PING OK] RU | 547ms
2026-02-17 22:40:17 [INFO]    [PING OK] RU | 281ms
2026-02-17 22:40:17 [INFO]    [PING OK] RU | 439ms
2026-02-17 22:40:17 [INFO]    [PING OK] RU | 1053ms
2026-02-17 22:40:17 [INFO]    [PING OK] RU | 225ms
2026-02-17 22:40:17 [INFO]    [PING OK] RU | 250ms
2026-02-17 22:40:17 [INFO]    [PING OK] RU | 220ms
2026-02-17 22:40:17 [INFO]    [PING OK] DE | 848ms
2026-02-17 22:40:17 [INFO]    [PING OK] RU | 136ms
2026-02-17 22:40:17 [INFO]    [PING OK] RU | 103ms
2026-02-17 22:40:17 [INFO]    [PING OK] RU | 230ms
2026-02-17 22:40:17 [INFO]    [PING OK] RU | 1169ms
2026-02-17 22:40:17 [INFO]    [PING OK] RU | 216ms
2026-02-17 22:40:18 [INFO]    [PING OK] RU | 113ms
2026-02-17 22:40:18 [INFO]    [PING OK] RU | 222ms
2026-02-17 22:40:18 [INFO]    [PING OK] RU | 257ms
2026-02-17 22:40:18 [INFO]    [PING OK] RU | 1531ms
2026-02-17 22:40:18 [INFO]    [PING OK] RU | 235ms
2026-02-17 22:40:18 [INFO]    [PING OK] RU | 193ms
2026-02-17 22:40:18 [INFO]    [PING OK] RU | 608ms
2026-02-17 22:40:18 [INFO]    [PING OK] RU | 140ms
2026-02-17 22:40:18 [INFO]    [PING OK] RU | 324ms
2026-02-17 22:40:18 [INFO]    [PING OK] RU | 259ms
2026-02-17 22:40:18 [INFO]    [PING OK] RU | 227ms
2026-02-17 22:40:18 [INFO]    [PING OK] RU | 386ms
2026-02-17 22:40:18 [INFO]    [PING OK] RU | 53ms
2026-02-17 22:40:18 [INFO]    [PING OK] RU | 289ms
2026-02-17 22:40:18 [INFO]    [PING OK] RU | 92ms
2026-02-17 22:40:18 [INFO]    [PING OK] RU | 110ms
2026-02-17 22:40:18 [INFO]    [PING OK] RU | 1333ms
2026-02-17 22:40:18 [INFO]    [PING OK] RU | 234ms
2026-02-17 22:40:19 [INFO]    [PING OK] RU | 339ms
2026-02-17 22:40:19 [INFO]    [PING OK] RU | 225ms
2026-02-17 22:40:19 [INFO]    [PING OK] RU | 261ms
2026-02-17 22:40:19 [INFO]    [PING OK] RU | 189ms
2026-02-17 22:40:19 [INFO]    [PING OK] RU | 2027ms
2026-02-17 22:40:19 [INFO]    [PING OK] RU | 162ms
2026-02-17 22:40:19 [INFO]    [PING OK] RU | 95ms
2026-02-17 22:40:19 [INFO]    [PING OK] RU | 215ms
2026-02-17 22:40:19 [INFO]    [PING OK] RU | 56ms
2026-02-17 22:40:19 [INFO]    [PING OK] RU | 326ms
2026-02-17 22:40:19 [INFO]    [PING OK] RU | 66ms
2026-02-17 22:40:19 [INFO]    [PING OK] RU | 1280ms
2026-02-17 22:40:19 [INFO]    [PING OK] RU | 139ms
2026-02-17 22:40:19 [INFO]    [PING OK] RU | 1261ms
2026-02-17 22:40:19 [INFO]    [PING OK] US | 219ms
2026-02-17 22:40:19 [INFO]    [PING OK] RU | 837ms
2026-02-17 22:40:19 [INFO]    [PING OK] RU | 56ms
2026-02-17 22:40:20 [INFO]    [PING OK] RU | 227ms
2026-02-17 22:40:20 [INFO]    [PING OK] RU | 544ms
2026-02-17 22:40:20 [INFO]    [PING OK] RU | 275ms
2026-02-17 22:40:20 [INFO]    [PING OK] RU | 472ms
2026-02-17 22:40:20 [INFO]    [PING OK] RU | 498ms
2026-02-17 22:40:20 [INFO]    [PING OK] RU | 287ms
2026-02-17 22:40:20 [INFO]    [PING OK] RU | 238ms
2026-02-17 22:40:20 [INFO]    [PING OK] RU | 1272ms
2026-02-17 22:40:20 [INFO]    [PING OK] HU | 362ms
2026-02-17 22:40:20 [INFO]    [PING OK] RU | 189ms
2026-02-17 22:40:20 [INFO]    [PING OK] RU | 211ms
2026-02-17 22:40:20 [INFO]    [PING OK] RU | 363ms
2026-02-17 22:40:20 [INFO]    [PING OK] RU | 243ms
2026-02-17 22:40:20 [INFO]    [PING OK] RU | 211ms
2026-02-17 22:40:20 [INFO]    [PING OK] RU | 176ms
2026-02-17 22:40:21 [INFO]    [PING OK] RU | 164ms
2026-02-17 22:40:21 [INFO]    [PING OK] RU | 352ms
2026-02-17 22:40:21 [INFO]    [PING OK] RU | 153ms
2026-02-17 22:40:21 [INFO]    [PING OK] RU | 353ms
2026-02-17 22:40:21 [INFO]    [PING OK] RU | 397ms
2026-02-17 22:40:21 [INFO]    [PING OK] RU | 233ms
2026-02-17 22:40:21 [INFO]    [PING OK] RU | 56ms
2026-02-17 22:40:21 [INFO]    [PING OK] RU | 209ms
2026-02-17 22:40:21 [INFO]    [PING OK] RU | 115ms
2026-02-17 22:40:21 [INFO]    [PING OK] RU | 308ms
2026-02-17 22:40:21 [INFO]    [PING OK] RU | 465ms
2026-02-17 22:40:21 [INFO]    [PING OK] RU | 218ms
2026-02-17 22:40:22 [INFO]    [PING OK] RU | 164ms
2026-02-17 22:40:22 [INFO]    [PING OK] RU | 640ms
2026-02-17 22:40:22 [INFO]    [PING OK] FI | 416ms
2026-02-17 22:40:23 [INFO]    [PING OK] US | 453ms
2026-02-17 22:40:23 [INFO]    [PING OK] RU | 3340ms
2026-02-17 22:40:23 [INFO]    [PING OK] PL | 135ms
2026-02-17 22:40:23 [INFO]    [PING OK] RU | 2894ms
2026-02-17 22:40:24 [INFO]    [PING OK] FR | 341ms
2026-02-17 22:40:25 [INFO]    [PING OK] FR | 514ms
2026-02-17 22:40:25 [INFO]    [PING OK] RU | 4536ms
2026-02-17 22:40:26 [INFO]    [PING OK] RU | 4762ms
2026-02-17 22:40:26 [INFO]    [PING OK] PL | 173ms
2026-02-17 22:40:27 [INFO]    [PING OK] RU | 307ms
2026-02-17 22:40:27 [INFO]    [PING OK] FI | 249ms
2026-02-17 22:40:28 [INFO]    [PING OK] RU | 142ms
2026-02-17 22:40:28 [INFO]    [PING OK] NL | 201ms
2026-02-17 22:40:28 [INFO]    [PING OK] HU | 342ms
2026-02-17 22:40:29 [INFO]    [PING OK] GB | 155ms
2026-02-17 22:40:30 [INFO]    [PING OK] PL | 119ms
2026-02-17 22:40:31 [INFO]    [PING OK] RU | 228ms
2026-02-17 22:40:31 [INFO]    [PING OK] NL | 211ms
2026-02-17 22:40:32 [INFO]    [PING OK] FI | 241ms
2026-02-17 22:40:32 [INFO]    [PING OK] LV | 326ms
2026-02-17 22:40:34 [INFO]    [PING OK] US | 992ms
2026-02-17 22:40:35 [INFO]    [PING OK] UZ | 297ms
2026-02-17 22:40:35 [INFO]    [PING OK] JP | 411ms
2026-02-17 22:40:36 [INFO]    [PING OK] DE | 489ms
2026-02-17 22:40:36 [INFO]    [PING OK] AE | 201ms
2026-02-17 22:40:37 [INFO]    [PING OK] AT | 225ms
2026-02-17 22:40:41 [INFO] 🏎️ ЭТАП 2: Глубокий замер скорости для ТОП-10 серверов...
2026-02-17 22:40:45 [INFO]    🏆 PL | Пинг: 107ms | Скорость: 7.42 Mbps ⚡⚡
2026-02-17 22:40:45 [INFO]    🏆 PL | Пинг: 119ms | Скорость: 0.0 Mbps 
2026-02-17 22:40:45 [INFO]    🏆 PL | Пинг: 135ms | Скорость: 7.4 Mbps ⚡⚡
2026-02-17 22:40:45 [INFO]    🏆 DE | Пинг: 143ms | Скорость: 7.61 Mbps ⚡⚡
2026-02-17 22:40:45 [INFO]    🏆 NL | Пинг: 154ms | Скорость: 0.0 Mbps 
2026-02-17 22:40:45 [INFO]    🏆 DE | Пинг: 154ms | Скорость: 7.68 Mbps ⚡⚡
2026-02-17 22:40:45 [INFO]    🏆 LT | Пинг: 155ms | Скорость: 7.66 Mbps ⚡⚡
2026-02-17 22:40:45 [INFO]    🏆 GB | Пинг: 155ms | Скорость: 7.67 Mbps ⚡⚡
2026-02-17 22:40:45 [INFO]    🏆 LT | Пинг: 158ms | Скорость: 7.85 Mbps ⚡⚡
2026-02-17 22:40:45 [INFO]    🏆 RU | Пинг: 53ms | Скорость: 7.74 Mbps ⚡⚡
2026-02-17 22:40:45 [INFO] 🇷🇺 Добавлен RU сервер: 87.242.103.184
2026-02-17 22:40:45 [INFO] 📊 Итого в подписке сохранено: 10 серверов
2026-02-17 22:40:45 [INFO] 💾 Файл успешно сохранен: FL1PVPN
