2026-02-17 21:50:05 [INFO] 🚀 START: Smart VLESS Selector (Target: 10, Strict Mode)
2026-02-17 21:50:05 [INFO] 🌐 Загрузка источников...
2026-02-17 21:50:08 [INFO] 🔍 Уникальных конфигов собрано: 351
2026-02-17 21:50:08 [INFO] ⚡ ЭТАП 1: Быстрый замер Пинга (Workers: 25)...
2026-02-17 21:50:09 [INFO]    [PING OK] LV | 215ms
2026-02-17 21:50:09 [INFO]    [PING OK] LT | 206ms
2026-02-17 21:50:09 [INFO]    [PING OK] NL | 229ms
2026-02-17 21:50:09 [INFO]    [PING OK] DE | 216ms
2026-02-17 21:50:10 [INFO]    [PING OK] NL | 147ms
2026-02-17 21:50:10 [INFO]    [PING OK] FI | 220ms
2026-02-17 21:50:10 [INFO]    [PING OK] DE | 470ms
2026-02-17 21:50:10 [INFO]    [PING OK] DE | 520ms
2026-02-17 21:50:10 [INFO]    [PING OK] LT | 140ms
2026-02-17 21:50:11 [INFO]    [PING OK] PL | 94ms
2026-02-17 21:50:11 [INFO]    [PING OK] ES | 1910ms
2026-02-17 21:50:11 [INFO]    [PING OK] DE | 156ms
2026-02-17 21:50:11 [INFO]    [PING OK] LT | 158ms
2026-02-17 21:50:12 [INFO]    [PING OK] LV | 168ms
2026-02-17 21:50:12 [INFO]    [PING OK] US | 592ms
2026-02-17 21:50:12 [INFO]    [PING OK] DE | 156ms
2026-02-17 21:50:13 [INFO]    [PING OK] FI | 141ms
2026-02-17 21:50:13 [INFO]    [PING OK] DE | 255ms
2026-02-17 21:50:14 [INFO]    [PING OK] RU | 62ms
2026-02-17 21:50:14 [INFO]    [PING OK] RU | 140ms
2026-02-17 21:50:14 [INFO]    [PING OK] FI | 255ms
2026-02-17 21:50:14 [INFO]    [PING OK] RU | 197ms
2026-02-17 21:50:14 [INFO]    [PING OK] RU | 79ms
2026-02-17 21:50:14 [INFO]    [PING OK] RU | 200ms
2026-02-17 21:50:14 [INFO]    [PING OK] RU | 177ms
2026-02-17 21:50:14 [INFO]    [PING OK] RU | 299ms
2026-02-17 21:50:14 [INFO]    [PING OK] RU | 330ms
2026-02-17 21:50:14 [INFO]    [PING OK] RU | 214ms
2026-02-17 21:50:14 [INFO]    [PING OK] RU | 316ms
2026-02-17 21:50:14 [INFO]    [PING OK] RU | 288ms
2026-02-17 21:50:14 [INFO]    [PING OK] RU | 227ms
2026-02-17 21:50:15 [INFO]    [PING OK] RU | 276ms
2026-02-17 21:50:15 [INFO]    [PING OK] DE | 205ms
2026-02-17 21:50:15 [INFO]    [PING OK] RU | 1044ms
2026-02-17 21:50:15 [INFO]    [PING OK] RU | 169ms
2026-02-17 21:50:15 [INFO]    [PING OK] RU | 353ms
2026-02-17 21:50:15 [INFO]    [PING OK] RU | 46ms
2026-02-17 21:50:15 [INFO]    [PING OK] RU | 310ms
2026-02-17 21:50:15 [INFO]    [PING OK] RU | 317ms
2026-02-17 21:50:15 [INFO]    [PING OK] RU | 88ms
2026-02-17 21:50:15 [INFO]    [PING OK] RU | 258ms
2026-02-17 21:50:15 [INFO]    [PING OK] RU | 291ms
2026-02-17 21:50:15 [INFO]    [PING OK] RU | 328ms
2026-02-17 21:50:15 [INFO]    [PING OK] RU | 734ms
2026-02-17 21:50:16 [INFO]    [PING OK] RU | 678ms
2026-02-17 21:50:16 [INFO]    [PING OK] RU | 219ms
2026-02-17 21:50:16 [INFO]    [PING OK] RU | 1162ms
2026-02-17 21:50:16 [INFO]    [PING OK] RU | 213ms
2026-02-17 21:50:16 [INFO]    [PING OK] RU | 231ms
2026-02-17 21:50:16 [INFO]    [PING OK] RU | 178ms
2026-02-17 21:50:16 [INFO]    [PING OK] RU | 183ms
2026-02-17 21:50:16 [INFO]    [PING OK] RU | 283ms
2026-02-17 21:50:16 [INFO]    [PING OK] RU | 140ms
2026-02-17 21:50:16 [INFO]    [PING OK] RU | 896ms
2026-02-17 21:50:16 [INFO]    [PING OK] RU | 1886ms
2026-02-17 21:50:16 [INFO]    [PING OK] RU | 92ms
2026-02-17 21:50:16 [INFO]    [PING OK] RU | 316ms
2026-02-17 21:50:16 [INFO]    [PING OK] RU | 169ms
2026-02-17 21:50:16 [INFO]    [PING OK] RU | 291ms
2026-02-17 21:50:16 [INFO]    [PING OK] RU | 144ms
2026-02-17 21:50:16 [INFO]    [PING OK] US | 224ms
2026-02-17 21:50:16 [INFO]    [PING OK] RU | 206ms
2026-02-17 21:50:16 [INFO]    [PING OK] RU | 160ms
2026-02-17 21:50:17 [INFO]    [PING OK] RU | 179ms
2026-02-17 21:50:17 [INFO]    [PING OK] RU | 289ms
2026-02-17 21:50:17 [INFO]    [PING OK] RU | 286ms
2026-02-17 21:50:17 [INFO]    [PING OK] RU | 262ms
2026-02-17 21:50:17 [INFO]    [PING OK] RU | 247ms
2026-02-17 21:50:17 [INFO]    [PING OK] RU | 155ms
2026-02-17 21:50:17 [INFO]    [PING OK] RU | 240ms
2026-02-17 21:50:17 [INFO]    [PING OK] RU | 147ms
2026-02-17 21:50:17 [INFO]    [PING OK] RU | 253ms
2026-02-17 21:50:17 [INFO]    [PING OK] RU | 2334ms
2026-02-17 21:50:17 [INFO]    [PING OK] RU | 364ms
2026-02-17 21:50:17 [INFO]    [PING OK] RU | 173ms
2026-02-17 21:50:17 [INFO]    [PING OK] RU | 1755ms
2026-02-17 21:50:17 [INFO]    [PING OK] RU | 348ms
2026-02-17 21:50:17 [INFO]    [PING OK] RU | 234ms
2026-02-17 21:50:17 [INFO]    [PING OK] RU | 320ms
2026-02-17 21:50:18 [INFO]    [PING OK] RU | 350ms
2026-02-17 21:50:18 [INFO]    [PING OK] RU | 343ms
2026-02-17 21:50:18 [INFO]    [PING OK] RU | 244ms
2026-02-17 21:50:18 [INFO]    [PING OK] RU | 261ms
2026-02-17 21:50:18 [INFO]    [PING OK] RU | 295ms
2026-02-17 21:50:18 [INFO]    [PING OK] RU | 1038ms
2026-02-17 21:50:18 [INFO]    [PING OK] RU | 3207ms
2026-02-17 21:50:18 [INFO]    [PING OK] RU | 327ms
2026-02-17 21:50:18 [INFO]    [PING OK] RU | 136ms
2026-02-17 21:50:18 [INFO]    [PING OK] RU | 234ms
2026-02-17 21:50:18 [INFO]    [PING OK] RU | 809ms
2026-02-17 21:50:18 [INFO]    [PING OK] HU | 346ms
2026-02-17 21:50:18 [INFO]    [PING OK] RU | 285ms
2026-02-17 21:50:18 [INFO]    [PING OK] RU | 242ms
2026-02-17 21:50:19 [INFO]    [PING OK] RU | 292ms
2026-02-17 21:50:19 [INFO]    [PING OK] RU | 282ms
2026-02-17 21:50:19 [INFO]    [PING OK] RU | 264ms
2026-02-17 21:50:19 [INFO]    [PING OK] RU | 369ms
2026-02-17 21:50:19 [INFO]    [PING OK] RU | 275ms
2026-02-17 21:50:19 [INFO]    [PING OK] RU | 288ms
2026-02-17 21:50:19 [INFO]    [PING OK] RU | 245ms
2026-02-17 21:50:19 [INFO]    [PING OK] RU | 240ms
2026-02-17 21:50:19 [INFO]    [PING OK] RU | 140ms
2026-02-17 21:50:19 [INFO]    [PING OK] RU | 242ms
2026-02-17 21:50:19 [INFO]    [PING OK] RU | 481ms
2026-02-17 21:50:20 [INFO]    [PING OK] RU | 517ms
2026-02-17 21:50:20 [INFO]    [PING OK] RU | 182ms
2026-02-17 21:50:20 [INFO]    [PING OK] RU | 271ms
2026-02-17 21:50:20 [INFO]    [PING OK] RU | 249ms
2026-02-17 21:50:20 [INFO]    [PING OK] RU | 497ms
2026-02-17 21:50:20 [INFO]    [PING OK] RU | 866ms
2026-02-17 21:50:20 [INFO]    [PING OK] RU | 82ms
2026-02-17 21:50:20 [INFO]    [PING OK] RU | 230ms
2026-02-17 21:50:20 [INFO]    [PING OK] RU | 765ms
2026-02-17 21:50:20 [INFO]    [PING OK] RU | 162ms
2026-02-17 21:50:20 [INFO]    [PING OK] RU | 785ms
2026-02-17 21:50:21 [INFO]    [PING OK] RU | 4544ms
2026-02-17 21:50:21 [INFO]    [PING OK] RU | 178ms
2026-02-17 21:50:22 [INFO]    [PING OK] RU | 3006ms
2026-02-17 21:50:22 [INFO]    [PING OK] FI | 174ms
2026-02-17 21:50:23 [INFO]    [PING OK] US | 454ms
2026-02-17 21:50:23 [INFO]    [PING OK] TR | 444ms
2026-02-17 21:50:23 [INFO]    [PING OK] RU | 3906ms
2026-02-17 21:50:24 [INFO]    [PING OK] HU | 353ms
2026-02-17 21:50:25 [INFO]    [PING OK] RU | 3885ms
2026-02-17 21:50:27 [INFO]    [PING OK] IQ | 191ms
2026-02-17 21:50:27 [INFO]    [PING OK] LV | 374ms
2026-02-17 21:50:27 [INFO]    [PING OK] UZ | 250ms
2026-02-17 21:50:31 [INFO]    [PING OK] DE | 561ms
2026-02-17 21:50:32 [INFO]    [PING OK] JP | 401ms
2026-02-17 21:50:32 [INFO]    [PING OK] AE | 138ms
2026-02-17 21:50:32 [INFO]    [PING OK] RU | 2688ms
2026-02-17 21:50:32 [INFO]    [PING OK] GB | 177ms
2026-02-17 21:50:32 [INFO]    [PING OK] AT | 222ms
2026-02-17 21:50:33 [INFO]    [PING OK] RU | 154ms
2026-02-17 21:50:33 [INFO]    [PING OK] NL | 205ms
2026-02-17 21:50:34 [INFO]    [PING OK] FR | 480ms
2026-02-17 21:50:35 [INFO]    [PING OK] FI | 233ms
2026-02-17 21:50:36 [INFO]    [PING OK] DE | 150ms
2026-02-17 21:50:37 [INFO]    [PING OK] PL | 196ms
2026-02-17 21:50:37 [INFO]    [PING OK] PL | 161ms
2026-02-17 21:50:47 [INFO] 🏎️ ЭТАП 2: Глубокий замер скорости для ТОП-10 серверов...
2026-02-17 21:50:54 [INFO]    🏆 PL | Пинг: 94ms | Скорость: 8.74 Mbps ⚡⚡
2026-02-17 21:50:54 [INFO]    🏆 AE | Пинг: 138ms | Скорость: 8.75 Mbps ⚡⚡
2026-02-17 21:50:54 [INFO]    🏆 LT | Пинг: 140ms | Скорость: 8.87 Mbps ⚡⚡
2026-02-17 21:50:54 [INFO]    🏆 FI | Пинг: 141ms | Скорость: 1.93 Mbps ⚡
2026-02-17 21:50:54 [INFO]    🏆 NL | Пинг: 147ms | Скорость: 8.96 Mbps ⚡⚡
2026-02-17 21:50:54 [INFO]    🏆 DE | Пинг: 150ms | Скорость: 0.0 Mbps 
2026-02-17 21:50:54 [INFO]    🏆 DE | Пинг: 156ms | Скорость: 5.28 Mbps ⚡⚡
2026-02-17 21:50:54 [INFO]    🏆 DE | Пинг: 156ms | Скорость: 9.07 Mbps ⚡⚡
2026-02-17 21:50:54 [INFO]    🏆 LT | Пинг: 158ms | Скорость: 9.16 Mbps ⚡⚡
2026-02-17 21:50:54 [INFO]    🏆 RU | Пинг: 46ms | Скорость: 9.3 Mbps ⚡⚡
2026-02-17 21:50:54 [INFO] 🇷🇺 Добавлен RU сервер: 85.192.32.30
2026-02-17 21:50:54 [INFO] 📊 Итого в подписке сохранено: 10 серверов
2026-02-17 21:50:54 [INFO] 💾 Файл успешно сохранен: FL1PVPN
