2026-02-17 03:20:05 [INFO] 🚀 START: Smart VLESS Selector (Target: 10, Strict Mode)
2026-02-17 03:20:05 [INFO] 🌐 Загрузка источников...
2026-02-17 03:20:08 [INFO] 🔍 Уникальных конфигов собрано: 676
2026-02-17 03:20:08 [INFO] ⚡ ЭТАП 1: Быстрый замер Пинга (Workers: 25)...
2026-02-17 03:20:09 [INFO]    [PING OK] DE | 138ms
2026-02-17 03:20:09 [INFO]    [PING OK] DE | 184ms
2026-02-17 03:20:09 [INFO]    [PING OK] DE | 178ms
2026-02-17 03:20:09 [INFO]    [PING OK] RU | 217ms
2026-02-17 03:20:09 [INFO]    [PING OK] DE | 157ms
2026-02-17 03:20:10 [INFO]    [PING OK] DE | 1281ms
2026-02-17 03:20:10 [INFO]    [PING OK] US | 1591ms
2026-02-17 03:20:11 [INFO]    [PING OK] DE | 480ms
2026-02-17 03:20:13 [INFO]    [PING OK] DE | 2396ms
2026-02-17 03:20:13 [INFO]    [PING OK] DE | 189ms
2026-02-17 03:20:15 [INFO]    [PING OK] FR | 195ms
2026-02-17 03:20:17 [INFO]    [PING OK] DE | 813ms
2026-02-17 03:20:18 [INFO]    [PING OK] NL | 160ms
2026-02-17 03:20:20 [INFO]    [PING OK] EE | 113ms
2026-02-17 03:20:20 [INFO]    [PING OK] RU | 148ms
2026-02-17 03:20:20 [INFO]    [PING OK] RU | 177ms
2026-02-17 03:20:21 [INFO]    [PING OK] RU | 207ms
2026-02-17 03:20:21 [INFO]    [PING OK] RU | 316ms
2026-02-17 03:20:21 [INFO]    [PING OK] RU | 706ms
2026-02-17 03:20:21 [INFO]    [PING OK] RU | 81ms
2026-02-17 03:20:22 [INFO]    [PING OK] HU | 346ms
2026-02-17 03:20:22 [INFO]    [PING OK] RU | 329ms
2026-02-17 03:20:22 [INFO]    [PING OK] RU | 308ms
2026-02-17 03:20:22 [INFO]    [PING OK] RU | 490ms
2026-02-17 03:20:22 [INFO]    [PING OK] RU | 156ms
2026-02-17 03:20:22 [INFO]    [PING OK] RU | 82ms
2026-02-17 03:20:22 [INFO]    [PING OK] RU | 268ms
2026-02-17 03:20:22 [INFO]    [PING OK] RU | 462ms
2026-02-17 03:20:22 [INFO]    [PING OK] RU | 75ms
2026-02-17 03:20:22 [INFO]    [PING OK] PL | 169ms
2026-02-17 03:20:22 [INFO]    [PING OK] RU | 397ms
2026-02-17 03:20:22 [INFO]    [PING OK] RU | 201ms
2026-02-17 03:20:22 [INFO]    [PING OK] RU | 1902ms
2026-02-17 03:20:22 [INFO]    [PING OK] RU | 116ms
2026-02-17 03:20:23 [INFO]    [PING OK] FI | 168ms
2026-02-17 03:20:23 [INFO]    [PING OK] RU | 243ms
2026-02-17 03:20:23 [INFO]    [PING OK] RU | 258ms
2026-02-17 03:20:23 [INFO]    [PING OK] RU | 135ms
2026-02-17 03:20:23 [INFO]    [PING OK] RU | 108ms
2026-02-17 03:20:23 [INFO]    [PING OK] RU | 169ms
2026-02-17 03:20:23 [INFO]    [PING OK] RU | 186ms
2026-02-17 03:20:23 [INFO]    [PING OK] RU | 81ms
2026-02-17 03:20:23 [INFO]    [PING OK] RU | 606ms
2026-02-17 03:20:23 [INFO]    [PING OK] RU | 236ms
2026-02-17 03:20:23 [INFO]    [PING OK] PL | 177ms
2026-02-17 03:20:23 [INFO]    [PING OK] DE | 187ms
2026-02-17 03:20:23 [INFO]    [PING OK] RU | 165ms
2026-02-17 03:20:23 [INFO]    [PING OK] RU | 162ms
2026-02-17 03:20:23 [INFO]    [PING OK] RU | 263ms
2026-02-17 03:20:24 [INFO]    [PING OK] RU | 354ms
2026-02-17 03:20:24 [INFO]    [PING OK] DE | 175ms
2026-02-17 03:20:24 [INFO]    [PING OK] PL | 190ms
2026-02-17 03:20:24 [INFO]    [PING OK] RU | 256ms
2026-02-17 03:20:24 [INFO]    [PING OK] HU | 336ms
2026-02-17 03:20:24 [INFO]    [PING OK] RU | 237ms
2026-02-17 03:20:24 [INFO]    [PING OK] HU | 382ms
2026-02-17 03:20:24 [INFO]    [PING OK] RU | 80ms
2026-02-17 03:20:24 [INFO]    [PING OK] RU | 101ms
2026-02-17 03:20:24 [INFO]    [PING OK] RU | 210ms
2026-02-17 03:20:24 [INFO]    [PING OK] RU | 69ms
2026-02-17 03:20:24 [INFO]    [PING OK] NL | 1162ms
2026-02-17 03:20:24 [INFO]    [PING OK] RU | 99ms
2026-02-17 03:20:24 [INFO]    [PING OK] RU | 1339ms
2026-02-17 03:20:25 [INFO]    [PING OK] RU | 106ms
2026-02-17 03:20:25 [INFO]    [PING OK] RU | 3218ms
2026-02-17 03:20:25 [INFO]    [PING OK] RU | 231ms
2026-02-17 03:20:25 [INFO]    [PING OK] RU | 681ms
2026-02-17 03:20:25 [INFO]    [PING OK] RU | 240ms
2026-02-17 03:20:25 [INFO]    [PING OK] RU | 219ms
2026-02-17 03:20:25 [INFO]    [PING OK] RU | 329ms
2026-02-17 03:20:25 [INFO]    [PING OK] RU | 115ms
2026-02-17 03:20:25 [INFO]    [PING OK] RU | 414ms
2026-02-17 03:20:25 [INFO]    [PING OK] RU | 500ms
2026-02-17 03:20:25 [INFO]    [PING OK] RU | 102ms
2026-02-17 03:20:25 [INFO]    [PING OK] RU | 85ms
2026-02-17 03:20:26 [INFO]    [PING OK] RU | 225ms
2026-02-17 03:20:26 [INFO]    [PING OK] RU | 282ms
2026-02-17 03:20:26 [INFO]    [PING OK] RU | 77ms
2026-02-17 03:20:26 [INFO]    [PING OK] RU | 289ms
2026-02-17 03:20:26 [INFO]    [PING OK] RU | 303ms
2026-02-17 03:20:26 [INFO]    [PING OK] RU | 232ms
2026-02-17 03:20:26 [INFO]    [PING OK] RU | 59ms
2026-02-17 03:20:26 [INFO]    [PING OK] NL | 185ms
2026-02-17 03:20:26 [INFO]    [PING OK] RU | 549ms
2026-02-17 03:20:27 [INFO]    [PING OK] DE | 235ms
2026-02-17 03:20:27 [INFO]    [PING OK] NL | 161ms
2026-02-17 03:20:27 [INFO]    [PING OK] RU | 183ms
2026-02-17 03:20:27 [INFO]    [PING OK] RU | 204ms
2026-02-17 03:20:27 [INFO]    [PING OK] RU | 234ms
2026-02-17 03:20:27 [INFO]    [PING OK] RU | 300ms
2026-02-17 03:20:28 [INFO]    [PING OK] GB | 2343ms
2026-02-17 03:20:28 [INFO]    [PING OK] RU | 219ms
2026-02-17 03:20:28 [INFO]    [PING OK] RU | 214ms
2026-02-17 03:20:28 [INFO]    [PING OK] RU | 1486ms
2026-02-17 03:20:28 [INFO]    [PING OK] RU | 307ms
2026-02-17 03:20:28 [INFO]    [PING OK] RU | 263ms
2026-02-17 03:20:28 [INFO]    [PING OK] RU | 166ms
2026-02-17 03:20:28 [INFO]    [PING OK] RU | 410ms
2026-02-17 03:20:28 [INFO]    [PING OK] RU | 1088ms
2026-02-17 03:20:28 [INFO]    [PING OK] RU | 244ms
2026-02-17 03:20:29 [INFO]    [PING OK] RU | 212ms
2026-02-17 03:20:29 [INFO]    [PING OK] RU | 47ms
2026-02-17 03:20:29 [INFO]    [PING OK] RU | 234ms
2026-02-17 03:20:29 [INFO]    [PING OK] RU | 306ms
2026-02-17 03:20:29 [INFO]    [PING OK] RU | 231ms
2026-02-17 03:20:29 [INFO]    [PING OK] RU | 71ms
2026-02-17 03:20:29 [INFO]    [PING OK] RU | 292ms
2026-02-17 03:20:29 [INFO]    [PING OK] RU | 1256ms
2026-02-17 03:20:29 [INFO]    [PING OK] RU | 4471ms
2026-02-17 03:20:30 [INFO]    [PING OK] RU | 250ms
2026-02-17 03:20:30 [INFO]    [PING OK] RU | 3652ms
2026-02-17 03:20:30 [INFO]    [PING OK] RU | 191ms
2026-02-17 03:20:30 [INFO]    [PING OK] RU | 224ms
2026-02-17 03:20:30 [INFO]    [PING OK] RU | 368ms
2026-02-17 03:20:30 [INFO]    [PING OK] RU | 3462ms
2026-02-17 03:20:30 [INFO]    [PING OK] RU | 446ms
2026-02-17 03:20:31 [INFO]    [PING OK] RU | 2026ms
2026-02-17 03:20:31 [INFO]    [PING OK] RU | 1251ms
2026-02-17 03:20:31 [INFO]    [PING OK] AT | 190ms
2026-02-17 03:20:32 [INFO]    [PING OK] LT | 140ms
2026-02-17 03:20:32 [INFO]    [PING OK] PL | 227ms
2026-02-17 03:20:36 [INFO]    [PING OK] NL | 271ms
2026-02-17 03:20:38 [INFO]    [PING OK] TR | 276ms
2026-02-17 03:20:38 [INFO]    [PING OK] US | 615ms
2026-02-17 03:20:42 [INFO]    [PING OK] DE | 152ms
2026-02-17 03:20:42 [INFO]    [PING OK] CY | 161ms
2026-02-17 03:20:42 [INFO]    [PING OK] FR | 187ms
2026-02-17 03:20:43 [INFO]    [PING OK] NL | 278ms
2026-02-17 03:20:45 [INFO]    [PING OK] FR | 1829ms
2026-02-17 03:20:46 [INFO]    [PING OK] NL | 181ms
2026-02-17 03:20:49 [INFO]    [PING OK] LT | 143ms
2026-02-17 03:20:49 [INFO]    [PING OK] PL | 112ms
2026-02-17 03:20:53 [INFO]    [PING OK] DE | 198ms
2026-02-17 03:20:58 [INFO]    [PING OK] DE | 204ms
2026-02-17 03:21:00 [INFO]    [PING OK] FR | 185ms
2026-02-17 03:21:05 [INFO]    [PING OK] PL | 424ms
2026-02-17 03:21:05 [INFO]    [PING OK] US | 499ms
2026-02-17 03:21:07 [INFO]    [PING OK] US | 599ms
2026-02-17 03:21:07 [INFO]    [PING OK] PL | 122ms
2026-02-17 03:21:09 [INFO]    [PING OK] FR | 1330ms
2026-02-17 03:21:10 [INFO]    [PING OK] US | 523ms
2026-02-17 03:21:11 [INFO]    [PING OK] NL | 444ms
2026-02-17 03:21:12 [INFO]    [PING OK] FI | 258ms
2026-02-17 03:21:14 [INFO]    [PING OK] GR | 70ms
2026-02-17 03:21:16 [INFO]    [PING OK] FR | 168ms
2026-02-17 03:21:17 [INFO]    [PING OK] US | 1598ms
2026-02-17 03:21:19 [INFO]    [PING OK] DE | 158ms
2026-02-17 03:21:19 [INFO]    [PING OK] LT | 144ms
2026-02-17 03:21:20 [INFO]    [PING OK] FI | 147ms
2026-02-17 03:21:24 [INFO]    [PING OK] PL | 288ms
2026-02-17 03:21:24 [INFO]    [PING OK] SE | 234ms
2026-02-17 03:21:25 [INFO]    [PING OK] EE | 245ms
2026-02-17 03:21:25 [INFO]    [PING OK] DE | 432ms
2026-02-17 03:21:26 [INFO]    [PING OK] RU | 142ms
2026-02-17 03:21:27 [INFO]    [PING OK] US | 1047ms
2026-02-17 03:21:28 [INFO]    [PING OK] PL | 304ms
2026-02-17 03:21:28 [INFO]    [PING OK] RU | 225ms
2026-02-17 03:21:31 [INFO]    [PING OK] NL | 148ms
2026-02-17 03:21:31 [INFO]    [PING OK] LV | 170ms
2026-02-17 03:21:31 [INFO]    [PING OK] MD | 159ms
2026-02-17 03:21:32 [INFO]    [PING OK] LV | 439ms
2026-02-17 03:21:36 [INFO] 🏎️ ЭТАП 2: Глубокий замер скорости для ТОП-10 серверов...
2026-02-17 03:21:39 [INFO]    🏆 GR | Пинг: 70ms | Скорость: 8.08 Mbps ⚡⚡
2026-02-17 03:21:39 [INFO]    🏆 PL | Пинг: 112ms | Скорость: 8.05 Mbps ⚡⚡
2026-02-17 03:21:39 [INFO]    🏆 EE | Пинг: 113ms | Скорость: 8.09 Mbps ⚡⚡
2026-02-17 03:21:39 [INFO]    🏆 PL | Пинг: 122ms | Скорость: 8.35 Mbps ⚡⚡
2026-02-17 03:21:39 [INFO]    🏆 DE | Пинг: 138ms | Скорость: 8.19 Mbps ⚡⚡
2026-02-17 03:21:39 [INFO]    🏆 LT | Пинг: 140ms | Скорость: 8.2 Mbps ⚡⚡
2026-02-17 03:21:39 [INFO]    🏆 LT | Пинг: 143ms | Скорость: 8.32 Mbps ⚡⚡
2026-02-17 03:21:39 [INFO]    🏆 LT | Пинг: 144ms | Скорость: 8.43 Mbps ⚡⚡
2026-02-17 03:21:39 [INFO]    🏆 FI | Пинг: 147ms | Скорость: 8.5 Mbps ⚡⚡
2026-02-17 03:21:39 [INFO]    🏆 RU | Пинг: 47ms | Скорость: 8.54 Mbps ⚡⚡
2026-02-17 03:21:39 [INFO] 🇷🇺 Добавлен RU сервер: 85.192.32.30
2026-02-17 03:21:39 [INFO] 📊 Итого в подписке сохранено: 10 серверов
2026-02-17 03:21:39 [INFO] 💾 Файл успешно сохранен: FL1PVPN
