2026-02-23 22:00:05 [INFO] 🚀 START: Smart Selector (Target: 10, ONLY FOREIGN)
2026-02-23 22:00:05 [INFO] 🌐 Загрузка источников (VLESS + VMess)...
2026-02-23 22:00:08 [INFO] 🔍 Уникальных конфигов собрано: 228
2026-02-23 22:00:08 [INFO] ⚡ ЭТАП 1: Замер Пинга и Геолокации. Workers: 40...
2026-02-23 22:00:13 [INFO]    [PING OK] IT | VLESS | 4304ms
2026-02-23 22:00:13 [INFO]    [PING OK] US | VLESS | 4402ms
2026-02-23 22:00:14 [INFO]    [PING OK] PL | VLESS | 4637ms
2026-02-23 22:00:14 [INFO]    [PING OK] ES | VLESS | 4575ms
2026-02-23 22:00:14 [INFO]    [PING OK] PL | VLESS | 4564ms
2026-02-23 22:00:14 [INFO]    [PING OK] TR | VLESS | 4719ms
2026-02-23 22:00:14 [INFO]    [PING OK] EE | VLESS | 4410ms
2026-02-23 22:00:14 [INFO]    [PING OK] HU | VLESS | 3971ms
2026-02-23 22:00:14 [INFO]    [PING OK] HU | VLESS | 3680ms
2026-02-23 22:00:15 [INFO]    [PING OK] HU | VLESS | 4058ms
2026-02-23 22:00:15 [INFO]    [PING OK] TR | VLESS | 4639ms
2026-02-23 22:00:15 [INFO]    [PING OK] ES | VLESS | 4160ms
2026-02-23 22:00:15 [INFO]    [PING OK] IT | VLESS | 3924ms
2026-02-23 22:00:15 [INFO]    [PING OK] ES | VLESS | 5059ms
2026-02-23 22:00:15 [INFO]    [PING OK] HU | VLESS | 3687ms
2026-02-23 22:00:15 [INFO]    [PING OK] PL | VLESS | 4094ms
2026-02-23 22:00:16 [INFO]    [PING OK] ES | VLESS | 4130ms
2026-02-23 22:00:19 [INFO]    [PING OK] TR | VLESS | 5029ms
2026-02-23 22:00:19 [INFO]    [PING OK] PL | VLESS | 4755ms
2026-02-23 22:00:19 [INFO]    [PING OK] PL | VLESS | 4826ms
2026-02-23 22:00:19 [INFO]    [PING OK] ES | VLESS | 5147ms
2026-02-23 22:00:20 [INFO]    [PING OK] FI | VLESS | 4951ms
2026-02-23 22:00:21 [INFO]    [PING OK] EE | VLESS | 4957ms
2026-02-23 22:00:21 [INFO]    [PING OK] ES | VLESS | 5255ms
2026-02-23 22:00:25 [INFO]    [PING OK] DE | VLESS | 6182ms
2026-02-23 22:00:26 [INFO]    [PING OK] DE | VLESS | 5314ms
2026-02-23 22:00:26 [INFO]    [PING OK] DE | VLESS | 5399ms
2026-02-23 22:00:26 [INFO]    [PING OK] NL | VLESS | 5322ms
2026-02-23 22:00:26 [INFO]    [PING OK] DE | VLESS | 5261ms
2026-02-23 22:00:26 [INFO]    [PING OK] SE | VLESS | 5018ms
2026-02-23 22:00:26 [INFO]    [PING OK] DE | VLESS | 5453ms
2026-02-23 22:00:26 [INFO]    [PING OK] SE | VLESS | 5420ms
2026-02-23 22:00:26 [INFO]    [PING OK] CA | VLESS | 5024ms
2026-02-23 22:00:27 [INFO]    [PING OK] US | VLESS | 4924ms
2026-02-23 22:00:27 [INFO]    [PING OK] SE | VLESS | 5683ms
2026-02-23 22:00:27 [INFO]    [PING OK] CA | VLESS | 6671ms
2026-02-23 22:00:28 [INFO]    [PING OK] SE | VLESS | 4794ms
2026-02-23 22:00:29 [INFO]    [PING OK] DE | VLESS | 5225ms
2026-02-23 22:00:29 [INFO]    [PING OK] SE | VLESS | 5086ms
2026-02-23 22:00:30 [INFO]    [PING OK] FI | VLESS | 5763ms
2026-02-23 22:00:30 [INFO]    [PING OK] SE | VLESS | 5709ms
2026-02-23 22:00:30 [INFO]    [PING OK] DE | VLESS | 5532ms
2026-02-23 22:00:30 [INFO]    [PING OK] SE | VLESS | 5623ms
2026-02-23 22:00:30 [INFO]    [PING OK] SG | VLESS | 5937ms
2026-02-23 22:00:31 [INFO]    [PING OK] CA | VLESS | 10270ms
2026-02-23 22:00:31 [INFO]    [PING OK] SE | VLESS | 7642ms
2026-02-23 22:00:31 [INFO]    [PING OK] CA | VLESS | 5757ms
2026-02-23 22:00:31 [INFO]    [PING OK] DE | VLESS | 4872ms
2026-02-23 22:00:31 [INFO]    [PING OK] SE | VLESS | 5342ms
2026-02-23 22:00:31 [INFO]    [PING OK] SE | VLESS | 5153ms
2026-02-23 22:00:31 [INFO]    [PING OK] SG | VLESS | 5047ms
2026-02-23 22:00:31 [INFO]    [PING OK] SE | VLESS | 4676ms
2026-02-23 22:00:32 [INFO]    [PING OK] DE | VLESS | 4636ms
2026-02-23 22:00:32 [INFO]    [PING OK] NL | VLESS | 3933ms
2026-02-23 22:00:32 [INFO]    [PING OK] SE | VLESS | 3644ms
2026-02-23 22:00:32 [INFO]    [PING OK] SE | VLESS | 3529ms
2026-02-23 22:00:32 [INFO]    [PING OK] SE | VLESS | 3087ms
2026-02-23 22:00:32 [INFO]    [PING OK] DE | VLESS | 3153ms
2026-02-23 22:00:32 [INFO]    [PING OK] SE | VLESS | 1614ms
2026-02-23 22:00:32 [INFO]    [PING OK] US | VLESS | 5056ms
2026-02-23 22:00:32 [INFO]    [PING OK] SE | VLESS | 1644ms
2026-02-23 22:00:33 [INFO]    [PING OK] DE | VLESS | 2382ms
2026-02-23 22:00:37 [INFO] 🏎️ ЭТАП 2: Глубокий замер скорости для 40 иностранных кандидатов...
2026-02-23 22:00:42 [INFO]    🏆 HU | VLESS | Пинг: 3971ms | Скорость: 4.85 Mbps ⚡⚡
2026-02-23 22:00:42 [INFO]    🏆 HU | VLESS | Пинг: 3680ms | Скорость: 4.75 Mbps ⚡⚡
2026-02-23 22:00:42 [INFO]    🏆 HU | VLESS | Пинг: 3687ms | Скорость: 4.83 Mbps ⚡⚡
2026-02-23 22:00:42 [INFO]    🏆 PL | VLESS | Пинг: 4094ms | Скорость: 4.93 Mbps ⚡⚡
2026-02-23 22:00:42 [INFO]    🏆 DE | VLESS | Пинг: 3153ms | Скорость: 4.63 Mbps ⚡⚡
2026-02-23 22:00:42 [INFO]    🏆 IT | VLESS | Пинг: 3924ms | Скорость: 4.83 Mbps ⚡⚡
2026-02-23 22:00:42 [INFO]    🏆 SE | VLESS | Пинг: 3529ms | Скорость: 4.67 Mbps ⚡⚡
2026-02-23 22:00:42 [INFO]    🏆 SE | VLESS | Пинг: 3644ms | Скорость: 4.53 Mbps ⚡⚡
2026-02-23 22:00:42 [INFO]    🏆 ES | VLESS | Пинг: 4130ms | Скорость: 4.59 Mbps ⚡⚡
2026-02-23 22:00:42 [INFO]    🏆 SE | VLESS | Пинг: 1614ms | Скорость: 4.09 Mbps ⚡⚡
2026-02-23 22:00:44 [INFO]    🏆 HU | VLESS | Пинг: 4058ms | Скорость: 2.93 Mbps ⚡
2026-02-23 22:00:45 [INFO]    🏆 ES | VLESS | Пинг: 4160ms | Скорость: 5.38 Mbps ⚡⚡
2026-02-23 22:00:46 [INFO]    🏆 PL | VLESS | Пинг: 4564ms | Скорость: 6.44 Mbps ⚡⚡
2026-02-23 22:00:46 [INFO]    🏆 SE | VLESS | Пинг: 4676ms | Скорость: 6.31 Mbps ⚡⚡
2026-02-23 22:00:46 [INFO]    🏆 TR | VLESS | Пинг: 4639ms | Скорость: 6.23 Mbps ⚡⚡
2026-02-23 22:00:46 [INFO]    🏆 PL | VLESS | Пинг: 4755ms | Скорость: 6.74 Mbps ⚡⚡
2026-02-23 22:00:46 [INFO]    🏆 TR | VLESS | Пинг: 4719ms | Скорость: 6.44 Mbps ⚡⚡
2026-02-23 22:00:46 [INFO]    🏆 IT | VLESS | Пинг: 4304ms | Скорость: 6.09 Mbps ⚡⚡
2026-02-23 22:00:46 [INFO]    🏆 PL | VLESS | Пинг: 4637ms | Скорость: 6.24 Mbps ⚡⚡
2026-02-23 22:00:46 [INFO]    🏆 US | VLESS | Пинг: 4402ms | Скорость: 5.9 Mbps ⚡⚡
2026-02-23 22:00:46 [INFO]    🏆 DE | VLESS | Пинг: 4636ms | Скорость: 5.64 Mbps ⚡⚡
2026-02-23 22:00:47 [INFO]    🏆 PL | VLESS | Пинг: 4826ms | Скорость: 6.5 Mbps ⚡⚡
2026-02-23 22:00:48 [INFO]    🏆 ES | VLESS | Пинг: 4575ms | Скорость: 3.84 Mbps ⚡⚡
2026-02-23 22:00:48 [INFO]    🏆 FI | VLESS | Пинг: 4951ms | Скорость: 10.91 Mbps ⚡⚡
2026-02-23 22:00:48 [INFO]    🏆 EE | VLESS | Пинг: 4957ms | Скорость: 10.62 Mbps ⚡⚡
2026-02-23 22:00:49 [INFO]    🏆 SE | VLESS | Пинг: 5018ms | Скорость: 9.08 Mbps ⚡⚡
2026-02-23 22:00:49 [INFO]    🏆 ES | VLESS | Пинг: 5059ms | Скорость: 7.67 Mbps ⚡⚡
2026-02-23 22:00:49 [INFO]    🏆 TR | VLESS | Пинг: 5029ms | Скорость: 7.4 Mbps ⚡⚡
2026-02-23 22:00:49 [INFO]    🏆 US | VLESS | Пинг: 5056ms | Скорость: 7.18 Mbps ⚡⚡
2026-02-23 22:00:50 [INFO] 📊 Итого в подписке сохранено иностранных серверов: 10
2026-02-23 22:00:50 [INFO] 💾 Файл успешно сохранен: FL1PVPN
