2026-02-25 01:10:05 [INFO] 🚀 START: Smart Selector (Target: 10, ONLY FOREIGN)
2026-02-25 01:10:05 [INFO] 🌐 Загрузка источников (VLESS + VMess)...
2026-02-25 01:10:06 [INFO] 🔍 Уникальных конфигов собрано: 200
2026-02-25 01:10:06 [INFO] ⚡ ЭТАП 1: Замер Пинга и Геолокации. Workers: 40...
2026-02-25 01:10:12 [INFO]    [PING OK] FI | VLESS | 4382ms
2026-02-25 01:10:12 [INFO]    [PING OK] FI | VLESS | 4166ms
2026-02-25 01:10:12 [INFO]    [PING OK] NL | VLESS | 4186ms
2026-02-25 01:10:12 [INFO]    [PING OK] FI | VLESS | 5296ms
2026-02-25 01:10:13 [INFO]    [PING OK] NL | VLESS | 3625ms
2026-02-25 01:10:13 [INFO]    [PING OK] FI | VLESS | 3433ms
2026-02-25 01:10:13 [INFO]    [PING OK] DE | VLESS | 3441ms
2026-02-25 01:10:13 [INFO]    [PING OK] DE | VLESS | 3771ms
2026-02-25 01:10:13 [INFO]    [PING OK] US | VLESS | 3943ms
2026-02-25 01:10:14 [INFO]    [PING OK] DE | VLESS | 3974ms
2026-02-25 01:10:17 [INFO]    [PING OK] DE | VLESS | 4603ms
2026-02-25 01:10:17 [INFO]    [PING OK] DE | VLESS | 4842ms
2026-02-25 01:10:17 [INFO]    [PING OK] NL | VLESS | 4855ms
2026-02-25 01:10:17 [INFO]    [PING OK] DE | VLESS | 4410ms
2026-02-25 01:10:17 [INFO]    [PING OK] NL | VLESS | 4937ms
2026-02-25 01:10:17 [INFO]    [PING OK] FI | VLESS | 4694ms
2026-02-25 01:10:18 [INFO]    [PING OK] NL | VLESS | 4723ms
2026-02-25 01:10:18 [INFO]    [PING OK] FI | VLESS | 4915ms
2026-02-25 01:10:18 [INFO]    [PING OK] DE | VLESS | 4885ms
2026-02-25 01:10:18 [INFO]    [PING OK] US | VLESS | 4948ms
2026-02-25 01:10:18 [INFO]    [PING OK] FR | VLESS | 4730ms
2026-02-25 01:10:18 [INFO]    [PING OK] US | VLESS | 4988ms
2026-02-25 01:10:18 [INFO]    [PING OK] FI | VLESS | 4211ms
2026-02-25 01:10:18 [INFO]    [PING OK] DE | VLESS | 5250ms
2026-02-25 01:10:18 [INFO]    [PING OK] DE | VLESS | 4196ms
2026-02-25 01:10:19 [INFO]    [PING OK] NL | VLESS | 3568ms
2026-02-25 01:10:20 [INFO]    [PING OK] FI | VLESS | 3737ms
2026-02-25 01:10:20 [INFO]    [PING OK] DE | VLESS | 4007ms
2026-02-25 01:10:23 [INFO]    [PING OK] DE | VLESS | 4820ms
2026-02-25 01:10:24 [INFO]    [PING OK] SG | VLESS | 5243ms
2026-02-25 01:10:24 [INFO]    [PING OK] TW | VLESS | 5124ms
2026-02-25 01:10:24 [INFO]    [PING OK] NL | VLESS | 5106ms
2026-02-25 01:10:25 [INFO]    [PING OK] CA | VLESS | 5202ms
2026-02-25 01:10:25 [INFO]    [PING OK] NL | VLESS | 4734ms
2026-02-25 01:10:25 [INFO]    [PING OK] RS | VLESS | 3725ms
2026-02-25 01:10:25 [INFO]    [PING OK] LV | VLESS | 4238ms
2026-02-25 01:10:26 [INFO]    [PING OK] DE | VLESS | 3018ms
2026-02-25 01:10:26 [INFO]    [PING OK] TR | VLESS | 1234ms
2026-02-25 01:10:26 [INFO]    [PING OK] CA | VLESS | 7760ms
2026-02-25 01:10:26 [INFO]    [PING OK] US | VLESS | 3137ms
2026-02-25 01:10:27 [INFO]    [PING OK] CA | VLESS | 5115ms
2026-02-25 01:10:28 [INFO]    [PING OK] US | VLESS | 5390ms
2026-02-25 01:10:30 [INFO]    [PING OK] CA | VLESS | 9032ms
2026-02-25 01:10:31 [INFO] 🏎️ ЭТАП 2: Глубокий замер скорости для 40 иностранных кандидатов...
2026-02-25 01:10:35 [INFO]    🏆 DE | VLESS | Пинг: 3441ms | Скорость: 5.13 Mbps ⚡⚡
2026-02-25 01:10:35 [INFO]    🏆 TR | VLESS | Пинг: 1234ms | Скорость: 5.03 Mbps ⚡⚡
2026-02-25 01:10:35 [INFO]    🏆 DE | VLESS | Пинг: 3771ms | Скорость: 5.25 Mbps ⚡⚡
2026-02-25 01:10:35 [INFO]    🏆 NL | VLESS | Пинг: 3625ms | Скорость: 5.16 Mbps ⚡⚡
2026-02-25 01:10:35 [INFO]    🏆 NL | VLESS | Пинг: 4186ms | Скорость: 5.29 Mbps ⚡⚡
2026-02-25 01:10:36 [INFO]    🏆 DE | VLESS | Пинг: 4007ms | Скорость: 5.18 Mbps ⚡⚡
2026-02-25 01:10:36 [INFO]    🏆 FI | VLESS | Пинг: 3737ms | Скорость: 5.11 Mbps ⚡⚡
2026-02-25 01:10:36 [INFO]    🏆 DE | VLESS | Пинг: 3018ms | Скорость: 4.87 Mbps ⚡⚡
2026-02-25 01:10:36 [INFO]    🏆 NL | VLESS | Пинг: 3568ms | Скорость: 4.95 Mbps ⚡⚡
2026-02-25 01:10:36 [INFO]    🏆 RS | VLESS | Пинг: 3725ms | Скорость: 4.85 Mbps ⚡⚡
2026-02-25 01:10:36 [INFO]    🏆 US | VLESS | Пинг: 3943ms | Скорость: 4.81 Mbps ⚡⚡
2026-02-25 01:10:36 [INFO]    🏆 US | VLESS | Пинг: 3137ms | Скорость: 4.61 Mbps ⚡⚡
2026-02-25 01:10:38 [INFO]    🏆 FI | VLESS | Пинг: 3433ms | Скорость: 1.21 Mbps 
2026-02-25 01:10:38 [INFO]    🏆 FI | VLESS | Пинг: 4166ms | Скорость: 0.92 Mbps 
2026-02-25 01:10:38 [INFO]    🏆 DE | VLESS | Пинг: 4196ms | Скорость: 10.43 Mbps ⚡⚡
2026-02-25 01:10:40 [INFO]    🏆 LV | VLESS | Пинг: 4238ms | Скорость: 5.57 Mbps ⚡⚡
2026-02-25 01:10:40 [INFO]    🏆 FI | VLESS | Пинг: 4694ms | Скорость: 5.69 Mbps ⚡⚡
2026-02-25 01:10:40 [INFO]    🏆 NL | VLESS | Пинг: 4723ms | Скорость: 5.59 Mbps ⚡⚡
2026-02-25 01:10:40 [INFO]    🏆 DE | VLESS | Пинг: 4603ms | Скорость: 5.47 Mbps ⚡⚡
2026-02-25 01:10:40 [INFO]    🏆 DE | VLESS | Пинг: 4820ms | Скорость: 5.89 Mbps ⚡⚡
2026-02-25 01:10:40 [INFO]    🏆 FI | VLESS | Пинг: 4382ms | Скорость: 5.4 Mbps ⚡⚡
2026-02-25 01:10:40 [INFO]    🏆 DE | VLESS | Пинг: 4410ms | Скорость: 5.42 Mbps ⚡⚡
2026-02-25 01:10:40 [INFO]    🏆 DE | VLESS | Пинг: 4842ms | Скорость: 5.7 Mbps ⚡⚡
2026-02-25 01:10:40 [INFO]    🏆 FR | VLESS | Пинг: 4730ms | Скорость: 5.4 Mbps ⚡⚡
2026-02-25 01:10:40 [INFO]    🏆 NL | VLESS | Пинг: 4734ms | Скорость: 5.36 Mbps ⚡⚡
2026-02-25 01:10:40 [INFO]    🏆 FI | VLESS | Пинг: 4211ms | Скорость: 4.9 Mbps ⚡⚡
2026-02-25 01:10:42 [INFO]    🏆 DE | VLESS | Пинг: 4885ms | Скорость: 5.48 Mbps ⚡⚡
2026-02-25 01:10:42 [INFO]    🏆 FI | VLESS | Пинг: 4915ms | Скорость: 5.87 Mbps ⚡⚡
2026-02-25 01:10:42 [INFO]    🏆 NL | VLESS | Пинг: 4937ms | Скорость: 5.92 Mbps ⚡⚡
2026-02-25 01:10:43 [INFO]    🏆 NL | VLESS | Пинг: 5106ms | Скорость: 9.57 Mbps ⚡⚡
2026-02-25 01:10:43 [INFO]    🏆 SG | VLESS | Пинг: 5243ms | Скорость: 8.98 Mbps ⚡⚡
2026-02-25 01:10:43 [INFO]    🏆 US | VLESS | Пинг: 4948ms | Скорость: 7.31 Mbps ⚡⚡
2026-02-25 01:10:43 [INFO]    🏆 US | VLESS | Пинг: 4988ms | Скорость: 7.32 Mbps ⚡⚡
2026-02-25 01:10:44 [INFO] 📊 Итого в подписке сохранено иностранных серверов: 10
2026-02-25 01:10:44 [INFO] 💾 Файл успешно сохранен: FL1PVPN
