2026-02-27 10:40:06 [INFO] 🚀 START: Smart Selector (Target: 10, ONLY FOREIGN)
2026-02-27 10:40:06 [INFO] 🌐 Загрузка источников (VLESS + VMess)...
2026-02-27 10:40:08 [INFO] 🔍 Уникальных конфигов собрано: 240
2026-02-27 10:40:08 [INFO] ⚡ ЭТАП 1: Замер Пинга и Геолокации. Workers: 40...
2026-02-27 10:40:13 [INFO]    [PING OK] FI | VLESS | 4346ms
2026-02-27 10:40:13 [INFO]    [PING OK] FI | VLESS | 4428ms
2026-02-27 10:40:13 [INFO]    [PING OK] LT | VLESS | 4377ms
2026-02-27 10:40:13 [INFO]    [PING OK] NL | VLESS | 4397ms
2026-02-27 10:40:13 [INFO]    [PING OK] NL | VLESS | 4468ms
2026-02-27 10:40:13 [INFO]    [PING OK] CA | VLESS | 4603ms
2026-02-27 10:40:13 [INFO]    [PING OK] TR | VLESS | 4544ms
2026-02-27 10:40:13 [INFO]    [PING OK] TR | VLESS | 4339ms
2026-02-27 10:40:13 [INFO]    [PING OK] PL | VLESS | 4387ms
2026-02-27 10:40:13 [INFO]    [PING OK] FI | VLESS | 4638ms
2026-02-27 10:40:13 [INFO]    [PING OK] FI | VLESS | 4415ms
2026-02-27 10:40:13 [INFO]    [PING OK] NL | VLESS | 4654ms
2026-02-27 10:40:14 [INFO]    [PING OK] US | VLESS | 4761ms
2026-02-27 10:40:14 [INFO]    [PING OK] FI | VLESS | 4389ms
2026-02-27 10:40:14 [INFO]    [PING OK] FI | VLESS | 4550ms
2026-02-27 10:40:14 [INFO]    [PING OK] HK | VLESS | 4810ms
2026-02-27 10:40:14 [INFO]    [PING OK] FI | VLESS | 4293ms
2026-02-27 10:40:14 [INFO]    [PING OK] HU | VLESS | 4666ms
2026-02-27 10:40:14 [INFO]    [PING OK] PL | VLESS | 4234ms
2026-02-27 10:40:14 [INFO]    [PING OK] PL | VLESS | 4182ms
2026-02-27 10:40:14 [INFO]    [PING OK] TR | VLESS | 4086ms
2026-02-27 10:40:14 [INFO]    [PING OK] FR | VLESS | 4271ms
2026-02-27 10:40:14 [INFO]    [PING OK] CA | VLESS | 4170ms
2026-02-27 10:40:15 [INFO]    [PING OK] SE | VLESS | 6080ms
2026-02-27 10:40:15 [INFO]    [PING OK] NL | VLESS | 3838ms
2026-02-27 10:40:15 [INFO]    [PING OK] LV | VLESS | 3771ms
2026-02-27 10:40:15 [INFO]    [PING OK] DE | VLESS | 5029ms
2026-02-27 10:40:17 [INFO]    [PING OK] CH | VLESS | 3217ms
2026-02-27 10:40:17 [INFO]    [PING OK] TR | VLESS | 3406ms
2026-02-27 10:40:17 [INFO]    [PING OK] US | VLESS | 3265ms
2026-02-27 10:40:17 [INFO]    [PING OK] FI | VLESS | 3403ms
2026-02-27 10:40:18 [INFO]    [PING OK] DE | VLESS | 3239ms
2026-02-27 10:40:18 [INFO]    [PING OK] PL | VLESS | 3258ms
2026-02-27 10:40:18 [INFO]    [PING OK] HU | VLESS | 3579ms
2026-02-27 10:40:18 [INFO]    [PING OK] SE | VLESS | 3171ms
2026-02-27 10:40:18 [INFO]    [PING OK] DE | VLESS | 3307ms
2026-02-27 10:40:18 [INFO]    [PING OK] PL | VLESS | 9649ms
2026-02-27 10:40:18 [INFO]    [PING OK] PL | VLESS | 3321ms
2026-02-27 10:40:19 [INFO]    [PING OK] FI | VLESS | 2918ms
2026-02-27 10:40:19 [INFO]    [PING OK] HU | VLESS | 4034ms
2026-02-27 10:40:19 [INFO]    [PING OK] NL | VLESS | 3351ms
2026-02-27 10:40:19 [INFO]    [PING OK] HU | VLESS | 2385ms
2026-02-27 10:40:19 [INFO]    [PING OK] AE | VLESS | 3590ms
2026-02-27 10:40:20 [INFO]    [PING OK] ES | VLESS | 3498ms
2026-02-27 10:40:20 [INFO]    [PING OK] FI | VLESS | 5389ms
2026-02-27 10:40:20 [INFO]    [PING OK] TR | VLESS | 2124ms
2026-02-27 10:40:20 [INFO]    [PING OK] NL | VLESS | 2025ms
2026-02-27 10:40:21 [INFO]    [PING OK] NL | VLESS | 2214ms
2026-02-27 10:40:21 [INFO]    [PING OK] LV | VLESS | 2259ms
2026-02-27 10:40:21 [INFO]    [PING OK] CH | VLESS | 2456ms
2026-02-27 10:40:21 [INFO]    [PING OK] DE | VLESS | 5767ms
2026-02-27 10:40:21 [INFO]    [PING OK] NO | VLESS | 6049ms
2026-02-27 10:40:22 [INFO]    [PING OK] FI | VLESS | 6575ms
2026-02-27 10:40:22 [INFO]    [PING OK] FI | VLESS | 2236ms
2026-02-27 10:40:22 [INFO]    [PING OK] LT | VLESS | 2355ms
2026-02-27 10:40:22 [INFO]    [PING OK] SE | VLESS | 2119ms
2026-02-27 10:40:22 [INFO]    [PING OK] FI | VLESS | 2016ms
2026-02-27 10:40:23 [INFO]    [PING OK] ES | VLESS | 1999ms
2026-02-27 10:40:23 [INFO]    [PING OK] DE | VLESS | 1854ms
2026-02-27 10:40:23 [INFO]    [PING OK] DE | VLESS | 1683ms
2026-02-27 10:40:23 [INFO]    [PING OK] US | VLESS | 4137ms
2026-02-27 10:40:23 [INFO]    [PING OK] DE | VLESS | 3562ms
2026-02-27 10:40:23 [INFO]    [PING OK] DE | VLESS | 1478ms
2026-02-27 10:40:24 [INFO]    [PING OK] PL | VLESS | 1967ms
2026-02-27 10:40:24 [INFO]    [PING OK] ES | VLESS | 2093ms
2026-02-27 10:40:24 [INFO]    [PING OK] DE | VLESS | 1395ms
2026-02-27 10:40:24 [INFO]    [PING OK] DE | VLESS | 1388ms
2026-02-27 10:40:24 [INFO]    [PING OK] LT | VLESS | 7465ms
2026-02-27 10:40:24 [INFO]    [PING OK] IT | VLESS | 3888ms
2026-02-27 10:40:24 [INFO]    [PING OK] PL | VLESS | 1429ms
2026-02-27 10:40:25 [INFO]    [PING OK] PL | VLESS | 1590ms
2026-02-27 10:40:25 [INFO]    [PING OK] US | VLESS | 2102ms
2026-02-27 10:40:25 [INFO]    [PING OK] FI | VLESS | 2051ms
2026-02-27 10:40:25 [INFO]    [PING OK] DE | VLESS | 2062ms
2026-02-27 10:40:25 [INFO]    [PING OK] LT | VLESS | 5272ms
2026-02-27 10:40:26 [INFO]    [PING OK] HK | VLESS | 2874ms
2026-02-27 10:40:27 [INFO]    [PING OK] FI | VLESS | 3583ms
2026-02-27 10:40:28 [INFO]    [PING OK] US | VLESS | 3687ms
2026-02-27 10:40:28 [INFO]    [PING OK] ES | VLESS | 3904ms
2026-02-27 10:40:29 [INFO]    [PING OK] HU | VLESS | 3868ms
2026-02-27 10:40:29 [INFO]    [PING OK] DE | VLESS | 3754ms
2026-02-27 10:40:29 [INFO]    [PING OK] CA | VLESS | 3991ms
2026-02-27 10:40:29 [INFO]    [PING OK] FI | VLESS | 4486ms
2026-02-27 10:40:29 [INFO]    [PING OK] CA | VLESS | 3652ms
2026-02-27 10:40:30 [INFO]    [PING OK] DE | VLESS | 4132ms
2026-02-27 10:40:30 [INFO]    [PING OK] EE | VLESS | 3724ms
2026-02-27 10:40:30 [INFO]    [PING OK] DE | VLESS | 6443ms
2026-02-27 10:40:30 [INFO]    [PING OK] NG | VLESS | 4103ms
2026-02-27 10:40:30 [INFO]    [PING OK] DE | VLESS | 4381ms
2026-02-27 10:40:31 [INFO]    [PING OK] FI | VLESS | 4593ms
2026-02-27 10:40:32 [INFO]    [PING OK] DE | VLESS | 2851ms
2026-02-27 10:40:32 [INFO]    [PING OK] DE | VLESS | 3283ms
2026-02-27 10:40:32 [INFO]    [PING OK] DE | VLESS | 3046ms
2026-02-27 10:40:32 [INFO]    [PING OK] US | VLESS | 3158ms
2026-02-27 10:40:32 [INFO]    [PING OK] FI | VLESS | 7919ms
2026-02-27 10:40:32 [INFO]    [PING OK] KZ | VLESS | 5631ms
2026-02-27 10:40:32 [INFO]    [PING OK] CA | VLESS | 3121ms
2026-02-27 10:40:33 [INFO]    [PING OK] DE | VLESS | 2449ms
2026-02-27 10:40:33 [INFO]    [PING OK] US | VLESS | 2757ms
2026-02-27 10:40:33 [INFO]    [PING OK] NL | VLESS | 1604ms
2026-02-27 10:40:33 [INFO]    [PING OK] SG | VLESS | 2369ms
2026-02-27 10:40:33 [INFO]    [PING OK] DE | VLESS | 3291ms
2026-02-27 10:40:33 [INFO]    [PING OK] SG | VLESS | 1793ms
2026-02-27 10:40:34 [INFO]    [PING OK] DE | VLESS | 2661ms
2026-02-27 10:40:34 [INFO]    [PING OK] NL | VLESS | 7186ms
2026-02-27 10:40:37 [INFO]    [PING OK] CA | VLESS | 5832ms
2026-02-27 10:40:38 [INFO] 🏎️ ЭТАП 2: Глубокий замер скорости для 40 иностранных кандидатов...
2026-02-27 10:40:41 [INFO]    🏆 DE | VLESS | Пинг: 1395ms | Скорость: 7.11 Mbps ⚡⚡
2026-02-27 10:40:41 [INFO]    🏆 PL | VLESS | Пинг: 1429ms | Скорость: 7.12 Mbps ⚡⚡
2026-02-27 10:40:41 [INFO]    🏆 PL | VLESS | Пинг: 1590ms | Скорость: 7.1 Mbps ⚡⚡
2026-02-27 10:40:41 [INFO]    🏆 FI | VLESS | Пинг: 2051ms | Скорость: 7.52 Mbps ⚡⚡
2026-02-27 10:40:42 [INFO]    🏆 SG | VLESS | Пинг: 1793ms | Скорость: 6.47 Mbps ⚡⚡
2026-02-27 10:40:42 [INFO]    🏆 DE | VLESS | Пинг: 1683ms | Скорость: 6.33 Mbps ⚡⚡
2026-02-27 10:40:42 [INFO]    🏆 DE | VLESS | Пинг: 1854ms | Скорость: 5.42 Mbps ⚡⚡
2026-02-27 10:40:43 [INFO]    🏆 NL | VLESS | Пинг: 1604ms | Скорость: 4.22 Mbps ⚡⚡
2026-02-27 10:40:44 [INFO]    🏆 DE | VLESS | Пинг: 1388ms | Скорость: 3.91 Mbps ⚡⚡
2026-02-27 10:40:44 [INFO]    🏆 DE | VLESS | Пинг: 2062ms | Скорость: 4.07 Mbps ⚡⚡
2026-02-27 10:40:44 [INFO]    🏆 FI | VLESS | Пинг: 2016ms | Скорость: 3.95 Mbps ⚡⚡
2026-02-27 10:40:44 [INFO]    🏆 SE | VLESS | Пинг: 2119ms | Скорость: 9.34 Mbps ⚡⚡
2026-02-27 10:40:45 [INFO]    🏆 DE | VLESS | Пинг: 1478ms | Скорость: 2.55 Mbps ⚡
2026-02-27 10:40:45 [INFO]    🏆 PL | VLESS | Пинг: 1967ms | Скорость: 0.9 Mbps 
2026-02-27 10:40:45 [INFO]    🏆 FI | VLESS | Пинг: 2236ms | Скорость: 7.82 Mbps ⚡⚡
2026-02-27 10:40:45 [INFO]    🏆 TR | VLESS | Пинг: 2124ms | Скорость: 6.36 Mbps ⚡⚡
2026-02-27 10:40:45 [INFO]    🏆 NL | VLESS | Пинг: 2214ms | Скорость: 6.48 Mbps ⚡⚡
2026-02-27 10:40:46 [INFO]    🏆 LV | VLESS | Пинг: 2259ms | Скорость: 6.38 Mbps ⚡⚡
2026-02-27 10:40:46 [INFO]    🏆 SG | VLESS | Пинг: 2369ms | Скорость: 6.69 Mbps ⚡⚡
2026-02-27 10:40:46 [INFO]    🏆 HU | VLESS | Пинг: 2385ms | Скорость: 9.98 Mbps ⚡⚡
2026-02-27 10:40:48 [INFO]    🏆 FI | VLESS | Пинг: 2918ms | Скорость: 10.57 Mbps ⚡⚡
2026-02-27 10:40:48 [INFO]    🏆 DE | VLESS | Пинг: 3046ms | Скорость: 9.91 Mbps ⚡⚡
2026-02-27 10:40:48 [INFO]    🏆 US | VLESS | Пинг: 2102ms | Скорость: 1.77 Mbps ⚡
2026-02-27 10:40:48 [INFO]    🏆 US | VLESS | Пинг: 2757ms | Скорость: 6.6 Mbps ⚡⚡
2026-02-27 10:40:48 [INFO]    🏆 DE | VLESS | Пинг: 2661ms | Скорость: 5.34 Mbps ⚡⚡
2026-02-27 10:40:48 [INFO]    🏆 CA | VLESS | Пинг: 3121ms | Скорость: 9.73 Mbps ⚡⚡
2026-02-27 10:40:48 [INFO]    🏆 ES | VLESS | Пинг: 2093ms | Скорость: 2.22 Mbps ⚡
2026-02-27 10:40:49 [INFO]    🏆 SE | VLESS | Пинг: 3171ms | Скорость: 9.67 Mbps ⚡⚡
2026-02-27 10:40:49 [INFO]    🏆 HK | VLESS | Пинг: 2874ms | Скорость: 5.43 Mbps ⚡⚡
2026-02-27 10:40:49 [INFO]    🏆 US | VLESS | Пинг: 3158ms | Скорость: 7.91 Mbps ⚡⚡
2026-02-27 10:40:49 [INFO]    🏆 PL | VLESS | Пинг: 3258ms | Скорость: 18.61 Mbps ⚡⚡
2026-02-27 10:40:50 [INFO]    🏆 US | VLESS | Пинг: 3265ms | Скорость: 12.28 Mbps ⚡⚡
2026-02-27 10:40:53 [INFO]    🏆 DE | VLESS | Пинг: 3239ms | Скорость: 2.81 Mbps ⚡
2026-02-27 10:40:53 [INFO] 📊 Итого в подписке сохранено иностранных серверов: 10
2026-02-27 10:40:53 [INFO] 💾 Файл успешно сохранен: FL1PVPN
