2026-02-25 18:40:05 [INFO] 🚀 START: Smart Selector (Target: 10, ONLY FOREIGN)
2026-02-25 18:40:05 [INFO] 🌐 Загрузка источников (VLESS + VMess)...
2026-02-25 18:40:06 [INFO] 🔍 Уникальных конфигов собрано: 120
2026-02-25 18:40:06 [INFO] ⚡ ЭТАП 1: Замер Пинга и Геолокации. Workers: 40...
2026-02-25 18:40:12 [INFO]    [PING OK] NL | VLESS | 4408ms
2026-02-25 18:40:12 [INFO]    [PING OK] NL | VLESS | 4416ms
2026-02-25 18:40:12 [INFO]    [PING OK] NL | VLESS | 4414ms
2026-02-25 18:40:12 [INFO]    [PING OK] DE | VLESS | 4708ms
2026-02-25 18:40:12 [INFO]    [PING OK] NL | VLESS | 4512ms
2026-02-25 18:40:12 [INFO]    [PING OK] NL | VLESS | 4865ms
2026-02-25 18:40:12 [INFO]    [PING OK] DE | VLESS | 4499ms
2026-02-25 18:40:12 [INFO]    [PING OK] DE | VLESS | 4575ms
2026-02-25 18:40:12 [INFO]    [PING OK] DE | VLESS | 3958ms
2026-02-25 18:40:12 [INFO]    [PING OK] DE | VLESS | 3904ms
2026-02-25 18:40:13 [INFO]    [PING OK] US | VLESS | 4051ms
2026-02-25 18:40:14 [INFO]    [PING OK] US | VLESS | 3693ms
2026-02-25 18:40:14 [INFO]    [PING OK] CA | VLESS | 4715ms
2026-02-25 18:40:14 [INFO]    [PING OK] US | VLESS | 5753ms
2026-02-25 18:40:15 [INFO]    [PING OK] SG | VLESS | 4168ms
2026-02-25 18:40:15 [INFO]    [PING OK] NL | VLESS | 3557ms
2026-02-25 18:40:16 [INFO]    [PING OK] NL | VLESS | 8591ms
2026-02-25 18:40:16 [INFO]    [PING OK] DE | VLESS | 3150ms
2026-02-25 18:40:16 [INFO]    [PING OK] US | VLESS | 3409ms
2026-02-25 18:40:16 [INFO]    [PING OK] LV | VLESS | 3334ms
2026-02-25 18:40:17 [INFO]    [PING OK] DE | VLESS | 3216ms
2026-02-25 18:40:17 [INFO]    [PING OK] NL | VLESS | 3075ms
2026-02-25 18:40:17 [INFO]    [PING OK] CA | VLESS | 3912ms
2026-02-25 18:40:17 [INFO]    [PING OK] CA | VLESS | 4212ms
2026-02-25 18:40:17 [INFO]    [PING OK] CA | VLESS | 3511ms
2026-02-25 18:40:17 [INFO]    [PING OK] GB | VLESS | 2728ms
2026-02-25 18:40:17 [INFO]    [PING OK] LT | VLESS | 2139ms
2026-02-25 18:40:17 [INFO]    [PING OK] GB | VLESS | 3650ms
2026-02-25 18:40:18 [INFO]    [PING OK] NL | VLESS | 8572ms
2026-02-25 18:40:18 [INFO]    [PING OK] SE | VLESS | 1523ms
2026-02-25 18:40:19 [INFO]    [PING OK] DE | VLESS | 5942ms
2026-02-25 18:40:21 [INFO]    [PING OK] LV | VLESS | 3210ms
2026-02-25 18:40:21 [INFO]    [PING OK] CA | VLESS | 7951ms
2026-02-25 18:40:23 [INFO]    [PING OK] CA | VLESS | 5686ms
2026-02-25 18:40:23 [INFO]    [PING OK] GB | VLESS | 5838ms
2026-02-25 18:40:23 [INFO] 🏎️ ЭТАП 2: Глубокий замер скорости для 35 иностранных кандидатов...
2026-02-25 18:40:27 [INFO]    🏆 NL | VLESS | Пинг: 3075ms | Скорость: 6.38 Mbps ⚡⚡
2026-02-25 18:40:27 [INFO]    🏆 LT | VLESS | Пинг: 2139ms | Скорость: 6.43 Mbps ⚡⚡
2026-02-25 18:40:27 [INFO]    🏆 LV | VLESS | Пинг: 3334ms | Скорость: 6.56 Mbps ⚡⚡
2026-02-25 18:40:27 [INFO]    🏆 DE | VLESS | Пинг: 3216ms | Скорость: 6.64 Mbps ⚡⚡
2026-02-25 18:40:27 [INFO]    🏆 SE | VLESS | Пинг: 1523ms | Скорость: 5.94 Mbps ⚡⚡
2026-02-25 18:40:27 [INFO]    🏆 US | VLESS | Пинг: 3409ms | Скорость: 5.96 Mbps ⚡⚡
2026-02-25 18:40:28 [INFO]    🏆 GB | VLESS | Пинг: 3650ms | Скорость: 5.82 Mbps ⚡⚡
2026-02-25 18:40:28 [INFO]    🏆 GB | VLESS | Пинг: 2728ms | Скорость: 5.49 Mbps ⚡⚡
2026-02-25 18:40:28 [INFO]    🏆 LV | VLESS | Пинг: 3210ms | Скорость: 5.44 Mbps ⚡⚡
2026-02-25 18:40:29 [INFO]    🏆 DE | VLESS | Пинг: 3904ms | Скорость: 4.07 Mbps ⚡⚡
2026-02-25 18:40:30 [INFO]    🏆 NL | VLESS | Пинг: 3557ms | Скорость: 2.19 Mbps ⚡
2026-02-25 18:40:31 [INFO]    🏆 NL | VLESS | Пинг: 4408ms | Скорость: 7.16 Mbps ⚡⚡
2026-02-25 18:40:31 [INFO]    🏆 NL | VLESS | Пинг: 4414ms | Скорость: 7.04 Mbps ⚡⚡
2026-02-25 18:40:31 [INFO]    🏆 DE | VLESS | Пинг: 3958ms | Скорость: 6.34 Mbps ⚡⚡
2026-02-25 18:40:31 [INFO]    🏆 DE | VLESS | Пинг: 4708ms | Скорость: 6.59 Mbps ⚡⚡
2026-02-25 18:40:31 [INFO]    🏆 DE | VLESS | Пинг: 4499ms | Скорость: 6.28 Mbps ⚡⚡
2026-02-25 18:40:32 [INFO]    🏆 NL | VLESS | Пинг: 4416ms | Скорость: 5.98 Mbps ⚡⚡
2026-02-25 18:40:32 [INFO]    🏆 NL | VLESS | Пинг: 4512ms | Скорость: 5.94 Mbps ⚡⚡
2026-02-25 18:40:32 [INFO]    🏆 NL | VLESS | Пинг: 4865ms | Скорость: 5.94 Mbps ⚡⚡
2026-02-25 18:40:32 [INFO]    🏆 US | VLESS | Пинг: 4051ms | Скорость: 4.85 Mbps ⚡⚡
2026-02-25 18:40:34 [INFO]    🏆 SG | VLESS | Пинг: 4168ms | Скорость: 1.45 Mbps 
2026-02-25 18:40:34 [INFO]    🏆 GB | VLESS | Пинг: 5838ms | Скорость: 7.44 Mbps ⚡⚡
2026-02-25 18:40:35 [INFO]    🏆 DE | VLESS | Пинг: 5942ms | Скорость: 6.11 Mbps ⚡⚡
2026-02-25 18:40:37 [INFO]    🏆 NL | VLESS | Пинг: 8591ms | Скорость: 4.42 Mbps ⚡⚡
2026-02-25 18:40:37 [INFO] 📊 Итого в подписке сохранено иностранных серверов: 10
2026-02-25 18:40:37 [INFO] 💾 Файл успешно сохранен: FL1PVPN
