2026-02-15 21:34:01 [INFO] 🚀 START: Smart VLESS Selector (Target: 10, Strict Mode)
2026-02-15 21:34:01 [INFO] 🌐 Загрузка источников...
2026-02-15 21:34:03 [INFO] 🔍 Уникальных конфигов собрано: 320
2026-02-15 21:34:03 [INFO] ⚡ ЭТАП 1: Быстрый замер Пинга (Workers: 25)...
2026-02-15 21:34:04 [INFO]    [PING OK] FI | 266ms
2026-02-15 21:34:04 [INFO]    [PING OK] NL | 229ms
2026-02-15 21:34:04 [INFO]    [PING OK] DE | 158ms
2026-02-15 21:34:05 [INFO]    [PING OK] DE | 194ms
2026-02-15 21:34:06 [INFO]    [PING OK] RU | 1415ms
2026-02-15 21:34:06 [INFO]    [PING OK] RU | 93ms
2026-02-15 21:34:09 [INFO]    [PING OK] FR | 215ms
2026-02-15 21:34:12 [INFO]    [PING OK] DE | 137ms
2026-02-15 21:34:14 [INFO]    [PING OK] US | 842ms
2026-02-15 21:34:15 [INFO]    [PING OK] US | 2075ms
2026-02-15 21:34:15 [INFO]    [PING OK] RU | 276ms
2026-02-15 21:34:16 [INFO]    [PING OK] RU | 333ms
2026-02-15 21:34:16 [INFO]    [PING OK] RU | 340ms
2026-02-15 21:34:16 [INFO]    [PING OK] RU | 247ms
2026-02-15 21:34:16 [INFO]    [PING OK] RU | 79ms
2026-02-15 21:34:16 [INFO]    [PING OK] RU | 215ms
2026-02-15 21:34:16 [INFO]    [PING OK] RU | 1748ms
2026-02-15 21:34:17 [INFO]    [PING OK] RU | 68ms
2026-02-15 21:34:17 [INFO]    [PING OK] RU | 115ms
2026-02-15 21:34:17 [INFO]    [PING OK] RU | 191ms
2026-02-15 21:34:17 [INFO]    [PING OK] RU | 287ms
2026-02-15 21:34:17 [INFO]    [PING OK] RU | 257ms
2026-02-15 21:34:17 [INFO]    [PING OK] RU | 82ms
2026-02-15 21:34:17 [INFO]    [PING OK] RU | 147ms
2026-02-15 21:34:17 [INFO]    [PING OK] RU | 1621ms
2026-02-15 21:34:17 [INFO]    [PING OK] RU | 2322ms
2026-02-15 21:34:18 [INFO]    [PING OK] RU | 285ms
2026-02-15 21:34:18 [INFO]    [PING OK] RU | 1838ms
2026-02-15 21:34:18 [INFO]    [PING OK] RU | 185ms
2026-02-15 21:34:18 [INFO]    [PING OK] RU | 223ms
2026-02-15 21:34:18 [INFO]    [PING OK] RU | 167ms
2026-02-15 21:34:18 [INFO]    [PING OK] RU | 152ms
2026-02-15 21:34:18 [INFO]    [PING OK] RU | 77ms
2026-02-15 21:34:18 [INFO]    [PING OK] RU | 272ms
2026-02-15 21:34:19 [INFO]    [PING OK] RU | 223ms
2026-02-15 21:34:19 [INFO]    [PING OK] RU | 242ms
2026-02-15 21:34:19 [INFO]    [PING OK] RU | 96ms
2026-02-15 21:34:19 [INFO]    [PING OK] NL | 1339ms
2026-02-15 21:34:19 [INFO]    [PING OK] RU | 205ms
2026-02-15 21:34:19 [INFO]    [PING OK] RU | 150ms
2026-02-15 21:34:19 [INFO]    [PING OK] RU | 278ms
2026-02-15 21:34:19 [INFO]    [PING OK] RU | 335ms
2026-02-15 21:34:19 [INFO]    [PING OK] RU | 259ms
2026-02-15 21:34:19 [INFO]    [PING OK] NL | 196ms
2026-02-15 21:34:20 [INFO]    [PING OK] RU | 184ms
2026-02-15 21:34:20 [INFO]    [PING OK] PL | 150ms
2026-02-15 21:34:20 [INFO]    [PING OK] RU | 313ms
2026-02-15 21:34:20 [INFO]    [PING OK] RU | 360ms
2026-02-15 21:34:20 [INFO]    [PING OK] RU | 5039ms
2026-02-15 21:34:20 [INFO]    [PING OK] RU | 226ms
2026-02-15 21:34:20 [INFO]    [PING OK] RU | 249ms
2026-02-15 21:34:20 [INFO]    [PING OK] RU | 199ms
2026-02-15 21:34:20 [INFO]    [PING OK] RU | 281ms
2026-02-15 21:34:20 [INFO]    [PING OK] RU | 324ms
2026-02-15 21:34:21 [INFO]    [PING OK] RU | 127ms
2026-02-15 21:34:21 [INFO]    [PING OK] RU | 291ms
2026-02-15 21:34:21 [INFO]    [PING OK] RU | 75ms
2026-02-15 21:34:21 [INFO]    [PING OK] RU | 2616ms
2026-02-15 21:34:21 [INFO]    [PING OK] RU | 877ms
2026-02-15 21:34:21 [INFO]    [PING OK] RU | 322ms
2026-02-15 21:34:21 [INFO]    [PING OK] RU | 1233ms
2026-02-15 21:34:21 [INFO]    [PING OK] RU | 251ms
2026-02-15 21:34:21 [INFO]    [PING OK] RU | 2612ms
2026-02-15 21:34:21 [INFO]    [PING OK] RU | 291ms
2026-02-15 21:34:21 [INFO]    [PING OK] RU | 1004ms
2026-02-15 21:34:22 [INFO]    [PING OK] HU | 328ms
2026-02-15 21:34:22 [INFO]    [PING OK] RU | 295ms
2026-02-15 21:34:22 [INFO]    [PING OK] PL | 159ms
2026-02-15 21:34:22 [INFO]    [PING OK] RU | 248ms
2026-02-15 21:34:22 [INFO]    [PING OK] RU | 239ms
2026-02-15 21:34:22 [INFO]    [PING OK] RU | 418ms
2026-02-15 21:34:22 [INFO]    [PING OK] RU | 63ms
2026-02-15 21:34:22 [INFO]    [PING OK] RU | 283ms
2026-02-15 21:34:22 [INFO]    [PING OK] RU | 73ms
2026-02-15 21:34:22 [INFO]    [PING OK] RU | 4758ms
2026-02-15 21:34:22 [INFO]    [PING OK] PL | 337ms
2026-02-15 21:34:23 [INFO]    [PING OK] RU | 334ms
2026-02-15 21:34:23 [INFO]    [PING OK] RU | 969ms
2026-02-15 21:34:23 [INFO]    [PING OK] RU | 3317ms
2026-02-15 21:34:23 [INFO]    [PING OK] RU | 4302ms
2026-02-15 21:34:23 [INFO]    [PING OK] RU | 217ms
2026-02-15 21:34:23 [INFO]    [PING OK] RU | 214ms
2026-02-15 21:34:23 [INFO]    [PING OK] RU | 287ms
2026-02-15 21:34:23 [INFO]    [PING OK] RU | 283ms
2026-02-15 21:34:23 [INFO]    [PING OK] RU | 327ms
2026-02-15 21:34:23 [INFO]    [PING OK] RU | 900ms
2026-02-15 21:34:24 [INFO]    [PING OK] RU | 346ms
2026-02-15 21:34:24 [INFO]    [PING OK] RU | 239ms
2026-02-15 21:34:24 [INFO]    [PING OK] RU | 583ms
2026-02-15 21:34:24 [INFO]    [PING OK] RU | 819ms
2026-02-15 21:34:24 [INFO]    [PING OK] RU | 79ms
2026-02-15 21:34:24 [INFO]    [PING OK] RU | 1579ms
2026-02-15 21:34:24 [INFO]    [PING OK] RU | 306ms
2026-02-15 21:34:25 [INFO]    [PING OK] RU | 2915ms
2026-02-15 21:34:25 [INFO]    [PING OK] SG | 539ms
2026-02-15 21:34:25 [INFO]    [PING OK] NL | 199ms
2026-02-15 21:34:25 [INFO]    [PING OK] GB | 2044ms
2026-02-15 21:34:26 [INFO]    [PING OK] IQ | 200ms
2026-02-15 21:34:26 [INFO]    [PING OK] NL | 1213ms
2026-02-15 21:34:26 [INFO]    [PING OK] CY | 785ms
2026-02-15 21:34:27 [INFO]    [PING OK] CY | 421ms
2026-02-15 21:34:27 [INFO]    [PING OK] DE | 227ms
2026-02-15 21:34:27 [INFO]    [PING OK] GB | 268ms
2026-02-15 21:34:27 [INFO]    [PING OK] DE | 816ms
2026-02-15 21:34:27 [INFO]    [PING OK] RU | 3698ms
2026-02-15 21:34:28 [INFO]    [PING OK] DE | 179ms
2026-02-15 21:34:28 [INFO]    [PING OK] DE | 282ms
2026-02-15 21:34:28 [INFO]    [PING OK] DE | 504ms
2026-02-15 21:34:28 [INFO]    [PING OK] GB | 542ms
2026-02-15 21:34:29 [INFO]    [PING OK] NL | 132ms
2026-02-15 21:34:29 [INFO]    [PING OK] CY | 869ms
2026-02-15 21:34:29 [INFO]    [PING OK] LV | 179ms
2026-02-15 21:34:29 [INFO]    [PING OK] NL | 225ms
2026-02-15 21:34:30 [INFO]    [PING OK] FR | 609ms
2026-02-15 21:34:30 [INFO]    [PING OK] DE | 179ms
2026-02-15 21:34:30 [INFO]    [PING OK] KZ | 243ms
2026-02-15 21:34:30 [INFO]    [PING OK] NL | 4452ms
2026-02-15 21:34:31 [INFO]    [PING OK] RU | 409ms
2026-02-15 21:34:31 [INFO]    [PING OK] PL | 114ms
2026-02-15 21:34:31 [INFO]    [PING OK] LV | 441ms
2026-02-15 21:34:31 [INFO]    [PING OK] CY | 775ms
2026-02-15 21:34:31 [INFO]    [PING OK] FI | 167ms
2026-02-15 21:34:31 [INFO]    [PING OK] ES | 416ms
2026-02-15 21:34:31 [INFO]    [PING OK] JP | 1066ms
2026-02-15 21:34:31 [INFO]    [PING OK] NL | 226ms
2026-02-15 21:34:32 [INFO]    [PING OK] GB | 552ms
2026-02-15 21:34:32 [INFO]    [PING OK] TR | 4494ms
2026-02-15 21:34:34 [INFO]    [PING OK] MY | 4448ms
2026-02-15 21:34:34 [INFO] 🏎️ ЭТАП 2: Глубокий замер скорости для ТОП-10 серверов...
2026-02-15 21:34:41 [INFO]    🏆 PL | Пинг: 114ms | Скорость: 7.81 Mbps ⚡⚡
2026-02-15 21:34:41 [INFO]    🏆 NL | Пинг: 132ms | Скорость: 7.78 Mbps ⚡⚡
2026-02-15 21:34:41 [INFO]    🏆 DE | Пинг: 137ms | Скорость: 7.83 Mbps ⚡⚡
2026-02-15 21:34:41 [INFO]    🏆 PL | Пинг: 150ms | Скорость: 7.94 Mbps ⚡⚡
2026-02-15 21:34:41 [INFO]    🏆 DE | Пинг: 158ms | Скорость: 8.06 Mbps ⚡⚡
2026-02-15 21:34:41 [INFO]    🏆 PL | Пинг: 159ms | Скорость: 8.01 Mbps ⚡⚡
2026-02-15 21:34:41 [INFO]    🏆 FI | Пинг: 167ms | Скорость: 3.35 Mbps ⚡⚡
2026-02-15 21:34:41 [INFO]    🏆 DE | Пинг: 179ms | Скорость: 8.25 Mbps ⚡⚡
2026-02-15 21:34:41 [INFO]    🏆 LV | Пинг: 179ms | Скорость: 8.16 Mbps ⚡⚡
2026-02-15 21:34:41 [INFO]    🏆 RU | Пинг: 63ms | Скорость: 8.15 Mbps ⚡⚡
2026-02-15 21:34:41 [INFO] 🇷🇺 Добавлен RU сервер: 87.242.103.184
2026-02-15 21:34:41 [INFO] 📊 Итого в подписке сохранено: 10 серверов
2026-02-15 21:34:41 [INFO] 💾 Файл успешно сохранен: FL1PVPN
