2026-02-17 04:50:06 [INFO] 🚀 START: Smart VLESS Selector (Target: 10, Strict Mode)
2026-02-17 04:50:06 [INFO] 🌐 Загрузка источников...
2026-02-17 04:50:08 [INFO] 🔍 Уникальных конфигов собрано: 667
2026-02-17 04:50:08 [INFO] ⚡ ЭТАП 1: Быстрый замер Пинга (Workers: 25)...
2026-02-17 04:50:09 [INFO]    [PING OK] DE | 173ms
2026-02-17 04:50:09 [INFO]    [PING OK] FR | 210ms
2026-02-17 04:50:10 [INFO]    [PING OK] DE | 219ms
2026-02-17 04:50:10 [INFO]    [PING OK] DE | 168ms
2026-02-17 04:50:11 [INFO]    [PING OK] NL | 1127ms
2026-02-17 04:50:12 [INFO]    [PING OK] DE | 484ms
2026-02-17 04:50:15 [INFO]    [PING OK] DE | 156ms
2026-02-17 04:50:17 [INFO]    [PING OK] DE | 153ms
2026-02-17 04:50:18 [INFO]    [PING OK] DE | 1766ms
2026-02-17 04:50:19 [INFO]    [PING OK] US | 901ms
2026-02-17 04:50:19 [INFO]    [PING OK] RU | 180ms
2026-02-17 04:50:21 [INFO]    [PING OK] FI | 219ms
2026-02-17 04:50:22 [INFO]    [PING OK] PL | 160ms
2026-02-17 04:50:22 [INFO]    [PING OK] US | 188ms
2026-02-17 04:50:22 [INFO]    [PING OK] RU | 100ms
2026-02-17 04:50:22 [INFO]    [PING OK] RU | 315ms
2026-02-17 04:50:22 [INFO]    [PING OK] RU | 237ms
2026-02-17 04:50:22 [INFO]    [PING OK] RU | 262ms
2026-02-17 04:50:23 [INFO]    [PING OK] PL | 171ms
2026-02-17 04:50:23 [INFO]    [PING OK] RU | 205ms
2026-02-17 04:50:23 [INFO]    [PING OK] RU | 297ms
2026-02-17 04:50:23 [INFO]    [PING OK] NL | 188ms
2026-02-17 04:50:24 [INFO]    [PING OK] RU | 138ms
2026-02-17 04:50:24 [INFO]    [PING OK] RU | 185ms
2026-02-17 04:50:24 [INFO]    [PING OK] RU | 251ms
2026-02-17 04:50:25 [INFO]    [PING OK] RU | 251ms
2026-02-17 04:50:25 [INFO]    [PING OK] RU | 225ms
2026-02-17 04:50:25 [INFO]    [PING OK] FI | 141ms
2026-02-17 04:50:25 [INFO]    [PING OK] DE | 536ms
2026-02-17 04:50:25 [INFO]    [PING OK] RU | 242ms
2026-02-17 04:50:25 [INFO]    [PING OK] RU | 296ms
2026-02-17 04:50:25 [INFO]    [PING OK] NL | 1479ms
2026-02-17 04:50:26 [INFO]    [PING OK] RU | 384ms
2026-02-17 04:50:26 [INFO]    [PING OK] RU | 104ms
2026-02-17 04:50:26 [INFO]    [PING OK] RU | 110ms
2026-02-17 04:50:26 [INFO]    [PING OK] RU | 346ms
2026-02-17 04:50:26 [INFO]    [PING OK] RU | 260ms
2026-02-17 04:50:26 [INFO]    [PING OK] RU | 484ms
2026-02-17 04:50:26 [INFO]    [PING OK] RU | 230ms
2026-02-17 04:50:26 [INFO]    [PING OK] RU | 997ms
2026-02-17 04:50:27 [INFO]    [PING OK] RU | 3658ms
2026-02-17 04:50:27 [INFO]    [PING OK] RU | 2469ms
2026-02-17 04:50:27 [INFO]    [PING OK] RU | 291ms
2026-02-17 04:50:27 [INFO]    [PING OK] RU | 281ms
2026-02-17 04:50:27 [INFO]    [PING OK] RU | 1917ms
2026-02-17 04:50:28 [INFO]    [PING OK] FI | 146ms
2026-02-17 04:50:28 [INFO]    [PING OK] RU | 54ms
2026-02-17 04:50:28 [INFO]    [PING OK] RU | 204ms
2026-02-17 04:50:28 [INFO]    [PING OK] RU | 348ms
2026-02-17 04:50:28 [INFO]    [PING OK] DE | 163ms
2026-02-17 04:50:28 [INFO]    [PING OK] RU | 188ms
2026-02-17 04:50:28 [INFO]    [PING OK] RU | 1033ms
2026-02-17 04:50:29 [INFO]    [PING OK] RU | 3202ms
2026-02-17 04:50:29 [INFO]    [PING OK] RU | 102ms
2026-02-17 04:50:29 [INFO]    [PING OK] FI | 138ms
2026-02-17 04:50:30 [INFO]    [PING OK] HU | 1391ms
2026-02-17 04:50:30 [INFO]    [PING OK] RU | 231ms
2026-02-17 04:50:30 [INFO]    [PING OK] RU | 2133ms
2026-02-17 04:50:30 [INFO]    [PING OK] RU | 65ms
2026-02-17 04:50:30 [INFO]    [PING OK] RU | 78ms
2026-02-17 04:50:30 [INFO]    [PING OK] RU | 286ms
2026-02-17 04:50:30 [INFO]    [PING OK] HU | 353ms
2026-02-17 04:50:30 [INFO]    [PING OK] RU | 218ms
2026-02-17 04:50:30 [INFO]    [PING OK] RU | 3693ms
2026-02-17 04:50:30 [INFO]    [PING OK] RU | 197ms
2026-02-17 04:50:31 [INFO]    [PING OK] RU | 205ms
2026-02-17 04:50:31 [INFO]    [PING OK] RU | 313ms
2026-02-17 04:50:31 [INFO]    [PING OK] RU | 3680ms
2026-02-17 04:50:31 [INFO]    [PING OK] RU | 723ms
2026-02-17 04:50:31 [INFO]    [PING OK] RU | 1876ms
2026-02-17 04:50:31 [INFO]    [PING OK] RU | 231ms
2026-02-17 04:50:31 [INFO]    [PING OK] DE | 147ms
2026-02-17 04:50:31 [INFO]    [PING OK] RU | 249ms
2026-02-17 04:50:31 [INFO]    [PING OK] RU | 308ms
2026-02-17 04:50:31 [INFO]    [PING OK] RU | 202ms
2026-02-17 04:50:31 [INFO]    [PING OK] RU | 238ms
2026-02-17 04:50:31 [INFO]    [PING OK] RU | 196ms
2026-02-17 04:50:31 [INFO]    [PING OK] RU | 247ms
2026-02-17 04:50:31 [INFO]    [PING OK] RU | 84ms
2026-02-17 04:50:31 [INFO]    [PING OK] RU | 221ms
2026-02-17 04:50:32 [INFO]    [PING OK] RU | 4110ms
2026-02-17 04:50:32 [INFO]    [PING OK] RU | 4425ms
2026-02-17 04:50:32 [INFO]    [PING OK] RU | 258ms
2026-02-17 04:50:32 [INFO]    [PING OK] RU | 251ms
2026-02-17 04:50:32 [INFO]    [PING OK] RU | 325ms
2026-02-17 04:50:32 [INFO]    [PING OK] RU | 783ms
2026-02-17 04:50:33 [INFO]    [PING OK] NL | 318ms
2026-02-17 04:50:33 [INFO]    [PING OK] RU | 1847ms
2026-02-17 04:50:33 [INFO]    [PING OK] RU | 1502ms
2026-02-17 04:50:35 [INFO]    [PING OK] RU | 2998ms
2026-02-17 04:50:35 [INFO]    [PING OK] LT | 160ms
2026-02-17 04:50:36 [INFO]    [PING OK] TR | 270ms
2026-02-17 04:50:39 [INFO]    [PING OK] FR | 198ms
2026-02-17 04:50:40 [INFO]    [PING OK] EE | 235ms
2026-02-17 04:50:42 [INFO]    [PING OK] RU | 143ms
2026-02-17 04:50:46 [INFO]    [PING OK] US | 532ms
2026-02-17 04:50:47 [INFO]    [PING OK] PL | 110ms
2026-02-17 04:50:48 [INFO]    [PING OK] CY | 166ms
2026-02-17 04:50:52 [INFO]    [PING OK] US | 897ms
2026-02-17 04:50:52 [INFO]    [PING OK] FI | 268ms
2026-02-17 04:50:55 [INFO]    [PING OK] DE | 150ms
2026-02-17 04:50:55 [INFO]    [PING OK] US | 465ms
2026-02-17 04:50:58 [INFO]    [PING OK] NL | 296ms
2026-02-17 04:50:59 [INFO]    [PING OK] LT | 167ms
2026-02-17 04:51:00 [INFO]    [PING OK] SE | 198ms
2026-02-17 04:51:01 [INFO]    [PING OK] NL | 180ms
2026-02-17 04:51:06 [INFO]    [PING OK] FR | 715ms
2026-02-17 04:51:06 [INFO]    [PING OK] LT | 143ms
2026-02-17 04:51:06 [INFO]    [PING OK] FR | 226ms
2026-02-17 04:51:07 [INFO]    [PING OK] US | 821ms
2026-02-17 04:51:08 [INFO]    [PING OK] DE | 333ms
2026-02-17 04:51:12 [INFO]    [PING OK] NL | 143ms
2026-02-17 04:51:14 [INFO]    [PING OK] DE | 164ms
2026-02-17 04:51:16 [INFO]    [PING OK] FR | 164ms
2026-02-17 04:51:17 [INFO]    [PING OK] PL | 676ms
2026-02-17 04:51:18 [INFO]    [PING OK] FR | 732ms
2026-02-17 04:51:19 [INFO]    [PING OK] DE | 184ms
2026-02-17 04:51:21 [INFO]    [PING OK] GR | 101ms
2026-02-17 04:51:24 [INFO]    [PING OK] AT | 184ms
2026-02-17 04:51:26 [INFO]    [PING OK] PL | 551ms
2026-02-17 04:51:26 [INFO]    [PING OK] NL | 410ms
2026-02-17 04:51:27 [INFO]    [PING OK] US | 523ms
2026-02-17 04:51:28 [INFO]    [PING OK] US | 606ms
2026-02-17 04:51:29 [INFO]    [PING OK] PL | 128ms
2026-02-17 04:51:32 [INFO]    [PING OK] BG | 231ms
2026-02-17 04:51:34 [INFO]    [PING OK] RU | 277ms
2026-02-17 04:51:35 [INFO]    [PING OK] MD | 147ms
2026-02-17 04:51:35 [INFO]    [PING OK] LV | 452ms
2026-02-17 04:51:35 [INFO]    [PING OK] LV | 180ms
2026-02-17 04:51:39 [INFO] 🏎️ ЭТАП 2: Глубокий замер скорости для ТОП-10 серверов...
2026-02-17 04:51:42 [INFO]    🏆 GR | Пинг: 101ms | Скорость: 7.27 Mbps ⚡⚡
2026-02-17 04:51:42 [INFO]    🏆 PL | Пинг: 110ms | Скорость: 7.56 Mbps ⚡⚡
2026-02-17 04:51:42 [INFO]    🏆 PL | Пинг: 128ms | Скорость: 7.21 Mbps ⚡⚡
2026-02-17 04:51:42 [INFO]    🏆 FI | Пинг: 138ms | Скорость: 7.15 Mbps ⚡⚡
2026-02-17 04:51:42 [INFO]    🏆 FI | Пинг: 141ms | Скорость: 7.23 Mbps ⚡⚡
2026-02-17 04:51:42 [INFO]    🏆 LT | Пинг: 143ms | Скорость: 7.33 Mbps ⚡⚡
2026-02-17 04:51:42 [INFO]    🏆 NL | Пинг: 143ms | Скорость: 7.55 Mbps ⚡⚡
2026-02-17 04:51:42 [INFO]    🏆 FI | Пинг: 146ms | Скорость: 7.53 Mbps ⚡⚡
2026-02-17 04:51:42 [INFO]    🏆 DE | Пинг: 147ms | Скорость: 7.79 Mbps ⚡⚡
2026-02-17 04:51:42 [INFO]    🏆 RU | Пинг: 54ms | Скорость: 7.73 Mbps ⚡⚡
2026-02-17 04:51:42 [INFO] 🇷🇺 Добавлен RU сервер: 87.242.103.184
2026-02-17 04:51:42 [INFO] 📊 Итого в подписке сохранено: 10 серверов
2026-02-17 04:51:42 [INFO] 💾 Файл успешно сохранен: FL1PVPN
