2026-02-16 23:30:06 [INFO] 🚀 START: Smart VLESS Selector (Target: 10, Strict Mode)
2026-02-16 23:30:06 [INFO] 🌐 Загрузка источников...
2026-02-16 23:30:09 [INFO] 🔍 Уникальных конфигов собрано: 604
2026-02-16 23:30:09 [INFO] ⚡ ЭТАП 1: Быстрый замер Пинга (Workers: 25)...
2026-02-16 23:30:10 [INFO]    [PING OK] RU | 440ms
2026-02-16 23:30:10 [INFO]    [PING OK] RU | 291ms
2026-02-16 23:30:10 [INFO]    [PING OK] DE | 235ms
2026-02-16 23:30:10 [INFO]    [PING OK] DE | 392ms
2026-02-16 23:30:11 [INFO]    [PING OK] DE | 159ms
2026-02-16 23:30:11 [INFO]    [PING OK] DE | 1252ms
2026-02-16 23:30:14 [INFO]    [PING OK] US | 700ms
2026-02-16 23:30:14 [INFO]    [PING OK] GB | 176ms
2026-02-16 23:30:16 [INFO]    [PING OK] DE | 204ms
2026-02-16 23:30:16 [INFO]    [PING OK] FR | 194ms
2026-02-16 23:30:16 [INFO]    [PING OK] FR | 199ms
2026-02-16 23:30:16 [INFO]    [PING OK] NL | 144ms
2026-02-16 23:30:18 [INFO]    [PING OK] DE | 181ms
2026-02-16 23:30:19 [INFO]    [PING OK] DE | 245ms
2026-02-16 23:30:19 [INFO]    [PING OK] KZ | 526ms
2026-02-16 23:30:20 [INFO]    [PING OK] SG | 173ms
2026-02-16 23:30:20 [INFO]    [PING OK] DE | 172ms
2026-02-16 23:30:21 [INFO]    [PING OK] FI | 1148ms
2026-02-16 23:30:21 [INFO]    [PING OK] RU | 217ms
2026-02-16 23:30:21 [INFO]    [PING OK] RU | 285ms
2026-02-16 23:30:22 [INFO]    [PING OK] RU | 82ms
2026-02-16 23:30:22 [INFO]    [PING OK] RU | 99ms
2026-02-16 23:30:22 [INFO]    [PING OK] RU | 146ms
2026-02-16 23:30:22 [INFO]    [PING OK] RU | 88ms
2026-02-16 23:30:22 [INFO]    [PING OK] RU | 952ms
2026-02-16 23:30:22 [INFO]    [PING OK] RU | 88ms
2026-02-16 23:30:22 [INFO]    [PING OK] RU | 68ms
2026-02-16 23:30:22 [INFO]    [PING OK] RU | 201ms
2026-02-16 23:30:22 [INFO]    [PING OK] DE | 164ms
2026-02-16 23:30:23 [INFO]    [PING OK] RU | 137ms
2026-02-16 23:30:23 [INFO]    [PING OK] RU | 85ms
2026-02-16 23:30:23 [INFO]    [PING OK] RU | 245ms
2026-02-16 23:30:23 [INFO]    [PING OK] RU | 241ms
2026-02-16 23:30:23 [INFO]    [PING OK] HU | 313ms
2026-02-16 23:30:23 [INFO]    [PING OK] GB | 298ms
2026-02-16 23:30:23 [INFO]    [PING OK] US | 200ms
2026-02-16 23:30:23 [INFO]    [PING OK] RU | 302ms
2026-02-16 23:30:24 [INFO]    [PING OK] RU | 136ms
2026-02-16 23:30:24 [INFO]    [PING OK] RU | 217ms
2026-02-16 23:30:24 [INFO]    [PING OK] RU | 296ms
2026-02-16 23:30:24 [INFO]    [PING OK] RU | 210ms
2026-02-16 23:30:24 [INFO]    [PING OK] RU | 294ms
2026-02-16 23:30:24 [INFO]    [PING OK] RU | 227ms
2026-02-16 23:30:24 [INFO]    [PING OK] RU | 106ms
2026-02-16 23:30:24 [INFO]    [PING OK] RU | 106ms
2026-02-16 23:30:24 [INFO]    [PING OK] RU | 327ms
2026-02-16 23:30:24 [INFO]    [PING OK] RU | 79ms
2026-02-16 23:30:25 [INFO]    [PING OK] RU | 101ms
2026-02-16 23:30:25 [INFO]    [PING OK] RU | 160ms
2026-02-16 23:30:25 [INFO]    [PING OK] RU | 137ms
2026-02-16 23:30:25 [INFO]    [PING OK] RU | 188ms
2026-02-16 23:30:25 [INFO]    [PING OK] RU | 335ms
2026-02-16 23:30:25 [INFO]    [PING OK] RU | 231ms
2026-02-16 23:30:25 [INFO]    [PING OK] RU | 101ms
2026-02-16 23:30:25 [INFO]    [PING OK] RU | 85ms
2026-02-16 23:30:25 [INFO]    [PING OK] RU | 202ms
2026-02-16 23:30:25 [INFO]    [PING OK] RU | 1843ms
2026-02-16 23:30:25 [INFO]    [PING OK] PL | 152ms
2026-02-16 23:30:25 [INFO]    [PING OK] RU | 242ms
2026-02-16 23:30:25 [INFO]    [PING OK] RU | 1335ms
2026-02-16 23:30:26 [INFO]    [PING OK] RU | 270ms
2026-02-16 23:30:26 [INFO]    [PING OK] RU | 124ms
2026-02-16 23:30:26 [INFO]    [PING OK] RU | 253ms
2026-02-16 23:30:26 [INFO]    [PING OK] RU | 603ms
2026-02-16 23:30:26 [INFO]    [PING OK] RU | 263ms
2026-02-16 23:30:26 [INFO]    [PING OK] RU | 196ms
2026-02-16 23:30:26 [INFO]    [PING OK] PL | 202ms
2026-02-16 23:30:26 [INFO]    [PING OK] RU | 142ms
2026-02-16 23:30:26 [INFO]    [PING OK] RU | 826ms
2026-02-16 23:30:26 [INFO]    [PING OK] PL | 196ms
2026-02-16 23:30:26 [INFO]    [PING OK] RU | 207ms
2026-02-16 23:30:26 [INFO]    [PING OK] RU | 789ms
2026-02-16 23:30:27 [INFO]    [PING OK] RU | 165ms
2026-02-16 23:30:27 [INFO]    [PING OK] RU | 213ms
2026-02-16 23:30:27 [INFO]    [PING OK] DE | 162ms
2026-02-16 23:30:27 [INFO]    [PING OK] RU | 148ms
2026-02-16 23:30:27 [INFO]    [PING OK] RU | 128ms
2026-02-16 23:30:27 [INFO]    [PING OK] RU | 231ms
2026-02-16 23:30:27 [INFO]    [PING OK] RU | 436ms
2026-02-16 23:30:27 [INFO]    [PING OK] RU | 201ms
2026-02-16 23:30:27 [INFO]    [PING OK] RU | 208ms
2026-02-16 23:30:27 [INFO]    [PING OK] RU | 241ms
2026-02-16 23:30:28 [INFO]    [PING OK] NL | 159ms
2026-02-16 23:30:28 [INFO]    [PING OK] RU | 681ms
2026-02-16 23:30:28 [INFO]    [PING OK] RU | 62ms
2026-02-16 23:30:28 [INFO]    [PING OK] RU | 276ms
2026-02-16 23:30:28 [INFO]    [PING OK] RU | 2291ms
2026-02-16 23:30:28 [INFO]    [PING OK] RU | 101ms
2026-02-16 23:30:28 [INFO]    [PING OK] RU | 65ms
2026-02-16 23:30:28 [INFO]    [PING OK] RU | 299ms
2026-02-16 23:30:28 [INFO]    [PING OK] RU | 208ms
2026-02-16 23:30:28 [INFO]    [PING OK] EE | 126ms
2026-02-16 23:30:28 [INFO]    [PING OK] RU | 256ms
2026-02-16 23:30:28 [INFO]    [PING OK] RU | 69ms
2026-02-16 23:30:28 [INFO]    [PING OK] RU | 277ms
2026-02-16 23:30:28 [INFO]    [PING OK] HU | 333ms
2026-02-16 23:30:28 [INFO]    [PING OK] RU | 135ms
2026-02-16 23:30:29 [INFO]    [PING OK] RU | 448ms
2026-02-16 23:30:29 [INFO]    [PING OK] HU | 333ms
2026-02-16 23:30:29 [INFO]    [PING OK] RU | 270ms
2026-02-16 23:30:29 [INFO]    [PING OK] GB | 351ms
2026-02-16 23:30:29 [INFO]    [PING OK] RU | 301ms
2026-02-16 23:30:29 [INFO]    [PING OK] RU | 190ms
2026-02-16 23:30:29 [INFO]    [PING OK] RU | 94ms
2026-02-16 23:30:29 [INFO]    [PING OK] RU | 140ms
2026-02-16 23:30:29 [INFO]    [PING OK] RU | 237ms
2026-02-16 23:30:29 [INFO]    [PING OK] RU | 255ms
2026-02-16 23:30:29 [INFO]    [PING OK] RU | 227ms
2026-02-16 23:30:29 [INFO]    [PING OK] RU | 280ms
2026-02-16 23:30:29 [INFO]    [PING OK] RU | 55ms
2026-02-16 23:30:29 [INFO]    [PING OK] RU | 2484ms
2026-02-16 23:30:29 [INFO]    [PING OK] RU | 262ms
2026-02-16 23:30:29 [INFO]    [PING OK] RU | 205ms
2026-02-16 23:30:30 [INFO]    [PING OK] RU | 3852ms
2026-02-16 23:30:30 [INFO]    [PING OK] NL | 220ms
2026-02-16 23:30:30 [INFO]    [PING OK] RU | 324ms
2026-02-16 23:30:30 [INFO]    [PING OK] RU | 298ms
2026-02-16 23:30:30 [INFO]    [PING OK] RU | 229ms
2026-02-16 23:30:30 [INFO]    [PING OK] RU | 249ms
2026-02-16 23:30:30 [INFO]    [PING OK] NL | 1218ms
2026-02-16 23:30:30 [INFO]    [PING OK] RU | 215ms
2026-02-16 23:30:30 [INFO]    [PING OK] RU | 304ms
2026-02-16 23:30:30 [INFO]    [PING OK] GB | 247ms
2026-02-16 23:30:30 [INFO]    [PING OK] RU | 228ms
2026-02-16 23:30:30 [INFO]    [PING OK] RU | 303ms
2026-02-16 23:30:30 [INFO]    [PING OK] RU | 401ms
2026-02-16 23:30:30 [INFO]    [PING OK] RU | 229ms
2026-02-16 23:30:30 [INFO]    [PING OK] RU | 194ms
2026-02-16 23:30:30 [INFO]    [PING OK] RU | 206ms
2026-02-16 23:30:31 [INFO]    [PING OK] RU | 321ms
2026-02-16 23:30:31 [INFO]    [PING OK] RU | 214ms
2026-02-16 23:30:35 [INFO]    [PING OK] RU | 4605ms
2026-02-16 23:30:35 [INFO]    [PING OK] DE | 371ms
2026-02-16 23:30:37 [INFO]    [PING OK] US | 569ms
2026-02-16 23:30:37 [INFO]    [PING OK] DE | 134ms
2026-02-16 23:30:37 [INFO]    [PING OK] SE | 212ms
2026-02-16 23:30:37 [INFO]    [PING OK] PL | 128ms
2026-02-16 23:30:37 [INFO]    [PING OK] RU | 251ms
2026-02-16 23:30:39 [INFO]    [PING OK] PL | 269ms
2026-02-16 23:30:41 [INFO]    [PING OK] DE | 160ms
2026-02-16 23:30:42 [INFO]    [PING OK] FI | 252ms
2026-02-16 23:30:43 [INFO]    [PING OK] NL | 189ms
2026-02-16 23:30:46 [INFO]    [PING OK] US | 1545ms
2026-02-16 23:30:47 [INFO]    [PING OK] NL | 175ms
2026-02-16 23:30:48 [INFO]    [PING OK] US | 599ms
2026-02-16 23:30:49 [INFO]    [PING OK] TR | 263ms
2026-02-16 23:30:50 [INFO]    [PING OK] US | 831ms
2026-02-16 23:30:54 [INFO]    [PING OK] GB | 489ms
2026-02-16 23:30:56 [INFO]    [PING OK] DE | 158ms
2026-02-16 23:30:57 [INFO]    [PING OK] US | 562ms
2026-02-16 23:30:57 [INFO]    [PING OK] FR | 158ms
2026-02-16 23:31:00 [INFO]    [PING OK] DE | 372ms
2026-02-16 23:31:00 [INFO]    [PING OK] PL | 1091ms
2026-02-16 23:31:00 [INFO]    [PING OK] PL | 120ms
2026-02-16 23:31:00 [INFO]    [PING OK] TR | 272ms
2026-02-16 23:31:09 [INFO]    [PING OK] GR | 69ms
2026-02-16 23:31:11 [INFO]    [PING OK] FI | 132ms
2026-02-16 23:31:12 [INFO]    [PING OK] NL | 414ms
2026-02-16 23:31:13 [INFO]    [PING OK] PL | 801ms
2026-02-16 23:31:15 [INFO]    [PING OK] AT | 186ms
2026-02-16 23:31:17 [INFO]    [PING OK] PL | 136ms
2026-02-16 23:31:17 [INFO]    [PING OK] FR | 196ms
2026-02-16 23:31:18 [INFO]    [PING OK] US | 845ms
2026-02-16 23:31:19 [INFO]    [PING OK] DE | 161ms
2026-02-16 23:31:20 [INFO]    [PING OK] DE | 419ms
2026-02-16 23:31:20 [INFO]    [PING OK] DE | 158ms
2026-02-16 23:31:22 [INFO]    [PING OK] LV | 296ms
2026-02-16 23:31:22 [INFO]    [PING OK] MD | 161ms
2026-02-16 23:31:23 [INFO]    [PING OK] LV | 155ms
2026-02-16 23:31:26 [INFO] 🏎️ ЭТАП 2: Глубокий замер скорости для ТОП-10 серверов...
2026-02-16 23:31:29 [INFO]    🏆 GR | Пинг: 69ms | Скорость: 8.39 Mbps ⚡⚡
2026-02-16 23:31:29 [INFO]    🏆 PL | Пинг: 120ms | Скорость: 8.49 Mbps ⚡⚡
2026-02-16 23:31:29 [INFO]    🏆 EE | Пинг: 126ms | Скорость: 8.41 Mbps ⚡⚡
2026-02-16 23:31:29 [INFO]    🏆 PL | Пинг: 128ms | Скорость: 8.55 Mbps ⚡⚡
2026-02-16 23:31:29 [INFO]    🏆 FI | Пинг: 132ms | Скорость: 8.58 Mbps ⚡⚡
2026-02-16 23:31:29 [INFO]    🏆 DE | Пинг: 134ms | Скорость: 8.55 Mbps ⚡⚡
2026-02-16 23:31:29 [INFO]    🏆 PL | Пинг: 136ms | Скорость: 8.91 Mbps ⚡⚡
2026-02-16 23:31:29 [INFO]    🏆 NL | Пинг: 144ms | Скорость: 8.96 Mbps ⚡⚡
2026-02-16 23:31:29 [INFO]    🏆 PL | Пинг: 152ms | Скорость: 8.87 Mbps ⚡⚡
2026-02-16 23:31:29 [INFO]    🏆 RU | Пинг: 55ms | Скорость: 9.09 Mbps ⚡⚡
2026-02-16 23:31:29 [INFO] 🇷🇺 Добавлен RU сервер: 95.163.210.173
2026-02-16 23:31:29 [INFO] 📊 Итого в подписке сохранено: 10 серверов
2026-02-16 23:31:29 [INFO] 💾 Файл успешно сохранен: FL1PVPN
