2026-02-27 00:10:05 [INFO] 🚀 START: Smart Selector (Target: 10, ONLY FOREIGN)
2026-02-27 00:10:05 [INFO] 🌐 Загрузка источников (VLESS + VMess)...
2026-02-27 00:10:06 [INFO] 🔍 Уникальных конфигов собрано: 187
2026-02-27 00:10:06 [INFO] ⚡ ЭТАП 1: Замер Пинга и Геолокации. Workers: 40...
2026-02-27 00:10:11 [INFO]    [PING OK] FI | VLESS | 4101ms
2026-02-27 00:10:11 [INFO]    [PING OK] FI | VLESS | 4163ms
2026-02-27 00:10:12 [INFO]    [PING OK] DE | VLESS | 4358ms
2026-02-27 00:10:12 [INFO]    [PING OK] DE | VLESS | 4297ms
2026-02-27 00:10:12 [INFO]    [PING OK] FI | VLESS | 4328ms
2026-02-27 00:10:12 [INFO]    [PING OK] FI | VLESS | 4454ms
2026-02-27 00:10:12 [INFO]    [PING OK] NL | VLESS | 4488ms
2026-02-27 00:10:12 [INFO]    [PING OK] NL | VLESS | 4933ms
2026-02-27 00:10:12 [INFO]    [PING OK] FI | VLESS | 4471ms
2026-02-27 00:10:12 [INFO]    [PING OK] FI | VLESS | 4634ms
2026-02-27 00:10:12 [INFO]    [PING OK] PL | VLESS | 4624ms
2026-02-27 00:10:12 [INFO]    [PING OK] DE | VLESS | 4549ms
2026-02-27 00:10:13 [INFO]    [PING OK] CH | VLESS | 4320ms
2026-02-27 00:10:13 [INFO]    [PING OK] DE | VLESS | 4365ms
2026-02-27 00:10:13 [INFO]    [PING OK] FI | VLESS | 4307ms
2026-02-27 00:10:13 [INFO]    [PING OK] FI | VLESS | 3700ms
2026-02-27 00:10:13 [INFO]    [PING OK] US | VLESS | 5555ms
2026-02-27 00:10:13 [INFO]    [PING OK] DE | VLESS | 3758ms
2026-02-27 00:10:13 [INFO]    [PING OK] CH | VLESS | 3922ms
2026-02-27 00:10:13 [INFO]    [PING OK] DE | VLESS | 3771ms
2026-02-27 00:10:14 [INFO]    [PING OK] US | VLESS | 3672ms
2026-02-27 00:10:14 [INFO]    [PING OK] US | VLESS | 5005ms
2026-02-27 00:10:14 [INFO]    [PING OK] DE | VLESS | 3983ms
2026-02-27 00:10:14 [INFO]    [PING OK] FI | VLESS | 3926ms
2026-02-27 00:10:15 [INFO]    [PING OK] DE | VLESS | 4218ms
2026-02-27 00:10:17 [INFO]    [PING OK] DE | VLESS | 4583ms
2026-02-27 00:10:17 [INFO]    [PING OK] PL | VLESS | 4570ms
2026-02-27 00:10:17 [INFO]    [PING OK] SE | VLESS | 4678ms
2026-02-27 00:10:17 [INFO]    [PING OK] DE | VLESS | 4415ms
2026-02-27 00:10:17 [INFO]    [PING OK] DE | VLESS | 4403ms
2026-02-27 00:10:18 [INFO]    [PING OK] NL | VLESS | 4604ms
2026-02-27 00:10:18 [INFO]    [PING OK] NL | VLESS | 4683ms
2026-02-27 00:10:18 [INFO]    [PING OK] FI | VLESS | 4409ms
2026-02-27 00:10:18 [INFO]    [PING OK] FI | VLESS | 4381ms
2026-02-27 00:10:18 [INFO]    [PING OK] FI | VLESS | 4757ms
2026-02-27 00:10:18 [INFO]    [PING OK] FR | VLESS | 4646ms
2026-02-27 00:10:18 [INFO]    [PING OK] DE | VLESS | 4547ms
2026-02-27 00:10:18 [INFO]    [PING OK] US | VLESS | 4844ms
2026-02-27 00:10:18 [INFO]    [PING OK] DE | VLESS | 4779ms
2026-02-27 00:10:18 [INFO]    [PING OK] FI | VLESS | 4351ms
2026-02-27 00:10:19 [INFO]    [PING OK] PL | VLESS | 4589ms
2026-02-27 00:10:19 [INFO]    [PING OK] FR | VLESS | 4342ms
2026-02-27 00:10:19 [INFO]    [PING OK] DE | VLESS | 4246ms
2026-02-27 00:10:19 [INFO]    [PING OK] DE | VLESS | 4355ms
2026-02-27 00:10:19 [INFO]    [PING OK] FR | VLESS | 4778ms
2026-02-27 00:10:19 [INFO]    [PING OK] FI | VLESS | 4428ms
2026-02-27 00:10:20 [INFO]    [PING OK] US | VLESS | 4457ms
2026-02-27 00:10:20 [INFO]    [PING OK] NL | VLESS | 4499ms
2026-02-27 00:10:20 [INFO]    [PING OK] DE | VLESS | 4310ms
2026-02-27 00:10:20 [INFO]    [PING OK] SG | VLESS | 4346ms
2026-02-27 00:10:22 [INFO]    [PING OK] CA | VLESS | 4645ms
2026-02-27 00:10:22 [INFO]    [PING OK] US | VLESS | 6977ms
2026-02-27 00:10:22 [INFO]    [PING OK] CA | VLESS | 6732ms
2026-02-27 00:10:22 [INFO]    [PING OK] CA | VLESS | 5800ms
2026-02-27 00:10:22 [INFO]    [PING OK] CA | VLESS | 5068ms
2026-02-27 00:10:23 [INFO]    [PING OK] LV | VLESS | 4416ms
2026-02-27 00:10:23 [INFO]    [PING OK] ES | VLESS | 4275ms
2026-02-27 00:10:23 [INFO]    [PING OK] SG | VLESS | 4630ms
2026-02-27 00:10:23 [INFO]    [PING OK] DE | VLESS | 4093ms
2026-02-27 00:10:23 [INFO]    [PING OK] ES | VLESS | 3908ms
2026-02-27 00:10:23 [INFO]    [PING OK] TR | VLESS | 3783ms
2026-02-27 00:10:23 [INFO]    [PING OK] DE | VLESS | 4256ms
2026-02-27 00:10:23 [INFO]    [PING OK] DE | VLESS | 3343ms
2026-02-27 00:10:23 [INFO]    [PING OK] NL | VLESS | 2514ms
2026-02-27 00:10:23 [INFO]    [PING OK] DE | VLESS | 2205ms
2026-02-27 00:10:23 [INFO]    [PING OK] DE | VLESS | 1492ms
2026-02-27 00:10:24 [INFO]    [PING OK] US | VLESS | 2319ms
2026-02-27 00:10:24 [INFO]    [PING OK] CA | VLESS | 5548ms
2026-02-27 00:10:24 [INFO]    [PING OK] CA | VLESS | 6229ms
2026-02-27 00:10:25 [INFO]    [PING OK] CA | VLESS | 5729ms
2026-02-27 00:10:25 [INFO]    [PING OK] CA | VLESS | 4879ms
2026-02-27 00:10:25 [INFO]    [PING OK] CA | VLESS | 3214ms
2026-02-27 00:10:25 [INFO]    [PING OK] CA | VLESS | 4598ms
2026-02-27 00:10:28 [INFO]    [PING OK] SG | VLESS | 9810ms
2026-02-27 00:10:28 [INFO] 🏎️ ЭТАП 2: Глубокий замер скорости для 40 иностранных кандидатов...
2026-02-27 00:10:33 [INFO]    🏆 DE | VLESS | Пинг: 3771ms | Скорость: 5.05 Mbps ⚡⚡
2026-02-27 00:10:33 [INFO]    🏆 FI | VLESS | Пинг: 3926ms | Скорость: 5.07 Mbps ⚡⚡
2026-02-27 00:10:33 [INFO]    🏆 DE | VLESS | Пинг: 3758ms | Скорость: 4.93 Mbps ⚡⚡
2026-02-27 00:10:33 [INFO]    🏆 US | VLESS | Пинг: 3672ms | Скорость: 4.92 Mbps ⚡⚡
2026-02-27 00:10:33 [INFO]    🏆 ES | VLESS | Пинг: 3908ms | Скорость: 5.09 Mbps ⚡⚡
2026-02-27 00:10:33 [INFO]    🏆 DE | VLESS | Пинг: 2205ms | Скорость: 4.86 Mbps ⚡⚡
2026-02-27 00:10:33 [INFO]    🏆 DE | VLESS | Пинг: 1492ms | Скорость: 4.81 Mbps ⚡⚡
2026-02-27 00:10:33 [INFO]    🏆 FI | VLESS | Пинг: 3700ms | Скорость: 4.85 Mbps ⚡⚡
2026-02-27 00:10:33 [INFO]    🏆 DE | VLESS | Пинг: 3343ms | Скорость: 4.73 Mbps ⚡⚡
2026-02-27 00:10:33 [INFO]    🏆 DE | VLESS | Пинг: 3983ms | Скорость: 4.8 Mbps ⚡⚡
2026-02-27 00:10:33 [INFO]    🏆 CH | VLESS | Пинг: 3922ms | Скорость: 4.74 Mbps ⚡⚡
2026-02-27 00:10:34 [INFO]    🏆 NL | VLESS | Пинг: 2514ms | Скорость: 4.53 Mbps ⚡⚡
2026-02-27 00:10:34 [INFO]    🏆 TR | VLESS | Пинг: 3783ms | Скорость: 4.57 Mbps ⚡⚡
2026-02-27 00:10:36 [INFO]    🏆 DE | VLESS | Пинг: 4093ms | Скорость: 5.0 Mbps ⚡⚡
2026-02-27 00:10:36 [INFO]    🏆 FI | VLESS | Пинг: 4101ms | Скорость: 8.51 Mbps ⚡⚡
2026-02-27 00:10:38 [INFO]    🏆 DE | VLESS | Пинг: 4218ms | Скорость: 5.26 Mbps ⚡⚡
2026-02-27 00:10:38 [INFO]    🏆 DE | VLESS | Пинг: 4297ms | Скорость: 5.08 Mbps ⚡⚡
2026-02-27 00:10:38 [INFO]    🏆 DE | VLESS | Пинг: 4310ms | Скорость: 5.13 Mbps ⚡⚡
2026-02-27 00:10:38 [INFO]    🏆 FI | VLESS | Пинг: 4163ms | Скорость: 5.04 Mbps ⚡⚡
2026-02-27 00:10:38 [INFO]    🏆 FI | VLESS | Пинг: 4328ms | Скорость: 5.18 Mbps ⚡⚡
2026-02-27 00:10:38 [INFO]    🏆 ES | VLESS | Пинг: 4275ms | Скорость: 4.98 Mbps ⚡⚡
2026-02-27 00:10:38 [INFO]    🏆 DE | VLESS | Пинг: 4246ms | Скорость: 4.95 Mbps ⚡⚡
2026-02-27 00:10:38 [INFO]    🏆 DE | VLESS | Пинг: 4256ms | Скорость: 4.95 Mbps ⚡⚡
2026-02-27 00:10:38 [INFO]    🏆 FR | VLESS | Пинг: 4342ms | Скорость: 5.2 Mbps ⚡⚡
2026-02-27 00:10:38 [INFO]    🏆 FI | VLESS | Пинг: 4307ms | Скорость: 4.89 Mbps ⚡⚡
2026-02-27 00:10:38 [INFO]    🏆 CH | VLESS | Пинг: 4320ms | Скорость: 4.92 Mbps ⚡⚡
2026-02-27 00:10:38 [INFO]    🏆 FI | VLESS | Пинг: 4351ms | Скорость: 4.91 Mbps ⚡⚡
2026-02-27 00:10:38 [INFO]    🏆 SG | VLESS | Пинг: 4346ms | Скорость: 4.78 Mbps ⚡⚡
2026-02-27 00:10:39 [INFO]    🏆 DE | VLESS | Пинг: 4358ms | Скорость: 7.93 Mbps ⚡⚡
2026-02-27 00:10:40 [INFO]    🏆 DE | VLESS | Пинг: 4355ms | Скорость: 5.89 Mbps ⚡⚡
2026-02-27 00:10:40 [INFO]    🏆 DE | VLESS | Пинг: 4365ms | Скорость: 14.53 Mbps ⚡⚡
2026-02-27 00:10:41 [INFO]    🏆 FI | VLESS | Пинг: 4428ms | Скорость: 8.91 Mbps ⚡⚡
2026-02-27 00:10:41 [INFO]    🏆 FI | VLESS | Пинг: 4381ms | Скорость: 8.9 Mbps ⚡⚡
2026-02-27 00:10:41 [INFO]    🏆 DE | VLESS | Пинг: 4415ms | Скорость: 8.8 Mbps ⚡⚡
2026-02-27 00:10:41 [INFO]    🏆 LV | VLESS | Пинг: 4416ms | Скорость: 8.92 Mbps ⚡⚡
2026-02-27 00:10:41 [INFO]    🏆 FI | VLESS | Пинг: 4454ms | Скорость: 8.97 Mbps ⚡⚡
2026-02-27 00:10:41 [INFO]    🏆 DE | VLESS | Пинг: 4403ms | Скорость: 8.82 Mbps ⚡⚡
2026-02-27 00:10:41 [INFO]    🏆 FI | VLESS | Пинг: 4409ms | Скорость: 8.51 Mbps ⚡⚡
2026-02-27 00:10:41 [INFO] 📊 Итого в подписке сохранено иностранных серверов: 10
2026-02-27 00:10:41 [INFO] 💾 Файл успешно сохранен: FL1PVPN
