2026-02-23 02:50:05 [INFO] 🚀 START: Smart Selector (Target: 10, ONLY FOREIGN)
2026-02-23 02:50:05 [INFO] 🌐 Загрузка источников (VLESS + VMess)...
2026-02-23 02:50:08 [INFO] 🔍 Уникальных конфигов собрано: 231
2026-02-23 02:50:08 [INFO] ⚡ ЭТАП 1: Замер Пинга и Геолокации. Workers: 40...
2026-02-23 02:50:13 [INFO]    [PING OK] ES | VLESS | 4294ms
2026-02-23 02:50:14 [INFO]    [PING OK] NL | VLESS | 5122ms
2026-02-23 02:50:14 [INFO]    [PING OK] DE | VLESS | 4791ms
2026-02-23 02:50:14 [INFO]    [PING OK] TR | VLESS | 3825ms
2026-02-23 02:50:15 [INFO]    [PING OK] ES | VLESS | 3782ms
2026-02-23 02:50:15 [INFO]    [PING OK] TR | VLESS | 4285ms
2026-02-23 02:50:16 [INFO]    [PING OK] HU | VLESS | 3903ms
2026-02-23 02:50:18 [INFO]    [PING OK] IT | VLESS | 3925ms
2026-02-23 02:50:18 [INFO]    [PING OK] PL | VLESS | 4172ms
2026-02-23 02:50:18 [INFO]    [PING OK] PL | VLESS | 3768ms
2026-02-23 02:50:18 [INFO]    [PING OK] HU | VLESS | 4022ms
2026-02-23 02:50:18 [INFO]    [PING OK] CA | VLESS | 4187ms
2026-02-23 02:50:18 [INFO]    [PING OK] ES | VLESS | 3927ms
2026-02-23 02:50:18 [INFO]    [PING OK] PL | VLESS | 4007ms
2026-02-23 02:50:19 [INFO]    [PING OK] ES | VLESS | 4079ms
2026-02-23 02:50:19 [INFO]    [PING OK] ES | VLESS | 4322ms
2026-02-23 02:50:19 [INFO]    [PING OK] DE | VLESS | 3996ms
2026-02-23 02:50:20 [INFO]    [PING OK] US | VLESS | 4470ms
2026-02-23 02:50:20 [INFO]    [PING OK] PL | VLESS | 4201ms
2026-02-23 02:50:20 [INFO]    [PING OK] TR | VLESS | 4527ms
2026-02-23 02:50:20 [INFO]    [PING OK] CA | VLESS | 5345ms
2026-02-23 02:50:21 [INFO]    [PING OK] PL | VLESS | 4612ms
2026-02-23 02:50:21 [INFO]    [PING OK] HU | VLESS | 4540ms
2026-02-23 02:50:21 [INFO]    [PING OK] ES | VLESS | 4152ms
2026-02-23 02:50:22 [INFO]    [PING OK] DE | VLESS | 7700ms
2026-02-23 02:50:23 [INFO]    [PING OK] PL | VLESS | 4495ms
2026-02-23 02:50:23 [INFO]    [PING OK] PL | VLESS | 4603ms
2026-02-23 02:50:24 [INFO]    [PING OK] DE | VLESS | 4883ms
2026-02-23 02:50:24 [INFO]    [PING OK] NL | VLESS | 4997ms
2026-02-23 02:50:25 [INFO]    [PING OK] CA | VLESS | 5566ms
2026-02-23 02:50:25 [INFO]    [PING OK] CA | VLESS | 5171ms
2026-02-23 02:50:26 [INFO]    [PING OK] CA | VLESS | 6028ms
2026-02-23 02:50:26 [INFO]    [PING OK] NL | VLESS | 5713ms
2026-02-23 02:50:27 [INFO]    [PING OK] CA | VLESS | 6349ms
2026-02-23 02:50:27 [INFO]    [PING OK] DE | VLESS | 6076ms
2026-02-23 02:50:28 [INFO]    [PING OK] CA | VLESS | 7765ms
2026-02-23 02:50:28 [INFO]    [PING OK] CA | VLESS | 8866ms
2026-02-23 02:50:28 [INFO]    [PING OK] CA | VLESS | 6325ms
2026-02-23 02:50:28 [INFO]    [PING OK] CA | VLESS | 7564ms
2026-02-23 02:50:28 [INFO]    [PING OK] CA | VLESS | 7950ms
2026-02-23 02:50:28 [INFO]    [PING OK] CA | VLESS | 5929ms
2026-02-23 02:50:28 [INFO]    [PING OK] DE | VLESS | 5468ms
2026-02-23 02:50:30 [INFO]    [PING OK] CA | VLESS | 9093ms
2026-02-23 02:50:30 [INFO]    [PING OK] CA | VLESS | 5730ms
2026-02-23 02:50:30 [INFO]    [PING OK] CA | VLESS | 5336ms
2026-02-23 02:50:30 [INFO]    [PING OK] DE | VLESS | 5188ms
2026-02-23 02:50:30 [INFO]    [PING OK] CA | VLESS | 5075ms
2026-02-23 02:50:30 [INFO]    [PING OK] CA | VLESS | 5179ms
2026-02-23 02:50:30 [INFO]    [PING OK] CA | VLESS | 5301ms
2026-02-23 02:50:30 [INFO]    [PING OK] CA | VLESS | 6248ms
2026-02-23 02:50:30 [INFO]    [PING OK] CA | VLESS | 4996ms
2026-02-23 02:50:31 [INFO]    [PING OK] CA | VLESS | 5023ms
2026-02-23 02:50:31 [INFO]    [PING OK] CA | VLESS | 4564ms
2026-02-23 02:50:31 [INFO]    [PING OK] CA | VLESS | 6658ms
2026-02-23 02:50:31 [INFO]    [PING OK] DE | VLESS | 3559ms
2026-02-23 02:50:31 [INFO]    [PING OK] BY | VLESS | 3042ms
2026-02-23 02:50:31 [INFO]    [PING OK] CA | VLESS | 4352ms
2026-02-23 02:50:32 [INFO]    [PING OK] CA | VLESS | 3268ms
2026-02-23 02:50:32 [INFO]    [PING OK] CA | VLESS | 2564ms
2026-02-23 02:50:32 [INFO]    [PING OK] CA | VLESS | 5045ms
2026-02-23 02:50:32 [INFO]    [PING OK] CA | VLESS | 2680ms
2026-02-23 02:50:32 [INFO]    [PING OK] CA | VLESS | 2787ms
2026-02-23 02:50:33 [INFO]    [PING OK] CA | VLESS | 2341ms
2026-02-23 02:50:33 [INFO]    [PING OK] CA | VLESS | 2755ms
2026-02-23 02:50:33 [INFO]    [PING OK] CA | VLESS | 4623ms
2026-02-23 02:50:33 [INFO]    [PING OK] CA | VLESS | 8904ms
2026-02-23 02:50:34 [INFO]    [PING OK] CA | VLESS | 3414ms
2026-02-23 02:50:34 [INFO]    [PING OK] CA | VLESS | 4061ms
2026-02-23 02:50:37 [INFO] 🏎️ ЭТАП 2: Глубокий замер скорости для 40 иностранных кандидатов...
2026-02-23 02:50:41 [INFO]    🏆 BY | VLESS | Пинг: 3042ms | Скорость: 6.47 Mbps ⚡⚡
2026-02-23 02:50:41 [INFO]    🏆 HU | VLESS | Пинг: 3903ms | Скорость: 6.66 Mbps ⚡⚡
2026-02-23 02:50:41 [INFO]    🏆 IT | VLESS | Пинг: 3925ms | Скорость: 6.66 Mbps ⚡⚡
2026-02-23 02:50:41 [INFO]    🏆 ES | VLESS | Пинг: 3782ms | Скорость: 6.35 Mbps ⚡⚡
2026-02-23 02:50:41 [INFO]    🏆 PL | VLESS | Пинг: 3768ms | Скорость: 6.28 Mbps ⚡⚡
2026-02-23 02:50:41 [INFO]    🏆 DE | VLESS | Пинг: 3559ms | Скорость: 6.33 Mbps ⚡⚡
2026-02-23 02:50:41 [INFO]    🏆 ES | VLESS | Пинг: 3927ms | Скорость: 6.2 Mbps ⚡⚡
2026-02-23 02:50:41 [INFO]    🏆 CA | VLESS | Пинг: 2564ms | Скорость: 5.21 Mbps ⚡⚡
2026-02-23 02:50:41 [INFO]    🏆 CA | VLESS | Пинг: 3414ms | Скорость: 5.25 Mbps ⚡⚡
2026-02-23 02:50:41 [INFO]    🏆 CA | VLESS | Пинг: 3268ms | Скорость: 5.19 Mbps ⚡⚡
2026-02-23 02:50:41 [INFO]    🏆 TR | VLESS | Пинг: 3825ms | Скорость: 5.26 Mbps ⚡⚡
2026-02-23 02:50:42 [INFO]    🏆 CA | VLESS | Пинг: 2787ms | Скорость: 4.67 Mbps ⚡⚡
2026-02-23 02:50:42 [INFO]    🏆 CA | VLESS | Пинг: 2341ms | Скорость: 4.48 Mbps ⚡⚡
2026-02-23 02:50:43 [INFO]    🏆 CA | VLESS | Пинг: 2680ms | Скорость: 1.0 Mbps 
2026-02-23 02:50:44 [INFO]    🏆 PL | VLESS | Пинг: 4007ms | Скорость: 9.03 Mbps ⚡⚡
2026-02-23 02:50:44 [INFO]    🏆 HU | VLESS | Пинг: 4022ms | Скорость: 9.13 Mbps ⚡⚡
2026-02-23 02:50:44 [INFO]    🏆 ES | VLESS | Пинг: 4152ms | Скорость: 8.67 Mbps ⚡⚡
2026-02-23 02:50:44 [INFO]    🏆 PL | VLESS | Пинг: 4172ms | Скорость: 9.07 Mbps ⚡⚡
2026-02-23 02:50:44 [INFO]    🏆 ES | VLESS | Пинг: 4079ms | Скорость: 8.55 Mbps ⚡⚡
2026-02-23 02:50:44 [INFO]    🏆 PL | VLESS | Пинг: 4201ms | Скорость: 10.1 Mbps ⚡⚡
2026-02-23 02:50:44 [INFO]    🏆 ES | VLESS | Пинг: 4322ms | Скорость: 10.05 Mbps ⚡⚡
2026-02-23 02:50:44 [INFO]    🏆 ES | VLESS | Пинг: 4294ms | Скорость: 8.2 Mbps ⚡⚡
2026-02-23 02:50:45 [INFO]    🏆 TR | VLESS | Пинг: 4285ms | Скорость: 7.55 Mbps ⚡⚡
2026-02-23 02:50:45 [INFO]    🏆 CA | VLESS | Пинг: 4061ms | Скорость: 5.08 Mbps ⚡⚡
2026-02-23 02:50:46 [INFO]    🏆 US | VLESS | Пинг: 4470ms | Скорость: 6.04 Mbps ⚡⚡
2026-02-23 02:50:46 [INFO]    🏆 CA | VLESS | Пинг: 4352ms | Скорость: 5.4 Mbps ⚡⚡
2026-02-23 02:50:47 [INFO]    🏆 HU | VLESS | Пинг: 4540ms | Скорость: 7.18 Mbps ⚡⚡
2026-02-23 02:50:47 [INFO]    🏆 PL | VLESS | Пинг: 4603ms | Скорость: 7.72 Mbps ⚡⚡
2026-02-23 02:50:47 [INFO]    🏆 PL | VLESS | Пинг: 4612ms | Скорость: 7.77 Mbps ⚡⚡
2026-02-23 02:50:47 [INFO]    🏆 DE | VLESS | Пинг: 4883ms | Скорость: 10.0 Mbps ⚡⚡
2026-02-23 02:50:47 [INFO]    🏆 TR | VLESS | Пинг: 4527ms | Скорость: 6.86 Mbps ⚡⚡
2026-02-23 02:50:47 [INFO]    🏆 PL | VLESS | Пинг: 4495ms | Скорость: 6.44 Mbps ⚡⚡
2026-02-23 02:50:47 [INFO]    🏆 DE | VLESS | Пинг: 3996ms | Скорость: 2.21 Mbps ⚡
2026-02-23 02:50:48 [INFO]    🏆 NL | VLESS | Пинг: 4997ms | Скорость: 8.99 Mbps ⚡⚡
2026-02-23 02:50:48 [INFO]    🏆 CA | VLESS | Пинг: 4996ms | Скорость: 7.84 Mbps ⚡⚡
2026-02-23 02:50:48 [INFO]    🏆 CA | VLESS | Пинг: 4623ms | Скорость: 6.05 Mbps ⚡⚡
2026-02-23 02:50:51 [INFO]    🏆 DE | VLESS | Пинг: 4791ms | Скорость: 1.84 Mbps ⚡
2026-02-23 02:50:51 [INFO] 📊 Итого в подписке сохранено иностранных серверов: 10
2026-02-23 02:50:51 [INFO] 💾 Файл успешно сохранен: FL1PVPN
