2026-02-27 00:00:06 [INFO] 🚀 START: Smart Selector (Target: 10, ONLY FOREIGN)
2026-02-27 00:00:06 [INFO] 🌐 Загрузка источников (VLESS + VMess)...
2026-02-27 00:00:08 [INFO] 🔍 Уникальных конфигов собрано: 189
2026-02-27 00:00:08 [INFO] ⚡ ЭТАП 1: Замер Пинга и Геолокации. Workers: 40...
2026-02-27 00:00:14 [INFO]    [PING OK] DE | VLESS | 5485ms
2026-02-27 00:00:14 [INFO]    [PING OK] US | VLESS | 5363ms
2026-02-27 00:00:14 [INFO]    [PING OK] FI | VLESS | 5066ms
2026-02-27 00:00:14 [INFO]    [PING OK] FI | VLESS | 5324ms
2026-02-27 00:00:14 [INFO]    [PING OK] DE | VLESS | 5236ms
2026-02-27 00:00:14 [INFO]    [PING OK] FI | VLESS | 5784ms
2026-02-27 00:00:14 [INFO]    [PING OK] DE | VLESS | 5673ms
2026-02-27 00:00:14 [INFO]    [PING OK] FI | VLESS | 6189ms
2026-02-27 00:00:15 [INFO]    [PING OK] FI | VLESS | 5396ms
2026-02-27 00:00:15 [INFO]    [PING OK] PL | VLESS | 5541ms
2026-02-27 00:00:15 [INFO]    [PING OK] FI | VLESS | 5275ms
2026-02-27 00:00:15 [INFO]    [PING OK] NL | VLESS | 5544ms
2026-02-27 00:00:15 [INFO]    [PING OK] FI | VLESS | 5529ms
2026-02-27 00:00:15 [INFO]    [PING OK] FI | VLESS | 4723ms
2026-02-27 00:00:15 [INFO]    [PING OK] FI | VLESS | 4942ms
2026-02-27 00:00:15 [INFO]    [PING OK] PL | VLESS | 4083ms
2026-02-27 00:00:15 [INFO]    [PING OK] FI | VLESS | 4673ms
2026-02-27 00:00:15 [INFO]    [PING OK] DE | VLESS | 3667ms
2026-02-27 00:00:16 [INFO]    [PING OK] DE | VLESS | 4031ms
2026-02-27 00:00:16 [INFO]    [PING OK] FI | VLESS | 4619ms
2026-02-27 00:00:16 [INFO]    [PING OK] FI | VLESS | 3965ms
2026-02-27 00:00:17 [INFO]    [PING OK] DE | VLESS | 4344ms
2026-02-27 00:00:17 [INFO]    [PING OK] FI | VLESS | 4350ms
2026-02-27 00:00:17 [INFO]    [PING OK] DE | VLESS | 4396ms
2026-02-27 00:00:17 [INFO]    [PING OK] US | VLESS | 4325ms
2026-02-27 00:00:18 [INFO]    [PING OK] FI | VLESS | 8754ms
2026-02-27 00:00:19 [INFO]    [PING OK] FI | VLESS | 4152ms
2026-02-27 00:00:19 [INFO]    [PING OK] DE | VLESS | 4287ms
2026-02-27 00:00:20 [INFO]    [PING OK] DE | VLESS | 4511ms
2026-02-27 00:00:20 [INFO]    [PING OK] US | VLESS | 4716ms
2026-02-27 00:00:20 [INFO]    [PING OK] NL | VLESS | 4536ms
2026-02-27 00:00:20 [INFO]    [PING OK] DE | VLESS | 4517ms
2026-02-27 00:00:20 [INFO]    [PING OK] US | VLESS | 4529ms
2026-02-27 00:00:20 [INFO]    [PING OK] US | VLESS | 4510ms
2026-02-27 00:00:20 [INFO]    [PING OK] FR | VLESS | 4647ms
2026-02-27 00:00:21 [INFO]    [PING OK] NL | VLESS | 4631ms
2026-02-27 00:00:21 [INFO]    [PING OK] FR | VLESS | 4623ms
2026-02-27 00:00:21 [INFO]    [PING OK] DE | VLESS | 4296ms
2026-02-27 00:00:21 [INFO]    [PING OK] US | VLESS | 4483ms
2026-02-27 00:00:21 [INFO]    [PING OK] NL | VLESS | 4569ms
2026-02-27 00:00:21 [INFO]    [PING OK] US | VLESS | 4457ms
2026-02-27 00:00:21 [INFO]    [PING OK] FR | VLESS | 4104ms
2026-02-27 00:00:22 [INFO]    [PING OK] CH | VLESS | 4371ms
2026-02-27 00:00:22 [INFO]    [PING OK] CH | VLESS | 4760ms
2026-02-27 00:00:23 [INFO]    [PING OK] CA | VLESS | 4574ms
2026-02-27 00:00:23 [INFO]    [PING OK] DE | VLESS | 4759ms
2026-02-27 00:00:23 [INFO]    [PING OK] US | VLESS | 4748ms
2026-02-27 00:00:24 [INFO]    [PING OK] CA | VLESS | 5667ms
2026-02-27 00:00:24 [INFO]    [PING OK] DE | VLESS | 5153ms
2026-02-27 00:00:24 [INFO]    [PING OK] US | VLESS | 5451ms
2026-02-27 00:00:25 [INFO]    [PING OK] DE | VLESS | 4906ms
2026-02-27 00:00:25 [INFO]    [PING OK] TR | VLESS | 4356ms
2026-02-27 00:00:25 [INFO]    [PING OK] NL | VLESS | 4404ms
2026-02-27 00:00:25 [INFO]    [PING OK] LV | VLESS | 4103ms
2026-02-27 00:00:25 [INFO]    [PING OK] DE | VLESS | 3792ms
2026-02-27 00:00:26 [INFO]    [PING OK] CA | VLESS | 4469ms
2026-02-27 00:00:26 [INFO]    [PING OK] CA | VLESS | 4418ms
2026-02-27 00:00:26 [INFO]    [PING OK] CA | VLESS | 4423ms
2026-02-27 00:00:26 [INFO]    [PING OK] CA | VLESS | 4463ms
2026-02-27 00:00:26 [INFO]    [PING OK] ES | VLESS | 2868ms
2026-02-27 00:00:26 [INFO]    [PING OK] CA | VLESS | 4173ms
2026-02-27 00:00:26 [INFO]    [PING OK] US | VLESS | 4281ms
2026-02-27 00:00:26 [INFO]    [PING OK] SG | VLESS | 3807ms
2026-02-27 00:00:26 [INFO]    [PING OK] ES | VLESS | 1173ms
2026-02-27 00:00:26 [INFO]    [PING OK] CA | VLESS | 2713ms
2026-02-27 00:00:27 [INFO]    [PING OK] TW | VLESS | 5019ms
2026-02-27 00:00:27 [INFO]    [PING OK] CA | VLESS | 4755ms
2026-02-27 00:00:31 [INFO] 🏎️ ЭТАП 2: Глубокий замер скорости для 40 иностранных кандидатов...
2026-02-27 00:00:36 [INFO]    🏆 FI | VLESS | Пинг: 4152ms | Скорость: 4.95 Mbps ⚡⚡
2026-02-27 00:00:36 [INFO]    🏆 LV | VLESS | Пинг: 4103ms | Скорость: 4.85 Mbps ⚡⚡
2026-02-27 00:00:36 [INFO]    🏆 PL | VLESS | Пинг: 4083ms | Скорость: 4.84 Mbps ⚡⚡
2026-02-27 00:00:36 [INFO]    🏆 DE | VLESS | Пинг: 3792ms | Скорость: 4.69 Mbps ⚡⚡
2026-02-27 00:00:36 [INFO]    🏆 DE | VLESS | Пинг: 4031ms | Скорость: 4.7 Mbps ⚡⚡
2026-02-27 00:00:36 [INFO]    🏆 FR | VLESS | Пинг: 4104ms | Скорость: 4.68 Mbps ⚡⚡
2026-02-27 00:00:36 [INFO]    🏆 DE | VLESS | Пинг: 3667ms | Скорость: 4.56 Mbps ⚡⚡
2026-02-27 00:00:36 [INFO]    🏆 ES | VLESS | Пинг: 2868ms | Скорость: 4.57 Mbps ⚡⚡
2026-02-27 00:00:36 [INFO]    🏆 FI | VLESS | Пинг: 3965ms | Скорость: 4.57 Mbps ⚡⚡
2026-02-27 00:00:36 [INFO]    🏆 ES | VLESS | Пинг: 1173ms | Скорость: 4.32 Mbps ⚡⚡
2026-02-27 00:00:36 [INFO]    🏆 SG | VLESS | Пинг: 3807ms | Скорость: 4.37 Mbps ⚡⚡
2026-02-27 00:00:36 [INFO]    🏆 CA | VLESS | Пинг: 2713ms | Скорость: 4.18 Mbps ⚡⚡
2026-02-27 00:00:36 [INFO]    🏆 DE | VLESS | Пинг: 4287ms | Скорость: 4.28 Mbps ⚡⚡
2026-02-27 00:00:38 [INFO]    🏆 CA | VLESS | Пинг: 4173ms | Скорость: 2.38 Mbps ⚡
2026-02-27 00:00:38 [INFO]    🏆 DE | VLESS | Пинг: 4296ms | Скорость: 4.67 Mbps ⚡⚡
2026-02-27 00:00:39 [INFO]    🏆 DE | VLESS | Пинг: 4344ms | Скорость: 9.12 Mbps ⚡⚡
2026-02-27 00:00:39 [INFO]    🏆 FI | VLESS | Пинг: 4350ms | Скорость: 9.08 Mbps ⚡⚡
2026-02-27 00:00:39 [INFO]    🏆 DE | VLESS | Пинг: 4396ms | Скорость: 8.27 Mbps ⚡⚡
2026-02-27 00:00:40 [INFO]    🏆 NL | VLESS | Пинг: 4404ms | Скорость: 6.59 Mbps ⚡⚡
2026-02-27 00:00:40 [INFO]    🏆 US | VLESS | Пинг: 4325ms | Скорость: 5.45 Mbps ⚡⚡
2026-02-27 00:00:40 [INFO]    🏆 TR | VLESS | Пинг: 4356ms | Скорость: 5.38 Mbps ⚡⚡
2026-02-27 00:00:41 [INFO]    🏆 US | VLESS | Пинг: 4457ms | Скорость: 5.39 Mbps ⚡⚡
2026-02-27 00:00:41 [INFO]    🏆 CA | VLESS | Пинг: 4463ms | Скорость: 5.26 Mbps ⚡⚡
2026-02-27 00:00:41 [INFO]    🏆 CA | VLESS | Пинг: 4469ms | Скорость: 5.28 Mbps ⚡⚡
2026-02-27 00:00:41 [INFO]    🏆 CA | VLESS | Пинг: 4418ms | Скорость: 4.91 Mbps ⚡⚡
2026-02-27 00:00:41 [INFO]    🏆 US | VLESS | Пинг: 4483ms | Скорость: 5.54 Mbps ⚡⚡
2026-02-27 00:00:41 [INFO]    🏆 US | VLESS | Пинг: 4510ms | Скорость: 8.11 Mbps ⚡⚡
2026-02-27 00:00:41 [INFO]    🏆 CA | VLESS | Пинг: 4423ms | Скорость: 4.48 Mbps ⚡⚡
2026-02-27 00:00:42 [INFO]    🏆 DE | VLESS | Пинг: 4511ms | Скорость: 7.94 Mbps ⚡⚡
2026-02-27 00:00:42 [INFO]    🏆 DE | VLESS | Пинг: 4517ms | Скорость: 7.78 Mbps ⚡⚡
2026-02-27 00:00:42 [INFO]    🏆 NL | VLESS | Пинг: 4569ms | Скорость: 8.91 Mbps ⚡⚡
2026-02-27 00:00:42 [INFO]    🏆 NL | VLESS | Пинг: 4536ms | Скорость: 7.73 Mbps ⚡⚡
2026-02-27 00:00:42 [INFO]    🏆 FI | VLESS | Пинг: 4619ms | Скорость: 14.06 Mbps ⚡⚡
2026-02-27 00:00:43 [INFO]    🏆 NL | VLESS | Пинг: 4631ms | Скорость: 10.59 Mbps ⚡⚡
2026-02-27 00:00:43 [INFO]    🏆 FR | VLESS | Пинг: 4647ms | Скорость: 12.02 Mbps ⚡⚡
2026-02-27 00:00:44 [INFO]    🏆 CA | VLESS | Пинг: 4574ms | Скорость: 6.11 Mbps ⚡⚡
2026-02-27 00:00:48 [INFO] 📊 Итого в подписке сохранено иностранных серверов: 10
2026-02-27 00:00:48 [INFO] 💾 Файл успешно сохранен: FL1PVPN
