2026-02-24 07:40:05 [INFO] 🚀 START: Smart Selector (Target: 10, ONLY FOREIGN)
2026-02-24 07:40:05 [INFO] 🌐 Загрузка источников (VLESS + VMess)...
2026-02-24 07:40:06 [INFO] 🔍 Уникальных конфигов собрано: 221
2026-02-24 07:40:06 [INFO] ⚡ ЭТАП 1: Замер Пинга и Геолокации. Workers: 40...
2026-02-24 07:40:11 [INFO]    [PING OK] PL | VLESS | 3896ms
2026-02-24 07:40:11 [INFO]    [PING OK] TR | VLESS | 3938ms
2026-02-24 07:40:11 [INFO]    [PING OK] PL | VLESS | 3948ms
2026-02-24 07:40:12 [INFO]    [PING OK] TR | VLESS | 4328ms
2026-02-24 07:40:12 [INFO]    [PING OK] LV | VLESS | 4560ms
2026-02-24 07:40:12 [INFO]    [PING OK] PL | VLESS | 3998ms
2026-02-24 07:40:12 [INFO]    [PING OK] IT | VLESS | 3674ms
2026-02-24 07:40:12 [INFO]    [PING OK] IT | VLESS | 3513ms
2026-02-24 07:40:12 [INFO]    [PING OK] ES | VLESS | 4718ms
2026-02-24 07:40:13 [INFO]    [PING OK] ES | VLESS | 3571ms
2026-02-24 07:40:13 [INFO]    [PING OK] DE | VLESS | 5885ms
2026-02-24 07:40:14 [INFO]    [PING OK] DE | VLESS | 4809ms
2026-02-24 07:40:14 [INFO]    [PING OK] NL | VLESS | 7055ms
2026-02-24 07:40:15 [INFO]    [PING OK] NL | VLESS | 6378ms
2026-02-24 07:40:15 [INFO]    [PING OK] US | VLESS | 7527ms
2026-02-24 07:40:15 [INFO]    [PING OK] FI | VLESS | 3466ms
2026-02-24 07:40:15 [INFO]    [PING OK] DE | VLESS | 7472ms
2026-02-24 07:40:16 [INFO]    [PING OK] PL | VLESS | 3343ms
2026-02-24 07:40:16 [INFO]    [PING OK] HU | VLESS | 3340ms
2026-02-24 07:40:16 [INFO]    [PING OK] TR | VLESS | 3565ms
2026-02-24 07:40:16 [INFO]    [PING OK] PL | VLESS | 3209ms
2026-02-24 07:40:17 [INFO]    [PING OK] PL | VLESS | 2921ms
2026-02-24 07:40:17 [INFO]    [PING OK] DE | VLESS | 3141ms
2026-02-24 07:40:17 [INFO]    [PING OK] HU | VLESS | 3006ms
2026-02-24 07:40:17 [INFO]    [PING OK] TR | VLESS | 3027ms
2026-02-24 07:40:17 [INFO]    [PING OK] NL | VLESS | 5224ms
2026-02-24 07:40:17 [INFO]    [PING OK] NL | VLESS | 2903ms
2026-02-24 07:40:18 [INFO]    [PING OK] HU | VLESS | 3113ms
2026-02-24 07:40:18 [INFO]    [PING OK] NL | VLESS | 4572ms
2026-02-24 07:40:18 [INFO]    [PING OK] NL | VLESS | 5387ms
2026-02-24 07:40:18 [INFO]    [PING OK] NL | VLESS | 5077ms
2026-02-24 07:40:19 [INFO]    [PING OK] IT | VLESS | 3460ms
2026-02-24 07:40:19 [INFO]    [PING OK] ES | VLESS | 3370ms
2026-02-24 07:40:20 [INFO]    [PING OK] ES | VLESS | 3598ms
2026-02-24 07:40:20 [INFO]    [PING OK] DE | VLESS | 3244ms
2026-02-24 07:40:20 [INFO]    [PING OK] ES | VLESS | 3933ms
2026-02-24 07:40:20 [INFO]    [PING OK] US | VLESS | 3475ms
2026-02-24 07:40:20 [INFO]    [PING OK] HU | VLESS | 3638ms
2026-02-24 07:40:20 [INFO]    [PING OK] ES | VLESS | 3701ms
2026-02-24 07:40:21 [INFO]    [PING OK] LV | VLESS | 4334ms
2026-02-24 07:40:21 [INFO]    [PING OK] HU | VLESS | 3947ms
2026-02-24 07:40:21 [INFO]    [PING OK] PL | VLESS | 3810ms
2026-02-24 07:40:22 [INFO]    [PING OK] SE | VLESS | 4373ms
2026-02-24 07:40:23 [INFO]    [PING OK] DE | VLESS | 4692ms
2026-02-24 07:40:23 [INFO]    [PING OK] CA | VLESS | 5085ms
2026-02-24 07:40:23 [INFO]    [PING OK] SE | VLESS | 5235ms
2026-02-24 07:40:23 [INFO]    [PING OK] SE | VLESS | 4624ms
2026-02-24 07:40:24 [INFO]    [PING OK] NL | VLESS | 5012ms
2026-02-24 07:40:24 [INFO]    [PING OK] TR | VLESS | 4989ms
2026-02-24 07:40:25 [INFO]    [PING OK] NL | VLESS | 5399ms
2026-02-24 07:40:26 [INFO]    [PING OK] SE | VLESS | 5121ms
2026-02-24 07:40:26 [INFO]    [PING OK] SE | VLESS | 4896ms
2026-02-24 07:40:26 [INFO]    [PING OK] CA | VLESS | 5153ms
2026-02-24 07:40:26 [INFO]    [PING OK] SE | VLESS | 4994ms
2026-02-24 07:40:26 [INFO]    [PING OK] CA | VLESS | 5278ms
2026-02-24 07:40:26 [INFO]    [PING OK] SE | VLESS | 4748ms
2026-02-24 07:40:27 [INFO]    [PING OK] CA | VLESS | 4891ms
2026-02-24 07:40:27 [INFO]    [PING OK] CA | VLESS | 5086ms
2026-02-24 07:40:27 [INFO]    [PING OK] CA | VLESS | 5941ms
2026-02-24 07:40:27 [INFO]    [PING OK] SE | VLESS | 4680ms
2026-02-24 07:40:27 [INFO]    [PING OK] CA | VLESS | 4492ms
2026-02-24 07:40:28 [INFO]    [PING OK] SE | VLESS | 4182ms
2026-02-24 07:40:28 [INFO]    [PING OK] SE | VLESS | 4478ms
2026-02-24 07:40:28 [INFO]    [PING OK] SE | VLESS | 4435ms
2026-02-24 07:40:29 [INFO]    [PING OK] DE | VLESS | 4406ms
2026-02-24 07:40:29 [INFO]    [PING OK] SE | VLESS | 4270ms
2026-02-24 07:40:29 [INFO]    [PING OK] SE | VLESS | 4149ms
2026-02-24 07:40:29 [INFO]    [PING OK] DE | VLESS | 4314ms
2026-02-24 07:40:29 [INFO]    [PING OK] US | VLESS | 4397ms
2026-02-24 07:40:29 [INFO]    [PING OK] DE | VLESS | 4199ms
2026-02-24 07:40:29 [INFO]    [PING OK] DE | VLESS | 4365ms
2026-02-24 07:40:30 [INFO]    [PING OK] SE | VLESS | 4275ms
2026-02-24 07:40:30 [INFO]    [PING OK] NO | VLESS | 4553ms
2026-02-24 07:40:31 [INFO]    [PING OK] DE | VLESS | 3981ms
2026-02-24 07:40:31 [INFO]    [PING OK] SG | VLESS | 4681ms
2026-02-24 07:40:31 [INFO]    [PING OK] SE | VLESS | 4312ms
2026-02-24 07:40:31 [INFO]    [PING OK] SE | VLESS | 4286ms
2026-02-24 07:40:31 [INFO]    [PING OK] SE | VLESS | 3475ms
2026-02-24 07:40:31 [INFO]    [PING OK] DE | VLESS | 3400ms
2026-02-24 07:40:31 [INFO]    [PING OK] DE | VLESS | 2824ms
2026-02-24 07:40:31 [INFO]    [PING OK] TR | VLESS | 2715ms
2026-02-24 07:40:31 [INFO]    [PING OK] CA | VLESS | 4624ms
2026-02-24 07:40:31 [INFO]    [PING OK] TR | VLESS | 2055ms
2026-02-24 07:40:31 [INFO]    [PING OK] CA | VLESS | 3869ms
2026-02-24 07:40:32 [INFO]    [PING OK] SE | VLESS | 1849ms
2026-02-24 07:40:32 [INFO]    [PING OK] DE | VLESS | 2845ms
2026-02-24 07:40:32 [INFO]    [PING OK] CA | VLESS | 3103ms
2026-02-24 07:40:32 [INFO]    [PING OK] CA | VLESS | 3413ms
2026-02-24 07:40:33 [INFO]    [PING OK] US | VLESS | 5540ms
2026-02-24 07:40:35 [INFO]    [PING OK] DE | VLESS | 5773ms
2026-02-24 07:40:36 [INFO] 🏎️ ЭТАП 2: Глубокий замер скорости для 40 иностранных кандидатов...
2026-02-24 07:40:40 [INFO]    🏆 PL | VLESS | Пинг: 2921ms | Скорость: 6.46 Mbps ⚡⚡
2026-02-24 07:40:40 [INFO]    🏆 SE | VLESS | Пинг: 1849ms | Скорость: 6.06 Mbps ⚡⚡
2026-02-24 07:40:41 [INFO]    🏆 HU | VLESS | Пинг: 3113ms | Скорость: 5.58 Mbps ⚡⚡
2026-02-24 07:40:41 [INFO]    🏆 HU | VLESS | Пинг: 3340ms | Скорость: 5.62 Mbps ⚡⚡
2026-02-24 07:40:41 [INFO]    🏆 PL | VLESS | Пинг: 3209ms | Скорость: 5.47 Mbps ⚡⚡
2026-02-24 07:40:41 [INFO]    🏆 DE | VLESS | Пинг: 3141ms | Скорость: 5.56 Mbps ⚡⚡
2026-02-24 07:40:41 [INFO]    🏆 HU | VLESS | Пинг: 3006ms | Скорость: 5.29 Mbps ⚡⚡
2026-02-24 07:40:41 [INFO]    🏆 DE | VLESS | Пинг: 2824ms | Скорость: 5.25 Mbps ⚡⚡
2026-02-24 07:40:41 [INFO]    🏆 TR | VLESS | Пинг: 2715ms | Скорость: 5.21 Mbps ⚡⚡
2026-02-24 07:40:41 [INFO]    🏆 DE | VLESS | Пинг: 3244ms | Скорость: 5.53 Mbps ⚡⚡
2026-02-24 07:40:41 [INFO]    🏆 TR | VLESS | Пинг: 3027ms | Скорость: 5.35 Mbps ⚡⚡
2026-02-24 07:40:41 [INFO]    🏆 TR | VLESS | Пинг: 2055ms | Скорость: 5.13 Mbps ⚡⚡
2026-02-24 07:40:41 [INFO]    🏆 DE | VLESS | Пинг: 2845ms | Скорость: 5.04 Mbps ⚡⚡
2026-02-24 07:40:43 [INFO]    🏆 PL | VLESS | Пинг: 3343ms | Скорость: 10.47 Mbps ⚡⚡
2026-02-24 07:40:43 [INFO]    🏆 CA | VLESS | Пинг: 3103ms | Скорость: 0.86 Mbps 
2026-02-24 07:40:45 [INFO]    🏆 IT | VLESS | Пинг: 3460ms | Скорость: 6.18 Mbps ⚡⚡
2026-02-24 07:40:45 [INFO]    🏆 SE | VLESS | Пинг: 3475ms | Скорость: 6.28 Mbps ⚡⚡
2026-02-24 07:40:45 [INFO]    🏆 IT | VLESS | Пинг: 3513ms | Скорость: 6.16 Mbps ⚡⚡
2026-02-24 07:40:45 [INFO]    🏆 ES | VLESS | Пинг: 3598ms | Скорость: 6.16 Mbps ⚡⚡
2026-02-24 07:40:45 [INFO]    🏆 IT | VLESS | Пинг: 3674ms | Скорость: 6.43 Mbps ⚡⚡
2026-02-24 07:40:45 [INFO]    🏆 FI | VLESS | Пинг: 3466ms | Скорость: 6.08 Mbps ⚡⚡
2026-02-24 07:40:45 [INFO]    🏆 ES | VLESS | Пинг: 3571ms | Скорость: 6.17 Mbps ⚡⚡
2026-02-24 07:40:45 [INFO]    🏆 CA | VLESS | Пинг: 3413ms | Скорость: 5.87 Mbps ⚡⚡
2026-02-24 07:40:45 [INFO]    🏆 US | VLESS | Пинг: 3475ms | Скорость: 5.82 Mbps ⚡⚡
2026-02-24 07:40:45 [INFO]    🏆 DE | VLESS | Пинг: 3400ms | Скорость: 5.31 Mbps ⚡⚡
2026-02-24 07:40:45 [INFO]    🏆 ES | VLESS | Пинг: 3370ms | Скорость: 4.56 Mbps ⚡⚡
2026-02-24 07:40:46 [INFO]    🏆 TR | VLESS | Пинг: 3565ms | Скорость: 4.4 Mbps ⚡⚡
2026-02-24 07:40:47 [INFO]    🏆 PL | VLESS | Пинг: 3810ms | Скорость: 7.9 Mbps ⚡⚡
2026-02-24 07:40:47 [INFO]    🏆 ES | VLESS | Пинг: 3701ms | Скорость: 6.25 Mbps ⚡⚡
2026-02-24 07:40:48 [INFO]    🏆 HU | VLESS | Пинг: 3638ms | Скорость: 0.83 Mbps 
2026-02-24 07:40:48 [INFO]    🏆 CA | VLESS | Пинг: 3869ms | Скорость: 8.68 Mbps ⚡⚡
2026-02-24 07:40:48 [INFO]    🏆 PL | VLESS | Пинг: 3896ms | Скорость: 7.99 Mbps ⚡⚡
2026-02-24 07:40:48 [INFO]    🏆 DE | VLESS | Пинг: 3981ms | Скорость: 7.92 Mbps ⚡⚡
2026-02-24 07:40:48 [INFO]    🏆 HU | VLESS | Пинг: 3947ms | Скорость: 7.78 Mbps ⚡⚡
2026-02-24 07:40:48 [INFO]    🏆 TR | VLESS | Пинг: 3938ms | Скорость: 7.57 Mbps ⚡⚡
2026-02-24 07:40:48 [INFO]    🏆 PL | VLESS | Пинг: 3948ms | Скорость: 7.62 Mbps ⚡⚡
2026-02-24 07:40:48 [INFO]    🏆 PL | VLESS | Пинг: 3998ms | Скорость: 7.71 Mbps ⚡⚡
2026-02-24 07:40:52 [INFO]    🏆 ES | VLESS | Пинг: 3933ms | Скорость: 3.06 Mbps ⚡⚡
2026-02-24 07:40:52 [INFO] 📊 Итого в подписке сохранено иностранных серверов: 10
2026-02-24 07:40:52 [INFO] 💾 Файл успешно сохранен: FL1PVPN
