2026-02-25 09:50:06 [INFO] 🚀 START: Smart Selector (Target: 10, ONLY FOREIGN)
2026-02-25 09:50:06 [INFO] 🌐 Загрузка источников (VLESS + VMess)...
2026-02-25 09:50:07 [INFO] 🔍 Уникальных конфигов собрано: 169
2026-02-25 09:50:07 [INFO] ⚡ ЭТАП 1: Замер Пинга и Геолокации. Workers: 40...
2026-02-25 09:50:12 [INFO]    [PING OK] FI | VLESS | 4090ms
2026-02-25 09:50:12 [INFO]    [PING OK] US | VLESS | 4219ms
2026-02-25 09:50:12 [INFO]    [PING OK] FI | VLESS | 4277ms
2026-02-25 09:50:12 [INFO]    [PING OK] US | VLESS | 4173ms
2026-02-25 09:50:12 [INFO]    [PING OK] FI | VLESS | 4181ms
2026-02-25 09:50:12 [INFO]    [PING OK] FI | VLESS | 3953ms
2026-02-25 09:50:12 [INFO]    [PING OK] NL | VLESS | 3949ms
2026-02-25 09:50:13 [INFO]    [PING OK] NL | VLESS | 3351ms
2026-02-25 09:50:13 [INFO]    [PING OK] FI | VLESS | 3535ms
2026-02-25 09:50:13 [INFO]    [PING OK] US | VLESS | 5488ms
2026-02-25 09:50:14 [INFO]    [PING OK] DE | VLESS | 3048ms
2026-02-25 09:50:14 [INFO]    [PING OK] DE | VLESS | 3044ms
2026-02-25 09:50:14 [INFO]    [PING OK] DE | VLESS | 3038ms
2026-02-25 09:50:14 [INFO]    [PING OK] NL | VLESS | 3541ms
2026-02-25 09:50:14 [INFO]    [PING OK] DE | VLESS | 6288ms
2026-02-25 09:50:15 [INFO]    [PING OK] FI | VLESS | 6376ms
2026-02-25 09:50:15 [INFO]    [PING OK] FI | VLESS | 3849ms
2026-02-25 09:50:15 [INFO]    [PING OK] NL | VLESS | 2466ms
2026-02-25 09:50:16 [INFO]    [PING OK] US | VLESS | 2602ms
2026-02-25 09:50:16 [INFO]    [PING OK] US | VLESS | 2562ms
2026-02-25 09:50:16 [INFO]    [PING OK] NL | VLESS | 2559ms
2026-02-25 09:50:16 [INFO]    [PING OK] DE | VLESS | 8163ms
2026-02-25 09:50:17 [INFO]    [PING OK] FI | VLESS | 2656ms
2026-02-25 09:50:17 [INFO]    [PING OK] US | VLESS | 7663ms
2026-02-25 09:50:17 [INFO]    [PING OK] NL | VLESS | 4352ms
2026-02-25 09:50:18 [INFO]    [PING OK] NL | VLESS | 2969ms
2026-02-25 09:50:18 [INFO]    [PING OK] NL | VLESS | 2835ms
2026-02-25 09:50:18 [INFO]    [PING OK] DE | VLESS | 8790ms
2026-02-25 09:50:20 [INFO]    [PING OK] FR | VLESS | 3825ms
2026-02-25 09:50:20 [INFO]    [PING OK] DE | VLESS | 4218ms
2026-02-25 09:50:21 [INFO]    [PING OK] US | VLESS | 4233ms
2026-02-25 09:50:21 [INFO]    [PING OK] NL | VLESS | 6803ms
2026-02-25 09:50:21 [INFO]    [PING OK] US | VLESS | 4451ms
2026-02-25 09:50:22 [INFO]    [PING OK] LV | VLESS | 5360ms
2026-02-25 09:50:22 [INFO]    [PING OK] SE | VLESS | 4289ms
2026-02-25 09:50:22 [INFO]    [PING OK] DE | VLESS | 4369ms
2026-02-25 09:50:22 [INFO]    [PING OK] SG | VLESS | 4566ms
2026-02-25 09:50:23 [INFO]    [PING OK] GB | VLESS | 4394ms
2026-02-25 09:50:23 [INFO]    [PING OK] DE | VLESS | 4408ms
2026-02-25 09:50:23 [INFO]    [PING OK] SG | VLESS | 5742ms
2026-02-25 09:50:23 [INFO]    [PING OK] DE | VLESS | 3826ms
2026-02-25 09:50:24 [INFO]    [PING OK] NL | VLESS | 3769ms
2026-02-25 09:50:24 [INFO]    [PING OK] RS | VLESS | 4139ms
2026-02-25 09:50:24 [INFO]    [PING OK] US | VLESS | 3877ms
2026-02-25 09:50:24 [INFO]    [PING OK] US | VLESS | 4566ms
2026-02-25 09:50:25 [INFO]    [PING OK] US | VLESS | 4073ms
2026-02-25 09:50:25 [INFO]    [PING OK] NL | VLESS | 3513ms
2026-02-25 09:50:26 [INFO]    [PING OK] DE | VLESS | 2050ms
2026-02-25 09:50:26 [INFO]    [PING OK] GB | VLESS | 2999ms
2026-02-25 09:50:26 [INFO]    [PING OK] US | VLESS | 2929ms
2026-02-25 09:50:26 [INFO]    [PING OK] KZ | VLESS | 2830ms
2026-02-25 09:50:26 [INFO]    [PING OK] GB | VLESS | 2079ms
2026-02-25 09:50:26 [INFO]    [PING OK] SG | VLESS | 4208ms
2026-02-25 09:50:27 [INFO]    [PING OK] CA | VLESS | 4549ms
2026-02-25 09:50:28 [INFO]    [PING OK] LV | VLESS | 5930ms
2026-02-25 09:50:28 [INFO]    [PING OK] NL | VLESS | 6972ms
2026-02-25 09:50:31 [INFO] 🏎️ ЭТАП 2: Глубокий замер скорости для 40 иностранных кандидатов...
2026-02-25 09:50:35 [INFO]    🏆 NL | VLESS | Пинг: 2559ms | Скорость: 5.04 Mbps ⚡⚡
2026-02-25 09:50:35 [INFO]    🏆 DE | VLESS | Пинг: 3038ms | Скорость: 5.05 Mbps ⚡⚡
2026-02-25 09:50:36 [INFO]    🏆 NL | VLESS | Пинг: 2835ms | Скорость: 4.84 Mbps ⚡⚡
2026-02-25 09:50:36 [INFO]    🏆 GB | VLESS | Пинг: 2999ms | Скорость: 4.98 Mbps ⚡⚡
2026-02-25 09:50:36 [INFO]    🏆 US | VLESS | Пинг: 2602ms | Скорость: 4.7 Mbps ⚡⚡
2026-02-25 09:50:36 [INFO]    🏆 US | VLESS | Пинг: 2929ms | Скорость: 4.75 Mbps ⚡⚡
2026-02-25 09:50:36 [INFO]    🏆 DE | VLESS | Пинг: 2050ms | Скорость: 4.55 Mbps ⚡⚡
2026-02-25 09:50:36 [INFO]    🏆 US | VLESS | Пинг: 2562ms | Скорость: 4.56 Mbps ⚡⚡
2026-02-25 09:50:36 [INFO]    🏆 GB | VLESS | Пинг: 2079ms | Скорость: 4.49 Mbps ⚡⚡
2026-02-25 09:50:36 [INFO]    🏆 KZ | VLESS | Пинг: 2830ms | Скорость: 4.44 Mbps ⚡⚡
2026-02-25 09:50:36 [INFO]    🏆 NL | VLESS | Пинг: 2466ms | Скорость: 4.23 Mbps ⚡⚡
2026-02-25 09:50:36 [INFO]    🏆 DE | VLESS | Пинг: 3048ms | Скорость: 4.22 Mbps ⚡⚡
2026-02-25 09:50:37 [INFO]    🏆 NL | VLESS | Пинг: 2969ms | Скорость: 3.91 Mbps ⚡⚡
2026-02-25 09:50:37 [INFO]    🏆 DE | VLESS | Пинг: 3044ms | Скорость: 3.92 Mbps ⚡⚡
2026-02-25 09:50:37 [INFO]    🏆 FI | VLESS | Пинг: 2656ms | Скорость: 1.69 Mbps ⚡
2026-02-25 09:50:40 [INFO]    🏆 FI | VLESS | Пинг: 3535ms | Скорость: 6.32 Mbps ⚡⚡
2026-02-25 09:50:40 [INFO]    🏆 NL | VLESS | Пинг: 3513ms | Скорость: 5.87 Mbps ⚡⚡
2026-02-25 09:50:40 [INFO]    🏆 NL | VLESS | Пинг: 3949ms | Скорость: 6.5 Mbps ⚡⚡
2026-02-25 09:50:40 [INFO]    🏆 DE | VLESS | Пинг: 3826ms | Скорость: 6.12 Mbps ⚡⚡
2026-02-25 09:50:40 [INFO]    🏆 US | VLESS | Пинг: 3877ms | Скорость: 5.43 Mbps ⚡⚡
2026-02-25 09:50:40 [INFO]    🏆 FI | VLESS | Пинг: 3953ms | Скорость: 5.85 Mbps ⚡⚡
2026-02-25 09:50:40 [INFO]    🏆 FR | VLESS | Пинг: 3825ms | Скорость: 5.36 Mbps ⚡⚡
2026-02-25 09:50:40 [INFO]    🏆 FI | VLESS | Пинг: 3849ms | Скорость: 5.37 Mbps ⚡⚡
2026-02-25 09:50:40 [INFO]    🏆 NL | VLESS | Пинг: 3351ms | Скорость: 4.82 Mbps ⚡⚡
2026-02-25 09:50:40 [INFO]    🏆 NL | VLESS | Пинг: 3541ms | Скорость: 4.82 Mbps ⚡⚡
2026-02-25 09:50:41 [INFO]    🏆 FI | VLESS | Пинг: 4090ms | Скорость: 6.3 Mbps ⚡⚡
2026-02-25 09:50:41 [INFO]    🏆 RS | VLESS | Пинг: 4139ms | Скорость: 6.29 Mbps ⚡⚡
2026-02-25 09:50:42 [INFO]    🏆 US | VLESS | Пинг: 4173ms | Скорость: 4.95 Mbps ⚡⚡
2026-02-25 09:50:42 [INFO]    🏆 NL | VLESS | Пинг: 3769ms | Скорость: 2.38 Mbps ⚡
2026-02-25 09:50:43 [INFO]    🏆 DE | VLESS | Пинг: 4218ms | Скорость: 8.83 Mbps ⚡⚡
2026-02-25 09:50:43 [INFO]    🏆 US | VLESS | Пинг: 4073ms | Скорость: 1.95 Mbps ⚡
2026-02-25 09:50:43 [INFO]    🏆 FI | VLESS | Пинг: 4181ms | Скорость: 7.41 Mbps ⚡⚡
2026-02-25 09:50:43 [INFO]    🏆 DE | VLESS | Пинг: 4369ms | Скорость: 8.78 Mbps ⚡⚡
2026-02-25 09:50:44 [INFO]    🏆 FI | VLESS | Пинг: 4277ms | Скорость: 8.09 Mbps ⚡⚡
2026-02-25 09:50:44 [INFO]    🏆 GB | VLESS | Пинг: 4394ms | Скорость: 6.52 Mbps ⚡⚡
2026-02-25 09:50:44 [INFO]    🏆 SE | VLESS | Пинг: 4289ms | Скорость: 5.95 Mbps ⚡⚡
2026-02-25 09:50:46 [INFO]    🏆 US | VLESS | Пинг: 4233ms | Скорость: 4.0 Mbps ⚡⚡
2026-02-25 09:50:47 [INFO]    🏆 NL | VLESS | Пинг: 4352ms | Скорость: 3.6 Mbps ⚡⚡
2026-02-25 09:50:47 [INFO] 📊 Итого в подписке сохранено иностранных серверов: 10
2026-02-25 09:50:47 [INFO] 💾 Файл успешно сохранен: FL1PVPN
