2026-02-27 08:20:06 [INFO] 🚀 START: Smart Selector (Target: 10, ONLY FOREIGN)
2026-02-27 08:20:06 [INFO] 🌐 Загрузка источников (VLESS + VMess)...
2026-02-27 08:20:07 [INFO] 🔍 Уникальных конфигов собрано: 425
2026-02-27 08:20:07 [INFO] ⚡ ЭТАП 1: Замер Пинга и Геолокации. Workers: 40...
2026-02-27 08:20:13 [INFO]    [PING OK] DE | VLESS | 4683ms
2026-02-27 08:20:13 [INFO]    [PING OK] FI | VLESS | 5121ms
2026-02-27 08:20:13 [INFO]    [PING OK] DE | VLESS | 5492ms
2026-02-27 08:20:13 [INFO]    [PING OK] US | VLESS | 5671ms
2026-02-27 08:20:13 [INFO]    [PING OK] PL | VLESS | 5332ms
2026-02-27 08:20:13 [INFO]    [PING OK] NL | VLESS | 5265ms
2026-02-27 08:20:13 [INFO]    [PING OK] HU | VLESS | 5636ms
2026-02-27 08:20:14 [INFO]    [PING OK] FI | VLESS | 5649ms
2026-02-27 08:20:14 [INFO]    [PING OK] FI | VLESS | 5819ms
2026-02-27 08:20:14 [INFO]    [PING OK] DE | VLESS | 5764ms
2026-02-27 08:20:14 [INFO]    [PING OK] ES | VLESS | 4591ms
2026-02-27 08:20:14 [INFO]    [PING OK] PL | VLESS | 4347ms
2026-02-27 08:20:14 [INFO]    [PING OK] HU | VLESS | 4353ms
2026-02-27 08:20:14 [INFO]    [PING OK] CA | VLESS | 5238ms
2026-02-27 08:20:14 [INFO]    [PING OK] CH | VLESS | 5544ms
2026-02-27 08:20:15 [INFO]    [PING OK] FI | VLESS | 5681ms
2026-02-27 08:20:18 [INFO]    [PING OK] FI | VLESS | 4310ms
2026-02-27 08:20:18 [INFO]    [PING OK] FI | VLESS | 4358ms
2026-02-27 08:20:19 [INFO]    [PING OK] FI | VLESS | 4830ms
2026-02-27 08:20:19 [INFO]    [PING OK] IT | VLESS | 4712ms
2026-02-27 08:20:19 [INFO]    [PING OK] FI | VLESS | 5061ms
2026-02-27 08:20:19 [INFO]    [PING OK] PL | VLESS | 4476ms
2026-02-27 08:20:19 [INFO]    [PING OK] NL | VLESS | 4926ms
2026-02-27 08:20:19 [INFO]    [PING OK] NL | VLESS | 4690ms
2026-02-27 08:20:19 [INFO]    [PING OK] CA | VLESS | 4994ms
2026-02-27 08:20:19 [INFO]    [PING OK] CA | VLESS | 4766ms
2026-02-27 08:20:19 [INFO]    [PING OK] HK | VLESS | 4788ms
2026-02-27 08:20:19 [INFO]    [PING OK] LT | VLESS | 5031ms
2026-02-27 08:20:20 [INFO]    [PING OK] PL | VLESS | 3882ms
2026-02-27 08:20:20 [INFO]    [PING OK] FR | VLESS | 3790ms
2026-02-27 08:20:20 [INFO]    [PING OK] FI | VLESS | 5330ms
2026-02-27 08:20:21 [INFO]    [PING OK] ES | VLESS | 3656ms
2026-02-27 08:20:22 [INFO]    [PING OK] EE | VLESS | 3537ms
2026-02-27 08:20:23 [INFO]    [PING OK] NL | VLESS | 4058ms
2026-02-27 08:20:23 [INFO]    [PING OK] PL | VLESS | 3699ms
2026-02-27 08:20:23 [INFO]    [PING OK] PL | VLESS | 4062ms
2026-02-27 08:20:23 [INFO]    [PING OK] FI | VLESS | 4069ms
2026-02-27 08:20:23 [INFO]    [PING OK] FI | VLESS | 4803ms
2026-02-27 08:20:24 [INFO]    [PING OK] DE | VLESS | 9150ms
2026-02-27 08:20:25 [INFO]    [PING OK] NL | VLESS | 4765ms
2026-02-27 08:20:25 [INFO]    [PING OK] TR | VLESS | 4785ms
2026-02-27 08:20:25 [INFO]    [PING OK] PL | VLESS | 4740ms
2026-02-27 08:20:26 [INFO]    [PING OK] ES | VLESS | 5284ms
2026-02-27 08:20:26 [INFO]    [PING OK] US | VLESS | 4471ms
2026-02-27 08:20:26 [INFO]    [PING OK] FI | VLESS | 4669ms
2026-02-27 08:20:28 [INFO]    [PING OK] LT | VLESS | 5009ms
2026-02-27 08:20:28 [INFO]    [PING OK] NL | VLESS | 4733ms
2026-02-27 08:20:29 [INFO]    [PING OK] FR | VLESS | 8281ms
2026-02-27 08:20:29 [INFO]    [PING OK] TR | VLESS | 5051ms
2026-02-27 08:20:29 [INFO]    [PING OK] SE | VLESS | 4737ms
2026-02-27 08:20:29 [INFO]    [PING OK] FI | VLESS | 4411ms
2026-02-27 08:20:29 [INFO]    [PING OK] ES | VLESS | 5055ms
2026-02-27 08:20:30 [INFO]    [PING OK] DE | VLESS | 4475ms
2026-02-27 08:20:30 [INFO]    [PING OK] ES | VLESS | 4319ms
2026-02-27 08:20:30 [INFO]    [PING OK] HU | VLESS | 4378ms
2026-02-27 08:20:31 [INFO]    [PING OK] NL | VLESS | 4456ms
2026-02-27 08:20:31 [INFO]    [PING OK] PL | VLESS | 4160ms
2026-02-27 08:20:31 [INFO]    [PING OK] FI | VLESS | 4207ms
2026-02-27 08:20:31 [INFO]    [PING OK] TR | VLESS | 4329ms
2026-02-27 08:20:32 [INFO]    [PING OK] PL | VLESS | 4206ms
2026-02-27 08:20:32 [INFO]    [PING OK] LT | VLESS | 4236ms
2026-02-27 08:20:33 [INFO]    [PING OK] NL | VLESS | 4395ms
2026-02-27 08:20:33 [INFO]    [PING OK] FI | VLESS | 9541ms
2026-02-27 08:20:35 [INFO]    [PING OK] FI | VLESS | 3816ms
2026-02-27 08:20:35 [INFO]    [PING OK] FR | VLESS | 4206ms
2026-02-27 08:20:36 [INFO]    [PING OK] US | VLESS | 4403ms
2026-02-27 08:20:36 [INFO]    [PING OK] NL | VLESS | 4208ms
2026-02-27 08:20:36 [INFO]    [PING OK] SE | VLESS | 3856ms
2026-02-27 08:20:36 [INFO]    [PING OK] NL | VLESS | 4061ms
2026-02-27 08:20:36 [INFO]    [PING OK] DE | VLESS | 5170ms
2026-02-27 08:20:37 [INFO]    [PING OK] TR | VLESS | 4417ms
2026-02-27 08:20:37 [INFO]    [PING OK] PL | VLESS | 3966ms
2026-02-27 08:20:37 [INFO]    [PING OK] PL | VLESS | 4435ms
2026-02-27 08:20:38 [INFO]    [PING OK] US | VLESS | 4389ms
2026-02-27 08:20:39 [INFO]    [PING OK] HU | VLESS | 4706ms
2026-02-27 08:20:40 [INFO]    [PING OK] LT | VLESS | 4783ms
2026-02-27 08:20:40 [INFO]    [PING OK] NL | VLESS | 4322ms
2026-02-27 08:20:40 [INFO]    [PING OK] DE | VLESS | 4686ms
2026-02-27 08:20:40 [INFO]    [PING OK] CH | VLESS | 4583ms
2026-02-27 08:20:40 [INFO]    [PING OK] PL | VLESS | 4661ms
2026-02-27 08:20:40 [INFO]    [PING OK] PL | VLESS | 4661ms
2026-02-27 08:20:41 [INFO]    [PING OK] TR | VLESS | 4406ms
2026-02-27 08:20:41 [INFO]    [PING OK] ES | VLESS | 4275ms
2026-02-27 08:20:41 [INFO]    [PING OK] HU | VLESS | 4279ms
2026-02-27 08:20:42 [INFO]    [PING OK] US | VLESS | 4588ms
2026-02-27 08:20:42 [INFO]    [PING OK] US | VLESS | 4596ms
2026-02-27 08:20:43 [INFO]    [PING OK] PL | VLESS | 4313ms
2026-02-27 08:20:44 [INFO]    [PING OK] TR | VLESS | 4728ms
2026-02-27 08:20:44 [INFO]    [PING OK] PL | VLESS | 4690ms
2026-02-27 08:20:45 [INFO]    [PING OK] DE | VLESS | 4370ms
2026-02-27 08:20:46 [INFO]    [PING OK] PL | VLESS | 4673ms
2026-02-27 08:20:46 [INFO]    [PING OK] LV | VLESS | 4443ms
2026-02-27 08:20:46 [INFO]    [PING OK] EE | VLESS | 4855ms
2026-02-27 08:20:47 [INFO]    [PING OK] DE | VLESS | 4507ms
2026-02-27 08:20:47 [INFO]    [PING OK] FI | VLESS | 4950ms
2026-02-27 08:20:47 [INFO]    [PING OK] DE | VLESS | 4410ms
2026-02-27 08:20:48 [INFO]    [PING OK] LV | VLESS | 4197ms
2026-02-27 08:20:48 [INFO]    [PING OK] US | VLESS | 4581ms
2026-02-27 08:20:48 [INFO]    [PING OK] DE | VLESS | 5673ms
2026-02-27 08:20:49 [INFO]    [PING OK] DE | VLESS | 4555ms
2026-02-27 08:20:49 [INFO]    [PING OK] NG | VLESS | 4586ms
2026-02-27 08:20:49 [INFO]    [PING OK] FI | VLESS | 4442ms
2026-02-27 08:20:49 [INFO]    [PING OK] CA | VLESS | 4745ms
2026-02-27 08:20:52 [INFO]    [PING OK] DE | VLESS | 4606ms
2026-02-27 08:20:52 [INFO]    [PING OK] NL | VLESS | 4542ms
2026-02-27 08:20:52 [INFO]    [PING OK] DE | VLESS | 4027ms
2026-02-27 08:20:52 [INFO]    [PING OK] US | VLESS | 5070ms
2026-02-27 08:20:52 [INFO]    [PING OK] PL | VLESS | 4233ms
2026-02-27 08:20:52 [INFO]    [PING OK] PL | VLESS | 4432ms
2026-02-27 08:20:53 [INFO]    [PING OK] DE | VLESS | 3680ms
2026-02-27 08:20:53 [INFO]    [PING OK] SG | VLESS | 4129ms
2026-02-27 08:20:53 [INFO]    [PING OK] LV | VLESS | 2626ms
2026-02-27 08:20:53 [INFO]    [PING OK] CA | VLESS | 4472ms
2026-02-27 08:20:53 [INFO]    [PING OK] SG | VLESS | 3554ms
2026-02-27 08:20:53 [INFO]    [PING OK] DE | VLESS | 2341ms
2026-02-27 08:20:53 [INFO]    [PING OK] FI | VLESS | 6133ms
2026-02-27 08:20:53 [INFO]    [PING OK] US | VLESS | 2976ms
2026-02-27 08:20:53 [INFO]    [PING OK] DE | VLESS | 2631ms
2026-02-27 08:20:54 [INFO]    [PING OK] US | VLESS | 3289ms
2026-02-27 08:20:54 [INFO]    [PING OK] SG | VLESS | 1863ms
2026-02-27 08:20:54 [INFO]    [PING OK] US | VLESS | 1624ms
2026-02-27 08:20:55 [INFO]    [PING OK] DE | VLESS | 2298ms
2026-02-27 08:20:55 [INFO]    [PING OK] DE | VLESS | 4983ms
2026-02-27 08:20:57 [INFO]    [PING OK] CA | VLESS | 4498ms
2026-02-27 08:20:57 [INFO] 🏎️ ЭТАП 2: Глубокий замер скорости для 40 иностранных кандидатов...
2026-02-27 08:21:02 [INFO]    🏆 DE | VLESS | Пинг: 3680ms | Скорость: 5.99 Mbps ⚡⚡
2026-02-27 08:21:02 [INFO]    🏆 LV | VLESS | Пинг: 2626ms | Скорость: 5.67 Mbps ⚡⚡
2026-02-27 08:21:02 [INFO]    🏆 ES | VLESS | Пинг: 3656ms | Скорость: 5.76 Mbps ⚡⚡
2026-02-27 08:21:02 [INFO]    🏆 FI | VLESS | Пинг: 3816ms | Скорость: 5.91 Mbps ⚡⚡
2026-02-27 08:21:02 [INFO]    🏆 DE | VLESS | Пинг: 2631ms | Скорость: 5.59 Mbps ⚡⚡
2026-02-27 08:21:02 [INFO]    🏆 PL | VLESS | Пинг: 3699ms | Скорость: 5.85 Mbps ⚡⚡
2026-02-27 08:21:02 [INFO]    🏆 SG | VLESS | Пинг: 3554ms | Скорость: 5.38 Mbps ⚡⚡
2026-02-27 08:21:02 [INFO]    🏆 US | VLESS | Пинг: 2976ms | Скорость: 5.3 Mbps ⚡⚡
2026-02-27 08:21:02 [INFO]    🏆 SG | VLESS | Пинг: 1863ms | Скорость: 5.02 Mbps ⚡⚡
2026-02-27 08:21:02 [INFO]    🏆 EE | VLESS | Пинг: 3537ms | Скорость: 5.1 Mbps ⚡⚡
2026-02-27 08:21:04 [INFO]    🏆 US | VLESS | Пинг: 1624ms | Скорость: 2.6 Mbps ⚡
2026-02-27 08:21:04 [INFO]    🏆 DE | VLESS | Пинг: 2298ms | Скорость: 1.96 Mbps ⚡
2026-02-27 08:21:04 [INFO]    🏆 US | VLESS | Пинг: 3289ms | Скорость: 0.79 Mbps 
2026-02-27 08:21:05 [INFO]    🏆 PL | VLESS | Пинг: 3882ms | Скорость: 7.74 Mbps ⚡⚡
2026-02-27 08:21:05 [INFO]    🏆 PL | VLESS | Пинг: 3966ms | Скорость: 7.19 Mbps ⚡⚡
2026-02-27 08:21:05 [INFO]    🏆 NL | VLESS | Пинг: 4061ms | Скорость: 7.31 Mbps ⚡⚡
2026-02-27 08:21:05 [INFO]    🏆 PL | VLESS | Пинг: 4062ms | Скорость: 7.6 Mbps ⚡⚡
2026-02-27 08:21:05 [INFO]    🏆 FI | VLESS | Пинг: 4069ms | Скорость: 7.47 Mbps ⚡⚡
2026-02-27 08:21:05 [INFO]    🏆 DE | VLESS | Пинг: 4027ms | Скорость: 6.92 Mbps ⚡⚡
2026-02-27 08:21:05 [INFO]    🏆 PL | VLESS | Пинг: 4160ms | Скорость: 7.72 Mbps ⚡⚡
2026-02-27 08:21:05 [INFO]    🏆 NL | VLESS | Пинг: 4058ms | Скорость: 7.27 Mbps ⚡⚡
2026-02-27 08:21:06 [INFO]    🏆 LV | VLESS | Пинг: 4197ms | Скорость: 7.21 Mbps ⚡⚡
2026-02-27 08:21:07 [INFO]    🏆 NL | VLESS | Пинг: 4208ms | Скорость: 15.11 Mbps ⚡⚡
2026-02-27 08:21:07 [INFO]    🏆 FR | VLESS | Пинг: 4206ms | Скорость: 10.12 Mbps ⚡⚡
2026-02-27 08:21:07 [INFO]    🏆 PL | VLESS | Пинг: 4206ms | Скорость: 9.56 Mbps ⚡⚡
2026-02-27 08:21:07 [INFO]    🏆 FI | VLESS | Пинг: 4207ms | Скорость: 9.4 Mbps ⚡⚡
2026-02-27 08:21:09 [INFO]    🏆 PL | VLESS | Пинг: 4233ms | Скорость: 7.64 Mbps ⚡⚡
2026-02-27 08:21:09 [INFO]    🏆 NL | VLESS | Пинг: 4322ms | Скорость: 8.31 Mbps ⚡⚡
2026-02-27 08:21:09 [INFO]    🏆 LT | VLESS | Пинг: 4236ms | Скорость: 7.4 Mbps ⚡⚡
2026-02-27 08:21:09 [INFO]    🏆 PL | VLESS | Пинг: 4313ms | Скорость: 7.81 Mbps ⚡⚡
2026-02-27 08:21:09 [INFO]    🏆 HU | VLESS | Пинг: 4279ms | Скорость: 7.75 Mbps ⚡⚡
2026-02-27 08:21:09 [INFO]    🏆 FI | VLESS | Пинг: 4310ms | Скорость: 7.84 Mbps ⚡⚡
2026-02-27 08:21:09 [INFO]    🏆 TR | VLESS | Пинг: 4329ms | Скорость: 8.33 Mbps ⚡⚡
2026-02-27 08:21:09 [INFO]    🏆 SG | VLESS | Пинг: 4129ms | Скорость: 1.37 Mbps 
2026-02-27 08:21:09 [INFO]    🏆 ES | VLESS | Пинг: 4319ms | Скорость: 7.32 Mbps ⚡⚡
2026-02-27 08:21:09 [INFO]    🏆 PL | VLESS | Пинг: 4347ms | Скорость: 10.58 Mbps ⚡⚡
2026-02-27 08:21:10 [INFO]    🏆 ES | VLESS | Пинг: 4275ms | Скорость: 4.67 Mbps ⚡⚡
2026-02-27 08:21:10 [INFO] 📊 Итого в подписке сохранено иностранных серверов: 10
2026-02-27 08:21:10 [INFO] 💾 Файл успешно сохранен: FL1PVPN
