2026-02-19 04:30:06 [INFO] 🚀 START: Smart VLESS Selector (Target: 10, Strict Mode)
2026-02-19 04:30:06 [INFO] 🌐 Загрузка источников...
2026-02-19 04:30:09 [INFO] 🔍 Уникальных конфигов собрано: 646
2026-02-19 04:30:09 [INFO] ⚡ ЭТАП 1: Быстрый замер Пинга (Workers: 25)...
2026-02-19 04:30:10 [INFO]    [PING OK] DE | 136ms
2026-02-19 04:30:10 [INFO]    [PING OK] DE | 188ms
2026-02-19 04:30:11 [INFO]    [PING OK] IT | 555ms
2026-02-19 04:30:11 [INFO]    [PING OK] RU | 124ms
2026-02-19 04:30:12 [INFO]    [PING OK] CA | 577ms
2026-02-19 04:30:13 [INFO]    [PING OK] TR | 1411ms
2026-02-19 04:30:14 [INFO]    [PING OK] DE | 701ms
2026-02-19 04:30:17 [INFO]    [PING OK] AT | 783ms
2026-02-19 04:30:17 [INFO]    [PING OK] RU | 181ms
2026-02-19 04:30:18 [INFO]    [PING OK] US | 3108ms
2026-02-19 04:30:19 [INFO]    [PING OK] FR | 656ms
2026-02-19 04:30:20 [INFO]    [PING OK] FR | 497ms
2026-02-19 04:30:23 [INFO]    [PING OK] TR | 285ms
2026-02-19 04:30:24 [INFO]    [PING OK] RU | 205ms
2026-02-19 04:30:24 [INFO]    [PING OK] RU | 281ms
2026-02-19 04:30:25 [INFO]    [PING OK] RU | 309ms
2026-02-19 04:30:25 [INFO]    [PING OK] RU | 372ms
2026-02-19 04:30:26 [INFO]    [PING OK] RU | 321ms
2026-02-19 04:30:26 [INFO]    [PING OK] RU | 303ms
2026-02-19 04:30:26 [INFO]    [PING OK] RU | 300ms
2026-02-19 04:30:26 [INFO]    [PING OK] RU | 310ms
2026-02-19 04:30:27 [INFO]    [PING OK] RU | 204ms
2026-02-19 04:30:27 [INFO]    [PING OK] RU | 239ms
2026-02-19 04:30:27 [INFO]    [PING OK] RU | 252ms
2026-02-19 04:30:27 [INFO]    [PING OK] RU | 312ms
2026-02-19 04:30:27 [INFO]    [PING OK] RU | 329ms
2026-02-19 04:30:27 [INFO]    [PING OK] RU | 316ms
2026-02-19 04:30:27 [INFO]    [PING OK] RU | 1739ms
2026-02-19 04:30:27 [INFO]    [PING OK] RU | 241ms
2026-02-19 04:30:27 [INFO]    [PING OK] RU | 226ms
2026-02-19 04:30:28 [INFO]    [PING OK] RU | 315ms
2026-02-19 04:30:28 [INFO]    [PING OK] RU | 304ms
2026-02-19 04:30:28 [INFO]    [PING OK] RU | 272ms
2026-02-19 04:30:28 [INFO]    [PING OK] RU | 782ms
2026-02-19 04:30:29 [INFO]    [PING OK] RU | 201ms
2026-02-19 04:30:29 [INFO]    [PING OK] RU | 222ms
2026-02-19 04:30:29 [INFO]    [PING OK] RU | 248ms
2026-02-19 04:30:29 [INFO]    [PING OK] RU | 206ms
2026-02-19 04:30:29 [INFO]    [PING OK] RU | 1259ms
2026-02-19 04:30:29 [INFO]    [PING OK] RU | 242ms
2026-02-19 04:30:30 [INFO]    [PING OK] RU | 262ms
2026-02-19 04:30:30 [INFO]    [PING OK] RU | 196ms
2026-02-19 04:30:30 [INFO]    [PING OK] RU | 188ms
2026-02-19 04:30:30 [INFO]    [PING OK] RU | 189ms
2026-02-19 04:30:30 [INFO]    [PING OK] RU | 208ms
2026-02-19 04:30:31 [INFO]    [PING OK] DE | 524ms
2026-02-19 04:30:31 [INFO]    [PING OK] RU | 266ms
2026-02-19 04:30:31 [INFO]    [PING OK] RU | 212ms
2026-02-19 04:30:31 [INFO]    [PING OK] RU | 199ms
2026-02-19 04:30:31 [INFO]    [PING OK] DE | 777ms
2026-02-19 04:30:32 [INFO]    [PING OK] HU | 325ms
2026-02-19 04:30:32 [INFO]    [PING OK] RU | 304ms
2026-02-19 04:30:32 [INFO]    [PING OK] RU | 816ms
2026-02-19 04:30:33 [INFO]    [PING OK] RU | 86ms
2026-02-19 04:30:33 [INFO]    [PING OK] RU | 205ms
2026-02-19 04:30:34 [INFO]    [PING OK] UZ | 264ms
2026-02-19 04:30:34 [INFO]    [PING OK] MD | 153ms
2026-02-19 04:30:34 [INFO]    [PING OK] RU | 4412ms
2026-02-19 04:30:35 [INFO]    [PING OK] RU | 2421ms
2026-02-19 04:30:35 [INFO]    [PING OK] US | 624ms
2026-02-19 04:30:35 [INFO]    [PING OK] RU | 2534ms
2026-02-19 04:30:35 [INFO]    [PING OK] RU | 3258ms
2026-02-19 04:30:36 [INFO]    [PING OK] RU | 4109ms
2026-02-19 04:30:36 [INFO]    [PING OK] RU | 4385ms
2026-02-19 04:30:36 [INFO]    [PING OK] DE | 227ms
2026-02-19 04:30:36 [INFO]    [PING OK] DE | 231ms
2026-02-19 04:30:37 [INFO]    [PING OK] FI | 143ms
2026-02-19 04:30:37 [INFO]    [PING OK] JP | 449ms
2026-02-19 04:30:37 [INFO]    [PING OK] NL | 224ms
2026-02-19 04:30:37 [INFO]    [PING OK] FI | 148ms
2026-02-19 04:30:37 [INFO]    [PING OK] NL | 187ms
2026-02-19 04:30:38 [INFO]    [PING OK] IT | 547ms
2026-02-19 04:30:38 [INFO]    [PING OK] LV | 414ms
2026-02-19 04:30:38 [INFO]    [PING OK] PL | 132ms
2026-02-19 04:30:41 [INFO]    [PING OK] HU | 309ms
2026-02-19 04:30:41 [INFO]    [PING OK] LV | 170ms
2026-02-19 04:30:41 [INFO]    [PING OK] NL | 209ms
2026-02-19 04:30:41 [INFO]    [PING OK] FI | 158ms
2026-02-19 04:30:41 [INFO]    [PING OK] FR | 825ms
2026-02-19 04:31:08 [INFO] 🏎️ ЭТАП 2: Глубокий замер скорости для ТОП-10 серверов...
2026-02-19 04:31:12 [INFO]    🏆 PL | Пинг: 132ms | Скорость: 8.6 Mbps ⚡⚡
2026-02-19 04:31:12 [INFO]    🏆 DE | Пинг: 136ms | Скорость: 8.33 Mbps ⚡⚡
2026-02-19 04:31:12 [INFO]    🏆 FI | Пинг: 143ms | Скорость: 8.34 Mbps ⚡⚡
2026-02-19 04:31:12 [INFO]    🏆 FI | Пинг: 148ms | Скорость: 8.47 Mbps ⚡⚡
2026-02-19 04:31:12 [INFO]    🏆 MD | Пинг: 153ms | Скорость: 8.44 Mbps ⚡⚡
2026-02-19 04:31:12 [INFO]    🏆 FI | Пинг: 158ms | Скорость: 8.52 Mbps ⚡⚡
2026-02-19 04:31:12 [INFO]    🏆 LV | Пинг: 170ms | Скорость: 8.87 Mbps ⚡⚡
2026-02-19 04:31:12 [INFO]    🏆 NL | Пинг: 187ms | Скорость: 7.35 Mbps ⚡⚡
2026-02-19 04:31:12 [INFO]    🏆 DE | Пинг: 188ms | Скорость: 8.66 Mbps ⚡⚡
2026-02-19 04:31:12 [INFO]    🏆 RU | Пинг: 86ms | Скорость: 8.74 Mbps ⚡⚡
2026-02-19 04:31:12 [INFO] 🇷🇺 Добавлен RU сервер: 185.39.206.226
2026-02-19 04:31:12 [INFO] 📊 Итого в подписке сохранено: 10 серверов
2026-02-19 04:31:12 [INFO] 💾 Файл успешно сохранен: FL1PVPN
