2026-02-25 17:30:06 [INFO] 🚀 START: Smart Selector (Target: 10, ONLY FOREIGN)
2026-02-25 17:30:06 [INFO] 🌐 Загрузка источников (VLESS + VMess)...
2026-02-25 17:30:08 [INFO] 🔍 Уникальных конфигов собрано: 155
2026-02-25 17:30:08 [INFO] ⚡ ЭТАП 1: Замер Пинга и Геолокации. Workers: 40...
2026-02-25 17:30:13 [INFO]    [PING OK] NL | VLESS | 4538ms
2026-02-25 17:30:13 [INFO]    [PING OK] DE | VLESS | 4735ms
2026-02-25 17:30:13 [INFO]    [PING OK] FI | VLESS | 4507ms
2026-02-25 17:30:13 [INFO]    [PING OK] DE | VLESS | 4051ms
2026-02-25 17:30:14 [INFO]    [PING OK] LT | VLESS | 2727ms
2026-02-25 17:30:15 [INFO]    [PING OK] NL | VLESS | 2067ms
2026-02-25 17:30:15 [INFO]    [PING OK] NL | VLESS | 6680ms
2026-02-25 17:30:16 [INFO]    [PING OK] US | VLESS | 2661ms
2026-02-25 17:30:16 [INFO]    [PING OK] US | VLESS | 2673ms
2026-02-25 17:30:16 [INFO]    [PING OK] NL | VLESS | 7552ms
2026-02-25 17:30:17 [INFO]    [PING OK] NL | VLESS | 8135ms
2026-02-25 17:30:17 [INFO]    [PING OK] NL | VLESS | 8714ms
2026-02-25 17:30:17 [INFO]    [PING OK] TW | VLESS | 3186ms
2026-02-25 17:30:17 [INFO]    [PING OK] US | VLESS | 3284ms
2026-02-25 17:30:17 [INFO]    [PING OK] US | VLESS | 2672ms
2026-02-25 17:30:18 [INFO]    [PING OK] DE | VLESS | 8778ms
2026-02-25 17:30:18 [INFO]    [PING OK] US | VLESS | 3020ms
2026-02-25 17:30:19 [INFO]    [PING OK] NL | VLESS | 9067ms
2026-02-25 17:30:22 [INFO]    [PING OK] US | VLESS | 4262ms
2026-02-25 17:30:23 [INFO]    [PING OK] US | VLESS | 5293ms
2026-02-25 17:30:23 [INFO]    [PING OK] CA | VLESS | 5507ms
2026-02-25 17:30:23 [INFO]    [PING OK] US | VLESS | 5913ms
2026-02-25 17:30:24 [INFO]    [PING OK] DE | VLESS | 5547ms
2026-02-25 17:30:24 [INFO]    [PING OK] US | VLESS | 5059ms
2026-02-25 17:30:24 [INFO]    [PING OK] US | VLESS | 5539ms
2026-02-25 17:30:24 [INFO]    [PING OK] US | VLESS | 6227ms
2026-02-25 17:30:24 [INFO]    [PING OK] DE | VLESS | 6530ms
2026-02-25 17:30:25 [INFO]    [PING OK] US | VLESS | 4089ms
2026-02-25 17:30:25 [INFO]    [PING OK] US | VLESS | 3502ms
2026-02-25 17:30:25 [INFO]    [PING OK] US | VLESS | 2214ms
2026-02-25 17:30:26 [INFO]    [PING OK] GB | VLESS | 3553ms
2026-02-25 17:30:26 [INFO]    [PING OK] GB | VLESS | 3416ms
2026-02-25 17:30:28 [INFO]    [PING OK] US | VLESS | 5017ms
2026-02-25 17:30:29 [INFO]    [PING OK] US | VLESS | 6248ms
2026-02-25 17:30:29 [INFO]    [PING OK] NL | VLESS | 10418ms
2026-02-25 17:30:30 [INFO] 🏎️ ЭТАП 2: Глубокий замер скорости для 35 иностранных кандидатов...
2026-02-25 17:30:33 [INFO]    🏆 LT | VLESS | Пинг: 2727ms | Скорость: 7.1 Mbps ⚡⚡
2026-02-25 17:30:33 [INFO]    🏆 NL | VLESS | Пинг: 2067ms | Скорость: 6.9 Mbps ⚡⚡
2026-02-25 17:30:34 [INFO]    🏆 US | VLESS | Пинг: 3020ms | Скорость: 6.24 Mbps ⚡⚡
2026-02-25 17:30:34 [INFO]    🏆 US | VLESS | Пинг: 2672ms | Скорость: 5.39 Mbps ⚡⚡
2026-02-25 17:30:35 [INFO]    🏆 GB | VLESS | Пинг: 3553ms | Скорость: 4.46 Mbps ⚡⚡
2026-02-25 17:30:36 [INFO]    🏆 TW | VLESS | Пинг: 3186ms | Скорость: 3.83 Mbps ⚡⚡
2026-02-25 17:30:37 [INFO]    🏆 US | VLESS | Пинг: 2661ms | Скорость: 2.1 Mbps ⚡
2026-02-25 17:30:37 [INFO]    🏆 DE | VLESS | Пинг: 4051ms | Скорость: 3.41 Mbps ⚡⚡
2026-02-25 17:30:38 [INFO]    🏆 CA | VLESS | Пинг: 5507ms | Скорость: 10.26 Mbps ⚡⚡
2026-02-25 17:30:40 [INFO]    🏆 FI | VLESS | Пинг: 4507ms | Скорость: 0.69 Mbps 
2026-02-25 17:30:41 [INFO]    🏆 US | VLESS | Пинг: 6248ms | Скорость: 8.23 Mbps ⚡⚡
2026-02-25 17:30:41 [INFO]    🏆 DE | VLESS | Пинг: 4735ms | Скорость: 2.21 Mbps ⚡
2026-02-25 17:30:42 [INFO]    🏆 NL | VLESS | Пинг: 7552ms | Скорость: 5.99 Mbps ⚡⚡
2026-02-25 17:30:43 [INFO]    🏆 DE | VLESS | Пинг: 5547ms | Скорость: 3.76 Mbps ⚡⚡
2026-02-25 17:30:47 [INFO]    🏆 NL | VLESS | Пинг: 9067ms | Скорость: 1.31 Mbps 
2026-02-25 17:30:47 [INFO] 📊 Итого в подписке сохранено иностранных серверов: 10
2026-02-25 17:30:47 [INFO] 💾 Файл успешно сохранен: FL1PVPN
