2026-02-17 19:00:06 [INFO] 🚀 START: Smart VLESS Selector (Target: 10, Strict Mode)
2026-02-17 19:00:06 [INFO] 🌐 Загрузка источников...
2026-02-17 19:00:08 [INFO] 🔍 Уникальных конфигов собрано: 253
2026-02-17 19:00:08 [INFO] ⚡ ЭТАП 1: Быстрый замер Пинга (Workers: 25)...
2026-02-17 19:00:10 [INFO]    [PING OK] CH | 203ms
2026-02-17 19:00:11 [INFO]    [PING OK] DE | 1149ms
2026-02-17 19:00:12 [INFO]    [PING OK] RU | 3298ms
2026-02-17 19:00:16 [INFO]    [PING OK] KZ | 765ms
2026-02-17 19:00:16 [INFO]    [PING OK] JP | 922ms
2026-02-17 19:00:17 [INFO]    [PING OK] AU | 148ms
2026-02-17 19:00:18 [INFO]    [PING OK] RU | 2971ms
2026-02-17 19:00:18 [INFO]    [PING OK] DE | 4945ms
2026-02-17 19:00:19 [INFO]    [PING OK] RU | 325ms
2026-02-17 19:00:20 [INFO]    [PING OK] RU | 232ms
2026-02-17 19:00:20 [INFO]    [PING OK] RU | 1179ms
2026-02-17 19:00:20 [INFO]    [PING OK] RU | 408ms
2026-02-17 19:00:20 [INFO]    [PING OK] RU | 251ms
2026-02-17 19:00:20 [INFO]    [PING OK] RU | 522ms
2026-02-17 19:00:21 [INFO]    [PING OK] RU | 2084ms
2026-02-17 19:00:21 [INFO]    [PING OK] RU | 245ms
2026-02-17 19:00:21 [INFO]    [PING OK] RU | 577ms
2026-02-17 19:00:21 [INFO]    [PING OK] RU | 662ms
2026-02-17 19:00:22 [INFO]    [PING OK] RU | 217ms
2026-02-17 19:00:22 [INFO]    [PING OK] RU | 339ms
2026-02-17 19:00:22 [INFO]    [PING OK] RU | 2133ms
2026-02-17 19:00:22 [INFO]    [PING OK] RU | 2371ms
2026-02-17 19:00:22 [INFO]    [PING OK] RU | 970ms
2026-02-17 19:00:22 [INFO]    [PING OK] RU | 235ms
2026-02-17 19:00:22 [INFO]    [PING OK] RU | 631ms
2026-02-17 19:00:22 [INFO]    [PING OK] RU | 391ms
2026-02-17 19:00:22 [INFO]    [PING OK] RU | 1649ms
2026-02-17 19:00:22 [INFO]    [PING OK] RU | 862ms
2026-02-17 19:00:22 [INFO]    [PING OK] RU | 1019ms
2026-02-17 19:00:22 [INFO]    [PING OK] RU | 426ms
2026-02-17 19:00:22 [INFO]    [PING OK] RU | 923ms
2026-02-17 19:00:23 [INFO]    [PING OK] RU | 404ms
2026-02-17 19:00:23 [INFO]    [PING OK] RU | 1436ms
2026-02-17 19:00:23 [INFO]    [PING OK] RU | 2996ms
2026-02-17 19:00:23 [INFO]    [PING OK] RU | 571ms
2026-02-17 19:00:23 [INFO]    [PING OK] RU | 318ms
2026-02-17 19:00:23 [INFO]    [PING OK] RU | 242ms
2026-02-17 19:00:24 [INFO]    [PING OK] RU | 657ms
2026-02-17 19:00:24 [INFO]    [PING OK] RU | 139ms
2026-02-17 19:00:24 [INFO]    [PING OK] RU | 577ms
2026-02-17 19:00:24 [INFO]    [PING OK] RU | 540ms
2026-02-17 19:00:24 [INFO]    [PING OK] RU | 236ms
2026-02-17 19:00:24 [INFO]    [PING OK] RU | 345ms
2026-02-17 19:00:24 [INFO]    [PING OK] RU | 799ms
2026-02-17 19:00:25 [INFO]    [PING OK] RU | 637ms
2026-02-17 19:00:25 [INFO]    [PING OK] RU | 1778ms
2026-02-17 19:00:25 [INFO]    [PING OK] RU | 333ms
2026-02-17 19:00:25 [INFO]    [PING OK] RU | 244ms
2026-02-17 19:00:25 [INFO]    [PING OK] RU | 302ms
2026-02-17 19:00:25 [INFO]    [PING OK] RU | 299ms
2026-02-17 19:00:25 [INFO]    [PING OK] RU | 839ms
2026-02-17 19:00:25 [INFO]    [PING OK] RU | 250ms
2026-02-17 19:00:25 [INFO]    [PING OK] RU | 1735ms
2026-02-17 19:00:26 [INFO]    [PING OK] RU | 2229ms
2026-02-17 19:00:26 [INFO]    [PING OK] RU | 2107ms
2026-02-17 19:00:26 [INFO]    [PING OK] RU | 779ms
2026-02-17 19:00:27 [INFO]    [PING OK] RU | 2252ms
2026-02-17 19:00:27 [INFO]    [PING OK] RU | 1121ms
2026-02-17 19:00:27 [INFO]    [PING OK] RU | 2641ms
2026-02-17 19:00:28 [INFO]    [PING OK] RU | 2421ms
2026-02-17 19:00:28 [INFO]    [PING OK] RU | 2607ms
2026-02-17 19:00:29 [INFO]    [PING OK] US | 4103ms
2026-02-17 19:00:29 [INFO]    [PING OK] RU | 3648ms
2026-02-17 19:00:31 [INFO]    [PING OK] US | 996ms
2026-02-17 19:00:32 [INFO]    [PING OK] US | 486ms
2026-02-17 19:00:38 [INFO]    [PING OK] FI | 1044ms
2026-02-17 19:00:38 [INFO]    [PING OK] AT | 232ms
2026-02-17 19:00:38 [INFO]    [PING OK] PL | 786ms
2026-02-17 19:00:38 [INFO]    [PING OK] PL | 513ms
2026-02-17 19:00:40 [INFO]    [PING OK] PL | 446ms
2026-02-17 19:00:41 [INFO]    [PING OK] MD | 273ms
2026-02-17 19:00:42 [INFO]    [PING OK] LV | 384ms
2026-02-17 19:00:46 [INFO] 🏎️ ЭТАП 2: Глубокий замер скорости для ТОП-10 серверов...
2026-02-17 19:00:53 [INFO]    🏆 AU | Пинг: 148ms | Скорость: 0.0 Mbps 
2026-02-17 19:00:53 [INFO]    🏆 CH | Пинг: 203ms | Скорость: 8.71 Mbps ⚡⚡
2026-02-17 19:00:53 [INFO]    🏆 AT | Пинг: 232ms | Скорость: 0.0 Mbps 
2026-02-17 19:00:53 [INFO]    🏆 MD | Пинг: 273ms | Скорость: 1.23 Mbps 
2026-02-17 19:00:53 [INFO]    🏆 LV | Пинг: 384ms | Скорость: 7.15 Mbps ⚡⚡
2026-02-17 19:00:53 [INFO]    🏆 PL | Пинг: 446ms | Скорость: 8.98 Mbps ⚡⚡
2026-02-17 19:00:53 [INFO]    🏆 US | Пинг: 486ms | Скорость: 6.64 Mbps ⚡⚡
2026-02-17 19:00:53 [INFO]    🏆 PL | Пинг: 513ms | Скорость: 9.14 Mbps ⚡⚡
2026-02-17 19:00:53 [INFO]    🏆 KZ | Пинг: 765ms | Скорость: 1.96 Mbps ⚡
2026-02-17 19:00:53 [INFO]    🏆 RU | Пинг: 139ms | Скорость: 9.08 Mbps ⚡⚡
2026-02-17 19:00:53 [INFO] 🇷🇺 Добавлен RU сервер: 87.242.103.184
2026-02-17 19:00:53 [INFO] 📊 Итого в подписке сохранено: 10 серверов
2026-02-17 19:00:53 [INFO] 💾 Файл успешно сохранен: FL1PVPN
