2026-02-24 04:50:05 [INFO] 🚀 START: Smart Selector (Target: 10, ONLY FOREIGN)
2026-02-24 04:50:05 [INFO] 🌐 Загрузка источников (VLESS + VMess)...
2026-02-24 04:50:06 [INFO] 🔍 Уникальных конфигов собрано: 264
2026-02-24 04:50:06 [INFO] ⚡ ЭТАП 1: Замер Пинга и Геолокации. Workers: 40...
2026-02-24 04:50:12 [INFO]    [PING OK] US | VLESS | 4694ms
2026-02-24 04:50:12 [INFO]    [PING OK] PL | VLESS | 4501ms
2026-02-24 04:50:12 [INFO]    [PING OK] TR | VLESS | 4630ms
2026-02-24 04:50:12 [INFO]    [PING OK] LV | VLESS | 4691ms
2026-02-24 04:50:12 [INFO]    [PING OK] HU | VLESS | 4698ms
2026-02-24 04:50:12 [INFO]    [PING OK] ES | VLESS | 3748ms
2026-02-24 04:50:12 [INFO]    [PING OK] PL | VLESS | 3725ms
2026-02-24 04:50:12 [INFO]    [PING OK] FI | VLESS | 3447ms
2026-02-24 04:50:12 [INFO]    [PING OK] ES | VLESS | 3712ms
2026-02-24 04:50:13 [INFO]    [PING OK] TR | VLESS | 3630ms
2026-02-24 04:50:15 [INFO]    [PING OK] DE | VLESS | 6768ms
2026-02-24 04:50:16 [INFO]    [PING OK] EE | VLESS | 3693ms
2026-02-24 04:50:16 [INFO]    [PING OK] HU | VLESS | 3501ms
2026-02-24 04:50:16 [INFO]    [PING OK] ES | VLESS | 3871ms
2026-02-24 04:50:16 [INFO]    [PING OK] HU | VLESS | 3605ms
2026-02-24 04:50:16 [INFO]    [PING OK] IT | VLESS | 3455ms
2026-02-24 04:50:17 [INFO]    [PING OK] ES | VLESS | 3032ms
2026-02-24 04:50:17 [INFO]    [PING OK] DE | VLESS | 3605ms
2026-02-24 04:50:17 [INFO]    [PING OK] DE | VLESS | 9660ms
2026-02-24 04:50:17 [INFO]    [PING OK] HU | VLESS | 3486ms
2026-02-24 04:50:17 [INFO]    [PING OK] PL | VLESS | 3188ms
2026-02-24 04:50:17 [INFO]    [PING OK] DE | VLESS | 3291ms
2026-02-24 04:50:17 [INFO]    [PING OK] HU | VLESS | 4330ms
2026-02-24 04:50:17 [INFO]    [PING OK] EE | VLESS | 3050ms
2026-02-24 04:50:18 [INFO]    [PING OK] NL | VLESS | 4714ms
2026-02-24 04:50:18 [INFO]    [PING OK] NL | VLESS | 5262ms
2026-02-24 04:50:18 [INFO]    [PING OK] NL | VLESS | 4973ms
2026-02-24 04:50:20 [INFO]    [PING OK] NL | VLESS | 4951ms
2026-02-24 04:50:20 [INFO]    [PING OK] LV | VLESS | 3536ms
2026-02-24 04:50:21 [INFO]    [PING OK] NL | VLESS | 3644ms
2026-02-24 04:50:21 [INFO]    [PING OK] HU | VLESS | 3669ms
2026-02-24 04:50:21 [INFO]    [PING OK] PL | VLESS | 3913ms
2026-02-24 04:50:21 [INFO]    [PING OK] DE | VLESS | 3913ms
2026-02-24 04:50:21 [INFO]    [PING OK] FI | VLESS | 3915ms
2026-02-24 04:50:22 [INFO]    [PING OK] ES | VLESS | 4011ms
2026-02-24 04:50:22 [INFO]    [PING OK] IT | VLESS | 3655ms
2026-02-24 04:50:22 [INFO]    [PING OK] TR | VLESS | 3569ms
2026-02-24 04:50:24 [INFO]    [PING OK] NL | VLESS | 4154ms
2026-02-24 04:50:24 [INFO]    [PING OK] NL | VLESS | 7229ms
2026-02-24 04:50:24 [INFO]    [PING OK] US | VLESS | 3163ms
2026-02-24 04:50:25 [INFO]    [PING OK] ES | VLESS | 3742ms
2026-02-24 04:50:25 [INFO]    [PING OK] ES | VLESS | 3543ms
2026-02-24 04:50:25 [INFO]    [PING OK] DE | VLESS | 3921ms
2026-02-24 04:50:27 [INFO]    [PING OK] FI | VLESS | 4360ms
2026-02-24 04:50:27 [INFO]    [PING OK] DE | VLESS | 4525ms
2026-02-24 04:50:28 [INFO]    [PING OK] DE | VLESS | 4795ms
2026-02-24 04:50:28 [INFO]    [PING OK] SE | VLESS | 4778ms
2026-02-24 04:50:28 [INFO]    [PING OK] CA | VLESS | 5156ms
2026-02-24 04:50:28 [INFO]    [PING OK] CA | VLESS | 5879ms
2026-02-24 04:50:29 [INFO]    [PING OK] CA | VLESS | 5045ms
2026-02-24 04:50:29 [INFO]    [PING OK] US | VLESS | 5173ms
2026-02-24 04:50:29 [INFO]    [PING OK] CA | VLESS | 5093ms
2026-02-24 04:50:29 [INFO]    [PING OK] DE | VLESS | 5050ms
2026-02-24 04:50:29 [INFO]    [PING OK] CA | VLESS | 5735ms
2026-02-24 04:50:29 [INFO]    [PING OK] SE | VLESS | 4966ms
2026-02-24 04:50:29 [INFO]    [PING OK] CA | VLESS | 6146ms
2026-02-24 04:50:30 [INFO]    [PING OK] CA | VLESS | 5563ms
2026-02-24 04:50:30 [INFO]    [PING OK] CA | VLESS | 6447ms
2026-02-24 04:50:31 [INFO]    [PING OK] DE | VLESS | 5632ms
2026-02-24 04:50:31 [INFO]    [PING OK] SE | VLESS | 5308ms
2026-02-24 04:50:31 [INFO]    [PING OK] DE | VLESS | 5146ms
2026-02-24 04:50:31 [INFO]    [PING OK] TR | VLESS | 5261ms
2026-02-24 04:50:32 [INFO]    [PING OK] SE | VLESS | 5751ms
2026-02-24 04:50:32 [INFO]    [PING OK] TR | VLESS | 5371ms
2026-02-24 04:50:33 [INFO]    [PING OK] TR | VLESS | 5909ms
2026-02-24 04:50:33 [INFO]    [PING OK] CA | VLESS | 5439ms
2026-02-24 04:50:33 [INFO]    [PING OK] CA | VLESS | 5745ms
2026-02-24 04:50:33 [INFO]    [PING OK] EE | VLESS | 5456ms
2026-02-24 04:50:33 [INFO]    [PING OK] NL | VLESS | 5382ms
2026-02-24 04:50:34 [INFO]    [PING OK] DE | VLESS | 5075ms
2026-02-24 04:50:34 [INFO]    [PING OK] CA | VLESS | 6062ms
2026-02-24 04:50:34 [INFO]    [PING OK] CA | VLESS | 8456ms
2026-02-24 04:50:34 [INFO]    [PING OK] CA | VLESS | 5290ms
2026-02-24 04:50:34 [INFO]    [PING OK] DE | VLESS | 4976ms
2026-02-24 04:50:34 [INFO]    [PING OK] CA | VLESS | 5084ms
2026-02-24 04:50:34 [INFO]    [PING OK] CA | VLESS | 5029ms
2026-02-24 04:50:34 [INFO]    [PING OK] SE | VLESS | 4856ms
2026-02-24 04:50:35 [INFO]    [PING OK] NO | VLESS | 3833ms
2026-02-24 04:50:35 [INFO]    [PING OK] CA | VLESS | 4980ms
2026-02-24 04:50:35 [INFO]    [PING OK] SE | VLESS | 4092ms
2026-02-24 04:50:35 [INFO]    [PING OK] CA | VLESS | 5023ms
2026-02-24 04:50:35 [INFO]    [PING OK] DE | VLESS | 3674ms
2026-02-24 04:50:35 [INFO]    [PING OK] NL | VLESS | 3667ms
2026-02-24 04:50:35 [INFO]    [PING OK] DE | VLESS | 3659ms
2026-02-24 04:50:35 [INFO]    [PING OK] SE | VLESS | 2685ms
2026-02-24 04:50:35 [INFO]    [PING OK] DE | VLESS | 2426ms
2026-02-24 04:50:35 [INFO]    [PING OK] US | VLESS | 2900ms
2026-02-24 04:50:35 [INFO]    [PING OK] SE | VLESS | 2317ms
2026-02-24 04:50:35 [INFO]    [PING OK] CA | VLESS | 8028ms
2026-02-24 04:50:35 [INFO]    [PING OK] DE | VLESS | 2618ms
2026-02-24 04:50:36 [INFO]    [PING OK] DE | VLESS | 2951ms
2026-02-24 04:50:36 [INFO]    [PING OK] CA | VLESS | 1764ms
2026-02-24 04:50:36 [INFO]    [PING OK] CA | VLESS | 2506ms
2026-02-24 04:50:38 [INFO]    [PING OK] CA | VLESS | 10012ms
2026-02-24 04:50:38 [INFO]    [PING OK] DE | VLESS | 5487ms
2026-02-24 04:50:40 [INFO] 🏎️ ЭТАП 2: Глубокий замер скорости для 40 иностранных кандидатов...
2026-02-24 04:50:45 [INFO]    🏆 FI | VLESS | Пинг: 3447ms | Скорость: 5.63 Mbps ⚡⚡
2026-02-24 04:50:45 [INFO]    🏆 DE | VLESS | Пинг: 2426ms | Скорость: 5.28 Mbps ⚡⚡
2026-02-24 04:50:45 [INFO]    🏆 US | VLESS | Пинг: 3163ms | Скорость: 5.35 Mbps ⚡⚡
2026-02-24 04:50:45 [INFO]    🏆 PL | VLESS | Пинг: 3188ms | Скорость: 5.41 Mbps ⚡⚡
2026-02-24 04:50:45 [INFO]    🏆 ES | VLESS | Пинг: 3032ms | Скорость: 5.25 Mbps ⚡⚡
2026-02-24 04:50:45 [INFO]    🏆 EE | VLESS | Пинг: 3050ms | Скорость: 5.21 Mbps ⚡⚡
2026-02-24 04:50:45 [INFO]    🏆 US | VLESS | Пинг: 2900ms | Скорость: 5.12 Mbps ⚡⚡
2026-02-24 04:50:45 [INFO]    🏆 CA | VLESS | Пинг: 1764ms | Скорость: 4.84 Mbps ⚡⚡
2026-02-24 04:50:45 [INFO]    🏆 SE | VLESS | Пинг: 2317ms | Скорость: 4.71 Mbps ⚡⚡
2026-02-24 04:50:46 [INFO]    🏆 IT | VLESS | Пинг: 3455ms | Скорость: 4.22 Mbps ⚡⚡
2026-02-24 04:50:47 [INFO]    🏆 DE | VLESS | Пинг: 2951ms | Скорость: 1.93 Mbps ⚡
2026-02-24 04:50:47 [INFO]    🏆 DE | VLESS | Пинг: 3291ms | Скорость: 2.04 Mbps ⚡
2026-02-24 04:50:48 [INFO]    🏆 HU | VLESS | Пинг: 3501ms | Скорость: 8.8 Mbps ⚡⚡
2026-02-24 04:50:49 [INFO]    🏆 ES | VLESS | Пинг: 3543ms | Скорость: 6.35 Mbps ⚡⚡
2026-02-24 04:50:49 [INFO]    🏆 LV | VLESS | Пинг: 3536ms | Скорость: 6.13 Mbps ⚡⚡
2026-02-24 04:50:49 [INFO]    🏆 HU | VLESS | Пинг: 3605ms | Скорость: 6.2 Mbps ⚡⚡
2026-02-24 04:50:49 [INFO]    🏆 TR | VLESS | Пинг: 3569ms | Скорость: 6.01 Mbps ⚡⚡
2026-02-24 04:50:49 [INFO]    🏆 DE | VLESS | Пинг: 3659ms | Скорость: 6.57 Mbps ⚡⚡
2026-02-24 04:50:49 [INFO]    🏆 IT | VLESS | Пинг: 3655ms | Скорость: 6.56 Mbps ⚡⚡
2026-02-24 04:50:49 [INFO]    🏆 TR | VLESS | Пинг: 3630ms | Скорость: 6.23 Mbps ⚡⚡
2026-02-24 04:50:49 [INFO]    🏆 HU | VLESS | Пинг: 3669ms | Скорость: 7.8 Mbps ⚡⚡
2026-02-24 04:50:50 [INFO]    🏆 DE | VLESS | Пинг: 3674ms | Скорость: 7.34 Mbps ⚡⚡
2026-02-24 04:50:51 [INFO]    🏆 ES | VLESS | Пинг: 3712ms | Скорость: 8.94 Mbps ⚡⚡
2026-02-24 04:50:51 [INFO]    🏆 HU | VLESS | Пинг: 3486ms | Скорость: 2.3 Mbps ⚡
2026-02-24 04:50:52 [INFO]    🏆 PL | VLESS | Пинг: 3725ms | Скорость: 9.18 Mbps ⚡⚡
2026-02-24 04:50:52 [INFO]    🏆 DE | VLESS | Пинг: 3913ms | Скорость: 9.2 Mbps ⚡⚡
2026-02-24 04:50:52 [INFO]    🏆 PL | VLESS | Пинг: 3913ms | Скорость: 9.1 Mbps ⚡⚡
2026-02-24 04:50:52 [INFO]    🏆 DE | VLESS | Пинг: 3921ms | Скорость: 10.43 Mbps ⚡⚡
2026-02-24 04:50:52 [INFO]    🏆 ES | VLESS | Пинг: 3748ms | Скорость: 8.56 Mbps ⚡⚡
2026-02-24 04:50:52 [INFO]    🏆 ES | VLESS | Пинг: 3742ms | Скорость: 8.53 Mbps ⚡⚡
2026-02-24 04:50:53 [INFO]    🏆 ES | VLESS | Пинг: 3871ms | Скорость: 6.46 Mbps ⚡⚡
2026-02-24 04:50:53 [INFO]    🏆 NO | VLESS | Пинг: 3833ms | Скорость: 5.85 Mbps ⚡⚡
2026-02-24 04:50:56 [INFO]    🏆 FI | VLESS | Пинг: 3915ms | Скорость: 2.98 Mbps ⚡
2026-02-24 04:50:56 [INFO] 📊 Итого в подписке сохранено иностранных серверов: 10
2026-02-24 04:50:56 [INFO] 💾 Файл успешно сохранен: FL1PVPN
