2026-02-23 01:40:05 [INFO] 🚀 START: Smart Selector (Target: 10, ONLY FOREIGN)
2026-02-23 01:40:05 [INFO] 🌐 Загрузка источников (VLESS + VMess)...
2026-02-23 01:40:08 [INFO] 🔍 Уникальных конфигов собрано: 655
2026-02-23 01:40:08 [INFO] ⚡ ЭТАП 1: Замер Пинга и Геолокации. Workers: 40...
2026-02-23 01:40:15 [INFO]    [PING OK] ES | VLESS | 5016ms
2026-02-23 01:40:16 [INFO]    [PING OK] DE | VLESS | 4277ms
2026-02-23 01:40:16 [INFO]    [PING OK] DE | VLESS | 4168ms
2026-02-23 01:40:16 [INFO]    [PING OK] EE | VLESS | 4036ms
2026-02-23 01:40:17 [INFO]    [PING OK] FR | VLESS | 3772ms
2026-02-23 01:40:17 [INFO]    [PING OK] DE | VLESS | 5437ms
2026-02-23 01:40:19 [INFO]    [PING OK] HU | VLESS | 4630ms
2026-02-23 01:40:19 [INFO]    [PING OK] PL | VLESS | 4597ms
2026-02-23 01:40:19 [INFO]    [PING OK] TR | VLESS | 4718ms
2026-02-23 01:40:19 [INFO]    [PING OK] TR | VLESS | 4720ms
2026-02-23 01:40:20 [INFO]    [PING OK] TR | VLESS | 4849ms
2026-02-23 01:40:20 [INFO]    [PING OK] US | VLESS | 4929ms
2026-02-23 01:40:20 [INFO]    [PING OK] ES | VLESS | 4589ms
2026-02-23 01:40:20 [INFO]    [PING OK] PL | VLESS | 4497ms
2026-02-23 01:40:21 [INFO]    [PING OK] ES | VLESS | 5202ms
2026-02-23 01:40:21 [INFO]    [PING OK] IT | VLESS | 5199ms
2026-02-23 01:40:21 [INFO]    [PING OK] CA | VLESS | 5257ms
2026-02-23 01:40:22 [INFO]    [PING OK] PL | VLESS | 5227ms
2026-02-23 01:40:22 [INFO]    [PING OK] TR | VLESS | 4881ms
2026-02-23 01:40:22 [INFO]    [PING OK] CA | VLESS | 6400ms
2026-02-23 01:40:22 [INFO]    [PING OK] PL | VLESS | 5085ms
2026-02-23 01:40:22 [INFO]    [PING OK] PL | VLESS | 5393ms
2026-02-23 01:40:22 [INFO]    [PING OK] ES | VLESS | 5298ms
2026-02-23 01:40:22 [INFO]    [PING OK] DE | VLESS | 5036ms
2026-02-23 01:40:22 [INFO]    [PING OK] HU | VLESS | 5392ms
2026-02-23 01:40:24 [INFO]    [PING OK] CA | VLESS | 5309ms
2026-02-23 01:40:26 [INFO]    [PING OK] CA | VLESS | 6859ms
2026-02-23 01:40:26 [INFO]    [PING OK] CA | VLESS | 6699ms
2026-02-23 01:40:27 [INFO]    [PING OK] CA | VLESS | 5521ms
2026-02-23 01:40:27 [INFO]    [PING OK] DE | VLESS | 5505ms
2026-02-23 01:40:28 [INFO]    [PING OK] CA | VLESS | 5996ms
2026-02-23 01:40:28 [INFO]    [PING OK] CA | VLESS | 6030ms
2026-02-23 01:40:28 [INFO]    [PING OK] CA | VLESS | 5845ms
2026-02-23 01:40:28 [INFO]    [PING OK] CA | VLESS | 5005ms
2026-02-23 01:40:28 [INFO]    [PING OK] NL | VLESS | 5491ms
2026-02-23 01:40:28 [INFO]    [PING OK] CA | VLESS | 5938ms
2026-02-23 01:40:28 [INFO]    [PING OK] CA | VLESS | 5461ms
2026-02-23 01:40:28 [INFO]    [PING OK] US | VLESS | 6847ms
2026-02-23 01:40:29 [INFO]    [PING OK] CA | VLESS | 5399ms
2026-02-23 01:40:29 [INFO]    [PING OK] CA | VLESS | 5482ms
2026-02-23 01:40:30 [INFO]    [PING OK] CA | VLESS | 5493ms
2026-02-23 01:40:30 [INFO]    [PING OK] CA | VLESS | 5295ms
2026-02-23 01:40:31 [INFO]    [PING OK] DE | VLESS | 4352ms
2026-02-23 01:40:31 [INFO]    [PING OK] GB | VLESS | 4484ms
2026-02-23 01:40:31 [INFO]    [PING OK] CA | VLESS | 4515ms
2026-02-23 01:40:32 [INFO]    [PING OK] CA | VLESS | 4389ms
2026-02-23 01:40:32 [INFO]    [PING OK] DE | VLESS | 4274ms
2026-02-23 01:40:32 [INFO]    [PING OK] CA | VLESS | 9416ms
2026-02-23 01:40:32 [INFO]    [PING OK] CA | VLESS | 4468ms
2026-02-23 01:40:32 [INFO]    [PING OK] CA | VLESS | 4866ms
2026-02-23 01:40:32 [INFO]    [PING OK] CA | VLESS | 9350ms
2026-02-23 01:40:33 [INFO]    [PING OK] NL | VLESS | 4312ms
2026-02-23 01:40:33 [INFO]    [PING OK] FI | VLESS | 4135ms
2026-02-23 01:40:33 [INFO]    [PING OK] CA | VLESS | 4580ms
2026-02-23 01:40:33 [INFO]    [PING OK] CA | VLESS | 5329ms
2026-02-23 01:40:33 [INFO]    [PING OK] CA | VLESS | 4309ms
2026-02-23 01:40:34 [INFO]    [PING OK] CA | VLESS | 4319ms
2026-02-23 01:40:34 [INFO]    [PING OK] FI | VLESS | 4347ms
2026-02-23 01:40:35 [INFO]    [PING OK] CA | VLESS | 4503ms
2026-02-23 01:40:35 [INFO]    [PING OK] DE | VLESS | 4484ms
2026-02-23 01:40:36 [INFO]    [PING OK] CA | VLESS | 4285ms
2026-02-23 01:40:37 [INFO]    [PING OK] CA | VLESS | 5709ms
2026-02-23 01:40:37 [INFO]    [PING OK] CA | VLESS | 5280ms
2026-02-23 01:40:37 [INFO]    [PING OK] NL | VLESS | 4029ms
2026-02-23 01:40:37 [INFO]    [PING OK] PL | VLESS | 3329ms
2026-02-23 01:40:37 [INFO]    [PING OK] CA | VLESS | 4728ms
2026-02-23 01:40:37 [INFO]    [PING OK] US | VLESS | 4774ms
2026-02-23 01:40:38 [INFO]    [PING OK] CA | VLESS | 4672ms
2026-02-23 01:40:38 [INFO]    [PING OK] CA | VLESS | 3171ms
2026-02-23 01:40:39 [INFO]    [PING OK] DE | VLESS | 2649ms
2026-02-23 01:40:40 [INFO]    [PING OK] CA | VLESS | 4006ms
2026-02-23 01:40:41 [INFO]    [PING OK] DE | VLESS | 2770ms
2026-02-23 01:40:41 [INFO]    [PING OK] FR | VLESS | 2784ms
2026-02-23 01:40:41 [INFO]    [PING OK] CA | VLESS | 3055ms
2026-02-23 01:40:41 [INFO]    [PING OK] FI | VLESS | 2681ms
2026-02-23 01:40:41 [INFO]    [PING OK] CA | VLESS | 3258ms
2026-02-23 01:40:41 [INFO]    [PING OK] CA | VLESS | 3031ms
2026-02-23 01:40:41 [INFO]    [PING OK] US | VLESS | 2269ms
2026-02-23 01:40:42 [INFO]    [PING OK] DE | VLESS | 1778ms
2026-02-23 01:40:42 [INFO]    [PING OK] DE | VLESS | 1985ms
2026-02-23 01:40:42 [INFO]    [PING OK] CA | VLESS | 3379ms
2026-02-23 01:40:42 [INFO]    [PING OK] DE | VLESS | 1735ms
2026-02-23 01:40:42 [INFO]    [PING OK] JP | VLESS | 3309ms
2026-02-23 01:40:42 [INFO]    [PING OK] US | VLESS | 1748ms
2026-02-23 01:40:42 [INFO]    [PING OK] US | VLESS | 1443ms
2026-02-23 01:40:43 [INFO]    [PING OK] CA | VLESS | 2819ms
2026-02-23 01:40:43 [INFO]    [PING OK] CA | VLESS | 3891ms
2026-02-23 01:40:44 [INFO]    [PING OK] DE | VLESS | 2163ms
2026-02-23 01:40:44 [INFO]    [PING OK] GB | VLESS | 2109ms
2026-02-23 01:40:45 [INFO]    [PING OK] FR | VLESS | 2719ms
2026-02-23 01:40:45 [INFO]    [PING OK] GB | VLESS | 2822ms
2026-02-23 01:40:45 [INFO]    [PING OK] AL | VLESS | 3335ms
2026-02-23 01:40:46 [INFO]    [PING OK] DE | VLESS | 3623ms
2026-02-23 01:40:46 [INFO]    [PING OK] CA | VLESS | 3878ms
2026-02-23 01:40:46 [INFO]    [PING OK] NL | VLESS | 3654ms
2026-02-23 01:40:46 [INFO]    [PING OK] SG | VLESS | 3680ms
2026-02-23 01:40:47 [INFO]    [PING OK] CA | VLESS | 4133ms
2026-02-23 01:40:47 [INFO]    [PING OK] LV | VLESS | 3748ms
2026-02-23 01:40:47 [INFO]    [PING OK] CA | VLESS | 4109ms
2026-02-23 01:40:47 [INFO]    [PING OK] PL | VLESS | 4038ms
2026-02-23 01:40:47 [INFO]    [PING OK] CA | VLESS | 4330ms
2026-02-23 01:40:47 [INFO]    [PING OK] FR | VLESS | 3498ms
2026-02-23 01:40:48 [INFO]    [PING OK] CA | VLESS | 4181ms
2026-02-23 01:40:48 [INFO]    [PING OK] FR | VLESS | 3564ms
2026-02-23 01:40:50 [INFO]    [PING OK] CA | VLESS | 4286ms
2026-02-23 01:40:50 [INFO]    [PING OK] CA | VLESS | 3687ms
2026-02-23 01:40:50 [INFO]    [PING OK] DE | VLESS | 3394ms
2026-02-23 01:40:51 [INFO]    [PING OK] CA | VLESS | 4126ms
2026-02-23 01:40:51 [INFO]    [PING OK] FR | VLESS | 3510ms
2026-02-23 01:40:51 [INFO]    [PING OK] DE | VLESS | 3348ms
2026-02-23 01:40:51 [INFO]    [PING OK] SG | VLESS | 3067ms
2026-02-23 01:40:51 [INFO]    [PING OK] CA | VLESS | 4990ms
2026-02-23 01:40:51 [INFO]    [PING OK] SG | VLESS | 2725ms
2026-02-23 01:40:52 [INFO]    [PING OK] CA | VLESS | 3469ms
2026-02-23 01:40:52 [INFO]    [PING OK] SG | VLESS | 2911ms
2026-02-23 01:40:52 [INFO]    [PING OK] LV | VLESS | 2630ms
2026-02-23 01:40:53 [INFO]    [PING OK] DE | VLESS | 2560ms
2026-02-23 01:40:53 [INFO]    [PING OK] CA | VLESS | 2968ms
2026-02-23 01:40:53 [INFO]    [PING OK] CA | VLESS | 4790ms
2026-02-23 01:40:55 [INFO]    [PING OK] FI | VLESS | 2380ms
2026-02-23 01:40:55 [INFO]    [PING OK] SG | VLESS | 2460ms
2026-02-23 01:40:55 [INFO]    [PING OK] CA | VLESS | 2728ms
2026-02-23 01:40:55 [INFO]    [PING OK] DE | VLESS | 2432ms
2026-02-23 01:40:55 [INFO]    [PING OK] DE | VLESS | 2497ms
2026-02-23 01:40:56 [INFO]    [PING OK] DE | VLESS | 2361ms
2026-02-23 01:40:56 [INFO]    [PING OK] DE | VLESS | 1792ms
2026-02-23 01:40:56 [INFO]    [PING OK] DE | VLESS | 1474ms
2026-02-23 01:40:56 [INFO]    [PING OK] DE | VLESS | 665ms
2026-02-23 01:40:58 [INFO]    [PING OK] TR | VLESS | 1214ms
2026-02-23 01:40:58 [INFO]    [PING OK] DE | VLESS | 1498ms
2026-02-23 01:40:59 [INFO]    [PING OK] NL | VLESS | 920ms
2026-02-23 01:40:59 [INFO]    [PING OK] US | VLESS | 1280ms
2026-02-23 01:40:59 [INFO]    [PING OK] DE | VLESS | 957ms
2026-02-23 01:40:59 [INFO]    [PING OK] CA | VLESS | 2466ms
2026-02-23 01:40:59 [INFO]    [PING OK] CA | VLESS | 2509ms
2026-02-23 01:40:59 [INFO]    [PING OK] CA | VLESS | 1784ms
2026-02-23 01:41:00 [INFO]    [PING OK] CA | VLESS | 3413ms
2026-02-23 01:41:00 [INFO]    [PING OK] DE | VLESS | 917ms
2026-02-23 01:41:00 [INFO]    [PING OK] CA | VLESS | 2126ms
2026-02-23 01:41:00 [INFO]    [PING OK] DE | VLESS | 714ms
2026-02-23 01:41:00 [INFO]    [PING OK] BR | VLESS | 1632ms
2026-02-23 01:41:00 [INFO]    [PING OK] CA | VLESS | 2216ms
2026-02-23 01:41:05 [INFO]    [PING OK] NL | VLESS | 5879ms
2026-02-23 01:41:09 [INFO]    [PING OK] FR | VLESS | 9185ms
2026-02-23 01:41:09 [INFO]    [PING OK] TR | VLESS | 10050ms
2026-02-23 01:41:10 [INFO]    [PING OK] FR | VLESS | 10563ms
2026-02-23 01:41:11 [INFO]    [PING OK] CA | VLESS | 11003ms
2026-02-23 01:41:11 [INFO]    [PING OK] EE | VLESS | 10684ms
2026-02-23 01:41:11 [INFO]    [PING OK] CH | VLESS | 10187ms
2026-02-23 01:41:11 [INFO]    [PING OK] CA | VLESS | 11032ms
2026-02-23 01:41:11 [INFO]    [PING OK] KR | VLESS | 11473ms
2026-02-23 01:41:12 [INFO]    [PING OK] FR | VLESS | 7776ms
2026-02-23 01:41:12 [INFO]    [PING OK] DE | VLESS | 6805ms
2026-02-23 01:41:12 [INFO]    [PING OK] DE | VLESS | 4434ms
2026-02-23 01:41:17 [INFO] 🏎️ ЭТАП 2: Глубокий замер скорости для 40 иностранных кандидатов...
2026-02-23 01:41:24 [INFO]    🏆 DE | VLESS | Пинг: 665ms | Скорость: 2.61 Mbps ⚡
2026-02-23 01:41:24 [INFO]    🏆 DE | VLESS | Пинг: 957ms | Скорость: 2.08 Mbps ⚡
2026-02-23 01:41:24 [INFO]    🏆 DE | VLESS | Пинг: 917ms | Скорость: 2.64 Mbps ⚡
2026-02-23 01:41:24 [INFO]    🏆 US | VLESS | Пинг: 1443ms | Скорость: 2.73 Mbps ⚡
2026-02-23 01:41:24 [INFO]    🏆 US | VLESS | Пинг: 1280ms | Скорость: 2.41 Mbps ⚡
2026-02-23 01:41:25 [INFO]    🏆 DE | VLESS | Пинг: 714ms | Скорость: 2.57 Mbps ⚡
2026-02-23 01:41:25 [INFO]    🏆 NL | VLESS | Пинг: 920ms | Скорость: 2.6 Mbps ⚡
2026-02-23 01:41:25 [INFO]    🏆 DE | VLESS | Пинг: 1474ms | Скорость: 2.7 Mbps ⚡
2026-02-23 01:41:25 [INFO]    🏆 DE | VLESS | Пинг: 1498ms | Скорость: 2.91 Mbps ⚡
2026-02-23 01:41:25 [INFO]    🏆 US | VLESS | Пинг: 1748ms | Скорость: 2.3 Mbps ⚡
2026-02-23 01:41:25 [INFO]    🏆 BR | VLESS | Пинг: 1632ms | Скорость: 2.39 Mbps ⚡
2026-02-23 01:41:25 [INFO]    🏆 DE | VLESS | Пинг: 1778ms | Скорость: 2.43 Mbps ⚡
2026-02-23 01:41:25 [INFO]    🏆 DE | VLESS | Пинг: 1792ms | Скорость: 2.63 Mbps ⚡
2026-02-23 01:41:25 [INFO]    🏆 DE | VLESS | Пинг: 1985ms | Скорость: 2.41 Mbps ⚡
2026-02-23 01:41:26 [INFO]    🏆 GB | VLESS | Пинг: 2109ms | Скорость: 2.44 Mbps ⚡
2026-02-23 01:41:31 [INFO]    🏆 DE | VLESS | Пинг: 2361ms | Скорость: 3.65 Mbps ⚡⚡
2026-02-23 01:41:31 [INFO]    🏆 US | VLESS | Пинг: 2269ms | Скорость: 3.63 Mbps ⚡⚡
2026-02-23 01:41:31 [INFO]    🏆 FI | VLESS | Пинг: 2380ms | Скорость: 3.61 Mbps ⚡⚡
2026-02-23 01:41:31 [INFO]    🏆 DE | VLESS | Пинг: 2163ms | Скорость: 3.51 Mbps ⚡⚡
2026-02-23 01:41:31 [INFO]    🏆 SG | VLESS | Пинг: 2460ms | Скорость: 3.7 Mbps ⚡⚡
2026-02-23 01:41:31 [INFO]    🏆 DE | VLESS | Пинг: 2432ms | Скорость: 3.56 Mbps ⚡⚡
2026-02-23 01:41:31 [INFO]    🏆 CA | VLESS | Пинг: 2466ms | Скорость: 3.66 Mbps ⚡⚡
2026-02-23 01:41:31 [INFO]    🏆 CA | VLESS | Пинг: 2126ms | Скорость: 3.52 Mbps ⚡⚡
2026-02-23 01:41:31 [INFO]    🏆 CA | VLESS | Пинг: 2216ms | Скорость: 3.5 Mbps ⚡⚡
2026-02-23 01:41:31 [INFO]    🏆 DE | VLESS | Пинг: 2497ms | Скорость: 3.61 Mbps ⚡⚡
2026-02-23 01:41:31 [INFO]    🏆 DE | VLESS | Пинг: 2649ms | Скорость: 4.16 Mbps ⚡⚡
2026-02-23 01:41:31 [INFO]    🏆 LV | VLESS | Пинг: 2630ms | Скорость: 4.15 Mbps ⚡⚡
2026-02-23 01:41:31 [INFO]    🏆 FR | VLESS | Пинг: 2719ms | Скорость: 4.3 Mbps ⚡⚡
2026-02-23 01:41:31 [INFO]    🏆 SG | VLESS | Пинг: 2725ms | Скорость: 5.24 Mbps ⚡⚡
2026-02-23 01:41:33 [INFO]    🏆 DE | VLESS | Пинг: 2770ms | Скорость: 16.26 Mbps ⚡⚡
2026-02-23 01:41:33 [INFO]    🏆 FR | VLESS | Пинг: 2784ms | Скорость: 17.62 Mbps ⚡⚡
2026-02-23 01:41:33 [INFO]    🏆 GB | VLESS | Пинг: 2822ms | Скорость: 16.31 Mbps ⚡⚡
2026-02-23 01:41:34 [INFO]    🏆 CA | VLESS | Пинг: 2819ms | Скорость: 9.75 Mbps ⚡⚡
2026-02-23 01:41:34 [INFO] 📊 Итого в подписке сохранено иностранных серверов: 10
2026-02-23 01:41:34 [INFO] 💾 Файл успешно сохранен: FL1PVPN
