2026-02-19 10:10:06 [INFO] 🚀 START: Smart VPN Selector (Target: 10, Strict Mode)
2026-02-19 10:10:06 [INFO] 🌐 Загрузка источников...
2026-02-19 10:10:10 [INFO] 🔍 Уникальных конфигов собрано: 1208
2026-02-19 10:10:10 [INFO] ⚡ ЭТАП 1: Быстрый замер Пинга (Workers: 25)...
2026-02-19 10:10:11 [INFO]    [PING OK] DE | 295ms
2026-02-19 10:10:12 [INFO]    [PING OK] TR | 133ms
2026-02-19 10:10:14 [INFO]    [PING OK] TR | 126ms
2026-02-19 10:10:16 [INFO]    [PING OK] SE | 158ms
2026-02-19 10:10:17 [INFO]    [PING OK] RU | 368ms
2026-02-19 10:10:18 [INFO]    [PING OK] RU | 1080ms
2026-02-19 10:10:18 [INFO]    [PING OK] LT | 1907ms
2026-02-19 10:10:19 [INFO]    [PING OK] RU | 777ms
2026-02-19 10:10:19 [INFO]    [PING OK] DE | 140ms
2026-02-19 10:10:19 [INFO]    [PING OK] DE | 169ms
2026-02-19 10:10:19 [INFO]    [PING OK] RU | 202ms
2026-02-19 10:10:20 [INFO]    [PING OK] GB | 216ms
2026-02-19 10:10:21 [INFO]    [PING OK] TR | 270ms
2026-02-19 10:10:22 [INFO]    [PING OK] RU | 147ms
2026-02-19 10:10:22 [INFO]    [PING OK] IT | 553ms
2026-02-19 10:10:22 [INFO]    [PING OK] DE | 2558ms
2026-02-19 10:10:23 [INFO]    [PING OK] RU | 1342ms
2026-02-19 10:10:23 [INFO]    [PING OK] RU | 287ms
2026-02-19 10:10:24 [INFO]    [PING OK] RU | 293ms
2026-02-19 10:10:24 [INFO]    [PING OK] RU | 284ms
2026-02-19 10:10:24 [INFO]    [PING OK] RU | 352ms
2026-02-19 10:10:24 [INFO]    [PING OK] RU | 326ms
2026-02-19 10:10:24 [INFO]    [PING OK] RU | 327ms
2026-02-19 10:10:24 [INFO]    [PING OK] RU | 123ms
2026-02-19 10:10:25 [INFO]    [PING OK] RU | 681ms
2026-02-19 10:10:25 [INFO]    [PING OK] RU | 237ms
2026-02-19 10:10:25 [INFO]    [PING OK] RU | 187ms
2026-02-19 10:10:25 [INFO]    [PING OK] RU | 454ms
2026-02-19 10:10:25 [INFO]    [PING OK] RU | 641ms
2026-02-19 10:10:25 [INFO]    [PING OK] RU | 315ms
2026-02-19 10:10:26 [INFO]    [PING OK] RU | 267ms
2026-02-19 10:10:26 [INFO]    [PING OK] RU | 237ms
2026-02-19 10:10:26 [INFO]    [PING OK] RU | 193ms
2026-02-19 10:10:27 [INFO]    [PING OK] RU | 257ms
2026-02-19 10:10:27 [INFO]    [PING OK] RU | 854ms
2026-02-19 10:10:27 [INFO]    [PING OK] RU | 1880ms
2026-02-19 10:10:27 [INFO]    [PING OK] RU | 1991ms
2026-02-19 10:10:27 [INFO]    [PING OK] RU | 282ms
2026-02-19 10:10:27 [INFO]    [PING OK] RU | 220ms
2026-02-19 10:10:28 [INFO]    [PING OK] RU | 1594ms
2026-02-19 10:10:28 [INFO]    [PING OK] RU | 291ms
2026-02-19 10:10:28 [INFO]    [PING OK] RU | 2001ms
2026-02-19 10:10:28 [INFO]    [PING OK] RU | 220ms
2026-02-19 10:10:28 [INFO]    [PING OK] RU | 229ms
2026-02-19 10:10:29 [INFO]    [PING OK] RU | 434ms
2026-02-19 10:10:29 [INFO]    [PING OK] RU | 988ms
2026-02-19 10:10:29 [INFO]    [PING OK] RU | 3553ms
2026-02-19 10:10:29 [INFO]    [PING OK] RU | 318ms
2026-02-19 10:10:30 [INFO]    [PING OK] RU | 902ms
2026-02-19 10:10:30 [INFO]    [PING OK] RU | 305ms
2026-02-19 10:10:30 [INFO]    [PING OK] RU | 333ms
2026-02-19 10:10:30 [INFO]    [PING OK] RU | 839ms
2026-02-19 10:10:30 [INFO]    [PING OK] RU | 382ms
2026-02-19 10:10:30 [INFO]    [PING OK] DE | 3109ms
2026-02-19 10:10:31 [INFO]    [PING OK] RU | 1966ms
2026-02-19 10:10:31 [INFO]    [PING OK] RU | 408ms
2026-02-19 10:10:31 [INFO]    [PING OK] RU | 838ms
2026-02-19 10:10:31 [INFO]    [PING OK] RU | 211ms
2026-02-19 10:10:32 [INFO]    [PING OK] RU | 562ms
2026-02-19 10:10:32 [INFO]    [PING OK] RU | 789ms
2026-02-19 10:10:32 [INFO]    [PING OK] RU | 1364ms
2026-02-19 10:10:32 [INFO]    [PING OK] FR | 133ms
2026-02-19 10:10:33 [INFO]    [PING OK] DE | 1130ms
2026-02-19 10:10:33 [INFO]    [PING OK] US | 391ms
2026-02-19 10:10:33 [INFO]    [PING OK] RU | 4621ms
2026-02-19 10:10:34 [INFO]    [PING OK] PL | 118ms
2026-02-19 10:10:34 [INFO]    [PING OK] DE | 149ms
2026-02-19 10:10:35 [INFO]    [PING OK] RU | 4675ms
2026-02-19 10:10:35 [INFO]    [PING OK] US | 421ms
2026-02-19 10:10:35 [INFO]    [PING OK] BG | 136ms
2026-02-19 10:10:35 [INFO]    [PING OK] PL | 143ms
2026-02-19 10:10:36 [INFO]    [PING OK] GB | 151ms
2026-02-19 10:10:36 [INFO]    [PING OK] DE | 237ms
2026-02-19 10:10:37 [INFO]    [PING OK] GB | 129ms
2026-02-19 10:10:37 [INFO]    [PING OK] JP | 1800ms
2026-02-19 10:10:37 [INFO]    [PING OK] US | 534ms
2026-02-19 10:10:37 [INFO]    [PING OK] GB | 154ms
2026-02-19 10:10:38 [INFO]    [PING OK] AT | 238ms
2026-02-19 10:10:38 [INFO]    [PING OK] GB | 599ms
2026-02-19 10:10:39 [INFO]    [PING OK] RU | 43ms
2026-02-19 10:10:39 [INFO]    [PING OK] US | 2918ms
2026-02-19 10:10:41 [INFO]    [PING OK] MX | 383ms
2026-02-19 10:10:41 [INFO]    [PING OK] CZ | 4951ms
2026-02-19 10:10:41 [INFO]    [PING OK] HK | 1142ms
2026-02-19 10:10:41 [INFO]    [PING OK] HK | 1218ms
2026-02-19 10:10:41 [INFO]    [PING OK] AE | 162ms
2026-02-19 10:10:41 [INFO]    [PING OK] US | 401ms
2026-02-19 10:10:41 [INFO]    [PING OK] UZ | 270ms
2026-02-19 10:10:42 [INFO]    [PING OK] US | 413ms
2026-02-19 10:10:42 [INFO]    [PING OK] US | 642ms
2026-02-19 10:10:42 [INFO]    [PING OK] IT | 585ms
2026-02-19 10:10:42 [INFO]    [PING OK] GB | 529ms
2026-02-19 10:10:42 [INFO]    [PING OK] AU | 595ms
2026-02-19 10:10:43 [INFO]    [PING OK] CH | 951ms
2026-02-19 10:10:43 [INFO]    [PING OK] US | 541ms
2026-02-19 10:10:43 [INFO]    [PING OK] MD | 150ms
2026-02-19 10:10:43 [INFO]    [PING OK] US | 498ms
2026-02-19 10:10:43 [INFO]    [PING OK] SE | 122ms
2026-02-19 10:10:44 [INFO]    [PING OK] SG | 438ms
2026-02-19 10:10:44 [INFO]    [PING OK] US | 378ms
2026-02-19 10:10:44 [INFO]    [PING OK] DE | 122ms
2026-02-19 10:10:45 [INFO]    [PING OK] LV | 336ms
2026-02-19 10:10:45 [INFO]    [PING OK] FI | 152ms
2026-02-19 10:10:45 [INFO]    [PING OK] GB | 445ms
2026-02-19 10:10:46 [INFO]    [PING OK] GB | 138ms
2026-02-19 10:10:46 [INFO]    [PING OK] NL | 215ms
2026-02-19 10:10:46 [INFO]    [PING OK] US | 385ms
2026-02-19 10:10:46 [INFO]    [PING OK] US | 476ms
2026-02-19 10:10:47 [INFO]    [PING OK] US | 382ms
2026-02-19 10:10:47 [INFO]    [PING OK] NL | 212ms
2026-02-19 10:10:47 [INFO]    [PING OK] FR | 141ms
2026-02-19 10:10:47 [INFO]    [PING OK] LT | 246ms
2026-02-19 10:10:48 [INFO]    [PING OK] ES | 3322ms
2026-02-19 10:10:48 [INFO]    [PING OK] FR | 275ms
2026-02-19 10:10:48 [INFO]    [PING OK] US | 631ms
2026-02-19 10:10:49 [INFO]    [PING OK] SG | 552ms
2026-02-19 10:10:49 [INFO]    [PING OK] SG | 634ms
2026-02-19 10:10:57 [INFO]    [PING OK] DE | 130ms
2026-02-19 10:10:58 [INFO]    [PING OK] DE | 137ms
2026-02-19 10:11:00 [INFO]    [PING OK] US | 1157ms
2026-02-19 10:11:01 [INFO]    [PING OK] DE | 360ms
2026-02-19 10:11:02 [INFO]    [PING OK] US | 244ms
2026-02-19 10:11:06 [INFO]    [PING OK] GB | 172ms
2026-02-19 10:11:06 [INFO]    [PING OK] DE | 129ms
2026-02-19 10:11:06 [INFO]    [PING OK] DE | 107ms
2026-02-19 10:11:07 [INFO]    [PING OK] FR | 137ms
2026-02-19 10:11:07 [INFO]    [PING OK] GB | 884ms
2026-02-19 10:11:08 [INFO]    [PING OK] SG | 456ms
2026-02-19 10:11:08 [INFO]    [PING OK] GB | 2599ms
2026-02-19 10:11:13 [INFO]    [PING OK] DE | 149ms
2026-02-19 10:11:14 [INFO]    [PING OK] JP | 3047ms
2026-02-19 10:11:15 [INFO]    [PING OK] SG | 4354ms
2026-02-19 10:11:17 [INFO]    [PING OK] DE | 118ms
2026-02-19 10:11:20 [INFO]    [PING OK] FR | 131ms
2026-02-19 10:11:25 [INFO]    [PING OK] JP | 2962ms
2026-02-19 10:11:25 [INFO]    [PING OK] GB | 179ms
2026-02-19 10:11:26 [INFO]    [PING OK] RU | 266ms
2026-02-19 10:11:26 [INFO]    [PING OK] BR | 582ms
2026-02-19 10:11:26 [INFO]    [PING OK] GB | 214ms
2026-02-19 10:11:27 [INFO]    [PING OK] GB | 2265ms
2026-02-19 10:11:27 [INFO]    [PING OK] GB | 426ms
2026-02-19 10:11:27 [INFO]    [PING OK] GB | 195ms
2026-02-19 10:11:28 [INFO]    [PING OK] GB | 162ms
2026-02-19 10:11:28 [INFO]    [PING OK] RU | 348ms
2026-02-19 10:11:28 [INFO]    [PING OK] GB | 151ms
2026-02-19 10:11:28 [INFO]    [PING OK] GB | 805ms
2026-02-19 10:11:30 [INFO]    [PING OK] US | 745ms
2026-02-19 10:11:30 [INFO]    [PING OK] SC | 1287ms
2026-02-19 10:11:31 [INFO]    [PING OK] DE | 4355ms
2026-02-19 10:11:31 [INFO]    [PING OK] GB | 1150ms
2026-02-19 10:11:32 [INFO]    [PING OK] GB | 113ms
2026-02-19 10:11:32 [INFO]    [PING OK] TW | 2492ms
2026-02-19 10:11:32 [INFO]    [PING OK] GB | 124ms
2026-02-19 10:11:32 [INFO]    [PING OK] DE | 3529ms
2026-02-19 10:11:32 [INFO]    [PING OK] GB | 207ms
2026-02-19 10:11:32 [INFO]    [PING OK] RU | 3891ms
2026-02-19 10:11:34 [INFO]    [PING OK] TW | 2391ms
2026-02-19 10:11:34 [INFO]    [PING OK] RU | 146ms
2026-02-19 10:11:35 [INFO]    [PING OK] GB | 198ms
2026-02-19 10:11:36 [INFO]    [PING OK] GB | 1016ms
2026-02-19 10:11:37 [INFO]    [PING OK] RU | 976ms
2026-02-19 10:11:38 [INFO]    [PING OK] NO | 420ms
2026-02-19 10:11:38 [INFO]    [PING OK] GB | 1994ms
2026-02-19 10:11:39 [INFO]    [PING OK] SG | 1664ms
2026-02-19 10:11:39 [INFO]    [PING OK] FI | 284ms
2026-02-19 10:11:40 [INFO]    [PING OK] NL | 322ms
2026-02-19 10:11:41 [INFO]    [PING OK] ES | 1181ms
2026-02-19 10:11:42 [INFO]    [PING OK] RU | 1552ms
2026-02-19 10:11:45 [INFO]    [PING OK] DE | 2099ms
2026-02-19 10:11:49 [INFO]    [PING OK] RU | 3813ms
2026-02-19 10:11:53 [INFO] 🏎️ ЭТАП 2: Глубокий замер скорости для ТОП-10 серверов...
2026-02-19 10:11:56 [INFO]    🏆 DE | Пинг: 107ms | Скорость: 7.69 Mbps ⚡⚡
2026-02-19 10:11:56 [INFO]    🏆 GB | Пинг: 113ms | Скорость: 7.59 Mbps ⚡⚡
2026-02-19 10:11:56 [INFO]    🏆 PL | Пинг: 118ms | Скорость: 7.62 Mbps ⚡⚡
2026-02-19 10:11:56 [INFO]    🏆 DE | Пинг: 118ms | Скорость: 7.83 Mbps ⚡⚡
2026-02-19 10:11:56 [INFO]    🏆 SE | Пинг: 122ms | Скорость: 7.96 Mbps ⚡⚡
2026-02-19 10:11:56 [INFO]    🏆 DE | Пинг: 122ms | Скорость: 7.68 Mbps ⚡⚡
2026-02-19 10:11:56 [INFO]    🏆 GB | Пинг: 124ms | Скорость: 7.68 Mbps ⚡⚡
2026-02-19 10:11:56 [INFO]    🏆 TR | Пинг: 126ms | Скорость: 8.03 Mbps ⚡⚡
2026-02-19 10:11:56 [INFO]    🏆 GB | Пинг: 129ms | Скорость: 7.83 Mbps ⚡⚡
2026-02-19 10:11:56 [INFO]    🏆 RU | Пинг: 43ms | Скорость: 7.04 Mbps ⚡⚡
2026-02-19 10:11:56 [INFO] 🇷🇺 Добавлен RU сервер: 212.192.14.234
2026-02-19 10:11:56 [INFO] 📊 Итого в подписке сохранено: 10 серверов
2026-02-19 10:11:56 [INFO] 💾 Файл успешно сохранен: FL1PVPN
