2026-02-27 05:10:06 [INFO] 🚀 START: Smart Selector (Target: 10, ONLY FOREIGN)
2026-02-27 05:10:06 [INFO] 🌐 Загрузка источников (VLESS + VMess)...
2026-02-27 05:10:07 [INFO] 🔍 Уникальных конфигов собрано: 240
2026-02-27 05:10:07 [INFO] ⚡ ЭТАП 1: Замер Пинга и Геолокации. Workers: 40...
2026-02-27 05:10:14 [INFO]    [PING OK] FI | VLESS | 5494ms
2026-02-27 05:10:14 [INFO]    [PING OK] FI | VLESS | 5480ms
2026-02-27 05:10:14 [INFO]    [PING OK] DE | VLESS | 5725ms
2026-02-27 05:10:14 [INFO]    [PING OK] CH | VLESS | 5080ms
2026-02-27 05:10:14 [INFO]    [PING OK] FI | VLESS | 6036ms
2026-02-27 05:10:14 [INFO]    [PING OK] DE | VLESS | 5816ms
2026-02-27 05:10:14 [INFO]    [PING OK] FI | VLESS | 6090ms
2026-02-27 05:10:15 [INFO]    [PING OK] LV | VLESS | 5636ms
2026-02-27 05:10:15 [INFO]    [PING OK] DE | VLESS | 4545ms
2026-02-27 05:10:15 [INFO]    [PING OK] IT | VLESS | 4844ms
2026-02-27 05:10:15 [INFO]    [PING OK] DE | VLESS | 5020ms
2026-02-27 05:10:15 [INFO]    [PING OK] NL | VLESS | 4796ms
2026-02-27 05:10:15 [INFO]    [PING OK] ES | VLESS | 4813ms
2026-02-27 05:10:15 [INFO]    [PING OK] FI | VLESS | 4829ms
2026-02-27 05:10:15 [INFO]    [PING OK] IT | VLESS | 4561ms
2026-02-27 05:10:15 [INFO]    [PING OK] FI | VLESS | 4943ms
2026-02-27 05:10:15 [INFO]    [PING OK] DE | VLESS | 5474ms
2026-02-27 05:10:15 [INFO]    [PING OK] FI | VLESS | 5189ms
2026-02-27 05:10:15 [INFO]    [PING OK] ES | VLESS | 4845ms
2026-02-27 05:10:16 [INFO]    [PING OK] DE | VLESS | 4412ms
2026-02-27 05:10:16 [INFO]    [PING OK] DE | VLESS | 4956ms
2026-02-27 05:10:16 [INFO]    [PING OK] PL | VLESS | 4789ms
2026-02-27 05:10:16 [INFO]    [PING OK] DE | VLESS | 4400ms
2026-02-27 05:10:17 [INFO]    [PING OK] US | VLESS | 6343ms
2026-02-27 05:10:17 [INFO]    [PING OK] DE | VLESS | 4750ms
2026-02-27 05:10:17 [INFO]    [PING OK] IT | VLESS | 5078ms
2026-02-27 05:10:20 [INFO]    [PING OK] DE | VLESS | 4889ms
2026-02-27 05:10:20 [INFO]    [PING OK] ES | VLESS | 4847ms
2026-02-27 05:10:20 [INFO]    [PING OK] FR | VLESS | 5003ms
2026-02-27 05:10:20 [INFO]    [PING OK] FI | VLESS | 4699ms
2026-02-27 05:10:20 [INFO]    [PING OK] HK | VLESS | 5051ms
2026-02-27 05:10:20 [INFO]    [PING OK] ES | VLESS | 5067ms
2026-02-27 05:10:20 [INFO]    [PING OK] DE | VLESS | 5431ms
2026-02-27 05:10:20 [INFO]    [PING OK] DE | VLESS | 5166ms
2026-02-27 05:10:21 [INFO]    [PING OK] FI | VLESS | 4746ms
2026-02-27 05:10:21 [INFO]    [PING OK] US | VLESS | 4913ms
2026-02-27 05:10:21 [INFO]    [PING OK] DE | VLESS | 5055ms
2026-02-27 05:10:21 [INFO]    [PING OK] CA | VLESS | 5661ms
2026-02-27 05:10:21 [INFO]    [PING OK] TR | VLESS | 4534ms
2026-02-27 05:10:21 [INFO]    [PING OK] ES | VLESS | 4411ms
2026-02-27 05:10:21 [INFO]    [PING OK] DE | VLESS | 4396ms
2026-02-27 05:10:21 [INFO]    [PING OK] LV | VLESS | 4238ms
2026-02-27 05:10:22 [INFO]    [PING OK] PL | VLESS | 4152ms
2026-02-27 05:10:22 [INFO]    [PING OK] NL | VLESS | 4483ms
2026-02-27 05:10:22 [INFO]    [PING OK] DE | VLESS | 5914ms
2026-02-27 05:10:22 [INFO]    [PING OK] CA | VLESS | 4427ms
2026-02-27 05:10:22 [INFO]    [PING OK] FI | VLESS | 4075ms
2026-02-27 05:10:22 [INFO]    [PING OK] PL | VLESS | 3812ms
2026-02-27 05:10:23 [INFO]    [PING OK] TR | VLESS | 3964ms
2026-02-27 05:10:23 [INFO]    [PING OK] US | VLESS | 4199ms
2026-02-27 05:10:23 [INFO]    [PING OK] NL | VLESS | 4325ms
2026-02-27 05:10:23 [INFO]    [PING OK] NL | VLESS | 4343ms
2026-02-27 05:10:24 [INFO]    [PING OK] TR | VLESS | 6800ms
2026-02-27 05:10:24 [INFO]    [PING OK] DE | VLESS | 3982ms
2026-02-27 05:10:25 [INFO]    [PING OK] FI | VLESS | 3544ms
2026-02-27 05:10:25 [INFO]    [PING OK] NL | VLESS | 3702ms
2026-02-27 05:10:25 [INFO]    [PING OK] LV | VLESS | 3514ms
2026-02-27 05:10:25 [INFO]    [PING OK] DE | VLESS | 3623ms
2026-02-27 05:10:25 [INFO]    [PING OK] PL | VLESS | 3630ms
2026-02-27 05:10:25 [INFO]    [PING OK] DE | VLESS | 3890ms
2026-02-27 05:10:25 [INFO]    [PING OK] DE | VLESS | 3785ms
2026-02-27 05:10:25 [INFO]    [PING OK] DE | VLESS | 3859ms
2026-02-27 05:10:25 [INFO]    [PING OK] PL | VLESS | 3506ms
2026-02-27 05:10:26 [INFO]    [PING OK] DE | VLESS | 3584ms
2026-02-27 05:10:26 [INFO]    [PING OK] HU | VLESS | 3985ms
2026-02-27 05:10:26 [INFO]    [PING OK] NL | VLESS | 3668ms
2026-02-27 05:10:26 [INFO]    [PING OK] DE | VLESS | 4331ms
2026-02-27 05:10:26 [INFO]    [PING OK] LT | VLESS | 3801ms
2026-02-27 05:10:26 [INFO]    [PING OK] DE | VLESS | 5056ms
2026-02-27 05:10:26 [INFO]    [PING OK] DE | VLESS | 3889ms
2026-02-27 05:10:26 [INFO]    [PING OK] FI | VLESS | 3953ms
2026-02-27 05:10:26 [INFO]    [PING OK] NL | VLESS | 3432ms
2026-02-27 05:10:26 [INFO]    [PING OK] LT | VLESS | 3912ms
2026-02-27 05:10:27 [INFO]    [PING OK] PL | VLESS | 3729ms
2026-02-27 05:10:27 [INFO]    [PING OK] PL | VLESS | 3890ms
2026-02-27 05:10:27 [INFO]    [PING OK] PL | VLESS | 3694ms
2026-02-27 05:10:27 [INFO]    [PING OK] PL | VLESS | 3894ms
2026-02-27 05:10:28 [INFO]    [PING OK] HU | VLESS | 5340ms
2026-02-27 05:10:28 [INFO]    [PING OK] PL | VLESS | 3900ms
2026-02-27 05:10:28 [INFO]    [PING OK] DE | VLESS | 3972ms
2026-02-27 05:10:28 [INFO]    [PING OK] DE | VLESS | 4090ms
2026-02-27 05:10:28 [INFO]    [PING OK] HU | VLESS | 4131ms
2026-02-27 05:10:29 [INFO]    [PING OK] ES | VLESS | 4224ms
2026-02-27 05:10:29 [INFO]    [PING OK] DE | VLESS | 4063ms
2026-02-27 05:10:30 [INFO]    [PING OK] NL | VLESS | 5477ms
2026-02-27 05:10:30 [INFO]    [PING OK] NL | VLESS | 4178ms
2026-02-27 05:10:30 [INFO]    [PING OK] DE | VLESS | 4106ms
2026-02-27 05:10:30 [INFO]    [PING OK] PL | VLESS | 4331ms
2026-02-27 05:10:30 [INFO]    [PING OK] NL | VLESS | 3909ms
2026-02-27 05:10:30 [INFO]    [PING OK] DE | VLESS | 3966ms
2026-02-27 05:10:31 [INFO]    [PING OK] PL | VLESS | 4347ms
2026-02-27 05:10:31 [INFO]    [PING OK] NL | VLESS | 3861ms
2026-02-27 05:10:31 [INFO]    [PING OK] DE | VLESS | 4109ms
2026-02-27 05:10:31 [INFO]    [PING OK] CA | VLESS | 4460ms
2026-02-27 05:10:31 [INFO]    [PING OK] NL | VLESS | 3908ms
2026-02-27 05:10:31 [INFO]    [PING OK] NL | VLESS | 4290ms
2026-02-27 05:10:31 [INFO]    [PING OK] DE | VLESS | 4530ms
2026-02-27 05:10:31 [INFO]    [PING OK] LV | VLESS | 4021ms
2026-02-27 05:10:32 [INFO]    [PING OK] DE | VLESS | 4523ms
2026-02-27 05:10:32 [INFO]    [PING OK] PL | VLESS | 3904ms
2026-02-27 05:10:32 [INFO]    [PING OK] PL | VLESS | 3844ms
2026-02-27 05:10:32 [INFO]    [PING OK] NL | VLESS | 3694ms
2026-02-27 05:10:32 [INFO]    [PING OK] DE | VLESS | 3709ms
2026-02-27 05:10:32 [INFO]    [PING OK] DE | VLESS | 3648ms
2026-02-27 05:10:32 [INFO]    [PING OK] NL | VLESS | 3573ms
2026-02-27 05:10:32 [INFO]    [PING OK] HU | VLESS | 4243ms
2026-02-27 05:10:32 [INFO]    [PING OK] PL | VLESS | 3338ms
2026-02-27 05:10:32 [INFO]    [PING OK] PL | VLESS | 3492ms
2026-02-27 05:10:33 [INFO]    [PING OK] DE | VLESS | 2501ms
2026-02-27 05:10:33 [INFO]    [PING OK] DE | VLESS | 2308ms
2026-02-27 05:10:33 [INFO]    [PING OK] SG | VLESS | 3028ms
2026-02-27 05:10:33 [INFO]    [PING OK] DE | VLESS | 1811ms
2026-02-27 05:10:33 [INFO]    [PING OK] DE | VLESS | 1417ms
2026-02-27 05:10:33 [INFO]    [PING OK] DE | VLESS | 1457ms
2026-02-27 05:10:33 [INFO]    [PING OK] SG | VLESS | 2533ms
2026-02-27 05:10:33 [INFO]    [PING OK] US | VLESS | 1673ms
2026-02-27 05:10:34 [INFO]    [PING OK] SG | VLESS | 2950ms
2026-02-27 05:10:35 [INFO]    [PING OK] DE | VLESS | 4881ms
2026-02-27 05:10:38 [INFO] 🏎️ ЭТАП 2: Глубокий замер скорости для 40 иностранных кандидатов...
2026-02-27 05:10:42 [INFO]    🏆 DE | VLESS | Пинг: 1811ms | Скорость: 6.5 Mbps ⚡⚡
2026-02-27 05:10:42 [INFO]    🏆 NL | VLESS | Пинг: 3432ms | Скорость: 6.68 Mbps ⚡⚡
2026-02-27 05:10:42 [INFO]    🏆 DE | VLESS | Пинг: 2308ms | Скорость: 6.44 Mbps ⚡⚡
2026-02-27 05:10:42 [INFO]    🏆 PL | VLESS | Пинг: 3338ms | Скорость: 6.57 Mbps ⚡⚡
2026-02-27 05:10:42 [INFO]    🏆 PL | VLESS | Пинг: 3492ms | Скорость: 6.66 Mbps ⚡⚡
2026-02-27 05:10:42 [INFO]    🏆 US | VLESS | Пинг: 1673ms | Скорость: 6.26 Mbps ⚡⚡
2026-02-27 05:10:42 [INFO]    🏆 LV | VLESS | Пинг: 3514ms | Скорость: 6.77 Mbps ⚡⚡
2026-02-27 05:10:42 [INFO]    🏆 PL | VLESS | Пинг: 3506ms | Скорость: 6.47 Mbps ⚡⚡
2026-02-27 05:10:42 [INFO]    🏆 FI | VLESS | Пинг: 3544ms | Скорость: 6.37 Mbps ⚡⚡
2026-02-27 05:10:43 [INFO]    🏆 SG | VLESS | Пинг: 2533ms | Скорость: 5.77 Mbps ⚡⚡
2026-02-27 05:10:43 [INFO]    🏆 SG | VLESS | Пинг: 3028ms | Скорость: 5.83 Mbps ⚡⚡
2026-02-27 05:10:44 [INFO]    🏆 DE | VLESS | Пинг: 2501ms | Скорость: 4.0 Mbps ⚡⚡
2026-02-27 05:10:45 [INFO]    🏆 DE | VLESS | Пинг: 1457ms | Скорость: 3.11 Mbps ⚡⚡
2026-02-27 05:10:45 [INFO]    🏆 SG | VLESS | Пинг: 2950ms | Скорость: 1.97 Mbps ⚡
2026-02-27 05:10:46 [INFO]    🏆 DE | VLESS | Пинг: 3584ms | Скорость: 6.6 Mbps ⚡⚡
2026-02-27 05:10:46 [INFO]    🏆 PL | VLESS | Пинг: 3630ms | Скорость: 6.33 Mbps ⚡⚡
2026-02-27 05:10:46 [INFO]    🏆 NL | VLESS | Пинг: 3694ms | Скорость: 6.4 Mbps ⚡⚡
2026-02-27 05:10:46 [INFO]    🏆 PL | VLESS | Пинг: 3694ms | Скорость: 6.29 Mbps ⚡⚡
2026-02-27 05:10:46 [INFO]    🏆 DE | VLESS | Пинг: 3648ms | Скорость: 6.26 Mbps ⚡⚡
2026-02-27 05:10:46 [INFO]    🏆 NL | VLESS | Пинг: 3668ms | Скорость: 6.29 Mbps ⚡⚡
2026-02-27 05:10:46 [INFO]    🏆 DE | VLESS | Пинг: 3623ms | Скорость: 6.23 Mbps ⚡⚡
2026-02-27 05:10:46 [INFO]    🏆 NL | VLESS | Пинг: 3573ms | Скорость: 6.06 Mbps ⚡⚡
2026-02-27 05:10:46 [INFO]    🏆 DE | VLESS | Пинг: 3709ms | Скорость: 6.67 Mbps ⚡⚡
2026-02-27 05:10:46 [INFO]    🏆 NL | VLESS | Пинг: 3702ms | Скорость: 6.41 Mbps ⚡⚡
2026-02-27 05:10:46 [INFO]    🏆 DE | VLESS | Пинг: 3785ms | Скорость: 6.42 Mbps ⚡⚡
2026-02-27 05:10:48 [INFO]    🏆 LT | VLESS | Пинг: 3801ms | Скорость: 6.6 Mbps ⚡⚡
2026-02-27 05:10:48 [INFO]    🏆 PL | VLESS | Пинг: 3812ms | Скорость: 9.32 Mbps ⚡⚡
2026-02-27 05:10:48 [INFO]    🏆 PL | VLESS | Пинг: 3844ms | Скорость: 9.27 Mbps ⚡⚡
2026-02-27 05:10:49 [INFO]    🏆 DE | VLESS | Пинг: 3859ms | Скорость: 7.94 Mbps ⚡⚡
2026-02-27 05:10:49 [INFO]    🏆 PL | VLESS | Пинг: 3890ms | Скорость: 8.57 Mbps ⚡⚡
2026-02-27 05:10:49 [INFO]    🏆 PL | VLESS | Пинг: 3900ms | Скорость: 8.5 Mbps ⚡⚡
2026-02-27 05:10:49 [INFO]    🏆 PL | VLESS | Пинг: 3894ms | Скорость: 8.48 Mbps ⚡⚡
2026-02-27 05:10:49 [INFO]    🏆 NL | VLESS | Пинг: 3861ms | Скорость: 8.18 Mbps ⚡⚡
2026-02-27 05:10:49 [INFO]    🏆 PL | VLESS | Пинг: 3904ms | Скорость: 8.49 Mbps ⚡⚡
2026-02-27 05:10:49 [INFO]    🏆 NL | VLESS | Пинг: 3909ms | Скорость: 8.57 Mbps ⚡⚡
2026-02-27 05:10:50 [INFO] 📊 Итого в подписке сохранено иностранных серверов: 10
2026-02-27 05:10:50 [INFO] 💾 Файл успешно сохранен: FL1PVPN
