2026-02-17 17:20:06 [INFO] 🚀 START: Smart VLESS Selector (Target: 10, Strict Mode)
2026-02-17 17:20:06 [INFO] 🌐 Загрузка источников...
2026-02-17 17:20:08 [INFO] 🔍 Уникальных конфигов собрано: 497
2026-02-17 17:20:08 [INFO] ⚡ ЭТАП 1: Быстрый замер Пинга (Workers: 25)...
2026-02-17 17:20:13 [INFO]    [PING OK] US | 1926ms
2026-02-17 17:20:13 [INFO]    [PING OK] DE | 208ms
2026-02-17 17:20:15 [INFO]    [PING OK] DE | 1274ms
2026-02-17 17:20:18 [INFO]    [PING OK] RU | 249ms
2026-02-17 17:20:18 [INFO]    [PING OK] RU | 436ms
2026-02-17 17:20:18 [INFO]    [PING OK] RU | 99ms
2026-02-17 17:20:18 [INFO]    [PING OK] RU | 552ms
2026-02-17 17:20:18 [INFO]    [PING OK] RU | 293ms
2026-02-17 17:20:18 [INFO]    [PING OK] IN | 2752ms
2026-02-17 17:20:19 [INFO]    [PING OK] RU | 215ms
2026-02-17 17:20:19 [INFO]    [PING OK] RU | 353ms
2026-02-17 17:20:19 [INFO]    [PING OK] RU | 637ms
2026-02-17 17:20:19 [INFO]    [PING OK] RU | 175ms
2026-02-17 17:20:19 [INFO]    [PING OK] RU | 322ms
2026-02-17 17:20:19 [INFO]    [PING OK] RU | 591ms
2026-02-17 17:20:19 [INFO]    [PING OK] RU | 875ms
2026-02-17 17:20:19 [INFO]    [PING OK] RU | 200ms
2026-02-17 17:20:20 [INFO]    [PING OK] RU | 378ms
2026-02-17 17:20:20 [INFO]    [PING OK] RU | 265ms
2026-02-17 17:20:20 [INFO]    [PING OK] RU | 368ms
2026-02-17 17:20:20 [INFO]    [PING OK] RU | 326ms
2026-02-17 17:20:20 [INFO]    [PING OK] RU | 229ms
2026-02-17 17:20:20 [INFO]    [PING OK] RU | 420ms
2026-02-17 17:20:20 [INFO]    [PING OK] RU | 210ms
2026-02-17 17:20:21 [INFO]    [PING OK] RU | 620ms
2026-02-17 17:20:21 [INFO]    [PING OK] RU | 907ms
2026-02-17 17:20:21 [INFO]    [PING OK] RU | 328ms
2026-02-17 17:20:21 [INFO]    [PING OK] RU | 299ms
2026-02-17 17:20:21 [INFO]    [PING OK] RU | 353ms
2026-02-17 17:20:21 [INFO]    [PING OK] RU | 1921ms
2026-02-17 17:20:21 [INFO]    [PING OK] RU | 585ms
2026-02-17 17:20:22 [INFO]    [PING OK] RU | 355ms
2026-02-17 17:20:22 [INFO]    [PING OK] RU | 3556ms
2026-02-17 17:20:22 [INFO]    [PING OK] RU | 3084ms
2026-02-17 17:20:22 [INFO]    [PING OK] RU | 3645ms
2026-02-17 17:20:23 [INFO]    [PING OK] RU | 567ms
2026-02-17 17:20:23 [INFO]    [PING OK] RU | 348ms
2026-02-17 17:20:23 [INFO]    [PING OK] RU | 527ms
2026-02-17 17:20:23 [INFO]    [PING OK] RU | 299ms
2026-02-17 17:20:23 [INFO]    [PING OK] RU | 421ms
2026-02-17 17:20:23 [INFO]    [PING OK] RU | 364ms
2026-02-17 17:20:23 [INFO]    [PING OK] RU | 281ms
2026-02-17 17:20:23 [INFO]    [PING OK] RU | 1735ms
2026-02-17 17:20:23 [INFO]    [PING OK] RU | 385ms
2026-02-17 17:20:23 [INFO]    [PING OK] RU | 410ms
2026-02-17 17:20:24 [INFO]    [PING OK] RU | 430ms
2026-02-17 17:20:24 [INFO]    [PING OK] RU | 958ms
2026-02-17 17:20:24 [INFO]    [PING OK] RU | 426ms
2026-02-17 17:20:24 [INFO]    [PING OK] RU | 3148ms
2026-02-17 17:20:24 [INFO]    [PING OK] RU | 464ms
2026-02-17 17:20:25 [INFO]    [PING OK] RU | 1955ms
2026-02-17 17:20:26 [INFO]    [PING OK] RU | 188ms
2026-02-17 17:20:26 [INFO]    [PING OK] RU | 3822ms
2026-02-17 17:20:26 [INFO]    [PING OK] PL | 492ms
2026-02-17 17:20:26 [INFO]    [PING OK] RU | 1576ms
2026-02-17 17:20:27 [INFO]    [PING OK] RU | 4660ms
2026-02-17 17:20:28 [INFO]    [PING OK] RU | 4414ms
2026-02-17 17:20:35 [INFO]    [PING OK] NL | 169ms
2026-02-17 17:20:37 [INFO]    [PING OK] PL | 305ms
2026-02-17 17:20:44 [INFO]    [PING OK] LT | 2480ms
2026-02-17 17:20:46 [INFO]    [PING OK] NL | 176ms
2026-02-17 17:20:48 [INFO]    [PING OK] AE | 197ms
2026-02-17 17:20:51 [INFO]    [PING OK] DE | 246ms
2026-02-17 17:20:56 [INFO]    [PING OK] LT | 619ms
2026-02-17 17:20:58 [INFO]    [PING OK] RU | 146ms
2026-02-17 17:21:00 [INFO]    [PING OK] AT | 222ms
2026-02-17 17:21:03 [INFO]    [PING OK] LT | 677ms
2026-02-17 17:21:03 [INFO]    [PING OK] FI | 238ms
2026-02-17 17:21:05 [INFO]    [PING OK] US | 445ms
2026-02-17 17:21:07 [INFO]    [PING OK] PL | 104ms
2026-02-17 17:21:11 [INFO]    [PING OK] ES | 1015ms
2026-02-17 17:21:14 [INFO]    [PING OK] US | 957ms
2026-02-17 17:21:15 [INFO]    [PING OK] US | 945ms
2026-02-17 17:21:18 [INFO]    [PING OK] RU | 151ms
2026-02-17 17:21:20 [INFO]    [PING OK] DE | 154ms
2026-02-17 17:21:24 [INFO]    [PING OK] PL | 100ms
2026-02-17 17:21:28 [INFO]    [PING OK] CY | 220ms
2026-02-17 17:21:30 [INFO]    [PING OK] MD | 143ms
2026-02-17 17:21:31 [INFO]    [PING OK] LV | 454ms
2026-02-17 17:21:34 [INFO] 🏎️ ЭТАП 2: Глубокий замер скорости для ТОП-10 серверов...
2026-02-17 17:21:39 [INFO]    🏆 PL | Пинг: 100ms | Скорость: 9.14 Mbps ⚡⚡
2026-02-17 17:21:39 [INFO]    🏆 PL | Пинг: 104ms | Скорость: 0.0 Mbps 
2026-02-17 17:21:39 [INFO]    🏆 MD | Пинг: 143ms | Скорость: 9.25 Mbps ⚡⚡
2026-02-17 17:21:39 [INFO]    🏆 DE | Пинг: 154ms | Скорость: 9.16 Mbps ⚡⚡
2026-02-17 17:21:39 [INFO]    🏆 NL | Пинг: 169ms | Скорость: 9.29 Mbps ⚡⚡
2026-02-17 17:21:39 [INFO]    🏆 NL | Пинг: 176ms | Скорость: 9.33 Mbps ⚡⚡
2026-02-17 17:21:39 [INFO]    🏆 AE | Пинг: 197ms | Скорость: 9.62 Mbps ⚡⚡
2026-02-17 17:21:39 [INFO]    🏆 DE | Пинг: 208ms | Скорость: 9.62 Mbps ⚡⚡
2026-02-17 17:21:39 [INFO]    🏆 CY | Пинг: 220ms | Скорость: 9.66 Mbps ⚡⚡
2026-02-17 17:21:39 [INFO]    🏆 RU | Пинг: 99ms | Скорость: 6.2 Mbps ⚡⚡
2026-02-17 17:21:39 [INFO] 🇷🇺 Добавлен RU сервер: 109.120.191.46
2026-02-17 17:21:39 [INFO] 📊 Итого в подписке сохранено: 10 серверов
2026-02-17 17:21:39 [INFO] 💾 Файл успешно сохранен: FL1PVPN
