2026-02-19 01:30:06 [INFO] 🚀 START: Smart VLESS Selector (Target: 10, Strict Mode)
2026-02-19 01:30:06 [INFO] 🌐 Загрузка источников...
2026-02-19 01:30:09 [INFO] 🔍 Уникальных конфигов собрано: 721
2026-02-19 01:30:09 [INFO] ⚡ ЭТАП 1: Быстрый замер Пинга (Workers: 25)...
2026-02-19 01:30:10 [INFO]    [PING OK] RU | 339ms
2026-02-19 01:30:10 [INFO]    [PING OK] RU | 357ms
2026-02-19 01:30:11 [INFO]    [PING OK] RU | 42ms
2026-02-19 01:30:11 [INFO]    [PING OK] DE | 153ms
2026-02-19 01:30:11 [INFO]    [PING OK] TR | 114ms
2026-02-19 01:30:13 [INFO]    [PING OK] RU | 135ms
2026-02-19 01:30:13 [INFO]    [PING OK] DE | 848ms
2026-02-19 01:30:13 [INFO]    [PING OK] LV | 160ms
2026-02-19 01:30:14 [INFO]    [PING OK] DE | 330ms
2026-02-19 01:30:16 [INFO]    [PING OK] US | 4086ms
2026-02-19 01:30:16 [INFO]    [PING OK] TR | 111ms
2026-02-19 01:30:18 [INFO]    [PING OK] LT | 151ms
2026-02-19 01:30:20 [INFO]    [PING OK] DE | 779ms
2026-02-19 01:30:21 [INFO]    [PING OK] JP | 914ms
2026-02-19 01:30:21 [INFO]    [PING OK] IT | 567ms
2026-02-19 01:30:21 [INFO]    [PING OK] DE | 145ms
2026-02-19 01:30:21 [INFO]    [PING OK] SE | 163ms
2026-02-19 01:30:22 [INFO]    [PING OK] RU | 52ms
2026-02-19 01:30:22 [INFO]    [PING OK] RU | 90ms
2026-02-19 01:30:22 [INFO]    [PING OK] US | 788ms
2026-02-19 01:30:22 [INFO]    [PING OK] RU | 268ms
2026-02-19 01:30:22 [INFO]    [PING OK] RU | 65ms
2026-02-19 01:30:22 [INFO]    [PING OK] RU | 56ms
2026-02-19 01:30:22 [INFO]    [PING OK] RU | 193ms
2026-02-19 01:30:23 [INFO]    [PING OK] RU | 246ms
2026-02-19 01:30:23 [INFO]    [PING OK] DE | 414ms
2026-02-19 01:30:23 [INFO]    [PING OK] RU | 208ms
2026-02-19 01:30:23 [INFO]    [PING OK] RU | 181ms
2026-02-19 01:30:23 [INFO]    [PING OK] RU | 322ms
2026-02-19 01:30:23 [INFO]    [PING OK] RU | 288ms
2026-02-19 01:30:24 [INFO]    [PING OK] RU | 178ms
2026-02-19 01:30:24 [INFO]    [PING OK] RU | 180ms
2026-02-19 01:30:24 [INFO]    [PING OK] RU | 219ms
2026-02-19 01:30:24 [INFO]    [PING OK] RU | 199ms
2026-02-19 01:30:24 [INFO]    [PING OK] RU | 246ms
2026-02-19 01:30:25 [INFO]    [PING OK] RU | 292ms
2026-02-19 01:30:25 [INFO]    [PING OK] RU | 1339ms
2026-02-19 01:30:25 [INFO]    [PING OK] RU | 313ms
2026-02-19 01:30:25 [INFO]    [PING OK] RU | 182ms
2026-02-19 01:30:25 [INFO]    [PING OK] RU | 203ms
2026-02-19 01:30:25 [INFO]    [PING OK] RU | 206ms
2026-02-19 01:30:26 [INFO]    [PING OK] RU | 223ms
2026-02-19 01:30:26 [INFO]    [PING OK] RU | 190ms
2026-02-19 01:30:26 [INFO]    [PING OK] RU | 201ms
2026-02-19 01:30:26 [INFO]    [PING OK] RU | 198ms
2026-02-19 01:30:26 [INFO]    [PING OK] RU | 225ms
2026-02-19 01:30:27 [INFO]    [PING OK] RU | 1332ms
2026-02-19 01:30:27 [INFO]    [PING OK] RU | 68ms
2026-02-19 01:30:27 [INFO]    [PING OK] RU | 269ms
2026-02-19 01:30:27 [INFO]    [PING OK] RU | 385ms
2026-02-19 01:30:27 [INFO]    [PING OK] RU | 106ms
2026-02-19 01:30:27 [INFO]    [PING OK] RU | 327ms
2026-02-19 01:30:27 [INFO]    [PING OK] RU | 599ms
2026-02-19 01:30:28 [INFO]    [PING OK] RU | 157ms
2026-02-19 01:30:28 [INFO]    [PING OK] RU | 205ms
2026-02-19 01:30:28 [INFO]    [PING OK] RU | 226ms
2026-02-19 01:30:28 [INFO]    [PING OK] RU | 255ms
2026-02-19 01:30:28 [INFO]    [PING OK] RU | 3339ms
2026-02-19 01:30:28 [INFO]    [PING OK] RU | 461ms
2026-02-19 01:30:28 [INFO]    [PING OK] RU | 232ms
2026-02-19 01:30:28 [INFO]    [PING OK] RU | 55ms
2026-02-19 01:30:28 [INFO]    [PING OK] RU | 214ms
2026-02-19 01:30:28 [INFO]    [PING OK] RU | 216ms
2026-02-19 01:30:29 [INFO]    [PING OK] RU | 74ms
2026-02-19 01:30:29 [INFO]    [PING OK] RU | 400ms
2026-02-19 01:30:29 [INFO]    [PING OK] RU | 158ms
2026-02-19 01:30:29 [INFO]    [PING OK] RU | 163ms
2026-02-19 01:30:29 [INFO]    [PING OK] RU | 246ms
2026-02-19 01:30:29 [INFO]    [PING OK] RU | 294ms
2026-02-19 01:30:29 [INFO]    [PING OK] RU | 243ms
2026-02-19 01:30:29 [INFO]    [PING OK] RU | 280ms
2026-02-19 01:30:29 [INFO]    [PING OK] RU | 160ms
2026-02-19 01:30:30 [INFO]    [PING OK] DE | 232ms
2026-02-19 01:30:30 [INFO]    [PING OK] FR | 812ms
2026-02-19 01:30:30 [INFO]    [PING OK] RU | 3485ms
2026-02-19 01:30:30 [INFO]    [PING OK] NL | 209ms
2026-02-19 01:30:30 [INFO]    [PING OK] US | 669ms
2026-02-19 01:30:30 [INFO]    [PING OK] NL | 214ms
2026-02-19 01:30:30 [INFO]    [PING OK] IT | 541ms
2026-02-19 01:30:30 [INFO]    [PING OK] RU | 2342ms
2026-02-19 01:30:31 [INFO]    [PING OK] PL | 119ms
2026-02-19 01:30:31 [INFO]    [PING OK] DE | 156ms
2026-02-19 01:30:31 [INFO]    [PING OK] FI | 140ms
2026-02-19 01:30:31 [INFO]    [PING OK] LV | 370ms
2026-02-19 01:30:31 [INFO]    [PING OK] US | 420ms
2026-02-19 01:30:31 [INFO]    [PING OK] RU | 3110ms
2026-02-19 01:30:37 [INFO]    [PING OK] NL | 222ms
2026-02-19 01:30:38 [INFO]    [PING OK] JP | 1638ms
2026-02-19 01:30:38 [INFO]    [PING OK] MD | 361ms
2026-02-19 01:30:39 [INFO]    [PING OK] HU | 321ms
2026-02-19 01:30:40 [INFO]    [PING OK] PL | 109ms
2026-02-19 01:30:40 [INFO]    [PING OK] UZ | 284ms
2026-02-19 01:30:40 [INFO]    [PING OK] ES | 196ms
2026-02-19 01:30:41 [INFO]    [PING OK] AT | 246ms
2026-02-19 01:31:12 [INFO] 🏎️ ЭТАП 2: Глубокий замер скорости для ТОП-10 серверов...
2026-02-19 01:31:15 [INFO]    🏆 PL | Пинг: 109ms | Скорость: 7.65 Mbps ⚡⚡
2026-02-19 01:31:15 [INFO]    🏆 TR | Пинг: 111ms | Скорость: 7.64 Mbps ⚡⚡
2026-02-19 01:31:15 [INFO]    🏆 TR | Пинг: 114ms | Скорость: 7.65 Mbps ⚡⚡
2026-02-19 01:31:15 [INFO]    🏆 PL | Пинг: 119ms | Скорость: 7.64 Mbps ⚡⚡
2026-02-19 01:31:15 [INFO]    🏆 FI | Пинг: 140ms | Скорость: 7.63 Mbps ⚡⚡
2026-02-19 01:31:15 [INFO]    🏆 DE | Пинг: 145ms | Скорость: 7.68 Mbps ⚡⚡
2026-02-19 01:31:15 [INFO]    🏆 LT | Пинг: 151ms | Скорость: 7.93 Mbps ⚡⚡
2026-02-19 01:31:15 [INFO]    🏆 DE | Пинг: 153ms | Скорость: 7.93 Mbps ⚡⚡
2026-02-19 01:31:15 [INFO]    🏆 DE | Пинг: 156ms | Скорость: 7.89 Mbps ⚡⚡
2026-02-19 01:31:15 [INFO]    🏆 RU | Пинг: 42ms | Скорость: 8.01 Mbps ⚡⚡
2026-02-19 01:31:15 [INFO] 🇷🇺 Добавлен RU сервер: 82.202.169.120
2026-02-19 01:31:15 [INFO] 📊 Итого в подписке сохранено: 10 серверов
2026-02-19 01:31:15 [INFO] 💾 Файл успешно сохранен: FL1PVPN
