2026-02-19 02:20:05 [INFO] 🚀 START: Smart VLESS Selector (Target: 10, Strict Mode)
2026-02-19 02:20:05 [INFO] 🌐 Загрузка источников...
2026-02-19 02:20:08 [INFO] 🔍 Уникальных конфигов собрано: 701
2026-02-19 02:20:08 [INFO] ⚡ ЭТАП 1: Быстрый замер Пинга (Workers: 25)...
2026-02-19 02:20:10 [INFO]    [PING OK] RU | 418ms
2026-02-19 02:20:10 [INFO]    [PING OK] LT | 319ms
2026-02-19 02:20:10 [INFO]    [PING OK] FR | 341ms
2026-02-19 02:20:10 [INFO]    [PING OK] RU | 251ms
2026-02-19 02:20:10 [INFO]    [PING OK] US | 848ms
2026-02-19 02:20:10 [INFO]    [PING OK] LV | 170ms
2026-02-19 02:20:11 [INFO]    [PING OK] TR | 1311ms
2026-02-19 02:20:11 [INFO]    [PING OK] IT | 562ms
2026-02-19 02:20:11 [INFO]    [PING OK] DE | 185ms
2026-02-19 02:20:11 [INFO]    [PING OK] DE | 1098ms
2026-02-19 02:20:12 [INFO]    [PING OK] DE | 796ms
2026-02-19 02:20:13 [INFO]    [PING OK] TR | 114ms
2026-02-19 02:20:15 [INFO]    [PING OK] DE | 134ms
2026-02-19 02:20:16 [INFO]    [PING OK] RU | 123ms
2026-02-19 02:20:19 [INFO]    [PING OK] DE | 1572ms
2026-02-19 02:20:20 [INFO]    [PING OK] RU | 39ms
2026-02-19 02:20:20 [INFO]    [PING OK] RU | 237ms
2026-02-19 02:20:20 [INFO]    [PING OK] RU | 127ms
2026-02-19 02:20:21 [INFO]    [PING OK] US | 2509ms
2026-02-19 02:20:21 [INFO]    [PING OK] SE | 171ms
2026-02-19 02:20:22 [INFO]    [PING OK] RU | 196ms
2026-02-19 02:20:22 [INFO]    [PING OK] RU | 253ms
2026-02-19 02:20:22 [INFO]    [PING OK] RU | 225ms
2026-02-19 02:20:22 [INFO]    [PING OK] RU | 127ms
2026-02-19 02:20:22 [INFO]    [PING OK] RU | 249ms
2026-02-19 02:20:22 [INFO]    [PING OK] RU | 227ms
2026-02-19 02:20:22 [INFO]    [PING OK] RU | 182ms
2026-02-19 02:20:23 [INFO]    [PING OK] RU | 183ms
2026-02-19 02:20:23 [INFO]    [PING OK] RU | 216ms
2026-02-19 02:20:23 [INFO]    [PING OK] RU | 198ms
2026-02-19 02:20:23 [INFO]    [PING OK] RU | 117ms
2026-02-19 02:20:24 [INFO]    [PING OK] RU | 284ms
2026-02-19 02:20:24 [INFO]    [PING OK] RU | 232ms
2026-02-19 02:20:24 [INFO]    [PING OK] RU | 273ms
2026-02-19 02:20:24 [INFO]    [PING OK] RU | 221ms
2026-02-19 02:20:24 [INFO]    [PING OK] RU | 337ms
2026-02-19 02:20:25 [INFO]    [PING OK] RU | 1270ms
2026-02-19 02:20:25 [INFO]    [PING OK] RU | 450ms
2026-02-19 02:20:25 [INFO]    [PING OK] RU | 207ms
2026-02-19 02:20:25 [INFO]    [PING OK] RU | 305ms
2026-02-19 02:20:25 [INFO]    [PING OK] RU | 100ms
2026-02-19 02:20:25 [INFO]    [PING OK] RU | 326ms
2026-02-19 02:20:25 [INFO]    [PING OK] RU | 324ms
2026-02-19 02:20:25 [INFO]    [PING OK] RU | 382ms
2026-02-19 02:20:25 [INFO]    [PING OK] RU | 73ms
2026-02-19 02:20:26 [INFO]    [PING OK] RU | 191ms
2026-02-19 02:20:26 [INFO]    [PING OK] RU | 411ms
2026-02-19 02:20:26 [INFO]    [PING OK] RU | 3303ms
2026-02-19 02:20:26 [INFO]    [PING OK] RU | 196ms
2026-02-19 02:20:26 [INFO]    [PING OK] DE | 253ms
2026-02-19 02:20:26 [INFO]    [PING OK] RU | 116ms
2026-02-19 02:20:26 [INFO]    [PING OK] RU | 215ms
2026-02-19 02:20:26 [INFO]    [PING OK] RU | 314ms
2026-02-19 02:20:27 [INFO]    [PING OK] RU | 263ms
2026-02-19 02:20:27 [INFO]    [PING OK] RU | 241ms
2026-02-19 02:20:27 [INFO]    [PING OK] RU | 250ms
2026-02-19 02:20:27 [INFO]    [PING OK] RU | 263ms
2026-02-19 02:20:27 [INFO]    [PING OK] RU | 4425ms
2026-02-19 02:20:27 [INFO]    [PING OK] RU | 211ms
2026-02-19 02:20:27 [INFO]    [PING OK] RU | 136ms
2026-02-19 02:20:27 [INFO]    [PING OK] RU | 129ms
2026-02-19 02:20:27 [INFO]    [PING OK] RU | 201ms
2026-02-19 02:20:27 [INFO]    [PING OK] RU | 327ms
2026-02-19 02:20:27 [INFO]    [PING OK] RU | 243ms
2026-02-19 02:20:28 [INFO]    [PING OK] RU | 208ms
2026-02-19 02:20:28 [INFO]    [PING OK] RU | 256ms
2026-02-19 02:20:28 [INFO]    [PING OK] RU | 224ms
2026-02-19 02:20:28 [INFO]    [PING OK] RU | 272ms
2026-02-19 02:20:28 [INFO]    [PING OK] RU | 259ms
2026-02-19 02:20:28 [INFO]    [PING OK] RU | 287ms
2026-02-19 02:20:28 [INFO]    [PING OK] RU | 2438ms
2026-02-19 02:20:29 [INFO]    [PING OK] RU | 448ms
2026-02-19 02:20:29 [INFO]    [PING OK] RU | 137ms
2026-02-19 02:20:29 [INFO]    [PING OK] RU | 144ms
2026-02-19 02:20:29 [INFO]    [PING OK] RU | 191ms
2026-02-19 02:20:29 [INFO]    [PING OK] RU | 2559ms
2026-02-19 02:20:29 [INFO]    [PING OK] RU | 191ms
2026-02-19 02:20:29 [INFO]    [PING OK] RU | 352ms
2026-02-19 02:20:29 [INFO]    [PING OK] RU | 203ms
2026-02-19 02:20:29 [INFO]    [PING OK] RU | 114ms
2026-02-19 02:20:29 [INFO]    [PING OK] RU | 126ms
2026-02-19 02:20:30 [INFO]    [PING OK] PL | 126ms
2026-02-19 02:20:30 [INFO]    [PING OK] DE | 2862ms
2026-02-19 02:20:30 [INFO]    [PING OK] RU | 3137ms
2026-02-19 02:20:30 [INFO]    [PING OK] CY | 410ms
2026-02-19 02:20:31 [INFO]    [PING OK] RU | 3191ms
2026-02-19 02:20:31 [INFO]    [PING OK] JP | 820ms
2026-02-19 02:20:32 [INFO]    [PING OK] IT | 551ms
2026-02-19 02:20:32 [INFO]    [PING OK] MD | 203ms
2026-02-19 02:20:33 [INFO]    [PING OK] US | 650ms
2026-02-19 02:20:34 [INFO]    [PING OK] HU | 357ms
2026-02-19 02:20:35 [INFO]    [PING OK] IN | 715ms
2026-02-19 02:20:35 [INFO]    [PING OK] CY | 419ms
2026-02-19 02:20:36 [INFO]    [PING OK] AT | 226ms
2026-02-19 02:20:36 [INFO]    [PING OK] DE | 195ms
2026-02-19 02:20:37 [INFO]    [PING OK] DE | 202ms
2026-02-19 02:20:37 [INFO]    [PING OK] US | 388ms
2026-02-19 02:20:38 [INFO]    [PING OK] NL | 209ms
2026-02-19 02:20:41 [INFO]    [PING OK] LV | 431ms
2026-02-19 02:20:41 [INFO]    [PING OK] CZ | 1013ms
2026-02-19 02:20:41 [INFO]    [PING OK] UZ | 286ms
2026-02-19 02:20:42 [INFO]    [PING OK] PL | 108ms
2026-02-19 02:20:42 [INFO]    [PING OK] FR | 834ms
2026-02-19 02:20:43 [INFO]    [PING OK] FI | 134ms
2026-02-19 02:21:12 [INFO] 🏎️ ЭТАП 2: Глубокий замер скорости для ТОП-10 серверов...
2026-02-19 02:21:15 [INFO]    🏆 PL | Пинг: 108ms | Скорость: 0.0 Mbps 
2026-02-19 02:21:15 [INFO]    🏆 TR | Пинг: 114ms | Скорость: 8.38 Mbps ⚡⚡
2026-02-19 02:21:15 [INFO]    🏆 PL | Пинг: 126ms | Скорость: 8.42 Mbps ⚡⚡
2026-02-19 02:21:15 [INFO]    🏆 DE | Пинг: 134ms | Скорость: 8.27 Mbps ⚡⚡
2026-02-19 02:21:15 [INFO]    🏆 FI | Пинг: 134ms | Скорость: 8.28 Mbps ⚡⚡
2026-02-19 02:21:15 [INFO]    🏆 LV | Пинг: 170ms | Скорость: 7.79 Mbps ⚡⚡
2026-02-19 02:21:15 [INFO]    🏆 SE | Пинг: 171ms | Скорость: 8.8 Mbps ⚡⚡
2026-02-19 02:21:15 [INFO]    🏆 DE | Пинг: 185ms | Скорость: 8.83 Mbps ⚡⚡
2026-02-19 02:21:15 [INFO]    🏆 DE | Пинг: 195ms | Скорость: 7.83 Mbps ⚡⚡
2026-02-19 02:21:15 [INFO]    🏆 RU | Пинг: 39ms | Скорость: 8.61 Mbps ⚡⚡
2026-02-19 02:21:15 [INFO] 🇷🇺 Добавлен RU сервер: 82.202.169.120
2026-02-19 02:21:15 [INFO] 📊 Итого в подписке сохранено: 10 серверов
2026-02-19 02:21:15 [INFO] 💾 Файл успешно сохранен: FL1PVPN
