2026-02-17 23:10:06 [INFO] 🚀 START: Smart VLESS Selector (Target: 10, Strict Mode)
2026-02-17 23:10:06 [INFO] 🌐 Загрузка источников...
2026-02-17 23:10:08 [INFO] 🔍 Уникальных конфигов собрано: 350
2026-02-17 23:10:08 [INFO] ⚡ ЭТАП 1: Быстрый замер Пинга (Workers: 25)...
2026-02-17 23:10:10 [INFO]    [PING OK] US | 410ms
2026-02-17 23:10:10 [INFO]    [PING OK] LV | 154ms
2026-02-17 23:10:10 [INFO]    [PING OK] DE | 162ms
2026-02-17 23:10:10 [INFO]    [PING OK] LT | 154ms
2026-02-17 23:10:10 [INFO]    [PING OK] DE | 166ms
2026-02-17 23:10:11 [INFO]    [PING OK] FI | 217ms
2026-02-17 23:10:11 [INFO]    [PING OK] LT | 137ms
2026-02-17 23:10:11 [INFO]    [PING OK] DE | 681ms
2026-02-17 23:10:12 [INFO]    [PING OK] ES | 794ms
2026-02-17 23:10:12 [INFO]    [PING OK] DE | 140ms
2026-02-17 23:10:12 [INFO]    [PING OK] FI | 268ms
2026-02-17 23:10:12 [INFO]    [PING OK] NL | 170ms
2026-02-17 23:10:12 [INFO]    [PING OK] DE | 153ms
2026-02-17 23:10:13 [INFO]    [PING OK] LV | 425ms
2026-02-17 23:10:13 [INFO]    [PING OK] FI | 143ms
2026-02-17 23:10:13 [INFO]    [PING OK] LT | 148ms
2026-02-17 23:10:13 [INFO]    [PING OK] PL | 133ms
2026-02-17 23:10:14 [INFO]    [PING OK] DE | 216ms
2026-02-17 23:10:14 [INFO]    [PING OK] RU | 164ms
2026-02-17 23:10:14 [INFO]    [PING OK] RU | 337ms
2026-02-17 23:10:14 [INFO]    [PING OK] RU | 86ms
2026-02-17 23:10:14 [INFO]    [PING OK] RU | 175ms
2026-02-17 23:10:14 [INFO]    [PING OK] RU | 234ms
2026-02-17 23:10:15 [INFO]    [PING OK] RU | 280ms
2026-02-17 23:10:15 [INFO]    [PING OK] RU | 55ms
2026-02-17 23:10:15 [INFO]    [PING OK] RU | 475ms
2026-02-17 23:10:15 [INFO]    [PING OK] RU | 144ms
2026-02-17 23:10:15 [INFO]    [PING OK] RU | 300ms
2026-02-17 23:10:15 [INFO]    [PING OK] RU | 237ms
2026-02-17 23:10:15 [INFO]    [PING OK] RU | 224ms
2026-02-17 23:10:15 [INFO]    [PING OK] RU | 302ms
2026-02-17 23:10:15 [INFO]    [PING OK] RU | 154ms
2026-02-17 23:10:15 [INFO]    [PING OK] RU | 194ms
2026-02-17 23:10:15 [INFO]    [PING OK] RU | 271ms
2026-02-17 23:10:15 [INFO]    [PING OK] RU | 294ms
2026-02-17 23:10:16 [INFO]    [PING OK] RU | 263ms
2026-02-17 23:10:16 [INFO]    [PING OK] RU | 75ms
2026-02-17 23:10:16 [INFO]    [PING OK] DE | 242ms
2026-02-17 23:10:16 [INFO]    [PING OK] RU | 341ms
2026-02-17 23:10:16 [INFO]    [PING OK] RU | 399ms
2026-02-17 23:10:16 [INFO]    [PING OK] RU | 228ms
2026-02-17 23:10:16 [INFO]    [PING OK] RU | 254ms
2026-02-17 23:10:16 [INFO]    [PING OK] RU | 238ms
2026-02-17 23:10:16 [INFO]    [PING OK] RU | 380ms
2026-02-17 23:10:16 [INFO]    [PING OK] RU | 217ms
2026-02-17 23:10:16 [INFO]    [PING OK] RU | 285ms
2026-02-17 23:10:16 [INFO]    [PING OK] RU | 297ms
2026-02-17 23:10:16 [INFO]    [PING OK] RU | 166ms
2026-02-17 23:10:16 [INFO]    [PING OK] RU | 88ms
2026-02-17 23:10:16 [INFO]    [PING OK] RU | 221ms
2026-02-17 23:10:17 [INFO]    [PING OK] RU | 564ms
2026-02-17 23:10:17 [INFO]    [PING OK] RU | 370ms
2026-02-17 23:10:17 [INFO]    [PING OK] RU | 103ms
2026-02-17 23:10:17 [INFO]    [PING OK] RU | 163ms
2026-02-17 23:10:17 [INFO]    [PING OK] RU | 204ms
2026-02-17 23:10:17 [INFO]    [PING OK] RU | 281ms
2026-02-17 23:10:17 [INFO]    [PING OK] RU | 228ms
2026-02-17 23:10:17 [INFO]    [PING OK] RU | 226ms
2026-02-17 23:10:17 [INFO]    [PING OK] RU | 118ms
2026-02-17 23:10:17 [INFO]    [PING OK] RU | 261ms
2026-02-17 23:10:17 [INFO]    [PING OK] RU | 637ms
2026-02-17 23:10:18 [INFO]    [PING OK] RU | 302ms
2026-02-17 23:10:18 [INFO]    [PING OK] RU | 175ms
2026-02-17 23:10:18 [INFO]    [PING OK] RU | 360ms
2026-02-17 23:10:18 [INFO]    [PING OK] RU | 548ms
2026-02-17 23:10:18 [INFO]    [PING OK] RU | 800ms
2026-02-17 23:10:18 [INFO]    [PING OK] RU | 265ms
2026-02-17 23:10:18 [INFO]    [PING OK] RU | 377ms
2026-02-17 23:10:18 [INFO]    [PING OK] RU | 309ms
2026-02-17 23:10:18 [INFO]    [PING OK] RU | 130ms
2026-02-17 23:10:18 [INFO]    [PING OK] RU | 499ms
2026-02-17 23:10:18 [INFO]    [PING OK] RU | 247ms
2026-02-17 23:10:18 [INFO]    [PING OK] RU | 308ms
2026-02-17 23:10:18 [INFO]    [PING OK] RU | 323ms
2026-02-17 23:10:18 [INFO]    [PING OK] RU | 198ms
2026-02-17 23:10:19 [INFO]    [PING OK] RU | 1972ms
2026-02-17 23:10:19 [INFO]    [PING OK] RU | 751ms
2026-02-17 23:10:19 [INFO]    [PING OK] RU | 103ms
2026-02-17 23:10:19 [INFO]    [PING OK] RU | 56ms
2026-02-17 23:10:19 [INFO]    [PING OK] RU | 217ms
2026-02-17 23:10:19 [INFO]    [PING OK] HU | 351ms
2026-02-17 23:10:19 [INFO]    [PING OK] RU | 588ms
2026-02-17 23:10:19 [INFO]    [PING OK] RU | 93ms
2026-02-17 23:10:19 [INFO]    [PING OK] RU | 72ms
2026-02-17 23:10:19 [INFO]    [PING OK] RU | 187ms
2026-02-17 23:10:19 [INFO]    [PING OK] RU | 85ms
2026-02-17 23:10:19 [INFO]    [PING OK] RU | 912ms
2026-02-17 23:10:19 [INFO]    [PING OK] RU | 86ms
2026-02-17 23:10:20 [INFO]    [PING OK] RU | 539ms
2026-02-17 23:10:20 [INFO]    [PING OK] RU | 228ms
2026-02-17 23:10:20 [INFO]    [PING OK] RU | 236ms
2026-02-17 23:10:20 [INFO]    [PING OK] RU | 253ms
2026-02-17 23:10:20 [INFO]    [PING OK] RU | 763ms
2026-02-17 23:10:20 [INFO]    [PING OK] RU | 217ms
2026-02-17 23:10:20 [INFO]    [PING OK] RU | 220ms
2026-02-17 23:10:20 [INFO]    [PING OK] RU | 46ms
2026-02-17 23:10:20 [INFO]    [PING OK] RU | 197ms
2026-02-17 23:10:20 [INFO]    [PING OK] RU | 72ms
2026-02-17 23:10:20 [INFO]    [PING OK] RU | 208ms
2026-02-17 23:10:20 [INFO]    [PING OK] RU | 4388ms
2026-02-17 23:10:20 [INFO]    [PING OK] RU | 290ms
2026-02-17 23:10:20 [INFO]    [PING OK] RU | 1511ms
2026-02-17 23:10:21 [INFO]    [PING OK] RU | 215ms
2026-02-17 23:10:21 [INFO]    [PING OK] RU | 1093ms
2026-02-17 23:10:21 [INFO]    [PING OK] RU | 115ms
2026-02-17 23:10:21 [INFO]    [PING OK] RU | 200ms
2026-02-17 23:10:21 [INFO]    [PING OK] RU | 248ms
2026-02-17 23:10:21 [INFO]    [PING OK] RU | 278ms
2026-02-17 23:10:21 [INFO]    [PING OK] RU | 354ms
2026-02-17 23:10:21 [INFO]    [PING OK] RU | 231ms
2026-02-17 23:10:21 [INFO]    [PING OK] RU | 1367ms
2026-02-17 23:10:21 [INFO]    [PING OK] RU | 373ms
2026-02-17 23:10:21 [INFO]    [PING OK] RU | 252ms
2026-02-17 23:10:21 [INFO]    [PING OK] RU | 205ms
2026-02-17 23:10:21 [INFO]    [PING OK] US | 3283ms
2026-02-17 23:10:21 [INFO]    [PING OK] RU | 154ms
2026-02-17 23:10:21 [INFO]    [PING OK] RU | 213ms
2026-02-17 23:10:21 [INFO]    [PING OK] RU | 117ms
2026-02-17 23:10:21 [INFO]    [PING OK] RU | 86ms
2026-02-17 23:10:22 [INFO]    [PING OK] RU | 3688ms
2026-02-17 23:10:22 [INFO]    [PING OK] RU | 438ms
2026-02-17 23:10:22 [INFO]    [PING OK] RU | 591ms
2026-02-17 23:10:22 [INFO]    [PING OK] RU | 1365ms
2026-02-17 23:10:22 [INFO]    [PING OK] PL | 179ms
2026-02-17 23:10:23 [INFO]    [PING OK] RU | 3484ms
2026-02-17 23:10:23 [INFO]    [PING OK] JP | 864ms
2026-02-17 23:10:23 [INFO]    [PING OK] RU | 4069ms
2026-02-17 23:10:24 [INFO]    [PING OK] GB | 3121ms
2026-02-17 23:10:24 [INFO]    [PING OK] RU | 4356ms
2026-02-17 23:10:24 [INFO]    [PING OK] LV | 409ms
2026-02-17 23:10:24 [INFO]    [PING OK] US | 1052ms
2026-02-17 23:10:24 [INFO]    [PING OK] FI | 476ms
2026-02-17 23:10:24 [INFO]    [PING OK] HU | 333ms
2026-02-17 23:10:25 [INFO]    [PING OK] RU | 323ms
2026-02-17 23:10:25 [INFO]    [PING OK] GB | 181ms
2026-02-17 23:10:27 [INFO]    [PING OK] RU | 301ms
2026-02-17 23:10:27 [INFO]    [PING OK] PL | 113ms
2026-02-17 23:10:27 [INFO]    [PING OK] FI | 243ms
2026-02-17 23:10:28 [INFO]    [PING OK] AE | 122ms
2026-02-17 23:10:28 [INFO]    [PING OK] FR | 192ms
2026-02-17 23:10:28 [INFO]    [PING OK] DE | 142ms
2026-02-17 23:10:29 [INFO]    [PING OK] DE | 518ms
2026-02-17 23:10:29 [INFO]    [PING OK] UZ | 257ms
2026-02-17 23:10:30 [INFO]    [PING OK] FI | 233ms
2026-02-17 23:10:30 [INFO]    [PING OK] RU | 132ms
2026-02-17 23:10:31 [INFO]    [PING OK] DE | 191ms
2026-02-17 23:10:31 [INFO]    [PING OK] US | 439ms
2026-02-17 23:10:35 [INFO]    [PING OK] DE | 222ms
2026-02-17 23:10:35 [INFO]    [PING OK] FR | 323ms
2026-02-17 23:10:47 [INFO] 🏎️ ЭТАП 2: Глубокий замер скорости для ТОП-10 серверов...
2026-02-17 23:10:54 [INFO]    🏆 PL | Пинг: 113ms | Скорость: 8.43 Mbps ⚡⚡
2026-02-17 23:10:54 [INFO]    🏆 AE | Пинг: 122ms | Скорость: 8.23 Mbps ⚡⚡
2026-02-17 23:10:54 [INFO]    🏆 PL | Пинг: 133ms | Скорость: 8.06 Mbps ⚡⚡
2026-02-17 23:10:54 [INFO]    🏆 LT | Пинг: 137ms | Скорость: 8.17 Mbps ⚡⚡
2026-02-17 23:10:54 [INFO]    🏆 DE | Пинг: 140ms | Скорость: 8.41 Mbps ⚡⚡
2026-02-17 23:10:54 [INFO]    🏆 DE | Пинг: 142ms | Скорость: 0.0 Mbps 
2026-02-17 23:10:54 [INFO]    🏆 FI | Пинг: 143ms | Скорость: 1.96 Mbps ⚡
2026-02-17 23:10:54 [INFO]    🏆 LT | Пинг: 148ms | Скорость: 8.67 Mbps ⚡⚡
2026-02-17 23:10:54 [INFO]    🏆 DE | Пинг: 153ms | Скорость: 8.83 Mbps ⚡⚡
2026-02-17 23:10:54 [INFO]    🏆 RU | Пинг: 46ms | Скорость: 8.73 Mbps ⚡⚡
2026-02-17 23:10:54 [INFO] 🇷🇺 Добавлен RU сервер: 85.192.32.30
2026-02-17 23:10:54 [INFO] 📊 Итого в подписке сохранено: 10 серверов
2026-02-17 23:10:54 [INFO] 💾 Файл успешно сохранен: FL1PVPN
