2026-02-16 18:20:06 [INFO] 🚀 START: Smart VLESS Selector (Target: 10, Strict Mode)
2026-02-16 18:20:06 [INFO] 🌐 Загрузка источников...
2026-02-16 18:20:08 [INFO] 🔍 Уникальных конфигов собрано: 375
2026-02-16 18:20:08 [INFO] ⚡ ЭТАП 1: Быстрый замер Пинга (Workers: 25)...
2026-02-16 18:20:12 [INFO]    [PING OK] RU | 169ms
2026-02-16 18:20:16 [INFO]    [PING OK] DE | 487ms
2026-02-16 18:20:16 [INFO]    [PING OK] DE | 185ms
2026-02-16 18:20:16 [INFO]    [PING OK] DE | 273ms
2026-02-16 18:20:17 [INFO]    [PING OK] FI | 3375ms
2026-02-16 18:20:17 [INFO]    [PING OK] DE | 178ms
2026-02-16 18:20:18 [INFO]    [PING OK] DE | 142ms
2026-02-16 18:20:19 [INFO]    [PING OK] NL | 163ms
2026-02-16 18:20:21 [INFO]    [PING OK] DE | 180ms
2026-02-16 18:20:22 [INFO]    [PING OK] US | 1067ms
2026-02-16 18:20:23 [INFO]    [PING OK] RU | 325ms
2026-02-16 18:20:23 [INFO]    [PING OK] DE | 194ms
2026-02-16 18:20:23 [INFO]    [PING OK] RU | 306ms
2026-02-16 18:20:23 [INFO]    [PING OK] RU | 335ms
2026-02-16 18:20:23 [INFO]    [PING OK] RU | 944ms
2026-02-16 18:20:24 [INFO]    [PING OK] RU | 125ms
2026-02-16 18:20:24 [INFO]    [PING OK] PL | 1548ms
2026-02-16 18:20:24 [INFO]    [PING OK] RU | 327ms
2026-02-16 18:20:24 [INFO]    [PING OK] RU | 1611ms
2026-02-16 18:20:24 [INFO]    [PING OK] RU | 392ms
2026-02-16 18:20:24 [INFO]    [PING OK] RU | 2828ms
2026-02-16 18:20:25 [INFO]    [PING OK] RU | 304ms
2026-02-16 18:20:25 [INFO]    [PING OK] RU | 104ms
2026-02-16 18:20:25 [INFO]    [PING OK] RU | 217ms
2026-02-16 18:20:25 [INFO]    [PING OK] DE | 173ms
2026-02-16 18:20:25 [INFO]    [PING OK] RU | 370ms
2026-02-16 18:20:25 [INFO]    [PING OK] RU | 2334ms
2026-02-16 18:20:25 [INFO]    [PING OK] RU | 2795ms
2026-02-16 18:20:25 [INFO]    [PING OK] RU | 140ms
2026-02-16 18:20:25 [INFO]    [PING OK] RU | 216ms
2026-02-16 18:20:26 [INFO]    [PING OK] RU | 351ms
2026-02-16 18:20:26 [INFO]    [PING OK] RU | 215ms
2026-02-16 18:20:26 [INFO]    [PING OK] PL | 252ms
2026-02-16 18:20:26 [INFO]    [PING OK] RU | 786ms
2026-02-16 18:20:26 [INFO]    [PING OK] RU | 307ms
2026-02-16 18:20:27 [INFO]    [PING OK] RU | 469ms
2026-02-16 18:20:27 [INFO]    [PING OK] RU | 328ms
2026-02-16 18:20:27 [INFO]    [PING OK] RU | 282ms
2026-02-16 18:20:27 [INFO]    [PING OK] PL | 291ms
2026-02-16 18:20:28 [INFO]    [PING OK] RU | 274ms
2026-02-16 18:20:28 [INFO]    [PING OK] RU | 3653ms
2026-02-16 18:20:28 [INFO]    [PING OK] RU | 537ms
2026-02-16 18:20:28 [INFO]    [PING OK] RU | 473ms
2026-02-16 18:20:28 [INFO]    [PING OK] RU | 300ms
2026-02-16 18:20:28 [INFO]    [PING OK] RU | 239ms
2026-02-16 18:20:28 [INFO]    [PING OK] RU | 1012ms
2026-02-16 18:20:28 [INFO]    [PING OK] RU | 199ms
2026-02-16 18:20:29 [INFO]    [PING OK] RU | 361ms
2026-02-16 18:20:29 [INFO]    [PING OK] RU | 2279ms
2026-02-16 18:20:29 [INFO]    [PING OK] RU | 469ms
2026-02-16 18:20:29 [INFO]    [PING OK] RU | 1717ms
2026-02-16 18:20:29 [INFO]    [PING OK] RU | 3359ms
2026-02-16 18:20:29 [INFO]    [PING OK] RU | 1275ms
2026-02-16 18:20:29 [INFO]    [PING OK] RU | 3861ms
2026-02-16 18:20:29 [INFO]    [PING OK] RU | 935ms
2026-02-16 18:20:30 [INFO]    [PING OK] RU | 362ms
2026-02-16 18:20:30 [INFO]    [PING OK] RU | 279ms
2026-02-16 18:20:30 [INFO]    [PING OK] RU | 189ms
2026-02-16 18:20:30 [INFO]    [PING OK] NL | 190ms
2026-02-16 18:20:30 [INFO]    [PING OK] EE | 3157ms
2026-02-16 18:20:30 [INFO]    [PING OK] RU | 59ms
2026-02-16 18:20:30 [INFO]    [PING OK] US | 482ms
2026-02-16 18:20:30 [INFO]    [PING OK] RU | 1715ms
2026-02-16 18:20:31 [INFO]    [PING OK] RU | 296ms
2026-02-16 18:20:31 [INFO]    [PING OK] RU | 247ms
2026-02-16 18:20:31 [INFO]    [PING OK] RU | 337ms
2026-02-16 18:20:31 [INFO]    [PING OK] RU | 215ms
2026-02-16 18:20:31 [INFO]    [PING OK] RU | 291ms
2026-02-16 18:20:32 [INFO]    [PING OK] RU | 307ms
2026-02-16 18:20:32 [INFO]    [PING OK] RU | 336ms
2026-02-16 18:20:32 [INFO]    [PING OK] RU | 311ms
2026-02-16 18:20:32 [INFO]    [PING OK] RU | 206ms
2026-02-16 18:20:32 [INFO]    [PING OK] RU | 2308ms
2026-02-16 18:20:32 [INFO]    [PING OK] RU | 389ms
2026-02-16 18:20:32 [INFO]    [PING OK] RU | 269ms
2026-02-16 18:20:32 [INFO]    [PING OK] RU | 1280ms
2026-02-16 18:20:32 [INFO]    [PING OK] RU | 242ms
2026-02-16 18:20:32 [INFO]    [PING OK] RU | 252ms
2026-02-16 18:20:33 [INFO]    [PING OK] RU | 821ms
2026-02-16 18:20:33 [INFO]    [PING OK] RU | 69ms
2026-02-16 18:20:33 [INFO]    [PING OK] RU | 247ms
2026-02-16 18:20:33 [INFO]    [PING OK] RU | 281ms
2026-02-16 18:20:34 [INFO]    [PING OK] IT | 254ms
2026-02-16 18:20:34 [INFO]    [PING OK] LV | 191ms
2026-02-16 18:20:34 [INFO]    [PING OK] DE | 283ms
2026-02-16 18:20:34 [INFO]    [PING OK] RU | 1682ms
2026-02-16 18:20:34 [INFO]    [PING OK] US | 550ms
2026-02-16 18:20:35 [INFO]    [PING OK] FI | 181ms
2026-02-16 18:20:35 [INFO]    [PING OK] RU | 2922ms
2026-02-16 18:20:35 [INFO]    [PING OK] TR | 473ms
2026-02-16 18:20:35 [INFO]    [PING OK] MD | 175ms
2026-02-16 18:20:35 [INFO]    [PING OK] FI | 188ms
2026-02-16 18:20:36 [INFO]    [PING OK] AE | 988ms
2026-02-16 18:20:36 [INFO]    [PING OK] DE | 870ms
2026-02-16 18:20:38 [INFO]    [PING OK] FI | 211ms
2026-02-16 18:20:39 [INFO]    [PING OK] DE | 183ms
2026-02-16 18:20:39 [INFO]    [PING OK] RU | 300ms
2026-02-16 18:20:40 [INFO]    [PING OK] DE | 964ms
2026-02-16 18:20:40 [INFO]    [PING OK] DE | 491ms
2026-02-16 18:20:40 [INFO]    [PING OK] GB | 4503ms
2026-02-16 18:20:41 [INFO]    [PING OK] RU | 3871ms
2026-02-16 18:20:41 [INFO]    [PING OK] DE | 166ms
2026-02-16 18:20:41 [INFO]    [PING OK] RU | 3335ms
2026-02-16 18:20:42 [INFO]    [PING OK] IQ | 440ms
2026-02-16 18:20:43 [INFO]    [PING OK] DE | 536ms
2026-02-16 18:20:43 [INFO]    [PING OK] ES | 669ms
2026-02-16 18:20:44 [INFO]    [PING OK] JP | 3678ms
2026-02-16 18:20:44 [INFO]    [PING OK] RU | 1465ms
2026-02-16 18:20:45 [INFO]    [PING OK] NL | 4354ms
2026-02-16 18:20:50 [INFO] 🏎️ ЭТАП 2: Глубокий замер скорости для ТОП-10 серверов...
2026-02-16 18:20:57 [INFO]    🏆 DE | Пинг: 142ms | Скорость: 8.63 Mbps ⚡⚡
2026-02-16 18:20:57 [INFO]    🏆 NL | Пинг: 163ms | Скорость: 8.58 Mbps ⚡⚡
2026-02-16 18:20:57 [INFO]    🏆 DE | Пинг: 166ms | Скорость: 0.0 Mbps 
2026-02-16 18:20:57 [INFO]    🏆 DE | Пинг: 173ms | Скорость: 8.59 Mbps ⚡⚡
2026-02-16 18:20:57 [INFO]    🏆 MD | Пинг: 175ms | Скорость: 0.97 Mbps 
2026-02-16 18:20:57 [INFO]    🏆 DE | Пинг: 178ms | Скорость: 8.67 Mbps ⚡⚡
2026-02-16 18:20:57 [INFO]    🏆 DE | Пинг: 180ms | Скорость: 9.04 Mbps ⚡⚡
2026-02-16 18:20:57 [INFO]    🏆 FI | Пинг: 181ms | Скорость: 8.99 Mbps ⚡⚡
2026-02-16 18:20:57 [INFO]    🏆 DE | Пинг: 183ms | Скорость: 8.95 Mbps ⚡⚡
2026-02-16 18:20:57 [INFO]    🏆 RU | Пинг: 59ms | Скорость: 0.0 Mbps 
2026-02-16 18:20:57 [INFO] 🇷🇺 Добавлен RU сервер: 95.163.211.158
2026-02-16 18:20:57 [INFO] 📊 Итого в подписке сохранено: 10 серверов
2026-02-16 18:20:57 [INFO] 💾 Файл успешно сохранен: FL1PVPN
