2026-02-24 13:40:06 [INFO] 🚀 START: Smart Selector (Target: 10, ONLY FOREIGN)
2026-02-24 13:40:06 [INFO] 🌐 Загрузка источников (VLESS + VMess)...
2026-02-24 13:40:08 [INFO] 🔍 Уникальных конфигов собрано: 219
2026-02-24 13:40:08 [INFO] ⚡ ЭТАП 1: Замер Пинга и Геолокации. Workers: 40...
2026-02-24 13:40:14 [INFO]    [PING OK] IT | VLESS | 4668ms
2026-02-24 13:40:14 [INFO]    [PING OK] ES | VLESS | 4864ms
2026-02-24 13:40:14 [INFO]    [PING OK] PL | VLESS | 4584ms
2026-02-24 13:40:15 [INFO]    [PING OK] ES | VLESS | 3930ms
2026-02-24 13:40:15 [INFO]    [PING OK] HU | VLESS | 4102ms
2026-02-24 13:40:15 [INFO]    [PING OK] DE | VLESS | 4339ms
2026-02-24 13:40:15 [INFO]    [PING OK] HU | VLESS | 4343ms
2026-02-24 13:40:15 [INFO]    [PING OK] ES | VLESS | 3960ms
2026-02-24 13:40:15 [INFO]    [PING OK] HU | VLESS | 4244ms
2026-02-24 13:40:15 [INFO]    [PING OK] US | VLESS | 3931ms
2026-02-24 13:40:16 [INFO]    [PING OK] ES | VLESS | 4266ms
2026-02-24 13:40:16 [INFO]    [PING OK] ES | VLESS | 3926ms
2026-02-24 13:40:17 [INFO]    [PING OK] HU | VLESS | 3881ms
2026-02-24 13:40:17 [INFO]    [PING OK] HU | VLESS | 4548ms
2026-02-24 13:40:17 [INFO]    [PING OK] EE | VLESS | 5581ms
2026-02-24 13:40:18 [INFO]    [PING OK] LV | VLESS | 7317ms
2026-02-24 13:40:18 [INFO]    [PING OK] ES | VLESS | 3533ms
2026-02-24 13:40:19 [INFO]    [PING OK] FI | VLESS | 3657ms
2026-02-24 13:40:19 [INFO]    [PING OK] ES | VLESS | 3370ms
2026-02-24 13:40:19 [INFO]    [PING OK] TR | VLESS | 3207ms
2026-02-24 13:40:19 [INFO]    [PING OK] TR | VLESS | 3581ms
2026-02-24 13:40:19 [INFO]    [PING OK] PL | VLESS | 3461ms
2026-02-24 13:40:19 [INFO]    [PING OK] PL | VLESS | 4081ms
2026-02-24 13:40:19 [INFO]    [PING OK] PL | VLESS | 3530ms
2026-02-24 13:40:20 [INFO]    [PING OK] ES | VLESS | 3881ms
2026-02-24 13:40:20 [INFO]    [PING OK] IT | VLESS | 3755ms
2026-02-24 13:40:20 [INFO]    [PING OK] DE | VLESS | 3944ms
2026-02-24 13:40:21 [INFO]    [PING OK] FI | VLESS | 4130ms
2026-02-24 13:40:23 [INFO]    [PING OK] DE | VLESS | 4967ms
2026-02-24 13:40:23 [INFO]    [PING OK] IT | VLESS | 5167ms
2026-02-24 13:40:23 [INFO]    [PING OK] DE | VLESS | 5354ms
2026-02-24 13:40:23 [INFO]    [PING OK] LV | VLESS | 6918ms
2026-02-24 13:40:24 [INFO]    [PING OK] DE | VLESS | 5418ms
2026-02-24 13:40:25 [INFO]    [PING OK] NL | VLESS | 5369ms
2026-02-24 13:40:25 [INFO]    [PING OK] SG | VLESS | 5962ms
2026-02-24 13:40:25 [INFO]    [PING OK] NL | VLESS | 5214ms
2026-02-24 13:40:25 [INFO]    [PING OK] US | VLESS | 6545ms
2026-02-24 13:40:26 [INFO]    [PING OK] DE | VLESS | 5319ms
2026-02-24 13:40:26 [INFO]    [PING OK] DE | VLESS | 5086ms
2026-02-24 13:40:26 [INFO]    [PING OK] NL | VLESS | 5485ms
2026-02-24 13:40:27 [INFO]    [PING OK] DE | VLESS | 9036ms
2026-02-24 13:40:28 [INFO]    [PING OK] US | VLESS | 4817ms
2026-02-24 13:40:28 [INFO]    [PING OK] GB | VLESS | 5913ms
2026-02-24 13:40:28 [INFO]    [PING OK] DE | VLESS | 4499ms
2026-02-24 13:40:30 [INFO]    [PING OK] SG | VLESS | 4040ms
2026-02-24 13:40:31 [INFO]    [PING OK] TR | VLESS | 2014ms
2026-02-24 13:40:33 [INFO]    [PING OK] US | VLESS | 3718ms
2026-02-24 13:40:33 [INFO]    [PING OK] DE | VLESS | 2548ms
2026-02-24 13:40:36 [INFO] 🏎️ ЭТАП 2: Глубокий замер скорости для 40 иностранных кандидатов...
2026-02-24 13:40:40 [INFO]    🏆 ES | VLESS | Пинг: 3370ms | Скорость: 7.06 Mbps ⚡⚡
2026-02-24 13:40:40 [INFO]    🏆 TR | VLESS | Пинг: 3207ms | Скорость: 7.01 Mbps ⚡⚡
2026-02-24 13:40:40 [INFO]    🏆 HU | VLESS | Пинг: 3881ms | Скорость: 7.11 Mbps ⚡⚡
2026-02-24 13:40:40 [INFO]    🏆 IT | VLESS | Пинг: 3755ms | Скорость: 6.88 Mbps ⚡⚡
2026-02-24 13:40:40 [INFO]    🏆 ES | VLESS | Пинг: 3926ms | Скорость: 7.06 Mbps ⚡⚡
2026-02-24 13:40:40 [INFO]    🏆 TR | VLESS | Пинг: 3581ms | Скорость: 6.68 Mbps ⚡⚡
2026-02-24 13:40:40 [INFO]    🏆 ES | VLESS | Пинг: 3930ms | Скорость: 6.91 Mbps ⚡⚡
2026-02-24 13:40:40 [INFO]    🏆 FI | VLESS | Пинг: 3657ms | Скорость: 6.35 Mbps ⚡⚡
2026-02-24 13:40:41 [INFO]    🏆 ES | VLESS | Пинг: 3881ms | Скорость: 5.92 Mbps ⚡⚡
2026-02-24 13:40:41 [INFO]    🏆 PL | VLESS | Пинг: 3530ms | Скорость: 5.17 Mbps ⚡⚡
2026-02-24 13:40:43 [INFO]    🏆 DE | VLESS | Пинг: 2548ms | Скорость: 3.44 Mbps ⚡⚡
2026-02-24 13:40:43 [INFO]    🏆 ES | VLESS | Пинг: 3533ms | Скорость: 3.39 Mbps ⚡⚡
2026-02-24 13:40:43 [INFO]    🏆 TR | VLESS | Пинг: 2014ms | Скорость: 3.17 Mbps ⚡⚡
2026-02-24 13:40:43 [INFO]    🏆 PL | VLESS | Пинг: 3461ms | Скорость: 3.24 Mbps ⚡⚡
2026-02-24 13:40:44 [INFO]    🏆 HU | VLESS | Пинг: 4102ms | Скорость: 6.32 Mbps ⚡⚡
2026-02-24 13:40:44 [INFO]    🏆 SG | VLESS | Пинг: 4040ms | Скорость: 6.13 Mbps ⚡⚡
2026-02-24 13:40:44 [INFO]    🏆 HU | VLESS | Пинг: 4244ms | Скорость: 6.59 Mbps ⚡⚡
2026-02-24 13:40:44 [INFO]    🏆 DE | VLESS | Пинг: 4339ms | Скорость: 7.07 Mbps ⚡⚡
2026-02-24 13:40:44 [INFO]    🏆 HU | VLESS | Пинг: 4343ms | Скорость: 8.0 Mbps ⚡⚡
2026-02-24 13:40:44 [INFO]    🏆 PL | VLESS | Пинг: 4081ms | Скорость: 5.95 Mbps ⚡⚡
2026-02-24 13:40:44 [INFO]    🏆 FI | VLESS | Пинг: 4130ms | Скорость: 5.69 Mbps ⚡⚡
2026-02-24 13:40:46 [INFO]    🏆 PL | VLESS | Пинг: 4584ms | Скорость: 9.1 Mbps ⚡⚡
2026-02-24 13:40:47 [INFO]    🏆 DE | VLESS | Пинг: 3944ms | Скорость: 1.56 Mbps ⚡
2026-02-24 13:40:47 [INFO]    🏆 HU | VLESS | Пинг: 4548ms | Скорость: 5.96 Mbps ⚡⚡
2026-02-24 13:40:47 [INFO]    🏆 ES | VLESS | Пинг: 3960ms | Скорость: 1.43 Mbps 
2026-02-24 13:40:48 [INFO]    🏆 DE | VLESS | Пинг: 5354ms | Скорость: 7.56 Mbps ⚡⚡
2026-02-24 13:40:48 [INFO]    🏆 NL | VLESS | Пинг: 5214ms | Скорость: 7.0 Mbps ⚡⚡
2026-02-24 13:40:48 [INFO]    🏆 DE | VLESS | Пинг: 5319ms | Скорость: 6.92 Mbps ⚡⚡
2026-02-24 13:40:48 [INFO]    🏆 DE | VLESS | Пинг: 5086ms | Скорость: 6.59 Mbps ⚡⚡
2026-02-24 13:40:48 [INFO]    🏆 ES | VLESS | Пинг: 4864ms | Скорость: 5.69 Mbps ⚡⚡
2026-02-24 13:40:49 [INFO]    🏆 NL | VLESS | Пинг: 5369ms | Скорость: 11.11 Mbps ⚡⚡
2026-02-24 13:40:49 [INFO]    🏆 IT | VLESS | Пинг: 4668ms | Скорость: 4.16 Mbps ⚡⚡
2026-02-24 13:40:49 [INFO]    🏆 US | VLESS | Пинг: 4817ms | Скорость: 4.72 Mbps ⚡⚡
2026-02-24 13:40:49 [INFO]    🏆 DE | VLESS | Пинг: 5418ms | Скорость: 10.51 Mbps ⚡⚡
2026-02-24 13:40:50 [INFO]    🏆 DE | VLESS | Пинг: 4499ms | Скорость: 0.69 Mbps 
2026-02-24 13:40:51 [INFO]    🏆 IT | VLESS | Пинг: 5167ms | Скорость: 0.74 Mbps 
2026-02-24 13:40:51 [INFO] 📊 Итого в подписке сохранено иностранных серверов: 10
2026-02-24 13:40:51 [INFO] 💾 Файл успешно сохранен: FL1PVPN
