2026-02-22 23:20:05 [INFO] 🚀 START: Smart Selector (Target: 10, ONLY FOREIGN)
2026-02-22 23:20:05 [INFO] 🌐 Загрузка источников (VLESS + VMess)...
2026-02-22 23:20:06 [INFO] 🔍 Уникальных конфигов собрано: 231
2026-02-22 23:20:06 [INFO] ⚡ ЭТАП 1: Замер Пинга и Геолокации. Workers: 40...
2026-02-22 23:20:12 [INFO]    [PING OK] DE | VLESS | 4873ms
2026-02-22 23:20:12 [INFO]    [PING OK] PL | VLESS | 4796ms
2026-02-22 23:20:13 [INFO]    [PING OK] DE | VLESS | 5354ms
2026-02-22 23:20:13 [INFO]    [PING OK] ES | VLESS | 3528ms
2026-02-22 23:20:13 [INFO]    [PING OK] EE | VLESS | 4045ms
2026-02-22 23:20:13 [INFO]    [PING OK] TR | VLESS | 3579ms
2026-02-22 23:20:13 [INFO]    [PING OK] DE | VLESS | 3812ms
2026-02-22 23:20:14 [INFO]    [PING OK] DE | VLESS | 3587ms
2026-02-22 23:20:14 [INFO]    [PING OK] PL | VLESS | 3684ms
2026-02-22 23:20:14 [INFO]    [PING OK] PL | VLESS | 3798ms
2026-02-22 23:20:14 [INFO]    [PING OK] HU | VLESS | 3682ms
2026-02-22 23:20:14 [INFO]    [PING OK] CZ | VLESS | 5177ms
2026-02-22 23:20:16 [INFO]    [PING OK] PL | VLESS | 3819ms
2026-02-22 23:20:17 [INFO]    [PING OK] ES | VLESS | 3833ms
2026-02-22 23:20:17 [INFO]    [PING OK] PL | VLESS | 3882ms
2026-02-22 23:20:17 [INFO]    [PING OK] ES | VLESS | 3625ms
2026-02-22 23:20:17 [INFO]    [PING OK] ES | VLESS | 3708ms
2026-02-22 23:20:17 [INFO]    [PING OK] HU | VLESS | 3677ms
2026-02-22 23:20:17 [INFO]    [PING OK] HU | VLESS | 3727ms
2026-02-22 23:20:17 [INFO]    [PING OK] DE | VLESS | 3684ms
2026-02-22 23:20:17 [INFO]    [PING OK] ES | VLESS | 3587ms
2026-02-22 23:20:17 [INFO]    [PING OK] TR | VLESS | 3524ms
2026-02-22 23:20:17 [INFO]    [PING OK] IT | VLESS | 3896ms
2026-02-22 23:20:17 [INFO]    [PING OK] DE | VLESS | 4060ms
2026-02-22 23:20:17 [INFO]    [PING OK] TR | VLESS | 3570ms
2026-02-22 23:20:18 [INFO]    [PING OK] ES | VLESS | 3768ms
2026-02-22 23:20:18 [INFO]    [PING OK] PL | VLESS | 5288ms
2026-02-22 23:20:18 [INFO]    [PING OK] HU | VLESS | 3810ms
2026-02-22 23:20:18 [INFO]    [PING OK] ES | VLESS | 3938ms
2026-02-22 23:20:18 [INFO]    [PING OK] HU | VLESS | 4012ms
2026-02-22 23:20:18 [INFO]    [PING OK] TR | VLESS | 4060ms
2026-02-22 23:20:19 [INFO]    [PING OK] ES | VLESS | 4321ms
2026-02-22 23:20:19 [INFO]    [PING OK] HU | VLESS | 3883ms
2026-02-22 23:20:19 [INFO]    [PING OK] IT | VLESS | 4011ms
2026-02-22 23:20:19 [INFO]    [PING OK] PL | VLESS | 3964ms
2026-02-22 23:20:19 [INFO]    [PING OK] US | VLESS | 4309ms
2026-02-22 23:20:23 [INFO]    [PING OK] PL | VLESS | 5160ms
2026-02-22 23:20:23 [INFO]    [PING OK] CA | VLESS | 5405ms
2026-02-22 23:20:24 [INFO]    [PING OK] CA | VLESS | 5897ms
2026-02-22 23:20:24 [INFO]    [PING OK] DE | VLESS | 5543ms
2026-02-22 23:20:25 [INFO]    [PING OK] CA | VLESS | 5909ms
2026-02-22 23:20:25 [INFO]    [PING OK] CA | VLESS | 5885ms
2026-02-22 23:20:25 [INFO]    [PING OK] CA | VLESS | 5943ms
2026-02-22 23:20:27 [INFO]    [PING OK] CA | VLESS | 5413ms
2026-02-22 23:20:27 [INFO]    [PING OK] CA | VLESS | 4907ms
2026-02-22 23:20:28 [INFO]    [PING OK] NL | VLESS | 5005ms
2026-02-22 23:20:29 [INFO]    [PING OK] US | VLESS | 3636ms
2026-02-22 23:20:29 [INFO]    [PING OK] CA | VLESS | 4318ms
2026-02-22 23:20:29 [INFO]    [PING OK] US | VLESS | 2752ms
2026-02-22 23:20:29 [INFO]    [PING OK] NL | VLESS | 1324ms
2026-02-22 23:20:29 [INFO]    [PING OK] CA | VLESS | 3459ms
2026-02-22 23:20:30 [INFO]    [PING OK] CA | VLESS | 1783ms
2026-02-22 23:20:33 [INFO]    [PING OK] NL | VLESS | 1353ms
2026-02-22 23:20:34 [INFO] 🏎️ ЭТАП 2: Глубокий замер скорости для 40 иностранных кандидатов...
2026-02-22 23:20:39 [INFO]    🏆 HU | VLESS | Пинг: 3682ms | Скорость: 5.4 Mbps ⚡⚡
2026-02-22 23:20:39 [INFO]    🏆 NL | VLESS | Пинг: 1324ms | Скорость: 5.01 Mbps ⚡⚡
2026-02-22 23:20:39 [INFO]    🏆 ES | VLESS | Пинг: 3625ms | Скорость: 5.19 Mbps ⚡⚡
2026-02-22 23:20:39 [INFO]    🏆 ES | VLESS | Пинг: 3587ms | Скорость: 5.13 Mbps ⚡⚡
2026-02-22 23:20:39 [INFO]    🏆 TR | VLESS | Пинг: 3579ms | Скорость: 5.05 Mbps ⚡⚡
2026-02-22 23:20:39 [INFO]    🏆 HU | VLESS | Пинг: 3677ms | Скорость: 5.25 Mbps ⚡⚡
2026-02-22 23:20:39 [INFO]    🏆 ES | VLESS | Пинг: 3528ms | Скорость: 5.04 Mbps ⚡⚡
2026-02-22 23:20:39 [INFO]    🏆 TR | VLESS | Пинг: 3524ms | Скорость: 4.83 Mbps ⚡⚡
2026-02-22 23:20:39 [INFO]    🏆 TR | VLESS | Пинг: 3570ms | Скорость: 4.89 Mbps ⚡⚡
2026-02-22 23:20:39 [INFO]    🏆 US | VLESS | Пинг: 3636ms | Скорость: 5.0 Mbps ⚡⚡
2026-02-22 23:20:39 [INFO]    🏆 US | VLESS | Пинг: 2752ms | Скорость: 4.67 Mbps ⚡⚡
2026-02-22 23:20:39 [INFO]    🏆 CA | VLESS | Пинг: 3459ms | Скорость: 4.52 Mbps ⚡⚡
2026-02-22 23:20:39 [INFO]    🏆 DE | VLESS | Пинг: 3587ms | Скорость: 4.59 Mbps ⚡⚡
2026-02-22 23:20:40 [INFO]    🏆 NL | VLESS | Пинг: 1353ms | Скорость: 3.8 Mbps ⚡⚡
2026-02-22 23:20:42 [INFO]    🏆 DE | VLESS | Пинг: 3684ms | Скорость: 8.84 Mbps ⚡⚡
2026-02-22 23:20:42 [INFO]    🏆 PL | VLESS | Пинг: 3684ms | Скорость: 7.61 Mbps ⚡⚡
2026-02-22 23:20:42 [INFO]    🏆 ES | VLESS | Пинг: 3708ms | Скорость: 7.07 Mbps ⚡⚡
2026-02-22 23:20:43 [INFO]    🏆 PL | VLESS | Пинг: 3798ms | Скорость: 7.03 Mbps ⚡⚡
2026-02-22 23:20:43 [INFO]    🏆 HU | VLESS | Пинг: 3727ms | Скорость: 7.05 Mbps ⚡⚡
2026-02-22 23:20:43 [INFO]    🏆 ES | VLESS | Пинг: 3768ms | Скорость: 6.97 Mbps ⚡⚡
2026-02-22 23:20:43 [INFO]    🏆 HU | VLESS | Пинг: 3883ms | Скорость: 7.44 Mbps ⚡⚡
2026-02-22 23:20:43 [INFO]    🏆 PL | VLESS | Пинг: 3819ms | Скорость: 7.18 Mbps ⚡⚡
2026-02-22 23:20:43 [INFO]    🏆 HU | VLESS | Пинг: 3810ms | Скорость: 6.9 Mbps ⚡⚡
2026-02-22 23:20:43 [INFO]    🏆 ES | VLESS | Пинг: 3833ms | Скорость: 7.25 Mbps ⚡⚡
2026-02-22 23:20:43 [INFO]    🏆 PL | VLESS | Пинг: 3882ms | Скорость: 7.02 Mbps ⚡⚡
2026-02-22 23:20:43 [INFO]    🏆 IT | VLESS | Пинг: 3896ms | Скорость: 7.52 Mbps ⚡⚡
2026-02-22 23:20:43 [INFO]    🏆 ES | VLESS | Пинг: 3938ms | Скорость: 7.37 Mbps ⚡⚡
2026-02-22 23:20:44 [INFO]    🏆 PL | VLESS | Пинг: 3964ms | Скорость: 6.69 Mbps ⚡⚡
2026-02-22 23:20:44 [INFO]    🏆 HU | VLESS | Пинг: 4012ms | Скорость: 13.72 Mbps ⚡⚡
2026-02-22 23:20:44 [INFO]    🏆 IT | VLESS | Пинг: 4011ms | Скорость: 11.77 Mbps ⚡⚡
2026-02-22 23:20:45 [INFO]    🏆 PL | VLESS | Пинг: 4796ms | Скорость: 9.42 Mbps ⚡⚡
2026-02-22 23:20:45 [INFO]    🏆 DE | VLESS | Пинг: 4060ms | Скорость: 9.15 Mbps ⚡⚡
2026-02-22 23:20:45 [INFO]    🏆 ES | VLESS | Пинг: 4321ms | Скорость: 9.39 Mbps ⚡⚡
2026-02-22 23:20:46 [INFO]    🏆 TR | VLESS | Пинг: 4060ms | Скорость: 8.87 Mbps ⚡⚡
2026-02-22 23:20:46 [INFO]    🏆 US | VLESS | Пинг: 4309ms | Скорость: 8.92 Mbps ⚡⚡
2026-02-22 23:20:46 [INFO]    🏆 DE | VLESS | Пинг: 3812ms | Скорость: 1.23 Mbps 
2026-02-22 23:20:46 [INFO] 📊 Итого в подписке сохранено иностранных серверов: 10
2026-02-22 23:20:46 [INFO] 💾 Файл успешно сохранен: FL1PVPN
