2026-02-24 23:20:05 [INFO] 🚀 START: Smart Selector (Target: 10, ONLY FOREIGN)
2026-02-24 23:20:05 [INFO] 🌐 Загрузка источников (VLESS + VMess)...
2026-02-24 23:20:06 [INFO] 🔍 Уникальных конфигов собрано: 188
2026-02-24 23:20:06 [INFO] ⚡ ЭТАП 1: Замер Пинга и Геолокации. Workers: 40...
2026-02-24 23:20:12 [INFO]    [PING OK] TR | VLESS | 4587ms
2026-02-24 23:20:12 [INFO]    [PING OK] DE | VLESS | 4421ms
2026-02-24 23:20:12 [INFO]    [PING OK] DE | VLESS | 4357ms
2026-02-24 23:20:12 [INFO]    [PING OK] HU | VLESS | 4501ms
2026-02-24 23:20:12 [INFO]    [PING OK] ES | VLESS | 4530ms
2026-02-24 23:20:13 [INFO]    [PING OK] IT | VLESS | 3890ms
2026-02-24 23:20:13 [INFO]    [PING OK] HU | VLESS | 4020ms
2026-02-24 23:20:13 [INFO]    [PING OK] ES | VLESS | 4241ms
2026-02-24 23:20:13 [INFO]    [PING OK] DE | VLESS | 4076ms
2026-02-24 23:20:14 [INFO]    [PING OK] NL | VLESS | 3735ms
2026-02-24 23:20:16 [INFO]    [PING OK] DE | VLESS | 4241ms
2026-02-24 23:20:16 [INFO]    [PING OK] FI | VLESS | 4179ms
2026-02-24 23:20:17 [INFO]    [PING OK] DE | VLESS | 4101ms
2026-02-24 23:20:17 [INFO]    [PING OK] PL | VLESS | 4140ms
2026-02-24 23:20:17 [INFO]    [PING OK] ES | VLESS | 4021ms
2026-02-24 23:20:17 [INFO]    [PING OK] FR | VLESS | 4141ms
2026-02-24 23:20:17 [INFO]    [PING OK] TR | VLESS | 4281ms
2026-02-24 23:20:17 [INFO]    [PING OK] ES | VLESS | 4373ms
2026-02-24 23:20:17 [INFO]    [PING OK] TR | VLESS | 4031ms
2026-02-24 23:20:17 [INFO]    [PING OK] PL | VLESS | 4025ms
2026-02-24 23:20:17 [INFO]    [PING OK] US | VLESS | 4315ms
2026-02-24 23:20:17 [INFO]    [PING OK] HU | VLESS | 4610ms
2026-02-24 23:20:17 [INFO]    [PING OK] HU | VLESS | 4035ms
2026-02-24 23:20:17 [INFO]    [PING OK] DE | VLESS | 3663ms
2026-02-24 23:20:18 [INFO]    [PING OK] ES | VLESS | 4060ms
2026-02-24 23:20:18 [INFO]    [PING OK] PL | VLESS | 3781ms
2026-02-24 23:20:18 [INFO]    [PING OK] ES | VLESS | 3764ms
2026-02-24 23:20:18 [INFO]    [PING OK] PL | VLESS | 3577ms
2026-02-24 23:20:18 [INFO]    [PING OK] DE | VLESS | 3640ms
2026-02-24 23:20:18 [INFO]    [PING OK] HU | VLESS | 3930ms
2026-02-24 23:20:18 [INFO]    [PING OK] FI | VLESS | 3487ms
2026-02-24 23:20:19 [INFO]    [PING OK] DE | VLESS | 5466ms
2026-02-24 23:20:19 [INFO]    [PING OK] DE | VLESS | 4182ms
2026-02-24 23:20:22 [INFO]    [PING OK] FI | VLESS | 4596ms
2026-02-24 23:20:22 [INFO]    [PING OK] NL | VLESS | 4776ms
2026-02-24 23:20:22 [INFO]    [PING OK] LV | VLESS | 4726ms
2026-02-24 23:20:23 [INFO]    [PING OK] NL | VLESS | 4326ms
2026-02-24 23:20:23 [INFO]    [PING OK] RS | VLESS | 4377ms
2026-02-24 23:20:23 [INFO]    [PING OK] SG | VLESS | 4817ms
2026-02-24 23:20:23 [INFO]    [PING OK] US | VLESS | 4629ms
2026-02-24 23:20:23 [INFO]    [PING OK] EE | VLESS | 4220ms
2026-02-24 23:20:23 [INFO]    [PING OK] TW | VLESS | 4600ms
2026-02-24 23:20:23 [INFO]    [PING OK] NL | VLESS | 4108ms
2026-02-24 23:20:23 [INFO]    [PING OK] DE | VLESS | 3576ms
2026-02-24 23:20:25 [INFO]    [PING OK] SG | VLESS | 3768ms
2026-02-24 23:20:26 [INFO]    [PING OK] DE | VLESS | 2384ms
2026-02-24 23:20:26 [INFO]    [PING OK] DE | VLESS | 2338ms
2026-02-24 23:20:26 [INFO]    [PING OK] NL | VLESS | 2187ms
2026-02-24 23:20:26 [INFO]    [PING OK] CA | VLESS | 3367ms
2026-02-24 23:20:26 [INFO]    [PING OK] US | VLESS | 2563ms
2026-02-24 23:20:30 [INFO] 🏎️ ЭТАП 2: Глубокий замер скорости для 40 иностранных кандидатов...
2026-02-24 23:20:35 [INFO]    🏆 DE | VLESS | Пинг: 2384ms | Скорость: 5.44 Mbps ⚡⚡
2026-02-24 23:20:35 [INFO]    🏆 DE | VLESS | Пинг: 3576ms | Скорость: 5.37 Mbps ⚡⚡
2026-02-24 23:20:35 [INFO]    🏆 ES | VLESS | Пинг: 3764ms | Скорость: 5.52 Mbps ⚡⚡
2026-02-24 23:20:35 [INFO]    🏆 DE | VLESS | Пинг: 3640ms | Скорость: 5.46 Mbps ⚡⚡
2026-02-24 23:20:35 [INFO]    🏆 DE | VLESS | Пинг: 3663ms | Скорость: 5.42 Mbps ⚡⚡
2026-02-24 23:20:35 [INFO]    🏆 IT | VLESS | Пинг: 3890ms | Скорость: 5.48 Mbps ⚡⚡
2026-02-24 23:20:35 [INFO]    🏆 PL | VLESS | Пинг: 3577ms | Скорость: 5.34 Mbps ⚡⚡
2026-02-24 23:20:35 [INFO]    🏆 PL | VLESS | Пинг: 3781ms | Скорость: 5.24 Mbps ⚡⚡
2026-02-24 23:20:35 [INFO]    🏆 SG | VLESS | Пинг: 3768ms | Скорость: 5.23 Mbps ⚡⚡
2026-02-24 23:20:35 [INFO]    🏆 DE | VLESS | Пинг: 2338ms | Скорость: 4.85 Mbps ⚡⚡
2026-02-24 23:20:36 [INFO]    🏆 NL | VLESS | Пинг: 2187ms | Скорость: 4.64 Mbps ⚡⚡
2026-02-24 23:20:36 [INFO]    🏆 NL | VLESS | Пинг: 3735ms | Скорость: 4.71 Mbps ⚡⚡
2026-02-24 23:20:36 [INFO]    🏆 FI | VLESS | Пинг: 3487ms | Скорость: 4.48 Mbps ⚡⚡
2026-02-24 23:20:39 [INFO]    🏆 HU | VLESS | Пинг: 4035ms | Скорость: 7.38 Mbps ⚡⚡
2026-02-24 23:20:39 [INFO]    🏆 PL | VLESS | Пинг: 4025ms | Скорость: 7.1 Mbps ⚡⚡
2026-02-24 23:20:39 [INFO]    🏆 HU | VLESS | Пинг: 4020ms | Скорость: 6.9 Mbps ⚡⚡
2026-02-24 23:20:39 [INFO]    🏆 PL | VLESS | Пинг: 4140ms | Скорость: 7.75 Mbps ⚡⚡
2026-02-24 23:20:39 [INFO]    🏆 NL | VLESS | Пинг: 4108ms | Скорость: 7.46 Mbps ⚡⚡
2026-02-24 23:20:39 [INFO]    🏆 FI | VLESS | Пинг: 4179ms | Скорость: 7.98 Mbps ⚡⚡
2026-02-24 23:20:39 [INFO]    🏆 FR | VLESS | Пинг: 4141ms | Скорость: 7.41 Mbps ⚡⚡
2026-02-24 23:20:39 [INFO]    🏆 DE | VLESS | Пинг: 4101ms | Скорость: 7.09 Mbps ⚡⚡
2026-02-24 23:20:39 [INFO]    🏆 ES | VLESS | Пинг: 4021ms | Скорость: 6.62 Mbps ⚡⚡
2026-02-24 23:20:39 [INFO]    🏆 TR | VLESS | Пинг: 4031ms | Скорость: 6.75 Mbps ⚡⚡
2026-02-24 23:20:39 [INFO]    🏆 ES | VLESS | Пинг: 4060ms | Скорость: 6.86 Mbps ⚡⚡
2026-02-24 23:20:39 [INFO]    🏆 DE | VLESS | Пинг: 4182ms | Скорость: 7.91 Mbps ⚡⚡
2026-02-24 23:20:40 [INFO]    🏆 HU | VLESS | Пинг: 3930ms | Скорость: 4.83 Mbps ⚡⚡
2026-02-24 23:20:41 [INFO]    🏆 DE | VLESS | Пинг: 4241ms | Скорость: 10.22 Mbps ⚡⚡
2026-02-24 23:20:41 [INFO]    🏆 NL | VLESS | Пинг: 4326ms | Скорость: 10.32 Mbps ⚡⚡
2026-02-24 23:20:41 [INFO]    🏆 US | VLESS | Пинг: 4315ms | Скорость: 10.29 Mbps ⚡⚡
2026-02-24 23:20:41 [INFO]    🏆 DE | VLESS | Пинг: 4421ms | Скорость: 10.81 Mbps ⚡⚡
2026-02-24 23:20:42 [INFO]    🏆 HU | VLESS | Пинг: 4501ms | Скорость: 10.65 Mbps ⚡⚡
2026-02-24 23:20:42 [INFO]    🏆 TR | VLESS | Пинг: 4281ms | Скорость: 9.55 Mbps ⚡⚡
2026-02-24 23:20:42 [INFO]    🏆 ES | VLESS | Пинг: 4373ms | Скорость: 10.0 Mbps ⚡⚡
2026-02-24 23:20:42 [INFO]    🏆 RS | VLESS | Пинг: 4377ms | Скорость: 8.02 Mbps ⚡⚡
2026-02-24 23:20:45 [INFO]    🏆 ES | VLESS | Пинг: 4241ms | Скорость: 1.81 Mbps ⚡
2026-02-24 23:20:45 [INFO] 📊 Итого в подписке сохранено иностранных серверов: 10
2026-02-24 23:20:45 [INFO] 💾 Файл успешно сохранен: FL1PVPN
