2026-02-27 14:10:06 [INFO] 🚀 START: Smart Selector (Target: 10, ONLY FOREIGN)
2026-02-27 14:10:06 [INFO] 🌐 Загрузка источников (VLESS + VMess)...
2026-02-27 14:10:07 [INFO] 🔍 Уникальных конфигов собрано: 288
2026-02-27 14:10:07 [INFO] ⚡ ЭТАП 1: Замер Пинга и Геолокации. Workers: 40...
2026-02-27 14:10:13 [INFO]    [PING OK] FI | VLESS | 4688ms
2026-02-27 14:10:13 [INFO]    [PING OK] NL | VLESS | 4814ms
2026-02-27 14:10:13 [INFO]    [PING OK] TR | VLESS | 4686ms
2026-02-27 14:10:13 [INFO]    [PING OK] DE | VLESS | 4877ms
2026-02-27 14:10:13 [INFO]    [PING OK] PL | VLESS | 4673ms
2026-02-27 14:10:13 [INFO]    [PING OK] FI | VLESS | 4964ms
2026-02-27 14:10:13 [INFO]    [PING OK] DE | VLESS | 4649ms
2026-02-27 14:10:13 [INFO]    [PING OK] FI | VLESS | 4785ms
2026-02-27 14:10:13 [INFO]    [PING OK] ES | VLESS | 4888ms
2026-02-27 14:10:13 [INFO]    [PING OK] DE | VLESS | 4971ms
2026-02-27 14:10:13 [INFO]    [PING OK] FI | VLESS | 4101ms
2026-02-27 14:10:13 [INFO]    [PING OK] FI | VLESS | 4779ms
2026-02-27 14:10:13 [INFO]    [PING OK] FI | VLESS | 4565ms
2026-02-27 14:10:13 [INFO]    [PING OK] FI | VLESS | 4779ms
2026-02-27 14:10:13 [INFO]    [PING OK] FI | VLESS | 3915ms
2026-02-27 14:10:14 [INFO]    [PING OK] DE | VLESS | 4576ms
2026-02-27 14:10:14 [INFO]    [PING OK] DE | VLESS | 3200ms
2026-02-27 14:10:14 [INFO]    [PING OK] DE | VLESS | 2868ms
2026-02-27 14:10:14 [INFO]    [PING OK] FI | VLESS | 5580ms
2026-02-27 14:10:15 [INFO]    [PING OK] US | VLESS | 2806ms
2026-02-27 14:10:15 [INFO]    [PING OK] DE | VLESS | 5442ms
2026-02-27 14:10:17 [INFO]    [PING OK] FI | VLESS | 3245ms
2026-02-27 14:10:17 [INFO]    [PING OK] DE | VLESS | 3110ms
2026-02-27 14:10:17 [INFO]    [PING OK] HU | VLESS | 3272ms
2026-02-27 14:10:17 [INFO]    [PING OK] IT | VLESS | 3373ms
2026-02-27 14:10:17 [INFO]    [PING OK] DE | VLESS | 3507ms
2026-02-27 14:10:18 [INFO]    [PING OK] PL | VLESS | 3041ms
2026-02-27 14:10:18 [INFO]    [PING OK] DE | VLESS | 2814ms
2026-02-27 14:10:18 [INFO]    [PING OK] DE | VLESS | 3114ms
2026-02-27 14:10:18 [INFO]    [PING OK] HU | VLESS | 2864ms
2026-02-27 14:10:18 [INFO]    [PING OK] CA | VLESS | 3248ms
2026-02-27 14:10:18 [INFO]    [PING OK] PL | VLESS | 2786ms
2026-02-27 14:10:18 [INFO]    [PING OK] PL | VLESS | 3222ms
2026-02-27 14:10:20 [INFO]    [PING OK] LT | VLESS | 5300ms
2026-02-27 14:10:20 [INFO]    [PING OK] TR | VLESS | 3036ms
2026-02-27 14:10:20 [INFO]    [PING OK] ES | VLESS | 2716ms
2026-02-27 14:10:20 [INFO]    [PING OK] CH | VLESS | 6278ms
2026-02-27 14:10:21 [INFO]    [PING OK] FI | VLESS | 2830ms
2026-02-27 14:10:21 [INFO]    [PING OK] CH | VLESS | 6297ms
2026-02-27 14:10:21 [INFO]    [PING OK] DE | VLESS | 2841ms
2026-02-27 14:10:21 [INFO]    [PING OK] DE | VLESS | 3193ms
2026-02-27 14:10:21 [INFO]    [PING OK] FI | VLESS | 3092ms
2026-02-27 14:10:22 [INFO]    [PING OK] DE | VLESS | 8099ms
2026-02-27 14:10:22 [INFO]    [PING OK] IT | VLESS | 7897ms
2026-02-27 14:10:22 [INFO]    [PING OK] AE | VLESS | 4103ms
2026-02-27 14:10:22 [INFO]    [PING OK] FI | VLESS | 3711ms
2026-02-27 14:10:22 [INFO]    [PING OK] PL | VLESS | 3667ms
2026-02-27 14:10:23 [INFO]    [PING OK] PL | VLESS | 3501ms
2026-02-27 14:10:23 [INFO]    [PING OK] ES | VLESS | 3373ms
2026-02-27 14:10:23 [INFO]    [PING OK] TR | VLESS | 3661ms
2026-02-27 14:10:23 [INFO]    [PING OK] US | VLESS | 4134ms
2026-02-27 14:10:23 [INFO]    [PING OK] PL | VLESS | 3196ms
2026-02-27 14:10:24 [INFO]    [PING OK] NL | VLESS | 5209ms
2026-02-27 14:10:25 [INFO]    [PING OK] PL | VLESS | 3716ms
2026-02-27 14:10:25 [INFO]    [PING OK] US | VLESS | 3822ms
2026-02-27 14:10:25 [INFO]    [PING OK] HU | VLESS | 3706ms
2026-02-27 14:10:25 [INFO]    [PING OK] PL | VLESS | 3668ms
2026-02-27 14:10:26 [INFO]    [PING OK] US | VLESS | 3849ms
2026-02-27 14:10:26 [INFO]    [PING OK] TR | VLESS | 3901ms
2026-02-27 14:10:27 [INFO]    [PING OK] DE | VLESS | 4019ms
2026-02-27 14:10:27 [INFO]    [PING OK] FI | VLESS | 3690ms
2026-02-27 14:10:27 [INFO]    [PING OK] HU | VLESS | 4277ms
2026-02-27 14:10:28 [INFO]    [PING OK] TR | VLESS | 3599ms
2026-02-27 14:10:28 [INFO]    [PING OK] DE | VLESS | 3638ms
2026-02-27 14:10:28 [INFO]    [PING OK] HU | VLESS | 3392ms
2026-02-27 14:10:28 [INFO]    [PING OK] FR | VLESS | 3919ms
2026-02-27 14:10:28 [INFO]    [PING OK] DE | VLESS | 4732ms
2026-02-27 14:10:28 [INFO]    [PING OK] ES | VLESS | 3707ms
2026-02-27 14:10:28 [INFO]    [PING OK] TR | VLESS | 3787ms
2026-02-27 14:10:28 [INFO]    [PING OK] TR | VLESS | 3554ms
2026-02-27 14:10:28 [INFO]    [PING OK] EE | VLESS | 4361ms
2026-02-27 14:10:28 [INFO]    [PING OK] EE | VLESS | 3364ms
2026-02-27 14:10:28 [INFO]    [PING OK] DE | VLESS | 3619ms
2026-02-27 14:10:29 [INFO]    [PING OK] NG | VLESS | 5552ms
2026-02-27 14:10:30 [INFO]    [PING OK] NL | VLESS | 3244ms
2026-02-27 14:10:30 [INFO]    [PING OK] LV | VLESS | 2951ms
2026-02-27 14:10:30 [INFO]    [PING OK] KZ | VLESS | 3245ms
2026-02-27 14:10:31 [INFO]    [PING OK] DE | VLESS | 3143ms
2026-02-27 14:10:31 [INFO]    [PING OK] DE | VLESS | 3112ms
2026-02-27 14:10:31 [INFO]    [PING OK] CA | VLESS | 8422ms
2026-02-27 14:10:31 [INFO]    [PING OK] DE | VLESS | 3118ms
2026-02-27 14:10:31 [INFO]    [PING OK] DE | VLESS | 3206ms
2026-02-27 14:10:31 [INFO]    [PING OK] NL | VLESS | 3309ms
2026-02-27 14:10:31 [INFO]    [PING OK] LV | VLESS | 3262ms
2026-02-27 14:10:32 [INFO]    [PING OK] DE | VLESS | 3539ms
2026-02-27 14:10:32 [INFO]    [PING OK] DE | VLESS | 3544ms
2026-02-27 14:10:33 [INFO]    [PING OK] NL | VLESS | 3429ms
2026-02-27 14:10:33 [INFO]    [PING OK] PL | VLESS | 3742ms
2026-02-27 14:10:33 [INFO]    [PING OK] DE | VLESS | 3587ms
2026-02-27 14:10:33 [INFO]    [PING OK] DE | VLESS | 4038ms
2026-02-27 14:10:33 [INFO]    [PING OK] DE | VLESS | 3911ms
2026-02-27 14:10:33 [INFO]    [PING OK] NL | VLESS | 4556ms
2026-02-27 14:10:33 [INFO]    [PING OK] DE | VLESS | 4022ms
2026-02-27 14:10:34 [INFO]    [PING OK] FI | VLESS | 4116ms
2026-02-27 14:10:34 [INFO]    [PING OK] DE | VLESS | 4602ms
2026-02-27 14:10:34 [INFO]    [PING OK] DE | VLESS | 7243ms
2026-02-27 14:10:34 [INFO]    [PING OK] LT | VLESS | 4495ms
2026-02-27 14:10:35 [INFO]    [PING OK] US | VLESS | 4488ms
2026-02-27 14:10:35 [INFO]    [PING OK] CA | VLESS | 5104ms
2026-02-27 14:10:36 [INFO]    [PING OK] NL | VLESS | 5126ms
2026-02-27 14:10:36 [INFO]    [PING OK] LV | VLESS | 4867ms
2026-02-27 14:10:37 [INFO]    [PING OK] DE | VLESS | 4730ms
2026-02-27 14:10:37 [INFO]    [PING OK] DE | VLESS | 4750ms
2026-02-27 14:10:37 [INFO]    [PING OK] DE | VLESS | 4629ms
2026-02-27 14:10:37 [INFO]    [PING OK] PL | VLESS | 4960ms
2026-02-27 14:10:37 [INFO]    [PING OK] DE | VLESS | 4895ms
2026-02-27 14:10:37 [INFO]    [PING OK] LT | VLESS | 4266ms
2026-02-27 14:10:37 [INFO]    [PING OK] FI | VLESS | 4277ms
2026-02-27 14:10:38 [INFO]    [PING OK] NL | VLESS | 4311ms
2026-02-27 14:10:38 [INFO]    [PING OK] DE | VLESS | 4235ms
2026-02-27 14:10:38 [INFO]    [PING OK] NL | VLESS | 4111ms
2026-02-27 14:10:38 [INFO]    [PING OK] NL | VLESS | 4838ms
2026-02-27 14:10:38 [INFO]    [PING OK] NL | VLESS | 3858ms
2026-02-27 14:10:38 [INFO]    [PING OK] SG | VLESS | 4561ms
2026-02-27 14:10:38 [INFO]    [PING OK] DE | VLESS | 2871ms
2026-02-27 14:10:38 [INFO]    [PING OK] DE | VLESS | 1733ms
2026-02-27 14:10:38 [INFO]    [PING OK] DE | VLESS | 4653ms
2026-02-27 14:10:38 [INFO]    [PING OK] DE | VLESS | 3032ms
2026-02-27 14:10:38 [INFO]    [PING OK] US | VLESS | 1968ms
2026-02-27 14:10:38 [INFO]    [PING OK] SG | VLESS | 2252ms
2026-02-27 14:10:38 [INFO]    [PING OK] DE | VLESS | 3221ms
2026-02-27 14:10:39 [INFO]    [PING OK] DE | VLESS | 5175ms
2026-02-27 14:10:40 [INFO]    [PING OK] CA | VLESS | 5126ms
2026-02-27 14:10:40 [INFO]    [PING OK] CA | VLESS | 6719ms
2026-02-27 14:10:41 [INFO]    [PING OK] CA | VLESS | 5079ms
2026-02-27 14:10:42 [INFO]    [PING OK] CA | VLESS | 5844ms
2026-02-27 14:10:42 [INFO] 🏎️ ЭТАП 2: Глубокий замер скорости для 40 иностранных кандидатов...
2026-02-27 14:10:47 [INFO]    🏆 DE | VLESS | Пинг: 2814ms | Скорость: 6.09 Mbps ⚡⚡
2026-02-27 14:10:47 [INFO]    🏆 LV | VLESS | Пинг: 2951ms | Скорость: 6.34 Mbps ⚡⚡
2026-02-27 14:10:47 [INFO]    🏆 DE | VLESS | Пинг: 1733ms | Скорость: 5.85 Mbps ⚡⚡
2026-02-27 14:10:47 [INFO]    🏆 DE | VLESS | Пинг: 2871ms | Скорость: 6.28 Mbps ⚡⚡
2026-02-27 14:10:47 [INFO]    🏆 FI | VLESS | Пинг: 2830ms | Скорость: 6.03 Mbps ⚡⚡
2026-02-27 14:10:47 [INFO]    🏆 PL | VLESS | Пинг: 2786ms | Скорость: 5.86 Mbps ⚡⚡
2026-02-27 14:10:47 [INFO]    🏆 US | VLESS | Пинг: 2806ms | Скорость: 5.67 Mbps ⚡⚡
2026-02-27 14:10:47 [INFO]    🏆 US | VLESS | Пинг: 1968ms | Скорость: 4.96 Mbps ⚡⚡
2026-02-27 14:10:48 [INFO]    🏆 DE | VLESS | Пинг: 3032ms | Скорость: 4.81 Mbps ⚡⚡
2026-02-27 14:10:48 [INFO]    🏆 HU | VLESS | Пинг: 2864ms | Скорость: 3.91 Mbps ⚡⚡
2026-02-27 14:10:49 [INFO]    🏆 DE | VLESS | Пинг: 2868ms | Скорость: 3.5 Mbps ⚡⚡
2026-02-27 14:10:49 [INFO]    🏆 PL | VLESS | Пинг: 3041ms | Скорость: 8.7 Mbps ⚡⚡
2026-02-27 14:10:49 [INFO]    🏆 ES | VLESS | Пинг: 2716ms | Скорость: 2.61 Mbps ⚡
2026-02-27 14:10:50 [INFO]    🏆 TR | VLESS | Пинг: 3036ms | Скорость: 2.87 Mbps ⚡
2026-02-27 14:10:50 [INFO]    🏆 FI | VLESS | Пинг: 3092ms | Скорость: 8.12 Mbps ⚡⚡
2026-02-27 14:10:50 [INFO]    🏆 DE | VLESS | Пинг: 3118ms | Скорость: 8.19 Mbps ⚡⚡
2026-02-27 14:10:50 [INFO]    🏆 DE | VLESS | Пинг: 3110ms | Скорость: 7.64 Mbps ⚡⚡
2026-02-27 14:10:50 [INFO]    🏆 DE | VLESS | Пинг: 3112ms | Скорость: 7.7 Mbps ⚡⚡
2026-02-27 14:10:50 [INFO]    🏆 DE | VLESS | Пинг: 3143ms | Скорость: 7.71 Mbps ⚡⚡
2026-02-27 14:10:50 [INFO]    🏆 PL | VLESS | Пинг: 3196ms | Скорость: 8.05 Mbps ⚡⚡
2026-02-27 14:10:51 [INFO]    🏆 DE | VLESS | Пинг: 3200ms | Скорость: 7.47 Mbps ⚡⚡
2026-02-27 14:10:52 [INFO]    🏆 DE | VLESS | Пинг: 3206ms | Скорость: 6.38 Mbps ⚡⚡
2026-02-27 14:10:53 [INFO]    🏆 EE | VLESS | Пинг: 3364ms | Скорость: 9.37 Mbps ⚡⚡
2026-02-27 14:10:53 [INFO]    🏆 KZ | VLESS | Пинг: 3245ms | Скорость: 7.65 Mbps ⚡⚡
2026-02-27 14:10:53 [INFO]    🏆 LV | VLESS | Пинг: 3262ms | Скорость: 8.33 Mbps ⚡⚡
2026-02-27 14:10:53 [INFO]    🏆 DE | VLESS | Пинг: 3193ms | Скорость: 3.6 Mbps ⚡⚡
2026-02-27 14:10:53 [INFO]    🏆 ES | VLESS | Пинг: 3373ms | Скорость: 9.92 Mbps ⚡⚡
2026-02-27 14:10:53 [INFO]    🏆 HU | VLESS | Пинг: 3392ms | Скорость: 11.42 Mbps ⚡⚡
2026-02-27 14:10:54 [INFO]    🏆 NL | VLESS | Пинг: 3429ms | Скорость: 12.94 Mbps ⚡⚡
2026-02-27 14:10:55 [INFO]    🏆 DE | VLESS | Пинг: 3221ms | Скорость: 1.82 Mbps ⚡
2026-02-27 14:10:56 [INFO]    🏆 NL | VLESS | Пинг: 3244ms | Скорость: 3.56 Mbps ⚡⚡
2026-02-27 14:10:56 [INFO]    🏆 CA | VLESS | Пинг: 3248ms | Скорость: 3.52 Mbps ⚡⚡
2026-02-27 14:10:57 [INFO]    🏆 HU | VLESS | Пинг: 3272ms | Скорость: 2.12 Mbps ⚡
2026-02-27 14:10:57 [INFO] 📊 Итого в подписке сохранено иностранных серверов: 10
2026-02-27 14:10:57 [INFO] 💾 Файл успешно сохранен: FL1PVPN
