2026-02-21 20:50:06 [INFO] 🚀 START: Smart Selector (Target: 10, ONLY FOREIGN)
2026-02-21 20:50:06 [INFO] 🌐 Загрузка источников (VLESS + VMess)...
2026-02-21 20:50:08 [INFO] 🔍 Уникальных конфигов собрано: 252
2026-02-21 20:50:08 [INFO] ⚡ ЭТАП 1: Замер Пинга и Геолокации. Workers: 40...
2026-02-21 20:50:14 [INFO]    [PING OK] ES | VLESS | 4365ms
2026-02-21 20:50:14 [INFO]    [PING OK] HU | VLESS | 4244ms
2026-02-21 20:50:14 [INFO]    [PING OK] NL | VLESS | 4591ms
2026-02-21 20:50:14 [INFO]    [PING OK] ES | VLESS | 3573ms
2026-02-21 20:50:15 [INFO]    [PING OK] HU | VLESS | 3748ms
2026-02-21 20:50:15 [INFO]    [PING OK] CZ | VLESS | 5508ms
2026-02-21 20:50:15 [INFO]    [PING OK] IT | VLESS | 3645ms
2026-02-21 20:50:15 [INFO]    [PING OK] ES | VLESS | 3916ms
2026-02-21 20:50:15 [INFO]    [PING OK] DE | VLESS | 5307ms
2026-02-21 20:50:16 [INFO]    [PING OK] DE | VLESS | 5566ms
2026-02-21 20:50:16 [INFO]    [PING OK] DE | VLESS | 6604ms
2026-02-21 20:50:16 [INFO]    [PING OK] PL | VLESS | 3922ms
2026-02-21 20:50:16 [INFO]    [PING OK] TR | VLESS | 3965ms
2026-02-21 20:50:16 [INFO]    [PING OK] ES | VLESS | 4146ms
2026-02-21 20:50:18 [INFO]    [PING OK] TR | VLESS | 3878ms
2026-02-21 20:50:18 [INFO]    [PING OK] IT | VLESS | 4101ms
2026-02-21 20:50:18 [INFO]    [PING OK] PL | VLESS | 4135ms
2026-02-21 20:50:19 [INFO]    [PING OK] PL | VLESS | 3966ms
2026-02-21 20:50:19 [INFO]    [PING OK] ES | VLESS | 4220ms
2026-02-21 20:50:19 [INFO]    [PING OK] PL | VLESS | 4241ms
2026-02-21 20:50:19 [INFO]    [PING OK] TR | VLESS | 4294ms
2026-02-21 20:50:19 [INFO]    [PING OK] US | VLESS | 4253ms
2026-02-21 20:50:19 [INFO]    [PING OK] HU | VLESS | 3975ms
2026-02-21 20:50:19 [INFO]    [PING OK] ES | VLESS | 3826ms
2026-02-21 20:50:19 [INFO]    [PING OK] ES | VLESS | 3925ms
2026-02-21 20:50:20 [INFO]    [PING OK] HU | VLESS | 4207ms
2026-02-21 20:50:20 [INFO]    [PING OK] DE | VLESS | 4794ms
2026-02-21 20:50:20 [INFO]    [PING OK] IT | VLESS | 3914ms
2026-02-21 20:50:20 [INFO]    [PING OK] HU | VLESS | 3909ms
2026-02-21 20:50:21 [INFO]    [PING OK] TR | VLESS | 4087ms
2026-02-21 20:50:21 [INFO]    [PING OK] ES | VLESS | 3945ms
2026-02-21 20:50:21 [INFO]    [PING OK] TR | VLESS | 3918ms
2026-02-21 20:50:21 [INFO]    [PING OK] TR | VLESS | 4024ms
2026-02-21 20:50:21 [INFO]    [PING OK] TR | VLESS | 4003ms
2026-02-21 20:50:21 [INFO]    [PING OK] CA | VLESS | 6283ms
2026-02-21 20:50:22 [INFO]    [PING OK] PL | VLESS | 4760ms
2026-02-21 20:50:22 [INFO]    [PING OK] PL | VLESS | 6262ms
2026-02-21 20:50:22 [INFO]    [PING OK] DE | VLESS | 4656ms
2026-02-21 20:50:22 [INFO]    [PING OK] PL | VLESS | 4644ms
2026-02-21 20:50:22 [INFO]    [PING OK] ES | VLESS | 4273ms
2026-02-21 20:50:23 [INFO]    [PING OK] IT | VLESS | 4949ms
2026-02-21 20:50:24 [INFO]    [PING OK] PL | VLESS | 5142ms
2026-02-21 20:50:24 [INFO]    [PING OK] IT | VLESS | 4970ms
2026-02-21 20:50:25 [INFO]    [PING OK] HU | VLESS | 5512ms
2026-02-21 20:50:25 [INFO]    [PING OK] TR | VLESS | 5468ms
2026-02-21 20:50:25 [INFO]    [PING OK] IT | VLESS | 5785ms
2026-02-21 20:50:25 [INFO]    [PING OK] PL | VLESS | 5326ms
2026-02-21 20:50:25 [INFO]    [PING OK] HU | VLESS | 5614ms
2026-02-21 20:50:26 [INFO]    [PING OK] DE | VLESS | 5852ms
2026-02-21 20:50:26 [INFO]    [PING OK] CA | VLESS | 6307ms
2026-02-21 20:50:26 [INFO]    [PING OK] CA | VLESS | 6220ms
2026-02-21 20:50:26 [INFO]    [PING OK] DE | VLESS | 6445ms
2026-02-21 20:50:27 [INFO]    [PING OK] DE | VLESS | 6383ms
2026-02-21 20:50:27 [INFO]    [PING OK] NL | VLESS | 5954ms
2026-02-21 20:50:27 [INFO]    [PING OK] IT | VLESS | 6831ms
2026-02-21 20:50:27 [INFO]    [PING OK] PL | VLESS | 6325ms
2026-02-21 20:50:27 [INFO]    [PING OK] PL | VLESS | 6119ms
2026-02-21 20:50:27 [INFO]    [PING OK] DE | VLESS | 6347ms
2026-02-21 20:50:28 [INFO]    [PING OK] EE | VLESS | 6718ms
2026-02-21 20:50:28 [INFO]    [PING OK] CA | VLESS | 6202ms
2026-02-21 20:50:28 [INFO]    [PING OK] CA | VLESS | 6176ms
2026-02-21 20:50:29 [INFO]    [PING OK] PL | VLESS | 8294ms
2026-02-21 20:50:30 [INFO]    [PING OK] KZ | VLESS | 6030ms
2026-02-21 20:50:30 [INFO]    [PING OK] CA | VLESS | 6699ms
2026-02-21 20:50:31 [INFO]    [PING OK] CA | VLESS | 6587ms
2026-02-21 20:50:32 [INFO]    [PING OK] CA | VLESS | 5147ms
2026-02-21 20:50:32 [INFO]    [PING OK] CA | VLESS | 5129ms
2026-02-21 20:50:32 [INFO]    [PING OK] CA | VLESS | 4485ms
2026-02-21 20:50:32 [INFO]    [PING OK] CA | VLESS | 4812ms
2026-02-21 20:50:32 [INFO]    [PING OK] CA | VLESS | 4452ms
2026-02-21 20:50:32 [INFO]    [PING OK] CA | VLESS | 4458ms
2026-02-21 20:50:32 [INFO]    [PING OK] CA | VLESS | 3997ms
2026-02-21 20:50:32 [INFO]    [PING OK] CA | VLESS | 5215ms
2026-02-21 20:50:32 [INFO]    [PING OK] DE | VLESS | 944ms
2026-02-21 20:50:33 [INFO]    [PING OK] CA | VLESS | 3128ms
2026-02-21 20:50:34 [INFO]    [PING OK] CA | VLESS | 3143ms
2026-02-21 20:50:37 [INFO]    [PING OK] CA | VLESS | 6273ms
2026-02-21 20:50:37 [INFO] 🏎️ ЭТАП 2: Глубокий замер скорости для 40 иностранных кандидатов...
2026-02-21 20:50:41 [INFO]    🏆 DE | VLESS | Пинг: 944ms | Скорость: 7.2 Mbps ⚡⚡
2026-02-21 20:50:41 [INFO]    🏆 HU | VLESS | Пинг: 3909ms | Скорость: 7.37 Mbps ⚡⚡
2026-02-21 20:50:41 [INFO]    🏆 TR | VLESS | Пинг: 3878ms | Скорость: 6.85 Mbps ⚡⚡
2026-02-21 20:50:41 [INFO]    🏆 PL | VLESS | Пинг: 3922ms | Скорость: 6.85 Mbps ⚡⚡
2026-02-21 20:50:42 [INFO]    🏆 ES | VLESS | Пинг: 3916ms | Скорость: 5.01 Mbps ⚡⚡
2026-02-21 20:50:42 [INFO]    🏆 ES | VLESS | Пинг: 3826ms | Скорость: 4.6 Mbps ⚡⚡
2026-02-21 20:50:42 [INFO]    🏆 CA | VLESS | Пинг: 3128ms | Скорость: 4.5 Mbps ⚡⚡
2026-02-21 20:50:43 [INFO]    🏆 TR | VLESS | Пинг: 3965ms | Скорость: 11.33 Mbps ⚡⚡
2026-02-21 20:50:43 [INFO]    🏆 ES | VLESS | Пинг: 3573ms | Скорость: 4.19 Mbps ⚡⚡
2026-02-21 20:50:43 [INFO]    🏆 PL | VLESS | Пинг: 3966ms | Скорость: 11.25 Mbps ⚡⚡
2026-02-21 20:50:44 [INFO]    🏆 HU | VLESS | Пинг: 3975ms | Скорость: 8.48 Mbps ⚡⚡
2026-02-21 20:50:44 [INFO]    🏆 ES | VLESS | Пинг: 3945ms | Скорость: 3.41 Mbps ⚡⚡
2026-02-21 20:50:45 [INFO]    🏆 TR | VLESS | Пинг: 4003ms | Скорость: 6.81 Mbps ⚡⚡
2026-02-21 20:50:45 [INFO]    🏆 PL | VLESS | Пинг: 4135ms | Скорость: 12.48 Mbps ⚡⚡
2026-02-21 20:50:45 [INFO]    🏆 ES | VLESS | Пинг: 4146ms | Скорость: 12.43 Mbps ⚡⚡
2026-02-21 20:50:46 [INFO]    🏆 HU | VLESS | Пинг: 4207ms | Скорость: 11.33 Mbps ⚡⚡
2026-02-21 20:50:47 [INFO]    🏆 ES | VLESS | Пинг: 4220ms | Скорость: 9.28 Mbps ⚡⚡
2026-02-21 20:50:47 [INFO]    🏆 PL | VLESS | Пинг: 4241ms | Скорость: 8.56 Mbps ⚡⚡
2026-02-21 20:50:47 [INFO]    🏆 ES | VLESS | Пинг: 4273ms | Скорость: 9.07 Mbps ⚡⚡
2026-02-21 20:50:47 [INFO]    🏆 US | VLESS | Пинг: 4253ms | Скорость: 8.54 Mbps ⚡⚡
2026-02-21 20:50:47 [INFO]    🏆 TR | VLESS | Пинг: 4294ms | Скорость: 9.3 Mbps ⚡⚡
2026-02-21 20:50:49 [INFO]    🏆 TR | VLESS | Пинг: 4024ms | Скорость: 1.67 Mbps ⚡
2026-02-21 20:50:49 [INFO]    🏆 PL | VLESS | Пинг: 4644ms | Скорость: 8.44 Mbps ⚡⚡
2026-02-21 20:50:49 [INFO]    🏆 TR | VLESS | Пинг: 4087ms | Скорость: 1.82 Mbps ⚡
2026-02-21 20:50:49 [INFO]    🏆 IT | VLESS | Пинг: 4101ms | Скорость: 0.93 Mbps 
2026-02-21 20:50:50 [INFO]    🏆 HU | VLESS | Пинг: 4244ms | Скорость: 3.77 Mbps ⚡⚡
2026-02-21 20:50:52 [INFO]    🏆 CA | VLESS | Пинг: 4452ms | Скорость: 0.87 Mbps 
2026-02-21 20:50:52 [INFO]    🏆 CA | VLESS | Пинг: 4458ms | Скорость: 0.78 Mbps 
2026-02-21 20:50:54 [INFO]    🏆 PL | VLESS | Пинг: 4760ms | Скорость: 1.18 Mbps 
2026-02-21 20:50:55 [INFO] 📊 Итого в подписке сохранено иностранных серверов: 10
2026-02-21 20:50:55 [INFO] 💾 Файл успешно сохранен: FL1PVPN
