2026-02-24 14:00:06 [INFO] 🚀 START: Smart Selector (Target: 10, ONLY FOREIGN)
2026-02-24 14:00:06 [INFO] 🌐 Загрузка источников (VLESS + VMess)...
2026-02-24 14:00:07 [INFO] 🔍 Уникальных конфигов собрано: 218
2026-02-24 14:00:07 [INFO] ⚡ ЭТАП 1: Замер Пинга и Геолокации. Workers: 40...
2026-02-24 14:00:12 [INFO]    [PING OK] HU | VLESS | 4541ms
2026-02-24 14:00:12 [INFO]    [PING OK] ES | VLESS | 4651ms
2026-02-24 14:00:13 [INFO]    [PING OK] TR | VLESS | 4712ms
2026-02-24 14:00:13 [INFO]    [PING OK] DE | VLESS | 4624ms
2026-02-24 14:00:13 [INFO]    [PING OK] HU | VLESS | 3727ms
2026-02-24 14:00:13 [INFO]    [PING OK] FI | VLESS | 4474ms
2026-02-24 14:00:14 [INFO]    [PING OK] PL | VLESS | 4118ms
2026-02-24 14:00:14 [INFO]    [PING OK] LV | VLESS | 4188ms
2026-02-24 14:00:14 [INFO]    [PING OK] PL | VLESS | 4025ms
2026-02-24 14:00:14 [INFO]    [PING OK] FI | VLESS | 4091ms
2026-02-24 14:00:14 [INFO]    [PING OK] TR | VLESS | 4228ms
2026-02-24 14:00:14 [INFO]    [PING OK] HU | VLESS | 3327ms
2026-02-24 14:00:14 [INFO]    [PING OK] PL | VLESS | 3683ms
2026-02-24 14:00:15 [INFO]    [PING OK] DE | VLESS | 5806ms
2026-02-24 14:00:15 [INFO]    [PING OK] IT | VLESS | 3854ms
2026-02-24 14:00:18 [INFO]    [PING OK] TR | VLESS | 3859ms
2026-02-24 14:00:18 [INFO]    [PING OK] PL | VLESS | 4204ms
2026-02-24 14:00:18 [INFO]    [PING OK] HU | VLESS | 4161ms
2026-02-24 14:00:18 [INFO]    [PING OK] PL | VLESS | 4184ms
2026-02-24 14:00:18 [INFO]    [PING OK] ES | VLESS | 4066ms
2026-02-24 14:00:18 [INFO]    [PING OK] DE | VLESS | 6811ms
2026-02-24 14:00:18 [INFO]    [PING OK] PL | VLESS | 3940ms
2026-02-24 14:00:18 [INFO]    [PING OK] ES | VLESS | 4022ms
2026-02-24 14:00:19 [INFO]    [PING OK] DE | VLESS | 4340ms
2026-02-24 14:00:19 [INFO]    [PING OK] US | VLESS | 3993ms
2026-02-24 14:00:19 [INFO]    [PING OK] HU | VLESS | 4169ms
2026-02-24 14:00:19 [INFO]    [PING OK] DE | VLESS | 4200ms
2026-02-24 14:00:20 [INFO]    [PING OK] DE | VLESS | 5618ms
2026-02-24 14:00:20 [INFO]    [PING OK] DE | VLESS | 6237ms
2026-02-24 14:00:21 [INFO]    [PING OK] DE | VLESS | 6917ms
2026-02-24 14:00:23 [INFO]    [PING OK] NL | VLESS | 4864ms
2026-02-24 14:00:23 [INFO]    [PING OK] DE | VLESS | 4414ms
2026-02-24 14:00:24 [INFO]    [PING OK] TR | VLESS | 3860ms
2026-02-24 14:00:24 [INFO]    [PING OK] JP | VLESS | 4133ms
2026-02-24 14:00:24 [INFO]    [PING OK] LT | VLESS | 3922ms
2026-02-24 14:00:25 [INFO]    [PING OK] US | VLESS | 6097ms
2026-02-24 14:00:25 [INFO]    [PING OK] US | VLESS | 4051ms
2026-02-24 14:00:26 [INFO]    [PING OK] LT | VLESS | 3047ms
2026-02-24 14:00:26 [INFO]    [PING OK] DE | VLESS | 3028ms
2026-02-24 14:00:26 [INFO]    [PING OK] DE | VLESS | 2301ms
2026-02-24 14:00:27 [INFO]    [PING OK] DE | VLESS | 2820ms
2026-02-24 14:00:27 [INFO]    [PING OK] NL | VLESS | 2280ms
2026-02-24 14:00:28 [INFO]    [PING OK] EE | VLESS | 2432ms
2026-02-24 14:00:28 [INFO]    [PING OK] DE | VLESS | 2393ms
2026-02-24 14:00:28 [INFO]    [PING OK] DE | VLESS | 2676ms
2026-02-24 14:00:29 [INFO]    [PING OK] DE | VLESS | 9218ms
2026-02-24 14:00:29 [INFO]    [PING OK] DE | VLESS | 2786ms
2026-02-24 14:00:30 [INFO]    [PING OK] SG | VLESS | 2953ms
2026-02-24 14:00:30 [INFO]    [PING OK] SG | VLESS | 2978ms
2026-02-24 14:00:30 [INFO]    [PING OK] FI | VLESS | 2615ms
2026-02-24 14:00:30 [INFO]    [PING OK] NL | VLESS | 2650ms
2026-02-24 14:00:31 [INFO]    [PING OK] DE | VLESS | 1991ms
2026-02-24 14:00:31 [INFO]    [PING OK] NL | VLESS | 1036ms
2026-02-24 14:00:31 [INFO]    [PING OK] DE | VLESS | 1857ms
2026-02-24 14:00:36 [INFO] 🏎️ ЭТАП 2: Глубокий замер скорости для 40 иностранных кандидатов...
2026-02-24 14:00:41 [INFO]    🏆 NL | VLESS | Пинг: 2280ms | Скорость: 4.94 Mbps ⚡⚡
2026-02-24 14:00:41 [INFO]    🏆 DE | VLESS | Пинг: 2820ms | Скорость: 5.15 Mbps ⚡⚡
2026-02-24 14:00:41 [INFO]    🏆 FI | VLESS | Пинг: 2615ms | Скорость: 5.07 Mbps ⚡⚡
2026-02-24 14:00:41 [INFO]    🏆 DE | VLESS | Пинг: 2393ms | Скорость: 4.99 Mbps ⚡⚡
2026-02-24 14:00:41 [INFO]    🏆 NL | VLESS | Пинг: 2650ms | Скорость: 4.98 Mbps ⚡⚡
2026-02-24 14:00:41 [INFO]    🏆 DE | VLESS | Пинг: 1991ms | Скорость: 4.78 Mbps ⚡⚡
2026-02-24 14:00:41 [INFO]    🏆 DE | VLESS | Пинг: 1857ms | Скорость: 4.74 Mbps ⚡⚡
2026-02-24 14:00:41 [INFO]    🏆 DE | VLESS | Пинг: 3028ms | Скорость: 4.88 Mbps ⚡⚡
2026-02-24 14:00:41 [INFO]    🏆 DE | VLESS | Пинг: 2301ms | Скорость: 4.38 Mbps ⚡⚡
2026-02-24 14:00:41 [INFO]    🏆 SG | VLESS | Пинг: 2953ms | Скорость: 4.58 Mbps ⚡⚡
2026-02-24 14:00:41 [INFO]    🏆 SG | VLESS | Пинг: 2978ms | Скорость: 4.55 Mbps ⚡⚡
2026-02-24 14:00:42 [INFO]    🏆 DE | VLESS | Пинг: 2676ms | Скорость: 3.68 Mbps ⚡⚡
2026-02-24 14:00:43 [INFO]    🏆 NL | VLESS | Пинг: 1036ms | Скорость: 2.88 Mbps ⚡
2026-02-24 14:00:44 [INFO]    🏆 HU | VLESS | Пинг: 3327ms | Скорость: 7.54 Mbps ⚡⚡
2026-02-24 14:00:44 [INFO]    🏆 LT | VLESS | Пинг: 3922ms | Скорость: 7.27 Mbps ⚡⚡
2026-02-24 14:00:45 [INFO]    🏆 PL | VLESS | Пинг: 3683ms | Скорость: 6.33 Mbps ⚡⚡
2026-02-24 14:00:45 [INFO]    🏆 HU | VLESS | Пинг: 3727ms | Скорость: 6.32 Mbps ⚡⚡
2026-02-24 14:00:45 [INFO]    🏆 TR | VLESS | Пинг: 3860ms | Скорость: 6.29 Mbps ⚡⚡
2026-02-24 14:00:45 [INFO]    🏆 TR | VLESS | Пинг: 3859ms | Скорость: 6.31 Mbps ⚡⚡
2026-02-24 14:00:45 [INFO]    🏆 US | VLESS | Пинг: 3993ms | Скорость: 6.97 Mbps ⚡⚡
2026-02-24 14:00:45 [INFO]    🏆 PL | VLESS | Пинг: 4025ms | Скорость: 6.72 Mbps ⚡⚡
2026-02-24 14:00:47 [INFO]    🏆 ES | VLESS | Пинг: 4066ms | Скорость: 6.1 Mbps ⚡⚡
2026-02-24 14:00:47 [INFO]    🏆 PL | VLESS | Пинг: 3940ms | Скорость: 4.03 Mbps ⚡⚡
2026-02-24 14:00:47 [INFO]    🏆 PL | VLESS | Пинг: 4118ms | Скорость: 10.5 Mbps ⚡⚡
2026-02-24 14:00:47 [INFO]    🏆 US | VLESS | Пинг: 4051ms | Скорость: 5.29 Mbps ⚡⚡
2026-02-24 14:00:47 [INFO]    🏆 IT | VLESS | Пинг: 3854ms | Скорость: 1.86 Mbps ⚡
2026-02-24 14:00:48 [INFO]    🏆 HU | VLESS | Пинг: 4169ms | Скорость: 7.99 Mbps ⚡⚡
2026-02-24 14:00:48 [INFO]    🏆 HU | VLESS | Пинг: 4161ms | Скорость: 8.01 Mbps ⚡⚡
2026-02-24 14:00:48 [INFO]    🏆 DE | VLESS | Пинг: 4200ms | Скорость: 8.33 Mbps ⚡⚡
2026-02-24 14:00:48 [INFO]    🏆 JP | VLESS | Пинг: 4133ms | Скорость: 7.0 Mbps ⚡⚡
2026-02-24 14:00:48 [INFO]    🏆 ES | VLESS | Пинг: 4022ms | Скорость: 1.19 Mbps 
2026-02-24 14:00:49 [INFO]    🏆 PL | VLESS | Пинг: 4184ms | Скорость: 5.65 Mbps ⚡⚡
2026-02-24 14:00:50 [INFO]    🏆 TR | VLESS | Пинг: 4228ms | Скорость: 4.3 Mbps ⚡⚡
2026-02-24 14:00:50 [INFO]    🏆 LV | VLESS | Пинг: 4188ms | Скорость: 4.05 Mbps ⚡⚡
2026-02-24 14:00:50 [INFO] 📊 Итого в подписке сохранено иностранных серверов: 10
2026-02-24 14:00:50 [INFO] 💾 Файл успешно сохранен: FL1PVPN
