2026-02-25 08:40:06 [INFO] 🚀 START: Smart Selector (Target: 10, ONLY FOREIGN)
2026-02-25 08:40:06 [INFO] 🌐 Загрузка источников (VLESS + VMess)...
2026-02-25 08:40:08 [INFO] 🔍 Уникальных конфигов собрано: 168
2026-02-25 08:40:08 [INFO] ⚡ ЭТАП 1: Замер Пинга и Геолокации. Workers: 40...
2026-02-25 08:40:13 [INFO]    [PING OK] DE | VLESS | 4198ms
2026-02-25 08:40:13 [INFO]    [PING OK] FI | VLESS | 4561ms
2026-02-25 08:40:13 [INFO]    [PING OK] NL | VLESS | 4660ms
2026-02-25 08:40:14 [INFO]    [PING OK] CA | VLESS | 5101ms
2026-02-25 08:40:14 [INFO]    [PING OK] NL | VLESS | 3990ms
2026-02-25 08:40:14 [INFO]    [PING OK] US | VLESS | 4239ms
2026-02-25 08:40:15 [INFO]    [PING OK] US | VLESS | 3908ms
2026-02-25 08:40:15 [INFO]    [PING OK] FI | VLESS | 4225ms
2026-02-25 08:40:15 [INFO]    [PING OK] NL | VLESS | 5978ms
2026-02-25 08:40:15 [INFO]    [PING OK] FI | VLESS | 3637ms
2026-02-25 08:40:15 [INFO]    [PING OK] DE | VLESS | 6205ms
2026-02-25 08:40:15 [INFO]    [PING OK] DE | VLESS | 6002ms
2026-02-25 08:40:15 [INFO]    [PING OK] DE | VLESS | 6056ms
2026-02-25 08:40:15 [INFO]    [PING OK] FI | VLESS | 5163ms
2026-02-25 08:40:15 [INFO]    [PING OK] FI | VLESS | 4409ms
2026-02-25 08:40:15 [INFO]    [PING OK] US | VLESS | 4929ms
2026-02-25 08:40:15 [INFO]    [PING OK] FI | VLESS | 3993ms
2026-02-25 08:40:15 [INFO]    [PING OK] NL | VLESS | 4238ms
2026-02-25 08:40:15 [INFO]    [PING OK] DE | VLESS | 4067ms
2026-02-25 08:40:16 [INFO]    [PING OK] US | VLESS | 4246ms
2026-02-25 08:40:16 [INFO]    [PING OK] DE | VLESS | 5761ms
2026-02-25 08:40:17 [INFO]    [PING OK] DE | VLESS | 8286ms
2026-02-25 08:40:17 [INFO]    [PING OK] DE | VLESS | 4942ms
2026-02-25 08:40:19 [INFO]    [PING OK] DE | VLESS | 4354ms
2026-02-25 08:40:19 [INFO]    [PING OK] US | VLESS | 4159ms
2026-02-25 08:40:19 [INFO]    [PING OK] NL | VLESS | 3910ms
2026-02-25 08:40:19 [INFO]    [PING OK] NL | VLESS | 3863ms
2026-02-25 08:40:20 [INFO]    [PING OK] NL | VLESS | 4114ms
2026-02-25 08:40:20 [INFO]    [PING OK] FI | VLESS | 3906ms
2026-02-25 08:40:20 [INFO]    [PING OK] DE | VLESS | 3904ms
2026-02-25 08:40:21 [INFO]    [PING OK] NL | VLESS | 4660ms
2026-02-25 08:40:21 [INFO]    [PING OK] CA | VLESS | 4466ms
2026-02-25 08:40:21 [INFO]    [PING OK] CA | VLESS | 4463ms
2026-02-25 08:40:21 [INFO]    [PING OK] DE | VLESS | 4425ms
2026-02-25 08:40:22 [INFO]    [PING OK] NL | VLESS | 4732ms
2026-02-25 08:40:22 [INFO]    [PING OK] FI | VLESS | 5626ms
2026-02-25 08:40:22 [INFO]    [PING OK] US | VLESS | 5626ms
2026-02-25 08:40:23 [INFO]    [PING OK] CA | VLESS | 6492ms
2026-02-25 08:40:24 [INFO]    [PING OK] CA | VLESS | 5142ms
2026-02-25 08:40:24 [INFO]    [PING OK] CY | VLESS | 5029ms
2026-02-25 08:40:24 [INFO]    [PING OK] US | VLESS | 6764ms
2026-02-25 08:40:24 [INFO]    [PING OK] CA | VLESS | 4832ms
2026-02-25 08:40:24 [INFO]    [PING OK] DE | VLESS | 8053ms
2026-02-25 08:40:25 [INFO]    [PING OK] CA | VLESS | 4965ms
2026-02-25 08:40:25 [INFO]    [PING OK] SE | VLESS | 4789ms
2026-02-25 08:40:25 [INFO]    [PING OK] RS | VLESS | 5249ms
2026-02-25 08:40:25 [INFO]    [PING OK] DE | VLESS | 5176ms
2026-02-25 08:40:25 [INFO]    [PING OK] FR | VLESS | 5191ms
2026-02-25 08:40:25 [INFO]    [PING OK] DE | VLESS | 4302ms
2026-02-25 08:40:25 [INFO]    [PING OK] CA | VLESS | 6276ms
2026-02-25 08:40:25 [INFO]    [PING OK] GB | VLESS | 4892ms
2026-02-25 08:40:26 [INFO]    [PING OK] CA | VLESS | 5465ms
2026-02-25 08:40:26 [INFO]    [PING OK] US | VLESS | 4235ms
2026-02-25 08:40:26 [INFO]    [PING OK] US | VLESS | 4979ms
2026-02-25 08:40:26 [INFO]    [PING OK] KZ | VLESS | 3905ms
2026-02-25 08:40:27 [INFO]    [PING OK] CA | VLESS | 4214ms
2026-02-25 08:40:27 [INFO]    [PING OK] CA | VLESS | 4631ms
2026-02-25 08:40:27 [INFO]    [PING OK] CA | VLESS | 5949ms
2026-02-25 08:40:27 [INFO]    [PING OK] DE | VLESS | 4126ms
2026-02-25 08:40:27 [INFO]    [PING OK] US | VLESS | 3618ms
2026-02-25 08:40:27 [INFO]    [PING OK] NL | VLESS | 5324ms
2026-02-25 08:40:27 [INFO]    [PING OK] DE | VLESS | 2978ms
2026-02-25 08:40:27 [INFO]    [PING OK] KZ | VLESS | 3443ms
2026-02-25 08:40:27 [INFO]    [PING OK] US | VLESS | 3582ms
2026-02-25 08:40:27 [INFO]    [PING OK] DE | VLESS | 2343ms
2026-02-25 08:40:27 [INFO]    [PING OK] DE | VLESS | 2140ms
2026-02-25 08:40:27 [INFO]    [PING OK] NL | VLESS | 1875ms
2026-02-25 08:40:27 [INFO]    [PING OK] GB | VLESS | 2598ms
2026-02-25 08:40:28 [INFO]    [PING OK] SG | VLESS | 2801ms
2026-02-25 08:40:28 [INFO]    [PING OK] CA | VLESS | 3361ms
2026-02-25 08:40:28 [INFO]    [PING OK] CA | VLESS | 2917ms
2026-02-25 08:40:28 [INFO]    [PING OK] TW | VLESS | 3637ms
2026-02-25 08:40:28 [INFO]    [PING OK] LV | VLESS | 6300ms
2026-02-25 08:40:28 [INFO]    [PING OK] CA | VLESS | 2534ms
2026-02-25 08:40:30 [INFO]    [PING OK] CA | VLESS | 7838ms
2026-02-25 08:40:30 [INFO]    [PING OK] SG | VLESS | 687ms
2026-02-25 08:40:32 [INFO] 🏎️ ЭТАП 2: Глубокий замер скорости для 40 иностранных кандидатов...
2026-02-25 08:40:36 [INFO]    🏆 DE | VLESS | Пинг: 2343ms | Скорость: 6.0 Mbps ⚡⚡
2026-02-25 08:40:36 [INFO]    🏆 NL | VLESS | Пинг: 1875ms | Скорость: 5.86 Mbps ⚡⚡
2026-02-25 08:40:36 [INFO]    🏆 DE | VLESS | Пинг: 2978ms | Скорость: 6.04 Mbps ⚡⚡
2026-02-25 08:40:37 [INFO]    🏆 DE | VLESS | Пинг: 2140ms | Скорость: 5.6 Mbps ⚡⚡
2026-02-25 08:40:37 [INFO]    🏆 GB | VLESS | Пинг: 2598ms | Скорость: 5.66 Mbps ⚡⚡
2026-02-25 08:40:37 [INFO]    🏆 SG | VLESS | Пинг: 2801ms | Скорость: 5.59 Mbps ⚡⚡
2026-02-25 08:40:37 [INFO]    🏆 US | VLESS | Пинг: 3618ms | Скорость: 5.77 Mbps ⚡⚡
2026-02-25 08:40:37 [INFO]    🏆 KZ | VLESS | Пинг: 3443ms | Скорость: 5.61 Mbps ⚡⚡
2026-02-25 08:40:38 [INFO]    🏆 SG | VLESS | Пинг: 687ms | Скорость: 4.25 Mbps ⚡⚡
2026-02-25 08:40:39 [INFO]    🏆 US | VLESS | Пинг: 3582ms | Скорость: 3.66 Mbps ⚡⚡
2026-02-25 08:40:39 [INFO]    🏆 TW | VLESS | Пинг: 3637ms | Скорость: 3.35 Mbps ⚡⚡
2026-02-25 08:40:40 [INFO]    🏆 NL | VLESS | Пинг: 3863ms | Скорость: 7.46 Mbps ⚡⚡
2026-02-25 08:40:40 [INFO]    🏆 FI | VLESS | Пинг: 3906ms | Скорость: 7.74 Mbps ⚡⚡
2026-02-25 08:40:40 [INFO]    🏆 DE | VLESS | Пинг: 3904ms | Скорость: 7.33 Mbps ⚡⚡
2026-02-25 08:40:40 [INFO]    🏆 US | VLESS | Пинг: 3908ms | Скорость: 6.64 Mbps ⚡⚡
2026-02-25 08:40:40 [INFO]    🏆 KZ | VLESS | Пинг: 3905ms | Скорость: 6.06 Mbps ⚡⚡
2026-02-25 08:40:40 [INFO]    🏆 NL | VLESS | Пинг: 3990ms | Скорость: 6.43 Mbps ⚡⚡
2026-02-25 08:40:42 [INFO]    🏆 US | VLESS | Пинг: 4159ms | Скорость: 6.4 Mbps ⚡⚡
2026-02-25 08:40:42 [INFO]    🏆 DE | VLESS | Пинг: 4126ms | Скорость: 5.18 Mbps ⚡⚡
2026-02-25 08:40:42 [INFO]    🏆 DE | VLESS | Пинг: 4198ms | Скорость: 7.39 Mbps ⚡⚡
2026-02-25 08:40:42 [INFO]    🏆 DE | VLESS | Пинг: 4067ms | Скорость: 4.58 Mbps ⚡⚡
2026-02-25 08:40:42 [INFO]    🏆 NL | VLESS | Пинг: 4114ms | Скорость: 4.48 Mbps ⚡⚡
2026-02-25 08:40:43 [INFO]    🏆 FI | VLESS | Пинг: 4225ms | Скорость: 7.42 Mbps ⚡⚡
2026-02-25 08:40:44 [INFO]    🏆 NL | VLESS | Пинг: 4238ms | Скорость: 6.27 Mbps ⚡⚡
2026-02-25 08:40:44 [INFO]    🏆 DE | VLESS | Пинг: 4354ms | Скорость: 7.33 Mbps ⚡⚡
2026-02-25 08:40:44 [INFO]    🏆 DE | VLESS | Пинг: 4302ms | Скорость: 7.29 Mbps ⚡⚡
2026-02-25 08:40:44 [INFO]    🏆 US | VLESS | Пинг: 4239ms | Скорость: 5.94 Mbps ⚡⚡
2026-02-25 08:40:44 [INFO]    🏆 US | VLESS | Пинг: 4246ms | Скорость: 6.79 Mbps ⚡⚡
2026-02-25 08:40:44 [INFO]    🏆 FI | VLESS | Пинг: 4409ms | Скорость: 8.8 Mbps ⚡⚡
2026-02-25 08:40:44 [INFO]    🏆 DE | VLESS | Пинг: 4425ms | Скорость: 8.8 Mbps ⚡⚡
2026-02-25 08:40:47 [INFO]    🏆 US | VLESS | Пинг: 4235ms | Скорость: 3.1 Mbps ⚡⚡
2026-02-25 08:40:48 [INFO]    🏆 CA | VLESS | Пинг: 4466ms | Скорость: 0.75 Mbps 
2026-02-25 08:40:48 [INFO] 📊 Итого в подписке сохранено иностранных серверов: 10
2026-02-25 08:40:48 [INFO] 💾 Файл успешно сохранен: FL1PVPN
