2026-02-24 20:40:05 [INFO] 🚀 START: Smart Selector (Target: 10, ONLY FOREIGN)
2026-02-24 20:40:05 [INFO] 🌐 Загрузка источников (VLESS + VMess)...
2026-02-24 20:40:06 [INFO] 🔍 Уникальных конфигов собрано: 185
2026-02-24 20:40:06 [INFO] ⚡ ЭТАП 1: Замер Пинга и Геолокации. Workers: 40...
2026-02-24 20:40:12 [INFO]    [PING OK] ES | VLESS | 4518ms
2026-02-24 20:40:12 [INFO]    [PING OK] FI | VLESS | 4558ms
2026-02-24 20:40:12 [INFO]    [PING OK] HU | VLESS | 4322ms
2026-02-24 20:40:12 [INFO]    [PING OK] PL | VLESS | 4810ms
2026-02-24 20:40:12 [INFO]    [PING OK] DE | VLESS | 4876ms
2026-02-24 20:40:12 [INFO]    [PING OK] PL | VLESS | 4751ms
2026-02-24 20:40:12 [INFO]    [PING OK] FI | VLESS | 4882ms
2026-02-24 20:40:12 [INFO]    [PING OK] PL | VLESS | 4888ms
2026-02-24 20:40:12 [INFO]    [PING OK] PL | VLESS | 4189ms
2026-02-24 20:40:12 [INFO]    [PING OK] TR | VLESS | 4634ms
2026-02-24 20:40:12 [INFO]    [PING OK] NL | VLESS | 3906ms
2026-02-24 20:40:12 [INFO]    [PING OK] PL | VLESS | 4176ms
2026-02-24 20:40:13 [INFO]    [PING OK] DE | VLESS | 3742ms
2026-02-24 20:40:13 [INFO]    [PING OK] US | VLESS | 3912ms
2026-02-24 20:40:13 [INFO]    [PING OK] DE | VLESS | 4391ms
2026-02-24 20:40:13 [INFO]    [PING OK] PL | VLESS | 3775ms
2026-02-24 20:40:13 [INFO]    [PING OK] PL | VLESS | 3732ms
2026-02-24 20:40:14 [INFO]    [PING OK] DE | VLESS | 5126ms
2026-02-24 20:40:16 [INFO]    [PING OK] DE | VLESS | 4027ms
2026-02-24 20:40:17 [INFO]    [PING OK] ES | VLESS | 3599ms
2026-02-24 20:40:17 [INFO]    [PING OK] DE | VLESS | 4293ms
2026-02-24 20:40:17 [INFO]    [PING OK] ES | VLESS | 3757ms
2026-02-24 20:40:17 [INFO]    [PING OK] ES | VLESS | 3938ms
2026-02-24 20:40:17 [INFO]    [PING OK] FI | VLESS | 3985ms
2026-02-24 20:40:17 [INFO]    [PING OK] TR | VLESS | 3871ms
2026-02-24 20:40:17 [INFO]    [PING OK] DE | VLESS | 3892ms
2026-02-24 20:40:17 [INFO]    [PING OK] NL | VLESS | 3880ms
2026-02-24 20:40:17 [INFO]    [PING OK] DE | VLESS | 8021ms
2026-02-24 20:40:17 [INFO]    [PING OK] HU | VLESS | 4562ms
2026-02-24 20:40:17 [INFO]    [PING OK] DE | VLESS | 3731ms
2026-02-24 20:40:17 [INFO]    [PING OK] DE | VLESS | 3827ms
2026-02-24 20:40:17 [INFO]    [PING OK] FI | VLESS | 3790ms
2026-02-24 20:40:17 [INFO]    [PING OK] ES | VLESS | 3674ms
2026-02-24 20:40:17 [INFO]    [PING OK] TR | VLESS | 4018ms
2026-02-24 20:40:18 [INFO]    [PING OK] DE | VLESS | 4625ms
2026-02-24 20:40:18 [INFO]    [PING OK] ES | VLESS | 3410ms
2026-02-24 20:40:18 [INFO]    [PING OK] HU | VLESS | 3848ms
2026-02-24 20:40:18 [INFO]    [PING OK] ES | VLESS | 3937ms
2026-02-24 20:40:19 [INFO]    [PING OK] ES | VLESS | 3570ms
2026-02-24 20:40:19 [INFO]    [PING OK] PL | VLESS | 3895ms
2026-02-24 20:40:19 [INFO]    [PING OK] PL | VLESS | 3834ms
2026-02-24 20:40:21 [INFO]    [PING OK] CA | VLESS | 4750ms
2026-02-24 20:40:21 [INFO]    [PING OK] CA | VLESS | 5487ms
2026-02-24 20:40:22 [INFO]    [PING OK] EE | VLESS | 4109ms
2026-02-24 20:40:22 [INFO]    [PING OK] NL | VLESS | 4163ms
2026-02-24 20:40:22 [INFO]    [PING OK] LV | VLESS | 4188ms
2026-02-24 20:40:22 [INFO]    [PING OK] SG | VLESS | 4760ms
2026-02-24 20:40:22 [INFO]    [PING OK] TR | VLESS | 4366ms
2026-02-24 20:40:22 [INFO]    [PING OK] DE | VLESS | 3848ms
2026-02-24 20:40:23 [INFO]    [PING OK] NL | VLESS | 8012ms
2026-02-24 20:40:23 [INFO]    [PING OK] NL | VLESS | 4454ms
2026-02-24 20:40:23 [INFO]    [PING OK] US | VLESS | 3703ms
2026-02-24 20:40:23 [INFO]    [PING OK] TW | VLESS | 4604ms
2026-02-24 20:40:23 [INFO]    [PING OK] CA | VLESS | 5739ms
2026-02-24 20:40:23 [INFO]    [PING OK] NL | VLESS | 3534ms
2026-02-24 20:40:24 [INFO]    [PING OK] NL | VLESS | 3509ms
2026-02-24 20:40:24 [INFO]    [PING OK] TR | VLESS | 3142ms
2026-02-24 20:40:24 [INFO]    [PING OK] TW | VLESS | 3720ms
2026-02-24 20:40:25 [INFO]    [PING OK] DE | VLESS | 3390ms
2026-02-24 20:40:25 [INFO]    [PING OK] DE | VLESS | 3004ms
2026-02-24 20:40:25 [INFO]    [PING OK] DE | VLESS | 2859ms
2026-02-24 20:40:25 [INFO]    [PING OK] US | VLESS | 2633ms
2026-02-24 20:40:25 [INFO]    [PING OK] DE | VLESS | 2337ms
2026-02-24 20:40:25 [INFO]    [PING OK] EE | VLESS | 1828ms
2026-02-24 20:40:25 [INFO]    [PING OK] LV | VLESS | 1558ms
2026-02-24 20:40:26 [INFO]    [PING OK] SG | VLESS | 1706ms
2026-02-24 20:40:26 [INFO]    [PING OK] TW | VLESS | 2591ms
2026-02-24 20:40:26 [INFO]    [PING OK] US | VLESS | 7138ms
2026-02-24 20:40:27 [INFO]    [PING OK] CA | VLESS | 7891ms
2026-02-24 20:40:28 [INFO]    [PING OK] CA | VLESS | 5204ms
2026-02-24 20:40:28 [INFO]    [PING OK] NL | VLESS | 348ms
2026-02-24 20:40:30 [INFO] 🏎️ ЭТАП 2: Глубокий замер скорости для 40 иностранных кандидатов...
2026-02-24 20:40:35 [INFO]    🏆 NL | VLESS | Пинг: 348ms | Скорость: 4.68 Mbps ⚡⚡
2026-02-24 20:40:35 [INFO]    🏆 DE | VLESS | Пинг: 2337ms | Скорость: 4.79 Mbps ⚡⚡
2026-02-24 20:40:35 [INFO]    🏆 ES | VLESS | Пинг: 3570ms | Скорость: 4.98 Mbps ⚡⚡
2026-02-24 20:40:35 [INFO]    🏆 ES | VLESS | Пинг: 3410ms | Скорость: 4.63 Mbps ⚡⚡
2026-02-24 20:40:35 [INFO]    🏆 LV | VLESS | Пинг: 1558ms | Скорость: 4.49 Mbps ⚡⚡
2026-02-24 20:40:35 [INFO]    🏆 TR | VLESS | Пинг: 3142ms | Скорость: 4.49 Mbps ⚡⚡
2026-02-24 20:40:35 [INFO]    🏆 EE | VLESS | Пинг: 1828ms | Скорость: 4.33 Mbps ⚡⚡
2026-02-24 20:40:35 [INFO]    🏆 NL | VLESS | Пинг: 3534ms | Скорость: 4.56 Mbps ⚡⚡
2026-02-24 20:40:36 [INFO]    🏆 SG | VLESS | Пинг: 1706ms | Скорость: 4.25 Mbps ⚡⚡
2026-02-24 20:40:36 [INFO]    🏆 DE | VLESS | Пинг: 2859ms | Скорость: 4.26 Mbps ⚡⚡
2026-02-24 20:40:36 [INFO]    🏆 DE | VLESS | Пинг: 3004ms | Скорость: 4.27 Mbps ⚡⚡
2026-02-24 20:40:36 [INFO]    🏆 NL | VLESS | Пинг: 3509ms | Скорость: 4.28 Mbps ⚡⚡
2026-02-24 20:40:36 [INFO]    🏆 DE | VLESS | Пинг: 3390ms | Скорость: 4.09 Mbps ⚡⚡
2026-02-24 20:40:36 [INFO]    🏆 US | VLESS | Пинг: 2633ms | Скорость: 4.02 Mbps ⚡⚡
2026-02-24 20:40:36 [INFO]    🏆 TW | VLESS | Пинг: 2591ms | Скорость: 3.62 Mbps ⚡⚡
2026-02-24 20:40:39 [INFO]    🏆 DE | VLESS | Пинг: 3742ms | Скорость: 7.03 Mbps ⚡⚡
2026-02-24 20:40:39 [INFO]    🏆 DE | VLESS | Пинг: 3731ms | Скорость: 6.37 Mbps ⚡⚡
2026-02-24 20:40:39 [INFO]    🏆 ES | VLESS | Пинг: 3674ms | Скорость: 5.82 Mbps ⚡⚡
2026-02-24 20:40:39 [INFO]    🏆 PL | VLESS | Пинг: 3834ms | Скорость: 6.92 Mbps ⚡⚡
2026-02-24 20:40:39 [INFO]    🏆 PL | VLESS | Пинг: 3775ms | Скорость: 6.5 Mbps ⚡⚡
2026-02-24 20:40:39 [INFO]    🏆 FI | VLESS | Пинг: 3790ms | Скорость: 6.73 Mbps ⚡⚡
2026-02-24 20:40:39 [INFO]    🏆 ES | VLESS | Пинг: 3757ms | Скорость: 6.33 Mbps ⚡⚡
2026-02-24 20:40:39 [INFO]    🏆 PL | VLESS | Пинг: 3732ms | Скорость: 6.14 Mbps ⚡⚡
2026-02-24 20:40:40 [INFO]    🏆 DE | VLESS | Пинг: 3848ms | Скорость: 6.8 Mbps ⚡⚡
2026-02-24 20:40:40 [INFO]    🏆 US | VLESS | Пинг: 3703ms | Скорость: 5.59 Mbps ⚡⚡
2026-02-24 20:40:40 [INFO]    🏆 TR | VLESS | Пинг: 3871ms | Скорость: 8.11 Mbps ⚡⚡
2026-02-24 20:40:40 [INFO]    🏆 DE | VLESS | Пинг: 3827ms | Скорость: 6.05 Mbps ⚡⚡
2026-02-24 20:40:40 [INFO]    🏆 HU | VLESS | Пинг: 3848ms | Скорость: 5.22 Mbps ⚡⚡
2026-02-24 20:40:42 [INFO]    🏆 TW | VLESS | Пинг: 3720ms | Скорость: 3.65 Mbps ⚡⚡
2026-02-24 20:40:42 [INFO]    🏆 NL | VLESS | Пинг: 3880ms | Скорость: 11.02 Mbps ⚡⚡
2026-02-24 20:40:42 [INFO]    🏆 ES | VLESS | Пинг: 3599ms | Скорость: 2.63 Mbps ⚡
2026-02-24 20:40:43 [INFO]    🏆 NL | VLESS | Пинг: 3906ms | Скорость: 8.0 Mbps ⚡⚡
2026-02-24 20:40:43 [INFO]    🏆 PL | VLESS | Пинг: 3895ms | Скорость: 7.24 Mbps ⚡⚡
2026-02-24 20:40:43 [INFO]    🏆 US | VLESS | Пинг: 3912ms | Скорость: 7.34 Mbps ⚡⚡
2026-02-24 20:40:43 [INFO]    🏆 DE | VLESS | Пинг: 4027ms | Скорость: 7.74 Mbps ⚡⚡
2026-02-24 20:40:43 [INFO]    🏆 TR | VLESS | Пинг: 4018ms | Скорость: 7.5 Mbps ⚡⚡
2026-02-24 20:40:43 [INFO]    🏆 DE | VLESS | Пинг: 3892ms | Скорость: 6.56 Mbps ⚡⚡
2026-02-24 20:40:43 [INFO]    🏆 ES | VLESS | Пинг: 3938ms | Скорость: 6.32 Mbps ⚡⚡
2026-02-24 20:40:46 [INFO]    🏆 ES | VLESS | Пинг: 3937ms | Скорость: 1.03 Mbps 
2026-02-24 20:40:46 [INFO]    🏆 FI | VLESS | Пинг: 3985ms | Скорость: 0.94 Mbps 
2026-02-24 20:40:46 [INFO] 📊 Итого в подписке сохранено иностранных серверов: 10
2026-02-24 20:40:46 [INFO] 💾 Файл успешно сохранен: FL1PVPN
