2026-02-23 20:00:06 [INFO] 🚀 START: Smart Selector (Target: 10, ONLY FOREIGN)
2026-02-23 20:00:06 [INFO] 🌐 Загрузка источников (VLESS + VMess)...
2026-02-23 20:00:08 [INFO] 🔍 Уникальных конфигов собрано: 230
2026-02-23 20:00:08 [INFO] ⚡ ЭТАП 1: Замер Пинга и Геолокации. Workers: 40...
2026-02-23 20:00:13 [INFO]    [PING OK] PL | VLESS | 4338ms
2026-02-23 20:00:13 [INFO]    [PING OK] PL | VLESS | 4190ms
2026-02-23 20:00:13 [INFO]    [PING OK] HU | VLESS | 4420ms
2026-02-23 20:00:14 [INFO]    [PING OK] TR | VLESS | 4466ms
2026-02-23 20:00:14 [INFO]    [PING OK] IT | VLESS | 4438ms
2026-02-23 20:00:14 [INFO]    [PING OK] ES | VLESS | 4231ms
2026-02-23 20:00:14 [INFO]    [PING OK] TR | VLESS | 4590ms
2026-02-23 20:00:14 [INFO]    [PING OK] ES | VLESS | 4177ms
2026-02-23 20:00:14 [INFO]    [PING OK] PL | VLESS | 4613ms
2026-02-23 20:00:14 [INFO]    [PING OK] TR | VLESS | 4412ms
2026-02-23 20:00:14 [INFO]    [PING OK] HU | VLESS | 4021ms
2026-02-23 20:00:14 [INFO]    [PING OK] HU | VLESS | 4489ms
2026-02-23 20:00:15 [INFO]    [PING OK] ES | VLESS | 5274ms
2026-02-23 20:00:15 [INFO]    [PING OK] TR | VLESS | 3897ms
2026-02-23 20:00:15 [INFO]    [PING OK] PL | VLESS | 4447ms
2026-02-23 20:00:16 [INFO]    [PING OK] IT | VLESS | 3415ms
2026-02-23 20:00:16 [INFO]    [PING OK] ES | VLESS | 4075ms
2026-02-23 20:00:16 [INFO]    [PING OK] US | VLESS | 7306ms
2026-02-23 20:00:18 [INFO]    [PING OK] DE | VLESS | 4025ms
2026-02-23 20:00:19 [INFO]    [PING OK] HU | VLESS | 3777ms
2026-02-23 20:00:19 [INFO]    [PING OK] DE | VLESS | 4939ms
2026-02-23 20:00:20 [INFO]    [PING OK] PL | VLESS | 4225ms
2026-02-23 20:00:20 [INFO]    [PING OK] PL | VLESS | 3862ms
2026-02-23 20:00:21 [INFO]    [PING OK] PL | VLESS | 3556ms
2026-02-23 20:00:23 [INFO]    [PING OK] NL | VLESS | 4520ms
2026-02-23 20:00:24 [INFO]    [PING OK] CA | VLESS | 4633ms
2026-02-23 20:00:24 [INFO]    [PING OK] CA | VLESS | 4614ms
2026-02-23 20:00:24 [INFO]    [PING OK] NL | VLESS | 10045ms
2026-02-23 20:00:24 [INFO]    [PING OK] EE | VLESS | 4891ms
2026-02-23 20:00:25 [INFO]    [PING OK] CA | VLESS | 5029ms
2026-02-23 20:00:25 [INFO]    [PING OK] CA | VLESS | 5098ms
2026-02-23 20:00:25 [INFO]    [PING OK] SE | VLESS | 4744ms
2026-02-23 20:00:26 [INFO]    [PING OK] DE | VLESS | 5228ms
2026-02-23 20:00:26 [INFO]    [PING OK] SE | VLESS | 4902ms
2026-02-23 20:00:27 [INFO]    [PING OK] CA | VLESS | 5017ms
2026-02-23 20:00:27 [INFO]    [PING OK] FI | VLESS | 5633ms
2026-02-23 20:00:27 [INFO]    [PING OK] CA | VLESS | 5756ms
2026-02-23 20:00:27 [INFO]    [PING OK] CA | VLESS | 5569ms
2026-02-23 20:00:28 [INFO]    [PING OK] CA | VLESS | 5497ms
2026-02-23 20:00:28 [INFO]    [PING OK] CA | VLESS | 7137ms
2026-02-23 20:00:28 [INFO]    [PING OK] CA | VLESS | 5422ms
2026-02-23 20:00:29 [INFO]    [PING OK] NL | VLESS | 5167ms
2026-02-23 20:00:29 [INFO]    [PING OK] CA | VLESS | 5717ms
2026-02-23 20:00:29 [INFO]    [PING OK] DE | VLESS | 4942ms
2026-02-23 20:00:29 [INFO]    [PING OK] DE | VLESS | 5028ms
2026-02-23 20:00:29 [INFO]    [PING OK] CA | VLESS | 5092ms
2026-02-23 20:00:29 [INFO]    [PING OK] CA | VLESS | 5560ms
2026-02-23 20:00:29 [INFO]    [PING OK] CA | VLESS | 5279ms
2026-02-23 20:00:30 [INFO]    [PING OK] SE | VLESS | 4150ms
2026-02-23 20:00:30 [INFO]    [PING OK] SE | VLESS | 4059ms
2026-02-23 20:00:30 [INFO]    [PING OK] CA | VLESS | 5310ms
2026-02-23 20:00:30 [INFO]    [PING OK] FI | VLESS | 3494ms
2026-02-23 20:00:30 [INFO]    [PING OK] DE | VLESS | 4365ms
2026-02-23 20:00:30 [INFO]    [PING OK] CA | VLESS | 4713ms
2026-02-23 20:00:30 [INFO]    [PING OK] DE | VLESS | 2275ms
2026-02-23 20:00:30 [INFO]    [PING OK] DE | VLESS | 2651ms
2026-02-23 20:00:30 [INFO]    [PING OK] SE | VLESS | 2935ms
2026-02-23 20:00:30 [INFO]    [PING OK] CA | VLESS | 4596ms
2026-02-23 20:00:30 [INFO]    [PING OK] CA | VLESS | 4621ms
2026-02-23 20:00:30 [INFO]    [PING OK] CA | VLESS | 3042ms
2026-02-23 20:00:31 [INFO]    [PING OK] CA | VLESS | 2314ms
2026-02-23 20:00:31 [INFO]    [PING OK] CA | VLESS | 6442ms
2026-02-23 20:00:31 [INFO]    [PING OK] CA | VLESS | 2035ms
2026-02-23 20:00:31 [INFO]    [PING OK] CA | VLESS | 2223ms
2026-02-23 20:00:31 [INFO]    [PING OK] CA | VLESS | 2902ms
2026-02-23 20:00:31 [INFO]    [PING OK] DE | VLESS | 2424ms
2026-02-23 20:00:32 [INFO]    [PING OK] CA | VLESS | 7686ms
2026-02-23 20:00:34 [INFO] 🏎️ ЭТАП 2: Глубокий замер скорости для 40 иностранных кандидатов...
2026-02-23 20:00:38 [INFO]    🏆 DE | VLESS | Пинг: 2275ms | Скорость: 5.69 Mbps ⚡⚡
2026-02-23 20:00:38 [INFO]    🏆 SE | VLESS | Пинг: 2935ms | Скорость: 5.82 Mbps ⚡⚡
2026-02-23 20:00:38 [INFO]    🏆 HU | VLESS | Пинг: 3777ms | Скорость: 5.8 Mbps ⚡⚡
2026-02-23 20:00:38 [INFO]    🏆 DE | VLESS | Пинг: 2651ms | Скорость: 5.62 Mbps ⚡⚡
2026-02-23 20:00:38 [INFO]    🏆 CA | VLESS | Пинг: 3042ms | Скорость: 5.67 Mbps ⚡⚡
2026-02-23 20:00:38 [INFO]    🏆 CA | VLESS | Пинг: 2902ms | Скорость: 5.54 Mbps ⚡⚡
2026-02-23 20:00:38 [INFO]    🏆 FI | VLESS | Пинг: 3494ms | Скорость: 5.65 Mbps ⚡⚡
2026-02-23 20:00:39 [INFO]    🏆 TR | VLESS | Пинг: 3897ms | Скорость: 5.56 Mbps ⚡⚡
2026-02-23 20:00:40 [INFO]    🏆 PL | VLESS | Пинг: 3862ms | Скорость: 4.39 Mbps ⚡⚡
2026-02-23 20:00:41 [INFO]    🏆 DE | VLESS | Пинг: 2424ms | Скорость: 3.36 Mbps ⚡⚡
2026-02-23 20:00:41 [INFO]    🏆 CA | VLESS | Пинг: 2314ms | Скорость: 3.32 Mbps ⚡⚡
2026-02-23 20:00:41 [INFO]    🏆 DE | VLESS | Пинг: 4025ms | Скорость: 8.09 Mbps ⚡⚡
2026-02-23 20:00:42 [INFO]    🏆 SE | VLESS | Пинг: 4059ms | Скорость: 6.83 Mbps ⚡⚡
2026-02-23 20:00:43 [INFO]    🏆 ES | VLESS | Пинг: 4075ms | Скорость: 5.43 Mbps ⚡⚡
2026-02-23 20:00:44 [INFO]    🏆 ES | VLESS | Пинг: 4177ms | Скорость: 4.34 Mbps ⚡⚡
2026-02-23 20:00:44 [INFO]    🏆 PL | VLESS | Пинг: 4190ms | Скорость: 3.88 Mbps ⚡⚡
2026-02-23 20:00:45 [INFO]    🏆 TR | VLESS | Пинг: 4466ms | Скорость: 7.79 Mbps ⚡⚡
2026-02-23 20:00:45 [INFO]    🏆 HU | VLESS | Пинг: 4420ms | Скорость: 5.67 Mbps ⚡⚡
2026-02-23 20:00:45 [INFO]    🏆 HU | VLESS | Пинг: 4021ms | Скорость: 2.49 Mbps ⚡
2026-02-23 20:00:45 [INFO]    🏆 TR | VLESS | Пинг: 4590ms | Скорость: 10.79 Mbps ⚡⚡
2026-02-23 20:00:46 [INFO]    🏆 PL | VLESS | Пинг: 4613ms | Скорость: 9.42 Mbps ⚡⚡
2026-02-23 20:00:46 [INFO]    🏆 CA | VLESS | Пинг: 4621ms | Скорость: 15.76 Mbps ⚡⚡
2026-02-23 20:00:50 [INFO]    🏆 NL | VLESS | Пинг: 4520ms | Скорость: 1.35 Mbps 
2026-02-23 20:00:50 [INFO]    🏆 CA | VLESS | Пинг: 4596ms | Скорость: 0.93 Mbps 
2026-02-23 20:00:51 [INFO]    🏆 CA | VLESS | Пинг: 4614ms | Скорость: 1.1 Mbps 
2026-02-23 20:00:51 [INFO] 📊 Итого в подписке сохранено иностранных серверов: 10
2026-02-23 20:00:51 [INFO] 💾 Файл успешно сохранен: FL1PVPN
