2026-02-21 16:00:05 [INFO] 🚀 START: Smart Selector (Target: 10, ONLY FOREIGN)
2026-02-21 16:00:05 [INFO] 🌐 Загрузка источников (VLESS + VMess)...
2026-02-21 16:00:07 [INFO] 🔍 Уникальных конфигов собрано: 212
2026-02-21 16:00:07 [INFO] ⚡ ЭТАП 1: Замер Пинга и Геолокации. Workers: 40...
2026-02-21 16:00:13 [INFO]    [PING OK] IT | VLESS | 4399ms
2026-02-21 16:00:13 [INFO]    [PING OK] NL | VLESS | 4747ms
2026-02-21 16:00:13 [INFO]    [PING OK] IT | VLESS | 4311ms
2026-02-21 16:00:14 [INFO]    [PING OK] TR | VLESS | 3867ms
2026-02-21 16:00:14 [INFO]    [PING OK] PL | VLESS | 3945ms
2026-02-21 16:00:15 [INFO]    [PING OK] PL | VLESS | 4472ms
2026-02-21 16:00:16 [INFO]    [PING OK] TR | VLESS | 3603ms
2026-02-21 16:00:16 [INFO]    [PING OK] TR | VLESS | 3443ms
2026-02-21 16:00:16 [INFO]    [PING OK] CZ | VLESS | 6674ms
2026-02-21 16:00:16 [INFO]    [PING OK] DE | VLESS | 7040ms
2026-02-21 16:00:16 [INFO]    [PING OK] DE | VLESS | 7182ms
2026-02-21 16:00:16 [INFO]    [PING OK] DE | VLESS | 5574ms
2026-02-21 16:00:16 [INFO]    [PING OK] IT | VLESS | 3091ms
2026-02-21 16:00:16 [INFO]    [PING OK] DE | VLESS | 5457ms
2026-02-21 16:00:16 [INFO]    [PING OK] IT | VLESS | 3073ms
2026-02-21 16:00:16 [INFO]    [PING OK] HU | VLESS | 3159ms
2026-02-21 16:00:17 [INFO]    [PING OK] HU | VLESS | 2912ms
2026-02-21 16:00:17 [INFO]    [PING OK] TR | VLESS | 3270ms
2026-02-21 16:00:17 [INFO]    [PING OK] TR | VLESS | 3121ms
2026-02-21 16:00:17 [INFO]    [PING OK] DE | VLESS | 8220ms
2026-02-21 16:00:17 [INFO]    [PING OK] DE | VLESS | 3849ms
2026-02-21 16:00:17 [INFO]    [PING OK] PL | VLESS | 3151ms
2026-02-21 16:00:18 [INFO]    [PING OK] ES | VLESS | 3294ms
2026-02-21 16:00:18 [INFO]    [PING OK] HU | VLESS | 3475ms
2026-02-21 16:00:18 [INFO]    [PING OK] IT | VLESS | 3421ms
2026-02-21 16:00:18 [INFO]    [PING OK] HU | VLESS | 3368ms
2026-02-21 16:00:18 [INFO]    [PING OK] TR | VLESS | 3823ms
2026-02-21 16:00:18 [INFO]    [PING OK] PL | VLESS | 3894ms
2026-02-21 16:00:19 [INFO]    [PING OK] PL | VLESS | 3995ms
2026-02-21 16:00:19 [INFO]    [PING OK] TR | VLESS | 5420ms
2026-02-21 16:00:21 [INFO]    [PING OK] ES | VLESS | 4297ms
2026-02-21 16:00:21 [INFO]    [PING OK] PL | VLESS | 4925ms
2026-02-21 16:00:22 [INFO]    [PING OK] PL | VLESS | 4462ms
2026-02-21 16:00:22 [INFO]    [PING OK] HU | VLESS | 4209ms
2026-02-21 16:00:22 [INFO]    [PING OK] ES | VLESS | 3748ms
2026-02-21 16:00:23 [INFO]    [PING OK] ES | VLESS | 3815ms
2026-02-21 16:00:23 [INFO]    [PING OK] PL | VLESS | 4689ms
2026-02-21 16:00:23 [INFO]    [PING OK] CA | VLESS | 4435ms
2026-02-21 16:00:23 [INFO]    [PING OK] ES | VLESS | 3998ms
2026-02-21 16:00:23 [INFO]    [PING OK] HU | VLESS | 3908ms
2026-02-21 16:00:23 [INFO]    [PING OK] ES | VLESS | 3737ms
2026-02-21 16:00:23 [INFO]    [PING OK] TR | VLESS | 4283ms
2026-02-21 16:00:24 [INFO]    [PING OK] PL | VLESS | 5174ms
2026-02-21 16:00:24 [INFO]    [PING OK] ES | VLESS | 4289ms
2026-02-21 16:00:25 [INFO]    [PING OK] ES | VLESS | 4178ms
2026-02-21 16:00:26 [INFO]    [PING OK] TR | VLESS | 4886ms
2026-02-21 16:00:27 [INFO]    [PING OK] DE | VLESS | 4517ms
2026-02-21 16:00:29 [INFO]    [PING OK] PL | VLESS | 871ms
2026-02-21 16:00:29 [INFO]    [PING OK] CA | VLESS | 5420ms
2026-02-21 16:00:30 [INFO]    [PING OK] CA | VLESS | 6487ms
2026-02-21 16:00:33 [INFO]    [PING OK] PL | VLESS | 5561ms
2026-02-21 16:00:33 [INFO] 🏎️ ЭТАП 2: Глубокий замер скорости для 40 иностранных кандидатов...
2026-02-21 16:00:36 [INFO]    🏆 PL | VLESS | Пинг: 871ms | Скорость: 9.05 Mbps ⚡⚡
2026-02-21 16:00:37 [INFO]    🏆 HU | VLESS | Пинг: 3368ms | Скорость: 8.25 Mbps ⚡⚡
2026-02-21 16:00:37 [INFO]    🏆 ES | VLESS | Пинг: 3294ms | Скорость: 6.93 Mbps ⚡⚡
2026-02-21 16:00:37 [INFO]    🏆 ES | VLESS | Пинг: 3737ms | Скорость: 6.57 Mbps ⚡⚡
2026-02-21 16:00:38 [INFO]    🏆 TR | VLESS | Пинг: 3443ms | Скорость: 6.35 Mbps ⚡⚡
2026-02-21 16:00:38 [INFO]    🏆 HU | VLESS | Пинг: 3475ms | Скорость: 5.38 Mbps ⚡⚡
2026-02-21 16:00:39 [INFO]    🏆 ES | VLESS | Пинг: 3815ms | Скорость: 16.05 Mbps ⚡⚡
2026-02-21 16:00:40 [INFO]    🏆 ES | VLESS | Пинг: 3748ms | Скорость: 7.13 Mbps ⚡⚡
2026-02-21 16:00:40 [INFO]    🏆 PL | VLESS | Пинг: 3151ms | Скорость: 2.4 Mbps ⚡
2026-02-21 16:00:40 [INFO]    🏆 HU | VLESS | Пинг: 2912ms | Скорость: 0.76 Mbps 
2026-02-21 16:00:40 [INFO]    🏆 HU | VLESS | Пинг: 3159ms | Скорость: 0.72 Mbps 
2026-02-21 16:00:41 [INFO]    🏆 TR | VLESS | Пинг: 3603ms | Скорость: 2.53 Mbps ⚡
2026-02-21 16:00:41 [INFO]    🏆 HU | VLESS | Пинг: 3908ms | Скорость: 15.41 Mbps ⚡⚡
2026-02-21 16:00:41 [INFO]    🏆 PL | VLESS | Пинг: 3894ms | Скорость: 9.67 Mbps ⚡⚡
2026-02-21 16:00:42 [INFO]    🏆 TR | VLESS | Пинг: 3121ms | Скорость: 1.39 Mbps 
2026-02-21 16:00:42 [INFO]    🏆 TR | VLESS | Пинг: 3867ms | Скорость: 5.0 Mbps ⚡⚡
2026-02-21 16:00:43 [INFO]    🏆 ES | VLESS | Пинг: 4178ms | Скорость: 12.03 Mbps ⚡⚡
2026-02-21 16:00:43 [INFO]    🏆 ES | VLESS | Пинг: 4289ms | Скорость: 13.07 Mbps ⚡⚡
2026-02-21 16:00:43 [INFO]    🏆 ES | VLESS | Пинг: 3998ms | Скорость: 8.48 Mbps ⚡⚡
2026-02-21 16:00:45 [INFO]    🏆 CA | VLESS | Пинг: 4435ms | Скорость: 6.57 Mbps ⚡⚡
2026-02-21 16:00:45 [INFO]    🏆 NL | VLESS | Пинг: 4747ms | Скорость: 19.01 Mbps ⚡⚡
2026-02-21 16:00:45 [INFO]    🏆 TR | VLESS | Пинг: 3823ms | Скорость: 0.73 Mbps 
2026-02-21 16:00:45 [INFO]    🏆 PL | VLESS | Пинг: 4462ms | Скорость: 5.79 Mbps ⚡⚡
2026-02-21 16:00:46 [INFO]    🏆 HU | VLESS | Пинг: 4209ms | Скорость: 4.54 Mbps ⚡⚡
2026-02-21 16:00:47 [INFO]    🏆 PL | VLESS | Пинг: 3945ms | Скорость: 1.04 Mbps 
2026-02-21 16:00:47 [INFO]    🏆 TR | VLESS | Пинг: 4283ms | Скорость: 1.36 Mbps 
2026-02-21 16:00:47 [INFO]    🏆 ES | VLESS | Пинг: 4297ms | Скорость: 1.37 Mbps 
2026-02-21 16:00:48 [INFO]    🏆 IT | VLESS | Пинг: 4311ms | Скорость: 1.13 Mbps 
2026-02-21 16:00:48 [INFO]    🏆 IT | VLESS | Пинг: 4399ms | Скорость: 0.7 Mbps 
2026-02-21 16:00:50 [INFO]    🏆 PL | VLESS | Пинг: 4689ms | Скорость: 0.78 Mbps 
2026-02-21 16:00:50 [INFO]    🏆 TR | VLESS | Пинг: 4886ms | Скорость: 2.0 Mbps ⚡
2026-02-21 16:00:50 [INFO] 📊 Итого в подписке сохранено иностранных серверов: 10
2026-02-21 16:00:50 [INFO] 💾 Файл успешно сохранен: FL1PVPN
