2026-02-21 15:10:06 [INFO] 🚀 START: Smart Selector (Target: 10, Strict Mode, Hybrid Protocol)
2026-02-21 15:10:06 [INFO] 🌐 Загрузка источников (VLESS + VMess)...
2026-02-21 15:10:07 [INFO] 🔍 Уникальных конфигов собрано: 209
2026-02-21 15:10:07 [INFO] ⚡ ЭТАП 1: Быстрый замер Пинга (Workers: 40)...
2026-02-21 15:10:08 [INFO]    [PING OK] RU | VLESS | 223ms
2026-02-21 15:10:08 [INFO]    [PING OK] RU | VLESS | 232ms
2026-02-21 15:10:08 [INFO]    [PING OK] RU | VLESS | 384ms
2026-02-21 15:10:08 [INFO]    [PING OK] RU | VLESS | 200ms
2026-02-21 15:10:08 [INFO]    [PING OK] RU | VLESS | 450ms
2026-02-21 15:10:08 [INFO]    [PING OK] RU | VLESS | 412ms
2026-02-21 15:10:08 [INFO]    [PING OK] RU | VLESS | 353ms
2026-02-21 15:10:08 [INFO]    [PING OK] RU | VLESS | 880ms
2026-02-21 15:10:09 [INFO]    [PING OK] RU | VLESS | 1203ms
2026-02-21 15:10:09 [INFO]    [PING OK] RU | VLESS | 307ms
2026-02-21 15:10:09 [INFO]    [PING OK] RU | VLESS | 421ms
2026-02-21 15:10:09 [INFO]    [PING OK] RU | VLESS | 1229ms
2026-02-21 15:10:09 [INFO]    [PING OK] RU | VLESS | 255ms
2026-02-21 15:10:09 [INFO]    [PING OK] RU | VLESS | 353ms
2026-02-21 15:10:09 [INFO]    [PING OK] RU | VLESS | 444ms
2026-02-21 15:10:09 [INFO]    [PING OK] RU | VLESS | 1610ms
2026-02-21 15:10:09 [INFO]    [PING OK] RU | VLESS | 727ms
2026-02-21 15:10:09 [INFO]    [PING OK] RU | VLESS | 283ms
2026-02-21 15:10:09 [INFO]    [PING OK] RU | VLESS | 411ms
2026-02-21 15:10:09 [INFO]    [PING OK] RU | VLESS | 320ms
2026-02-21 15:10:09 [INFO]    [PING OK] RU | VLESS | 372ms
2026-02-21 15:10:10 [INFO]    [PING OK] RU | VLESS | 918ms
2026-02-21 15:10:10 [INFO]    [PING OK] RU | VLESS | 341ms
2026-02-21 15:10:10 [INFO]    [PING OK] RU | VLESS | 1471ms
2026-02-21 15:10:10 [INFO]    [PING OK] RU | VLESS | 205ms
2026-02-21 15:10:10 [INFO]    [PING OK] RU | VLESS | 305ms
2026-02-21 15:10:10 [INFO]    [PING OK] RU | VLESS | 399ms
2026-02-21 15:10:10 [INFO]    [PING OK] RU | VLESS | 2840ms
2026-02-21 15:10:10 [INFO]    [PING OK] RU | VLESS | 3028ms
2026-02-21 15:10:11 [INFO]    [PING OK] RU | VLESS | 1967ms
2026-02-21 15:10:11 [INFO]    [PING OK] RU | VLESS | 412ms
2026-02-21 15:10:11 [INFO]    [PING OK] RU | VLESS | 961ms
2026-02-21 15:10:11 [INFO]    [PING OK] RU | VLESS | 76ms
2026-02-21 15:10:11 [INFO]    [PING OK] RU | VLESS | 1071ms
2026-02-21 15:10:11 [INFO]    [PING OK] RU | VLESS | 562ms
2026-02-21 15:10:12 [INFO]    [PING OK] RU | VLESS | 1316ms
2026-02-21 15:10:12 [INFO]    [PING OK] RU | VLESS | 302ms
2026-02-21 15:10:12 [INFO]    [PING OK] RU | VLESS | 4067ms
2026-02-21 15:10:12 [INFO]    [PING OK] RU | VLESS | 4185ms
2026-02-21 15:10:12 [INFO]    [PING OK] RU | VLESS | 1123ms
2026-02-21 15:10:12 [INFO]    [PING OK] RU | VLESS | 570ms
2026-02-21 15:10:12 [INFO]    [PING OK] RU | VLESS | 245ms
2026-02-21 15:10:12 [INFO]    [PING OK] RU | VLESS | 226ms
2026-02-21 15:10:12 [INFO]    [PING OK] RU | VLESS | 256ms
2026-02-21 15:10:12 [INFO]    [PING OK] RU | VLESS | 4233ms
2026-02-21 15:10:12 [INFO]    [PING OK] RU | VLESS | 76ms
2026-02-21 15:10:12 [INFO]    [PING OK] RU | VLESS | 3587ms
2026-02-21 15:10:13 [INFO]    [PING OK] RU | VLESS | 3779ms
2026-02-21 15:10:13 [INFO]    [PING OK] RU | VLESS | 241ms
2026-02-21 15:10:13 [INFO]    [PING OK] RU | VLESS | 254ms
2026-02-21 15:10:13 [INFO]    [PING OK] RU | VLESS | 1032ms
2026-02-21 15:10:13 [INFO]    [PING OK] RU | VLESS | 228ms
2026-02-21 15:10:13 [INFO]    [PING OK] RU | VLESS | 339ms
2026-02-21 15:10:13 [INFO]    [PING OK] GB | VLESS | 2659ms
2026-02-21 15:10:13 [INFO]    [PING OK] RU | VLESS | 97ms
2026-02-21 15:10:13 [INFO]    [PING OK] RU | VLESS | 1302ms
2026-02-21 15:10:14 [INFO]    [PING OK] RU | VLESS | 1862ms
2026-02-21 15:10:14 [INFO]    [PING OK] RU | VLESS | 947ms
2026-02-21 15:10:14 [INFO]    [PING OK] RU | VLESS | 221ms
2026-02-21 15:10:14 [INFO]    [PING OK] RU | VLESS | 315ms
2026-02-21 15:10:14 [INFO]    [PING OK] RU | VLESS | 258ms
2026-02-21 15:10:14 [INFO]    [PING OK] RU | VLESS | 246ms
2026-02-21 15:10:14 [INFO]    [PING OK] RU | VLESS | 226ms
2026-02-21 15:10:14 [INFO]    [PING OK] RU | VLESS | 300ms
2026-02-21 15:10:14 [INFO]    [PING OK] RU | VLESS | 1060ms
2026-02-21 15:10:14 [INFO]    [PING OK] RU | VLESS | 280ms
2026-02-21 15:10:15 [INFO]    [PING OK] RU | VLESS | 1362ms
2026-02-21 15:10:15 [INFO]    [PING OK] RU | VLESS | 354ms
2026-02-21 15:10:15 [INFO]    [PING OK] RU | VLESS | 1003ms
2026-02-21 15:10:15 [INFO]    [PING OK] RU | VLESS | 408ms
2026-02-21 15:10:15 [INFO]    [PING OK] RU | VLESS | 1132ms
2026-02-21 15:10:16 [INFO]    [PING OK] DE | VLESS | 1152ms
2026-02-21 15:10:17 [INFO]    [PING OK] RU | VLESS | 2983ms
2026-02-21 15:10:17 [INFO]    [PING OK] EE | VLESS | 525ms
2026-02-21 15:10:17 [INFO]    [PING OK] RU | VLESS | 1527ms
2026-02-21 15:10:17 [INFO]    [PING OK] EE | VLESS | 1465ms
2026-02-21 15:10:17 [INFO]    [PING OK] RU | VLESS | 2085ms
2026-02-21 15:10:22 [INFO]    [PING OK] RU | VLESS | 4735ms
2026-02-21 15:10:22 [INFO] 🏎️ ЭТАП 2: Глубокий замер скорости для 9 кандидатов...
2026-02-21 15:10:24 [INFO]    🏆 RU | VLESS | Пинг: 97ms | Скорость: 12.72 Mbps ⚡⚡
2026-02-21 15:10:25 [INFO]    🏆 EE | VLESS | Пинг: 1465ms | Скорость: 8.52 Mbps ⚡⚡
2026-02-21 15:10:25 [INFO]    🏆 RU | VLESS | Пинг: 76ms | Скорость: 6.28 Mbps ⚡⚡
2026-02-21 15:10:26 [INFO]    🏆 EE | VLESS | Пинг: 525ms | Скорость: 5.09 Mbps ⚡⚡
2026-02-21 15:10:28 [INFO]    🏆 RU | VLESS | Пинг: 205ms | Скорость: 1.55 Mbps ⚡
2026-02-21 15:10:28 [INFO] 🇷🇺 Добавлен лучший рабочий RU сервер: 95.163.210.225 со скоростью 6.28 Mbps
2026-02-21 15:10:28 [INFO] 📊 Итого в подписке сохранено: 3 серверов
2026-02-21 15:10:28 [INFO] 💾 Файл успешно сохранен: FL1PVPN
