2026-02-19 14:10:05 [INFO] 🚀 START: Smart VPN Selector (Target: 10, Strict Mode)
2026-02-19 14:10:05 [INFO] 🌐 Загрузка источников...
2026-02-19 14:10:09 [INFO] 🔍 Уникальных конфигов собрано: 1212
2026-02-19 14:10:09 [INFO] ⚡ ЭТАП 1: Быстрый замер Пинга (Workers: 25)...
2026-02-19 14:10:10 [INFO]    [PING OK] RU | 204ms
2026-02-19 14:10:10 [INFO]    [PING OK] DE | 280ms
2026-02-19 14:10:11 [INFO]    [PING OK] FR | 603ms
2026-02-19 14:10:11 [INFO]    [PING OK] DE | 143ms
2026-02-19 14:10:11 [INFO]    [PING OK] RU | 297ms
2026-02-19 14:10:12 [INFO]    [PING OK] DE | 1425ms
2026-02-19 14:10:13 [INFO]    [PING OK] RU | 1534ms
2026-02-19 14:10:14 [INFO]    [PING OK] TR | 260ms
2026-02-19 14:10:14 [INFO]    [PING OK] RU | 3844ms
2026-02-19 14:10:14 [INFO]    [PING OK] RU | 1648ms
2026-02-19 14:10:14 [INFO]    [PING OK] RU | 216ms
2026-02-19 14:10:15 [INFO]    [PING OK] LT | 2811ms
2026-02-19 14:10:18 [INFO]    [PING OK] RU | 3489ms
2026-02-19 14:10:20 [INFO]    [PING OK] TR | 178ms
2026-02-19 14:10:20 [INFO]    [PING OK] DE | 233ms
2026-02-19 14:10:21 [INFO]    [PING OK] RU | 773ms
2026-02-19 14:10:22 [INFO]    [PING OK] RU | 1515ms
2026-02-19 14:10:23 [INFO]    [PING OK] RU | 314ms
2026-02-19 14:10:24 [INFO]    [PING OK] RU | 242ms
2026-02-19 14:10:24 [INFO]    [PING OK] RU | 91ms
2026-02-19 14:10:24 [INFO]    [PING OK] RU | 235ms
2026-02-19 14:10:24 [INFO]    [PING OK] RU | 245ms
2026-02-19 14:10:25 [INFO]    [PING OK] RU | 258ms
2026-02-19 14:10:25 [INFO]    [PING OK] RU | 221ms
2026-02-19 14:10:25 [INFO]    [PING OK] RU | 411ms
2026-02-19 14:10:25 [INFO]    [PING OK] RU | 389ms
2026-02-19 14:10:25 [INFO]    [PING OK] RU | 295ms
2026-02-19 14:10:25 [INFO]    [PING OK] RU | 308ms
2026-02-19 14:10:25 [INFO]    [PING OK] RU | 211ms
2026-02-19 14:10:26 [INFO]    [PING OK] RU | 330ms
2026-02-19 14:10:26 [INFO]    [PING OK] RU | 336ms
2026-02-19 14:10:26 [INFO]    [PING OK] RU | 259ms
2026-02-19 14:10:26 [INFO]    [PING OK] RU | 328ms
2026-02-19 14:10:26 [INFO]    [PING OK] RU | 80ms
2026-02-19 14:10:26 [INFO]    [PING OK] RU | 207ms
2026-02-19 14:10:26 [INFO]    [PING OK] RU | 1296ms
2026-02-19 14:10:26 [INFO]    [PING OK] RU | 1995ms
2026-02-19 14:10:27 [INFO]    [PING OK] TR | 3411ms
2026-02-19 14:10:27 [INFO]    [PING OK] RU | 173ms
2026-02-19 14:10:27 [INFO]    [PING OK] RU | 231ms
2026-02-19 14:10:27 [INFO]    [PING OK] RU | 234ms
2026-02-19 14:10:28 [INFO]    [PING OK] RU | 1070ms
2026-02-19 14:10:28 [INFO]    [PING OK] RU | 101ms
2026-02-19 14:10:28 [INFO]    [PING OK] RU | 241ms
2026-02-19 14:10:28 [INFO]    [PING OK] RU | 245ms
2026-02-19 14:10:28 [INFO]    [PING OK] RU | 227ms
2026-02-19 14:10:28 [INFO]    [PING OK] RU | 633ms
2026-02-19 14:10:28 [INFO]    [PING OK] RU | 286ms
2026-02-19 14:10:28 [INFO]    [PING OK] RU | 341ms
2026-02-19 14:10:29 [INFO]    [PING OK] RU | 287ms
2026-02-19 14:10:29 [INFO]    [PING OK] RU | 771ms
2026-02-19 14:10:29 [INFO]    [PING OK] RU | 2728ms
2026-02-19 14:10:29 [INFO]    [PING OK] RU | 378ms
2026-02-19 14:10:29 [INFO]    [PING OK] RU | 368ms
2026-02-19 14:10:29 [INFO]    [PING OK] RU | 414ms
2026-02-19 14:10:29 [INFO]    [PING OK] RU | 210ms
2026-02-19 14:10:29 [INFO]    [PING OK] RU | 304ms
2026-02-19 14:10:29 [INFO]    [PING OK] RU | 3196ms
2026-02-19 14:10:29 [INFO]    [PING OK] RU | 342ms
2026-02-19 14:10:30 [INFO]    [PING OK] DE | 3261ms
2026-02-19 14:10:30 [INFO]    [PING OK] RU | 485ms
2026-02-19 14:10:30 [INFO]    [PING OK] RU | 133ms
2026-02-19 14:10:30 [INFO]    [PING OK] RU | 929ms
2026-02-19 14:10:30 [INFO]    [PING OK] RU | 925ms
2026-02-19 14:10:30 [INFO]    [PING OK] RU | 921ms
2026-02-19 14:10:31 [INFO]    [PING OK] FR | 191ms
2026-02-19 14:10:31 [INFO]    [PING OK] US | 362ms
2026-02-19 14:10:31 [INFO]    [PING OK] RU | 4688ms
2026-02-19 14:10:31 [INFO]    [PING OK] US | 529ms
2026-02-19 14:10:31 [INFO]    [PING OK] RU | 982ms
2026-02-19 14:10:31 [INFO]    [PING OK] RU | 1454ms
2026-02-19 14:10:31 [INFO]    [PING OK] MD | 143ms
2026-02-19 14:10:32 [INFO]    [PING OK] NL | 640ms
2026-02-19 14:10:32 [INFO]    [PING OK] RU | 3000ms
2026-02-19 14:10:32 [INFO]    [PING OK] DE | 119ms
2026-02-19 14:10:32 [INFO]    [PING OK] GB | 108ms
2026-02-19 14:10:32 [INFO]    [PING OK] PL | 110ms
2026-02-19 14:10:33 [INFO]    [PING OK] LV | 338ms
2026-02-19 14:10:34 [INFO]    [PING OK] RU | 3280ms
2026-02-19 14:10:34 [INFO]    [PING OK] BG | 215ms
2026-02-19 14:10:34 [INFO]    [PING OK] US | 392ms
2026-02-19 14:10:34 [INFO]    [PING OK] FR | 117ms
2026-02-19 14:10:34 [INFO]    [PING OK] US | 542ms
2026-02-19 14:10:35 [INFO]    [PING OK] KH | 569ms
2026-02-19 14:10:35 [INFO]    [PING OK] CA | 2615ms
2026-02-19 14:10:35 [INFO]    [PING OK] GR | 168ms
2026-02-19 14:10:36 [INFO]    [PING OK] GB | 156ms
2026-02-19 14:10:36 [INFO]    [PING OK] AT | 266ms
2026-02-19 14:10:36 [INFO]    [PING OK] ES | 194ms
2026-02-19 14:10:36 [INFO]    [PING OK] RU | 1126ms
2026-02-19 14:10:36 [INFO]    [PING OK] SG | 4930ms
2026-02-19 14:10:37 [INFO]    [PING OK] DE | 205ms
2026-02-19 14:10:37 [INFO]    [PING OK] TR | 261ms
2026-02-19 14:10:37 [INFO]    [PING OK] RU | 295ms
2026-02-19 14:10:37 [INFO]    [PING OK] US | 393ms
2026-02-19 14:10:37 [INFO]    [PING OK] US | 380ms
2026-02-19 14:10:38 [INFO]    [PING OK] US | 318ms
2026-02-19 14:10:39 [INFO]    [PING OK] JP | 2035ms
2026-02-19 14:10:39 [INFO]    [PING OK] US | 382ms
2026-02-19 14:10:39 [INFO]    [PING OK] IL | 235ms
2026-02-19 14:10:39 [INFO]    [PING OK] US | 603ms
2026-02-19 14:10:39 [INFO]    [PING OK] NL | 227ms
2026-02-19 14:10:40 [INFO]    [PING OK] GB | 1782ms
2026-02-19 14:10:40 [INFO]    [PING OK] GB | 142ms
2026-02-19 14:10:40 [INFO]    [PING OK] GB | 183ms
2026-02-19 14:10:40 [INFO]    [PING OK] US | 441ms
2026-02-19 14:10:40 [INFO]    [PING OK] US | 1010ms
2026-02-19 14:10:40 [INFO]    [PING OK] FI | 120ms
2026-02-19 14:10:41 [INFO]    [PING OK] PL | 115ms
2026-02-19 14:10:41 [INFO]    [PING OK] US | 551ms
2026-02-19 14:10:41 [INFO]    [PING OK] GB | 220ms
2026-02-19 14:10:41 [INFO]    [PING OK] DE | 117ms
2026-02-19 14:10:42 [INFO]    [PING OK] MX | 337ms
2026-02-19 14:10:42 [INFO]    [PING OK] HK | 1292ms
2026-02-19 14:10:42 [INFO]    [PING OK] US | 420ms
2026-02-19 14:10:42 [INFO]    [PING OK] GB | 697ms
2026-02-19 14:10:43 [INFO]    [PING OK] FR | 150ms
2026-02-19 14:10:43 [INFO]    [PING OK] IQ | 644ms
2026-02-19 14:10:44 [INFO]    [PING OK] SG | 515ms
2026-02-19 14:10:44 [INFO]    [PING OK] CA | 382ms
2026-02-19 14:10:44 [INFO]    [PING OK] UZ | 494ms
2026-02-19 14:10:44 [INFO]    [PING OK] HK | 1491ms
2026-02-19 14:10:56 [INFO]    [PING OK] DE | 354ms
2026-02-19 14:10:58 [INFO]    [PING OK] DE | 126ms
2026-02-19 14:11:01 [INFO]    [PING OK] SG | 491ms
2026-02-19 14:11:02 [INFO]    [PING OK] US | 250ms
2026-02-19 14:11:02 [INFO]    [PING OK] DE | 116ms
2026-02-19 14:11:06 [INFO]    [PING OK] GB | 388ms
2026-02-19 14:11:07 [INFO]    [PING OK] GB | 179ms
2026-02-19 14:11:09 [INFO]    [PING OK] BR | 515ms
2026-02-19 14:11:09 [INFO]    [PING OK] FR | 153ms
2026-02-19 14:11:10 [INFO]    [PING OK] DE | 126ms
2026-02-19 14:11:12 [INFO]    [PING OK] DE | 131ms
2026-02-19 14:11:13 [INFO]    [PING OK] AU | 928ms
2026-02-19 14:11:13 [INFO]    [PING OK] GB | 170ms
2026-02-19 14:11:14 [INFO]    [PING OK] DE | 215ms
2026-02-19 14:11:15 [INFO]    [PING OK] FR | 142ms
2026-02-19 14:11:21 [INFO]    [PING OK] DE | 134ms
2026-02-19 14:11:23 [INFO]    [PING OK] GB | 148ms
2026-02-19 14:11:23 [INFO]    [PING OK] GB | 153ms
2026-02-19 14:11:23 [INFO]    [PING OK] GB | 142ms
2026-02-19 14:11:23 [INFO]    [PING OK] GB | 242ms
2026-02-19 14:11:23 [INFO]    [PING OK] GB | 154ms
2026-02-19 14:11:24 [INFO]    [PING OK] NO | 601ms
2026-02-19 14:11:24 [INFO]    [PING OK] FI | 542ms
2026-02-19 14:11:25 [INFO]    [PING OK] SG | 705ms
2026-02-19 14:11:25 [INFO]    [PING OK] GB | 1013ms
2026-02-19 14:11:26 [INFO]    [PING OK] RU | 2845ms
2026-02-19 14:11:28 [INFO]    [PING OK] JP | 938ms
2026-02-19 14:11:28 [INFO]    [PING OK] GB | 3020ms
2026-02-19 14:11:28 [INFO]    [PING OK] GB | 3873ms
2026-02-19 14:11:29 [INFO]    [PING OK] TR | 130ms
2026-02-19 14:11:29 [INFO]    [PING OK] GB | 146ms
2026-02-19 14:11:30 [INFO]    [PING OK] DE | 3160ms
2026-02-19 14:11:30 [INFO]    [PING OK] GB | 3625ms
2026-02-19 14:11:30 [INFO]    [PING OK] GB | 184ms
2026-02-19 14:11:31 [INFO]    [PING OK] GB | 1498ms
2026-02-19 14:11:31 [INFO]    [PING OK] GB | 147ms
2026-02-19 14:11:31 [INFO]    [PING OK] DE | 1442ms
2026-02-19 14:11:31 [INFO]    [PING OK] NL | 265ms
2026-02-19 14:11:32 [INFO]    [PING OK] DE | 936ms
2026-02-19 14:11:33 [INFO]    [PING OK] US | 560ms
2026-02-19 14:11:34 [INFO]    [PING OK] GB | 138ms
2026-02-19 14:11:34 [INFO]    [PING OK] HK | 4648ms
2026-02-19 14:11:34 [INFO]    [PING OK] SE | 2033ms
2026-02-19 14:11:35 [INFO]    [PING OK] SC | 2082ms
2026-02-19 14:11:35 [INFO]    [PING OK] RU | 444ms
2026-02-19 14:11:36 [INFO]    [PING OK] DE | 1257ms
2026-02-19 14:11:37 [INFO]    [PING OK] RU | 137ms
2026-02-19 14:11:39 [INFO]    [PING OK] RU | 3207ms
2026-02-19 14:11:39 [INFO]    [PING OK] RU | 296ms
2026-02-19 14:11:41 [INFO]    [PING OK] RU | 3469ms
2026-02-19 14:11:43 [INFO]    [PING OK] ES | 155ms
2026-02-19 14:11:45 [INFO]    [PING OK] RU | 386ms
2026-02-19 14:11:50 [INFO]    [PING OK] RU | 729ms
2026-02-19 14:11:52 [INFO]    [PING OK] RU | 2078ms
2026-02-19 14:11:56 [INFO] 🏎️ ЭТАП 2: Глубокий замер скорости для ТОП-10 серверов...
2026-02-19 14:12:02 [INFO]    🏆 GB | Пинг: 108ms | Скорость: 7.93 Mbps ⚡⚡
2026-02-19 14:12:02 [INFO]    🏆 PL | Пинг: 110ms | Скорость: 0.0 Mbps 
2026-02-19 14:12:02 [INFO]    🏆 PL | Пинг: 115ms | Скорость: 0.0 Mbps 
2026-02-19 14:12:02 [INFO]    🏆 DE | Пинг: 116ms | Скорость: 8.28 Mbps ⚡⚡
2026-02-19 14:12:02 [INFO]    🏆 FR | Пинг: 117ms | Скорость: 8.16 Mbps ⚡⚡
2026-02-19 14:12:02 [INFO]    🏆 DE | Пинг: 117ms | Скорость: 4.79 Mbps ⚡⚡
2026-02-19 14:12:02 [INFO]    🏆 DE | Пинг: 119ms | Скорость: 4.72 Mbps ⚡⚡
2026-02-19 14:12:02 [INFO]    🏆 FI | Пинг: 120ms | Скорость: 8.23 Mbps ⚡⚡
2026-02-19 14:12:02 [INFO]    🏆 DE | Пинг: 126ms | Скорость: 8.43 Mbps ⚡⚡
2026-02-19 14:12:02 [INFO]    🏆 RU | Пинг: 80ms | Скорость: 8.46 Mbps ⚡⚡
2026-02-19 14:12:02 [INFO] 🇷🇺 Добавлен RU сервер: 87.242.103.184
2026-02-19 14:12:02 [INFO] 📊 Итого в подписке сохранено: 10 серверов
2026-02-19 14:12:02 [INFO] 💾 Файл успешно сохранен: FL1PVPN
