2026-02-23 21:40:05 [INFO] 🚀 START: Smart Selector (Target: 10, ONLY FOREIGN)
2026-02-23 21:40:05 [INFO] 🌐 Загрузка источников (VLESS + VMess)...
2026-02-23 21:40:07 [INFO] 🔍 Уникальных конфигов собрано: 228
2026-02-23 21:40:07 [INFO] ⚡ ЭТАП 1: Замер Пинга и Геолокации. Workers: 40...
2026-02-23 21:40:13 [INFO]    [PING OK] DE | VLESS | 4745ms
2026-02-23 21:40:13 [INFO]    [PING OK] PL | VLESS | 4660ms
2026-02-23 21:40:13 [INFO]    [PING OK] TR | VLESS | 4828ms
2026-02-23 21:40:14 [INFO]    [PING OK] ES | VLESS | 4366ms
2026-02-23 21:40:14 [INFO]    [PING OK] PL | VLESS | 4098ms
2026-02-23 21:40:14 [INFO]    [PING OK] ES | VLESS | 4334ms
2026-02-23 21:40:14 [INFO]    [PING OK] ES | VLESS | 4403ms
2026-02-23 21:40:14 [INFO]    [PING OK] HU | VLESS | 4264ms
2026-02-23 21:40:14 [INFO]    [PING OK] IT | VLESS | 3791ms
2026-02-23 21:40:14 [INFO]    [PING OK] FI | VLESS | 3894ms
2026-02-23 21:40:14 [INFO]    [PING OK] PL | VLESS | 4369ms
2026-02-23 21:40:14 [INFO]    [PING OK] TR | VLESS | 3765ms
2026-02-23 21:40:15 [INFO]    [PING OK] ES | VLESS | 4239ms
2026-02-23 21:40:15 [INFO]    [PING OK] PL | VLESS | 4250ms
2026-02-23 21:40:18 [INFO]    [PING OK] TR | VLESS | 4545ms
2026-02-23 21:40:18 [INFO]    [PING OK] TR | VLESS | 4585ms
2026-02-23 21:40:19 [INFO]    [PING OK] HU | VLESS | 4601ms
2026-02-23 21:40:19 [INFO]    [PING OK] DE | VLESS | 4820ms
2026-02-23 21:40:19 [INFO]    [PING OK] US | VLESS | 5069ms
2026-02-23 21:40:20 [INFO]    [PING OK] HU | VLESS | 4581ms
2026-02-23 21:40:20 [INFO]    [PING OK] IT | VLESS | 5148ms
2026-02-23 21:40:20 [INFO]    [PING OK] PL | VLESS | 5080ms
2026-02-23 21:40:20 [INFO]    [PING OK] IT | VLESS | 4787ms
2026-02-23 21:40:20 [INFO]    [PING OK] HU | VLESS | 4755ms
2026-02-23 21:40:20 [INFO]    [PING OK] HU | VLESS | 4813ms
2026-02-23 21:40:21 [INFO]    [PING OK] DE | VLESS | 5454ms
2026-02-23 21:40:22 [INFO]    [PING OK] ES | VLESS | 5301ms
2026-02-23 21:40:24 [INFO]    [PING OK] EE | VLESS | 6096ms
2026-02-23 21:40:26 [INFO]    [PING OK] CA | VLESS | 6108ms
2026-02-23 21:40:27 [INFO]    [PING OK] FI | VLESS | 5332ms
2026-02-23 21:40:27 [INFO]    [PING OK] SE | VLESS | 5658ms
2026-02-23 21:40:27 [INFO]    [PING OK] HK | VLESS | 6217ms
2026-02-23 21:40:27 [INFO]    [PING OK] SE | VLESS | 5617ms
2026-02-23 21:40:27 [INFO]    [PING OK] SE | VLESS | 5985ms
2026-02-23 21:40:27 [INFO]    [PING OK] DE | VLESS | 6482ms
2026-02-23 21:40:28 [INFO]    [PING OK] SE | VLESS | 4893ms
2026-02-23 21:40:28 [INFO]    [PING OK] DE | VLESS | 5709ms
2026-02-23 21:40:28 [INFO]    [PING OK] DE | VLESS | 5885ms
2026-02-23 21:40:28 [INFO]    [PING OK] SE | VLESS | 5095ms
2026-02-23 21:40:29 [INFO]    [PING OK] CA | VLESS | 8923ms
2026-02-23 21:40:29 [INFO]    [PING OK] SE | VLESS | 4546ms
2026-02-23 21:40:29 [INFO]    [PING OK] SE | VLESS | 4415ms
2026-02-23 21:40:30 [INFO]    [PING OK] CZ | VLESS | 4826ms
2026-02-23 21:40:30 [INFO]    [PING OK] SE | VLESS | 3567ms
2026-02-23 21:40:30 [INFO]    [PING OK] DE | VLESS | 3697ms
2026-02-23 21:40:30 [INFO]    [PING OK] DE | VLESS | 3564ms
2026-02-23 21:40:30 [INFO]    [PING OK] SE | VLESS | 2182ms
2026-02-23 21:40:30 [INFO]    [PING OK] SE | VLESS | 2384ms
2026-02-23 21:40:30 [INFO]    [PING OK] DE | VLESS | 3016ms
2026-02-23 21:40:30 [INFO]    [PING OK] DE | VLESS | 2256ms
2026-02-23 21:40:30 [INFO]    [PING OK] SE | VLESS | 2899ms
2026-02-23 21:40:30 [INFO]    [PING OK] JP | VLESS | 4360ms
2026-02-23 21:40:30 [INFO]    [PING OK] NL | VLESS | 2724ms
2026-02-23 21:40:30 [INFO]    [PING OK] CA | VLESS | 5717ms
2026-02-23 21:40:33 [INFO]    [PING OK] CA | VLESS | 7167ms
2026-02-23 21:40:35 [INFO] 🏎️ ЭТАП 2: Глубокий замер скорости для 40 иностранных кандидатов...
2026-02-23 21:40:39 [INFO]    🏆 SE | VLESS | Пинг: 3567ms | Скорость: 5.43 Mbps ⚡⚡
2026-02-23 21:40:39 [INFO]    🏆 SE | VLESS | Пинг: 2182ms | Скорость: 5.26 Mbps ⚡⚡
2026-02-23 21:40:39 [INFO]    🏆 DE | VLESS | Пинг: 3016ms | Скорость: 5.34 Mbps ⚡⚡
2026-02-23 21:40:39 [INFO]    🏆 PL | VLESS | Пинг: 4250ms | Скорость: 5.61 Mbps ⚡⚡
2026-02-23 21:40:39 [INFO]    🏆 DE | VLESS | Пинг: 2256ms | Скорость: 5.2 Mbps ⚡⚡
2026-02-23 21:40:40 [INFO]    🏆 IT | VLESS | Пинг: 3791ms | Скорость: 5.45 Mbps ⚡⚡
2026-02-23 21:40:40 [INFO]    🏆 PL | VLESS | Пинг: 4098ms | Скорость: 5.41 Mbps ⚡⚡
2026-02-23 21:40:40 [INFO]    🏆 TR | VLESS | Пинг: 3765ms | Скорость: 5.26 Mbps ⚡⚡
2026-02-23 21:40:40 [INFO]    🏆 NL | VLESS | Пинг: 2724ms | Скорость: 4.92 Mbps ⚡⚡
2026-02-23 21:40:40 [INFO]    🏆 DE | VLESS | Пинг: 3564ms | Скорость: 4.92 Mbps ⚡⚡
2026-02-23 21:40:40 [INFO]    🏆 DE | VLESS | Пинг: 3697ms | Скорость: 4.62 Mbps ⚡⚡
2026-02-23 21:40:41 [INFO]    🏆 ES | VLESS | Пинг: 4239ms | Скорость: 3.98 Mbps ⚡⚡
2026-02-23 21:40:43 [INFO]    🏆 ES | VLESS | Пинг: 4403ms | Скорость: 7.01 Mbps ⚡⚡
2026-02-23 21:40:43 [INFO]    🏆 ES | VLESS | Пинг: 4334ms | Скорость: 6.81 Mbps ⚡⚡
2026-02-23 21:40:43 [INFO]    🏆 HU | VLESS | Пинг: 4601ms | Скорость: 7.57 Mbps ⚡⚡
2026-02-23 21:40:43 [INFO]    🏆 HU | VLESS | Пинг: 4581ms | Скорость: 7.24 Mbps ⚡⚡
2026-02-23 21:40:43 [INFO]    🏆 TR | VLESS | Пинг: 4545ms | Скорость: 7.03 Mbps ⚡⚡
2026-02-23 21:40:43 [INFO]    🏆 TR | VLESS | Пинг: 4585ms | Скорость: 6.68 Mbps ⚡⚡
2026-02-23 21:40:43 [INFO]    🏆 PL | VLESS | Пинг: 4660ms | Скорость: 6.91 Mbps ⚡⚡
2026-02-23 21:40:44 [INFO]    🏆 PL | VLESS | Пинг: 4369ms | Скорость: 5.7 Mbps ⚡⚡
2026-02-23 21:40:44 [INFO]    🏆 HU | VLESS | Пинг: 4755ms | Скорость: 9.17 Mbps ⚡⚡
2026-02-23 21:40:44 [INFO]    🏆 HU | VLESS | Пинг: 4264ms | Скорость: 4.65 Mbps ⚡⚡
2026-02-23 21:40:45 [INFO]    🏆 ES | VLESS | Пинг: 4366ms | Скорость: 4.45 Mbps ⚡⚡
2026-02-23 21:40:46 [INFO]    🏆 DE | VLESS | Пинг: 4820ms | Скорость: 11.09 Mbps ⚡⚡
2026-02-23 21:40:46 [INFO]    🏆 CZ | VLESS | Пинг: 4826ms | Скорость: 9.25 Mbps ⚡⚡
2026-02-23 21:40:46 [INFO]    🏆 PL | VLESS | Пинг: 5080ms | Скорость: 11.29 Mbps ⚡⚡
2026-02-23 21:40:46 [INFO]    🏆 HU | VLESS | Пинг: 4813ms | Скорость: 7.83 Mbps ⚡⚡
2026-02-23 21:40:47 [INFO]    🏆 TR | VLESS | Пинг: 4828ms | Скорость: 7.51 Mbps ⚡⚡
2026-02-23 21:40:47 [INFO]    🏆 US | VLESS | Пинг: 5069ms | Скорость: 6.71 Mbps ⚡⚡
2026-02-23 21:40:47 [INFO]    🏆 IT | VLESS | Пинг: 4787ms | Скорость: 5.94 Mbps ⚡⚡
2026-02-23 21:40:48 [INFO]    🏆 IT | VLESS | Пинг: 5148ms | Скорость: 5.38 Mbps ⚡⚡
2026-02-23 21:40:51 [INFO] 📊 Итого в подписке сохранено иностранных серверов: 10
2026-02-23 21:40:51 [INFO] 💾 Файл успешно сохранен: FL1PVPN
