2026-02-25 14:50:05 [INFO] 🚀 START: Smart Selector (Target: 10, ONLY FOREIGN)
2026-02-25 14:50:05 [INFO] 🌐 Загрузка источников (VLESS + VMess)...
2026-02-25 14:50:07 [INFO] 🔍 Уникальных конфигов собрано: 199
2026-02-25 14:50:07 [INFO] ⚡ ЭТАП 1: Замер Пинга и Геолокации. Workers: 40...
2026-02-25 14:50:13 [INFO]    [PING OK] NL | VLESS | 4688ms
2026-02-25 14:50:13 [INFO]    [PING OK] FI | VLESS | 4688ms
2026-02-25 14:50:13 [INFO]    [PING OK] NL | VLESS | 4833ms
2026-02-25 14:50:13 [INFO]    [PING OK] DE | VLESS | 5052ms
2026-02-25 14:50:13 [INFO]    [PING OK] NL | VLESS | 4973ms
2026-02-25 14:50:13 [INFO]    [PING OK] NL | VLESS | 4752ms
2026-02-25 14:50:13 [INFO]    [PING OK] DE | VLESS | 4893ms
2026-02-25 14:50:14 [INFO]    [PING OK] NL | VLESS | 3762ms
2026-02-25 14:50:15 [INFO]    [PING OK] DE | VLESS | 4788ms
2026-02-25 14:50:17 [INFO]    [PING OK] NL | VLESS | 9470ms
2026-02-25 14:50:17 [INFO]    [PING OK] NL | VLESS | 4014ms
2026-02-25 14:50:18 [INFO]    [PING OK] DE | VLESS | 3869ms
2026-02-25 14:50:18 [INFO]    [PING OK] NL | VLESS | 4293ms
2026-02-25 14:50:18 [INFO]    [PING OK] DE | VLESS | 3568ms
2026-02-25 14:50:18 [INFO]    [PING OK] DE | VLESS | 3895ms
2026-02-25 14:50:19 [INFO]    [PING OK] US | VLESS | 8845ms
2026-02-25 14:50:19 [INFO]    [PING OK] LV | VLESS | 3576ms
2026-02-25 14:50:19 [INFO]    [PING OK] US | VLESS | 3895ms
2026-02-25 14:50:20 [INFO]    [PING OK] LT | VLESS | 3973ms
2026-02-25 14:50:20 [INFO]    [PING OK] DE | VLESS | 4055ms
2026-02-25 14:50:21 [INFO]    [PING OK] US | VLESS | 4247ms
2026-02-25 14:50:22 [INFO]    [PING OK] DE | VLESS | 4169ms
2026-02-25 14:50:22 [INFO]    [PING OK] FR | VLESS | 8351ms
2026-02-25 14:50:22 [INFO]    [PING OK] CA | VLESS | 4630ms
2026-02-25 14:50:23 [INFO]    [PING OK] GB | VLESS | 4915ms
2026-02-25 14:50:23 [INFO]    [PING OK] NL | VLESS | 4191ms
2026-02-25 14:50:23 [INFO]    [PING OK] US | VLESS | 4344ms
2026-02-25 14:50:24 [INFO]    [PING OK] SG | VLESS | 4694ms
2026-02-25 14:50:24 [INFO]    [PING OK] US | VLESS | 4700ms
2026-02-25 14:50:24 [INFO]    [PING OK] DE | VLESS | 4719ms
2026-02-25 14:50:24 [INFO]    [PING OK] US | VLESS | 4849ms
2026-02-25 14:50:25 [INFO]    [PING OK] US | VLESS | 6458ms
2026-02-25 14:50:25 [INFO]    [PING OK] US | VLESS | 5907ms
2026-02-25 14:50:25 [INFO]    [PING OK] GB | VLESS | 5498ms
2026-02-25 14:50:25 [INFO]    [PING OK] US | VLESS | 4827ms
2026-02-25 14:50:25 [INFO]    [PING OK] US | VLESS | 7396ms
2026-02-25 14:50:25 [INFO]    [PING OK] US | VLESS | 5458ms
2026-02-25 14:50:25 [INFO]    [PING OK] ES | VLESS | 4839ms
2026-02-25 14:50:26 [INFO]    [PING OK] TR | VLESS | 4716ms
2026-02-25 14:50:26 [INFO]    [PING OK] US | VLESS | 4467ms
2026-02-25 14:50:27 [INFO]    [PING OK] LV | VLESS | 3950ms
2026-02-25 14:50:28 [INFO]    [PING OK] NL | VLESS | 2854ms
2026-02-25 14:50:28 [INFO]    [PING OK] US | VLESS | 2915ms
2026-02-25 14:50:28 [INFO]    [PING OK] DE | VLESS | 2538ms
2026-02-25 14:50:28 [INFO]    [PING OK] US | VLESS | 3919ms
2026-02-25 14:50:30 [INFO]    [PING OK] US | VLESS | 6794ms
2026-02-25 14:50:33 [INFO] 🏎️ ЭТАП 2: Глубокий замер скорости для 40 иностранных кандидатов...
2026-02-25 14:50:37 [INFO]    🏆 LT | VLESS | Пинг: 3973ms | Скорость: 7.03 Mbps ⚡⚡
2026-02-25 14:50:37 [INFO]    🏆 NL | VLESS | Пинг: 2854ms | Скорость: 6.42 Mbps ⚡⚡
2026-02-25 14:50:37 [INFO]    🏆 DE | VLESS | Пинг: 2538ms | Скорость: 6.3 Mbps ⚡⚡
2026-02-25 14:50:37 [INFO]    🏆 LV | VLESS | Пинг: 3576ms | Скорость: 6.21 Mbps ⚡⚡
2026-02-25 14:50:37 [INFO]    🏆 DE | VLESS | Пинг: 3869ms | Скорость: 6.2 Mbps ⚡⚡
2026-02-25 14:50:37 [INFO]    🏆 LV | VLESS | Пинг: 3950ms | Скорость: 6.26 Mbps ⚡⚡
2026-02-25 14:50:37 [INFO]    🏆 DE | VLESS | Пинг: 4169ms | Скорость: 6.09 Mbps ⚡⚡
2026-02-25 14:50:37 [INFO]    🏆 US | VLESS | Пинг: 2915ms | Скорость: 5.65 Mbps ⚡⚡
2026-02-25 14:50:37 [INFO]    🏆 DE | VLESS | Пинг: 3568ms | Скорость: 5.05 Mbps ⚡⚡
2026-02-25 14:50:38 [INFO]    🏆 US | VLESS | Пинг: 3919ms | Скорость: 4.19 Mbps ⚡⚡
2026-02-25 14:50:39 [INFO]    🏆 NL | VLESS | Пинг: 4014ms | Скорость: 3.9 Mbps ⚡⚡
2026-02-25 14:50:39 [INFO]    🏆 US | VLESS | Пинг: 3895ms | Скорость: 3.64 Mbps ⚡⚡
2026-02-25 14:50:40 [INFO]    🏆 NL | VLESS | Пинг: 4191ms | Скорость: 7.53 Mbps ⚡⚡
2026-02-25 14:50:40 [INFO]    🏆 US | VLESS | Пинг: 4247ms | Скорость: 6.77 Mbps ⚡⚡
2026-02-25 14:50:41 [INFO]    🏆 NL | VLESS | Пинг: 4752ms | Скорость: 11.6 Mbps ⚡⚡
2026-02-25 14:50:42 [INFO]    🏆 TR | VLESS | Пинг: 4716ms | Скорость: 5.74 Mbps ⚡⚡
2026-02-25 14:50:43 [INFO]    🏆 CA | VLESS | Пинг: 4630ms | Скорость: 3.91 Mbps ⚡⚡
2026-02-25 14:50:43 [INFO]    🏆 US | VLESS | Пинг: 4344ms | Скорость: 1.95 Mbps ⚡
2026-02-25 14:50:44 [INFO]    🏆 US | VLESS | Пинг: 4467ms | Скорость: 2.27 Mbps ⚡
2026-02-25 14:50:44 [INFO]    🏆 FI | VLESS | Пинг: 4688ms | Скорость: 1.06 Mbps 
2026-02-25 14:50:44 [INFO]    🏆 US | VLESS | Пинг: 4700ms | Скорость: 2.37 Mbps ⚡
2026-02-25 14:50:44 [INFO]    🏆 DE | VLESS | Пинг: 4719ms | Скорость: 4.1 Mbps ⚡⚡
2026-02-25 14:50:46 [INFO]    🏆 DE | VLESS | Пинг: 4788ms | Скорость: 2.59 Mbps ⚡
2026-02-25 14:50:46 [INFO]    🏆 US | VLESS | Пинг: 4827ms | Скорость: 3.63 Mbps ⚡⚡
2026-02-25 14:50:49 [INFO]    🏆 US | VLESS | Пинг: 5458ms | Скорость: 3.62 Mbps ⚡⚡
2026-02-25 14:50:49 [INFO]    🏆 US | VLESS | Пинг: 5907ms | Скорость: 4.08 Mbps ⚡⚡
2026-02-25 14:50:49 [INFO] 📊 Итого в подписке сохранено иностранных серверов: 10
2026-02-25 14:50:49 [INFO] 💾 Файл успешно сохранен: FL1PVPN
