2026-02-25 10:00:06 [INFO] 🚀 START: Smart Selector (Target: 10, ONLY FOREIGN)
2026-02-25 10:00:06 [INFO] 🌐 Загрузка источников (VLESS + VMess)...
2026-02-25 10:00:07 [INFO] 🔍 Уникальных конфигов собрано: 169
2026-02-25 10:00:07 [INFO] ⚡ ЭТАП 1: Замер Пинга и Геолокации. Workers: 40...
2026-02-25 10:00:13 [INFO]    [PING OK] DE | VLESS | 5045ms
2026-02-25 10:00:13 [INFO]    [PING OK] DE | VLESS | 4997ms
2026-02-25 10:00:13 [INFO]    [PING OK] NL | VLESS | 4726ms
2026-02-25 10:00:13 [INFO]    [PING OK] FI | VLESS | 4775ms
2026-02-25 10:00:13 [INFO]    [PING OK] NL | VLESS | 4884ms
2026-02-25 10:00:13 [INFO]    [PING OK] DE | VLESS | 5178ms
2026-02-25 10:00:13 [INFO]    [PING OK] FI | VLESS | 5098ms
2026-02-25 10:00:13 [INFO]    [PING OK] US | VLESS | 4422ms
2026-02-25 10:00:13 [INFO]    [PING OK] FI | VLESS | 4649ms
2026-02-25 10:00:13 [INFO]    [PING OK] FI | VLESS | 5121ms
2026-02-25 10:00:13 [INFO]    [PING OK] FI | VLESS | 4959ms
2026-02-25 10:00:13 [INFO]    [PING OK] NL | VLESS | 4911ms
2026-02-25 10:00:13 [INFO]    [PING OK] NL | VLESS | 4729ms
2026-02-25 10:00:13 [INFO]    [PING OK] US | VLESS | 4927ms
2026-02-25 10:00:13 [INFO]    [PING OK] NL | VLESS | 5035ms
2026-02-25 10:00:14 [INFO]    [PING OK] NL | VLESS | 5807ms
2026-02-25 10:00:14 [INFO]    [PING OK] DE | VLESS | 4037ms
2026-02-25 10:00:14 [INFO]    [PING OK] US | VLESS | 3785ms
2026-02-25 10:00:16 [INFO]    [PING OK] NL | VLESS | 4251ms
2026-02-25 10:00:16 [INFO]    [PING OK] DE | VLESS | 8528ms
2026-02-25 10:00:16 [INFO]    [PING OK] NL | VLESS | 6467ms
2026-02-25 10:00:18 [INFO]    [PING OK] DE | VLESS | 4080ms
2026-02-25 10:00:18 [INFO]    [PING OK] NL | VLESS | 3996ms
2026-02-25 10:00:18 [INFO]    [PING OK] FI | VLESS | 3960ms
2026-02-25 10:00:18 [INFO]    [PING OK] NL | VLESS | 4236ms
2026-02-25 10:00:18 [INFO]    [PING OK] NL | VLESS | 4166ms
2026-02-25 10:00:19 [INFO]    [PING OK] NL | VLESS | 3662ms
2026-02-25 10:00:19 [INFO]    [PING OK] DE | VLESS | 3568ms
2026-02-25 10:00:19 [INFO]    [PING OK] DE | VLESS | 5404ms
2026-02-25 10:00:19 [INFO]    [PING OK] DE | VLESS | 3479ms
2026-02-25 10:00:19 [INFO]    [PING OK] US | VLESS | 3744ms
2026-02-25 10:00:20 [INFO]    [PING OK] FI | VLESS | 6244ms
2026-02-25 10:00:20 [INFO]    [PING OK] FI | VLESS | 6113ms
2026-02-25 10:00:21 [INFO]    [PING OK] NL | VLESS | 5606ms
2026-02-25 10:00:21 [INFO]    [PING OK] DE | VLESS | 3554ms
2026-02-25 10:00:21 [INFO]    [PING OK] CA | VLESS | 5508ms
2026-02-25 10:00:22 [INFO]    [PING OK] RS | VLESS | 3468ms
2026-02-25 10:00:22 [INFO]    [PING OK] SG | VLESS | 3548ms
2026-02-25 10:00:22 [INFO]    [PING OK] DE | VLESS | 3634ms
2026-02-25 10:00:22 [INFO]    [PING OK] US | VLESS | 3756ms
2026-02-25 10:00:22 [INFO]    [PING OK] US | VLESS | 3502ms
2026-02-25 10:00:23 [INFO]    [PING OK] DE | VLESS | 3511ms
2026-02-25 10:00:24 [INFO]    [PING OK] KZ | VLESS | 4042ms
2026-02-25 10:00:24 [INFO]    [PING OK] NL | VLESS | 3392ms
2026-02-25 10:00:24 [INFO]    [PING OK] NL | VLESS | 3575ms
2026-02-25 10:00:24 [INFO]    [PING OK] US | VLESS | 3767ms
2026-02-25 10:00:24 [INFO]    [PING OK] CY | VLESS | 3966ms
2026-02-25 10:00:24 [INFO]    [PING OK] SG | VLESS | 3547ms
2026-02-25 10:00:25 [INFO]    [PING OK] SE | VLESS | 3109ms
2026-02-25 10:00:25 [INFO]    [PING OK] FR | VLESS | 2672ms
2026-02-25 10:00:25 [INFO]    [PING OK] DE | VLESS | 2221ms
2026-02-25 10:00:26 [INFO]    [PING OK] GB | VLESS | 2614ms
2026-02-25 10:00:26 [INFO]    [PING OK] GB | VLESS | 2451ms
2026-02-25 10:00:26 [INFO]    [PING OK] US | VLESS | 3209ms
2026-02-25 10:00:26 [INFO]    [PING OK] TW | VLESS | 4334ms
2026-02-25 10:00:26 [INFO]    [PING OK] SG | VLESS | 3155ms
2026-02-25 10:00:28 [INFO]    [PING OK] US | VLESS | 9470ms
2026-02-25 10:00:30 [INFO]    [PING OK] CA | VLESS | 5759ms
2026-02-25 10:00:30 [INFO] 🏎️ ЭТАП 2: Глубокий замер скорости для 40 иностранных кандидатов...
2026-02-25 10:00:35 [INFO]    🏆 SG | VLESS | Пинг: 3548ms | Скорость: 5.14 Mbps ⚡⚡
2026-02-25 10:00:35 [INFO]    🏆 RS | VLESS | Пинг: 3468ms | Скорость: 4.95 Mbps ⚡⚡
2026-02-25 10:00:35 [INFO]    🏆 DE | VLESS | Пинг: 3479ms | Скорость: 5.02 Mbps ⚡⚡
2026-02-25 10:00:35 [INFO]    🏆 NL | VLESS | Пинг: 3392ms | Скорость: 4.9 Mbps ⚡⚡
2026-02-25 10:00:35 [INFO]    🏆 GB | VLESS | Пинг: 2451ms | Скорость: 4.74 Mbps ⚡⚡
2026-02-25 10:00:35 [INFO]    🏆 DE | VLESS | Пинг: 2221ms | Скорость: 4.71 Mbps ⚡⚡
2026-02-25 10:00:35 [INFO]    🏆 DE | VLESS | Пинг: 3554ms | Скорость: 5.01 Mbps ⚡⚡
2026-02-25 10:00:35 [INFO]    🏆 GB | VLESS | Пинг: 2614ms | Скорость: 4.65 Mbps ⚡⚡
2026-02-25 10:00:35 [INFO]    🏆 SG | VLESS | Пинг: 3547ms | Скорость: 4.86 Mbps ⚡⚡
2026-02-25 10:00:35 [INFO]    🏆 DE | VLESS | Пинг: 3511ms | Скорость: 4.76 Mbps ⚡⚡
2026-02-25 10:00:35 [INFO]    🏆 FR | VLESS | Пинг: 2672ms | Скорость: 4.49 Mbps ⚡⚡
2026-02-25 10:00:36 [INFO]    🏆 SE | VLESS | Пинг: 3109ms | Скорость: 4.38 Mbps ⚡⚡
2026-02-25 10:00:36 [INFO]    🏆 SG | VLESS | Пинг: 3155ms | Скорость: 4.36 Mbps ⚡⚡
2026-02-25 10:00:37 [INFO]    🏆 US | VLESS | Пинг: 3209ms | Скорость: 1.34 Mbps 
2026-02-25 10:00:38 [INFO]    🏆 DE | VLESS | Пинг: 3568ms | Скорость: 9.85 Mbps ⚡⚡
2026-02-25 10:00:40 [INFO]    🏆 DE | VLESS | Пинг: 3634ms | Скорость: 5.6 Mbps ⚡⚡
2026-02-25 10:00:40 [INFO]    🏆 DE | VLESS | Пинг: 4080ms | Скорость: 6.13 Mbps ⚡⚡
2026-02-25 10:00:40 [INFO]    🏆 NL | VLESS | Пинг: 3996ms | Скорость: 5.79 Mbps ⚡⚡
2026-02-25 10:00:40 [INFO]    🏆 NL | VLESS | Пинг: 3662ms | Скорость: 5.43 Mbps ⚡⚡
2026-02-25 10:00:40 [INFO]    🏆 FI | VLESS | Пинг: 3960ms | Скорость: 5.56 Mbps ⚡⚡
2026-02-25 10:00:40 [INFO]    🏆 US | VLESS | Пинг: 3785ms | Скорость: 5.33 Mbps ⚡⚡
2026-02-25 10:00:40 [INFO]    🏆 US | VLESS | Пинг: 3756ms | Скорость: 5.18 Mbps ⚡⚡
2026-02-25 10:00:40 [INFO]    🏆 KZ | VLESS | Пинг: 4042ms | Скорость: 5.32 Mbps ⚡⚡
2026-02-25 10:00:41 [INFO]    🏆 US | VLESS | Пинг: 3744ms | Скорость: 4.28 Mbps ⚡⚡
2026-02-25 10:00:41 [INFO]    🏆 US | VLESS | Пинг: 3767ms | Скорость: 3.86 Mbps ⚡⚡
2026-02-25 10:00:42 [INFO]    🏆 NL | VLESS | Пинг: 4236ms | Скорость: 5.82 Mbps ⚡⚡
2026-02-25 10:00:42 [INFO]    🏆 CY | VLESS | Пинг: 3966ms | Скорость: 3.5 Mbps ⚡⚡
2026-02-25 10:00:42 [INFO]    🏆 NL | VLESS | Пинг: 4166ms | Скорость: 4.41 Mbps ⚡⚡
2026-02-25 10:00:43 [INFO]    🏆 NL | VLESS | Пинг: 4251ms | Скорость: 7.74 Mbps ⚡⚡
2026-02-25 10:00:43 [INFO]    🏆 NL | VLESS | Пинг: 4726ms | Скорость: 7.91 Mbps ⚡⚡
2026-02-25 10:00:43 [INFO]    🏆 FI | VLESS | Пинг: 4649ms | Скорость: 7.76 Mbps ⚡⚡
2026-02-25 10:00:43 [INFO]    🏆 FI | VLESS | Пинг: 4775ms | Скорость: 8.21 Mbps ⚡⚡
2026-02-25 10:00:44 [INFO]    🏆 NL | VLESS | Пинг: 4911ms | Скорость: 5.91 Mbps ⚡⚡
2026-02-25 10:00:44 [INFO] 📊 Итого в подписке сохранено иностранных серверов: 10
2026-02-25 10:00:44 [INFO] 💾 Файл успешно сохранен: FL1PVPN
