2026-02-21 16:40:05 [INFO] 🚀 START: Smart Selector (Target: 10, ONLY FOREIGN)
2026-02-21 16:40:05 [INFO] 🌐 Загрузка источников (VLESS + VMess)...
2026-02-21 16:40:07 [INFO] 🔍 Уникальных конфигов собрано: 212
2026-02-21 16:40:07 [INFO] ⚡ ЭТАП 1: Замер Пинга и Геолокации. Workers: 40...
2026-02-21 16:40:13 [INFO]    [PING OK] CZ | VLESS | 4223ms
2026-02-21 16:40:14 [INFO]    [PING OK] HU | VLESS | 4047ms
2026-02-21 16:40:14 [INFO]    [PING OK] TR | VLESS | 3906ms
2026-02-21 16:40:14 [INFO]    [PING OK] HU | VLESS | 3963ms
2026-02-21 16:40:14 [INFO]    [PING OK] PL | VLESS | 3987ms
2026-02-21 16:40:14 [INFO]    [PING OK] ES | VLESS | 3706ms
2026-02-21 16:40:14 [INFO]    [PING OK] TR | VLESS | 3736ms
2026-02-21 16:40:14 [INFO]    [PING OK] HU | VLESS | 3205ms
2026-02-21 16:40:15 [INFO]    [PING OK] DE | VLESS | 6291ms
2026-02-21 16:40:16 [INFO]    [PING OK] DE | VLESS | 6428ms
2026-02-21 16:40:16 [INFO]    [PING OK] DE | VLESS | 7455ms
2026-02-21 16:40:16 [INFO]    [PING OK] HU | VLESS | 2990ms
2026-02-21 16:40:16 [INFO]    [PING OK] CA | VLESS | 3282ms
2026-02-21 16:40:16 [INFO]    [PING OK] DE | VLESS | 6945ms
2026-02-21 16:40:17 [INFO]    [PING OK] HU | VLESS | 2681ms
2026-02-21 16:40:17 [INFO]    [PING OK] DE | VLESS | 7684ms
2026-02-21 16:40:17 [INFO]    [PING OK] HU | VLESS | 2764ms
2026-02-21 16:40:17 [INFO]    [PING OK] DE | VLESS | 3799ms
2026-02-21 16:40:17 [INFO]    [PING OK] ES | VLESS | 2897ms
2026-02-21 16:40:17 [INFO]    [PING OK] PL | VLESS | 2924ms
2026-02-21 16:40:17 [INFO]    [PING OK] DE | VLESS | 7043ms
2026-02-21 16:40:17 [INFO]    [PING OK] DE | VLESS | 7330ms
2026-02-21 16:40:17 [INFO]    [PING OK] IT | VLESS | 3051ms
2026-02-21 16:40:18 [INFO]    [PING OK] IT | VLESS | 4580ms
2026-02-21 16:40:18 [INFO]    [PING OK] DE | VLESS | 7875ms
2026-02-21 16:40:18 [INFO]    [PING OK] IT | VLESS | 4286ms
2026-02-21 16:40:18 [INFO]    [PING OK] TR | VLESS | 3351ms
2026-02-21 16:40:18 [INFO]    [PING OK] ES | VLESS | 3140ms
2026-02-21 16:40:19 [INFO]    [PING OK] IT | VLESS | 3224ms
2026-02-21 16:40:19 [INFO]    [PING OK] DE | VLESS | 4151ms
2026-02-21 16:40:19 [INFO]    [PING OK] ES | VLESS | 3339ms
2026-02-21 16:40:19 [INFO]    [PING OK] IT | VLESS | 4652ms
2026-02-21 16:40:21 [INFO]    [PING OK] ES | VLESS | 4411ms
2026-02-21 16:40:21 [INFO]    [PING OK] IT | VLESS | 4458ms
2026-02-21 16:40:22 [INFO]    [PING OK] HU | VLESS | 4596ms
2026-02-21 16:40:22 [INFO]    [PING OK] DE | VLESS | 5259ms
2026-02-21 16:40:22 [INFO]    [PING OK] ES | VLESS | 4338ms
2026-02-21 16:40:22 [INFO]    [PING OK] TR | VLESS | 4396ms
2026-02-21 16:40:22 [INFO]    [PING OK] IT | VLESS | 4370ms
2026-02-21 16:40:23 [INFO]    [PING OK] PL | VLESS | 4779ms
2026-02-21 16:40:23 [INFO]    [PING OK] TR | VLESS | 4412ms
2026-02-21 16:40:23 [INFO]    [PING OK] ES | VLESS | 4110ms
2026-02-21 16:40:23 [INFO]    [PING OK] HU | VLESS | 4072ms
2026-02-21 16:40:24 [INFO]    [PING OK] DE | VLESS | 4453ms
2026-02-21 16:40:24 [INFO]    [PING OK] PL | VLESS | 4132ms
2026-02-21 16:40:27 [INFO]    [PING OK] CA | VLESS | 4431ms
2026-02-21 16:40:27 [INFO]    [PING OK] TR | VLESS | 4682ms
2026-02-21 16:40:28 [INFO]    [PING OK] PL | VLESS | 5281ms
2026-02-21 16:40:28 [INFO]    [PING OK] ES | VLESS | 4682ms
2026-02-21 16:40:28 [INFO]    [PING OK] PL | VLESS | 4205ms
2026-02-21 16:40:28 [INFO]    [PING OK] ES | VLESS | 4723ms
2026-02-21 16:40:28 [INFO]    [PING OK] NL | VLESS | 5621ms
2026-02-21 16:40:29 [INFO]    [PING OK] DE | VLESS | 8903ms
2026-02-21 16:40:29 [INFO]    [PING OK] PL | VLESS | 5818ms
2026-02-21 16:40:29 [INFO]    [PING OK] PL | VLESS | 4260ms
2026-02-21 16:40:30 [INFO]    [PING OK] TR | VLESS | 4850ms
2026-02-21 16:40:31 [INFO]    [PING OK] FI | VLESS | 2209ms
2026-02-21 16:40:32 [INFO]    [PING OK] PL | VLESS | 5957ms
2026-02-21 16:40:35 [INFO]    [PING OK] CA | VLESS | 7190ms
2026-02-21 16:40:36 [INFO] 🏎️ ЭТАП 2: Глубокий замер скорости для 40 иностранных кандидатов...
2026-02-21 16:40:39 [INFO]    🏆 HU | VLESS | Пинг: 2990ms | Скорость: 8.38 Mbps ⚡⚡
2026-02-21 16:40:39 [INFO]    🏆 HU | VLESS | Пинг: 2681ms | Скорость: 8.13 Mbps ⚡⚡
2026-02-21 16:40:39 [INFO]    🏆 ES | VLESS | Пинг: 2897ms | Скорость: 8.06 Mbps ⚡⚡
2026-02-21 16:40:40 [INFO]    🏆 TR | VLESS | Пинг: 3736ms | Скорость: 6.42 Mbps ⚡⚡
2026-02-21 16:40:40 [INFO]    🏆 ES | VLESS | Пинг: 3140ms | Скорость: 6.13 Mbps ⚡⚡
2026-02-21 16:40:40 [INFO]    🏆 FI | VLESS | Пинг: 2209ms | Скорость: 5.35 Mbps ⚡⚡
2026-02-21 16:40:40 [INFO]    🏆 PL | VLESS | Пинг: 2924ms | Скорость: 5.25 Mbps ⚡⚡
2026-02-21 16:40:42 [INFO]    🏆 HU | VLESS | Пинг: 4047ms | Скорость: 16.37 Mbps ⚡⚡
2026-02-21 16:40:42 [INFO]    🏆 ES | VLESS | Пинг: 4110ms | Скорость: 16.85 Mbps ⚡⚡
2026-02-21 16:40:42 [INFO]    🏆 HU | VLESS | Пинг: 3205ms | Скорость: 3.52 Mbps ⚡⚡
2026-02-21 16:40:42 [INFO]    🏆 HU | VLESS | Пинг: 2764ms | Скорость: 0.72 Mbps 
2026-02-21 16:40:43 [INFO]    🏆 PL | VLESS | Пинг: 4132ms | Скорость: 12.49 Mbps ⚡⚡
2026-02-21 16:40:43 [INFO]    🏆 ES | VLESS | Пинг: 3706ms | Скорость: 1.98 Mbps ⚡
2026-02-21 16:40:43 [INFO]    🏆 IT | VLESS | Пинг: 3224ms | Скорость: 1.04 Mbps 
2026-02-21 16:40:43 [INFO]    🏆 ES | VLESS | Пинг: 3339ms | Скорость: 1.36 Mbps 
2026-02-21 16:40:44 [INFO]    🏆 PL | VLESS | Пинг: 4260ms | Скорость: 16.84 Mbps ⚡⚡
2026-02-21 16:40:45 [INFO]    🏆 TR | VLESS | Пинг: 4396ms | Скорость: 10.89 Mbps ⚡⚡
2026-02-21 16:40:46 [INFO]    🏆 PL | VLESS | Пинг: 3987ms | Скорость: 3.07 Mbps ⚡⚡
2026-02-21 16:40:46 [INFO]    🏆 HU | VLESS | Пинг: 3963ms | Скорость: 2.97 Mbps ⚡
2026-02-21 16:40:46 [INFO]    🏆 PL | VLESS | Пинг: 4205ms | Скорость: 5.85 Mbps ⚡⚡
2026-02-21 16:40:46 [INFO]    🏆 ES | VLESS | Пинг: 4338ms | Скорость: 6.79 Mbps ⚡⚡
2026-02-21 16:40:47 [INFO]    🏆 HU | VLESS | Пинг: 4072ms | Скорость: 2.86 Mbps ⚡
2026-02-21 16:40:49 [INFO]    🏆 CZ | VLESS | Пинг: 4223ms | Скорость: 1.28 Mbps 
2026-02-21 16:40:50 [INFO]    🏆 TR | VLESS | Пинг: 4412ms | Скорость: 1.64 Mbps ⚡
2026-02-21 16:40:50 [INFO]    🏆 ES | VLESS | Пинг: 4411ms | Скорость: 1.58 Mbps ⚡
2026-02-21 16:40:51 [INFO]    🏆 IT | VLESS | Пинг: 4458ms | Скорость: 0.94 Mbps 
2026-02-21 16:40:52 [INFO]    🏆 HU | VLESS | Пинг: 4596ms | Скорость: 2.93 Mbps ⚡
2026-02-21 16:40:53 [INFO]    🏆 TR | VLESS | Пинг: 4682ms | Скорость: 1.86 Mbps ⚡
2026-02-21 16:40:57 [INFO] 📊 Итого в подписке сохранено иностранных серверов: 10
2026-02-21 16:40:57 [INFO] 💾 Файл успешно сохранен: FL1PVPN
