2026-02-18 01:00:07 [INFO] 🚀 START: Smart VLESS Selector (Target: 10, Strict Mode)
2026-02-18 01:00:07 [INFO] 🌐 Загрузка источников...
2026-02-18 01:00:09 [INFO] 🔍 Уникальных конфигов собрано: 344
2026-02-18 01:00:09 [INFO] ⚡ ЭТАП 1: Быстрый замер Пинга (Workers: 25)...
2026-02-18 01:00:10 [INFO]    [PING OK] LT | 153ms
2026-02-18 01:00:10 [INFO]    [PING OK] PL | 157ms
2026-02-18 01:00:10 [INFO]    [PING OK] LV | 212ms
2026-02-18 01:00:10 [INFO]    [PING OK] BG | 326ms
2026-02-18 01:00:11 [INFO]    [PING OK] RU | 234ms
2026-02-18 01:00:12 [INFO]    [PING OK] LV | 381ms
2026-02-18 01:00:12 [INFO]    [PING OK] FI | 365ms
2026-02-18 01:00:12 [INFO]    [PING OK] FI | 161ms
2026-02-18 01:00:12 [INFO]    [PING OK] DE | 1607ms
2026-02-18 01:00:13 [INFO]    [PING OK] LT | 222ms
2026-02-18 01:00:13 [INFO]    [PING OK] LT | 240ms
2026-02-18 01:00:13 [INFO]    [PING OK] DE | 276ms
2026-02-18 01:00:13 [INFO]    [PING OK] NL | 145ms
2026-02-18 01:00:13 [INFO]    [PING OK] DE | 134ms
2026-02-18 01:00:14 [INFO]    [PING OK] DE | 557ms
2026-02-18 01:00:14 [INFO]    [PING OK] DE | 1356ms
2026-02-18 01:00:14 [INFO]    [PING OK] RU | 52ms
2026-02-18 01:00:14 [INFO]    [PING OK] RU | 171ms
2026-02-18 01:00:14 [INFO]    [PING OK] RU | 274ms
2026-02-18 01:00:14 [INFO]    [PING OK] RU | 278ms
2026-02-18 01:00:14 [INFO]    [PING OK] RU | 207ms
2026-02-18 01:00:14 [INFO]    [PING OK] RU | 86ms
2026-02-18 01:00:14 [INFO]    [PING OK] RU | 197ms
2026-02-18 01:00:14 [INFO]    [PING OK] RU | 254ms
2026-02-18 01:00:14 [INFO]    [PING OK] RU | 76ms
2026-02-18 01:00:15 [INFO]    [PING OK] RU | 148ms
2026-02-18 01:00:15 [INFO]    [PING OK] RU | 254ms
2026-02-18 01:00:15 [INFO]    [PING OK] RU | 301ms
2026-02-18 01:00:15 [INFO]    [PING OK] DE | 232ms
2026-02-18 01:00:15 [INFO]    [PING OK] RU | 286ms
2026-02-18 01:00:15 [INFO]    [PING OK] RU | 127ms
2026-02-18 01:00:15 [INFO]    [PING OK] RU | 212ms
2026-02-18 01:00:16 [INFO]    [PING OK] RU | 271ms
2026-02-18 01:00:16 [INFO]    [PING OK] RU | 82ms
2026-02-18 01:00:16 [INFO]    [PING OK] RU | 269ms
2026-02-18 01:00:16 [INFO]    [PING OK] HU | 336ms
2026-02-18 01:00:16 [INFO]    [PING OK] RU | 289ms
2026-02-18 01:00:16 [INFO]    [PING OK] RU | 270ms
2026-02-18 01:00:16 [INFO]    [PING OK] RU | 260ms
2026-02-18 01:00:17 [INFO]    [PING OK] RU | 84ms
2026-02-18 01:00:17 [INFO]    [PING OK] RU | 87ms
2026-02-18 01:00:17 [INFO]    [PING OK] RU | 343ms
2026-02-18 01:00:17 [INFO]    [PING OK] RU | 73ms
2026-02-18 01:00:17 [INFO]    [PING OK] RU | 394ms
2026-02-18 01:00:17 [INFO]    [PING OK] RU | 208ms
2026-02-18 01:00:17 [INFO]    [PING OK] RU | 242ms
2026-02-18 01:00:17 [INFO]    [PING OK] RU | 241ms
2026-02-18 01:00:17 [INFO]    [PING OK] RU | 204ms
2026-02-18 01:00:18 [INFO]    [PING OK] RU | 153ms
2026-02-18 01:00:18 [INFO]    [PING OK] RU | 171ms
2026-02-18 01:00:18 [INFO]    [PING OK] RU | 271ms
2026-02-18 01:00:18 [INFO]    [PING OK] RU | 318ms
2026-02-18 01:00:18 [INFO]    [PING OK] RU | 204ms
2026-02-18 01:00:18 [INFO]    [PING OK] RU | 249ms
2026-02-18 01:00:18 [INFO]    [PING OK] RU | 4533ms
2026-02-18 01:00:18 [INFO]    [PING OK] RU | 241ms
2026-02-18 01:00:19 [INFO]    [PING OK] RU | 2772ms
2026-02-18 01:00:19 [INFO]    [PING OK] RU | 1709ms
2026-02-18 01:00:19 [INFO]    [PING OK] RU | 601ms
2026-02-18 01:00:19 [INFO]    [PING OK] RU | 827ms
2026-02-18 01:00:19 [INFO]    [PING OK] RU | 262ms
2026-02-18 01:00:19 [INFO]    [PING OK] RU | 184ms
2026-02-18 01:00:19 [INFO]    [PING OK] RU | 113ms
2026-02-18 01:00:19 [INFO]    [PING OK] RU | 225ms
2026-02-18 01:00:19 [INFO]    [PING OK] RU | 352ms
2026-02-18 01:00:19 [INFO]    [PING OK] RU | 369ms
2026-02-18 01:00:19 [INFO]    [PING OK] RU | 285ms
2026-02-18 01:00:19 [INFO]    [PING OK] RU | 295ms
2026-02-18 01:00:19 [INFO]    [PING OK] RU | 287ms
2026-02-18 01:00:19 [INFO]    [PING OK] RU | 3287ms
2026-02-18 01:00:20 [INFO]    [PING OK] RU | 261ms
2026-02-18 01:00:20 [INFO]    [PING OK] RU | 208ms
2026-02-18 01:00:20 [INFO]    [PING OK] RU | 213ms
2026-02-18 01:00:20 [INFO]    [PING OK] RU | 267ms
2026-02-18 01:00:20 [INFO]    [PING OK] RU | 284ms
2026-02-18 01:00:20 [INFO]    [PING OK] RU | 164ms
2026-02-18 01:00:20 [INFO]    [PING OK] RU | 199ms
2026-02-18 01:00:20 [INFO]    [PING OK] RU | 145ms
2026-02-18 01:00:20 [INFO]    [PING OK] RU | 5033ms
2026-02-18 01:00:20 [INFO]    [PING OK] RU | 4735ms
2026-02-18 01:00:20 [INFO]    [PING OK] RU | 260ms
2026-02-18 01:00:20 [INFO]    [PING OK] RU | 218ms
2026-02-18 01:00:20 [INFO]    [PING OK] RU | 4648ms
2026-02-18 01:00:20 [INFO]    [PING OK] RU | 221ms
2026-02-18 01:00:20 [INFO]    [PING OK] RU | 168ms
2026-02-18 01:00:20 [INFO]    [PING OK] RU | 213ms
2026-02-18 01:00:20 [INFO]    [PING OK] RU | 265ms
2026-02-18 01:00:20 [INFO]    [PING OK] RU | 346ms
2026-02-18 01:00:20 [INFO]    [PING OK] RU | 96ms
2026-02-18 01:00:20 [INFO]    [PING OK] RU | 152ms
2026-02-18 01:00:20 [INFO]    [PING OK] RU | 309ms
2026-02-18 01:00:21 [INFO]    [PING OK] RU | 57ms
2026-02-18 01:00:21 [INFO]    [PING OK] RU | 335ms
2026-02-18 01:00:21 [INFO]    [PING OK] RU | 160ms
2026-02-18 01:00:21 [INFO]    [PING OK] RU | 200ms
2026-02-18 01:00:21 [INFO]    [PING OK] RU | 162ms
2026-02-18 01:00:21 [INFO]    [PING OK] RU | 148ms
2026-02-18 01:00:21 [INFO]    [PING OK] RU | 348ms
2026-02-18 01:00:21 [INFO]    [PING OK] RU | 342ms
2026-02-18 01:00:21 [INFO]    [PING OK] RU | 335ms
2026-02-18 01:00:21 [INFO]    [PING OK] RU | 291ms
2026-02-18 01:00:21 [INFO]    [PING OK] RU | 315ms
2026-02-18 01:00:21 [INFO]    [PING OK] RU | 213ms
2026-02-18 01:00:21 [INFO]    [PING OK] RU | 168ms
2026-02-18 01:00:21 [INFO]    [PING OK] RU | 261ms
2026-02-18 01:00:21 [INFO]    [PING OK] RU | 488ms
2026-02-18 01:00:21 [INFO]    [PING OK] AE | 183ms
2026-02-18 01:00:21 [INFO]    [PING OK] FI | 238ms
2026-02-18 01:00:22 [INFO]    [PING OK] RU | 369ms
2026-02-18 01:00:22 [INFO]    [PING OK] AU | 141ms
2026-02-18 01:00:22 [INFO]    [PING OK] AT | 214ms
2026-02-18 01:00:22 [INFO]    [PING OK] EE | 286ms
2026-02-18 01:00:22 [INFO]    [PING OK] DE | 159ms
2026-02-18 01:00:22 [INFO]    [PING OK] NL | 222ms
2026-02-18 01:00:22 [INFO]    [PING OK] FI | 634ms
2026-02-18 01:00:23 [INFO]    [PING OK] MD | 145ms
2026-02-18 01:00:24 [INFO]    [PING OK] US | 470ms
2026-02-18 01:00:24 [INFO]    [PING OK] DE | 160ms
2026-02-18 01:00:25 [INFO]    [PING OK] GB | 4873ms
2026-02-18 01:00:26 [INFO]    [PING OK] JP | 425ms
2026-02-18 01:00:26 [INFO]    [PING OK] FI | 152ms
2026-02-18 01:00:27 [INFO]    [PING OK] DE | 212ms
2026-02-18 01:00:27 [INFO]    [PING OK] US | 707ms
2026-02-18 01:00:28 [INFO]    [PING OK] NL | 205ms
2026-02-18 01:00:28 [INFO]    [PING OK] UZ | 244ms
2026-02-18 01:00:29 [INFO]    [PING OK] FR | 186ms
2026-02-18 01:00:29 [INFO]    [PING OK] FI | 104ms
2026-02-18 01:00:29 [INFO]    [PING OK] DE | 483ms
2026-02-18 01:00:29 [INFO]    [PING OK] DE | 223ms
2026-02-18 01:00:30 [INFO]    [PING OK] PL | 126ms
2026-02-18 01:00:30 [INFO]    [PING OK] FR | 550ms
2026-02-18 01:00:30 [INFO]    [PING OK] PL | 110ms
2026-02-18 01:00:31 [INFO]    [PING OK] RU | 218ms
2026-02-18 01:00:31 [INFO]    [PING OK] ES | 652ms
2026-02-18 01:00:36 [INFO] 🏎️ ЭТАП 2: Глубокий замер скорости для ТОП-10 серверов...
2026-02-18 01:00:44 [INFO]    🏆 FI | Пинг: 104ms | Скорость: 8.68 Mbps ⚡⚡
2026-02-18 01:00:44 [INFO]    🏆 PL | Пинг: 110ms | Скорость: 0.0 Mbps 
2026-02-18 01:00:44 [INFO]    🏆 PL | Пинг: 126ms | Скорость: 8.64 Mbps ⚡⚡
2026-02-18 01:00:44 [INFO]    🏆 DE | Пинг: 134ms | Скорость: 8.65 Mbps ⚡⚡
2026-02-18 01:00:44 [INFO]    🏆 AU | Пинг: 141ms | Скорость: 1.88 Mbps ⚡
2026-02-18 01:00:44 [INFO]    🏆 NL | Пинг: 145ms | Скорость: 8.78 Mbps ⚡⚡
2026-02-18 01:00:44 [INFO]    🏆 MD | Пинг: 145ms | Скорость: 8.26 Mbps ⚡⚡
2026-02-18 01:00:44 [INFO]    🏆 FI | Пинг: 152ms | Скорость: 9.02 Mbps ⚡⚡
2026-02-18 01:00:44 [INFO]    🏆 LT | Пинг: 153ms | Скорость: 9.1 Mbps ⚡⚡
2026-02-18 01:00:44 [INFO]    🏆 RU | Пинг: 52ms | Скорость: 9.12 Mbps ⚡⚡
2026-02-18 01:00:44 [INFO] 🇷🇺 Добавлен RU сервер: 95.163.210.173
2026-02-18 01:00:44 [INFO] 📊 Итого в подписке сохранено: 10 серверов
2026-02-18 01:00:44 [INFO] 💾 Файл успешно сохранен: FL1PVPN
