2026-02-18 05:20:05 [INFO] 🚀 START: Smart VLESS Selector (Target: 10, Strict Mode)
2026-02-18 05:20:05 [INFO] 🌐 Загрузка источников...
2026-02-18 05:20:08 [INFO] 🔍 Уникальных конфигов собрано: 377
2026-02-18 05:20:08 [INFO] ⚡ ЭТАП 1: Быстрый замер Пинга (Workers: 25)...
2026-02-18 05:20:09 [INFO]    [PING OK] RU | 293ms
2026-02-18 05:20:09 [INFO]    [PING OK] RU | 280ms
2026-02-18 05:20:09 [INFO]    [PING OK] RU | 277ms
2026-02-18 05:20:09 [INFO]    [PING OK] LV | 250ms
2026-02-18 05:20:09 [INFO]    [PING OK] RU | 326ms
2026-02-18 05:20:10 [INFO]    [PING OK] DE | 1238ms
2026-02-18 05:20:11 [INFO]    [PING OK] IN | 655ms
2026-02-18 05:20:12 [INFO]    [PING OK] IT | 540ms
2026-02-18 05:20:13 [INFO]    [PING OK] BG | 318ms
2026-02-18 05:20:15 [INFO]    [PING OK] DE | 176ms
2026-02-18 05:20:17 [INFO]    [PING OK] RU | 778ms
2026-02-18 05:20:18 [INFO]    [PING OK] DE | 165ms
2026-02-18 05:20:18 [INFO]    [PING OK] DE | 137ms
2026-02-18 05:20:18 [INFO]    [PING OK] RU | 208ms
2026-02-18 05:20:18 [INFO]    [PING OK] RU | 101ms
2026-02-18 05:20:19 [INFO]    [PING OK] RU | 214ms
2026-02-18 05:20:19 [INFO]    [PING OK] RU | 220ms
2026-02-18 05:20:19 [INFO]    [PING OK] RU | 212ms
2026-02-18 05:20:19 [INFO]    [PING OK] RU | 305ms
2026-02-18 05:20:20 [INFO]    [PING OK] RU | 204ms
2026-02-18 05:20:20 [INFO]    [PING OK] RU | 1620ms
2026-02-18 05:20:20 [INFO]    [PING OK] RU | 823ms
2026-02-18 05:20:20 [INFO]    [PING OK] RU | 305ms
2026-02-18 05:20:20 [INFO]    [PING OK] RU | 308ms
2026-02-18 05:20:20 [INFO]    [PING OK] RU | 365ms
2026-02-18 05:20:21 [INFO]    [PING OK] RU | 326ms
2026-02-18 05:20:21 [INFO]    [PING OK] RU | 391ms
2026-02-18 05:20:21 [INFO]    [PING OK] RU | 377ms
2026-02-18 05:20:21 [INFO]    [PING OK] RU | 298ms
2026-02-18 05:20:21 [INFO]    [PING OK] RU | 1737ms
2026-02-18 05:20:21 [INFO]    [PING OK] RU | 367ms
2026-02-18 05:20:21 [INFO]    [PING OK] RU | 303ms
2026-02-18 05:20:21 [INFO]    [PING OK] RU | 318ms
2026-02-18 05:20:22 [INFO]    [PING OK] RU | 62ms
2026-02-18 05:20:22 [INFO]    [PING OK] RU | 102ms
2026-02-18 05:20:22 [INFO]    [PING OK] RU | 241ms
2026-02-18 05:20:22 [INFO]    [PING OK] RU | 95ms
2026-02-18 05:20:22 [INFO]    [PING OK] RU | 251ms
2026-02-18 05:20:22 [INFO]    [PING OK] RU | 228ms
2026-02-18 05:20:22 [INFO]    [PING OK] RU | 218ms
2026-02-18 05:20:22 [INFO]    [PING OK] RU | 223ms
2026-02-18 05:20:23 [INFO]    [PING OK] RU | 98ms
2026-02-18 05:20:23 [INFO]    [PING OK] RU | 227ms
2026-02-18 05:20:23 [INFO]    [PING OK] RU | 231ms
2026-02-18 05:20:23 [INFO]    [PING OK] RU | 225ms
2026-02-18 05:20:23 [INFO]    [PING OK] RU | 836ms
2026-02-18 05:20:23 [INFO]    [PING OK] RU | 305ms
2026-02-18 05:20:23 [INFO]    [PING OK] RU | 43ms
2026-02-18 05:20:24 [INFO]    [PING OK] RU | 234ms
2026-02-18 05:20:24 [INFO]    [PING OK] RU | 1270ms
2026-02-18 05:20:24 [INFO]    [PING OK] RU | 350ms
2026-02-18 05:20:24 [INFO]    [PING OK] RU | 269ms
2026-02-18 05:20:24 [INFO]    [PING OK] RU | 361ms
2026-02-18 05:20:24 [INFO]    [PING OK] RU | 330ms
2026-02-18 05:20:24 [INFO]    [PING OK] RU | 146ms
2026-02-18 05:20:24 [INFO]    [PING OK] RU | 91ms
2026-02-18 05:20:24 [INFO]    [PING OK] RU | 4664ms
2026-02-18 05:20:25 [INFO]    [PING OK] RU | 196ms
2026-02-18 05:20:25 [INFO]    [PING OK] RU | 231ms
2026-02-18 05:20:25 [INFO]    [PING OK] RU | 416ms
2026-02-18 05:20:25 [INFO]    [PING OK] RU | 813ms
2026-02-18 05:20:25 [INFO]    [PING OK] RU | 275ms
2026-02-18 05:20:26 [INFO]    [PING OK] RU | 760ms
2026-02-18 05:20:26 [INFO]    [PING OK] RU | 188ms
2026-02-18 05:20:26 [INFO]    [PING OK] RU | 246ms
2026-02-18 05:20:26 [INFO]    [PING OK] RU | 374ms
2026-02-18 05:20:26 [INFO]    [PING OK] RU | 236ms
2026-02-18 05:20:26 [INFO]    [PING OK] RU | 570ms
2026-02-18 05:20:26 [INFO]    [PING OK] RU | 862ms
2026-02-18 05:20:27 [INFO]    [PING OK] RU | 322ms
2026-02-18 05:20:27 [INFO]    [PING OK] RU | 792ms
2026-02-18 05:20:28 [INFO]    [PING OK] RU | 1114ms
2026-02-18 05:20:28 [INFO]    [PING OK] RU | 150ms
2026-02-18 05:20:28 [INFO]    [PING OK] RU | 359ms
2026-02-18 05:20:28 [INFO]    [PING OK] RU | 223ms
2026-02-18 05:20:28 [INFO]    [PING OK] RU | 100ms
2026-02-18 05:20:28 [INFO]    [PING OK] RU | 3859ms
2026-02-18 05:20:29 [INFO]    [PING OK] LV | 296ms
2026-02-18 05:20:29 [INFO]    [PING OK] RU | 2274ms
2026-02-18 05:20:30 [INFO]    [PING OK] RU | 178ms
2026-02-18 05:20:30 [INFO]    [PING OK] NL | 215ms
2026-02-18 05:20:31 [INFO]    [PING OK] ES | 594ms
2026-02-18 05:20:32 [INFO]    [PING OK] FI | 225ms
2026-02-18 05:20:32 [INFO]    [PING OK] FI | 121ms
2026-02-18 05:20:33 [INFO]    [PING OK] US | 620ms
2026-02-18 05:20:34 [INFO]    [PING OK] IR | 512ms
2026-02-18 05:20:35 [INFO]    [PING OK] JP | 1369ms
2026-02-18 05:20:35 [INFO]    [PING OK] AE | 191ms
2026-02-18 05:20:36 [INFO]    [PING OK] UZ | 254ms
2026-02-18 05:20:36 [INFO]    [PING OK] FI | 267ms
2026-02-18 05:20:37 [INFO]    [PING OK] DE | 233ms
2026-02-18 05:20:37 [INFO]    [PING OK] DE | 495ms
2026-02-18 05:20:37 [INFO]    [PING OK] FI | 153ms
2026-02-18 05:20:38 [INFO]    [PING OK] NL | 516ms
2026-02-18 05:20:38 [INFO]    [PING OK] FI | 447ms
2026-02-18 05:20:38 [INFO]    [PING OK] PL | 111ms
2026-02-18 05:20:39 [INFO]    [PING OK] MD | 171ms
2026-02-18 05:20:40 [INFO]    [PING OK] GB | 2255ms
2026-02-18 05:20:40 [INFO]    [PING OK] HU | 312ms
2026-02-18 05:20:40 [INFO]    [PING OK] FI | 216ms
2026-02-18 05:20:40 [INFO]    [PING OK] US | 453ms
2026-02-18 05:20:41 [INFO]    [PING OK] DE | 4941ms
2026-02-18 05:20:48 [INFO] 🏎️ ЭТАП 2: Глубокий замер скорости для ТОП-10 серверов...
2026-02-18 05:20:51 [INFO]    🏆 PL | Пинг: 111ms | Скорость: 0.0 Mbps 
2026-02-18 05:20:51 [INFO]    🏆 FI | Пинг: 121ms | Скорость: 9.21 Mbps ⚡⚡
2026-02-18 05:20:51 [INFO]    🏆 DE | Пинг: 137ms | Скорость: 9.13 Mbps ⚡⚡
2026-02-18 05:20:51 [INFO]    🏆 FI | Пинг: 153ms | Скорость: 9.12 Mbps ⚡⚡
2026-02-18 05:20:51 [INFO]    🏆 DE | Пинг: 165ms | Скорость: 9.0 Mbps ⚡⚡
2026-02-18 05:20:51 [INFO]    🏆 MD | Пинг: 171ms | Скорость: 9.15 Mbps ⚡⚡
2026-02-18 05:20:51 [INFO]    🏆 DE | Пинг: 176ms | Скорость: 9.19 Mbps ⚡⚡
2026-02-18 05:20:51 [INFO]    🏆 AE | Пинг: 191ms | Скорость: 9.28 Mbps ⚡⚡
2026-02-18 05:20:51 [INFO]    🏆 NL | Пинг: 215ms | Скорость: 9.25 Mbps ⚡⚡
2026-02-18 05:20:51 [INFO]    🏆 RU | Пинг: 43ms | Скорость: 9.32 Mbps ⚡⚡
2026-02-18 05:20:51 [INFO] 🇷🇺 Добавлен RU сервер: 87.242.103.184
2026-02-18 05:20:51 [INFO] 📊 Итого в подписке сохранено: 10 серверов
2026-02-18 05:20:51 [INFO] 💾 Файл успешно сохранен: FL1PVPN
