2026-02-18 18:00:06 [INFO] 🚀 START: Smart VLESS Selector (Target: 10, Strict Mode)
2026-02-18 18:00:06 [INFO] 🌐 Загрузка источников...
2026-02-18 18:00:10 [INFO] 🔍 Уникальных конфигов собрано: 694
2026-02-18 18:00:10 [INFO] ⚡ ЭТАП 1: Быстрый замер Пинга (Workers: 25)...
2026-02-18 18:00:13 [INFO]    [PING OK] RU | 573ms
2026-02-18 18:00:13 [INFO]    [PING OK] RU | 2211ms
2026-02-18 18:00:15 [INFO]    [PING OK] RU | 1271ms
2026-02-18 18:00:16 [INFO]    [PING OK] TR | 374ms
2026-02-18 18:00:17 [INFO]    [PING OK] DE | 455ms
2026-02-18 18:00:18 [INFO]    [PING OK] DE | 260ms
2026-02-18 18:00:18 [INFO]    [PING OK] TR | 3595ms
2026-02-18 18:00:19 [INFO]    [PING OK] IT | 556ms
2026-02-18 18:00:21 [INFO]    [PING OK] RU | 3331ms
2026-02-18 18:00:23 [INFO]    [PING OK] RU | 583ms
2026-02-18 18:00:24 [INFO]    [PING OK] RU | 409ms
2026-02-18 18:00:24 [INFO]    [PING OK] RU | 319ms
2026-02-18 18:00:25 [INFO]    [PING OK] RU | 1585ms
2026-02-18 18:00:25 [INFO]    [PING OK] RU | 1406ms
2026-02-18 18:00:25 [INFO]    [PING OK] RU | 365ms
2026-02-18 18:00:25 [INFO]    [PING OK] RU | 2161ms
2026-02-18 18:00:25 [INFO]    [PING OK] RU | 408ms
2026-02-18 18:00:25 [INFO]    [PING OK] RU | 1614ms
2026-02-18 18:00:26 [INFO]    [PING OK] RU | 1392ms
2026-02-18 18:00:26 [INFO]    [PING OK] RU | 1451ms
2026-02-18 18:00:26 [INFO]    [PING OK] RU | 988ms
2026-02-18 18:00:26 [INFO]    [PING OK] RU | 674ms
2026-02-18 18:00:26 [INFO]    [PING OK] RU | 2480ms
2026-02-18 18:00:26 [INFO]    [PING OK] RU | 3375ms
2026-02-18 18:00:26 [INFO]    [PING OK] RU | 2002ms
2026-02-18 18:00:26 [INFO]    [PING OK] RU | 531ms
2026-02-18 18:00:27 [INFO]    [PING OK] RU | 1473ms
2026-02-18 18:00:27 [INFO]    [PING OK] RU | 298ms
2026-02-18 18:00:27 [INFO]    [PING OK] RU | 356ms
2026-02-18 18:00:27 [INFO]    [PING OK] RU | 874ms
2026-02-18 18:00:27 [INFO]    [PING OK] RU | 380ms
2026-02-18 18:00:28 [INFO]    [PING OK] RU | 664ms
2026-02-18 18:00:28 [INFO]    [PING OK] RU | 285ms
2026-02-18 18:00:28 [INFO]    [PING OK] RU | 1357ms
2026-02-18 18:00:28 [INFO]    [PING OK] RU | 1819ms
2026-02-18 18:00:28 [INFO]    [PING OK] RU | 590ms
2026-02-18 18:00:28 [INFO]    [PING OK] RU | 1219ms
2026-02-18 18:00:29 [INFO]    [PING OK] RU | 1411ms
2026-02-18 18:00:29 [INFO]    [PING OK] RU | 1708ms
2026-02-18 18:00:29 [INFO]    [PING OK] RU | 1334ms
2026-02-18 18:00:29 [INFO]    [PING OK] RU | 357ms
2026-02-18 18:00:29 [INFO]    [PING OK] NL | 1635ms
2026-02-18 18:00:30 [INFO]    [PING OK] RU | 654ms
2026-02-18 18:00:30 [INFO]    [PING OK] RU | 930ms
2026-02-18 18:00:30 [INFO]    [PING OK] RU | 273ms
2026-02-18 18:00:30 [INFO]    [PING OK] RU | 1668ms
2026-02-18 18:00:30 [INFO]    [PING OK] RU | 379ms
2026-02-18 18:00:30 [INFO]    [PING OK] RU | 3779ms
2026-02-18 18:00:30 [INFO]    [PING OK] RU | 2834ms
2026-02-18 18:00:30 [INFO]    [PING OK] RU | 3416ms
2026-02-18 18:00:31 [INFO]    [PING OK] RU | 1988ms
2026-02-18 18:00:31 [INFO]    [PING OK] RU | 2004ms
2026-02-18 18:00:31 [INFO]    [PING OK] FI | 549ms
2026-02-18 18:00:32 [INFO]    [PING OK] FR | 1591ms
2026-02-18 18:00:33 [INFO]    [PING OK] JP | 1557ms
2026-02-18 18:00:34 [INFO]    [PING OK] DE | 2192ms
2026-02-18 18:00:34 [INFO]    [PING OK] HU | 3286ms
2026-02-18 18:00:35 [INFO]    [PING OK] LV | 404ms
2026-02-18 18:00:36 [INFO]    [PING OK] AT | 305ms
2026-02-18 18:00:36 [INFO]    [PING OK] TR | 476ms
2026-02-18 18:00:37 [INFO]    [PING OK] NL | 223ms
2026-02-18 18:00:37 [INFO]    [PING OK] US | 631ms
2026-02-18 18:00:38 [INFO]    [PING OK] AU | 164ms
2026-02-18 18:00:39 [INFO]    [PING OK] CY | 385ms
2026-02-18 18:00:44 [INFO]    [PING OK] IN | 891ms
2026-02-18 18:00:45 [INFO]    [PING OK] UZ | 1733ms
2026-02-18 18:01:33 [INFO] 🏎️ ЭТАП 2: Глубокий замер скорости для ТОП-10 серверов...
2026-02-18 18:01:41 [INFO]    🏆 AU | Пинг: 164ms | Скорость: 0.0 Mbps 
2026-02-18 18:01:41 [INFO]    🏆 NL | Пинг: 223ms | Скорость: 2.84 Mbps ⚡
2026-02-18 18:01:41 [INFO]    🏆 DE | Пинг: 260ms | Скорость: 0.0 Mbps 
2026-02-18 18:01:41 [INFO]    🏆 AT | Пинг: 305ms | Скорость: 3.06 Mbps ⚡⚡
2026-02-18 18:01:41 [INFO]    🏆 TR | Пинг: 374ms | Скорость: 5.76 Mbps ⚡⚡
2026-02-18 18:01:41 [INFO]    🏆 CY | Пинг: 385ms | Скорость: 0.0 Mbps 
2026-02-18 18:01:41 [INFO]    🏆 LV | Пинг: 404ms | Скорость: 0.0 Mbps 
2026-02-18 18:01:41 [INFO]    🏆 DE | Пинг: 455ms | Скорость: 9.37 Mbps ⚡⚡
2026-02-18 18:01:41 [INFO]    🏆 TR | Пинг: 476ms | Скорость: 0.0 Mbps 
2026-02-18 18:01:41 [INFO]    🏆 RU | Пинг: 273ms | Скорость: 3.39 Mbps ⚡⚡
2026-02-18 18:01:41 [INFO] 🇷🇺 Добавлен RU сервер: 217.16.27.217
2026-02-18 18:01:41 [INFO] 📊 Итого в подписке сохранено: 10 серверов
2026-02-18 18:01:41 [INFO] 💾 Файл успешно сохранен: FL1PVPN
