2026-02-16 17:17:37 [INFO] 🚀 START: Smart VLESS Selector (Target: 10, Strict Mode)
2026-02-16 17:17:37 [INFO] 🌐 Загрузка источников...
2026-02-16 17:17:39 [INFO] 🔍 Уникальных конфигов собрано: 375
2026-02-16 17:17:39 [INFO] ⚡ ЭТАП 1: Быстрый замер Пинга (Workers: 25)...
2026-02-16 17:17:41 [INFO]    [PING OK] DE | 1025ms
2026-02-16 17:17:42 [INFO]    [PING OK] DE | 335ms
2026-02-16 17:17:46 [INFO]    [PING OK] DE | 234ms
2026-02-16 17:17:46 [INFO]    [PING OK] DE | 399ms
2026-02-16 17:17:49 [INFO]    [PING OK] DE | 199ms
2026-02-16 17:17:51 [INFO]    [PING OK] DE | 195ms
2026-02-16 17:17:51 [INFO]    [PING OK] US | 913ms
2026-02-16 17:17:52 [INFO]    [PING OK] NL | 149ms
2026-02-16 17:17:52 [INFO]    [PING OK] FI | 639ms
2026-02-16 17:17:52 [INFO]    [PING OK] RU | 190ms
2026-02-16 17:17:53 [INFO]    [PING OK] RU | 2230ms
2026-02-16 17:17:53 [INFO]    [PING OK] DE | 142ms
2026-02-16 17:17:53 [INFO]    [PING OK] RU | 279ms
2026-02-16 17:17:54 [INFO]    [PING OK] RU | 211ms
2026-02-16 17:17:55 [INFO]    [PING OK] RU | 257ms
2026-02-16 17:17:55 [INFO]    [PING OK] US | 204ms
2026-02-16 17:17:55 [INFO]    [PING OK] RU | 199ms
2026-02-16 17:17:56 [INFO]    [PING OK] RU | 213ms
2026-02-16 17:17:56 [INFO]    [PING OK] RU | 571ms
2026-02-16 17:17:57 [INFO]    [PING OK] RU | 1330ms
2026-02-16 17:17:57 [INFO]    [PING OK] RU | 310ms
2026-02-16 17:17:57 [INFO]    [PING OK] PL | 2331ms
2026-02-16 17:17:57 [INFO]    [PING OK] RU | 2338ms
2026-02-16 17:17:57 [INFO]    [PING OK] RU | 220ms
2026-02-16 17:17:58 [INFO]    [PING OK] RU | 351ms
2026-02-16 17:17:58 [INFO]    [PING OK] RU | 427ms
2026-02-16 17:17:58 [INFO]    [PING OK] RU | 427ms
2026-02-16 17:17:58 [INFO]    [PING OK] RU | 2921ms
2026-02-16 17:17:58 [INFO]    [PING OK] RU | 4454ms
2026-02-16 17:17:58 [INFO]    [PING OK] RU | 162ms
2026-02-16 17:17:59 [INFO]    [PING OK] RU | 228ms
2026-02-16 17:17:59 [INFO]    [PING OK] RU | 2832ms
2026-02-16 17:17:59 [INFO]    [PING OK] EE | 1151ms
2026-02-16 17:17:59 [INFO]    [PING OK] RU | 314ms
2026-02-16 17:17:59 [INFO]    [PING OK] RU | 315ms
2026-02-16 17:17:59 [INFO]    [PING OK] NL | 168ms
2026-02-16 17:17:59 [INFO]    [PING OK] RU | 394ms
2026-02-16 17:17:59 [INFO]    [PING OK] DE | 174ms
2026-02-16 17:18:00 [INFO]    [PING OK] RU | 316ms
2026-02-16 17:18:00 [INFO]    [PING OK] RU | 344ms
2026-02-16 17:18:00 [INFO]    [PING OK] RU | 268ms
2026-02-16 17:18:00 [INFO]    [PING OK] RU | 203ms
2026-02-16 17:18:00 [INFO]    [PING OK] RU | 2175ms
2026-02-16 17:18:00 [INFO]    [PING OK] RU | 237ms
2026-02-16 17:18:01 [INFO]    [PING OK] PL | 174ms
2026-02-16 17:18:01 [INFO]    [PING OK] RU | 223ms
2026-02-16 17:18:01 [INFO]    [PING OK] RU | 283ms
2026-02-16 17:18:01 [INFO]    [PING OK] RU | 359ms
2026-02-16 17:18:01 [INFO]    [PING OK] RU | 199ms
2026-02-16 17:18:01 [INFO]    [PING OK] RU | 1413ms
2026-02-16 17:18:01 [INFO]    [PING OK] RU | 78ms
2026-02-16 17:18:01 [INFO]    [PING OK] RU | 316ms
2026-02-16 17:18:01 [INFO]    [PING OK] RU | 351ms
2026-02-16 17:18:02 [INFO]    [PING OK] RU | 1085ms
2026-02-16 17:18:02 [INFO]    [PING OK] RU | 1157ms
2026-02-16 17:18:02 [INFO]    [PING OK] RU | 322ms
2026-02-16 17:18:02 [INFO]    [PING OK] RU | 94ms
2026-02-16 17:18:02 [INFO]    [PING OK] DE | 170ms
2026-02-16 17:18:03 [INFO]    [PING OK] PL | 3666ms
2026-02-16 17:18:03 [INFO]    [PING OK] RU | 459ms
2026-02-16 17:18:03 [INFO]    [PING OK] RU | 265ms
2026-02-16 17:18:04 [INFO]    [PING OK] RU | 83ms
2026-02-16 17:18:04 [INFO]    [PING OK] RU | 348ms
2026-02-16 17:18:04 [INFO]    [PING OK] RU | 1663ms
2026-02-16 17:18:04 [INFO]    [PING OK] RU | 217ms
2026-02-16 17:18:04 [INFO]    [PING OK] RU | 371ms
2026-02-16 17:18:04 [INFO]    [PING OK] RU | 4279ms
2026-02-16 17:18:04 [INFO]    [PING OK] RU | 587ms
2026-02-16 17:18:04 [INFO]    [PING OK] RU | 1137ms
2026-02-16 17:18:05 [INFO]    [PING OK] RU | 219ms
2026-02-16 17:18:05 [INFO]    [PING OK] RU | 228ms
2026-02-16 17:18:05 [INFO]    [PING OK] RU | 339ms
2026-02-16 17:18:05 [INFO]    [PING OK] RU | 306ms
2026-02-16 17:18:05 [INFO]    [PING OK] RU | 354ms
2026-02-16 17:18:05 [INFO]    [PING OK] RU | 229ms
2026-02-16 17:18:06 [INFO]    [PING OK] RU | 271ms
2026-02-16 17:18:06 [INFO]    [PING OK] RU | 1407ms
2026-02-16 17:18:06 [INFO]    [PING OK] RU | 286ms
2026-02-16 17:18:06 [INFO]    [PING OK] RU | 228ms
2026-02-16 17:18:06 [INFO]    [PING OK] RU | 903ms
2026-02-16 17:18:07 [INFO]    [PING OK] RU | 1708ms
2026-02-16 17:18:07 [INFO]    [PING OK] DE | 231ms
2026-02-16 17:18:07 [INFO]    [PING OK] RU | 1321ms
2026-02-16 17:18:07 [INFO]    [PING OK] RU | 1315ms
2026-02-16 17:18:07 [INFO]    [PING OK] IQ | 624ms
2026-02-16 17:18:08 [INFO]    [PING OK] US | 558ms
2026-02-16 17:18:08 [INFO]    [PING OK] FI | 189ms
2026-02-16 17:18:09 [INFO]    [PING OK] FI | 224ms
2026-02-16 17:18:09 [INFO]    [PING OK] DE | 170ms
2026-02-16 17:18:10 [INFO]    [PING OK] TR | 473ms
2026-02-16 17:18:11 [INFO]    [PING OK] LV | 321ms
2026-02-16 17:18:12 [INFO]    [PING OK] DE | 189ms
2026-02-16 17:18:12 [INFO]    [PING OK] LV | 182ms
2026-02-16 17:18:13 [INFO]    [PING OK] IT | 257ms
2026-02-16 17:18:13 [INFO]    [PING OK] AE | 976ms
2026-02-16 17:18:14 [INFO]    [PING OK] US | 451ms
2026-02-16 17:18:14 [INFO]    [PING OK] DE | 874ms
2026-02-16 17:18:14 [INFO]    [PING OK] TR | 559ms
2026-02-16 17:18:15 [INFO]    [PING OK] RU | 2679ms
2026-02-16 17:18:15 [INFO]    [PING OK] DE | 534ms
2026-02-16 17:18:15 [INFO]    [PING OK] JP | 4071ms
2026-02-16 17:18:15 [INFO]    [PING OK] NL | 213ms
2026-02-16 17:18:16 [INFO]    [PING OK] MD | 180ms
2026-02-16 17:18:16 [INFO]    [PING OK] DE | 339ms
2026-02-16 17:18:17 [INFO]    [PING OK] ES | 932ms
2026-02-16 17:18:20 [INFO]    [PING OK] RU | 4741ms
2026-02-16 17:18:21 [INFO] 🏎️ ЭТАП 2: Глубокий замер скорости для ТОП-10 серверов...
2026-02-16 17:18:28 [INFO]    🏆 DE | Пинг: 142ms | Скорость: 7.6 Mbps ⚡⚡
2026-02-16 17:18:28 [INFO]    🏆 NL | Пинг: 149ms | Скорость: 7.74 Mbps ⚡⚡
2026-02-16 17:18:28 [INFO]    🏆 NL | Пинг: 168ms | Скорость: 7.75 Mbps ⚡⚡
2026-02-16 17:18:28 [INFO]    🏆 DE | Пинг: 170ms | Скорость: 7.71 Mbps ⚡⚡
2026-02-16 17:18:28 [INFO]    🏆 DE | Пинг: 170ms | Скорость: 0.0 Mbps 
2026-02-16 17:18:28 [INFO]    🏆 DE | Пинг: 174ms | Скорость: 7.81 Mbps ⚡⚡
2026-02-16 17:18:28 [INFO]    🏆 PL | Пинг: 174ms | Скорость: 7.77 Mbps ⚡⚡
2026-02-16 17:18:28 [INFO]    🏆 MD | Пинг: 180ms | Скорость: 0.0 Mbps 
2026-02-16 17:18:28 [INFO]    🏆 LV | Пинг: 182ms | Скорость: 8.05 Mbps ⚡⚡
2026-02-16 17:18:28 [INFO]    🏆 RU | Пинг: 78ms | Скорость: 8.04 Mbps ⚡⚡
2026-02-16 17:18:28 [INFO] 🇷🇺 Добавлен RU сервер: 51.250.12.100
2026-02-16 17:18:28 [INFO] 📊 Итого в подписке сохранено: 10 серверов
2026-02-16 17:18:28 [INFO] 💾 Файл успешно сохранен: FL1PVPN
