2026-02-18 04:10:06 [INFO] 🚀 START: Smart VLESS Selector (Target: 10, Strict Mode)
2026-02-18 04:10:06 [INFO] 🌐 Загрузка источников...
2026-02-18 04:10:09 [INFO] 🔍 Уникальных конфигов собрано: 329
2026-02-18 04:10:09 [INFO] ⚡ ЭТАП 1: Быстрый замер Пинга (Workers: 25)...
2026-02-18 04:10:10 [INFO]    [PING OK] RU | 192ms
2026-02-18 04:10:10 [INFO]    [PING OK] RU | 192ms
2026-02-18 04:10:10 [INFO]    [PING OK] US | 536ms
2026-02-18 04:10:10 [INFO]    [PING OK] FI | 200ms
2026-02-18 04:10:11 [INFO]    [PING OK] RU | 132ms
2026-02-18 04:10:11 [INFO]    [PING OK] DE | 1226ms
2026-02-18 04:10:12 [INFO]    [PING OK] RU | 141ms
2026-02-18 04:10:12 [INFO]    [PING OK] LV | 159ms
2026-02-18 04:10:12 [INFO]    [PING OK] DE | 161ms
2026-02-18 04:10:13 [INFO]    [PING OK] DE | 158ms
2026-02-18 04:10:14 [INFO]    [PING OK] IT | 553ms
2026-02-18 04:10:18 [INFO]    [PING OK] CY | 428ms
2026-02-18 04:10:18 [INFO]    [PING OK] DE | 852ms
2026-02-18 04:10:18 [INFO]    [PING OK] DE | 144ms
2026-02-18 04:10:18 [INFO]    [PING OK] BG | 244ms
2026-02-18 04:10:19 [INFO]    [PING OK] NL | 164ms
2026-02-18 04:10:19 [INFO]    [PING OK] RU | 378ms
2026-02-18 04:10:19 [INFO]    [PING OK] RU | 263ms
2026-02-18 04:10:19 [INFO]    [PING OK] RU | 225ms
2026-02-18 04:10:20 [INFO]    [PING OK] RU | 218ms
2026-02-18 04:10:20 [INFO]    [PING OK] RU | 259ms
2026-02-18 04:10:20 [INFO]    [PING OK] RU | 170ms
2026-02-18 04:10:20 [INFO]    [PING OK] RU | 305ms
2026-02-18 04:10:20 [INFO]    [PING OK] RU | 109ms
2026-02-18 04:10:20 [INFO]    [PING OK] RU | 306ms
2026-02-18 04:10:21 [INFO]    [PING OK] RU | 240ms
2026-02-18 04:10:21 [INFO]    [PING OK] RU | 244ms
2026-02-18 04:10:21 [INFO]    [PING OK] RU | 226ms
2026-02-18 04:10:21 [INFO]    [PING OK] RU | 286ms
2026-02-18 04:10:21 [INFO]    [PING OK] RU | 262ms
2026-02-18 04:10:21 [INFO]    [PING OK] RU | 296ms
2026-02-18 04:10:21 [INFO]    [PING OK] RU | 967ms
2026-02-18 04:10:21 [INFO]    [PING OK] RU | 310ms
2026-02-18 04:10:22 [INFO]    [PING OK] RU | 794ms
2026-02-18 04:10:22 [INFO]    [PING OK] RU | 191ms
2026-02-18 04:10:22 [INFO]    [PING OK] RU | 252ms
2026-02-18 04:10:22 [INFO]    [PING OK] RU | 267ms
2026-02-18 04:10:22 [INFO]    [PING OK] RU | 253ms
2026-02-18 04:10:23 [INFO]    [PING OK] RU | 311ms
2026-02-18 04:10:23 [INFO]    [PING OK] RU | 430ms
2026-02-18 04:10:23 [INFO]    [PING OK] RU | 209ms
2026-02-18 04:10:23 [INFO]    [PING OK] RU | 192ms
2026-02-18 04:10:23 [INFO]    [PING OK] RU | 232ms
2026-02-18 04:10:24 [INFO]    [PING OK] RU | 233ms
2026-02-18 04:10:24 [INFO]    [PING OK] RU | 319ms
2026-02-18 04:10:24 [INFO]    [PING OK] RU | 315ms
2026-02-18 04:10:24 [INFO]    [PING OK] RU | 745ms
2026-02-18 04:10:24 [INFO]    [PING OK] RU | 233ms
2026-02-18 04:10:24 [INFO]    [PING OK] RU | 340ms
2026-02-18 04:10:24 [INFO]    [PING OK] RU | 1765ms
2026-02-18 04:10:24 [INFO]    [PING OK] RU | 302ms
2026-02-18 04:10:25 [INFO]    [PING OK] RU | 60ms
2026-02-18 04:10:25 [INFO]    [PING OK] RU | 305ms
2026-02-18 04:10:25 [INFO]    [PING OK] RU | 532ms
2026-02-18 04:10:25 [INFO]    [PING OK] RU | 234ms
2026-02-18 04:10:25 [INFO]    [PING OK] RU | 316ms
2026-02-18 04:10:25 [INFO]    [PING OK] RU | 320ms
2026-02-18 04:10:25 [INFO]    [PING OK] RU | 234ms
2026-02-18 04:10:26 [INFO]    [PING OK] RU | 542ms
2026-02-18 04:10:26 [INFO]    [PING OK] RU | 242ms
2026-02-18 04:10:26 [INFO]    [PING OK] DE | 1733ms
2026-02-18 04:10:26 [INFO]    [PING OK] RU | 229ms
2026-02-18 04:10:26 [INFO]    [PING OK] RU | 281ms
2026-02-18 04:10:26 [INFO]    [PING OK] RU | 203ms
2026-02-18 04:10:26 [INFO]    [PING OK] RU | 194ms
2026-02-18 04:10:27 [INFO]    [PING OK] RU | 258ms
2026-02-18 04:10:27 [INFO]    [PING OK] FI | 150ms
2026-02-18 04:10:27 [INFO]    [PING OK] RU | 227ms
2026-02-18 04:10:27 [INFO]    [PING OK] RU | 2527ms
2026-02-18 04:10:27 [INFO]    [PING OK] RU | 177ms
2026-02-18 04:10:27 [INFO]    [PING OK] RU | 77ms
2026-02-18 04:10:27 [INFO]    [PING OK] RU | 184ms
2026-02-18 04:10:27 [INFO]    [PING OK] MD | 137ms
2026-02-18 04:10:28 [INFO]    [PING OK] RU | 1976ms
2026-02-18 04:10:28 [INFO]    [PING OK] FI | 139ms
2026-02-18 04:10:28 [INFO]    [PING OK] RU | 163ms
2026-02-18 04:10:28 [INFO]    [PING OK] DE | 529ms
2026-02-18 04:10:28 [INFO]    [PING OK] RU | 4647ms
2026-02-18 04:10:28 [INFO]    [PING OK] RU | 1112ms
2026-02-18 04:10:28 [INFO]    [PING OK] RU | 3538ms
2026-02-18 04:10:28 [INFO]    [PING OK] FI | 404ms
2026-02-18 04:10:28 [INFO]    [PING OK] US | 625ms
2026-02-18 04:10:29 [INFO]    [PING OK] NL | 205ms
2026-02-18 04:10:29 [INFO]    [PING OK] DE | 165ms
2026-02-18 04:10:29 [INFO]    [PING OK] ES | 710ms
2026-02-18 04:10:30 [INFO]    [PING OK] NL | 342ms
2026-02-18 04:10:30 [INFO]    [PING OK] UZ | 245ms
2026-02-18 04:10:30 [INFO]    [PING OK] DE | 233ms
2026-02-18 04:10:30 [INFO]    [PING OK] FI | 244ms
2026-02-18 04:10:30 [INFO]    [PING OK] NL | 430ms
2026-02-18 04:10:31 [INFO]    [PING OK] DE | 221ms
2026-02-18 04:10:31 [INFO]    [PING OK] NL | 204ms
2026-02-18 04:10:31 [INFO]    [PING OK] US | 467ms
2026-02-18 04:10:31 [INFO]    [PING OK] FR | 197ms
2026-02-18 04:10:31 [INFO]    [PING OK] PL | 109ms
2026-02-18 04:10:31 [INFO]    [PING OK] AT | 257ms
2026-02-18 04:10:32 [INFO]    [PING OK] HU | 358ms
2026-02-18 04:10:33 [INFO]    [PING OK] FI | 233ms
2026-02-18 04:10:33 [INFO]    [PING OK] PL | 134ms
2026-02-18 04:10:34 [INFO]    [PING OK] FI | 254ms
2026-02-18 04:10:34 [INFO]    [PING OK] IR | 529ms
2026-02-18 04:10:34 [INFO]    [PING OK] JP | 406ms
2026-02-18 04:10:34 [INFO]    [PING OK] FI | 227ms
2026-02-18 04:10:34 [INFO]    [PING OK] DE | 195ms
2026-02-18 04:10:35 [INFO]    [PING OK] AE | 184ms
2026-02-18 04:10:35 [INFO]    [PING OK] DE | 137ms
2026-02-18 04:10:35 [INFO]    [PING OK] PL | 123ms
2026-02-18 04:10:40 [INFO] 🏎️ ЭТАП 2: Глубокий замер скорости для ТОП-10 серверов...
2026-02-18 04:10:44 [INFO]    🏆 PL | Пинг: 109ms | Скорость: 6.85 Mbps ⚡⚡
2026-02-18 04:10:44 [INFO]    🏆 PL | Пинг: 123ms | Скорость: 6.88 Mbps ⚡⚡
2026-02-18 04:10:44 [INFO]    🏆 PL | Пинг: 134ms | Скорость: 6.85 Mbps ⚡⚡
2026-02-18 04:10:44 [INFO]    🏆 MD | Пинг: 137ms | Скорость: 6.97 Mbps ⚡⚡
2026-02-18 04:10:44 [INFO]    🏆 DE | Пинг: 137ms | Скорость: 6.99 Mbps ⚡⚡
2026-02-18 04:10:44 [INFO]    🏆 FI | Пинг: 139ms | Скорость: 7.2 Mbps ⚡⚡
2026-02-18 04:10:44 [INFO]    🏆 DE | Пинг: 144ms | Скорость: 7.16 Mbps ⚡⚡
2026-02-18 04:10:44 [INFO]    🏆 FI | Пинг: 150ms | Скорость: 7.27 Mbps ⚡⚡
2026-02-18 04:10:44 [INFO]    🏆 DE | Пинг: 158ms | Скорость: 7.25 Mbps ⚡⚡
2026-02-18 04:10:44 [INFO]    🏆 RU | Пинг: 60ms | Скорость: 7.21 Mbps ⚡⚡
2026-02-18 04:10:44 [INFO] 🇷🇺 Добавлен RU сервер: 178.250.243.97
2026-02-18 04:10:44 [INFO] 📊 Итого в подписке сохранено: 10 серверов
2026-02-18 04:10:44 [INFO] 💾 Файл успешно сохранен: FL1PVPN
