2026-02-16 11:59:51 [INFO] 🚀 START: Smart VLESS Selector (Target: 10, Strict Mode)
2026-02-16 11:59:51 [INFO] 🌐 Загрузка источников...
2026-02-16 11:59:53 [INFO] 🔍 Уникальных конфигов собрано: 414
2026-02-16 11:59:53 [INFO] ⚡ ЭТАП 1: Быстрый замер Пинга (Workers: 25)...
2026-02-16 11:59:55 [INFO]    [PING OK] NL | 159ms
2026-02-16 11:59:55 [INFO]    [PING OK] CH | 298ms
2026-02-16 11:59:55 [INFO]    [PING OK] DE | 428ms
2026-02-16 12:00:00 [INFO]    [PING OK] TR | 272ms
2026-02-16 12:00:00 [INFO]    [PING OK] DE | 220ms
2026-02-16 12:00:00 [INFO]    [PING OK] GR | 303ms
2026-02-16 12:00:00 [INFO]    [PING OK] FR | 322ms
2026-02-16 12:00:00 [INFO]    [PING OK] DE | 171ms
2026-02-16 12:00:01 [INFO]    [PING OK] NL | 341ms
2026-02-16 12:00:02 [INFO]    [PING OK] CY | 177ms
2026-02-16 12:00:03 [INFO]    [PING OK] DE | 1355ms
2026-02-16 12:00:03 [INFO]    [PING OK] DE | 179ms
2026-02-16 12:00:05 [INFO]    [PING OK] DE | 177ms
2026-02-16 12:00:05 [INFO]    [PING OK] GB | 179ms
2026-02-16 12:00:07 [INFO]    [PING OK] FR | 190ms
2026-02-16 12:00:08 [INFO]    [PING OK] RU | 105ms
2026-02-16 12:00:09 [INFO]    [PING OK] RU | 243ms
2026-02-16 12:00:09 [INFO]    [PING OK] RU | 138ms
2026-02-16 12:00:09 [INFO]    [PING OK] RU | 311ms
2026-02-16 12:00:09 [INFO]    [PING OK] RU | 342ms
2026-02-16 12:00:10 [INFO]    [PING OK] RU | 310ms
2026-02-16 12:00:10 [INFO]    [PING OK] RU | 329ms
2026-02-16 12:00:10 [INFO]    [PING OK] RU | 346ms
2026-02-16 12:00:10 [INFO]    [PING OK] RU | 297ms
2026-02-16 12:00:10 [INFO]    [PING OK] RU | 1244ms
2026-02-16 12:00:10 [INFO]    [PING OK] RU | 228ms
2026-02-16 12:00:10 [INFO]    [PING OK] DE | 390ms
2026-02-16 12:00:11 [INFO]    [PING OK] RU | 261ms
2026-02-16 12:00:11 [INFO]    [PING OK] RU | 1231ms
2026-02-16 12:00:11 [INFO]    [PING OK] RU | 2878ms
2026-02-16 12:00:11 [INFO]    [PING OK] RU | 402ms
2026-02-16 12:00:11 [INFO]    [PING OK] RU | 1858ms
2026-02-16 12:00:12 [INFO]    [PING OK] RU | 279ms
2026-02-16 12:00:12 [INFO]    [PING OK] RU | 248ms
2026-02-16 12:00:12 [INFO]    [PING OK] RU | 277ms
2026-02-16 12:00:12 [INFO]    [PING OK] PL | 187ms
2026-02-16 12:00:12 [INFO]    [PING OK] RU | 189ms
2026-02-16 12:00:13 [INFO]    [PING OK] RU | 212ms
2026-02-16 12:00:13 [INFO]    [PING OK] RU | 1270ms
2026-02-16 12:00:13 [INFO]    [PING OK] RU | 5000ms
2026-02-16 12:00:13 [INFO]    [PING OK] RU | 370ms
2026-02-16 12:00:13 [INFO]    [PING OK] PL | 157ms
2026-02-16 12:00:13 [INFO]    [PING OK] RU | 215ms
2026-02-16 12:00:13 [INFO]    [PING OK] RU | 1939ms
2026-02-16 12:00:14 [INFO]    [PING OK] RU | 758ms
2026-02-16 12:00:14 [INFO]    [PING OK] RU | 653ms
2026-02-16 12:00:14 [INFO]    [PING OK] RU | 293ms
2026-02-16 12:00:14 [INFO]    [PING OK] RU | 223ms
2026-02-16 12:00:14 [INFO]    [PING OK] RU | 500ms
2026-02-16 12:00:14 [INFO]    [PING OK] RU | 217ms
2026-02-16 12:00:15 [INFO]    [PING OK] RU | 341ms
2026-02-16 12:00:15 [INFO]    [PING OK] RU | 3730ms
2026-02-16 12:00:15 [INFO]    [PING OK] RU | 2876ms
2026-02-16 12:00:15 [INFO]    [PING OK] RU | 756ms
2026-02-16 12:00:15 [INFO]    [PING OK] RU | 736ms
2026-02-16 12:00:15 [INFO]    [PING OK] HU | 349ms
2026-02-16 12:00:16 [INFO]    [PING OK] RU | 112ms
2026-02-16 12:00:16 [INFO]    [PING OK] RU | 218ms
2026-02-16 12:00:16 [INFO]    [PING OK] FI | 393ms
2026-02-16 12:00:16 [INFO]    [PING OK] RU | 235ms
2026-02-16 12:00:16 [INFO]    [PING OK] HU | 325ms
2026-02-16 12:00:16 [INFO]    [PING OK] RU | 491ms
2026-02-16 12:00:16 [INFO]    [PING OK] RU | 123ms
2026-02-16 12:00:16 [INFO]    [PING OK] RU | 147ms
2026-02-16 12:00:16 [INFO]    [PING OK] RU | 2706ms
2026-02-16 12:00:17 [INFO]    [PING OK] RU | 214ms
2026-02-16 12:00:17 [INFO]    [PING OK] RU | 177ms
2026-02-16 12:00:17 [INFO]    [PING OK] RU | 271ms
2026-02-16 12:00:17 [INFO]    [PING OK] RU | 213ms
2026-02-16 12:00:17 [INFO]    [PING OK] RU | 709ms
2026-02-16 12:00:18 [INFO]    [PING OK] HU | 334ms
2026-02-16 12:00:18 [INFO]    [PING OK] RU | 199ms
2026-02-16 12:00:18 [INFO]    [PING OK] RU | 812ms
2026-02-16 12:00:18 [INFO]    [PING OK] RU | 111ms
2026-02-16 12:00:18 [INFO]    [PING OK] RU | 457ms
2026-02-16 12:00:18 [INFO]    [PING OK] RU | 3247ms
2026-02-16 12:00:18 [INFO]    [PING OK] DE | 185ms
2026-02-16 12:00:19 [INFO]    [PING OK] RU | 3738ms
2026-02-16 12:00:19 [INFO]    [PING OK] PL | 181ms
2026-02-16 12:00:19 [INFO]    [PING OK] RU | 200ms
2026-02-16 12:00:19 [INFO]    [PING OK] RU | 1290ms
2026-02-16 12:00:19 [INFO]    [PING OK] RU | 388ms
2026-02-16 12:00:19 [INFO]    [PING OK] RU | 274ms
2026-02-16 12:00:20 [INFO]    [PING OK] RU | 974ms
2026-02-16 12:00:20 [INFO]    [PING OK] RU | 262ms
2026-02-16 12:00:20 [INFO]    [PING OK] RU | 800ms
2026-02-16 12:00:20 [INFO]    [PING OK] RU | 642ms
2026-02-16 12:00:20 [INFO]    [PING OK] RU | 277ms
2026-02-16 12:00:20 [INFO]    [PING OK] RU | 3991ms
2026-02-16 12:00:20 [INFO]    [PING OK] RU | 2025ms
2026-02-16 12:00:20 [INFO]    [PING OK] GB | 4091ms
2026-02-16 12:00:20 [INFO]    [PING OK] RU | 325ms
2026-02-16 12:00:21 [INFO]    [PING OK] RU | 299ms
2026-02-16 12:00:21 [INFO]    [PING OK] RU | 242ms
2026-02-16 12:00:21 [INFO]    [PING OK] RU | 226ms
2026-02-16 12:00:21 [INFO]    [PING OK] RU | 1024ms
2026-02-16 12:00:21 [INFO]    [PING OK] RU | 257ms
2026-02-16 12:00:21 [INFO]    [PING OK] RU | 3355ms
2026-02-16 12:00:22 [INFO]    [PING OK] RU | 270ms
2026-02-16 12:00:22 [INFO]    [PING OK] RU | 514ms
2026-02-16 12:00:22 [INFO]    [PING OK] RU | 992ms
2026-02-16 12:00:22 [INFO]    [PING OK] RU | 2846ms
2026-02-16 12:00:22 [INFO]    [PING OK] RU | 3225ms
2026-02-16 12:00:22 [INFO]    [PING OK] RU | 269ms
2026-02-16 12:00:22 [INFO]    [PING OK] RU | 1697ms
2026-02-16 12:00:23 [INFO]    [PING OK] RU | 126ms
2026-02-16 12:00:23 [INFO]    [PING OK] RU | 3791ms
2026-02-16 12:00:23 [INFO]    [PING OK] RU | 193ms
2026-02-16 12:00:23 [INFO]    [PING OK] RU | 393ms
2026-02-16 12:00:23 [INFO]    [PING OK] RU | 216ms
2026-02-16 12:00:23 [INFO]    [PING OK] RU | 256ms
2026-02-16 12:00:23 [INFO]    [PING OK] RU | 1389ms
2026-02-16 12:00:23 [INFO]    [PING OK] RU | 1991ms
2026-02-16 12:00:23 [INFO]    [PING OK] RU | 249ms
2026-02-16 12:00:24 [INFO]    [PING OK] RU | 268ms
2026-02-16 12:00:24 [INFO]    [PING OK] RU | 229ms
2026-02-16 12:00:24 [INFO]    [PING OK] RU | 254ms
2026-02-16 12:00:24 [INFO]    [PING OK] RU | 973ms
2026-02-16 12:00:24 [INFO]    [PING OK] US | 190ms
2026-02-16 12:00:24 [INFO]    [PING OK] RU | 1785ms
2026-02-16 12:00:24 [INFO]    [PING OK] RU | 246ms
2026-02-16 12:00:25 [INFO]    [PING OK] RU | 347ms
2026-02-16 12:00:25 [INFO]    [PING OK] RU | 287ms
2026-02-16 12:00:25 [INFO]    [PING OK] RU | 92ms
2026-02-16 12:00:25 [INFO]    [PING OK] RU | 182ms
2026-02-16 12:00:25 [INFO]    [PING OK] RU | 251ms
2026-02-16 12:00:26 [INFO]    [PING OK] RU | 221ms
2026-02-16 12:00:26 [INFO]    [PING OK] RU | 1962ms
2026-02-16 12:00:26 [INFO]    [PING OK] DE | 528ms
2026-02-16 12:00:26 [INFO]    [PING OK] RU | 2695ms
2026-02-16 12:00:26 [INFO]    [PING OK] NL | 272ms
2026-02-16 12:00:26 [INFO]    [PING OK] PL | 177ms
2026-02-16 12:00:27 [INFO]    [PING OK] RU | 1269ms
2026-02-16 12:00:27 [INFO]    [PING OK] GB | 291ms
2026-02-16 12:00:27 [INFO]    [PING OK] RU | 3357ms
2026-02-16 12:00:28 [INFO]    [PING OK] RU | 333ms
2026-02-16 12:00:28 [INFO]    [PING OK] DE | 145ms
2026-02-16 12:00:28 [INFO]    [PING OK] LV | 890ms
2026-02-16 12:00:29 [INFO]    [PING OK] RU | 4852ms
2026-02-16 12:00:29 [INFO]    [PING OK] CY | 406ms
2026-02-16 12:00:32 [INFO]    [PING OK] DE | 173ms
2026-02-16 12:00:33 [INFO]    [PING OK] DE | 203ms
2026-02-16 12:00:34 [INFO]    [PING OK] MD | 174ms
2026-02-16 12:00:34 [INFO]    [PING OK] NL | 2287ms
2026-02-16 12:00:35 [INFO]    [PING OK] NL | 503ms
2026-02-16 12:00:35 [INFO]    [PING OK] RU | 796ms
2026-02-16 12:00:35 [INFO]    [PING OK] DE | 923ms
2026-02-16 12:00:35 [INFO]    [PING OK] JP | 439ms
2026-02-16 12:00:36 [INFO]    [PING OK] DE | 424ms
2026-02-16 12:00:36 [INFO]    [PING OK] GB | 180ms
2026-02-16 12:00:37 [INFO]    [PING OK] NL | 427ms
2026-02-16 12:00:37 [INFO]    [PING OK] TR | 504ms
2026-02-16 12:00:37 [INFO]    [PING OK] FI | 490ms
2026-02-16 12:00:37 [INFO]    [PING OK] FI | 180ms
2026-02-16 12:00:38 [INFO]    [PING OK] CY | 401ms
2026-02-16 12:00:38 [INFO]    [PING OK] NL | 2260ms
2026-02-16 12:00:38 [INFO]    [PING OK] ES | 1146ms
2026-02-16 12:00:38 [INFO]    [PING OK] LV | 305ms
2026-02-16 12:00:39 [INFO]    [PING OK] TR | 1506ms
2026-02-16 12:00:39 [INFO]    [PING OK] US | 491ms
2026-02-16 12:00:39 [INFO]    [PING OK] RU | 406ms
2026-02-16 12:00:45 [INFO] 🏎️ ЭТАП 2: Глубокий замер скорости для ТОП-10 серверов...
2026-02-16 12:00:52 [INFO]    🏆 DE | Пинг: 145ms | Скорость: 0.0 Mbps 
2026-02-16 12:00:52 [INFO]    🏆 PL | Пинг: 157ms | Скорость: 8.37 Mbps ⚡⚡
2026-02-16 12:00:52 [INFO]    🏆 NL | Пинг: 159ms | Скорость: 8.27 Mbps ⚡⚡
2026-02-16 12:00:52 [INFO]    🏆 DE | Пинг: 171ms | Скорость: 8.27 Mbps ⚡⚡
2026-02-16 12:00:52 [INFO]    🏆 DE | Пинг: 173ms | Скорость: 8.18 Mbps ⚡⚡
2026-02-16 12:00:52 [INFO]    🏆 MD | Пинг: 174ms | Скорость: 8.44 Mbps ⚡⚡
2026-02-16 12:00:52 [INFO]    🏆 CY | Пинг: 177ms | Скорость: 8.43 Mbps ⚡⚡
2026-02-16 12:00:52 [INFO]    🏆 DE | Пинг: 177ms | Скорость: 8.97 Mbps ⚡⚡
2026-02-16 12:00:52 [INFO]    🏆 PL | Пинг: 177ms | Скорость: 8.74 Mbps ⚡⚡
2026-02-16 12:00:52 [INFO]    🏆 RU | Пинг: 92ms | Скорость: 0.0 Mbps 
2026-02-16 12:00:52 [INFO] 🇷🇺 Добавлен RU сервер: 95.163.211.158
2026-02-16 12:00:52 [INFO] 📊 Итого в подписке сохранено: 10 серверов
2026-02-16 12:00:52 [INFO] 💾 Файл успешно сохранен: FL1PVPN
