2026-02-26 02:10:05 [INFO] 🚀 START: Smart Selector (Target: 10, ONLY FOREIGN)
2026-02-26 02:10:05 [INFO] 🌐 Загрузка источников (VLESS + VMess)...
2026-02-26 02:10:06 [INFO] 🔍 Уникальных конфигов собрано: 138
2026-02-26 02:10:06 [INFO] ⚡ ЭТАП 1: Замер Пинга и Геолокации. Workers: 40...
2026-02-26 02:10:12 [INFO]    [PING OK] NL | VLESS | 4837ms
2026-02-26 02:10:12 [INFO]    [PING OK] DE | VLESS | 4644ms
2026-02-26 02:10:12 [INFO]    [PING OK] FI | VLESS | 4775ms
2026-02-26 02:10:12 [INFO]    [PING OK] NL | VLESS | 4993ms
2026-02-26 02:10:12 [INFO]    [PING OK] DE | VLESS | 4914ms
2026-02-26 02:10:12 [INFO]    [PING OK] NL | VLESS | 5086ms
2026-02-26 02:10:13 [INFO]    [PING OK] NL | VLESS | 5452ms
2026-02-26 02:10:13 [INFO]    [PING OK] FI | VLESS | 5516ms
2026-02-26 02:10:13 [INFO]    [PING OK] US | VLESS | 5440ms
2026-02-26 02:10:13 [INFO]    [PING OK] NL | VLESS | 5226ms
2026-02-26 02:10:13 [INFO]    [PING OK] NL | VLESS | 4355ms
2026-02-26 02:10:13 [INFO]    [PING OK] FR | VLESS | 4319ms
2026-02-26 02:10:13 [INFO]    [PING OK] NL | VLESS | 4165ms
2026-02-26 02:10:13 [INFO]    [PING OK] DE | VLESS | 4311ms
2026-02-26 02:10:13 [INFO]    [PING OK] NL | VLESS | 4706ms
2026-02-26 02:10:13 [INFO]    [PING OK] US | VLESS | 4300ms
2026-02-26 02:10:13 [INFO]    [PING OK] DE | VLESS | 4064ms
2026-02-26 02:10:13 [INFO]    [PING OK] NL | VLESS | 4249ms
2026-02-26 02:10:13 [INFO]    [PING OK] US | VLESS | 4615ms
2026-02-26 02:10:14 [INFO]    [PING OK] NL | VLESS | 4235ms
2026-02-26 02:10:14 [INFO]    [PING OK] NL | VLESS | 4105ms
2026-02-26 02:10:14 [INFO]    [PING OK] NL | VLESS | 4141ms
2026-02-26 02:10:14 [INFO]    [PING OK] NL | VLESS | 4321ms
2026-02-26 02:10:15 [INFO]    [PING OK] NL | VLESS | 4696ms
2026-02-26 02:10:19 [INFO]    [PING OK] US | VLESS | 5253ms
2026-02-26 02:10:19 [INFO]    [PING OK] NL | VLESS | 4843ms
2026-02-26 02:10:19 [INFO]    [PING OK] LV | VLESS | 4872ms
2026-02-26 02:10:19 [INFO]    [PING OK] LV | VLESS | 4304ms
2026-02-26 02:10:19 [INFO]    [PING OK] DE | VLESS | 4538ms
2026-02-26 02:10:19 [INFO]    [PING OK] FR | VLESS | 4518ms
2026-02-26 02:10:20 [INFO]    [PING OK] NL | VLESS | 2521ms
2026-02-26 02:10:20 [INFO]    [PING OK] US | VLESS | 2136ms
2026-02-26 02:10:20 [INFO]    [PING OK] SG | VLESS | 2350ms
2026-02-26 02:10:22 [INFO]    [PING OK] SG | VLESS | 3461ms
2026-02-26 02:10:25 [INFO] 🏎️ ЭТАП 2: Глубокий замер скорости для 34 иностранных кандидатов...
2026-02-26 02:10:29 [INFO]    🏆 NL | VLESS | Пинг: 4165ms | Скорость: 5.93 Mbps ⚡⚡
2026-02-26 02:10:29 [INFO]    🏆 NL | VLESS | Пинг: 4141ms | Скорость: 5.89 Mbps ⚡⚡
2026-02-26 02:10:29 [INFO]    🏆 US | VLESS | Пинг: 4300ms | Скорость: 5.98 Mbps ⚡⚡
2026-02-26 02:10:29 [INFO]    🏆 LV | VLESS | Пинг: 4304ms | Скорость: 6.12 Mbps ⚡⚡
2026-02-26 02:10:29 [INFO]    🏆 NL | VLESS | Пинг: 4321ms | Скорость: 6.17 Mbps ⚡⚡
2026-02-26 02:10:29 [INFO]    🏆 DE | VLESS | Пинг: 4064ms | Скорость: 5.69 Mbps ⚡⚡
2026-02-26 02:10:29 [INFO]    🏆 NL | VLESS | Пинг: 4235ms | Скорость: 5.86 Mbps ⚡⚡
2026-02-26 02:10:29 [INFO]    🏆 NL | VLESS | Пинг: 4249ms | Скорость: 5.78 Mbps ⚡⚡
2026-02-26 02:10:29 [INFO]    🏆 DE | VLESS | Пинг: 4311ms | Скорость: 5.89 Mbps ⚡⚡
2026-02-26 02:10:29 [INFO]    🏆 NL | VLESS | Пинг: 4105ms | Скорость: 5.68 Mbps ⚡⚡
2026-02-26 02:10:29 [INFO]    🏆 NL | VLESS | Пинг: 2521ms | Скорость: 5.41 Mbps ⚡⚡
2026-02-26 02:10:29 [INFO]    🏆 US | VLESS | Пинг: 2136ms | Скорость: 5.02 Mbps ⚡⚡
2026-02-26 02:10:32 [INFO]    🏆 SG | VLESS | Пинг: 2350ms | Скорость: 2.08 Mbps ⚡
2026-02-26 02:10:33 [INFO]    🏆 NL | VLESS | Пинг: 4706ms | Скорость: 5.33 Mbps ⚡⚡
2026-02-26 02:10:33 [INFO]    🏆 NL | VLESS | Пинг: 4993ms | Скорость: 5.54 Mbps ⚡⚡
2026-02-26 02:10:33 [INFO]    🏆 LV | VLESS | Пинг: 4872ms | Скорость: 5.41 Mbps ⚡⚡
2026-02-26 02:10:33 [INFO]    🏆 US | VLESS | Пинг: 4615ms | Скорость: 5.13 Mbps ⚡⚡
2026-02-26 02:10:33 [INFO]    🏆 DE | VLESS | Пинг: 4914ms | Скорость: 5.44 Mbps ⚡⚡
2026-02-26 02:10:33 [INFO]    🏆 FR | VLESS | Пинг: 4518ms | Скорость: 5.13 Mbps ⚡⚡
2026-02-26 02:10:33 [INFO]    🏆 DE | VLESS | Пинг: 4644ms | Скорость: 5.13 Mbps ⚡⚡
2026-02-26 02:10:33 [INFO]    🏆 DE | VLESS | Пинг: 4538ms | Скорость: 5.16 Mbps ⚡⚡
2026-02-26 02:10:33 [INFO]    🏆 NL | VLESS | Пинг: 4843ms | Скорость: 5.37 Mbps ⚡⚡
2026-02-26 02:10:33 [INFO]    🏆 NL | VLESS | Пинг: 4355ms | Скорость: 5.11 Mbps ⚡⚡
2026-02-26 02:10:34 [INFO]    🏆 NL | VLESS | Пинг: 4837ms | Скорость: 5.25 Mbps ⚡⚡
2026-02-26 02:10:34 [INFO]    🏆 NL | VLESS | Пинг: 4696ms | Скорость: 5.29 Mbps ⚡⚡
2026-02-26 02:10:34 [INFO]    🏆 NL | VLESS | Пинг: 5086ms | Скорость: 5.62 Mbps ⚡⚡
2026-02-26 02:10:35 [INFO]    🏆 NL | VLESS | Пинг: 5226ms | Скорость: 9.53 Mbps ⚡⚡
2026-02-26 02:10:36 [INFO]    🏆 FI | VLESS | Пинг: 4775ms | Скорость: 2.33 Mbps ⚡
2026-02-26 02:10:36 [INFO]    🏆 NL | VLESS | Пинг: 5452ms | Скорость: 12.6 Mbps ⚡⚡
2026-02-26 02:10:36 [INFO]    🏆 US | VLESS | Пинг: 5253ms | Скорость: 11.55 Mbps ⚡⚡
2026-02-26 02:10:36 [INFO]    🏆 FI | VLESS | Пинг: 5516ms | Скорость: 11.97 Mbps ⚡⚡
2026-02-26 02:10:37 [INFO]    🏆 US | VLESS | Пинг: 5440ms | Скорость: 8.13 Mbps ⚡⚡
2026-02-26 02:10:37 [INFO] 📊 Итого в подписке сохранено иностранных серверов: 10
2026-02-26 02:10:37 [INFO] 💾 Файл успешно сохранен: FL1PVPN
