2026-02-27 05:30:05 [INFO] 🚀 START: Smart Selector (Target: 10, ONLY FOREIGN)
2026-02-27 05:30:05 [INFO] 🌐 Загрузка источников (VLESS + VMess)...
2026-02-27 05:30:06 [INFO] 🔍 Уникальных конфигов собрано: 157
2026-02-27 05:30:06 [INFO] ⚡ ЭТАП 1: Замер Пинга и Геолокации. Workers: 40...
2026-02-27 05:30:11 [INFO]    [PING OK] FI | VLESS | 4288ms
2026-02-27 05:30:11 [INFO]    [PING OK] FI | VLESS | 4281ms
2026-02-27 05:30:11 [INFO]    [PING OK] FI | VLESS | 4447ms
2026-02-27 05:30:11 [INFO]    [PING OK] DE | VLESS | 4694ms
2026-02-27 05:30:11 [INFO]    [PING OK] DE | VLESS | 4394ms
2026-02-27 05:30:11 [INFO]    [PING OK] TR | VLESS | 4648ms
2026-02-27 05:30:11 [INFO]    [PING OK] TR | VLESS | 4294ms
2026-02-27 05:30:11 [INFO]    [PING OK] FR | VLESS | 4118ms
2026-02-27 05:30:11 [INFO]    [PING OK] FI | VLESS | 4611ms
2026-02-27 05:30:11 [INFO]    [PING OK] FI | VLESS | 4454ms
2026-02-27 05:30:12 [INFO]    [PING OK] US | VLESS | 4329ms
2026-02-27 05:30:12 [INFO]    [PING OK] FI | VLESS | 3967ms
2026-02-27 05:30:12 [INFO]    [PING OK] HU | VLESS | 5220ms
2026-02-27 05:30:12 [INFO]    [PING OK] FI | VLESS | 5616ms
2026-02-27 05:30:12 [INFO]    [PING OK] DE | VLESS | 4099ms
2026-02-27 05:30:12 [INFO]    [PING OK] FI | VLESS | 4149ms
2026-02-27 05:30:13 [INFO]    [PING OK] FI | VLESS | 4168ms
2026-02-27 05:30:13 [INFO]    [PING OK] IT | VLESS | 4570ms
2026-02-27 05:30:13 [INFO]    [PING OK] FI | VLESS | 4500ms
2026-02-27 05:30:13 [INFO]    [PING OK] FI | VLESS | 4535ms
2026-02-27 05:30:14 [INFO]    [PING OK] FR | VLESS | 6597ms
2026-02-27 05:30:14 [INFO]    [PING OK] DE | VLESS | 4491ms
2026-02-27 05:30:14 [INFO]    [PING OK] FI | VLESS | 4527ms
2026-02-27 05:30:14 [INFO]    [PING OK] TR | VLESS | 4712ms
2026-02-27 05:30:16 [INFO]    [PING OK] ES | VLESS | 4912ms
2026-02-27 05:30:17 [INFO]    [PING OK] ES | VLESS | 4544ms
2026-02-27 05:30:17 [INFO]    [PING OK] DE | VLESS | 4618ms
2026-02-27 05:30:17 [INFO]    [PING OK] ES | VLESS | 4591ms
2026-02-27 05:30:17 [INFO]    [PING OK] DE | VLESS | 4894ms
2026-02-27 05:30:18 [INFO]    [PING OK] TR | VLESS | 3928ms
2026-02-27 05:30:18 [INFO]    [PING OK] DE | VLESS | 3759ms
2026-02-27 05:30:18 [INFO]    [PING OK] FI | VLESS | 3804ms
2026-02-27 05:30:18 [INFO]    [PING OK] NL | VLESS | 5885ms
2026-02-27 05:30:19 [INFO]    [PING OK] FR | VLESS | 3746ms
2026-02-27 05:30:19 [INFO]    [PING OK] LT | VLESS | 3698ms
2026-02-27 05:30:19 [INFO]    [PING OK] DE | VLESS | 3689ms
2026-02-27 05:30:19 [INFO]    [PING OK] IT | VLESS | 3873ms
2026-02-27 05:30:19 [INFO]    [PING OK] HU | VLESS | 4295ms
2026-02-27 05:30:20 [INFO]    [PING OK] CH | VLESS | 3830ms
2026-02-27 05:30:20 [INFO]    [PING OK] NL | VLESS | 5209ms
2026-02-27 05:30:20 [INFO]    [PING OK] NL | VLESS | 4264ms
2026-02-27 05:30:20 [INFO]    [PING OK] DE | VLESS | 4071ms
2026-02-27 05:30:20 [INFO]    [PING OK] NL | VLESS | 4542ms
2026-02-27 05:30:21 [INFO]    [PING OK] CA | VLESS | 3810ms
2026-02-27 05:30:21 [INFO]    [PING OK] FI | VLESS | 4203ms
2026-02-27 05:30:21 [INFO]    [PING OK] US | VLESS | 5743ms
2026-02-27 05:30:21 [INFO]    [PING OK] US | VLESS | 4057ms
2026-02-27 05:30:21 [INFO]    [PING OK] DE | VLESS | 3803ms
2026-02-27 05:30:21 [INFO]    [PING OK] US | VLESS | 3695ms
2026-02-27 05:30:21 [INFO]    [PING OK] NL | VLESS | 3538ms
2026-02-27 05:30:22 [INFO]    [PING OK] DE | VLESS | 3060ms
2026-02-27 05:30:22 [INFO]    [PING OK] DE | VLESS | 2556ms
2026-02-27 05:30:22 [INFO]    [PING OK] LV | VLESS | 2254ms
2026-02-27 05:30:22 [INFO]    [PING OK] DE | VLESS | 2406ms
2026-02-27 05:30:22 [INFO]    [PING OK] SG | VLESS | 3823ms
2026-02-27 05:30:22 [INFO]    [PING OK] DE | VLESS | 3971ms
2026-02-27 05:30:22 [INFO]    [PING OK] SG | VLESS | 3300ms
2026-02-27 05:30:22 [INFO]    [PING OK] DE | VLESS | 1104ms
2026-02-27 05:30:22 [INFO]    [PING OK] DE | VLESS | 4057ms
2026-02-27 05:30:23 [INFO]    [PING OK] EE | VLESS | 3476ms
2026-02-27 05:30:23 [INFO]    [PING OK] SG | VLESS | 3460ms
2026-02-27 05:30:23 [INFO]    [PING OK] DE | VLESS | 3274ms
2026-02-27 05:30:24 [INFO]    [PING OK] LV | VLESS | 5921ms
2026-02-27 05:30:27 [INFO] 🏎️ ЭТАП 2: Глубокий замер скорости для 40 иностранных кандидатов...
2026-02-27 05:30:31 [INFO]    🏆 DE | VLESS | Пинг: 2556ms | Скорость: 6.01 Mbps ⚡⚡
2026-02-27 05:30:31 [INFO]    🏆 DE | VLESS | Пинг: 3060ms | Скорость: 5.96 Mbps ⚡⚡
2026-02-27 05:30:31 [INFO]    🏆 DE | VLESS | Пинг: 3759ms | Скорость: 6.4 Mbps ⚡⚡
2026-02-27 05:30:31 [INFO]    🏆 DE | VLESS | Пинг: 2406ms | Скорость: 5.79 Mbps ⚡⚡
2026-02-27 05:30:31 [INFO]    🏆 LV | VLESS | Пинг: 2254ms | Скорость: 5.65 Mbps ⚡⚡
2026-02-27 05:30:31 [INFO]    🏆 LT | VLESS | Пинг: 3698ms | Скорость: 5.7 Mbps ⚡⚡
2026-02-27 05:30:31 [INFO]    🏆 SG | VLESS | Пинг: 3300ms | Скорость: 5.22 Mbps ⚡⚡
2026-02-27 05:30:31 [INFO]    🏆 NL | VLESS | Пинг: 3538ms | Скорость: 5.29 Mbps ⚡⚡
2026-02-27 05:30:32 [INFO]    🏆 DE | VLESS | Пинг: 3274ms | Скорость: 4.63 Mbps ⚡⚡
2026-02-27 05:30:34 [INFO]    🏆 DE | VLESS | Пинг: 3689ms | Скорость: 2.08 Mbps ⚡
2026-02-27 05:30:34 [INFO]    🏆 CH | VLESS | Пинг: 3830ms | Скорость: 8.93 Mbps ⚡⚡
2026-02-27 05:30:34 [INFO]    🏆 CA | VLESS | Пинг: 3810ms | Скорость: 8.42 Mbps ⚡⚡
2026-02-27 05:30:34 [INFO]    🏆 FI | VLESS | Пинг: 3967ms | Скорость: 10.68 Mbps ⚡⚡
2026-02-27 05:30:34 [INFO]    🏆 SG | VLESS | Пинг: 3823ms | Скорость: 8.36 Mbps ⚡⚡
2026-02-27 05:30:34 [INFO]    🏆 DE | VLESS | Пинг: 4099ms | Скорость: 10.53 Mbps ⚡⚡
2026-02-27 05:30:34 [INFO]    🏆 DE | VLESS | Пинг: 4071ms | Скорость: 10.45 Mbps ⚡⚡
2026-02-27 05:30:34 [INFO]    🏆 IT | VLESS | Пинг: 3873ms | Скорость: 7.58 Mbps ⚡⚡
2026-02-27 05:30:35 [INFO]    🏆 DE | VLESS | Пинг: 3971ms | Скорость: 5.92 Mbps ⚡⚡
2026-02-27 05:30:36 [INFO]    🏆 FI | VLESS | Пинг: 4149ms | Скорость: 12.31 Mbps ⚡⚡
2026-02-27 05:30:37 [INFO]    🏆 FI | VLESS | Пинг: 4288ms | Скорость: 10.07 Mbps ⚡⚡
2026-02-27 05:30:37 [INFO]    🏆 FI | VLESS | Пинг: 4281ms | Скорость: 9.99 Mbps ⚡⚡
2026-02-27 05:30:37 [INFO]    🏆 US | VLESS | Пинг: 4057ms | Скорость: 4.31 Mbps ⚡⚡
2026-02-27 05:30:37 [INFO]    🏆 DE | VLESS | Пинг: 4394ms | Скорость: 11.25 Mbps ⚡⚡
2026-02-27 05:30:37 [INFO]    🏆 TR | VLESS | Пинг: 4294ms | Скорость: 9.89 Mbps ⚡⚡
2026-02-27 05:30:37 [INFO]    🏆 FI | VLESS | Пинг: 4447ms | Скорость: 18.59 Mbps ⚡⚡
2026-02-27 05:30:37 [INFO]    🏆 US | VLESS | Пинг: 4329ms | Скорость: 8.19 Mbps ⚡⚡
2026-02-27 05:30:38 [INFO]    🏆 DE | VLESS | Пинг: 4057ms | Скорость: 3.33 Mbps ⚡⚡
2026-02-27 05:30:41 [INFO]    🏆 FI | VLESS | Пинг: 4203ms | Скорость: 1.1 Mbps 
2026-02-27 05:30:41 [INFO]    🏆 HU | VLESS | Пинг: 4295ms | Скорость: 1.42 Mbps 
2026-02-27 05:30:41 [INFO] 📊 Итого в подписке сохранено иностранных серверов: 10
2026-02-27 05:30:41 [INFO] 💾 Файл успешно сохранен: FL1PVPN
