2026-02-19 10:40:05 [INFO] 🚀 START: Smart VPN Selector (Target: 10, Strict Mode)
2026-02-19 10:40:05 [INFO] 🌐 Загрузка источников...
2026-02-19 10:40:10 [INFO] 🔍 Уникальных конфигов собрано: 1209
2026-02-19 10:40:10 [INFO] ⚡ ЭТАП 1: Быстрый замер Пинга (Workers: 25)...
2026-02-19 10:40:11 [INFO]    [PING OK] NL | 219ms
2026-02-19 10:40:11 [INFO]    [PING OK] RU | 569ms
2026-02-19 10:40:11 [INFO]    [PING OK] SE | 259ms
2026-02-19 10:40:11 [INFO]    [PING OK] LT | 348ms
2026-02-19 10:40:11 [INFO]    [PING OK] RU | 804ms
2026-02-19 10:40:14 [INFO]    [PING OK] TR | 149ms
2026-02-19 10:40:16 [INFO]    [PING OK] RU | 4867ms
2026-02-19 10:40:17 [INFO]    [PING OK] DE | 155ms
2026-02-19 10:40:17 [INFO]    [PING OK] LV | 605ms
2026-02-19 10:40:17 [INFO]    [PING OK] IT | 549ms
2026-02-19 10:40:18 [INFO]    [PING OK] RU | 223ms
2026-02-19 10:40:18 [INFO]    [PING OK] RU | 134ms
2026-02-19 10:40:18 [INFO]    [PING OK] DE | 195ms
2026-02-19 10:40:19 [INFO]    [PING OK] GB | 250ms
2026-02-19 10:40:19 [INFO]    [PING OK] TR | 263ms
2026-02-19 10:40:19 [INFO]    [PING OK] DE | 215ms
2026-02-19 10:40:21 [INFO]    [PING OK] TR | 120ms
2026-02-19 10:40:22 [INFO]    [PING OK] RU | 1465ms
2026-02-19 10:40:24 [INFO]    [PING OK] RU | 264ms
2026-02-19 10:40:24 [INFO]    [PING OK] RU | 264ms
2026-02-19 10:40:24 [INFO]    [PING OK] RU | 322ms
2026-02-19 10:40:24 [INFO]    [PING OK] RU | 300ms
2026-02-19 10:40:25 [INFO]    [PING OK] RU | 1013ms
2026-02-19 10:40:25 [INFO]    [PING OK] RU | 282ms
2026-02-19 10:40:25 [INFO]    [PING OK] DE | 2022ms
2026-02-19 10:40:25 [INFO]    [PING OK] RU | 199ms
2026-02-19 10:40:26 [INFO]    [PING OK] RU | 209ms
2026-02-19 10:40:26 [INFO]    [PING OK] RU | 304ms
2026-02-19 10:40:26 [INFO]    [PING OK] RU | 267ms
2026-02-19 10:40:26 [INFO]    [PING OK] RU | 326ms
2026-02-19 10:40:27 [INFO]    [PING OK] RU | 275ms
2026-02-19 10:40:27 [INFO]    [PING OK] RU | 245ms
2026-02-19 10:40:27 [INFO]    [PING OK] RU | 269ms
2026-02-19 10:40:28 [INFO]    [PING OK] RU | 354ms
2026-02-19 10:40:28 [INFO]    [PING OK] RU | 262ms
2026-02-19 10:40:28 [INFO]    [PING OK] RU | 277ms
2026-02-19 10:40:28 [INFO]    [PING OK] RU | 528ms
2026-02-19 10:40:28 [INFO]    [PING OK] RU | 323ms
2026-02-19 10:40:28 [INFO]    [PING OK] RU | 837ms
2026-02-19 10:40:28 [INFO]    [PING OK] RU | 1708ms
2026-02-19 10:40:28 [INFO]    [PING OK] RU | 4659ms
2026-02-19 10:40:28 [INFO]    [PING OK] RU | 215ms
2026-02-19 10:40:28 [INFO]    [PING OK] RU | 265ms
2026-02-19 10:40:29 [INFO]    [PING OK] RU | 307ms
2026-02-19 10:40:29 [INFO]    [PING OK] RU | 308ms
2026-02-19 10:40:29 [INFO]    [PING OK] RU | 266ms
2026-02-19 10:40:29 [INFO]    [PING OK] RU | 273ms
2026-02-19 10:40:29 [INFO]    [PING OK] RU | 249ms
2026-02-19 10:40:30 [INFO]    [PING OK] RU | 282ms
2026-02-19 10:40:30 [INFO]    [PING OK] RU | 192ms
2026-02-19 10:40:30 [INFO]    [PING OK] RU | 2260ms
2026-02-19 10:40:30 [INFO]    [PING OK] RU | 822ms
2026-02-19 10:40:30 [INFO]    [PING OK] RU | 305ms
2026-02-19 10:40:30 [INFO]    [PING OK] RU | 295ms
2026-02-19 10:40:30 [INFO]    [PING OK] RU | 1687ms
2026-02-19 10:40:31 [INFO]    [PING OK] RU | 261ms
2026-02-19 10:40:31 [INFO]    [PING OK] RU | 399ms
2026-02-19 10:40:31 [INFO]    [PING OK] RU | 913ms
2026-02-19 10:40:32 [INFO]    [PING OK] RU | 2043ms
2026-02-19 10:40:32 [INFO]    [PING OK] RU | 117ms
2026-02-19 10:40:32 [INFO]    [PING OK] RU | 128ms
2026-02-19 10:40:32 [INFO]    [PING OK] RU | 3039ms
2026-02-19 10:40:33 [INFO]    [PING OK] DE | 1606ms
2026-02-19 10:40:33 [INFO]    [PING OK] RU | 4699ms
2026-02-19 10:40:33 [INFO]    [PING OK] DE | 3927ms
2026-02-19 10:40:33 [INFO]    [PING OK] RU | 3741ms
2026-02-19 10:40:34 [INFO]    [PING OK] RU | 3195ms
2026-02-19 10:40:34 [INFO]    [PING OK] US | 847ms
2026-02-19 10:40:34 [INFO]    [PING OK] CH | 565ms
2026-02-19 10:40:35 [INFO]    [PING OK] SE | 120ms
2026-02-19 10:40:35 [INFO]    [PING OK] TR | 1188ms
2026-02-19 10:40:36 [INFO]    [PING OK] US | 355ms
2026-02-19 10:40:36 [INFO]    [PING OK] UZ | 288ms
2026-02-19 10:40:36 [INFO]    [PING OK] LT | 779ms
2026-02-19 10:40:37 [INFO]    [PING OK] HK | 1433ms
2026-02-19 10:40:37 [INFO]    [PING OK] US | 382ms
2026-02-19 10:40:37 [INFO]    [PING OK] AU | 573ms
2026-02-19 10:40:37 [INFO]    [PING OK] DE | 116ms
2026-02-19 10:40:38 [INFO]    [PING OK] US | 1694ms
2026-02-19 10:40:38 [INFO]    [PING OK] US | 385ms
2026-02-19 10:40:39 [INFO]    [PING OK] US | 945ms
2026-02-19 10:40:39 [INFO]    [PING OK] GB | 221ms
2026-02-19 10:40:40 [INFO]    [PING OK] GB | 165ms
2026-02-19 10:40:40 [INFO]    [PING OK] US | 384ms
2026-02-19 10:40:40 [INFO]    [PING OK] FR | 162ms
2026-02-19 10:40:41 [INFO]    [PING OK] MD | 185ms
2026-02-19 10:40:41 [INFO]    [PING OK] US | 532ms
2026-02-19 10:40:41 [INFO]    [PING OK] US | 395ms
2026-02-19 10:40:41 [INFO]    [PING OK] US | 307ms
2026-02-19 10:40:42 [INFO]    [PING OK] PL | 113ms
2026-02-19 10:40:42 [INFO]    [PING OK] DE | 233ms
2026-02-19 10:40:43 [INFO]    [PING OK] US | 375ms
2026-02-19 10:40:43 [INFO]    [PING OK] US | 657ms
2026-02-19 10:40:43 [INFO]    [PING OK] US | 459ms
2026-02-19 10:40:43 [INFO]    [PING OK] FR | 126ms
2026-02-19 10:40:44 [INFO]    [PING OK] GB | 558ms
2026-02-19 10:40:44 [INFO]    [PING OK] GB | 543ms
2026-02-19 10:40:44 [INFO]    [PING OK] TR | 445ms
2026-02-19 10:40:44 [INFO]    [PING OK] ES | 176ms
2026-02-19 10:40:44 [INFO]    [PING OK] DE | 148ms
2026-02-19 10:40:44 [INFO]    [PING OK] SG | 620ms
2026-02-19 10:40:45 [INFO]    [PING OK] BG | 188ms
2026-02-19 10:40:45 [INFO]    [PING OK] GB | 191ms
2026-02-19 10:40:45 [INFO]    [PING OK] CZ | 4010ms
2026-02-19 10:40:46 [INFO]    [PING OK] FI | 143ms
2026-02-19 10:40:46 [INFO]    [PING OK] RU | 55ms
2026-02-19 10:40:46 [INFO]    [PING OK] TR | 530ms
2026-02-19 10:40:46 [INFO]    [PING OK] SG | 450ms
2026-02-19 10:40:46 [INFO]    [PING OK] AE | 162ms
2026-02-19 10:40:47 [INFO]    [PING OK] FR | 147ms
2026-02-19 10:40:47 [INFO]    [PING OK] US | 359ms
2026-02-19 10:40:47 [INFO]    [PING OK] GB | 144ms
2026-02-19 10:40:48 [INFO]    [PING OK] NL | 226ms
2026-02-19 10:40:48 [INFO]    [PING OK] HK | 1111ms
2026-02-19 10:40:48 [INFO]    [PING OK] JP | 1941ms
2026-02-19 10:40:49 [INFO]    [PING OK] SG | 415ms
2026-02-19 10:40:49 [INFO]    [PING OK] MX | 368ms
2026-02-19 10:40:50 [INFO]    [PING OK] US | 386ms
2026-02-19 10:40:50 [INFO]    [PING OK] IT | 565ms
2026-02-19 10:40:56 [INFO]    [PING OK] DE | 125ms
2026-02-19 10:40:58 [INFO]    [PING OK] GB | 186ms
2026-02-19 10:41:02 [INFO]    [PING OK] GB | 3600ms
2026-02-19 10:41:05 [INFO]    [PING OK] FR | 142ms
2026-02-19 10:41:06 [INFO]    [PING OK] DE | 390ms
2026-02-19 10:41:12 [INFO]    [PING OK] JP | 606ms
2026-02-19 10:41:12 [INFO]    [PING OK] GB | 167ms
2026-02-19 10:41:14 [INFO]    [PING OK] FR | 142ms
2026-02-19 10:41:14 [INFO]    [PING OK] US | 255ms
2026-02-19 10:41:15 [INFO]    [PING OK] GB | 1411ms
2026-02-19 10:41:15 [INFO]    [PING OK] DE | 102ms
2026-02-19 10:41:16 [INFO]    [PING OK] DE | 111ms
2026-02-19 10:41:17 [INFO]    [PING OK] BR | 547ms
2026-02-19 10:41:17 [INFO]    [PING OK] DE | 106ms
2026-02-19 10:41:18 [INFO]    [PING OK] SG | 467ms
2026-02-19 10:41:18 [INFO]    [PING OK] SG | 4199ms
2026-02-19 10:41:19 [INFO]    [PING OK] DE | 130ms
2026-02-19 10:41:21 [INFO]    [PING OK] US | 1070ms
2026-02-19 10:41:23 [INFO]    [PING OK] DE | 118ms
2026-02-19 10:41:24 [INFO]    [PING OK] GB | 121ms
2026-02-19 10:41:25 [INFO]    [PING OK] DE | 214ms
2026-02-19 10:41:25 [INFO]    [PING OK] GB | 189ms
2026-02-19 10:41:26 [INFO]    [PING OK] FI | 301ms
2026-02-19 10:41:27 [INFO]    [PING OK] JP | 2770ms
2026-02-19 10:41:27 [INFO]    [PING OK] GB | 146ms
2026-02-19 10:41:27 [INFO]    [PING OK] RU | 143ms
2026-02-19 10:41:28 [INFO]    [PING OK] GB | 3359ms
2026-02-19 10:41:28 [INFO]    [PING OK] NO | 3406ms
2026-02-19 10:41:28 [INFO]    [PING OK] GB | 166ms
2026-02-19 10:41:29 [INFO]    [PING OK] GB | 4828ms
2026-02-19 10:41:29 [INFO]    [PING OK] GB | 329ms
2026-02-19 10:41:30 [INFO]    [PING OK] JP | 1972ms
2026-02-19 10:41:30 [INFO]    [PING OK] GB | 3743ms
2026-02-19 10:41:30 [INFO]    [PING OK] SG | 774ms
2026-02-19 10:41:31 [INFO]    [PING OK] GB | 159ms
2026-02-19 10:41:32 [INFO]    [PING OK] ES | 120ms
2026-02-19 10:41:32 [INFO]    [PING OK] DE | 4764ms
2026-02-19 10:41:32 [INFO]    [PING OK] RU | 236ms
2026-02-19 10:41:33 [INFO]    [PING OK] MD | 244ms
2026-02-19 10:41:33 [INFO]    [PING OK] GB | 190ms
2026-02-19 10:41:34 [INFO]    [PING OK] RU | 3433ms
2026-02-19 10:41:34 [INFO]    [PING OK] GB | 150ms
2026-02-19 10:41:34 [INFO]    [PING OK] GB | 135ms
2026-02-19 10:41:35 [INFO]    [PING OK] NL | 449ms
2026-02-19 10:41:35 [INFO]    [PING OK] US | 606ms
2026-02-19 10:41:36 [INFO]    [PING OK] GB | 1169ms
2026-02-19 10:41:36 [INFO]    [PING OK] RU | 577ms
2026-02-19 10:41:37 [INFO]    [PING OK] DE | 390ms
2026-02-19 10:41:37 [INFO]    [PING OK] SC | 1058ms
2026-02-19 10:41:39 [INFO]    [PING OK] GB | 1596ms
2026-02-19 10:41:45 [INFO]    [PING OK] TW | 4175ms
2026-02-19 10:41:46 [INFO]    [PING OK] GB | 158ms
2026-02-19 10:41:47 [INFO]    [PING OK] RU | 3211ms
2026-02-19 10:41:51 [INFO] 🏎️ ЭТАП 2: Глубокий замер скорости для ТОП-10 серверов...
2026-02-19 10:41:58 [INFO]    🏆 DE | Пинг: 102ms | Скорость: 9.72 Mbps ⚡⚡
2026-02-19 10:41:58 [INFO]    🏆 DE | Пинг: 106ms | Скорость: 9.89 Mbps ⚡⚡
2026-02-19 10:41:58 [INFO]    🏆 DE | Пинг: 111ms | Скорость: 8.22 Mbps ⚡⚡
2026-02-19 10:41:58 [INFO]    🏆 PL | Пинг: 113ms | Скорость: 0.0 Mbps 
2026-02-19 10:41:58 [INFO]    🏆 DE | Пинг: 116ms | Скорость: 10.8 Mbps ⚡⚡
2026-02-19 10:41:58 [INFO]    🏆 DE | Пинг: 118ms | Скорость: 10.14 Mbps ⚡⚡
2026-02-19 10:41:58 [INFO]    🏆 TR | Пинг: 120ms | Скорость: 0.0 Mbps 
2026-02-19 10:41:58 [INFO]    🏆 SE | Пинг: 120ms | Скорость: 0.0 Mbps 
2026-02-19 10:41:58 [INFO]    🏆 ES | Пинг: 120ms | Скорость: 13.61 Mbps ⚡⚡
2026-02-19 10:41:58 [INFO]    🏆 RU | Пинг: 55ms | Скорость: 8.29 Mbps ⚡⚡
2026-02-19 10:41:58 [INFO] 🇷🇺 Добавлен RU сервер: 212.192.14.234
2026-02-19 10:41:58 [INFO] 📊 Итого в подписке сохранено: 10 серверов
2026-02-19 10:41:58 [INFO] 💾 Файл успешно сохранен: FL1PVPN
