2026-02-26 21:20:05 [INFO] 🚀 START: Smart Selector (Target: 10, ONLY FOREIGN)
2026-02-26 21:20:05 [INFO] 🌐 Загрузка источников (VLESS + VMess)...
2026-02-26 21:20:07 [INFO] 🔍 Уникальных конфигов собрано: 221
2026-02-26 21:20:07 [INFO] ⚡ ЭТАП 1: Замер Пинга и Геолокации. Workers: 40...
2026-02-26 21:20:13 [INFO]    [PING OK] US | VLESS | 4896ms
2026-02-26 21:20:13 [INFO]    [PING OK] DE | VLESS | 4872ms
2026-02-26 21:20:13 [INFO]    [PING OK] FR | VLESS | 5240ms
2026-02-26 21:20:13 [INFO]    [PING OK] DE | VLESS | 5164ms
2026-02-26 21:20:13 [INFO]    [PING OK] DE | VLESS | 5383ms
2026-02-26 21:20:13 [INFO]    [PING OK] NL | VLESS | 4379ms
2026-02-26 21:20:14 [INFO]    [PING OK] DE | VLESS | 4426ms
2026-02-26 21:20:14 [INFO]    [PING OK] FI | VLESS | 4404ms
2026-02-26 21:20:15 [INFO]    [PING OK] US | VLESS | 3943ms
2026-02-26 21:20:15 [INFO]    [PING OK] FI | VLESS | 3805ms
2026-02-26 21:20:18 [INFO]    [PING OK] DE | VLESS | 4457ms
2026-02-26 21:20:18 [INFO]    [PING OK] NL | VLESS | 4292ms
2026-02-26 21:20:18 [INFO]    [PING OK] DE | VLESS | 4628ms
2026-02-26 21:20:18 [INFO]    [PING OK] FI | VLESS | 4854ms
2026-02-26 21:20:19 [INFO]    [PING OK] DE | VLESS | 3936ms
2026-02-26 21:20:19 [INFO]    [PING OK] DE | VLESS | 4696ms
2026-02-26 21:20:19 [INFO]    [PING OK] DE | VLESS | 4562ms
2026-02-26 21:20:19 [INFO]    [PING OK] US | VLESS | 4325ms
2026-02-26 21:20:19 [INFO]    [PING OK] DE | VLESS | 4336ms
2026-02-26 21:20:19 [INFO]    [PING OK] NL | VLESS | 3927ms
2026-02-26 21:20:20 [INFO]    [PING OK] US | VLESS | 5299ms
2026-02-26 21:20:20 [INFO]    [PING OK] FR | VLESS | 3569ms
2026-02-26 21:20:20 [INFO]    [PING OK] FI | VLESS | 6288ms
2026-02-26 21:20:21 [INFO]    [PING OK] DE | VLESS | 5671ms
2026-02-26 21:20:21 [INFO]    [PING OK] NL | VLESS | 2221ms
2026-02-26 21:20:22 [INFO]    [PING OK] US | VLESS | 7460ms
2026-02-26 21:20:22 [INFO]    [PING OK] DE | VLESS | 2869ms
2026-02-26 21:20:22 [INFO]    [PING OK] DE | VLESS | 3624ms
2026-02-26 21:20:23 [INFO]    [PING OK] DE | VLESS | 6471ms
2026-02-26 21:20:23 [INFO]    [PING OK] DE | VLESS | 2819ms
2026-02-26 21:20:23 [INFO]    [PING OK] NL | VLESS | 2848ms
2026-02-26 21:20:26 [INFO]    [PING OK] DE | VLESS | 2908ms
2026-02-26 21:20:26 [INFO]    [PING OK] DE | VLESS | 2823ms
2026-02-26 21:20:26 [INFO]    [PING OK] US | VLESS | 6602ms
2026-02-26 21:20:26 [INFO]    [PING OK] SG | VLESS | 2854ms
2026-02-26 21:20:27 [INFO]    [PING OK] DE | VLESS | 2300ms
2026-02-26 21:20:27 [INFO]    [PING OK] TR | VLESS | 2305ms
2026-02-26 21:20:27 [INFO]    [PING OK] SG | VLESS | 2587ms
2026-02-26 21:20:28 [INFO]    [PING OK] LV | VLESS | 2275ms
2026-02-26 21:20:28 [INFO]    [PING OK] CH | VLESS | 7745ms
2026-02-26 21:20:29 [INFO]    [PING OK] DE | VLESS | 2418ms
2026-02-26 21:20:29 [INFO]    [PING OK] NL | VLESS | 6281ms
2026-02-26 21:20:29 [INFO]    [PING OK] DE | VLESS | 2399ms
2026-02-26 21:20:29 [INFO]    [PING OK] TR | VLESS | 2387ms
2026-02-26 21:20:30 [INFO]    [PING OK] TW | VLESS | 2942ms
2026-02-26 21:20:30 [INFO]    [PING OK] DE | VLESS | 2593ms
2026-02-26 21:20:32 [INFO]    [PING OK] DE | VLESS | 5871ms
2026-02-26 21:20:34 [INFO] 🏎️ ЭТАП 2: Глубокий замер скорости для 40 иностранных кандидатов...
2026-02-26 21:20:39 [INFO]    🏆 LV | VLESS | Пинг: 2275ms | Скорость: 5.19 Mbps ⚡⚡
2026-02-26 21:20:39 [INFO]    🏆 DE | VLESS | Пинг: 2869ms | Скорость: 5.38 Mbps ⚡⚡
2026-02-26 21:20:39 [INFO]    🏆 DE | VLESS | Пинг: 2300ms | Скорость: 5.11 Mbps ⚡⚡
2026-02-26 21:20:39 [INFO]    🏆 DE | VLESS | Пинг: 2418ms | Скорость: 5.1 Mbps ⚡⚡
2026-02-26 21:20:39 [INFO]    🏆 DE | VLESS | Пинг: 2823ms | Скорость: 5.22 Mbps ⚡⚡
2026-02-26 21:20:39 [INFO]    🏆 NL | VLESS | Пинг: 2221ms | Скорость: 5.0 Mbps ⚡⚡
2026-02-26 21:20:39 [INFO]    🏆 DE | VLESS | Пинг: 2908ms | Скорость: 5.31 Mbps ⚡⚡
2026-02-26 21:20:39 [INFO]    🏆 SG | VLESS | Пинг: 2854ms | Скорость: 5.2 Mbps ⚡⚡
2026-02-26 21:20:39 [INFO]    🏆 DE | VLESS | Пинг: 2819ms | Скорость: 5.15 Mbps ⚡⚡
2026-02-26 21:20:39 [INFO]    🏆 SG | VLESS | Пинг: 2587ms | Скорость: 5.03 Mbps ⚡⚡
2026-02-26 21:20:39 [INFO]    🏆 NL | VLESS | Пинг: 2848ms | Скорость: 5.08 Mbps ⚡⚡
2026-02-26 21:20:41 [INFO]    🏆 TR | VLESS | Пинг: 2305ms | Скорость: 3.58 Mbps ⚡⚡
2026-02-26 21:20:41 [INFO]    🏆 TR | VLESS | Пинг: 2387ms | Скорость: 3.13 Mbps ⚡⚡
2026-02-26 21:20:41 [INFO]    🏆 DE | VLESS | Пинг: 2399ms | Скорость: 2.25 Mbps ⚡
2026-02-26 21:20:43 [INFO]    🏆 NL | VLESS | Пинг: 4292ms | Скорость: 6.1 Mbps ⚡⚡
2026-02-26 21:20:43 [INFO]    🏆 DE | VLESS | Пинг: 4336ms | Скорость: 6.21 Mbps ⚡⚡
2026-02-26 21:20:43 [INFO]    🏆 FI | VLESS | Пинг: 3805ms | Скорость: 5.9 Mbps ⚡⚡
2026-02-26 21:20:43 [INFO]    🏆 DE | VLESS | Пинг: 3936ms | Скорость: 5.96 Mbps ⚡⚡
2026-02-26 21:20:43 [INFO]    🏆 US | VLESS | Пинг: 3943ms | Скорость: 6.0 Mbps ⚡⚡
2026-02-26 21:20:43 [INFO]    🏆 FR | VLESS | Пинг: 3569ms | Скорость: 5.76 Mbps ⚡⚡
2026-02-26 21:20:43 [INFO]    🏆 US | VLESS | Пинг: 4325ms | Скорость: 5.64 Mbps ⚡⚡
2026-02-26 21:20:43 [INFO]    🏆 NL | VLESS | Пинг: 3927ms | Скорость: 5.52 Mbps ⚡⚡
2026-02-26 21:20:44 [INFO]    🏆 NL | VLESS | Пинг: 4379ms | Скорость: 5.45 Mbps ⚡⚡
2026-02-26 21:20:45 [INFO]    🏆 DE | VLESS | Пинг: 4426ms | Скорость: 6.14 Mbps ⚡⚡
2026-02-26 21:20:45 [INFO]    🏆 DE | VLESS | Пинг: 4562ms | Скорость: 6.11 Mbps ⚡⚡
2026-02-26 21:20:45 [INFO]    🏆 DE | VLESS | Пинг: 4457ms | Скорость: 5.92 Mbps ⚡⚡
2026-02-26 21:20:47 [INFO]    🏆 DE | VLESS | Пинг: 4696ms | Скорость: 6.43 Mbps ⚡⚡
2026-02-26 21:20:47 [INFO]    🏆 DE | VLESS | Пинг: 5164ms | Скорость: 6.61 Mbps ⚡⚡
2026-02-26 21:20:47 [INFO]    🏆 DE | VLESS | Пинг: 4872ms | Скорость: 6.49 Mbps ⚡⚡
2026-02-26 21:20:47 [INFO]    🏆 DE | VLESS | Пинг: 5383ms | Скорость: 6.75 Mbps ⚡⚡
2026-02-26 21:20:47 [INFO]    🏆 FR | VLESS | Пинг: 5240ms | Скорость: 6.47 Mbps ⚡⚡
2026-02-26 21:20:47 [INFO]    🏆 US | VLESS | Пинг: 4896ms | Скорость: 6.29 Mbps ⚡⚡
2026-02-26 21:20:47 [INFO]    🏆 FI | VLESS | Пинг: 4854ms | Скорость: 6.42 Mbps ⚡⚡
2026-02-26 21:20:48 [INFO]    🏆 DE | VLESS | Пинг: 4628ms | Скорость: 4.71 Mbps ⚡⚡
2026-02-26 21:20:50 [INFO]    🏆 DE | VLESS | Пинг: 5671ms | Скорость: 3.56 Mbps ⚡⚡
2026-02-26 21:20:50 [INFO] 📊 Итого в подписке сохранено иностранных серверов: 10
2026-02-26 21:20:50 [INFO] 💾 Файл успешно сохранен: FL1PVPN
