2026-02-18 18:10:06 [INFO] 🚀 START: Smart VLESS Selector (Target: 10, Strict Mode)
2026-02-18 18:10:06 [INFO] 🌐 Загрузка источников...
2026-02-18 18:10:09 [INFO] 🔍 Уникальных конфигов собрано: 694
2026-02-18 18:10:09 [INFO] ⚡ ЭТАП 1: Быстрый замер Пинга (Workers: 25)...
2026-02-18 18:10:10 [INFO]    [PING OK] TR | 228ms
2026-02-18 18:10:10 [INFO]    [PING OK] DE | 246ms
2026-02-18 18:10:12 [INFO]    [PING OK] RU | 1496ms
2026-02-18 18:10:15 [INFO]    [PING OK] TR | 4975ms
2026-02-18 18:10:15 [INFO]    [PING OK] DE | 134ms
2026-02-18 18:10:15 [INFO]    [PING OK] DE | 163ms
2026-02-18 18:10:17 [INFO]    [PING OK] IT | 552ms
2026-02-18 18:10:19 [INFO]    [PING OK] RU | 281ms
2026-02-18 18:10:19 [INFO]    [PING OK] DE | 4135ms
2026-02-18 18:10:21 [INFO]    [PING OK] RU | 1565ms
2026-02-18 18:10:22 [INFO]    [PING OK] RU | 245ms
2026-02-18 18:10:22 [INFO]    [PING OK] RU | 572ms
2026-02-18 18:10:23 [INFO]    [PING OK] RU | 1453ms
2026-02-18 18:10:23 [INFO]    [PING OK] HU | 1350ms
2026-02-18 18:10:23 [INFO]    [PING OK] RU | 791ms
2026-02-18 18:10:23 [INFO]    [PING OK] RU | 515ms
2026-02-18 18:10:23 [INFO]    [PING OK] RU | 317ms
2026-02-18 18:10:24 [INFO]    [PING OK] RU | 310ms
2026-02-18 18:10:24 [INFO]    [PING OK] RU | 250ms
2026-02-18 18:10:24 [INFO]    [PING OK] RU | 405ms
2026-02-18 18:10:24 [INFO]    [PING OK] RU | 1024ms
2026-02-18 18:10:24 [INFO]    [PING OK] RU | 1422ms
2026-02-18 18:10:25 [INFO]    [PING OK] RU | 2796ms
2026-02-18 18:10:25 [INFO]    [PING OK] RU | 870ms
2026-02-18 18:10:25 [INFO]    [PING OK] RU | 296ms
2026-02-18 18:10:25 [INFO]    [PING OK] RU | 252ms
2026-02-18 18:10:25 [INFO]    [PING OK] RU | 727ms
2026-02-18 18:10:25 [INFO]    [PING OK] RU | 350ms
2026-02-18 18:10:25 [INFO]    [PING OK] RU | 1924ms
2026-02-18 18:10:26 [INFO]    [PING OK] RU | 1042ms
2026-02-18 18:10:26 [INFO]    [PING OK] RU | 1132ms
2026-02-18 18:10:26 [INFO]    [PING OK] RU | 317ms
2026-02-18 18:10:26 [INFO]    [PING OK] RU | 1286ms
2026-02-18 18:10:26 [INFO]    [PING OK] RU | 953ms
2026-02-18 18:10:26 [INFO]    [PING OK] RU | 1273ms
2026-02-18 18:10:26 [INFO]    [PING OK] RU | 225ms
2026-02-18 18:10:26 [INFO]    [PING OK] RU | 1118ms
2026-02-18 18:10:27 [INFO]    [PING OK] NL | 458ms
2026-02-18 18:10:27 [INFO]    [PING OK] RU | 311ms
2026-02-18 18:10:27 [INFO]    [PING OK] RU | 741ms
2026-02-18 18:10:27 [INFO]    [PING OK] RU | 988ms
2026-02-18 18:10:28 [INFO]    [PING OK] RU | 238ms
2026-02-18 18:10:28 [INFO]    [PING OK] RU | 982ms
2026-02-18 18:10:28 [INFO]    [PING OK] RU | 1220ms
2026-02-18 18:10:28 [INFO]    [PING OK] RU | 2462ms
2026-02-18 18:10:28 [INFO]    [PING OK] RU | 253ms
2026-02-18 18:10:29 [INFO]    [PING OK] RU | 159ms
2026-02-18 18:10:29 [INFO]    [PING OK] RU | 1719ms
2026-02-18 18:10:29 [INFO]    [PING OK] RU | 497ms
2026-02-18 18:10:30 [INFO]    [PING OK] PL | 163ms
2026-02-18 18:10:30 [INFO]    [PING OK] RU | 1928ms
2026-02-18 18:10:30 [INFO]    [PING OK] RU | 3897ms
2026-02-18 18:10:30 [INFO]    [PING OK] RU | 3515ms
2026-02-18 18:10:30 [INFO]    [PING OK] RU | 2536ms
2026-02-18 18:10:30 [INFO]    [PING OK] PL | 120ms
2026-02-18 18:10:31 [INFO]    [PING OK] AU | 137ms
2026-02-18 18:10:31 [INFO]    [PING OK] HU | 326ms
2026-02-18 18:10:32 [INFO]    [PING OK] CY | 395ms
2026-02-18 18:10:33 [INFO]    [PING OK] AT | 272ms
2026-02-18 18:10:33 [INFO]    [PING OK] FI | 242ms
2026-02-18 18:10:34 [INFO]    [PING OK] NL | 247ms
2026-02-18 18:10:35 [INFO]    [PING OK] FR | 835ms
2026-02-18 18:10:35 [INFO]    [PING OK] NL | 207ms
2026-02-18 18:10:36 [INFO]    [PING OK] JP | 418ms
2026-02-18 18:10:36 [INFO]    [PING OK] DE | 508ms
2026-02-18 18:10:36 [INFO]    [PING OK] NL | 240ms
2026-02-18 18:10:37 [INFO]    [PING OK] DE | 244ms
2026-02-18 18:10:37 [INFO]    [PING OK] IN | 818ms
2026-02-18 18:10:38 [INFO]    [PING OK] UZ | 589ms
2026-02-18 18:10:38 [INFO]    [PING OK] LV | 431ms
2026-02-18 18:10:38 [INFO]    [PING OK] RU | 151ms
2026-02-18 18:10:39 [INFO]    [PING OK] US | 640ms
2026-02-18 18:10:48 [INFO]    [PING OK] DE | 1906ms
2026-02-18 18:11:07 [INFO] 🏎️ ЭТАП 2: Глубокий замер скорости для ТОП-10 серверов...
2026-02-18 18:11:14 [INFO]    🏆 PL | Пинг: 120ms | Скорость: 9.47 Mbps ⚡⚡
2026-02-18 18:11:14 [INFO]    🏆 DE | Пинг: 134ms | Скорость: 9.53 Mbps ⚡⚡
2026-02-18 18:11:14 [INFO]    🏆 AU | Пинг: 137ms | Скорость: 0.0 Mbps 
2026-02-18 18:11:14 [INFO]    🏆 DE | Пинг: 163ms | Скорость: 0.0 Mbps 
2026-02-18 18:11:14 [INFO]    🏆 PL | Пинг: 163ms | Скорость: 9.54 Mbps ⚡⚡
2026-02-18 18:11:14 [INFO]    🏆 NL | Пинг: 207ms | Скорость: 0.0 Mbps 
2026-02-18 18:11:14 [INFO]    🏆 TR | Пинг: 228ms | Скорость: 9.88 Mbps ⚡⚡
2026-02-18 18:11:14 [INFO]    🏆 NL | Пинг: 240ms | Скорость: 6.96 Mbps ⚡⚡
2026-02-18 18:11:14 [INFO]    🏆 FI | Пинг: 242ms | Скорость: 10.07 Mbps ⚡⚡
2026-02-18 18:11:14 [INFO]    🏆 RU | Пинг: 151ms | Скорость: 10.1 Mbps ⚡⚡
2026-02-18 18:11:14 [INFO] 🇷🇺 Добавлен RU сервер: 91.196.35.96
2026-02-18 18:11:14 [INFO] 📊 Итого в подписке сохранено: 10 серверов
2026-02-18 18:11:14 [INFO] 💾 Файл успешно сохранен: FL1PVPN
