2026-02-24 02:00:06 [INFO] 🚀 START: Smart Selector (Target: 10, ONLY FOREIGN)
2026-02-24 02:00:06 [INFO] 🌐 Загрузка источников (VLESS + VMess)...
2026-02-24 02:00:10 [INFO] 🔍 Уникальных конфигов собрано: 258
2026-02-24 02:00:10 [INFO] ⚡ ЭТАП 1: Замер Пинга и Геолокации. Workers: 40...
2026-02-24 02:00:15 [INFO]    [PING OK] DE | VLESS | 4630ms
2026-02-24 02:00:15 [INFO]    [PING OK] EE | VLESS | 4786ms
2026-02-24 02:00:15 [INFO]    [PING OK] ES | VLESS | 4582ms
2026-02-24 02:00:16 [INFO]    [PING OK] NL | VLESS | 4889ms
2026-02-24 02:00:16 [INFO]    [PING OK] PL | VLESS | 4680ms
2026-02-24 02:00:16 [INFO]    [PING OK] US | VLESS | 5118ms
2026-02-24 02:00:17 [INFO]    [PING OK] EE | VLESS | 4157ms
2026-02-24 02:00:17 [INFO]    [PING OK] DE | VLESS | 4964ms
2026-02-24 02:00:17 [INFO]    [PING OK] IT | VLESS | 4803ms
2026-02-24 02:00:17 [INFO]    [PING OK] DE | VLESS | 4550ms
2026-02-24 02:00:17 [INFO]    [PING OK] HU | VLESS | 4217ms
2026-02-24 02:00:18 [INFO]    [PING OK] ES | VLESS | 4212ms
2026-02-24 02:00:18 [INFO]    [PING OK] FI | VLESS | 4549ms
2026-02-24 02:00:20 [INFO]    [PING OK] DE | VLESS | 4803ms
2026-02-24 02:00:20 [INFO]    [PING OK] HU | VLESS | 4822ms
2026-02-24 02:00:21 [INFO]    [PING OK] HU | VLESS | 4583ms
2026-02-24 02:00:21 [INFO]    [PING OK] TR | VLESS | 4882ms
2026-02-24 02:00:21 [INFO]    [PING OK] IN | VLESS | 4955ms
2026-02-24 02:00:21 [INFO]    [PING OK] ES | VLESS | 4178ms
2026-02-24 02:00:21 [INFO]    [PING OK] DE | VLESS | 4183ms
2026-02-24 02:00:21 [INFO]    [PING OK] IT | VLESS | 4291ms
2026-02-24 02:00:21 [INFO]    [PING OK] LV | VLESS | 4405ms
2026-02-24 02:00:21 [INFO]    [PING OK] TR | VLESS | 4497ms
2026-02-24 02:00:22 [INFO]    [PING OK] NL | VLESS | 4009ms
2026-02-24 02:00:24 [INFO]    [PING OK] PL | VLESS | 5236ms
2026-02-24 02:00:24 [INFO]    [PING OK] LV | VLESS | 4575ms
2026-02-24 02:00:24 [INFO]    [PING OK] HU | VLESS | 5470ms
2026-02-24 02:00:25 [INFO]    [PING OK] PL | VLESS | 4518ms
2026-02-24 02:00:27 [INFO]    [PING OK] TR | VLESS | 5318ms
2026-02-24 02:00:27 [INFO]    [PING OK] IN | VLESS | 5499ms
2026-02-24 02:00:27 [INFO]    [PING OK] ES | VLESS | 5825ms
2026-02-24 02:00:28 [INFO]    [PING OK] IT | VLESS | 5606ms
2026-02-24 02:00:28 [INFO]    [PING OK] DE | VLESS | 5415ms
2026-02-24 02:00:28 [INFO]    [PING OK] HU | VLESS | 5598ms
2026-02-24 02:00:28 [INFO]    [PING OK] PL | VLESS | 5997ms
2026-02-24 02:00:28 [INFO]    [PING OK] DE | VLESS | 5661ms
2026-02-24 02:00:28 [INFO]    [PING OK] US | VLESS | 4592ms
2026-02-24 02:00:29 [INFO]    [PING OK] DE | VLESS | 4719ms
2026-02-24 02:00:29 [INFO]    [PING OK] DE | VLESS | 5399ms
2026-02-24 02:00:29 [INFO]    [PING OK] ES | VLESS | 5905ms
2026-02-24 02:00:29 [INFO]    [PING OK] CA | VLESS | 5475ms
2026-02-24 02:00:30 [INFO]    [PING OK] DE | VLESS | 5192ms
2026-02-24 02:00:31 [INFO]    [PING OK] CA | VLESS | 5684ms
2026-02-24 02:00:31 [INFO]    [PING OK] DE | VLESS | 5326ms
2026-02-24 02:00:32 [INFO]    [PING OK] SE | VLESS | 5792ms
2026-02-24 02:00:33 [INFO]    [PING OK] CA | VLESS | 5718ms
2026-02-24 02:00:33 [INFO]    [PING OK] CA | VLESS | 5972ms
2026-02-24 02:00:33 [INFO]    [PING OK] US | VLESS | 5451ms
2026-02-24 02:00:33 [INFO]    [PING OK] SE | VLESS | 5630ms
2026-02-24 02:00:33 [INFO]    [PING OK] CA | VLESS | 5600ms
2026-02-24 02:00:33 [INFO]    [PING OK] NL | VLESS | 5509ms
2026-02-24 02:00:33 [INFO]    [PING OK] DE | VLESS | 5265ms
2026-02-24 02:00:34 [INFO]    [PING OK] DE | VLESS | 5530ms
2026-02-24 02:00:34 [INFO]    [PING OK] US | VLESS | 4379ms
2026-02-24 02:00:34 [INFO]    [PING OK] SE | VLESS | 3706ms
2026-02-24 02:00:34 [INFO]    [PING OK] DE | VLESS | 4200ms
2026-02-24 02:00:34 [INFO]    [PING OK] US | VLESS | 4169ms
2026-02-24 02:00:34 [INFO]    [PING OK] DE | VLESS | 2948ms
2026-02-24 02:00:35 [INFO]    [PING OK] CA | VLESS | 4374ms
2026-02-24 02:00:35 [INFO]    [PING OK] CA | VLESS | 2796ms
2026-02-24 02:00:35 [INFO]    [PING OK] CA | VLESS | 2884ms
2026-02-24 02:00:35 [INFO]    [PING OK] CA | VLESS | 2919ms
2026-02-24 02:00:35 [INFO]    [PING OK] CA | VLESS | 2963ms
2026-02-24 02:00:35 [INFO]    [PING OK] CA | VLESS | 2902ms
2026-02-24 02:00:39 [INFO] 🏎️ ЭТАП 2: Глубокий замер скорости для 40 иностранных кандидатов...
2026-02-24 02:00:44 [INFO]    🏆 ES | VLESS | Пинг: 4178ms | Скорость: 5.16 Mbps ⚡⚡
2026-02-24 02:00:44 [INFO]    🏆 ES | VLESS | Пинг: 4212ms | Скорость: 5.23 Mbps ⚡⚡
2026-02-24 02:00:44 [INFO]    🏆 DE | VLESS | Пинг: 4200ms | Скорость: 5.2 Mbps ⚡⚡
2026-02-24 02:00:44 [INFO]    🏆 DE | VLESS | Пинг: 4183ms | Скорость: 5.18 Mbps ⚡⚡
2026-02-24 02:00:44 [INFO]    🏆 HU | VLESS | Пинг: 4217ms | Скорость: 5.22 Mbps ⚡⚡
2026-02-24 02:00:44 [INFO]    🏆 CA | VLESS | Пинг: 2963ms | Скорость: 4.93 Mbps ⚡⚡
2026-02-24 02:00:44 [INFO]    🏆 EE | VLESS | Пинг: 4157ms | Скорость: 4.94 Mbps ⚡⚡
2026-02-24 02:00:44 [INFO]    🏆 CA | VLESS | Пинг: 2796ms | Скорость: 4.79 Mbps ⚡⚡
2026-02-24 02:00:44 [INFO]    🏆 SE | VLESS | Пинг: 3706ms | Скорость: 4.82 Mbps ⚡⚡
2026-02-24 02:00:44 [INFO]    🏆 NL | VLESS | Пинг: 4009ms | Скорость: 4.79 Mbps ⚡⚡
2026-02-24 02:00:45 [INFO]    🏆 CA | VLESS | Пинг: 2902ms | Скорость: 4.46 Mbps ⚡⚡
2026-02-24 02:00:46 [INFO]    🏆 DE | VLESS | Пинг: 2948ms | Скорость: 3.15 Mbps ⚡⚡
2026-02-24 02:00:46 [INFO]    🏆 US | VLESS | Пинг: 4169ms | Скорость: 1.97 Mbps ⚡
2026-02-24 02:00:47 [INFO]    🏆 IT | VLESS | Пинг: 4291ms | Скорость: 9.09 Mbps ⚡⚡
2026-02-24 02:00:48 [INFO]    🏆 CA | VLESS | Пинг: 4374ms | Скорость: 5.7 Mbps ⚡⚡
2026-02-24 02:00:49 [INFO]    🏆 LV | VLESS | Пинг: 4575ms | Скорость: 5.9 Mbps ⚡⚡
2026-02-24 02:00:49 [INFO]    🏆 FI | VLESS | Пинг: 4549ms | Скорость: 5.75 Mbps ⚡⚡
2026-02-24 02:00:49 [INFO]    🏆 LV | VLESS | Пинг: 4405ms | Скорость: 5.65 Mbps ⚡⚡
2026-02-24 02:00:49 [INFO]    🏆 PL | VLESS | Пинг: 4518ms | Скорость: 5.61 Mbps ⚡⚡
2026-02-24 02:00:49 [INFO]    🏆 ES | VLESS | Пинг: 4582ms | Скорость: 5.54 Mbps ⚡⚡
2026-02-24 02:00:49 [INFO]    🏆 US | VLESS | Пинг: 4592ms | Скорость: 5.68 Mbps ⚡⚡
2026-02-24 02:00:49 [INFO]    🏆 TR | VLESS | Пинг: 4497ms | Скорость: 5.21 Mbps ⚡⚡
2026-02-24 02:00:49 [INFO]    🏆 US | VLESS | Пинг: 4379ms | Скорость: 4.85 Mbps ⚡⚡
2026-02-24 02:00:50 [INFO]    🏆 DE | VLESS | Пинг: 4630ms | Скорость: 4.55 Mbps ⚡⚡
2026-02-24 02:00:50 [INFO]    🏆 PL | VLESS | Пинг: 4680ms | Скорость: 6.01 Mbps ⚡⚡
2026-02-24 02:00:50 [INFO]    🏆 HU | VLESS | Пинг: 4583ms | Скорость: 3.83 Mbps ⚡⚡
2026-02-24 02:00:50 [INFO]    🏆 DE | VLESS | Пинг: 4719ms | Скорость: 6.06 Mbps ⚡⚡
2026-02-24 02:00:51 [INFO]    🏆 EE | VLESS | Пинг: 4786ms | Скорость: 6.89 Mbps ⚡⚡
2026-02-24 02:00:51 [INFO]    🏆 IT | VLESS | Пинг: 4803ms | Скорость: 10.26 Mbps ⚡⚡
2026-02-24 02:00:52 [INFO]    🏆 DE | VLESS | Пинг: 4803ms | Скорость: 8.96 Mbps ⚡⚡
2026-02-24 02:00:52 [INFO]    🏆 HU | VLESS | Пинг: 4822ms | Скорость: 7.32 Mbps ⚡⚡
2026-02-24 02:00:52 [INFO]    🏆 DE | VLESS | Пинг: 5192ms | Скорость: 8.48 Mbps ⚡⚡
2026-02-24 02:00:52 [INFO]    🏆 DE | VLESS | Пинг: 4964ms | Скорость: 7.77 Mbps ⚡⚡
2026-02-24 02:00:52 [INFO]    🏆 NL | VLESS | Пинг: 4889ms | Скорость: 7.25 Mbps ⚡⚡
2026-02-24 02:00:52 [INFO]    🏆 US | VLESS | Пинг: 5118ms | Скорость: 7.48 Mbps ⚡⚡
2026-02-24 02:00:52 [INFO]    🏆 TR | VLESS | Пинг: 4882ms | Скорость: 6.5 Mbps ⚡⚡
2026-02-24 02:00:53 [INFO]    🏆 IN | VLESS | Пинг: 4955ms | Скорость: 5.48 Mbps ⚡⚡
2026-02-24 02:00:53 [INFO] 📊 Итого в подписке сохранено иностранных серверов: 10
2026-02-24 02:00:53 [INFO] 💾 Файл успешно сохранен: FL1PVPN
