2026-02-27 06:10:05 [INFO] 🚀 START: Smart Selector (Target: 10, ONLY FOREIGN)
2026-02-27 06:10:05 [INFO] 🌐 Загрузка источников (VLESS + VMess)...
2026-02-27 06:10:07 [INFO] 🔍 Уникальных конфигов собрано: 225
2026-02-27 06:10:07 [INFO] ⚡ ЭТАП 1: Замер Пинга и Геолокации. Workers: 40...
2026-02-27 06:10:12 [INFO]    [PING OK] DE | VLESS | 4759ms
2026-02-27 06:10:12 [INFO]    [PING OK] US | VLESS | 4757ms
2026-02-27 06:10:12 [INFO]    [PING OK] DE | VLESS | 4778ms
2026-02-27 06:10:12 [INFO]    [PING OK] FI | VLESS | 4919ms
2026-02-27 06:10:12 [INFO]    [PING OK] FI | VLESS | 4942ms
2026-02-27 06:10:12 [INFO]    [PING OK] FI | VLESS | 4857ms
2026-02-27 06:10:12 [INFO]    [PING OK] FI | VLESS | 4783ms
2026-02-27 06:10:13 [INFO]    [PING OK] IT | VLESS | 4997ms
2026-02-27 06:10:13 [INFO]    [PING OK] LV | VLESS | 4661ms
2026-02-27 06:10:13 [INFO]    [PING OK] NL | VLESS | 4076ms
2026-02-27 06:10:13 [INFO]    [PING OK] FI | VLESS | 4180ms
2026-02-27 06:10:13 [INFO]    [PING OK] US | VLESS | 5026ms
2026-02-27 06:10:14 [INFO]    [PING OK] FI | VLESS | 5017ms
2026-02-27 06:10:14 [INFO]    [PING OK] LT | VLESS | 4275ms
2026-02-27 06:10:14 [INFO]    [PING OK] FI | VLESS | 5713ms
2026-02-27 06:10:14 [INFO]    [PING OK] FR | VLESS | 3370ms
2026-02-27 06:10:14 [INFO]    [PING OK] TR | VLESS | 3481ms
2026-02-27 06:10:15 [INFO]    [PING OK] FI | VLESS | 3481ms
2026-02-27 06:10:15 [INFO]    [PING OK] ES | VLESS | 3528ms
2026-02-27 06:10:15 [INFO]    [PING OK] DE | VLESS | 7019ms
2026-02-27 06:10:15 [INFO]    [PING OK] DE | VLESS | 6034ms
2026-02-27 06:10:15 [INFO]    [PING OK] LT | VLESS | 3749ms
2026-02-27 06:10:15 [INFO]    [PING OK] DE | VLESS | 3802ms
2026-02-27 06:10:16 [INFO]    [PING OK] ES | VLESS | 4881ms
2026-02-27 06:10:18 [INFO]    [PING OK] PL | VLESS | 4811ms
2026-02-27 06:10:18 [INFO]    [PING OK] FI | VLESS | 4680ms
2026-02-27 06:10:18 [INFO]    [PING OK] DE | VLESS | 4495ms
2026-02-27 06:10:18 [INFO]    [PING OK] DE | VLESS | 4375ms
2026-02-27 06:10:18 [INFO]    [PING OK] CA | VLESS | 4449ms
2026-02-27 06:10:18 [INFO]    [PING OK] FR | VLESS | 4624ms
2026-02-27 06:10:18 [INFO]    [PING OK] FI | VLESS | 4861ms
2026-02-27 06:10:18 [INFO]    [PING OK] DE | VLESS | 4851ms
2026-02-27 06:10:18 [INFO]    [PING OK] NL | VLESS | 5102ms
2026-02-27 06:10:18 [INFO]    [PING OK] HK | VLESS | 4854ms
2026-02-27 06:10:19 [INFO]    [PING OK] TR | VLESS | 4675ms
2026-02-27 06:10:19 [INFO]    [PING OK] SE | VLESS | 4292ms
2026-02-27 06:10:19 [INFO]    [PING OK] ES | VLESS | 4810ms
2026-02-27 06:10:19 [INFO]    [PING OK] DE | VLESS | 4501ms
2026-02-27 06:10:19 [INFO]    [PING OK] FR | VLESS | 4925ms
2026-02-27 06:10:19 [INFO]    [PING OK] NL | VLESS | 4537ms
2026-02-27 06:10:19 [INFO]    [PING OK] HK | VLESS | 4531ms
2026-02-27 06:10:19 [INFO]    [PING OK] US | VLESS | 4463ms
2026-02-27 06:10:19 [INFO]    [PING OK] HU | VLESS | 5131ms
2026-02-27 06:10:19 [INFO]    [PING OK] NL | VLESS | 4936ms
2026-02-27 06:10:19 [INFO]    [PING OK] NL | VLESS | 5032ms
2026-02-27 06:10:20 [INFO]    [PING OK] DE | VLESS | 4519ms
2026-02-27 06:10:20 [INFO]    [PING OK] TR | VLESS | 4884ms
2026-02-27 06:10:20 [INFO]    [PING OK] DE | VLESS | 4037ms
2026-02-27 06:10:21 [INFO]    [PING OK] CA | VLESS | 4482ms
2026-02-27 06:10:21 [INFO]    [PING OK] PL | VLESS | 4117ms
2026-02-27 06:10:21 [INFO]    [PING OK] IT | VLESS | 3955ms
2026-02-27 06:10:22 [INFO]    [PING OK] DE | VLESS | 4454ms
2026-02-27 06:10:22 [INFO]    [PING OK] US | VLESS | 4011ms
2026-02-27 06:10:22 [INFO]    [PING OK] HU | VLESS | 4367ms
2026-02-27 06:10:22 [INFO]    [PING OK] DE | VLESS | 8502ms
2026-02-27 06:10:22 [INFO]    [PING OK] PL | VLESS | 4230ms
2026-02-27 06:10:23 [INFO]    [PING OK] PL | VLESS | 4261ms
2026-02-27 06:10:23 [INFO]    [PING OK] CA | VLESS | 4212ms
2026-02-27 06:10:23 [INFO]    [PING OK] NL | VLESS | 4260ms
2026-02-27 06:10:23 [INFO]    [PING OK] FI | VLESS | 4204ms
2026-02-27 06:10:23 [INFO]    [PING OK] PL | VLESS | 4261ms
2026-02-27 06:10:23 [INFO]    [PING OK] ES | VLESS | 4101ms
2026-02-27 06:10:23 [INFO]    [PING OK] NL | VLESS | 4216ms
2026-02-27 06:10:24 [INFO]    [PING OK] PL | VLESS | 3910ms
2026-02-27 06:10:24 [INFO]    [PING OK] PL | VLESS | 4242ms
2026-02-27 06:10:24 [INFO]    [PING OK] NL | VLESS | 4103ms
2026-02-27 06:10:24 [INFO]    [PING OK] LT | VLESS | 4249ms
2026-02-27 06:10:24 [INFO]    [PING OK] US | VLESS | 4350ms
2026-02-27 06:10:24 [INFO]    [PING OK] DE | VLESS | 3930ms
2026-02-27 06:10:24 [INFO]    [PING OK] LV | VLESS | 4207ms
2026-02-27 06:10:24 [INFO]    [PING OK] PL | VLESS | 4422ms
2026-02-27 06:10:24 [INFO]    [PING OK] PL | VLESS | 3954ms
2026-02-27 06:10:24 [INFO]    [PING OK] NL | VLESS | 4123ms
2026-02-27 06:10:25 [INFO]    [PING OK] HU | VLESS | 3903ms
2026-02-27 06:10:25 [INFO]    [PING OK] PL | VLESS | 4253ms
2026-02-27 06:10:25 [INFO]    [PING OK] PL | VLESS | 3954ms
2026-02-27 06:10:26 [INFO]    [PING OK] PL | VLESS | 4250ms
2026-02-27 06:10:26 [INFO]    [PING OK] NL | VLESS | 3854ms
2026-02-27 06:10:26 [INFO]    [PING OK] ES | VLESS | 3988ms
2026-02-27 06:10:26 [INFO]    [PING OK] NL | VLESS | 3885ms
2026-02-27 06:10:26 [INFO]    [PING OK] LV | VLESS | 3943ms
2026-02-27 06:10:27 [INFO]    [PING OK] NL | VLESS | 3927ms
2026-02-27 06:10:27 [INFO]    [PING OK] LT | VLESS | 4006ms
2026-02-27 06:10:27 [INFO]    [PING OK] DE | VLESS | 3899ms
2026-02-27 06:10:28 [INFO]    [PING OK] FI | VLESS | 5394ms
2026-02-27 06:10:29 [INFO]    [PING OK] NL | VLESS | 4406ms
2026-02-27 06:10:29 [INFO]    [PING OK] NL | VLESS | 4245ms
2026-02-27 06:10:29 [INFO]    [PING OK] DE | VLESS | 4539ms
2026-02-27 06:10:29 [INFO]    [PING OK] FI | VLESS | 4498ms
2026-02-27 06:10:29 [INFO]    [PING OK] PL | VLESS | 4226ms
2026-02-27 06:10:29 [INFO]    [PING OK] CA | VLESS | 4526ms
2026-02-27 06:10:29 [INFO]    [PING OK] NL | VLESS | 4049ms
2026-02-27 06:10:29 [INFO]    [PING OK] NL | VLESS | 4127ms
2026-02-27 06:10:29 [INFO]    [PING OK] FI | VLESS | 4029ms
2026-02-27 06:10:29 [INFO]    [PING OK] DE | VLESS | 4952ms
2026-02-27 06:10:30 [INFO]    [PING OK] DE | VLESS | 3975ms
2026-02-27 06:10:30 [INFO]    [PING OK] DE | VLESS | 3454ms
2026-02-27 06:10:30 [INFO]    [PING OK] LV | VLESS | 3310ms
2026-02-27 06:10:30 [INFO]    [PING OK] SG | VLESS | 3747ms
2026-02-27 06:10:30 [INFO]    [PING OK] DE | VLESS | 2786ms
2026-02-27 06:10:30 [INFO]    [PING OK] DE | VLESS | 2460ms
2026-02-27 06:10:30 [INFO]    [PING OK] US | VLESS | 3234ms
2026-02-27 06:10:30 [INFO]    [PING OK] DE | VLESS | 3052ms
2026-02-27 06:10:30 [INFO]    [PING OK] NL | VLESS | 2370ms
2026-02-27 06:10:30 [INFO]    [PING OK] US | VLESS | 3351ms
2026-02-27 06:10:30 [INFO]    [PING OK] CA | VLESS | 3430ms
2026-02-27 06:10:31 [INFO]    [PING OK] PL | VLESS | 6548ms
2026-02-27 06:10:31 [INFO]    [PING OK] SG | VLESS | 2039ms
2026-02-27 06:10:31 [INFO]    [PING OK] DE | VLESS | 2165ms
2026-02-27 06:10:32 [INFO]    [PING OK] DE | VLESS | 6219ms
2026-02-27 06:10:34 [INFO] 🏎️ ЭТАП 2: Глубокий замер скорости для 40 иностранных кандидатов...
2026-02-27 06:10:39 [INFO]    🏆 DE | VLESS | Пинг: 2786ms | Скорость: 5.23 Mbps ⚡⚡
2026-02-27 06:10:39 [INFO]    🏆 FR | VLESS | Пинг: 3370ms | Скорость: 5.35 Mbps ⚡⚡
2026-02-27 06:10:39 [INFO]    🏆 NL | VLESS | Пинг: 2370ms | Скорость: 5.04 Mbps ⚡⚡
2026-02-27 06:10:39 [INFO]    🏆 DE | VLESS | Пинг: 3454ms | Скорость: 5.32 Mbps ⚡⚡
2026-02-27 06:10:39 [INFO]    🏆 FI | VLESS | Пинг: 3481ms | Скорость: 5.33 Mbps ⚡⚡
2026-02-27 06:10:39 [INFO]    🏆 US | VLESS | Пинг: 3234ms | Скорость: 4.96 Mbps ⚡⚡
2026-02-27 06:10:39 [INFO]    🏆 ES | VLESS | Пинг: 3528ms | Скорость: 5.03 Mbps ⚡⚡
2026-02-27 06:10:39 [INFO]    🏆 US | VLESS | Пинг: 3351ms | Скорость: 4.72 Mbps ⚡⚡
2026-02-27 06:10:39 [INFO]    🏆 DE | VLESS | Пинг: 2165ms | Скорость: 4.54 Mbps ⚡⚡
2026-02-27 06:10:40 [INFO]    🏆 TR | VLESS | Пинг: 3481ms | Скорость: 4.2 Mbps ⚡⚡
2026-02-27 06:10:40 [INFO]    🏆 LV | VLESS | Пинг: 3310ms | Скорость: 3.86 Mbps ⚡⚡
2026-02-27 06:10:41 [INFO]    🏆 DE | VLESS | Пинг: 3052ms | Скорость: 2.66 Mbps ⚡
2026-02-27 06:10:41 [INFO]    🏆 DE | VLESS | Пинг: 2460ms | Скорость: 1.21 Mbps 
2026-02-27 06:10:41 [INFO]    🏆 SG | VLESS | Пинг: 3747ms | Скорость: 5.83 Mbps ⚡⚡
2026-02-27 06:10:42 [INFO]    🏆 DE | VLESS | Пинг: 3802ms | Скорость: 6.54 Mbps ⚡⚡
2026-02-27 06:10:43 [INFO]    🏆 NL | VLESS | Пинг: 3854ms | Скорость: 6.49 Mbps ⚡⚡
2026-02-27 06:10:43 [INFO]    🏆 HU | VLESS | Пинг: 3903ms | Скорость: 6.59 Mbps ⚡⚡
2026-02-27 06:10:43 [INFO]    🏆 NL | VLESS | Пинг: 3885ms | Скорость: 6.33 Mbps ⚡⚡
2026-02-27 06:10:43 [INFO]    🏆 PL | VLESS | Пинг: 3910ms | Скорость: 6.72 Mbps ⚡⚡
2026-02-27 06:10:43 [INFO]    🏆 NL | VLESS | Пинг: 3927ms | Скорость: 6.96 Mbps ⚡⚡
2026-02-27 06:10:43 [INFO]    🏆 DE | VLESS | Пинг: 3930ms | Скорость: 6.97 Mbps ⚡⚡
2026-02-27 06:10:43 [INFO]    🏆 LV | VLESS | Пинг: 3943ms | Скорость: 7.67 Mbps ⚡⚡
2026-02-27 06:10:43 [INFO]    🏆 PL | VLESS | Пинг: 3954ms | Скорость: 8.41 Mbps ⚡⚡
2026-02-27 06:10:44 [INFO]    🏆 LT | VLESS | Пинг: 3749ms | Скорость: 4.42 Mbps ⚡⚡
2026-02-27 06:10:44 [INFO]    🏆 PL | VLESS | Пинг: 3954ms | Скорость: 6.97 Mbps ⚡⚡
2026-02-27 06:10:45 [INFO]    🏆 ES | VLESS | Пинг: 3988ms | Скорость: 7.7 Mbps ⚡⚡
2026-02-27 06:10:45 [INFO]    🏆 LT | VLESS | Пинг: 4006ms | Скорость: 11.02 Mbps ⚡⚡
2026-02-27 06:10:46 [INFO]    🏆 NL | VLESS | Пинг: 4049ms | Скорость: 9.01 Mbps ⚡⚡
2026-02-27 06:10:46 [INFO]    🏆 DE | VLESS | Пинг: 3975ms | Скорость: 4.99 Mbps ⚡⚡
2026-02-27 06:10:46 [INFO]    🏆 DE | VLESS | Пинг: 4037ms | Скорость: 7.72 Mbps ⚡⚡
2026-02-27 06:10:46 [INFO]    🏆 NL | VLESS | Пинг: 4103ms | Скорость: 8.61 Mbps ⚡⚡
2026-02-27 06:10:46 [INFO]    🏆 ES | VLESS | Пинг: 4101ms | Скорость: 7.69 Mbps ⚡⚡
2026-02-27 06:10:46 [INFO]    🏆 US | VLESS | Пинг: 4011ms | Скорость: 7.21 Mbps ⚡⚡
2026-02-27 06:10:47 [INFO]    🏆 NL | VLESS | Пинг: 4076ms | Скорость: 6.36 Mbps ⚡⚡
2026-02-27 06:10:47 [INFO]    🏆 PL | VLESS | Пинг: 4117ms | Скорость: 6.72 Mbps ⚡⚡
2026-02-27 06:10:47 [INFO]    🏆 FI | VLESS | Пинг: 4029ms | Скорость: 5.29 Mbps ⚡⚡
2026-02-27 06:10:48 [INFO]    🏆 IT | VLESS | Пинг: 3955ms | Скорость: 1.55 Mbps ⚡
2026-02-27 06:10:48 [INFO] 📊 Итого в подписке сохранено иностранных серверов: 10
2026-02-27 06:10:48 [INFO] 💾 Файл успешно сохранен: FL1PVPN
