2026-02-22 06:50:06 [INFO] 🚀 START: Smart Selector (Target: 10, ONLY FOREIGN)
2026-02-22 06:50:06 [INFO] 🌐 Загрузка источников (VLESS + VMess)...
2026-02-22 06:50:07 [INFO] 🔍 Уникальных конфигов собрано: 249
2026-02-22 06:50:07 [INFO] ⚡ ЭТАП 1: Замер Пинга и Геолокации. Workers: 40...
2026-02-22 06:50:13 [INFO]    [PING OK] TR | VLESS | 3919ms
2026-02-22 06:50:13 [INFO]    [PING OK] CZ | VLESS | 3389ms
2026-02-22 06:50:13 [INFO]    [PING OK] NL | VLESS | 4677ms
2026-02-22 06:50:14 [INFO]    [PING OK] DE | VLESS | 6334ms
2026-02-22 06:50:15 [INFO]    [PING OK] DE | VLESS | 5259ms
2026-02-22 06:50:15 [INFO]    [PING OK] DE | VLESS | 5005ms
2026-02-22 06:50:15 [INFO]    [PING OK] HU | VLESS | 2298ms
2026-02-22 06:50:16 [INFO]    [PING OK] IT | VLESS | 2545ms
2026-02-22 06:50:16 [INFO]    [PING OK] DE | VLESS | 8161ms
2026-02-22 06:50:16 [INFO]    [PING OK] ES | VLESS | 2801ms
2026-02-22 06:50:17 [INFO]    [PING OK] DE | VLESS | 8578ms
2026-02-22 06:50:17 [INFO]    [PING OK] ES | VLESS | 3242ms
2026-02-22 06:50:18 [INFO]    [PING OK] PL | VLESS | 3707ms
2026-02-22 06:50:18 [INFO]    [PING OK] PL | VLESS | 3557ms
2026-02-22 06:50:21 [INFO]    [PING OK] TR | VLESS | 4938ms
2026-02-22 06:50:21 [INFO]    [PING OK] PL | VLESS | 4838ms
2026-02-22 06:50:21 [INFO]    [PING OK] ES | VLESS | 4729ms
2026-02-22 06:50:21 [INFO]    [PING OK] PL | VLESS | 5200ms
2026-02-22 06:50:22 [INFO]    [PING OK] ES | VLESS | 5212ms
2026-02-22 06:50:22 [INFO]    [PING OK] US | VLESS | 5410ms
2026-02-22 06:50:22 [INFO]    [PING OK] DE | VLESS | 5154ms
2026-02-22 06:50:22 [INFO]    [PING OK] HU | VLESS | 5288ms
2026-02-22 06:50:23 [INFO]    [PING OK] ES | VLESS | 5023ms
2026-02-22 06:50:23 [INFO]    [PING OK] TR | VLESS | 5227ms
2026-02-22 06:50:24 [INFO]    [PING OK] DE | VLESS | 5360ms
2026-02-22 06:50:24 [INFO]    [PING OK] CA | VLESS | 6227ms
2026-02-22 06:50:25 [INFO]    [PING OK] PL | VLESS | 5727ms
2026-02-22 06:50:25 [INFO]    [PING OK] PL | VLESS | 6212ms
2026-02-22 06:50:27 [INFO]    [PING OK] NL | VLESS | 5125ms
2026-02-22 06:50:27 [INFO]    [PING OK] DE | VLESS | 4729ms
2026-02-22 06:50:28 [INFO]    [PING OK] CA | VLESS | 10359ms
2026-02-22 06:50:28 [INFO]    [PING OK] DE | VLESS | 5122ms
2026-02-22 06:50:29 [INFO]    [PING OK] DE | VLESS | 5401ms
2026-02-22 06:50:29 [INFO]    [PING OK] LV | VLESS | 5678ms
2026-02-22 06:50:29 [INFO]    [PING OK] CA | VLESS | 6135ms
2026-02-22 06:50:29 [INFO]    [PING OK] CA | VLESS | 7726ms
2026-02-22 06:50:30 [INFO]    [PING OK] NL | VLESS | 3896ms
2026-02-22 06:50:31 [INFO]    [PING OK] CA | VLESS | 7706ms
2026-02-22 06:50:31 [INFO]    [PING OK] CA | VLESS | 5085ms
2026-02-22 06:50:32 [INFO]    [PING OK] DE | VLESS | 2890ms
2026-02-22 06:50:33 [INFO]    [PING OK] FR | VLESS | 2180ms
2026-02-22 06:50:33 [INFO]    [PING OK] CA | VLESS | 5662ms
2026-02-22 06:50:33 [INFO]    [PING OK] DE | VLESS | 1817ms
2026-02-22 06:50:34 [INFO]    [PING OK] CA | VLESS | 6247ms
2026-02-22 06:50:36 [INFO]    [PING OK] CA | VLESS | 7757ms
2026-02-22 06:50:38 [INFO]    [PING OK] CA | VLESS | 5056ms
2026-02-22 06:50:39 [INFO] 🏎️ ЭТАП 2: Глубокий замер скорости для 40 иностранных кандидатов...
2026-02-22 06:50:43 [INFO]    🏆 DE | VLESS | Пинг: 1817ms | Скорость: 7.19 Mbps ⚡⚡
2026-02-22 06:50:43 [INFO]    🏆 NL | VLESS | Пинг: 3896ms | Скорость: 7.9 Mbps ⚡⚡
2026-02-22 06:50:43 [INFO]    🏆 HU | VLESS | Пинг: 2298ms | Скорость: 6.9 Mbps ⚡⚡
2026-02-22 06:50:43 [INFO]    🏆 DE | VLESS | Пинг: 4729ms | Скорость: 7.81 Mbps ⚡⚡
2026-02-22 06:50:43 [INFO]    🏆 ES | VLESS | Пинг: 2801ms | Скорость: 6.82 Mbps ⚡⚡
2026-02-22 06:50:43 [INFO]    🏆 PL | VLESS | Пинг: 3557ms | Скорость: 7.27 Mbps ⚡⚡
2026-02-22 06:50:44 [INFO]    🏆 ES | VLESS | Пинг: 4729ms | Скорость: 6.26 Mbps ⚡⚡
2026-02-22 06:50:45 [INFO]    🏆 TR | VLESS | Пинг: 3919ms | Скорость: 4.08 Mbps ⚡⚡
2026-02-22 06:50:46 [INFO]    🏆 PL | VLESS | Пинг: 4838ms | Скорость: 10.12 Mbps ⚡⚡
2026-02-22 06:50:46 [INFO]    🏆 DE | VLESS | Пинг: 5005ms | Скорость: 8.82 Mbps ⚡⚡
2026-02-22 06:50:46 [INFO]    🏆 ES | VLESS | Пинг: 5023ms | Скорость: 8.89 Mbps ⚡⚡
2026-02-22 06:50:46 [INFO]    🏆 FR | VLESS | Пинг: 2180ms | Скорость: 1.91 Mbps ⚡
2026-02-22 06:50:46 [INFO]    🏆 IT | VLESS | Пинг: 2545ms | Скорость: 0.71 Mbps 
2026-02-22 06:50:46 [INFO]    🏆 TR | VLESS | Пинг: 4938ms | Скорость: 7.81 Mbps ⚡⚡
2026-02-22 06:50:46 [INFO]    🏆 CZ | VLESS | Пинг: 3389ms | Скорость: 2.15 Mbps ⚡
2026-02-22 06:50:46 [INFO]    🏆 ES | VLESS | Пинг: 3242ms | Скорость: 2.17 Mbps ⚡
2026-02-22 06:50:47 [INFO]    🏆 DE | VLESS | Пинг: 5154ms | Скорость: 9.78 Mbps ⚡⚡
2026-02-22 06:50:47 [INFO]    🏆 DE | VLESS | Пинг: 5122ms | Скорость: 6.97 Mbps ⚡⚡
2026-02-22 06:50:48 [INFO]    🏆 PL | VLESS | Пинг: 5200ms | Скорость: 10.87 Mbps ⚡⚡
2026-02-22 06:50:48 [INFO]    🏆 HU | VLESS | Пинг: 5288ms | Скорость: 12.55 Mbps ⚡⚡
2026-02-22 06:50:49 [INFO]    🏆 PL | VLESS | Пинг: 5727ms | Скорость: 11.11 Mbps ⚡⚡
2026-02-22 06:50:50 [INFO]    🏆 DE | VLESS | Пинг: 5401ms | Скорость: 7.7 Mbps ⚡⚡
2026-02-22 06:50:50 [INFO]    🏆 TR | VLESS | Пинг: 5227ms | Скорость: 5.31 Mbps ⚡⚡
2026-02-22 06:50:52 [INFO]    🏆 ES | VLESS | Пинг: 5212ms | Скорость: 1.09 Mbps 
2026-02-22 06:50:53 [INFO]    🏆 LV | VLESS | Пинг: 5678ms | Скорость: 0.77 Mbps 
2026-02-22 06:50:53 [INFO] 📊 Итого в подписке сохранено иностранных серверов: 10
2026-02-22 06:50:53 [INFO] 💾 Файл успешно сохранен: FL1PVPN
