2026-02-25 05:30:06 [INFO] 🚀 START: Smart Selector (Target: 10, ONLY FOREIGN)
2026-02-25 05:30:06 [INFO] 🌐 Загрузка источников (VLESS + VMess)...
2026-02-25 05:30:07 [INFO] 🔍 Уникальных конфигов собрано: 174
2026-02-25 05:30:07 [INFO] ⚡ ЭТАП 1: Замер Пинга и Геолокации. Workers: 40...
2026-02-25 05:30:12 [INFO]    [PING OK] DE | VLESS | 3998ms
2026-02-25 05:30:12 [INFO]    [PING OK] DE | VLESS | 4072ms
2026-02-25 05:30:12 [INFO]    [PING OK] DE | VLESS | 4404ms
2026-02-25 05:30:12 [INFO]    [PING OK] NL | VLESS | 4352ms
2026-02-25 05:30:12 [INFO]    [PING OK] DE | VLESS | 4228ms
2026-02-25 05:30:13 [INFO]    [PING OK] NL | VLESS | 3828ms
2026-02-25 05:30:13 [INFO]    [PING OK] DE | VLESS | 4444ms
2026-02-25 05:30:13 [INFO]    [PING OK] FI | VLESS | 4459ms
2026-02-25 05:30:13 [INFO]    [PING OK] US | VLESS | 4407ms
2026-02-25 05:30:13 [INFO]    [PING OK] US | VLESS | 4310ms
2026-02-25 05:30:13 [INFO]    [PING OK] DE | VLESS | 4591ms
2026-02-25 05:30:13 [INFO]    [PING OK] NL | VLESS | 4493ms
2026-02-25 05:30:13 [INFO]    [PING OK] US | VLESS | 4208ms
2026-02-25 05:30:13 [INFO]    [PING OK] NL | VLESS | 3852ms
2026-02-25 05:30:13 [INFO]    [PING OK] NL | VLESS | 5099ms
2026-02-25 05:30:13 [INFO]    [PING OK] FI | VLESS | 3428ms
2026-02-25 05:30:13 [INFO]    [PING OK] FI | VLESS | 3229ms
2026-02-25 05:30:13 [INFO]    [PING OK] FI | VLESS | 4495ms
2026-02-25 05:30:13 [INFO]    [PING OK] NL | VLESS | 3567ms
2026-02-25 05:30:14 [INFO]    [PING OK] DE | VLESS | 3645ms
2026-02-25 05:30:14 [INFO]    [PING OK] FI | VLESS | 3558ms
2026-02-25 05:30:14 [INFO]    [PING OK] NL | VLESS | 3467ms
2026-02-25 05:30:14 [INFO]    [PING OK] CA | VLESS | 3990ms
2026-02-25 05:30:16 [INFO]    [PING OK] NL | VLESS | 3022ms
2026-02-25 05:30:16 [INFO]    [PING OK] DE | VLESS | 2842ms
2026-02-25 05:30:16 [INFO]    [PING OK] FI | VLESS | 2918ms
2026-02-25 05:30:17 [INFO]    [PING OK] US | VLESS | 3075ms
2026-02-25 05:30:17 [INFO]    [PING OK] DE | VLESS | 7354ms
2026-02-25 05:30:17 [INFO]    [PING OK] NL | VLESS | 3050ms
2026-02-25 05:30:17 [INFO]    [PING OK] NL | VLESS | 2984ms
2026-02-25 05:30:17 [INFO]    [PING OK] FI | VLESS | 3162ms
2026-02-25 05:30:17 [INFO]    [PING OK] FI | VLESS | 2768ms
2026-02-25 05:30:17 [INFO]    [PING OK] NL | VLESS | 2814ms
2026-02-25 05:30:17 [INFO]    [PING OK] FI | VLESS | 2804ms
2026-02-25 05:30:17 [INFO]    [PING OK] US | VLESS | 3081ms
2026-02-25 05:30:17 [INFO]    [PING OK] DE | VLESS | 2786ms
2026-02-25 05:30:18 [INFO]    [PING OK] DE | VLESS | 2831ms
2026-02-25 05:30:18 [INFO]    [PING OK] NL | VLESS | 2811ms
2026-02-25 05:30:18 [INFO]    [PING OK] CA | VLESS | 2949ms
2026-02-25 05:30:18 [INFO]    [PING OK] SG | VLESS | 3142ms
2026-02-25 05:30:19 [INFO]    [PING OK] ES | VLESS | 3967ms
2026-02-25 05:30:19 [INFO]    [PING OK] CA | VLESS | 3468ms
2026-02-25 05:30:22 [INFO]    [PING OK] CA | VLESS | 4854ms
2026-02-25 05:30:22 [INFO]    [PING OK] LV | VLESS | 4901ms
2026-02-25 05:30:23 [INFO]    [PING OK] NL | VLESS | 4835ms
2026-02-25 05:30:23 [INFO]    [PING OK] GB | VLESS | 4986ms
2026-02-25 05:30:23 [INFO]    [PING OK] DE | VLESS | 4937ms
2026-02-25 05:30:23 [INFO]    [PING OK] CA | VLESS | 4798ms
2026-02-25 05:30:23 [INFO]    [PING OK] DE | VLESS | 4782ms
2026-02-25 05:30:23 [INFO]    [PING OK] CA | VLESS | 5400ms
2026-02-25 05:30:23 [INFO]    [PING OK] DE | VLESS | 5005ms
2026-02-25 05:30:23 [INFO]    [PING OK] CA | VLESS | 4967ms
2026-02-25 05:30:23 [INFO]    [PING OK] TR | VLESS | 5213ms
2026-02-25 05:30:23 [INFO]    [PING OK] DE | VLESS | 5021ms
2026-02-25 05:30:23 [INFO]    [PING OK] CA | VLESS | 5022ms
2026-02-25 05:30:23 [INFO]    [PING OK] CA | VLESS | 4910ms
2026-02-25 05:30:24 [INFO]    [PING OK] CA | VLESS | 5081ms
2026-02-25 05:30:24 [INFO]    [PING OK] TW | VLESS | 5216ms
2026-02-25 05:30:24 [INFO]    [PING OK] LT | VLESS | 4702ms
2026-02-25 05:30:24 [INFO]    [PING OK] DE | VLESS | 4952ms
2026-02-25 05:30:24 [INFO]    [PING OK] CA | VLESS | 4992ms
2026-02-25 05:30:24 [INFO]    [PING OK] CA | VLESS | 5075ms
2026-02-25 05:30:24 [INFO]    [PING OK] DE | VLESS | 5380ms
2026-02-25 05:30:27 [INFO]    [PING OK] SE | VLESS | 3721ms
2026-02-25 05:30:27 [INFO]    [PING OK] DE | VLESS | 3551ms
2026-02-25 05:30:27 [INFO]    [PING OK] DE | VLESS | 2893ms
2026-02-25 05:30:27 [INFO]    [PING OK] NL | VLESS | 3043ms
2026-02-25 05:30:27 [INFO]    [PING OK] US | VLESS | 3682ms
2026-02-25 05:30:27 [INFO]    [PING OK] GB | VLESS | 3241ms
2026-02-25 05:30:27 [INFO]    [PING OK] US | VLESS | 2766ms
2026-02-25 05:30:27 [INFO]    [PING OK] NL | VLESS | 2928ms
2026-02-25 05:30:27 [INFO]    [PING OK] GB | VLESS | 2434ms
2026-02-25 05:30:28 [INFO]    [PING OK] NL | VLESS | 6519ms
2026-02-25 05:30:29 [INFO]    [PING OK] TW | VLESS | 3831ms
2026-02-25 05:30:31 [INFO] 🏎️ ЭТАП 2: Глубокий замер скорости для 40 иностранных кандидатов...
2026-02-25 05:30:36 [INFO]    🏆 US | VLESS | Пинг: 2766ms | Скорость: 5.46 Mbps ⚡⚡
2026-02-25 05:30:36 [INFO]    🏆 GB | VLESS | Пинг: 2434ms | Скорость: 5.53 Mbps ⚡⚡
2026-02-25 05:30:36 [INFO]    🏆 FI | VLESS | Пинг: 2768ms | Скорость: 5.52 Mbps ⚡⚡
2026-02-25 05:30:36 [INFO]    🏆 NL | VLESS | Пинг: 3022ms | Скорость: 5.87 Mbps ⚡⚡
2026-02-25 05:30:36 [INFO]    🏆 FI | VLESS | Пинг: 2918ms | Скорость: 5.69 Mbps ⚡⚡
2026-02-25 05:30:36 [INFO]    🏆 DE | VLESS | Пинг: 2842ms | Скорость: 5.64 Mbps ⚡⚡
2026-02-25 05:30:36 [INFO]    🏆 NL | VLESS | Пинг: 2984ms | Скорость: 5.8 Mbps ⚡⚡
2026-02-25 05:30:36 [INFO]    🏆 NL | VLESS | Пинг: 2811ms | Скорость: 5.56 Mbps ⚡⚡
2026-02-25 05:30:36 [INFO]    🏆 NL | VLESS | Пинг: 2814ms | Скорость: 5.5 Mbps ⚡⚡
2026-02-25 05:30:36 [INFO]    🏆 DE | VLESS | Пинг: 2893ms | Скорость: 5.37 Mbps ⚡⚡
2026-02-25 05:30:36 [INFO]    🏆 NL | VLESS | Пинг: 2928ms | Скорость: 5.35 Mbps ⚡⚡
2026-02-25 05:30:36 [INFO]    🏆 FI | VLESS | Пинг: 2804ms | Скорость: 5.15 Mbps ⚡⚡
2026-02-25 05:30:36 [INFO]    🏆 DE | VLESS | Пинг: 2786ms | Скорость: 5.09 Mbps ⚡⚡
2026-02-25 05:30:36 [INFO]    🏆 DE | VLESS | Пинг: 2831ms | Скорость: 4.82 Mbps ⚡⚡
2026-02-25 05:30:39 [INFO]    🏆 CA | VLESS | Пинг: 2949ms | Скорость: 1.02 Mbps 
2026-02-25 05:30:40 [INFO]    🏆 NL | VLESS | Пинг: 3043ms | Скорость: 5.86 Mbps ⚡⚡
2026-02-25 05:30:40 [INFO]    🏆 FI | VLESS | Пинг: 3428ms | Скорость: 5.91 Mbps ⚡⚡
2026-02-25 05:30:40 [INFO]    🏆 NL | VLESS | Пинг: 3567ms | Скорость: 6.79 Mbps ⚡⚡
2026-02-25 05:30:40 [INFO]    🏆 NL | VLESS | Пинг: 3467ms | Скорость: 6.03 Mbps ⚡⚡
2026-02-25 05:30:40 [INFO]    🏆 FI | VLESS | Пинг: 3229ms | Скорость: 5.95 Mbps ⚡⚡
2026-02-25 05:30:40 [INFO]    🏆 US | VLESS | Пинг: 3075ms | Скорость: 5.8 Mbps ⚡⚡
2026-02-25 05:30:40 [INFO]    🏆 DE | VLESS | Пинг: 3551ms | Скорость: 6.2 Mbps ⚡⚡
2026-02-25 05:30:40 [INFO]    🏆 US | VLESS | Пинг: 3081ms | Скорость: 5.8 Mbps ⚡⚡
2026-02-25 05:30:40 [INFO]    🏆 NL | VLESS | Пинг: 3050ms | Скорость: 5.82 Mbps ⚡⚡
2026-02-25 05:30:40 [INFO]    🏆 FI | VLESS | Пинг: 3162ms | Скорость: 5.81 Mbps ⚡⚡
2026-02-25 05:30:40 [INFO]    🏆 GB | VLESS | Пинг: 3241ms | Скорость: 5.72 Mbps ⚡⚡
2026-02-25 05:30:40 [INFO]    🏆 FI | VLESS | Пинг: 3558ms | Скорость: 6.0 Mbps ⚡⚡
2026-02-25 05:30:42 [INFO]    🏆 SG | VLESS | Пинг: 3142ms | Скорость: 3.48 Mbps ⚡⚡
2026-02-25 05:30:42 [INFO]    🏆 DE | VLESS | Пинг: 3645ms | Скорость: 6.77 Mbps ⚡⚡
2026-02-25 05:30:43 [INFO]    🏆 CA | VLESS | Пинг: 3468ms | Скорость: 0.82 Mbps 
2026-02-25 05:30:44 [INFO]    🏆 DE | VLESS | Пинг: 3998ms | Скорость: 6.33 Mbps ⚡⚡
2026-02-25 05:30:44 [INFO]    🏆 US | VLESS | Пинг: 4208ms | Скорость: 6.31 Mbps ⚡⚡
2026-02-25 05:30:44 [INFO]    🏆 NL | VLESS | Пинг: 3852ms | Скорость: 6.19 Mbps ⚡⚡
2026-02-25 05:30:44 [INFO]    🏆 DE | VLESS | Пинг: 4072ms | Скорость: 6.28 Mbps ⚡⚡
2026-02-25 05:30:44 [INFO]    🏆 SE | VLESS | Пинг: 3721ms | Скорость: 6.04 Mbps ⚡⚡
2026-02-25 05:30:44 [INFO]    🏆 US | VLESS | Пинг: 3682ms | Скорость: 5.94 Mbps ⚡⚡
2026-02-25 05:30:45 [INFO]    🏆 NL | VLESS | Пинг: 3828ms | Скорость: 5.18 Mbps ⚡⚡
2026-02-25 05:30:47 [INFO] 📊 Итого в подписке сохранено иностранных серверов: 10
2026-02-25 05:30:47 [INFO] 💾 Файл успешно сохранен: FL1PVPN
