2026-02-21 23:30:05 [INFO] 🚀 START: Smart Selector (Target: 10, ONLY FOREIGN)
2026-02-21 23:30:05 [INFO] 🌐 Загрузка источников (VLESS + VMess)...
2026-02-21 23:30:08 [INFO] 🔍 Уникальных конфигов собрано: 255
2026-02-21 23:30:08 [INFO] ⚡ ЭТАП 1: Замер Пинга и Геолокации. Workers: 40...
2026-02-21 23:30:14 [INFO]    [PING OK] TR | VLESS | 5321ms
2026-02-21 23:30:14 [INFO]    [PING OK] IT | VLESS | 5100ms
2026-02-21 23:30:15 [INFO]    [PING OK] ES | VLESS | 4578ms
2026-02-21 23:30:16 [INFO]    [PING OK] TR | VLESS | 4734ms
2026-02-21 23:30:17 [INFO]    [PING OK] PL | VLESS | 5183ms
2026-02-21 23:30:17 [INFO]    [PING OK] TR | VLESS | 5356ms
2026-02-21 23:30:18 [INFO]    [PING OK] TR | VLESS | 5623ms
2026-02-21 23:30:18 [INFO]    [PING OK] TR | VLESS | 5287ms
2026-02-21 23:30:19 [INFO]    [PING OK] IT | VLESS | 5531ms
2026-02-21 23:30:20 [INFO]    [PING OK] PL | VLESS | 5625ms
2026-02-21 23:30:20 [INFO]    [PING OK] DE | VLESS | 5652ms
2026-02-21 23:30:20 [INFO]    [PING OK] TR | VLESS | 6296ms
2026-02-21 23:30:20 [INFO]    [PING OK] PL | VLESS | 6110ms
2026-02-21 23:30:20 [INFO]    [PING OK] TR | VLESS | 6080ms
2026-02-21 23:30:21 [INFO]    [PING OK] HU | VLESS | 5726ms
2026-02-21 23:30:21 [INFO]    [PING OK] HU | VLESS | 6148ms
2026-02-21 23:30:21 [INFO]    [PING OK] ES | VLESS | 6150ms
2026-02-21 23:30:21 [INFO]    [PING OK] PL | VLESS | 5683ms
2026-02-21 23:30:21 [INFO]    [PING OK] IT | VLESS | 5853ms
2026-02-21 23:30:21 [INFO]    [PING OK] ES | VLESS | 5435ms
2026-02-21 23:30:22 [INFO]    [PING OK] PL | VLESS | 5327ms
2026-02-21 23:30:22 [INFO]    [PING OK] TR | VLESS | 5376ms
2026-02-21 23:30:22 [INFO]    [PING OK] PL | VLESS | 5443ms
2026-02-21 23:30:22 [INFO]    [PING OK] PL | VLESS | 5291ms
2026-02-21 23:30:22 [INFO]    [PING OK] HU | VLESS | 5474ms
2026-02-21 23:30:23 [INFO]    [PING OK] IT | VLESS | 5671ms
2026-02-21 23:30:23 [INFO]    [PING OK] PL | VLESS | 4973ms
2026-02-21 23:30:24 [INFO]    [PING OK] ES | VLESS | 5476ms
2026-02-21 23:30:24 [INFO]    [PING OK] EE | VLESS | 5432ms
2026-02-21 23:30:25 [INFO]    [PING OK] NL | VLESS | 5676ms
2026-02-21 23:30:25 [INFO]    [PING OK] CA | VLESS | 5686ms
2026-02-21 23:30:25 [INFO]    [PING OK] DE | VLESS | 6449ms
2026-02-21 23:30:26 [INFO]    [PING OK] CA | VLESS | 5953ms
2026-02-21 23:30:27 [INFO]    [PING OK] CA | VLESS | 6526ms
2026-02-21 23:30:28 [INFO]    [PING OK] CA | VLESS | 6917ms
2026-02-21 23:30:29 [INFO]    [PING OK] CA | VLESS | 7226ms
2026-02-21 23:30:29 [INFO]    [PING OK] NL | VLESS | 6876ms
2026-02-21 23:30:30 [INFO]    [PING OK] CA | VLESS | 6191ms
2026-02-21 23:30:31 [INFO]    [PING OK] CA | VLESS | 6085ms
2026-02-21 23:30:31 [INFO]    [PING OK] CA | VLESS | 5812ms
2026-02-21 23:30:31 [INFO]    [PING OK] CA | VLESS | 6049ms
2026-02-21 23:30:32 [INFO]    [PING OK] US | VLESS | 3861ms
2026-02-21 23:30:32 [INFO]    [PING OK] LV | VLESS | 2677ms
2026-02-21 23:30:32 [INFO]    [PING OK] CA | VLESS | 3947ms
2026-02-21 23:30:32 [INFO]    [PING OK] CA | VLESS | 3744ms
2026-02-21 23:30:33 [INFO]    [PING OK] CA | VLESS | 4311ms
2026-02-21 23:30:33 [INFO]    [PING OK] CA | VLESS | 3089ms
2026-02-21 23:30:33 [INFO]    [PING OK] CA | VLESS | 4021ms
2026-02-21 23:30:33 [INFO]    [PING OK] CA | VLESS | 3789ms
2026-02-21 23:30:37 [INFO] 🏎️ ЭТАП 2: Глубокий замер скорости для 40 иностранных кандидатов...
2026-02-21 23:30:41 [INFO]    🏆 PL | VLESS | Пинг: 4973ms | Скорость: 6.14 Mbps ⚡⚡
2026-02-21 23:30:41 [INFO]    🏆 PL | VLESS | Пинг: 5183ms | Скорость: 6.26 Mbps ⚡⚡
2026-02-21 23:30:41 [INFO]    🏆 IT | VLESS | Пинг: 5100ms | Скорость: 6.14 Mbps ⚡⚡
2026-02-21 23:30:41 [INFO]    🏆 ES | VLESS | Пинг: 4578ms | Скорость: 5.95 Mbps ⚡⚡
2026-02-21 23:30:41 [INFO]    🏆 TR | VLESS | Пинг: 5287ms | Скорость: 6.13 Mbps ⚡⚡
2026-02-21 23:30:41 [INFO]    🏆 PL | VLESS | Пинг: 5291ms | Скорость: 6.19 Mbps ⚡⚡
2026-02-21 23:30:41 [INFO]    🏆 TR | VLESS | Пинг: 4734ms | Скорость: 5.76 Mbps ⚡⚡
2026-02-21 23:30:42 [INFO]    🏆 LV | VLESS | Пинг: 2677ms | Скорость: 4.62 Mbps ⚡⚡
2026-02-21 23:30:43 [INFO]    🏆 TR | VLESS | Пинг: 5321ms | Скорость: 8.11 Mbps ⚡⚡
2026-02-21 23:30:43 [INFO]    🏆 TR | VLESS | Пинг: 5356ms | Скорость: 9.0 Mbps ⚡⚡
2026-02-21 23:30:43 [INFO]    🏆 TR | VLESS | Пинг: 5376ms | Скорость: 9.34 Mbps ⚡⚡
2026-02-21 23:30:44 [INFO]    🏆 PL | VLESS | Пинг: 5327ms | Скорость: 6.07 Mbps ⚡⚡
2026-02-21 23:30:45 [INFO]    🏆 IT | VLESS | Пинг: 5531ms | Скорость: 7.04 Mbps ⚡⚡
2026-02-21 23:30:45 [INFO]    🏆 PL | VLESS | Пинг: 5443ms | Скорость: 6.78 Mbps ⚡⚡
2026-02-21 23:30:45 [INFO]    🏆 HU | VLESS | Пинг: 5474ms | Скорость: 6.77 Mbps ⚡⚡
2026-02-21 23:30:45 [INFO]    🏆 ES | VLESS | Пинг: 5476ms | Скорость: 6.77 Mbps ⚡⚡
2026-02-21 23:30:45 [INFO]    🏆 TR | VLESS | Пинг: 5623ms | Скорость: 6.82 Mbps ⚡⚡
2026-02-21 23:30:45 [INFO]    🏆 NL | VLESS | Пинг: 5676ms | Скорость: 9.37 Mbps ⚡⚡
2026-02-21 23:30:45 [INFO]    🏆 PL | VLESS | Пинг: 5625ms | Скорость: 6.05 Mbps ⚡⚡
2026-02-21 23:30:45 [INFO]    🏆 ES | VLESS | Пинг: 5435ms | Скорость: 5.24 Mbps ⚡⚡
2026-02-21 23:30:46 [INFO]    🏆 HU | VLESS | Пинг: 5726ms | Скорость: 8.66 Mbps ⚡⚡
2026-02-21 23:30:46 [INFO]    🏆 IT | VLESS | Пинг: 5853ms | Скорость: 10.93 Mbps ⚡⚡
2026-02-21 23:30:48 [INFO]    🏆 TR | VLESS | Пинг: 6080ms | Скорость: 7.13 Mbps ⚡⚡
2026-02-21 23:30:48 [INFO]    🏆 PL | VLESS | Пинг: 5683ms | Скорость: 4.39 Mbps ⚡⚡
2026-02-21 23:30:49 [INFO]    🏆 IT | VLESS | Пинг: 5671ms | Скорость: 2.09 Mbps ⚡
2026-02-21 23:30:51 [INFO]    🏆 PL | VLESS | Пинг: 6110ms | Скорость: 2.86 Mbps ⚡
2026-02-21 23:30:51 [INFO] 📊 Итого в подписке сохранено иностранных серверов: 10
2026-02-21 23:30:51 [INFO] 💾 Файл успешно сохранен: FL1PVPN
