2026-02-25 11:30:05 [INFO] 🚀 START: Smart Selector (Target: 10, ONLY FOREIGN)
2026-02-25 11:30:05 [INFO] 🌐 Загрузка источников (VLESS + VMess)...
2026-02-25 11:30:06 [INFO] 🔍 Уникальных конфигов собрано: 199
2026-02-25 11:30:06 [INFO] ⚡ ЭТАП 1: Замер Пинга и Геолокации. Workers: 40...
2026-02-25 11:30:12 [INFO]    [PING OK] NL | VLESS | 4979ms
2026-02-25 11:30:12 [INFO]    [PING OK] DE | VLESS | 5036ms
2026-02-25 11:30:12 [INFO]    [PING OK] NL | VLESS | 5200ms
2026-02-25 11:30:13 [INFO]    [PING OK] US | VLESS | 4464ms
2026-02-25 11:30:13 [INFO]    [PING OK] FI | VLESS | 5257ms
2026-02-25 11:30:13 [INFO]    [PING OK] NL | VLESS | 4683ms
2026-02-25 11:30:13 [INFO]    [PING OK] NL | VLESS | 3859ms
2026-02-25 11:30:13 [INFO]    [PING OK] FI | VLESS | 3536ms
2026-02-25 11:30:13 [INFO]    [PING OK] FI | VLESS | 5928ms
2026-02-25 11:30:14 [INFO]    [PING OK] NL | VLESS | 5877ms
2026-02-25 11:30:14 [INFO]    [PING OK] FI | VLESS | 6392ms
2026-02-25 11:30:14 [INFO]    [PING OK] FI | VLESS | 3741ms
2026-02-25 11:30:14 [INFO]    [PING OK] FI | VLESS | 6182ms
2026-02-25 11:30:14 [INFO]    [PING OK] NL | VLESS | 5360ms
2026-02-25 11:30:15 [INFO]    [PING OK] NL | VLESS | 4257ms
2026-02-25 11:30:16 [INFO]    [PING OK] DE | VLESS | 3136ms
2026-02-25 11:30:17 [INFO]    [PING OK] DE | VLESS | 9401ms
2026-02-25 11:30:17 [INFO]    [PING OK] DE | VLESS | 3274ms
2026-02-25 11:30:18 [INFO]    [PING OK] DE | VLESS | 9678ms
2026-02-25 11:30:18 [INFO]    [PING OK] US | VLESS | 3503ms
2026-02-25 11:30:18 [INFO]    [PING OK] FI | VLESS | 3556ms
2026-02-25 11:30:18 [INFO]    [PING OK] FI | VLESS | 3593ms
2026-02-25 11:30:18 [INFO]    [PING OK] US | VLESS | 3653ms
2026-02-25 11:30:18 [INFO]    [PING OK] DE | VLESS | 3616ms
2026-02-25 11:30:19 [INFO]    [PING OK] DE | VLESS | 3887ms
2026-02-25 11:30:19 [INFO]    [PING OK] DE | VLESS | 5884ms
2026-02-25 11:30:19 [INFO]    [PING OK] FI | VLESS | 6099ms
2026-02-25 11:30:19 [INFO]    [PING OK] FI | VLESS | 6258ms
2026-02-25 11:30:20 [INFO]    [PING OK] US | VLESS | 6354ms
2026-02-25 11:30:20 [INFO]    [PING OK] CA | VLESS | 4414ms
2026-02-25 11:30:20 [INFO]    [PING OK] US | VLESS | 4567ms
2026-02-25 11:30:21 [INFO]    [PING OK] US | VLESS | 4474ms
2026-02-25 11:30:22 [INFO]    [PING OK] US | VLESS | 4365ms
2026-02-25 11:30:22 [INFO]    [PING OK] DE | VLESS | 6961ms
2026-02-25 11:30:22 [INFO]    [PING OK] DE | VLESS | 4785ms
2026-02-25 11:30:22 [INFO]    [PING OK] US | VLESS | 4476ms
2026-02-25 11:30:22 [INFO]    [PING OK] US | VLESS | 4983ms
2026-02-25 11:30:23 [INFO]    [PING OK] US | VLESS | 4490ms
2026-02-25 11:30:23 [INFO]    [PING OK] US | VLESS | 4671ms
2026-02-25 11:30:23 [INFO]    [PING OK] DE | VLESS | 4460ms
2026-02-25 11:30:23 [INFO]    [PING OK] TR | VLESS | 6556ms
2026-02-25 11:30:24 [INFO]    [PING OK] DE | VLESS | 4432ms
2026-02-25 11:30:24 [INFO]    [PING OK] US | VLESS | 4450ms
2026-02-25 11:30:24 [INFO]    [PING OK] SE | VLESS | 4205ms
2026-02-25 11:30:24 [INFO]    [PING OK] US | VLESS | 5288ms
2026-02-25 11:30:25 [INFO]    [PING OK] US | VLESS | 4458ms
2026-02-25 11:30:25 [INFO]    [PING OK] LT | VLESS | 4279ms
2026-02-25 11:30:25 [INFO]    [PING OK] US | VLESS | 4447ms
2026-02-25 11:30:25 [INFO]    [PING OK] KZ | VLESS | 4230ms
2026-02-25 11:30:26 [INFO]    [PING OK] DE | VLESS | 5675ms
2026-02-25 11:30:26 [INFO]    [PING OK] CA | VLESS | 7566ms
2026-02-25 11:30:26 [INFO]    [PING OK] US | VLESS | 4486ms
2026-02-25 11:30:27 [INFO]    [PING OK] LV | VLESS | 4262ms
2026-02-25 11:30:27 [INFO]    [PING OK] US | VLESS | 4157ms
2026-02-25 11:30:27 [INFO]    [PING OK] US | VLESS | 4191ms
2026-02-25 11:30:28 [INFO]    [PING OK] NL | VLESS | 3838ms
2026-02-25 11:30:28 [INFO]    [PING OK] NL | VLESS | 3949ms
2026-02-25 11:30:28 [INFO]    [PING OK] NL | VLESS | 3792ms
2026-02-25 11:30:28 [INFO]    [PING OK] US | VLESS | 5591ms
2026-02-25 11:30:29 [INFO]    [PING OK] TW | VLESS | 4402ms
2026-02-25 11:30:29 [INFO]    [PING OK] US | VLESS | 3745ms
2026-02-25 11:30:30 [INFO]    [PING OK] US | VLESS | 3507ms
2026-02-25 11:30:30 [INFO]    [PING OK] DE | VLESS | 3338ms
2026-02-25 11:30:30 [INFO]    [PING OK] US | VLESS | 3229ms
2026-02-25 11:30:30 [INFO]    [PING OK] DE | VLESS | 2161ms
2026-02-25 11:30:30 [INFO]    [PING OK] NL | VLESS | 1592ms
2026-02-25 11:30:30 [INFO]    [PING OK] US | VLESS | 5174ms
2026-02-25 11:30:30 [INFO]    [PING OK] GB | VLESS | 2070ms
2026-02-25 11:30:30 [INFO]    [PING OK] KZ | VLESS | 2603ms
2026-02-25 11:30:30 [INFO]    [PING OK] DE | VLESS | 2400ms
2026-02-25 11:30:30 [INFO]    [PING OK] US | VLESS | 1981ms
2026-02-25 11:30:30 [INFO]    [PING OK] US | VLESS | 2073ms
2026-02-25 11:30:31 [INFO]    [PING OK] US | VLESS | 3677ms
2026-02-25 11:30:31 [INFO]    [PING OK] US | VLESS | 3347ms
2026-02-25 11:30:32 [INFO]    [PING OK] US | VLESS | 6311ms
2026-02-25 11:30:32 [INFO]    [PING OK] CA | VLESS | 5896ms
2026-02-25 11:30:33 [INFO]    [PING OK] US | VLESS | 4591ms
2026-02-25 11:30:35 [INFO]    [PING OK] GB | VLESS | 8498ms
2026-02-25 11:30:35 [INFO] 🏎️ ЭТАП 2: Глубокий замер скорости для 40 иностранных кандидатов...
2026-02-25 11:30:39 [INFO]    🏆 DE | VLESS | Пинг: 2400ms | Скорость: 6.08 Mbps ⚡⚡
2026-02-25 11:30:39 [INFO]    🏆 DE | VLESS | Пинг: 3274ms | Скорость: 6.16 Mbps ⚡⚡
2026-02-25 11:30:39 [INFO]    🏆 DE | VLESS | Пинг: 3136ms | Скорость: 6.0 Mbps ⚡⚡
2026-02-25 11:30:39 [INFO]    🏆 GB | VLESS | Пинг: 2070ms | Скорость: 5.8 Mbps ⚡⚡
2026-02-25 11:30:39 [INFO]    🏆 DE | VLESS | Пинг: 3338ms | Скорость: 6.06 Mbps ⚡⚡
2026-02-25 11:30:39 [INFO]    🏆 US | VLESS | Пинг: 1981ms | Скорость: 5.53 Mbps ⚡⚡
2026-02-25 11:30:39 [INFO]    🏆 DE | VLESS | Пинг: 2161ms | Скорость: 5.54 Mbps ⚡⚡
2026-02-25 11:30:39 [INFO]    🏆 US | VLESS | Пинг: 3503ms | Скорость: 5.68 Mbps ⚡⚡
2026-02-25 11:30:39 [INFO]    🏆 US | VLESS | Пинг: 2073ms | Скорость: 5.42 Mbps ⚡⚡
2026-02-25 11:30:42 [INFO]    🏆 NL | VLESS | Пинг: 1592ms | Скорость: 1.26 Mbps 
2026-02-25 11:30:42 [INFO]    🏆 KZ | VLESS | Пинг: 2603ms | Скорость: 3.37 Mbps ⚡⚡
2026-02-25 11:30:43 [INFO]    🏆 FI | VLESS | Пинг: 3556ms | Скорость: 6.69 Mbps ⚡⚡
2026-02-25 11:30:43 [INFO]    🏆 DE | VLESS | Пинг: 3616ms | Скорость: 6.42 Mbps ⚡⚡
2026-02-25 11:30:43 [INFO]    🏆 NL | VLESS | Пинг: 3792ms | Скорость: 6.11 Mbps ⚡⚡
2026-02-25 11:30:43 [INFO]    🏆 DE | VLESS | Пинг: 3887ms | Скорость: 6.18 Mbps ⚡⚡
2026-02-25 11:30:44 [INFO]    🏆 US | VLESS | Пинг: 3653ms | Скорость: 5.7 Mbps ⚡⚡
2026-02-25 11:30:44 [INFO]    🏆 FI | VLESS | Пинг: 3741ms | Скорость: 5.71 Mbps ⚡⚡
2026-02-25 11:30:44 [INFO]    🏆 NL | VLESS | Пинг: 3838ms | Скорость: 5.74 Mbps ⚡⚡
2026-02-25 11:30:44 [INFO]    🏆 FI | VLESS | Пинг: 3593ms | Скорость: 5.2 Mbps ⚡⚡
2026-02-25 11:30:46 [INFO]    🏆 NL | VLESS | Пинг: 3949ms | Скорость: 6.56 Mbps ⚡⚡
2026-02-25 11:30:46 [INFO]    🏆 US | VLESS | Пинг: 3745ms | Скорость: 3.6 Mbps ⚡⚡
2026-02-25 11:30:46 [INFO]    🏆 SE | VLESS | Пинг: 4205ms | Скорость: 6.64 Mbps ⚡⚡
2026-02-25 11:30:46 [INFO]    🏆 US | VLESS | Пинг: 4157ms | Скорость: 5.9 Mbps ⚡⚡
2026-02-25 11:30:46 [INFO]    🏆 US | VLESS | Пинг: 4191ms | Скорость: 6.21 Mbps ⚡⚡
2026-02-25 11:30:46 [INFO]    🏆 US | VLESS | Пинг: 3677ms | Скорость: 2.42 Mbps ⚡
2026-02-25 11:30:46 [INFO]    🏆 LV | VLESS | Пинг: 4262ms | Скорость: 10.04 Mbps ⚡⚡
2026-02-25 11:30:46 [INFO]    🏆 LT | VLESS | Пинг: 4279ms | Скорость: 9.46 Mbps ⚡⚡
2026-02-25 11:30:47 [INFO]    🏆 NL | VLESS | Пинг: 4257ms | Скорость: 6.21 Mbps ⚡⚡
2026-02-25 11:30:47 [INFO]    🏆 CA | VLESS | Пинг: 4414ms | Скорость: 6.48 Mbps ⚡⚡
2026-02-25 11:30:47 [INFO]    🏆 US | VLESS | Пинг: 4365ms | Скорость: 6.35 Mbps ⚡⚡
2026-02-25 11:30:47 [INFO]    🏆 US | VLESS | Пинг: 4447ms | Скорость: 6.68 Mbps ⚡⚡
2026-02-25 11:30:49 [INFO]    🏆 US | VLESS | Пинг: 4450ms | Скорость: 7.64 Mbps ⚡⚡
2026-02-25 11:30:49 [INFO]    🏆 TW | VLESS | Пинг: 4402ms | Скорость: 3.9 Mbps ⚡⚡
2026-02-25 11:30:50 [INFO]    🏆 DE | VLESS | Пинг: 4432ms | Скорость: 1.75 Mbps ⚡
2026-02-25 11:30:51 [INFO] 📊 Итого в подписке сохранено иностранных серверов: 10
2026-02-25 11:30:51 [INFO] 💾 Файл успешно сохранен: FL1PVPN
